Loading instance...
Median ranking: [17, 6, 25, 20, 11, 9, 10, 4, 1, 13, 8, 2, 14, 3, 19, 22, 7, 12, 16, 5, 18, 23, 15, 21, 24]
Mean ranking: [17, 6, 25, 20, 10, 11, 4, 9, 1, 13, 8, 2, 3, 19, 16, 22, 14, 7, 12, 5, 18, 23, 15, 21, 24]
Actual error: 0.0008037138050700499
Weighted Kendall distance: 140.0
Normalized distance: 0.026923076923076925
s, 0 clqs, 0 implints
   (0.0s) symmetry computation started: requiring (bin +, int +, cont +), (fixed: bin -, int -, cont -)
   (0.0s) no symmetry present (symcode time: 0.00)
presolving (2 rounds: 2 fast, 2 medium, 1 exhaustive):
 0 deleted vars, 4600 deleted constraints, 2300 added constraints, 0 tightened bounds, 0 added holes, 0 changed sides, 0 changed coefficients
 0 implications, 0 cliques, 0 implied integral variables (0 bin, 0 int, 0 cont)
presolved problem has 300 variables (0 bin, 0 int, 300 cont) and 2300 constraints
   2300 constraints of type <linear>
Presolving Time: 0.02
transformed 3/3 original solutions to the transformed problem space

 time | node  | left  |LP iter|LP it/n|mem/heur|mdpt |vars |cons |rows |cuts |sepa|confs|strbr|  dualbound   | primalbound  |  gap   | compl. 
* 0.0s|     1 |     0 |    81 |     - |    LP  |   0 | 300 |2300 |2300 |   0 |  0 |   0 |   0 | 6.240000e+02 | 6.240000e+02 |   0.00%| unknown
  0.0s|     1 |     0 |    81 |     - |    13M |   0 | 300 |2300 |2300 |   0 |  0 |   0 |   0 | 6.240000e+02 | 6.240000e+02 |   0.00%| unknown

SCIP Status        : problem is solved [optimal solution found]
Solving Time (sec) : 0.03
Solving Nodes      : 1
Primal Bound       : +6.24000000000000e+02 (4 solutions)
Dual Bound         : +6.24000000000000e+02
Gap                : 0.00 %
feasible solution found by trivial heuristic after 0.0 seconds, objective value 2.540000e+02
presolving:
   (0.0s) running MILP presolver
   (0.0s) MILP presolver (2 rounds): 0 aggregations, 0 fixings, 0 bound changes
(round 1, medium)     0 del vars, 4600 del conss, 2300 add conss, 0 chg bounds, 0 chg sides, 0 chg coeffs, 0 upgd conss, 0 impls, 0 clqs, 0 implints
   (0.0s) probing: 51/300 (17.0%) - 0 fixings, 0 aggregations, 0 implications, 0 bound changes
   (0.0s) probing aborted: 50/50 successive totally useless probings
   (0.0s) symmetry computation started: requiring (bin +, int +, cont +), (fixed: bin -, int -, cont -)
   (0.0s) no symmetry present (symcode time: 0.00)
presolving (2 rounds: 2 fast, 2 medium, 1 exhaustive):
 0 deleted vars, 4600 deleted constraints, 2300 added constraints, 0 tightened bounds, 0 added holes, 0 changed sides, 0 changed coefficients
 0 implications, 0 cliques, 0 implied integral variables (0 bin, 0 int, 0 cont)
presolved problem has 300 variables (300 bin, 0 int, 0 cont) and 2300 constraints
   2300 constraints of type <linear>
transformed objective value is always integral (scale: 2)
Presolving Time: 0.02
transformed 2/2 original solutions to the transformed problem space

 time | node  | left  |LP iter|LP it/n|mem/heur|mdpt |vars |cons |rows |cuts |sepa|confs|strbr|  dualbound   | primalbound  |  gap   | compl. 
p 0.0s|     1 |     0 |     0 |     - |   locks|   0 | 300 |2300 |2300 |   0 |  0 |   0 |   0 | 6.680000e+02 | 4.880000e+02 |  36.89%| unknown
i 0.0s|     1 |     0 |     0 |     - |  oneopt|   0 | 300 |2300 |2300 |   0 |  0 |   0 |   0 | 6.680000e+02 | 5.160000e+02 |  29.46%| unknown
* 0.0s|     1 |     0 |    67 |     - |    LP  |   0 | 300 |2300 |2300 |   0 |  0 |   0 |   0 | 6.240000e+02 | 6.240000e+02 |   0.00%| unknown
  0.0s|     1 |     0 |    67 |     - |    13M |   0 | 300 |2300 |2300 |   0 |  0 |   0 |   0 | 6.240000e+02 | 6.240000e+02 |   0.00%| unknown

SCIP Status        : problem is solved [optimal solution found]
Solving Time (sec) : 0.03
Solving Nodes      : 1
Primal Bound       : +6.24000000000000e+02 (5 solutions)
Dual Bound         : +6.24000000000000e+02
Gap                : 0.00 %
feasible solution found by trivial heuristic after 0.2 seconds, objective value -1.999746e+06
presolving:
(round 1, fast)       0 del vars, 0 del conss, 0 add conss, 40 chg bounds, 0 chg sides, 0 chg coeffs, 0 upgd conss, 0 impls, 0 clqs, 0 implints
   (1.8s) running MILP presolver
   (2.1s) MILP presolver (2 rounds): 0 aggregations, 0 fixings, 0 bound changes
(round 2, medium)     0 del vars, 10600 del conss, 8300 add conss, 40 chg bounds, 0 chg sides, 0 chg coeffs, 0 upgd conss, 0 impls, 0 clqs, 0 implints
   (3.6s) symmetry computation started: requiring (bin +, int +, cont +), (fixed: bin -, int -, cont -)
   (4.1s) no symmetry present (symcode time: 0.04)
presolving (3 rounds: 3 fast, 2 medium, 1 exhaustive):
 0 deleted vars, 10600 deleted constraints, 8300 added constraints, 40 tightened bounds, 0 added holes, 0 changed sides, 0 changed coefficients
 0 implications, 0 cliques, 0 implied integral variables (0 bin, 0 int, 0 cont)
presolved problem has 320 variables (0 bin, 0 int, 320 cont) and 8300 constraints
   8300 constraints of type <linear>
Presolving Time: 4.02

 time | node  | left  |LP iter|LP it/n|mem/heur|mdpt |vars |cons |rows |cuts |sepa|confs|strbr|  dualbound   | primalbound  |  gap   | compl. 
t 4.2s|     1 |     0 |     0 |     - | trivial|   0 | 320 |8300 |   0 |   0 |  0 |   0 |   0 | 6.680000e+02 |-2.746000e+03 |    Inf | unknown
* 5.0s|     1 |     0 |   732 |     - |    LP  |   0 | 320 |8300 |8300 |   0 |  0 |   0 |   0 |-4.011417e+02 |-4.011417e+02 |   0.00%| unknown
  5.0s|     1 |     0 |   732 |     - |   794M |   0 | 320 |8300 |8300 |   0 |  0 |   0 |   0 |-4.011417e+02 |-4.011417e+02 |   0.00%| unknown

SCIP Status        : problem is solved [optimal solution found]
Solving Time (sec) : 5.01
Solving Nodes      : 1
Primal Bound       : -4.01141666666667e+02 (3 solutions)
Dual Bound         : -4.01141666666667e+02
Gap                : 0.00 %
feasible solution found by trivial heuristic after 0.1 seconds, objective value -1.999746e+06
presolving:
(round 1, fast)       0 del vars, 0 del conss, 0 add conss, 40 chg bounds, 0 chg sides, 0 chg coeffs, 0 upgd conss, 0 impls, 0 clqs, 0 implints
   (1.2s) running MILP presolver
   (1.7s) MILP presolver (2 rounds): 0 aggregations, 0 fixings, 0 bound changes
(round 2, medium)     0 del vars, 10600 del conss, 8300 add conss, 40 chg bounds, 0 chg sides, 0 chg coeffs, 0 upgd conss, 0 impls, 0 clqs, 0 implints
   (3.4s) probing: 51/300 (17.0%) - 0 fixings, 0 aggregations, 0 implications, 0 bound changes
   (3.4s) probing aborted: 50/50 successive totally useless probings
   (3.5s) symmetry computation started: requiring (bin +, int +, cont +), (fixed: bin -, int -, cont -)
   (3.9s) no symmetry present (symcode time: 0.03)
presolving (3 rounds: 3 fast, 2 medium, 1 exhaustive):
 0 deleted vars, 10600 deleted constraints, 8300 added constraints, 40 tightened bounds, 0 added holes, 0 changed sides, 0 changed coefficients
 0 implications, 0 cliques, 0 implied integral variables (0 bin, 0 int, 0 cont)
presolved problem has 320 variables (300 bin, 0 int, 20 cont) and 8300 constraints
   8300 constraints of type <linear>
Presolving Time: 3.91

 time | node  | left  |LP iter|LP it/n|mem/heur|mdpt |vars |cons |rows |cuts |sepa|confs|strbr|  dualbound   | primalbound  |  gap   | compl. 
t 4.0s|     1 |     0 |     0 |     - | trivial|   0 | 320 |8300 |   0 |   0 |  0 |   0 |   0 | 6.680000e+02 |-2.746000e+03 |    Inf | unknown
p 4.9s|     1 |     0 |    20 |     - |   locks|   0 | 320 |8300 |8300 |   0 |  0 |   0 |   0 | 6.680000e+02 |-8.770417e+02 |    Inf | unknown
  5.6s|     1 |     0 |   752 |     - |   795M |   0 | 320 |8300 |8300 |   0 |  0 |   0 |   0 |-4.011417e+02 |-8.770417e+02 | 118.64%| unknown
r 5.7s|     1 |     0 |   752 |     - |shifting|   0 | 320 |8300 |8300 |   0 |  0 |   0 |   0 |-4.011417e+02 |-4.135706e+02 |   3.10%| unknown
  5.8s|     1 |     0 |   754 |     - |   796M |   0 | 320 |8300 |8301 |   1 |  1 |   0 |   0 |-4.011417e+02 |-4.135706e+02 |   3.10%| unknown
d 5.8s|     1 |     0 |   754 |     - |farkasdi|   0 | 320 |8300 |8301 |   0 |  2 |   0 |   0 |-4.011417e+02 |-4.011417e+02 |   0.00%| unknown
  5.8s|     1 |     0 |   754 |     - |   796M |   0 | 320 |8300 |8301 |   1 |  2 |   0 |   0 |-4.011417e+02 |-4.011417e+02 |   0.00%| unknown

SCIP Status        : problem is solved [optimal solution found]
Solving Time (sec) : 5.84
Solving Nodes      : 1
Primal Bound       : -4.01141666666667e+02 (5 solutions)
Dual Bound         : -4.01141666666667e+02
Gap                : 0.00 %
feasible solution found by trivial heuristic after 0.0 seconds, objective value 0.000000e+00
presolving:
   (0.0s) symmetry computation started: requiring (bin +, int +, cont +), (fixed: bin -, int -, cont -)
   (0.0s) symmetry computation finished: 19 generators found (max: 1500, log10 of symmetry group size: 18.39) (symcode time: 0.00)
dynamic symmetry handling statistics:
   orbitopal reduction:       no components
   orbital reduction:         no components
   lexicographic reduction:   no permutations
handled 1 out of 1 symmetry components
presolving (0 rounds: 0 fast, 0 medium, 0 exhaustive):
 0 deleted vars, 0 deleted constraints, 0 added constraints, 0 tightened bounds, 0 added holes, 0 changed sides, 0 changed coefficients
 0 implications, 0 cliques, 0 implied integral variables (0 bin, 0 int, 0 cont)
presolved problem has 320 variables (300 bin, 0 int, 20 cont) and 4619 constraints
   4619 constraints of type <linear>
Presolving Time: 0.00
transformed 2/2 original solutions to the transformed problem space

 time | node  | left  |LP iter|LP it/n|mem/heur|mdpt |vars |cons |rows |cuts |sepa|confs|strbr|  dualbound   | primalbound  |  gap   | compl. 
t 0.0s|     1 |     0 |     0 |     - | trivial|   0 | 320 |4600 |   0 |   0 |  0 |   0 |   0 | 6.680000e+02 | 2.540000e+02 | 162.99%| unknown
i 0.0s|     1 |     0 |     0 |     - |  oneopt|   0 | 320 |4600 |4600 |   0 |  0 |   0 |   0 | 6.680000e+02 | 4.800000e+02 |  39.17%| unknown
* 0.0s|     1 |     0 |    67 |     - |    LP  |   0 | 320 |4600 |4600 |   0 |  0 |   0 |   0 | 6.240000e+02 | 6.240000e+02 |   0.00%| unknown
  0.0s|     1 |     0 |    67 |     - |    17M |   0 | 320 |4600 |4600 |   0 |  0 |   0 |   0 | 6.240000e+02 | 6.240000e+02 |   0.00%| unknown

SCIP Status        : problem is solved [optimal solution found]
Solving Time (sec) : 0.02
Solving Nodes      : 1
Primal Bound       : +6.24000000000000e+02 (5 solutions)
Dual Bound         : +6.24000000000000e+02
Gap                : 0.00 %
  [linear] <c4601>: <x301>[C] (+0) +0.625<x1>[B] (+1) +0.625<x2>[B] (+1) +0.625<x3>[B] (+0) -0.625<x4>[B] (+1) +0.625<x5>[B] (+0) +0.625<x6>[B] (+1) -0.625<x7>[B] (+1) +0.625<x8>[B] (+0) +0.625<x9>[B] (+0) +0.625<x10>[B] (+0) -0.625<x11>[B] (+1) +0.625<x12>[B] (+1) +0.625<x13>[B] (+1) +0.625<x14>[B] (+1) +0.625<x15>[B] (+1) -0.625<x16>[B] (+0) +0.625<x17>[B] (+1) -0.625<x18>[B] (+1) +0.625<x19>[B] (+0) +0.625<x20>[B] (+1) +0.625<x21>[B] (+1) +0.625<x22>[B] (+1) -0.625<x23>[B] (+1) +0.625<x24>[B] (+0) +0.625<x25>[B] (+1) +0.625<x26>[B] (+0) -0.625<x27>[B] (+1) +0.625<x28>[B] (+0) +0.625<x29>[B] (+1) -0.625<x30>[B] (+0) +0.625<x31>[B] (+0) +0.625<x32>[B] (+0) +0.625<x33>[B] (+0) -0.625<x34>[B] (+1) +0.625<x35>[B] (+0) -0.625<x36>[B] (+1) +0.625<x37>[B] (+1) -0.625<x38>[B] (+1) -0.625<x39>[B] (+0) +0.625<x40>[B] (+1) -0.625<x41>[B] (+1) +0.625<x42>[B] (+0) +0.625<x43>[B] (+1) +0.625<x44>[B] (+1) +0.625<x45>[B] (+1) -0.625<x46>[B] (+1) +0.625<x47>[B] (+0) +0.625<x48>[B] (+0) -0.625<x49>[B] (+1) +0.625<x50>[B] (+0) -0.625<x51>[B] (+1) -0.625<x52>[B] (+0) -0.625<x53>[B] (+0) -0.625<x54>[B] (+0) +0.625<x55>[B] (+0) -0.625<x56>[B] (+1) -0.625<x57>[B] (+0) -0.625<x58>[B] (+0) -0.625<x59>[B] (+1) -0.625<x60>[B] (+1) -0.625<x61>[B] (+0) -0.625<x62>[B] (+1) -0.625<x63>[B] (+1) -0.625<x64>[B] (+0) -0.625<x65>[B] (+1) +0.625<x66>[B] (+1) -0.625<x67>[B] (+1) -0.625<x68>[B] (+1) +0.625<x69>[B] (+0) -0.625<x70>[B] (+1) +0.625<x71>[B] (+0) -0.625<x72>[B] (+1) -0.625<x73>[B] (+1) -0.625<x74>[B] (+0) -0.625<x75>[B] (+0) -0.625<x76>[B] (+0) -0.625<x77>[B] (+1) -0.625<x78>[B] (+1) -0.625<x79>[B] (+1) -0.625<x80>[B] (+1) -0.625<x81>[B] (+1) -0.625<x82>[B] (+0) -0.625<x83>[B] (+1) -0.625<x84>[B] (+1) -0.625<x85>[B] (+0) -0.625<x86>[B] (+1) +0.625<x87>[B] (+1) -0.625<x88>[B] (+1) -0.625<x89>[B] (+1) -0.625<x90>[B] (+0) +0.625<x91>[B] (+0) +0.625<x92>[B] (+0) +0.625<x93>[B] (+0) +0.625<x94>[B] (+0) +0.625<x95>[B] (+0) +0.625<x96>[B] (+0) +0.625<x97>[B] (+0) +0.625<x98>[B] (+0) +0.625<x99>[B] (+0) +0.625<x100>[B] (+1) +0.625<x101>[B] (+0) +0.625<x102>[B] (+0) +0.625<x103>[B] (+1) +0.625<x104>[B] (+0) +0.625<x105>[B] (+0) +0.625<x106>[B] (+1) +0.625<x107>[B] (+0) +0.625<x108>[B] (+1) -0.625<x109>[B] (+1) +0.625<x110>[B] (+0) -0.625<x111>[B] (+1) -0.625<x112>[B] (+1) -0.625<x113>[B] (+1) -0.625<x114>[B] (+1) -0.625<x115>[B] (+1) -0.625<x116>[B] (+1) -0.625<x117>[B] (+1) -0.625<x118>[B] (+1) -0.625<x119>[B] (+1) -0.625<x120>[B] (+1) -0.625<x121>[B] (+0) -0.625<x122>[B] (+1) -0.625<x123>[B] (+1) -0.625<x124>[B] (+1) -0.625<x125>[B] (+1) +0.625<x126>[B] (+1) -0.625<x127>[B] (+1) -0.625<x128>[B] (+1) -0.625<x129>[B] (+1) -0.625<x130>[B] (+0) +0.625<x131>[B] (+0) -0.625<x132>[B] (+0) +0.625<x133>[B] (+0) -0.625<x134>[B] (+1) +0.625<x135>[B] (+0) -0.625<x136>[B] (+0) +0.625<x137>[B] (+1) -0.625<x138>[B] (+1) -0.625<x139>[B] (+0) +0.625<x140>[B] (+1) -0.625<x141>[B] (+0) +0.625<x142>[B] (+0) -0.625<x143>[B] (+1) +0.625<x144>[B] (+0) +0.625<x145>[B] (+1) -0.625<x146>[B] (+1) +0.625<x147>[B] (+0) +0.625<x148>[B] (+0) +0.625<x149>[B] (+0) +0.625<x150>[B] (+0) -0.625<x151>[B] (+1) +0.625<x152>[B] (+0) +0.625<x153>[B] (+1) +0.625<x154>[B] (+1) +0.625<x155>[B] (+1) -0.625<x156>[B] (+0) +0.625<x157>[B] (+1) -0.625<x158>[B] (+1) +0.625<x159>[B] (+0) +0.625<x160>[B] (+1) +0.625<x161>[B] (+1) +0.625<x162>[B] (+1) -0.625<x163>[B] (+1) +0.625<x164>[B] (+0) -0.625<x165>[B] (+1) +0.625<x166>[B] (+0) -0.625<x167>[B] (+1) -0.625<x168>[B] (+1) -0.625<x169>[B] (+1) -0.625<x170>[B] (+1) -0.625<x171>[B] (+1) -0.625<x172>[B] (+0) +0.625<x173>[B] (+1) -0.625<x174>[B] (+1) -0.625<x175>[B] (+0) -0.625<x176>[B] (+1) +0.625<x177>[B] (+1) -0.625<x178>[B] (+1) -0.625<x179>[B] (+1) +0.625<x180>[B] (+0) +0.625<x181>[B] (+0) -0.625<x182>[B] (+1) +0.625<x183>[B] (+1) -0.625<x184>[B] (+1) +0.625<x185>[B] (+1) -0.625<x186>[B] (+1) -0.625<x187>[B] (+0) +0.625<x188>[B] (+1) -0.625<x189>[B] (+1) +0.625<x190>[B] (+0) +0.625<x191>[B] (+1) +0.625<x192>[B] (+1) +0.625<x193>[B] (+1) -0.625<x194>[B] (+1) +0.625<x195>[B] (+0) -0.625<x196>[B] (+1) -0.625<x197>[B] (+1) -0.625<x198>[B] (+1) -0.625<x199>[B] (+1) -0.625<x200>[B] (+1) -0.625<x201>[B] (+0) -0.625<x202>[B] (+1) -0.625<x203>[B] (+1) -0.625<x204>[B] (+0) -0.625<x205>[B] (+1) +0.625<x206>[B] (+1) -0.625<x207>[B] (+1) -0.625<x208>[B] (+1) -0.625<x209>[B] (+0) +0.625<x210>[B] (+0) +0.625<x211>[B] (+0) +0.625<x212>[B] (+1) +0.625<x213>[B] (+1) -0.625<x214>[B] (+0) +0.625<x215>[B] (+1) +0.625<x216>[B] (+0) +0.625<x217>[B] (+0) +0.625<x218>[B] (+1) +0.625<x219>[B] (+0) +0.625<x220>[B] (+1) -0.625<x221>[B] (+1) +0.625<x222>[B] (+0) -0.625<x223>[B] (+1) -0.625<x224>[B] (+1) -0.625<x225>[B] (+1) -0.625<x226>[B] (+0) +0.625<x227>[B] (+1) -0.625<x228>[B] (+1) -0.625<x229>[B] (+0) -0.625<x230>[B] (+1) +0.625<x231>[B] (+1) -0.625<x232>[B] (+1) -0.625<x233>[B] (+1) +0.625<x234>[B] (+0) +0.625<x235>[B] (+1) +0.625<x236>[B] (+1) -0.625<x237>[B] (+0) +0.625<x238>[B] (+1) -0.625<x239>[B] (+1) +0.625<x240>[B] (+0) +0.625<x241>[B] (+1) +0.625<x242>[B] (+1) +0.625<x243>[B] (+1) -0.625<x244>[B] (+1) +0.625<x245>[B] (+0) -0.625<x246>[B] (+0) -0.625<x247>[B] (+0) +0.625<x248>[B] (+0) -0.625<x249>[B] (+0) +0.625<x250>[B] (+0) -0.625<x251>[B] (+1) +0.625<x252>[B] (+0) +0.625<x253>[B] (+0) -0.625<x254>[B] (+1) +0.625<x255>[B] (+0) -0.625<x256>[B] (+0) +0.625<x257>[B] (+1) -0.625<x258>[B] (+0) +0.625<x259>[B] (+0) +0.625<x260>[B] (+1) +0.625<x261>[B] (+0) +0.625<x262>[B] (+1) -0.625<x263>[B] (+1) +0.625<x264>[B] (+0) +0.625<x265>[B] (+1) +0.625<x266>[B] (+1) +0.625<x267>[B] (+1) +0.625<x268>[B] (+1) +0.625<x269>[B] (+1) +0.625<x270>[B] (+1) -0.625<x271>[B] (+1) +0.625<x272>[B] (+1) -0.625<x273>[B] (+0) -0.625<x274>[B] (+0) -0.625<x275>[B] (+1) +0.625<x276>[B] (+0) -0.625<x277>[B] (+1) -0.625<x278>[B] (+1) +0.625<x279>[B] (+0) +0.625<x280>[B] (+0) +0.625<x281>[B] (+1) +0.625<x282>[B] (+1) +0.625<x283>[B] (+1) -0.625<x284>[B] (+1) +0.625<x285>[B] (+0) -0.625<x286>[B] (+1) +0.625<x287>[B] (+1) -0.625<x288>[B] (+1) -0.625<x289>[B] (+1) +0.625<x290>[B] (+0) +0.625<x291>[B] (+0) +0.625<x292>[B] (+0) -0.625<x293>[B] (+1) +0.625<x294>[B] (+0) -0.625<x295>[B] (+1) -0.625<x296>[B] (+1) -0.625<x297>[B] (+0) -0.625<x298>[B] (+1) +0.625<x299>[B] (+0) +0.625<x300>[B] (+0) >= 35.1566666666667;
;
violation: left hand side is violated by 58.9066666666667
  [linear] <c4601>: <x301>[C] (+0) +0.625<x1>[B] (+0) +0.625<x2>[B] (+1) +0.625<x3>[B] (+0) -0.625<x4>[B] (+1) +0.625<x5>[B] (+0) +0.625<x6>[B] (+1) -0.625<x7>[B] (+1) +0.625<x8>[B] (+1) +0.625<x9>[B] (+1) +0.625<x10>[B] (+1) -0.625<x11>[B] (+1) +0.625<x12>[B] (+1) +0.625<x13>[B] (+1) +0.625<x14>[B] (+1) +0.625<x15>[B] (+1) -0.625<x16>[B] (+0) +0.625<x17>[B] (+1) -0.625<x18>[B] (+1) +0.625<x19>[B] (+1) +0.625<x20>[B] (+1) +0.625<x21>[B] (+1) +0.625<x22>[B] (+1) -0.625<x23>[B] (+1) +0.625<x24>[B] (+1) +0.625<x25>[B] (+1) +0.625<x26>[B] (+1) -0.625<x27>[B] (+1) +0.625<x28>[B] (+1) +0.625<x29>[B] (+1) -0.625<x30>[B] (+1) +0.625<x31>[B] (+1) +0.625<x32>[B] (+1) +0.625<x33>[B] (+1) -0.625<x34>[B] (+1) +0.625<x35>[B] (+1) -0.625<x36>[B] (+1) +0.625<x37>[B] (+1) -0.625<x38>[B] (+1) -0.625<x39>[B] (+1) +0.625<x40>[B] (+1) -0.625<x41>[B] (+1) +0.625<x42>[B] (+1) +0.625<x43>[B] (+1) +0.625<x44>[B] (+1) +0.625<x45>[B] (+1) -0.625<x46>[B] (+1) +0.625<x47>[B] (+1) +0.625<x48>[B] (+0) -0.625<x49>[B] (+1) +0.625<x50>[B] (+0) -0.625<x51>[B] (+1) -0.625<x52>[B] (+0) -0.625<x53>[B] (+1) -0.625<x54>[B] (+1) +0.625<x55>[B] (+1) -0.625<x56>[B] (+1) -0.625<x57>[B] (+1) -0.625<x58>[B] (+1) -0.625<x59>[B] (+1) -0.625<x60>[B] (+1) -0.625<x61>[B] (+0) -0.625<x62>[B] (+1) -0.625<x63>[B] (+1) -0.625<x64>[B] (+1) -0.625<x65>[B] (+1) +0.625<x66>[B] (+1) -0.625<x67>[B] (+1) -0.625<x68>[B] (+1) +0.625<x69>[B] (+1) -0.625<x70>[B] (+1) +0.625<x71>[B] (+0) -0.625<x72>[B] (+1) -0.625<x73>[B] (+1) -0.625<x74>[B] (+1) -0.625<x75>[B] (+1) -0.625<x76>[B] (+1) -0.625<x77>[B] (+1) -0.625<x78>[B] (+1) -0.625<x79>[B] (+1) -0.625<x80>[B] (+1) -0.625<x81>[B] (+1) -0.625<x82>[B] (+1) -0.625<x83>[B] (+1) -0.625<x84>[B] (+1) -0.625<x85>[B] (+1) -0.625<x86>[B] (+1) +0.625<x87>[B] (+1) -0.625<x88>[B] (+1) -0.625<x89>[B] (+1) -0.625<x90>[B] (+1) +0.625<x91>[B] (+0) +0.625<x92>[B] (+1) +0.625<x93>[B] (+0) +0.625<x94>[B] (+1) +0.625<x95>[B] (+1) +0.625<x96>[B] (+1) +0.625<x97>[B] (+1) +0.625<x98>[B] (+1) +0.625<x99>[B] (+1) +0.625<x100>[B] (+1) +0.625<x101>[B] (+1) +0.625<x102>[B] (+0) +0.625<x103>[B] (+1) +0.625<x104>[B] (+1) +0.625<x105>[B] (+1) +0.625<x106>[B] (+1) +0.625<x107>[B] (+1) +0.625<x108>[B] (+1) -0.625<x109>[B] (+1) +0.625<x110>[B] (+1) -0.625<x111>[B] (+1) -0.625<x112>[B] (+1) -0.625<x113>[B] (+1) -0.625<x114>[B] (+1) -0.625<x115>[B] (+1) -0.625<x116>[B] (+1) -0.625<x117>[B] (+1) -0.625<x118>[B] (+1) -0.625<x119>[B] (+1) -0.625<x120>[B] (+1) -0.625<x121>[B] (+1) -0.625<x122>[B] (+1) -0.625<x123>[B] (+1) -0.625<x124>[B] (+1) -0.625<x125>[B] (+1) +0.625<x126>[B] (+1) -0.625<x127>[B] (+1) -0.625<x128>[B] (+1) -0.625<x129>[B] (+1) -0.625<x130>[B] (+0) +0.625<x131>[B] (+0) -0.625<x132>[B] (+1) +0.625<x133>[B] (+1) -0.625<x134>[B] (+1) +0.625<x135>[B] (+1) -0.625<x136>[B] (+1) +0.625<x137>[B] (+1) -0.625<x138>[B] (+1) -0.625<x139>[B] (+0) +0.625<x140>[B] (+1) -0.625<x141>[B] (+1) +0.625<x142>[B] (+1) -0.625<x143>[B] (+1) +0.625<x144>[B] (+1) +0.625<x145>[B] (+1) -0.625<x146>[B] (+1) +0.625<x147>[B] (+1) +0.625<x148>[B] (+1) +0.625<x149>[B] (+1) +0.625<x150>[B] (+1) -0.625<x151>[B] (+1) +0.625<x152>[B] (+1) +0.625<x153>[B] (+1) +0.625<x154>[B] (+1) +0.625<x155>[B] (+1) -0.625<x156>[B] (+0) +0.625<x157>[B] (+1) -0.625<x158>[B] (+1) +0.625<x159>[B] (+1) +0.625<x160>[B] (+1) +0.625<x161>[B] (+1) +0.625<x162>[B] (+1) -0.625<x163>[B] (+1) +0.625<x164>[B] (+1) -0.625<x165>[B] (+1) +0.625<x166>[B] (+1) -0.625<x167>[B] (+1) -0.625<x168>[B] (+1) -0.625<x169>[B] (+1) -0.625<x170>[B] (+1) -0.625<x171>[B] (+1) -0.625<x172>[B] (+0) +0.625<x173>[B] (+1) -0.625<x174>[B] (+1) -0.625<x175>[B] (+1) -0.625<x176>[B] (+1) +0.625<x177>[B] (+1) -0.625<x178>[B] (+1) -0.625<x179>[B] (+1) +0.625<x180>[B] (+1) +0.625<x181>[B] (+1) -0.625<x182>[B] (+1) +0.625<x183>[B] (+1) -0.625<x184>[B] (+1) +0.625<x185>[B] (+1) -0.625<x186>[B] (+1) -0.625<x187>[B] (+0) +0.625<x188>[B] (+1) -0.625<x189>[B] (+1) +0.625<x190>[B] (+1) +0.625<x191>[B] (+1) +0.625<x192>[B] (+1) +0.625<x193>[B] (+1) -0.625<x194>[B] (+1) +0.625<x195>[B] (+1) -0.625<x196>[B] (+1) -0.625<x197>[B] (+1) -0.625<x198>[B] (+1) -0.625<x199>[B] (+1) -0.625<x200>[B] (+1) -0.625<x201>[B] (+0) -0.625<x202>[B] (+1) -0.625<x203>[B] (+1) -0.625<x204>[B] (+1) -0.625<x205>[B] (+1) +0.625<x206>[B] (+1) -0.625<x207>[B] (+1) -0.625<x208>[B] (+1) -0.625<x209>[B] (+1) +0.625<x210>[B] (+0) +0.625<x211>[B] (+0) +0.625<x212>[B] (+1) +0.625<x213>[B] (+1) -0.625<x214>[B] (+0) +0.625<x215>[B] (+1) +0.625<x216>[B] (+1) +0.625<x217>[B] (+0) +0.625<x218>[B] (+1) +0.625<x219>[B] (+1) +0.625<x220>[B] (+1) -0.625<x221>[B] (+1) +0.625<x222>[B] (+0) -0.625<x223>[B] (+1) -0.625<x224>[B] (+1) -0.625<x225>[B] (+1) -0.625<x226>[B] (+0) +0.625<x227>[B] (+1) -0.625<x228>[B] (+1) -0.625<x229>[B] (+1) -0.625<x230>[B] (+1) +0.625<x231>[B] (+1) -0.625<x232>[B] (+1) -0.625<x233>[B] (+1) +0.625<x234>[B] (+0) +0.625<x235>[B] (+1) +0.625<x236>[B] (+1) -0.625<x237>[B] (+0) +0.625<x238>[B] (+1) -0.625<x239>[B] (+1) +0.625<x240>[B] (+1) +0.625<x241>[B] (+1) +0.625<x242>[B] (+1) +0.625<x243>[B] (+1) -0.625<x244>[B] (+1) +0.625<x245>[B] (+0) -0.625<x246>[B] (+1) -0.625<x247>[B] (+0) +0.625<x248>[B] (+1) -0.625<x249>[B] (+1) +0.625<x250>[B] (+0) -0.625<x251>[B] (+1) +0.625<x252>[B] (+1) +0.625<x253>[B] (+1) -0.625<x254>[B] (+1) +0.625<x255>[B] (+0) -0.625<x256>[B] (+0) +0.625<x257>[B] (+1) -0.625<x258>[B] (+1) +0.625<x259>[B] (+0) +0.625<x260>[B] (+1) +0.625<x261>[B] (+1) +0.625<x262>[B] (+1) -0.625<x263>[B] (+1) +0.625<x264>[B] (+0) +0.625<x265>[B] (+1) +0.625<x266>[B] (+1) +0.625<x267>[B] (+1) +0.625<x268>[B] (+1) +0.625<x269>[B] (+1) +0.625<x270>[B] (+1) -0.625<x271>[B] (+1) +0.625<x272>[B] (+1) -0.625<x273>[B] (+1) -0.625<x274>[B] (+0) -0.625<x275>[B] (+1) +0.625<x276>[B] (+1) -0.625<x277>[B] (+1) -0.625<x278>[B] (+1) +0.625<x279>[B] (+0) +0.625<x280>[B] (+0) +0.625<x281>[B] (+1) +0.625<x282>[B] (+1) +0.625<x283>[B] (+1) -0.625<x284>[B] (+1) +0.625<x285>[B] (+0) -0.625<x286>[B] (+1) +0.625<x287>[B] (+1) -0.625<x288>[B] (+1) -0.625<x289>[B] (+1) +0.625<x290>[B] (+0) +0.625<x291>[B] (+0) +0.625<x292>[B] (+0) -0.625<x293>[B] (+1) +0.625<x294>[B] (+0) -0.625<x295>[B] (+1) -0.625<x296>[B] (+1) -0.625<x297>[B] (+0) -0.625<x298>[B] (+1) +0.625<x299>[B] (+0) +0.625<x300>[B] (+0) >= 35.1566666666667;
;
violation: left hand side is violated by 43.2816666666667
  [linear] <c4601>: <x301>[C] (+0) +0.625<x1>[B] (+1) +0.625<x2>[B] (+1) +0.625<x3>[B] (+1) -0.625<x4>[B] (+1) +0.625<x5>[B] (+1) +0.625<x6>[B] (+1) -0.625<x7>[B] (+1) +0.625<x8>[B] (+1) +0.625<x9>[B] (+1) +0.625<x10>[B] (+1) -0.625<x11>[B] (+1) +0.625<x12>[B] (+1) +0.625<x13>[B] (+1) +0.625<x14>[B] (+1) +0.625<x15>[B] (+1) -0.625<x16>[B] (+1) +0.625<x17>[B] (+1) -0.625<x18>[B] (+1) +0.625<x19>[B] (+1) +0.625<x20>[B] (+1) +0.625<x21>[B] (+1) +0.625<x22>[B] (+1) -0.625<x23>[B] (+1) +0.625<x24>[B] (+1) +0.625<x25>[B] (+1) +0.625<x26>[B] (+1) -0.625<x27>[B] (+1) +0.625<x28>[B] (+1) +0.625<x29>[B] (+1) -0.625<x30>[B] (+1) +0.625<x31>[B] (+1) +0.625<x32>[B] (+1) +0.625<x33>[B] (+1) -0.625<x34>[B] (+1) +0.625<x35>[B] (+1) -0.625<x36>[B] (+1) +0.625<x37>[B] (+1) -0.625<x38>[B] (+1) -0.625<x39>[B] (+1) +0.625<x40>[B] (+1) -0.625<x41>[B] (+1) +0.625<x42>[B] (+1) +0.625<x43>[B] (+1) +0.625<x44>[B] (+1) +0.625<x45>[B] (+1) -0.625<x46>[B] (+1) +0.625<x47>[B] (+1) +0.625<x48>[B] (+1) -0.625<x49>[B] (+1) +0.625<x50>[B] (+1) -0.625<x51>[B] (+1) -0.625<x52>[B] (+1) -0.625<x53>[B] (+1) -0.625<x54>[B] (+1) +0.625<x55>[B] (+1) -0.625<x56>[B] (+1) -0.625<x57>[B] (+1) -0.625<x58>[B] (+1) -0.625<x59>[B] (+1) -0.625<x60>[B] (+1) -0.625<x61>[B] (+1) -0.625<x62>[B] (+1) -0.625<x63>[B] (+1) -0.625<x64>[B] (+1) -0.625<x65>[B] (+1) +0.625<x66>[B] (+1) -0.625<x67>[B] (+1) -0.625<x68>[B] (+1) +0.625<x69>[B] (+1) -0.625<x70>[B] (+1) +0.625<x71>[B] (+1) -0.625<x72>[B] (+1) -0.625<x73>[B] (+1) -0.625<x74>[B] (+1) -0.625<x75>[B] (+1) -0.625<x76>[B] (+1) -0.625<x77>[B] (+1) -0.625<x78>[B] (+1) -0.625<x79>[B] (+1) -0.625<x80>[B] (+1) -0.625<x81>[B] (+1) -0.625<x82>[B] (+1) -0.625<x83>[B] (+1) -0.625<x84>[B] (+1) -0.625<x85>[B] (+1) -0.625<x86>[B] (+1) +0.625<x87>[B] (+1) -0.625<x88>[B] (+1) -0.625<x89>[B] (+1) -0.625<x90>[B] (+1) +0.625<x91>[B] (+1) +0.625<x92>[B] (+1) +0.625<x93>[B] (+1) +0.625<x94>[B] (+1) +0.625<x95>[B] (+1) +0.625<x96>[B] (+1) +0.625<x97>[B] (+1) +0.625<x98>[B] (+1) +0.625<x99>[B] (+1) +0.625<x100>[B] (+1) +0.625<x101>[B] (+1) +0.625<x102>[B] (+1) +0.625<x103>[B] (+1) +0.625<x104>[B] (+1) +0.625<x105>[B] (+1) +0.625<x106>[B] (+1) +0.625<x107>[B] (+1) +0.625<x108>[B] (+1) -0.625<x109>[B] (+1) +0.625<x110>[B] (+1) -0.625<x111>[B] (+1) -0.625<x112>[B] (+1) -0.625<x113>[B] (+1) -0.625<x114>[B] (+1) -0.625<x115>[B] (+1) -0.625<x116>[B] (+1) -0.625<x117>[B] (+1) -0.625<x118>[B] (+1) -0.625<x119>[B] (+1) -0.625<x120>[B] (+1) -0.625<x121>[B] (+1) -0.625<x122>[B] (+1) -0.625<x123>[B] (+1) -0.625<x124>[B] (+1) -0.625<x125>[B] (+1) +0.625<x126>[B] (+1) -0.625<x127>[B] (+1) -0.625<x128>[B] (+1) -0.625<x129>[B] (+1) -0.625<x130>[B] (+1) +0.625<x131>[B] (+1) -0.625<x132>[B] (+1) +0.625<x133>[B] (+1) -0.625<x134>[B] (+1) +0.625<x135>[B] (+1) -0.625<x136>[B] (+1) +0.625<x137>[B] (+1) -0.625<x138>[B] (+1) -0.625<x139>[B] (+1) +0.625<x140>[B] (+1) -0.625<x141>[B] (+1) +0.625<x142>[B] (+1) -0.625<x143>[B] (+1) +0.625<x144>[B] (+1) +0.625<x145>[B] (+1) -0.625<x146>[B] (+1) +0.625<x147>[B] (+1) +0.625<x148>[B] (+1) +0.625<x149>[B] (+1) +0.625<x150>[B] (+1) -0.625<x151>[B] (+1) +0.625<x152>[B] (+1) +0.625<x153>[B] (+1) +0.625<x154>[B] (+1) +0.625<x155>[B] (+1) -0.625<x156>[B] (+1) +0.625<x157>[B] (+1) -0.625<x158>[B] (+1) +0.625<x159>[B] (+1) +0.625<x160>[B] (+1) +0.625<x161>[B] (+1) +0.625<x162>[B] (+1) -0.625<x163>[B] (+1) +0.625<x164>[B] (+1) -0.625<x165>[B] (+1) +0.625<x166>[B] (+1) -0.625<x167>[B] (+1) -0.625<x168>[B] (+1) -0.625<x169>[B] (+1) -0.625<x170>[B] (+1) -0.625<x171>[B] (+1) -0.625<x172>[B] (+1) +0.625<x173>[B] (+1) -0.625<x174>[B] (+1) -0.625<x175>[B] (+1) -0.625<x176>[B] (+1) +0.625<x177>[B] (+1) -0.625<x178>[B] (+1) -0.625<x179>[B] (+1) +0.625<x180>[B] (+1) +0.625<x181>[B] (+1) -0.625<x182>[B] (+1) +0.625<x183>[B] (+1) -0.625<x184>[B] (+1) +0.625<x185>[B] (+1) -0.625<x186>[B] (+1) -0.625<x187>[B] (+1) +0.625<x188>[B] (+1) -0.625<x189>[B] (+1) +0.625<x190>[B] (+1) +0.625<x191>[B] (+1) +0.625<x192>[B] (+1) +0.625<x193>[B] (+1) -0.625<x194>[B] (+1) +0.625<x195>[B] (+1) -0.625<x196>[B] (+1) -0.625<x197>[B] (+1) -0.625<x198>[B] (+1) -0.625<x199>[B] (+1) -0.625<x200>[B] (+1) -0.625<x201>[B] (+1) -0.625<x202>[B] (+1) -0.625<x203>[B] (+1) -0.625<x204>[B] (+1) -0.625<x205>[B] (+1) +0.625<x206>[B] (+1) -0.625<x207>[B] (+1) -0.625<x208>[B] (+1) -0.625<x209>[B] (+1) +0.625<x210>[B] (+1) +0.625<x211>[B] (+1) +0.625<x212>[B] (+1) +0.625<x213>[B] (+1) -0.625<x214>[B] (+1) +0.625<x215>[B] (+1) +0.625<x216>[B] (+1) +0.625<x217>[B] (+1) +0.625<x218>[B] (+1) +0.625<x219>[B] (+1) +0.625<x220>[B] (+1) -0.625<x221>[B] (+1) +0.625<x222>[B] (+1) -0.625<x223>[B] (+1) -0.625<x224>[B] (+1) -0.625<x225>[B] (+1) -0.625<x226>[B] (+1) +0.625<x227>[B] (+1) -0.625<x228>[B] (+1) -0.625<x229>[B] (+1) -0.625<x230>[B] (+1) +0.625<x231>[B] (+1) -0.625<x232>[B] (+1) -0.625<x233>[B] (+1) +0.625<x234>[B] (+1) +0.625<x235>[B] (+1) +0.625<x236>[B] (+1) -0.625<x237>[B] (+1) +0.625<x238>[B] (+1) -0.625<x239>[B] (+1) +0.625<x240>[B] (+1) +0.625<x241>[B] (+1) +0.625<x242>[B] (+1) +0.625<x243>[B] (+1) -0.625<x244>[B] (+1) +0.625<x245>[B] (+1) -0.625<x246>[B] (+1) -0.625<x247>[B] (+1) +0.625<x248>[B] (+1) -0.625<x249>[B] (+1) +0.625<x250>[B] (+1) -0.625<x251>[B] (+1) +0.625<x252>[B] (+1) +0.625<x253>[B] (+1) -0.625<x254>[B] (+1) +0.625<x255>[B] (+1) -0.625<x256>[B] (+1) +0.625<x257>[B] (+1) -0.625<x258>[B] (+1) +0.625<x259>[B] (+1) +0.625<x260>[B] (+1) +0.625<x261>[B] (+1) +0.625<x262>[B] (+1) -0.625<x263>[B] (+1) +0.625<x264>[B] (+1) +0.625<x265>[B] (+1) +0.625<x266>[B] (+1) +0.625<x267>[B] (+1) +0.625<x268>[B] (+1) +0.625<x269>[B] (+1) +0.625<x270>[B] (+1) -0.625<x271>[B] (+1) +0.625<x272>[B] (+1) -0.625<x273>[B] (+1) -0.625<x274>[B] (+1) -0.625<x275>[B] (+1) +0.625<x276>[B] (+1) -0.625<x277>[B] (+1) -0.625<x278>[B] (+1) +0.625<x279>[B] (+1) +0.625<x280>[B] (+1) +0.625<x281>[B] (+1) +0.625<x282>[B] (+1) +0.625<x283>[B] (+1) -0.625<x284>[B] (+1) +0.625<x285>[B] (+1) -0.625<x286>[B] (+1) +0.625<x287>[B] (+1) -0.625<x288>[B] (+1) -0.625<x289>[B] (+1) +0.625<x290>[B] (+1) +0.625<x291>[B] (+1) +0.625<x292>[B] (+1) -0.625<x293>[B] (+1) +0.625<x294>[B] (+1) -0.625<x295>[B] (+1) -0.625<x296>[B] (+1) -0.625<x297>[B] (+1) -0.625<x298>[B] (+1) +0.625<x299>[B] (+1) +0.625<x300>[B] (+1) >= 35.1566666666667;
;
violation: left hand side is violated by 35.1566666666667
  [linear] <c4601>: <x301>[C] (+0) +0.625<x1>[B] (+0) +0.625<x2>[B] (+0) +0.625<x3>[B] (+0) -0.625<x4>[B] (+0) +0.625<x5>[B] (+0) +0.625<x6>[B] (+0) -0.625<x7>[B] (+0) +0.625<x8>[B] (+0) +0.625<x9>[B] (+0) +0.625<x10>[B] (+0) -0.625<x11>[B] (+0) +0.625<x12>[B] (+0) +0.625<x13>[B] (+0) +0.625<x14>[B] (+0) +0.625<x15>[B] (+0) -0.625<x16>[B] (+0) +0.625<x17>[B] (+0) -0.625<x18>[B] (+0) +0.625<x19>[B] (+0) +0.625<x20>[B] (+0) +0.625<x21>[B] (+0) +0.625<x22>[B] (+0) -0.625<x23>[B] (+0) +0.625<x24>[B] (+0) +0.625<x25>[B] (+0) +0.625<x26>[B] (+0) -0.625<x27>[B] (+0) +0.625<x28>[B] (+0) +0.625<x29>[B] (+0) -0.625<x30>[B] (+0) +0.625<x31>[B] (+0) +0.625<x32>[B] (+0) +0.625<x33>[B] (+0) -0.625<x34>[B] (+0) +0.625<x35>[B] (+0) -0.625<x36>[B] (+0) +0.625<x37>[B] (+0) -0.625<x38>[B] (+0) -0.625<x39>[B] (+0) +0.625<x40>[B] (+0) -0.625<x41>[B] (+0) +0.625<x42>[B] (+0) +0.625<x43>[B] (+0) +0.625<x44>[B] (+0) +0.625<x45>[B] (+0) -0.625<x46>[B] (+0) +0.625<x47>[B] (+0) +0.625<x48>[B] (+0) -0.625<x49>[B] (+0) +0.625<x50>[B] (+0) -0.625<x51>[B] (+0) -0.625<x52>[B] (+0) -0.625<x53>[B] (+0) -0.625<x54>[B] (+0) +0.625<x55>[B] (+0) -0.625<x56>[B] (+0) -0.625<x57>[B] (+0) -0.625<x58>[B] (+0) -0.625<x59>[B] (+0) -0.625<x60>[B] (+0) -0.625<x61>[B] (+0) -0.625<x62>[B] (+0) -0.625<x63>[B] (+0) -0.625<x64>[B] (+0) -0.625<x65>[B] (+0) +0.625<x66>[B] (+0) -0.625<x67>[B] (+0) -0.625<x68>[B] (+0) +0.625<x69>[B] (+0) -0.625<x70>[B] (+0) +0.625<x71>[B] (+0) -0.625<x72>[B] (+0) -0.625<x73>[B] (+0) -0.625<x74>[B] (+0) -0.625<x75>[B] (+0) -0.625<x76>[B] (+0) -0.625<x77>[B] (+0) -0.625<x78>[B] (+0) -0.625<x79>[B] (+0) -0.625<x80>[B] (+0) -0.625<x81>[B] (+0) -0.625<x82>[B] (+0) -0.625<x83>[B] (+0) -0.625<x84>[B] (+0) -0.625<x85>[B] (+0) -0.625<x86>[B] (+0) +0.625<x87>[B] (+0) -0.625<x88>[B] (+0) -0.625<x89>[B] (+0) -0.625<x90>[B] (+0) +0.625<x91>[B] (+0) +0.625<x92>[B] (+0) +0.625<x93>[B] (+0) +0.625<x94>[B] (+0) +0.625<x95>[B] (+0) +0.625<x96>[B] (+0) +0.625<x97>[B] (+0) +0.625<x98>[B] (+0) +0.625<x99>[B] (+0) +0.625<x100>[B] (+0) +0.625<x101>[B] (+0) +0.625<x102>[B] (+0) +0.625<x103>[B] (+0) +0.625<x104>[B] (+0) +0.625<x105>[B] (+0) +0.625<x106>[B] (+0) +0.625<x107>[B] (+0) +0.625<x108>[B] (+0) -0.625<x109>[B] (+0) +0.625<x110>[B] (+0) -0.625<x111>[B] (+0) -0.625<x112>[B] (+0) -0.625<x113>[B] (+0) -0.625<x114>[B] (+0) -0.625<x115>[B] (+0) -0.625<x116>[B] (+0) -0.625<x117>[B] (+0) -0.625<x118>[B] (+0) -0.625<x119>[B] (+0) -0.625<x120>[B] (+0) -0.625<x121>[B] (+0) -0.625<x122>[B] (+0) -0.625<x123>[B] (+0) -0.625<x124>[B] (+0) -0.625<x125>[B] (+0) +0.625<x126>[B] (+0) -0.625<x127>[B] (+0) -0.625<x128>[B] (+0) -0.625<x129>[B] (+0) -0.625<x130>[B] (+0) +0.625<x131>[B] (+0) -0.625<x132>[B] (+0) +0.625<x133>[B] (+0) -0.625<x134>[B] (+0) +0.625<x135>[B] (+0) -0.625<x136>[B] (+0) +0.625<x137>[B] (+0) -0.625<x138>[B] (+0) -0.625<x139>[B] (+0) +0.625<x140>[B] (+0) -0.625<x141>[B] (+0) +0.625<x142>[B] (+0) -0.625<x143>[B] (+0) +0.625<x144>[B] (+0) +0.625<x145>[B] (+0) -0.625<x146>[B] (+0) +0.625<x147>[B] (+0) +0.625<x148>[B] (+0) +0.625<x149>[B] (+0) +0.625<x150>[B] (+0) -0.625<x151>[B] (+0) +0.625<x152>[B] (+0) +0.625<x153>[B] (+0) +0.625<x154>[B] (+0) +0.625<x155>[B] (+0) -0.625<x156>[B] (+0) +0.625<x157>[B] (+0) -0.625<x158>[B] (+0) +0.625<x159>[B] (+0) +0.625<x160>[B] (+0) +0.625<x161>[B] (+0) +0.625<x162>[B] (+0) -0.625<x163>[B] (+0) +0.625<x164>[B] (+0) -0.625<x165>[B] (+0) +0.625<x166>[B] (+0) -0.625<x167>[B] (+0) -0.625<x168>[B] (+0) -0.625<x169>[B] (+0) -0.625<x170>[B] (+0) -0.625<x171>[B] (+0) -0.625<x172>[B] (+0) +0.625<x173>[B] (+0) -0.625<x174>[B] (+0) -0.625<x175>[B] (+0) -0.625<x176>[B] (+0) +0.625<x177>[B] (+0) -0.625<x178>[B] (+0) -0.625<x179>[B] (+0) +0.625<x180>[B] (+0) +0.625<x181>[B] (+0) -0.625<x182>[B] (+0) +0.625<x183>[B] (+0) -0.625<x184>[B] (+0) +0.625<x185>[B] (+0) -0.625<x186>[B] (+0) -0.625<x187>[B] (+0) +0.625<x188>[B] (+0) -0.625<x189>[B] (+0) +0.625<x190>[B] (+0) +0.625<x191>[B] (+0) +0.625<x192>[B] (+0) +0.625<x193>[B] (+0) -0.625<x194>[B] (+0) +0.625<x195>[B] (+0) -0.625<x196>[B] (+0) -0.625<x197>[B] (+0) -0.625<x198>[B] (+0) -0.625<x199>[B] (+0) -0.625<x200>[B] (+0) -0.625<x201>[B] (+0) -0.625<x202>[B] (+0) -0.625<x203>[B] (+0) -0.625<x204>[B] (+0) -0.625<x205>[B] (+0) +0.625<x206>[B] (+0) -0.625<x207>[B] (+0) -0.625<x208>[B] (+0) -0.625<x209>[B] (+0) +0.625<x210>[B] (+0) +0.625<x211>[B] (+0) +0.625<x212>[B] (+0) +0.625<x213>[B] (+0) -0.625<x214>[B] (+0) +0.625<x215>[B] (+0) +0.625<x216>[B] (+0) +0.625<x217>[B] (+0) +0.625<x218>[B] (+0) +0.625<x219>[B] (+0) +0.625<x220>[B] (+0) -0.625<x221>[B] (+0) +0.625<x222>[B] (+0) -0.625<x223>[B] (+0) -0.625<x224>[B] (+0) -0.625<x225>[B] (+0) -0.625<x226>[B] (+0) +0.625<x227>[B] (+0) -0.625<x228>[B] (+0) -0.625<x229>[B] (+0) -0.625<x230>[B] (+0) +0.625<x231>[B] (+0) -0.625<x232>[B] (+0) -0.625<x233>[B] (+0) +0.625<x234>[B] (+0) +0.625<x235>[B] (+0) +0.625<x236>[B] (+0) -0.625<x237>[B] (+0) +0.625<x238>[B] (+0) -0.625<x239>[B] (+0) +0.625<x240>[B] (+0) +0.625<x241>[B] (+0) +0.625<x242>[B] (+0) +0.625<x243>[B] (+0) -0.625<x244>[B] (+0) +0.625<x245>[B] (+0) -0.625<x246>[B] (+0) -0.625<x247>[B] (+0) +0.625<x248>[B] (+0) -0.625<x249>[B] (+0) +0.625<x250>[B] (+0) -0.625<x251>[B] (+0) +0.625<x252>[B] (+0) +0.625<x253>[B] (+0) -0.625<x254>[B] (+0) +0.625<x255>[B] (+0) -0.625<x256>[B] (+0) +0.625<x257>[B] (+0) -0.625<x258>[B] (+0) +0.625<x259>[B] (+0) +0.625<x260>[B] (+0) +0.625<x261>[B] (+0) +0.625<x262>[B] (+0) -0.625<x263>[B] (+0) +0.625<x264>[B] (+0) +0.625<x265>[B] (+0) +0.625<x266>[B] (+0) +0.625<x267>[B] (+0) +0.625<x268>[B] (+0) +0.625<x269>[B] (+0) +0.625<x270>[B] (+0) -0.625<x271>[B] (+0) +0.625<x272>[B] (+0) -0.625<x273>[B] (+0) -0.625<x274>[B] (+0) -0.625<x275>[B] (+0) +0.625<x276>[B] (+0) -0.625<x277>[B] (+0) -0.625<x278>[B] (+0) +0.625<x279>[B] (+0) +0.625<x280>[B] (+0) +0.625<x281>[B] (+0) +0.625<x282>[B] (+0) +0.625<x283>[B] (+0) -0.625<x284>[B] (+0) +0.625<x285>[B] (+0) -0.625<x286>[B] (+0) +0.625<x287>[B] (+0) -0.625<x288>[B] (+0) -0.625<x289>[B] (+0) +0.625<x290>[B] (+0) +0.625<x291>[B] (+0) +0.625<x292>[B] (+0) -0.625<x293>[B] (+0) +0.625<x294>[B] (+0) -0.625<x295>[B] (+0) -0.625<x296>[B] (+0) -0.625<x297>[B] (+0) -0.625<x298>[B] (+0) +0.625<x299>[B] (+0) +0.625<x300>[B] (+0) >= 35.1566666666667;
;
violation: left hand side is violated by 35.1566666666667
1/5 feasible solution given by solution candidate storage, new primal bound -1.999746e+06

presolving:
   (0.0s) symmetry computation started: requiring (bin +, int +, cont +), (fixed: bin -, int -, cont -)
   (0.0s) no symmetry present (symcode time: 0.00)
presolving (0 rounds: 0 fast, 0 medium, 0 exhaustive):
 0 deleted vars, 0 deleted constraints, 0 added constraints, 0 tightened bounds, 0 added holes, 0 changed sides, 0 changed coefficients
 0 implications, 0 cliques, 0 implied integral variables (0 bin, 0 int, 0 cont)
presolved problem has 320 variables (300 bin, 0 int, 20 cont) and 4620 constraints
   4620 constraints of type <linear>
Presolving Time: 0.01
transformed 1/1 original solutions to the transformed problem space

 time | node  | left  |LP iter|LP it/n|mem/heur|mdpt |vars |cons |rows |cuts |sepa|confs|strbr|  dualbound   | primalbound  |  gap   | compl. 
p 0.0s|     1 |     0 |     9 |     - |   locks|   0 | 320 |4620 |4620 |   0 |  0 |   0 |   0 | 6.680000e+02 |-7.864633e+02 |    Inf | unknown
* 0.0s|     1 |     0 |   353 |     - |    LP  |   0 | 320 |4620 |4620 |   0 |  0 |   0 |   0 |-4.002317e+02 |-4.002317e+02 |   0.00%| unknown
  0.0s|     1 |     0 |   353 |     - |    19M |   0 | 320 |4620 |4620 |   0 |  0 |   0 |   0 |-4.002317e+02 |-4.002317e+02 |   0.00%| unknown

SCIP Status        : problem is solved [optimal solution found]
Solving Time (sec) : 0.04
Solving Nodes      : 1
Primal Bound       : -4.00231666666667e+02 (4 solutions)
Dual Bound         : -4.00231666666667e+02
Gap                : 0.00 %
  [linear] <c4621>: <x303>[C] (+49.6983333) -0.575<x1>[B] (+1) +0.575<x2>[B] (+1) -0.575<x3>[B] (+0) -0.575<x4>[B] (+1) +0.575<x5>[B] (+0) -0.575<x6>[B] (+1) -0.575<x7>[B] (+1) -0.575<x8>[B] (+0) -0.575<x9>[B] (+0) -0.575<x10>[B] (+0) -0.575<x11>[B] (+1) -0.575<x12>[B] (+1) -0.575<x13>[B] (+1) -0.575<x14>[B] (+1) +0.575<x15>[B] (+1) -0.575<x16>[B] (+0) -0.575<x17>[B] (+1) +0.575<x18>[B] (+1) +0.575<x19>[B] (+0) -0.575<x20>[B] (+1) +0.575<x21>[B] (+1) -0.575<x22>[B] (+1) -0.575<x23>[B] (+1) -0.575<x24>[B] (+0) +0.575<x25>[B] (+1) -0.575<x26>[B] (+0) -0.575<x27>[B] (+1) +0.575<x28>[B] (+0) +0.575<x29>[B] (+1) +0.575<x30>[B] (+0) -0.575<x31>[B] (+0) +0.575<x32>[B] (+0) +0.575<x33>[B] (+0) +0.575<x34>[B] (+1) +0.575<x35>[B] (+0) +0.575<x36>[B] (+1) -0.575<x37>[B] (+1) +0.575<x38>[B] (+1) -0.575<x39>[B] (+0) +0.575<x40>[B] (+1) +0.575<x41>[B] (+1) +0.575<x42>[B] (+0) +0.575<x43>[B] (+1) +0.575<x44>[B] (+1) +0.575<x45>[B] (+1) +0.575<x46>[B] (+1) +0.575<x47>[B] (+0) -0.575<x48>[B] (+0) -0.575<x49>[B] (+1) -0.575<x50>[B] (+0) -0.575<x51>[B] (+1) -0.575<x52>[B] (+0) -0.575<x53>[B] (+0) -0.575<x54>[B] (+0) -0.575<x55>[B] (+0) -0.575<x56>[B] (+1) -0.575<x57>[B] (+0) -0.575<x58>[B] (+1) -0.575<x59>[B] (+1) -0.575<x60>[B] (+1) -0.575<x61>[B] (+0) -0.575<x62>[B] (+1) -0.575<x63>[B] (+1) -0.575<x64>[B] (+0) -0.575<x65>[B] (+1) -0.575<x66>[B] (+1) -0.575<x67>[B] (+1) -0.575<x68>[B] (+1) -0.575<x69>[B] (+0) +0.575<x70>[B] (+1) +0.575<x71>[B] (+0) +0.575<x72>[B] (+1) +0.575<x73>[B] (+1) -0.575<x74>[B] (+1) +0.575<x75>[B] (+0) +0.575<x76>[B] (+0) +0.575<x77>[B] (+1) +0.575<x78>[B] (+1) +0.575<x79>[B] (+1) -0.575<x80>[B] (+1) +0.575<x81>[B] (+1) -0.575<x82>[B] (+0) +0.575<x83>[B] (+1) +0.575<x84>[B] (+1) +0.575<x85>[B] (+0) +0.575<x86>[B] (+1) +0.575<x87>[B] (+1) +0.575<x88>[B] (+1) +0.575<x89>[B] (+1) +0.575<x90>[B] (+0) +0.575<x91>[B] (+0) +0.575<x92>[B] (+0) +0.575<x93>[B] (+0) -0.575<x94>[B] (+0) +0.575<x95>[B] (+0) +0.575<x96>[B] (+0) +0.575<x97>[B] (+0) +0.575<x98>[B] (+0) +0.575<x99>[B] (+0) -0.575<x100>[B] (+1) +0.575<x101>[B] (+0) -0.575<x102>[B] (+0) +0.575<x103>[B] (+1) +0.575<x104>[B] (+0) +0.575<x105>[B] (+0) +0.575<x106>[B] (+1) +0.575<x107>[B] (+0) +0.575<x108>[B] (+1) +0.575<x109>[B] (+1) +0.575<x110>[B] (+0) -0.575<x111>[B] (+1) -0.575<x112>[B] (+1) -0.575<x113>[B] (+1) -0.575<x114>[B] (+1) -0.575<x115>[B] (+1) -0.575<x116>[B] (+1) -0.575<x117>[B] (+1) -0.575<x118>[B] (+1) -0.575<x119>[B] (+1) -0.575<x120>[B] (+1) -0.575<x121>[B] (+0) -0.575<x122>[B] (+1) +0.575<x123>[B] (+1) -0.575<x124>[B] (+1) -0.575<x125>[B] (+1) -0.575<x126>[B] (+1) -0.575<x127>[B] (+1) -0.575<x128>[B] (+1) -0.575<x129>[B] (+1) +0.575<x130>[B] (+0) -0.575<x131>[B] (+0) +0.575<x132>[B] (+0) +0.575<x133>[B] (+0) +0.575<x134>[B] (+1) +0.575<x135>[B] (+0) +0.575<x136>[B] (+0) -0.575<x137>[B] (+1) +0.575<x138>[B] (+0) -0.575<x139>[B] (+0) -0.575<x140>[B] (+1) +0.575<x141>[B] (+0) +0.575<x142>[B] (+0) +0.575<x143>[B] (+1) +0.575<x144>[B] (+0) +0.575<x145>[B] (+1) +0.575<x146>[B] (+1) +0.575<x147>[B] (+0) -0.575<x148>[B] (+0) +0.575<x149>[B] (+0) -0.575<x150>[B] (+0) +0.575<x151>[B] (+1) -0.575<x152>[B] (+0) +0.575<x153>[B] (+1) -0.575<x154>[B] (+1) +0.575<x155>[B] (+1) -0.575<x156>[B] (+0) -0.575<x157>[B] (+1) +0.575<x158>[B] (+1) +0.575<x159>[B] (+0) -0.575<x160>[B] (+1) +0.575<x161>[B] (+1) -0.575<x162>[B] (+1) -0.575<x163>[B] (+1) +0.575<x164>[B] (+0) +0.575<x165>[B] (+0) +0.575<x166>[B] (+0) +0.575<x167>[B] (+1) +0.575<x168>[B] (+1) +0.575<x169>[B] (+1) +0.575<x170>[B] (+1) +0.575<x171>[B] (+1) +0.575<x172>[B] (+0) +0.575<x173>[B] (+1) +0.575<x174>[B] (+1) +0.575<x175>[B] (+0) +0.575<x176>[B] (+1) +0.575<x177>[B] (+1) +0.575<x178>[B] (+1) +0.575<x179>[B] (+1) +0.575<x180>[B] (+0) -0.575<x181>[B] (+1) -0.575<x182>[B] (+1) -0.575<x183>[B] (+1) -0.575<x184>[B] (+1) -0.575<x185>[B] (+1) +0.575<x186>[B] (+1) -0.575<x187>[B] (+0) -0.575<x188>[B] (+1) +0.575<x189>[B] (+1) +0.575<x190>[B] (+0) -0.575<x191>[B] (+1) +0.575<x192>[B] (+1) -0.575<x193>[B] (+1) -0.575<x194>[B] (+1) -0.575<x195>[B] (+0) +0.575<x196>[B] (+1) -0.575<x197>[B] (+1) +0.575<x198>[B] (+1) -0.575<x199>[B] (+1) +0.575<x200>[B] (+1) -0.575<x201>[B] (+0) -0.575<x202>[B] (+1) +0.575<x203>[B] (+1) +0.575<x204>[B] (+0) -0.575<x205>[B] (+1) +0.575<x206>[B] (+1) -0.575<x207>[B] (+1) -0.575<x208>[B] (+1) +0.575<x209>[B] (+0) -0.575<x210>[B] (+0) -0.575<x211>[B] (+0) -0.575<x212>[B] (+1) +0.575<x213>[B] (+0) -0.575<x214>[B] (+0) -0.575<x215>[B] (+1) +0.575<x216>[B] (+0) +0.575<x217>[B] (+0) -0.575<x218>[B] (+1) +0.575<x219>[B] (+0) -0.575<x220>[B] (+1) -0.575<x221>[B] (+1) +0.575<x222>[B] (+0) +0.575<x223>[B] (+1) -0.575<x224>[B] (+1) +0.575<x225>[B] (+1) -0.575<x226>[B] (+0) -0.575<x227>[B] (+1) +0.575<x228>[B] (+1) +0.575<x229>[B] (+0) +0.575<x230>[B] (+1) +0.575<x231>[B] (+1) -0.575<x232>[B] (+1) +0.575<x233>[B] (+1) +0.575<x234>[B] (+0) -0.575<x235>[B] (+1) +0.575<x236>[B] (+0) -0.575<x237>[B] (+0) -0.575<x238>[B] (+1) +0.575<x239>[B] (+0) +0.575<x240>[B] (+0) -0.575<x241>[B] (+1) +0.575<x242>[B] (+0) -0.575<x243>[B] (+1) -0.575<x244>[B] (+1) +0.575<x245>[B] (+0) +0.575<x246>[B] (+0) -0.575<x247>[B] (+0) +0.575<x248>[B] (+0) +0.575<x249>[B] (+0) +0.575<x250>[B] (+0) +0.575<x251>[B] (+1) +0.575<x252>[B] (+0) +0.575<x253>[B] (+0) +0.575<x254>[B] (+1) +0.575<x255>[B] (+0) -0.575<x256>[B] (+0) -0.575<x257>[B] (+1) +0.575<x258>[B] (+0) +0.575<x259>[B] (+0) -0.575<x260>[B] (+1) -0.575<x261>[B] (+1) -0.575<x262>[B] (+1) -0.575<x263>[B] (+1) -0.575<x264>[B] (+0) +0.575<x265>[B] (+1) +0.575<x266>[B] (+1) +0.575<x267>[B] (+1) +0.575<x268>[B] (+1) +0.575<x269>[B] (+1) +0.575<x270>[B] (+1) +0.575<x271>[B] (+1) +0.575<x272>[B] (+1) +0.575<x273>[B] (+0) +0.575<x274>[B] (+0) +0.575<x275>[B] (+1) +0.575<x276>[B] (+0) +0.575<x277>[B] (+1) +0.575<x278>[B] (+1) +0.575<x279>[B] (+0) -0.575<x280>[B] (+0) -0.575<x281>[B] (+1) -0.575<x282>[B] (+1) -0.575<x283>[B] (+1) -0.575<x284>[B] (+1) -0.575<x285>[B] (+0) -0.575<x286>[B] (+1) -0.575<x287>[B] (+1) -0.575<x288>[B] (+1) -0.575<x289>[B] (+1) -0.575<x290>[B] (+0) +0.575<x291>[B] (+0) -0.575<x292>[B] (+0) +0.575<x293>[B] (+1) +0.575<x294>[B] (+0) -0.575<x295>[B] (+1) -0.575<x296>[B] (+1) -0.575<x297>[B] (+0) +0.575<x298>[B] (+1) +0.575<x299>[B] (+0) +0.575<x300>[B] (+0) >= 41.8316666666667;
;
violation: left hand side is violated by 0.183333333333401
  [linear] <c4622>: <x304>[C] (+15.8816667) -0.598333333<x1>[B] (+1) -0.598333333<x2>[B] (+0) -0.598333333<x3>[B] (+0) -0.598333333<x4>[B] (+0) +0.598333333<x5>[B] (+1) +0.598333333<x6>[B] (+1) +0.598333333<x7>[B] (+1) +0.598333333<x8>[B] (+1) -0.598333333<x9>[B] (+1) +0.598333333<x10>[B] (+0) +0.598333333<x11>[B] (+1) +0.598333333<x12>[B] (+1) +0.598333333<x13>[B] (+1) -0.598333333<x14>[B] (+0) +0.598333333<x15>[B] (+0) +0.598333333<x16>[B] (+1) +0.598333333<x17>[B] (+0) -0.598333333<x18>[B] (+0) -0.598333333<x19>[B] (+1) -0.598333333<x20>[B] (+0) -0.598333333<x21>[B] (+0) -0.598333333<x22>[B] (+0) +0.598333333<x23>[B] (+0) +0.598333333<x24>[B] (+1) -0.598333333<x25>[B] (+0) -0.598333333<x26>[B] (+0) +0.598333333<x27>[B] (+0) +0.598333333<x28>[B] (+1) +0.598333333<x29>[B] (+1) +0.598333333<x30>[B] (+1) +0.598333333<x31>[B] (+1) +0.598333333<x32>[B] (+1) +0.598333333<x33>[B] (+0) +0.598333333<x34>[B] (+1) +0.598333333<x35>[B] (+1) +0.598333333<x36>[B] (+1) -0.598333333<x37>[B] (+0) +0.598333333<x38>[B] (+0) +0.598333333<x39>[B] (+1) +0.598333333<x40>[B] (+0) +0.598333333<x41>[B] (+0) -0.598333333<x42>[B] (+1) -0.598333333<x43>[B] (+0) +0.598333333<x44>[B] (+0) -0.598333333<x45>[B] (+0) +0.598333333<x46>[B] (+0) +0.598333333<x47>[B] (+1) -0.598333333<x48>[B] (+1) +0.598333333<x49>[B] (+0) +0.598333333<x50>[B] (+1) +0.598333333<x51>[B] (+1) +0.598333333<x52>[B] (+1) +0.598333333<x53>[B] (+1) +0.598333333<x54>[B] (+1) +0.598333333<x55>[B] (+0) +0.598333333<x56>[B] (+1) +0.598333333<x57>[B] (+1) +0.598333333<x58>[B] (+1) +0.598333333<x59>[B] (+0) +0.598333333<x60>[B] (+0) +0.598333333<x61>[B] (+1) +0.598333333<x62>[B] (+0) +0.598333333<x63>[B] (+0) -0.598333333<x64>[B] (+1) +0.598333333<x65>[B] (+0) +0.598333333<x66>[B] (+0) -0.598333333<x67>[B] (+0) +0.598333333<x68>[B] (+0) +0.598333333<x69>[B] (+1) +0.598333333<x70>[B] (+0) +0.598333333<x71>[B] (+1) +0.598333333<x72>[B] (+1) +0.598333333<x73>[B] (+1) +0.598333333<x74>[B] (+1) +0.598333333<x75>[B] (+1) +0.598333333<x76>[B] (+0) +0.598333333<x77>[B] (+1) +0.598333333<x78>[B] (+1) +0.598333333<x79>[B] (+1) +0.598333333<x80>[B] (+0) +0.598333333<x81>[B] (+0) +0.598333333<x82>[B] (+1) +0.598333333<x83>[B] (+0) +0.598333333<x84>[B] (+0) -0.598333333<x85>[B] (+1) +0.598333333<x86>[B] (+0) +0.598333333<x87>[B] (+0) -0.598333333<x88>[B] (+0) +0.598333333<x89>[B] (+0) +0.598333333<x90>[B] (+1) +0.598333333<x91>[B] (+1) +0.598333333<x92>[B] (+1) +0.598333333<x93>[B] (+1) +0.598333333<x94>[B] (+1) -0.598333333<x95>[B] (+1) +0.598333333<x96>[B] (+1) +0.598333333<x97>[B] (+1) +0.598333333<x98>[B] (+1) +0.598333333<x99>[B] (+1) -0.598333333<x100>[B] (+1) +0.598333333<x101>[B] (+1) +0.598333333<x102>[B] (+1) +0.598333333<x103>[B] (+0) -0.598333333<x104>[B] (+1) -0.598333333<x105>[B] (+1) -0.598333333<x106>[B] (+0) -0.598333333<x107>[B] (+1) -0.598333333<x108>[B] (+1) +0.598333333<x109>[B] (+0) +0.598333333<x110>[B] (+1) -0.598333333<x111>[B] (+0) -0.598333333<x112>[B] (+0) -0.598333333<x113>[B] (+0) -0.598333333<x114>[B] (+0) -0.598333333<x115>[B] (+0) -0.598333333<x116>[B] (+0) -0.598333333<x117>[B] (+0) -0.598333333<x118>[B] (+0) -0.598333333<x119>[B] (+0) -0.598333333<x120>[B] (+0) -0.598333333<x121>[B] (+1) -0.598333333<x122>[B] (+0) -0.598333333<x123>[B] (+0) -0.598333333<x124>[B] (+0) -0.598333333<x125>[B] (+0) -0.598333333<x126>[B] (+0) -0.598333333<x127>[B] (+0) -0.598333333<x128>[B] (+0) -0.598333333<x129>[B] (+0) -0.598333333<x130>[B] (+1) +0.598333333<x131>[B] (+1) -0.598333333<x132>[B] (+1) +0.598333333<x133>[B] (+0) -0.598333333<x134>[B] (+0) -0.598333333<x135>[B] (+0) -0.598333333<x136>[B] (+0) -0.598333333<x137>[B] (+0) +0.598333333<x138>[B] (+0) +0.598333333<x139>[B] (+1) -0.598333333<x140>[B] (+0) -0.598333333<x141>[B] (+0) -0.598333333<x142>[B] (+1) -0.598333333<x143>[B] (+0) -0.598333333<x144>[B] (+0) -0.598333333<x145>[B] (+0) -0.598333333<x146>[B] (+0) +0.598333333<x147>[B] (+1) +0.598333333<x148>[B] (+1) -0.598333333<x149>[B] (+1) +0.598333333<x150>[B] (+0) -0.598333333<x151>[B] (+0) +0.598333333<x152>[B] (+0) +0.598333333<x153>[B] (+0) -0.598333333<x154>[B] (+0) +0.598333333<x155>[B] (+0) +0.598333333<x156>[B] (+1) +0.598333333<x157>[B] (+0) -0.598333333<x158>[B] (+0) -0.598333333<x159>[B] (+1) -0.598333333<x160>[B] (+0) -0.598333333<x161>[B] (+0) -0.598333333<x162>[B] (+0) +0.598333333<x163>[B] (+0) +0.598333333<x164>[B] (+1) -0.598333333<x165>[B] (+0) +0.598333333<x166>[B] (+0) -0.598333333<x167>[B] (+0) -0.598333333<x168>[B] (+0) -0.598333333<x169>[B] (+0) -0.598333333<x170>[B] (+0) +0.598333333<x171>[B] (+0) -0.598333333<x172>[B] (+1) -0.598333333<x173>[B] (+0) -0.598333333<x174>[B] (+0) -0.598333333<x175>[B] (+1) -0.598333333<x176>[B] (+0) -0.598333333<x177>[B] (+0) -0.598333333<x178>[B] (+0) -0.598333333<x179>[B] (+0) +0.598333333<x180>[B] (+1) +0.598333333<x181>[B] (+0) +0.598333333<x182>[B] (+0) +0.598333333<x183>[B] (+0) +0.598333333<x184>[B] (+0) -0.598333333<x185>[B] (+0) +0.598333333<x186>[B] (+0) +0.598333333<x187>[B] (+1) +0.598333333<x188>[B] (+0) -0.598333333<x189>[B] (+0) -0.598333333<x190>[B] (+1) -0.598333333<x191>[B] (+0) +0.598333333<x192>[B] (+0) -0.598333333<x193>[B] (+0) +0.598333333<x194>[B] (+0) +0.598333333<x195>[B] (+1) -0.598333333<x196>[B] (+1) -0.598333333<x197>[B] (+1) -0.598333333<x198>[B] (+1) -0.598333333<x199>[B] (+0) +0.598333333<x200>[B] (+0) -0.598333333<x201>[B] (+1) -0.598333333<x202>[B] (+0) -0.598333333<x203>[B] (+0) -0.598333333<x204>[B] (+1) -0.598333333<x205>[B] (+0) -0.598333333<x206>[B] (+0) -0.598333333<x207>[B] (+0) -0.598333333<x208>[B] (+0) -0.598333333<x209>[B] (+1) +0.598333333<x210>[B] (+1) +0.598333333<x211>[B] (+1) -0.598333333<x212>[B] (+0) +0.598333333<x213>[B] (+0) +0.598333333<x214>[B] (+1) +0.598333333<x215>[B] (+0) -0.598333333<x216>[B] (+0) -0.598333333<x217>[B] (+1) -0.598333333<x218>[B] (+0) -0.598333333<x219>[B] (+0) -0.598333333<x220>[B] (+0) +0.598333333<x221>[B] (+0) +0.598333333<x222>[B] (+1) -0.598333333<x223>[B] (+1) -0.598333333<x224>[B] (+0) +0.598333333<x225>[B] (+0) +0.598333333<x226>[B] (+1) +0.598333333<x227>[B] (+0) -0.598333333<x228>[B] (+0) -0.598333333<x229>[B] (+1) -0.598333333<x230>[B] (+0) -0.598333333<x231>[B] (+0) -0.598333333<x232>[B] (+0) -0.598333333<x233>[B] (+0) +0.598333333<x234>[B] (+1) -0.598333333<x235>[B] (+0) +0.598333333<x236>[B] (+0) +0.598333333<x237>[B] (+1) +0.598333333<x238>[B] (+0) -0.598333333<x239>[B] (+0) -0.598333333<x240>[B] (+1) -0.598333333<x241>[B] (+0) -0.598333333<x242>[B] (+0) -0.598333333<x243>[B] (+0) -0.598333333<x244>[B] (+0) +0.598333333<x245>[B] (+1) +0.598333333<x246>[B] (+0) +0.598333333<x247>[B] (+1) +0.598333333<x248>[B] (+0) +0.598333333<x249>[B] (+1) -0.598333333<x250>[B] (+1) -0.598333333<x251>[B] (+0) +0.598333333<x252>[B] (+1) -0.598333333<x253>[B] (+1) +0.598333333<x254>[B] (+0) +0.598333333<x255>[B] (+1) -0.598333333<x256>[B] (+1) -0.598333333<x257>[B] (+0) -0.598333333<x258>[B] (+1) -0.598333333<x259>[B] (+1) -0.598333333<x260>[B] (+0) -0.598333333<x261>[B] (+1) -0.598333333<x262>[B] (+1) -0.598333333<x263>[B] (+0) -0.598333333<x264>[B] (+1) -0.598333333<x265>[B] (+0) -0.598333333<x266>[B] (+0) -0.598333333<x267>[B] (+0) -0.598333333<x268>[B] (+0) -0.598333333<x269>[B] (+0) -0.598333333<x270>[B] (+0) -0.598333333<x271>[B] (+0) +0.598333333<x272>[B] (+0) -0.598333333<x273>[B] (+1) -0.598333333<x274>[B] (+1) -0.598333333<x275>[B] (+1) -0.598333333<x276>[B] (+1) -0.598333333<x277>[B] (+1) -0.598333333<x278>[B] (+0) +0.598333333<x279>[B] (+1) -0.598333333<x280>[B] (+1) -0.598333333<x281>[B] (+0) +0.598333333<x282>[B] (+0) -0.598333333<x283>[B] (+0) +0.598333333<x284>[B] (+0) +0.598333333<x285>[B] (+1) +0.598333333<x286>[B] (+0) +0.598333333<x287>[B] (+0) -0.598333333<x288>[B] (+0) +0.598333333<x289>[B] (+0) +0.598333333<x290>[B] (+1) +0.598333333<x291>[B] (+1) -0.598333333<x292>[B] (+1) +0.598333333<x293>[B] (+0) +0.598333333<x294>[B] (+1) -0.598333333<x295>[B] (+1) +0.598333333<x296>[B] (+0) +0.598333333<x297>[B] (+1) +0.598333333<x298>[B] (+0) +0.598333333<x299>[B] (+1) +0.598333333<x300>[B] (+1) >= 34.8533333333333;
;
violation: left hand side is violated by 0.423333333333353
2/4 feasible solutions given by solution candidate storage, new primal bound -1.999746e+06

presolving:
   (0.0s) symmetry computation started: requiring (bin +, int +, cont +), (fixed: bin -, int -, cont -)
   (0.0s) no symmetry present (symcode time: 0.00)
presolving (0 rounds: 0 fast, 0 medium, 0 exhaustive):
 0 deleted vars, 0 deleted constraints, 0 added constraints, 0 tightened bounds, 0 added holes, 0 changed sides, 0 changed coefficients
 0 implications, 0 cliques, 0 implied integral variables (0 bin, 0 int, 0 cont)
presolved problem has 320 variables (300 bin, 0 int, 20 cont) and 4636 constraints
   4636 constraints of type <linear>
Presolving Time: 0.01
transformed 2/2 original solutions to the transformed problem space

 time | node  | left  |LP iter|LP it/n|mem/heur|mdpt |vars |cons |rows |cuts |sepa|confs|strbr|  dualbound   | primalbound  |  gap   | compl. 
p 0.0s|     1 |     0 |    12 |     - |   locks|   0 | 320 |4636 |4636 |   0 |  0 |   0 |   0 | 6.680000e+02 |-7.820917e+02 |    Inf | unknown
  0.0s|     1 |     0 |   372 |     - |    22M |   0 | 320 |4636 |4636 |   0 |  0 |   0 |   0 |-4.011050e+02 |-7.820917e+02 |  94.98%| unknown
r 0.0s|     1 |     0 |   372 |     - |shifting|   0 | 320 |4636 |4636 |   0 |  0 |   0 |   0 |-4.011050e+02 |-4.077683e+02 |   1.66%| unknown
  0.1s|     1 |     0 |   375 |     - |    23M |   0 | 320 |4636 |4637 |   1 |  1 |   0 |   0 |-4.011133e+02 |-4.077683e+02 |   1.66%| unknown
  0.1s|     1 |     0 |   375 |     - |    23M |   0 | 320 |4636 |4637 |   1 |  1 |   0 |   0 |-4.011133e+02 |-4.077683e+02 |   1.66%| unknown
  0.1s|     1 |     0 |   376 |     - |    24M |   0 | 320 |4636 |4638 |   2 |  2 |   0 |   0 |-4.011150e+02 |-4.077683e+02 |   1.66%| unknown
d 0.1s|     1 |     0 |   376 |     - |farkasdi|   0 | 320 |4636 |4638 |   0 |  3 |   0 |   0 |-4.011150e+02 |-4.011150e+02 |   0.00%| unknown
  0.1s|     1 |     0 |   376 |     - |    24M |   0 | 320 |4636 |4638 |   2 |  3 |   0 |   0 |-4.011150e+02 |-4.011150e+02 |   0.00%| unknown

SCIP Status        : problem is solved [optimal solution found]
Solving Time (sec) : 0.09
Solving Nodes      : 1
Primal Bound       : -4.01115000000000e+02 (6 solutions)
Dual Bound         : -4.01115000000000e+02
Gap                : 0.00 %
  [linear] <c4637>: <x301>[C] (+59.5316667) +0.628333333<x1>[B] (+1) +0.628333333<x2>[B] (+1) +0.628333333<x3>[B] (+0) -0.628333333<x4>[B] (+1) +0.628333333<x5>[B] (+0) +0.628333333<x6>[B] (+1) -0.628333333<x7>[B] (+1) +0.628333333<x8>[B] (+0) +0.628333333<x9>[B] (+0) +0.628333333<x10>[B] (+0) -0.628333333<x11>[B] (+1) +0.628333333<x12>[B] (+1) +0.628333333<x13>[B] (+1) +0.628333333<x14>[B] (+1) +0.628333333<x15>[B] (+1) -0.628333333<x16>[B] (+0) +0.628333333<x17>[B] (+1) -0.628333333<x18>[B] (+1) +0.628333333<x19>[B] (+0) +0.628333333<x20>[B] (+1) +0.628333333<x21>[B] (+1) +0.628333333<x22>[B] (+1) -0.628333333<x23>[B] (+1) +0.628333333<x24>[B] (+0) +0.628333333<x25>[B] (+1) +0.628333333<x26>[B] (+0) -0.628333333<x27>[B] (+1) +0.628333333<x28>[B] (+0) +0.628333333<x29>[B] (+1) -0.628333333<x30>[B] (+0) +0.628333333<x31>[B] (+0) +0.628333333<x32>[B] (+0) +0.628333333<x33>[B] (+0) -0.628333333<x34>[B] (+1) +0.628333333<x35>[B] (+0) -0.628333333<x36>[B] (+1) +0.628333333<x37>[B] (+1) -0.628333333<x38>[B] (+1) -0.628333333<x39>[B] (+0) +0.628333333<x40>[B] (+1) -0.628333333<x41>[B] (+1) +0.628333333<x42>[B] (+0) +0.628333333<x43>[B] (+1) +0.628333333<x44>[B] (+1) +0.628333333<x45>[B] (+1) -0.628333333<x46>[B] (+1) +0.628333333<x47>[B] (+0) +0.628333333<x48>[B] (+0) -0.628333333<x49>[B] (+1) +0.628333333<x50>[B] (+0) -0.628333333<x51>[B] (+1) -0.628333333<x52>[B] (+0) -0.628333333<x53>[B] (+0) -0.628333333<x54>[B] (+0) +0.628333333<x55>[B] (+0) -0.628333333<x56>[B] (+1) -0.628333333<x57>[B] (+0) -0.628333333<x58>[B] (+1) -0.628333333<x59>[B] (+1) -0.628333333<x60>[B] (+1) -0.628333333<x61>[B] (+0) -0.628333333<x62>[B] (+1) -0.628333333<x63>[B] (+1) -0.628333333<x64>[B] (+0) -0.628333333<x65>[B] (+1) +0.628333333<x66>[B] (+1) -0.628333333<x67>[B] (+1) -0.628333333<x68>[B] (+1) +0.628333333<x69>[B] (+0) -0.628333333<x70>[B] (+1) +0.628333333<x71>[B] (+0) -0.628333333<x72>[B] (+1) -0.628333333<x73>[B] (+1) -0.628333333<x74>[B] (+9.39248679e-13) -0.628333333<x75>[B] (+0) -0.628333333<x76>[B] (+0) -0.628333333<x77>[B] (+1) -0.628333333<x78>[B] (+1) -0.628333333<x79>[B] (+1) -0.628333333<x80>[B] (+1) -0.628333333<x81>[B] (+1) -0.628333333<x82>[B] (+0) -0.628333333<x83>[B] (+1) -0.628333333<x84>[B] (+1) -0.628333333<x85>[B] (+0) -0.628333333<x86>[B] (+1) +0.628333333<x87>[B] (+1) -0.628333333<x88>[B] (+1) -0.628333333<x89>[B] (+1) -0.628333333<x90>[B] (+0) +0.628333333<x91>[B] (+0) +0.628333333<x92>[B] (+0) +0.628333333<x93>[B] (+0) +0.628333333<x94>[B] (+0) +0.628333333<x95>[B] (+0) +0.628333333<x96>[B] (+0) +0.628333333<x97>[B] (+0) +0.628333333<x98>[B] (+0) +0.628333333<x99>[B] (+0) +0.628333333<x100>[B] (+1) +0.628333333<x101>[B] (+0) +0.628333333<x102>[B] (+0) +0.628333333<x103>[B] (+1) +0.628333333<x104>[B] (+0) +0.628333333<x105>[B] (+0) +0.628333333<x106>[B] (+1) +0.628333333<x107>[B] (+0) +0.628333333<x108>[B] (+1) -0.628333333<x109>[B] (+1) +0.628333333<x110>[B] (+0) -0.628333333<x111>[B] (+1) -0.628333333<x112>[B] (+1) -0.628333333<x113>[B] (+1) -0.628333333<x114>[B] (+1) -0.628333333<x115>[B] (+1) -0.628333333<x116>[B] (+1) -0.628333333<x117>[B] (+1) -0.628333333<x118>[B] (+1) -0.628333333<x119>[B] (+1) -0.628333333<x120>[B] (+1) -0.628333333<x121>[B] (+0) -0.628333333<x122>[B] (+1) -0.628333333<x123>[B] (+1) -0.628333333<x124>[B] (+1) -0.628333333<x125>[B] (+1) +0.628333333<x126>[B] (+1) -0.628333333<x127>[B] (+1) -0.628333333<x128>[B] (+1) -0.628333333<x129>[B] (+1) -0.628333333<x130>[B] (+0) +0.628333333<x131>[B] (+0) -0.628333333<x132>[B] (+0) +0.628333333<x133>[B] (+0) -0.628333333<x134>[B] (+1) +0.628333333<x135>[B] (+0) -0.628333333<x136>[B] (+0) +0.628333333<x137>[B] (+1) -0.628333333<x138>[B] (+0) -0.628333333<x139>[B] (+0) +0.628333333<x140>[B] (+1) -0.628333333<x141>[B] (+0) +0.628333333<x142>[B] (+0) -0.628333333<x143>[B] (+1) +0.628333333<x144>[B] (+0) +0.628333333<x145>[B] (+1) -0.628333333<x146>[B] (+1) +0.628333333<x147>[B] (+0) +0.628333333<x148>[B] (+0) +0.628333333<x149>[B] (+0) +0.628333333<x150>[B] (+0) -0.628333333<x151>[B] (+1) +0.628333333<x152>[B] (+0) +0.628333333<x153>[B] (+1) +0.628333333<x154>[B] (+1) +0.628333333<x155>[B] (+1) -0.628333333<x156>[B] (+0) +0.628333333<x157>[B] (+1) -0.628333333<x158>[B] (+1) +0.628333333<x159>[B] (+0) +0.628333333<x160>[B] (+1) +0.628333333<x161>[B] (+1) +0.628333333<x162>[B] (+1) -0.628333333<x163>[B] (+1) +0.628333333<x164>[B] (+0) -0.628333333<x165>[B] (+1) +0.628333333<x166>[B] (+0) -0.628333333<x167>[B] (+1) -0.628333333<x168>[B] (+1) -0.628333333<x169>[B] (+1) -0.628333333<x170>[B] (+1) -0.628333333<x171>[B] (+1) -0.628333333<x172>[B] (+0) +0.628333333<x173>[B] (+1) -0.628333333<x174>[B] (+1) -0.628333333<x175>[B] (+0) -0.628333333<x176>[B] (+1) +0.628333333<x177>[B] (+1) -0.628333333<x178>[B] (+1) -0.628333333<x179>[B] (+1) +0.628333333<x180>[B] (+0) +0.628333333<x181>[B] (+9.39248679e-13) -0.628333333<x182>[B] (+1) +0.628333333<x183>[B] (+1) -0.628333333<x184>[B] (+1) +0.628333333<x185>[B] (+1) -0.628333333<x186>[B] (+1) -0.628333333<x187>[B] (+0) +0.628333333<x188>[B] (+1) -0.628333333<x189>[B] (+1) +0.628333333<x190>[B] (+0) +0.628333333<x191>[B] (+1) +0.628333333<x192>[B] (+1) +0.628333333<x193>[B] (+1) -0.628333333<x194>[B] (+1) +0.628333333<x195>[B] (+0) -0.628333333<x196>[B] (+1) -0.628333333<x197>[B] (+1) -0.628333333<x198>[B] (+1) -0.628333333<x199>[B] (+1) -0.628333333<x200>[B] (+1) -0.628333333<x201>[B] (+0) -0.628333333<x202>[B] (+1) -0.628333333<x203>[B] (+1) -0.628333333<x204>[B] (+0) -0.628333333<x205>[B] (+1) +0.628333333<x206>[B] (+1) -0.628333333<x207>[B] (+1) -0.628333333<x208>[B] (+1) -0.628333333<x209>[B] (+0) +0.628333333<x210>[B] (+0) +0.628333333<x211>[B] (+0) +0.628333333<x212>[B] (+1) +0.628333333<x213>[B] (+0) -0.628333333<x214>[B] (+0) +0.628333333<x215>[B] (+1) +0.628333333<x216>[B] (+0) +0.628333333<x217>[B] (+0) +0.628333333<x218>[B] (+1) +0.628333333<x219>[B] (+0) +0.628333333<x220>[B] (+1) -0.628333333<x221>[B] (+1) +0.628333333<x222>[B] (+0) -0.628333333<x223>[B] (+1) -0.628333333<x224>[B] (+1) -0.628333333<x225>[B] (+1) -0.628333333<x226>[B] (+0) +0.628333333<x227>[B] (+1) -0.628333333<x228>[B] (+1) -0.628333333<x229>[B] (+0) -0.628333333<x230>[B] (+1) +0.628333333<x231>[B] (+1) -0.628333333<x232>[B] (+1) -0.628333333<x233>[B] (+1) +0.628333333<x234>[B] (+0) +0.628333333<x235>[B] (+1) +0.628333333<x236>[B] (+0) -0.628333333<x237>[B] (+0) +0.628333333<x238>[B] (+1) -0.628333333<x239>[B] (+0) +0.628333333<x240>[B] (+0) +0.628333333<x241>[B] (+1) +0.628333333<x242>[B] (+0) +0.628333333<x243>[B] (+1) -0.628333333<x244>[B] (+1) +0.628333333<x245>[B] (+0) -0.628333333<x246>[B] (+0) -0.628333333<x247>[B] (+0) +0.628333333<x248>[B] (+0) -0.628333333<x249>[B] (+0) +0.628333333<x250>[B] (+0) -0.628333333<x251>[B] (+1) +0.628333333<x252>[B] (+0) +0.628333333<x253>[B] (+0) -0.628333333<x254>[B] (+1) +0.628333333<x255>[B] (+0) -0.628333333<x256>[B] (+0) +0.628333333<x257>[B] (+1) -0.628333333<x258>[B] (+0) +0.628333333<x259>[B] (+0) +0.628333333<x260>[B] (+1) +0.628333333<x261>[B] (+1) +0.628333333<x262>[B] (+1) -0.628333333<x263>[B] (+1) +0.628333333<x264>[B] (+0) +0.628333333<x265>[B] (+1) +0.628333333<x266>[B] (+1) +0.628333333<x267>[B] (+1) +0.628333333<x268>[B] (+1) +0.628333333<x269>[B] (+1) +0.628333333<x270>[B] (+1) -0.628333333<x271>[B] (+1) +0.628333333<x272>[B] (+1) -0.628333333<x273>[B] (+0) -0.628333333<x274>[B] (+0) -0.628333333<x275>[B] (+1) +0.628333333<x276>[B] (+0) -0.628333333<x277>[B] (+1) -0.628333333<x278>[B] (+1) +0.628333333<x279>[B] (+0) +0.628333333<x280>[B] (+0) +0.628333333<x281>[B] (+1) +0.628333333<x282>[B] (+1) +0.628333333<x283>[B] (+1) -0.628333333<x284>[B] (+1) +0.628333333<x285>[B] (+0) -0.628333333<x286>[B] (+1) +0.628333333<x287>[B] (+1) -0.628333333<x288>[B] (+1) -0.628333333<x289>[B] (+1) +0.628333333<x290>[B] (+0) +0.628333333<x291>[B] (+0) +0.628333333<x292>[B] (+0) -0.628333333<x293>[B] (+1) +0.628333333<x294>[B] (+0) -0.628333333<x295>[B] (+1) -0.628333333<x296>[B] (+1) -0.628333333<x297>[B] (+0) -0.628333333<x298>[B] (+1) +0.628333333<x299>[B] (+0) +0.628333333<x300>[B] (+0) >= 35.03;
;
violation: left hand side is violated by 0.00333333333320951
  [linear] <c4649>: <x318>[C] (+30.8483333) +0.548333333<x1>[B] (+1) -0.548333333<x2>[B] (+0) +0.548333333<x3>[B] (+1) +0.548333333<x4>[B] (+1) -0.548333333<x5>[B] (+1) -0.548333333<x6>[B] (+0) -0.548333333<x7>[B] (+1) +0.548333333<x8>[B] (+1) +0.548333333<x9>[B] (+0) +0.548333333<x10>[B] (+0) -0.548333333<x11>[B] (+1) -0.548333333<x12>[B] (+1) +0.548333333<x13>[B] (+0) -0.548333333<x14>[B] (+0) -0.548333333<x15>[B] (+0) -0.548333333<x16>[B] (+1) -0.548333333<x17>[B] (+0) -0.548333333<x18>[B] (+1) -0.548333333<x19>[B] (+1) -0.548333333<x20>[B] (+0) -0.548333333<x21>[B] (+0) -0.548333333<x22>[B] (+0) -0.548333333<x23>[B] (+0) -0.548333333<x24>[B] (+1) -0.548333333<x25>[B] (+0) -0.548333333<x26>[B] (+1) +0.548333333<x27>[B] (+1) -0.548333333<x28>[B] (+1) -0.548333333<x29>[B] (+0) -0.548333333<x30>[B] (+1) -0.548333333<x31>[B] (+1) -0.548333333<x32>[B] (+0) -0.548333333<x33>[B] (+0) -0.548333333<x34>[B] (+1) -0.548333333<x35>[B] (+1) -0.548333333<x36>[B] (+0) -0.548333333<x37>[B] (+0) -0.548333333<x38>[B] (+0) -0.548333333<x39>[B] (+1) -0.548333333<x40>[B] (+0) -0.548333333<x41>[B] (+1) -0.548333333<x42>[B] (+1) -0.548333333<x43>[B] (+0) -0.548333333<x44>[B] (+0) -0.548333333<x45>[B] (+0) -0.548333333<x46>[B] (+0) -0.548333333<x47>[B] (+1) +0.548333333<x48>[B] (+1) +0.548333333<x49>[B] (+1) +0.548333333<x50>[B] (+1) -0.548333333<x51>[B] (+0) +0.548333333<x52>[B] (+1) +0.548333333<x53>[B] (+1) +0.548333333<x54>[B] (+1) +0.548333333<x55>[B] (+1) -0.548333333<x56>[B] (+1) +0.548333333<x57>[B] (+1) +0.548333333<x58>[B] (+1) +0.548333333<x59>[B] (+0) -0.548333333<x60>[B] (+0) -0.548333333<x61>[B] (+1) +0.548333333<x62>[B] (+1) +0.548333333<x63>[B] (+1) -0.548333333<x64>[B] (+1) -0.548333333<x65>[B] (+0) -0.548333333<x66>[B] (+1) +0.548333333<x67>[B] (+1) +0.548333333<x68>[B] (+0) -0.548333333<x69>[B] (+1) +0.548333333<x70>[B] (+1) -0.548333333<x71>[B] (+1) -0.548333333<x72>[B] (+0) -0.548333333<x73>[B] (+1) -0.548333333<x74>[B] (+0) +0.548333333<x75>[B] (+0) +0.548333333<x76>[B] (+0) -0.548333333<x77>[B] (+1) -0.548333333<x78>[B] (+1) +0.548333333<x79>[B] (+0) -0.548333333<x80>[B] (+0) -0.548333333<x81>[B] (+0) -0.548333333<x82>[B] (+1) -0.548333333<x83>[B] (+0) -0.548333333<x84>[B] (+0) -0.548333333<x85>[B] (+1) -0.548333333<x86>[B] (+0) -0.548333333<x87>[B] (+0) -0.548333333<x88>[B] (+0) -0.548333333<x89>[B] (+0) -0.548333333<x90>[B] (+1) -0.548333333<x91>[B] (+1) -0.548333333<x92>[B] (+0) -0.548333333<x93>[B] (+1) -0.548333333<x94>[B] (+0) -0.548333333<x95>[B] (+0) -0.548333333<x96>[B] (+0) -0.548333333<x97>[B] (+1) -0.548333333<x98>[B] (+1) -0.548333333<x99>[B] (+0) -0.548333333<x100>[B] (+0) -0.548333333<x101>[B] (+0) -0.548333333<x102>[B] (+1) -0.548333333<x103>[B] (+0) -0.548333333<x104>[B] (+0) -0.548333333<x105>[B] (+1) -0.548333333<x106>[B] (+0) -0.548333333<x107>[B] (+0) -0.548333333<x108>[B] (+0) -0.548333333<x109>[B] (+0) -0.548333333<x110>[B] (+1) -0.548333333<x111>[B] (+0) -0.548333333<x112>[B] (+0) +0.548333333<x113>[B] (+0) +0.548333333<x114>[B] (+0) +0.548333333<x115>[B] (+0) -0.548333333<x116>[B] (+0) +0.548333333<x117>[B] (+0) +0.548333333<x118>[B] (+0) +0.548333333<x119>[B] (+0) -0.548333333<x120>[B] (+0) -0.548333333<x121>[B] (+1) +0.548333333<x122>[B] (+0) +0.548333333<x123>[B] (+0) -0.548333333<x124>[B] (+0) -0.548333333<x125>[B] (+0) -0.548333333<x126>[B] (+0) -0.548333333<x127>[B] (+0) -0.548333333<x128>[B] (+0) -0.548333333<x129>[B] (+0) +0.548333333<x130>[B] (+1) +0.548333333<x131>[B] (+1) +0.548333333<x132>[B] (+1) +0.548333333<x133>[B] (+1) +0.548333333<x134>[B] (+1) +0.548333333<x135>[B] (+1) +0.548333333<x136>[B] (+1) +0.548333333<x137>[B] (+0) +0.548333333<x138>[B] (+0) +0.548333333<x139>[B] (+1) +0.548333333<x140>[B] (+1) +0.548333333<x141>[B] (+1) +0.548333333<x142>[B] (+1) +0.548333333<x143>[B] (+0) +0.548333333<x144>[B] (+1) +0.548333333<x145>[B] (+1) +0.548333333<x146>[B] (+0) +0.548333333<x147>[B] (+1) +0.548333333<x148>[B] (+0) +0.548333333<x149>[B] (+0) +0.548333333<x150>[B] (+0) -0.548333333<x151>[B] (+1) +0.548333333<x152>[B] (+1) +0.548333333<x153>[B] (+0) +0.548333333<x154>[B] (+0) -0.548333333<x155>[B] (+0) -0.548333333<x156>[B] (+1) +0.548333333<x157>[B] (+0) +0.548333333<x158>[B] (+0) -0.548333333<x159>[B] (+1) -0.548333333<x160>[B] (+0) -0.548333333<x161>[B] (+0) +0.548333333<x162>[B] (+0) +0.548333333<x163>[B] (+0) -0.548333333<x164>[B] (+1) +0.548333333<x165>[B] (+0) +0.548333333<x166>[B] (+0) -0.548333333<x167>[B] (+1) -0.548333333<x168>[B] (+1) +0.548333333<x169>[B] (+0) -0.548333333<x170>[B] (+0) -0.548333333<x171>[B] (+0) -0.548333333<x172>[B] (+1) -0.548333333<x173>[B] (+0) -0.548333333<x174>[B] (+0) -0.548333333<x175>[B] (+1) -0.548333333<x176>[B] (+0) -0.548333333<x177>[B] (+0) -0.548333333<x178>[B] (+0) -0.548333333<x179>[B] (+0) -0.548333333<x180>[B] (+1) -0.548333333<x181>[B] (+0) -0.548333333<x182>[B] (+1) -0.548333333<x183>[B] (+1) -0.548333333<x184>[B] (+0) -0.548333333<x185>[B] (+0) -0.548333333<x186>[B] (+0) -0.548333333<x187>[B] (+1) -0.548333333<x188>[B] (+0) -0.548333333<x189>[B] (+1) -0.548333333<x190>[B] (+1) -0.548333333<x191>[B] (+0) -0.548333333<x192>[B] (+0) -0.548333333<x193>[B] (+0) -0.548333333<x194>[B] (+0) -0.548333333<x195>[B] (+1) -0.548333333<x196>[B] (+1) -0.548333333<x197>[B] (+1) +0.548333333<x198>[B] (+0) -0.548333333<x199>[B] (+0) -0.548333333<x200>[B] (+0) -0.548333333<x201>[B] (+1) -0.548333333<x202>[B] (+0) -0.548333333<x203>[B] (+1) -0.548333333<x204>[B] (+1) -0.548333333<x205>[B] (+0) -0.548333333<x206>[B] (+0) -0.548333333<x207>[B] (+0) -0.548333333<x208>[B] (+0) -0.548333333<x209>[B] (+1) +0.548333333<x210>[B] (+1) +0.548333333<x211>[B] (+0) +0.548333333<x212>[B] (+0) +0.548333333<x213>[B] (+0) +0.548333333<x214>[B] (+1) +0.548333333<x215>[B] (+0) +0.548333333<x216>[B] (+0) +0.548333333<x217>[B] (+1) -0.548333333<x218>[B] (+0) +0.548333333<x219>[B] (+0) +0.548333333<x220>[B] (+0) +0.548333333<x221>[B] (+0) +0.548333333<x222>[B] (+1) +0.548333333<x223>[B] (+0) +0.548333333<x224>[B] (+0) -0.548333333<x225>[B] (+0) -0.548333333<x226>[B] (+1) +0.548333333<x227>[B] (+0) +0.548333333<x228>[B] (+0) -0.548333333<x229>[B] (+1) -0.548333333<x230>[B] (+0) -0.548333333<x231>[B] (+0) -0.548333333<x232>[B] (+0) -0.548333333<x233>[B] (+0) -0.548333333<x234>[B] (+1) -0.548333333<x235>[B] (+0) -0.548333333<x236>[B] (+0) -0.548333333<x237>[B] (+1) -0.548333333<x238>[B] (+1) -0.548333333<x239>[B] (+1) -0.548333333<x240>[B] (+1) -0.548333333<x241>[B] (+0) -0.548333333<x242>[B] (+1) -0.548333333<x243>[B] (+1) -0.548333333<x244>[B] (+0) -0.548333333<x245>[B] (+1) -0.548333333<x246>[B] (+0) -0.548333333<x247>[B] (+1) +0.548333333<x248>[B] (+1) +0.548333333<x249>[B] (+1) -0.548333333<x250>[B] (+1) -0.548333333<x251>[B] (+0) -0.548333333<x252>[B] (+1) -0.548333333<x253>[B] (+1) -0.548333333<x254>[B] (+0) -0.548333333<x255>[B] (+1) +0.548333333<x256>[B] (+1) +0.548333333<x257>[B] (+1) +0.548333333<x258>[B] (+1) -0.548333333<x259>[B] (+1) -0.548333333<x260>[B] (+0) +0.548333333<x261>[B] (+1) +0.548333333<x262>[B] (+1) +0.548333333<x263>[B] (+1) +0.548333333<x264>[B] (+1) +0.548333333<x265>[B] (+0) +0.548333333<x266>[B] (+0) -0.548333333<x267>[B] (+0) -0.548333333<x268>[B] (+0) -0.548333333<x269>[B] (+0) +0.548333333<x270>[B] (+0) +0.548333333<x271>[B] (+0) +0.548333333<x272>[B] (+0) -0.548333333<x273>[B] (+1) -0.548333333<x274>[B] (+1) -0.548333333<x275>[B] (+0) -0.548333333<x276>[B] (+1) -0.548333333<x277>[B] (+1) -0.548333333<x278>[B] (+0) -0.548333333<x279>[B] (+1) -0.548333333<x280>[B] (+1) -0.548333333<x281>[B] (+0) -0.548333333<x282>[B] (+0) -0.548333333<x283>[B] (+0) -0.548333333<x284>[B] (+0) -0.548333333<x285>[B] (+1) -0.548333333<x286>[B] (+0) +0.548333333<x287>[B] (+0) +0.548333333<x288>[B] (+0) +0.548333333<x289>[B] (+0) +0.548333333<x290>[B] (+1) +0.548333333<x291>[B] (+1) +0.548333333<x292>[B] (+1) +0.548333333<x293>[B] (+1) +0.548333333<x294>[B] (+1) +0.548333333<x295>[B] (+1) +0.548333333<x296>[B] (+0) +0.548333333<x297>[B] (+1) +0.548333333<x298>[B] (+0) -0.548333333<x299>[B] (+1) -0.548333333<x300>[B] (+1) >= 14.12;
;
violation: left hand side is violated by 0.269999999999946
4/6 feasible solutions given by solution candidate storage, new primal bound -4.077683e+02

presolving:
   (0.0s) symmetry computation started: requiring (bin +, int +, cont +), (fixed: bin -, int -, cont -)
   (0.0s) no symmetry present (symcode time: 0.00)
presolving (0 rounds: 0 fast, 0 medium, 0 exhaustive):
 0 deleted vars, 0 deleted constraints, 0 added constraints, 0 tightened bounds, 0 added holes, 0 changed sides, 0 changed coefficients
 0 implications, 0 cliques, 0 implied integral variables (0 bin, 0 int, 0 cont)
presolved problem has 320 variables (300 bin, 0 int, 20 cont) and 4651 constraints
   4651 constraints of type <linear>
Presolving Time: 0.01
transformed 4/4 original solutions to the transformed problem space

 time | node  | left  |LP iter|LP it/n|mem/heur|mdpt |vars |cons |rows |cuts |sepa|confs|strbr|  dualbound   | primalbound  |  gap   | compl. 
  0.1s|     1 |     0 |   386 |     - |    26M |   0 | 320 |4651 |4651 |   0 |  0 |   0 |   0 |-4.011321e+02 |-4.077683e+02 |   1.65%| unknown
  0.1s|     1 |     0 |   389 |     - |    27M |   0 | 320 |4651 |4652 |   1 |  1 |   0 |   0 |-4.011351e+02 |-4.077683e+02 |   1.65%| unknown
  0.2s|     1 |     0 |   391 |     - |    27M |   0 | 320 |4651 |4653 |   2 |  2 |   0 |   0 |-4.011381e+02 |-4.077683e+02 |   1.65%| unknown
  0.2s|     1 |     0 |   398 |     - |    28M |   0 | 320 |4651 |4654 |   3 |  3 |   0 |   0 |-4.011389e+02 |-4.077683e+02 |   1.65%| unknown
r 0.2s|     1 |     0 |   398 |     - |shifting|   0 | 320 |4651 |4654 |   3 |  3 |   0 |   0 |-4.011389e+02 |-4.077459e+02 |   1.65%| unknown
  0.2s|     1 |     0 |   400 |     - |    28M |   0 | 320 |4651 |4655 |   4 |  4 |   0 |   0 |-4.011417e+02 |-4.077459e+02 |   1.65%| unknown
d 0.2s|     1 |     0 |   400 |     - |farkasdi|   0 | 320 |4651 |4655 |   0 |  5 |   0 |   0 |-4.011417e+02 |-4.011417e+02 |   0.00%| unknown
  0.2s|     1 |     0 |   400 |     - |    28M |   0 | 320 |4651 |4655 |   4 |  5 |   0 |   0 |-4.011417e+02 |-4.011417e+02 |   0.00%| unknown

SCIP Status        : problem is solved [optimal solution found]
Solving Time (sec) : 0.25
Solving Nodes      : 1
Primal Bound       : -4.01141666666666e+02 (10 solutions)
Dual Bound         : -4.01141666666666e+02
Gap                : 0.00 %
