Loading instance...
Median ranking: [18, 15, 12, 4, 9, 5, 17, 20, 6, 3, 24, 7, 23, 14, 25, 10, 2, 16, 22, 8, 1, 11, 21, 19, 13]
Mean ranking: [18, 15, 12, 4, 9, 17, 20, 23, 5, 6, 3, 24, 14, 7, 25, 10, 2, 16, 22, 8, 1, 21, 11, 19, 13]
Actual error: 0.00027399728136945356
Weighted Kendall distance: 143.0
Normalized distance: 0.0275
conss, 0 impls, 0 clqs, 0 implints
   (0.0s) symmetry computation started: requiring (bin +, int +, cont +), (fixed: bin -, int -, cont -)
   (0.0s) no symmetry present (symcode time: 0.00)
presolving (2 rounds: 2 fast, 2 medium, 1 exhaustive):
 0 deleted vars, 4600 deleted constraints, 2300 added constraints, 0 tightened bounds, 0 added holes, 0 changed sides, 0 changed coefficients
 0 implications, 0 cliques, 0 implied integral variables (0 bin, 0 int, 0 cont)
presolved problem has 300 variables (0 bin, 0 int, 300 cont) and 2300 constraints
   2300 constraints of type <linear>
Presolving Time: 0.02
transformed 3/3 original solutions to the transformed problem space

 time | node  | left  |LP iter|LP it/n|mem/heur|mdpt |vars |cons |rows |cuts |sepa|confs|strbr|  dualbound   | primalbound  |  gap   | compl. 
* 0.0s|     1 |     0 |    70 |     - |    LP  |   0 | 300 |2300 |2300 |   0 |  0 |   0 |   0 | 1.188000e+03 | 1.188000e+03 |   0.00%| unknown
  0.0s|     1 |     0 |    70 |     - |    13M |   0 | 300 |2300 |2300 |   0 |  0 |   0 |   0 | 1.188000e+03 | 1.188000e+03 |   0.00%| unknown

SCIP Status        : problem is solved [optimal solution found]
Solving Time (sec) : 0.03
Solving Nodes      : 1
Primal Bound       : +1.18800000000000e+03 (4 solutions)
Dual Bound         : +1.18800000000000e+03
Gap                : 0.00 %
feasible solution found by trivial heuristic after 0.0 seconds, objective value 1.000000e+02
presolving:
   (0.0s) running MILP presolver
   (0.0s) MILP presolver (2 rounds): 0 aggregations, 0 fixings, 0 bound changes
(round 1, medium)     0 del vars, 4600 del conss, 2300 add conss, 0 chg bounds, 0 chg sides, 0 chg coeffs, 0 upgd conss, 0 impls, 0 clqs, 0 implints
   (0.0s) probing: 51/300 (17.0%) - 0 fixings, 0 aggregations, 0 implications, 0 bound changes
   (0.0s) probing aborted: 50/50 successive totally useless probings
   (0.0s) symmetry computation started: requiring (bin +, int +, cont +), (fixed: bin -, int -, cont -)
   (0.0s) no symmetry present (symcode time: 0.00)
presolving (2 rounds: 2 fast, 2 medium, 1 exhaustive):
 0 deleted vars, 4600 deleted constraints, 2300 added constraints, 0 tightened bounds, 0 added holes, 0 changed sides, 0 changed coefficients
 0 implications, 0 cliques, 0 implied integral variables (0 bin, 0 int, 0 cont)
presolved problem has 300 variables (300 bin, 0 int, 0 cont) and 2300 constraints
   2300 constraints of type <linear>
transformed objective value is always integral (scale: 2)
Presolving Time: 0.02
transformed 2/2 original solutions to the transformed problem space

 time | node  | left  |LP iter|LP it/n|mem/heur|mdpt |vars |cons |rows |cuts |sepa|confs|strbr|  dualbound   | primalbound  |  gap   | compl. 
p 0.0s|     1 |     0 |     0 |     - |   locks|   0 | 300 |2300 |2300 |   0 |  0 |   0 |   0 | 1.294000e+03 | 6.520000e+02 |  98.47%| unknown
i 0.0s|     1 |     0 |     0 |     - |  oneopt|   0 | 300 |2300 |2300 |   0 |  0 |   0 |   0 | 1.294000e+03 | 9.680000e+02 |  33.68%| unknown
* 0.0s|     1 |     0 |    66 |     - |    LP  |   0 | 300 |2300 |2300 |   0 |  0 |   0 |   0 | 1.188000e+03 | 1.188000e+03 |   0.00%| unknown
  0.0s|     1 |     0 |    66 |     - |    13M |   0 | 300 |2300 |2300 |   0 |  0 |   0 |   0 | 1.188000e+03 | 1.188000e+03 |   0.00%| unknown

SCIP Status        : problem is solved [optimal solution found]
Solving Time (sec) : 0.03
Solving Nodes      : 1
Primal Bound       : +1.18800000000000e+03 (5 solutions)
Dual Bound         : +1.18800000000000e+03
Gap                : 0.00 %
feasible solution found by trivial heuristic after 0.9 seconds, objective value -8.999900e+06
presolving:
(round 1, fast)       0 del vars, 0 del conss, 0 add conss, 180 chg bounds, 0 chg sides, 0 chg coeffs, 0 upgd conss, 0 impls, 0 clqs, 0 implints
   (8.4s) running MILP presolver
   (9.2s) MILP presolver (2 rounds): 0 aggregations, 0 fixings, 0 bound changes
(round 2, exhaustive) 0 del vars, 2300 del conss, 0 add conss, 180 chg bounds, 0 chg sides, 0 chg coeffs, 0 upgd conss, 0 impls, 0 clqs, 0 implints
   (19.7s) symmetry computation started: requiring (bin +, int +, cont +), (fixed: bin -, int -, cont -)
   (21.8s) no symmetry present (symcode time: 0.10)
presolving (3 rounds: 3 fast, 2 medium, 2 exhaustive):
 0 deleted vars, 2300 deleted constraints, 0 added constraints, 180 tightened bounds, 0 added holes, 0 changed sides, 0 changed coefficients
 0 implications, 0 cliques, 0 implied integral variables (0 bin, 0 int, 0 cont)
presolved problem has 390 variables (0 bin, 0 int, 390 cont) and 29300 constraints
  29300 constraints of type <linear>
Presolving Time: 21.51

 time | node  | left  |LP iter|LP it/n|mem/heur|mdpt |vars |cons |rows |cuts |sepa|confs|strbr|  dualbound   | primalbound  |  gap   | compl. 
t22.4s|     1 |     0 |     0 |     - | trivial|   0 | 390 |  29k|   0 |   0 |  0 |   0 |   0 | 1.294000e+03 |-1.340000e+04 |    Inf | unknown
*28.8s|     1 |     0 |  1654 |     - |    LP  |   0 | 390 |  29k|  29k|   0 |  0 |   0 |   0 |-2.829220e+03 |-2.829220e+03 |   0.00%| unknown
 28.8s|     1 |     0 |  1654 |     - |  3117M |   0 | 390 |  29k|  29k|   0 |  0 |   0 |   0 |-2.829220e+03 |-2.829220e+03 |   0.00%| unknown

SCIP Status        : problem is solved [optimal solution found]
Solving Time (sec) : 28.77
Solving Nodes      : 1
Primal Bound       : -2.82921961442786e+03 (3 solutions)
Dual Bound         : -2.82921961442786e+03
Gap                : 0.00 %
feasible solution found by trivial heuristic after 0.5 seconds, objective value -8.999900e+06
presolving:
(round 1, fast)       0 del vars, 0 del conss, 0 add conss, 180 chg bounds, 0 chg sides, 0 chg coeffs, 0 upgd conss, 0 impls, 0 clqs, 0 implints
   (5.7s) running MILP presolver
   (7.4s) MILP presolver (2 rounds): 0 aggregations, 0 fixings, 0 bound changes
(round 2, exhaustive) 0 del vars, 2300 del conss, 0 add conss, 180 chg bounds, 0 chg sides, 0 chg coeffs, 0 upgd conss, 0 impls, 0 clqs, 0 implints
   (19.2s) probing: 51/300 (17.0%) - 0 fixings, 0 aggregations, 0 implications, 0 bound changes
   (19.2s) probing aborted: 50/50 successive totally useless probings
   (19.7s) symmetry computation started: requiring (bin +, int +, cont +), (fixed: bin -, int -, cont -)
   (21.5s) no symmetry present (symcode time: 0.10)
presolving (3 rounds: 3 fast, 2 medium, 2 exhaustive):
 0 deleted vars, 2300 deleted constraints, 0 added constraints, 180 tightened bounds, 0 added holes, 0 changed sides, 0 changed coefficients
 0 implications, 0 cliques, 0 implied integral variables (0 bin, 0 int, 0 cont)
presolved problem has 390 variables (300 bin, 0 int, 90 cont) and 29300 constraints
  29300 constraints of type <linear>
Presolving Time: 21.53

 time | node  | left  |LP iter|LP it/n|mem/heur|mdpt |vars |cons |rows |cuts |sepa|confs|strbr|  dualbound   | primalbound  |  gap   | compl. 
t22.1s|     1 |     0 |     0 |     - | trivial|   0 | 390 |  29k|   0 |   0 |  0 |   0 |   0 | 1.294000e+03 |-1.340000e+04 |    Inf | unknown
p26.6s|     1 |     0 |    90 |     - |   locks|   0 | 390 |  29k|  29k|   0 |  0 |   0 |   0 | 1.294000e+03 |-3.877973e+03 |    Inf | unknown
 32.3s|     1 |     0 |  1744 |     - |  3122M |   0 | 390 |  29k|  29k|   0 |  0 |   0 |   0 |-2.829220e+03 |-3.877973e+03 |  37.07%| unknown
r33.4s|     1 |     0 |  1744 |     - |shifting|   0 | 390 |  29k|  29k|   0 |  0 |   0 |   0 |-2.829220e+03 |-2.949866e+03 |   4.26%| unknown
 33.9s|     1 |     0 |  1753 |     - |  3127M |   0 | 390 |  29k|  29k|   1 |  1 |   0 |   0 |-2.829223e+03 |-2.949866e+03 |   4.26%| unknown
 35.3s|     1 |     0 |  1766 |     - |  3130M |   0 | 390 |  29k|  29k|   2 |  2 |   0 |   0 |-2.829234e+03 |-2.949866e+03 |   4.26%| unknown
 36.5s|     1 |     0 |  1778 |     - |  3133M |   0 | 390 |  29k|  29k|   4 |  3 |   0 |   0 |-2.829238e+03 |-2.949866e+03 |   4.26%| unknown
 38.0s|     1 |     0 |  1790 |     - |  3136M |   0 | 390 |  29k|  29k|   6 |  4 |   0 |   0 |-2.829242e+03 |-2.949866e+03 |   4.26%| unknown
 39.2s|     1 |     0 |  1804 |     - |  3139M |   0 | 390 |  29k|  29k|   9 |  5 |   0 |   0 |-2.829247e+03 |-2.949866e+03 |   4.26%| unknown
 40.6s|     1 |     0 |  1815 |     - |  3142M |   0 | 390 |  29k|  29k|  11 |  6 |   0 |   0 |-2.829250e+03 |-2.949866e+03 |   4.26%| unknown
 41.8s|     1 |     0 |  1835 |     - |  3145M |   0 | 390 |  29k|  29k|  14 |  7 |   0 |   0 |-2.829256e+03 |-2.949866e+03 |   4.26%| unknown
 43.1s|     1 |     0 |  1845 |     - |  3148M |   0 | 390 |  29k|  29k|  16 |  8 |   0 |   0 |-2.829258e+03 |-2.949866e+03 |   4.26%| unknown
 44.4s|     1 |     0 |  1856 |     - |  3152M |   0 | 390 |  29k|  29k|  18 |  9 |   0 |   0 |-2.829263e+03 |-2.949866e+03 |   4.26%| unknown
r45.2s|     1 |     0 |  1856 |     - |shifting|   0 | 390 |  29k|  29k|  18 |  9 |   0 |   0 |-2.829263e+03 |-2.948334e+03 |   4.21%| unknown
 45.5s|     1 |     0 |  1878 |     - |  3155M |   0 | 390 |  29k|  29k|  21 | 10 |   0 |   0 |-2.829266e+03 |-2.948334e+03 |   4.21%| unknown
 time | node  | left  |LP iter|LP it/n|mem/heur|mdpt |vars |cons |rows |cuts |sepa|confs|strbr|  dualbound   | primalbound  |  gap   | compl. 
 46.9s|     1 |     0 |  1891 |     - |  3158M |   0 | 390 |  29k|  29k|  23 | 11 |   0 |   0 |-2.829270e+03 |-2.948334e+03 |   4.21%| unknown
r48.2s|     1 |     0 |  2051 |     - |intshift|   0 | 390 |  29k|  29k|  23 | 11 |   0 |   0 |-2.829270e+03 |-2.852813e+03 |   0.83%| unknown
d49.4s|     1 |     0 |  2407 |     - |farkasdi|   0 | 390 |  29k|  29k|   0 | 11 |   0 |   0 |-2.829270e+03 |-2.831173e+03 |   0.07%| unknown
L52.0s|     1 |     0 |  2407 |     - |    rens|   0 | 390 |  29k|  29k|  23 | 11 |   0 |   0 |-2.829270e+03 |-2.829457e+03 |   0.01%| unknown
 52.7s|     1 |     0 |  2407 |     - |  3138M |   0 | 390 |  29k|  29k|  23 | 11 |   0 |   0 |-2.829270e+03 |-2.829457e+03 |   0.01%| unknown
 55.1s|     1 |     0 |  2407 |     - |  3140M |   0 | 390 |  29k|  27k|  23 | 11 |   0 |   0 |-2.829270e+03 |-2.829457e+03 |   0.01%| unknown
 55.6s|     1 |     0 |  2407 |     - |  3136M |   0 | 390 |  23k|  27k|  23 | 12 |   0 |   0 |-2.829270e+03 |-2.829457e+03 |   0.01%| unknown
(run 1, node 1) restarting after 220 global fixings of integer variables

(restart) converted 23 cuts from the global cut pool into linear constraints

presolving:
(round 1, fast)       220 del vars, 0 del conss, 0 add conss, 0 chg bounds, 1386 chg sides, 2080 chg coeffs, 0 upgd conss, 0 impls, 286 clqs, 0 implints
(round 2, fast)       220 del vars, 0 del conss, 0 add conss, 90 chg bounds, 1386 chg sides, 2080 chg coeffs, 0 upgd conss, 0 impls, 286 clqs, 0 implints
   (58.7s) running MILP presolver
   (59.5s) MILP presolver (3 rounds): 0 aggregations, 0 fixings, 90 bound changes
(round 3, medium)     220 del vars, 0 del conss, 0 add conss, 180 chg bounds, 1386 chg sides, 2080 chg coeffs, 0 upgd conss, 0 impls, 286 clqs, 0 implints
(round 4, fast)       220 del vars, 108 del conss, 0 add conss, 180 chg bounds, 1841 chg sides, 2960 chg coeffs, 0 upgd conss, 0 impls, 286 clqs, 0 implints
(round 5, exhaustive) 220 del vars, 108 del conss, 0 add conss, 180 chg bounds, 1841 chg sides, 2960 chg coeffs, 286 upgd conss, 0 impls, 286 clqs, 0 implints
presolving (6 rounds: 6 fast, 3 medium, 2 exhaustive):
 220 deleted vars, 108 deleted constraints, 0 added constraints, 180 tightened bounds, 0 added holes, 1841 changed sides, 2960 changed coefficients
 0 implications, 286 cliques, 0 implied integral variables (0 bin, 0 int, 0 cont)
presolved problem has 170 variables (80 bin, 0 int, 90 cont) and 23662 constraints
    286 constraints of type <setppc>
  23376 constraints of type <linear>
Presolving Time: 26.53
transformed 13/19 original solutions to the transformed problem space

 time | node  | left  |LP iter|LP it/n|mem/heur|mdpt |vars |cons |rows |cuts |sepa|confs|strbr|  dualbound   | primalbound  |  gap   | compl. 
 68.0s|     1 |     0 |  3700 |     - |  3118M |   0 | 170 |  23k|  23k|   0 |  0 |   1 |   0 |-2.829270e+03 |-2.829457e+03 |   0.01%| unknown
 68.7s|     1 |     0 |  3700 |     - |  3119M |   0 | 170 |  23k|  23k|   0 |  0 |   2 |   0 |-2.829270e+03 |-2.829457e+03 |   0.01%| unknown
 68.9s|     1 |     0 |  3702 |     - |  3121M |   0 | 170 |  23k|  22k|   1 |  1 |   2 |   0 |-2.829270e+03 |-2.829457e+03 |   0.01%| unknown
 69.3s|     1 |     0 |  3720 |     - |  3123M |   0 | 170 |  23k|  22k|   3 |  2 |   2 |   0 |-2.829274e+03 |-2.829457e+03 |   0.01%| unknown
 69.8s|     1 |     0 |  3720 |     - |  3124M |   0 | 170 |  23k|  22k|   3 |  2 |   2 |   0 |-2.829274e+03 |-2.829457e+03 |   0.01%| unknown
 69.8s|     1 |     0 |  3735 |     - |  3126M |   0 | 170 |  23k|  22k|   5 |  3 |   2 |   0 |-2.829280e+03 |-2.829457e+03 |   0.01%| unknown
 70.3s|     1 |     0 |  3759 |     - |  3128M |   0 | 170 |  23k|  22k|   7 |  4 |   2 |   0 |-2.829284e+03 |-2.829457e+03 |   0.01%| unknown
 70.7s|     1 |     0 |  3759 |     - |  3128M |   0 | 170 |  23k|  22k|   7 |  4 |   2 |   0 |-2.829284e+03 |-2.829457e+03 |   0.01%| unknown
 70.8s|     1 |     0 |  3774 |     - |  3130M |   0 | 170 |  23k|  22k|   9 |  5 |   2 |   0 |-2.829285e+03 |-2.829457e+03 |   0.01%| unknown
 71.2s|     1 |     0 |  3784 |     - |  3133M |   0 | 170 |  23k|  22k|  11 |  6 |   2 |   0 |-2.829286e+03 |-2.829457e+03 |   0.01%| unknown
 71.6s|     1 |     0 |  3802 |     - |  3135M |   0 | 170 |  23k|  22k|  13 |  7 |   2 |   0 |-2.829289e+03 |-2.829457e+03 |   0.01%| unknown
 72.1s|     1 |     0 |  3814 |     - |  3137M |   0 | 170 |  23k|  22k|  14 |  8 |   2 |   0 |-2.829289e+03 |-2.829457e+03 |   0.01%| unknown
 72.6s|     1 |     0 |  3825 |     - |  3140M |   0 | 170 |  23k|  22k|  15 |  9 |   2 |   0 |-2.829291e+03 |-2.829457e+03 |   0.01%| unknown
 73.0s|     1 |     0 |  3847 |     - |  3142M |   0 | 170 |  23k|  22k|  19 | 10 |   2 |   0 |-2.829294e+03 |-2.829457e+03 |   0.01%| unknown
 73.5s|     1 |     0 |  3872 |     - |  3144M |   0 | 170 |  23k|  22k|  21 | 11 |   2 |   0 |-2.829297e+03 |-2.829457e+03 |   0.01%| unknown
 time | node  | left  |LP iter|LP it/n|mem/heur|mdpt |vars |cons |rows |cuts |sepa|confs|strbr|  dualbound   | primalbound  |  gap   | compl. 
 73.9s|     1 |     0 |  3872 |     - |  3124M |   0 | 170 |  19k|  22k|  21 | 11 |   2 |   0 |-2.829297e+03 |-2.829457e+03 |   0.01%| unknown
 74.6s|     1 |     0 |  4133 |     - |  3126M |   0 | 170 |  19k|  22k|  21 | 12 |   9 |   0 |-2.829457e+03 |-2.829457e+03 |   0.00%| unknown

SCIP Status        : problem is solved [optimal solution found]
Solving Time (sec) : 74.61
Solving Nodes      : 1 (total of 2 nodes in 2 runs)
Primal Bound       : -2.82945666666667e+03 (31 solutions)
Dual Bound         : -2.82945666666667e+03
Gap                : 0.00 %
feasible solution found by trivial heuristic after 0.0 seconds, objective value 0.000000e+00
presolving:
   (0.0s) symmetry computation started: requiring (bin +, int +, cont +), (fixed: bin -, int -, cont -)
   (0.0s) symmetry computation finished: 89 generators found (max: 1500, log10 of symmetry group size: 138.17) (symcode time: 0.00)
dynamic symmetry handling statistics:
   orbitopal reduction:       no components
   orbital reduction:         no components
   lexicographic reduction:   no permutations
handled 1 out of 1 symmetry components
presolving (0 rounds: 0 fast, 0 medium, 0 exhaustive):
 0 deleted vars, 0 deleted constraints, 0 added constraints, 0 tightened bounds, 0 added holes, 0 changed sides, 0 changed coefficients
 0 implications, 0 cliques, 0 implied integral variables (0 bin, 0 int, 0 cont)
presolved problem has 390 variables (300 bin, 0 int, 90 cont) and 4689 constraints
   4689 constraints of type <linear>
Presolving Time: 0.00
transformed 2/2 original solutions to the transformed problem space

 time | node  | left  |LP iter|LP it/n|mem/heur|mdpt |vars |cons |rows |cuts |sepa|confs|strbr|  dualbound   | primalbound  |  gap   | compl. 
t 0.0s|     1 |     0 |     0 |     - | trivial|   0 | 390 |4600 |   0 |   0 |  0 |   0 |   0 | 1.294000e+03 | 1.000000e+02 |1194.00%| unknown
i 0.0s|     1 |     0 |     0 |     - |  oneopt|   0 | 390 |4600 |4600 |   0 |  0 |   0 |   0 | 1.294000e+03 | 7.800000e+02 |  65.90%| unknown
* 0.0s|     1 |     0 |    66 |     - |    LP  |   0 | 390 |4600 |4600 |   0 |  0 |   0 |   0 | 1.188000e+03 | 1.188000e+03 |   0.00%| unknown
  0.0s|     1 |     0 |    66 |     - |    17M |   0 | 390 |4600 |4600 |   0 |  0 |   0 |   0 | 1.188000e+03 | 1.188000e+03 |   0.00%| unknown

SCIP Status        : problem is solved [optimal solution found]
Solving Time (sec) : 0.02
Solving Nodes      : 1
Primal Bound       : +1.18800000000000e+03 (5 solutions)
Dual Bound         : +1.18800000000000e+03
Gap                : 0.00 %
  [linear] <c4601>: <x301>[C] (+0) -0.628333333<x1>[B] (+0) +0.628333333<x2>[B] (+0) +0.628333333<x3>[B] (+0) +0.628333333<x4>[B] (+0) +0.628333333<x5>[B] (+0) -0.628333333<x6>[B] (+0) +0.628333333<x7>[B] (+0) +0.628333333<x8>[B] (+0) +0.628333333<x9>[B] (+0) +0.628333333<x10>[B] (+1) +0.628333333<x11>[B] (+0) +0.628333333<x12>[B] (+1) +0.628333333<x13>[B] (+0) +0.628333333<x14>[B] (+0) +0.628333333<x15>[B] (+0) +0.628333333<x16>[B] (+0) +0.628333333<x17>[B] (+0) -0.628333333<x18>[B] (+1) -0.628333333<x19>[B] (+0) -0.628333333<x20>[B] (+1) +0.628333333<x21>[B] (+0) +0.628333333<x22>[B] (+0) -0.628333333<x23>[B] (+0) +0.628333333<x24>[B] (+0) +0.628333333<x25>[B] (+0) +0.628333333<x26>[B] (+0) +0.628333333<x27>[B] (+0) +0.628333333<x28>[B] (+0) -0.628333333<x29>[B] (+0) +0.628333333<x30>[B] (+1) +0.628333333<x31>[B] (+0) +0.628333333<x32>[B] (+0) +0.628333333<x33>[B] (+1) +0.628333333<x34>[B] (+0) +0.628333333<x35>[B] (+1) +0.628333333<x36>[B] (+0) +0.628333333<x37>[B] (+0) +0.628333333<x38>[B] (+1) +0.628333333<x39>[B] (+0) +0.628333333<x40>[B] (+0) -0.628333333<x41>[B] (+1) -0.628333333<x42>[B] (+0) -0.628333333<x43>[B] (+1) +0.628333333<x44>[B] (+1) +0.628333333<x45>[B] (+0) -0.628333333<x46>[B] (+0) +0.628333333<x47>[B] (+0) +0.628333333<x48>[B] (+0) -0.628333333<x49>[B] (+0) +0.628333333<x50>[B] (+0) -0.628333333<x51>[B] (+1) +0.628333333<x52>[B] (+1) +0.628333333<x53>[B] (+0) +0.628333333<x54>[B] (+1) +0.628333333<x55>[B] (+1) +0.628333333<x56>[B] (+0) -0.628333333<x57>[B] (+1) -0.628333333<x58>[B] (+1) +0.628333333<x59>[B] (+0) -0.628333333<x60>[B] (+1) -0.628333333<x61>[B] (+0) -0.628333333<x62>[B] (+0) -0.628333333<x63>[B] (+1) -0.628333333<x64>[B] (+0) -0.628333333<x65>[B] (+1) +0.628333333<x66>[B] (+1) +0.628333333<x67>[B] (+1) -0.628333333<x68>[B] (+1) +0.628333333<x69>[B] (+1) -0.628333333<x70>[B] (+1) +0.628333333<x71>[B] (+1) -0.628333333<x72>[B] (+1) -0.628333333<x73>[B] (+1) -0.628333333<x74>[B] (+1) -0.628333333<x75>[B] (+1) -0.628333333<x76>[B] (+1) +0.628333333<x77>[B] (+0) -0.628333333<x78>[B] (+1) -0.628333333<x79>[B] (+1) -0.628333333<x80>[B] (+0) -0.628333333<x81>[B] (+1) -0.628333333<x82>[B] (+1) -0.628333333<x83>[B] (+0) -0.628333333<x84>[B] (+1) -0.628333333<x85>[B] (+1) -0.628333333<x86>[B] (+1) -0.628333333<x87>[B] (+1) -0.628333333<x88>[B] (+1) -0.628333333<x89>[B] (+1) -0.628333333<x90>[B] (+1) +0.628333333<x91>[B] (+1) -0.628333333<x92>[B] (+1) +0.628333333<x93>[B] (+1) +0.628333333<x94>[B] (+0) +0.628333333<x95>[B] (+1) +0.628333333<x96>[B] (+1) +0.628333333<x97>[B] (+0) -0.628333333<x98>[B] (+1) -0.628333333<x99>[B] (+1) +0.628333333<x100>[B] (+0) -0.628333333<x101>[B] (+1) -0.628333333<x102>[B] (+1) -0.628333333<x103>[B] (+0) -0.628333333<x104>[B] (+1) -0.628333333<x105>[B] (+1) -0.628333333<x106>[B] (+1) +0.628333333<x107>[B] (+1) +0.628333333<x108>[B] (+1) -0.628333333<x109>[B] (+1) +0.628333333<x110>[B] (+1) -0.628333333<x111>[B] (+1) -0.628333333<x112>[B] (+1) -0.628333333<x113>[B] (+0) -0.628333333<x114>[B] (+1) -0.628333333<x115>[B] (+1) +0.628333333<x116>[B] (+0) -0.628333333<x117>[B] (+1) -0.628333333<x118>[B] (+1) -0.628333333<x119>[B] (+0) -0.628333333<x120>[B] (+1) -0.628333333<x121>[B] (+0) -0.628333333<x122>[B] (+0) -0.628333333<x123>[B] (+1) -0.628333333<x124>[B] (+0) -0.628333333<x125>[B] (+1) -0.628333333<x126>[B] (+1) -0.628333333<x127>[B] (+1) -0.628333333<x128>[B] (+1) -0.628333333<x129>[B] (+1) +0.628333333<x130>[B] (+1) +0.628333333<x131>[B] (+0) +0.628333333<x132>[B] (+1) +0.628333333<x133>[B] (+1) +0.628333333<x134>[B] (+0) +0.628333333<x135>[B] (+1) +0.628333333<x136>[B] (+1) +0.628333333<x137>[B] (+0) +0.628333333<x138>[B] (+1) +0.628333333<x139>[B] (+0) +0.628333333<x140>[B] (+0) +0.628333333<x141>[B] (+1) +0.628333333<x142>[B] (+0) +0.628333333<x143>[B] (+1) +0.628333333<x144>[B] (+1) +0.628333333<x145>[B] (+1) -0.628333333<x146>[B] (+0) +0.628333333<x147>[B] (+1) +0.628333333<x148>[B] (+0) +0.628333333<x149>[B] (+0) +0.628333333<x150>[B] (+1) +0.628333333<x151>[B] (+0) -0.628333333<x152>[B] (+1) -0.628333333<x153>[B] (+0) +0.628333333<x154>[B] (+0) -0.628333333<x155>[B] (+0) -0.628333333<x156>[B] (+0) -0.628333333<x157>[B] (+0) -0.628333333<x158>[B] (+1) -0.628333333<x159>[B] (+0) -0.628333333<x160>[B] (+1) +0.628333333<x161>[B] (+0) +0.628333333<x162>[B] (+0) -0.628333333<x163>[B] (+0) +0.628333333<x164>[B] (+0) -0.628333333<x165>[B] (+1) +0.628333333<x166>[B] (+1) +0.628333333<x167>[B] (+0) -0.628333333<x168>[B] (+1) -0.628333333<x169>[B] (+1) +0.628333333<x170>[B] (+0) -0.628333333<x171>[B] (+1) -0.628333333<x172>[B] (+1) -0.628333333<x173>[B] (+0) -0.628333333<x174>[B] (+1) -0.628333333<x175>[B] (+1) -0.628333333<x176>[B] (+1) -0.628333333<x177>[B] (+1) +0.628333333<x178>[B] (+1) -0.628333333<x179>[B] (+1) +0.628333333<x180>[B] (+1) +0.628333333<x181>[B] (+1) +0.628333333<x182>[B] (+0) -0.628333333<x183>[B] (+1) -0.628333333<x184>[B] (+0) +0.628333333<x185>[B] (+0) -0.628333333<x186>[B] (+1) -0.628333333<x187>[B] (+0) -0.628333333<x188>[B] (+0) -0.628333333<x189>[B] (+1) -0.628333333<x190>[B] (+0) -0.628333333<x191>[B] (+1) +0.628333333<x192>[B] (+1) +0.628333333<x193>[B] (+0) -0.628333333<x194>[B] (+0) +0.628333333<x195>[B] (+0) +0.628333333<x196>[B] (+0) -0.628333333<x197>[B] (+1) -0.628333333<x198>[B] (+0) +0.628333333<x199>[B] (+0) -0.628333333<x200>[B] (+0) -0.628333333<x201>[B] (+0) -0.628333333<x202>[B] (+0) -0.628333333<x203>[B] (+1) -0.628333333<x204>[B] (+0) -0.628333333<x205>[B] (+1) -0.628333333<x206>[B] (+0) +0.628333333<x207>[B] (+0) -0.628333333<x208>[B] (+0) +0.628333333<x209>[B] (+0) -0.628333333<x210>[B] (+1) -0.628333333<x211>[B] (+1) -0.628333333<x212>[B] (+0) -0.628333333<x213>[B] (+1) -0.628333333<x214>[B] (+1) -0.628333333<x215>[B] (+0) -0.628333333<x216>[B] (+1) -0.628333333<x217>[B] (+1) -0.628333333<x218>[B] (+1) -0.628333333<x219>[B] (+1) -0.628333333<x220>[B] (+1) -0.628333333<x221>[B] (+1) -0.628333333<x222>[B] (+1) +0.628333333<x223>[B] (+0) +0.628333333<x224>[B] (+0) +0.628333333<x225>[B] (+0) +0.628333333<x226>[B] (+0) +0.628333333<x227>[B] (+0) -0.628333333<x228>[B] (+0) -0.628333333<x229>[B] (+0) -0.628333333<x230>[B] (+0) +0.628333333<x231>[B] (+0) +0.628333333<x232>[B] (+0) -0.628333333<x233>[B] (+0) +0.628333333<x234>[B] (+0) +0.628333333<x235>[B] (+0) -0.628333333<x236>[B] (+1) +0.628333333<x237>[B] (+0) +0.628333333<x238>[B] (+0) -0.628333333<x239>[B] (+1) -0.628333333<x240>[B] (+0) -0.628333333<x241>[B] (+1) +0.628333333<x242>[B] (+1) +0.628333333<x243>[B] (+0) -0.628333333<x244>[B] (+0) +0.628333333<x245>[B] (+1) -0.628333333<x246>[B] (+1) -0.628333333<x247>[B] (+1) -0.628333333<x248>[B] (+0) -0.628333333<x249>[B] (+1) -0.628333333<x250>[B] (+1) -0.628333333<x251>[B] (+1) -0.628333333<x252>[B] (+1) +0.628333333<x253>[B] (+1) -0.628333333<x254>[B] (+1) +0.628333333<x255>[B] (+1) +0.628333333<x256>[B] (+0) +0.628333333<x257>[B] (+0) -0.628333333<x258>[B] (+1) -0.628333333<x259>[B] (+0) -0.628333333<x260>[B] (+1) +0.628333333<x261>[B] (+1) +0.628333333<x262>[B] (+0) -0.628333333<x263>[B] (+0) +0.628333333<x264>[B] (+0) -0.628333333<x265>[B] (+0) -0.628333333<x266>[B] (+1) -0.628333333<x267>[B] (+1) -0.628333333<x268>[B] (+1) +0.628333333<x269>[B] (+1) +0.628333333<x270>[B] (+1) -0.628333333<x271>[B] (+1) +0.628333333<x272>[B] (+1) -0.628333333<x273>[B] (+1) -0.628333333<x274>[B] (+1) -0.628333333<x275>[B] (+1) +0.628333333<x276>[B] (+1) +0.628333333<x277>[B] (+1) -0.628333333<x278>[B] (+1) +0.628333333<x279>[B] (+1) -0.628333333<x280>[B] (+0) -0.628333333<x281>[B] (+0) +0.628333333<x282>[B] (+0) +0.628333333<x283>[B] (+0) -0.628333333<x284>[B] (+0) +0.628333333<x285>[B] (+0) -0.628333333<x286>[B] (+1) +0.628333333<x287>[B] (+1) +0.628333333<x288>[B] (+1) -0.628333333<x289>[B] (+1) +0.628333333<x290>[B] (+1) +0.628333333<x291>[B] (+0) +0.628333333<x292>[B] (+0) -0.628333333<x293>[B] (+0) +0.628333333<x294>[B] (+0) +0.628333333<x295>[B] (+0) -0.628333333<x296>[B] (+0) +0.628333333<x297>[B] (+0) -0.628333333<x298>[B] (+0) +0.628333333<x299>[B] (+1) +0.628333333<x300>[B] (+1) >= 28.7466666666667;
;
violation: left hand side is violated by 59.535
  [linear] <c4601>: <x301>[C] (+0) -0.628333333<x1>[B] (+0) +0.628333333<x2>[B] (+0) +0.628333333<x3>[B] (+0) +0.628333333<x4>[B] (+0) +0.628333333<x5>[B] (+1) -0.628333333<x6>[B] (+1) +0.628333333<x7>[B] (+1) +0.628333333<x8>[B] (+1) +0.628333333<x9>[B] (+1) +0.628333333<x10>[B] (+1) +0.628333333<x11>[B] (+1) +0.628333333<x12>[B] (+1) +0.628333333<x13>[B] (+1) +0.628333333<x14>[B] (+0) +0.628333333<x15>[B] (+1) +0.628333333<x16>[B] (+1) +0.628333333<x17>[B] (+1) -0.628333333<x18>[B] (+1) -0.628333333<x19>[B] (+1) -0.628333333<x20>[B] (+1) +0.628333333<x21>[B] (+1) +0.628333333<x22>[B] (+1) -0.628333333<x23>[B] (+1) +0.628333333<x24>[B] (+1) +0.628333333<x25>[B] (+1) +0.628333333<x26>[B] (+0) +0.628333333<x27>[B] (+1) +0.628333333<x28>[B] (+1) -0.628333333<x29>[B] (+1) +0.628333333<x30>[B] (+1) +0.628333333<x31>[B] (+1) +0.628333333<x32>[B] (+1) +0.628333333<x33>[B] (+1) +0.628333333<x34>[B] (+1) +0.628333333<x35>[B] (+1) +0.628333333<x36>[B] (+1) +0.628333333<x37>[B] (+0) +0.628333333<x38>[B] (+1) +0.628333333<x39>[B] (+1) +0.628333333<x40>[B] (+1) -0.628333333<x41>[B] (+1) -0.628333333<x42>[B] (+1) -0.628333333<x43>[B] (+1) +0.628333333<x44>[B] (+1) +0.628333333<x45>[B] (+1) -0.628333333<x46>[B] (+1) +0.628333333<x47>[B] (+1) +0.628333333<x48>[B] (+0) -0.628333333<x49>[B] (+1) +0.628333333<x50>[B] (+1) -0.628333333<x51>[B] (+1) +0.628333333<x52>[B] (+1) +0.628333333<x53>[B] (+1) +0.628333333<x54>[B] (+1) +0.628333333<x55>[B] (+1) +0.628333333<x56>[B] (+1) -0.628333333<x57>[B] (+1) -0.628333333<x58>[B] (+1) +0.628333333<x59>[B] (+0) -0.628333333<x60>[B] (+1) -0.628333333<x61>[B] (+1) -0.628333333<x62>[B] (+1) -0.628333333<x63>[B] (+1) -0.628333333<x64>[B] (+1) -0.628333333<x65>[B] (+1) +0.628333333<x66>[B] (+1) +0.628333333<x67>[B] (+1) -0.628333333<x68>[B] (+1) +0.628333333<x69>[B] (+1) -0.628333333<x70>[B] (+1) +0.628333333<x71>[B] (+1) -0.628333333<x72>[B] (+1) -0.628333333<x73>[B] (+1) -0.628333333<x74>[B] (+1) -0.628333333<x75>[B] (+1) -0.628333333<x76>[B] (+1) +0.628333333<x77>[B] (+1) -0.628333333<x78>[B] (+1) -0.628333333<x79>[B] (+1) -0.628333333<x80>[B] (+0) -0.628333333<x81>[B] (+1) -0.628333333<x82>[B] (+1) -0.628333333<x83>[B] (+1) -0.628333333<x84>[B] (+1) -0.628333333<x85>[B] (+1) -0.628333333<x86>[B] (+1) -0.628333333<x87>[B] (+1) -0.628333333<x88>[B] (+1) -0.628333333<x89>[B] (+1) -0.628333333<x90>[B] (+1) +0.628333333<x91>[B] (+1) -0.628333333<x92>[B] (+1) +0.628333333<x93>[B] (+1) +0.628333333<x94>[B] (+1) +0.628333333<x95>[B] (+1) +0.628333333<x96>[B] (+1) +0.628333333<x97>[B] (+1) -0.628333333<x98>[B] (+1) -0.628333333<x99>[B] (+1) +0.628333333<x100>[B] (+0) -0.628333333<x101>[B] (+1) -0.628333333<x102>[B] (+1) -0.628333333<x103>[B] (+1) -0.628333333<x104>[B] (+1) -0.628333333<x105>[B] (+1) -0.628333333<x106>[B] (+1) +0.628333333<x107>[B] (+1) +0.628333333<x108>[B] (+1) -0.628333333<x109>[B] (+1) +0.628333333<x110>[B] (+1) -0.628333333<x111>[B] (+1) -0.628333333<x112>[B] (+1) -0.628333333<x113>[B] (+0) -0.628333333<x114>[B] (+1) -0.628333333<x115>[B] (+1) +0.628333333<x116>[B] (+1) -0.628333333<x117>[B] (+1) -0.628333333<x118>[B] (+1) -0.628333333<x119>[B] (+0) -0.628333333<x120>[B] (+1) -0.628333333<x121>[B] (+1) -0.628333333<x122>[B] (+1) -0.628333333<x123>[B] (+1) -0.628333333<x124>[B] (+1) -0.628333333<x125>[B] (+1) -0.628333333<x126>[B] (+1) -0.628333333<x127>[B] (+1) -0.628333333<x128>[B] (+1) -0.628333333<x129>[B] (+1) +0.628333333<x130>[B] (+1) +0.628333333<x131>[B] (+0) +0.628333333<x132>[B] (+1) +0.628333333<x133>[B] (+1) +0.628333333<x134>[B] (+1) +0.628333333<x135>[B] (+1) +0.628333333<x136>[B] (+1) +0.628333333<x137>[B] (+0) +0.628333333<x138>[B] (+1) +0.628333333<x139>[B] (+1) +0.628333333<x140>[B] (+0) +0.628333333<x141>[B] (+1) +0.628333333<x142>[B] (+1) +0.628333333<x143>[B] (+1) +0.628333333<x144>[B] (+1) +0.628333333<x145>[B] (+1) -0.628333333<x146>[B] (+1) +0.628333333<x147>[B] (+1) +0.628333333<x148>[B] (+0) +0.628333333<x149>[B] (+1) +0.628333333<x150>[B] (+1) +0.628333333<x151>[B] (+0) -0.628333333<x152>[B] (+1) -0.628333333<x153>[B] (+1) +0.628333333<x154>[B] (+0) -0.628333333<x155>[B] (+1) -0.628333333<x156>[B] (+1) -0.628333333<x157>[B] (+0) -0.628333333<x158>[B] (+1) -0.628333333<x159>[B] (+1) -0.628333333<x160>[B] (+1) +0.628333333<x161>[B] (+1) +0.628333333<x162>[B] (+1) -0.628333333<x163>[B] (+1) +0.628333333<x164>[B] (+1) -0.628333333<x165>[B] (+1) +0.628333333<x166>[B] (+1) +0.628333333<x167>[B] (+1) -0.628333333<x168>[B] (+1) -0.628333333<x169>[B] (+1) +0.628333333<x170>[B] (+0) -0.628333333<x171>[B] (+1) -0.628333333<x172>[B] (+1) -0.628333333<x173>[B] (+1) -0.628333333<x174>[B] (+1) -0.628333333<x175>[B] (+1) -0.628333333<x176>[B] (+1) -0.628333333<x177>[B] (+1) +0.628333333<x178>[B] (+1) -0.628333333<x179>[B] (+1) +0.628333333<x180>[B] (+1) +0.628333333<x181>[B] (+1) +0.628333333<x182>[B] (+0) -0.628333333<x183>[B] (+1) -0.628333333<x184>[B] (+1) +0.628333333<x185>[B] (+0) -0.628333333<x186>[B] (+1) -0.628333333<x187>[B] (+1) -0.628333333<x188>[B] (+0) -0.628333333<x189>[B] (+1) -0.628333333<x190>[B] (+1) -0.628333333<x191>[B] (+1) +0.628333333<x192>[B] (+1) +0.628333333<x193>[B] (+1) -0.628333333<x194>[B] (+1) +0.628333333<x195>[B] (+1) +0.628333333<x196>[B] (+0) -0.628333333<x197>[B] (+1) -0.628333333<x198>[B] (+0) +0.628333333<x199>[B] (+0) -0.628333333<x200>[B] (+0) -0.628333333<x201>[B] (+0) -0.628333333<x202>[B] (+0) -0.628333333<x203>[B] (+1) -0.628333333<x204>[B] (+0) -0.628333333<x205>[B] (+1) -0.628333333<x206>[B] (+1) +0.628333333<x207>[B] (+1) -0.628333333<x208>[B] (+1) +0.628333333<x209>[B] (+1) -0.628333333<x210>[B] (+1) -0.628333333<x211>[B] (+1) -0.628333333<x212>[B] (+0) -0.628333333<x213>[B] (+1) -0.628333333<x214>[B] (+1) -0.628333333<x215>[B] (+0) -0.628333333<x216>[B] (+1) -0.628333333<x217>[B] (+1) -0.628333333<x218>[B] (+1) -0.628333333<x219>[B] (+1) -0.628333333<x220>[B] (+1) -0.628333333<x221>[B] (+1) -0.628333333<x222>[B] (+1) +0.628333333<x223>[B] (+0) +0.628333333<x224>[B] (+0) +0.628333333<x225>[B] (+0) +0.628333333<x226>[B] (+0) +0.628333333<x227>[B] (+0) -0.628333333<x228>[B] (+0) -0.628333333<x229>[B] (+0) -0.628333333<x230>[B] (+0) +0.628333333<x231>[B] (+0) +0.628333333<x232>[B] (+0) -0.628333333<x233>[B] (+0) +0.628333333<x234>[B] (+0) +0.628333333<x235>[B] (+0) -0.628333333<x236>[B] (+1) +0.628333333<x237>[B] (+1) +0.628333333<x238>[B] (+0) -0.628333333<x239>[B] (+1) -0.628333333<x240>[B] (+1) -0.628333333<x241>[B] (+1) +0.628333333<x242>[B] (+1) +0.628333333<x243>[B] (+1) -0.628333333<x244>[B] (+1) +0.628333333<x245>[B] (+1) -0.628333333<x246>[B] (+1) -0.628333333<x247>[B] (+1) -0.628333333<x248>[B] (+1) -0.628333333<x249>[B] (+1) -0.628333333<x250>[B] (+1) -0.628333333<x251>[B] (+1) -0.628333333<x252>[B] (+1) +0.628333333<x253>[B] (+1) -0.628333333<x254>[B] (+1) +0.628333333<x255>[B] (+1) +0.628333333<x256>[B] (+1) +0.628333333<x257>[B] (+0) -0.628333333<x258>[B] (+1) -0.628333333<x259>[B] (+1) -0.628333333<x260>[B] (+1) +0.628333333<x261>[B] (+1) +0.628333333<x262>[B] (+1) -0.628333333<x263>[B] (+1) +0.628333333<x264>[B] (+1) -0.628333333<x265>[B] (+0) -0.628333333<x266>[B] (+1) -0.628333333<x267>[B] (+1) -0.628333333<x268>[B] (+1) +0.628333333<x269>[B] (+1) +0.628333333<x270>[B] (+1) -0.628333333<x271>[B] (+1) +0.628333333<x272>[B] (+1) -0.628333333<x273>[B] (+1) -0.628333333<x274>[B] (+1) -0.628333333<x275>[B] (+1) +0.628333333<x276>[B] (+1) +0.628333333<x277>[B] (+1) -0.628333333<x278>[B] (+1) +0.628333333<x279>[B] (+1) -0.628333333<x280>[B] (+0) -0.628333333<x281>[B] (+1) +0.628333333<x282>[B] (+1) +0.628333333<x283>[B] (+1) -0.628333333<x284>[B] (+1) +0.628333333<x285>[B] (+1) -0.628333333<x286>[B] (+1) +0.628333333<x287>[B] (+1) +0.628333333<x288>[B] (+1) -0.628333333<x289>[B] (+1) +0.628333333<x290>[B] (+1) +0.628333333<x291>[B] (+0) +0.628333333<x292>[B] (+0) -0.628333333<x293>[B] (+0) +0.628333333<x294>[B] (+0) +0.628333333<x295>[B] (+1) -0.628333333<x296>[B] (+1) +0.628333333<x297>[B] (+1) -0.628333333<x298>[B] (+1) +0.628333333<x299>[B] (+1) +0.628333333<x300>[B] (+1) >= 28.7466666666667;
;
violation: left hand side is violated by 50.11
  [linear] <c4601>: <x301>[C] (+0) -0.628333333<x1>[B] (+1) +0.628333333<x2>[B] (+1) +0.628333333<x3>[B] (+1) +0.628333333<x4>[B] (+1) +0.628333333<x5>[B] (+1) -0.628333333<x6>[B] (+1) +0.628333333<x7>[B] (+1) +0.628333333<x8>[B] (+1) +0.628333333<x9>[B] (+1) +0.628333333<x10>[B] (+1) +0.628333333<x11>[B] (+1) +0.628333333<x12>[B] (+1) +0.628333333<x13>[B] (+1) +0.628333333<x14>[B] (+1) +0.628333333<x15>[B] (+1) +0.628333333<x16>[B] (+1) +0.628333333<x17>[B] (+1) -0.628333333<x18>[B] (+1) -0.628333333<x19>[B] (+1) -0.628333333<x20>[B] (+1) +0.628333333<x21>[B] (+1) +0.628333333<x22>[B] (+1) -0.628333333<x23>[B] (+1) +0.628333333<x24>[B] (+1) +0.628333333<x25>[B] (+1) +0.628333333<x26>[B] (+1) +0.628333333<x27>[B] (+1) +0.628333333<x28>[B] (+1) -0.628333333<x29>[B] (+1) +0.628333333<x30>[B] (+1) +0.628333333<x31>[B] (+1) +0.628333333<x32>[B] (+1) +0.628333333<x33>[B] (+1) +0.628333333<x34>[B] (+1) +0.628333333<x35>[B] (+1) +0.628333333<x36>[B] (+1) +0.628333333<x37>[B] (+1) +0.628333333<x38>[B] (+1) +0.628333333<x39>[B] (+1) +0.628333333<x40>[B] (+1) -0.628333333<x41>[B] (+1) -0.628333333<x42>[B] (+1) -0.628333333<x43>[B] (+1) +0.628333333<x44>[B] (+1) +0.628333333<x45>[B] (+1) -0.628333333<x46>[B] (+1) +0.628333333<x47>[B] (+1) +0.628333333<x48>[B] (+1) -0.628333333<x49>[B] (+1) +0.628333333<x50>[B] (+1) -0.628333333<x51>[B] (+1) +0.628333333<x52>[B] (+1) +0.628333333<x53>[B] (+1) +0.628333333<x54>[B] (+1) +0.628333333<x55>[B] (+1) +0.628333333<x56>[B] (+1) -0.628333333<x57>[B] (+1) -0.628333333<x58>[B] (+1) +0.628333333<x59>[B] (+1) -0.628333333<x60>[B] (+1) -0.628333333<x61>[B] (+1) -0.628333333<x62>[B] (+1) -0.628333333<x63>[B] (+1) -0.628333333<x64>[B] (+1) -0.628333333<x65>[B] (+1) +0.628333333<x66>[B] (+1) +0.628333333<x67>[B] (+1) -0.628333333<x68>[B] (+1) +0.628333333<x69>[B] (+1) -0.628333333<x70>[B] (+1) +0.628333333<x71>[B] (+1) -0.628333333<x72>[B] (+1) -0.628333333<x73>[B] (+1) -0.628333333<x74>[B] (+1) -0.628333333<x75>[B] (+1) -0.628333333<x76>[B] (+1) +0.628333333<x77>[B] (+1) -0.628333333<x78>[B] (+1) -0.628333333<x79>[B] (+1) -0.628333333<x80>[B] (+1) -0.628333333<x81>[B] (+1) -0.628333333<x82>[B] (+1) -0.628333333<x83>[B] (+1) -0.628333333<x84>[B] (+1) -0.628333333<x85>[B] (+1) -0.628333333<x86>[B] (+1) -0.628333333<x87>[B] (+1) -0.628333333<x88>[B] (+1) -0.628333333<x89>[B] (+1) -0.628333333<x90>[B] (+1) +0.628333333<x91>[B] (+1) -0.628333333<x92>[B] (+1) +0.628333333<x93>[B] (+1) +0.628333333<x94>[B] (+1) +0.628333333<x95>[B] (+1) +0.628333333<x96>[B] (+1) +0.628333333<x97>[B] (+1) -0.628333333<x98>[B] (+1) -0.628333333<x99>[B] (+1) +0.628333333<x100>[B] (+1) -0.628333333<x101>[B] (+1) -0.628333333<x102>[B] (+1) -0.628333333<x103>[B] (+1) -0.628333333<x104>[B] (+1) -0.628333333<x105>[B] (+1) -0.628333333<x106>[B] (+1) +0.628333333<x107>[B] (+1) +0.628333333<x108>[B] (+1) -0.628333333<x109>[B] (+1) +0.628333333<x110>[B] (+1) -0.628333333<x111>[B] (+1) -0.628333333<x112>[B] (+1) -0.628333333<x113>[B] (+1) -0.628333333<x114>[B] (+1) -0.628333333<x115>[B] (+1) +0.628333333<x116>[B] (+1) -0.628333333<x117>[B] (+1) -0.628333333<x118>[B] (+1) -0.628333333<x119>[B] (+1) -0.628333333<x120>[B] (+1) -0.628333333<x121>[B] (+1) -0.628333333<x122>[B] (+1) -0.628333333<x123>[B] (+1) -0.628333333<x124>[B] (+1) -0.628333333<x125>[B] (+1) -0.628333333<x126>[B] (+1) -0.628333333<x127>[B] (+1) -0.628333333<x128>[B] (+1) -0.628333333<x129>[B] (+1) +0.628333333<x130>[B] (+1) +0.628333333<x131>[B] (+1) +0.628333333<x132>[B] (+1) +0.628333333<x133>[B] (+1) +0.628333333<x134>[B] (+1) +0.628333333<x135>[B] (+1) +0.628333333<x136>[B] (+1) +0.628333333<x137>[B] (+1) +0.628333333<x138>[B] (+1) +0.628333333<x139>[B] (+1) +0.628333333<x140>[B] (+1) +0.628333333<x141>[B] (+1) +0.628333333<x142>[B] (+1) +0.628333333<x143>[B] (+1) +0.628333333<x144>[B] (+1) +0.628333333<x145>[B] (+1) -0.628333333<x146>[B] (+1) +0.628333333<x147>[B] (+1) +0.628333333<x148>[B] (+1) +0.628333333<x149>[B] (+1) +0.628333333<x150>[B] (+1) +0.628333333<x151>[B] (+1) -0.628333333<x152>[B] (+1) -0.628333333<x153>[B] (+1) +0.628333333<x154>[B] (+1) -0.628333333<x155>[B] (+1) -0.628333333<x156>[B] (+1) -0.628333333<x157>[B] (+1) -0.628333333<x158>[B] (+1) -0.628333333<x159>[B] (+1) -0.628333333<x160>[B] (+1) +0.628333333<x161>[B] (+1) +0.628333333<x162>[B] (+1) -0.628333333<x163>[B] (+1) +0.628333333<x164>[B] (+1) -0.628333333<x165>[B] (+1) +0.628333333<x166>[B] (+1) +0.628333333<x167>[B] (+1) -0.628333333<x168>[B] (+1) -0.628333333<x169>[B] (+1) +0.628333333<x170>[B] (+1) -0.628333333<x171>[B] (+1) -0.628333333<x172>[B] (+1) -0.628333333<x173>[B] (+1) -0.628333333<x174>[B] (+1) -0.628333333<x175>[B] (+1) -0.628333333<x176>[B] (+1) -0.628333333<x177>[B] (+1) +0.628333333<x178>[B] (+1) -0.628333333<x179>[B] (+1) +0.628333333<x180>[B] (+1) +0.628333333<x181>[B] (+1) +0.628333333<x182>[B] (+1) -0.628333333<x183>[B] (+1) -0.628333333<x184>[B] (+1) +0.628333333<x185>[B] (+1) -0.628333333<x186>[B] (+1) -0.628333333<x187>[B] (+1) -0.628333333<x188>[B] (+1) -0.628333333<x189>[B] (+1) -0.628333333<x190>[B] (+1) -0.628333333<x191>[B] (+1) +0.628333333<x192>[B] (+1) +0.628333333<x193>[B] (+1) -0.628333333<x194>[B] (+1) +0.628333333<x195>[B] (+1) +0.628333333<x196>[B] (+1) -0.628333333<x197>[B] (+1) -0.628333333<x198>[B] (+1) +0.628333333<x199>[B] (+1) -0.628333333<x200>[B] (+1) -0.628333333<x201>[B] (+1) -0.628333333<x202>[B] (+1) -0.628333333<x203>[B] (+1) -0.628333333<x204>[B] (+1) -0.628333333<x205>[B] (+1) -0.628333333<x206>[B] (+1) +0.628333333<x207>[B] (+1) -0.628333333<x208>[B] (+1) +0.628333333<x209>[B] (+1) -0.628333333<x210>[B] (+1) -0.628333333<x211>[B] (+1) -0.628333333<x212>[B] (+1) -0.628333333<x213>[B] (+1) -0.628333333<x214>[B] (+1) -0.628333333<x215>[B] (+1) -0.628333333<x216>[B] (+1) -0.628333333<x217>[B] (+1) -0.628333333<x218>[B] (+1) -0.628333333<x219>[B] (+1) -0.628333333<x220>[B] (+1) -0.628333333<x221>[B] (+1) -0.628333333<x222>[B] (+1) +0.628333333<x223>[B] (+1) +0.628333333<x224>[B] (+1) +0.628333333<x225>[B] (+1) +0.628333333<x226>[B] (+1) +0.628333333<x227>[B] (+1) -0.628333333<x228>[B] (+1) -0.628333333<x229>[B] (+1) -0.628333333<x230>[B] (+1) +0.628333333<x231>[B] (+1) +0.628333333<x232>[B] (+1) -0.628333333<x233>[B] (+1) +0.628333333<x234>[B] (+1) +0.628333333<x235>[B] (+1) -0.628333333<x236>[B] (+1) +0.628333333<x237>[B] (+1) +0.628333333<x238>[B] (+1) -0.628333333<x239>[B] (+1) -0.628333333<x240>[B] (+1) -0.628333333<x241>[B] (+1) +0.628333333<x242>[B] (+1) +0.628333333<x243>[B] (+1) -0.628333333<x244>[B] (+1) +0.628333333<x245>[B] (+1) -0.628333333<x246>[B] (+1) -0.628333333<x247>[B] (+1) -0.628333333<x248>[B] (+1) -0.628333333<x249>[B] (+1) -0.628333333<x250>[B] (+1) -0.628333333<x251>[B] (+1) -0.628333333<x252>[B] (+1) +0.628333333<x253>[B] (+1) -0.628333333<x254>[B] (+1) +0.628333333<x255>[B] (+1) +0.628333333<x256>[B] (+1) +0.628333333<x257>[B] (+1) -0.628333333<x258>[B] (+1) -0.628333333<x259>[B] (+1) -0.628333333<x260>[B] (+1) +0.628333333<x261>[B] (+1) +0.628333333<x262>[B] (+1) -0.628333333<x263>[B] (+1) +0.628333333<x264>[B] (+1) -0.628333333<x265>[B] (+1) -0.628333333<x266>[B] (+1) -0.628333333<x267>[B] (+1) -0.628333333<x268>[B] (+1) +0.628333333<x269>[B] (+1) +0.628333333<x270>[B] (+1) -0.628333333<x271>[B] (+1) +0.628333333<x272>[B] (+1) -0.628333333<x273>[B] (+1) -0.628333333<x274>[B] (+1) -0.628333333<x275>[B] (+1) +0.628333333<x276>[B] (+1) +0.628333333<x277>[B] (+1) -0.628333333<x278>[B] (+1) +0.628333333<x279>[B] (+1) -0.628333333<x280>[B] (+1) -0.628333333<x281>[B] (+1) +0.628333333<x282>[B] (+1) +0.628333333<x283>[B] (+1) -0.628333333<x284>[B] (+1) +0.628333333<x285>[B] (+1) -0.628333333<x286>[B] (+1) +0.628333333<x287>[B] (+1) +0.628333333<x288>[B] (+1) -0.628333333<x289>[B] (+1) +0.628333333<x290>[B] (+1) +0.628333333<x291>[B] (+1) +0.628333333<x292>[B] (+1) -0.628333333<x293>[B] (+1) +0.628333333<x294>[B] (+1) +0.628333333<x295>[B] (+1) -0.628333333<x296>[B] (+1) +0.628333333<x297>[B] (+1) -0.628333333<x298>[B] (+1) +0.628333333<x299>[B] (+1) +0.628333333<x300>[B] (+1) >= 28.7466666666667;
;
violation: left hand side is violated by 41.3133333333333
  [linear] <c4601>: <x301>[C] (+0) -0.628333333<x1>[B] (+0) +0.628333333<x2>[B] (+0) +0.628333333<x3>[B] (+0) +0.628333333<x4>[B] (+0) +0.628333333<x5>[B] (+0) -0.628333333<x6>[B] (+0) +0.628333333<x7>[B] (+0) +0.628333333<x8>[B] (+0) +0.628333333<x9>[B] (+0) +0.628333333<x10>[B] (+0) +0.628333333<x11>[B] (+0) +0.628333333<x12>[B] (+0) +0.628333333<x13>[B] (+0) +0.628333333<x14>[B] (+0) +0.628333333<x15>[B] (+0) +0.628333333<x16>[B] (+0) +0.628333333<x17>[B] (+0) -0.628333333<x18>[B] (+0) -0.628333333<x19>[B] (+0) -0.628333333<x20>[B] (+0) +0.628333333<x21>[B] (+0) +0.628333333<x22>[B] (+0) -0.628333333<x23>[B] (+0) +0.628333333<x24>[B] (+0) +0.628333333<x25>[B] (+0) +0.628333333<x26>[B] (+0) +0.628333333<x27>[B] (+0) +0.628333333<x28>[B] (+0) -0.628333333<x29>[B] (+0) +0.628333333<x30>[B] (+0) +0.628333333<x31>[B] (+0) +0.628333333<x32>[B] (+0) +0.628333333<x33>[B] (+0) +0.628333333<x34>[B] (+0) +0.628333333<x35>[B] (+0) +0.628333333<x36>[B] (+0) +0.628333333<x37>[B] (+0) +0.628333333<x38>[B] (+0) +0.628333333<x39>[B] (+0) +0.628333333<x40>[B] (+0) -0.628333333<x41>[B] (+0) -0.628333333<x42>[B] (+0) -0.628333333<x43>[B] (+0) +0.628333333<x44>[B] (+0) +0.628333333<x45>[B] (+0) -0.628333333<x46>[B] (+0) +0.628333333<x47>[B] (+0) +0.628333333<x48>[B] (+0) -0.628333333<x49>[B] (+0) +0.628333333<x50>[B] (+0) -0.628333333<x51>[B] (+0) +0.628333333<x52>[B] (+0) +0.628333333<x53>[B] (+0) +0.628333333<x54>[B] (+0) +0.628333333<x55>[B] (+0) +0.628333333<x56>[B] (+0) -0.628333333<x57>[B] (+0) -0.628333333<x58>[B] (+0) +0.628333333<x59>[B] (+0) -0.628333333<x60>[B] (+0) -0.628333333<x61>[B] (+0) -0.628333333<x62>[B] (+0) -0.628333333<x63>[B] (+0) -0.628333333<x64>[B] (+0) -0.628333333<x65>[B] (+0) +0.628333333<x66>[B] (+0) +0.628333333<x67>[B] (+0) -0.628333333<x68>[B] (+0) +0.628333333<x69>[B] (+0) -0.628333333<x70>[B] (+0) +0.628333333<x71>[B] (+0) -0.628333333<x72>[B] (+0) -0.628333333<x73>[B] (+0) -0.628333333<x74>[B] (+0) -0.628333333<x75>[B] (+0) -0.628333333<x76>[B] (+0) +0.628333333<x77>[B] (+0) -0.628333333<x78>[B] (+0) -0.628333333<x79>[B] (+0) -0.628333333<x80>[B] (+0) -0.628333333<x81>[B] (+0) -0.628333333<x82>[B] (+0) -0.628333333<x83>[B] (+0) -0.628333333<x84>[B] (+0) -0.628333333<x85>[B] (+0) -0.628333333<x86>[B] (+0) -0.628333333<x87>[B] (+0) -0.628333333<x88>[B] (+0) -0.628333333<x89>[B] (+0) -0.628333333<x90>[B] (+0) +0.628333333<x91>[B] (+0) -0.628333333<x92>[B] (+0) +0.628333333<x93>[B] (+0) +0.628333333<x94>[B] (+0) +0.628333333<x95>[B] (+0) +0.628333333<x96>[B] (+0) +0.628333333<x97>[B] (+0) -0.628333333<x98>[B] (+0) -0.628333333<x99>[B] (+0) +0.628333333<x100>[B] (+0) -0.628333333<x101>[B] (+0) -0.628333333<x102>[B] (+0) -0.628333333<x103>[B] (+0) -0.628333333<x104>[B] (+0) -0.628333333<x105>[B] (+0) -0.628333333<x106>[B] (+0) +0.628333333<x107>[B] (+0) +0.628333333<x108>[B] (+0) -0.628333333<x109>[B] (+0) +0.628333333<x110>[B] (+0) -0.628333333<x111>[B] (+0) -0.628333333<x112>[B] (+0) -0.628333333<x113>[B] (+0) -0.628333333<x114>[B] (+0) -0.628333333<x115>[B] (+0) +0.628333333<x116>[B] (+0) -0.628333333<x117>[B] (+0) -0.628333333<x118>[B] (+0) -0.628333333<x119>[B] (+0) -0.628333333<x120>[B] (+0) -0.628333333<x121>[B] (+0) -0.628333333<x122>[B] (+0) -0.628333333<x123>[B] (+0) -0.628333333<x124>[B] (+0) -0.628333333<x125>[B] (+0) -0.628333333<x126>[B] (+0) -0.628333333<x127>[B] (+0) -0.628333333<x128>[B] (+0) -0.628333333<x129>[B] (+0) +0.628333333<x130>[B] (+0) +0.628333333<x131>[B] (+0) +0.628333333<x132>[B] (+0) +0.628333333<x133>[B] (+0) +0.628333333<x134>[B] (+0) +0.628333333<x135>[B] (+0) +0.628333333<x136>[B] (+0) +0.628333333<x137>[B] (+0) +0.628333333<x138>[B] (+0) +0.628333333<x139>[B] (+0) +0.628333333<x140>[B] (+0) +0.628333333<x141>[B] (+0) +0.628333333<x142>[B] (+0) +0.628333333<x143>[B] (+0) +0.628333333<x144>[B] (+0) +0.628333333<x145>[B] (+0) -0.628333333<x146>[B] (+0) +0.628333333<x147>[B] (+0) +0.628333333<x148>[B] (+0) +0.628333333<x149>[B] (+0) +0.628333333<x150>[B] (+0) +0.628333333<x151>[B] (+0) -0.628333333<x152>[B] (+0) -0.628333333<x153>[B] (+0) +0.628333333<x154>[B] (+0) -0.628333333<x155>[B] (+0) -0.628333333<x156>[B] (+0) -0.628333333<x157>[B] (+0) -0.628333333<x158>[B] (+0) -0.628333333<x159>[B] (+0) -0.628333333<x160>[B] (+0) +0.628333333<x161>[B] (+0) +0.628333333<x162>[B] (+0) -0.628333333<x163>[B] (+0) +0.628333333<x164>[B] (+0) -0.628333333<x165>[B] (+0) +0.628333333<x166>[B] (+0) +0.628333333<x167>[B] (+0) -0.628333333<x168>[B] (+0) -0.628333333<x169>[B] (+0) +0.628333333<x170>[B] (+0) -0.628333333<x171>[B] (+0) -0.628333333<x172>[B] (+0) -0.628333333<x173>[B] (+0) -0.628333333<x174>[B] (+0) -0.628333333<x175>[B] (+0) -0.628333333<x176>[B] (+0) -0.628333333<x177>[B] (+0) +0.628333333<x178>[B] (+0) -0.628333333<x179>[B] (+0) +0.628333333<x180>[B] (+0) +0.628333333<x181>[B] (+0) +0.628333333<x182>[B] (+0) -0.628333333<x183>[B] (+0) -0.628333333<x184>[B] (+0) +0.628333333<x185>[B] (+0) -0.628333333<x186>[B] (+0) -0.628333333<x187>[B] (+0) -0.628333333<x188>[B] (+0) -0.628333333<x189>[B] (+0) -0.628333333<x190>[B] (+0) -0.628333333<x191>[B] (+0) +0.628333333<x192>[B] (+0) +0.628333333<x193>[B] (+0) -0.628333333<x194>[B] (+0) +0.628333333<x195>[B] (+0) +0.628333333<x196>[B] (+0) -0.628333333<x197>[B] (+0) -0.628333333<x198>[B] (+0) +0.628333333<x199>[B] (+0) -0.628333333<x200>[B] (+0) -0.628333333<x201>[B] (+0) -0.628333333<x202>[B] (+0) -0.628333333<x203>[B] (+0) -0.628333333<x204>[B] (+0) -0.628333333<x205>[B] (+0) -0.628333333<x206>[B] (+0) +0.628333333<x207>[B] (+0) -0.628333333<x208>[B] (+0) +0.628333333<x209>[B] (+0) -0.628333333<x210>[B] (+0) -0.628333333<x211>[B] (+0) -0.628333333<x212>[B] (+0) -0.628333333<x213>[B] (+0) -0.628333333<x214>[B] (+0) -0.628333333<x215>[B] (+0) -0.628333333<x216>[B] (+0) -0.628333333<x217>[B] (+0) -0.628333333<x218>[B] (+0) -0.628333333<x219>[B] (+0) -0.628333333<x220>[B] (+0) -0.628333333<x221>[B] (+0) -0.628333333<x222>[B] (+0) +0.628333333<x223>[B] (+0) +0.628333333<x224>[B] (+0) +0.628333333<x225>[B] (+0) +0.628333333<x226>[B] (+0) +0.628333333<x227>[B] (+0) -0.628333333<x228>[B] (+0) -0.628333333<x229>[B] (+0) -0.628333333<x230>[B] (+0) +0.628333333<x231>[B] (+0) +0.628333333<x232>[B] (+0) -0.628333333<x233>[B] (+0) +0.628333333<x234>[B] (+0) +0.628333333<x235>[B] (+0) -0.628333333<x236>[B] (+0) +0.628333333<x237>[B] (+0) +0.628333333<x238>[B] (+0) -0.628333333<x239>[B] (+0) -0.628333333<x240>[B] (+0) -0.628333333<x241>[B] (+0) +0.628333333<x242>[B] (+0) +0.628333333<x243>[B] (+0) -0.628333333<x244>[B] (+0) +0.628333333<x245>[B] (+0) -0.628333333<x246>[B] (+0) -0.628333333<x247>[B] (+0) -0.628333333<x248>[B] (+0) -0.628333333<x249>[B] (+0) -0.628333333<x250>[B] (+0) -0.628333333<x251>[B] (+0) -0.628333333<x252>[B] (+0) +0.628333333<x253>[B] (+0) -0.628333333<x254>[B] (+0) +0.628333333<x255>[B] (+0) +0.628333333<x256>[B] (+0) +0.628333333<x257>[B] (+0) -0.628333333<x258>[B] (+0) -0.628333333<x259>[B] (+0) -0.628333333<x260>[B] (+0) +0.628333333<x261>[B] (+0) +0.628333333<x262>[B] (+0) -0.628333333<x263>[B] (+0) +0.628333333<x264>[B] (+0) -0.628333333<x265>[B] (+0) -0.628333333<x266>[B] (+0) -0.628333333<x267>[B] (+0) -0.628333333<x268>[B] (+0) +0.628333333<x269>[B] (+0) +0.628333333<x270>[B] (+0) -0.628333333<x271>[B] (+0) +0.628333333<x272>[B] (+0) -0.628333333<x273>[B] (+0) -0.628333333<x274>[B] (+0) -0.628333333<x275>[B] (+0) +0.628333333<x276>[B] (+0) +0.628333333<x277>[B] (+0) -0.628333333<x278>[B] (+0) +0.628333333<x279>[B] (+0) -0.628333333<x280>[B] (+0) -0.628333333<x281>[B] (+0) +0.628333333<x282>[B] (+0) +0.628333333<x283>[B] (+0) -0.628333333<x284>[B] (+0) +0.628333333<x285>[B] (+0) -0.628333333<x286>[B] (+0) +0.628333333<x287>[B] (+0) +0.628333333<x288>[B] (+0) -0.628333333<x289>[B] (+0) +0.628333333<x290>[B] (+0) +0.628333333<x291>[B] (+0) +0.628333333<x292>[B] (+0) -0.628333333<x293>[B] (+0) +0.628333333<x294>[B] (+0) +0.628333333<x295>[B] (+0) -0.628333333<x296>[B] (+0) +0.628333333<x297>[B] (+0) -0.628333333<x298>[B] (+0) +0.628333333<x299>[B] (+0) +0.628333333<x300>[B] (+0) >= 28.7466666666667;
;
violation: left hand side is violated by 28.7466666666667
1/5 feasible solution given by solution candidate storage, new primal bound -8.999900e+06

presolving:
   (0.0s) symmetry computation started: requiring (bin +, int +, cont +), (fixed: bin -, int -, cont -)
   (0.0s) no symmetry present (symcode time: 0.00)
presolving (0 rounds: 0 fast, 0 medium, 0 exhaustive):
 0 deleted vars, 0 deleted constraints, 0 added constraints, 0 tightened bounds, 0 added holes, 0 changed sides, 0 changed coefficients
 0 implications, 0 cliques, 0 implied integral variables (0 bin, 0 int, 0 cont)
presolved problem has 390 variables (300 bin, 0 int, 90 cont) and 4690 constraints
   4690 constraints of type <linear>
Presolving Time: 0.02
transformed 1/1 original solutions to the transformed problem space

 time | node  | left  |LP iter|LP it/n|mem/heur|mdpt |vars |cons |rows |cuts |sepa|confs|strbr|  dualbound   | primalbound  |  gap   | compl. 
p 0.0s|     1 |     0 |    50 |     - |   locks|   0 | 390 |4690 |4690 |   0 |  0 |   0 |   0 | 1.294000e+03 |-3.671158e+03 |    Inf | unknown
* 0.1s|     1 |     0 |   688 |     - |    LP  |   0 | 390 |4690 |4690 |   0 |  0 |   0 |   0 |-2.825300e+03 |-2.825300e+03 |   0.00%| unknown
  0.1s|     1 |     0 |   688 |     - |    28M |   0 | 390 |4690 |4690 |   0 |  0 |   0 |   0 |-2.825300e+03 |-2.825300e+03 |   0.00%| unknown

SCIP Status        : problem is solved [optimal solution found]
Solving Time (sec) : 0.11
Solving Nodes      : 1
Primal Bound       : -2.82530000000000e+03 (4 solutions)
Dual Bound         : -2.82530000000000e+03
Gap                : 0.00 %
  [linear] <c4691>: <x301>[C] (+57.0216667) -0.615<x1>[B] (+0) +0.615<x2>[B] (+0) +0.615<x3>[B] (+0) +0.615<x4>[B] (+0) +0.615<x5>[B] (+0) -0.615<x6>[B] (+0) +0.615<x7>[B] (+0) +0.615<x8>[B] (+0) +0.615<x9>[B] (+1) +0.615<x10>[B] (+1) +0.615<x11>[B] (+0) +0.615<x12>[B] (+1) +0.615<x13>[B] (+0) +0.615<x14>[B] (+0) +0.615<x15>[B] (+0) +0.615<x16>[B] (+0) +0.615<x17>[B] (+0) -0.615<x18>[B] (+1) -0.615<x19>[B] (+0) -0.615<x20>[B] (+1) +0.615<x21>[B] (+0) +0.615<x22>[B] (+0) -0.615<x23>[B] (+0) +0.615<x24>[B] (+0) +0.615<x25>[B] (+1) +0.615<x26>[B] (+0) +0.615<x27>[B] (+0) +0.615<x28>[B] (+0) -0.615<x29>[B] (+1) +0.615<x30>[B] (+1) +0.615<x31>[B] (+0) +0.615<x32>[B] (+1) +0.615<x33>[B] (+1) +0.615<x34>[B] (+0) +0.615<x35>[B] (+1) +0.615<x36>[B] (+0) +0.615<x37>[B] (+0) +0.615<x38>[B] (+1) +0.615<x39>[B] (+0) +0.615<x40>[B] (+0) -0.615<x41>[B] (+1) -0.615<x42>[B] (+0) -0.615<x43>[B] (+1) +0.615<x44>[B] (+1) +0.615<x45>[B] (+0) -0.615<x46>[B] (+0) +0.615<x47>[B] (+1) +0.615<x48>[B] (+0) -0.615<x49>[B] (+0) +0.615<x50>[B] (+0) -0.615<x51>[B] (+1) +0.615<x52>[B] (+1) +0.615<x53>[B] (+0) +0.615<x54>[B] (+1) +0.615<x55>[B] (+1) +0.615<x56>[B] (+0) -0.615<x57>[B] (+1) -0.615<x58>[B] (+0) +0.615<x59>[B] (+0) -0.615<x60>[B] (+1) -0.615<x61>[B] (+0) -0.615<x62>[B] (+0) -0.615<x63>[B] (+1) -0.615<x64>[B] (+0) -0.615<x65>[B] (+1) +0.615<x66>[B] (+1) +0.615<x67>[B] (+0) -0.615<x68>[B] (+0) +0.615<x69>[B] (+1) -0.615<x70>[B] (+1) +0.615<x71>[B] (+1) -0.615<x72>[B] (+1) -0.615<x73>[B] (+1) -0.615<x74>[B] (+1) -0.615<x75>[B] (+1) -0.615<x76>[B] (+1) +0.615<x77>[B] (+0) -0.615<x78>[B] (+1) -0.615<x79>[B] (+1) -0.615<x80>[B] (+0) -0.615<x81>[B] (+1) -0.615<x82>[B] (+1) -0.615<x83>[B] (+0) -0.615<x84>[B] (+1) -0.615<x85>[B] (+1) -0.615<x86>[B] (+1) -0.615<x87>[B] (+1) -0.615<x88>[B] (+1) -0.615<x89>[B] (+1) -0.615<x90>[B] (+1) +0.615<x91>[B] (+1) -0.615<x92>[B] (+1) +0.615<x93>[B] (+1) +0.615<x94>[B] (+0) +0.615<x95>[B] (+1) +0.615<x96>[B] (+1) +0.615<x97>[B] (+0) -0.615<x98>[B] (+1) -0.615<x99>[B] (+1) +0.615<x100>[B] (+0) -0.615<x101>[B] (+1) -0.615<x102>[B] (+0) -0.615<x103>[B] (+0) -0.615<x104>[B] (+1) -0.615<x105>[B] (+0) -0.615<x106>[B] (+1) +0.615<x107>[B] (+1) +0.615<x108>[B] (+0) -0.615<x109>[B] (+1) +0.615<x110>[B] (+1) -0.615<x111>[B] (+1) -0.615<x112>[B] (+1) -0.615<x113>[B] (+0) -0.615<x114>[B] (+1) -0.615<x115>[B] (+1) +0.615<x116>[B] (+0) -0.615<x117>[B] (+1) -0.615<x118>[B] (+1) -0.615<x119>[B] (+0) -0.615<x120>[B] (+1) -0.615<x121>[B] (+0) -0.615<x122>[B] (+0) -0.615<x123>[B] (+1) -0.615<x124>[B] (+0) -0.615<x125>[B] (+1) -0.615<x126>[B] (+1) -0.615<x127>[B] (+0) -0.615<x128>[B] (+1) -0.615<x129>[B] (+1) +0.615<x130>[B] (+1) +0.615<x131>[B] (+0) +0.615<x132>[B] (+1) +0.615<x133>[B] (+1) +0.615<x134>[B] (+0) +0.615<x135>[B] (+1) +0.615<x136>[B] (+0) +0.615<x137>[B] (+0) +0.615<x138>[B] (+1) +0.615<x139>[B] (+0) +0.615<x140>[B] (+0) +0.615<x141>[B] (+1) +0.615<x142>[B] (+0) +0.615<x143>[B] (+1) +0.615<x144>[B] (+1) +0.615<x145>[B] (+0) -0.615<x146>[B] (+0) +0.615<x147>[B] (+1) +0.615<x148>[B] (+0) +0.615<x149>[B] (+1) +0.615<x150>[B] (+1) +0.615<x151>[B] (+0) -0.615<x152>[B] (+1) -0.615<x153>[B] (+0) +0.615<x154>[B] (+0) -0.615<x155>[B] (+0) -0.615<x156>[B] (+0) -0.615<x157>[B] (+0) -0.615<x158>[B] (+1) -0.615<x159>[B] (+0) -0.615<x160>[B] (+1) +0.615<x161>[B] (+0) +0.615<x162>[B] (+0) -0.615<x163>[B] (+0) +0.615<x164>[B] (+0) -0.615<x165>[B] (+1) +0.615<x166>[B] (+1) +0.615<x167>[B] (+0) -0.615<x168>[B] (+1) -0.615<x169>[B] (+1) +0.615<x170>[B] (+0) -0.615<x171>[B] (+1) -0.615<x172>[B] (+1) -0.615<x173>[B] (+0) -0.615<x174>[B] (+1) -0.615<x175>[B] (+1) -0.615<x176>[B] (+1) -0.615<x177>[B] (+1) +0.615<x178>[B] (+1) -0.615<x179>[B] (+1) +0.615<x180>[B] (+1) +0.615<x181>[B] (+0) +0.615<x182>[B] (+0) -0.615<x183>[B] (+1) -0.615<x184>[B] (+0) +0.615<x185>[B] (+0) -0.615<x186>[B] (+0) -0.615<x187>[B] (+0) -0.615<x188>[B] (+0) -0.615<x189>[B] (+1) -0.615<x190>[B] (+0) -0.615<x191>[B] (+1) +0.615<x192>[B] (+0) +0.615<x193>[B] (+0) -0.615<x194>[B] (+0) +0.615<x195>[B] (+0) +0.615<x196>[B] (+0) -0.615<x197>[B] (+1) -0.615<x198>[B] (+0) +0.615<x199>[B] (+0) -0.615<x200>[B] (+0) -0.615<x201>[B] (+0) -0.615<x202>[B] (+0) -0.615<x203>[B] (+1) -0.615<x204>[B] (+0) -0.615<x205>[B] (+1) -0.615<x206>[B] (+0) +0.615<x207>[B] (+0) -0.615<x208>[B] (+0) +0.615<x209>[B] (+0) -0.615<x210>[B] (+1) -0.615<x211>[B] (+1) -0.615<x212>[B] (+0) -0.615<x213>[B] (+1) -0.615<x214>[B] (+1) -0.615<x215>[B] (+0) -0.615<x216>[B] (+1) -0.615<x217>[B] (+1) -0.615<x218>[B] (+1) -0.615<x219>[B] (+1) -0.615<x220>[B] (+1) -0.615<x221>[B] (+1) -0.615<x222>[B] (+1) +0.615<x223>[B] (+0) +0.615<x224>[B] (+0) +0.615<x225>[B] (+0) +0.615<x226>[B] (+0) +0.615<x227>[B] (+0) -0.615<x228>[B] (+0) -0.615<x229>[B] (+0) -0.615<x230>[B] (+0) +0.615<x231>[B] (+0) +0.615<x232>[B] (+0) -0.615<x233>[B] (+0) +0.615<x234>[B] (+0) +0.615<x235>[B] (+0) -0.615<x236>[B] (+1) +0.615<x237>[B] (+0) +0.615<x238>[B] (+0) -0.615<x239>[B] (+1) -0.615<x240>[B] (+0) -0.615<x241>[B] (+1) +0.615<x242>[B] (+1) +0.615<x243>[B] (+0) -0.615<x244>[B] (+0) +0.615<x245>[B] (+1) -0.615<x246>[B] (+1) -0.615<x247>[B] (+1) -0.615<x248>[B] (+0) -0.615<x249>[B] (+1) -0.615<x250>[B] (+1) -0.615<x251>[B] (+1) -0.615<x252>[B] (+1) +0.615<x253>[B] (+1) -0.615<x254>[B] (+1) +0.615<x255>[B] (+1) +0.615<x256>[B] (+0) +0.615<x257>[B] (+0) -0.615<x258>[B] (+1) -0.615<x259>[B] (+0) -0.615<x260>[B] (+1) +0.615<x261>[B] (+1) +0.615<x262>[B] (+0) -0.615<x263>[B] (+0) +0.615<x264>[B] (+1) -0.615<x265>[B] (+0) -0.615<x266>[B] (+1) -0.615<x267>[B] (+1) -0.615<x268>[B] (+1) +0.615<x269>[B] (+1) +0.615<x270>[B] (+1) -0.615<x271>[B] (+1) +0.615<x272>[B] (+1) -0.615<x273>[B] (+1) -0.615<x274>[B] (+1) -0.615<x275>[B] (+1) +0.615<x276>[B] (+1) +0.615<x277>[B] (+1) -0.615<x278>[B] (+1) +0.615<x279>[B] (+1) -0.615<x280>[B] (+0) -0.615<x281>[B] (+0) +0.615<x282>[B] (+0) +0.615<x283>[B] (+0) -0.615<x284>[B] (+0) +0.615<x285>[B] (+0) -0.615<x286>[B] (+1) +0.615<x287>[B] (+1) +0.615<x288>[B] (+1) -0.615<x289>[B] (+1) +0.615<x290>[B] (+1) +0.615<x291>[B] (+0) +0.615<x292>[B] (+0) -0.615<x293>[B] (+0) +0.615<x294>[B] (+0) +0.615<x295>[B] (+0) -0.615<x296>[B] (+0) +0.615<x297>[B] (+0) -0.615<x298>[B] (+1) +0.615<x299>[B] (+1) +0.615<x300>[B] (+1) >= 29.3666666666667;
;
violation: left hand side is violated by 0.0200000000001772
  [linear] <c4691>: <x301>[C] (+6.755) -0.615<x1>[B] (+1) +0.615<x2>[B] (+1) +0.615<x3>[B] (+1) +0.615<x4>[B] (+1) +0.615<x5>[B] (+1) -0.615<x6>[B] (+1) +0.615<x7>[B] (+1) +0.615<x8>[B] (+1) +0.615<x9>[B] (+0) +0.615<x10>[B] (+0) +0.615<x11>[B] (+1) +0.615<x12>[B] (+0) +0.615<x13>[B] (+1) +0.615<x14>[B] (+1) +0.615<x15>[B] (+1) +0.615<x16>[B] (+1) +0.615<x17>[B] (+1) -0.615<x18>[B] (+0) -0.615<x19>[B] (+1) -0.615<x20>[B] (+0) +0.615<x21>[B] (+1) +0.615<x22>[B] (+1) -0.615<x23>[B] (+1) +0.615<x24>[B] (+1) +0.615<x25>[B] (+0) +0.615<x26>[B] (+1) +0.615<x27>[B] (+1) +0.615<x28>[B] (+1) -0.615<x29>[B] (+0) +0.615<x30>[B] (+0) +0.615<x31>[B] (+1) +0.615<x32>[B] (+0) +0.615<x33>[B] (+0) +0.615<x34>[B] (+1) +0.615<x35>[B] (+0) +0.615<x36>[B] (+0) +0.615<x37>[B] (+1) +0.615<x38>[B] (+0) +0.615<x39>[B] (+0) +0.615<x40>[B] (+1) -0.615<x41>[B] (+0) -0.615<x42>[B] (+0) -0.615<x43>[B] (+0) +0.615<x44>[B] (+0) +0.615<x45>[B] (+0) -0.615<x46>[B] (+0) +0.615<x47>[B] (+0) +0.615<x48>[B] (+1) -0.615<x49>[B] (+1) +0.615<x50>[B] (+1) -0.615<x51>[B] (+0) +0.615<x52>[B] (+0) +0.615<x53>[B] (+1) +0.615<x54>[B] (+0) +0.615<x55>[B] (+0) +0.615<x56>[B] (+1) -0.615<x57>[B] (+0) -0.615<x58>[B] (+0) +0.615<x59>[B] (+1) -0.615<x60>[B] (+1) -0.615<x61>[B] (+1) -0.615<x62>[B] (+1) -0.615<x63>[B] (+0) -0.615<x64>[B] (+1) -0.615<x65>[B] (+0) +0.615<x66>[B] (+1) +0.615<x67>[B] (+1) -0.615<x68>[B] (+1) +0.615<x69>[B] (+1) -0.615<x70>[B] (+0) +0.615<x71>[B] (+0) -0.615<x72>[B] (+0) -0.615<x73>[B] (+0) -0.615<x74>[B] (+0) -0.615<x75>[B] (+0) -0.615<x76>[B] (+0) +0.615<x77>[B] (+1) -0.615<x78>[B] (+0) -0.615<x79>[B] (+0) -0.615<x80>[B] (+1) -0.615<x81>[B] (+0) -0.615<x82>[B] (+0) -0.615<x83>[B] (+1) -0.615<x84>[B] (+0) -0.615<x85>[B] (+0) -0.615<x86>[B] (+0) -0.615<x87>[B] (+0) -0.615<x88>[B] (+0) -0.615<x89>[B] (+0) -0.615<x90>[B] (+0) +0.615<x91>[B] (+0) -0.615<x92>[B] (+0) +0.615<x93>[B] (+0) +0.615<x94>[B] (+1) +0.615<x95>[B] (+0) +0.615<x96>[B] (+0) +0.615<x97>[B] (+1) -0.615<x98>[B] (+0) -0.615<x99>[B] (+0) +0.615<x100>[B] (+1) -0.615<x101>[B] (+0) -0.615<x102>[B] (+0) -0.615<x103>[B] (+1) -0.615<x104>[B] (+0) -0.615<x105>[B] (+0) -0.615<x106>[B] (+0) +0.615<x107>[B] (+0) +0.615<x108>[B] (+0) -0.615<x109>[B] (+0) +0.615<x110>[B] (+0) -0.615<x111>[B] (+0) -0.615<x112>[B] (+0) -0.615<x113>[B] (+1) -0.615<x114>[B] (+0) -0.615<x115>[B] (+0) +0.615<x116>[B] (+1) -0.615<x117>[B] (+0) -0.615<x118>[B] (+0) -0.615<x119>[B] (+1) -0.615<x120>[B] (+0) -0.615<x121>[B] (+0) -0.615<x122>[B] (+1) -0.615<x123>[B] (+0) -0.615<x124>[B] (+0) -0.615<x125>[B] (+0) -0.615<x126>[B] (+0) -0.615<x127>[B] (+0) -0.615<x128>[B] (+0) -0.615<x129>[B] (+0) +0.615<x130>[B] (+1) +0.615<x131>[B] (+1) +0.615<x132>[B] (+0) +0.615<x133>[B] (+0) +0.615<x134>[B] (+1) +0.615<x135>[B] (+0) +0.615<x136>[B] (+1) +0.615<x137>[B] (+1) +0.615<x138>[B] (+1) +0.615<x139>[B] (+1) +0.615<x140>[B] (+1) +0.615<x141>[B] (+0) +0.615<x142>[B] (+1) +0.615<x143>[B] (+0) +0.615<x144>[B] (+1) +0.615<x145>[B] (+1) -0.615<x146>[B] (+1) +0.615<x147>[B] (+1) +0.615<x148>[B] (+1) +0.615<x149>[B] (+0) +0.615<x150>[B] (+0) +0.615<x151>[B] (+1) -0.615<x152>[B] (+0) -0.615<x153>[B] (+1) +0.615<x154>[B] (+1) -0.615<x155>[B] (+1) -0.615<x156>[B] (+1) -0.615<x157>[B] (+1) -0.615<x158>[B] (+0) -0.615<x159>[B] (+1) -0.615<x160>[B] (+0) +0.615<x161>[B] (+1) +0.615<x162>[B] (+1) -0.615<x163>[B] (+1) +0.615<x164>[B] (+1) -0.615<x165>[B] (+0) +0.615<x166>[B] (+0) +0.615<x167>[B] (+1) -0.615<x168>[B] (+0) -0.615<x169>[B] (+0) +0.615<x170>[B] (+1) -0.615<x171>[B] (+0) -0.615<x172>[B] (+0) -0.615<x173>[B] (+1) -0.615<x174>[B] (+0) -0.615<x175>[B] (+0) -0.615<x176>[B] (+0) -0.615<x177>[B] (+0) +0.615<x178>[B] (+0) -0.615<x179>[B] (+0) +0.615<x180>[B] (+0) +0.615<x181>[B] (+1) +0.615<x182>[B] (+1) -0.615<x183>[B] (+0) -0.615<x184>[B] (+1) +0.615<x185>[B] (+1) -0.615<x186>[B] (+1) -0.615<x187>[B] (+1) -0.615<x188>[B] (+1) -0.615<x189>[B] (+0) -0.615<x190>[B] (+1) -0.615<x191>[B] (+0) +0.615<x192>[B] (+1) +0.615<x193>[B] (+1) -0.615<x194>[B] (+1) +0.615<x195>[B] (+1) +0.615<x196>[B] (+1) -0.615<x197>[B] (+0) -0.615<x198>[B] (+1) +0.615<x199>[B] (+1) -0.615<x200>[B] (+1) -0.615<x201>[B] (+1) -0.615<x202>[B] (+1) -0.615<x203>[B] (+0) -0.615<x204>[B] (+1) -0.615<x205>[B] (+0) -0.615<x206>[B] (+1) +0.615<x207>[B] (+1) -0.615<x208>[B] (+1) +0.615<x209>[B] (+1) -0.615<x210>[B] (+0) -0.615<x211>[B] (+0) -0.615<x212>[B] (+1) -0.615<x213>[B] (+0) -0.615<x214>[B] (+0) -0.615<x215>[B] (+1) -0.615<x216>[B] (+0) -0.615<x217>[B] (+0) -0.615<x218>[B] (+0) -0.615<x219>[B] (+0) -0.615<x220>[B] (+0) -0.615<x221>[B] (+0) -0.615<x222>[B] (+0) +0.615<x223>[B] (+1) +0.615<x224>[B] (+1) +0.615<x225>[B] (+1) +0.615<x226>[B] (+1) +0.615<x227>[B] (+1) -0.615<x228>[B] (+1) -0.615<x229>[B] (+1) -0.615<x230>[B] (+1) +0.615<x231>[B] (+1) +0.615<x232>[B] (+1) -0.615<x233>[B] (+1) +0.615<x234>[B] (+1) +0.615<x235>[B] (+1) -0.615<x236>[B] (+1) +0.615<x237>[B] (+1) +0.615<x238>[B] (+1) -0.615<x239>[B] (+0) -0.615<x240>[B] (+1) -0.615<x241>[B] (+0) +0.615<x242>[B] (+1) +0.615<x243>[B] (+1) -0.615<x244>[B] (+1) +0.615<x245>[B] (+1) -0.615<x246>[B] (+0) -0.615<x247>[B] (+0) -0.615<x248>[B] (+1) -0.615<x249>[B] (+0) -0.615<x250>[B] (+0) -0.615<x251>[B] (+0) -0.615<x252>[B] (+0) +0.615<x253>[B] (+0) -0.615<x254>[B] (+0) +0.615<x255>[B] (+0) +0.615<x256>[B] (+0) +0.615<x257>[B] (+1) -0.615<x258>[B] (+0) -0.615<x259>[B] (+0) -0.615<x260>[B] (+0) +0.615<x261>[B] (+0) +0.615<x262>[B] (+0) -0.615<x263>[B] (+0) +0.615<x264>[B] (+0) -0.615<x265>[B] (+1) -0.615<x266>[B] (+0) -0.615<x267>[B] (+0) -0.615<x268>[B] (+0) +0.615<x269>[B] (+0) +0.615<x270>[B] (+0) -0.615<x271>[B] (+0) +0.615<x272>[B] (+0) -0.615<x273>[B] (+0) -0.615<x274>[B] (+0) -0.615<x275>[B] (+0) +0.615<x276>[B] (+0) +0.615<x277>[B] (+0) -0.615<x278>[B] (+0) +0.615<x279>[B] (+0) -0.615<x280>[B] (+1) -0.615<x281>[B] (+1) +0.615<x282>[B] (+1) +0.615<x283>[B] (+1) -0.615<x284>[B] (+1) +0.615<x285>[B] (+1) -0.615<x286>[B] (+0) +0.615<x287>[B] (+0) +0.615<x288>[B] (+0) -0.615<x289>[B] (+0) +0.615<x290>[B] (+0) +0.615<x291>[B] (+1) +0.615<x292>[B] (+1) -0.615<x293>[B] (+1) +0.615<x294>[B] (+1) +0.615<x295>[B] (+1) -0.615<x296>[B] (+1) +0.615<x297>[B] (+1) -0.615<x298>[B] (+0) +0.615<x299>[B] (+0) +0.615<x300>[B] (+0) >= 29.3666666666667;
;
violation: left hand side is violated by 1.08666666666668
2/4 feasible solutions given by solution candidate storage, new primal bound -8.999900e+06

presolving:
   (0.0s) symmetry computation started: requiring (bin +, int +, cont +), (fixed: bin -, int -, cont -)
   (0.0s) no symmetry present (symcode time: 0.00)
presolving (0 rounds: 0 fast, 0 medium, 0 exhaustive):
 0 deleted vars, 0 deleted constraints, 0 added constraints, 0 tightened bounds, 0 added holes, 0 changed sides, 0 changed coefficients
 0 implications, 0 cliques, 0 implied integral variables (0 bin, 0 int, 0 cont)
presolved problem has 390 variables (300 bin, 0 int, 90 cont) and 4771 constraints
   4771 constraints of type <linear>
Presolving Time: 0.03
transformed 2/2 original solutions to the transformed problem space

 time | node  | left  |LP iter|LP it/n|mem/heur|mdpt |vars |cons |rows |cuts |sepa|confs|strbr|  dualbound   | primalbound  |  gap   | compl. 
p 0.1s|     1 |     0 |    59 |     - |   locks|   0 | 390 |4771 |4771 |   0 |  0 |   0 |   0 | 1.294000e+03 |-3.664205e+03 |    Inf | unknown
  0.2s|     1 |     0 |   948 |     - |    44M |   0 | 390 |4771 |4771 |   0 |  0 |   0 |   0 |-2.827451e+03 |-3.664205e+03 |  29.59%| unknown
r 0.2s|     1 |     0 |   948 |     - |shifting|   0 | 390 |4771 |4771 |   0 |  0 |   0 |   0 |-2.827451e+03 |-2.938509e+03 |   3.93%| unknown
  0.3s|     1 |     0 |   949 |     - |    46M |   0 | 390 |4771 |4772 |   1 |  1 |   0 |   0 |-2.827480e+03 |-2.938509e+03 |   3.93%| unknown
  0.3s|     1 |     0 |   949 |     - |    46M |   0 | 390 |4771 |4772 |   1 |  1 |   0 |   0 |-2.827480e+03 |-2.938509e+03 |   3.93%| unknown
d 0.3s|     1 |     0 |   949 |     - |farkasdi|   0 | 390 |4771 |4772 |   0 |  2 |   0 |   0 |-2.827480e+03 |-2.827480e+03 |   0.00%| unknown
  0.3s|     1 |     0 |   949 |     - |    46M |   0 | 390 |4771 |4772 |   1 |  2 |   0 |   0 |-2.827480e+03 |-2.827480e+03 |   0.00%| unknown

SCIP Status        : problem is solved [optimal solution found]
Solving Time (sec) : 0.25
Solving Nodes      : 1
Primal Bound       : -2.82748000000000e+03 (5 solutions)
Dual Bound         : -2.82748000000000e+03
Gap                : 0.00 %
  [linear] <c4772>: <x301>[C] (+60.1633333) -0.631666667<x1>[B] (+0) +0.631666667<x2>[B] (+0) +0.631666667<x3>[B] (+0) +0.631666667<x4>[B] (+0) +0.631666667<x5>[B] (+0) -0.631666667<x6>[B] (+0) +0.631666667<x7>[B] (+0) +0.631666667<x8>[B] (+0) +0.631666667<x9>[B] (-1.82298621e-13) +0.631666667<x10>[B] (+1) +0.631666667<x11>[B] (+0) +0.631666667<x12>[B] (+1) +0.631666667<x13>[B] (+0) +0.631666667<x14>[B] (+0) +0.631666667<x15>[B] (+0) +0.631666667<x16>[B] (+0) +0.631666667<x17>[B] (+0) -0.631666667<x18>[B] (+1) -0.631666667<x19>[B] (+0) -0.631666667<x20>[B] (+1) +0.631666667<x21>[B] (+0) +0.631666667<x22>[B] (+0) -0.631666667<x23>[B] (+0) +0.631666667<x24>[B] (+0) +0.631666667<x25>[B] (-1.82298621e-13) +0.631666667<x26>[B] (+0) +0.631666667<x27>[B] (+0) +0.631666667<x28>[B] (+0) -0.631666667<x29>[B] (-1.82298621e-13) +0.631666667<x30>[B] (+1) +0.631666667<x31>[B] (+0) +0.631666667<x32>[B] (-1.82298621e-13) +0.631666667<x33>[B] (+1) +0.631666667<x34>[B] (+0) +0.631666667<x35>[B] (+1) +0.631666667<x36>[B] (+0) +0.631666667<x37>[B] (+0) +0.631666667<x38>[B] (+1) +0.631666667<x39>[B] (+0) +0.631666667<x40>[B] (+0) -0.631666667<x41>[B] (+1) -0.631666667<x42>[B] (+0) -0.631666667<x43>[B] (+1) +0.631666667<x44>[B] (+1) +0.631666667<x45>[B] (+0) -0.631666667<x46>[B] (+0) +0.631666667<x47>[B] (-1.82298621e-13) +0.631666667<x48>[B] (+0) -0.631666667<x49>[B] (+0) +0.631666667<x50>[B] (+0) -0.631666667<x51>[B] (+1) +0.631666667<x52>[B] (+1) +0.631666667<x53>[B] (+0) +0.631666667<x54>[B] (+1) +0.631666667<x55>[B] (+1) +0.631666667<x56>[B] (+0) -0.631666667<x57>[B] (+1) -0.631666667<x58>[B] (+1) +0.631666667<x59>[B] (+0) -0.631666667<x60>[B] (+1) -0.631666667<x61>[B] (+0) -0.631666667<x62>[B] (+0) -0.631666667<x63>[B] (+1) -0.631666667<x64>[B] (+0) -0.631666667<x65>[B] (+1) +0.631666667<x66>[B] (+1) +0.631666667<x67>[B] (+0) -0.631666667<x68>[B] (+1) +0.631666667<x69>[B] (+1) -0.631666667<x70>[B] (+1) +0.631666667<x71>[B] (+1) -0.631666667<x72>[B] (+1) -0.631666667<x73>[B] (+1) -0.631666667<x74>[B] (+1) -0.631666667<x75>[B] (+1) -0.631666667<x76>[B] (+1) +0.631666667<x77>[B] (+0) -0.631666667<x78>[B] (+1) -0.631666667<x79>[B] (+1) -0.631666667<x80>[B] (+0) -0.631666667<x81>[B] (+1) -0.631666667<x82>[B] (+1) -0.631666667<x83>[B] (+0) -0.631666667<x84>[B] (+1) -0.631666667<x85>[B] (+1) -0.631666667<x86>[B] (+1) -0.631666667<x87>[B] (+1) -0.631666667<x88>[B] (+1) -0.631666667<x89>[B] (+1) -0.631666667<x90>[B] (+1) +0.631666667<x91>[B] (+1) -0.631666667<x92>[B] (+1) +0.631666667<x93>[B] (+1) +0.631666667<x94>[B] (+0) +0.631666667<x95>[B] (+1) +0.631666667<x96>[B] (+1) +0.631666667<x97>[B] (+0) -0.631666667<x98>[B] (+1) -0.631666667<x99>[B] (+1) +0.631666667<x100>[B] (+0) -0.631666667<x101>[B] (+1) -0.631666667<x102>[B] (+0) -0.631666667<x103>[B] (+0) -0.631666667<x104>[B] (+1) -0.631666667<x105>[B] (+0) -0.631666667<x106>[B] (+1) +0.631666667<x107>[B] (+1) +0.631666667<x108>[B] (+0) -0.631666667<x109>[B] (+1) +0.631666667<x110>[B] (+1) -0.631666667<x111>[B] (+1) -0.631666667<x112>[B] (+1) -0.631666667<x113>[B] (+0) -0.631666667<x114>[B] (+1) -0.631666667<x115>[B] (+1) +0.631666667<x116>[B] (+0) -0.631666667<x117>[B] (+1) -0.631666667<x118>[B] (+1) -0.631666667<x119>[B] (+0) -0.631666667<x120>[B] (+1) -0.631666667<x121>[B] (+0) -0.631666667<x122>[B] (+0) -0.631666667<x123>[B] (+1) -0.631666667<x124>[B] (+0) -0.631666667<x125>[B] (+1) -0.631666667<x126>[B] (+1) -0.631666667<x127>[B] (+0) -0.631666667<x128>[B] (+1) -0.631666667<x129>[B] (+1) +0.631666667<x130>[B] (+1) +0.631666667<x131>[B] (+0) +0.631666667<x132>[B] (+1) +0.631666667<x133>[B] (+1) +0.631666667<x134>[B] (+0) +0.631666667<x135>[B] (+1) +0.631666667<x136>[B] (+0) +0.631666667<x137>[B] (+0) +0.631666667<x138>[B] (+1) +0.631666667<x139>[B] (+0) +0.631666667<x140>[B] (+0) +0.631666667<x141>[B] (+1) +0.631666667<x142>[B] (+0) +0.631666667<x143>[B] (+1) +0.631666667<x144>[B] (+1) +0.631666667<x145>[B] (+0) -0.631666667<x146>[B] (+0) +0.631666667<x147>[B] (+1) +0.631666667<x148>[B] (+0) +0.631666667<x149>[B] (-1.82298621e-13) +0.631666667<x150>[B] (+1) +0.631666667<x151>[B] (+0) -0.631666667<x152>[B] (+1) -0.631666667<x153>[B] (+0) +0.631666667<x154>[B] (+0) -0.631666667<x155>[B] (+0) -0.631666667<x156>[B] (+0) -0.631666667<x157>[B] (+0) -0.631666667<x158>[B] (+1) -0.631666667<x159>[B] (+0) -0.631666667<x160>[B] (+1) +0.631666667<x161>[B] (+0) +0.631666667<x162>[B] (+0) -0.631666667<x163>[B] (+0) +0.631666667<x164>[B] (+0) -0.631666667<x165>[B] (+1) +0.631666667<x166>[B] (+1) +0.631666667<x167>[B] (+0) -0.631666667<x168>[B] (+1) -0.631666667<x169>[B] (+1) +0.631666667<x170>[B] (+0) -0.631666667<x171>[B] (+1) -0.631666667<x172>[B] (+1) -0.631666667<x173>[B] (+0) -0.631666667<x174>[B] (+1) -0.631666667<x175>[B] (+1) -0.631666667<x176>[B] (+1) -0.631666667<x177>[B] (+1) +0.631666667<x178>[B] (+1) -0.631666667<x179>[B] (+1) +0.631666667<x180>[B] (+1) +0.631666667<x181>[B] (+1) +0.631666667<x182>[B] (+0) -0.631666667<x183>[B] (+1) -0.631666667<x184>[B] (+0) +0.631666667<x185>[B] (+0) -0.631666667<x186>[B] (+1) -0.631666667<x187>[B] (+0) -0.631666667<x188>[B] (+0) -0.631666667<x189>[B] (+1) -0.631666667<x190>[B] (+0) -0.631666667<x191>[B] (+1) +0.631666667<x192>[B] (+1) +0.631666667<x193>[B] (+0) -0.631666667<x194>[B] (+0) +0.631666667<x195>[B] (+0) +0.631666667<x196>[B] (+0) -0.631666667<x197>[B] (+1) -0.631666667<x198>[B] (+0) +0.631666667<x199>[B] (+0) -0.631666667<x200>[B] (+0) -0.631666667<x201>[B] (+0) -0.631666667<x202>[B] (+0) -0.631666667<x203>[B] (+1) -0.631666667<x204>[B] (+0) -0.631666667<x205>[B] (-1.82298621e-13) -0.631666667<x206>[B] (+0) +0.631666667<x207>[B] (+0) -0.631666667<x208>[B] (+0) +0.631666667<x209>[B] (+0) -0.631666667<x210>[B] (+1) -0.631666667<x211>[B] (+1) -0.631666667<x212>[B] (+0) -0.631666667<x213>[B] (+1) -0.631666667<x214>[B] (+1) -0.631666667<x215>[B] (+0) -0.631666667<x216>[B] (+1) -0.631666667<x217>[B] (+1) -0.631666667<x218>[B] (+1) -0.631666667<x219>[B] (+1) -0.631666667<x220>[B] (+1) -0.631666667<x221>[B] (+1) -0.631666667<x222>[B] (+1) +0.631666667<x223>[B] (+0) +0.631666667<x224>[B] (+0) +0.631666667<x225>[B] (+0) +0.631666667<x226>[B] (+0) +0.631666667<x227>[B] (+0) -0.631666667<x228>[B] (+0) -0.631666667<x229>[B] (+0) -0.631666667<x230>[B] (+0) +0.631666667<x231>[B] (+0) +0.631666667<x232>[B] (+0) -0.631666667<x233>[B] (+0) +0.631666667<x234>[B] (+0) +0.631666667<x235>[B] (+0) -0.631666667<x236>[B] (+1) +0.631666667<x237>[B] (+0) +0.631666667<x238>[B] (+0) -0.631666667<x239>[B] (+1) -0.631666667<x240>[B] (+0) -0.631666667<x241>[B] (+1) +0.631666667<x242>[B] (+1) +0.631666667<x243>[B] (+0) -0.631666667<x244>[B] (+0) +0.631666667<x245>[B] (+1) -0.631666667<x246>[B] (+1) -0.631666667<x247>[B] (+1) -0.631666667<x248>[B] (+0) -0.631666667<x249>[B] (+1) -0.631666667<x250>[B] (+1) -0.631666667<x251>[B] (+1) -0.631666667<x252>[B] (+1) +0.631666667<x253>[B] (+1) -0.631666667<x254>[B] (+1) +0.631666667<x255>[B] (+1) +0.631666667<x256>[B] (+0) +0.631666667<x257>[B] (+0) -0.631666667<x258>[B] (+1) -0.631666667<x259>[B] (+0) -0.631666667<x260>[B] (+1) +0.631666667<x261>[B] (+1) +0.631666667<x262>[B] (+0) -0.631666667<x263>[B] (+0) +0.631666667<x264>[B] (-1.82298621e-13) -0.631666667<x265>[B] (+0) -0.631666667<x266>[B] (+1) -0.631666667<x267>[B] (+1) -0.631666667<x268>[B] (+1) +0.631666667<x269>[B] (+1) +0.631666667<x270>[B] (+1) -0.631666667<x271>[B] (+1) +0.631666667<x272>[B] (+1) -0.631666667<x273>[B] (+1) -0.631666667<x274>[B] (+1) -0.631666667<x275>[B] (+1) +0.631666667<x276>[B] (+1) +0.631666667<x277>[B] (+1) -0.631666667<x278>[B] (+1) +0.631666667<x279>[B] (+1) -0.631666667<x280>[B] (+0) -0.631666667<x281>[B] (-1.82298621e-13) +0.631666667<x282>[B] (+0) +0.631666667<x283>[B] (+0) -0.631666667<x284>[B] (+0) +0.631666667<x285>[B] (+0) -0.631666667<x286>[B] (+1) +0.631666667<x287>[B] (+1) +0.631666667<x288>[B] (+1) -0.631666667<x289>[B] (+1) +0.631666667<x290>[B] (+1) +0.631666667<x291>[B] (+0) +0.631666667<x292>[B] (+0) -0.631666667<x293>[B] (+0) +0.631666667<x294>[B] (+0) +0.631666667<x295>[B] (+0) -0.631666667<x296>[B] (+0) +0.631666667<x297>[B] (+0) -0.631666667<x298>[B] (+1) +0.631666667<x299>[B] (+1) +0.631666667<x300>[B] (+1) >= 28.5833333333333;
;
violation: left hand side is violated by 0.00333333333350794
  [linear] <c4781>: <x310>[C] (+45.355) +0.545<x1>[B] (+0) -0.545<x2>[B] (+0) +0.545<x3>[B] (+0) +0.545<x4>[B] (+0) +0.545<x5>[B] (+0) +0.545<x6>[B] (+0) +0.545<x7>[B] (+0) +0.545<x8>[B] (+0) +0.545<x9>[B] (+1) +0.545<x10>[B] (+1) +0.545<x11>[B] (+0) +0.545<x12>[B] (+1) +0.545<x13>[B] (+0) +0.545<x14>[B] (+0) +0.545<x15>[B] (+0) +0.545<x16>[B] (+0) -0.545<x17>[B] (+0) +0.545<x18>[B] (+1) +0.545<x19>[B] (+0) +0.545<x20>[B] (+1) -0.545<x21>[B] (+0) +0.545<x22>[B] (+0) +0.545<x23>[B] (+0) -0.545<x24>[B] (+0) -0.545<x25>[B] (+0) +0.545<x26>[B] (+0) +0.545<x27>[B] (+0) -0.545<x28>[B] (+0) +0.545<x29>[B] (+1) +0.545<x30>[B] (+1) +0.545<x31>[B] (+0) +0.545<x32>[B] (+1) +0.545<x33>[B] (+1) +0.545<x34>[B] (+0) -0.545<x35>[B] (+1) +0.545<x36>[B] (+0) +0.545<x37>[B] (+0) +0.545<x38>[B] (+1) +0.545<x39>[B] (+0) -0.545<x40>[B] (+0) -0.545<x41>[B] (+1) +0.545<x42>[B] (+0) -0.545<x43>[B] (+1) -0.545<x44>[B] (+1) +0.545<x45>[B] (+0) +0.545<x46>[B] (+0) -0.545<x47>[B] (+1) +0.545<x48>[B] (+0) +0.545<x49>[B] (+0) +0.545<x50>[B] (+0) +0.545<x51>[B] (+1) +0.545<x52>[B] (+1) +0.545<x53>[B] (+0) +0.545<x54>[B] (+1) +0.545<x55>[B] (+1) +0.545<x56>[B] (+0) +0.545<x57>[B] (+1) +0.545<x58>[B] (+0) +0.545<x59>[B] (+0) +0.545<x60>[B] (+1) +0.545<x61>[B] (+0) -0.545<x62>[B] (+0) +0.545<x63>[B] (+1) +0.545<x64>[B] (+0) +0.545<x65>[B] (+1) +0.545<x66>[B] (+1) +0.545<x67>[B] (+0) +0.545<x68>[B] (+0) -0.545<x69>[B] (+1) -0.545<x70>[B] (+1) -0.545<x71>[B] (+1) -0.545<x72>[B] (+1) -0.545<x73>[B] (+1) -0.545<x74>[B] (+1) -0.545<x75>[B] (+1) +0.545<x76>[B] (+1) -0.545<x77>[B] (+0) -0.545<x78>[B] (+1) -0.545<x79>[B] (+1) -0.545<x80>[B] (+0) -0.545<x81>[B] (+1) -0.545<x82>[B] (+1) -0.545<x83>[B] (+0) -0.545<x84>[B] (+1) -0.545<x85>[B] (+1) -0.545<x86>[B] (+1) -0.545<x87>[B] (+1) -0.545<x88>[B] (+1) -0.545<x89>[B] (+1) -0.545<x90>[B] (+1) -0.545<x91>[B] (+1) -0.545<x92>[B] (+1) +0.545<x93>[B] (+1) +0.545<x94>[B] (+0) -0.545<x95>[B] (+1) +0.545<x96>[B] (+1) -0.545<x97>[B] (+0) -0.545<x98>[B] (+1) +0.545<x99>[B] (+1) +0.545<x100>[B] (+0) +0.545<x101>[B] (+1) -0.545<x102>[B] (+0) -0.545<x103>[B] (+0) -0.545<x104>[B] (+1) -0.545<x105>[B] (+0) -0.545<x106>[B] (+1) -0.545<x107>[B] (+1) +0.545<x108>[B] (+0) +0.545<x109>[B] (+1) -0.545<x110>[B] (+1) +0.545<x111>[B] (+1) +0.545<x112>[B] (+1) +0.545<x113>[B] (+0) +0.545<x114>[B] (+1) +0.545<x115>[B] (+1) +0.545<x116>[B] (+0) +0.545<x117>[B] (+1) +0.545<x118>[B] (+1) +0.545<x119>[B] (+0) +0.545<x120>[B] (+1) +0.545<x121>[B] (+0) -0.545<x122>[B] (+0) +0.545<x123>[B] (+1) +0.545<x124>[B] (+0) +0.545<x125>[B] (+1) -0.545<x126>[B] (+1) +0.545<x127>[B] (+0) +0.545<x128>[B] (+1) -0.545<x129>[B] (+1) +0.545<x130>[B] (+1) +0.545<x131>[B] (+0) -0.545<x132>[B] (+1) +0.545<x133>[B] (+1) -0.545<x134>[B] (+0) -0.545<x135>[B] (+1) +0.545<x136>[B] (+0) +0.545<x137>[B] (+0) +0.545<x138>[B] (+1) -0.545<x139>[B] (+0) -0.545<x140>[B] (+0) -0.545<x141>[B] (+1) -0.545<x142>[B] (+0) -0.545<x143>[B] (+1) -0.545<x144>[B] (+1) +0.545<x145>[B] (+0) +0.545<x146>[B] (+0) -0.545<x147>[B] (+1) +0.545<x148>[B] (+0) -0.545<x149>[B] (+1) +0.545<x150>[B] (+1) -0.545<x151>[B] (+0) -0.545<x152>[B] (+1) -0.545<x153>[B] (+0) -0.545<x154>[B] (+0) +0.545<x155>[B] (+0) -0.545<x156>[B] (+0) -0.545<x157>[B] (+0) -0.545<x158>[B] (+1) -0.545<x159>[B] (+0) -0.545<x160>[B] (+1) -0.545<x161>[B] (+0) -0.545<x162>[B] (+0) -0.545<x163>[B] (+0) -0.545<x164>[B] (+0) -0.545<x165>[B] (+1) +0.545<x166>[B] (+1) -0.545<x167>[B] (+0) -0.545<x168>[B] (+1) -0.545<x169>[B] (+1) -0.545<x170>[B] (+0) +0.545<x171>[B] (+1) -0.545<x172>[B] (+1) -0.545<x173>[B] (+0) -0.545<x174>[B] (+1) -0.545<x175>[B] (+1) -0.545<x176>[B] (+1) -0.545<x177>[B] (+1) -0.545<x178>[B] (+1) -0.545<x179>[B] (+1) -0.545<x180>[B] (+1) +0.545<x181>[B] (+1) -0.545<x182>[B] (+0) -0.545<x183>[B] (+1) +0.545<x184>[B] (+0) +0.545<x185>[B] (+0) +0.545<x186>[B] (+0) -0.545<x187>[B] (+0) -0.545<x188>[B] (+0) -0.545<x189>[B] (+1) -0.545<x190>[B] (+0) -0.545<x191>[B] (+1) -0.545<x192>[B] (+0) +0.545<x193>[B] (+0) +0.545<x194>[B] (+0) -0.545<x195>[B] (+0) -0.545<x196>[B] (+0) -0.545<x197>[B] (+1) -0.545<x198>[B] (+0) -0.545<x199>[B] (+0) -0.545<x200>[B] (+0) -0.545<x201>[B] (+0) -0.545<x202>[B] (+0) -0.545<x203>[B] (+1) -0.545<x204>[B] (+0) -0.545<x205>[B] (+1) -0.545<x206>[B] (+0) -0.545<x207>[B] (+0) -0.545<x208>[B] (+0) -0.545<x209>[B] (+0) -0.545<x210>[B] (+1) +0.545<x211>[B] (+1) +0.545<x212>[B] (+0) +0.545<x213>[B] (+1) -0.545<x214>[B] (+1) -0.545<x215>[B] (+0) -0.545<x216>[B] (+1) +0.545<x217>[B] (+1) -0.545<x218>[B] (+1) -0.545<x219>[B] (+1) +0.545<x220>[B] (+1) +0.545<x221>[B] (+1) -0.545<x222>[B] (+1) +0.545<x223>[B] (+0) +0.545<x224>[B] (+0) +0.545<x225>[B] (+0) +0.545<x226>[B] (+0) -0.545<x227>[B] (+0) -0.545<x228>[B] (+0) +0.545<x229>[B] (+0) +0.545<x230>[B] (+0) -0.545<x231>[B] (+0) +0.545<x232>[B] (+0) +0.545<x233>[B] (+0) -0.545<x234>[B] (+0) +0.545<x235>[B] (+0) +0.545<x236>[B] (+1) -0.545<x237>[B] (+0) -0.545<x238>[B] (+0) -0.545<x239>[B] (+1) -0.545<x240>[B] (+0) -0.545<x241>[B] (+1) -0.545<x242>[B] (+1) +0.545<x243>[B] (+0) -0.545<x244>[B] (+0) -0.545<x245>[B] (+1) +0.545<x246>[B] (+1) -0.545<x247>[B] (+1) -0.545<x248>[B] (+0) -0.545<x249>[B] (+1) -0.545<x250>[B] (+1) -0.545<x251>[B] (+1) -0.545<x252>[B] (+1) +0.545<x253>[B] (+1) -0.545<x254>[B] (+1) -0.545<x255>[B] (+1) -0.545<x256>[B] (+0) -0.545<x257>[B] (+0) -0.545<x258>[B] (+1) -0.545<x259>[B] (+0) -0.545<x260>[B] (+1) -0.545<x261>[B] (+1) -0.545<x262>[B] (+0) -0.545<x263>[B] (+0) -0.545<x264>[B] (+0) -0.545<x265>[B] (+0) -0.545<x266>[B] (+1) +0.545<x267>[B] (+1) -0.545<x268>[B] (+1) -0.545<x269>[B] (+1) +0.545<x270>[B] (+1) +0.545<x271>[B] (+1) -0.545<x272>[B] (+1) +0.545<x273>[B] (+1) +0.545<x274>[B] (+1) +0.545<x275>[B] (+1) +0.545<x276>[B] (+1) +0.545<x277>[B] (+1) +0.545<x278>[B] (+1) +0.545<x279>[B] (+1) +0.545<x280>[B] (+0) +0.545<x281>[B] (+1) -0.545<x282>[B] (+0) +0.545<x283>[B] (+0) +0.545<x284>[B] (+0) -0.545<x285>[B] (+0) -0.545<x286>[B] (+1) -0.545<x287>[B] (+1) +0.545<x288>[B] (+1) +0.545<x289>[B] (+1) -0.545<x290>[B] (+1) -0.545<x291>[B] (+0) +0.545<x292>[B] (+0) +0.545<x293>[B] (+0) -0.545<x294>[B] (+0) +0.545<x295>[B] (+0) +0.545<x296>[B] (+0) -0.545<x297>[B] (+0) -0.545<x298>[B] (+1) -0.545<x299>[B] (+1) -0.545<x300>[B] (+1) >= 30.6566666666667;
;
violation: left hand side is violated by 0.0166666666667226
  [linear] <c4778>: <x307>[C] (+36.7816667) +0.525<x1>[B] (+1) -0.525<x2>[B] (+1) -0.525<x3>[B] (+1) +0.525<x4>[B] (+1) -0.525<x5>[B] (+1) +0.525<x6>[B] (+1) -0.525<x7>[B] (+1) -0.525<x8>[B] (+1) -0.525<x9>[B] (+1) -0.525<x10>[B] (+1) -0.525<x11>[B] (+1) -0.525<x12>[B] (+0) +0.525<x13>[B] (+1) +0.525<x14>[B] (+1) +0.525<x15>[B] (+1) +0.525<x16>[B] (+1) -0.525<x17>[B] (+1) -0.525<x18>[B] (+0) +0.525<x19>[B] (+1) -0.525<x20>[B] (+1) +0.525<x21>[B] (+1) -0.525<x22>[B] (+1) +0.525<x23>[B] (+1) -0.525<x24>[B] (+1) -0.525<x25>[B] (+0) -0.525<x26>[B] (+1) +0.525<x27>[B] (+1) -0.525<x28>[B] (+0) -0.525<x29>[B] (+0) -0.525<x30>[B] (+0) -0.525<x31>[B] (+1) -0.525<x32>[B] (+0) -0.525<x33>[B] (+0) -0.525<x34>[B] (+1) -0.525<x35>[B] (+0) -0.525<x36>[B] (+0) +0.525<x37>[B] (+1) -0.525<x38>[B] (+0) +0.525<x39>[B] (+0) -0.525<x40>[B] (+1) -0.525<x41>[B] (+0) +0.525<x42>[B] (+0) -0.525<x43>[B] (+0) +0.525<x44>[B] (+0) -0.525<x45>[B] (+1) +0.525<x46>[B] (+1) -0.525<x47>[B] (+0) +0.525<x48>[B] (+1) +0.525<x49>[B] (+1) +0.525<x50>[B] (+0) +0.525<x51>[B] (+0) +0.525<x52>[B] (+0) -0.525<x53>[B] (+1) +0.525<x54>[B] (+0) +0.525<x55>[B] (+0) +0.525<x56>[B] (+1) +0.525<x57>[B] (+0) +0.525<x58>[B] (+0) +0.525<x59>[B] (+1) +0.525<x60>[B] (+0) +0.525<x61>[B] (+0) -0.525<x62>[B] (+1) -0.525<x63>[B] (+0) +0.525<x64>[B] (+0) +0.525<x65>[B] (+0) +0.525<x66>[B] (+0) +0.525<x67>[B] (+1) +0.525<x68>[B] (+1) +0.525<x69>[B] (+0) +0.525<x70>[B] (+0) -0.525<x71>[B] (+0) +0.525<x72>[B] (+0) +0.525<x73>[B] (+0) -0.525<x74>[B] (+0) -0.525<x75>[B] (+0) +0.525<x76>[B] (+0) -0.525<x77>[B] (+1) -0.525<x78>[B] (+0) +0.525<x79>[B] (+0) +0.525<x80>[B] (+1) +0.525<x81>[B] (+0) +0.525<x82>[B] (+0) -0.525<x83>[B] (+1) -0.525<x84>[B] (+0) +0.525<x85>[B] (+0) -0.525<x86>[B] (+0) +0.525<x87>[B] (+0) -0.525<x88>[B] (+0) +0.525<x89>[B] (+0) -0.525<x90>[B] (+0) -0.525<x91>[B] (+0) -0.525<x92>[B] (+0) -0.525<x93>[B] (+0) -0.525<x94>[B] (+1) -0.525<x95>[B] (+0) -0.525<x96>[B] (+0) -0.525<x97>[B] (+1) -0.525<x98>[B] (+0) -0.525<x99>[B] (+0) -0.525<x100>[B] (+1) -0.525<x101>[B] (+0) +0.525<x102>[B] (+0) -0.525<x103>[B] (+1) -0.525<x104>[B] (+0) +0.525<x105>[B] (+0) -0.525<x106>[B] (+0) -0.525<x107>[B] (+0) -0.525<x108>[B] (+1) +0.525<x109>[B] (+0) -0.525<x110>[B] (+0) +0.525<x111>[B] (+0) +0.525<x112>[B] (+0) -0.525<x113>[B] (+1) +0.525<x114>[B] (+0) +0.525<x115>[B] (+0) +0.525<x116>[B] (+1) +0.525<x117>[B] (+0) +0.525<x118>[B] (+0) +0.525<x119>[B] (+1) +0.525<x120>[B] (+1) +0.525<x121>[B] (+1) -0.525<x122>[B] (+1) -0.525<x123>[B] (+0) +0.525<x124>[B] (+1) +0.525<x125>[B] (+0) +0.525<x126>[B] (+0) -0.525<x127>[B] (+1) +0.525<x128>[B] (+1) +0.525<x129>[B] (+0) -0.525<x130>[B] (+1) -0.525<x131>[B] (+1) -0.525<x132>[B] (+0) -0.525<x133>[B] (+0) -0.525<x134>[B] (+1) -0.525<x135>[B] (+0) -0.525<x136>[B] (+0) +0.525<x137>[B] (+1) -0.525<x138>[B] (+1) +0.525<x139>[B] (+1) -0.525<x140>[B] (+1) -0.525<x141>[B] (+0) +0.525<x142>[B] (+1) -0.525<x143>[B] (+1) +0.525<x144>[B] (+1) -0.525<x145>[B] (+1) +0.525<x146>[B] (+1) -0.525<x147>[B] (+1) -0.525<x148>[B] (+1) -0.525<x149>[B] (+0) -0.525<x150>[B] (+0) -0.525<x151>[B] (+1) -0.525<x152>[B] (+0) +0.525<x153>[B] (+0) +0.525<x154>[B] (+1) +0.525<x155>[B] (+1) +0.525<x156>[B] (+1) -0.525<x157>[B] (+1) -0.525<x158>[B] (+0) +0.525<x159>[B] (+1) -0.525<x160>[B] (+0) +0.525<x161>[B] (+1) -0.525<x162>[B] (+1) +0.525<x163>[B] (+1) -0.525<x164>[B] (+1) +0.525<x165>[B] (+0) +0.525<x166>[B] (+0) +0.525<x167>[B] (+1) +0.525<x168>[B] (+0) +0.525<x169>[B] (+0) +0.525<x170>[B] (+1) +0.525<x171>[B] (+0) +0.525<x172>[B] (+0) -0.525<x173>[B] (+1) -0.525<x174>[B] (+0) +0.525<x175>[B] (+0) +0.525<x176>[B] (+0) +0.525<x177>[B] (+0) +0.525<x178>[B] (+0) +0.525<x179>[B] (+0) +0.525<x180>[B] (+0) +0.525<x181>[B] (+1) -0.525<x182>[B] (+1) -0.525<x183>[B] (+0) +0.525<x184>[B] (+0) +0.525<x185>[B] (+1) +0.525<x186>[B] (+1) +0.525<x187>[B] (+1) -0.525<x188>[B] (+1) -0.525<x189>[B] (+0) +0.525<x190>[B] (+1) +0.525<x191>[B] (+1) +0.525<x192>[B] (+1) -0.525<x193>[B] (+1) +0.525<x194>[B] (+1) +0.525<x195>[B] (+1) -0.525<x196>[B] (+1) -0.525<x197>[B] (+0) +0.525<x198>[B] (+0) +0.525<x199>[B] (+1) +0.525<x200>[B] (+1) +0.525<x201>[B] (+1) -0.525<x202>[B] (+1) -0.525<x203>[B] (+0) +0.525<x204>[B] (+1) -0.525<x205>[B] (+1) +0.525<x206>[B] (+1) -0.525<x207>[B] (+1) +0.525<x208>[B] (+1) -0.525<x209>[B] (+1) -0.525<x210>[B] (+0) +0.525<x211>[B] (+0) +0.525<x212>[B] (+1) +0.525<x213>[B] (+0) +0.525<x214>[B] (+0) -0.525<x215>[B] (+1) -0.525<x216>[B] (+0) +0.525<x217>[B] (+0) +0.525<x218>[B] (+0) +0.525<x219>[B] (+0) -0.525<x220>[B] (+0) +0.525<x221>[B] (+0) +0.525<x222>[B] (+0) +0.525<x223>[B] (+1) +0.525<x224>[B] (+1) +0.525<x225>[B] (+1) +0.525<x226>[B] (+1) -0.525<x227>[B] (+1) -0.525<x228>[B] (+1) +0.525<x229>[B] (+1) +0.525<x230>[B] (+1) +0.525<x231>[B] (+1) -0.525<x232>[B] (+1) +0.525<x233>[B] (+1) +0.525<x234>[B] (+1) +0.525<x235>[B] (+1) -0.525<x236>[B] (+1) +0.525<x237>[B] (+1) -0.525<x238>[B] (+1) -0.525<x239>[B] (+0) +0.525<x240>[B] (+1) -0.525<x241>[B] (+1) +0.525<x242>[B] (+1) -0.525<x243>[B] (+1) +0.525<x244>[B] (+1) -0.525<x245>[B] (+1) -0.525<x246>[B] (+0) +0.525<x247>[B] (+0) -0.525<x248>[B] (+1) -0.525<x249>[B] (+0) +0.525<x250>[B] (+0) -0.525<x251>[B] (+0) -0.525<x252>[B] (+0) -0.525<x253>[B] (+0) +0.525<x254>[B] (+0) -0.525<x255>[B] (+0) +0.525<x256>[B] (+0) -0.525<x257>[B] (+1) -0.525<x258>[B] (+0) +0.525<x259>[B] (+0) -0.525<x260>[B] (+0) +0.525<x261>[B] (+0) -0.525<x262>[B] (+1) +0.525<x263>[B] (+1) -0.525<x264>[B] (+0) -0.525<x265>[B] (+1) -0.525<x266>[B] (+0) +0.525<x267>[B] (+0) -0.525<x268>[B] (+0) -0.525<x269>[B] (+0) -0.525<x270>[B] (+1) -0.525<x271>[B] (+1) -0.525<x272>[B] (+0) +0.525<x273>[B] (+0) +0.525<x274>[B] (+0) +0.525<x275>[B] (+0) +0.525<x276>[B] (+0) +0.525<x277>[B] (+0) +0.525<x278>[B] (+0) +0.525<x279>[B] (+0) +0.525<x280>[B] (+1) +0.525<x281>[B] (+1) +0.525<x282>[B] (+1) +0.525<x283>[B] (+1) +0.525<x284>[B] (+1) +0.525<x285>[B] (+1) -0.525<x286>[B] (+0) -0.525<x287>[B] (+0) -0.525<x288>[B] (+1) -0.525<x289>[B] (+1) -0.525<x290>[B] (+0) +0.525<x291>[B] (+1) -0.525<x292>[B] (+1) +0.525<x293>[B] (+1) -0.525<x294>[B] (+1) -0.525<x295>[B] (+1) +0.525<x296>[B] (+1) -0.525<x297>[B] (+1) +0.525<x298>[B] (+0) +0.525<x299>[B] (+0) -0.525<x300>[B] (+0) >= 40.5566666666667;
;
violation: left hand side is violated by 0.0999999999999801
2/5 feasible solutions given by solution candidate storage, new primal bound -8.999900e+06

presolving:
   (0.0s) symmetry computation started: requiring (bin +, int +, cont +), (fixed: bin -, int -, cont -)
   (0.0s) no symmetry present (symcode time: 0.00)
presolving (0 rounds: 0 fast, 0 medium, 0 exhaustive):
 0 deleted vars, 0 deleted constraints, 0 added constraints, 0 tightened bounds, 0 added holes, 0 changed sides, 0 changed coefficients
 0 implications, 0 cliques, 0 implied integral variables (0 bin, 0 int, 0 cont)
presolved problem has 390 variables (300 bin, 0 int, 90 cont) and 4843 constraints
   4843 constraints of type <linear>
Presolving Time: 0.05
transformed 2/2 original solutions to the transformed problem space

 time | node  | left  |LP iter|LP it/n|mem/heur|mdpt |vars |cons |rows |cuts |sepa|confs|strbr|  dualbound   | primalbound  |  gap   | compl. 
p 0.1s|     1 |     0 |    66 |     - |   locks|   0 | 390 |4843 |4843 |   0 |  0 |   0 |   0 | 1.294000e+03 |-3.646870e+03 |    Inf | unknown
  0.2s|     1 |     0 |   993 |     - |    56M |   0 | 390 |4843 |4843 |   0 |  0 |   0 |   0 |-2.828985e+03 |-3.646870e+03 |  28.91%| unknown
r 0.2s|     1 |     0 |   993 |     - |shifting|   0 | 390 |4843 |4843 |   0 |  0 |   0 |   0 |-2.828985e+03 |-2.952474e+03 |   4.37%| unknown
  0.4s|     1 |     0 |   996 |     - |    56M |   0 | 390 |4843 |4844 |   1 |  1 |   0 |   0 |-2.828992e+03 |-2.952474e+03 |   4.36%| unknown
  0.4s|     1 |     0 |   996 |     - |    56M |   0 | 390 |4843 |4844 |   1 |  1 |   0 |   0 |-2.828992e+03 |-2.952474e+03 |   4.36%| unknown
  0.5s|     1 |     0 |  1009 |     - |    57M |   0 | 390 |4843 |4846 |   3 |  2 |   0 |   0 |-2.829012e+03 |-2.952474e+03 |   4.36%| unknown
  0.7s|     1 |     0 |  1016 |     - |    57M |   0 | 390 |4843 |4847 |   4 |  3 |   0 |   0 |-2.829019e+03 |-2.952474e+03 |   4.36%| unknown
  0.8s|     1 |     0 |  1024 |     - |    61M |   0 | 390 |4843 |4848 |   5 |  4 |   0 |   0 |-2.829021e+03 |-2.952474e+03 |   4.36%| unknown
r 0.8s|     1 |     0 |  1024 |     - |shifting|   0 | 390 |4843 |4848 |   5 |  4 |   0 |   0 |-2.829021e+03 |-2.947770e+03 |   4.20%| unknown
  1.0s|     1 |     0 |  1045 |     - |    62M |   0 | 390 |4843 |4850 |   7 |  5 |   0 |   0 |-2.829027e+03 |-2.947770e+03 |   4.20%| unknown
  1.1s|     1 |     0 |  1063 |     - |    62M |   0 | 390 |4843 |4852 |   9 |  6 |   0 |   0 |-2.829048e+03 |-2.947770e+03 |   4.20%| unknown
  1.3s|     1 |     0 |  1074 |     - |    63M |   0 | 390 |4843 |4855 |  12 |  7 |   0 |   0 |-2.829056e+03 |-2.947770e+03 |   4.20%| unknown
  1.4s|     1 |     0 |  1082 |     - |    63M |   0 | 390 |4843 |4857 |  14 |  8 |   0 |   0 |-2.829060e+03 |-2.947770e+03 |   4.20%| unknown
  1.6s|     1 |     0 |  1096 |     - |    64M |   0 | 390 |4843 |4859 |  16 |  9 |   0 |   0 |-2.829064e+03 |-2.947770e+03 |   4.20%| unknown
  1.7s|     1 |     0 |  1116 |     - |    64M |   0 | 390 |4843 |4861 |  18 | 10 |   0 |   0 |-2.829074e+03 |-2.947770e+03 |   4.20%| unknown
 time | node  | left  |LP iter|LP it/n|mem/heur|mdpt |vars |cons |rows |cuts |sepa|confs|strbr|  dualbound   | primalbound  |  gap   | compl. 
  1.7s|     1 |     0 |  1145 |     - |    65M |   0 | 390 |4843 |4863 |  20 | 11 |   0 |   0 |-2.829080e+03 |-2.947770e+03 |   4.20%| unknown
r 1.8s|     1 |     0 |  1246 |     - |intshift|   0 | 390 |4843 |4863 |  20 | 11 |   0 |   0 |-2.829080e+03 |-2.852083e+03 |   0.81%| unknown
d 1.8s|     1 |     0 |  1410 |     - |farkasdi|   0 | 390 |4843 |4863 |   0 | 11 |   0 |   0 |-2.829080e+03 |-2.830827e+03 |   0.06%| unknown
L 1.8s|     1 |     0 |  1410 |     - |    rens|   0 | 390 |4843 |4863 |  20 | 11 |   0 |   0 |-2.829080e+03 |-2.829457e+03 |   0.01%| unknown
  1.8s|     1 |     0 |  1410 |     - |    65M |   0 | 390 |4843 |4863 |  20 | 11 |   0 |   0 |-2.829080e+03 |-2.829457e+03 |   0.01%| unknown
  1.9s|     1 |     0 |  1410 |     - |    65M |   0 | 390 |4843 |1144 |  20 | 11 |   0 |   0 |-2.829080e+03 |-2.829457e+03 |   0.01%| unknown
  1.9s|     1 |     0 |  1421 |     - |    65M |   0 | 390 |4843 |1147 |  23 | 12 |   0 |   0 |-2.829081e+03 |-2.829457e+03 |   0.01%| unknown
  1.9s|     1 |     0 |  1421 |     - |    66M |   0 | 390 | 647 |1147 |  23 | 13 |   0 |   0 |-2.829081e+03 |-2.829457e+03 |   0.01%| unknown
(run 1, node 1) restarting after 227 global fixings of integer variables

(restart) converted 23 cuts from the global cut pool into linear constraints

presolving:
presolving (0 rounds: 0 fast, 0 medium, 0 exhaustive):
 0 deleted vars, 0 deleted constraints, 0 added constraints, 0 tightened bounds, 0 added holes, 0 changed sides, 0 changed coefficients
 0 implications, 0 cliques, 0 implied integral variables (0 bin, 0 int, 0 cont)
presolved problem has 390 variables (300 bin, 0 int, 90 cont) and 670 constraints
    670 constraints of type <linear>
Presolving Time: 0.05
transformed 12/20 original solutions to the transformed problem space

 time | node  | left  |LP iter|LP it/n|mem/heur|mdpt |vars |cons |rows |cuts |sepa|confs|strbr|  dualbound   | primalbound  |  gap   | compl. 
  2.0s|     1 |     0 |  1993 |     - |    66M |   0 | 390 | 670 | 670 |   0 |  0 |   0 |   0 |-2.829081e+03 |-2.829457e+03 |   0.01%| unknown
  2.0s|     1 |     0 |  1993 |     - |    66M |   0 | 390 | 670 | 589 |   0 |  0 |   0 |   0 |-2.829081e+03 |-2.829457e+03 |   0.01%| unknown
  2.1s|     1 |     0 |  2004 |     - |    66M |   0 | 390 | 670 | 590 |   1 |  1 |   0 |   0 |-2.829085e+03 |-2.829457e+03 |   0.01%| unknown
  2.1s|     1 |     0 |  2012 |     - |    66M |   0 | 390 | 670 | 592 |   3 |  2 |   0 |   0 |-2.829088e+03 |-2.829457e+03 |   0.01%| unknown
  2.2s|     1 |     0 |  2031 |     - |    66M |   0 | 390 | 670 | 594 |   5 |  3 |   0 |   0 |-2.829092e+03 |-2.829457e+03 |   0.01%| unknown
  2.3s|     1 |     0 |  2050 |     - |    66M |   0 | 390 | 670 | 595 |   6 |  4 |   0 |   0 |-2.829098e+03 |-2.829457e+03 |   0.01%| unknown
  2.3s|     1 |     0 |  2072 |     - |    66M |   0 | 390 | 670 | 599 |  10 |  5 |   0 |   0 |-2.829110e+03 |-2.829457e+03 |   0.01%| unknown
  2.4s|     1 |     0 |  2080 |     - |    67M |   0 | 390 | 670 | 600 |  11 |  6 |   0 |   0 |-2.829112e+03 |-2.829457e+03 |   0.01%| unknown
  2.5s|     1 |     0 |  2103 |     - |    67M |   0 | 390 | 670 | 601 |  12 |  7 |   0 |   0 |-2.829115e+03 |-2.829457e+03 |   0.01%| unknown
  2.5s|     1 |     0 |  2112 |     - |    67M |   0 | 390 | 670 | 602 |  13 |  8 |   0 |   0 |-2.829115e+03 |-2.829457e+03 |   0.01%| unknown
  2.6s|     1 |     0 |  2119 |     - |    67M |   0 | 390 | 670 | 603 |  14 |  9 |   0 |   0 |-2.829115e+03 |-2.829457e+03 |   0.01%| unknown
  2.7s|     1 |     0 |  2146 |     - |    67M |   0 | 390 | 670 | 606 |  17 | 10 |   0 |   0 |-2.829124e+03 |-2.829457e+03 |   0.01%| unknown
  2.8s|     1 |     0 |  2147 |     - |    67M |   0 | 390 | 670 | 607 |  18 | 11 |   0 |   0 |-2.829124e+03 |-2.829457e+03 |   0.01%| unknown
  2.8s|     1 |     0 |  2147 |     - |    67M |   0 | 390 | 439 | 607 |  18 | 11 |   0 |   0 |-2.829124e+03 |-2.829457e+03 |   0.01%| unknown
  2.9s|     1 |     0 |  2341 |     - |    67M |   0 | 390 | 444 | 607 |  18 | 12 |   8 |   5 |-2.829457e+03 |-2.829457e+03 |   0.00%| unknown

SCIP Status        : problem is solved [optimal solution found]
Solving Time (sec) : 2.90
Solving Nodes      : 1 (total of 2 nodes in 2 runs)
Primal Bound       : -2.82945666666667e+03 (33 solutions)
Dual Bound         : -2.82945666666667e+03
Gap                : 0.00 %
