Loading instance...
Median ranking: [11, 1, 4, 8, 2, 7, 12, 3, 6, 14, 15, 13, 5, 10, 9]
Mean ranking: [11, 1, 4, 7, 8, 12, 3, 13, 5, 6, 9, 2, 14, 15, 10]
Actual error: 0.0016273086499741796
Weighted Kendall distance: 133.5
Normalized distance: 0.11919642857142858
s, 455 add conss, 0 chg bounds, 0 chg sides, 0 chg coeffs, 0 upgd conss, 0 impls, 0 clqs, 0 implints
   (0.0s) symmetry computation started: requiring (bin +, int +, cont +), (fixed: bin -, int -, cont -)
   (0.0s) no symmetry present (symcode time: 0.00)
presolving (2 rounds: 2 fast, 2 medium, 1 exhaustive):
 0 deleted vars, 910 deleted constraints, 455 added constraints, 0 tightened bounds, 0 added holes, 0 changed sides, 0 changed coefficients
 0 implications, 0 cliques, 0 implied integral variables (0 bin, 0 int, 0 cont)
presolved problem has 105 variables (0 bin, 0 int, 105 cont) and 455 constraints
    455 constraints of type <linear>
Presolving Time: 0.01
transformed 3/3 original solutions to the transformed problem space

 time | node  | left  |LP iter|LP it/n|mem/heur|mdpt |vars |cons |rows |cuts |sepa|confs|strbr|  dualbound   | primalbound  |  gap   | compl. 
* 0.0s|     1 |     0 |    24 |     - |    LP  |   0 | 105 | 455 | 455 |   0 |  0 |   0 |   0 | 3.060000e+02 | 3.060000e+02 |   0.00%| unknown
  0.0s|     1 |     0 |    24 |     - |  3584k |   0 | 105 | 455 | 455 |   0 |  0 |   0 |   0 | 3.060000e+02 | 3.060000e+02 |   0.00%| unknown

SCIP Status        : problem is solved [optimal solution found]
Solving Time (sec) : 0.01
Solving Nodes      : 1
Primal Bound       : +3.06000000000000e+02 (4 solutions)
Dual Bound         : +3.06000000000000e+02
Gap                : 0.00 %
feasible solution found by trivial heuristic after 0.0 seconds, objective value 1.840000e+02
presolving:
   (0.0s) running MILP presolver
   (0.0s) MILP presolver (2 rounds): 0 aggregations, 0 fixings, 0 bound changes
(round 1, medium)     0 del vars, 910 del conss, 455 add conss, 0 chg bounds, 0 chg sides, 0 chg coeffs, 0 upgd conss, 0 impls, 0 clqs, 0 implints
   (0.0s) probing: 51/105 (48.6%) - 0 fixings, 0 aggregations, 0 implications, 0 bound changes
   (0.0s) probing aborted: 50/50 successive totally useless probings
   (0.0s) symmetry computation started: requiring (bin +, int +, cont +), (fixed: bin -, int -, cont -)
   (0.0s) no symmetry present (symcode time: 0.00)
presolving (2 rounds: 2 fast, 2 medium, 1 exhaustive):
 0 deleted vars, 910 deleted constraints, 455 added constraints, 0 tightened bounds, 0 added holes, 0 changed sides, 0 changed coefficients
 0 implications, 0 cliques, 0 implied integral variables (0 bin, 0 int, 0 cont)
presolved problem has 105 variables (105 bin, 0 int, 0 cont) and 455 constraints
    455 constraints of type <linear>
transformed objective value is always integral (scale: 2)
Presolving Time: 0.01
transformed 2/2 original solutions to the transformed problem space

 time | node  | left  |LP iter|LP it/n|mem/heur|mdpt |vars |cons |rows |cuts |sepa|confs|strbr|  dualbound   | primalbound  |  gap   | compl. 
i 0.0s|     1 |     0 |     0 |     - |  oneopt|   0 | 105 | 455 | 455 |   0 |  0 |   1 |   0 | 3.160000e+02 | 2.500000e+02 |  26.40%| unknown
* 0.0s|     1 |     0 |    22 |     - |    LP  |   0 | 105 | 455 | 455 |   0 |  0 |   1 |   0 | 3.060000e+02 | 3.060000e+02 |   0.00%| unknown
  0.0s|     1 |     0 |    22 |     - |  3713k |   0 | 105 | 455 | 455 |   0 |  0 |   1 |   0 | 3.060000e+02 | 3.060000e+02 |   0.00%| unknown

SCIP Status        : problem is solved [optimal solution found]
Solving Time (sec) : 0.01
Solving Nodes      : 1
Primal Bound       : +3.06000000000000e+02 (4 solutions)
Dual Bound         : +3.06000000000000e+02
Gap                : 0.00 %
feasible solution found by trivial heuristic after 0.0 seconds, objective value -2.999816e+06
presolving:
(round 1, fast)       0 del vars, 0 del conss, 0 add conss, 60 chg bounds, 0 chg sides, 0 chg coeffs, 0 upgd conss, 0 impls, 0 clqs, 0 implints
   (0.2s) running MILP presolver
   (0.3s) MILP presolver (2 rounds): 0 aggregations, 0 fixings, 0 bound changes
(round 2, exhaustive) 0 del vars, 455 del conss, 0 add conss, 60 chg bounds, 0 chg sides, 0 chg coeffs, 0 upgd conss, 0 impls, 0 clqs, 0 implints
   (0.5s) symmetry computation started: requiring (bin +, int +, cont +), (fixed: bin -, int -, cont -)
   (0.6s) no symmetry present (symcode time: 0.01)
presolving (3 rounds: 3 fast, 2 medium, 2 exhaustive):
 0 deleted vars, 455 deleted constraints, 0 added constraints, 60 tightened bounds, 0 added holes, 0 changed sides, 0 changed coefficients
 0 implications, 0 cliques, 0 implied integral variables (0 bin, 0 int, 0 cont)
presolved problem has 135 variables (0 bin, 0 int, 135 cont) and 3605 constraints
   3605 constraints of type <linear>
Presolving Time: 0.55

 time | node  | left  |LP iter|LP it/n|mem/heur|mdpt |vars |cons |rows |cuts |sepa|confs|strbr|  dualbound   | primalbound  |  gap   | compl. 
t 0.6s|     1 |     0 |     0 |     - | trivial|   0 | 135 |3605 |   0 |   0 |  0 |   0 |   0 | 3.160000e+02 |-1.391000e+03 |    Inf | unknown
* 0.8s|     1 |     0 |   589 |     - |    LP  |   0 | 135 |3605 |3605 |   0 |  0 |   0 |   0 |-2.175396e+02 |-2.175396e+02 |   0.00%| unknown
  0.8s|     1 |     0 |   589 |     - |   207M |   0 | 135 |3605 |3605 |   0 |  0 |   0 |   0 |-2.175396e+02 |-2.175396e+02 |   0.00%| unknown

SCIP Status        : problem is solved [optimal solution found]
Solving Time (sec) : 0.75
Solving Nodes      : 1
Primal Bound       : -2.17539603407345e+02 (3 solutions)
Dual Bound         : -2.17539603407345e+02
Gap                : 0.00 %
feasible solution found by trivial heuristic after 0.0 seconds, objective value -2.999816e+06
presolving:
(round 1, fast)       0 del vars, 0 del conss, 0 add conss, 60 chg bounds, 0 chg sides, 0 chg coeffs, 0 upgd conss, 0 impls, 0 clqs, 0 implints
   (0.2s) running MILP presolver
   (0.2s) MILP presolver (2 rounds): 0 aggregations, 0 fixings, 0 bound changes
(round 2, exhaustive) 0 del vars, 455 del conss, 0 add conss, 60 chg bounds, 0 chg sides, 0 chg coeffs, 0 upgd conss, 0 impls, 0 clqs, 0 implints
   (0.5s) probing: 51/105 (48.6%) - 0 fixings, 0 aggregations, 0 implications, 0 bound changes
   (0.5s) probing aborted: 50/50 successive totally useless probings
   (0.5s) symmetry computation started: requiring (bin +, int +, cont +), (fixed: bin -, int -, cont -)
   (0.6s) no symmetry present (symcode time: 0.01)
presolving (3 rounds: 3 fast, 2 medium, 2 exhaustive):
 0 deleted vars, 455 deleted constraints, 0 added constraints, 60 tightened bounds, 0 added holes, 0 changed sides, 0 changed coefficients
 0 implications, 0 cliques, 0 implied integral variables (0 bin, 0 int, 0 cont)
presolved problem has 135 variables (105 bin, 0 int, 30 cont) and 3605 constraints
   3605 constraints of type <linear>
Presolving Time: 0.59

 time | node  | left  |LP iter|LP it/n|mem/heur|mdpt |vars |cons |rows |cuts |sepa|confs|strbr|  dualbound   | primalbound  |  gap   | compl. 
t 0.6s|     1 |     0 |     0 |     - | trivial|   0 | 135 |3605 |   0 |   0 |  0 |   0 |   0 | 3.160000e+02 |-1.391000e+03 |    Inf | unknown
p 0.7s|     1 |     0 |    30 |     - |   locks|   0 | 135 |3605 |3605 |   0 |  0 |   0 |   0 | 3.160000e+02 |-4.087095e+02 |    Inf | unknown
  0.9s|     1 |     0 |   619 |     - |   208M |   0 | 135 |3605 |3605 |   0 |  0 |   0 |   0 |-2.175396e+02 |-4.087095e+02 |  87.88%| unknown
r 0.9s|     1 |     0 |   619 |     - |shifting|   0 | 135 |3605 |3605 |   0 |  0 |   0 |   0 |-2.175396e+02 |-2.730129e+02 |  25.50%| unknown
  1.0s|     1 |     0 |   638 |     - |   208M |   0 | 135 |3605 |3606 |   1 |  1 |   0 |   0 |-2.175758e+02 |-2.730129e+02 |  25.48%| unknown
  1.1s|     1 |     0 |   661 |     - |   209M |   0 | 135 |3605 |3608 |   3 |  2 |   0 |   0 |-2.176072e+02 |-2.730129e+02 |  25.46%| unknown
r 1.1s|     1 |     0 |   661 |     - |shifting|   0 | 135 |3605 |3608 |   3 |  2 |   0 |   0 |-2.176072e+02 |-2.629736e+02 |  20.85%| unknown
  1.2s|     1 |     0 |   680 |     - |   209M |   0 | 135 |3605 |3610 |   5 |  3 |   0 |   0 |-2.176332e+02 |-2.629736e+02 |  20.83%| unknown
  1.3s|     1 |     0 |   707 |     - |   209M |   0 | 135 |3605 |3613 |   8 |  4 |   0 |   0 |-2.176675e+02 |-2.629736e+02 |  20.81%| unknown
  1.4s|     1 |     0 |   718 |     - |   210M |   0 | 135 |3605 |3615 |  10 |  5 |   0 |   0 |-2.176714e+02 |-2.629736e+02 |  20.81%| unknown
  1.5s|     1 |     0 |   741 |     - |   210M |   0 | 135 |3605 |3618 |  13 |  6 |   0 |   0 |-2.176782e+02 |-2.629736e+02 |  20.81%| unknown
  1.6s|     1 |     0 |   773 |     - |   211M |   0 | 135 |3605 |3621 |  16 |  7 |   0 |   0 |-2.176871e+02 |-2.629736e+02 |  20.80%| unknown
  1.7s|     1 |     0 |   802 |     - |   211M |   0 | 135 |3605 |3623 |  18 |  8 |   0 |   0 |-2.176973e+02 |-2.629736e+02 |  20.80%| unknown
  1.8s|     1 |     0 |   855 |     - |   211M |   0 | 135 |3605 |3625 |  20 |  9 |   0 |   0 |-2.177282e+02 |-2.629736e+02 |  20.78%| unknown
  1.9s|     1 |     0 |   874 |     - |   212M |   0 | 135 |3605 |3628 |  23 | 10 |   0 |   0 |-2.177418e+02 |-2.629736e+02 |  20.77%| unknown
 time | node  | left  |LP iter|LP it/n|mem/heur|mdpt |vars |cons |rows |cuts |sepa|confs|strbr|  dualbound   | primalbound  |  gap   | compl. 
  2.0s|     1 |     0 |   896 |     - |   212M |   0 | 135 |3605 |3631 |  26 | 11 |   0 |   0 |-2.177470e+02 |-2.629736e+02 |  20.77%| unknown
  2.1s|     1 |     0 |   911 |     - |   213M |   0 | 135 |3605 |3633 |  28 | 12 |   0 |   0 |-2.177497e+02 |-2.629736e+02 |  20.77%| unknown
  2.2s|     1 |     0 |   919 |     - |   213M |   0 | 135 |3605 |3634 |  29 | 13 |   0 |   0 |-2.177551e+02 |-2.629736e+02 |  20.77%| unknown
r 2.2s|     1 |     0 |  1013 |     - |intshift|   0 | 135 |3605 |3634 |  29 | 14 |   0 |   0 |-2.177551e+02 |-2.275857e+02 |   4.51%| unknown
d 2.4s|     1 |     0 |  1511 |     - |farkasdi|   0 | 135 |3605 |3634 |   0 | 14 |   0 |   0 |-2.177551e+02 |-2.209190e+02 |   1.45%| unknown
L 2.8s|     1 |     0 |  1511 |     - |    rens|   0 | 135 |3605 |3634 |  29 | 14 |   0 |   0 |-2.177551e+02 |-2.188619e+02 |   0.51%| unknown
  2.8s|     1 |     0 |  1511 |     - |   213M |   0 | 135 |3605 |3634 |  29 | 14 |   0 |   0 |-2.177551e+02 |-2.188619e+02 |   0.51%| unknown
  2.9s|     1 |     0 |  1511 |     - |   214M |   0 | 135 |3605 |3504 |  29 | 14 |   0 |   0 |-2.177551e+02 |-2.188619e+02 |   0.51%| unknown
  2.9s|     1 |     0 |  1511 |     - |   214M |   0 | 135 |3349 |3504 |  29 | 15 |   0 |   0 |-2.177551e+02 |-2.188619e+02 |   0.51%| unknown
(run 1, node 1) restarting after 38 global fixings of integer variables

(restart) converted 29 cuts from the global cut pool into linear constraints

presolving:
(round 1, fast)       38 del vars, 0 del conss, 0 add conss, 0 chg bounds, 178 chg sides, 67 chg coeffs, 0 upgd conss, 0 impls, 148 clqs, 0 implints
(round 2, fast)       38 del vars, 0 del conss, 0 add conss, 30 chg bounds, 178 chg sides, 67 chg coeffs, 0 upgd conss, 0 impls, 148 clqs, 0 implints
   (3.0s) running MILP presolver
   (3.1s) MILP presolver (3 rounds): 0 aggregations, 0 fixings, 28 bound changes
(round 3, medium)     38 del vars, 0 del conss, 0 add conss, 58 chg bounds, 178 chg sides, 67 chg coeffs, 0 upgd conss, 0 impls, 148 clqs, 0 implints
(round 4, fast)       38 del vars, 3 del conss, 0 add conss, 58 chg bounds, 208 chg sides, 134 chg coeffs, 0 upgd conss, 0 impls, 148 clqs, 0 implints
(round 5, exhaustive) 38 del vars, 3 del conss, 0 add conss, 58 chg bounds, 208 chg sides, 134 chg coeffs, 148 upgd conss, 0 impls, 148 clqs, 0 implints
presolving (6 rounds: 6 fast, 3 medium, 2 exhaustive):
 38 deleted vars, 3 deleted constraints, 0 added constraints, 58 tightened bounds, 0 added holes, 208 changed sides, 134 changed coefficients
 0 implications, 148 cliques, 0 implied integral variables (0 bin, 0 int, 0 cont)
presolved problem has 97 variables (67 bin, 0 int, 30 cont) and 3375 constraints
    148 constraints of type <setppc>
   3227 constraints of type <linear>
Presolving Time: 0.87
transformed 12/21 original solutions to the transformed problem space

 time | node  | left  |LP iter|LP it/n|mem/heur|mdpt |vars |cons |rows |cuts |sepa|confs|strbr|  dualbound   | primalbound  |  gap   | compl. 
  3.6s|     1 |     0 |  1993 |     - |   240M |   0 |  97 |3377 |3375 |   0 |  0 |   1 |   0 |-2.177551e+02 |-2.188619e+02 |   0.51%| unknown
  3.6s|     1 |     0 |  1993 |     - |   240M |   0 |  97 |3377 |3334 |   0 |  0 |   1 |   0 |-2.177551e+02 |-2.188619e+02 |   0.51%| unknown
  3.7s|     1 |     0 |  2009 |     - |   240M |   0 |  97 |3339 |3331 |   1 |  1 |   1 |   0 |-2.177620e+02 |-2.188619e+02 |   0.51%| unknown
  3.9s|     1 |     0 |  2043 |     - |   240M |   0 |  97 |3335 |3334 |   4 |  2 |   1 |   0 |-2.177742e+02 |-2.188619e+02 |   0.50%| unknown
  4.0s|     1 |     0 |  2058 |     - |   240M |   0 |  97 |3335 |3336 |   6 |  3 |   1 |   0 |-2.177765e+02 |-2.188619e+02 |   0.50%| unknown
  4.2s|     1 |     0 |  2072 |     - |   241M |   0 |  97 |3335 |3337 |   7 |  4 |   1 |   0 |-2.177782e+02 |-2.188619e+02 |   0.50%| unknown
  4.3s|     1 |     0 |  2099 |     - |   241M |   0 |  97 |3335 |3339 |   9 |  5 |   1 |   0 |-2.177824e+02 |-2.188619e+02 |   0.50%| unknown
  4.5s|     1 |     0 |  2108 |     - |   241M |   0 |  97 |3335 |3340 |  10 |  6 |   1 |   0 |-2.177827e+02 |-2.188619e+02 |   0.50%| unknown
  4.7s|     1 |     0 |  2155 |     - |   242M |   0 |  97 |3335 |3342 |  12 |  7 |   1 |   0 |-2.177955e+02 |-2.188619e+02 |   0.49%| unknown
  4.8s|     1 |     0 |  2178 |     - |   242M |   0 |  97 |3335 |3343 |  13 |  8 |   1 |   0 |-2.177986e+02 |-2.188619e+02 |   0.49%| unknown
  5.0s|     1 |     0 |  2188 |     - |   242M |   0 |  97 |3335 |3344 |  14 |  9 |   1 |   0 |-2.177990e+02 |-2.188619e+02 |   0.49%| unknown
  5.2s|     1 |     0 |  2205 |     - |   243M |   0 |  97 |3335 |3345 |  15 | 10 |   1 |   0 |-2.177995e+02 |-2.188619e+02 |   0.49%| unknown
  5.3s|     1 |     0 |  2213 |     - |   243M |   0 |  97 |3336 |3346 |  16 | 11 |   2 |   0 |-2.177997e+02 |-2.188619e+02 |   0.49%| unknown
  5.3s|     1 |     0 |  2213 |     - |   243M |   0 |  97 |3304 |3346 |  16 | 11 |   2 |   0 |-2.177997e+02 |-2.188619e+02 |   0.49%| unknown
  5.4s|     1 |     0 |  2226 |     - |   243M |   0 |  97 |3304 |3347 |  17 | 12 |   2 |   0 |-2.177999e+02 |-2.188619e+02 |   0.49%| unknown
 time | node  | left  |LP iter|LP it/n|mem/heur|mdpt |vars |cons |rows |cuts |sepa|confs|strbr|  dualbound   | primalbound  |  gap   | compl. 
  5.6s|     1 |     0 |  2248 |     - |   244M |   0 |  97 |3305 |3337 |  18 | 13 |   3 |   0 |-2.178006e+02 |-2.188619e+02 |   0.49%| unknown
  5.7s|     1 |     0 |  2261 |     - |   244M |   0 |  97 |3305 |3338 |  19 | 14 |   3 |   0 |-2.178008e+02 |-2.188619e+02 |   0.49%| unknown
  5.9s|     1 |     0 |  2265 |     - |   244M |   0 |  97 |3305 |3339 |  20 | 15 |   3 |   0 |-2.178008e+02 |-2.188619e+02 |   0.49%| unknown
  6.0s|     1 |     0 |  2272 |     - |   244M |   0 |  97 |3305 |3340 |  21 | 16 |   3 |   0 |-2.178009e+02 |-2.188619e+02 |   0.49%| unknown
  6.1s|     1 |     0 |  2286 |     - |   244M |   0 |  97 |3305 |3341 |  22 | 17 |   3 |   0 |-2.178013e+02 |-2.188619e+02 |   0.49%| unknown
  6.3s|     1 |     0 |  2295 |     - |   244M |   0 |  97 |3305 |3342 |  23 | 18 |   3 |   0 |-2.178014e+02 |-2.188619e+02 |   0.49%| unknown
  6.4s|     1 |     0 |  2311 |     - |   244M |   0 |  97 |3305 |3335 |  25 | 19 |   3 |   0 |-2.178026e+02 |-2.188619e+02 |   0.49%| unknown
  6.5s|     1 |     0 |  2318 |     - |   245M |   0 |  97 |3305 |3336 |  26 | 20 |   3 |   0 |-2.178032e+02 |-2.188619e+02 |   0.49%| unknown
  6.7s|     1 |     0 |  2320 |     - |   245M |   0 |  97 |3305 |3337 |  27 | 21 |   3 |   0 |-2.178032e+02 |-2.188619e+02 |   0.49%| unknown
  6.8s|     1 |     0 |  2322 |     - |   245M |   0 |  97 |3306 |3338 |  28 | 22 |   4 |   0 |-2.178032e+02 |-2.188619e+02 |   0.49%| unknown
(run 2, node 1) restarting after 6 global fixings of integer variables

(restart) converted 21 cuts from the global cut pool into linear constraints

presolving:
(round 1, fast)       6 del vars, 0 del conss, 0 add conss, 0 chg bounds, 36 chg sides, 61 chg coeffs, 0 upgd conss, 0 impls, 123 clqs, 0 implints
(round 2, fast)       6 del vars, 0 del conss, 0 add conss, 17 chg bounds, 36 chg sides, 61 chg coeffs, 0 upgd conss, 0 impls, 123 clqs, 0 implints
(round 3, exhaustive) 6 del vars, 0 del conss, 0 add conss, 17 chg bounds, 36 chg sides, 61 chg coeffs, 16 upgd conss, 0 impls, 123 clqs, 0 implints
(round 4, exhaustive) 6 del vars, 0 del conss, 0 add conss, 17 chg bounds, 36 chg sides, 64 chg coeffs, 16 upgd conss, 0 impls, 123 clqs, 0 implints
presolving (5 rounds: 5 fast, 3 medium, 3 exhaustive):
 6 deleted vars, 0 deleted constraints, 0 added constraints, 17 tightened bounds, 0 added holes, 36 changed sides, 64 changed coefficients
 0 implications, 123 cliques, 0 implied integral variables (0 bin, 0 int, 0 cont)
presolved problem has 91 variables (61 bin, 0 int, 30 cont) and 3335 constraints
    122 constraints of type <setppc>
   3206 constraints of type <linear>
      7 constraints of type <logicor>
Presolving Time: 1.03
transformed 35/44 original solutions to the transformed problem space

 time | node  | left  |LP iter|LP it/n|mem/heur|mdpt |vars |cons |rows |cuts |sepa|confs|strbr|  dualbound   | primalbound  |  gap   | compl. 
  7.3s|     1 |     0 |  3322 |     - |   261M |   0 |  91 |3335 |3322 |   0 |  0 |  12 |   0 |-2.178032e+02 |-2.188619e+02 |   0.49%| unknown
  7.4s|     1 |     0 |  3322 |     - |   261M |   0 |  91 |3337 |3318 |   0 |  0 |  14 |   0 |-2.178032e+02 |-2.188619e+02 |   0.49%| unknown
  7.5s|     1 |     0 |  3404 |     - |   262M |   0 |  91 |3334 |3320 |   2 |  1 |  14 |   0 |-2.178607e+02 |-2.188619e+02 |   0.46%| unknown
  7.5s|     1 |     0 |  3404 |     - |   262M |   0 |  91 |3334 |3314 |   2 |  1 |  14 |   0 |-2.178607e+02 |-2.188619e+02 |   0.46%| unknown
  7.6s|     1 |     0 |  3441 |     - |   262M |   0 |  91 |3328 |3316 |   4 |  2 |  14 |   0 |-2.179028e+02 |-2.188619e+02 |   0.44%| unknown
  7.8s|     1 |     0 |  3461 |     - |   262M |   0 |  91 |3328 |3318 |   6 |  3 |  14 |   0 |-2.179313e+02 |-2.188619e+02 |   0.43%| unknown
  7.9s|     1 |     0 |  3470 |     - |   262M |   0 |  91 |3329 |3319 |   7 |  4 |  15 |   0 |-2.179429e+02 |-2.188619e+02 |   0.42%| unknown
  8.0s|     1 |     0 |  3470 |     - |   262M |   0 |  91 |3331 |3310 |   7 |  4 |  17 |   0 |-2.179429e+02 |-2.188619e+02 |   0.42%| unknown
  8.1s|     1 |     0 |  3471 |     - |   263M |   0 |  91 |3327 |3311 |   8 |  5 |  17 |   0 |-2.179431e+02 |-2.188619e+02 |   0.42%| unknown
  8.2s|     1 |     0 |  3472 |     - |   263M |   0 |  91 |3328 |3312 |   9 |  6 |  18 |   0 |-2.179432e+02 |-2.188619e+02 |   0.42%| unknown
  8.4s|     1 |     0 |  3478 |     - |   264M |   0 |  91 |3328 |3313 |  10 |  7 |  18 |   0 |-2.179462e+02 |-2.188619e+02 |   0.42%| unknown
  8.5s|     1 |     0 |  3491 |     - |   264M |   0 |  91 |3328 |3315 |  12 |  8 |  18 |   0 |-2.179506e+02 |-2.188619e+02 |   0.42%| unknown
  8.6s|     1 |     0 |  3501 |     - |   264M |   0 |  91 |3328 |3317 |  14 |  9 |  18 |   0 |-2.179524e+02 |-2.188619e+02 |   0.42%| unknown
  8.8s|     1 |     0 |  3516 |     - |   265M |   0 |  91 |3328 |3295 |  17 | 10 |  18 |   0 |-2.179694e+02 |-2.188619e+02 |   0.41%| unknown
  8.9s|     1 |     0 |  3527 |     - |   265M |   0 |  91 |3328 |3296 |  18 | 11 |  18 |   0 |-2.179726e+02 |-2.188619e+02 |   0.41%| unknown
 time | node  | left  |LP iter|LP it/n|mem/heur|mdpt |vars |cons |rows |cuts |sepa|confs|strbr|  dualbound   | primalbound  |  gap   | compl. 
  9.0s|     1 |     0 |  3527 |     - |   265M |   0 |  91 |3282 |3296 |  18 | 11 |  18 |   0 |-2.179726e+02 |-2.188619e+02 |   0.41%| unknown
  9.1s|     1 |     0 |  3529 |     - |   265M |   0 |  91 |3282 |3297 |  19 | 12 |  18 |   0 |-2.179729e+02 |-2.188619e+02 |   0.41%| unknown
  9.2s|     1 |     0 |  3530 |     - |   266M |   0 |  91 |3282 |3298 |  20 | 13 |  18 |   0 |-2.179732e+02 |-2.188619e+02 |   0.41%| unknown
(run 3, node 1) restarting after 5 global fixings of integer variables

(restart) converted 20 cuts from the global cut pool into linear constraints

presolving:
(round 1, fast)       5 del vars, 0 del conss, 0 add conss, 0 chg bounds, 57 chg sides, 56 chg coeffs, 0 upgd conss, 0 impls, 132 clqs, 0 implints
(round 2, fast)       5 del vars, 0 del conss, 0 add conss, 22 chg bounds, 57 chg sides, 56 chg coeffs, 0 upgd conss, 0 impls, 132 clqs, 0 implints
(round 3, exhaustive) 5 del vars, 0 del conss, 0 add conss, 22 chg bounds, 57 chg sides, 56 chg coeffs, 28 upgd conss, 0 impls, 132 clqs, 0 implints
(round 4, exhaustive) 5 del vars, 1 del conss, 0 add conss, 22 chg bounds, 57 chg sides, 59 chg coeffs, 28 upgd conss, 0 impls, 132 clqs, 0 implints
presolving (5 rounds: 5 fast, 3 medium, 3 exhaustive):
 5 deleted vars, 1 deleted constraints, 0 added constraints, 22 tightened bounds, 0 added holes, 57 changed sides, 59 changed coefficients
 0 implications, 132 cliques, 0 implied integral variables (0 bin, 0 int, 0 cont)
presolved problem has 86 variables (56 bin, 0 int, 30 cont) and 3307 constraints
    131 constraints of type <setppc>
   3160 constraints of type <linear>
     16 constraints of type <logicor>
Presolving Time: 1.19
transformed 46/58 original solutions to the transformed problem space

 time | node  | left  |LP iter|LP it/n|mem/heur|mdpt |vars |cons |rows |cuts |sepa|confs|strbr|  dualbound   | primalbound  |  gap   | compl. 
  9.7s|     1 |     0 |  4104 |     - |   287M |   0 |  86 |3307 |3283 |   0 |  0 |  24 |   0 |-2.179732e+02 |-2.188619e+02 |   0.41%| unknown
  9.8s|     1 |     0 |  4104 |     - |   287M |   0 |  86 |3307 |3271 |   0 |  0 |  24 |   0 |-2.179732e+02 |-2.188619e+02 |   0.41%| unknown
  9.9s|     1 |     0 |  4116 |     - |   287M |   0 |  86 |3295 |3272 |   1 |  1 |  24 |   0 |-2.179880e+02 |-2.188619e+02 |   0.40%| unknown
 10.0s|     1 |     0 |  4124 |     - |   287M |   0 |  86 |3295 |3273 |   2 |  2 |  24 |   0 |-2.179974e+02 |-2.188619e+02 |   0.40%| unknown
 10.2s|     1 |     0 |  4138 |     - |   288M |   0 |  86 |3295 |3274 |   3 |  3 |  24 |   0 |-2.180020e+02 |-2.188619e+02 |   0.39%| unknown
 10.3s|     1 |     0 |  4159 |     - |   288M |   0 |  86 |3296 |3276 |   5 |  4 |  25 |   0 |-2.180137e+02 |-2.188619e+02 |   0.39%| unknown
 10.5s|     1 |     0 |  4168 |     - |   288M |   0 |  86 |3297 |3278 |   7 |  5 |  26 |   0 |-2.180200e+02 |-2.188619e+02 |   0.39%| unknown
 10.6s|     1 |     0 |  4177 |     - |   289M |   0 |  86 |3298 |3281 |  10 |  6 |  27 |   0 |-2.180277e+02 |-2.188619e+02 |   0.38%| unknown
 10.7s|     1 |     0 |  4190 |     - |   289M |   0 |  86 |3298 |3283 |  12 |  7 |  27 |   0 |-2.180392e+02 |-2.188619e+02 |   0.38%| unknown
 10.9s|     1 |     0 |  4210 |     - |   289M |   0 |  86 |3299 |3285 |  14 |  8 |  28 |   0 |-2.180543e+02 |-2.188619e+02 |   0.37%| unknown
 11.0s|     1 |     0 |  4217 |     - |   290M |   0 |  86 |3299 |3287 |  16 |  9 |  29 |   0 |-2.180550e+02 |-2.188619e+02 |   0.37%| unknown
 11.1s|     1 |     0 |  4217 |     - |   290M |   0 |  86 |3299 |3280 |  16 |  9 |  29 |   0 |-2.180550e+02 |-2.188619e+02 |   0.37%| unknown
 11.2s|     1 |     0 |  4231 |     - |   290M |   0 |  86 |3292 |3281 |  17 | 10 |  29 |   0 |-2.180565e+02 |-2.188619e+02 |   0.37%| unknown
 11.3s|     1 |     0 |  4257 |     - |   290M |   0 |  86 |3292 |3283 |  19 | 11 |  29 |   0 |-2.180638e+02 |-2.188619e+02 |   0.37%| unknown
 11.3s|     1 |     0 |  4257 |     - |   290M |   0 |  86 |3277 |3283 |  19 | 11 |  30 |   0 |-2.180638e+02 |-2.188619e+02 |   0.37%| unknown
 time | node  | left  |LP iter|LP it/n|mem/heur|mdpt |vars |cons |rows |cuts |sepa|confs|strbr|  dualbound   | primalbound  |  gap   | compl. 
 11.4s|     1 |     0 |  4260 |     - |   290M |   0 |  86 |3277 |3234 |  20 | 12 |  30 |   0 |-2.180640e+02 |-2.188619e+02 |   0.37%| unknown
(run 4, node 1) restarting after 4 global fixings of integer variables

(restart) converted 20 cuts from the global cut pool into linear constraints

presolving:
(round 1, fast)       17 del vars, 51 del conss, 0 add conss, 103 chg bounds, 61 chg sides, 57 chg coeffs, 0 upgd conss, 0 impls, 98 clqs, 0 implints
(round 2, fast)       28 del vars, 161 del conss, 0 add conss, 227 chg bounds, 138 chg sides, 212 chg coeffs, 0 upgd conss, 0 impls, 98 clqs, 0 implints
(round 3, fast)       30 del vars, 267 del conss, 0 add conss, 274 chg bounds, 212 chg sides, 348 chg coeffs, 0 upgd conss, 0 impls, 98 clqs, 0 implints
(round 4, fast)       30 del vars, 302 del conss, 0 add conss, 274 chg bounds, 277 chg sides, 484 chg coeffs, 0 upgd conss, 0 impls, 98 clqs, 0 implints
(round 5, fast)       30 del vars, 302 del conss, 0 add conss, 304 chg bounds, 277 chg sides, 484 chg coeffs, 0 upgd conss, 0 impls, 98 clqs, 0 implints
   (11.8s) running MILP presolver
   (11.8s) MILP presolver (3 rounds): 0 aggregations, 0 fixings, 27 bound changes
(round 6, medium)     31 del vars, 302 del conss, 0 add conss, 331 chg bounds, 277 chg sides, 484 chg coeffs, 0 upgd conss, 0 impls, 88 clqs, 0 implints
(round 7, fast)       31 del vars, 320 del conss, 0 add conss, 336 chg bounds, 333 chg sides, 617 chg coeffs, 0 upgd conss, 0 impls, 88 clqs, 0 implints
(round 8, fast)       31 del vars, 324 del conss, 0 add conss, 336 chg bounds, 333 chg sides, 617 chg coeffs, 0 upgd conss, 0 impls, 88 clqs, 0 implints
(round 9, exhaustive) 31 del vars, 324 del conss, 0 add conss, 336 chg bounds, 333 chg sides, 617 chg coeffs, 42 upgd conss, 0 impls, 88 clqs, 0 implints
(round 10, exhaustive) 31 del vars, 327 del conss, 0 add conss, 336 chg bounds, 333 chg sides, 617 chg coeffs, 42 upgd conss, 0 impls, 88 clqs, 0 implints
presolving (11 rounds: 11 fast, 4 medium, 3 exhaustive):
 31 deleted vars, 327 deleted constraints, 0 added constraints, 336 tightened bounds, 0 added holes, 333 changed sides, 618 changed coefficients
 0 implications, 88 cliques, 0 implied integral variables (0 bin, 0 int, 0 cont)
presolved problem has 63 variables (33 bin, 0 int, 30 cont) and 2974 constraints
     77 constraints of type <setppc>
   2888 constraints of type <linear>
      9 constraints of type <logicor>
Presolving Time: 1.40
transformed 42/72 original solutions to the transformed problem space

 time | node  | left  |LP iter|LP it/n|mem/heur|mdpt |vars |cons |rows |cuts |sepa|confs|strbr|  dualbound   | primalbound  |  gap   | compl. 
 12.0s|     1 |     0 |  4724 |     - |   301M |   0 |  63 |2974 |2959 |   0 |  0 |  35 |   0 |-2.186260e+02 |-2.188619e+02 |   0.11%| unknown
 12.0s|     1 |     0 |  4749 |     - |   301M |   0 |  63 |2974 |2925 |   0 |  0 |  36 |   0 |-2.188619e+02 |-2.188619e+02 |   0.00%| unknown
 12.0s|     1 |     0 |  4749 |     - |   301M |   0 |  63 |2974 |2925 |   0 |  0 |  36 |   0 |-2.188619e+02 |-2.188619e+02 |   0.00%| unknown

SCIP Status        : problem is solved [optimal solution found]
Solving Time (sec) : 12.01
Solving Nodes      : 1 (total of 5 nodes in 5 runs)
Primal Bound       : -2.18861904761905e+02 (72 solutions)
Dual Bound         : -2.18861904761905e+02
Gap                : 0.00 %
feasible solution found by trivial heuristic after 0.0 seconds, objective value 0.000000e+00
presolving:
   (0.0s) symmetry computation started: requiring (bin +, int +, cont +), (fixed: bin -, int -, cont -)
   (0.0s) symmetry computation finished: 29 generators found (max: 1500, log10 of symmetry group size: 32.42) (symcode time: 0.00)
dynamic symmetry handling statistics:
   orbitopal reduction:       no components
   orbital reduction:         no components
   lexicographic reduction:   no permutations
handled 1 out of 1 symmetry components
presolving (0 rounds: 0 fast, 0 medium, 0 exhaustive):
 0 deleted vars, 0 deleted constraints, 0 added constraints, 0 tightened bounds, 0 added holes, 0 changed sides, 0 changed coefficients
 0 implications, 0 cliques, 0 implied integral variables (0 bin, 0 int, 0 cont)
presolved problem has 135 variables (105 bin, 0 int, 30 cont) and 939 constraints
    939 constraints of type <linear>
Presolving Time: 0.00
transformed 2/2 original solutions to the transformed problem space

 time | node  | left  |LP iter|LP it/n|mem/heur|mdpt |vars |cons |rows |cuts |sepa|confs|strbr|  dualbound   | primalbound  |  gap   | compl. 
t 0.0s|     1 |     0 |     0 |     - | trivial|   0 | 135 | 910 |   0 |   0 |  0 |   0 |   0 | 3.160000e+02 | 1.840000e+02 |  71.74%| unknown
i 0.0s|     1 |     0 |     0 |     - |  oneopt|   0 | 135 | 910 | 910 |   0 |  0 |   0 |   0 | 3.160000e+02 | 2.500000e+02 |  26.40%| unknown
* 0.0s|     1 |     0 |    22 |     - |    LP  |   0 | 135 | 910 | 910 |   0 |  0 |   0 |   0 | 3.060000e+02 | 3.060000e+02 |   0.00%| unknown
  0.0s|     1 |     0 |    22 |     - |  5848k |   0 | 135 | 910 | 910 |   0 |  0 |   0 |   0 | 3.060000e+02 | 3.060000e+02 |   0.00%| unknown

SCIP Status        : problem is solved [optimal solution found]
Solving Time (sec) : 0.00
Solving Nodes      : 1
Primal Bound       : +3.06000000000000e+02 (5 solutions)
Dual Bound         : +3.06000000000000e+02
Gap                : 0.00 %
  [linear] <c911>: <x106>[C] (+0) -0.528571429<x1>[B] (+1) -0.528571429<x2>[B] (+1) -0.528571429<x3>[B] (+1) -0.528571429<x4>[B] (+1) -0.528571429<x5>[B] (+1) -0.528571429<x6>[B] (+1) -0.528571429<x7>[B] (+1) -0.528571429<x8>[B] (+1) -0.528571429<x9>[B] (+1) -0.528571429<x10>[B] (+0) -0.528571429<x11>[B] (+1) -0.528571429<x12>[B] (+1) -0.528571429<x13>[B] (+1) -0.528571429<x14>[B] (+1) +0.528571429<x15>[B] (+1) +0.528571429<x16>[B] (+0) +0.528571429<x17>[B] (+1) +0.528571429<x18>[B] (+1) +0.528571429<x19>[B] (+1) +0.528571429<x20>[B] (+0) +0.528571429<x21>[B] (+1) +0.528571429<x22>[B] (+1) +0.528571429<x23>[B] (+0) +0.528571429<x24>[B] (+1) +0.528571429<x25>[B] (+1) +0.528571429<x26>[B] (+1) +0.528571429<x27>[B] (+1) +0.528571429<x28>[B] (+0) +0.528571429<x29>[B] (+1) +0.528571429<x30>[B] (+1) +0.528571429<x31>[B] (+0) +0.528571429<x32>[B] (+0) +0.528571429<x33>[B] (+1) +0.528571429<x34>[B] (+1) +0.528571429<x35>[B] (+0) +0.528571429<x36>[B] (+0) +0.528571429<x37>[B] (+1) -0.528571429<x38>[B] (+1) +0.528571429<x39>[B] (+1) +0.528571429<x40>[B] (+1) +0.528571429<x41>[B] (+1) +0.528571429<x42>[B] (+1) +0.528571429<x43>[B] (+1) +0.528571429<x44>[B] (+1) +0.528571429<x45>[B] (+1) +0.528571429<x46>[B] (+0) -0.528571429<x47>[B] (+1) -0.528571429<x48>[B] (+1) -0.528571429<x49>[B] (+1) +0.528571429<x50>[B] (+1) +0.528571429<x51>[B] (+0) +0.528571429<x52>[B] (+0) -0.528571429<x53>[B] (+0) -0.528571429<x54>[B] (+1) -0.528571429<x55>[B] (+1) -0.528571429<x56>[B] (+0) -0.528571429<x57>[B] (+0) -0.528571429<x58>[B] (+0) -0.528571429<x59>[B] (+0) -0.528571429<x60>[B] (+0) -0.528571429<x61>[B] (+0) -0.528571429<x62>[B] (+0) -0.528571429<x63>[B] (+1) -0.528571429<x64>[B] (+1) -0.528571429<x65>[B] (+0) -0.528571429<x66>[B] (+0) -0.528571429<x67>[B] (+1) -0.528571429<x68>[B] (+1) -0.528571429<x69>[B] (+1) -0.528571429<x70>[B] (+0) -0.528571429<x71>[B] (+1) -0.528571429<x72>[B] (+1) -0.528571429<x73>[B] (+0) -0.528571429<x74>[B] (+1) -0.528571429<x75>[B] (+1) -0.528571429<x76>[B] (+1) -0.528571429<x77>[B] (+1) +0.528571429<x78>[B] (+1) -0.528571429<x79>[B] (+1) +0.528571429<x80>[B] (+0) -0.528571429<x81>[B] (+1) -0.528571429<x82>[B] (+1) -0.528571429<x83>[B] (+1) +0.528571429<x84>[B] (+1) -0.528571429<x85>[B] (+0) +0.528571429<x86>[B] (+0) -0.528571429<x87>[B] (+0) -0.528571429<x88>[B] (+0) -0.528571429<x89>[B] (+0) -0.528571429<x90>[B] (+0) +0.528571429<x91>[B] (+0) -0.528571429<x92>[B] (+0) -0.528571429<x93>[B] (+0) -0.528571429<x94>[B] (+0) +0.528571429<x95>[B] (+0) -0.528571429<x96>[B] (+1) -0.528571429<x97>[B] (+1) -0.528571429<x98>[B] (+1) -0.528571429<x99>[B] (+1) -0.528571429<x100>[B] (+1) -0.528571429<x101>[B] (+1) +0.528571429<x102>[B] (+1) -0.528571429<x103>[B] (+0) +0.528571429<x104>[B] (+0) +0.528571429<x105>[B] (+1) >= 8.06190476190476;
;
violation: left hand side is violated by 14.9333333333333
  [linear] <c911>: <x106>[C] (+0) -0.528571429<x1>[B] (+1) -0.528571429<x2>[B] (+1) -0.528571429<x3>[B] (+1) -0.528571429<x4>[B] (+1) -0.528571429<x5>[B] (+1) -0.528571429<x6>[B] (+1) -0.528571429<x7>[B] (+1) -0.528571429<x8>[B] (+1) -0.528571429<x9>[B] (+1) -0.528571429<x10>[B] (+1) -0.528571429<x11>[B] (+1) -0.528571429<x12>[B] (+1) -0.528571429<x13>[B] (+1) -0.528571429<x14>[B] (+1) +0.528571429<x15>[B] (+1) +0.528571429<x16>[B] (+1) +0.528571429<x17>[B] (+1) +0.528571429<x18>[B] (+1) +0.528571429<x19>[B] (+1) +0.528571429<x20>[B] (+1) +0.528571429<x21>[B] (+1) +0.528571429<x22>[B] (+1) +0.528571429<x23>[B] (+1) +0.528571429<x24>[B] (+1) +0.528571429<x25>[B] (+1) +0.528571429<x26>[B] (+1) +0.528571429<x27>[B] (+1) +0.528571429<x28>[B] (+0) +0.528571429<x29>[B] (+1) +0.528571429<x30>[B] (+1) +0.528571429<x31>[B] (+1) +0.528571429<x32>[B] (+1) +0.528571429<x33>[B] (+1) +0.528571429<x34>[B] (+1) +0.528571429<x35>[B] (+1) +0.528571429<x36>[B] (+1) +0.528571429<x37>[B] (+1) -0.528571429<x38>[B] (+1) +0.528571429<x39>[B] (+1) +0.528571429<x40>[B] (+1) +0.528571429<x41>[B] (+1) +0.528571429<x42>[B] (+1) +0.528571429<x43>[B] (+1) +0.528571429<x44>[B] (+1) +0.528571429<x45>[B] (+1) +0.528571429<x46>[B] (+1) -0.528571429<x47>[B] (+1) -0.528571429<x48>[B] (+1) -0.528571429<x49>[B] (+1) +0.528571429<x50>[B] (+1) +0.528571429<x51>[B] (+1) +0.528571429<x52>[B] (+1) -0.528571429<x53>[B] (+1) -0.528571429<x54>[B] (+1) -0.528571429<x55>[B] (+1) -0.528571429<x56>[B] (+1) -0.528571429<x57>[B] (+1) -0.528571429<x58>[B] (+1) -0.528571429<x59>[B] (+1) -0.528571429<x60>[B] (+1) -0.528571429<x61>[B] (+1) -0.528571429<x62>[B] (+1) -0.528571429<x63>[B] (+1) -0.528571429<x64>[B] (+1) -0.528571429<x65>[B] (+1) -0.528571429<x66>[B] (+1) -0.528571429<x67>[B] (+1) -0.528571429<x68>[B] (+1) -0.528571429<x69>[B] (+1) -0.528571429<x70>[B] (+1) -0.528571429<x71>[B] (+1) -0.528571429<x72>[B] (+1) -0.528571429<x73>[B] (+1) -0.528571429<x74>[B] (+1) -0.528571429<x75>[B] (+1) -0.528571429<x76>[B] (+1) -0.528571429<x77>[B] (+1) +0.528571429<x78>[B] (+1) -0.528571429<x79>[B] (+1) +0.528571429<x80>[B] (+1) -0.528571429<x81>[B] (+1) -0.528571429<x82>[B] (+1) -0.528571429<x83>[B] (+1) +0.528571429<x84>[B] (+1) -0.528571429<x85>[B] (+1) +0.528571429<x86>[B] (+0) -0.528571429<x87>[B] (+0) -0.528571429<x88>[B] (+0) -0.528571429<x89>[B] (+1) -0.528571429<x90>[B] (+1) +0.528571429<x91>[B] (+0) -0.528571429<x92>[B] (+0) -0.528571429<x93>[B] (+0) -0.528571429<x94>[B] (+0) +0.528571429<x95>[B] (+0) -0.528571429<x96>[B] (+1) -0.528571429<x97>[B] (+1) -0.528571429<x98>[B] (+1) -0.528571429<x99>[B] (+1) -0.528571429<x100>[B] (+1) -0.528571429<x101>[B] (+1) +0.528571429<x102>[B] (+1) -0.528571429<x103>[B] (+1) +0.528571429<x104>[B] (+1) +0.528571429<x105>[B] (+1) >= 8.06190476190476;
;
violation: left hand side is violated by 17.5761904761905
  [linear] <c911>: <x106>[C] (+0) -0.528571429<x1>[B] (+1) -0.528571429<x2>[B] (+1) -0.528571429<x3>[B] (+1) -0.528571429<x4>[B] (+1) -0.528571429<x5>[B] (+1) -0.528571429<x6>[B] (+1) -0.528571429<x7>[B] (+1) -0.528571429<x8>[B] (+1) -0.528571429<x9>[B] (+1) -0.528571429<x10>[B] (+1) -0.528571429<x11>[B] (+1) -0.528571429<x12>[B] (+1) -0.528571429<x13>[B] (+1) -0.528571429<x14>[B] (+1) +0.528571429<x15>[B] (+1) +0.528571429<x16>[B] (+1) +0.528571429<x17>[B] (+1) +0.528571429<x18>[B] (+1) +0.528571429<x19>[B] (+1) +0.528571429<x20>[B] (+1) +0.528571429<x21>[B] (+1) +0.528571429<x22>[B] (+1) +0.528571429<x23>[B] (+1) +0.528571429<x24>[B] (+1) +0.528571429<x25>[B] (+1) +0.528571429<x26>[B] (+1) +0.528571429<x27>[B] (+1) +0.528571429<x28>[B] (+1) +0.528571429<x29>[B] (+1) +0.528571429<x30>[B] (+1) +0.528571429<x31>[B] (+1) +0.528571429<x32>[B] (+1) +0.528571429<x33>[B] (+1) +0.528571429<x34>[B] (+1) +0.528571429<x35>[B] (+1) +0.528571429<x36>[B] (+1) +0.528571429<x37>[B] (+1) -0.528571429<x38>[B] (+1) +0.528571429<x39>[B] (+1) +0.528571429<x40>[B] (+1) +0.528571429<x41>[B] (+1) +0.528571429<x42>[B] (+1) +0.528571429<x43>[B] (+1) +0.528571429<x44>[B] (+1) +0.528571429<x45>[B] (+1) +0.528571429<x46>[B] (+1) -0.528571429<x47>[B] (+1) -0.528571429<x48>[B] (+1) -0.528571429<x49>[B] (+1) +0.528571429<x50>[B] (+1) +0.528571429<x51>[B] (+1) +0.528571429<x52>[B] (+1) -0.528571429<x53>[B] (+1) -0.528571429<x54>[B] (+1) -0.528571429<x55>[B] (+1) -0.528571429<x56>[B] (+1) -0.528571429<x57>[B] (+1) -0.528571429<x58>[B] (+1) -0.528571429<x59>[B] (+1) -0.528571429<x60>[B] (+1) -0.528571429<x61>[B] (+1) -0.528571429<x62>[B] (+1) -0.528571429<x63>[B] (+1) -0.528571429<x64>[B] (+1) -0.528571429<x65>[B] (+1) -0.528571429<x66>[B] (+1) -0.528571429<x67>[B] (+1) -0.528571429<x68>[B] (+1) -0.528571429<x69>[B] (+1) -0.528571429<x70>[B] (+1) -0.528571429<x71>[B] (+1) -0.528571429<x72>[B] (+1) -0.528571429<x73>[B] (+1) -0.528571429<x74>[B] (+1) -0.528571429<x75>[B] (+1) -0.528571429<x76>[B] (+1) -0.528571429<x77>[B] (+1) +0.528571429<x78>[B] (+1) -0.528571429<x79>[B] (+1) +0.528571429<x80>[B] (+1) -0.528571429<x81>[B] (+1) -0.528571429<x82>[B] (+1) -0.528571429<x83>[B] (+1) +0.528571429<x84>[B] (+1) -0.528571429<x85>[B] (+1) +0.528571429<x86>[B] (+1) -0.528571429<x87>[B] (+1) -0.528571429<x88>[B] (+1) -0.528571429<x89>[B] (+1) -0.528571429<x90>[B] (+1) +0.528571429<x91>[B] (+1) -0.528571429<x92>[B] (+1) -0.528571429<x93>[B] (+1) -0.528571429<x94>[B] (+1) +0.528571429<x95>[B] (+1) -0.528571429<x96>[B] (+1) -0.528571429<x97>[B] (+1) -0.528571429<x98>[B] (+1) -0.528571429<x99>[B] (+1) -0.528571429<x100>[B] (+1) -0.528571429<x101>[B] (+1) +0.528571429<x102>[B] (+1) -0.528571429<x103>[B] (+1) +0.528571429<x104>[B] (+1) +0.528571429<x105>[B] (+1) >= 8.06190476190476;
;
violation: left hand side is violated by 18.1047619047619
  [linear] <c911>: <x106>[C] (+0) -0.528571429<x1>[B] (+0) -0.528571429<x2>[B] (+0) -0.528571429<x3>[B] (+0) -0.528571429<x4>[B] (+0) -0.528571429<x5>[B] (+0) -0.528571429<x6>[B] (+0) -0.528571429<x7>[B] (+0) -0.528571429<x8>[B] (+0) -0.528571429<x9>[B] (+0) -0.528571429<x10>[B] (+0) -0.528571429<x11>[B] (+0) -0.528571429<x12>[B] (+0) -0.528571429<x13>[B] (+0) -0.528571429<x14>[B] (+0) +0.528571429<x15>[B] (+0) +0.528571429<x16>[B] (+0) +0.528571429<x17>[B] (+0) +0.528571429<x18>[B] (+0) +0.528571429<x19>[B] (+0) +0.528571429<x20>[B] (+0) +0.528571429<x21>[B] (+0) +0.528571429<x22>[B] (+0) +0.528571429<x23>[B] (+0) +0.528571429<x24>[B] (+0) +0.528571429<x25>[B] (+0) +0.528571429<x26>[B] (+0) +0.528571429<x27>[B] (+0) +0.528571429<x28>[B] (+0) +0.528571429<x29>[B] (+0) +0.528571429<x30>[B] (+0) +0.528571429<x31>[B] (+0) +0.528571429<x32>[B] (+0) +0.528571429<x33>[B] (+0) +0.528571429<x34>[B] (+0) +0.528571429<x35>[B] (+0) +0.528571429<x36>[B] (+0) +0.528571429<x37>[B] (+0) -0.528571429<x38>[B] (+0) +0.528571429<x39>[B] (+0) +0.528571429<x40>[B] (+0) +0.528571429<x41>[B] (+0) +0.528571429<x42>[B] (+0) +0.528571429<x43>[B] (+0) +0.528571429<x44>[B] (+0) +0.528571429<x45>[B] (+0) +0.528571429<x46>[B] (+0) -0.528571429<x47>[B] (+0) -0.528571429<x48>[B] (+0) -0.528571429<x49>[B] (+0) +0.528571429<x50>[B] (+0) +0.528571429<x51>[B] (+0) +0.528571429<x52>[B] (+0) -0.528571429<x53>[B] (+0) -0.528571429<x54>[B] (+0) -0.528571429<x55>[B] (+0) -0.528571429<x56>[B] (+0) -0.528571429<x57>[B] (+0) -0.528571429<x58>[B] (+0) -0.528571429<x59>[B] (+0) -0.528571429<x60>[B] (+0) -0.528571429<x61>[B] (+0) -0.528571429<x62>[B] (+0) -0.528571429<x63>[B] (+0) -0.528571429<x64>[B] (+0) -0.528571429<x65>[B] (+0) -0.528571429<x66>[B] (+0) -0.528571429<x67>[B] (+0) -0.528571429<x68>[B] (+0) -0.528571429<x69>[B] (+0) -0.528571429<x70>[B] (+0) -0.528571429<x71>[B] (+0) -0.528571429<x72>[B] (+0) -0.528571429<x73>[B] (+0) -0.528571429<x74>[B] (+0) -0.528571429<x75>[B] (+0) -0.528571429<x76>[B] (+0) -0.528571429<x77>[B] (+0) +0.528571429<x78>[B] (+0) -0.528571429<x79>[B] (+0) +0.528571429<x80>[B] (+0) -0.528571429<x81>[B] (+0) -0.528571429<x82>[B] (+0) -0.528571429<x83>[B] (+0) +0.528571429<x84>[B] (+0) -0.528571429<x85>[B] (+0) +0.528571429<x86>[B] (+0) -0.528571429<x87>[B] (+0) -0.528571429<x88>[B] (+0) -0.528571429<x89>[B] (+0) -0.528571429<x90>[B] (+0) +0.528571429<x91>[B] (+0) -0.528571429<x92>[B] (+0) -0.528571429<x93>[B] (+0) -0.528571429<x94>[B] (+0) +0.528571429<x95>[B] (+0) -0.528571429<x96>[B] (+0) -0.528571429<x97>[B] (+0) -0.528571429<x98>[B] (+0) -0.528571429<x99>[B] (+0) -0.528571429<x100>[B] (+0) -0.528571429<x101>[B] (+0) +0.528571429<x102>[B] (+0) -0.528571429<x103>[B] (+0) +0.528571429<x104>[B] (+0) +0.528571429<x105>[B] (+0) >= 8.06190476190476;
;
violation: left hand side is violated by 8.06190476190476
1/5 feasible solution given by solution candidate storage, new primal bound -2.999816e+06

presolving:
   (0.0s) symmetry computation started: requiring (bin +, int +, cont +), (fixed: bin -, int -, cont -)
   (0.0s) no symmetry present (symcode time: 0.00)
presolving (0 rounds: 0 fast, 0 medium, 0 exhaustive):
 0 deleted vars, 0 deleted constraints, 0 added constraints, 0 tightened bounds, 0 added holes, 0 changed sides, 0 changed coefficients
 0 implications, 0 cliques, 0 implied integral variables (0 bin, 0 int, 0 cont)
presolved problem has 135 variables (105 bin, 0 int, 30 cont) and 940 constraints
    940 constraints of type <linear>
Presolving Time: 0.00
transformed 1/1 original solutions to the transformed problem space

 time | node  | left  |LP iter|LP it/n|mem/heur|mdpt |vars |cons |rows |cuts |sepa|confs|strbr|  dualbound   | primalbound  |  gap   | compl. 
p 0.0s|     1 |     0 |     7 |     - |   locks|   0 | 135 | 940 | 940 |   0 |  0 |   0 |   0 | 3.160000e+02 |-3.486905e+02 |    Inf | unknown
* 0.0s|     1 |     0 |   183 |     - |    LP  |   0 | 135 | 940 | 940 |   0 |  0 |   0 |   0 |-2.103190e+02 |-2.103190e+02 |   0.00%| unknown
  0.0s|     1 |     0 |   183 |     - |  7198k |   0 | 135 | 940 | 940 |   0 |  0 |   0 |   0 |-2.103190e+02 |-2.103190e+02 |   0.00%| unknown

SCIP Status        : problem is solved [optimal solution found]
Solving Time (sec) : 0.01
Solving Nodes      : 1
Primal Bound       : -2.10319047619048e+02 (4 solutions)
Dual Bound         : -2.10319047619048e+02
Gap                : 0.00 %
  [linear] <c941>: <x106>[C] (+23.3904762) -0.680952381<x1>[B] (+1) -0.680952381<x2>[B] (+1) -0.680952381<x3>[B] (+1) -0.680952381<x4>[B] (+1) -0.680952381<x5>[B] (+1) -0.680952381<x6>[B] (+1) -0.680952381<x7>[B] (+1) -0.680952381<x8>[B] (+1) -0.680952381<x9>[B] (+1) -0.680952381<x10>[B] (+0) -0.680952381<x11>[B] (+1) -0.680952381<x12>[B] (+1) -0.680952381<x13>[B] (+1) -0.680952381<x14>[B] (+1) +0.680952381<x15>[B] (+0) +0.680952381<x16>[B] (+0) +0.680952381<x17>[B] (+0) +0.680952381<x18>[B] (+0) +0.680952381<x19>[B] (+0) +0.680952381<x20>[B] (+0) +0.680952381<x21>[B] (+0) +0.680952381<x22>[B] (+1) +0.680952381<x23>[B] (+0) +0.680952381<x24>[B] (+0) +0.680952381<x25>[B] (+0) +0.680952381<x26>[B] (+1) +0.680952381<x27>[B] (+0) +0.680952381<x28>[B] (+0) +0.680952381<x29>[B] (+0) +0.680952381<x30>[B] (+1) +0.680952381<x31>[B] (+0) +0.680952381<x32>[B] (+0) +0.680952381<x33>[B] (+1) +0.680952381<x34>[B] (+1) +0.680952381<x35>[B] (+0) +0.680952381<x36>[B] (+0) +0.680952381<x37>[B] (+0) -0.680952381<x38>[B] (+1) +0.680952381<x39>[B] (+0) +0.680952381<x40>[B] (+1) +0.680952381<x41>[B] (+1) +0.680952381<x42>[B] (+1) +0.680952381<x43>[B] (+1) +0.680952381<x44>[B] (+1) +0.680952381<x45>[B] (+1) +0.680952381<x46>[B] (+0) -0.680952381<x47>[B] (+1) -0.680952381<x48>[B] (+1) -0.680952381<x49>[B] (+1) +0.680952381<x50>[B] (+0) +0.680952381<x51>[B] (+1) +0.680952381<x52>[B] (+0) -0.680952381<x53>[B] (+0) -0.680952381<x54>[B] (+1) -0.680952381<x55>[B] (+1) -0.680952381<x56>[B] (+0) -0.680952381<x57>[B] (+0) -0.680952381<x58>[B] (+0) -0.680952381<x59>[B] (+1) -0.680952381<x60>[B] (+0) -0.680952381<x61>[B] (+0) -0.680952381<x62>[B] (+0) -0.680952381<x63>[B] (+1) -0.680952381<x64>[B] (+1) -0.680952381<x65>[B] (+0) -0.680952381<x66>[B] (+0) -0.680952381<x67>[B] (+0) -0.680952381<x68>[B] (+1) -0.680952381<x69>[B] (+0) -0.680952381<x70>[B] (+1) -0.680952381<x71>[B] (+1) -0.680952381<x72>[B] (+1) -0.680952381<x73>[B] (+0) -0.680952381<x74>[B] (+1) -0.680952381<x75>[B] (+1) -0.680952381<x76>[B] (+1) -0.680952381<x77>[B] (+0) +0.680952381<x78>[B] (+1) -0.680952381<x79>[B] (+1) +0.680952381<x80>[B] (+0) -0.680952381<x81>[B] (+1) -0.680952381<x82>[B] (+1) -0.680952381<x83>[B] (+1) +0.680952381<x84>[B] (+0) -0.680952381<x85>[B] (+1) +0.680952381<x86>[B] (+0) -0.680952381<x87>[B] (+0) -0.680952381<x88>[B] (+0) -0.680952381<x89>[B] (+1) -0.680952381<x90>[B] (+0) +0.680952381<x91>[B] (+0) -0.680952381<x92>[B] (+0) -0.680952381<x93>[B] (+0) -0.680952381<x94>[B] (+0) +0.680952381<x95>[B] (+0) -0.680952381<x96>[B] (+1) -0.680952381<x97>[B] (+1) -0.680952381<x98>[B] (+1) -0.680952381<x99>[B] (+1) -0.680952381<x100>[B] (+1) -0.680952381<x101>[B] (+1) +0.680952381<x102>[B] (+0) -0.680952381<x103>[B] (+1) +0.680952381<x104>[B] (+0) +0.680952381<x105>[B] (+0) >= 4.93809523809524;
;
violation: left hand side is violated by 1.29523809523809
  [linear] <c944>: <x109>[C] (+4.83333333) -0.50952381<x1>[B] (+0) -0.50952381<x2>[B] (+0) -0.50952381<x3>[B] (+1) -0.50952381<x4>[B] (+0) -0.50952381<x5>[B] (+0) -0.50952381<x6>[B] (+0) -0.50952381<x7>[B] (+0) -0.50952381<x8>[B] (+0) -0.50952381<x9>[B] (+0) -0.50952381<x10>[B] (+1) -0.50952381<x11>[B] (+1) -0.50952381<x12>[B] (+0) -0.50952381<x13>[B] (+0) -0.50952381<x14>[B] (+0) +0.50952381<x15>[B] (+1) +0.50952381<x16>[B] (+1) -0.50952381<x17>[B] (+0) +0.50952381<x18>[B] (+1) +0.50952381<x19>[B] (+1) +0.50952381<x20>[B] (+1) -0.50952381<x21>[B] (+1) +0.50952381<x22>[B] (+1) -0.50952381<x23>[B] (+1) -0.50952381<x24>[B] (+1) +0.50952381<x25>[B] (+1) -0.50952381<x26>[B] (+1) -0.50952381<x27>[B] (+0) +0.50952381<x28>[B] (+1) -0.50952381<x29>[B] (+0) +0.50952381<x30>[B] (+0) +0.50952381<x31>[B] (+1) -0.50952381<x32>[B] (+1) -0.50952381<x33>[B] (+0) +0.50952381<x34>[B] (+0) -0.50952381<x35>[B] (+1) -0.50952381<x36>[B] (+1) +0.50952381<x37>[B] (+0) -0.50952381<x38>[B] (+0) -0.50952381<x39>[B] (+0) -0.50952381<x40>[B] (+0) +0.50952381<x41>[B] (+0) -0.50952381<x42>[B] (+0) -0.50952381<x43>[B] (+0) -0.50952381<x44>[B] (+0) +0.50952381<x45>[B] (+0) -0.50952381<x46>[B] (+1) -0.50952381<x47>[B] (+0) +0.50952381<x48>[B] (+0) -0.50952381<x49>[B] (+0) -0.50952381<x50>[B] (+0) +0.50952381<x51>[B] (+1) +0.50952381<x52>[B] (+1) +0.50952381<x53>[B] (+1) +0.50952381<x54>[B] (+1) +0.50952381<x55>[B] (+1) +0.50952381<x56>[B] (+1) +0.50952381<x57>[B] (+1) +0.50952381<x58>[B] (+1) +0.50952381<x59>[B] (+1) +0.50952381<x60>[B] (+1) -0.50952381<x61>[B] (+1) -0.50952381<x62>[B] (+1) -0.50952381<x63>[B] (+0) +0.50952381<x64>[B] (+0) -0.50952381<x65>[B] (+1) -0.50952381<x66>[B] (+1) +0.50952381<x67>[B] (+0) -0.50952381<x68>[B] (+0) -0.50952381<x69>[B] (+0) -0.50952381<x70>[B] (+0) -0.50952381<x71>[B] (+0) +0.50952381<x72>[B] (+0) -0.50952381<x73>[B] (+1) -0.50952381<x74>[B] (+1) +0.50952381<x75>[B] (+0) -0.50952381<x76>[B] (+0) -0.50952381<x77>[B] (+0) -0.50952381<x78>[B] (+0) +0.50952381<x79>[B] (+0) -0.50952381<x80>[B] (+1) -0.50952381<x81>[B] (+1) +0.50952381<x82>[B] (+0) -0.50952381<x83>[B] (+0) -0.50952381<x84>[B] (+0) +0.50952381<x85>[B] (+1) +0.50952381<x86>[B] (+1) +0.50952381<x87>[B] (+1) +0.50952381<x88>[B] (+1) +0.50952381<x89>[B] (+1) -0.50952381<x90>[B] (+0) -0.50952381<x91>[B] (+1) -0.50952381<x92>[B] (+1) +0.50952381<x93>[B] (+1) -0.50952381<x94>[B] (+1) -0.50952381<x95>[B] (+0) +0.50952381<x96>[B] (+0) +0.50952381<x97>[B] (+0) +0.50952381<x98>[B] (+0) -0.50952381<x99>[B] (+0) +0.50952381<x100>[B] (+0) -0.50952381<x101>[B] (+0) -0.50952381<x102>[B] (+0) -0.50952381<x103>[B] (+1) -0.50952381<x104>[B] (+0) -0.50952381<x105>[B] (+0) >= 7.26190476190476;
;
violation: left hand side is violated by 1.40952380952381
2/4 feasible solutions given by solution candidate storage, new primal bound -2.999816e+06

presolving:
   (0.0s) symmetry computation started: requiring (bin +, int +, cont +), (fixed: bin -, int -, cont -)
   (0.0s) no symmetry present (symcode time: 0.00)
presolving (0 rounds: 0 fast, 0 medium, 0 exhaustive):
 0 deleted vars, 0 deleted constraints, 0 added constraints, 0 tightened bounds, 0 added holes, 0 changed sides, 0 changed coefficients
 0 implications, 0 cliques, 0 implied integral variables (0 bin, 0 int, 0 cont)
presolved problem has 135 variables (105 bin, 0 int, 30 cont) and 969 constraints
    969 constraints of type <linear>
Presolving Time: 0.00
transformed 2/2 original solutions to the transformed problem space

 time | node  | left  |LP iter|LP it/n|mem/heur|mdpt |vars |cons |rows |cuts |sepa|confs|strbr|  dualbound   | primalbound  |  gap   | compl. 
p 0.0s|     1 |     0 |     7 |     - |   locks|   0 | 135 | 969 | 969 |   0 |  0 |   0 |   0 | 3.160000e+02 |-3.868048e+02 |    Inf | unknown
  0.0s|     1 |     0 |   318 |     - |  8977k |   0 | 135 | 969 | 969 |   0 |  0 |   0 |   0 |-2.148269e+02 |-3.868048e+02 |  80.05%| unknown
r 0.0s|     1 |     0 |   318 |     - |shifting|   0 | 135 | 969 | 969 |   0 |  0 |   0 |   0 |-2.148269e+02 |-2.717401e+02 |  26.49%| unknown
  0.0s|     1 |     0 |   364 |     - |  9695k |   0 | 135 | 969 | 972 |   3 |  1 |   0 |   0 |-2.152521e+02 |-2.717401e+02 |  26.24%| unknown
r 0.0s|     1 |     0 |   364 |     - |shifting|   0 | 135 | 969 | 972 |   3 |  1 |   0 |   0 |-2.152521e+02 |-2.604902e+02 |  21.02%| unknown
  0.0s|     1 |     0 |   364 |     - |  9704k |   0 | 135 | 969 | 972 |   3 |  1 |   0 |   0 |-2.152521e+02 |-2.604902e+02 |  21.02%| unknown
  0.1s|     1 |     0 |   400 |     - |    10M |   0 | 135 | 969 | 975 |   6 |  2 |   0 |   0 |-2.154130e+02 |-2.604902e+02 |  20.93%| unknown
  0.1s|     1 |     0 |   429 |     - |    10M |   0 | 135 | 970 | 977 |   8 |  3 |   1 |   0 |-2.154941e+02 |-2.604902e+02 |  20.88%| unknown
  0.2s|     1 |     0 |   458 |     - |    11M |   0 | 135 | 970 | 979 |  10 |  4 |   1 |   0 |-2.155542e+02 |-2.604902e+02 |  20.85%| unknown
  0.2s|     1 |     0 |   474 |     - |    11M |   0 | 135 | 970 | 981 |  12 |  5 |   1 |   0 |-2.155845e+02 |-2.604902e+02 |  20.83%| unknown
  0.2s|     1 |     0 |   489 |     - |    11M |   0 | 135 | 970 | 982 |  13 |  6 |   1 |   0 |-2.155954e+02 |-2.604902e+02 |  20.82%| unknown
  0.3s|     1 |     0 |   511 |     - |    12M |   0 | 135 | 970 | 984 |  15 |  7 |   1 |   0 |-2.156039e+02 |-2.604902e+02 |  20.82%| unknown
  0.3s|     1 |     0 |   541 |     - |    12M |   0 | 135 | 970 | 985 |  16 |  8 |   1 |   0 |-2.156179e+02 |-2.604902e+02 |  20.81%| unknown
  0.4s|     1 |     0 |   551 |     - |    13M |   0 | 135 | 970 | 986 |  17 |  9 |   1 |   0 |-2.156191e+02 |-2.604902e+02 |  20.81%| unknown
  0.4s|     1 |     0 |   567 |     - |    14M |   0 | 135 | 970 | 987 |  18 | 10 |   1 |   0 |-2.156224e+02 |-2.604902e+02 |  20.81%| unknown
 time | node  | left  |LP iter|LP it/n|mem/heur|mdpt |vars |cons |rows |cuts |sepa|confs|strbr|  dualbound   | primalbound  |  gap   | compl. 
  0.4s|     1 |     0 |   581 |     - |    14M |   0 | 135 | 970 | 988 |  19 | 11 |   1 |   0 |-2.156274e+02 |-2.604902e+02 |  20.81%| unknown
  0.5s|     1 |     0 |   599 |     - |    14M |   0 | 135 | 971 | 989 |  20 | 12 |   2 |   0 |-2.156303e+02 |-2.604902e+02 |  20.80%| unknown
  0.5s|     1 |     0 |   603 |     - |    14M |   0 | 135 | 971 | 990 |  21 | 13 |   2 |   0 |-2.156304e+02 |-2.604902e+02 |  20.80%| unknown
  0.5s|     1 |     0 |   607 |     - |    14M |   0 | 135 | 971 | 991 |  22 | 14 |   2 |   0 |-2.156305e+02 |-2.604902e+02 |  20.80%| unknown
r 0.5s|     1 |     0 |   607 |     - |shifting|   0 | 135 | 971 | 991 |  22 | 14 |   2 |   0 |-2.156305e+02 |-2.604022e+02 |  20.76%| unknown
  0.6s|     1 |     0 |   635 |     - |    14M |   0 | 135 | 971 | 993 |  24 | 15 |   2 |   0 |-2.156429e+02 |-2.604022e+02 |  20.76%| unknown
r 0.6s|     1 |     0 |   706 |     - |intshift|   0 | 135 | 971 | 993 |  24 | 15 |   2 |   0 |-2.156429e+02 |-2.304143e+02 |   6.85%| unknown
d 0.6s|     1 |     0 |   901 |     - |farkasdi|   0 | 135 | 971 | 993 |   0 | 15 |   2 |   0 |-2.156429e+02 |-2.189952e+02 |   1.55%| unknown
L 0.6s|     1 |     0 |  1021 |     - |    rens|   0 | 135 | 975 | 993 |  24 | 15 |   6 |   0 |-2.156429e+02 |-2.158905e+02 |   0.11%| unknown
  0.6s|     1 |     0 |  1021 |     - |    14M |   0 | 135 | 975 | 993 |  24 | 15 |   6 |   0 |-2.156429e+02 |-2.158905e+02 |   0.11%| unknown
  0.6s|     1 |     0 |  1021 |     - |    14M |   0 | 135 | 976 | 390 |  24 | 15 |   7 |   0 |-2.156429e+02 |-2.158905e+02 |   0.11%| unknown
  0.7s|     1 |     0 |  1022 |     - |    14M |   0 | 135 | 975 | 391 |  25 | 16 |   7 |   0 |-2.156429e+02 |-2.158905e+02 |   0.11%| unknown
  0.7s|     1 |     0 |  1026 |     - |    14M |   0 | 135 | 975 | 392 |  26 | 17 |   7 |   0 |-2.156431e+02 |-2.158905e+02 |   0.11%| unknown
  0.7s|     1 |     0 |  1026 |     - |    14M |   0 | 135 | 330 | 392 |  26 | 17 |   7 |   0 |-2.156431e+02 |-2.158905e+02 |   0.11%| unknown
  0.7s|     1 |     0 |  1044 |     - |    14M |   0 | 135 | 330 | 394 |  28 | 18 |   7 |   0 |-2.156474e+02 |-2.158905e+02 |   0.11%| unknown
 time | node  | left  |LP iter|LP it/n|mem/heur|mdpt |vars |cons |rows |cuts |sepa|confs|strbr|  dualbound   | primalbound  |  gap   | compl. 
  0.7s|     1 |     0 |  1047 |     - |    14M |   0 | 135 | 330 | 395 |  29 | 19 |   7 |   0 |-2.156482e+02 |-2.158905e+02 |   0.11%| unknown
(run 1, node 1) restarting after 56 global fixings of integer variables

(restart) converted 29 cuts from the global cut pool into linear constraints

presolving:
presolving (0 rounds: 0 fast, 0 medium, 0 exhaustive):
 0 deleted vars, 0 deleted constraints, 0 added constraints, 0 tightened bounds, 0 added holes, 0 changed sides, 0 changed coefficients
 0 implications, 0 cliques, 0 implied integral variables (0 bin, 0 int, 0 cont)
presolved problem has 135 variables (105 bin, 0 int, 30 cont) and 359 constraints
    353 constraints of type <linear>
      6 constraints of type <logicor>
Presolving Time: 0.00
transformed 23/27 original solutions to the transformed problem space

 time | node  | left  |LP iter|LP it/n|mem/heur|mdpt |vars |cons |rows |cuts |sepa|confs|strbr|  dualbound   | primalbound  |  gap   | compl. 
  0.7s|     1 |     0 |  1313 |     - |    15M |   0 | 135 | 359 | 353 |   0 |  0 |   7 |   0 |-2.156482e+02 |-2.158905e+02 |   0.11%| unknown
  0.7s|     1 |     0 |  1313 |     - |    15M |   0 | 135 | 359 | 337 |   0 |  0 |   7 |   0 |-2.156482e+02 |-2.158905e+02 |   0.11%| unknown
  0.7s|     1 |     0 |  1335 |     - |    15M |   0 | 135 | 359 | 338 |   1 |  1 |   7 |   0 |-2.156685e+02 |-2.158905e+02 |   0.10%| unknown
  0.8s|     1 |     0 |  1356 |     - |    15M |   0 | 135 | 359 | 339 |   2 |  2 |   7 |   0 |-2.156850e+02 |-2.158905e+02 |   0.10%| unknown
  0.8s|     1 |     0 |  1383 |     - |    15M |   0 | 135 | 359 | 340 |   3 |  3 |   7 |   0 |-2.157067e+02 |-2.158905e+02 |   0.09%| unknown
  0.9s|     1 |     0 |  1404 |     - |    15M |   0 | 135 | 359 | 341 |   4 |  4 |   7 |   0 |-2.157145e+02 |-2.158905e+02 |   0.08%| unknown
  0.9s|     1 |     0 |  1425 |     - |    15M |   0 | 135 | 359 | 342 |   5 |  5 |   7 |   0 |-2.157217e+02 |-2.158905e+02 |   0.08%| unknown
  0.9s|     1 |     0 |  1438 |     - |    15M |   0 | 135 | 359 | 344 |   7 |  6 |   7 |   0 |-2.157251e+02 |-2.158905e+02 |   0.08%| unknown
  1.0s|     1 |     0 |  1456 |     - |    15M |   0 | 135 | 359 | 345 |   8 |  7 |   7 |   0 |-2.157382e+02 |-2.158905e+02 |   0.07%| unknown
  1.0s|     1 |     0 |  1468 |     - |    15M |   0 | 135 | 359 | 346 |   9 |  8 |   7 |   0 |-2.157435e+02 |-2.158905e+02 |   0.07%| unknown
  1.1s|     1 |     0 |  1488 |     - |    15M |   0 | 135 | 359 | 347 |  10 |  9 |   7 |   0 |-2.157477e+02 |-2.158905e+02 |   0.07%| unknown
  1.1s|     1 |     0 |  1490 |     - |    15M |   0 | 135 | 359 | 348 |  11 | 10 |   7 |   0 |-2.157477e+02 |-2.158905e+02 |   0.07%| unknown
  1.2s|     1 |     0 |  1503 |     - |    15M |   0 | 135 | 359 | 349 |  12 | 11 |   7 |   0 |-2.157492e+02 |-2.158905e+02 |   0.07%| unknown
  1.2s|     1 |     0 |  1515 |     - |    15M |   0 | 135 | 359 | 350 |  13 | 12 |   7 |   0 |-2.157499e+02 |-2.158905e+02 |   0.07%| unknown
  1.2s|     1 |     0 |  1523 |     - |    15M |   0 | 135 | 359 | 351 |  14 | 13 |   7 |   0 |-2.157507e+02 |-2.158905e+02 |   0.06%| unknown
 time | node  | left  |LP iter|LP it/n|mem/heur|mdpt |vars |cons |rows |cuts |sepa|confs|strbr|  dualbound   | primalbound  |  gap   | compl. 
  1.2s|     1 |     0 |  1523 |     - |    15M |   0 | 135 | 316 | 351 |  14 | 13 |   7 |   0 |-2.157507e+02 |-2.158905e+02 |   0.06%| unknown
  1.3s|     1 |     0 |  1527 |     - |    15M |   0 | 135 | 316 | 334 |  15 | 14 |   7 |   0 |-2.157508e+02 |-2.158905e+02 |   0.06%| unknown
  1.3s|     1 |     0 |  1531 |     - |    15M |   0 | 135 | 316 | 335 |  16 | 15 |   7 |   0 |-2.157509e+02 |-2.158905e+02 |   0.06%| unknown
  1.4s|     1 |     0 |  1533 |     - |    15M |   0 | 135 | 316 | 336 |  17 | 16 |   7 |   0 |-2.157510e+02 |-2.158905e+02 |   0.06%| unknown
  1.4s|     1 |     0 |  1674 |     - |    16M |   0 | 135 | 270 | 336 |  17 | 17 |  12 |   5 |-2.158905e+02 |-2.158905e+02 |   0.00%| unknown
  1.4s|     1 |     0 |  1674 |     - |    16M |   0 | 135 | 270 | 336 |  17 | 17 |  12 |   5 |-2.158905e+02 |-2.158905e+02 |   0.00%| unknown

SCIP Status        : problem is solved [optimal solution found]
Solving Time (sec) : 1.42
Solving Nodes      : 1 (total of 2 nodes in 2 runs)
Primal Bound       : -2.15890476190476e+02 (45 solutions)
Dual Bound         : -2.15890476190476e+02
Gap                : 0.00 %
  [linear] <c970>: <x106>[C] (+21.2809524) -0.633333333<x1>[B] (+1) -0.633333333<x2>[B] (+1) -0.633333333<x3>[B] (+1) -0.633333333<x4>[B] (+1) -0.633333333<x5>[B] (+1) -0.633333333<x6>[B] (+1) -0.633333333<x7>[B] (+1) -0.633333333<x8>[B] (+1) -0.633333333<x9>[B] (+1) -0.633333333<x10>[B] (+0) -0.633333333<x11>[B] (+1) -0.633333333<x12>[B] (+1) -0.633333333<x13>[B] (+1) -0.633333333<x14>[B] (+1) +0.633333333<x15>[B] (+0) +0.633333333<x16>[B] (+0) +0.633333333<x17>[B] (+0) +0.633333333<x18>[B] (+0) +0.633333333<x19>[B] (+0) +0.633333333<x20>[B] (+0) +0.633333333<x21>[B] (+0) +0.633333333<x22>[B] (+1) +0.633333333<x23>[B] (+0) +0.633333333<x24>[B] (+0) +0.633333333<x25>[B] (+0) +0.633333333<x26>[B] (+1) +0.633333333<x27>[B] (+1) +0.633333333<x28>[B] (+0) +0.633333333<x29>[B] (+1) +0.633333333<x30>[B] (+1) +0.633333333<x31>[B] (+0) +0.633333333<x32>[B] (+0) +0.633333333<x33>[B] (+1) +0.633333333<x34>[B] (+1) +0.633333333<x35>[B] (+0) +0.633333333<x36>[B] (+0) +0.633333333<x37>[B] (+1) -0.633333333<x38>[B] (+1) +0.633333333<x39>[B] (+1) +0.633333333<x40>[B] (+1) +0.633333333<x41>[B] (+1) +0.633333333<x42>[B] (+1) +0.633333333<x43>[B] (+1) +0.633333333<x44>[B] (+1) +0.633333333<x45>[B] (+1) +0.633333333<x46>[B] (+0) -0.633333333<x47>[B] (+1) -0.633333333<x48>[B] (+1) -0.633333333<x49>[B] (+1) +0.633333333<x50>[B] (+1) +0.633333333<x51>[B] (+1) +0.633333333<x52>[B] (+0) -0.633333333<x53>[B] (+0) -0.633333333<x54>[B] (+1) -0.633333333<x55>[B] (+1) -0.633333333<x56>[B] (+0) -0.633333333<x57>[B] (+0) -0.633333333<x58>[B] (+0) -0.633333333<x59>[B] (+1) -0.633333333<x60>[B] (+1) -0.633333333<x61>[B] (+0) -0.633333333<x62>[B] (+0) -0.633333333<x63>[B] (+1) -0.633333333<x64>[B] (+1) -0.633333333<x65>[B] (+0) -0.633333333<x66>[B] (+0) -0.633333333<x67>[B] (+0) -0.633333333<x68>[B] (+1) -0.633333333<x69>[B] (+1) -0.633333333<x70>[B] (+1) -0.633333333<x71>[B] (+1) -0.633333333<x72>[B] (+1) -0.633333333<x73>[B] (+0) -0.633333333<x74>[B] (+1) -0.633333333<x75>[B] (+1) -0.633333333<x76>[B] (+1) -0.633333333<x77>[B] (+1) +0.633333333<x78>[B] (+1) -0.633333333<x79>[B] (+1) +0.633333333<x80>[B] (+0) -0.633333333<x81>[B] (+1) -0.633333333<x82>[B] (+1) -0.633333333<x83>[B] (+1) +0.633333333<x84>[B] (+1) -0.633333333<x85>[B] (+1) +0.633333333<x86>[B] (+0) -0.633333333<x87>[B] (+0) -0.633333333<x88>[B] (+0) -0.633333333<x89>[B] (+1) -0.633333333<x90>[B] (+1) +0.633333333<x91>[B] (+0) -0.633333333<x92>[B] (+0) -0.633333333<x93>[B] (+0) -0.633333333<x94>[B] (+0) +0.633333333<x95>[B] (+0) -0.633333333<x96>[B] (+1) -0.633333333<x97>[B] (+1) -0.633333333<x98>[B] (+1) -0.633333333<x99>[B] (+1) -0.633333333<x100>[B] (+1) -0.633333333<x101>[B] (+1) +0.633333333<x102>[B] (+1) -0.633333333<x103>[B] (+1) +0.633333333<x104>[B] (+1) +0.633333333<x105>[B] (+1) >= 6.17619047619047;
;
violation: left hand side is violated by 0.0952380952380842
  [linear] <c974>: <x111>[C] (+17.6238095) -0.566666667<x1>[B] (+1) -0.566666667<x2>[B] (+1) -0.566666667<x3>[B] (+1) -0.566666667<x4>[B] (+1) -0.566666667<x5>[B] (+1) -0.566666667<x6>[B] (+1) +0.566666667<x7>[B] (+1) +0.566666667<x8>[B] (+1) -0.566666667<x9>[B] (+1) +0.566666667<x10>[B] (+0) +0.566666667<x11>[B] (+1) -0.566666667<x12>[B] (+1) -0.566666667<x13>[B] (+1) -0.566666667<x14>[B] (+1) -0.566666667<x15>[B] (+1) -0.566666667<x16>[B] (+1) -0.566666667<x17>[B] (+1) -0.566666667<x18>[B] (+1) -0.566666667<x19>[B] (+1) +0.566666667<x20>[B] (+1) +0.566666667<x21>[B] (+1) +0.566666667<x22>[B] (+1) +0.566666667<x23>[B] (+0) +0.566666667<x24>[B] (+1) +0.566666667<x25>[B] (+1) +0.566666667<x26>[B] (+1) -0.566666667<x27>[B] (+1) +0.566666667<x28>[B] (+0) +0.566666667<x29>[B] (+1) -0.566666667<x30>[B] (+1) -0.566666667<x31>[B] (+0) +0.566666667<x32>[B] (+0) +0.566666667<x33>[B] (+1) +0.566666667<x34>[B] (+1) +0.566666667<x35>[B] (+0) +0.566666667<x36>[B] (+0) +0.566666667<x37>[B] (+1) +0.566666667<x38>[B] (+1) -0.566666667<x39>[B] (+1) -0.566666667<x40>[B] (+1) -0.566666667<x41>[B] (+1) -0.566666667<x42>[B] (+1) +0.566666667<x43>[B] (+1) +0.566666667<x44>[B] (+1) +0.566666667<x45>[B] (+1) +0.566666667<x46>[B] (+0) +0.566666667<x47>[B] (+1) +0.566666667<x48>[B] (+1) +0.566666667<x49>[B] (+1) -0.566666667<x50>[B] (+1) -0.566666667<x51>[B] (+1) -0.566666667<x52>[B] (+0) +0.566666667<x53>[B] (+0) +0.566666667<x54>[B] (+1) +0.566666667<x55>[B] (+1) +0.566666667<x56>[B] (+0) +0.566666667<x57>[B] (+0) +0.566666667<x58>[B] (+0) +0.566666667<x59>[B] (+1) -0.566666667<x60>[B] (+1) -0.566666667<x61>[B] (+0) +0.566666667<x62>[B] (+0) +0.566666667<x63>[B] (+1) +0.566666667<x64>[B] (+0) +0.566666667<x65>[B] (+0) +0.566666667<x66>[B] (+0) +0.566666667<x67>[B] (+0) +0.566666667<x68>[B] (+0) +0.566666667<x69>[B] (+0) +0.566666667<x70>[B] (+1) +0.566666667<x71>[B] (+1) +0.566666667<x72>[B] (+1) +0.566666667<x73>[B] (+0) +0.566666667<x74>[B] (+1) +0.566666667<x75>[B] (+1) +0.566666667<x76>[B] (+1) +0.566666667<x77>[B] (+1) -0.566666667<x78>[B] (+1) -0.566666667<x79>[B] (+1) -0.566666667<x80>[B] (+0) -0.566666667<x81>[B] (+1) -0.566666667<x82>[B] (+1) -0.566666667<x83>[B] (+1) -0.566666667<x84>[B] (+1) -0.566666667<x85>[B] (+0) -0.566666667<x86>[B] (+0) -0.566666667<x87>[B] (+0) -0.566666667<x88>[B] (+0) -0.566666667<x89>[B] (+0) -0.566666667<x90>[B] (+0) +0.566666667<x91>[B] (+0) +0.566666667<x92>[B] (+0) -0.566666667<x93>[B] (+0) +0.566666667<x94>[B] (+0) -0.566666667<x95>[B] (+0) -0.566666667<x96>[B] (+1) -0.566666667<x97>[B] (+1) -0.566666667<x98>[B] (+1) -0.566666667<x99>[B] (+1) -0.566666667<x100>[B] (+1) -0.566666667<x101>[B] (+1) -0.566666667<x102>[B] (+1) +0.566666667<x103>[B] (+1) -0.566666667<x104>[B] (+1) -0.566666667<x105>[B] (+1) >= 13.7428571428571;
;
violation: left hand side is violated by 0.0857142857142819
  [linear] <c970>: <x106>[C] (+20.6) -0.633333333<x1>[B] (+1) -0.633333333<x2>[B] (+1) -0.633333333<x3>[B] (+1) -0.633333333<x4>[B] (+1) -0.633333333<x5>[B] (+1) -0.633333333<x6>[B] (+1) -0.633333333<x7>[B] (+0) -0.633333333<x8>[B] (+1) -0.633333333<x9>[B] (+1) -0.633333333<x10>[B] (+1) -0.633333333<x11>[B] (+1) -0.633333333<x12>[B] (+1) -0.633333333<x13>[B] (+1) -0.633333333<x14>[B] (+1) +0.633333333<x15>[B] (+1) +0.633333333<x16>[B] (+0) +0.633333333<x17>[B] (+1) +0.633333333<x18>[B] (+1) +0.633333333<x19>[B] (+0) +0.633333333<x20>[B] (+0) +0.633333333<x21>[B] (+1) +0.633333333<x22>[B] (+1) +0.633333333<x23>[B] (+0) +0.633333333<x24>[B] (+1) +0.633333333<x25>[B] (+1) +0.633333333<x26>[B] (+1) +0.633333333<x27>[B] (+0) +0.633333333<x28>[B] (+0) +0.633333333<x29>[B] (+0) +0.633333333<x30>[B] (+0) +0.633333333<x31>[B] (+0) +0.633333333<x32>[B] (+0) +0.633333333<x33>[B] (+1) +0.633333333<x34>[B] (+1) +0.633333333<x35>[B] (+0) +0.633333333<x36>[B] (+0) +0.633333333<x37>[B] (+1) -0.633333333<x38>[B] (+1) +0.633333333<x39>[B] (+0) +0.633333333<x40>[B] (+1) +0.633333333<x41>[B] (+1) +0.633333333<x42>[B] (+1) +0.633333333<x43>[B] (+0) +0.633333333<x44>[B] (+1) +0.633333333<x45>[B] (+1) +0.633333333<x46>[B] (+0) -0.633333333<x47>[B] (+1) -0.633333333<x48>[B] (+1) -0.633333333<x49>[B] (+1) +0.633333333<x50>[B] (+0) +0.633333333<x51>[B] (+0) +0.633333333<x52>[B] (+0) -0.633333333<x53>[B] (+0) -0.633333333<x54>[B] (+1) -0.633333333<x55>[B] (+1) -0.633333333<x56>[B] (+0) -0.633333333<x57>[B] (+0) -0.633333333<x58>[B] (+1) -0.633333333<x59>[B] (+1) -0.633333333<x60>[B] (+0) -0.633333333<x61>[B] (+0) -0.633333333<x62>[B] (+0) -0.633333333<x63>[B] (+1) -0.633333333<x64>[B] (+1) -0.633333333<x65>[B] (+0) -0.633333333<x66>[B] (+1) -0.633333333<x67>[B] (+1) -0.633333333<x68>[B] (+1) -0.633333333<x69>[B] (+0) -0.633333333<x70>[B] (+0) -0.633333333<x71>[B] (+1) -0.633333333<x72>[B] (+1) -0.633333333<x73>[B] (+0) -0.633333333<x74>[B] (+1) -0.633333333<x75>[B] (+1) -0.633333333<x76>[B] (+1) -0.633333333<x77>[B] (+0) +0.633333333<x78>[B] (+1) -0.633333333<x79>[B] (+1) +0.633333333<x80>[B] (+1) -0.633333333<x81>[B] (+1) -0.633333333<x82>[B] (+1) -0.633333333<x83>[B] (+1) +0.633333333<x84>[B] (+1) -0.633333333<x85>[B] (+1) +0.633333333<x86>[B] (+0) -0.633333333<x87>[B] (+0) -0.633333333<x88>[B] (+0) -0.633333333<x89>[B] (+0) -0.633333333<x90>[B] (+0) +0.633333333<x91>[B] (+0) -0.633333333<x92>[B] (+0) -0.633333333<x93>[B] (+0) -0.633333333<x94>[B] (+0) +0.633333333<x95>[B] (+0) -0.633333333<x96>[B] (+1) -0.633333333<x97>[B] (+1) -0.633333333<x98>[B] (+1) -0.633333333<x99>[B] (+1) -0.633333333<x100>[B] (+1) -0.633333333<x101>[B] (+1) +0.633333333<x102>[B] (+0) -0.633333333<x103>[B] (+0) +0.633333333<x104>[B] (+0) +0.633333333<x105>[B] (+0) >= 6.17619047619047;
;
violation: left hand side is violated by 0.142857142857139
  [linear] <c974>: <x111>[C] (+17.0857143) -0.566666667<x1>[B] (+1) -0.566666667<x2>[B] (+1) -0.566666667<x3>[B] (+1) -0.566666667<x4>[B] (+1) -0.566666667<x5>[B] (+1) -0.566666667<x6>[B] (+1) +0.566666667<x7>[B] (+1) +0.566666667<x8>[B] (+1) -0.566666667<x9>[B] (+1) +0.566666667<x10>[B] (+0) +0.566666667<x11>[B] (+1) -0.566666667<x12>[B] (+1) -0.566666667<x13>[B] (+1) -0.566666667<x14>[B] (+1) -0.566666667<x15>[B] (+0) -0.566666667<x16>[B] (+0) -0.566666667<x17>[B] (+0) -0.566666667<x18>[B] (+1) -0.566666667<x19>[B] (+0) +0.566666667<x20>[B] (+0) +0.566666667<x21>[B] (+1) +0.566666667<x22>[B] (+1) +0.566666667<x23>[B] (+0) +0.566666667<x24>[B] (+0) +0.566666667<x25>[B] (+0) +0.566666667<x26>[B] (+1) -0.566666667<x27>[B] (+1) +0.566666667<x28>[B] (+0) +0.566666667<x29>[B] (+1) -0.566666667<x30>[B] (+1) -0.566666667<x31>[B] (+0) +0.566666667<x32>[B] (+0) +0.566666667<x33>[B] (+1) +0.566666667<x34>[B] (+1) +0.566666667<x35>[B] (+0) +0.566666667<x36>[B] (+0) +0.566666667<x37>[B] (+1) +0.566666667<x38>[B] (+1) -0.566666667<x39>[B] (+1) -0.566666667<x40>[B] (+1) -0.566666667<x41>[B] (+1) -0.566666667<x42>[B] (+1) +0.566666667<x43>[B] (+1) +0.566666667<x44>[B] (+1) +0.566666667<x45>[B] (+1) +0.566666667<x46>[B] (+0) +0.566666667<x47>[B] (+1) +0.566666667<x48>[B] (+1) +0.566666667<x49>[B] (+1) -0.566666667<x50>[B] (+1) -0.566666667<x51>[B] (+1) -0.566666667<x52>[B] (+0) +0.566666667<x53>[B] (+0) +0.566666667<x54>[B] (+1) +0.566666667<x55>[B] (+1) +0.566666667<x56>[B] (+0) +0.566666667<x57>[B] (+0) +0.566666667<x58>[B] (+0) +0.566666667<x59>[B] (+1) -0.566666667<x60>[B] (+1) -0.566666667<x61>[B] (+0) +0.566666667<x62>[B] (+0) +0.566666667<x63>[B] (+1) +0.566666667<x64>[B] (+1) +0.566666667<x65>[B] (+0) +0.566666667<x66>[B] (+0) +0.566666667<x67>[B] (+0) +0.566666667<x68>[B] (+0) +0.566666667<x69>[B] (+0) +0.566666667<x70>[B] (+1) +0.566666667<x71>[B] (+1) +0.566666667<x72>[B] (+1) +0.566666667<x73>[B] (+0) +0.566666667<x74>[B] (+1) +0.566666667<x75>[B] (+1) +0.566666667<x76>[B] (+1) +0.566666667<x77>[B] (+1) -0.566666667<x78>[B] (+1) -0.566666667<x79>[B] (+1) -0.566666667<x80>[B] (+0) -0.566666667<x81>[B] (+1) -0.566666667<x82>[B] (+1) -0.566666667<x83>[B] (+1) -0.566666667<x84>[B] (+1) -0.566666667<x85>[B] (+1) -0.566666667<x86>[B] (+0) -0.566666667<x87>[B] (+0) -0.566666667<x88>[B] (+0) -0.566666667<x89>[B] (+0) -0.566666667<x90>[B] (+0) +0.566666667<x91>[B] (+0) +0.566666667<x92>[B] (+0) -0.566666667<x93>[B] (+0) +0.566666667<x94>[B] (+0) -0.566666667<x95>[B] (+0) -0.566666667<x96>[B] (+1) -0.566666667<x97>[B] (+1) -0.566666667<x98>[B] (+1) -0.566666667<x99>[B] (+1) -0.566666667<x100>[B] (+1) -0.566666667<x101>[B] (+1) -0.566666667<x102>[B] (+1) +0.566666667<x103>[B] (+1) -0.566666667<x104>[B] (+1) -0.566666667<x105>[B] (+1) >= 13.7428571428571;
;
violation: left hand side is violated by 0.0571428571428498
  [linear] <c970>: <x106>[C] (+20.6) -0.633333333<x1>[B] (+1) -0.633333333<x2>[B] (+1) -0.633333333<x3>[B] (+1) -0.633333333<x4>[B] (+1) -0.633333333<x5>[B] (+1) -0.633333333<x6>[B] (+1) -0.633333333<x7>[B] (+1) -0.633333333<x8>[B] (+1) -0.633333333<x9>[B] (+1) -0.633333333<x10>[B] (+0) -0.633333333<x11>[B] (+1) -0.633333333<x12>[B] (+1) -0.633333333<x13>[B] (+1) -0.633333333<x14>[B] (+1) +0.633333333<x15>[B] (+1) +0.633333333<x16>[B] (+0) +0.633333333<x17>[B] (+1) +0.633333333<x18>[B] (+1) +0.633333333<x19>[B] (+0) +0.633333333<x20>[B] (+0) +0.633333333<x21>[B] (+1) +0.633333333<x22>[B] (+1) +0.633333333<x23>[B] (+0) +0.633333333<x24>[B] (+0) +0.633333333<x25>[B] (+1) +0.633333333<x26>[B] (+1) +0.633333333<x27>[B] (+1) +0.633333333<x28>[B] (+0) +0.633333333<x29>[B] (+0) +0.633333333<x30>[B] (+0) +0.633333333<x31>[B] (+0) +0.633333333<x32>[B] (+0) +0.633333333<x33>[B] (+1) +0.633333333<x34>[B] (+1) +0.633333333<x35>[B] (+0) +0.633333333<x36>[B] (+0) +0.633333333<x37>[B] (+0) -0.633333333<x38>[B] (+1) +0.633333333<x39>[B] (+0) +0.633333333<x40>[B] (+1) +0.633333333<x41>[B] (+1) +0.633333333<x42>[B] (+1) +0.633333333<x43>[B] (+1) +0.633333333<x44>[B] (+1) +0.633333333<x45>[B] (+1) +0.633333333<x46>[B] (+0) -0.633333333<x47>[B] (+1) -0.633333333<x48>[B] (+1) -0.633333333<x49>[B] (+1) +0.633333333<x50>[B] (+1) +0.633333333<x51>[B] (+0) +0.633333333<x52>[B] (+0) -0.633333333<x53>[B] (+0) -0.633333333<x54>[B] (+1) -0.633333333<x55>[B] (+1) -0.633333333<x56>[B] (+0) -0.633333333<x57>[B] (+0) -0.633333333<x58>[B] (+0) -0.633333333<x59>[B] (+1) -0.633333333<x60>[B] (+0) -0.633333333<x61>[B] (+0) -0.633333333<x62>[B] (+0) -0.633333333<x63>[B] (+1) -0.633333333<x64>[B] (+1) -0.633333333<x65>[B] (+0) -0.633333333<x66>[B] (+0) -0.633333333<x67>[B] (+1) -0.633333333<x68>[B] (+1) -0.633333333<x69>[B] (+0) -0.633333333<x70>[B] (+1) -0.633333333<x71>[B] (+1) -0.633333333<x72>[B] (+1) -0.633333333<x73>[B] (+0) -0.633333333<x74>[B] (+1) -0.633333333<x75>[B] (+1) -0.633333333<x76>[B] (+1) -0.633333333<x77>[B] (+1) +0.633333333<x78>[B] (+1) -0.633333333<x79>[B] (+1) +0.633333333<x80>[B] (+0) -0.633333333<x81>[B] (+1) -0.633333333<x82>[B] (+1) -0.633333333<x83>[B] (+1) +0.633333333<x84>[B] (+1) -0.633333333<x85>[B] (+1) +0.633333333<x86>[B] (+0) -0.633333333<x87>[B] (+0) -0.633333333<x88>[B] (+0) -0.633333333<x89>[B] (+0) -0.633333333<x90>[B] (+0) +0.633333333<x91>[B] (+0) -0.633333333<x92>[B] (+0) -0.633333333<x93>[B] (+0) -0.633333333<x94>[B] (+0) +0.633333333<x95>[B] (+0) -0.633333333<x96>[B] (+1) -0.633333333<x97>[B] (+1) -0.633333333<x98>[B] (+1) -0.633333333<x99>[B] (+1) -0.633333333<x100>[B] (+1) -0.633333333<x101>[B] (+1) +0.633333333<x102>[B] (+1) -0.633333333<x103>[B] (+1) +0.633333333<x104>[B] (+0) +0.633333333<x105>[B] (+0) >= 6.17619047619047;
;
violation: left hand side is violated by 0.142857142857135
  [linear] <c980>: <x117>[C] (+30.3809524) -0.728571429<x1>[B] (+1) -0.728571429<x2>[B] (+1) -0.728571429<x3>[B] (+1) -0.728571429<x4>[B] (+1) -0.728571429<x5>[B] (+1) -0.728571429<x6>[B] (+1) -0.728571429<x7>[B] (+1) -0.728571429<x8>[B] (+1) -0.728571429<x9>[B] (+1) -0.728571429<x10>[B] (+0) -0.728571429<x11>[B] (+1) -0.728571429<x12>[B] (+1) -0.728571429<x13>[B] (+1) -0.728571429<x14>[B] (+1) -0.728571429<x15>[B] (+1) -0.728571429<x16>[B] (+0) -0.728571429<x17>[B] (+1) -0.728571429<x18>[B] (+1) -0.728571429<x19>[B] (+0) -0.728571429<x20>[B] (+0) -0.728571429<x21>[B] (+1) -0.728571429<x22>[B] (+1) -0.728571429<x23>[B] (+0) -0.728571429<x24>[B] (+0) -0.728571429<x25>[B] (+1) -0.728571429<x26>[B] (+1) -0.728571429<x27>[B] (+1) -0.728571429<x28>[B] (+0) -0.728571429<x29>[B] (+1) -0.728571429<x30>[B] (+1) +0.728571429<x31>[B] (+0) -0.728571429<x32>[B] (+0) -0.728571429<x33>[B] (+1) -0.728571429<x34>[B] (+1) +0.728571429<x35>[B] (+0) -0.728571429<x36>[B] (+0) +0.728571429<x37>[B] (+1) -0.728571429<x38>[B] (+1) -0.728571429<x39>[B] (+0) -0.728571429<x40>[B] (+1) -0.728571429<x41>[B] (+1) +0.728571429<x42>[B] (+1) -0.728571429<x43>[B] (+1) -0.728571429<x44>[B] (+1) -0.728571429<x45>[B] (+1) +0.728571429<x46>[B] (+0) -0.728571429<x47>[B] (+1) +0.728571429<x48>[B] (+1) -0.728571429<x49>[B] (+1) -0.728571429<x50>[B] (+1) -0.728571429<x51>[B] (+0) +0.728571429<x52>[B] (+0) +0.728571429<x53>[B] (+0) +0.728571429<x54>[B] (+1) +0.728571429<x55>[B] (+1) +0.728571429<x56>[B] (+0) +0.728571429<x57>[B] (+0) +0.728571429<x58>[B] (+0) -0.728571429<x59>[B] (+1) +0.728571429<x60>[B] (+0) +0.728571429<x61>[B] (+0) +0.728571429<x62>[B] (+0) +0.728571429<x63>[B] (+1) +0.728571429<x64>[B] (+1) +0.728571429<x65>[B] (+0) +0.728571429<x66>[B] (+0) +0.728571429<x67>[B] (+0) -0.728571429<x68>[B] (+1) +0.728571429<x69>[B] (+0) -0.728571429<x70>[B] (+1) -0.728571429<x71>[B] (+1) -0.728571429<x72>[B] (+1) +0.728571429<x73>[B] (+0) -0.728571429<x74>[B] (+1) -0.728571429<x75>[B] (+1) -0.728571429<x76>[B] (+1) -0.728571429<x77>[B] (+1) -0.728571429<x78>[B] (+1) -0.728571429<x79>[B] (+1) +0.728571429<x80>[B] (+0) +0.728571429<x81>[B] (+1) +0.728571429<x82>[B] (+1) -0.728571429<x83>[B] (+1) -0.728571429<x84>[B] (+1) -0.728571429<x85>[B] (+1) +0.728571429<x86>[B] (+0) +0.728571429<x87>[B] (+0) +0.728571429<x88>[B] (+0) -0.728571429<x89>[B] (+0) -0.728571429<x90>[B] (+0) +0.728571429<x91>[B] (+0) +0.728571429<x92>[B] (+0) +0.728571429<x93>[B] (+0) -0.728571429<x94>[B] (+0) +0.728571429<x95>[B] (+0) -0.728571429<x96>[B] (+1) -0.728571429<x97>[B] (+1) -0.728571429<x98>[B] (+1) -0.728571429<x99>[B] (+1) +0.728571429<x100>[B] (+1) -0.728571429<x101>[B] (+1) -0.728571429<x102>[B] (+1) -0.728571429<x103>[B] (+1) -0.728571429<x104>[B] (+0) +0.728571429<x105>[B] (+0) >= -2.36666666666667;
;
violation: left hand side is violated by 0.0380952380952295
  [linear] <c979>: <x116>[C] (+15.3285714) -0.519047619<x1>[B] (+1) -0.519047619<x2>[B] (+1) +0.519047619<x3>[B] (+1) +0.519047619<x4>[B] (+1) +0.519047619<x5>[B] (+1) +0.519047619<x6>[B] (+1) +0.519047619<x7>[B] (+1) -0.519047619<x8>[B] (+1) +0.519047619<x9>[B] (+1) +0.519047619<x10>[B] (+1) -0.519047619<x11>[B] (+1) -0.519047619<x12>[B] (+1) +0.519047619<x13>[B] (+1) +0.519047619<x14>[B] (+1) +0.519047619<x15>[B] (+1) +0.519047619<x16>[B] (+0) +0.519047619<x17>[B] (+1) +0.519047619<x18>[B] (+1) +0.519047619<x19>[B] (+0) +0.519047619<x20>[B] (+0) +0.519047619<x21>[B] (+1) +0.519047619<x22>[B] (+1) +0.519047619<x23>[B] (+0) +0.519047619<x24>[B] (+0) +0.519047619<x25>[B] (+1) +0.519047619<x26>[B] (+1) +0.519047619<x27>[B] (+0) +0.519047619<x28>[B] (+0) +0.519047619<x29>[B] (+1) +0.519047619<x30>[B] (+1) +0.519047619<x31>[B] (+0) +0.519047619<x32>[B] (+0) -0.519047619<x33>[B] (+1) +0.519047619<x34>[B] (+1) +0.519047619<x35>[B] (+0) -0.519047619<x36>[B] (+0) -0.519047619<x37>[B] (+1) +0.519047619<x38>[B] (+1) +0.519047619<x39>[B] (+0) +0.519047619<x40>[B] (+1) -0.519047619<x41>[B] (+1) +0.519047619<x42>[B] (+1) -0.519047619<x43>[B] (+1) -0.519047619<x44>[B] (+1) -0.519047619<x45>[B] (+1) +0.519047619<x46>[B] (+0) -0.519047619<x47>[B] (+1) -0.519047619<x48>[B] (+1) +0.519047619<x49>[B] (+1) +0.519047619<x50>[B] (+1) -0.519047619<x51>[B] (+1) -0.519047619<x52>[B] (+0) -0.519047619<x53>[B] (+0) -0.519047619<x54>[B] (+1) -0.519047619<x55>[B] (+1) -0.519047619<x56>[B] (+0) -0.519047619<x57>[B] (+0) -0.519047619<x58>[B] (+1.58761893e-14) -0.519047619<x59>[B] (+1) +0.519047619<x60>[B] (+0) +0.519047619<x61>[B] (+0) -0.519047619<x62>[B] (+0) -0.519047619<x63>[B] (+1) +0.519047619<x64>[B] (+1) +0.519047619<x65>[B] (+0) -0.519047619<x66>[B] (+0) -0.519047619<x67>[B] (+0) +0.519047619<x68>[B] (+1) +0.519047619<x69>[B] (+0) -0.519047619<x70>[B] (+1) -0.519047619<x71>[B] (+1) -0.519047619<x72>[B] (+1) +0.519047619<x73>[B] (+0) -0.519047619<x74>[B] (+1) -0.519047619<x75>[B] (+1) +0.519047619<x76>[B] (+1) +0.519047619<x77>[B] (+1) -0.519047619<x78>[B] (+1) +0.519047619<x79>[B] (+1) +0.519047619<x80>[B] (+0) -0.519047619<x81>[B] (+1) -0.519047619<x82>[B] (+1) +0.519047619<x83>[B] (+1) +0.519047619<x84>[B] (+1) +0.519047619<x85>[B] (+1) +0.519047619<x86>[B] (+0) +0.519047619<x87>[B] (+0) +0.519047619<x88>[B] (+0) +0.519047619<x89>[B] (+1) +0.519047619<x90>[B] (+0) +0.519047619<x91>[B] (+0) -0.519047619<x92>[B] (+0) -0.519047619<x93>[B] (+0) +0.519047619<x94>[B] (+0) +0.519047619<x95>[B] (+0) -0.519047619<x96>[B] (+1) -0.519047619<x97>[B] (+1) +0.519047619<x98>[B] (+1) +0.519047619<x99>[B] (+1) -0.519047619<x100>[B] (+1) +0.519047619<x101>[B] (+1) +0.519047619<x102>[B] (+0) +0.519047619<x103>[B] (+1) +0.519047619<x104>[B] (+0) +0.519047619<x105>[B] (+0) >= 19.5952380952381;
;
violation: left hand side is violated by 0.1142857142857
  [linear] <c980>: <x117>[C] (+28.9428571) -0.728571429<x1>[B] (+1) -0.728571429<x2>[B] (+1) -0.728571429<x3>[B] (+1) -0.728571429<x4>[B] (+1) -0.728571429<x5>[B] (+1) -0.728571429<x6>[B] (+1) -0.728571429<x7>[B] (+1) -0.728571429<x8>[B] (+1) -0.728571429<x9>[B] (+1) -0.728571429<x10>[B] (+1) -0.728571429<x11>[B] (+1) -0.728571429<x12>[B] (+1) -0.728571429<x13>[B] (+1) -0.728571429<x14>[B] (+1) -0.728571429<x15>[B] (+0) -0.728571429<x16>[B] (+0) -0.728571429<x17>[B] (+1) -0.728571429<x18>[B] (+1) -0.728571429<x19>[B] (+0) -0.728571429<x20>[B] (+0) -0.728571429<x21>[B] (+1) -0.728571429<x22>[B] (+1) -0.728571429<x23>[B] (+0) -0.728571429<x24>[B] (+0) -0.728571429<x25>[B] (+1) -0.728571429<x26>[B] (+1) -0.728571429<x27>[B] (+1) -0.728571429<x28>[B] (+0) -0.728571429<x29>[B] (+1) -0.728571429<x30>[B] (+1) +0.728571429<x31>[B] (+0) -0.728571429<x32>[B] (+0) -0.728571429<x33>[B] (+1) -0.728571429<x34>[B] (+1) +0.728571429<x35>[B] (+0) -0.728571429<x36>[B] (+0) +0.728571429<x37>[B] (+1) -0.728571429<x38>[B] (+1) -0.728571429<x39>[B] (+1) -0.728571429<x40>[B] (+1) -0.728571429<x41>[B] (+1) +0.728571429<x42>[B] (+1) -0.728571429<x43>[B] (+0) -0.728571429<x44>[B] (+1) -0.728571429<x45>[B] (+1) +0.728571429<x46>[B] (+0) -0.728571429<x47>[B] (+1) +0.728571429<x48>[B] (+1) -0.728571429<x49>[B] (+1) -0.728571429<x50>[B] (+1) -0.728571429<x51>[B] (+1) +0.728571429<x52>[B] (+0) +0.728571429<x53>[B] (+0) +0.728571429<x54>[B] (+1) +0.728571429<x55>[B] (+1) +0.728571429<x56>[B] (+0) +0.728571429<x57>[B] (+0) +0.728571429<x58>[B] (+1) -0.728571429<x59>[B] (+1) +0.728571429<x60>[B] (+0) +0.728571429<x61>[B] (+0) +0.728571429<x62>[B] (+0) +0.728571429<x63>[B] (+1) +0.728571429<x64>[B] (+1) +0.728571429<x65>[B] (+0) +0.728571429<x66>[B] (+0) +0.728571429<x67>[B] (+1) -0.728571429<x68>[B] (+1) +0.728571429<x69>[B] (+0) -0.728571429<x70>[B] (+0) -0.728571429<x71>[B] (+1) -0.728571429<x72>[B] (+1) +0.728571429<x73>[B] (+0) -0.728571429<x74>[B] (+1) -0.728571429<x75>[B] (+1) -0.728571429<x76>[B] (+1) -0.728571429<x77>[B] (+1) -0.728571429<x78>[B] (+1) -0.728571429<x79>[B] (+1) +0.728571429<x80>[B] (+0) +0.728571429<x81>[B] (+1) +0.728571429<x82>[B] (+1) -0.728571429<x83>[B] (+1) -0.728571429<x84>[B] (+1) -0.728571429<x85>[B] (+1) +0.728571429<x86>[B] (+0) +0.728571429<x87>[B] (+0) +0.728571429<x88>[B] (+0) -0.728571429<x89>[B] (+0) -0.728571429<x90>[B] (+0) +0.728571429<x91>[B] (+0) +0.728571429<x92>[B] (+0) +0.728571429<x93>[B] (+0) -0.728571429<x94>[B] (+0) +0.728571429<x95>[B] (+0) -0.728571429<x96>[B] (+1) -0.728571429<x97>[B] (+1) -0.728571429<x98>[B] (+1) -0.728571429<x99>[B] (+1) +0.728571429<x100>[B] (+1) -0.728571429<x101>[B] (+1) -0.728571429<x102>[B] (+1) -0.728571429<x103>[B] (+1) -0.728571429<x104>[B] (+0) +0.728571429<x105>[B] (+0) >= -2.36666666666667;
;
violation: left hand side is violated by 0.0190476190476105
  [linear] <c974>: <x111>[C] (+18.7) -0.566666667<x1>[B] (+1) -0.566666667<x2>[B] (+1) -0.566666667<x3>[B] (+1) -0.566666667<x4>[B] (+1) -0.566666667<x5>[B] (+1) -0.566666667<x6>[B] (+1) +0.566666667<x7>[B] (+1) +0.566666667<x8>[B] (+1) -0.566666667<x9>[B] (+1) +0.566666667<x10>[B] (+1) +0.566666667<x11>[B] (+1) -0.566666667<x12>[B] (+1) -0.566666667<x13>[B] (+1) -0.566666667<x14>[B] (+1) -0.566666667<x15>[B] (+0) -0.566666667<x16>[B] (+0) -0.566666667<x17>[B] (+0) -0.566666667<x18>[B] (+0) -0.566666667<x19>[B] (+0) +0.566666667<x20>[B] (+0) +0.566666667<x21>[B] (+0) +0.566666667<x22>[B] (+1) +0.566666667<x23>[B] (+0) +0.566666667<x24>[B] (+0) +0.566666667<x25>[B] (+0) +0.566666667<x26>[B] (+1) -0.566666667<x27>[B] (+1) +0.566666667<x28>[B] (+0) +0.566666667<x29>[B] (+0) -0.566666667<x30>[B] (+1) -0.566666667<x31>[B] (+0) +0.566666667<x32>[B] (+0) +0.566666667<x33>[B] (+1) +0.566666667<x34>[B] (+1) +0.566666667<x35>[B] (+0) +0.566666667<x36>[B] (+0) +0.566666667<x37>[B] (+0) +0.566666667<x38>[B] (+1) -0.566666667<x39>[B] (+1) -0.566666667<x40>[B] (+1) -0.566666667<x41>[B] (+1) -0.566666667<x42>[B] (+1) +0.566666667<x43>[B] (+0) +0.566666667<x44>[B] (+1) +0.566666667<x45>[B] (+1) +0.566666667<x46>[B] (+0) +0.566666667<x47>[B] (+1) +0.566666667<x48>[B] (+1) +0.566666667<x49>[B] (+1) -0.566666667<x50>[B] (+1) -0.566666667<x51>[B] (+1) -0.566666667<x52>[B] (+0) +0.566666667<x53>[B] (+0) +0.566666667<x54>[B] (+1) +0.566666667<x55>[B] (+1) +0.566666667<x56>[B] (+0) +0.566666667<x57>[B] (+0) +0.566666667<x58>[B] (+1) +0.566666667<x59>[B] (+1) -0.566666667<x60>[B] (+1) -0.566666667<x61>[B] (+0) +0.566666667<x62>[B] (+0) +0.566666667<x63>[B] (+1) +0.566666667<x64>[B] (+1) +0.566666667<x65>[B] (+0) +0.566666667<x66>[B] (+0) +0.566666667<x67>[B] (+0) +0.566666667<x68>[B] (+1) +0.566666667<x69>[B] (+1) +0.566666667<x70>[B] (+0) +0.566666667<x71>[B] (+1) +0.566666667<x72>[B] (+1) +0.566666667<x73>[B] (+0) +0.566666667<x74>[B] (+1) +0.566666667<x75>[B] (+1) +0.566666667<x76>[B] (+1) +0.566666667<x77>[B] (+1) -0.566666667<x78>[B] (+1) -0.566666667<x79>[B] (+1) -0.566666667<x80>[B] (+1) -0.566666667<x81>[B] (+1) -0.566666667<x82>[B] (+1) -0.566666667<x83>[B] (+1) -0.566666667<x84>[B] (+1) -0.566666667<x85>[B] (+1) -0.566666667<x86>[B] (+0) -0.566666667<x87>[B] (+0) -0.566666667<x88>[B] (+0) -0.566666667<x89>[B] (+1) -0.566666667<x90>[B] (+1) +0.566666667<x91>[B] (+0) +0.566666667<x92>[B] (+0) -0.566666667<x93>[B] (+0) +0.566666667<x94>[B] (+0) -0.566666667<x95>[B] (+0) -0.566666667<x96>[B] (+1) -0.566666667<x97>[B] (+1) -0.566666667<x98>[B] (+1) -0.566666667<x99>[B] (+1) -0.566666667<x100>[B] (+1) -0.566666667<x101>[B] (+1) -0.566666667<x102>[B] (+1) +0.566666667<x103>[B] (+1) -0.566666667<x104>[B] (+1) -0.566666667<x105>[B] (+1) >= 13.7428571428571;
;
violation: left hand side is violated by 0.142857142857142
  [linear] <c980>: <x117>[C] (+29.6619048) -0.728571429<x1>[B] (+1) -0.728571429<x2>[B] (+1) -0.728571429<x3>[B] (+1) -0.728571429<x4>[B] (+1) -0.728571429<x5>[B] (+1) -0.728571429<x6>[B] (+1) -0.728571429<x7>[B] (+0) -0.728571429<x8>[B] (+1) -0.728571429<x9>[B] (+1) -0.728571429<x10>[B] (+1) -0.728571429<x11>[B] (+1) -0.728571429<x12>[B] (+1) -0.728571429<x13>[B] (+1) -0.728571429<x14>[B] (+1) -0.728571429<x15>[B] (+1) -0.728571429<x16>[B] (+0) -0.728571429<x17>[B] (+1) -0.728571429<x18>[B] (+1) -0.728571429<x19>[B] (+0) -0.728571429<x20>[B] (+0) -0.728571429<x21>[B] (+1) -0.728571429<x22>[B] (+1) -0.728571429<x23>[B] (+0) -0.728571429<x24>[B] (+1) -0.728571429<x25>[B] (+1) -0.728571429<x26>[B] (+1) -0.728571429<x27>[B] (+1) -0.728571429<x28>[B] (+0) -0.728571429<x29>[B] (+1) -0.728571429<x30>[B] (+1) +0.728571429<x31>[B] (+0) -0.728571429<x32>[B] (+0) -0.728571429<x33>[B] (+1) -0.728571429<x34>[B] (+1) +0.728571429<x35>[B] (+0) -0.728571429<x36>[B] (+0) +0.728571429<x37>[B] (+1) -0.728571429<x38>[B] (+1) -0.728571429<x39>[B] (+1) -0.728571429<x40>[B] (+1) -0.728571429<x41>[B] (+1) +0.728571429<x42>[B] (+1) -0.728571429<x43>[B] (+0) -0.728571429<x44>[B] (+1) -0.728571429<x45>[B] (+1) +0.728571429<x46>[B] (+0) -0.728571429<x47>[B] (+1) +0.728571429<x48>[B] (+1) -0.728571429<x49>[B] (+1) -0.728571429<x50>[B] (+1) -0.728571429<x51>[B] (+1) +0.728571429<x52>[B] (+0) +0.728571429<x53>[B] (+0) +0.728571429<x54>[B] (+1) +0.728571429<x55>[B] (+1) +0.728571429<x56>[B] (+0) +0.728571429<x57>[B] (+0) +0.728571429<x58>[B] (-2.22044605e-16) -0.728571429<x59>[B] (+1) +0.728571429<x60>[B] (+0) +0.728571429<x61>[B] (+0) +0.728571429<x62>[B] (+0) +0.728571429<x63>[B] (+1) +0.728571429<x64>[B] (+1) +0.728571429<x65>[B] (+0) +0.728571429<x66>[B] (+0) +0.728571429<x67>[B] (-2.22044605e-16) -0.728571429<x68>[B] (+0) +0.728571429<x69>[B] (+0) -0.728571429<x70>[B] (+0) -0.728571429<x71>[B] (+1) -0.728571429<x72>[B] (+1) +0.728571429<x73>[B] (+0) -0.728571429<x74>[B] (+1) -0.728571429<x75>[B] (+1) -0.728571429<x76>[B] (+1) -0.728571429<x77>[B] (+1) -0.728571429<x78>[B] (+1) -0.728571429<x79>[B] (+1) +0.728571429<x80>[B] (+1) +0.728571429<x81>[B] (+1) +0.728571429<x82>[B] (+1) -0.728571429<x83>[B] (+1) -0.728571429<x84>[B] (+1) -0.728571429<x85>[B] (+1) +0.728571429<x86>[B] (+0) +0.728571429<x87>[B] (+0) +0.728571429<x88>[B] (+0) -0.728571429<x89>[B] (+0) -0.728571429<x90>[B] (+0) +0.728571429<x91>[B] (+0) +0.728571429<x92>[B] (+0) +0.728571429<x93>[B] (+0) -0.728571429<x94>[B] (+0) +0.728571429<x95>[B] (+0) -0.728571429<x96>[B] (+1) -0.728571429<x97>[B] (+1) -0.728571429<x98>[B] (+1) -0.728571429<x99>[B] (+1) +0.728571429<x100>[B] (+1) -0.728571429<x101>[B] (+1) -0.728571429<x102>[B] (+1) -0.728571429<x103>[B] (+1) -0.728571429<x104>[B] (+0) +0.728571429<x105>[B] (+0) >= -2.36666666666667;
;
violation: left hand side is violated by 0.0285714285714129
all 10 solutions given by solution candidate storage are infeasible

feasible solution found by trivial heuristic after 0.0 seconds, objective value -2.999816e+06
presolving:
   (0.0s) symmetry computation started: requiring (bin +, int +, cont +), (fixed: bin -, int -, cont -)
   (0.0s) no symmetry present (symcode time: 0.00)
presolving (0 rounds: 0 fast, 0 medium, 0 exhaustive):
 0 deleted vars, 0 deleted constraints, 0 added constraints, 0 tightened bounds, 0 added holes, 0 changed sides, 0 changed coefficients
 0 implications, 0 cliques, 0 implied integral variables (0 bin, 0 int, 0 cont)
presolved problem has 135 variables (105 bin, 0 int, 30 cont) and 996 constraints
    996 constraints of type <linear>
Presolving Time: 0.00
transformed 1/1 original solutions to the transformed problem space

 time | node  | left  |LP iter|LP it/n|mem/heur|mdpt |vars |cons |rows |cuts |sepa|confs|strbr|  dualbound   | primalbound  |  gap   | compl. 
p 0.0s|     1 |     0 |     8 |     - |   locks|   0 | 135 | 996 | 996 |   0 |  0 |   0 |   0 | 3.160000e+02 |-3.811190e+02 |    Inf | unknown
  0.0s|     1 |     0 |   371 |     - |    16M |   0 | 135 | 996 | 996 |   0 |  0 |   0 |   0 |-2.169857e+02 |-3.811190e+02 |  75.64%| unknown
r 0.0s|     1 |     0 |   371 |     - |shifting|   0 | 135 | 996 | 996 |   0 |  0 |   0 |   0 |-2.169857e+02 |-2.667524e+02 |  22.94%| unknown
  0.0s|     1 |     0 |   391 |     - |    16M |   0 | 135 | 996 | 998 |   2 |  1 |   0 |   0 |-2.172825e+02 |-2.667524e+02 |  22.77%| unknown
  0.0s|     1 |     0 |   391 |     - |    16M |   0 | 135 | 996 | 998 |   2 |  1 |   0 |   0 |-2.172825e+02 |-2.667524e+02 |  22.77%| unknown
  0.1s|     1 |     0 |   400 |     - |    16M |   0 | 135 | 996 |1000 |   4 |  2 |   0 |   0 |-2.173222e+02 |-2.667524e+02 |  22.75%| unknown
  0.1s|     1 |     0 |   420 |     - |    17M |   0 | 135 | 996 |1001 |   5 |  3 |   0 |   0 |-2.174037e+02 |-2.667524e+02 |  22.70%| unknown
  0.1s|     1 |     0 |   441 |     - |    17M |   0 | 135 | 996 |1002 |   6 |  4 |   0 |   0 |-2.174787e+02 |-2.667524e+02 |  22.66%| unknown
r 0.1s|     1 |     0 |   441 |     - |shifting|   0 | 135 | 996 |1002 |   6 |  4 |   0 |   0 |-2.174787e+02 |-2.535011e+02 |  16.56%| unknown
  0.2s|     1 |     0 |   448 |     - |    17M |   0 | 135 | 996 |1004 |   8 |  5 |   0 |   0 |-2.174924e+02 |-2.535011e+02 |  16.56%| unknown
  0.2s|     1 |     0 |   459 |     - |    17M |   0 | 135 | 996 |1006 |  10 |  6 |   0 |   0 |-2.175037e+02 |-2.535011e+02 |  16.55%| unknown
  0.2s|     1 |     0 |   464 |     - |    17M |   0 | 135 | 996 |1007 |  11 |  7 |   0 |   0 |-2.175044e+02 |-2.535011e+02 |  16.55%| unknown
  0.3s|     1 |     0 |   481 |     - |    17M |   0 | 135 | 996 |1008 |  12 |  8 |   0 |   0 |-2.175105e+02 |-2.535011e+02 |  16.55%| unknown
  0.3s|     1 |     0 |   499 |     - |    17M |   0 | 135 | 996 |1009 |  13 |  9 |   0 |   0 |-2.175140e+02 |-2.535011e+02 |  16.54%| unknown
  0.3s|     1 |     0 |   508 |     - |    17M |   0 | 135 | 996 |1010 |  14 | 10 |   0 |   0 |-2.175193e+02 |-2.535011e+02 |  16.54%| unknown
 time | node  | left  |LP iter|LP it/n|mem/heur|mdpt |vars |cons |rows |cuts |sepa|confs|strbr|  dualbound   | primalbound  |  gap   | compl. 
  0.4s|     1 |     0 |   511 |     - |    17M |   0 | 135 | 996 |1011 |  15 | 11 |   0 |   0 |-2.175199e+02 |-2.535011e+02 |  16.54%| unknown
  0.4s|     1 |     0 |   512 |     - |    17M |   0 | 135 | 996 |1012 |  16 | 12 |   0 |   0 |-2.175199e+02 |-2.535011e+02 |  16.54%| unknown
  0.4s|     1 |     0 |   518 |     - |    18M |   0 | 135 | 996 |1013 |  17 | 13 |   0 |   0 |-2.175230e+02 |-2.535011e+02 |  16.54%| unknown
  0.4s|     1 |     0 |   531 |     - |    18M |   0 | 135 | 996 |1014 |  18 | 14 |   0 |   0 |-2.175270e+02 |-2.535011e+02 |  16.54%| unknown
r 0.4s|     1 |     0 |   592 |     - |intshift|   0 | 135 | 996 |1014 |  18 | 14 |   0 |   0 |-2.175270e+02 |-2.285190e+02 |   5.05%| unknown
d 0.5s|     1 |     0 |   823 |     - |farkasdi|   0 | 135 | 996 |1014 |   0 | 14 |   0 |   0 |-2.175270e+02 |-2.200048e+02 |   1.14%| unknown
L 0.5s|     1 |     0 |   823 |     - |    rens|   0 | 135 | 996 |1014 |  18 | 14 |   0 |   0 |-2.175270e+02 |-2.188619e+02 |   0.61%| unknown
  0.5s|     1 |     0 |   823 |     - |    18M |   0 | 135 | 996 |1014 |  18 | 14 |   0 |   0 |-2.175270e+02 |-2.188619e+02 |   0.61%| unknown
  0.5s|     1 |     0 |   823 |     - |    18M |   0 | 135 | 996 | 632 |  18 | 14 |   0 |   0 |-2.175270e+02 |-2.188619e+02 |   0.61%| unknown
  0.5s|     1 |     0 |   824 |     - |    18M |   0 | 135 | 996 | 633 |  19 | 15 |   0 |   0 |-2.175271e+02 |-2.188619e+02 |   0.61%| unknown
  0.5s|     1 |     0 |   826 |     - |    18M |   0 | 135 | 996 | 634 |  20 | 16 |   0 |   0 |-2.175274e+02 |-2.188619e+02 |   0.61%| unknown
  0.5s|     1 |     0 |   826 |     - |    18M |   0 | 135 | 569 | 634 |  20 | 16 |   1 |   0 |-2.175274e+02 |-2.188619e+02 |   0.61%| unknown
  0.5s|     1 |     0 |   843 |     - |    18M |   0 | 135 | 569 | 636 |  22 | 17 |   1 |   0 |-2.175457e+02 |-2.188619e+02 |   0.61%| unknown
  0.5s|     1 |     0 |   846 |     - |    18M |   0 | 135 | 569 | 633 |  23 | 18 |   1 |   0 |-2.175461e+02 |-2.188619e+02 |   0.60%| unknown
(run 1, node 1) restarting after 35 global fixings of integer variables

(restart) converted 19 cuts from the global cut pool into linear constraints

presolving:
presolving (0 rounds: 0 fast, 0 medium, 0 exhaustive):
 0 deleted vars, 0 deleted constraints, 0 added constraints, 0 tightened bounds, 0 added holes, 0 changed sides, 0 changed coefficients
 0 implications, 0 cliques, 0 implied integral variables (0 bin, 0 int, 0 cont)
presolved problem has 135 variables (105 bin, 0 int, 30 cont) and 588 constraints
    587 constraints of type <linear>
      1 constraints of type <logicor>
Presolving Time: 0.00
transformed 22/26 original solutions to the transformed problem space

 time | node  | left  |LP iter|LP it/n|mem/heur|mdpt |vars |cons |rows |cuts |sepa|confs|strbr|  dualbound   | primalbound  |  gap   | compl. 
  0.6s|     1 |     0 |  1187 |     - |    18M |   0 | 135 | 588 | 587 |   0 |  0 |   1 |   0 |-2.175461e+02 |-2.188619e+02 |   0.60%| unknown
  0.6s|     1 |     0 |  1192 |     - |    18M |   0 | 135 | 588 | 589 |   2 |  1 |   1 |   0 |-2.175482e+02 |-2.188619e+02 |   0.60%| unknown
  0.7s|     1 |     0 |  1212 |     - |    18M |   0 | 135 | 588 | 590 |   3 |  2 |   1 |   0 |-2.175608e+02 |-2.188619e+02 |   0.60%| unknown
  0.7s|     1 |     0 |  1228 |     - |    18M |   0 | 135 | 588 | 591 |   4 |  3 |   1 |   0 |-2.175719e+02 |-2.188619e+02 |   0.59%| unknown
  0.8s|     1 |     0 |  1235 |     - |    18M |   0 | 135 | 589 | 592 |   5 |  4 |   2 |   0 |-2.175727e+02 |-2.188619e+02 |   0.59%| unknown
  0.9s|     1 |     0 |  1256 |     - |    18M |   0 | 135 | 589 | 593 |   6 |  5 |   2 |   0 |-2.175841e+02 |-2.188619e+02 |   0.59%| unknown
  0.9s|     1 |     0 |  1267 |     - |    18M |   0 | 135 | 589 | 594 |   7 |  6 |   2 |   0 |-2.175886e+02 |-2.188619e+02 |   0.59%| unknown
  1.0s|     1 |     0 |  1284 |     - |    18M |   0 | 135 | 589 | 595 |   8 |  7 |   2 |   0 |-2.175943e+02 |-2.188619e+02 |   0.58%| unknown
  1.1s|     1 |     0 |  1310 |     - |    18M |   0 | 135 | 589 | 596 |   9 |  8 |   2 |   0 |-2.176025e+02 |-2.188619e+02 |   0.58%| unknown
  1.1s|     1 |     0 |  1329 |     - |    19M |   0 | 135 | 589 | 597 |  10 |  9 |   2 |   0 |-2.176063e+02 |-2.188619e+02 |   0.58%| unknown
  1.2s|     1 |     0 |  1340 |     - |    19M |   0 | 135 | 589 | 598 |  11 | 10 |   2 |   0 |-2.176075e+02 |-2.188619e+02 |   0.58%| unknown
  1.3s|     1 |     0 |  1349 |     - |    20M |   0 | 135 | 589 | 592 |  12 | 11 |   2 |   0 |-2.176091e+02 |-2.188619e+02 |   0.58%| unknown
  1.3s|     1 |     0 |  1367 |     - |    20M |   0 | 135 | 589 | 593 |  13 | 12 |   2 |   0 |-2.176106e+02 |-2.188619e+02 |   0.58%| unknown
  1.4s|     1 |     0 |  1715 |     - |    20M |   0 | 135 | 599 | 593 |  13 | 12 |  12 |  10 |-2.180045e+02 |-2.188619e+02 |   0.39%| unknown
  1.5s|     1 |     0 |  1731 |     - |    20M |   0 | 135 | 599 | 594 |  14 | 13 |  12 |  10 |-2.180045e+02 |-2.188619e+02 |   0.39%| unknown
 time | node  | left  |LP iter|LP it/n|mem/heur|mdpt |vars |cons |rows |cuts |sepa|confs|strbr|  dualbound   | primalbound  |  gap   | compl. 
  1.5s|     1 |     0 |  1739 |     - |    20M |   0 | 135 | 599 | 596 |  16 | 14 |  12 |  10 |-2.180045e+02 |-2.188619e+02 |   0.39%| unknown
  1.5s|     1 |     0 |  1775 |     - |    20M |   0 | 135 | 573 | 596 |  16 | 14 |  17 |  16 |-2.180045e+02 |-2.188619e+02 |   0.39%| unknown
  1.6s|     1 |     0 |  1790 |     - |    20M |   0 | 135 | 574 | 593 |  17 | 15 |  18 |  16 |-2.180045e+02 |-2.188619e+02 |   0.39%| unknown
  1.6s|     1 |     0 |  1792 |     - |    20M |   0 | 135 | 574 | 594 |  18 | 16 |  18 |  16 |-2.180045e+02 |-2.188619e+02 |   0.39%| unknown
  1.6s|     1 |     0 |  1792 |     - |    20M |   0 | 135 | 572 | 594 |  18 | 16 |  18 |  17 |-2.180045e+02 |-2.188619e+02 |   0.39%| unknown
  1.6s|     1 |     0 |  1795 |     - |    20M |   0 | 135 | 572 | 595 |  19 | 17 |  18 |  17 |-2.180045e+02 |-2.188619e+02 |   0.39%| unknown
  1.6s|     1 |     0 |  1802 |     - |    20M |   0 | 135 | 572 | 596 |  20 | 18 |  18 |  17 |-2.180045e+02 |-2.188619e+02 |   0.39%| unknown
  1.6s|     1 |     0 |  1827 |     - |    20M |   0 | 135 | 572 | 596 |  20 | 18 |  19 |  20 |-2.180045e+02 |-2.188619e+02 |   0.39%| unknown
  1.7s|     1 |     0 |  1831 |     - |    20M |   0 | 135 | 571 | 597 |  21 | 19 |  19 |  20 |-2.180045e+02 |-2.188619e+02 |   0.39%| unknown
  1.7s|     1 |     0 |  1838 |     - |    20M |   0 | 135 | 571 | 595 |  22 | 20 |  19 |  20 |-2.180045e+02 |-2.188619e+02 |   0.39%| unknown
  1.7s|     1 |     0 |  1838 |     - |    20M |   0 | 135 | 571 | 595 |  22 | 20 |  19 |  22 |-2.180045e+02 |-2.188619e+02 |   0.39%| unknown
  1.8s|     1 |     0 |  1844 |     - |    20M |   0 | 135 | 571 | 596 |  23 | 21 |  19 |  22 |-2.180045e+02 |-2.188619e+02 |   0.39%| unknown
  1.8s|     1 |     0 |  1846 |     - |    20M |   0 | 135 | 571 | 597 |  24 | 22 |  19 |  22 |-2.180045e+02 |-2.188619e+02 |   0.39%| unknown
  1.8s|     1 |     0 |  1883 |     - |    20M |   0 | 135 | 571 | 597 |  24 | 22 |  21 |  25 |-2.180045e+02 |-2.188619e+02 |   0.39%| unknown
  1.8s|     1 |     0 |  1891 |     - |    20M |   0 | 135 | 570 | 597 |  24 | 23 |  22 |  28 |-2.180045e+02 |-2.188619e+02 |   0.39%| unknown
 time | node  | left  |LP iter|LP it/n|mem/heur|mdpt |vars |cons |rows |cuts |sepa|confs|strbr|  dualbound   | primalbound  |  gap   | compl. 
  1.9s|     1 |     0 |  1900 |     - |    20M |   0 | 135 | 570 | 598 |  25 | 24 |  22 |  28 |-2.180045e+02 |-2.188619e+02 |   0.39%| unknown
  1.9s|     1 |     0 |  1900 |     - |    20M |   0 | 135 | 570 | 476 |  25 | 24 |  22 |  28 |-2.180045e+02 |-2.188619e+02 |   0.39%| unknown
  1.9s|     1 |     0 |  1900 |     - |    20M |   0 | 135 | 546 | 476 |  25 | 25 |  22 |  28 |-2.180045e+02 |-2.188619e+02 |   0.39%| unknown
  1.9s|     1 |     0 |  1900 |     - |    20M |   0 | 135 | 546 | 476 |  25 | 26 |  22 |  29 |-2.180045e+02 |-2.188619e+02 |   0.39%| unknown
  2.0s|     1 |     0 |  1900 |     - |    20M |   0 | 135 | 546 | 476 |  25 | 27 |  22 |  30 |-2.180045e+02 |-2.188619e+02 |   0.39%| unknown
  2.0s|     1 |     0 |  1914 |     - |    20M |   0 | 135 | 518 | 476 |  25 | 28 |  23 |  31 |-2.180045e+02 |-2.188619e+02 |   0.39%| unknown
  2.0s|     1 |     2 |  1914 |     - |    20M |   0 | 135 | 518 | 476 |  25 | 29 |  23 |  31 |-2.180045e+02 |-2.188619e+02 |   0.39%| unknown

SCIP Status        : problem is solved [optimal solution found]
Solving Time (sec) : 2.05
Solving Nodes      : 3 (total of 4 nodes in 2 runs)
Primal Bound       : -2.18861904761905e+02 (57 solutions)
Dual Bound         : -2.18861904761905e+02
Gap                : 0.00 %
