Loading instance...
Median ranking: [4, 3, 8, 2, 15, 9, 7, 6, 1, 11, 13, 10, 14, 12, 5]
Mean ranking: [4, 3, 8, 2, 15, 9, 7, 6, 1, 11, 13, 10, 14, 12, 5]
Actual error: -3.9968028886505635e-15
Weighted Kendall distance: 0.0
Normalized distance: 0.0
rs, 910 del conss, 455 add conss, 0 chg bounds, 0 chg sides, 0 chg coeffs, 0 upgd conss, 0 impls, 0 clqs, 0 implints
   (0.0s) symmetry computation started: requiring (bin +, int +, cont +), (fixed: bin -, int -, cont -)
   (0.0s) no symmetry present (symcode time: 0.00)
presolving (2 rounds: 2 fast, 2 medium, 1 exhaustive):
 0 deleted vars, 910 deleted constraints, 455 added constraints, 0 tightened bounds, 0 added holes, 0 changed sides, 0 changed coefficients
 0 implications, 0 cliques, 0 implied integral variables (0 bin, 0 int, 0 cont)
presolved problem has 105 variables (0 bin, 0 int, 105 cont) and 455 constraints
    455 constraints of type <linear>
Presolving Time: 0.01
transformed 3/3 original solutions to the transformed problem space

 time | node  | left  |LP iter|LP it/n|mem/heur|mdpt |vars |cons |rows |cuts |sepa|confs|strbr|  dualbound   | primalbound  |  gap   | compl. 
* 0.0s|     1 |     0 |    10 |     - |    LP  |   0 | 105 | 455 | 455 |   0 |  0 |   0 |   0 | 4.020000e+02 | 4.020000e+02 |   0.00%| unknown
  0.0s|     1 |     0 |    10 |     - |  3584k |   0 | 105 | 455 | 455 |   0 |  0 |   0 |   0 | 4.020000e+02 | 4.020000e+02 |   0.00%| unknown

SCIP Status        : problem is solved [optimal solution found]
Solving Time (sec) : 0.01
Solving Nodes      : 1
Primal Bound       : +4.02000000000000e+02 (4 solutions)
Dual Bound         : +4.02000000000000e+02
Gap                : 0.00 %
feasible solution found by trivial heuristic after 0.0 seconds, objective value 1.780000e+02
presolving:
   (0.0s) running MILP presolver
   (0.0s) MILP presolver (2 rounds): 0 aggregations, 0 fixings, 0 bound changes
(round 1, medium)     0 del vars, 910 del conss, 455 add conss, 0 chg bounds, 0 chg sides, 0 chg coeffs, 0 upgd conss, 0 impls, 0 clqs, 0 implints
   (0.0s) probing: 51/105 (48.6%) - 0 fixings, 0 aggregations, 0 implications, 0 bound changes
   (0.0s) probing aborted: 50/50 successive totally useless probings
   (0.0s) symmetry computation started: requiring (bin +, int +, cont +), (fixed: bin -, int -, cont -)
   (0.0s) no symmetry present (symcode time: 0.00)
presolving (2 rounds: 2 fast, 2 medium, 1 exhaustive):
 0 deleted vars, 910 deleted constraints, 455 added constraints, 0 tightened bounds, 0 added holes, 0 changed sides, 0 changed coefficients
 0 implications, 0 cliques, 0 implied integral variables (0 bin, 0 int, 0 cont)
presolved problem has 105 variables (105 bin, 0 int, 0 cont) and 455 constraints
    455 constraints of type <linear>
transformed objective value is always integral (scale: 2)
Presolving Time: 0.01
transformed 2/2 original solutions to the transformed problem space

 time | node  | left  |LP iter|LP it/n|mem/heur|mdpt |vars |cons |rows |cuts |sepa|confs|strbr|  dualbound   | primalbound  |  gap   | compl. 
p 0.0s|     1 |     0 |     0 |     - |   locks|   0 | 105 | 455 | 455 |   0 |  0 |   0 |   0 | 4.080000e+02 | 2.060000e+02 |  98.06%| unknown
i 0.0s|     1 |     0 |     0 |     - |  oneopt|   0 | 105 | 455 | 455 |   0 |  0 |   0 |   0 | 4.080000e+02 | 3.160000e+02 |  29.11%| unknown
* 0.0s|     1 |     0 |     9 |     - |    LP  |   0 | 105 | 455 | 455 |   0 |  0 |   0 |   0 | 4.020000e+02 | 4.020000e+02 |   0.00%| unknown
  0.0s|     1 |     0 |     9 |     - |  3689k |   0 | 105 | 455 | 455 |   0 |  0 |   0 |   0 | 4.020000e+02 | 4.020000e+02 |   0.00%| unknown

SCIP Status        : problem is solved [optimal solution found]
Solving Time (sec) : 0.01
Solving Nodes      : 1
Primal Bound       : +4.02000000000000e+02 (5 solutions)
Dual Bound         : +4.02000000000000e+02
Gap                : 0.00 %
feasible solution found by trivial heuristic after 0.1 seconds, objective value -4.999822e+06
presolving:
(round 1, fast)       0 del vars, 0 del conss, 0 add conss, 100 chg bounds, 0 chg sides, 0 chg coeffs, 0 upgd conss, 0 impls, 0 clqs, 0 implints
   (0.4s) running MILP presolver
   (0.5s) MILP presolver (2 rounds): 0 aggregations, 0 fixings, 0 bound changes
(round 2, exhaustive) 0 del vars, 455 del conss, 0 add conss, 100 chg bounds, 0 chg sides, 0 chg coeffs, 0 upgd conss, 0 impls, 0 clqs, 0 implints
   (0.8s) symmetry computation started: requiring (bin +, int +, cont +), (fixed: bin -, int -, cont -)
   (0.9s) no symmetry present (symcode time: 0.01)
presolving (3 rounds: 3 fast, 2 medium, 2 exhaustive):
 0 deleted vars, 455 deleted constraints, 0 added constraints, 100 tightened bounds, 0 added holes, 0 changed sides, 0 changed coefficients
 0 implications, 0 cliques, 0 implied integral variables (0 bin, 0 int, 0 cont)
presolved problem has 155 variables (0 bin, 0 int, 155 cont) and 5705 constraints
   5705 constraints of type <linear>
Presolving Time: 0.90

 time | node  | left  |LP iter|LP it/n|mem/heur|mdpt |vars |cons |rows |cuts |sepa|confs|strbr|  dualbound   | primalbound  |  gap   | compl. 
t 1.0s|     1 |     0 |     0 |     - | trivial|   0 | 155 |5705 |   0 |   0 |  0 |   0 |   0 | 4.080000e+02 |-2.447000e+03 |    Inf | unknown
* 1.2s|     1 |     0 |   685 |     - |    LP  |   0 | 155 |5705 |5705 |   0 |  0 |   0 |   0 |-4.382577e+02 |-4.382577e+02 |   0.00%| unknown
  1.2s|     1 |     0 |   685 |     - |   325M |   0 | 155 |5705 |5705 |   0 |  0 |   0 |   0 |-4.382577e+02 |-4.382577e+02 |   0.00%| unknown

SCIP Status        : problem is solved [optimal solution found]
Solving Time (sec) : 1.23
Solving Nodes      : 1
Primal Bound       : -4.38257650793651e+02 (3 solutions)
Dual Bound         : -4.38257650793651e+02
Gap                : 0.00 %
feasible solution found by trivial heuristic after 0.0 seconds, objective value -4.999822e+06
presolving:
(round 1, fast)       0 del vars, 0 del conss, 0 add conss, 100 chg bounds, 0 chg sides, 0 chg coeffs, 0 upgd conss, 0 impls, 0 clqs, 0 implints
   (0.3s) running MILP presolver
   (0.4s) MILP presolver (2 rounds): 0 aggregations, 0 fixings, 0 bound changes
(round 2, exhaustive) 0 del vars, 455 del conss, 0 add conss, 100 chg bounds, 0 chg sides, 0 chg coeffs, 0 upgd conss, 0 impls, 0 clqs, 0 implints
   (0.9s) probing: 51/105 (48.6%) - 0 fixings, 0 aggregations, 0 implications, 0 bound changes
   (0.9s) probing aborted: 50/50 successive totally useless probings
   (0.9s) symmetry computation started: requiring (bin +, int +, cont +), (fixed: bin -, int -, cont -)
   (1.0s) no symmetry present (symcode time: 0.01)
presolving (3 rounds: 3 fast, 2 medium, 2 exhaustive):
 0 deleted vars, 455 deleted constraints, 0 added constraints, 100 tightened bounds, 0 added holes, 0 changed sides, 0 changed coefficients
 0 implications, 0 cliques, 0 implied integral variables (0 bin, 0 int, 0 cont)
presolved problem has 155 variables (105 bin, 0 int, 50 cont) and 5705 constraints
   5705 constraints of type <linear>
Presolving Time: 1.00

 time | node  | left  |LP iter|LP it/n|mem/heur|mdpt |vars |cons |rows |cuts |sepa|confs|strbr|  dualbound   | primalbound  |  gap   | compl. 
t 1.0s|     1 |     0 |     0 |     - | trivial|   0 | 155 |5705 |   0 |   0 |  0 |   0 |   0 | 4.080000e+02 |-2.447000e+03 |    Inf | unknown
p 1.3s|     1 |     0 |    49 |     - |   locks|   0 | 155 |5705 |5705 |   0 |  0 |   0 |   0 | 4.080000e+02 |-7.430095e+02 |    Inf | unknown
  1.5s|     1 |     0 |   734 |     - |   326M |   0 | 155 |5705 |5705 |   0 |  0 |   0 |   0 |-4.382577e+02 |-7.430095e+02 |  69.54%| unknown
r 1.5s|     1 |     0 |   734 |     - |shifting|   0 | 155 |5705 |5705 |   0 |  0 |   0 |   0 |-4.382577e+02 |-5.221333e+02 |  19.14%| unknown
  1.6s|     1 |     0 |   742 |     - |   327M |   0 | 155 |5705 |5706 |   1 |  1 |   0 |   0 |-4.382613e+02 |-5.221333e+02 |  19.14%| unknown
r 1.6s|     1 |     0 |   742 |     - |shifting|   0 | 155 |5705 |5706 |   1 |  1 |   0 |   0 |-4.382613e+02 |-4.800001e+02 |   9.52%| unknown
  1.7s|     1 |     0 |   756 |     - |   328M |   0 | 155 |5705 |5708 |   3 |  2 |   0 |   0 |-4.382693e+02 |-4.800001e+02 |   9.52%| unknown
  1.7s|     1 |     0 |   763 |     - |   328M |   0 | 155 |5705 |5710 |   5 |  3 |   0 |   0 |-4.382762e+02 |-4.800001e+02 |   9.52%| unknown
d 1.7s|     1 |     0 |   763 |     - |farkasdi|   0 | 155 |5705 |5710 |   0 |  4 |   0 |   0 |-4.382762e+02 |-4.382762e+02 |   0.00%| unknown
  1.7s|     1 |     0 |   763 |     - |   328M |   0 | 155 |5705 |5710 |   5 |  4 |   0 |   0 |-4.382762e+02 |-4.382762e+02 |   0.00%| unknown

SCIP Status        : problem is solved [optimal solution found]
Solving Time (sec) : 1.75
Solving Nodes      : 1
Primal Bound       : -4.38276190476190e+02 (7 solutions)
Dual Bound         : -4.38276190476190e+02
Gap                : 0.00 %
feasible solution found by trivial heuristic after 0.0 seconds, objective value 0.000000e+00
presolving:
   (0.0s) symmetry computation started: requiring (bin +, int +, cont +), (fixed: bin -, int -, cont -)
   (0.0s) symmetry computation finished: 49 generators found (max: 1500, log10 of symmetry group size: 64.48) (symcode time: 0.00)
dynamic symmetry handling statistics:
   orbitopal reduction:       no components
   orbital reduction:         no components
   lexicographic reduction:   no permutations
handled 1 out of 1 symmetry components
presolving (0 rounds: 0 fast, 0 medium, 0 exhaustive):
 0 deleted vars, 0 deleted constraints, 0 added constraints, 0 tightened bounds, 0 added holes, 0 changed sides, 0 changed coefficients
 0 implications, 0 cliques, 0 implied integral variables (0 bin, 0 int, 0 cont)
presolved problem has 155 variables (105 bin, 0 int, 50 cont) and 959 constraints
    959 constraints of type <linear>
Presolving Time: 0.00
transformed 2/2 original solutions to the transformed problem space

 time | node  | left  |LP iter|LP it/n|mem/heur|mdpt |vars |cons |rows |cuts |sepa|confs|strbr|  dualbound   | primalbound  |  gap   | compl. 
t 0.0s|     1 |     0 |     0 |     - | trivial|   0 | 155 | 910 |   0 |   0 |  0 |   0 |   0 | 4.080000e+02 | 1.780000e+02 | 129.21%| unknown
i 0.0s|     1 |     0 |     0 |     - |  oneopt|   0 | 155 | 910 | 910 |   0 |  0 |   1 |   0 | 4.080000e+02 | 3.660000e+02 |  11.48%| unknown
* 0.0s|     1 |     0 |     9 |     - |    LP  |   0 | 155 | 910 | 910 |   0 |  0 |   1 |   0 | 4.020000e+02 | 4.020000e+02 |   0.00%| unknown
  0.0s|     1 |     0 |     9 |     - |  5921k |   0 | 155 | 910 | 910 |   0 |  0 |   1 |   0 | 4.020000e+02 | 4.020000e+02 |   0.00%| unknown

SCIP Status        : problem is solved [optimal solution found]
Solving Time (sec) : 0.00
Solving Nodes      : 1
Primal Bound       : +4.02000000000000e+02 (5 solutions)
Dual Bound         : +4.02000000000000e+02
Gap                : 0.00 %
  [linear] <c911>: <x106>[C] (+0) +0.519047619<x1>[B] (+0) +0.519047619<x2>[B] (+0) +0.519047619<x3>[B] (+0) -0.519047619<x4>[B] (+1) +0.519047619<x5>[B] (+0) -0.519047619<x6>[B] (+0) +0.519047619<x7>[B] (+0) +0.519047619<x8>[B] (+0) +0.519047619<x9>[B] (+1) +0.519047619<x10>[B] (+1) +0.519047619<x11>[B] (+1) +0.519047619<x12>[B] (+1) +0.519047619<x13>[B] (+1) +0.519047619<x14>[B] (+0) -0.519047619<x15>[B] (+0) -0.519047619<x16>[B] (+0) -0.519047619<x17>[B] (+1) +0.519047619<x18>[B] (+1) -0.519047619<x19>[B] (+1) -0.519047619<x20>[B] (+0) -0.519047619<x21>[B] (+1) +0.519047619<x22>[B] (+1) -0.519047619<x23>[B] (+1) -0.519047619<x24>[B] (+1) +0.519047619<x25>[B] (+1) -0.519047619<x26>[B] (+1) -0.519047619<x27>[B] (+1) -0.519047619<x28>[B] (+0) -0.519047619<x29>[B] (+1) +0.519047619<x30>[B] (+1) -0.519047619<x31>[B] (+1) -0.519047619<x32>[B] (+1) -0.519047619<x33>[B] (+1) +0.519047619<x34>[B] (+1) -0.519047619<x35>[B] (+1) -0.519047619<x36>[B] (+1) +0.519047619<x37>[B] (+1) -0.519047619<x38>[B] (+1) -0.519047619<x39>[B] (+1) -0.519047619<x40>[B] (+1) +0.519047619<x41>[B] (+1) -0.519047619<x42>[B] (+1) +0.519047619<x43>[B] (+1) +0.519047619<x44>[B] (+1) +0.519047619<x45>[B] (+1) +0.519047619<x46>[B] (+1) +0.519047619<x47>[B] (+1) +0.519047619<x48>[B] (+1) -0.519047619<x49>[B] (+1) +0.519047619<x50>[B] (+1) +0.519047619<x51>[B] (+0) -0.519047619<x52>[B] (+0) +0.519047619<x53>[B] (+0) +0.519047619<x54>[B] (+0) +0.519047619<x55>[B] (+0) +0.519047619<x56>[B] (+0) +0.519047619<x57>[B] (+0) +0.519047619<x58>[B] (+0) +0.519047619<x59>[B] (+0) +0.519047619<x60>[B] (+0) -0.519047619<x61>[B] (+0) -0.519047619<x62>[B] (+0) -0.519047619<x63>[B] (+0) -0.519047619<x64>[B] (+1) -0.519047619<x65>[B] (+1) -0.519047619<x66>[B] (+1) -0.519047619<x67>[B] (+1) -0.519047619<x68>[B] (+1) -0.519047619<x69>[B] (+0) +0.519047619<x70>[B] (+0) +0.519047619<x71>[B] (+0) +0.519047619<x72>[B] (+1) +0.519047619<x73>[B] (+1) +0.519047619<x74>[B] (+1) +0.519047619<x75>[B] (+1) +0.519047619<x76>[B] (+1) +0.519047619<x77>[B] (+0) +0.519047619<x78>[B] (+1) +0.519047619<x79>[B] (+1) +0.519047619<x80>[B] (+1) +0.519047619<x81>[B] (+1) +0.519047619<x82>[B] (+1) -0.519047619<x83>[B] (+1) -0.519047619<x84>[B] (+1) +0.519047619<x85>[B] (+1) -0.519047619<x86>[B] (+1) -0.519047619<x87>[B] (+1) +0.519047619<x88>[B] (+1) -0.519047619<x89>[B] (+1) -0.519047619<x90>[B] (+0) -0.519047619<x91>[B] (+0) -0.519047619<x92>[B] (+1) +0.519047619<x93>[B] (+0) -0.519047619<x94>[B] (+1) -0.519047619<x95>[B] (+0) +0.519047619<x96>[B] (+1) +0.519047619<x97>[B] (+1) -0.519047619<x98>[B] (+1) -0.519047619<x99>[B] (+0) +0.519047619<x100>[B] (+0) -0.519047619<x101>[B] (+0) -0.519047619<x102>[B] (+0) -0.519047619<x103>[B] (+1) -0.519047619<x104>[B] (+0) +0.519047619<x105>[B] (+0) >= 14.4047619047619;
;
violation: left hand side is violated by 14.4047619047619
  [linear] <c911>: <x106>[C] (+0) +0.519047619<x1>[B] (+0) +0.519047619<x2>[B] (+0) +0.519047619<x3>[B] (+0) -0.519047619<x4>[B] (+1) +0.519047619<x5>[B] (+1) -0.519047619<x6>[B] (+0) +0.519047619<x7>[B] (+1) +0.519047619<x8>[B] (+1) +0.519047619<x9>[B] (+1) +0.519047619<x10>[B] (+1) +0.519047619<x11>[B] (+1) +0.519047619<x12>[B] (+1) +0.519047619<x13>[B] (+1) +0.519047619<x14>[B] (+1) -0.519047619<x15>[B] (+1) -0.519047619<x16>[B] (+0) -0.519047619<x17>[B] (+1) +0.519047619<x18>[B] (+1) -0.519047619<x19>[B] (+1) -0.519047619<x20>[B] (+1) -0.519047619<x21>[B] (+1) +0.519047619<x22>[B] (+1) -0.519047619<x23>[B] (+1) -0.519047619<x24>[B] (+1) +0.519047619<x25>[B] (+1) -0.519047619<x26>[B] (+1) -0.519047619<x27>[B] (+1) -0.519047619<x28>[B] (+0) -0.519047619<x29>[B] (+1) +0.519047619<x30>[B] (+1) -0.519047619<x31>[B] (+1) -0.519047619<x32>[B] (+1) -0.519047619<x33>[B] (+1) +0.519047619<x34>[B] (+1) -0.519047619<x35>[B] (+1) -0.519047619<x36>[B] (+1) +0.519047619<x37>[B] (+1) -0.519047619<x38>[B] (+1) -0.519047619<x39>[B] (+1) -0.519047619<x40>[B] (+1) +0.519047619<x41>[B] (+1) -0.519047619<x42>[B] (+1) +0.519047619<x43>[B] (+1) +0.519047619<x44>[B] (+1) +0.519047619<x45>[B] (+1) +0.519047619<x46>[B] (+1) +0.519047619<x47>[B] (+1) +0.519047619<x48>[B] (+1) -0.519047619<x49>[B] (+1) +0.519047619<x50>[B] (+1) +0.519047619<x51>[B] (+0) -0.519047619<x52>[B] (+0) +0.519047619<x53>[B] (+0) +0.519047619<x54>[B] (+0) +0.519047619<x55>[B] (+0) +0.519047619<x56>[B] (+0) +0.519047619<x57>[B] (+0) +0.519047619<x58>[B] (+0) +0.519047619<x59>[B] (+0) +0.519047619<x60>[B] (+0) -0.519047619<x61>[B] (+0) -0.519047619<x62>[B] (+0) -0.519047619<x63>[B] (+0) -0.519047619<x64>[B] (+1) -0.519047619<x65>[B] (+1) -0.519047619<x66>[B] (+1) -0.519047619<x67>[B] (+1) -0.519047619<x68>[B] (+1) -0.519047619<x69>[B] (+1) +0.519047619<x70>[B] (+1) +0.519047619<x71>[B] (+1) +0.519047619<x72>[B] (+1) +0.519047619<x73>[B] (+1) +0.519047619<x74>[B] (+1) +0.519047619<x75>[B] (+1) +0.519047619<x76>[B] (+1) +0.519047619<x77>[B] (+1) +0.519047619<x78>[B] (+1) +0.519047619<x79>[B] (+1) +0.519047619<x80>[B] (+1) +0.519047619<x81>[B] (+1) +0.519047619<x82>[B] (+1) -0.519047619<x83>[B] (+1) -0.519047619<x84>[B] (+1) +0.519047619<x85>[B] (+1) -0.519047619<x86>[B] (+1) -0.519047619<x87>[B] (+1) +0.519047619<x88>[B] (+1) -0.519047619<x89>[B] (+1) -0.519047619<x90>[B] (+1) -0.519047619<x91>[B] (+0) -0.519047619<x92>[B] (+1) +0.519047619<x93>[B] (+0) -0.519047619<x94>[B] (+1) -0.519047619<x95>[B] (+0) +0.519047619<x96>[B] (+1) +0.519047619<x97>[B] (+1) -0.519047619<x98>[B] (+1) -0.519047619<x99>[B] (+1) +0.519047619<x100>[B] (+0) -0.519047619<x101>[B] (+0) -0.519047619<x102>[B] (+0) -0.519047619<x103>[B] (+1) -0.519047619<x104>[B] (+1) +0.519047619<x105>[B] (+0) >= 14.4047619047619;
;
violation: left hand side is violated by 13.8857142857143
  [linear] <c911>: <x106>[C] (+0) +0.519047619<x1>[B] (+1) +0.519047619<x2>[B] (+1) +0.519047619<x3>[B] (+1) -0.519047619<x4>[B] (+1) +0.519047619<x5>[B] (+1) -0.519047619<x6>[B] (+1) +0.519047619<x7>[B] (+1) +0.519047619<x8>[B] (+1) +0.519047619<x9>[B] (+1) +0.519047619<x10>[B] (+1) +0.519047619<x11>[B] (+1) +0.519047619<x12>[B] (+1) +0.519047619<x13>[B] (+1) +0.519047619<x14>[B] (+1) -0.519047619<x15>[B] (+1) -0.519047619<x16>[B] (+1) -0.519047619<x17>[B] (+1) +0.519047619<x18>[B] (+1) -0.519047619<x19>[B] (+1) -0.519047619<x20>[B] (+1) -0.519047619<x21>[B] (+1) +0.519047619<x22>[B] (+1) -0.519047619<x23>[B] (+1) -0.519047619<x24>[B] (+1) +0.519047619<x25>[B] (+1) -0.519047619<x26>[B] (+1) -0.519047619<x27>[B] (+1) -0.519047619<x28>[B] (+1) -0.519047619<x29>[B] (+1) +0.519047619<x30>[B] (+1) -0.519047619<x31>[B] (+1) -0.519047619<x32>[B] (+1) -0.519047619<x33>[B] (+1) +0.519047619<x34>[B] (+1) -0.519047619<x35>[B] (+1) -0.519047619<x36>[B] (+1) +0.519047619<x37>[B] (+1) -0.519047619<x38>[B] (+1) -0.519047619<x39>[B] (+1) -0.519047619<x40>[B] (+1) +0.519047619<x41>[B] (+1) -0.519047619<x42>[B] (+1) +0.519047619<x43>[B] (+1) +0.519047619<x44>[B] (+1) +0.519047619<x45>[B] (+1) +0.519047619<x46>[B] (+1) +0.519047619<x47>[B] (+1) +0.519047619<x48>[B] (+1) -0.519047619<x49>[B] (+1) +0.519047619<x50>[B] (+1) +0.519047619<x51>[B] (+1) -0.519047619<x52>[B] (+1) +0.519047619<x53>[B] (+1) +0.519047619<x54>[B] (+1) +0.519047619<x55>[B] (+1) +0.519047619<x56>[B] (+1) +0.519047619<x57>[B] (+1) +0.519047619<x58>[B] (+1) +0.519047619<x59>[B] (+1) +0.519047619<x60>[B] (+1) -0.519047619<x61>[B] (+1) -0.519047619<x62>[B] (+1) -0.519047619<x63>[B] (+1) -0.519047619<x64>[B] (+1) -0.519047619<x65>[B] (+1) -0.519047619<x66>[B] (+1) -0.519047619<x67>[B] (+1) -0.519047619<x68>[B] (+1) -0.519047619<x69>[B] (+1) +0.519047619<x70>[B] (+1) +0.519047619<x71>[B] (+1) +0.519047619<x72>[B] (+1) +0.519047619<x73>[B] (+1) +0.519047619<x74>[B] (+1) +0.519047619<x75>[B] (+1) +0.519047619<x76>[B] (+1) +0.519047619<x77>[B] (+1) +0.519047619<x78>[B] (+1) +0.519047619<x79>[B] (+1) +0.519047619<x80>[B] (+1) +0.519047619<x81>[B] (+1) +0.519047619<x82>[B] (+1) -0.519047619<x83>[B] (+1) -0.519047619<x84>[B] (+1) +0.519047619<x85>[B] (+1) -0.519047619<x86>[B] (+1) -0.519047619<x87>[B] (+1) +0.519047619<x88>[B] (+1) -0.519047619<x89>[B] (+1) -0.519047619<x90>[B] (+1) -0.519047619<x91>[B] (+1) -0.519047619<x92>[B] (+1) +0.519047619<x93>[B] (+1) -0.519047619<x94>[B] (+1) -0.519047619<x95>[B] (+1) +0.519047619<x96>[B] (+1) +0.519047619<x97>[B] (+1) -0.519047619<x98>[B] (+1) -0.519047619<x99>[B] (+1) +0.519047619<x100>[B] (+1) -0.519047619<x101>[B] (+1) -0.519047619<x102>[B] (+1) -0.519047619<x103>[B] (+1) -0.519047619<x104>[B] (+1) +0.519047619<x105>[B] (+1) >= 14.4047619047619;
;
violation: left hand side is violated by 11.8095238095238
  [linear] <c911>: <x106>[C] (+0) +0.519047619<x1>[B] (+0) +0.519047619<x2>[B] (+0) +0.519047619<x3>[B] (+0) -0.519047619<x4>[B] (+0) +0.519047619<x5>[B] (+0) -0.519047619<x6>[B] (+0) +0.519047619<x7>[B] (+0) +0.519047619<x8>[B] (+0) +0.519047619<x9>[B] (+0) +0.519047619<x10>[B] (+0) +0.519047619<x11>[B] (+0) +0.519047619<x12>[B] (+0) +0.519047619<x13>[B] (+0) +0.519047619<x14>[B] (+0) -0.519047619<x15>[B] (+0) -0.519047619<x16>[B] (+0) -0.519047619<x17>[B] (+0) +0.519047619<x18>[B] (+0) -0.519047619<x19>[B] (+0) -0.519047619<x20>[B] (+0) -0.519047619<x21>[B] (+0) +0.519047619<x22>[B] (+0) -0.519047619<x23>[B] (+0) -0.519047619<x24>[B] (+0) +0.519047619<x25>[B] (+0) -0.519047619<x26>[B] (+0) -0.519047619<x27>[B] (+0) -0.519047619<x28>[B] (+0) -0.519047619<x29>[B] (+0) +0.519047619<x30>[B] (+0) -0.519047619<x31>[B] (+0) -0.519047619<x32>[B] (+0) -0.519047619<x33>[B] (+0) +0.519047619<x34>[B] (+0) -0.519047619<x35>[B] (+0) -0.519047619<x36>[B] (+0) +0.519047619<x37>[B] (+0) -0.519047619<x38>[B] (+0) -0.519047619<x39>[B] (+0) -0.519047619<x40>[B] (+0) +0.519047619<x41>[B] (+0) -0.519047619<x42>[B] (+0) +0.519047619<x43>[B] (+0) +0.519047619<x44>[B] (+0) +0.519047619<x45>[B] (+0) +0.519047619<x46>[B] (+0) +0.519047619<x47>[B] (+0) +0.519047619<x48>[B] (+0) -0.519047619<x49>[B] (+0) +0.519047619<x50>[B] (+0) +0.519047619<x51>[B] (+0) -0.519047619<x52>[B] (+0) +0.519047619<x53>[B] (+0) +0.519047619<x54>[B] (+0) +0.519047619<x55>[B] (+0) +0.519047619<x56>[B] (+0) +0.519047619<x57>[B] (+0) +0.519047619<x58>[B] (+0) +0.519047619<x59>[B] (+0) +0.519047619<x60>[B] (+0) -0.519047619<x61>[B] (+0) -0.519047619<x62>[B] (+0) -0.519047619<x63>[B] (+0) -0.519047619<x64>[B] (+0) -0.519047619<x65>[B] (+0) -0.519047619<x66>[B] (+0) -0.519047619<x67>[B] (+0) -0.519047619<x68>[B] (+0) -0.519047619<x69>[B] (+0) +0.519047619<x70>[B] (+0) +0.519047619<x71>[B] (+0) +0.519047619<x72>[B] (+0) +0.519047619<x73>[B] (+0) +0.519047619<x74>[B] (+0) +0.519047619<x75>[B] (+0) +0.519047619<x76>[B] (+0) +0.519047619<x77>[B] (+0) +0.519047619<x78>[B] (+0) +0.519047619<x79>[B] (+0) +0.519047619<x80>[B] (+0) +0.519047619<x81>[B] (+0) +0.519047619<x82>[B] (+0) -0.519047619<x83>[B] (+0) -0.519047619<x84>[B] (+0) +0.519047619<x85>[B] (+0) -0.519047619<x86>[B] (+0) -0.519047619<x87>[B] (+0) +0.519047619<x88>[B] (+0) -0.519047619<x89>[B] (+0) -0.519047619<x90>[B] (+0) -0.519047619<x91>[B] (+0) -0.519047619<x92>[B] (+0) +0.519047619<x93>[B] (+0) -0.519047619<x94>[B] (+0) -0.519047619<x95>[B] (+0) +0.519047619<x96>[B] (+0) +0.519047619<x97>[B] (+0) -0.519047619<x98>[B] (+0) -0.519047619<x99>[B] (+0) +0.519047619<x100>[B] (+0) -0.519047619<x101>[B] (+0) -0.519047619<x102>[B] (+0) -0.519047619<x103>[B] (+0) -0.519047619<x104>[B] (+0) +0.519047619<x105>[B] (+0) >= 14.4047619047619;
;
violation: left hand side is violated by 14.4047619047619
1/5 feasible solution given by solution candidate storage, new primal bound -4.999822e+06

presolving:
   (0.0s) symmetry computation started: requiring (bin +, int +, cont +), (fixed: bin -, int -, cont -)
   (0.0s) no symmetry present (symcode time: 0.00)
presolving (0 rounds: 0 fast, 0 medium, 0 exhaustive):
 0 deleted vars, 0 deleted constraints, 0 added constraints, 0 tightened bounds, 0 added holes, 0 changed sides, 0 changed coefficients
 0 implications, 0 cliques, 0 implied integral variables (0 bin, 0 int, 0 cont)
presolved problem has 155 variables (105 bin, 0 int, 50 cont) and 960 constraints
    960 constraints of type <linear>
Presolving Time: 0.00
transformed 1/1 original solutions to the transformed problem space

 time | node  | left  |LP iter|LP it/n|mem/heur|mdpt |vars |cons |rows |cuts |sepa|confs|strbr|  dualbound   | primalbound  |  gap   | compl. 
p 0.0s|     1 |     0 |    11 |     - |   locks|   0 | 155 | 960 | 960 |   0 |  0 |   0 |   0 | 4.080000e+02 |-6.466619e+02 |    Inf | unknown
* 0.0s|     1 |     0 |   231 |     - |    LP  |   0 | 155 | 960 | 960 |   0 |  0 |   0 |   0 |-4.373905e+02 |-4.373905e+02 |   0.00%| unknown
  0.0s|     1 |     0 |   231 |     - |  8548k |   0 | 155 | 960 | 960 |   0 |  0 |   0 |   0 |-4.373905e+02 |-4.373905e+02 |   0.00%| unknown

SCIP Status        : problem is solved [optimal solution found]
Solving Time (sec) : 0.01
Solving Nodes      : 1
Primal Bound       : -4.37390476190476e+02 (4 solutions)
Dual Bound         : -4.37390476190476e+02
Gap                : 0.00 %
  [linear] <c961>: <x106>[C] (+16.4809524) +0.557142857<x1>[B] (+0) +0.557142857<x2>[B] (+0) +0.557142857<x3>[B] (+0) -0.557142857<x4>[B] (+1) +0.557142857<x5>[B] (+0) -0.557142857<x6>[B] (+0) +0.557142857<x7>[B] (+0) +0.557142857<x8>[B] (+0) +0.557142857<x9>[B] (+1) +0.557142857<x10>[B] (+1) +0.557142857<x11>[B] (+1) +0.557142857<x12>[B] (+1) +0.557142857<x13>[B] (+1) +0.557142857<x14>[B] (+1) -0.557142857<x15>[B] (+0) -0.557142857<x16>[B] (+0) -0.557142857<x17>[B] (+1) +0.557142857<x18>[B] (+1) -0.557142857<x19>[B] (+1) -0.557142857<x20>[B] (+0) -0.557142857<x21>[B] (+1) +0.557142857<x22>[B] (+1) -0.557142857<x23>[B] (+1) -0.557142857<x24>[B] (+1) +0.557142857<x25>[B] (+1) -0.557142857<x26>[B] (+1) -0.557142857<x27>[B] (+1) -0.557142857<x28>[B] (+0) -0.557142857<x29>[B] (+1) +0.557142857<x30>[B] (+1) -0.557142857<x31>[B] (+1) -0.557142857<x32>[B] (+1) -0.557142857<x33>[B] (+1) +0.557142857<x34>[B] (+1) -0.557142857<x35>[B] (+1) -0.557142857<x36>[B] (+1) +0.557142857<x37>[B] (+1) -0.557142857<x38>[B] (+1) -0.557142857<x39>[B] (+1) -0.557142857<x40>[B] (+1) +0.557142857<x41>[B] (+1) -0.557142857<x42>[B] (+1) +0.557142857<x43>[B] (+1) +0.557142857<x44>[B] (+1) +0.557142857<x45>[B] (+1) +0.557142857<x46>[B] (+1) +0.557142857<x47>[B] (+1) +0.557142857<x48>[B] (+1) -0.557142857<x49>[B] (+1) +0.557142857<x50>[B] (+1) +0.557142857<x51>[B] (+0) -0.557142857<x52>[B] (+0) +0.557142857<x53>[B] (+0) +0.557142857<x54>[B] (+0) +0.557142857<x55>[B] (+0) +0.557142857<x56>[B] (+0) +0.557142857<x57>[B] (+0) +0.557142857<x58>[B] (+0) +0.557142857<x59>[B] (+0) +0.557142857<x60>[B] (+0) -0.557142857<x61>[B] (+0) -0.557142857<x62>[B] (+0) -0.557142857<x63>[B] (+0) -0.557142857<x64>[B] (+1) -0.557142857<x65>[B] (+1) -0.557142857<x66>[B] (+1) -0.557142857<x67>[B] (+1) -0.557142857<x68>[B] (+1) -0.557142857<x69>[B] (+1) +0.557142857<x70>[B] (+0) +0.557142857<x71>[B] (+0) +0.557142857<x72>[B] (+1) +0.557142857<x73>[B] (+1) +0.557142857<x74>[B] (+1) +0.557142857<x75>[B] (+1) +0.557142857<x76>[B] (+1) +0.557142857<x77>[B] (+1) +0.557142857<x78>[B] (+1) +0.557142857<x79>[B] (+1) +0.557142857<x80>[B] (+1) +0.557142857<x81>[B] (+1) +0.557142857<x82>[B] (+1) -0.557142857<x83>[B] (+1) -0.557142857<x84>[B] (+1) +0.557142857<x85>[B] (+1) -0.557142857<x86>[B] (+1) -0.557142857<x87>[B] (+1) +0.557142857<x88>[B] (+1) -0.557142857<x89>[B] (+1) -0.557142857<x90>[B] (+1) -0.557142857<x91>[B] (+0) -0.557142857<x92>[B] (+0) +0.557142857<x93>[B] (+0) -0.557142857<x94>[B] (+1) -0.557142857<x95>[B] (+0) +0.557142857<x96>[B] (+0) +0.557142857<x97>[B] (+0) -0.557142857<x98>[B] (+1) -0.557142857<x99>[B] (+0) +0.557142857<x100>[B] (+0) -0.557142857<x101>[B] (+1) -0.557142857<x102>[B] (+1) -0.557142857<x103>[B] (+1) -0.557142857<x104>[B] (+1) +0.557142857<x105>[B] (+0) >= 14.347619047619;
;
violation: left hand side is violated by 0.0952380952380913
  [linear] <c963>: <x108>[C] (+5.94761905) +0.623809524<x1>[B] (+1) +0.623809524<x2>[B] (+1) +0.623809524<x3>[B] (+1) -0.623809524<x4>[B] (+0) +0.623809524<x5>[B] (+1) +0.623809524<x6>[B] (+1) +0.623809524<x7>[B] (+1) +0.623809524<x8>[B] (+1) +0.623809524<x9>[B] (+1) +0.623809524<x10>[B] (+1) +0.623809524<x11>[B] (+1) -0.623809524<x12>[B] (+1) +0.623809524<x13>[B] (+0) +0.623809524<x14>[B] (+1) -0.623809524<x15>[B] (+0) -0.623809524<x16>[B] (+1) -0.623809524<x17>[B] (+0) +0.623809524<x18>[B] (+0) -0.623809524<x19>[B] (+0) -0.623809524<x20>[B] (+1) -0.623809524<x21>[B] (+0) -0.623809524<x22>[B] (+0) -0.623809524<x23>[B] (+0) -0.623809524<x24>[B] (+0) -0.623809524<x25>[B] (+0) +0.623809524<x26>[B] (+0) -0.623809524<x27>[B] (+0) +0.623809524<x28>[B] (+1) -0.623809524<x29>[B] (+0) +0.623809524<x30>[B] (+0) +0.623809524<x31>[B] (+0) -0.623809524<x32>[B] (+1) -0.623809524<x33>[B] (+0) -0.623809524<x34>[B] (+0) -0.623809524<x35>[B] (+0) -0.623809524<x36>[B] (+0) -0.623809524<x37>[B] (+0) +0.623809524<x38>[B] (+0) +0.623809524<x39>[B] (+0) -0.623809524<x40>[B] (+0) +0.623809524<x41>[B] (+0) -0.623809524<x42>[B] (+0) -0.623809524<x43>[B] (+0) -0.623809524<x44>[B] (+0) -0.623809524<x45>[B] (+0) -0.623809524<x46>[B] (+0) -0.623809524<x47>[B] (+0) -0.623809524<x48>[B] (+0) +0.623809524<x49>[B] (+0) -0.623809524<x50>[B] (+0) +0.623809524<x51>[B] (+1) +0.623809524<x52>[B] (+1) +0.623809524<x53>[B] (+1) +0.623809524<x54>[B] (+1) +0.623809524<x55>[B] (+1) +0.623809524<x56>[B] (+1) +0.623809524<x57>[B] (+1) +0.623809524<x58>[B] (+1) +0.623809524<x59>[B] (+1) +0.623809524<x60>[B] (+1) -0.623809524<x61>[B] (+1) -0.623809524<x62>[B] (+1) -0.623809524<x63>[B] (+1) -0.623809524<x64>[B] (+1) -0.623809524<x65>[B] (+1) -0.623809524<x66>[B] (+1) -0.623809524<x67>[B] (+1) -0.623809524<x68>[B] (+0) -0.623809524<x69>[B] (+1) -0.623809524<x70>[B] (+1) -0.623809524<x71>[B] (+1) -0.623809524<x72>[B] (+1) -0.623809524<x73>[B] (+1) -0.623809524<x74>[B] (+1) -0.623809524<x75>[B] (+1) +0.623809524<x76>[B] (+0) -0.623809524<x77>[B] (+1) -0.623809524<x78>[B] (+0) -0.623809524<x79>[B] (+0) -0.623809524<x80>[B] (+0) +0.623809524<x81>[B] (+0) -0.623809524<x82>[B] (+0) +0.623809524<x83>[B] (+0) +0.623809524<x84>[B] (+0) -0.623809524<x85>[B] (+0) -0.623809524<x86>[B] (+0) +0.623809524<x87>[B] (+0) -0.623809524<x88>[B] (+0) +0.623809524<x89>[B] (+0) +0.623809524<x90>[B] (+1) -0.623809524<x91>[B] (+1) +0.623809524<x92>[B] (+1) -0.623809524<x93>[B] (+1) +0.623809524<x94>[B] (+0) +0.623809524<x95>[B] (+1) +0.623809524<x96>[B] (+1) -0.623809524<x97>[B] (+1) +0.623809524<x98>[B] (+0) +0.623809524<x99>[B] (+1) -0.623809524<x100>[B] (+1) +0.623809524<x101>[B] (+0) +0.623809524<x102>[B] (+1) +0.623809524<x103>[B] (+0) +0.623809524<x104>[B] (+1) -0.623809524<x105>[B] (+1) >= 9.51428571428572;
;
violation: left hand side is violated by 0.447619047619046
2/4 feasible solutions given by solution candidate storage, new primal bound -4.999822e+06

presolving:
   (0.0s) symmetry computation started: requiring (bin +, int +, cont +), (fixed: bin -, int -, cont -)
   (0.0s) no symmetry present (symcode time: 0.00)
presolving (0 rounds: 0 fast, 0 medium, 0 exhaustive):
 0 deleted vars, 0 deleted constraints, 0 added constraints, 0 tightened bounds, 0 added holes, 0 changed sides, 0 changed coefficients
 0 implications, 0 cliques, 0 implied integral variables (0 bin, 0 int, 0 cont)
presolved problem has 155 variables (105 bin, 0 int, 50 cont) and 1006 constraints
   1006 constraints of type <linear>
Presolving Time: 0.00
transformed 2/2 original solutions to the transformed problem space

 time | node  | left  |LP iter|LP it/n|mem/heur|mdpt |vars |cons |rows |cuts |sepa|confs|strbr|  dualbound   | primalbound  |  gap   | compl. 
p 0.0s|     1 |     0 |    10 |     - |   locks|   0 | 155 |1006 |1006 |   0 |  0 |   0 |   0 | 4.080000e+02 |-6.779619e+02 |    Inf | unknown
  0.0s|     1 |     0 |   291 |     - |    10M |   0 | 155 |1006 |1006 |   0 |  0 |   0 |   0 |-4.379581e+02 |-6.779619e+02 |  54.80%| unknown
r 0.0s|     1 |     0 |   291 |     - |shifting|   0 | 155 |1006 |1006 |   0 |  0 |   0 |   0 |-4.379581e+02 |-4.794465e+02 |   9.47%| unknown
  0.0s|     1 |     0 |   317 |     - |    11M |   0 | 155 |1006 |1009 |   3 |  1 |   0 |   0 |-4.380549e+02 |-4.794465e+02 |   9.45%| unknown
  0.0s|     1 |     0 |   317 |     - |    11M |   0 | 155 |1006 |1009 |   3 |  1 |   0 |   0 |-4.380549e+02 |-4.794465e+02 |   9.45%| unknown
  0.1s|     1 |     0 |   329 |     - |    11M |   0 | 155 |1006 |1012 |   6 |  2 |   0 |   0 |-4.381127e+02 |-4.794465e+02 |   9.43%| unknown
r 0.1s|     1 |     0 |   329 |     - |shifting|   0 | 155 |1006 |1012 |   6 |  2 |   0 |   0 |-4.381127e+02 |-4.749745e+02 |   8.41%| unknown
  0.1s|     1 |     0 |   343 |     - |    11M |   0 | 155 |1006 |1014 |   8 |  3 |   0 |   0 |-4.381452e+02 |-4.749745e+02 |   8.41%| unknown
  0.1s|     1 |     0 |   354 |     - |    11M |   0 | 155 |1006 |1022 |  16 |  4 |   0 |   0 |-4.381699e+02 |-4.749745e+02 |   8.40%| unknown
  0.1s|     1 |     0 |   365 |     - |    12M |   0 | 155 |1006 |1025 |  19 |  5 |   0 |   0 |-4.381766e+02 |-4.749745e+02 |   8.40%| unknown
  0.2s|     1 |     0 |   377 |     - |    12M |   0 | 155 |1006 |1027 |  21 |  6 |   0 |   0 |-4.381834e+02 |-4.749745e+02 |   8.40%| unknown
  0.2s|     1 |     0 |   386 |     - |    12M |   0 | 155 |1006 |1031 |  25 |  7 |   0 |   0 |-4.381859e+02 |-4.749745e+02 |   8.40%| unknown
  0.2s|     1 |     0 |   396 |     - |    12M |   0 | 155 |1006 |1033 |  27 |  8 |   0 |   0 |-4.381936e+02 |-4.749745e+02 |   8.39%| unknown
  0.3s|     1 |     0 |   399 |     - |    13M |   0 | 155 |1006 |1034 |  28 |  9 |   0 |   0 |-4.381954e+02 |-4.749745e+02 |   8.39%| unknown
  0.3s|     1 |     0 |   411 |     - |    13M |   0 | 155 |1006 |1035 |  29 | 10 |   0 |   0 |-4.382037e+02 |-4.749745e+02 |   8.39%| unknown
 time | node  | left  |LP iter|LP it/n|mem/heur|mdpt |vars |cons |rows |cuts |sepa|confs|strbr|  dualbound   | primalbound  |  gap   | compl. 
  0.3s|     1 |     0 |   417 |     - |    13M |   0 | 155 |1006 |1036 |  30 | 11 |   0 |   0 |-4.382042e+02 |-4.749745e+02 |   8.39%| unknown
  0.3s|     1 |     0 |   427 |     - |    13M |   0 | 155 |1006 |1037 |  31 | 12 |   0 |   0 |-4.382118e+02 |-4.749745e+02 |   8.39%| unknown
r 0.3s|     1 |     0 |   465 |     - |intshift|   0 | 155 |1006 |1037 |  31 | 12 |   0 |   0 |-4.382118e+02 |-4.426095e+02 |   1.00%| unknown
d 0.3s|     1 |     0 |   516 |     - |farkasdi|   0 | 155 |1006 |1037 |   0 | 12 |   0 |   0 |-4.382118e+02 |-4.386667e+02 |   0.10%| unknown
L 0.4s|     1 |     0 |   516 |     - |    rens|   0 | 155 |1006 |1037 |  31 | 12 |   0 |   0 |-4.382118e+02 |-4.382762e+02 |   0.01%| unknown
  0.4s|     1 |     0 |   516 |     - |    13M |   0 | 155 |1006 |1037 |  31 | 12 |   0 |   0 |-4.382118e+02 |-4.382762e+02 |   0.01%| unknown
  0.4s|     1 |     0 |   516 |     - |    14M |   0 | 155 |1006 | 278 |  31 | 12 |   0 |   0 |-4.382118e+02 |-4.382762e+02 |   0.01%| unknown
  0.4s|     1 |     0 |   521 |     - |    14M |   0 | 155 |1006 | 280 |  33 | 13 |   0 |   0 |-4.382144e+02 |-4.382762e+02 |   0.01%| unknown
  0.4s|     1 |     0 |   523 |     - |    14M |   0 | 155 |1006 | 281 |  34 | 14 |   0 |   0 |-4.382147e+02 |-4.382762e+02 |   0.01%| unknown
  0.4s|     1 |     0 |   523 |     - |    14M |   0 | 155 | 199 | 281 |  34 | 14 |   0 |   0 |-4.382147e+02 |-4.382762e+02 |   0.01%| unknown
  0.4s|     1 |     0 |   528 |     - |    14M |   0 | 155 | 199 | 283 |  36 | 15 |   0 |   0 |-4.382171e+02 |-4.382762e+02 |   0.01%| unknown
  0.4s|     1 |     0 |   530 |     - |    14M |   0 | 155 | 199 | 284 |  37 | 16 |   0 |   0 |-4.382175e+02 |-4.382762e+02 |   0.01%| unknown
(run 1, node 1) restarting after 75 global fixings of integer variables

(restart) converted 37 cuts from the global cut pool into linear constraints

presolving:
presolving (0 rounds: 0 fast, 0 medium, 0 exhaustive):
 0 deleted vars, 0 deleted constraints, 0 added constraints, 0 tightened bounds, 0 added holes, 0 changed sides, 0 changed coefficients
 0 implications, 0 cliques, 0 implied integral variables (0 bin, 0 int, 0 cont)
presolved problem has 155 variables (105 bin, 0 int, 50 cont) and 236 constraints
    236 constraints of type <linear>
Presolving Time: 0.00
transformed 21/24 original solutions to the transformed problem space

 time | node  | left  |LP iter|LP it/n|mem/heur|mdpt |vars |cons |rows |cuts |sepa|confs|strbr|  dualbound   | primalbound  |  gap   | compl. 
  0.4s|     1 |     0 |   753 |     - |    14M |   0 | 155 | 236 | 236 |   0 |  0 |   0 |   0 |-4.382175e+02 |-4.382762e+02 |   0.01%| unknown
  0.4s|     1 |     0 |   753 |     - |    15M |   0 | 155 | 236 | 207 |   0 |  0 |   0 |   0 |-4.382175e+02 |-4.382762e+02 |   0.01%| unknown
  0.4s|     1 |     0 |   754 |     - |    15M |   0 | 155 | 236 | 208 |   1 |  1 |   0 |   0 |-4.382175e+02 |-4.382762e+02 |   0.01%| unknown
  0.4s|     1 |     0 |   761 |     - |    15M |   0 | 155 | 236 | 209 |   2 |  2 |   0 |   0 |-4.382207e+02 |-4.382762e+02 |   0.01%| unknown
  0.5s|     1 |     0 |   762 |     - |    15M |   0 | 155 | 236 | 210 |   3 |  3 |   0 |   0 |-4.382208e+02 |-4.382762e+02 |   0.01%| unknown
  0.5s|     1 |     0 |   779 |     - |    15M |   0 | 155 | 236 | 212 |   5 |  4 |   0 |   0 |-4.382274e+02 |-4.382762e+02 |   0.01%| unknown
  0.5s|     1 |     0 |   800 |     - |    15M |   0 | 155 | 236 | 214 |   7 |  5 |   0 |   0 |-4.382346e+02 |-4.382762e+02 |   0.01%| unknown
  0.5s|     1 |     0 |   800 |     - |    15M |   0 | 155 | 236 | 213 |   7 |  5 |   0 |   0 |-4.382346e+02 |-4.382762e+02 |   0.01%| unknown
  0.5s|     1 |     0 |   816 |     - |    15M |   0 | 155 | 236 | 215 |   9 |  6 |   0 |   0 |-4.382416e+02 |-4.382762e+02 |   0.01%| unknown
  0.6s|     1 |     0 |   826 |     - |    15M |   0 | 155 | 236 | 217 |  11 |  7 |   0 |   0 |-4.382448e+02 |-4.382762e+02 |   0.01%| unknown
  0.6s|     1 |     0 |   826 |     - |    15M |   0 | 155 | 236 | 210 |  11 |  7 |   0 |   0 |-4.382448e+02 |-4.382762e+02 |   0.01%| unknown
  0.6s|     1 |     0 |   830 |     - |    15M |   0 | 155 | 236 | 212 |  13 |  8 |   0 |   0 |-4.382452e+02 |-4.382762e+02 |   0.01%| unknown
  0.6s|     1 |     0 |   835 |     - |    15M |   0 | 155 | 236 | 213 |  14 |  9 |   0 |   0 |-4.382457e+02 |-4.382762e+02 |   0.01%| unknown
  0.7s|     1 |     0 |   857 |     - |    15M |   0 | 155 | 236 | 215 |  16 | 10 |   0 |   0 |-4.382485e+02 |-4.382762e+02 |   0.01%| unknown
  0.7s|     1 |     0 |   868 |     - |    15M |   0 | 155 | 236 | 216 |  17 | 11 |   0 |   0 |-4.382492e+02 |-4.382762e+02 |   0.01%| unknown
 time | node  | left  |LP iter|LP it/n|mem/heur|mdpt |vars |cons |rows |cuts |sepa|confs|strbr|  dualbound   | primalbound  |  gap   | compl. 
  0.7s|     1 |     0 |   868 |     - |    15M |   0 | 155 | 189 | 216 |  17 | 11 |   0 |   0 |-4.382492e+02 |-4.382762e+02 |   0.01%| unknown
  0.7s|     1 |     0 |   872 |     - |    15M |   0 | 155 | 189 | 218 |  19 | 12 |   0 |   0 |-4.382494e+02 |-4.382762e+02 |   0.01%| unknown
  0.7s|     1 |     0 |   873 |     - |    15M |   0 | 155 | 189 | 203 |  20 | 13 |   0 |   0 |-4.382495e+02 |-4.382762e+02 |   0.01%| unknown
  0.8s|     1 |     0 |   875 |     - |    15M |   0 | 155 | 189 | 204 |  21 | 14 |   0 |   0 |-4.382498e+02 |-4.382762e+02 |   0.01%| unknown
  0.8s|     1 |     0 |   877 |     - |    15M |   0 | 155 | 189 | 205 |  22 | 15 |   0 |   0 |-4.382501e+02 |-4.382762e+02 |   0.01%| unknown
  0.8s|     1 |     0 |   879 |     - |    15M |   0 | 155 | 189 | 206 |  23 | 16 |   0 |   0 |-4.382503e+02 |-4.382762e+02 |   0.01%| unknown
  0.8s|     1 |     0 |   882 |     - |    15M |   0 | 155 | 189 | 207 |  24 | 17 |   0 |   0 |-4.382506e+02 |-4.382762e+02 |   0.01%| unknown
  0.9s|     1 |     0 |   885 |     - |    15M |   0 | 155 | 189 | 208 |  25 | 18 |   0 |   0 |-4.382507e+02 |-4.382762e+02 |   0.01%| unknown
  0.9s|     1 |     0 |   888 |     - |    15M |   0 | 155 | 189 | 196 |  26 | 19 |   0 |   0 |-4.382510e+02 |-4.382762e+02 |   0.01%| unknown
  0.9s|     1 |     0 |   891 |     - |    15M |   0 | 155 | 189 | 197 |  27 | 20 |   0 |   0 |-4.382511e+02 |-4.382762e+02 |   0.01%| unknown
  0.9s|     1 |     0 |   894 |     - |    15M |   0 | 155 | 189 | 198 |  28 | 21 |   0 |   0 |-4.382511e+02 |-4.382762e+02 |   0.01%| unknown
  1.0s|     1 |     0 |   897 |     - |    15M |   0 | 155 | 189 | 199 |  29 | 22 |   0 |   0 |-4.382512e+02 |-4.382762e+02 |   0.01%| unknown
  1.0s|     1 |     0 |   958 |     - |    15M |   0 | 155 | 181 | 199 |  29 | 22 |   5 |   4 |-4.382762e+02 |-4.382762e+02 |   0.00%| unknown

SCIP Status        : problem is solved [optimal solution found]
Solving Time (sec) : 0.99
Solving Nodes      : 1 (total of 2 nodes in 2 runs)
Primal Bound       : -4.38276190476190e+02 (47 solutions)
Dual Bound         : -4.38276190476190e+02
Gap                : 0.00 %
