Loading instance...
Median ranking: [15, 4, 9, 14, 1, 3, 12, 11, 6, 7, 8, 10, 5, 2, 13]
Mean ranking: [15, 4, 9, 14, 1, 3, 12, 11, 6, 7, 8, 10, 5, 2, 13]
Actual error: 0.0
Weighted Kendall distance: 0.0
Normalized distance: 0.0
medium)     0 del vars, 910 del conss, 455 add conss, 0 chg bounds, 0 chg sides, 0 chg coeffs, 0 upgd conss, 0 impls, 0 clqs, 0 implints
   (0.0s) symmetry computation started: requiring (bin +, int +, cont +), (fixed: bin -, int -, cont -)
   (0.0s) no symmetry present (symcode time: 0.00)
presolving (2 rounds: 2 fast, 2 medium, 1 exhaustive):
 0 deleted vars, 910 deleted constraints, 455 added constraints, 0 tightened bounds, 0 added holes, 0 changed sides, 0 changed coefficients
 0 implications, 0 cliques, 0 implied integral variables (0 bin, 0 int, 0 cont)
presolved problem has 105 variables (0 bin, 0 int, 105 cont) and 455 constraints
    455 constraints of type <linear>
Presolving Time: 0.01
transformed 3/3 original solutions to the transformed problem space

 time | node  | left  |LP iter|LP it/n|mem/heur|mdpt |vars |cons |rows |cuts |sepa|confs|strbr|  dualbound   | primalbound  |  gap   | compl. 
* 0.0s|     1 |     0 |     9 |     - |    LP  |   0 | 105 | 455 | 455 |   0 |  0 |   0 |   0 | 3.020000e+02 | 3.020000e+02 |   0.00%| unknown
  0.0s|     1 |     0 |     9 |     - |  3584k |   0 | 105 | 455 | 455 |   0 |  0 |   0 |   0 | 3.020000e+02 | 3.020000e+02 |   0.00%| unknown

SCIP Status        : problem is solved [optimal solution found]
Solving Time (sec) : 0.01
Solving Nodes      : 1
Primal Bound       : +3.02000000000000e+02 (4 solutions)
Dual Bound         : +3.02000000000000e+02
Gap                : 0.00 %
feasible solution found by trivial heuristic after 0.0 seconds, objective value 0.000000e+00
presolving:
   (0.0s) running MILP presolver
   (0.0s) MILP presolver (2 rounds): 0 aggregations, 0 fixings, 0 bound changes
(round 1, medium)     0 del vars, 910 del conss, 455 add conss, 0 chg bounds, 0 chg sides, 0 chg coeffs, 0 upgd conss, 0 impls, 0 clqs, 0 implints
   (0.0s) probing: 51/105 (48.6%) - 0 fixings, 0 aggregations, 0 implications, 0 bound changes
   (0.0s) probing aborted: 50/50 successive totally useless probings
   (0.0s) symmetry computation started: requiring (bin +, int +, cont +), (fixed: bin -, int -, cont -)
   (0.0s) no symmetry present (symcode time: 0.00)
presolving (2 rounds: 2 fast, 2 medium, 1 exhaustive):
 0 deleted vars, 910 deleted constraints, 455 added constraints, 0 tightened bounds, 0 added holes, 0 changed sides, 0 changed coefficients
 0 implications, 0 cliques, 0 implied integral variables (0 bin, 0 int, 0 cont)
presolved problem has 105 variables (105 bin, 0 int, 0 cont) and 455 constraints
    455 constraints of type <linear>
transformed objective value is always integral (scale: 2)
Presolving Time: 0.01
transformed 2/2 original solutions to the transformed problem space

 time | node  | left  |LP iter|LP it/n|mem/heur|mdpt |vars |cons |rows |cuts |sepa|confs|strbr|  dualbound   | primalbound  |  gap   | compl. 
p 0.0s|     1 |     0 |     0 |     - |   locks|   0 | 105 | 455 | 455 |   0 |  0 |   0 |   0 | 3.160000e+02 | 6.400000e+01 | 393.75%| unknown
i 0.0s|     1 |     0 |     0 |     - |  oneopt|   0 | 105 | 455 | 455 |   0 |  0 |   0 |   0 | 3.160000e+02 | 2.920000e+02 |   8.22%| unknown
* 0.0s|     1 |     0 |     9 |     - |    LP  |   0 | 105 | 455 | 455 |   0 |  0 |   0 |   0 | 3.020000e+02 | 3.020000e+02 |   0.00%| unknown
  0.0s|     1 |     0 |     9 |     - |  3669k |   0 | 105 | 455 | 455 |   0 |  0 |   0 |   0 | 3.020000e+02 | 3.020000e+02 |   0.00%| unknown

SCIP Status        : problem is solved [optimal solution found]
Solving Time (sec) : 0.01
Solving Nodes      : 1
Primal Bound       : +3.02000000000000e+02 (5 solutions)
Dual Bound         : +3.02000000000000e+02
Gap                : 0.00 %
feasible solution found by trivial heuristic after 0.1 seconds, objective value -5.000076e+06
presolving:
(round 1, fast)       0 del vars, 0 del conss, 0 add conss, 100 chg bounds, 0 chg sides, 0 chg coeffs, 0 upgd conss, 0 impls, 0 clqs, 0 implints
   (0.4s) running MILP presolver
   (0.5s) MILP presolver (2 rounds): 0 aggregations, 0 fixings, 0 bound changes
(round 2, exhaustive) 0 del vars, 455 del conss, 0 add conss, 100 chg bounds, 0 chg sides, 0 chg coeffs, 0 upgd conss, 0 impls, 0 clqs, 0 implints
   (0.8s) symmetry computation started: requiring (bin +, int +, cont +), (fixed: bin -, int -, cont -)
   (0.9s) no symmetry present (symcode time: 0.01)
presolving (3 rounds: 3 fast, 2 medium, 2 exhaustive):
 0 deleted vars, 455 deleted constraints, 0 added constraints, 100 tightened bounds, 0 added holes, 0 changed sides, 0 changed coefficients
 0 implications, 0 cliques, 0 implied integral variables (0 bin, 0 int, 0 cont)
presolved problem has 155 variables (0 bin, 0 int, 155 cont) and 5705 constraints
   5705 constraints of type <linear>
Presolving Time: 0.90

 time | node  | left  |LP iter|LP it/n|mem/heur|mdpt |vars |cons |rows |cuts |sepa|confs|strbr|  dualbound   | primalbound  |  gap   | compl. 
t 1.0s|     1 |     0 |     0 |     - | trivial|   0 | 155 |5705 |   0 |   0 |  0 |   0 |   0 | 3.160000e+02 |-2.701000e+03 |    Inf | unknown
* 1.2s|     1 |     0 |   500 |     - |    LP  |   0 | 155 |5705 |5705 |   0 |  0 |   0 |   0 |-5.593905e+02 |-5.593905e+02 |   0.00%| unknown
  1.2s|     1 |     0 |   500 |     - |   325M |   0 | 155 |5705 |5705 |   0 |  0 |   0 |   0 |-5.593905e+02 |-5.593905e+02 |   0.00%| unknown

SCIP Status        : problem is solved [optimal solution found]
Solving Time (sec) : 1.18
Solving Nodes      : 1
Primal Bound       : -5.59390476190476e+02 (3 solutions)
Dual Bound         : -5.59390476190476e+02
Gap                : 0.00 %
feasible solution found by trivial heuristic after 0.0 seconds, objective value -5.000076e+06
presolving:
(round 1, fast)       0 del vars, 0 del conss, 0 add conss, 100 chg bounds, 0 chg sides, 0 chg coeffs, 0 upgd conss, 0 impls, 0 clqs, 0 implints
   (0.3s) running MILP presolver
   (0.4s) MILP presolver (2 rounds): 0 aggregations, 0 fixings, 0 bound changes
(round 2, exhaustive) 0 del vars, 455 del conss, 0 add conss, 100 chg bounds, 0 chg sides, 0 chg coeffs, 0 upgd conss, 0 impls, 0 clqs, 0 implints
   (0.9s) probing: 51/105 (48.6%) - 0 fixings, 0 aggregations, 0 implications, 0 bound changes
   (0.9s) probing aborted: 50/50 successive totally useless probings
   (0.9s) symmetry computation started: requiring (bin +, int +, cont +), (fixed: bin -, int -, cont -)
   (1.0s) no symmetry present (symcode time: 0.01)
presolving (3 rounds: 3 fast, 2 medium, 2 exhaustive):
 0 deleted vars, 455 deleted constraints, 0 added constraints, 100 tightened bounds, 0 added holes, 0 changed sides, 0 changed coefficients
 0 implications, 0 cliques, 0 implied integral variables (0 bin, 0 int, 0 cont)
presolved problem has 155 variables (105 bin, 0 int, 50 cont) and 5705 constraints
   5705 constraints of type <linear>
Presolving Time: 1.01

 time | node  | left  |LP iter|LP it/n|mem/heur|mdpt |vars |cons |rows |cuts |sepa|confs|strbr|  dualbound   | primalbound  |  gap   | compl. 
t 1.0s|     1 |     0 |     0 |     - | trivial|   0 | 155 |5705 |   0 |   0 |  0 |   0 |   0 | 3.160000e+02 |-2.701000e+03 |    Inf | unknown
p 1.3s|     1 |     0 |    50 |     - |   locks|   0 | 155 |5705 |5705 |   0 |  0 |   0 |   0 | 3.160000e+02 |-8.727000e+02 |    Inf | unknown
  1.4s|     1 |     0 |   550 |     - |   326M |   0 | 155 |5705 |5705 |   0 |  0 |   0 |   0 |-5.593905e+02 |-8.727000e+02 |  56.01%| unknown
r 1.5s|     1 |     0 |   550 |     - |shifting|   0 | 155 |5705 |5705 |   0 |  0 |   0 |   0 |-5.593905e+02 |-5.872500e+02 |   4.98%| unknown
  1.5s|     1 |     0 |   554 |     - |   327M |   0 | 155 |5705 |5706 |   1 |  1 |   0 |   0 |-5.593976e+02 |-5.872500e+02 |   4.98%| unknown
r 1.5s|     1 |     0 |   554 |     - |shifting|   0 | 155 |5705 |5706 |   1 |  1 |   0 |   0 |-5.593976e+02 |-5.687690e+02 |   1.68%| unknown
  1.5s|     1 |     0 |   556 |     - |   328M |   0 | 155 |5705 |5707 |   2 |  2 |   0 |   0 |-5.594012e+02 |-5.687690e+02 |   1.67%| unknown
  1.6s|     1 |     0 |   558 |     - |   328M |   0 | 155 |5705 |5709 |   4 |  3 |   0 |   0 |-5.594048e+02 |-5.687690e+02 |   1.67%| unknown
  1.6s|     1 |     0 |   560 |     - |   329M |   0 | 155 |5705 |5710 |   5 |  4 |   0 |   0 |-5.594119e+02 |-5.687690e+02 |   1.67%| unknown
  1.7s|     1 |     0 |   565 |     - |   330M |   0 | 155 |5705 |5711 |   6 |  5 |   0 |   0 |-5.594190e+02 |-5.687690e+02 |   1.67%| unknown
  1.7s|     1 |     0 |   568 |     - |   330M |   0 | 155 |5705 |5712 |   7 |  6 |   0 |   0 |-5.594262e+02 |-5.687690e+02 |   1.67%| unknown
  1.7s|     1 |     0 |   573 |     - |   331M |   0 | 155 |5705 |5713 |   8 |  7 |   0 |   0 |-5.594405e+02 |-5.687690e+02 |   1.67%| unknown
  1.8s|     1 |     0 |   576 |     - |   331M |   0 | 155 |5705 |5715 |  10 |  8 |   0 |   0 |-5.594492e+02 |-5.687690e+02 |   1.67%| unknown
  1.8s|     1 |     0 |   577 |     - |   332M |   0 | 155 |5705 |5716 |  11 |  9 |   0 |   0 |-5.594494e+02 |-5.687690e+02 |   1.67%| unknown
  1.9s|     1 |     0 |   579 |     - |   333M |   0 | 155 |5705 |5717 |  12 | 10 |   0 |   0 |-5.594511e+02 |-5.687690e+02 |   1.67%| unknown
 time | node  | left  |LP iter|LP it/n|mem/heur|mdpt |vars |cons |rows |cuts |sepa|confs|strbr|  dualbound   | primalbound  |  gap   | compl. 
  1.9s|     1 |     0 |   585 |     - |   333M |   0 | 155 |5705 |5718 |  13 | 11 |   0 |   0 |-5.594563e+02 |-5.687690e+02 |   1.66%| unknown
r 1.9s|     1 |     0 |   626 |     - |intshift|   0 | 155 |5705 |5718 |  13 | 11 |   0 |   0 |-5.594563e+02 |-5.640143e+02 |   0.81%| unknown
d 2.0s|     1 |     0 |   722 |     - |farkasdi|   0 | 155 |5705 |5718 |   0 | 11 |   0 |   0 |-5.594563e+02 |-5.602238e+02 |   0.14%| unknown
L 2.1s|     1 |     0 |   722 |     - |    rens|   0 | 155 |5705 |5718 |  13 | 11 |   0 |   0 |-5.594563e+02 |-5.594619e+02 |   0.00%| unknown
  2.1s|     1 |     0 |   722 |     - |   333M |   0 | 155 |5705 |5718 |  13 | 11 |   0 |   0 |-5.594563e+02 |-5.594619e+02 |   0.00%| unknown
  2.2s|     1 |     0 |   722 |     - |   334M |   0 | 155 |5705 |5366 |  13 | 11 |   0 |   0 |-5.594563e+02 |-5.594619e+02 |   0.00%| unknown
  2.2s|     1 |     0 |   723 |     - |   334M |   0 | 155 |5705 |5367 |  14 | 12 |   0 |   0 |-5.594565e+02 |-5.594619e+02 |   0.00%| unknown
  2.3s|     1 |     0 |   723 |     - |   334M |   0 | 155 |4218 |5367 |  14 | 13 |   0 |   0 |-5.594565e+02 |-5.594619e+02 |   0.00%| unknown
(run 1, node 1) restarting after 85 global fixings of integer variables

(restart) converted 14 cuts from the global cut pool into linear constraints

presolving:
(round 1, fast)       85 del vars, 0 del conss, 0 add conss, 0 chg bounds, 416 chg sides, 740 chg coeffs, 0 upgd conss, 0 impls, 22 clqs, 0 implints
(round 2, fast)       85 del vars, 0 del conss, 0 add conss, 50 chg bounds, 416 chg sides, 740 chg coeffs, 0 upgd conss, 0 impls, 22 clqs, 0 implints
(round 3, fast)       85 del vars, 0 del conss, 0 add conss, 51 chg bounds, 416 chg sides, 740 chg coeffs, 0 upgd conss, 0 impls, 22 clqs, 0 implints
(round 4, fast)       85 del vars, 1 del conss, 0 add conss, 51 chg bounds, 429 chg sides, 760 chg coeffs, 0 upgd conss, 0 impls, 22 clqs, 0 implints
   (2.4s) running MILP presolver
   (2.4s) MILP presolver (4 rounds): 0 aggregations, 0 fixings, 50 bound changes
(round 5, medium)     85 del vars, 1 del conss, 0 add conss, 101 chg bounds, 429 chg sides, 760 chg coeffs, 0 upgd conss, 0 impls, 22 clqs, 0 implints
(round 6, fast)       85 del vars, 29 del conss, 0 add conss, 101 chg bounds, 835 chg sides, 1540 chg coeffs, 0 upgd conss, 0 impls, 22 clqs, 0 implints
(round 7, exhaustive) 85 del vars, 31 del conss, 0 add conss, 101 chg bounds, 835 chg sides, 1540 chg coeffs, 22 upgd conss, 0 impls, 22 clqs, 0 implints
presolving (8 rounds: 8 fast, 3 medium, 2 exhaustive):
 85 deleted vars, 31 deleted constraints, 0 added constraints, 101 tightened bounds, 0 added holes, 835 changed sides, 1540 changed coefficients
 0 implications, 22 cliques, 0 implied integral variables (0 bin, 0 int, 0 cont)
presolved problem has 70 variables (20 bin, 0 int, 50 cont) and 4201 constraints
     22 constraints of type <setppc>
   4179 constraints of type <linear>
Presolving Time: 1.18
transformed 15/18 original solutions to the transformed problem space

 time | node  | left  |LP iter|LP it/n|mem/heur|mdpt |vars |cons |rows |cuts |sepa|confs|strbr|  dualbound   | primalbound  |  gap   | compl. 
  2.6s|     1 |     0 |  1053 |     - |   341M |   0 |  70 |4202 |4201 |   0 |  0 |   0 |   0 |-5.594565e+02 |-5.594619e+02 |   0.00%| unknown
  2.6s|     1 |     0 |  1053 |     - |   341M |   0 |  70 |4202 |3725 |   0 |  0 |   0 |   0 |-5.594565e+02 |-5.594619e+02 |   0.00%| unknown
  2.6s|     1 |     0 |  1055 |     - |   341M |   0 |  70 |4184 |3665 |   1 |  1 |   0 |   0 |-5.594619e+02 |-5.594619e+02 |   0.00%| unknown
  2.6s|     1 |     0 |  1055 |     - |   341M |   0 |  70 |4184 |3665 |   1 |  1 |   0 |   0 |-5.594619e+02 |-5.594619e+02 |   0.00%| unknown

SCIP Status        : problem is solved [optimal solution found]
Solving Time (sec) : 2.59
Solving Nodes      : 1 (total of 2 nodes in 2 runs)
Primal Bound       : -5.59461904761905e+02 (19 solutions)
Dual Bound         : -5.59461904761905e+02
Gap                : 0.00 %
feasible solution found by trivial heuristic after 0.0 seconds, objective value 0.000000e+00
presolving:
   (0.0s) symmetry computation started: requiring (bin +, int +, cont +), (fixed: bin -, int -, cont -)
   (0.0s) symmetry computation finished: 49 generators found (max: 1500, log10 of symmetry group size: 64.48) (symcode time: 0.00)
dynamic symmetry handling statistics:
   orbitopal reduction:       no components
   orbital reduction:         no components
   lexicographic reduction:   no permutations
handled 1 out of 1 symmetry components
presolving (0 rounds: 0 fast, 0 medium, 0 exhaustive):
 0 deleted vars, 0 deleted constraints, 0 added constraints, 0 tightened bounds, 0 added holes, 0 changed sides, 0 changed coefficients
 0 implications, 0 cliques, 0 implied integral variables (0 bin, 0 int, 0 cont)
presolved problem has 155 variables (105 bin, 0 int, 50 cont) and 959 constraints
    959 constraints of type <linear>
Presolving Time: 0.00
transformed 2/2 original solutions to the transformed problem space

 time | node  | left  |LP iter|LP it/n|mem/heur|mdpt |vars |cons |rows |cuts |sepa|confs|strbr|  dualbound   | primalbound  |  gap   | compl. 
p 0.0s|     1 |     0 |     0 |     - |   locks|   0 | 155 | 910 | 910 |   0 |  0 |   0 |   0 | 3.160000e+02 | 3.000000e+01 | 953.33%| unknown
i 0.0s|     1 |     0 |     0 |     - |  oneopt|   0 | 155 | 910 | 910 |   0 |  0 |   0 |   0 | 3.160000e+02 | 2.020000e+02 |  56.44%| unknown
* 0.0s|     1 |     0 |     9 |     - |    LP  |   0 | 155 | 910 | 910 |   0 |  0 |   0 |   0 | 3.020000e+02 | 3.020000e+02 |   0.00%| unknown
  0.0s|     1 |     0 |     9 |     - |  5841k |   0 | 155 | 910 | 910 |   0 |  0 |   0 |   0 | 3.020000e+02 | 3.020000e+02 |   0.00%| unknown

SCIP Status        : problem is solved [optimal solution found]
Solving Time (sec) : 0.00
Solving Nodes      : 1
Primal Bound       : +3.02000000000000e+02 (6 solutions)
Dual Bound         : +3.02000000000000e+02
Gap                : 0.00 %
  [linear] <c911>: <x106>[C] (+0) -0.747619048<x1>[B] (+1) +0.747619048<x2>[B] (+1) +0.747619048<x3>[B] (+0) +0.747619048<x4>[B] (+1) +0.747619048<x5>[B] (+1) +0.747619048<x6>[B] (+1) +0.747619048<x7>[B] (+1) +0.747619048<x8>[B] (+0) -0.747619048<x9>[B] (+1) +0.747619048<x10>[B] (+1) +0.747619048<x11>[B] (+1) -0.747619048<x12>[B] (+1) +0.747619048<x13>[B] (+0) +0.747619048<x14>[B] (+0) +0.747619048<x15>[B] (+0) +0.747619048<x16>[B] (+0) +0.747619048<x17>[B] (+0) +0.747619048<x18>[B] (+0) +0.747619048<x19>[B] (+0) +0.747619048<x20>[B] (+0) +0.747619048<x21>[B] (+0) -0.747619048<x22>[B] (+0) +0.747619048<x23>[B] (+0) +0.747619048<x24>[B] (+0) -0.747619048<x25>[B] (+1) +0.747619048<x26>[B] (+0) +0.747619048<x27>[B] (+0) -0.747619048<x28>[B] (+0) -0.747619048<x29>[B] (+1) -0.747619048<x30>[B] (+1) -0.747619048<x31>[B] (+1) -0.747619048<x32>[B] (+1) -0.747619048<x33>[B] (+0) -0.747619048<x34>[B] (+1) -0.747619048<x35>[B] (+1) -0.747619048<x36>[B] (+1) -0.747619048<x37>[B] (+1) -0.747619048<x38>[B] (+0) +0.747619048<x39>[B] (+0) -0.747619048<x40>[B] (+1) +0.747619048<x41>[B] (+1) -0.747619048<x42>[B] (+1) -0.747619048<x43>[B] (+1) -0.747619048<x44>[B] (+1) -0.747619048<x45>[B] (+1) -0.747619048<x46>[B] (+1) -0.747619048<x47>[B] (+1) -0.747619048<x48>[B] (+1) -0.747619048<x49>[B] (+1) +0.747619048<x50>[B] (+0) +0.747619048<x51>[B] (+0) -0.747619048<x52>[B] (+0) -0.747619048<x53>[B] (+0) +0.747619048<x54>[B] (+0) -0.747619048<x55>[B] (+0) -0.747619048<x56>[B] (+0) -0.747619048<x57>[B] (+0) -0.747619048<x58>[B] (+1) +0.747619048<x59>[B] (+0) +0.747619048<x60>[B] (+0) -0.747619048<x61>[B] (+1) -0.747619048<x62>[B] (+1) -0.747619048<x63>[B] (+0) -0.747619048<x64>[B] (+1) -0.747619048<x65>[B] (+0) -0.747619048<x66>[B] (+0) -0.747619048<x67>[B] (+1) -0.747619048<x68>[B] (+0) +0.747619048<x69>[B] (+0) +0.747619048<x70>[B] (+1) +0.747619048<x71>[B] (+0) -0.747619048<x72>[B] (+1) +0.747619048<x73>[B] (+0) +0.747619048<x74>[B] (+0) -0.747619048<x75>[B] (+1) +0.747619048<x76>[B] (+0) +0.747619048<x77>[B] (+0) +0.747619048<x78>[B] (+0) -0.747619048<x79>[B] (+1) -0.747619048<x80>[B] (+0) -0.747619048<x81>[B] (+0) -0.747619048<x82>[B] (+1) +0.747619048<x83>[B] (+0) +0.747619048<x84>[B] (+0) -0.747619048<x85>[B] (+1) -0.747619048<x86>[B] (+1) -0.747619048<x87>[B] (+1) -0.747619048<x88>[B] (+1) +0.747619048<x89>[B] (+1) +0.747619048<x90>[B] (+0) +0.747619048<x91>[B] (+0) +0.747619048<x92>[B] (+0) -0.747619048<x93>[B] (+1) +0.747619048<x94>[B] (+0) +0.747619048<x95>[B] (+0) -0.747619048<x96>[B] (+0) -0.747619048<x97>[B] (+1) +0.747619048<x98>[B] (+0) +0.747619048<x99>[B] (+0) -0.747619048<x100>[B] (+1) +0.747619048<x101>[B] (+0) +0.747619048<x102>[B] (+0) +0.747619048<x103>[B] (+0) +0.747619048<x104>[B] (+0) +0.747619048<x105>[B] (+0) >= 9.53333333333333;
;
violation: left hand side is violated by 29.7190476190476
  [linear] <c911>: <x106>[C] (+0) -0.747619048<x1>[B] (+1) +0.747619048<x2>[B] (+1) +0.747619048<x3>[B] (+1) +0.747619048<x4>[B] (+1) +0.747619048<x5>[B] (+0) +0.747619048<x6>[B] (+1) +0.747619048<x7>[B] (+1) +0.747619048<x8>[B] (+0) -0.747619048<x9>[B] (+1) +0.747619048<x10>[B] (+1) +0.747619048<x11>[B] (+1) -0.747619048<x12>[B] (+1) +0.747619048<x13>[B] (+1) +0.747619048<x14>[B] (+0) +0.747619048<x15>[B] (+0) +0.747619048<x16>[B] (+0) +0.747619048<x17>[B] (+0) +0.747619048<x18>[B] (+0) +0.747619048<x19>[B] (+0) +0.747619048<x20>[B] (+0) +0.747619048<x21>[B] (+0) -0.747619048<x22>[B] (+0) +0.747619048<x23>[B] (+0) +0.747619048<x24>[B] (+0) -0.747619048<x25>[B] (+0) +0.747619048<x26>[B] (+0) +0.747619048<x27>[B] (+0) -0.747619048<x28>[B] (+1) -0.747619048<x29>[B] (+1) -0.747619048<x30>[B] (+0) -0.747619048<x31>[B] (+1) -0.747619048<x32>[B] (+1) -0.747619048<x33>[B] (+0) -0.747619048<x34>[B] (+1) -0.747619048<x35>[B] (+1) -0.747619048<x36>[B] (+1) -0.747619048<x37>[B] (+0) -0.747619048<x38>[B] (+1) +0.747619048<x39>[B] (+0) -0.747619048<x40>[B] (+1) +0.747619048<x41>[B] (+0) -0.747619048<x42>[B] (+1) -0.747619048<x43>[B] (+1) -0.747619048<x44>[B] (+0) -0.747619048<x45>[B] (+1) -0.747619048<x46>[B] (+1) -0.747619048<x47>[B] (+1) -0.747619048<x48>[B] (+0) -0.747619048<x49>[B] (+1) +0.747619048<x50>[B] (+0) +0.747619048<x51>[B] (+0) -0.747619048<x52>[B] (+0) -0.747619048<x53>[B] (+0) +0.747619048<x54>[B] (+0) -0.747619048<x55>[B] (+0) -0.747619048<x56>[B] (+0) -0.747619048<x57>[B] (+0) -0.747619048<x58>[B] (+0) +0.747619048<x59>[B] (+0) +0.747619048<x60>[B] (+0) -0.747619048<x61>[B] (+1) -0.747619048<x62>[B] (+1) -0.747619048<x63>[B] (+0) -0.747619048<x64>[B] (+1) -0.747619048<x65>[B] (+1) -0.747619048<x66>[B] (+1) -0.747619048<x67>[B] (+1) -0.747619048<x68>[B] (+1) +0.747619048<x69>[B] (+0) +0.747619048<x70>[B] (+1) +0.747619048<x71>[B] (+0) -0.747619048<x72>[B] (+1) +0.747619048<x73>[B] (+0) +0.747619048<x74>[B] (+1) -0.747619048<x75>[B] (+0) +0.747619048<x76>[B] (+0) +0.747619048<x77>[B] (+0) +0.747619048<x78>[B] (+0) -0.747619048<x79>[B] (+1) -0.747619048<x80>[B] (+0) -0.747619048<x81>[B] (+0) -0.747619048<x82>[B] (+0) +0.747619048<x83>[B] (+0) +0.747619048<x84>[B] (+0) -0.747619048<x85>[B] (+1) -0.747619048<x86>[B] (+1) -0.747619048<x87>[B] (+1) -0.747619048<x88>[B] (+1) +0.747619048<x89>[B] (+1) +0.747619048<x90>[B] (+0) +0.747619048<x91>[B] (+0) +0.747619048<x92>[B] (+0) -0.747619048<x93>[B] (+0) +0.747619048<x94>[B] (+0) +0.747619048<x95>[B] (+0) -0.747619048<x96>[B] (+1) -0.747619048<x97>[B] (+0) +0.747619048<x98>[B] (+1) +0.747619048<x99>[B] (+0) -0.747619048<x100>[B] (+0) +0.747619048<x101>[B] (+0) +0.747619048<x102>[B] (+0) +0.747619048<x103>[B] (+1) +0.747619048<x104>[B] (+0) +0.747619048<x105>[B] (+0) >= 9.53333333333333;
;
violation: left hand side is violated by 23.7380952380952
  [linear] <c911>: <x106>[C] (+0) -0.747619048<x1>[B] (+1) +0.747619048<x2>[B] (+1) +0.747619048<x3>[B] (+1) +0.747619048<x4>[B] (+1) +0.747619048<x5>[B] (+0) +0.747619048<x6>[B] (+1) +0.747619048<x7>[B] (+1) +0.747619048<x8>[B] (+0) -0.747619048<x9>[B] (+1) +0.747619048<x10>[B] (+1) +0.747619048<x11>[B] (+1) -0.747619048<x12>[B] (+1) +0.747619048<x13>[B] (+1) +0.747619048<x14>[B] (+1) +0.747619048<x15>[B] (+0) +0.747619048<x16>[B] (+0) +0.747619048<x17>[B] (+0) +0.747619048<x18>[B] (+0) +0.747619048<x19>[B] (+0) +0.747619048<x20>[B] (+0) +0.747619048<x21>[B] (+0) -0.747619048<x22>[B] (+0) +0.747619048<x23>[B] (+0) +0.747619048<x24>[B] (+1) -0.747619048<x25>[B] (+0) +0.747619048<x26>[B] (+0) +0.747619048<x27>[B] (+0) -0.747619048<x28>[B] (+1) -0.747619048<x29>[B] (+1) -0.747619048<x30>[B] (+0) -0.747619048<x31>[B] (+1) -0.747619048<x32>[B] (+1) -0.747619048<x33>[B] (+0) -0.747619048<x34>[B] (+1) -0.747619048<x35>[B] (+1) -0.747619048<x36>[B] (+1) -0.747619048<x37>[B] (+0) -0.747619048<x38>[B] (+1) +0.747619048<x39>[B] (+1) -0.747619048<x40>[B] (+1) +0.747619048<x41>[B] (+0) -0.747619048<x42>[B] (+1) -0.747619048<x43>[B] (+1) -0.747619048<x44>[B] (+0) -0.747619048<x45>[B] (+1) -0.747619048<x46>[B] (+1) -0.747619048<x47>[B] (+1) -0.747619048<x48>[B] (+0) -0.747619048<x49>[B] (+1) +0.747619048<x50>[B] (+1) +0.747619048<x51>[B] (+0) -0.747619048<x52>[B] (+1) -0.747619048<x53>[B] (+1) +0.747619048<x54>[B] (+0) -0.747619048<x55>[B] (+1) -0.747619048<x56>[B] (+1) -0.747619048<x57>[B] (+1) -0.747619048<x58>[B] (+0) +0.747619048<x59>[B] (+1) +0.747619048<x60>[B] (+1) -0.747619048<x61>[B] (+1) -0.747619048<x62>[B] (+1) -0.747619048<x63>[B] (+1) -0.747619048<x64>[B] (+1) -0.747619048<x65>[B] (+1) -0.747619048<x66>[B] (+1) -0.747619048<x67>[B] (+1) -0.747619048<x68>[B] (+1) +0.747619048<x69>[B] (+1) +0.747619048<x70>[B] (+1) +0.747619048<x71>[B] (+0) -0.747619048<x72>[B] (+1) +0.747619048<x73>[B] (+1) +0.747619048<x74>[B] (+1) -0.747619048<x75>[B] (+0) +0.747619048<x76>[B] (+1) +0.747619048<x77>[B] (+1) +0.747619048<x78>[B] (+0) -0.747619048<x79>[B] (+1) -0.747619048<x80>[B] (+0) -0.747619048<x81>[B] (+1) -0.747619048<x82>[B] (+0) +0.747619048<x83>[B] (+0) +0.747619048<x84>[B] (+0) -0.747619048<x85>[B] (+1) -0.747619048<x86>[B] (+1) -0.747619048<x87>[B] (+1) -0.747619048<x88>[B] (+1) +0.747619048<x89>[B] (+1) +0.747619048<x90>[B] (+1) +0.747619048<x91>[B] (+0) +0.747619048<x92>[B] (+1) -0.747619048<x93>[B] (+0) +0.747619048<x94>[B] (+0) +0.747619048<x95>[B] (+0) -0.747619048<x96>[B] (+1) -0.747619048<x97>[B] (+0) +0.747619048<x98>[B] (+1) +0.747619048<x99>[B] (+1) -0.747619048<x100>[B] (+0) +0.747619048<x101>[B] (+0) +0.747619048<x102>[B] (+0) +0.747619048<x103>[B] (+1) +0.747619048<x104>[B] (+1) +0.747619048<x105>[B] (+1) >= 9.53333333333333;
;
violation: left hand side is violated by 17.7571428571429
  [linear] <c911>: <x106>[C] (+0) -0.747619048<x1>[B] (+0) +0.747619048<x2>[B] (+0) +0.747619048<x3>[B] (+0) +0.747619048<x4>[B] (+0) +0.747619048<x5>[B] (+0) +0.747619048<x6>[B] (+0) +0.747619048<x7>[B] (+0) +0.747619048<x8>[B] (+0) -0.747619048<x9>[B] (+0) +0.747619048<x10>[B] (+0) +0.747619048<x11>[B] (+0) -0.747619048<x12>[B] (+0) +0.747619048<x13>[B] (+0) +0.747619048<x14>[B] (+0) +0.747619048<x15>[B] (+0) +0.747619048<x16>[B] (+0) +0.747619048<x17>[B] (+0) +0.747619048<x18>[B] (+0) +0.747619048<x19>[B] (+0) +0.747619048<x20>[B] (+0) +0.747619048<x21>[B] (+0) -0.747619048<x22>[B] (+0) +0.747619048<x23>[B] (+0) +0.747619048<x24>[B] (+0) -0.747619048<x25>[B] (+0) +0.747619048<x26>[B] (+0) +0.747619048<x27>[B] (+0) -0.747619048<x28>[B] (+0) -0.747619048<x29>[B] (+0) -0.747619048<x30>[B] (+0) -0.747619048<x31>[B] (+0) -0.747619048<x32>[B] (+0) -0.747619048<x33>[B] (+0) -0.747619048<x34>[B] (+0) -0.747619048<x35>[B] (+0) -0.747619048<x36>[B] (+0) -0.747619048<x37>[B] (+0) -0.747619048<x38>[B] (+0) +0.747619048<x39>[B] (+0) -0.747619048<x40>[B] (+0) +0.747619048<x41>[B] (+0) -0.747619048<x42>[B] (+0) -0.747619048<x43>[B] (+0) -0.747619048<x44>[B] (+0) -0.747619048<x45>[B] (+0) -0.747619048<x46>[B] (+0) -0.747619048<x47>[B] (+0) -0.747619048<x48>[B] (+0) -0.747619048<x49>[B] (+0) +0.747619048<x50>[B] (+0) +0.747619048<x51>[B] (+0) -0.747619048<x52>[B] (+0) -0.747619048<x53>[B] (+0) +0.747619048<x54>[B] (+0) -0.747619048<x55>[B] (+0) -0.747619048<x56>[B] (+0) -0.747619048<x57>[B] (+0) -0.747619048<x58>[B] (+0) +0.747619048<x59>[B] (+0) +0.747619048<x60>[B] (+0) -0.747619048<x61>[B] (+0) -0.747619048<x62>[B] (+0) -0.747619048<x63>[B] (+0) -0.747619048<x64>[B] (+0) -0.747619048<x65>[B] (+0) -0.747619048<x66>[B] (+0) -0.747619048<x67>[B] (+0) -0.747619048<x68>[B] (+0) +0.747619048<x69>[B] (+0) +0.747619048<x70>[B] (+0) +0.747619048<x71>[B] (+0) -0.747619048<x72>[B] (+0) +0.747619048<x73>[B] (+0) +0.747619048<x74>[B] (+0) -0.747619048<x75>[B] (+0) +0.747619048<x76>[B] (+0) +0.747619048<x77>[B] (+0) +0.747619048<x78>[B] (+0) -0.747619048<x79>[B] (+0) -0.747619048<x80>[B] (+0) -0.747619048<x81>[B] (+0) -0.747619048<x82>[B] (+0) +0.747619048<x83>[B] (+0) +0.747619048<x84>[B] (+0) -0.747619048<x85>[B] (+0) -0.747619048<x86>[B] (+0) -0.747619048<x87>[B] (+0) -0.747619048<x88>[B] (+0) +0.747619048<x89>[B] (+0) +0.747619048<x90>[B] (+0) +0.747619048<x91>[B] (+0) +0.747619048<x92>[B] (+0) -0.747619048<x93>[B] (+0) +0.747619048<x94>[B] (+0) +0.747619048<x95>[B] (+0) -0.747619048<x96>[B] (+0) -0.747619048<x97>[B] (+0) +0.747619048<x98>[B] (+0) +0.747619048<x99>[B] (+0) -0.747619048<x100>[B] (+0) +0.747619048<x101>[B] (+0) +0.747619048<x102>[B] (+0) +0.747619048<x103>[B] (+0) +0.747619048<x104>[B] (+0) +0.747619048<x105>[B] (+0) >= 9.53333333333333;
;
violation: left hand side is violated by 9.53333333333333
  [linear] <c911>: <x106>[C] (+0) -0.747619048<x1>[B] (+1) +0.747619048<x2>[B] (+1) +0.747619048<x3>[B] (+1) +0.747619048<x4>[B] (+1) +0.747619048<x5>[B] (+1) +0.747619048<x6>[B] (+1) +0.747619048<x7>[B] (+1) +0.747619048<x8>[B] (+1) -0.747619048<x9>[B] (+1) +0.747619048<x10>[B] (+1) +0.747619048<x11>[B] (+1) -0.747619048<x12>[B] (+1) +0.747619048<x13>[B] (+1) +0.747619048<x14>[B] (+1) +0.747619048<x15>[B] (+1) +0.747619048<x16>[B] (+1) +0.747619048<x17>[B] (+1) +0.747619048<x18>[B] (+1) +0.747619048<x19>[B] (+1) +0.747619048<x20>[B] (+1) +0.747619048<x21>[B] (+1) -0.747619048<x22>[B] (+1) +0.747619048<x23>[B] (+1) +0.747619048<x24>[B] (+1) -0.747619048<x25>[B] (+1) +0.747619048<x26>[B] (+1) +0.747619048<x27>[B] (+1) -0.747619048<x28>[B] (+1) -0.747619048<x29>[B] (+1) -0.747619048<x30>[B] (+1) -0.747619048<x31>[B] (+1) -0.747619048<x32>[B] (+1) -0.747619048<x33>[B] (+1) -0.747619048<x34>[B] (+1) -0.747619048<x35>[B] (+1) -0.747619048<x36>[B] (+1) -0.747619048<x37>[B] (+1) -0.747619048<x38>[B] (+1) +0.747619048<x39>[B] (+1) -0.747619048<x40>[B] (+1) +0.747619048<x41>[B] (+1) -0.747619048<x42>[B] (+1) -0.747619048<x43>[B] (+1) -0.747619048<x44>[B] (+1) -0.747619048<x45>[B] (+1) -0.747619048<x46>[B] (+1) -0.747619048<x47>[B] (+1) -0.747619048<x48>[B] (+1) -0.747619048<x49>[B] (+1) +0.747619048<x50>[B] (+1) +0.747619048<x51>[B] (+1) -0.747619048<x52>[B] (+1) -0.747619048<x53>[B] (+1) +0.747619048<x54>[B] (+1) -0.747619048<x55>[B] (+1) -0.747619048<x56>[B] (+1) -0.747619048<x57>[B] (+1) -0.747619048<x58>[B] (+1) +0.747619048<x59>[B] (+1) +0.747619048<x60>[B] (+1) -0.747619048<x61>[B] (+1) -0.747619048<x62>[B] (+1) -0.747619048<x63>[B] (+1) -0.747619048<x64>[B] (+1) -0.747619048<x65>[B] (+1) -0.747619048<x66>[B] (+1) -0.747619048<x67>[B] (+1) -0.747619048<x68>[B] (+1) +0.747619048<x69>[B] (+1) +0.747619048<x70>[B] (+1) +0.747619048<x71>[B] (+1) -0.747619048<x72>[B] (+1) +0.747619048<x73>[B] (+1) +0.747619048<x74>[B] (+1) -0.747619048<x75>[B] (+1) +0.747619048<x76>[B] (+1) +0.747619048<x77>[B] (+1) +0.747619048<x78>[B] (+1) -0.747619048<x79>[B] (+1) -0.747619048<x80>[B] (+1) -0.747619048<x81>[B] (+1) -0.747619048<x82>[B] (+1) +0.747619048<x83>[B] (+1) +0.747619048<x84>[B] (+1) -0.747619048<x85>[B] (+1) -0.747619048<x86>[B] (+1) -0.747619048<x87>[B] (+1) -0.747619048<x88>[B] (+1) +0.747619048<x89>[B] (+1) +0.747619048<x90>[B] (+1) +0.747619048<x91>[B] (+1) +0.747619048<x92>[B] (+1) -0.747619048<x93>[B] (+1) +0.747619048<x94>[B] (+1) +0.747619048<x95>[B] (+1) -0.747619048<x96>[B] (+1) -0.747619048<x97>[B] (+1) +0.747619048<x98>[B] (+1) +0.747619048<x99>[B] (+1) -0.747619048<x100>[B] (+1) +0.747619048<x101>[B] (+1) +0.747619048<x102>[B] (+1) +0.747619048<x103>[B] (+1) +0.747619048<x104>[B] (+1) +0.747619048<x105>[B] (+1) >= 9.53333333333333;
;
violation: left hand side is violated by 10.2809523809524
1/6 feasible solution given by solution candidate storage, new primal bound -5.000076e+06

presolving:
   (0.0s) symmetry computation started: requiring (bin +, int +, cont +), (fixed: bin -, int -, cont -)
   (0.0s) no symmetry present (symcode time: 0.00)
presolving (0 rounds: 0 fast, 0 medium, 0 exhaustive):
 0 deleted vars, 0 deleted constraints, 0 added constraints, 0 tightened bounds, 0 added holes, 0 changed sides, 0 changed coefficients
 0 implications, 0 cliques, 0 implied integral variables (0 bin, 0 int, 0 cont)
presolved problem has 155 variables (105 bin, 0 int, 50 cont) and 960 constraints
    960 constraints of type <linear>
Presolving Time: 0.00
transformed 1/1 original solutions to the transformed problem space

 time | node  | left  |LP iter|LP it/n|mem/heur|mdpt |vars |cons |rows |cuts |sepa|confs|strbr|  dualbound   | primalbound  |  gap   | compl. 
p 0.0s|     1 |     0 |    12 |     - |   locks|   0 | 155 | 960 | 960 |   0 |  0 |   0 |   0 | 3.160000e+02 |-7.823048e+02 |    Inf | unknown
* 0.0s|     1 |     0 |   208 |     - |    LP  |   0 | 155 | 960 | 960 |   0 |  0 |   0 |   0 |-5.585476e+02 |-5.585476e+02 |   0.00%| unknown
  0.0s|     1 |     0 |   208 |     - |  8437k |   0 | 155 | 960 | 960 |   0 |  0 |   0 |   0 |-5.585476e+02 |-5.585476e+02 |   0.00%| unknown

SCIP Status        : problem is solved [optimal solution found]
Solving Time (sec) : 0.01
Solving Nodes      : 1
Primal Bound       : -5.58547619047619e+02 (4 solutions)
Dual Bound         : -5.58547619047619e+02
Gap                : 0.00 %
  [linear] <c961>: <x107>[C] (+16.4809524) -0.557142857<x1>[B] (+1) -0.557142857<x2>[B] (+1) -0.557142857<x3>[B] (+0) -0.557142857<x4>[B] (+1) +0.557142857<x5>[B] (+1) -0.557142857<x6>[B] (+1) -0.557142857<x7>[B] (+1) -0.557142857<x8>[B] (+0) -0.557142857<x9>[B] (+1) +0.557142857<x10>[B] (+0) -0.557142857<x11>[B] (+1) -0.557142857<x12>[B] (+1) +0.557142857<x13>[B] (+0) +0.557142857<x14>[B] (+0) -0.557142857<x15>[B] (+0) -0.557142857<x16>[B] (+0) -0.557142857<x17>[B] (+0) +0.557142857<x18>[B] (+0) -0.557142857<x19>[B] (+0) -0.557142857<x20>[B] (+0) -0.557142857<x21>[B] (+0) -0.557142857<x22>[B] (+0) +0.557142857<x23>[B] (+0) -0.557142857<x24>[B] (+0) -0.557142857<x25>[B] (+1) +0.557142857<x26>[B] (+0) +0.557142857<x27>[B] (+0) -0.557142857<x28>[B] (+0) -0.557142857<x29>[B] (+1) +0.557142857<x30>[B] (+1) +0.557142857<x31>[B] (+1) +0.557142857<x32>[B] (+1) -0.557142857<x33>[B] (+0) +0.557142857<x34>[B] (+1) +0.557142857<x35>[B] (+0) -0.557142857<x36>[B] (+1) +0.557142857<x37>[B] (+1) +0.557142857<x38>[B] (+0) +0.557142857<x39>[B] (+0) -0.557142857<x40>[B] (+1) +0.557142857<x41>[B] (+1) +0.557142857<x42>[B] (+1) +0.557142857<x43>[B] (+1) +0.557142857<x44>[B] (+1) +0.557142857<x45>[B] (+1) +0.557142857<x46>[B] (+1) -0.557142857<x47>[B] (+1) +0.557142857<x48>[B] (+1) +0.557142857<x49>[B] (+1) +0.557142857<x50>[B] (+0) +0.557142857<x51>[B] (+0) +0.557142857<x52>[B] (+0) +0.557142857<x53>[B] (+0) +0.557142857<x54>[B] (+0) +0.557142857<x55>[B] (+0) +0.557142857<x56>[B] (+0) -0.557142857<x57>[B] (+0) +0.557142857<x58>[B] (+1) +0.557142857<x59>[B] (+0) +0.557142857<x60>[B] (+0) -0.557142857<x61>[B] (+1) -0.557142857<x62>[B] (+1) -0.557142857<x63>[B] (+0) -0.557142857<x64>[B] (+1) -0.557142857<x65>[B] (+0) -0.557142857<x66>[B] (+0) -0.557142857<x67>[B] (+1) -0.557142857<x68>[B] (+0) -0.557142857<x69>[B] (+0) -0.557142857<x70>[B] (+1) -0.557142857<x71>[B] (+0) -0.557142857<x72>[B] (+1) +0.557142857<x73>[B] (+0) -0.557142857<x74>[B] (+0) -0.557142857<x75>[B] (+1) +0.557142857<x76>[B] (+0) +0.557142857<x77>[B] (+0) -0.557142857<x78>[B] (+0) +0.557142857<x79>[B] (+1) +0.557142857<x80>[B] (+0) -0.557142857<x81>[B] (+0) +0.557142857<x82>[B] (+1) +0.557142857<x83>[B] (+0) +0.557142857<x84>[B] (+0) +0.557142857<x85>[B] (+1) +0.557142857<x86>[B] (+1) -0.557142857<x87>[B] (+1) +0.557142857<x88>[B] (+1) +0.557142857<x89>[B] (+1) +0.557142857<x90>[B] (+0) +0.557142857<x91>[B] (+0) -0.557142857<x92>[B] (+0) +0.557142857<x93>[B] (+1) +0.557142857<x94>[B] (+0) +0.557142857<x95>[B] (+0) -0.557142857<x96>[B] (+1) -0.557142857<x97>[B] (+1) -0.557142857<x98>[B] (+1) +0.557142857<x99>[B] (+0) +0.557142857<x100>[B] (+1) +0.557142857<x101>[B] (+0) +0.557142857<x102>[B] (+0) +0.557142857<x103>[B] (+0) +0.557142857<x104>[B] (+0) +0.557142857<x105>[B] (+0) >= 16.0190476190476;
;
violation: left hand side is violated by 0.0952380952380949
  [linear] <c962>: <x108>[C] (+13.7904762) +0.50952381<x1>[B] (+1) -0.50952381<x2>[B] (+1) +0.50952381<x3>[B] (+1) +0.50952381<x4>[B] (+1) +0.50952381<x5>[B] (+1) +0.50952381<x6>[B] (+1) -0.50952381<x7>[B] (+1) -0.50952381<x8>[B] (+1) -0.50952381<x9>[B] (+0) +0.50952381<x10>[B] (+1) -0.50952381<x11>[B] (+1) +0.50952381<x12>[B] (+0) -0.50952381<x13>[B] (+1) +0.50952381<x14>[B] (+1) -0.50952381<x15>[B] (+1) +0.50952381<x16>[B] (+1) +0.50952381<x17>[B] (+1) +0.50952381<x18>[B] (+1) +0.50952381<x19>[B] (+1) -0.50952381<x20>[B] (+1) -0.50952381<x21>[B] (+1) -0.50952381<x22>[B] (+0) +0.50952381<x23>[B] (+1) -0.50952381<x24>[B] (+1) +0.50952381<x25>[B] (+0) -0.50952381<x26>[B] (+1) +0.50952381<x27>[B] (+1) +0.50952381<x28>[B] (+0) +0.50952381<x29>[B] (+0) +0.50952381<x30>[B] (+0) +0.50952381<x31>[B] (+0) +0.50952381<x32>[B] (+0) +0.50952381<x33>[B] (+1) +0.50952381<x34>[B] (+0) +0.50952381<x35>[B] (+0) +0.50952381<x36>[B] (+0) +0.50952381<x37>[B] (+0) +0.50952381<x38>[B] (+0) +0.50952381<x39>[B] (+1) +0.50952381<x40>[B] (+0) +0.50952381<x41>[B] (+0) -0.50952381<x42>[B] (+0) -0.50952381<x43>[B] (+0) -0.50952381<x44>[B] (+1) -0.50952381<x45>[B] (+0) -0.50952381<x46>[B] (+0) -0.50952381<x47>[B] (+0) -0.50952381<x48>[B] (+0) -0.50952381<x49>[B] (+0) -0.50952381<x50>[B] (+1) +0.50952381<x51>[B] (+1) -0.50952381<x52>[B] (+1) -0.50952381<x53>[B] (+1) -0.50952381<x54>[B] (+1) -0.50952381<x55>[B] (+0) -0.50952381<x56>[B] (+1) -0.50952381<x57>[B] (+1) -0.50952381<x58>[B] (+0) -0.50952381<x59>[B] (+1) -0.50952381<x60>[B] (+1) -0.50952381<x61>[B] (+0) -0.50952381<x62>[B] (+0) -0.50952381<x63>[B] (+1) -0.50952381<x64>[B] (+0) -0.50952381<x65>[B] (+1) -0.50952381<x66>[B] (+1) -0.50952381<x67>[B] (+0) -0.50952381<x68>[B] (+1) -0.50952381<x69>[B] (+1) -0.50952381<x70>[B] (+0) -0.50952381<x71>[B] (+1) -0.50952381<x72>[B] (+0) -0.50952381<x73>[B] (+1) -0.50952381<x74>[B] (+1) +0.50952381<x75>[B] (+0) -0.50952381<x76>[B] (+1) +0.50952381<x77>[B] (+1) +0.50952381<x78>[B] (+1) -0.50952381<x79>[B] (+0) +0.50952381<x80>[B] (+1) +0.50952381<x81>[B] (+1) +0.50952381<x82>[B] (+0) +0.50952381<x83>[B] (+1) +0.50952381<x84>[B] (+1) -0.50952381<x85>[B] (+0) +0.50952381<x86>[B] (+0) -0.50952381<x87>[B] (+0) +0.50952381<x88>[B] (+0) -0.50952381<x89>[B] (+0) +0.50952381<x90>[B] (+1) +0.50952381<x91>[B] (+1) +0.50952381<x92>[B] (+1) +0.50952381<x93>[B] (+0) +0.50952381<x94>[B] (+1) +0.50952381<x95>[B] (+1) -0.50952381<x96>[B] (+1) +0.50952381<x97>[B] (+0) -0.50952381<x98>[B] (+1) +0.50952381<x99>[B] (+1) +0.50952381<x100>[B] (+0) -0.50952381<x101>[B] (+1) +0.50952381<x102>[B] (+1) -0.50952381<x103>[B] (+1) -0.50952381<x104>[B] (+1) +0.50952381<x105>[B] (+1) >= 12.3571428571429;
;
violation: left hand side is violated by 0.0952380952380967
2/4 feasible solutions given by solution candidate storage, new primal bound -5.000076e+06

presolving:
   (0.0s) symmetry computation started: requiring (bin +, int +, cont +), (fixed: bin -, int -, cont -)
   (0.0s) no symmetry present (symcode time: 0.00)
presolving (0 rounds: 0 fast, 0 medium, 0 exhaustive):
 0 deleted vars, 0 deleted constraints, 0 added constraints, 0 tightened bounds, 0 added holes, 0 changed sides, 0 changed coefficients
 0 implications, 0 cliques, 0 implied integral variables (0 bin, 0 int, 0 cont)
presolved problem has 155 variables (105 bin, 0 int, 50 cont) and 1004 constraints
   1004 constraints of type <linear>
Presolving Time: 0.00
transformed 2/2 original solutions to the transformed problem space

 time | node  | left  |LP iter|LP it/n|mem/heur|mdpt |vars |cons |rows |cuts |sepa|confs|strbr|  dualbound   | primalbound  |  gap   | compl. 
p 0.0s|     1 |     0 |    16 |     - |   locks|   0 | 155 |1004 |1004 |   0 |  0 |   0 |   0 | 3.160000e+02 |-7.810381e+02 |    Inf | unknown
  0.0s|     1 |     0 |   266 |     - |    10M |   0 | 155 |1004 |1004 |   0 |  0 |   0 |   0 |-5.591810e+02 |-7.810381e+02 |  39.68%| unknown
r 0.0s|     1 |     0 |   266 |     - |shifting|   0 | 155 |1004 |1004 |   0 |  0 |   0 |   0 |-5.591810e+02 |-5.766893e+02 |   3.13%| unknown
  0.0s|     1 |     0 |   273 |     - |    11M |   0 | 155 |1004 |1007 |   3 |  1 |   0 |   0 |-5.591952e+02 |-5.766893e+02 |   3.13%| unknown
r 0.0s|     1 |     0 |   273 |     - |shifting|   0 | 155 |1004 |1007 |   3 |  1 |   0 |   0 |-5.591952e+02 |-5.707095e+02 |   2.06%| unknown
  0.0s|     1 |     0 |   273 |     - |    11M |   0 | 155 |1004 |1007 |   3 |  1 |   0 |   0 |-5.591952e+02 |-5.707095e+02 |   2.06%| unknown
  0.0s|     1 |     0 |   281 |     - |    11M |   0 | 155 |1004 |1013 |   9 |  2 |   0 |   0 |-5.592167e+02 |-5.707095e+02 |   2.06%| unknown
  0.1s|     1 |     0 |   285 |     - |    11M |   0 | 155 |1004 |1016 |  12 |  3 |   0 |   0 |-5.592310e+02 |-5.707095e+02 |   2.05%| unknown
  0.1s|     1 |     0 |   299 |     - |    11M |   0 | 155 |1004 |1023 |  19 |  4 |   0 |   0 |-5.593556e+02 |-5.707095e+02 |   2.03%| unknown
  0.1s|     1 |     0 |   302 |     - |    11M |   0 | 155 |1004 |1024 |  20 |  5 |   0 |   0 |-5.593631e+02 |-5.707095e+02 |   2.03%| unknown
  0.1s|     1 |     0 |   308 |     - |    11M |   0 | 155 |1004 |1027 |  23 |  6 |   0 |   0 |-5.593726e+02 |-5.707095e+02 |   2.03%| unknown
r 0.1s|     1 |     0 |   308 |     - |shifting|   0 | 155 |1004 |1027 |  23 |  6 |   0 |   0 |-5.593726e+02 |-5.688393e+02 |   1.69%| unknown
  0.1s|     1 |     0 |   313 |     - |    12M |   0 | 155 |1004 |1030 |  26 |  7 |   0 |   0 |-5.593905e+02 |-5.688393e+02 |   1.69%| unknown
r 0.1s|     1 |     0 |   313 |     - |shifting|   0 | 155 |1004 |1030 |  26 |  7 |   0 |   0 |-5.593905e+02 |-5.687167e+02 |   1.67%| unknown
  0.1s|     1 |     0 |   321 |     - |    12M |   0 | 155 |1004 |1033 |  29 |  8 |   0 |   0 |-5.594036e+02 |-5.687167e+02 |   1.66%| unknown
 time | node  | left  |LP iter|LP it/n|mem/heur|mdpt |vars |cons |rows |cuts |sepa|confs|strbr|  dualbound   | primalbound  |  gap   | compl. 
  0.1s|     1 |     0 |   333 |     - |    12M |   0 | 155 |1004 |1034 |  30 |  9 |   0 |   0 |-5.594270e+02 |-5.687167e+02 |   1.66%| unknown
  0.2s|     1 |     0 |   336 |     - |    12M |   0 | 155 |1004 |1035 |  31 | 10 |   0 |   0 |-5.594345e+02 |-5.687167e+02 |   1.66%| unknown
  0.2s|     1 |     0 |   338 |     - |    12M |   0 | 155 |1004 |1036 |  32 | 11 |   0 |   0 |-5.594369e+02 |-5.687167e+02 |   1.66%| unknown
r 0.2s|     1 |     0 |   381 |     - |intshift|   0 | 155 |1004 |1036 |  32 | 12 |   0 |   0 |-5.594369e+02 |-5.638524e+02 |   0.79%| unknown
d 0.2s|     1 |     0 |   412 |     - |farkasdi|   0 | 155 |1004 |1036 |   0 | 12 |   0 |   0 |-5.594369e+02 |-5.599381e+02 |   0.09%| unknown
L 0.2s|     1 |     0 |   412 |     - |    rens|   0 | 155 |1004 |1036 |  32 | 12 |   0 |   0 |-5.594369e+02 |-5.594619e+02 |   0.00%| unknown
  0.2s|     1 |     0 |   412 |     - |    12M |   0 | 155 |1004 |1036 |  32 | 12 |   0 |   0 |-5.594369e+02 |-5.594619e+02 |   0.00%| unknown
  0.2s|     1 |     0 |   412 |     - |    12M |   0 | 155 |1004 | 268 |  32 | 12 |   0 |   0 |-5.594369e+02 |-5.594619e+02 |   0.00%| unknown
  0.2s|     1 |     0 |   412 |     - |    12M |   0 | 155 | 127 | 268 |  32 | 13 |   0 |   0 |-5.594369e+02 |-5.594619e+02 |   0.00%| unknown
(run 1, node 1) restarting after 90 global fixings of integer variables

(restart) converted 32 cuts from the global cut pool into linear constraints

presolving:
presolving (0 rounds: 0 fast, 0 medium, 0 exhaustive):
 0 deleted vars, 0 deleted constraints, 0 added constraints, 0 tightened bounds, 0 added holes, 0 changed sides, 0 changed coefficients
 0 implications, 0 cliques, 0 implied integral variables (0 bin, 0 int, 0 cont)
presolved problem has 155 variables (105 bin, 0 int, 50 cont) and 159 constraints
    159 constraints of type <linear>
Presolving Time: 0.00
transformed 16/19 original solutions to the transformed problem space

 time | node  | left  |LP iter|LP it/n|mem/heur|mdpt |vars |cons |rows |cuts |sepa|confs|strbr|  dualbound   | primalbound  |  gap   | compl. 
  0.2s|     1 |     0 |   561 |     - |    13M |   0 | 155 | 159 | 159 |   0 |  0 |   0 |   0 |-5.594369e+02 |-5.594619e+02 |   0.00%| unknown
  0.2s|     1 |     0 |   561 |     - |    13M |   0 | 155 | 159 | 153 |   0 |  0 |   0 |   0 |-5.594369e+02 |-5.594619e+02 |   0.00%| unknown
  0.2s|     1 |     0 |   563 |     - |    13M |   0 | 155 | 159 | 154 |   1 |  1 |   0 |   0 |-5.594440e+02 |-5.594619e+02 |   0.00%| unknown
  0.2s|     1 |     0 |   565 |     - |    13M |   0 | 155 | 159 | 155 |   2 |  2 |   0 |   0 |-5.594578e+02 |-5.594619e+02 |   0.00%| unknown
  0.2s|     1 |     0 |   565 |     - |    13M |   0 | 155 | 159 | 153 |   2 |  2 |   0 |   0 |-5.594578e+02 |-5.594619e+02 |   0.00%| unknown
  0.2s|     1 |     0 |   566 |     - |    13M |   0 | 155 | 159 | 155 |   4 |  3 |   0 |   0 |-5.594619e+02 |-5.594619e+02 |   0.00%| unknown
  0.2s|     1 |     0 |   566 |     - |    13M |   0 | 155 | 159 | 155 |   4 |  3 |   0 |   0 |-5.594619e+02 |-5.594619e+02 |   0.00%| unknown

SCIP Status        : problem is solved [optimal solution found]
Solving Time (sec) : 0.23
Solving Nodes      : 1 (total of 2 nodes in 2 runs)
Primal Bound       : -5.59461904761905e+02 (22 solutions)
Dual Bound         : -5.59461904761905e+02
Gap                : 0.00 %
