Loading instance...
Median ranking: [9, 11, 1, 13, 6, 14, 12, 3, 7, 5, 4, 15, 8, 2, 10]
Mean ranking: [9, 11, 1, 13, 6, 14, 12, 3, 7, 5, 4, 15, 8, 2, 10]
Actual error: -6.661338147750939e-16
Weighted Kendall distance: 0.0
Normalized distance: 0.0
ars, 910 del conss, 455 add conss, 0 chg bounds, 0 chg sides, 0 chg coeffs, 0 upgd conss, 0 impls, 0 clqs, 0 implints
   (0.0s) symmetry computation started: requiring (bin +, int +, cont +), (fixed: bin -, int -, cont -)
   (0.0s) no symmetry present (symcode time: 0.00)
presolving (2 rounds: 2 fast, 2 medium, 1 exhaustive):
 0 deleted vars, 910 deleted constraints, 455 added constraints, 0 tightened bounds, 0 added holes, 0 changed sides, 0 changed coefficients
 0 implications, 0 cliques, 0 implied integral variables (0 bin, 0 int, 0 cont)
presolved problem has 105 variables (0 bin, 0 int, 105 cont) and 455 constraints
    455 constraints of type <linear>
Presolving Time: 0.01
transformed 3/3 original solutions to the transformed problem space

 time | node  | left  |LP iter|LP it/n|mem/heur|mdpt |vars |cons |rows |cuts |sepa|confs|strbr|  dualbound   | primalbound  |  gap   | compl. 
* 0.0s|     1 |     0 |    15 |     - |    LP  |   0 | 105 | 455 | 455 |   0 |  0 |   0 |   0 | 3.980000e+02 | 3.980000e+02 |   0.00%| unknown
  0.0s|     1 |     0 |    15 |     - |  3584k |   0 | 105 | 455 | 455 |   0 |  0 |   0 |   0 | 3.980000e+02 | 3.980000e+02 |   0.00%| unknown

SCIP Status        : problem is solved [optimal solution found]
Solving Time (sec) : 0.01
Solving Nodes      : 1
Primal Bound       : +3.98000000000000e+02 (4 solutions)
Dual Bound         : +3.98000000000000e+02
Gap                : 0.00 %
feasible solution found by trivial heuristic after 0.0 seconds, objective value 0.000000e+00
presolving:
   (0.0s) running MILP presolver
   (0.0s) MILP presolver (2 rounds): 0 aggregations, 0 fixings, 0 bound changes
(round 1, medium)     0 del vars, 910 del conss, 455 add conss, 0 chg bounds, 0 chg sides, 0 chg coeffs, 0 upgd conss, 0 impls, 0 clqs, 0 implints
   (0.0s) probing: 51/105 (48.6%) - 0 fixings, 0 aggregations, 0 implications, 0 bound changes
   (0.0s) probing aborted: 50/50 successive totally useless probings
   (0.0s) symmetry computation started: requiring (bin +, int +, cont +), (fixed: bin -, int -, cont -)
   (0.0s) no symmetry present (symcode time: 0.00)
presolving (2 rounds: 2 fast, 2 medium, 1 exhaustive):
 0 deleted vars, 910 deleted constraints, 455 added constraints, 0 tightened bounds, 0 added holes, 0 changed sides, 0 changed coefficients
 0 implications, 0 cliques, 0 implied integral variables (0 bin, 0 int, 0 cont)
presolved problem has 105 variables (105 bin, 0 int, 0 cont) and 455 constraints
    455 constraints of type <linear>
transformed objective value is always integral (scale: 2)
Presolving Time: 0.01
transformed 2/2 original solutions to the transformed problem space

 time | node  | left  |LP iter|LP it/n|mem/heur|mdpt |vars |cons |rows |cuts |sepa|confs|strbr|  dualbound   | primalbound  |  gap   | compl. 
p 0.0s|     1 |     0 |     0 |     - |   locks|   0 | 105 | 455 | 455 |   0 |  0 |   0 |   0 | 4.360000e+02 | 1.880000e+02 | 131.91%| unknown
i 0.0s|     1 |     0 |     0 |     - |  oneopt|   0 | 105 | 455 | 455 |   0 |  0 |   0 |   0 | 4.360000e+02 | 3.320000e+02 |  31.33%| unknown
* 0.0s|     1 |     0 |    12 |     - |    LP  |   0 | 105 | 455 | 455 |   0 |  0 |   0 |   0 | 3.980000e+02 | 3.980000e+02 |   0.00%| unknown
  0.0s|     1 |     0 |    12 |     - |  3689k |   0 | 105 | 455 | 455 |   0 |  0 |   0 |   0 | 3.980000e+02 | 3.980000e+02 |   0.00%| unknown

SCIP Status        : problem is solved [optimal solution found]
Solving Time (sec) : 0.01
Solving Nodes      : 1
Primal Bound       : +3.98000000000000e+02 (5 solutions)
Dual Bound         : +3.98000000000000e+02
Gap                : 0.00 %
feasible solution found by trivial heuristic after 0.1 seconds, objective value -9.000052e+06
presolving:
(round 1, fast)       0 del vars, 0 del conss, 0 add conss, 180 chg bounds, 0 chg sides, 0 chg coeffs, 0 upgd conss, 0 impls, 0 clqs, 0 implints
   (0.7s) running MILP presolver
   (0.8s) MILP presolver (2 rounds): 0 aggregations, 0 fixings, 0 bound changes
(round 2, exhaustive) 0 del vars, 455 del conss, 0 add conss, 180 chg bounds, 0 chg sides, 0 chg coeffs, 0 upgd conss, 0 impls, 0 clqs, 0 implints
   (1.4s) symmetry computation started: requiring (bin +, int +, cont +), (fixed: bin -, int -, cont -)
   (1.7s) no symmetry present (symcode time: 0.01)
presolving (3 rounds: 3 fast, 2 medium, 2 exhaustive):
 0 deleted vars, 455 deleted constraints, 0 added constraints, 180 tightened bounds, 0 added holes, 0 changed sides, 0 changed coefficients
 0 implications, 0 cliques, 0 implied integral variables (0 bin, 0 int, 0 cont)
presolved problem has 195 variables (0 bin, 0 int, 195 cont) and 9905 constraints
   9905 constraints of type <linear>
Presolving Time: 1.60

 time | node  | left  |LP iter|LP it/n|mem/heur|mdpt |vars |cons |rows |cuts |sepa|confs|strbr|  dualbound   | primalbound  |  gap   | compl. 
t 1.7s|     1 |     0 |     0 |     - | trivial|   0 | 195 |9905 |   0 |   0 |  0 |   0 |   0 | 4.360000e+02 |-4.777000e+03 |    Inf | unknown
* 2.5s|     1 |     0 |  1018 |     - |    LP  |   0 | 195 |9905 |9905 |   0 |  0 |   0 |   0 |-1.040648e+03 |-1.040648e+03 |   0.00%| unknown
  2.5s|     1 |     0 |  1018 |     - |   538M |   0 | 195 |9905 |9905 |   0 |  0 |   0 |   0 |-1.040648e+03 |-1.040648e+03 |   0.00%| unknown

SCIP Status        : problem is solved [optimal solution found]
Solving Time (sec) : 2.45
Solving Nodes      : 1
Primal Bound       : -1.04064834054834e+03 (3 solutions)
Dual Bound         : -1.04064834054834e+03
Gap                : 0.00 %
feasible solution found by trivial heuristic after 0.1 seconds, objective value -9.000052e+06
presolving:
(round 1, fast)       0 del vars, 0 del conss, 0 add conss, 180 chg bounds, 0 chg sides, 0 chg coeffs, 0 upgd conss, 0 impls, 0 clqs, 0 implints
   (0.5s) running MILP presolver
   (0.7s) MILP presolver (2 rounds): 0 aggregations, 0 fixings, 0 bound changes
(round 2, exhaustive) 0 del vars, 455 del conss, 0 add conss, 180 chg bounds, 0 chg sides, 0 chg coeffs, 0 upgd conss, 0 impls, 0 clqs, 0 implints
   (1.8s) probing: 51/105 (48.6%) - 0 fixings, 0 aggregations, 0 implications, 0 bound changes
   (1.8s) probing aborted: 50/50 successive totally useless probings
   (1.8s) symmetry computation started: requiring (bin +, int +, cont +), (fixed: bin -, int -, cont -)
   (2.0s) no symmetry present (symcode time: 0.01)
presolving (3 rounds: 3 fast, 2 medium, 2 exhaustive):
 0 deleted vars, 455 deleted constraints, 0 added constraints, 180 tightened bounds, 0 added holes, 0 changed sides, 0 changed coefficients
 0 implications, 0 cliques, 0 implied integral variables (0 bin, 0 int, 0 cont)
presolved problem has 195 variables (105 bin, 0 int, 90 cont) and 9905 constraints
   9905 constraints of type <linear>
Presolving Time: 2.02

 time | node  | left  |LP iter|LP it/n|mem/heur|mdpt |vars |cons |rows |cuts |sepa|confs|strbr|  dualbound   | primalbound  |  gap   | compl. 
t 2.1s|     1 |     0 |     0 |     - | trivial|   0 | 195 |9905 |   0 |   0 |  0 |   0 |   0 | 4.360000e+02 |-4.777000e+03 |    Inf | unknown
p 2.5s|     1 |     0 |    87 |     - |   locks|   0 | 195 |9905 |9905 |   0 |  0 |   0 |   0 | 4.360000e+02 |-1.456795e+03 |    Inf | unknown
  3.2s|     1 |     0 |  1105 |     - |   540M |   0 | 195 |9905 |9905 |   0 |  0 |   0 |   0 |-1.040648e+03 |-1.456795e+03 |  39.99%| unknown
r 3.4s|     1 |     0 |  1105 |     - |shifting|   0 | 195 |9905 |9905 |   0 |  0 |   0 |   0 |-1.040648e+03 |-1.160680e+03 |  11.53%| unknown
  3.5s|     1 |     0 |  1110 |     - |   541M |   0 | 195 |9905 |9906 |   1 |  1 |   0 |   0 |-1.040654e+03 |-1.160680e+03 |  11.53%| unknown
  3.8s|     1 |     0 |  1121 |     - |   542M |   0 | 195 |9905 |9908 |   3 |  2 |   0 |   0 |-1.040663e+03 |-1.160680e+03 |  11.53%| unknown
  4.1s|     1 |     0 |  1135 |     - |   543M |   0 | 195 |9905 |9911 |   6 |  3 |   0 |   0 |-1.040676e+03 |-1.160680e+03 |  11.53%| unknown
  4.4s|     1 |     0 |  1146 |     - |   544M |   0 | 195 |9905 |9913 |   8 |  4 |   0 |   0 |-1.040679e+03 |-1.160680e+03 |  11.53%| unknown
r 4.7s|     1 |     0 |  1146 |     - |shifting|   0 | 195 |9905 |9913 |   8 |  4 |   0 |   0 |-1.040679e+03 |-1.157833e+03 |  11.26%| unknown
  4.7s|     1 |     0 |  1154 |     - |   545M |   0 | 195 |9905 |9915 |  10 |  5 |   0 |   0 |-1.040696e+03 |-1.157833e+03 |  11.26%| unknown
  5.1s|     1 |     0 |  1169 |     - |   547M |   0 | 195 |9905 |9917 |  12 |  6 |   0 |   0 |-1.040710e+03 |-1.157833e+03 |  11.25%| unknown
  5.4s|     1 |     0 |  1183 |     - |   548M |   0 | 195 |9905 |9921 |  16 |  7 |   0 |   0 |-1.040714e+03 |-1.157833e+03 |  11.25%| unknown
  5.7s|     1 |     0 |  1206 |     - |   549M |   0 | 195 |9905 |9924 |  19 |  8 |   0 |   0 |-1.040721e+03 |-1.157833e+03 |  11.25%| unknown
  6.0s|     1 |     0 |  1229 |     - |   550M |   0 | 195 |9905 |9928 |  23 |  9 |   0 |   0 |-1.040726e+03 |-1.157833e+03 |  11.25%| unknown
  6.3s|     1 |     0 |  1237 |     - |   551M |   0 | 195 |9905 |9931 |  26 | 10 |   0 |   0 |-1.040729e+03 |-1.157833e+03 |  11.25%| unknown
 time | node  | left  |LP iter|LP it/n|mem/heur|mdpt |vars |cons |rows |cuts |sepa|confs|strbr|  dualbound   | primalbound  |  gap   | compl. 
  6.6s|     1 |     0 |  1239 |     - |   552M |   0 | 195 |9905 |9932 |  27 | 11 |   0 |   0 |-1.040729e+03 |-1.157833e+03 |  11.25%| unknown
r 7.0s|     1 |     0 |  1413 |     - |intshift|   0 | 195 |9905 |9932 |  27 | 11 |   0 |   0 |-1.040729e+03 |-1.084700e+03 |   4.22%| unknown
d 7.2s|     1 |     0 |  1862 |     - |farkasdi|   0 | 195 |9905 |9932 |   0 | 11 |   0 |   0 |-1.040729e+03 |-1.048281e+03 |   0.73%| unknown
L 8.3s|     1 |     0 |  1862 |     - |    rens|   0 | 195 |9905 |9932 |  27 | 11 |   0 |   0 |-1.040729e+03 |-1.040948e+03 |   0.02%| unknown
  8.4s|     1 |     0 |  1862 |     - |   552M |   0 | 195 |9905 |9932 |  27 | 11 |   0 |   0 |-1.040729e+03 |-1.040948e+03 |   0.02%| unknown
  8.7s|     1 |     0 |  1862 |     - |   553M |   0 | 195 |9905 |9665 |  27 | 11 |   0 |   0 |-1.040729e+03 |-1.040948e+03 |   0.02%| unknown
  8.7s|     1 |     0 |  1879 |     - |   554M |   0 | 195 |9905 |9667 |  29 | 12 |   0 |   0 |-1.040731e+03 |-1.040948e+03 |   0.02%| unknown
  8.9s|     1 |     0 |  1879 |     - |   554M |   0 | 195 |8871 |9667 |  29 | 13 |   0 |   0 |-1.040731e+03 |-1.040948e+03 |   0.02%| unknown
(run 1, node 1) restarting after 62 global fixings of integer variables

(restart) converted 29 cuts from the global cut pool into linear constraints

presolving:
(round 1, fast)       62 del vars, 0 del conss, 0 add conss, 0 chg bounds, 217 chg sides, 215 chg coeffs, 0 upgd conss, 0 impls, 111 clqs, 0 implints
(round 2, fast)       62 del vars, 0 del conss, 0 add conss, 90 chg bounds, 217 chg sides, 215 chg coeffs, 0 upgd conss, 0 impls, 111 clqs, 0 implints
   (9.2s) running MILP presolver
   (9.4s) MILP presolver (3 rounds): 0 aggregations, 0 fixings, 90 bound changes
(round 3, medium)     62 del vars, 0 del conss, 0 add conss, 180 chg bounds, 217 chg sides, 215 chg coeffs, 0 upgd conss, 0 impls, 111 clqs, 0 implints
(round 4, fast)       62 del vars, 11 del conss, 0 add conss, 180 chg bounds, 476 chg sides, 731 chg coeffs, 0 upgd conss, 0 impls, 111 clqs, 0 implints
(round 5, exhaustive) 62 del vars, 11 del conss, 0 add conss, 180 chg bounds, 476 chg sides, 731 chg coeffs, 111 upgd conss, 0 impls, 111 clqs, 0 implints
presolving (6 rounds: 6 fast, 3 medium, 2 exhaustive):
 62 deleted vars, 11 deleted constraints, 0 added constraints, 180 tightened bounds, 0 added holes, 476 changed sides, 731 changed coefficients
 0 implications, 111 cliques, 0 implied integral variables (0 bin, 0 int, 0 cont)
presolved problem has 133 variables (43 bin, 0 int, 90 cont) and 8889 constraints
    111 constraints of type <setppc>
   8778 constraints of type <linear>
Presolving Time: 2.60
transformed 16/20 original solutions to the transformed problem space

 time | node  | left  |LP iter|LP it/n|mem/heur|mdpt |vars |cons |rows |cuts |sepa|confs|strbr|  dualbound   | primalbound  |  gap   | compl. 
 10.1s|     1 |     0 |  2711 |     - |   586M |   0 | 133 |8890 |8889 |   0 |  0 |   0 |   0 |-1.040731e+03 |-1.040948e+03 |   0.02%| unknown
 10.2s|     1 |     0 |  2711 |     - |   586M |   0 | 133 |8890 |8872 |   0 |  0 |   0 |   0 |-1.040731e+03 |-1.040948e+03 |   0.02%| unknown
 10.3s|     1 |     0 |  2730 |     - |   587M |   0 | 133 |8883 |8874 |   2 |  1 |   0 |   0 |-1.040735e+03 |-1.040948e+03 |   0.02%| unknown
 10.5s|     1 |     0 |  2736 |     - |   588M |   0 | 133 |8883 |8875 |   3 |  2 |   0 |   0 |-1.040735e+03 |-1.040948e+03 |   0.02%| unknown
 10.6s|     1 |     0 |  2750 |     - |   589M |   0 | 133 |8883 |8876 |   4 |  3 |   0 |   0 |-1.040739e+03 |-1.040948e+03 |   0.02%| unknown
 10.8s|     1 |     0 |  2757 |     - |   590M |   0 | 133 |8883 |8878 |   6 |  4 |   0 |   0 |-1.040740e+03 |-1.040948e+03 |   0.02%| unknown
 11.0s|     1 |     0 |  2762 |     - |   591M |   0 | 133 |8883 |8880 |   8 |  5 |   0 |   0 |-1.040740e+03 |-1.040948e+03 |   0.02%| unknown
 11.2s|     1 |     0 |  2773 |     - |   592M |   0 | 133 |8883 |8882 |  10 |  6 |   0 |   0 |-1.040741e+03 |-1.040948e+03 |   0.02%| unknown
 11.3s|     1 |     0 |  2813 |     - |   592M |   0 | 133 |8883 |8883 |  11 |  7 |   0 |   0 |-1.040749e+03 |-1.040948e+03 |   0.02%| unknown
 11.5s|     1 |     0 |  2818 |     - |   593M |   0 | 133 |8883 |8884 |  12 |  8 |   0 |   0 |-1.040749e+03 |-1.040948e+03 |   0.02%| unknown
 11.7s|     1 |     0 |  2850 |     - |   594M |   0 | 133 |8883 |8888 |  16 |  9 |   0 |   0 |-1.040760e+03 |-1.040948e+03 |   0.02%| unknown
 11.9s|     1 |     0 |  2876 |     - |   595M |   0 | 133 |8883 |8891 |  19 | 10 |   0 |   0 |-1.040762e+03 |-1.040948e+03 |   0.02%| unknown
 12.0s|     1 |     0 |  2895 |     - |   596M |   0 | 133 |8883 |8894 |  22 | 11 |   0 |   0 |-1.040766e+03 |-1.040948e+03 |   0.02%| unknown
 12.2s|     1 |     0 |  2895 |     - |   596M |   0 | 133 |8857 |8894 |  22 | 11 |   0 |   0 |-1.040766e+03 |-1.040948e+03 |   0.02%| unknown
 12.2s|     1 |     0 |  2896 |     - |   597M |   0 | 133 |8857 |8895 |  23 | 12 |   0 |   0 |-1.040767e+03 |-1.040948e+03 |   0.02%| unknown
 time | node  | left  |LP iter|LP it/n|mem/heur|mdpt |vars |cons |rows |cuts |sepa|confs|strbr|  dualbound   | primalbound  |  gap   | compl. 
 12.4s|     1 |     0 |  2899 |     - |   598M |   0 | 133 |8857 |8896 |  24 | 13 |   0 |   0 |-1.040767e+03 |-1.040948e+03 |   0.02%| unknown
 12.6s|     1 |     0 |  2912 |     - |   599M |   0 | 133 |8857 |8887 |  26 | 14 |   0 |   0 |-1.040767e+03 |-1.040948e+03 |   0.02%| unknown
 13.1s|     1 |     0 |  3226 |     - |   600M |   0 | 133 |8848 |8887 |  26 | 15 |   4 |   1 |-1.040792e+03 |-1.040948e+03 |   0.01%| unknown
 13.4s|     1 |     0 |  3297 |     - |   600M |   0 | 133 |8851 |8887 |  26 | 16 |   9 |   6 |-1.040948e+03 |-1.040948e+03 |   0.00%| unknown

SCIP Status        : problem is solved [optimal solution found]
Solving Time (sec) : 13.41
Solving Nodes      : 1 (total of 2 nodes in 2 runs)
Primal Bound       : -1.04094761904762e+03 (36 solutions)
Dual Bound         : -1.04094761904762e+03
Gap                : 0.00 %
feasible solution found by trivial heuristic after 0.0 seconds, objective value 0.000000e+00
presolving:
   (0.0s) symmetry computation started: requiring (bin +, int +, cont +), (fixed: bin -, int -, cont -)
   (0.0s) symmetry computation finished: 89 generators found (max: 1500, log10 of symmetry group size: 138.17) (symcode time: 0.00)
dynamic symmetry handling statistics:
   orbitopal reduction:       no components
   orbital reduction:         no components
   lexicographic reduction:   no permutations
handled 1 out of 1 symmetry components
presolving (0 rounds: 0 fast, 0 medium, 0 exhaustive):
 0 deleted vars, 0 deleted constraints, 0 added constraints, 0 tightened bounds, 0 added holes, 0 changed sides, 0 changed coefficients
 0 implications, 0 cliques, 0 implied integral variables (0 bin, 0 int, 0 cont)
presolved problem has 195 variables (105 bin, 0 int, 90 cont) and 999 constraints
    999 constraints of type <linear>
Presolving Time: 0.00
transformed 2/2 original solutions to the transformed problem space

 time | node  | left  |LP iter|LP it/n|mem/heur|mdpt |vars |cons |rows |cuts |sepa|confs|strbr|  dualbound   | primalbound  |  gap   | compl. 
p 0.0s|     1 |     0 |     0 |     - |   locks|   0 | 195 | 910 | 910 |   0 |  0 |   0 |   0 | 4.360000e+02 | 2.080000e+02 | 109.62%| unknown
i 0.0s|     1 |     0 |     0 |     - |  oneopt|   0 | 195 | 910 | 910 |   0 |  0 |   0 |   0 | 4.360000e+02 | 3.460000e+02 |  26.01%| unknown
* 0.0s|     1 |     0 |    12 |     - |    LP  |   0 | 195 | 910 | 910 |   0 |  0 |   0 |   0 | 3.980000e+02 | 3.980000e+02 |   0.00%| unknown
  0.0s|     1 |     0 |    12 |     - |  6014k |   0 | 195 | 910 | 910 |   0 |  0 |   0 |   0 | 3.980000e+02 | 3.980000e+02 |   0.00%| unknown

SCIP Status        : problem is solved [optimal solution found]
Solving Time (sec) : 0.00
Solving Nodes      : 1
Primal Bound       : +3.98000000000000e+02 (6 solutions)
Dual Bound         : +3.98000000000000e+02
Gap                : 0.00 %
  [linear] <c911>: <x106>[C] (+0) +0.338095238<x1>[B] (+1) +0.338095238<x2>[B] (+1) +0.338095238<x3>[B] (+1) +0.338095238<x4>[B] (+1) +0.338095238<x5>[B] (+1) +0.338095238<x6>[B] (+1) +0.338095238<x7>[B] (+1) -0.338095238<x8>[B] (+0) +0.338095238<x9>[B] (+1) +0.338095238<x10>[B] (+0) -0.338095238<x11>[B] (+1) +0.338095238<x12>[B] (+1) +0.338095238<x13>[B] (+1) +0.338095238<x14>[B] (+1) -0.338095238<x15>[B] (+0) +0.338095238<x16>[B] (+0) -0.338095238<x17>[B] (+0) -0.338095238<x18>[B] (+0) -0.338095238<x19>[B] (+0) +0.338095238<x20>[B] (+0) -0.338095238<x21>[B] (+0) +0.338095238<x22>[B] (+1) +0.338095238<x23>[B] (+0) -0.338095238<x24>[B] (+0) -0.338095238<x25>[B] (+0) -0.338095238<x26>[B] (+0) -0.338095238<x27>[B] (+0) +0.338095238<x28>[B] (+1) +0.338095238<x29>[B] (+1) +0.338095238<x30>[B] (+0) -0.338095238<x31>[B] (+1) +0.338095238<x32>[B] (+1) -0.338095238<x33>[B] (+0) +0.338095238<x34>[B] (+1) +0.338095238<x35>[B] (+0) -0.338095238<x36>[B] (+0) +0.338095238<x37>[B] (+0) -0.338095238<x38>[B] (+0) +0.338095238<x39>[B] (+1) -0.338095238<x40>[B] (+0) -0.338095238<x41>[B] (+0) -0.338095238<x42>[B] (+0) -0.338095238<x43>[B] (+1) -0.338095238<x44>[B] (+0) -0.338095238<x45>[B] (+1) -0.338095238<x46>[B] (+0) -0.338095238<x47>[B] (+0) -0.338095238<x48>[B] (+0) -0.338095238<x49>[B] (+0) -0.338095238<x50>[B] (+1) +0.338095238<x51>[B] (+0) -0.338095238<x52>[B] (+0) +0.338095238<x53>[B] (+1) -0.338095238<x54>[B] (+0) +0.338095238<x55>[B] (+1) +0.338095238<x56>[B] (+0) -0.338095238<x57>[B] (+0) +0.338095238<x58>[B] (+0) -0.338095238<x59>[B] (+0) -0.338095238<x60>[B] (+1) -0.338095238<x61>[B] (+1) +0.338095238<x62>[B] (+1) -0.338095238<x63>[B] (+0) +0.338095238<x64>[B] (+1) +0.338095238<x65>[B] (+0) -0.338095238<x66>[B] (+1) -0.338095238<x67>[B] (+0) -0.338095238<x68>[B] (+1) -0.338095238<x69>[B] (+1) +0.338095238<x70>[B] (+1) -0.338095238<x71>[B] (+0) +0.338095238<x72>[B] (+1) +0.338095238<x73>[B] (+0) -0.338095238<x74>[B] (+0) +0.338095238<x75>[B] (+0) +0.338095238<x76>[B] (+0) +0.338095238<x77>[B] (+1) -0.338095238<x78>[B] (+0) -0.338095238<x79>[B] (+1) +0.338095238<x80>[B] (+0) -0.338095238<x81>[B] (+0) -0.338095238<x82>[B] (+0) -0.338095238<x83>[B] (+0) -0.338095238<x84>[B] (+0) +0.338095238<x85>[B] (+1) +0.338095238<x86>[B] (+1) -0.338095238<x87>[B] (+1) +0.338095238<x88>[B] (+1) +0.338095238<x89>[B] (+1) +0.338095238<x90>[B] (+1) +0.338095238<x91>[B] (+0) -0.338095238<x92>[B] (+0) -0.338095238<x93>[B] (+0) -0.338095238<x94>[B] (+0) -0.338095238<x95>[B] (+0) -0.338095238<x96>[B] (+1) -0.338095238<x97>[B] (+1) -0.338095238<x98>[B] (+1) -0.338095238<x99>[B] (+1) +0.338095238<x100>[B] (+0) +0.338095238<x101>[B] (+0) +0.338095238<x102>[B] (+1) -0.338095238<x103>[B] (+1) -0.338095238<x104>[B] (+1) +0.338095238<x105>[B] (+1) >= 10.5666666666667;
;
violation: left hand side is violated by 6.17142857142857
  [linear] <c911>: <x106>[C] (+0) +0.338095238<x1>[B] (+1) +0.338095238<x2>[B] (+1) +0.338095238<x3>[B] (+1) +0.338095238<x4>[B] (+1) +0.338095238<x5>[B] (+1) +0.338095238<x6>[B] (+1) +0.338095238<x7>[B] (+1) -0.338095238<x8>[B] (+1) +0.338095238<x9>[B] (+1) +0.338095238<x10>[B] (+0) -0.338095238<x11>[B] (+1) +0.338095238<x12>[B] (+1) +0.338095238<x13>[B] (+1) +0.338095238<x14>[B] (+1) -0.338095238<x15>[B] (+0) +0.338095238<x16>[B] (+0) -0.338095238<x17>[B] (+0) -0.338095238<x18>[B] (+0) -0.338095238<x19>[B] (+0) +0.338095238<x20>[B] (+0) -0.338095238<x21>[B] (+0) +0.338095238<x22>[B] (+1) +0.338095238<x23>[B] (+0) -0.338095238<x24>[B] (+0) -0.338095238<x25>[B] (+0) -0.338095238<x26>[B] (+0) -0.338095238<x27>[B] (+0) +0.338095238<x28>[B] (+1) +0.338095238<x29>[B] (+0) +0.338095238<x30>[B] (+0) -0.338095238<x31>[B] (+1) +0.338095238<x32>[B] (+1) -0.338095238<x33>[B] (+0) +0.338095238<x34>[B] (+1) +0.338095238<x35>[B] (+0) -0.338095238<x36>[B] (+1) +0.338095238<x37>[B] (+0) -0.338095238<x38>[B] (+0) +0.338095238<x39>[B] (+1) -0.338095238<x40>[B] (+0) -0.338095238<x41>[B] (+0) -0.338095238<x42>[B] (+0) -0.338095238<x43>[B] (+0) -0.338095238<x44>[B] (+0) -0.338095238<x45>[B] (+1) -0.338095238<x46>[B] (+0) -0.338095238<x47>[B] (+0) -0.338095238<x48>[B] (+0) -0.338095238<x49>[B] (+0) -0.338095238<x50>[B] (+1) +0.338095238<x51>[B] (+0) -0.338095238<x52>[B] (+1) +0.338095238<x53>[B] (+1) -0.338095238<x54>[B] (+0) +0.338095238<x55>[B] (+1) +0.338095238<x56>[B] (+0) -0.338095238<x57>[B] (+1) +0.338095238<x58>[B] (+1) -0.338095238<x59>[B] (+1) -0.338095238<x60>[B] (+1) -0.338095238<x61>[B] (+1) +0.338095238<x62>[B] (+1) -0.338095238<x63>[B] (+0) +0.338095238<x64>[B] (+1) +0.338095238<x65>[B] (+0) -0.338095238<x66>[B] (+1) -0.338095238<x67>[B] (+1) -0.338095238<x68>[B] (+1) -0.338095238<x69>[B] (+1) +0.338095238<x70>[B] (+0) -0.338095238<x71>[B] (+0) +0.338095238<x72>[B] (+1) +0.338095238<x73>[B] (+0) -0.338095238<x74>[B] (+1) +0.338095238<x75>[B] (+0) +0.338095238<x76>[B] (+0) +0.338095238<x77>[B] (+1) -0.338095238<x78>[B] (+0) -0.338095238<x79>[B] (+1) +0.338095238<x80>[B] (+0) -0.338095238<x81>[B] (+1) -0.338095238<x82>[B] (+0) -0.338095238<x83>[B] (+0) -0.338095238<x84>[B] (+1) +0.338095238<x85>[B] (+1) +0.338095238<x86>[B] (+0) -0.338095238<x87>[B] (+1) +0.338095238<x88>[B] (+1) +0.338095238<x89>[B] (+1) +0.338095238<x90>[B] (+1) +0.338095238<x91>[B] (+0) -0.338095238<x92>[B] (+0) -0.338095238<x93>[B] (+0) -0.338095238<x94>[B] (+0) -0.338095238<x95>[B] (+0) -0.338095238<x96>[B] (+1) -0.338095238<x97>[B] (+1) -0.338095238<x98>[B] (+1) -0.338095238<x99>[B] (+1) +0.338095238<x100>[B] (+0) +0.338095238<x101>[B] (+0) +0.338095238<x102>[B] (+1) -0.338095238<x103>[B] (+1) -0.338095238<x104>[B] (+1) +0.338095238<x105>[B] (+1) >= 10.5666666666667;
;
violation: left hand side is violated by 9.55238095238095
  [linear] <c911>: <x106>[C] (+0) +0.338095238<x1>[B] (+1) +0.338095238<x2>[B] (+1) +0.338095238<x3>[B] (+1) +0.338095238<x4>[B] (+1) +0.338095238<x5>[B] (+1) +0.338095238<x6>[B] (+1) +0.338095238<x7>[B] (+1) -0.338095238<x8>[B] (+1) +0.338095238<x9>[B] (+1) +0.338095238<x10>[B] (+1) -0.338095238<x11>[B] (+1) +0.338095238<x12>[B] (+1) +0.338095238<x13>[B] (+1) +0.338095238<x14>[B] (+1) -0.338095238<x15>[B] (+0) +0.338095238<x16>[B] (+0) -0.338095238<x17>[B] (+0) -0.338095238<x18>[B] (+0) -0.338095238<x19>[B] (+0) +0.338095238<x20>[B] (+0) -0.338095238<x21>[B] (+0) +0.338095238<x22>[B] (+0) +0.338095238<x23>[B] (+0) -0.338095238<x24>[B] (+0) -0.338095238<x25>[B] (+0) -0.338095238<x26>[B] (+0) -0.338095238<x27>[B] (+1) +0.338095238<x28>[B] (+1) +0.338095238<x29>[B] (+0) +0.338095238<x30>[B] (+0) -0.338095238<x31>[B] (+1) +0.338095238<x32>[B] (+1) -0.338095238<x33>[B] (+1) +0.338095238<x34>[B] (+1) +0.338095238<x35>[B] (+0) -0.338095238<x36>[B] (+1) +0.338095238<x37>[B] (+0) -0.338095238<x38>[B] (+0) +0.338095238<x39>[B] (+1) -0.338095238<x40>[B] (+0) -0.338095238<x41>[B] (+0) -0.338095238<x42>[B] (+1) -0.338095238<x43>[B] (+0) -0.338095238<x44>[B] (+0) -0.338095238<x45>[B] (+0) -0.338095238<x46>[B] (+0) -0.338095238<x47>[B] (+1) -0.338095238<x48>[B] (+0) -0.338095238<x49>[B] (+0) -0.338095238<x50>[B] (+1) +0.338095238<x51>[B] (+1) -0.338095238<x52>[B] (+1) +0.338095238<x53>[B] (+1) -0.338095238<x54>[B] (+1) +0.338095238<x55>[B] (+1) +0.338095238<x56>[B] (+0) -0.338095238<x57>[B] (+1) +0.338095238<x58>[B] (+1) -0.338095238<x59>[B] (+1) -0.338095238<x60>[B] (+1) -0.338095238<x61>[B] (+1) +0.338095238<x62>[B] (+1) -0.338095238<x63>[B] (+1) +0.338095238<x64>[B] (+1) +0.338095238<x65>[B] (+0) -0.338095238<x66>[B] (+1) -0.338095238<x67>[B] (+1) -0.338095238<x68>[B] (+1) -0.338095238<x69>[B] (+1) +0.338095238<x70>[B] (+0) -0.338095238<x71>[B] (+0) +0.338095238<x72>[B] (+0) +0.338095238<x73>[B] (+0) -0.338095238<x74>[B] (+1) +0.338095238<x75>[B] (+0) +0.338095238<x76>[B] (+0) +0.338095238<x77>[B] (+1) -0.338095238<x78>[B] (+1) -0.338095238<x79>[B] (+1) +0.338095238<x80>[B] (+0) -0.338095238<x81>[B] (+1) -0.338095238<x82>[B] (+0) -0.338095238<x83>[B] (+0) -0.338095238<x84>[B] (+1) +0.338095238<x85>[B] (+1) +0.338095238<x86>[B] (+0) -0.338095238<x87>[B] (+1) +0.338095238<x88>[B] (+0) +0.338095238<x89>[B] (+0) +0.338095238<x90>[B] (+1) +0.338095238<x91>[B] (+0) -0.338095238<x92>[B] (+1) -0.338095238<x93>[B] (+0) -0.338095238<x94>[B] (+0) -0.338095238<x95>[B] (+1) -0.338095238<x96>[B] (+1) -0.338095238<x97>[B] (+1) -0.338095238<x98>[B] (+1) -0.338095238<x99>[B] (+1) +0.338095238<x100>[B] (+0) +0.338095238<x101>[B] (+0) +0.338095238<x102>[B] (+1) -0.338095238<x103>[B] (+1) -0.338095238<x104>[B] (+1) +0.338095238<x105>[B] (+1) >= 10.5666666666667;
;
violation: left hand side is violated by 12.9333333333333
  [linear] <c911>: <x106>[C] (+0) +0.338095238<x1>[B] (+0) +0.338095238<x2>[B] (+0) +0.338095238<x3>[B] (+0) +0.338095238<x4>[B] (+0) +0.338095238<x5>[B] (+0) +0.338095238<x6>[B] (+0) +0.338095238<x7>[B] (+0) -0.338095238<x8>[B] (+0) +0.338095238<x9>[B] (+0) +0.338095238<x10>[B] (+0) -0.338095238<x11>[B] (+0) +0.338095238<x12>[B] (+0) +0.338095238<x13>[B] (+0) +0.338095238<x14>[B] (+0) -0.338095238<x15>[B] (+0) +0.338095238<x16>[B] (+0) -0.338095238<x17>[B] (+0) -0.338095238<x18>[B] (+0) -0.338095238<x19>[B] (+0) +0.338095238<x20>[B] (+0) -0.338095238<x21>[B] (+0) +0.338095238<x22>[B] (+0) +0.338095238<x23>[B] (+0) -0.338095238<x24>[B] (+0) -0.338095238<x25>[B] (+0) -0.338095238<x26>[B] (+0) -0.338095238<x27>[B] (+0) +0.338095238<x28>[B] (+0) +0.338095238<x29>[B] (+0) +0.338095238<x30>[B] (+0) -0.338095238<x31>[B] (+0) +0.338095238<x32>[B] (+0) -0.338095238<x33>[B] (+0) +0.338095238<x34>[B] (+0) +0.338095238<x35>[B] (+0) -0.338095238<x36>[B] (+0) +0.338095238<x37>[B] (+0) -0.338095238<x38>[B] (+0) +0.338095238<x39>[B] (+0) -0.338095238<x40>[B] (+0) -0.338095238<x41>[B] (+0) -0.338095238<x42>[B] (+0) -0.338095238<x43>[B] (+0) -0.338095238<x44>[B] (+0) -0.338095238<x45>[B] (+0) -0.338095238<x46>[B] (+0) -0.338095238<x47>[B] (+0) -0.338095238<x48>[B] (+0) -0.338095238<x49>[B] (+0) -0.338095238<x50>[B] (+0) +0.338095238<x51>[B] (+0) -0.338095238<x52>[B] (+0) +0.338095238<x53>[B] (+0) -0.338095238<x54>[B] (+0) +0.338095238<x55>[B] (+0) +0.338095238<x56>[B] (+0) -0.338095238<x57>[B] (+0) +0.338095238<x58>[B] (+0) -0.338095238<x59>[B] (+0) -0.338095238<x60>[B] (+0) -0.338095238<x61>[B] (+0) +0.338095238<x62>[B] (+0) -0.338095238<x63>[B] (+0) +0.338095238<x64>[B] (+0) +0.338095238<x65>[B] (+0) -0.338095238<x66>[B] (+0) -0.338095238<x67>[B] (+0) -0.338095238<x68>[B] (+0) -0.338095238<x69>[B] (+0) +0.338095238<x70>[B] (+0) -0.338095238<x71>[B] (+0) +0.338095238<x72>[B] (+0) +0.338095238<x73>[B] (+0) -0.338095238<x74>[B] (+0) +0.338095238<x75>[B] (+0) +0.338095238<x76>[B] (+0) +0.338095238<x77>[B] (+0) -0.338095238<x78>[B] (+0) -0.338095238<x79>[B] (+0) +0.338095238<x80>[B] (+0) -0.338095238<x81>[B] (+0) -0.338095238<x82>[B] (+0) -0.338095238<x83>[B] (+0) -0.338095238<x84>[B] (+0) +0.338095238<x85>[B] (+0) +0.338095238<x86>[B] (+0) -0.338095238<x87>[B] (+0) +0.338095238<x88>[B] (+0) +0.338095238<x89>[B] (+0) +0.338095238<x90>[B] (+0) +0.338095238<x91>[B] (+0) -0.338095238<x92>[B] (+0) -0.338095238<x93>[B] (+0) -0.338095238<x94>[B] (+0) -0.338095238<x95>[B] (+0) -0.338095238<x96>[B] (+0) -0.338095238<x97>[B] (+0) -0.338095238<x98>[B] (+0) -0.338095238<x99>[B] (+0) +0.338095238<x100>[B] (+0) +0.338095238<x101>[B] (+0) +0.338095238<x102>[B] (+0) -0.338095238<x103>[B] (+0) -0.338095238<x104>[B] (+0) +0.338095238<x105>[B] (+0) >= 10.5666666666667;
;
violation: left hand side is violated by 10.5666666666667
  [linear] <c911>: <x106>[C] (+0) +0.338095238<x1>[B] (+1) +0.338095238<x2>[B] (+1) +0.338095238<x3>[B] (+1) +0.338095238<x4>[B] (+1) +0.338095238<x5>[B] (+1) +0.338095238<x6>[B] (+1) +0.338095238<x7>[B] (+1) -0.338095238<x8>[B] (+1) +0.338095238<x9>[B] (+1) +0.338095238<x10>[B] (+1) -0.338095238<x11>[B] (+1) +0.338095238<x12>[B] (+1) +0.338095238<x13>[B] (+1) +0.338095238<x14>[B] (+1) -0.338095238<x15>[B] (+1) +0.338095238<x16>[B] (+1) -0.338095238<x17>[B] (+1) -0.338095238<x18>[B] (+1) -0.338095238<x19>[B] (+1) +0.338095238<x20>[B] (+1) -0.338095238<x21>[B] (+1) +0.338095238<x22>[B] (+1) +0.338095238<x23>[B] (+1) -0.338095238<x24>[B] (+1) -0.338095238<x25>[B] (+1) -0.338095238<x26>[B] (+1) -0.338095238<x27>[B] (+1) +0.338095238<x28>[B] (+1) +0.338095238<x29>[B] (+1) +0.338095238<x30>[B] (+1) -0.338095238<x31>[B] (+1) +0.338095238<x32>[B] (+1) -0.338095238<x33>[B] (+1) +0.338095238<x34>[B] (+1) +0.338095238<x35>[B] (+1) -0.338095238<x36>[B] (+1) +0.338095238<x37>[B] (+1) -0.338095238<x38>[B] (+1) +0.338095238<x39>[B] (+1) -0.338095238<x40>[B] (+1) -0.338095238<x41>[B] (+1) -0.338095238<x42>[B] (+1) -0.338095238<x43>[B] (+1) -0.338095238<x44>[B] (+1) -0.338095238<x45>[B] (+1) -0.338095238<x46>[B] (+1) -0.338095238<x47>[B] (+1) -0.338095238<x48>[B] (+1) -0.338095238<x49>[B] (+1) -0.338095238<x50>[B] (+1) +0.338095238<x51>[B] (+1) -0.338095238<x52>[B] (+1) +0.338095238<x53>[B] (+1) -0.338095238<x54>[B] (+1) +0.338095238<x55>[B] (+1) +0.338095238<x56>[B] (+1) -0.338095238<x57>[B] (+1) +0.338095238<x58>[B] (+1) -0.338095238<x59>[B] (+1) -0.338095238<x60>[B] (+1) -0.338095238<x61>[B] (+1) +0.338095238<x62>[B] (+1) -0.338095238<x63>[B] (+1) +0.338095238<x64>[B] (+1) +0.338095238<x65>[B] (+1) -0.338095238<x66>[B] (+1) -0.338095238<x67>[B] (+1) -0.338095238<x68>[B] (+1) -0.338095238<x69>[B] (+1) +0.338095238<x70>[B] (+1) -0.338095238<x71>[B] (+1) +0.338095238<x72>[B] (+1) +0.338095238<x73>[B] (+1) -0.338095238<x74>[B] (+1) +0.338095238<x75>[B] (+1) +0.338095238<x76>[B] (+1) +0.338095238<x77>[B] (+1) -0.338095238<x78>[B] (+1) -0.338095238<x79>[B] (+1) +0.338095238<x80>[B] (+1) -0.338095238<x81>[B] (+1) -0.338095238<x82>[B] (+1) -0.338095238<x83>[B] (+1) -0.338095238<x84>[B] (+1) +0.338095238<x85>[B] (+1) +0.338095238<x86>[B] (+1) -0.338095238<x87>[B] (+1) +0.338095238<x88>[B] (+1) +0.338095238<x89>[B] (+1) +0.338095238<x90>[B] (+1) +0.338095238<x91>[B] (+1) -0.338095238<x92>[B] (+1) -0.338095238<x93>[B] (+1) -0.338095238<x94>[B] (+1) -0.338095238<x95>[B] (+1) -0.338095238<x96>[B] (+1) -0.338095238<x97>[B] (+1) -0.338095238<x98>[B] (+1) -0.338095238<x99>[B] (+1) +0.338095238<x100>[B] (+1) +0.338095238<x101>[B] (+1) +0.338095238<x102>[B] (+1) -0.338095238<x103>[B] (+1) -0.338095238<x104>[B] (+1) +0.338095238<x105>[B] (+1) >= 10.5666666666667;
;
violation: left hand side is violated by 12.9333333333333
1/6 feasible solution given by solution candidate storage, new primal bound -9.000052e+06

presolving:
   (0.0s) symmetry computation started: requiring (bin +, int +, cont +), (fixed: bin -, int -, cont -)
   (0.0s) no symmetry present (symcode time: 0.00)
presolving (0 rounds: 0 fast, 0 medium, 0 exhaustive):
 0 deleted vars, 0 deleted constraints, 0 added constraints, 0 tightened bounds, 0 added holes, 0 changed sides, 0 changed coefficients
 0 implications, 0 cliques, 0 implied integral variables (0 bin, 0 int, 0 cont)
presolved problem has 195 variables (105 bin, 0 int, 90 cont) and 1000 constraints
   1000 constraints of type <linear>
Presolving Time: 0.00
transformed 1/1 original solutions to the transformed problem space

 time | node  | left  |LP iter|LP it/n|mem/heur|mdpt |vars |cons |rows |cuts |sepa|confs|strbr|  dualbound   | primalbound  |  gap   | compl. 
p 0.0s|     1 |     0 |    16 |     - |   locks|   0 | 195 |1000 |1000 |   0 |  0 |   0 |   0 | 4.360000e+02 |-1.297448e+03 |    Inf | unknown
* 0.0s|     1 |     0 |   366 |     - |    LP  |   0 | 195 |1000 |1000 |   0 |  0 |   0 |   0 |-1.036367e+03 |-1.036367e+03 |   0.00%| unknown
  0.0s|     1 |     0 |   366 |     - |    10M |   0 | 195 |1000 |1000 |   0 |  0 |   0 |   0 |-1.036367e+03 |-1.036367e+03 |   0.00%| unknown

SCIP Status        : problem is solved [optimal solution found]
Solving Time (sec) : 0.03
Solving Nodes      : 1
Primal Bound       : -1.03636666666667e+03 (4 solutions)
Dual Bound         : -1.03636666666667e+03
Gap                : 0.00 %
  [linear] <c1001>: <x106>[C] (+6.50952381) +0.347619048<x1>[B] (+1) +0.347619048<x2>[B] (+1) +0.347619048<x3>[B] (+1) +0.347619048<x4>[B] (+1) +0.347619048<x5>[B] (+1) +0.347619048<x6>[B] (+1) +0.347619048<x7>[B] (+1) -0.347619048<x8>[B] (+1) +0.347619048<x9>[B] (+1) +0.347619048<x10>[B] (+1) -0.347619048<x11>[B] (+1) +0.347619048<x12>[B] (+0) +0.347619048<x13>[B] (+1) +0.347619048<x14>[B] (+1) -0.347619048<x15>[B] (+0) +0.347619048<x16>[B] (+0) -0.347619048<x17>[B] (+0) -0.347619048<x18>[B] (+0) -0.347619048<x19>[B] (+1) +0.347619048<x20>[B] (+0) -0.347619048<x21>[B] (+0) +0.347619048<x22>[B] (+1) +0.347619048<x23>[B] (+0) -0.347619048<x24>[B] (+0) -0.347619048<x25>[B] (+0) -0.347619048<x26>[B] (+0) -0.347619048<x27>[B] (+0) +0.347619048<x28>[B] (+1) +0.347619048<x29>[B] (+1) +0.347619048<x30>[B] (+0) -0.347619048<x31>[B] (+1) +0.347619048<x32>[B] (+1) -0.347619048<x33>[B] (+0) +0.347619048<x34>[B] (+1) +0.347619048<x35>[B] (+1) -0.347619048<x36>[B] (+0) +0.347619048<x37>[B] (+0) -0.347619048<x38>[B] (+0) +0.347619048<x39>[B] (+1) -0.347619048<x40>[B] (+0) -0.347619048<x41>[B] (+0) -0.347619048<x42>[B] (+1) -0.347619048<x43>[B] (+1) -0.347619048<x44>[B] (+0) -0.347619048<x45>[B] (+1) -0.347619048<x46>[B] (+0) -0.347619048<x47>[B] (+0) -0.347619048<x48>[B] (+0) -0.347619048<x49>[B] (+0) -0.347619048<x50>[B] (+1) +0.347619048<x51>[B] (+0) -0.347619048<x52>[B] (+1) +0.347619048<x53>[B] (+1) -0.347619048<x54>[B] (+0) +0.347619048<x55>[B] (+1) +0.347619048<x56>[B] (+0) -0.347619048<x57>[B] (+0) +0.347619048<x58>[B] (+0) -0.347619048<x59>[B] (+0) -0.347619048<x60>[B] (+1) -0.347619048<x61>[B] (+1) +0.347619048<x62>[B] (+1) -0.347619048<x63>[B] (+1) +0.347619048<x64>[B] (+1) +0.347619048<x65>[B] (+1) -0.347619048<x66>[B] (+1) -0.347619048<x67>[B] (+0) -0.347619048<x68>[B] (+1) -0.347619048<x69>[B] (+1) +0.347619048<x70>[B] (+0) -0.347619048<x71>[B] (+0) +0.347619048<x72>[B] (+1) +0.347619048<x73>[B] (+0) -0.347619048<x74>[B] (+0) +0.347619048<x75>[B] (+0) +0.347619048<x76>[B] (+0) +0.347619048<x77>[B] (+0) -0.347619048<x78>[B] (+0) -0.347619048<x79>[B] (+1) +0.347619048<x80>[B] (+0) -0.347619048<x81>[B] (+0) -0.347619048<x82>[B] (+0) -0.347619048<x83>[B] (+0) -0.347619048<x84>[B] (+0) +0.347619048<x85>[B] (+1) +0.347619048<x86>[B] (+1) -0.347619048<x87>[B] (+0) +0.347619048<x88>[B] (+0) +0.347619048<x89>[B] (+1) +0.347619048<x90>[B] (+1) +0.347619048<x91>[B] (+0) -0.347619048<x92>[B] (+0) -0.347619048<x93>[B] (+0) -0.347619048<x94>[B] (+0) -0.347619048<x95>[B] (+0) -0.347619048<x96>[B] (+0) -0.347619048<x97>[B] (+0) -0.347619048<x98>[B] (+0) -0.347619048<x99>[B] (+1) +0.347619048<x100>[B] (+0) +0.347619048<x101>[B] (+1) +0.347619048<x102>[B] (+1) -0.347619048<x103>[B] (+1) -0.347619048<x104>[B] (+1) +0.347619048<x105>[B] (+1) >= 10.6904761904762;
;
violation: left hand side is violated by 0.00952380952380949
  [linear] <c1001>: <x106>[C] (+15.6380952) +0.347619048<x1>[B] (+0) +0.347619048<x2>[B] (+0) +0.347619048<x3>[B] (+0) +0.347619048<x4>[B] (+0) +0.347619048<x5>[B] (+0) +0.347619048<x6>[B] (+0) +0.347619048<x7>[B] (+0) -0.347619048<x8>[B] (+1) +0.347619048<x9>[B] (+0) +0.347619048<x10>[B] (+1) -0.347619048<x11>[B] (+0) +0.347619048<x12>[B] (+0) +0.347619048<x13>[B] (+0) +0.347619048<x14>[B] (+0) -0.347619048<x15>[B] (+1) +0.347619048<x16>[B] (+1) -0.347619048<x17>[B] (+1) -0.347619048<x18>[B] (+1) -0.347619048<x19>[B] (+1) +0.347619048<x20>[B] (+1) -0.347619048<x21>[B] (+1) +0.347619048<x22>[B] (+0) +0.347619048<x23>[B] (+1) -0.347619048<x24>[B] (+1) -0.347619048<x25>[B] (+1) -0.347619048<x26>[B] (+1) -0.347619048<x27>[B] (+1) +0.347619048<x28>[B] (+0) +0.347619048<x29>[B] (+0) +0.347619048<x30>[B] (+0) -0.347619048<x31>[B] (+0) +0.347619048<x32>[B] (+0) -0.347619048<x33>[B] (+1) +0.347619048<x34>[B] (+0) +0.347619048<x35>[B] (+1) -0.347619048<x36>[B] (+0) +0.347619048<x37>[B] (+0) -0.347619048<x38>[B] (+0) +0.347619048<x39>[B] (+0) -0.347619048<x40>[B] (+1) -0.347619048<x41>[B] (+1) -0.347619048<x42>[B] (+1) -0.347619048<x43>[B] (+1) -0.347619048<x44>[B] (+1) -0.347619048<x45>[B] (+0) -0.347619048<x46>[B] (+1) -0.347619048<x47>[B] (+1) -0.347619048<x48>[B] (+1) -0.347619048<x49>[B] (+1) -0.347619048<x50>[B] (+0) +0.347619048<x51>[B] (+1) -0.347619048<x52>[B] (+0) +0.347619048<x53>[B] (+0) -0.347619048<x54>[B] (+1) +0.347619048<x55>[B] (+0) +0.347619048<x56>[B] (+1) -0.347619048<x57>[B] (+0) +0.347619048<x58>[B] (+1) -0.347619048<x59>[B] (+1) -0.347619048<x60>[B] (+0) -0.347619048<x61>[B] (+0) +0.347619048<x62>[B] (+0) -0.347619048<x63>[B] (+1) +0.347619048<x64>[B] (+0) +0.347619048<x65>[B] (+1) -0.347619048<x66>[B] (+0) -0.347619048<x67>[B] (+1) -0.347619048<x68>[B] (+0) -0.347619048<x69>[B] (+0) +0.347619048<x70>[B] (+1) -0.347619048<x71>[B] (+1) +0.347619048<x72>[B] (+0) +0.347619048<x73>[B] (+1) -0.347619048<x74>[B] (+0) +0.347619048<x75>[B] (+1) +0.347619048<x76>[B] (+1) +0.347619048<x77>[B] (+0) -0.347619048<x78>[B] (+1) -0.347619048<x79>[B] (+0) +0.347619048<x80>[B] (+1) -0.347619048<x81>[B] (+0) -0.347619048<x82>[B] (+1) -0.347619048<x83>[B] (+1) -0.347619048<x84>[B] (+0) +0.347619048<x85>[B] (+0) +0.347619048<x86>[B] (+0) -0.347619048<x87>[B] (+0) +0.347619048<x88>[B] (+0) +0.347619048<x89>[B] (+0) +0.347619048<x90>[B] (+0) +0.347619048<x91>[B] (+1) -0.347619048<x92>[B] (+1) -0.347619048<x93>[B] (+1) -0.347619048<x94>[B] (+1) -0.347619048<x95>[B] (+1) -0.347619048<x96>[B] (+0) -0.347619048<x97>[B] (+0) -0.347619048<x98>[B] (+0) -0.347619048<x99>[B] (+0) +0.347619048<x100>[B] (+1) +0.347619048<x101>[B] (+1) +0.347619048<x102>[B] (+0) -0.347619048<x103>[B] (+0) -0.347619048<x104>[B] (+0) +0.347619048<x105>[B] (+0) >= 10.6904761904762;
;
violation: left hand side is violated by 0.266666666666666
2/4 feasible solutions given by solution candidate storage, new primal bound -9.000052e+06

presolving:
   (0.0s) symmetry computation started: requiring (bin +, int +, cont +), (fixed: bin -, int -, cont -)
   (0.0s) no symmetry present (symcode time: 0.00)
presolving (0 rounds: 0 fast, 0 medium, 0 exhaustive):
 0 deleted vars, 0 deleted constraints, 0 added constraints, 0 tightened bounds, 0 added holes, 0 changed sides, 0 changed coefficients
 0 implications, 0 cliques, 0 implied integral variables (0 bin, 0 int, 0 cont)
presolved problem has 195 variables (105 bin, 0 int, 90 cont) and 1081 constraints
   1081 constraints of type <linear>
Presolving Time: 0.01
transformed 2/2 original solutions to the transformed problem space

 time | node  | left  |LP iter|LP it/n|mem/heur|mdpt |vars |cons |rows |cuts |sepa|confs|strbr|  dualbound   | primalbound  |  gap   | compl. 
p 0.0s|     1 |     0 |    33 |     - |   locks|   0 | 195 |1081 |1081 |   0 |  0 |   0 |   0 | 4.360000e+02 |-1.335295e+03 |    Inf | unknown
  0.0s|     1 |     0 |   536 |     - |    15M |   0 | 195 |1081 |1081 |   0 |  0 |   0 |   0 |-1.039121e+03 |-1.335295e+03 |  28.50%| unknown
r 0.0s|     1 |     0 |   536 |     - |shifting|   0 | 195 |1081 |1081 |   0 |  0 |   0 |   0 |-1.039121e+03 |-1.164128e+03 |  12.03%| unknown
  0.1s|     1 |     0 |   541 |     - |    16M |   0 | 195 |1081 |1082 |   1 |  1 |   0 |   0 |-1.039171e+03 |-1.164128e+03 |  12.02%| unknown
  0.1s|     1 |     0 |   541 |     - |    16M |   0 | 195 |1081 |1082 |   1 |  1 |   0 |   0 |-1.039171e+03 |-1.164128e+03 |  12.02%| unknown
  0.1s|     1 |     0 |   564 |     - |    16M |   0 | 195 |1081 |1083 |   2 |  2 |   0 |   0 |-1.039373e+03 |-1.164128e+03 |  12.00%| unknown
  0.2s|     1 |     0 |   593 |     - |    16M |   0 | 195 |1081 |1085 |   4 |  3 |   0 |   0 |-1.039588e+03 |-1.164128e+03 |  11.98%| unknown
r 0.2s|     1 |     0 |   593 |     - |shifting|   0 | 195 |1081 |1085 |   4 |  3 |   0 |   0 |-1.039588e+03 |-1.144805e+03 |  10.12%| unknown
  0.2s|     1 |     0 |   606 |     - |    16M |   0 | 195 |1081 |1087 |   6 |  4 |   0 |   0 |-1.039607e+03 |-1.144805e+03 |  10.12%| unknown
  0.3s|     1 |     0 |   620 |     - |    17M |   0 | 195 |1081 |1089 |   8 |  5 |   0 |   0 |-1.039663e+03 |-1.144805e+03 |  10.11%| unknown
  0.3s|     1 |     0 |   649 |     - |    17M |   0 | 195 |1081 |1091 |  10 |  6 |   0 |   0 |-1.039774e+03 |-1.144805e+03 |  10.10%| unknown
  0.4s|     1 |     0 |   658 |     - |    17M |   0 | 195 |1081 |1093 |  12 |  7 |   0 |   0 |-1.039789e+03 |-1.144805e+03 |  10.10%| unknown
  0.4s|     1 |     0 |   672 |     - |    18M |   0 | 195 |1081 |1095 |  14 |  8 |   0 |   0 |-1.039797e+03 |-1.144805e+03 |  10.10%| unknown
  0.5s|     1 |     0 |   694 |     - |    19M |   0 | 195 |1081 |1098 |  17 |  9 |   0 |   0 |-1.039823e+03 |-1.144805e+03 |  10.10%| unknown
  0.6s|     1 |     0 |   702 |     - |    19M |   0 | 195 |1081 |1101 |  20 | 10 |   0 |   0 |-1.039839e+03 |-1.144805e+03 |  10.09%| unknown
 time | node  | left  |LP iter|LP it/n|mem/heur|mdpt |vars |cons |rows |cuts |sepa|confs|strbr|  dualbound   | primalbound  |  gap   | compl. 
  0.6s|     1 |     0 |   721 |     - |    19M |   0 | 195 |1081 |1104 |  23 | 11 |   0 |   0 |-1.039854e+03 |-1.144805e+03 |  10.09%| unknown
  0.6s|     1 |     0 |   744 |     - |    19M |   0 | 195 |1081 |1107 |  26 | 12 |   0 |   0 |-1.039872e+03 |-1.144805e+03 |  10.09%| unknown
  0.7s|     1 |     0 |   756 |     - |    19M |   0 | 195 |1081 |1109 |  28 | 13 |   0 |   0 |-1.039875e+03 |-1.144805e+03 |  10.09%| unknown
  0.7s|     1 |     0 |   775 |     - |    19M |   0 | 195 |1081 |1111 |  30 | 14 |   0 |   0 |-1.039898e+03 |-1.144805e+03 |  10.09%| unknown
  0.7s|     1 |     0 |   784 |     - |    20M |   0 | 195 |1081 |1112 |  31 | 15 |   0 |   0 |-1.039903e+03 |-1.144805e+03 |  10.09%| unknown
r 0.8s|     1 |     0 |   881 |     - |intshift|   0 | 195 |1081 |1112 |  31 | 16 |   0 |   0 |-1.039903e+03 |-1.073767e+03 |   3.26%| unknown
d 0.8s|     1 |     0 |  1064 |     - |farkasdi|   0 | 195 |1081 |1112 |   0 | 16 |   0 |   0 |-1.039903e+03 |-1.044786e+03 |   0.47%| unknown
L 0.8s|     1 |     0 |  1064 |     - |    rens|   0 | 195 |1081 |1112 |  31 | 16 |   0 |   0 |-1.039903e+03 |-1.040729e+03 |   0.08%| unknown
  0.8s|     1 |     0 |  1064 |     - |    20M |   0 | 195 |1081 |1112 |  31 | 16 |   0 |   0 |-1.039903e+03 |-1.040729e+03 |   0.08%| unknown
  0.8s|     1 |     0 |  1064 |     - |    20M |   0 | 195 |1081 | 520 |  31 | 16 |   0 |   0 |-1.039903e+03 |-1.040729e+03 |   0.08%| unknown
  0.9s|     1 |     0 |  1064 |     - |    20M |   0 | 195 | 444 | 520 |  31 | 17 |   0 |   0 |-1.039903e+03 |-1.040729e+03 |   0.08%| unknown
(run 1, node 1) restarting after 54 global fixings of integer variables

(restart) converted 31 cuts from the global cut pool into linear constraints

presolving:
presolving (0 rounds: 0 fast, 0 medium, 0 exhaustive):
 0 deleted vars, 0 deleted constraints, 0 added constraints, 0 tightened bounds, 0 added holes, 0 changed sides, 0 changed coefficients
 0 implications, 0 cliques, 0 implied integral variables (0 bin, 0 int, 0 cont)
presolved problem has 195 variables (105 bin, 0 int, 90 cont) and 475 constraints
    475 constraints of type <linear>
Presolving Time: 0.01
transformed 15/23 original solutions to the transformed problem space

 time | node  | left  |LP iter|LP it/n|mem/heur|mdpt |vars |cons |rows |cuts |sepa|confs|strbr|  dualbound   | primalbound  |  gap   | compl. 
  0.9s|     1 |     0 |  1565 |     - |    20M |   0 | 195 | 475 | 475 |   0 |  0 |   0 |   0 |-1.039903e+03 |-1.040729e+03 |   0.08%| unknown
  0.9s|     1 |     0 |  1565 |     - |    20M |   0 | 195 | 475 | 470 |   0 |  0 |   0 |   0 |-1.039903e+03 |-1.040729e+03 |   0.08%| unknown
  0.9s|     1 |     0 |  1587 |     - |    20M |   0 | 195 | 475 | 472 |   2 |  1 |   0 |   0 |-1.039924e+03 |-1.040729e+03 |   0.08%| unknown
  1.0s|     1 |     0 |  1601 |     - |    20M |   0 | 195 | 475 | 473 |   3 |  2 |   0 |   0 |-1.039947e+03 |-1.040729e+03 |   0.08%| unknown
  1.0s|     1 |     0 |  1615 |     - |    21M |   0 | 195 | 475 | 475 |   5 |  3 |   0 |   0 |-1.039965e+03 |-1.040729e+03 |   0.07%| unknown
  1.1s|     1 |     0 |  1650 |     - |    21M |   0 | 195 | 475 | 476 |   6 |  4 |   0 |   0 |-1.039982e+03 |-1.040729e+03 |   0.07%| unknown
  1.1s|     1 |     0 |  1650 |     - |    21M |   0 | 195 | 475 | 466 |   6 |  4 |   0 |   0 |-1.039982e+03 |-1.040729e+03 |   0.07%| unknown
  1.2s|     1 |     0 |  1651 |     - |    21M |   0 | 195 | 475 | 468 |   8 |  5 |   0 |   0 |-1.039983e+03 |-1.040729e+03 |   0.07%| unknown
  1.3s|     1 |     0 |  1661 |     - |    21M |   0 | 195 | 475 | 469 |   9 |  6 |   0 |   0 |-1.039989e+03 |-1.040729e+03 |   0.07%| unknown
  1.3s|     1 |     0 |  1672 |     - |    21M |   0 | 195 | 475 | 471 |  11 |  7 |   0 |   0 |-1.039997e+03 |-1.040729e+03 |   0.07%| unknown
  1.4s|     1 |     0 |  1685 |     - |    21M |   0 | 195 | 475 | 472 |  12 |  8 |   0 |   0 |-1.040001e+03 |-1.040729e+03 |   0.07%| unknown
  1.4s|     1 |     0 |  1686 |     - |    21M |   0 | 195 | 475 | 473 |  13 |  9 |   0 |   0 |-1.040001e+03 |-1.040729e+03 |   0.07%| unknown
  1.5s|     1 |     0 |  1697 |     - |    21M |   0 | 195 | 475 | 474 |  14 | 10 |   0 |   0 |-1.040003e+03 |-1.040729e+03 |   0.07%| unknown
  1.6s|     1 |     0 |  1713 |     - |    21M |   0 | 195 | 475 | 475 |  15 | 11 |   0 |   0 |-1.040006e+03 |-1.040729e+03 |   0.07%| unknown
  1.6s|     1 |     0 |  1713 |     - |    21M |   0 | 195 | 448 | 475 |  15 | 11 |   0 |   0 |-1.040006e+03 |-1.040729e+03 |   0.07%| unknown
 time | node  | left  |LP iter|LP it/n|mem/heur|mdpt |vars |cons |rows |cuts |sepa|confs|strbr|  dualbound   | primalbound  |  gap   | compl. 
  1.6s|     1 |     0 |  1726 |     - |    21M |   0 | 195 | 448 | 461 |  16 | 12 |   0 |   0 |-1.040011e+03 |-1.040729e+03 |   0.07%| unknown
  1.7s|     1 |     0 |  1735 |     - |    21M |   0 | 195 | 448 | 462 |  17 | 13 |   0 |   0 |-1.040013e+03 |-1.040729e+03 |   0.07%| unknown
  1.7s|     1 |     0 |  1763 |     - |    21M |   0 | 195 | 448 | 463 |  18 | 14 |   0 |   0 |-1.040019e+03 |-1.040729e+03 |   0.07%| unknown
  1.8s|     1 |     0 |  1768 |     - |    21M |   0 | 195 | 448 | 464 |  19 | 15 |   0 |   0 |-1.040019e+03 |-1.040729e+03 |   0.07%| unknown
  1.8s|     1 |     0 |  1782 |     - |    21M |   0 | 195 | 448 | 466 |  21 | 16 |   0 |   0 |-1.040023e+03 |-1.040729e+03 |   0.07%| unknown
  1.9s|     1 |     0 |  1785 |     - |    21M |   0 | 195 | 448 | 467 |  22 | 17 |   0 |   0 |-1.040023e+03 |-1.040729e+03 |   0.07%| unknown
  2.0s|     1 |     0 |  1786 |     - |    21M |   0 | 195 | 448 | 462 |  23 | 18 |   0 |   0 |-1.040023e+03 |-1.040729e+03 |   0.07%| unknown
  2.1s|     1 |     0 |  2059 |     - |    22M |   0 | 195 | 398 | 462 |  23 | 19 |   9 |   2 |-1.040234e+03 |-1.040729e+03 |   0.05%| unknown
  2.1s|     1 |     0 |  2076 |     - |    22M |   0 | 195 | 398 | 463 |  24 | 20 |   9 |   2 |-1.040253e+03 |-1.040729e+03 |   0.05%| unknown
  2.1s|     1 |     0 |  2077 |     - |    22M |   0 | 195 | 398 | 464 |  25 | 21 |   9 |   2 |-1.040253e+03 |-1.040729e+03 |   0.05%| unknown
  2.2s|     1 |     0 |  2108 |     - |    22M |   0 | 195 | 392 | 464 |  25 | 21 |  10 |   3 |-1.040716e+03 |-1.040729e+03 |   0.00%| unknown
  2.2s|     1 |     0 |  2108 |     - |    22M |   0 | 195 | 392 | 321 |  25 | 21 |  10 |   3 |-1.040716e+03 |-1.040729e+03 |   0.00%| unknown
  2.2s|     1 |     0 |  2109 |     - |    22M |   0 | 195 | 392 | 322 |  26 | 22 |  10 |   3 |-1.040716e+03 |-1.040729e+03 |   0.00%| unknown
  2.2s|     1 |     0 |  2109 |     - |    22M |   0 | 195 | 273 | 322 |  26 | 23 |  10 |   3 |-1.040716e+03 |-1.040729e+03 |   0.00%| unknown
  2.2s|     1 |     0 |  2112 |     - |    22M |   0 | 195 | 273 | 322 |  26 | 24 |  12 |   8 |-1.040729e+03 |-1.040729e+03 |   0.00%| unknown

SCIP Status        : problem is solved [optimal solution found]
Solving Time (sec) : 2.20
Solving Nodes      : 1 (total of 2 nodes in 2 runs)
Primal Bound       : -1.04072857142857e+03 (48 solutions)
Dual Bound         : -1.04072857142857e+03
Gap                : 0.00 %
  [linear] <c1082>: <x109>[C] (+22.0095238) -0.642857143<x1>[B] (+1) -0.642857143<x2>[B] (+1) -0.642857143<x3>[B] (+1) +0.642857143<x4>[B] (+1) -0.642857143<x5>[B] (+1) -0.642857143<x6>[B] (+1) -0.642857143<x7>[B] (+1) -0.642857143<x8>[B] (+0) -0.642857143<x9>[B] (+1) +0.642857143<x10>[B] (+0) -0.642857143<x11>[B] (+1) +0.642857143<x12>[B] (+0) -0.642857143<x13>[B] (+1) -0.642857143<x14>[B] (+1) -0.642857143<x15>[B] (+0) -0.642857143<x16>[B] (+0) +0.642857143<x17>[B] (+0) +0.642857143<x18>[B] (+0) -0.642857143<x19>[B] (+0) +0.642857143<x20>[B] (+0) -0.642857143<x21>[B] (+0) -0.642857143<x22>[B] (+1) +0.642857143<x23>[B] (+0) +0.642857143<x24>[B] (+0) +0.642857143<x25>[B] (+0) +0.642857143<x26>[B] (+0) +0.642857143<x27>[B] (+0) -0.642857143<x28>[B] (+1) +0.642857143<x29>[B] (+1) +0.642857143<x30>[B] (+0) -0.642857143<x31>[B] (+1) +0.642857143<x32>[B] (+1) -0.642857143<x33>[B] (+0) +0.642857143<x34>[B] (+1) +0.642857143<x35>[B] (+0) +0.642857143<x36>[B] (+0) +0.642857143<x37>[B] (+0) +0.642857143<x38>[B] (+0) +0.642857143<x39>[B] (+1) +0.642857143<x40>[B] (+0) +0.642857143<x41>[B] (+0) +0.642857143<x42>[B] (+0) +0.642857143<x43>[B] (+1) +0.642857143<x44>[B] (+0) +0.642857143<x45>[B] (+1) +0.642857143<x46>[B] (+0) +0.642857143<x47>[B] (+0) +0.642857143<x48>[B] (+0) +0.642857143<x49>[B] (+0) +0.642857143<x50>[B] (+1) -0.642857143<x51>[B] (+0) -0.642857143<x52>[B] (+0) -0.642857143<x53>[B] (+1) -0.642857143<x54>[B] (+0) -0.642857143<x55>[B] (+1) -0.642857143<x56>[B] (+0) -0.642857143<x57>[B] (+0) +0.642857143<x58>[B] (+0) -0.642857143<x59>[B] (+0) -0.642857143<x60>[B] (+1) -0.642857143<x61>[B] (+1) -0.642857143<x62>[B] (+1) -0.642857143<x63>[B] (+0) -0.642857143<x64>[B] (+1) +0.642857143<x65>[B] (+0) -0.642857143<x66>[B] (+1) +0.642857143<x67>[B] (+0) -0.642857143<x68>[B] (+1) +0.642857143<x69>[B] (+1) +0.642857143<x70>[B] (+1) +0.642857143<x71>[B] (+0) +0.642857143<x72>[B] (+1) +0.642857143<x73>[B] (+0) +0.642857143<x74>[B] (+0) +0.642857143<x75>[B] (+0) +0.642857143<x76>[B] (+0) +0.642857143<x77>[B] (+1) -0.642857143<x78>[B] (+0) -0.642857143<x79>[B] (+1) +0.642857143<x80>[B] (+0) -0.642857143<x81>[B] (+0) +0.642857143<x82>[B] (+0) -0.642857143<x83>[B] (+0) +0.642857143<x84>[B] (+0) +0.642857143<x85>[B] (+1) +0.642857143<x86>[B] (+1) +0.642857143<x87>[B] (+1) +0.642857143<x88>[B] (+1) +0.642857143<x89>[B] (+1) +0.642857143<x90>[B] (+1) +0.642857143<x91>[B] (+0) +0.642857143<x92>[B] (+0) +0.642857143<x93>[B] (+0) +0.642857143<x94>[B] (+0) +0.642857143<x95>[B] (+0) -0.642857143<x96>[B] (+1) +0.642857143<x97>[B] (+1) -0.642857143<x98>[B] (+1) -0.642857143<x99>[B] (+1) +0.642857143<x100>[B] (+0) +0.642857143<x101>[B] (+0) +0.642857143<x102>[B] (+1) -0.642857143<x103>[B] (+1) -0.642857143<x104>[B] (+1) +0.642857143<x105>[B] (+1) >= 18.1619047619048;
;
violation: left hand side is violated by 0.00952380952380949
  [linear] <c1084>: <x114>[C] (+17.1142857) -0.557142857<x1>[B] (+1) +0.557142857<x2>[B] (+1) -0.557142857<x3>[B] (+1) -0.557142857<x4>[B] (+1) -0.557142857<x5>[B] (+1) -0.557142857<x6>[B] (+1) -0.557142857<x7>[B] (+1) -0.557142857<x8>[B] (+0) -0.557142857<x9>[B] (+1) -0.557142857<x10>[B] (+0) -0.557142857<x11>[B] (+1) +0.557142857<x12>[B] (+0) -0.557142857<x13>[B] (+1) -0.557142857<x14>[B] (+1) +0.557142857<x15>[B] (+0) -0.557142857<x16>[B] (+0) -0.557142857<x17>[B] (+0) -0.557142857<x18>[B] (+0) -0.557142857<x19>[B] (+1) -0.557142857<x20>[B] (+0) -0.557142857<x21>[B] (+0) +0.557142857<x22>[B] (+1) +0.557142857<x23>[B] (+0) -0.557142857<x24>[B] (+0) +0.557142857<x25>[B] (+0) -0.557142857<x26>[B] (+0) -0.557142857<x27>[B] (+0) -0.557142857<x28>[B] (+1) -0.557142857<x29>[B] (+1) -0.557142857<x30>[B] (+0) -0.557142857<x31>[B] (+1) -0.557142857<x32>[B] (+1) -0.557142857<x33>[B] (+0) -0.557142857<x34>[B] (+1) -0.557142857<x35>[B] (+0) -0.557142857<x36>[B] (+0) -0.557142857<x37>[B] (+0) -0.557142857<x38>[B] (+0) -0.557142857<x39>[B] (+1) -0.557142857<x40>[B] (+0) +0.557142857<x41>[B] (+0) -0.557142857<x42>[B] (+1) +0.557142857<x43>[B] (+1) +0.557142857<x44>[B] (+0) +0.557142857<x45>[B] (+1) +0.557142857<x46>[B] (+0) +0.557142857<x47>[B] (+0) +0.557142857<x48>[B] (+0) +0.557142857<x49>[B] (+0) -0.557142857<x50>[B] (+1) +0.557142857<x51>[B] (+0) +0.557142857<x52>[B] (+1) +0.557142857<x53>[B] (+1) +0.557142857<x54>[B] (+0) +0.557142857<x55>[B] (+1) +0.557142857<x56>[B] (+0) +0.557142857<x57>[B] (+0) +0.557142857<x58>[B] (+0) +0.557142857<x59>[B] (+0) +0.557142857<x60>[B] (+1) -0.557142857<x61>[B] (+1) -0.557142857<x62>[B] (+1) -0.557142857<x63>[B] (+0) +0.557142857<x64>[B] (+1) +0.557142857<x65>[B] (+0) +0.557142857<x66>[B] (+1) +0.557142857<x67>[B] (+0) +0.557142857<x68>[B] (+1) -0.557142857<x69>[B] (+1) +0.557142857<x70>[B] (+0) +0.557142857<x71>[B] (+0) +0.557142857<x72>[B] (+1) +0.557142857<x73>[B] (+0) +0.557142857<x74>[B] (+0) +0.557142857<x75>[B] (+0) +0.557142857<x76>[B] (+0) -0.557142857<x77>[B] (+0) -0.557142857<x78>[B] (+0) +0.557142857<x79>[B] (+1) +0.557142857<x80>[B] (+0) +0.557142857<x81>[B] (+0) +0.557142857<x82>[B] (+0) +0.557142857<x83>[B] (+0) -0.557142857<x84>[B] (+0) +0.557142857<x85>[B] (+1) +0.557142857<x86>[B] (+1) +0.557142857<x87>[B] (+1) +0.557142857<x88>[B] (+1) +0.557142857<x89>[B] (+1) -0.557142857<x90>[B] (+1) -0.557142857<x91>[B] (+0) -0.557142857<x92>[B] (+0) +0.557142857<x93>[B] (+0) -0.557142857<x94>[B] (+0) -0.557142857<x95>[B] (+0) -0.557142857<x96>[B] (+1) +0.557142857<x97>[B] (+1) -0.557142857<x98>[B] (+1) -0.557142857<x99>[B] (+1) +0.557142857<x100>[B] (+0) -0.557142857<x101>[B] (+0) -0.557142857<x102>[B] (+1) -0.557142857<x103>[B] (+1) -0.557142857<x104>[B] (+1) -0.557142857<x105>[B] (+1) >= 11.0047619047619;
;
violation: left hand side is violated by 0.0190476190476154
  [linear] <c1082>: <x109>[C] (+22.0095238) -0.642857143<x1>[B] (+1) -0.642857143<x2>[B] (+1) -0.642857143<x3>[B] (+1) +0.642857143<x4>[B] (+1) -0.642857143<x5>[B] (+1) -0.642857143<x6>[B] (+1) -0.642857143<x7>[B] (+1) -0.642857143<x8>[B] (+1) -0.642857143<x9>[B] (+1) +0.642857143<x10>[B] (+1.23049719e-14) -0.642857143<x11>[B] (+1) +0.642857143<x12>[B] (+1) -0.642857143<x13>[B] (+1) -0.642857143<x14>[B] (+1) -0.642857143<x15>[B] (+0) -0.642857143<x16>[B] (+0) +0.642857143<x17>[B] (+0) +0.642857143<x18>[B] (+0) -0.642857143<x19>[B] (+0) +0.642857143<x20>[B] (+0) -0.642857143<x21>[B] (+4.5519144e-15) -0.642857143<x22>[B] (+1) +0.642857143<x23>[B] (+0) +0.642857143<x24>[B] (+0) +0.642857143<x25>[B] (+0) +0.642857143<x26>[B] (+4.5519144e-15) +0.642857143<x27>[B] (+0) -0.642857143<x28>[B] (+1) +0.642857143<x29>[B] (+1) +0.642857143<x30>[B] (+0) -0.642857143<x31>[B] (+1) +0.642857143<x32>[B] (+1) -0.642857143<x33>[B] (+0) +0.642857143<x34>[B] (+1) +0.642857143<x35>[B] (+1.23049719e-14) +0.642857143<x36>[B] (+0) +0.642857143<x37>[B] (-4.5519144e-15) +0.642857143<x38>[B] (-4.52329146e-15) +0.642857143<x39>[B] (+1) +0.642857143<x40>[B] (+0) +0.642857143<x41>[B] (+0) +0.642857143<x42>[B] (+0) +0.642857143<x43>[B] (+1) +0.642857143<x44>[B] (+0) +0.642857143<x45>[B] (+1) +0.642857143<x46>[B] (+0) +0.642857143<x47>[B] (+0) +0.642857143<x48>[B] (+0) +0.642857143<x49>[B] (+0) +0.642857143<x50>[B] (+1) -0.642857143<x51>[B] (+0) -0.642857143<x52>[B] (+0) -0.642857143<x53>[B] (+1) -0.642857143<x54>[B] (+4.5519144e-15) -0.642857143<x55>[B] (+1) -0.642857143<x56>[B] (+0) -0.642857143<x57>[B] (+0) +0.642857143<x58>[B] (+0) -0.642857143<x59>[B] (-4.52329146e-15) -0.642857143<x60>[B] (+1) -0.642857143<x61>[B] (+1) -0.642857143<x62>[B] (+1) -0.642857143<x63>[B] (+1) -0.642857143<x64>[B] (+1) +0.642857143<x65>[B] (+1.23049719e-14) -0.642857143<x66>[B] (+1) +0.642857143<x67>[B] (+1) -0.642857143<x68>[B] (+1) +0.642857143<x69>[B] (+1) +0.642857143<x70>[B] (+1) +0.642857143<x71>[B] (+0) +0.642857143<x72>[B] (+1) +0.642857143<x73>[B] (+0) +0.642857143<x74>[B] (+0) +0.642857143<x75>[B] (+0) +0.642857143<x76>[B] (-4.52329146e-15) +0.642857143<x77>[B] (+1) -0.642857143<x78>[B] (+4.5519144e-15) -0.642857143<x79>[B] (+1) +0.642857143<x80>[B] (+0) -0.642857143<x81>[B] (+0) +0.642857143<x82>[B] (+0) -0.642857143<x83>[B] (+0) +0.642857143<x84>[B] (+0) +0.642857143<x85>[B] (+1) +0.642857143<x86>[B] (+1.23049719e-14) +0.642857143<x87>[B] (+0) +0.642857143<x88>[B] (+1) +0.642857143<x89>[B] (+1) +0.642857143<x90>[B] (+1) +0.642857143<x91>[B] (+0) +0.642857143<x92>[B] (+0) +0.642857143<x93>[B] (+0) +0.642857143<x94>[B] (+0) +0.642857143<x95>[B] (+0) -0.642857143<x96>[B] (+1) +0.642857143<x97>[B] (+1) -0.642857143<x98>[B] (+1) -0.642857143<x99>[B] (+1) +0.642857143<x100>[B] (+1) +0.642857143<x101>[B] (+1) +0.642857143<x102>[B] (+1) -0.642857143<x103>[B] (+1) -0.642857143<x104>[B] (+1) +0.642857143<x105>[B] (+1) >= 18.1619047619048;
;
violation: left hand side is violated by 0.00952380952380594
  [linear] <c1084>: <x114>[C] (+17.6619048) -0.557142857<x1>[B] (+1) +0.557142857<x2>[B] (+1) -0.557142857<x3>[B] (+1) -0.557142857<x4>[B] (+1) -0.557142857<x5>[B] (+1) -0.557142857<x6>[B] (+1) -0.557142857<x7>[B] (+1) -0.557142857<x8>[B] (+1) -0.557142857<x9>[B] (+1) -0.557142857<x10>[B] (+1) -0.557142857<x11>[B] (+1) +0.557142857<x12>[B] (+1) -0.557142857<x13>[B] (+1) -0.557142857<x14>[B] (+1) +0.557142857<x15>[B] (+0) -0.557142857<x16>[B] (+0) -0.557142857<x17>[B] (+0) -0.557142857<x18>[B] (+0) -0.557142857<x19>[B] (+0) -0.557142857<x20>[B] (+0) -0.557142857<x21>[B] (+0) +0.557142857<x22>[B] (+1) +0.557142857<x23>[B] (+0) -0.557142857<x24>[B] (+0) +0.557142857<x25>[B] (+0) -0.557142857<x26>[B] (+0) -0.557142857<x27>[B] (+0) -0.557142857<x28>[B] (+1) -0.557142857<x29>[B] (+1) -0.557142857<x30>[B] (+0) -0.557142857<x31>[B] (+1) -0.557142857<x32>[B] (+1) -0.557142857<x33>[B] (+0) -0.557142857<x34>[B] (+1) -0.557142857<x35>[B] (+0) -0.557142857<x36>[B] (+0) -0.557142857<x37>[B] (+0) -0.557142857<x38>[B] (+1) -0.557142857<x39>[B] (+1) -0.557142857<x40>[B] (+0) +0.557142857<x41>[B] (+0) -0.557142857<x42>[B] (+1) +0.557142857<x43>[B] (+1) +0.557142857<x44>[B] (+0) +0.557142857<x45>[B] (+1) +0.557142857<x46>[B] (+0) +0.557142857<x47>[B] (+0) +0.557142857<x48>[B] (+0) +0.557142857<x49>[B] (+0) -0.557142857<x50>[B] (+0) +0.557142857<x51>[B] (+0) +0.557142857<x52>[B] (+1) +0.557142857<x53>[B] (+1) +0.557142857<x54>[B] (+0) +0.557142857<x55>[B] (+1) +0.557142857<x56>[B] (+0) +0.557142857<x57>[B] (+0) +0.557142857<x58>[B] (+0) +0.557142857<x59>[B] (+1) +0.557142857<x60>[B] (+0) -0.557142857<x61>[B] (+1) -0.557142857<x62>[B] (+1) -0.557142857<x63>[B] (+1) +0.557142857<x64>[B] (+1) +0.557142857<x65>[B] (+1) +0.557142857<x66>[B] (+1) +0.557142857<x67>[B] (+1) +0.557142857<x68>[B] (+1) -0.557142857<x69>[B] (+1) +0.557142857<x70>[B] (+1) +0.557142857<x71>[B] (+0) +0.557142857<x72>[B] (+1) +0.557142857<x73>[B] (+0) +0.557142857<x74>[B] (+0) +0.557142857<x75>[B] (+0) +0.557142857<x76>[B] (+0) -0.557142857<x77>[B] (+0) -0.557142857<x78>[B] (+0) +0.557142857<x79>[B] (+1) +0.557142857<x80>[B] (+0) +0.557142857<x81>[B] (+0) +0.557142857<x82>[B] (+0) +0.557142857<x83>[B] (+0) -0.557142857<x84>[B] (+0) +0.557142857<x85>[B] (+1) +0.557142857<x86>[B] (+0) +0.557142857<x87>[B] (+1) +0.557142857<x88>[B] (+0) +0.557142857<x89>[B] (+1) -0.557142857<x90>[B] (+1) -0.557142857<x91>[B] (+0) -0.557142857<x92>[B] (+0) +0.557142857<x93>[B] (+0) -0.557142857<x94>[B] (+0) -0.557142857<x95>[B] (+0) -0.557142857<x96>[B] (+1) +0.557142857<x97>[B] (+0) -0.557142857<x98>[B] (+1) -0.557142857<x99>[B] (+1) +0.557142857<x100>[B] (+0) -0.557142857<x101>[B] (+1) -0.557142857<x102>[B] (+1) -0.557142857<x103>[B] (+1) -0.557142857<x104>[B] (+1) -0.557142857<x105>[B] (+0) >= 11.0047619047619;
;
violation: left hand side is violated by 0.028571428571432
  [linear] <c1084>: <x114>[C] (+16.5666667) -0.557142857<x1>[B] (+1) +0.557142857<x2>[B] (+1) -0.557142857<x3>[B] (+1) -0.557142857<x4>[B] (+1) -0.557142857<x5>[B] (+1) -0.557142857<x6>[B] (+1) -0.557142857<x7>[B] (+1) -0.557142857<x8>[B] (+0) -0.557142857<x9>[B] (+1) -0.557142857<x10>[B] (+0) -0.557142857<x11>[B] (+1) +0.557142857<x12>[B] (+0) -0.557142857<x13>[B] (+1) -0.557142857<x14>[B] (+1) +0.557142857<x15>[B] (+0) -0.557142857<x16>[B] (+0) -0.557142857<x17>[B] (+0) -0.557142857<x18>[B] (+0) -0.557142857<x19>[B] (+0) -0.557142857<x20>[B] (+0) -0.557142857<x21>[B] (+0) +0.557142857<x22>[B] (+1) +0.557142857<x23>[B] (+0) -0.557142857<x24>[B] (+0) +0.557142857<x25>[B] (+0) -0.557142857<x26>[B] (+0) -0.557142857<x27>[B] (+0) -0.557142857<x28>[B] (+1) -0.557142857<x29>[B] (+1) -0.557142857<x30>[B] (+0) -0.557142857<x31>[B] (+1) -0.557142857<x32>[B] (+1) -0.557142857<x33>[B] (+0) -0.557142857<x34>[B] (+1) -0.557142857<x35>[B] (+0) -0.557142857<x36>[B] (+0) -0.557142857<x37>[B] (+0) -0.557142857<x38>[B] (+0) -0.557142857<x39>[B] (+1) -0.557142857<x40>[B] (+0) +0.557142857<x41>[B] (+0) -0.557142857<x42>[B] (+0) +0.557142857<x43>[B] (+1) +0.557142857<x44>[B] (+0) +0.557142857<x45>[B] (+1) +0.557142857<x46>[B] (+0) +0.557142857<x47>[B] (+0) +0.557142857<x48>[B] (+0) +0.557142857<x49>[B] (+0) -0.557142857<x50>[B] (+1) +0.557142857<x51>[B] (+0) +0.557142857<x52>[B] (+0) +0.557142857<x53>[B] (+1) +0.557142857<x54>[B] (+0) +0.557142857<x55>[B] (+1) +0.557142857<x56>[B] (+0) +0.557142857<x57>[B] (+0) +0.557142857<x58>[B] (+0) +0.557142857<x59>[B] (+0) +0.557142857<x60>[B] (+1) -0.557142857<x61>[B] (+1) -0.557142857<x62>[B] (+1) -0.557142857<x63>[B] (+0) +0.557142857<x64>[B] (+1) +0.557142857<x65>[B] (+0) +0.557142857<x66>[B] (+1) +0.557142857<x67>[B] (+0) +0.557142857<x68>[B] (+1) -0.557142857<x69>[B] (+1) +0.557142857<x70>[B] (+1) +0.557142857<x71>[B] (+0) +0.557142857<x72>[B] (+1) +0.557142857<x73>[B] (+0) +0.557142857<x74>[B] (+0) +0.557142857<x75>[B] (+0) +0.557142857<x76>[B] (+0) -0.557142857<x77>[B] (+1) -0.557142857<x78>[B] (+0) +0.557142857<x79>[B] (+1) +0.557142857<x80>[B] (+0) +0.557142857<x81>[B] (+0) +0.557142857<x82>[B] (+0) +0.557142857<x83>[B] (+0) -0.557142857<x84>[B] (+0) +0.557142857<x85>[B] (+1) +0.557142857<x86>[B] (+1) +0.557142857<x87>[B] (+1) +0.557142857<x88>[B] (+1) +0.557142857<x89>[B] (+1) -0.557142857<x90>[B] (+1) -0.557142857<x91>[B] (+0) -0.557142857<x92>[B] (+0) +0.557142857<x93>[B] (+0) -0.557142857<x94>[B] (+0) -0.557142857<x95>[B] (+0) -0.557142857<x96>[B] (+1) +0.557142857<x97>[B] (+1) -0.557142857<x98>[B] (+1) -0.557142857<x99>[B] (+1) +0.557142857<x100>[B] (+0) -0.557142857<x101>[B] (+0) -0.557142857<x102>[B] (+1) -0.557142857<x103>[B] (+1) -0.557142857<x104>[B] (+1) -0.557142857<x105>[B] (+1) >= 11.0047619047619;
;
violation: left hand side is violated by 0.00952380952378107
  [linear] <c1084>: <x114>[C] (+17.1142857) -0.557142857<x1>[B] (+1) +0.557142857<x2>[B] (+1) -0.557142857<x3>[B] (+1) -0.557142857<x4>[B] (+1) -0.557142857<x5>[B] (+1) -0.557142857<x6>[B] (+1) -0.557142857<x7>[B] (+1) -0.557142857<x8>[B] (+0) -0.557142857<x9>[B] (+1) -0.557142857<x10>[B] (+1) -0.557142857<x11>[B] (+1) +0.557142857<x12>[B] (+0) -0.557142857<x13>[B] (+1) -0.557142857<x14>[B] (+1) +0.557142857<x15>[B] (+0) -0.557142857<x16>[B] (+0) -0.557142857<x17>[B] (+0) -0.557142857<x18>[B] (+0) -0.557142857<x19>[B] (+0) -0.557142857<x20>[B] (+0) -0.557142857<x21>[B] (+0) +0.557142857<x22>[B] (+1) +0.557142857<x23>[B] (+0) -0.557142857<x24>[B] (+0) +0.557142857<x25>[B] (+0) -0.557142857<x26>[B] (+0) -0.557142857<x27>[B] (+0) -0.557142857<x28>[B] (+1) -0.557142857<x29>[B] (+1) -0.557142857<x30>[B] (+0) -0.557142857<x31>[B] (+1) -0.557142857<x32>[B] (+1) -0.557142857<x33>[B] (+0) -0.557142857<x34>[B] (+1) -0.557142857<x35>[B] (+0) -0.557142857<x36>[B] (+0) -0.557142857<x37>[B] (+0) -0.557142857<x38>[B] (+0) -0.557142857<x39>[B] (+1) -0.557142857<x40>[B] (+0) +0.557142857<x41>[B] (+0) -0.557142857<x42>[B] (+0) +0.557142857<x43>[B] (+1) +0.557142857<x44>[B] (+0) +0.557142857<x45>[B] (+1) +0.557142857<x46>[B] (+0) +0.557142857<x47>[B] (+0) +0.557142857<x48>[B] (+0) +0.557142857<x49>[B] (+0) -0.557142857<x50>[B] (+1) +0.557142857<x51>[B] (+0) +0.557142857<x52>[B] (+0) +0.557142857<x53>[B] (+1) +0.557142857<x54>[B] (+0) +0.557142857<x55>[B] (+1) +0.557142857<x56>[B] (+0) +0.557142857<x57>[B] (+0) +0.557142857<x58>[B] (+0) +0.557142857<x59>[B] (+0) +0.557142857<x60>[B] (+1) -0.557142857<x61>[B] (+1) -0.557142857<x62>[B] (+1) -0.557142857<x63>[B] (+0) +0.557142857<x64>[B] (+1) +0.557142857<x65>[B] (+1) +0.557142857<x66>[B] (+1) +0.557142857<x67>[B] (+0) +0.557142857<x68>[B] (+1) -0.557142857<x69>[B] (+1) +0.557142857<x70>[B] (+1) +0.557142857<x71>[B] (+0) +0.557142857<x72>[B] (+1) +0.557142857<x73>[B] (+0) +0.557142857<x74>[B] (+0) +0.557142857<x75>[B] (+0) +0.557142857<x76>[B] (+0) -0.557142857<x77>[B] (+1) -0.557142857<x78>[B] (+0) +0.557142857<x79>[B] (+1) +0.557142857<x80>[B] (+0) +0.557142857<x81>[B] (+0) +0.557142857<x82>[B] (+0) +0.557142857<x83>[B] (+0) -0.557142857<x84>[B] (+0) +0.557142857<x85>[B] (+1) +0.557142857<x86>[B] (+1) +0.557142857<x87>[B] (+1) +0.557142857<x88>[B] (+1) +0.557142857<x89>[B] (+1) -0.557142857<x90>[B] (+1) -0.557142857<x91>[B] (+0) -0.557142857<x92>[B] (+0) +0.557142857<x93>[B] (+0) -0.557142857<x94>[B] (+0) -0.557142857<x95>[B] (+0) -0.557142857<x96>[B] (+1) +0.557142857<x97>[B] (+0) -0.557142857<x98>[B] (+1) -0.557142857<x99>[B] (+1) +0.557142857<x100>[B] (+0) -0.557142857<x101>[B] (+0) -0.557142857<x102>[B] (+1) -0.557142857<x103>[B] (+1) -0.557142857<x104>[B] (+1) -0.557142857<x105>[B] (+1) >= 11.0047619047619;
;
violation: left hand side is violated by 0.0190476190476119
  [linear] <c1084>: <x114>[C] (+16.5666667) -0.557142857<x1>[B] (+1) +0.557142857<x2>[B] (+1) -0.557142857<x3>[B] (+1) -0.557142857<x4>[B] (+1) -0.557142857<x5>[B] (+1) -0.557142857<x6>[B] (+1) -0.557142857<x7>[B] (+1) -0.557142857<x8>[B] (+0) -0.557142857<x9>[B] (+1) -0.557142857<x10>[B] (+1) -0.557142857<x11>[B] (+1) +0.557142857<x12>[B] (+1) -0.557142857<x13>[B] (+1) -0.557142857<x14>[B] (+1) +0.557142857<x15>[B] (+0) -0.557142857<x16>[B] (+0) -0.557142857<x17>[B] (+0) -0.557142857<x18>[B] (+0) -0.557142857<x19>[B] (+0) -0.557142857<x20>[B] (+0) -0.557142857<x21>[B] (+0) +0.557142857<x22>[B] (+1) +0.557142857<x23>[B] (+0) -0.557142857<x24>[B] (+0) +0.557142857<x25>[B] (+0) -0.557142857<x26>[B] (+0) -0.557142857<x27>[B] (+0) -0.557142857<x28>[B] (+1) -0.557142857<x29>[B] (+1) -0.557142857<x30>[B] (+0) -0.557142857<x31>[B] (+1) -0.557142857<x32>[B] (+1) -0.557142857<x33>[B] (+0) -0.557142857<x34>[B] (+1) -0.557142857<x35>[B] (+0) -0.557142857<x36>[B] (+0) -0.557142857<x37>[B] (+0) -0.557142857<x38>[B] (+0) -0.557142857<x39>[B] (+1) -0.557142857<x40>[B] (+0) +0.557142857<x41>[B] (+0) -0.557142857<x42>[B] (+0) +0.557142857<x43>[B] (+1) +0.557142857<x44>[B] (+0) +0.557142857<x45>[B] (+1) +0.557142857<x46>[B] (+0) +0.557142857<x47>[B] (+0) +0.557142857<x48>[B] (+0) +0.557142857<x49>[B] (+0) -0.557142857<x50>[B] (+1) +0.557142857<x51>[B] (+0) +0.557142857<x52>[B] (+0) +0.557142857<x53>[B] (+1) +0.557142857<x54>[B] (+0) +0.557142857<x55>[B] (+1) +0.557142857<x56>[B] (+0) +0.557142857<x57>[B] (+0) +0.557142857<x58>[B] (+0) +0.557142857<x59>[B] (+0) +0.557142857<x60>[B] (+1) -0.557142857<x61>[B] (+1) -0.557142857<x62>[B] (+1) -0.557142857<x63>[B] (+0) +0.557142857<x64>[B] (+1) +0.557142857<x65>[B] (+1) +0.557142857<x66>[B] (+1) +0.557142857<x67>[B] (+0) +0.557142857<x68>[B] (+1) -0.557142857<x69>[B] (+1) +0.557142857<x70>[B] (+1) +0.557142857<x71>[B] (+0) +0.557142857<x72>[B] (+1) +0.557142857<x73>[B] (+0) +0.557142857<x74>[B] (+0) +0.557142857<x75>[B] (+0) +0.557142857<x76>[B] (+0) -0.557142857<x77>[B] (+1) -0.557142857<x78>[B] (+0) +0.557142857<x79>[B] (+1) +0.557142857<x80>[B] (+0) +0.557142857<x81>[B] (+0) +0.557142857<x82>[B] (+0) +0.557142857<x83>[B] (+0) -0.557142857<x84>[B] (+0) +0.557142857<x85>[B] (+1) +0.557142857<x86>[B] (+1) +0.557142857<x87>[B] (+1) +0.557142857<x88>[B] (+1) +0.557142857<x89>[B] (+1) -0.557142857<x90>[B] (+1) -0.557142857<x91>[B] (+0) -0.557142857<x92>[B] (+0) +0.557142857<x93>[B] (+0) -0.557142857<x94>[B] (+0) -0.557142857<x95>[B] (+0) -0.557142857<x96>[B] (+1) +0.557142857<x97>[B] (+0) -0.557142857<x98>[B] (+1) -0.557142857<x99>[B] (+1) +0.557142857<x100>[B] (+0) -0.557142857<x101>[B] (+0) -0.557142857<x102>[B] (+1) -0.557142857<x103>[B] (+1) -0.557142857<x104>[B] (+1) -0.557142857<x105>[B] (+1) >= 11.0047619047619;
;
violation: left hand side is violated by 0.00952380952380594
  [linear] <c1086>: <x118>[C] (+18.1619048) +0.547619048<x1>[B] (+1) +0.547619048<x2>[B] (+1) -0.547619048<x3>[B] (+1) +0.547619048<x4>[B] (+1) +0.547619048<x5>[B] (+1) +0.547619048<x6>[B] (+1) +0.547619048<x7>[B] (+1) +0.547619048<x8>[B] (+0) +0.547619048<x9>[B] (+1) -0.547619048<x10>[B] (+1) -0.547619048<x11>[B] (+1) +0.547619048<x12>[B] (+0) -0.547619048<x13>[B] (+1) -0.547619048<x14>[B] (+1) -0.547619048<x15>[B] (+0) -0.547619048<x16>[B] (+0) +0.547619048<x17>[B] (+0) +0.547619048<x18>[B] (+0) +0.547619048<x19>[B] (+0) -0.547619048<x20>[B] (+0) +0.547619048<x21>[B] (+0) -0.547619048<x22>[B] (+1) -0.547619048<x23>[B] (+0) -0.547619048<x24>[B] (+0) +0.547619048<x25>[B] (+0) -0.547619048<x26>[B] (+0) -0.547619048<x27>[B] (+0) -0.547619048<x28>[B] (+1) +0.547619048<x29>[B] (+1) +0.547619048<x30>[B] (+0) +0.547619048<x31>[B] (+0) -0.547619048<x32>[B] (+1) +0.547619048<x33>[B] (+0) +0.547619048<x34>[B] (+1) -0.547619048<x35>[B] (+0) -0.547619048<x36>[B] (+0) +0.547619048<x37>[B] (+0) -0.547619048<x38>[B] (+0) -0.547619048<x39>[B] (+1) +0.547619048<x40>[B] (+0) +0.547619048<x41>[B] (+0) +0.547619048<x42>[B] (+0) +0.547619048<x43>[B] (+1) +0.547619048<x44>[B] (+0) +0.547619048<x45>[B] (+1) -0.547619048<x46>[B] (+0) -0.547619048<x47>[B] (+0) +0.547619048<x48>[B] (+0) -0.547619048<x49>[B] (+0) -0.547619048<x50>[B] (+1) +0.547619048<x51>[B] (+0) +0.547619048<x52>[B] (+0) -0.547619048<x53>[B] (+1) +0.547619048<x54>[B] (+0) -0.547619048<x55>[B] (+1) -0.547619048<x56>[B] (+0) -0.547619048<x57>[B] (+0) +0.547619048<x58>[B] (+0) -0.547619048<x59>[B] (+0) -0.547619048<x60>[B] (+1) +0.547619048<x61>[B] (+1) -0.547619048<x62>[B] (+1) +0.547619048<x63>[B] (+0) -0.547619048<x64>[B] (+1) -0.547619048<x65>[B] (+1) -0.547619048<x66>[B] (+1) -0.547619048<x67>[B] (+0) -0.547619048<x68>[B] (+1) -0.547619048<x69>[B] (+1) -0.547619048<x70>[B] (+1) +0.547619048<x71>[B] (+0) -0.547619048<x72>[B] (+1) -0.547619048<x73>[B] (+0) -0.547619048<x74>[B] (+0) -0.547619048<x75>[B] (+0) -0.547619048<x76>[B] (+0) -0.547619048<x77>[B] (+1) +0.547619048<x78>[B] (+0) +0.547619048<x79>[B] (+1) -0.547619048<x80>[B] (+0) -0.547619048<x81>[B] (+0) +0.547619048<x82>[B] (+0) -0.547619048<x83>[B] (+0) -0.547619048<x84>[B] (+0) -0.547619048<x85>[B] (+1) -0.547619048<x86>[B] (+1) -0.547619048<x87>[B] (+1) -0.547619048<x88>[B] (+1) -0.547619048<x89>[B] (+1) -0.547619048<x90>[B] (+1) -0.547619048<x91>[B] (+0) -0.547619048<x92>[B] (+0) +0.547619048<x93>[B] (+0) -0.547619048<x94>[B] (+0) -0.547619048<x95>[B] (+0) -0.547619048<x96>[B] (+1) +0.547619048<x97>[B] (+0) +0.547619048<x98>[B] (+1) -0.547619048<x99>[B] (+1) +0.547619048<x100>[B] (+0) +0.547619048<x101>[B] (+0) -0.547619048<x102>[B] (+1) -0.547619048<x103>[B] (+1) -0.547619048<x104>[B] (+1) -0.547619048<x105>[B] (+1) >= 7.25714285714286;
;
violation: left hand side is violated by 0.0476190476190528
  [linear] <c1084>: <x114>[C] (+16.5666667) -0.557142857<x1>[B] (+1) +0.557142857<x2>[B] (+1) -0.557142857<x3>[B] (+1) -0.557142857<x4>[B] (+1) -0.557142857<x5>[B] (+1) -0.557142857<x6>[B] (+1) -0.557142857<x7>[B] (+1) -0.557142857<x8>[B] (+1) -0.557142857<x9>[B] (+1) -0.557142857<x10>[B] (+1) -0.557142857<x11>[B] (+1) +0.557142857<x12>[B] (+1) -0.557142857<x13>[B] (+1) -0.557142857<x14>[B] (+1) +0.557142857<x15>[B] (+0) -0.557142857<x16>[B] (+0) -0.557142857<x17>[B] (+0) -0.557142857<x18>[B] (+0) -0.557142857<x19>[B] (+0) -0.557142857<x20>[B] (+0) -0.557142857<x21>[B] (+0) +0.557142857<x22>[B] (+1) +0.557142857<x23>[B] (+0) -0.557142857<x24>[B] (+0) +0.557142857<x25>[B] (+0) -0.557142857<x26>[B] (+0) -0.557142857<x27>[B] (+0) -0.557142857<x28>[B] (+1) -0.557142857<x29>[B] (+1) -0.557142857<x30>[B] (+0) -0.557142857<x31>[B] (+0) -0.557142857<x32>[B] (+1) -0.557142857<x33>[B] (+0) -0.557142857<x34>[B] (+1) -0.557142857<x35>[B] (+0) -0.557142857<x36>[B] (+0) -0.557142857<x37>[B] (+0) -0.557142857<x38>[B] (+0) -0.557142857<x39>[B] (+1) -0.557142857<x40>[B] (+0) +0.557142857<x41>[B] (+0) -0.557142857<x42>[B] (+0) +0.557142857<x43>[B] (+1) +0.557142857<x44>[B] (+0) +0.557142857<x45>[B] (+1) +0.557142857<x46>[B] (+0) +0.557142857<x47>[B] (+0) +0.557142857<x48>[B] (+0) +0.557142857<x49>[B] (+0) -0.557142857<x50>[B] (+1) +0.557142857<x51>[B] (+0) +0.557142857<x52>[B] (+0) +0.557142857<x53>[B] (+1) +0.557142857<x54>[B] (+0) +0.557142857<x55>[B] (+1) +0.557142857<x56>[B] (+0) +0.557142857<x57>[B] (+0) +0.557142857<x58>[B] (+0) +0.557142857<x59>[B] (+0) +0.557142857<x60>[B] (+1) -0.557142857<x61>[B] (+1) -0.557142857<x62>[B] (+1) -0.557142857<x63>[B] (+0) +0.557142857<x64>[B] (+1) +0.557142857<x65>[B] (+0) +0.557142857<x66>[B] (+1) +0.557142857<x67>[B] (+0) +0.557142857<x68>[B] (+1) -0.557142857<x69>[B] (+1) +0.557142857<x70>[B] (+1) +0.557142857<x71>[B] (+0) +0.557142857<x72>[B] (+1) +0.557142857<x73>[B] (+0) +0.557142857<x74>[B] (+0) +0.557142857<x75>[B] (+0) +0.557142857<x76>[B] (+0) -0.557142857<x77>[B] (+1) -0.557142857<x78>[B] (+0) +0.557142857<x79>[B] (+1) +0.557142857<x80>[B] (+0) +0.557142857<x81>[B] (+0) +0.557142857<x82>[B] (+0) +0.557142857<x83>[B] (+0) -0.557142857<x84>[B] (+0) +0.557142857<x85>[B] (+1) +0.557142857<x86>[B] (+1) +0.557142857<x87>[B] (+1) +0.557142857<x88>[B] (+1) +0.557142857<x89>[B] (+1) -0.557142857<x90>[B] (+1) -0.557142857<x91>[B] (+0) -0.557142857<x92>[B] (+0) +0.557142857<x93>[B] (+0) -0.557142857<x94>[B] (+0) -0.557142857<x95>[B] (+0) -0.557142857<x96>[B] (+1) +0.557142857<x97>[B] (+1) -0.557142857<x98>[B] (+1) -0.557142857<x99>[B] (+1) +0.557142857<x100>[B] (+0) -0.557142857<x101>[B] (+0) -0.557142857<x102>[B] (+1) -0.557142857<x103>[B] (+1) -0.557142857<x104>[B] (+1) -0.557142857<x105>[B] (+1) >= 11.0047619047619;
;
violation: left hand side is violated by 0.00952380952377752
  [linear] <c1086>: <x118>[C] (+16.547619) +0.547619048<x1>[B] (+1) +0.547619048<x2>[B] (+1) -0.547619048<x3>[B] (+1) +0.547619048<x4>[B] (+1) +0.547619048<x5>[B] (+1) +0.547619048<x6>[B] (+1) +0.547619048<x7>[B] (+1) +0.547619048<x8>[B] (+0) +0.547619048<x9>[B] (+1) -0.547619048<x10>[B] (+1) -0.547619048<x11>[B] (+1) +0.547619048<x12>[B] (+1) -0.547619048<x13>[B] (+1) -0.547619048<x14>[B] (+1) -0.547619048<x15>[B] (+0) -0.547619048<x16>[B] (+0) +0.547619048<x17>[B] (+0) +0.547619048<x18>[B] (+0) +0.547619048<x19>[B] (+0) -0.547619048<x20>[B] (+0) +0.547619048<x21>[B] (+0) -0.547619048<x22>[B] (+1) -0.547619048<x23>[B] (+0) -0.547619048<x24>[B] (+0) +0.547619048<x25>[B] (+0) -0.547619048<x26>[B] (+0) -0.547619048<x27>[B] (+0) -0.547619048<x28>[B] (+1) +0.547619048<x29>[B] (+1) +0.547619048<x30>[B] (+0) +0.547619048<x31>[B] (+1) -0.547619048<x32>[B] (+1) +0.547619048<x33>[B] (+0) +0.547619048<x34>[B] (+1) -0.547619048<x35>[B] (+0) -0.547619048<x36>[B] (+0) +0.547619048<x37>[B] (+0) -0.547619048<x38>[B] (+0) -0.547619048<x39>[B] (+1) +0.547619048<x40>[B] (+0) +0.547619048<x41>[B] (+0) +0.547619048<x42>[B] (+0) +0.547619048<x43>[B] (+1) +0.547619048<x44>[B] (+0) +0.547619048<x45>[B] (+1) -0.547619048<x46>[B] (+0) -0.547619048<x47>[B] (+0) +0.547619048<x48>[B] (+0) -0.547619048<x49>[B] (+0) -0.547619048<x50>[B] (+0) +0.547619048<x51>[B] (+0) +0.547619048<x52>[B] (+0) -0.547619048<x53>[B] (+1) +0.547619048<x54>[B] (+0) -0.547619048<x55>[B] (+1) -0.547619048<x56>[B] (+0) -0.547619048<x57>[B] (+0) +0.547619048<x58>[B] (+0) -0.547619048<x59>[B] (+0) -0.547619048<x60>[B] (+0) +0.547619048<x61>[B] (+1) -0.547619048<x62>[B] (+1) +0.547619048<x63>[B] (+0) -0.547619048<x64>[B] (+1) -0.547619048<x65>[B] (+1) -0.547619048<x66>[B] (+1) -0.547619048<x67>[B] (+1) -0.547619048<x68>[B] (+1) -0.547619048<x69>[B] (+1) -0.547619048<x70>[B] (+1) +0.547619048<x71>[B] (+0) -0.547619048<x72>[B] (+1) -0.547619048<x73>[B] (+0) -0.547619048<x74>[B] (+0) -0.547619048<x75>[B] (+0) -0.547619048<x76>[B] (+0) -0.547619048<x77>[B] (+1) +0.547619048<x78>[B] (+0) +0.547619048<x79>[B] (+1) -0.547619048<x80>[B] (+0) -0.547619048<x81>[B] (+0) +0.547619048<x82>[B] (+0) -0.547619048<x83>[B] (+0) -0.547619048<x84>[B] (+0) -0.547619048<x85>[B] (+1) -0.547619048<x86>[B] (+1) -0.547619048<x87>[B] (+1) -0.547619048<x88>[B] (+1) -0.547619048<x89>[B] (+1) -0.547619048<x90>[B] (+1) -0.547619048<x91>[B] (+0) -0.547619048<x92>[B] (+0) +0.547619048<x93>[B] (+0) -0.547619048<x94>[B] (+0) -0.547619048<x95>[B] (+0) -0.547619048<x96>[B] (+1) +0.547619048<x97>[B] (+0) +0.547619048<x98>[B] (+1) -0.547619048<x99>[B] (+1) +0.547619048<x100>[B] (+0) +0.547619048<x101>[B] (+0) -0.547619048<x102>[B] (+1) -0.547619048<x103>[B] (+1) -0.547619048<x104>[B] (+1) -0.547619048<x105>[B] (+1) >= 7.25714285714286;
;
violation: left hand side is violated by 0.0190476190476243
all 10 solutions given by solution candidate storage are infeasible

feasible solution found by trivial heuristic after 0.0 seconds, objective value -9.000052e+06
presolving:
   (0.0s) symmetry computation started: requiring (bin +, int +, cont +), (fixed: bin -, int -, cont -)
   (0.0s) no symmetry present (symcode time: 0.00)
presolving (0 rounds: 0 fast, 0 medium, 0 exhaustive):
 0 deleted vars, 0 deleted constraints, 0 added constraints, 0 tightened bounds, 0 added holes, 0 changed sides, 0 changed coefficients
 0 implications, 0 cliques, 0 implied integral variables (0 bin, 0 int, 0 cont)
presolved problem has 195 variables (105 bin, 0 int, 90 cont) and 1116 constraints
   1116 constraints of type <linear>
Presolving Time: 0.01
transformed 1/1 original solutions to the transformed problem space

 time | node  | left  |LP iter|LP it/n|mem/heur|mdpt |vars |cons |rows |cuts |sepa|confs|strbr|  dualbound   | primalbound  |  gap   | compl. 
p 0.0s|     1 |     0 |    28 |     - |   locks|   0 | 195 |1116 |1116 |   0 |  0 |   0 |   0 | 4.360000e+02 |-1.322738e+03 |    Inf | unknown
  0.0s|     1 |     0 |   470 |     - |    25M |   0 | 195 |1116 |1116 |   0 |  0 |   0 |   0 |-1.039405e+03 |-1.322738e+03 |  27.26%| unknown
r 0.0s|     1 |     0 |   470 |     - |shifting|   0 | 195 |1116 |1116 |   0 |  0 |   0 |   0 |-1.039405e+03 |-1.167450e+03 |  12.32%| unknown
  0.1s|     1 |     0 |   486 |     - |    25M |   0 | 195 |1116 |1119 |   3 |  1 |   0 |   0 |-1.039625e+03 |-1.167450e+03 |  12.30%| unknown
  0.1s|     1 |     0 |   486 |     - |    25M |   0 | 195 |1116 |1119 |   3 |  1 |   0 |   0 |-1.039625e+03 |-1.167450e+03 |  12.30%| unknown
  0.1s|     1 |     0 |   504 |     - |    25M |   0 | 195 |1116 |1123 |   7 |  2 |   0 |   0 |-1.039807e+03 |-1.167450e+03 |  12.28%| unknown
r 0.1s|     1 |     0 |   504 |     - |shifting|   0 | 195 |1116 |1123 |   7 |  2 |   0 |   0 |-1.039807e+03 |-1.153679e+03 |  10.95%| unknown
  0.2s|     1 |     0 |   523 |     - |    26M |   0 | 195 |1116 |1125 |   9 |  3 |   0 |   0 |-1.039866e+03 |-1.153679e+03 |  10.95%| unknown
  0.2s|     1 |     0 |   544 |     - |    26M |   0 | 195 |1116 |1128 |  12 |  4 |   0 |   0 |-1.039943e+03 |-1.153679e+03 |  10.94%| unknown
  0.3s|     1 |     0 |   558 |     - |    26M |   0 | 195 |1116 |1130 |  14 |  5 |   0 |   0 |-1.039981e+03 |-1.153679e+03 |  10.93%| unknown
  0.3s|     1 |     0 |   571 |     - |    26M |   0 | 195 |1116 |1133 |  17 |  6 |   0 |   0 |-1.040034e+03 |-1.153679e+03 |  10.93%| unknown
  0.3s|     1 |     0 |   606 |     - |    26M |   0 | 195 |1116 |1135 |  19 |  7 |   0 |   0 |-1.040083e+03 |-1.153679e+03 |  10.92%| unknown
  0.4s|     1 |     0 |   630 |     - |    26M |   0 | 195 |1116 |1139 |  23 |  8 |   0 |   0 |-1.040149e+03 |-1.153679e+03 |  10.91%| unknown
  0.5s|     1 |     0 |   637 |     - |    26M |   0 | 195 |1116 |1141 |  25 |  9 |   0 |   0 |-1.040153e+03 |-1.153679e+03 |  10.91%| unknown
r 0.5s|     1 |     0 |   637 |     - |shifting|   0 | 195 |1116 |1141 |  25 |  9 |   0 |   0 |-1.040153e+03 |-1.141256e+03 |   9.72%| unknown
 time | node  | left  |LP iter|LP it/n|mem/heur|mdpt |vars |cons |rows |cuts |sepa|confs|strbr|  dualbound   | primalbound  |  gap   | compl. 
  0.5s|     1 |     0 |   647 |     - |    26M |   0 | 195 |1116 |1143 |  27 | 10 |   0 |   0 |-1.040157e+03 |-1.141256e+03 |   9.72%| unknown
  0.5s|     1 |     0 |   655 |     - |    27M |   0 | 195 |1116 |1144 |  28 | 11 |   0 |   0 |-1.040164e+03 |-1.141256e+03 |   9.72%| unknown
  0.6s|     1 |     0 |   665 |     - |    27M |   0 | 195 |1116 |1146 |  30 | 12 |   0 |   0 |-1.040165e+03 |-1.141256e+03 |   9.72%| unknown
r 0.6s|     1 |     0 |   751 |     - |intshift|   0 | 195 |1116 |1146 |  30 | 12 |   0 |   0 |-1.040165e+03 |-1.071510e+03 |   3.01%| unknown
d 0.6s|     1 |     0 |   968 |     - |farkasdi|   0 | 195 |1116 |1146 |   0 | 12 |   0 |   0 |-1.040165e+03 |-1.044986e+03 |   0.46%| unknown
L 0.6s|     1 |     0 |   968 |     - |    rens|   0 | 195 |1116 |1146 |  30 | 12 |   0 |   0 |-1.040165e+03 |-1.040948e+03 |   0.08%| unknown
  0.6s|     1 |     0 |   968 |     - |    27M |   0 | 195 |1116 |1146 |  30 | 12 |   0 |   0 |-1.040165e+03 |-1.040948e+03 |   0.08%| unknown
  0.6s|     1 |     0 |   968 |     - |    27M |   0 | 195 |1116 | 539 |  30 | 12 |   0 |   0 |-1.040165e+03 |-1.040948e+03 |   0.08%| unknown
  0.7s|     1 |     0 |   994 |     - |    27M |   0 | 195 |1116 | 541 |  32 | 13 |   0 |   0 |-1.040180e+03 |-1.040948e+03 |   0.07%| unknown
  0.7s|     1 |     0 |  1003 |     - |    27M |   0 | 195 |1116 | 542 |  33 | 14 |   0 |   0 |-1.040182e+03 |-1.040948e+03 |   0.07%| unknown
  0.7s|     1 |     0 |  1003 |     - |    27M |   0 | 195 | 457 | 542 |  33 | 14 |   0 |   0 |-1.040182e+03 |-1.040948e+03 |   0.07%| unknown
  0.7s|     1 |     0 |  1013 |     - |    27M |   0 | 195 | 457 | 543 |  34 | 15 |   0 |   0 |-1.040182e+03 |-1.040948e+03 |   0.07%| unknown
(run 1, node 1) restarting after 57 global fixings of integer variables

(restart) converted 34 cuts from the global cut pool into linear constraints

presolving:
presolving (0 rounds: 0 fast, 0 medium, 0 exhaustive):
 0 deleted vars, 0 deleted constraints, 0 added constraints, 0 tightened bounds, 0 added holes, 0 changed sides, 0 changed coefficients
 0 implications, 0 cliques, 0 implied integral variables (0 bin, 0 int, 0 cont)
presolved problem has 195 variables (105 bin, 0 int, 90 cont) and 491 constraints
    491 constraints of type <linear>
Presolving Time: 0.01
transformed 19/23 original solutions to the transformed problem space

 time | node  | left  |LP iter|LP it/n|mem/heur|mdpt |vars |cons |rows |cuts |sepa|confs|strbr|  dualbound   | primalbound  |  gap   | compl. 
  0.7s|     1 |     0 |  1544 |     - |    27M |   0 | 195 | 491 | 491 |   0 |  0 |   0 |   0 |-1.040182e+03 |-1.040948e+03 |   0.07%| unknown
  0.8s|     1 |     0 |  1557 |     - |    27M |   0 | 195 | 491 | 492 |   1 |  1 |   0 |   0 |-1.040187e+03 |-1.040948e+03 |   0.07%| unknown
  0.8s|     1 |     0 |  1570 |     - |    27M |   0 | 195 | 491 | 493 |   2 |  2 |   0 |   0 |-1.040194e+03 |-1.040948e+03 |   0.07%| unknown
  0.9s|     1 |     0 |  1597 |     - |    27M |   0 | 195 | 491 | 496 |   5 |  3 |   0 |   0 |-1.040202e+03 |-1.040948e+03 |   0.07%| unknown
  1.0s|     1 |     0 |  1616 |     - |    27M |   0 | 195 | 491 | 498 |   7 |  4 |   0 |   0 |-1.040207e+03 |-1.040948e+03 |   0.07%| unknown
  1.0s|     1 |     0 |  1657 |     - |    27M |   0 | 195 | 491 | 500 |   9 |  5 |   0 |   0 |-1.040226e+03 |-1.040948e+03 |   0.07%| unknown
  1.1s|     1 |     0 |  1684 |     - |    28M |   0 | 195 | 491 | 502 |  11 |  6 |   0 |   0 |-1.040246e+03 |-1.040948e+03 |   0.07%| unknown
  1.2s|     1 |     0 |  1694 |     - |    28M |   0 | 195 | 491 | 503 |  12 |  7 |   0 |   0 |-1.040249e+03 |-1.040948e+03 |   0.07%| unknown
  1.2s|     1 |     0 |  1699 |     - |    28M |   0 | 195 | 491 | 504 |  13 |  8 |   0 |   0 |-1.040250e+03 |-1.040948e+03 |   0.07%| unknown
  1.3s|     1 |     0 |  1700 |     - |    28M |   0 | 195 | 491 | 505 |  14 |  9 |   0 |   0 |-1.040250e+03 |-1.040948e+03 |   0.07%| unknown
  1.4s|     1 |     0 |  1703 |     - |    29M |   0 | 195 | 491 | 506 |  15 | 10 |   0 |   0 |-1.040250e+03 |-1.040948e+03 |   0.07%| unknown
  1.4s|     1 |     0 |  1705 |     - |    29M |   0 | 195 | 491 | 508 |  17 | 11 |   0 |   0 |-1.040250e+03 |-1.040948e+03 |   0.07%| unknown
  1.5s|     1 |     0 |  2027 |     - |    29M |   0 | 195 | 454 | 508 |  17 | 11 |  10 |   2 |-1.040435e+03 |-1.040948e+03 |   0.05%| unknown
  1.5s|     1 |     0 |  2027 |     - |    29M |   0 | 195 | 454 | 433 |  17 | 11 |  10 |   2 |-1.040435e+03 |-1.040948e+03 |   0.05%| unknown
  1.5s|     1 |     0 |  2032 |     - |    29M |   0 | 195 | 454 | 434 |  18 | 12 |  10 |   2 |-1.040438e+03 |-1.040948e+03 |   0.05%| unknown
 time | node  | left  |LP iter|LP it/n|mem/heur|mdpt |vars |cons |rows |cuts |sepa|confs|strbr|  dualbound   | primalbound  |  gap   | compl. 
  1.5s|     1 |     0 |  2039 |     - |    29M |   0 | 195 | 454 | 435 |  19 | 13 |  10 |   2 |-1.040440e+03 |-1.040948e+03 |   0.05%| unknown
  1.5s|     1 |     0 |  2039 |     - |    29M |   0 | 195 | 427 | 435 |  19 | 13 |  10 |   2 |-1.040440e+03 |-1.040948e+03 |   0.05%| unknown
  1.6s|     1 |     0 |  2091 |     - |    29M |   0 | 195 | 338 | 435 |  19 | 14 |  14 |   4 |-1.040928e+03 |-1.040948e+03 |   0.00%| unknown
  1.6s|     1 |     0 |  2091 |     - |    29M |   0 | 195 | 338 | 341 |  19 | 14 |  14 |   4 |-1.040928e+03 |-1.040948e+03 |   0.00%| unknown
  1.6s|     1 |     0 |  2095 |     - |    29M |   0 | 195 | 338 | 343 |  21 | 15 |  14 |   4 |-1.040948e+03 |-1.040948e+03 |   0.00%| unknown
  1.6s|     1 |     0 |  2095 |     - |    29M |   0 | 195 | 338 | 343 |  21 | 15 |  14 |   4 |-1.040948e+03 |-1.040948e+03 |   0.00%| unknown

SCIP Status        : problem is solved [optimal solution found]
Solving Time (sec) : 1.61
Solving Nodes      : 1 (total of 2 nodes in 2 runs)
Primal Bound       : -1.04094761904762e+03 (40 solutions)
Dual Bound         : -1.04094761904762e+03
Gap                : 0.00 %
