Loading instance...
Median ranking: [12, 9, 4, 3, 7, 6, 2, 13, 5, 15, 8, 14, 10, 1, 11]
Mean ranking: [12, 4, 9, 3, 7, 13, 6, 2, 5, 15, 8, 14, 10, 1, 11]
Actual error: 0.0002239340738087181
Weighted Kendall distance: 33.5
Normalized distance: 0.029910714285714287
s, 455 add conss, 0 chg bounds, 0 chg sides, 0 chg coeffs, 0 upgd conss, 0 impls, 0 clqs, 0 implints
   (0.0s) symmetry computation started: requiring (bin +, int +, cont +), (fixed: bin -, int -, cont -)
   (0.0s) no symmetry present (symcode time: 0.00)
presolving (2 rounds: 2 fast, 2 medium, 1 exhaustive):
 0 deleted vars, 910 deleted constraints, 455 added constraints, 0 tightened bounds, 0 added holes, 0 changed sides, 0 changed coefficients
 0 implications, 0 cliques, 0 implied integral variables (0 bin, 0 int, 0 cont)
presolved problem has 105 variables (0 bin, 0 int, 105 cont) and 455 constraints
    455 constraints of type <linear>
Presolving Time: 0.01
transformed 3/3 original solutions to the transformed problem space

 time | node  | left  |LP iter|LP it/n|mem/heur|mdpt |vars |cons |rows |cuts |sepa|confs|strbr|  dualbound   | primalbound  |  gap   | compl. 
* 0.0s|     1 |     0 |    21 |     - |    LP  |   0 | 105 | 455 | 455 |   0 |  0 |   0 |   0 | 1.680000e+02 | 1.680000e+02 |   0.00%| unknown
  0.0s|     1 |     0 |    21 |     - |  3584k |   0 | 105 | 455 | 455 |   0 |  0 |   0 |   0 | 1.680000e+02 | 1.680000e+02 |   0.00%| unknown

SCIP Status        : problem is solved [optimal solution found]
Solving Time (sec) : 0.01
Solving Nodes      : 1
Primal Bound       : +1.68000000000000e+02 (4 solutions)
Dual Bound         : +1.68000000000000e+02
Gap                : 0.00 %
feasible solution found by trivial heuristic after 0.0 seconds, objective value 3.600000e+01
presolving:
   (0.0s) running MILP presolver
   (0.0s) MILP presolver (2 rounds): 0 aggregations, 0 fixings, 0 bound changes
(round 1, medium)     0 del vars, 910 del conss, 455 add conss, 0 chg bounds, 0 chg sides, 0 chg coeffs, 0 upgd conss, 0 impls, 0 clqs, 0 implints
   (0.0s) probing: 51/105 (48.6%) - 0 fixings, 0 aggregations, 0 implications, 0 bound changes
   (0.0s) probing aborted: 50/50 successive totally useless probings
   (0.0s) symmetry computation started: requiring (bin +, int +, cont +), (fixed: bin -, int -, cont -)
   (0.0s) no symmetry present (symcode time: 0.00)
presolving (2 rounds: 2 fast, 2 medium, 1 exhaustive):
 0 deleted vars, 910 deleted constraints, 455 added constraints, 0 tightened bounds, 0 added holes, 0 changed sides, 0 changed coefficients
 0 implications, 0 cliques, 0 implied integral variables (0 bin, 0 int, 0 cont)
presolved problem has 105 variables (105 bin, 0 int, 0 cont) and 455 constraints
    455 constraints of type <linear>
transformed objective value is always integral (scale: 2)
Presolving Time: 0.01
transformed 2/2 original solutions to the transformed problem space

 time | node  | left  |LP iter|LP it/n|mem/heur|mdpt |vars |cons |rows |cuts |sepa|confs|strbr|  dualbound   | primalbound  |  gap   | compl. 
p 0.0s|     1 |     0 |     0 |     - |   locks|   0 | 105 | 455 | 455 |   0 |  0 |   0 |   0 | 1.800000e+02 | 6.800000e+01 | 164.71%| unknown
i 0.0s|     1 |     0 |     0 |     - |  oneopt|   0 | 105 | 455 | 455 |   0 |  0 |   0 |   0 | 1.800000e+02 | 1.000000e+02 |  80.00%| unknown
* 0.0s|     1 |     0 |    22 |     - |    LP  |   0 | 105 | 455 | 455 |   0 |  0 |   0 |   0 | 1.680000e+02 | 1.680000e+02 |   0.00%| unknown
  0.0s|     1 |     0 |    22 |     - |  3669k |   0 | 105 | 455 | 455 |   0 |  0 |   0 |   0 | 1.680000e+02 | 1.680000e+02 |   0.00%| unknown

SCIP Status        : problem is solved [optimal solution found]
Solving Time (sec) : 0.01
Solving Nodes      : 1
Primal Bound       : +1.68000000000000e+02 (5 solutions)
Dual Bound         : +1.68000000000000e+02
Gap                : 0.00 %
feasible solution found by trivial heuristic after 0.0 seconds, objective value -1.999964e+06
presolving:
(round 1, fast)       0 del vars, 0 del conss, 0 add conss, 40 chg bounds, 0 chg sides, 0 chg coeffs, 0 upgd conss, 0 impls, 0 clqs, 0 implints
   (0.2s) running MILP presolver
   (0.2s) MILP presolver (2 rounds): 0 aggregations, 0 fixings, 0 bound changes
(round 2, exhaustive) 0 del vars, 455 del conss, 0 add conss, 40 chg bounds, 0 chg sides, 0 chg coeffs, 0 upgd conss, 0 impls, 0 clqs, 0 implints
   (0.3s) symmetry computation started: requiring (bin +, int +, cont +), (fixed: bin -, int -, cont -)
   (0.4s) no symmetry present (symcode time: 0.00)
presolving (3 rounds: 3 fast, 2 medium, 2 exhaustive):
 0 deleted vars, 455 deleted constraints, 0 added constraints, 40 tightened bounds, 0 added holes, 0 changed sides, 0 changed coefficients
 0 implications, 0 cliques, 0 implied integral variables (0 bin, 0 int, 0 cont)
presolved problem has 125 variables (0 bin, 0 int, 125 cont) and 2555 constraints
   2555 constraints of type <linear>
Presolving Time: 0.37

 time | node  | left  |LP iter|LP it/n|mem/heur|mdpt |vars |cons |rows |cuts |sepa|confs|strbr|  dualbound   | primalbound  |  gap   | compl. 
t 0.4s|     1 |     0 |     0 |     - | trivial|   0 | 125 |2555 |   0 |   0 |  0 |   0 |   0 | 1.800000e+02 |-1.014000e+03 |    Inf | unknown
* 0.5s|     1 |     0 |   335 |     - |    LP  |   0 | 125 |2555 |2555 |   0 |  0 |   0 |   0 |-1.811492e+02 |-1.811492e+02 |   0.00%| unknown
  0.5s|     1 |     0 |   335 |     - |   153M |   0 | 125 |2555 |2555 |   0 |  0 |   0 |   0 |-1.811492e+02 |-1.811492e+02 |   0.00%| unknown

SCIP Status        : problem is solved [optimal solution found]
Solving Time (sec) : 0.48
Solving Nodes      : 1
Primal Bound       : -1.81149206349206e+02 (3 solutions)
Dual Bound         : -1.81149206349206e+02
Gap                : 0.00 %
feasible solution found by trivial heuristic after 0.0 seconds, objective value -1.999964e+06
presolving:
(round 1, fast)       0 del vars, 0 del conss, 0 add conss, 40 chg bounds, 0 chg sides, 0 chg coeffs, 0 upgd conss, 0 impls, 0 clqs, 0 implints
   (0.1s) running MILP presolver
   (0.2s) MILP presolver (2 rounds): 0 aggregations, 0 fixings, 0 bound changes
(round 2, exhaustive) 0 del vars, 455 del conss, 0 add conss, 40 chg bounds, 0 chg sides, 0 chg coeffs, 0 upgd conss, 0 impls, 0 clqs, 0 implints
   (0.3s) probing: 51/105 (48.6%) - 0 fixings, 0 aggregations, 0 implications, 0 bound changes
   (0.3s) probing aborted: 50/50 successive totally useless probings
   (0.3s) symmetry computation started: requiring (bin +, int +, cont +), (fixed: bin -, int -, cont -)
   (0.4s) no symmetry present (symcode time: 0.00)
presolving (3 rounds: 3 fast, 2 medium, 2 exhaustive):
 0 deleted vars, 455 deleted constraints, 0 added constraints, 40 tightened bounds, 0 added holes, 0 changed sides, 0 changed coefficients
 0 implications, 0 cliques, 0 implied integral variables (0 bin, 0 int, 0 cont)
presolved problem has 125 variables (105 bin, 0 int, 20 cont) and 2555 constraints
   2555 constraints of type <linear>
Presolving Time: 0.39

 time | node  | left  |LP iter|LP it/n|mem/heur|mdpt |vars |cons |rows |cuts |sepa|confs|strbr|  dualbound   | primalbound  |  gap   | compl. 
t 0.4s|     1 |     0 |     0 |     - | trivial|   0 | 125 |2555 |   0 |   0 |  0 |   0 |   0 | 1.800000e+02 |-1.014000e+03 |    Inf | unknown
p 0.5s|     1 |     0 |    19 |     - |   locks|   0 | 125 |2555 |2555 |   0 |  0 |   0 |   0 | 1.800000e+02 |-3.089143e+02 |    Inf | unknown
  0.5s|     1 |     0 |   354 |     - |   153M |   0 | 125 |2555 |2555 |   0 |  0 |   0 |   0 |-1.811492e+02 |-3.089143e+02 |  70.53%| unknown
r 0.6s|     1 |     0 |   354 |     - |shifting|   0 | 125 |2555 |2555 |   0 |  0 |   0 |   0 |-1.811492e+02 |-1.930302e+02 |   6.56%| unknown
  0.6s|     1 |     0 |   358 |     - |   154M |   0 | 125 |2555 |2556 |   1 |  1 |   0 |   0 |-1.811543e+02 |-1.930302e+02 |   6.56%| unknown
  0.6s|     1 |     0 |   361 |     - |   154M |   0 | 125 |2555 |2558 |   3 |  2 |   0 |   0 |-1.811619e+02 |-1.930302e+02 |   6.55%| unknown
  0.7s|     1 |     0 |   365 |     - |   154M |   0 | 125 |2555 |2559 |   4 |  3 |   0 |   0 |-1.811651e+02 |-1.930302e+02 |   6.55%| unknown
  0.7s|     1 |     0 |   374 |     - |   154M |   0 | 125 |2555 |2561 |   6 |  4 |   0 |   0 |-1.811971e+02 |-1.930302e+02 |   6.53%| unknown
  0.7s|     1 |     0 |   381 |     - |   155M |   0 | 125 |2555 |2562 |   7 |  5 |   0 |   0 |-1.812143e+02 |-1.930302e+02 |   6.52%| unknown
  0.8s|     1 |     0 |   387 |     - |   155M |   0 | 125 |2555 |2564 |   9 |  6 |   0 |   0 |-1.812344e+02 |-1.930302e+02 |   6.51%| unknown
  0.8s|     1 |     0 |   394 |     - |   155M |   0 | 125 |2555 |2565 |  10 |  7 |   0 |   0 |-1.812551e+02 |-1.930302e+02 |   6.50%| unknown
  0.9s|     1 |     0 |   401 |     - |   155M |   0 | 125 |2555 |2566 |  11 |  8 |   0 |   0 |-1.812667e+02 |-1.930302e+02 |   6.49%| unknown
  0.9s|     1 |     0 |   420 |     - |   156M |   0 | 125 |2555 |2567 |  12 |  9 |   0 |   0 |-1.812697e+02 |-1.930302e+02 |   6.49%| unknown
  0.9s|     1 |     0 |   437 |     - |   156M |   0 | 125 |2555 |2568 |  13 | 10 |   0 |   0 |-1.812857e+02 |-1.930302e+02 |   6.48%| unknown
  1.0s|     1 |     0 |   438 |     - |   156M |   0 | 125 |2555 |2569 |  14 | 11 |   0 |   0 |-1.812857e+02 |-1.930302e+02 |   6.48%| unknown
 time | node  | left  |LP iter|LP it/n|mem/heur|mdpt |vars |cons |rows |cuts |sepa|confs|strbr|  dualbound   | primalbound  |  gap   | compl. 
r 1.0s|     1 |     0 |   489 |     - |intshift|   0 | 125 |2555 |2569 |  14 | 12 |   0 |   0 |-1.812857e+02 |-1.852571e+02 |   2.19%| unknown
d 1.0s|     1 |     0 |   530 |     - |farkasdi|   0 | 125 |2555 |2569 |   0 | 12 |   0 |   0 |-1.812857e+02 |-1.814095e+02 |   0.07%| unknown
  1.1s|     1 |     0 |   530 |     - |   157M |   0 | 125 |2555 |2569 |  14 | 12 |   0 |   0 |-1.812857e+02 |-1.814095e+02 |   0.07%| unknown
  1.1s|     1 |     0 |   530 |     - |   157M |   0 | 125 |2555 |2308 |  14 | 12 |   0 |   0 |-1.812857e+02 |-1.814095e+02 |   0.07%| unknown
  1.2s|     1 |     0 |   530 |     - |   157M |   0 | 125 |1918 |2308 |  14 | 13 |   0 |   0 |-1.812857e+02 |-1.814095e+02 |   0.07%| unknown
(run 1, node 1) restarting after 74 global fixings of integer variables

(restart) converted 14 cuts from the global cut pool into linear constraints

presolving:
(round 1, fast)       74 del vars, 0 del conss, 0 add conss, 0 chg bounds, 112 chg sides, 93 chg coeffs, 0 upgd conss, 0 impls, 64 clqs, 0 implints
(round 2, fast)       74 del vars, 0 del conss, 0 add conss, 20 chg bounds, 112 chg sides, 93 chg coeffs, 0 upgd conss, 0 impls, 64 clqs, 0 implints
   (1.2s) running MILP presolver
   (1.2s) MILP presolver (3 rounds): 0 aggregations, 0 fixings, 20 bound changes
(round 3, medium)     74 del vars, 0 del conss, 0 add conss, 40 chg bounds, 112 chg sides, 93 chg coeffs, 0 upgd conss, 0 impls, 64 clqs, 0 implints
(round 4, fast)       74 del vars, 3 del conss, 0 add conss, 40 chg bounds, 215 chg sides, 341 chg coeffs, 0 upgd conss, 0 impls, 64 clqs, 0 implints
(round 5, exhaustive) 74 del vars, 3 del conss, 0 add conss, 40 chg bounds, 215 chg sides, 341 chg coeffs, 64 upgd conss, 0 impls, 64 clqs, 0 implints
presolving (6 rounds: 6 fast, 3 medium, 2 exhaustive):
 74 deleted vars, 3 deleted constraints, 0 added constraints, 40 tightened bounds, 0 added holes, 215 changed sides, 341 changed coefficients
 0 implications, 64 cliques, 0 implied integral variables (0 bin, 0 int, 0 cont)
presolved problem has 51 variables (31 bin, 0 int, 20 cont) and 1929 constraints
     64 constraints of type <setppc>
   1865 constraints of type <linear>
Presolving Time: 0.49
transformed 16/19 original solutions to the transformed problem space

 time | node  | left  |LP iter|LP it/n|mem/heur|mdpt |vars |cons |rows |cuts |sepa|confs|strbr|  dualbound   | primalbound  |  gap   | compl. 
  1.4s|     1 |     0 |   729 |     - |   161M |   0 |  51 |1932 |1929 |   0 |  0 |   2 |   0 |-1.812857e+02 |-1.814095e+02 |   0.07%| unknown
  1.4s|     1 |     0 |   729 |     - |   161M |   0 |  51 |1932 |1903 |   0 |  0 |   2 |   0 |-1.812857e+02 |-1.814095e+02 |   0.07%| unknown
  1.4s|     1 |     0 |   741 |     - |   161M |   0 |  51 |1920 |1894 |   2 |  1 |   2 |   0 |-1.812971e+02 |-1.814095e+02 |   0.06%| unknown
  1.4s|     1 |     0 |   753 |     - |   162M |   0 |  51 |1916 |1897 |   5 |  2 |   2 |   0 |-1.813057e+02 |-1.814095e+02 |   0.06%| unknown
  1.5s|     1 |     0 |   761 |     - |   162M |   0 |  51 |1916 |1898 |   6 |  3 |   2 |   0 |-1.813124e+02 |-1.814095e+02 |   0.05%| unknown
  1.5s|     1 |     0 |   769 |     - |   162M |   0 |  51 |1916 |1899 |   7 |  4 |   2 |   0 |-1.813130e+02 |-1.814095e+02 |   0.05%| unknown
  1.5s|     1 |     0 |   785 |     - |   162M |   0 |  51 |1916 |1901 |   9 |  5 |   2 |   0 |-1.813213e+02 |-1.814095e+02 |   0.05%| unknown
  1.5s|     1 |     0 |   786 |     - |   162M |   0 |  51 |1915 |1903 |  11 |  6 |   2 |   0 |-1.813217e+02 |-1.814095e+02 |   0.05%| unknown
  1.6s|     1 |     0 |   796 |     - |   162M |   0 |  51 |1915 |1905 |  13 |  7 |   2 |   0 |-1.813376e+02 |-1.814095e+02 |   0.04%| unknown
  1.6s|     1 |     0 |   832 |     - |   163M |   0 |  51 |1915 |1907 |  15 |  8 |   2 |   0 |-1.813446e+02 |-1.814095e+02 |   0.04%| unknown
  1.7s|     1 |     0 |   859 |     - |   163M |   0 |  51 |1915 |1909 |  17 |  9 |   2 |   0 |-1.813632e+02 |-1.814095e+02 |   0.03%| unknown
  1.7s|     1 |     0 |   862 |     - |   163M |   0 |  51 |1915 |1908 |  18 | 10 |   2 |   0 |-1.813633e+02 |-1.814095e+02 |   0.03%| unknown
  1.7s|     1 |     0 |   882 |     - |   163M |   0 |  51 |1915 |1909 |  19 | 11 |   2 |   0 |-1.813651e+02 |-1.814095e+02 |   0.02%| unknown
  1.8s|     1 |     0 |   882 |     - |   163M |   0 |  51 |1823 |1909 |  19 | 12 |   2 |   0 |-1.813651e+02 |-1.814095e+02 |   0.02%| unknown
(run 2, node 1) restarting after 9 global fixings of integer variables

(restart) converted 19 cuts from the global cut pool into linear constraints

presolving:
(round 1, fast)       24 del vars, 239 del conss, 0 add conss, 77 chg bounds, 242 chg sides, 472 chg coeffs, 0 upgd conss, 0 impls, 5 clqs, 0 implints
(round 2, fast)       25 del vars, 577 del conss, 0 add conss, 116 chg bounds, 509 chg sides, 1011 chg coeffs, 0 upgd conss, 0 impls, 7 clqs, 0 implints
(round 3, fast)       25 del vars, 624 del conss, 0 add conss, 120 chg bounds, 546 chg sides, 1095 chg coeffs, 0 upgd conss, 0 impls, 7 clqs, 0 implints
(round 4, fast)       25 del vars, 624 del conss, 0 add conss, 123 chg bounds, 546 chg sides, 1095 chg coeffs, 0 upgd conss, 0 impls, 7 clqs, 0 implints
(round 5, fast)       25 del vars, 628 del conss, 0 add conss, 123 chg bounds, 564 chg sides, 1137 chg coeffs, 0 upgd conss, 0 impls, 7 clqs, 0 implints
(round 6, fast)       25 del vars, 628 del conss, 0 add conss, 143 chg bounds, 564 chg sides, 1137 chg coeffs, 0 upgd conss, 0 impls, 7 clqs, 0 implints
(round 7, fast)       25 del vars, 635 del conss, 0 add conss, 153 chg bounds, 625 chg sides, 1277 chg coeffs, 0 upgd conss, 0 impls, 7 clqs, 0 implints
(round 8, fast)       25 del vars, 643 del conss, 0 add conss, 153 chg bounds, 654 chg sides, 1347 chg coeffs, 0 upgd conss, 0 impls, 7 clqs, 0 implints
   (1.8s) running MILP presolver
   (1.8s) MILP presolver (4 rounds): 0 aggregations, 0 fixings, 16 bound changes
(round 9, medium)     25 del vars, 643 del conss, 0 add conss, 169 chg bounds, 654 chg sides, 1347 chg coeffs, 0 upgd conss, 0 impls, 7 clqs, 0 implints
(round 10, fast)       25 del vars, 647 del conss, 0 add conss, 169 chg bounds, 916 chg sides, 1879 chg coeffs, 0 upgd conss, 0 impls, 7 clqs, 0 implints
(round 11, exhaustive) 25 del vars, 713 del conss, 0 add conss, 169 chg bounds, 917 chg sides, 1879 chg coeffs, 0 upgd conss, 0 impls, 7 clqs, 0 implints
(round 12, exhaustive) 25 del vars, 713 del conss, 0 add conss, 169 chg bounds, 917 chg sides, 1879 chg coeffs, 2 upgd conss, 0 impls, 7 clqs, 0 implints
presolving (13 rounds: 13 fast, 4 medium, 3 exhaustive):
 25 deleted vars, 713 deleted constraints, 0 added constraints, 169 tightened bounds, 0 added holes, 917 changed sides, 1879 changed coefficients
 0 implications, 7 cliques, 0 implied integral variables (0 bin, 0 int, 0 cont)
presolved problem has 27 variables (7 bin, 0 int, 20 cont) and 1132 constraints
      7 constraints of type <setppc>
   1125 constraints of type <linear>
Presolving Time: 0.52
transformed 1/32 original solutions to the transformed problem space

 time | node  | left  |LP iter|LP it/n|mem/heur|mdpt |vars |cons |rows |cuts |sepa|confs|strbr|  dualbound   | primalbound  |  gap   | compl. 
  1.9s|     1 |     0 |  1019 |     - |   164M |   0 |  27 |1132 |1130 |   0 |  0 |   6 |   0 |-1.814095e+02 |-1.814095e+02 |   0.00%| unknown

SCIP Status        : problem is solved [optimal solution found]
Solving Time (sec) : 1.86
Solving Nodes      : 1 (total of 3 nodes in 3 runs)
Primal Bound       : -1.81409523809524e+02 (32 solutions)
Dual Bound         : -1.81409523809524e+02
Gap                : 0.00 %
feasible solution found by trivial heuristic after 0.0 seconds, objective value 0.000000e+00
presolving:
   (0.0s) symmetry computation started: requiring (bin +, int +, cont +), (fixed: bin -, int -, cont -)
   (0.0s) symmetry computation finished: 19 generators found (max: 1500, log10 of symmetry group size: 18.39) (symcode time: 0.00)
dynamic symmetry handling statistics:
   orbitopal reduction:       no components
   orbital reduction:         no components
   lexicographic reduction:   no permutations
handled 1 out of 1 symmetry components
presolving (0 rounds: 0 fast, 0 medium, 0 exhaustive):
 0 deleted vars, 0 deleted constraints, 0 added constraints, 0 tightened bounds, 0 added holes, 0 changed sides, 0 changed coefficients
 0 implications, 0 cliques, 0 implied integral variables (0 bin, 0 int, 0 cont)
presolved problem has 125 variables (105 bin, 0 int, 20 cont) and 929 constraints
    929 constraints of type <linear>
Presolving Time: 0.00
transformed 2/2 original solutions to the transformed problem space

 time | node  | left  |LP iter|LP it/n|mem/heur|mdpt |vars |cons |rows |cuts |sepa|confs|strbr|  dualbound   | primalbound  |  gap   | compl. 
t 0.0s|     1 |     0 |     0 |     - | trivial|   0 | 125 | 910 |   0 |   0 |  0 |   0 |   0 | 1.800000e+02 | 3.600000e+01 | 400.00%| unknown
p 0.0s|     1 |     0 |     0 |     - |   locks|   0 | 125 | 910 | 910 |   0 |  0 |   0 |   0 | 1.800000e+02 | 4.000000e+01 | 350.00%| unknown
i 0.0s|     1 |     0 |     0 |     - |  oneopt|   0 | 125 | 910 | 910 |   0 |  0 |   0 |   0 | 1.800000e+02 | 9.200000e+01 |  95.65%| unknown
* 0.0s|     1 |     0 |    22 |     - |    LP  |   0 | 125 | 910 | 910 |   0 |  0 |   0 |   0 | 1.680000e+02 | 1.680000e+02 |   0.00%| unknown
  0.0s|     1 |     0 |    22 |     - |  4729k |   0 | 125 | 910 | 910 |   0 |  0 |   0 |   0 | 1.680000e+02 | 1.680000e+02 |   0.00%| unknown

SCIP Status        : problem is solved [optimal solution found]
Solving Time (sec) : 0.00
Solving Nodes      : 1
Primal Bound       : +1.68000000000000e+02 (6 solutions)
Dual Bound         : +1.68000000000000e+02
Gap                : 0.00 %
  [linear] <c911>: <x106>[C] (+0) +0.585714286<x1>[B] (+0) +0.585714286<x2>[B] (+0) -0.585714286<x3>[B] (+0) +0.585714286<x4>[B] (+0) +0.585714286<x5>[B] (+0) +0.585714286<x6>[B] (+0) -0.585714286<x7>[B] (+0) +0.585714286<x8>[B] (+0) +0.585714286<x9>[B] (+0) +0.585714286<x10>[B] (+1) +0.585714286<x11>[B] (+0) +0.585714286<x12>[B] (+0) +0.585714286<x13>[B] (+0) +0.585714286<x14>[B] (+0) +0.585714286<x15>[B] (+0) -0.585714286<x16>[B] (+0) -0.585714286<x17>[B] (+1) +0.585714286<x18>[B] (+0) +0.585714286<x19>[B] (+0) -0.585714286<x20>[B] (+1) +0.585714286<x21>[B] (+0) +0.585714286<x22>[B] (+1) +0.585714286<x23>[B] (+1) +0.585714286<x24>[B] (+0) -0.585714286<x25>[B] (+1) +0.585714286<x26>[B] (+1) +0.585714286<x27>[B] (+1) -0.585714286<x28>[B] (+0) -0.585714286<x29>[B] (+1) +0.585714286<x30>[B] (+1) +0.585714286<x31>[B] (+1) -0.585714286<x32>[B] (+1) +0.585714286<x33>[B] (+0) +0.585714286<x34>[B] (+1) +0.585714286<x35>[B] (+1) +0.585714286<x36>[B] (+0) -0.585714286<x37>[B] (+1) +0.585714286<x38>[B] (+1) +0.585714286<x39>[B] (+1) +0.585714286<x40>[B] (+1) +0.585714286<x41>[B] (+1) +0.585714286<x42>[B] (+1) +0.585714286<x43>[B] (+1) +0.585714286<x44>[B] (+0) +0.585714286<x45>[B] (+1) +0.585714286<x46>[B] (+1) +0.585714286<x47>[B] (+0) +0.585714286<x48>[B] (+1) +0.585714286<x49>[B] (+1) +0.585714286<x50>[B] (+1) +0.585714286<x51>[B] (+0) +0.585714286<x52>[B] (+0) -0.585714286<x53>[B] (+1) +0.585714286<x54>[B] (+0) +0.585714286<x55>[B] (+1) +0.585714286<x56>[B] (+1) +0.585714286<x57>[B] (+0) +0.585714286<x58>[B] (+0) +0.585714286<x59>[B] (+1) +0.585714286<x60>[B] (+1) +0.585714286<x61>[B] (+0) -0.585714286<x62>[B] (+1) +0.585714286<x63>[B] (+0) +0.585714286<x64>[B] (+1) +0.585714286<x65>[B] (+1) +0.585714286<x66>[B] (+0) -0.585714286<x67>[B] (+1) +0.585714286<x68>[B] (+1) +0.585714286<x69>[B] (+1) -0.585714286<x70>[B] (+1) -0.585714286<x71>[B] (+0) -0.585714286<x72>[B] (+1) -0.585714286<x73>[B] (+1) +0.585714286<x74>[B] (+0) -0.585714286<x75>[B] (+1) -0.585714286<x76>[B] (+1) -0.585714286<x77>[B] (+1) +0.585714286<x78>[B] (+0) +0.585714286<x79>[B] (+1) +0.585714286<x80>[B] (+1) +0.585714286<x81>[B] (+0) +0.585714286<x82>[B] (+0) +0.585714286<x83>[B] (+1) +0.585714286<x84>[B] (+0) -0.585714286<x85>[B] (+1) -0.585714286<x86>[B] (+1) +0.585714286<x87>[B] (+0) -0.585714286<x88>[B] (+1) +0.585714286<x89>[B] (+1) +0.585714286<x90>[B] (+1) +0.585714286<x91>[B] (+1) +0.585714286<x92>[B] (+0) -0.585714286<x93>[B] (+0) +0.585714286<x94>[B] (+0) +0.585714286<x95>[B] (+0) +0.585714286<x96>[B] (+0) -0.585714286<x97>[B] (+0) +0.585714286<x98>[B] (+0) +0.585714286<x99>[B] (+0) -0.585714286<x100>[B] (+1) -0.585714286<x101>[B] (+1) -0.585714286<x102>[B] (+1) +0.585714286<x103>[B] (+1) +0.585714286<x104>[B] (+1) +0.585714286<x105>[B] (+0) >= 27.0904761904762;
;
violation: left hand side is violated by 18.3047619047619
  [linear] <c911>: <x106>[C] (+0) +0.585714286<x1>[B] (+1) +0.585714286<x2>[B] (+0) -0.585714286<x3>[B] (+0) +0.585714286<x4>[B] (+0) +0.585714286<x5>[B] (+0) +0.585714286<x6>[B] (+0) -0.585714286<x7>[B] (+1) +0.585714286<x8>[B] (+0) +0.585714286<x9>[B] (+1) +0.585714286<x10>[B] (+1) +0.585714286<x11>[B] (+1) +0.585714286<x12>[B] (+0) +0.585714286<x13>[B] (+1) +0.585714286<x14>[B] (+1) +0.585714286<x15>[B] (+0) -0.585714286<x16>[B] (+0) -0.585714286<x17>[B] (+0) +0.585714286<x18>[B] (+0) +0.585714286<x19>[B] (+0) -0.585714286<x20>[B] (+1) +0.585714286<x21>[B] (+0) +0.585714286<x22>[B] (+1) +0.585714286<x23>[B] (+0) +0.585714286<x24>[B] (+1) -0.585714286<x25>[B] (+0) +0.585714286<x26>[B] (+0) +0.585714286<x27>[B] (+1) -0.585714286<x28>[B] (+0) -0.585714286<x29>[B] (+1) +0.585714286<x30>[B] (+1) +0.585714286<x31>[B] (+1) -0.585714286<x32>[B] (+1) +0.585714286<x33>[B] (+0) +0.585714286<x34>[B] (+1) +0.585714286<x35>[B] (+1) +0.585714286<x36>[B] (+1) -0.585714286<x37>[B] (+0) +0.585714286<x38>[B] (+1) +0.585714286<x39>[B] (+1) +0.585714286<x40>[B] (+1) +0.585714286<x41>[B] (+1) +0.585714286<x42>[B] (+1) +0.585714286<x43>[B] (+1) +0.585714286<x44>[B] (+0) +0.585714286<x45>[B] (+1) +0.585714286<x46>[B] (+1) +0.585714286<x47>[B] (+1) +0.585714286<x48>[B] (+0) +0.585714286<x49>[B] (+1) +0.585714286<x50>[B] (+1) +0.585714286<x51>[B] (+0) +0.585714286<x52>[B] (+1) -0.585714286<x53>[B] (+1) +0.585714286<x54>[B] (+0) +0.585714286<x55>[B] (+1) +0.585714286<x56>[B] (+1) +0.585714286<x57>[B] (+1) +0.585714286<x58>[B] (+0) +0.585714286<x59>[B] (+1) +0.585714286<x60>[B] (+1) +0.585714286<x61>[B] (+1) -0.585714286<x62>[B] (+1) +0.585714286<x63>[B] (+0) +0.585714286<x64>[B] (+1) +0.585714286<x65>[B] (+1) +0.585714286<x66>[B] (+1) -0.585714286<x67>[B] (+0) +0.585714286<x68>[B] (+1) +0.585714286<x69>[B] (+1) -0.585714286<x70>[B] (+1) -0.585714286<x71>[B] (+0) -0.585714286<x72>[B] (+1) -0.585714286<x73>[B] (+1) +0.585714286<x74>[B] (+1) -0.585714286<x75>[B] (+0) -0.585714286<x76>[B] (+1) -0.585714286<x77>[B] (+1) +0.585714286<x78>[B] (+0) +0.585714286<x79>[B] (+1) +0.585714286<x80>[B] (+0) +0.585714286<x81>[B] (+0) +0.585714286<x82>[B] (+0) +0.585714286<x83>[B] (+0) +0.585714286<x84>[B] (+0) -0.585714286<x85>[B] (+1) -0.585714286<x86>[B] (+1) +0.585714286<x87>[B] (+1) -0.585714286<x88>[B] (+1) +0.585714286<x89>[B] (+1) +0.585714286<x90>[B] (+1) +0.585714286<x91>[B] (+0) +0.585714286<x92>[B] (+0) -0.585714286<x93>[B] (+0) +0.585714286<x94>[B] (+0) +0.585714286<x95>[B] (+0) +0.585714286<x96>[B] (+1) -0.585714286<x97>[B] (+0) +0.585714286<x98>[B] (+1) +0.585714286<x99>[B] (+1) -0.585714286<x100>[B] (+0) -0.585714286<x101>[B] (+0) -0.585714286<x102>[B] (+1) +0.585714286<x103>[B] (+1) +0.585714286<x104>[B] (+1) +0.585714286<x105>[B] (+1) >= 27.0904761904762;
;
violation: left hand side is violated by 7.76190476190477
  [linear] <c911>: <x106>[C] (+0) +0.585714286<x1>[B] (+1) +0.585714286<x2>[B] (+1) -0.585714286<x3>[B] (+1) +0.585714286<x4>[B] (+1) +0.585714286<x5>[B] (+1) +0.585714286<x6>[B] (+1) -0.585714286<x7>[B] (+1) +0.585714286<x8>[B] (+0) +0.585714286<x9>[B] (+1) +0.585714286<x10>[B] (+1) +0.585714286<x11>[B] (+1) +0.585714286<x12>[B] (+1) +0.585714286<x13>[B] (+1) +0.585714286<x14>[B] (+1) +0.585714286<x15>[B] (+0) -0.585714286<x16>[B] (+0) -0.585714286<x17>[B] (+0) +0.585714286<x18>[B] (+0) +0.585714286<x19>[B] (+0) -0.585714286<x20>[B] (+1) +0.585714286<x21>[B] (+0) +0.585714286<x22>[B] (+1) +0.585714286<x23>[B] (+0) +0.585714286<x24>[B] (+1) -0.585714286<x25>[B] (+0) +0.585714286<x26>[B] (+0) +0.585714286<x27>[B] (+0) -0.585714286<x28>[B] (+1) -0.585714286<x29>[B] (+1) +0.585714286<x30>[B] (+0) +0.585714286<x31>[B] (+1) -0.585714286<x32>[B] (+1) +0.585714286<x33>[B] (+0) +0.585714286<x34>[B] (+1) +0.585714286<x35>[B] (+1) +0.585714286<x36>[B] (+1) -0.585714286<x37>[B] (+0) +0.585714286<x38>[B] (+1) +0.585714286<x39>[B] (+1) +0.585714286<x40>[B] (+1) +0.585714286<x41>[B] (+0) +0.585714286<x42>[B] (+1) +0.585714286<x43>[B] (+1) +0.585714286<x44>[B] (+0) +0.585714286<x45>[B] (+1) +0.585714286<x46>[B] (+1) +0.585714286<x47>[B] (+1) +0.585714286<x48>[B] (+0) +0.585714286<x49>[B] (+1) +0.585714286<x50>[B] (+1) +0.585714286<x51>[B] (+0) +0.585714286<x52>[B] (+1) -0.585714286<x53>[B] (+1) +0.585714286<x54>[B] (+0) +0.585714286<x55>[B] (+1) +0.585714286<x56>[B] (+1) +0.585714286<x57>[B] (+1) +0.585714286<x58>[B] (+0) +0.585714286<x59>[B] (+1) +0.585714286<x60>[B] (+1) +0.585714286<x61>[B] (+1) -0.585714286<x62>[B] (+1) +0.585714286<x63>[B] (+0) +0.585714286<x64>[B] (+1) +0.585714286<x65>[B] (+1) +0.585714286<x66>[B] (+1) -0.585714286<x67>[B] (+1) +0.585714286<x68>[B] (+1) +0.585714286<x69>[B] (+1) -0.585714286<x70>[B] (+1) -0.585714286<x71>[B] (+0) -0.585714286<x72>[B] (+1) -0.585714286<x73>[B] (+1) +0.585714286<x74>[B] (+1) -0.585714286<x75>[B] (+0) -0.585714286<x76>[B] (+1) -0.585714286<x77>[B] (+1) +0.585714286<x78>[B] (+0) +0.585714286<x79>[B] (+1) +0.585714286<x80>[B] (+0) +0.585714286<x81>[B] (+1) +0.585714286<x82>[B] (+0) +0.585714286<x83>[B] (+0) +0.585714286<x84>[B] (+0) -0.585714286<x85>[B] (+1) -0.585714286<x86>[B] (+1) +0.585714286<x87>[B] (+1) -0.585714286<x88>[B] (+1) +0.585714286<x89>[B] (+1) +0.585714286<x90>[B] (+1) +0.585714286<x91>[B] (+0) +0.585714286<x92>[B] (+1) -0.585714286<x93>[B] (+0) +0.585714286<x94>[B] (+0) +0.585714286<x95>[B] (+0) +0.585714286<x96>[B] (+1) -0.585714286<x97>[B] (+0) +0.585714286<x98>[B] (+1) +0.585714286<x99>[B] (+1) -0.585714286<x100>[B] (+0) -0.585714286<x101>[B] (+0) -0.585714286<x102>[B] (+0) +0.585714286<x103>[B] (+1) +0.585714286<x104>[B] (+1) +0.585714286<x105>[B] (+1) >= 27.0904761904762;
;
violation: left hand side is violated by 6.5904761904762
  [linear] <c912>: <x107>[C] (+0) -0.661904762<x1>[B] (+1) +0.661904762<x2>[B] (+1) +0.661904762<x3>[B] (+1) +0.661904762<x4>[B] (+1) +0.661904762<x5>[B] (+1) +0.661904762<x6>[B] (+1) +0.661904762<x7>[B] (+1) +0.661904762<x8>[B] (+1) +0.661904762<x9>[B] (+1) +0.661904762<x10>[B] (+1) +0.661904762<x11>[B] (+1) -0.661904762<x12>[B] (+1) +0.661904762<x13>[B] (+1) +0.661904762<x14>[B] (+1) +0.661904762<x15>[B] (+1) +0.661904762<x16>[B] (+1) +0.661904762<x17>[B] (+1) +0.661904762<x18>[B] (+1) +0.661904762<x19>[B] (+1) +0.661904762<x20>[B] (+1) +0.661904762<x21>[B] (+1) +0.661904762<x22>[B] (+1) +0.661904762<x23>[B] (+1) +0.661904762<x24>[B] (+1) +0.661904762<x25>[B] (+1) +0.661904762<x26>[B] (+1) +0.661904762<x27>[B] (+1) -0.661904762<x28>[B] (+1) -0.661904762<x29>[B] (+1) -0.661904762<x30>[B] (+1) +0.661904762<x31>[B] (+1) -0.661904762<x32>[B] (+1) -0.661904762<x33>[B] (+1) -0.661904762<x34>[B] (+1) -0.661904762<x35>[B] (+1) -0.661904762<x36>[B] (+1) -0.661904762<x37>[B] (+1) -0.661904762<x38>[B] (+1) -0.661904762<x39>[B] (+1) +0.661904762<x40>[B] (+1) +0.661904762<x41>[B] (+1) +0.661904762<x42>[B] (+1) +0.661904762<x43>[B] (+1) +0.661904762<x44>[B] (+1) -0.661904762<x45>[B] (+1) -0.661904762<x46>[B] (+1) +0.661904762<x47>[B] (+1) -0.661904762<x48>[B] (+1) +0.661904762<x49>[B] (+1) -0.661904762<x50>[B] (+1) -0.661904762<x51>[B] (+1) +0.661904762<x52>[B] (+1) -0.661904762<x53>[B] (+1) -0.661904762<x54>[B] (+1) -0.661904762<x55>[B] (+1) -0.661904762<x56>[B] (+1) -0.661904762<x57>[B] (+1) -0.661904762<x58>[B] (+1) -0.661904762<x59>[B] (+1) -0.661904762<x60>[B] (+1) +0.661904762<x61>[B] (+1) -0.661904762<x62>[B] (+1) +0.661904762<x63>[B] (+1) -0.661904762<x64>[B] (+1) -0.661904762<x65>[B] (+1) +0.661904762<x66>[B] (+1) -0.661904762<x67>[B] (+1) +0.661904762<x68>[B] (+1) -0.661904762<x69>[B] (+1) -0.661904762<x70>[B] (+1) -0.661904762<x71>[B] (+1) -0.661904762<x72>[B] (+1) -0.661904762<x73>[B] (+1) -0.661904762<x74>[B] (+1) -0.661904762<x75>[B] (+1) -0.661904762<x76>[B] (+1) -0.661904762<x77>[B] (+1) +0.661904762<x78>[B] (+1) -0.661904762<x79>[B] (+1) -0.661904762<x80>[B] (+1) +0.661904762<x81>[B] (+1) -0.661904762<x82>[B] (+1) +0.661904762<x83>[B] (+1) -0.661904762<x84>[B] (+1) -0.661904762<x85>[B] (+1) -0.661904762<x86>[B] (+1) +0.661904762<x87>[B] (+1) -0.661904762<x88>[B] (+1) +0.661904762<x89>[B] (+1) -0.661904762<x90>[B] (+1) -0.661904762<x91>[B] (+1) +0.661904762<x92>[B] (+1) -0.661904762<x93>[B] (+1) +0.661904762<x94>[B] (+1) +0.661904762<x95>[B] (+1) +0.661904762<x96>[B] (+1) -0.661904762<x97>[B] (+1) +0.661904762<x98>[B] (+1) +0.661904762<x99>[B] (+1) -0.661904762<x100>[B] (+1) -0.661904762<x101>[B] (+1) -0.661904762<x102>[B] (+1) +0.661904762<x103>[B] (+1) +0.661904762<x104>[B] (+1) -0.661904762<x105>[B] (+1) >= 10.7571428571429;
;
violation: left hand side is violated by 12.7428571428571
  [linear] <c911>: <x106>[C] (+0) +0.585714286<x1>[B] (+0) +0.585714286<x2>[B] (+0) -0.585714286<x3>[B] (+0) +0.585714286<x4>[B] (+0) +0.585714286<x5>[B] (+0) +0.585714286<x6>[B] (+0) -0.585714286<x7>[B] (+0) +0.585714286<x8>[B] (+0) +0.585714286<x9>[B] (+0) +0.585714286<x10>[B] (+0) +0.585714286<x11>[B] (+0) +0.585714286<x12>[B] (+0) +0.585714286<x13>[B] (+0) +0.585714286<x14>[B] (+0) +0.585714286<x15>[B] (+0) -0.585714286<x16>[B] (+0) -0.585714286<x17>[B] (+0) +0.585714286<x18>[B] (+0) +0.585714286<x19>[B] (+0) -0.585714286<x20>[B] (+0) +0.585714286<x21>[B] (+0) +0.585714286<x22>[B] (+0) +0.585714286<x23>[B] (+0) +0.585714286<x24>[B] (+0) -0.585714286<x25>[B] (+0) +0.585714286<x26>[B] (+0) +0.585714286<x27>[B] (+0) -0.585714286<x28>[B] (+0) -0.585714286<x29>[B] (+0) +0.585714286<x30>[B] (+0) +0.585714286<x31>[B] (+0) -0.585714286<x32>[B] (+0) +0.585714286<x33>[B] (+0) +0.585714286<x34>[B] (+0) +0.585714286<x35>[B] (+0) +0.585714286<x36>[B] (+0) -0.585714286<x37>[B] (+0) +0.585714286<x38>[B] (+0) +0.585714286<x39>[B] (+0) +0.585714286<x40>[B] (+0) +0.585714286<x41>[B] (+0) +0.585714286<x42>[B] (+0) +0.585714286<x43>[B] (+0) +0.585714286<x44>[B] (+0) +0.585714286<x45>[B] (+0) +0.585714286<x46>[B] (+0) +0.585714286<x47>[B] (+0) +0.585714286<x48>[B] (+0) +0.585714286<x49>[B] (+0) +0.585714286<x50>[B] (+0) +0.585714286<x51>[B] (+0) +0.585714286<x52>[B] (+0) -0.585714286<x53>[B] (+0) +0.585714286<x54>[B] (+0) +0.585714286<x55>[B] (+0) +0.585714286<x56>[B] (+0) +0.585714286<x57>[B] (+0) +0.585714286<x58>[B] (+0) +0.585714286<x59>[B] (+0) +0.585714286<x60>[B] (+0) +0.585714286<x61>[B] (+0) -0.585714286<x62>[B] (+0) +0.585714286<x63>[B] (+0) +0.585714286<x64>[B] (+0) +0.585714286<x65>[B] (+0) +0.585714286<x66>[B] (+0) -0.585714286<x67>[B] (+0) +0.585714286<x68>[B] (+0) +0.585714286<x69>[B] (+0) -0.585714286<x70>[B] (+0) -0.585714286<x71>[B] (+0) -0.585714286<x72>[B] (+0) -0.585714286<x73>[B] (+0) +0.585714286<x74>[B] (+0) -0.585714286<x75>[B] (+0) -0.585714286<x76>[B] (+0) -0.585714286<x77>[B] (+0) +0.585714286<x78>[B] (+0) +0.585714286<x79>[B] (+0) +0.585714286<x80>[B] (+0) +0.585714286<x81>[B] (+0) +0.585714286<x82>[B] (+0) +0.585714286<x83>[B] (+0) +0.585714286<x84>[B] (+0) -0.585714286<x85>[B] (+0) -0.585714286<x86>[B] (+0) +0.585714286<x87>[B] (+0) -0.585714286<x88>[B] (+0) +0.585714286<x89>[B] (+0) +0.585714286<x90>[B] (+0) +0.585714286<x91>[B] (+0) +0.585714286<x92>[B] (+0) -0.585714286<x93>[B] (+0) +0.585714286<x94>[B] (+0) +0.585714286<x95>[B] (+0) +0.585714286<x96>[B] (+0) -0.585714286<x97>[B] (+0) +0.585714286<x98>[B] (+0) +0.585714286<x99>[B] (+0) -0.585714286<x100>[B] (+0) -0.585714286<x101>[B] (+0) -0.585714286<x102>[B] (+0) +0.585714286<x103>[B] (+0) +0.585714286<x104>[B] (+0) +0.585714286<x105>[B] (+0) >= 27.0904761904762;
;
violation: left hand side is violated by 27.0904761904762
1/6 feasible solution given by solution candidate storage, new primal bound -1.999964e+06

presolving:
   (0.0s) symmetry computation started: requiring (bin +, int +, cont +), (fixed: bin -, int -, cont -)
   (0.0s) no symmetry present (symcode time: 0.00)
presolving (0 rounds: 0 fast, 0 medium, 0 exhaustive):
 0 deleted vars, 0 deleted constraints, 0 added constraints, 0 tightened bounds, 0 added holes, 0 changed sides, 0 changed coefficients
 0 implications, 0 cliques, 0 implied integral variables (0 bin, 0 int, 0 cont)
presolved problem has 125 variables (105 bin, 0 int, 20 cont) and 930 constraints
    930 constraints of type <linear>
Presolving Time: 0.00
transformed 1/1 original solutions to the transformed problem space

 time | node  | left  |LP iter|LP it/n|mem/heur|mdpt |vars |cons |rows |cuts |sepa|confs|strbr|  dualbound   | primalbound  |  gap   | compl. 
p 0.0s|     1 |     0 |     3 |     - |   locks|   0 | 125 | 930 | 930 |   0 |  0 |   0 |   0 | 1.800000e+02 |-2.803429e+02 |    Inf | unknown
* 0.0s|     1 |     0 |   166 |     - |    LP  |   0 | 125 | 930 | 930 |   0 |  0 |   0 |   0 |-1.800952e+02 |-1.800952e+02 |   0.00%| unknown
  0.0s|     1 |     0 |   166 |     - |  5766k |   0 | 125 | 930 | 930 |   0 |  0 |   0 |   0 |-1.800952e+02 |-1.800952e+02 |   0.00%| unknown

SCIP Status        : problem is solved [optimal solution found]
Solving Time (sec) : 0.01
Solving Nodes      : 1
Primal Bound       : -1.80095238095238e+02 (4 solutions)
Dual Bound         : -1.80095238095238e+02
Gap                : 0.00 %
  [linear] <c931>: <x106>[C] (+19.4761905) +0.604761905<x1>[B] (+0) +0.604761905<x2>[B] (+0) -0.604761905<x3>[B] (+0) +0.604761905<x4>[B] (+0) +0.604761905<x5>[B] (+0) +0.604761905<x6>[B] (+0) -0.604761905<x7>[B] (+0) +0.604761905<x8>[B] (+0) +0.604761905<x9>[B] (+0) +0.604761905<x10>[B] (+1) +0.604761905<x11>[B] (+0) +0.604761905<x12>[B] (+0) +0.604761905<x13>[B] (+0) +0.604761905<x14>[B] (+0) +0.604761905<x15>[B] (+0) -0.604761905<x16>[B] (+1) -0.604761905<x17>[B] (+1) +0.604761905<x18>[B] (+0) +0.604761905<x19>[B] (+0) -0.604761905<x20>[B] (+0) +0.604761905<x21>[B] (+0) +0.604761905<x22>[B] (+1) +0.604761905<x23>[B] (+1) +0.604761905<x24>[B] (+0) -0.604761905<x25>[B] (+0) +0.604761905<x26>[B] (+1) +0.604761905<x27>[B] (+1) -0.604761905<x28>[B] (+1) -0.604761905<x29>[B] (+1) +0.604761905<x30>[B] (+1) +0.604761905<x31>[B] (+1) -0.604761905<x32>[B] (+1) +0.604761905<x33>[B] (+0) +0.604761905<x34>[B] (+1) +0.604761905<x35>[B] (+1) +0.604761905<x36>[B] (+0) -0.604761905<x37>[B] (+1) +0.604761905<x38>[B] (+1) +0.604761905<x39>[B] (+1) +0.604761905<x40>[B] (+0) +0.604761905<x41>[B] (+0) +0.604761905<x42>[B] (+0) +0.604761905<x43>[B] (+0) +0.604761905<x44>[B] (+0) +0.604761905<x45>[B] (+1) +0.604761905<x46>[B] (+1) +0.604761905<x47>[B] (+0) +0.604761905<x48>[B] (+0) +0.604761905<x49>[B] (+1) +0.604761905<x50>[B] (+1) +0.604761905<x51>[B] (+0) +0.604761905<x52>[B] (+0) -0.604761905<x53>[B] (+0) +0.604761905<x54>[B] (+0) +0.604761905<x55>[B] (+1) +0.604761905<x56>[B] (+1) +0.604761905<x57>[B] (+0) +0.604761905<x58>[B] (+0) +0.604761905<x59>[B] (+1) +0.604761905<x60>[B] (+1) +0.604761905<x61>[B] (+0) -0.604761905<x62>[B] (+1) +0.604761905<x63>[B] (+0) +0.604761905<x64>[B] (+1) +0.604761905<x65>[B] (+1) +0.604761905<x66>[B] (+0) -0.604761905<x67>[B] (+0) +0.604761905<x68>[B] (+1) +0.604761905<x69>[B] (+1) -0.604761905<x70>[B] (+1) -0.604761905<x71>[B] (+0) -0.604761905<x72>[B] (+1) -0.604761905<x73>[B] (+1) +0.604761905<x74>[B] (+0) -0.604761905<x75>[B] (+1) -0.604761905<x76>[B] (+1) -0.604761905<x77>[B] (+1) +0.604761905<x78>[B] (+0) +0.604761905<x79>[B] (+1) +0.604761905<x80>[B] (+1) +0.604761905<x81>[B] (+0) +0.604761905<x82>[B] (+0) +0.604761905<x83>[B] (+1) +0.604761905<x84>[B] (+1) -0.604761905<x85>[B] (+1) -0.604761905<x86>[B] (+1) +0.604761905<x87>[B] (+0) -0.604761905<x88>[B] (+1) +0.604761905<x89>[B] (+1) +0.604761905<x90>[B] (+1) +0.604761905<x91>[B] (+1) +0.604761905<x92>[B] (+0) -0.604761905<x93>[B] (+0) +0.604761905<x94>[B] (+0) +0.604761905<x95>[B] (+0) +0.604761905<x96>[B] (+0) -0.604761905<x97>[B] (+0) +0.604761905<x98>[B] (+0) +0.604761905<x99>[B] (+0) -0.604761905<x100>[B] (+1) -0.604761905<x101>[B] (+1) -0.604761905<x102>[B] (+1) +0.604761905<x103>[B] (+1) +0.604761905<x104>[B] (+1) +0.604761905<x105>[B] (+0) >= 27.3666666666667;
;
violation: left hand side is violated by 0.0285714285714249
  [linear] <c934>: <x109>[C] (+3.28095238) +0.652380952<x1>[B] (+1) +0.652380952<x2>[B] (+1) +0.652380952<x3>[B] (+1) +0.652380952<x4>[B] (+1) +0.652380952<x5>[B] (+1) +0.652380952<x6>[B] (+1) +0.652380952<x7>[B] (+1) +0.652380952<x8>[B] (+1) -0.652380952<x9>[B] (+1) +0.652380952<x10>[B] (+1) +0.652380952<x11>[B] (+1) +0.652380952<x12>[B] (+1) +0.652380952<x13>[B] (+1) +0.652380952<x14>[B] (+1) -0.652380952<x15>[B] (+0) -0.652380952<x16>[B] (+0) -0.652380952<x17>[B] (+0) -0.652380952<x18>[B] (+1) -0.652380952<x19>[B] (+1) -0.652380952<x20>[B] (+0) -0.652380952<x21>[B] (+1) -0.652380952<x22>[B] (+0) -0.652380952<x23>[B] (+0) -0.652380952<x24>[B] (+1) -0.652380952<x25>[B] (+1) -0.652380952<x26>[B] (+0) -0.652380952<x27>[B] (+0) +0.652380952<x28>[B] (+1) -0.652380952<x29>[B] (+1) -0.652380952<x30>[B] (+1) -0.652380952<x31>[B] (+1) -0.652380952<x32>[B] (+1) -0.652380952<x33>[B] (+1) -0.652380952<x34>[B] (+1) +0.652380952<x35>[B] (+1) +0.652380952<x36>[B] (+1) +0.652380952<x37>[B] (+1) -0.652380952<x38>[B] (+1) -0.652380952<x39>[B] (+1) -0.652380952<x40>[B] (+1) -0.652380952<x41>[B] (+1) -0.652380952<x42>[B] (+1) -0.652380952<x43>[B] (+0) -0.652380952<x44>[B] (+1) -0.652380952<x45>[B] (+1) +0.652380952<x46>[B] (+0) +0.652380952<x47>[B] (+1) +0.652380952<x48>[B] (+1) -0.652380952<x49>[B] (+0) -0.652380952<x50>[B] (+0) +0.652380952<x51>[B] (+1) +0.652380952<x52>[B] (+1) +0.652380952<x53>[B] (+0) +0.652380952<x54>[B] (+1) -0.652380952<x55>[B] (+1) +0.652380952<x56>[B] (+0) +0.652380952<x57>[B] (+1) +0.652380952<x58>[B] (+1) -0.652380952<x59>[B] (+0) +0.652380952<x60>[B] (+0) +0.652380952<x61>[B] (+1) +0.652380952<x62>[B] (+0) +0.652380952<x63>[B] (+1) -0.652380952<x64>[B] (+0) +0.652380952<x65>[B] (+0) +0.652380952<x66>[B] (+1) +0.652380952<x67>[B] (+1) -0.652380952<x68>[B] (+0) +0.652380952<x69>[B] (+0) -0.652380952<x70>[B] (+0) -0.652380952<x71>[B] (+1) -0.652380952<x72>[B] (+0) +0.652380952<x73>[B] (+0) +0.652380952<x74>[B] (+1) +0.652380952<x75>[B] (+0) -0.652380952<x76>[B] (+0) -0.652380952<x77>[B] (+0) -0.652380952<x78>[B] (+1) -0.652380952<x79>[B] (+1) +0.652380952<x80>[B] (+0) +0.652380952<x81>[B] (+1) +0.652380952<x82>[B] (+1) -0.652380952<x83>[B] (+0) +0.652380952<x84>[B] (+1) -0.652380952<x85>[B] (+0) +0.652380952<x86>[B] (+0) +0.652380952<x87>[B] (+1) +0.652380952<x88>[B] (+0) -0.652380952<x89>[B] (+0) +0.652380952<x90>[B] (+0) +0.652380952<x91>[B] (+0) +0.652380952<x92>[B] (+1) +0.652380952<x93>[B] (+1) +0.652380952<x94>[B] (+0) +0.652380952<x95>[B] (+0) +0.652380952<x96>[B] (+1) +0.652380952<x97>[B] (+1) -0.652380952<x98>[B] (+1) -0.652380952<x99>[B] (+1) -0.652380952<x100>[B] (+0) -0.652380952<x101>[B] (+0) -0.652380952<x102>[B] (+0) -0.652380952<x103>[B] (+0) -0.652380952<x104>[B] (+0) +0.652380952<x105>[B] (+1) >= 12.8857142857143;
;
violation: left hand side is violated by 1.12380952380953
2/4 feasible solutions given by solution candidate storage, new primal bound -1.999964e+06

presolving:
   (0.0s) symmetry computation started: requiring (bin +, int +, cont +), (fixed: bin -, int -, cont -)
   (0.0s) no symmetry present (symcode time: 0.00)
presolving (0 rounds: 0 fast, 0 medium, 0 exhaustive):
 0 deleted vars, 0 deleted constraints, 0 added constraints, 0 tightened bounds, 0 added holes, 0 changed sides, 0 changed coefficients
 0 implications, 0 cliques, 0 implied integral variables (0 bin, 0 int, 0 cont)
presolved problem has 125 variables (105 bin, 0 int, 20 cont) and 948 constraints
    948 constraints of type <linear>
Presolving Time: 0.00
transformed 2/2 original solutions to the transformed problem space

 time | node  | left  |LP iter|LP it/n|mem/heur|mdpt |vars |cons |rows |cuts |sepa|confs|strbr|  dualbound   | primalbound  |  gap   | compl. 
p 0.0s|     1 |     0 |     6 |     - |   locks|   0 | 125 | 948 | 948 |   0 |  0 |   0 |   0 | 1.800000e+02 |-2.920286e+02 |    Inf | unknown
  0.0s|     1 |     0 |   236 |     - |  6977k |   0 | 125 | 948 | 948 |   0 |  0 |   0 |   0 |-1.807537e+02 |-2.920286e+02 |  61.56%| unknown
r 0.0s|     1 |     0 |   236 |     - |shifting|   0 | 125 | 948 | 948 |   0 |  0 |   0 |   0 |-1.807537e+02 |-1.966881e+02 |   8.82%| unknown
  0.0s|     1 |     0 |   264 |     - |  7504k |   0 | 125 | 948 | 951 |   3 |  1 |   0 |   0 |-1.808244e+02 |-1.966881e+02 |   8.77%| unknown
r 0.0s|     1 |     0 |   264 |     - |shifting|   0 | 125 | 948 | 951 |   3 |  1 |   0 |   0 |-1.808244e+02 |-1.944375e+02 |   7.53%| unknown
  0.0s|     1 |     0 |   264 |     - |  7513k |   0 | 125 | 948 | 951 |   3 |  1 |   0 |   0 |-1.808244e+02 |-1.944375e+02 |   7.53%| unknown
  0.0s|     1 |     0 |   280 |     - |  7605k |   0 | 125 | 948 | 954 |   6 |  2 |   0 |   0 |-1.809010e+02 |-1.944375e+02 |   7.48%| unknown
  0.0s|     1 |     0 |   281 |     - |  7705k |   0 | 125 | 948 | 956 |   8 |  3 |   0 |   0 |-1.809016e+02 |-1.944375e+02 |   7.48%| unknown
  0.1s|     1 |     0 |   285 |     - |  7876k |   0 | 125 | 948 | 958 |  10 |  4 |   0 |   0 |-1.809209e+02 |-1.944375e+02 |   7.47%| unknown
r 0.1s|     1 |     0 |   285 |     - |shifting|   0 | 125 | 948 | 958 |  10 |  4 |   0 |   0 |-1.809209e+02 |-1.935652e+02 |   6.99%| unknown
  0.1s|     1 |     0 |   297 |     - |  8094k |   0 | 125 | 948 | 960 |  12 |  5 |   0 |   0 |-1.809397e+02 |-1.935652e+02 |   6.98%| unknown
r 0.1s|     1 |     0 |   297 |     - |shifting|   0 | 125 | 948 | 960 |  12 |  5 |   0 |   0 |-1.809397e+02 |-1.872275e+02 |   3.48%| unknown
  0.1s|     1 |     0 |   311 |     - |  8428k |   0 | 125 | 948 | 962 |  14 |  6 |   0 |   0 |-1.809721e+02 |-1.872275e+02 |   3.46%| unknown
  0.1s|     1 |     0 |   318 |     - |  8648k |   0 | 125 | 948 | 964 |  16 |  7 |   0 |   0 |-1.809768e+02 |-1.872275e+02 |   3.45%| unknown
  0.1s|     1 |     0 |   329 |     - |  8750k |   0 | 125 | 948 | 965 |  17 |  8 |   0 |   0 |-1.809947e+02 |-1.872275e+02 |   3.44%| unknown
 time | node  | left  |LP iter|LP it/n|mem/heur|mdpt |vars |cons |rows |cuts |sepa|confs|strbr|  dualbound   | primalbound  |  gap   | compl. 
  0.2s|     1 |     0 |   330 |     - |  8851k |   0 | 125 | 948 | 966 |  18 |  9 |   0 |   0 |-1.809948e+02 |-1.872275e+02 |   3.44%| unknown
  0.2s|     1 |     0 |   348 |     - |  8953k |   0 | 125 | 948 | 968 |  20 | 10 |   0 |   0 |-1.810030e+02 |-1.872275e+02 |   3.44%| unknown
  0.2s|     1 |     0 |   352 |     - |  9055k |   0 | 125 | 948 | 969 |  21 | 11 |   0 |   0 |-1.810075e+02 |-1.872275e+02 |   3.44%| unknown
  0.2s|     1 |     0 |   355 |     - |  9176k |   0 | 125 | 948 | 971 |  23 | 12 |   0 |   0 |-1.810076e+02 |-1.872275e+02 |   3.44%| unknown
  0.2s|     1 |     0 |   359 |     - |  9287k |   0 | 125 | 948 | 973 |  25 | 13 |   0 |   0 |-1.810080e+02 |-1.872275e+02 |   3.44%| unknown
  0.2s|     1 |     0 |   361 |     - |  9389k |   0 | 125 | 948 | 974 |  26 | 14 |   0 |   0 |-1.810081e+02 |-1.872275e+02 |   3.44%| unknown
d 0.2s|     1 |     0 |   404 |     - |farkasdi|   0 | 125 | 948 | 974 |   0 | 15 |   0 |   0 |-1.810081e+02 |-1.810857e+02 |   0.04%| unknown
  0.2s|     1 |     0 |   404 |     - |  9493k |   0 | 125 | 948 | 974 |  26 | 15 |   0 |   0 |-1.810081e+02 |-1.810857e+02 |   0.04%| unknown
  0.2s|     1 |     0 |   404 |     - |  9521k |   0 | 125 | 948 | 297 |  26 | 15 |   0 |   0 |-1.810081e+02 |-1.810857e+02 |   0.04%| unknown
  0.3s|     1 |     0 |   404 |     - |  9550k |   0 | 125 | 188 | 297 |  26 | 16 |   0 |   0 |-1.810081e+02 |-1.810857e+02 |   0.04%| unknown
(run 1, node 1) restarting after 68 global fixings of integer variables

(restart) converted 26 cuts from the global cut pool into linear constraints

presolving:
presolving (0 rounds: 0 fast, 0 medium, 0 exhaustive):
 0 deleted vars, 0 deleted constraints, 0 added constraints, 0 tightened bounds, 0 added holes, 0 changed sides, 0 changed coefficients
 0 implications, 0 cliques, 0 implied integral variables (0 bin, 0 int, 0 cont)
presolved problem has 125 variables (105 bin, 0 int, 20 cont) and 214 constraints
    214 constraints of type <linear>
Presolving Time: 0.00
transformed 18/21 original solutions to the transformed problem space

 time | node  | left  |LP iter|LP it/n|mem/heur|mdpt |vars |cons |rows |cuts |sepa|confs|strbr|  dualbound   | primalbound  |  gap   | compl. 
  0.3s|     1 |     0 |   547 |     - |  9720k |   0 | 125 | 214 | 214 |   0 |  0 |   0 |   0 |-1.810081e+02 |-1.810857e+02 |   0.04%| unknown
  0.3s|     1 |     0 |   547 |     - |  9723k |   0 | 125 | 214 | 193 |   0 |  0 |   0 |   0 |-1.810081e+02 |-1.810857e+02 |   0.04%| unknown
  0.3s|     1 |     0 |   557 |     - |  9741k |   0 | 125 | 214 | 195 |   2 |  1 |   0 |   0 |-1.810183e+02 |-1.810857e+02 |   0.04%| unknown
  0.3s|     1 |     0 |   557 |     - |  9741k |   0 | 125 | 214 | 186 |   2 |  1 |   0 |   0 |-1.810183e+02 |-1.810857e+02 |   0.04%| unknown
  0.3s|     1 |     0 |   563 |     - |  9761k |   0 | 125 | 214 | 187 |   3 |  2 |   0 |   0 |-1.810273e+02 |-1.810857e+02 |   0.03%| unknown
  0.3s|     1 |     0 |   574 |     - |  9781k |   0 | 125 | 214 | 189 |   5 |  3 |   0 |   0 |-1.810373e+02 |-1.810857e+02 |   0.03%| unknown
  0.3s|     1 |     0 |   582 |     - |  9802k |   0 | 125 | 214 | 191 |   7 |  4 |   0 |   0 |-1.810498e+02 |-1.810857e+02 |   0.02%| unknown
  0.3s|     1 |     0 |   595 |     - |  9824k |   0 | 125 | 214 | 193 |   9 |  5 |   0 |   0 |-1.810564e+02 |-1.810857e+02 |   0.02%| unknown
  0.4s|     1 |     0 |   609 |     - |  9880k |   0 | 125 | 214 | 195 |  11 |  6 |   0 |   0 |-1.810644e+02 |-1.810857e+02 |   0.01%| unknown
  0.4s|     1 |     0 |   624 |     - |  9980k |   0 | 125 | 214 | 196 |  12 |  7 |   0 |   0 |-1.810710e+02 |-1.810857e+02 |   0.01%| unknown
  0.4s|     1 |     0 |   635 |     - |    10M |   0 | 125 | 214 | 198 |  14 |  8 |   0 |   0 |-1.810728e+02 |-1.810857e+02 |   0.01%| unknown
  0.4s|     1 |     0 |   665 |     - |    10M |   0 | 125 | 214 | 200 |  16 |  9 |   0 |   0 |-1.810783e+02 |-1.810857e+02 |   0.00%| unknown
  0.4s|     1 |     0 |   665 |     - |    10M |   0 | 125 | 214 | 187 |  16 |  9 |   0 |   0 |-1.810783e+02 |-1.810857e+02 |   0.00%| unknown
  0.5s|     1 |     0 |   666 |     - |    10M |   0 | 125 | 214 | 178 |  17 | 10 |   0 |   0 |-1.810786e+02 |-1.810857e+02 |   0.00%| unknown
  0.5s|     1 |     0 |   671 |     - |    10M |   0 | 125 | 214 | 179 |  18 | 11 |   0 |   0 |-1.810786e+02 |-1.810857e+02 |   0.00%| unknown
 time | node  | left  |LP iter|LP it/n|mem/heur|mdpt |vars |cons |rows |cuts |sepa|confs|strbr|  dualbound   | primalbound  |  gap   | compl. 
  0.5s|     1 |     0 |   671 |     - |    10M |   0 | 125 | 120 | 179 |  18 | 11 |   0 |   0 |-1.810786e+02 |-1.810857e+02 |   0.00%| unknown
  0.5s|     1 |     0 |   684 |     - |    10M |   0 | 125 | 120 | 180 |  19 | 12 |   0 |   0 |-1.810800e+02 |-1.810857e+02 |   0.00%| unknown
  0.5s|     1 |     0 |   684 |     - |    10M |   0 | 125 | 120 | 132 |  19 | 12 |   0 |   0 |-1.810800e+02 |-1.810857e+02 |   0.00%| unknown
  0.5s|     1 |     0 |   685 |     - |    10M |   0 | 125 | 120 | 133 |  20 | 13 |   0 |   0 |-1.810801e+02 |-1.810857e+02 |   0.00%| unknown
  0.5s|     1 |     0 |   689 |     - |    10M |   0 | 125 | 120 | 134 |  21 | 14 |   0 |   0 |-1.810803e+02 |-1.810857e+02 |   0.00%| unknown
  0.5s|     1 |     0 |   690 |     - |    10M |   0 | 125 | 120 | 135 |  22 | 15 |   0 |   0 |-1.810804e+02 |-1.810857e+02 |   0.00%| unknown
  0.5s|     1 |     0 |   690 |     - |    10M |   0 | 125 | 116 | 135 |  22 | 16 |   0 |   0 |-1.810804e+02 |-1.810857e+02 |   0.00%| unknown
  0.6s|     1 |     0 |   713 |     - |    10M |   0 | 125 | 117 | 135 |  22 | 17 |   2 |   0 |-1.810857e+02 |-1.810857e+02 |   0.00%| unknown

SCIP Status        : problem is solved [optimal solution found]
Solving Time (sec) : 0.56
Solving Nodes      : 1 (total of 2 nodes in 2 runs)
Primal Bound       : -1.81085714285714e+02 (37 solutions)
Dual Bound         : -1.81085714285714e+02
Gap                : 0.00 %
  [linear] <c949>: <x106>[C] (+16.547619) +0.557142857<x1>[B] (+0) +0.557142857<x2>[B] (+0) -0.557142857<x3>[B] (+0) +0.557142857<x4>[B] (+0) +0.557142857<x5>[B] (+0) +0.557142857<x6>[B] (+0) -0.557142857<x7>[B] (+0) +0.557142857<x8>[B] (+0) +0.557142857<x9>[B] (+0) +0.557142857<x10>[B] (+1) +0.557142857<x11>[B] (+0) +0.557142857<x12>[B] (+0) +0.557142857<x13>[B] (+0) +0.557142857<x14>[B] (+0) +0.557142857<x15>[B] (+0) -0.557142857<x16>[B] (+0) -0.557142857<x17>[B] (+1) +0.557142857<x18>[B] (+0) +0.557142857<x19>[B] (+0) -0.557142857<x20>[B] (+1) +0.557142857<x21>[B] (+0) +0.557142857<x22>[B] (+1) +0.557142857<x23>[B] (+1) +0.557142857<x24>[B] (+0) -0.557142857<x25>[B] (+0) +0.557142857<x26>[B] (+1) +0.557142857<x27>[B] (+1) -0.557142857<x28>[B] (+0) -0.557142857<x29>[B] (+1) +0.557142857<x30>[B] (+1) +0.557142857<x31>[B] (+1) -0.557142857<x32>[B] (+1) +0.557142857<x33>[B] (+0) +0.557142857<x34>[B] (+1) +0.557142857<x35>[B] (+1) +0.557142857<x36>[B] (+0) -0.557142857<x37>[B] (+1) +0.557142857<x38>[B] (+1) +0.557142857<x39>[B] (+1) +0.557142857<x40>[B] (+1) +0.557142857<x41>[B] (+1) +0.557142857<x42>[B] (+1) +0.557142857<x43>[B] (+1) +0.557142857<x44>[B] (+1) +0.557142857<x45>[B] (+1) +0.557142857<x46>[B] (+1) +0.557142857<x47>[B] (+0) +0.557142857<x48>[B] (+1) +0.557142857<x49>[B] (+1) +0.557142857<x50>[B] (+1) +0.557142857<x51>[B] (+0) +0.557142857<x52>[B] (+0) -0.557142857<x53>[B] (+1) +0.557142857<x54>[B] (+0) +0.557142857<x55>[B] (+1) +0.557142857<x56>[B] (+1) +0.557142857<x57>[B] (+0) +0.557142857<x58>[B] (+0) +0.557142857<x59>[B] (+1) +0.557142857<x60>[B] (+1) +0.557142857<x61>[B] (+0) -0.557142857<x62>[B] (+1) +0.557142857<x63>[B] (+0) +0.557142857<x64>[B] (+1) +0.557142857<x65>[B] (+1) +0.557142857<x66>[B] (+0) -0.557142857<x67>[B] (+0) +0.557142857<x68>[B] (+1) +0.557142857<x69>[B] (+1) -0.557142857<x70>[B] (+1) -0.557142857<x71>[B] (+0) -0.557142857<x72>[B] (+1) -0.557142857<x73>[B] (+1) +0.557142857<x74>[B] (+0) -0.557142857<x75>[B] (+1) -0.557142857<x76>[B] (+1) -0.557142857<x77>[B] (+1) +0.557142857<x78>[B] (+0) +0.557142857<x79>[B] (+1) +0.557142857<x80>[B] (+1) +0.557142857<x81>[B] (+0) +0.557142857<x82>[B] (+0) +0.557142857<x83>[B] (+1) +0.557142857<x84>[B] (+0) -0.557142857<x85>[B] (+1) -0.557142857<x86>[B] (+1) +0.557142857<x87>[B] (+0) -0.557142857<x88>[B] (+1) +0.557142857<x89>[B] (+1) +0.557142857<x90>[B] (+1) +0.557142857<x91>[B] (+1) +0.557142857<x92>[B] (+0) -0.557142857<x93>[B] (+0) +0.557142857<x94>[B] (+0) +0.557142857<x95>[B] (+0) +0.557142857<x96>[B] (+0) -0.557142857<x97>[B] (+0) +0.557142857<x98>[B] (+0) +0.557142857<x99>[B] (+0) -0.557142857<x100>[B] (+1) -0.557142857<x101>[B] (+1) -0.557142857<x102>[B] (+1) +0.557142857<x103>[B] (+1) +0.557142857<x104>[B] (+1) +0.557142857<x105>[B] (+0) >= 26.6047619047619;
;
violation: left hand side is violated by 0.0285714285714249
  [linear] <c950>: <x108>[C] (+25.347619) -0.7<x1>[B] (+0) -0.7<x2>[B] (+0) +0.7<x3>[B] (+0) -0.7<x4>[B] (+0) +0.7<x5>[B] (+0) -0.7<x6>[B] (+0) -0.7<x7>[B] (+0) +0.7<x8>[B] (+0) -0.7<x9>[B] (+0) -0.7<x10>[B] (+1) +0.7<x11>[B] (+0) +0.7<x12>[B] (+0) -0.7<x13>[B] (+0) -0.7<x14>[B] (+0) -0.7<x15>[B] (+0) +0.7<x16>[B] (+0) -0.7<x17>[B] (+1) +0.7<x18>[B] (+0) -0.7<x19>[B] (+0) -0.7<x20>[B] (+1) +0.7<x21>[B] (+0) -0.7<x22>[B] (+1) -0.7<x23>[B] (+1) +0.7<x24>[B] (+0) +0.7<x25>[B] (+0) -0.7<x26>[B] (+1) -0.7<x27>[B] (+1) +0.7<x28>[B] (+0) +0.7<x29>[B] (+1) +0.7<x30>[B] (+1) +0.7<x31>[B] (+1) -0.7<x32>[B] (+1) +0.7<x33>[B] (+0) +0.7<x34>[B] (+1) +0.7<x35>[B] (+1) +0.7<x36>[B] (+0) +0.7<x37>[B] (+1) -0.7<x38>[B] (+1) -0.7<x39>[B] (+1) -0.7<x40>[B] (+1) -0.7<x41>[B] (+1) -0.7<x42>[B] (+1) -0.7<x43>[B] (+1) -0.7<x44>[B] (+0) -0.7<x45>[B] (+1) -0.7<x46>[B] (+1) +0.7<x47>[B] (+0) +0.7<x48>[B] (+1) -0.7<x49>[B] (+1) -0.7<x50>[B] (+1) +0.7<x51>[B] (+0) -0.7<x52>[B] (+0) -0.7<x53>[B] (+1) +0.7<x54>[B] (+0) -0.7<x55>[B] (+1) -0.7<x56>[B] (+1) +0.7<x57>[B] (+0) +0.7<x58>[B] (+0) -0.7<x59>[B] (+1) -0.7<x60>[B] (+1) -0.7<x61>[B] (+0) -0.7<x62>[B] (+1) -0.7<x63>[B] (+0) -0.7<x64>[B] (+1) -0.7<x65>[B] (+1) +0.7<x66>[B] (+0) +0.7<x67>[B] (+0) -0.7<x68>[B] (+1) -0.7<x69>[B] (+1) -0.7<x70>[B] (+1) +0.7<x71>[B] (+0) +0.7<x72>[B] (+1) +0.7<x73>[B] (+1) +0.7<x74>[B] (+0) +0.7<x75>[B] (+1) -0.7<x76>[B] (+1) -0.7<x77>[B] (+1) +0.7<x78>[B] (+0) +0.7<x79>[B] (+1) +0.7<x80>[B] (+1) +0.7<x81>[B] (+0) +0.7<x82>[B] (+0) -0.7<x83>[B] (+1) +0.7<x84>[B] (+0) -0.7<x85>[B] (+1) -0.7<x86>[B] (+1) +0.7<x87>[B] (+0) +0.7<x88>[B] (+1) -0.7<x89>[B] (+1) -0.7<x90>[B] (+1) +0.7<x91>[B] (+1) +0.7<x92>[B] (+0) +0.7<x93>[B] (+0) -0.7<x94>[B] (+0) -0.7<x95>[B] (+0) +0.7<x96>[B] (+0) +0.7<x97>[B] (+0) -0.7<x98>[B] (+0) -0.7<x99>[B] (+0) -0.7<x100>[B] (+1) -0.7<x101>[B] (+1) -0.7<x102>[B] (+1) -0.7<x103>[B] (+1) -0.7<x104>[B] (+1) +0.7<x105>[B] (+0) >= 6.47619047619047;
;
violation: left hand side is violated by 0.0285714285714169
  [linear] <c959>: <x118>[C] (+20.0238095) +0.633333333<x1>[B] (+0) -0.633333333<x2>[B] (+0) +0.633333333<x3>[B] (+0) +0.633333333<x4>[B] (+0) +0.633333333<x5>[B] (+0) +0.633333333<x6>[B] (+0) +0.633333333<x7>[B] (+0) +0.633333333<x8>[B] (+0) +0.633333333<x9>[B] (+0) +0.633333333<x10>[B] (+1) +0.633333333<x11>[B] (+0) +0.633333333<x12>[B] (+0) -0.633333333<x13>[B] (+0) +0.633333333<x14>[B] (+0) -0.633333333<x15>[B] (+0) +0.633333333<x16>[B] (+0) +0.633333333<x17>[B] (+1) +0.633333333<x18>[B] (+0) +0.633333333<x19>[B] (+0) -0.633333333<x20>[B] (+1) +0.633333333<x21>[B] (+0) -0.633333333<x22>[B] (+1) +0.633333333<x23>[B] (+1) +0.633333333<x24>[B] (+0) -0.633333333<x25>[B] (+0) -0.633333333<x26>[B] (+1) +0.633333333<x27>[B] (+1) +0.633333333<x28>[B] (+1) +0.633333333<x29>[B] (+1) +0.633333333<x30>[B] (+1) +0.633333333<x31>[B] (+1) +0.633333333<x32>[B] (+1) +0.633333333<x33>[B] (+0) +0.633333333<x34>[B] (+1) +0.633333333<x35>[B] (+1) +0.633333333<x36>[B] (+0) +0.633333333<x37>[B] (+1) -0.633333333<x38>[B] (+1) +0.633333333<x39>[B] (+1) +0.633333333<x40>[B] (+1) -0.633333333<x41>[B] (+1) -0.633333333<x42>[B] (+0) -0.633333333<x43>[B] (+1) +0.633333333<x44>[B] (+0) -0.633333333<x45>[B] (+1) -0.633333333<x46>[B] (+1) -0.633333333<x47>[B] (+0) -0.633333333<x48>[B] (+0) -0.633333333<x49>[B] (+1) +0.633333333<x50>[B] (+1) -0.633333333<x51>[B] (+0) -0.633333333<x52>[B] (+0) -0.633333333<x53>[B] (+1) +0.633333333<x54>[B] (+0) -0.633333333<x55>[B] (+1) -0.633333333<x56>[B] (+1) -0.633333333<x57>[B] (+0) -0.633333333<x58>[B] (+0) -0.633333333<x59>[B] (+1) -0.633333333<x60>[B] (+1) +0.633333333<x61>[B] (+0) -0.633333333<x62>[B] (+1) +0.633333333<x63>[B] (+0) -0.633333333<x64>[B] (+1) +0.633333333<x65>[B] (+1) +0.633333333<x66>[B] (+0) -0.633333333<x67>[B] (+0) -0.633333333<x68>[B] (+1) +0.633333333<x69>[B] (+1) -0.633333333<x70>[B] (+1) +0.633333333<x71>[B] (+0) -0.633333333<x72>[B] (+1) -0.633333333<x73>[B] (+1) -0.633333333<x74>[B] (+0) -0.633333333<x75>[B] (+1) -0.633333333<x76>[B] (+1) +0.633333333<x77>[B] (+1) +0.633333333<x78>[B] (+0) -0.633333333<x79>[B] (+1) +0.633333333<x80>[B] (+1) +0.633333333<x81>[B] (+0) +0.633333333<x82>[B] (+0) -0.633333333<x83>[B] (+1) +0.633333333<x84>[B] (+0) -0.633333333<x85>[B] (+1) -0.633333333<x86>[B] (+1) -0.633333333<x87>[B] (+0) -0.633333333<x88>[B] (+1) -0.633333333<x89>[B] (+1) -0.633333333<x90>[B] (+1) +0.633333333<x91>[B] (+1) +0.633333333<x92>[B] (+0) +0.633333333<x93>[B] (+0) -0.633333333<x94>[B] (+0) +0.633333333<x95>[B] (+0) -0.633333333<x96>[B] (+0) -0.633333333<x97>[B] (+0) -0.633333333<x98>[B] (+0) +0.633333333<x99>[B] (+0) -0.633333333<x100>[B] (+1) -0.633333333<x101>[B] (+1) +0.633333333<x102>[B] (+1) -0.633333333<x103>[B] (+1) +0.633333333<x104>[B] (+1) +0.633333333<x105>[B] (+0) >= 13.7761904761905;
;
violation: left hand side is violated by 0.0857142857150102
  [linear] <c954>: <x112>[C] (+11.3761905) +0.461904762<x1>[B] (+0) -0.461904762<x2>[B] (+0) +0.461904762<x3>[B] (+0) +0.461904762<x4>[B] (+0) +0.461904762<x5>[B] (+0) +0.461904762<x6>[B] (+0) +0.461904762<x7>[B] (+0) -0.461904762<x8>[B] (+0) +0.461904762<x9>[B] (+0) +0.461904762<x10>[B] (+1) -0.461904762<x11>[B] (+0) +0.461904762<x12>[B] (+0) -0.461904762<x13>[B] (+0) +0.461904762<x14>[B] (+0) -0.461904762<x15>[B] (+0) +0.461904762<x16>[B] (+0) -0.461904762<x17>[B] (+0) -0.461904762<x18>[B] (+0) -0.461904762<x19>[B] (+0) +0.461904762<x20>[B] (+1) -0.461904762<x21>[B] (+0) -0.461904762<x22>[B] (+1) -0.461904762<x23>[B] (+1) -0.461904762<x24>[B] (+0) +0.461904762<x25>[B] (+0) -0.461904762<x26>[B] (+1) -0.461904762<x27>[B] (+1) +0.461904762<x28>[B] (+0) +0.461904762<x29>[B] (+1) +0.461904762<x30>[B] (+1) +0.461904762<x31>[B] (+1) +0.461904762<x32>[B] (+1) +0.461904762<x33>[B] (+0) +0.461904762<x34>[B] (+1) +0.461904762<x35>[B] (+1) -0.461904762<x36>[B] (+0) +0.461904762<x37>[B] (+1) +0.461904762<x38>[B] (+1) +0.461904762<x39>[B] (+1) -0.461904762<x40>[B] (+1) -0.461904762<x41>[B] (+1) -0.461904762<x42>[B] (+1) -0.461904762<x43>[B] (+1) -0.461904762<x44>[B] (+1) -0.461904762<x45>[B] (+1) -0.461904762<x46>[B] (+1) -0.461904762<x47>[B] (+0) -0.461904762<x48>[B] (+1) -0.461904762<x49>[B] (+1) -0.461904762<x50>[B] (+1) +0.461904762<x51>[B] (+0) +0.461904762<x52>[B] (+0) +0.461904762<x53>[B] (+1) -0.461904762<x54>[B] (+0) -0.461904762<x55>[B] (+1) +0.461904762<x56>[B] (+1) -0.461904762<x57>[B] (+0) +0.461904762<x58>[B] (+0) -0.461904762<x59>[B] (+1) +0.461904762<x60>[B] (+1) -0.461904762<x61>[B] (+0) +0.461904762<x62>[B] (+1) -0.461904762<x63>[B] (+0) -0.461904762<x64>[B] (+1) +0.461904762<x65>[B] (+1) -0.461904762<x66>[B] (+0) +0.461904762<x67>[B] (+0) -0.461904762<x68>[B] (+1) -0.461904762<x69>[B] (+1) +0.461904762<x70>[B] (+1) -0.461904762<x71>[B] (+0) -0.461904762<x72>[B] (+1) +0.461904762<x73>[B] (+1) -0.461904762<x74>[B] (+0) +0.461904762<x75>[B] (+1) -0.461904762<x76>[B] (+1) +0.461904762<x77>[B] (+1) -0.461904762<x78>[B] (+0) -0.461904762<x79>[B] (+1) -0.461904762<x80>[B] (+1) -0.461904762<x81>[B] (+0) -0.461904762<x82>[B] (+0) -0.461904762<x83>[B] (+1) -0.461904762<x84>[B] (+1) +0.461904762<x85>[B] (+1) +0.461904762<x86>[B] (+1) -0.461904762<x87>[B] (+0) +0.461904762<x88>[B] (+1) -0.461904762<x89>[B] (+1) +0.461904762<x90>[B] (+1) +0.461904762<x91>[B] (+1) -0.461904762<x92>[B] (+0) +0.461904762<x93>[B] (+0) -0.461904762<x94>[B] (+0) +0.461904762<x95>[B] (+0) -0.461904762<x96>[B] (+0) +0.461904762<x97>[B] (+0) -0.461904762<x98>[B] (+0) -0.461904762<x99>[B] (+0) +0.461904762<x100>[B] (+1) +0.461904762<x101>[B] (+1) +0.461904762<x102>[B] (+1) -0.461904762<x103>[B] (+1) -0.461904762<x104>[B] (+1) +0.461904762<x105>[B] (+0) >= 11.4333333333333;
;
violation: left hand side is violated by 0.0571428571428498
  [linear] <c959>: <x118>[C] (+20.0238095) +0.633333333<x1>[B] (+0) -0.633333333<x2>[B] (+0) +0.633333333<x3>[B] (+0) +0.633333333<x4>[B] (+0) +0.633333333<x5>[B] (+0) +0.633333333<x6>[B] (+0) +0.633333333<x7>[B] (+0) +0.633333333<x8>[B] (+0) +0.633333333<x9>[B] (+0) +0.633333333<x10>[B] (+1) +0.633333333<x11>[B] (+0) +0.633333333<x12>[B] (+0) -0.633333333<x13>[B] (+0) +0.633333333<x14>[B] (+0) -0.633333333<x15>[B] (+0) +0.633333333<x16>[B] (+0) +0.633333333<x17>[B] (+1) +0.633333333<x18>[B] (+0) +0.633333333<x19>[B] (+0) -0.633333333<x20>[B] (+1) +0.633333333<x21>[B] (+0) -0.633333333<x22>[B] (+1) +0.633333333<x23>[B] (+1) +0.633333333<x24>[B] (+0) -0.633333333<x25>[B] (+0) -0.633333333<x26>[B] (+1) +0.633333333<x27>[B] (+1) +0.633333333<x28>[B] (+1) +0.633333333<x29>[B] (+1) +0.633333333<x30>[B] (+1) +0.633333333<x31>[B] (+1) +0.633333333<x32>[B] (+1) +0.633333333<x33>[B] (+0) +0.633333333<x34>[B] (+1) +0.633333333<x35>[B] (+1) +0.633333333<x36>[B] (+0) +0.633333333<x37>[B] (+1) -0.633333333<x38>[B] (+1) +0.633333333<x39>[B] (+1) +0.633333333<x40>[B] (+1) -0.633333333<x41>[B] (+0) -0.633333333<x42>[B] (+0) -0.633333333<x43>[B] (+1) +0.633333333<x44>[B] (+0) -0.633333333<x45>[B] (+1) -0.633333333<x46>[B] (+1) -0.633333333<x47>[B] (+0) -0.633333333<x48>[B] (+1) -0.633333333<x49>[B] (+1) +0.633333333<x50>[B] (+1) -0.633333333<x51>[B] (+0) -0.633333333<x52>[B] (+0) -0.633333333<x53>[B] (+1) +0.633333333<x54>[B] (+0) -0.633333333<x55>[B] (+1) -0.633333333<x56>[B] (+1) -0.633333333<x57>[B] (+0) -0.633333333<x58>[B] (+0) -0.633333333<x59>[B] (+1) -0.633333333<x60>[B] (+1) +0.633333333<x61>[B] (+0) -0.633333333<x62>[B] (+1) +0.633333333<x63>[B] (+0) -0.633333333<x64>[B] (+1) +0.633333333<x65>[B] (+1) +0.633333333<x66>[B] (+0) -0.633333333<x67>[B] (+1) -0.633333333<x68>[B] (+1) +0.633333333<x69>[B] (+1) -0.633333333<x70>[B] (+1) +0.633333333<x71>[B] (+0) -0.633333333<x72>[B] (+1) -0.633333333<x73>[B] (+1) -0.633333333<x74>[B] (+0) -0.633333333<x75>[B] (+1) -0.633333333<x76>[B] (+1) +0.633333333<x77>[B] (+1) +0.633333333<x78>[B] (+0) -0.633333333<x79>[B] (+1) +0.633333333<x80>[B] (+1) +0.633333333<x81>[B] (+0) +0.633333333<x82>[B] (+0) -0.633333333<x83>[B] (+1) +0.633333333<x84>[B] (+1) -0.633333333<x85>[B] (+1) -0.633333333<x86>[B] (+1) -0.633333333<x87>[B] (+0) -0.633333333<x88>[B] (+1) -0.633333333<x89>[B] (+1) -0.633333333<x90>[B] (+1) +0.633333333<x91>[B] (+1) +0.633333333<x92>[B] (+0) +0.633333333<x93>[B] (+0) -0.633333333<x94>[B] (+0) +0.633333333<x95>[B] (+0) -0.633333333<x96>[B] (+0) -0.633333333<x97>[B] (+0) -0.633333333<x98>[B] (+0) +0.633333333<x99>[B] (+0) -0.633333333<x100>[B] (+1) -0.633333333<x101>[B] (+1) +0.633333333<x102>[B] (+1) -0.633333333<x103>[B] (+1) +0.633333333<x104>[B] (+1) +0.633333333<x105>[B] (+0) >= 13.7761904761905;
;
violation: left hand side is violated by 0.0857142857142179
  [linear] <c959>: <x118>[C] (+20.6857143) +0.633333333<x1>[B] (+0) -0.633333333<x2>[B] (+0) +0.633333333<x3>[B] (+0) +0.633333333<x4>[B] (+0) +0.633333333<x5>[B] (+0) +0.633333333<x6>[B] (+0) +0.633333333<x7>[B] (+0) +0.633333333<x8>[B] (+0) +0.633333333<x9>[B] (+0) +0.633333333<x10>[B] (+1) +0.633333333<x11>[B] (+0) +0.633333333<x12>[B] (+0) -0.633333333<x13>[B] (+0) +0.633333333<x14>[B] (+0) -0.633333333<x15>[B] (+0) +0.633333333<x16>[B] (+0) +0.633333333<x17>[B] (+0) +0.633333333<x18>[B] (+0) +0.633333333<x19>[B] (+0) -0.633333333<x20>[B] (+1) +0.633333333<x21>[B] (+0) -0.633333333<x22>[B] (+1) +0.633333333<x23>[B] (+1) +0.633333333<x24>[B] (+0) -0.633333333<x25>[B] (+0) -0.633333333<x26>[B] (+1) +0.633333333<x27>[B] (+1) +0.633333333<x28>[B] (+1) +0.633333333<x29>[B] (+1) +0.633333333<x30>[B] (+1) +0.633333333<x31>[B] (+1) +0.633333333<x32>[B] (+1) +0.633333333<x33>[B] (+0) +0.633333333<x34>[B] (+1) +0.633333333<x35>[B] (+1) +0.633333333<x36>[B] (+0) +0.633333333<x37>[B] (+1) -0.633333333<x38>[B] (+1) +0.633333333<x39>[B] (+1) +0.633333333<x40>[B] (+1) -0.633333333<x41>[B] (+1) -0.633333333<x42>[B] (+0) -0.633333333<x43>[B] (+1) +0.633333333<x44>[B] (+0) -0.633333333<x45>[B] (+1) -0.633333333<x46>[B] (+1) -0.633333333<x47>[B] (+0) -0.633333333<x48>[B] (+1) -0.633333333<x49>[B] (+1) +0.633333333<x50>[B] (+1) -0.633333333<x51>[B] (+0) -0.633333333<x52>[B] (+0) -0.633333333<x53>[B] (+1) +0.633333333<x54>[B] (+0) -0.633333333<x55>[B] (+1) -0.633333333<x56>[B] (+1) -0.633333333<x57>[B] (+0) -0.633333333<x58>[B] (+0) -0.633333333<x59>[B] (+1) -0.633333333<x60>[B] (+1) +0.633333333<x61>[B] (+0) -0.633333333<x62>[B] (+1) +0.633333333<x63>[B] (+0) -0.633333333<x64>[B] (+1) +0.633333333<x65>[B] (+1) +0.633333333<x66>[B] (+0) -0.633333333<x67>[B] (+0) -0.633333333<x68>[B] (+1) +0.633333333<x69>[B] (+1) -0.633333333<x70>[B] (+1) +0.633333333<x71>[B] (+0) -0.633333333<x72>[B] (+1) -0.633333333<x73>[B] (+1) -0.633333333<x74>[B] (+0) -0.633333333<x75>[B] (+1) -0.633333333<x76>[B] (+1) +0.633333333<x77>[B] (+1) +0.633333333<x78>[B] (+0) -0.633333333<x79>[B] (+1) +0.633333333<x80>[B] (+1) +0.633333333<x81>[B] (+0) +0.633333333<x82>[B] (+0) -0.633333333<x83>[B] (+1) +0.633333333<x84>[B] (+1) -0.633333333<x85>[B] (+1) -0.633333333<x86>[B] (+1) -0.633333333<x87>[B] (+0) -0.633333333<x88>[B] (+1) -0.633333333<x89>[B] (+1) -0.633333333<x90>[B] (+1) +0.633333333<x91>[B] (+1) +0.633333333<x92>[B] (+0) +0.633333333<x93>[B] (+0) -0.633333333<x94>[B] (+0) +0.633333333<x95>[B] (+0) -0.633333333<x96>[B] (+0) -0.633333333<x97>[B] (+0) -0.633333333<x98>[B] (+0) +0.633333333<x99>[B] (+0) -0.633333333<x100>[B] (+1) -0.633333333<x101>[B] (+1) +0.633333333<x102>[B] (+1) -0.633333333<x103>[B] (+1) +0.633333333<x104>[B] (+1) +0.633333333<x105>[B] (+0) >= 13.7761904761905;
;
violation: left hand side is violated by 0.0571428571428498
  [linear] <c954>: <x112>[C] (+10.9428571) +0.461904762<x1>[B] (+0) -0.461904762<x2>[B] (+0) +0.461904762<x3>[B] (+0) +0.461904762<x4>[B] (+0) +0.461904762<x5>[B] (+0) +0.461904762<x6>[B] (+0) +0.461904762<x7>[B] (+0) -0.461904762<x8>[B] (+0) +0.461904762<x9>[B] (+0) +0.461904762<x10>[B] (+1) -0.461904762<x11>[B] (+0) +0.461904762<x12>[B] (+0) -0.461904762<x13>[B] (+0) +0.461904762<x14>[B] (+0) -0.461904762<x15>[B] (+0) +0.461904762<x16>[B] (+0) -0.461904762<x17>[B] (+1) -0.461904762<x18>[B] (+0) -0.461904762<x19>[B] (+0) +0.461904762<x20>[B] (+1) -0.461904762<x21>[B] (+0) -0.461904762<x22>[B] (+1) -0.461904762<x23>[B] (+1) -0.461904762<x24>[B] (+0) +0.461904762<x25>[B] (+0) -0.461904762<x26>[B] (+1) -0.461904762<x27>[B] (+1) +0.461904762<x28>[B] (+1) +0.461904762<x29>[B] (+1) +0.461904762<x30>[B] (+1) +0.461904762<x31>[B] (+1) +0.461904762<x32>[B] (+1) +0.461904762<x33>[B] (+0) +0.461904762<x34>[B] (+1) +0.461904762<x35>[B] (+1) -0.461904762<x36>[B] (+0) +0.461904762<x37>[B] (+1) +0.461904762<x38>[B] (+1) +0.461904762<x39>[B] (+1) -0.461904762<x40>[B] (+1) -0.461904762<x41>[B] (+1) -0.461904762<x42>[B] (+1) -0.461904762<x43>[B] (+1) -0.461904762<x44>[B] (+0) -0.461904762<x45>[B] (+1) -0.461904762<x46>[B] (+1) -0.461904762<x47>[B] (+0) -0.461904762<x48>[B] (+1) -0.461904762<x49>[B] (+1) -0.461904762<x50>[B] (+1) +0.461904762<x51>[B] (+0) +0.461904762<x52>[B] (+0) +0.461904762<x53>[B] (+0) -0.461904762<x54>[B] (+0) -0.461904762<x55>[B] (+1) +0.461904762<x56>[B] (+1) -0.461904762<x57>[B] (+0) +0.461904762<x58>[B] (+0) -0.461904762<x59>[B] (+1) +0.461904762<x60>[B] (+1) -0.461904762<x61>[B] (+0) +0.461904762<x62>[B] (+1) -0.461904762<x63>[B] (+0) -0.461904762<x64>[B] (+1) +0.461904762<x65>[B] (+1) -0.461904762<x66>[B] (+0) +0.461904762<x67>[B] (+1) -0.461904762<x68>[B] (+1) -0.461904762<x69>[B] (+1) +0.461904762<x70>[B] (+1) -0.461904762<x71>[B] (+0) -0.461904762<x72>[B] (+1) +0.461904762<x73>[B] (+1) -0.461904762<x74>[B] (+0) +0.461904762<x75>[B] (+1) -0.461904762<x76>[B] (+1) +0.461904762<x77>[B] (+1) -0.461904762<x78>[B] (+0) -0.461904762<x79>[B] (+1) -0.461904762<x80>[B] (+1) -0.461904762<x81>[B] (+0) -0.461904762<x82>[B] (+0) -0.461904762<x83>[B] (+1) -0.461904762<x84>[B] (+1) +0.461904762<x85>[B] (+1) +0.461904762<x86>[B] (+1) -0.461904762<x87>[B] (+0) +0.461904762<x88>[B] (+1) -0.461904762<x89>[B] (+1) +0.461904762<x90>[B] (+1) +0.461904762<x91>[B] (+1) -0.461904762<x92>[B] (+0) +0.461904762<x93>[B] (+0) -0.461904762<x94>[B] (+0) +0.461904762<x95>[B] (+0) -0.461904762<x96>[B] (+0) +0.461904762<x97>[B] (+0) -0.461904762<x98>[B] (+0) -0.461904762<x99>[B] (+0) +0.461904762<x100>[B] (+1) +0.461904762<x101>[B] (+1) +0.461904762<x102>[B] (+1) -0.461904762<x103>[B] (+1) -0.461904762<x104>[B] (+1) +0.461904762<x105>[B] (+0) >= 11.4333333333333;
;
violation: left hand side is violated by 0.0285714285714285
  [linear] <c954>: <x112>[C] (+12.2428571) +0.461904762<x1>[B] (+0) -0.461904762<x2>[B] (+0) +0.461904762<x3>[B] (+0) +0.461904762<x4>[B] (+0) +0.461904762<x5>[B] (+0) +0.461904762<x6>[B] (+0) +0.461904762<x7>[B] (+0) -0.461904762<x8>[B] (+0) +0.461904762<x9>[B] (+0) +0.461904762<x10>[B] (+1) -0.461904762<x11>[B] (+0) +0.461904762<x12>[B] (+0) -0.461904762<x13>[B] (+0) +0.461904762<x14>[B] (+0) -0.461904762<x15>[B] (+0) +0.461904762<x16>[B] (+0) -0.461904762<x17>[B] (+1) -0.461904762<x18>[B] (+0) -0.461904762<x19>[B] (+0) +0.461904762<x20>[B] (+1) -0.461904762<x21>[B] (+0) -0.461904762<x22>[B] (+1) -0.461904762<x23>[B] (+1) -0.461904762<x24>[B] (+0) +0.461904762<x25>[B] (+0) -0.461904762<x26>[B] (+1) -0.461904762<x27>[B] (+1) +0.461904762<x28>[B] (+0) +0.461904762<x29>[B] (+1) +0.461904762<x30>[B] (+1) +0.461904762<x31>[B] (+1) +0.461904762<x32>[B] (+1) +0.461904762<x33>[B] (+0) +0.461904762<x34>[B] (+1) +0.461904762<x35>[B] (+1) -0.461904762<x36>[B] (+0) +0.461904762<x37>[B] (+1) +0.461904762<x38>[B] (+1) +0.461904762<x39>[B] (+1) -0.461904762<x40>[B] (+1) -0.461904762<x41>[B] (+1) -0.461904762<x42>[B] (+1) -0.461904762<x43>[B] (+1) -0.461904762<x44>[B] (+1) -0.461904762<x45>[B] (+1) -0.461904762<x46>[B] (+1) -0.461904762<x47>[B] (+0) -0.461904762<x48>[B] (+1) -0.461904762<x49>[B] (+1) -0.461904762<x50>[B] (+1) +0.461904762<x51>[B] (+0) +0.461904762<x52>[B] (+0) +0.461904762<x53>[B] (+0) -0.461904762<x54>[B] (+0) -0.461904762<x55>[B] (+1) +0.461904762<x56>[B] (+1) -0.461904762<x57>[B] (+0) +0.461904762<x58>[B] (+0) -0.461904762<x59>[B] (+1) +0.461904762<x60>[B] (+1) -0.461904762<x61>[B] (+0) +0.461904762<x62>[B] (+1) -0.461904762<x63>[B] (+0) -0.461904762<x64>[B] (+1) +0.461904762<x65>[B] (+1) -0.461904762<x66>[B] (+0) +0.461904762<x67>[B] (+0) -0.461904762<x68>[B] (+1) -0.461904762<x69>[B] (+1) +0.461904762<x70>[B] (+1) -0.461904762<x71>[B] (+0) -0.461904762<x72>[B] (+1) +0.461904762<x73>[B] (+1) -0.461904762<x74>[B] (+0) +0.461904762<x75>[B] (+1) -0.461904762<x76>[B] (+1) +0.461904762<x77>[B] (+1) -0.461904762<x78>[B] (+0) -0.461904762<x79>[B] (+1) -0.461904762<x80>[B] (+1) -0.461904762<x81>[B] (+0) -0.461904762<x82>[B] (+0) -0.461904762<x83>[B] (+1) -0.461904762<x84>[B] (+1) +0.461904762<x85>[B] (+1) +0.461904762<x86>[B] (+1) -0.461904762<x87>[B] (+0) +0.461904762<x88>[B] (+1) -0.461904762<x89>[B] (+1) +0.461904762<x90>[B] (+1) +0.461904762<x91>[B] (+1) -0.461904762<x92>[B] (+0) +0.461904762<x93>[B] (+0) -0.461904762<x94>[B] (+0) +0.461904762<x95>[B] (+0) -0.461904762<x96>[B] (+0) +0.461904762<x97>[B] (+0) -0.461904762<x98>[B] (+0) -0.461904762<x99>[B] (+0) +0.461904762<x100>[B] (+1) +0.461904762<x101>[B] (+1) +0.461904762<x102>[B] (+1) -0.461904762<x103>[B] (+1) -0.461904762<x104>[B] (+1) +0.461904762<x105>[B] (+0) >= 11.4333333333333;
;
violation: left hand side is violated by 0.114285714285714
2/10 feasible solutions given by solution candidate storage, new primal bound -1.958065e+02

presolving:
   (0.0s) symmetry computation started: requiring (bin +, int +, cont +), (fixed: bin -, int -, cont -)
   (0.0s) no symmetry present (symcode time: 0.00)
presolving (0 rounds: 0 fast, 0 medium, 0 exhaustive):
 0 deleted vars, 0 deleted constraints, 0 added constraints, 0 tightened bounds, 0 added holes, 0 changed sides, 0 changed coefficients
 0 implications, 0 cliques, 0 implied integral variables (0 bin, 0 int, 0 cont)
presolved problem has 125 variables (105 bin, 0 int, 20 cont) and 961 constraints
    961 constraints of type <linear>
Presolving Time: 0.00
transformed 3/3 original solutions to the transformed problem space

 time | node  | left  |LP iter|LP it/n|mem/heur|mdpt |vars |cons |rows |cuts |sepa|confs|strbr|  dualbound   | primalbound  |  gap   | compl. 
  0.0s|     1 |     0 |   222 |     - |    10M |   0 | 125 | 961 | 961 |   0 |  0 |   0 |   0 |-1.809298e+02 |-1.958065e+02 |   8.22%| unknown
  0.0s|     1 |     0 |   236 |     - |    11M |   0 | 125 | 961 | 964 |   3 |  1 |   0 |   0 |-1.809408e+02 |-1.958065e+02 |   8.22%| unknown
  0.1s|     1 |     0 |   247 |     - |    11M |   0 | 125 | 961 | 967 |   6 |  2 |   0 |   0 |-1.809732e+02 |-1.958065e+02 |   8.20%| unknown
  0.1s|     1 |     0 |   263 |     - |    11M |   0 | 125 | 961 | 969 |   8 |  3 |   0 |   0 |-1.810050e+02 |-1.958065e+02 |   8.18%| unknown
  0.1s|     1 |     0 |   276 |     - |    11M |   0 | 125 | 961 | 971 |  10 |  4 |   0 |   0 |-1.810459e+02 |-1.958065e+02 |   8.15%| unknown
r 0.1s|     1 |     0 |   276 |     - |shifting|   0 | 125 | 961 | 971 |  10 |  4 |   0 |   0 |-1.810459e+02 |-1.941986e+02 |   7.26%| unknown
  0.1s|     1 |     0 |   288 |     - |    11M |   0 | 125 | 961 | 973 |  12 |  5 |   0 |   0 |-1.810689e+02 |-1.941986e+02 |   7.25%| unknown
  0.1s|     1 |     0 |   305 |     - |    11M |   0 | 125 | 961 | 975 |  14 |  6 |   0 |   0 |-1.810989e+02 |-1.941986e+02 |   7.23%| unknown
  0.1s|     1 |     0 |   319 |     - |    11M |   0 | 125 | 961 | 977 |  16 |  7 |   0 |   0 |-1.811114e+02 |-1.941986e+02 |   7.23%| unknown
  0.2s|     1 |     0 |   338 |     - |    12M |   0 | 125 | 961 | 980 |  19 |  8 |   0 |   0 |-1.811291e+02 |-1.941986e+02 |   7.22%| unknown
  0.2s|     1 |     0 |   342 |     - |    12M |   0 | 125 | 961 | 982 |  21 |  9 |   0 |   0 |-1.811319e+02 |-1.941986e+02 |   7.21%| unknown
  0.2s|     1 |     0 |   368 |     - |    12M |   0 | 125 | 961 | 985 |  24 | 10 |   0 |   0 |-1.811785e+02 |-1.941986e+02 |   7.19%| unknown
  0.2s|     1 |     0 |   371 |     - |    12M |   0 | 125 | 961 | 986 |  25 | 11 |   0 |   0 |-1.811813e+02 |-1.941986e+02 |   7.18%| unknown
r 0.2s|     1 |     0 |   411 |     - |intshift|   0 | 125 | 961 | 986 |  25 | 12 |   0 |   0 |-1.811813e+02 |-1.847714e+02 |   1.98%| unknown
d 0.2s|     1 |     0 |   487 |     - |farkasdi|   0 | 125 | 961 | 986 |   0 | 12 |   0 |   0 |-1.811813e+02 |-1.825905e+02 |   0.78%| unknown
 time | node  | left  |LP iter|LP it/n|mem/heur|mdpt |vars |cons |rows |cuts |sepa|confs|strbr|  dualbound   | primalbound  |  gap   | compl. 
L 0.2s|     1 |     0 |   487 |     - |    rens|   0 | 125 | 961 | 986 |  25 | 12 |   0 |   0 |-1.811813e+02 |-1.814095e+02 |   0.13%| unknown
  0.2s|     1 |     0 |   487 |     - |    12M |   0 | 125 | 961 | 986 |  25 | 12 |   0 |   0 |-1.811813e+02 |-1.814095e+02 |   0.13%| unknown
  0.2s|     1 |     0 |   487 |     - |    12M |   0 | 125 | 961 | 310 |  25 | 12 |   0 |   0 |-1.811813e+02 |-1.814095e+02 |   0.13%| unknown
  0.2s|     1 |     0 |   487 |     - |    12M |   0 | 125 | 186 | 310 |  25 | 13 |   0 |   0 |-1.811813e+02 |-1.814095e+02 |   0.13%| unknown
(run 1, node 1) restarting after 72 global fixings of integer variables

(restart) converted 25 cuts from the global cut pool into linear constraints

presolving:
presolving (0 rounds: 0 fast, 0 medium, 0 exhaustive):
 0 deleted vars, 0 deleted constraints, 0 added constraints, 0 tightened bounds, 0 added holes, 0 changed sides, 0 changed coefficients
 0 implications, 0 cliques, 0 implied integral variables (0 bin, 0 int, 0 cont)
presolved problem has 125 variables (105 bin, 0 int, 20 cont) and 211 constraints
    211 constraints of type <linear>
Presolving Time: 0.00
transformed 17/20 original solutions to the transformed problem space

 time | node  | left  |LP iter|LP it/n|mem/heur|mdpt |vars |cons |rows |cuts |sepa|confs|strbr|  dualbound   | primalbound  |  gap   | compl. 
  0.3s|     1 |     0 |   629 |     - |    12M |   0 | 125 | 211 | 211 |   0 |  0 |   0 |   0 |-1.811813e+02 |-1.814095e+02 |   0.13%| unknown
  0.3s|     1 |     0 |   629 |     - |    12M |   0 | 125 | 211 | 199 |   0 |  0 |   0 |   0 |-1.811813e+02 |-1.814095e+02 |   0.13%| unknown
  0.3s|     1 |     0 |   640 |     - |    12M |   0 | 125 | 211 | 200 |   1 |  1 |   0 |   0 |-1.812004e+02 |-1.814095e+02 |   0.12%| unknown
  0.3s|     1 |     0 |   649 |     - |    12M |   0 | 125 | 211 | 201 |   2 |  2 |   0 |   0 |-1.812076e+02 |-1.814095e+02 |   0.11%| unknown
  0.3s|     1 |     0 |   666 |     - |    12M |   0 | 125 | 211 | 202 |   3 |  3 |   0 |   0 |-1.812183e+02 |-1.814095e+02 |   0.11%| unknown
  0.3s|     1 |     0 |   680 |     - |    12M |   0 | 125 | 211 | 203 |   4 |  4 |   0 |   0 |-1.812236e+02 |-1.814095e+02 |   0.10%| unknown
  0.3s|     1 |     0 |   697 |     - |    12M |   0 | 125 | 211 | 204 |   5 |  5 |   0 |   0 |-1.812256e+02 |-1.814095e+02 |   0.10%| unknown
  0.4s|     1 |     0 |   712 |     - |    12M |   0 | 125 | 211 | 205 |   6 |  6 |   0 |   0 |-1.812278e+02 |-1.814095e+02 |   0.10%| unknown
  0.4s|     1 |     0 |   713 |     - |    12M |   0 | 125 | 211 | 206 |   7 |  7 |   0 |   0 |-1.812278e+02 |-1.814095e+02 |   0.10%| unknown
  0.4s|     1 |     0 |   718 |     - |    12M |   0 | 125 | 211 | 207 |   8 |  8 |   0 |   0 |-1.812280e+02 |-1.814095e+02 |   0.10%| unknown
  0.4s|     1 |     0 |   724 |     - |    12M |   0 | 125 | 211 | 208 |   9 |  9 |   0 |   0 |-1.812286e+02 |-1.814095e+02 |   0.10%| unknown
  0.5s|     1 |     0 |   731 |     - |    12M |   0 | 125 | 211 | 209 |  10 | 10 |   0 |   0 |-1.812291e+02 |-1.814095e+02 |   0.10%| unknown
  0.5s|     1 |     0 |   732 |     - |    12M |   0 | 125 | 211 | 210 |  11 | 11 |   0 |   0 |-1.812291e+02 |-1.814095e+02 |   0.10%| unknown
  0.5s|     1 |     0 |   732 |     - |    12M |   0 | 125 | 191 | 210 |  11 | 11 |   0 |   0 |-1.812291e+02 |-1.814095e+02 |   0.10%| unknown
  0.5s|     1 |     0 |   734 |     - |    12M |   0 | 125 | 191 | 211 |  12 | 12 |   0 |   0 |-1.812292e+02 |-1.814095e+02 |   0.10%| unknown
 time | node  | left  |LP iter|LP it/n|mem/heur|mdpt |vars |cons |rows |cuts |sepa|confs|strbr|  dualbound   | primalbound  |  gap   | compl. 
  0.5s|     1 |     0 |   744 |     - |    13M |   0 | 125 | 191 | 202 |  14 | 13 |   0 |   0 |-1.812296e+02 |-1.814095e+02 |   0.10%| unknown
  0.5s|     1 |     0 |   746 |     - |    13M |   0 | 125 | 191 | 203 |  15 | 14 |   0 |   0 |-1.812296e+02 |-1.814095e+02 |   0.10%| unknown
  0.6s|     1 |     0 |   874 |     - |    13M |   0 | 125 | 179 | 203 |  15 | 15 |   7 |   3 |-1.814095e+02 |-1.814095e+02 |   0.00%| unknown

SCIP Status        : problem is solved [optimal solution found]
Solving Time (sec) : 0.57
Solving Nodes      : 1 (total of 2 nodes in 2 runs)
Primal Bound       : -1.81409523809524e+02 (36 solutions)
Dual Bound         : -1.81409523809524e+02
Gap                : 0.00 %
