Loading instance...
Median ranking: [12, 6, 4, 9, 3, 1, 2, 7, 14, 5, 13, 11, 10, 8, 15]
Mean ranking: [12, 4, 6, 9, 3, 1, 14, 13, 2, 11, 7, 5, 10, 8, 15]
Actual error: 0.003372681281618939
Weighted Kendall distance: 68.0
Normalized distance: 0.060714285714285714
ss, 455 add conss, 0 chg bounds, 0 chg sides, 0 chg coeffs, 0 upgd conss, 0 impls, 0 clqs, 0 implints
   (0.0s) symmetry computation started: requiring (bin +, int +, cont +), (fixed: bin -, int -, cont -)
   (0.0s) no symmetry present (symcode time: 0.00)
presolving (2 rounds: 2 fast, 2 medium, 1 exhaustive):
 0 deleted vars, 910 deleted constraints, 455 added constraints, 0 tightened bounds, 0 added holes, 0 changed sides, 0 changed coefficients
 0 implications, 0 cliques, 0 implied integral variables (0 bin, 0 int, 0 cont)
presolved problem has 105 variables (0 bin, 0 int, 105 cont) and 455 constraints
    455 constraints of type <linear>
Presolving Time: 0.01
transformed 3/3 original solutions to the transformed problem space

 time | node  | left  |LP iter|LP it/n|mem/heur|mdpt |vars |cons |rows |cuts |sepa|confs|strbr|  dualbound   | primalbound  |  gap   | compl. 
* 0.0s|     1 |     0 |    31 |     - |    LP  |   0 | 105 | 455 | 455 |   0 |  0 |   0 |   0 | 1.540000e+02 | 1.540000e+02 |   0.00%| unknown
  0.0s|     1 |     0 |    31 |     - |  3584k |   0 | 105 | 455 | 455 |   0 |  0 |   0 |   0 | 1.540000e+02 | 1.540000e+02 |   0.00%| unknown

SCIP Status        : problem is solved [optimal solution found]
Solving Time (sec) : 0.01
Solving Nodes      : 1
Primal Bound       : +1.54000000000000e+02 (4 solutions)
Dual Bound         : +1.54000000000000e+02
Gap                : 0.00 %
feasible solution found by trivial heuristic after 0.0 seconds, objective value 3.000000e+01
presolving:
   (0.0s) running MILP presolver
   (0.0s) MILP presolver (2 rounds): 0 aggregations, 0 fixings, 0 bound changes
(round 1, medium)     0 del vars, 910 del conss, 455 add conss, 0 chg bounds, 0 chg sides, 0 chg coeffs, 0 upgd conss, 0 impls, 0 clqs, 0 implints
   (0.0s) probing: 51/105 (48.6%) - 0 fixings, 0 aggregations, 0 implications, 0 bound changes
   (0.0s) probing aborted: 50/50 successive totally useless probings
   (0.0s) symmetry computation started: requiring (bin +, int +, cont +), (fixed: bin -, int -, cont -)
   (0.0s) no symmetry present (symcode time: 0.00)
presolving (2 rounds: 2 fast, 2 medium, 1 exhaustive):
 0 deleted vars, 910 deleted constraints, 455 added constraints, 0 tightened bounds, 0 added holes, 0 changed sides, 0 changed coefficients
 0 implications, 0 cliques, 0 implied integral variables (0 bin, 0 int, 0 cont)
presolved problem has 105 variables (105 bin, 0 int, 0 cont) and 455 constraints
    455 constraints of type <linear>
transformed objective value is always integral (scale: 2)
Presolving Time: 0.01
transformed 2/2 original solutions to the transformed problem space

 time | node  | left  |LP iter|LP it/n|mem/heur|mdpt |vars |cons |rows |cuts |sepa|confs|strbr|  dualbound   | primalbound  |  gap   | compl. 
p 0.0s|     1 |     0 |     0 |     - |   locks|   0 | 105 | 455 | 455 |   0 |  0 |   0 |   0 | 1.620000e+02 | 8.400000e+01 |  92.86%| unknown
i 0.0s|     1 |     0 |     0 |     - |  oneopt|   0 | 105 | 455 | 455 |   0 |  0 |   0 |   0 | 1.620000e+02 | 1.400000e+02 |  15.71%| unknown
* 0.0s|     1 |     0 |    25 |     - |    LP  |   0 | 105 | 455 | 455 |   0 |  0 |   0 |   0 | 1.540000e+02 | 1.540000e+02 |   0.00%| unknown
  0.0s|     1 |     0 |    25 |     - |  3669k |   0 | 105 | 455 | 455 |   0 |  0 |   0 |   0 | 1.540000e+02 | 1.540000e+02 |   0.00%| unknown

SCIP Status        : problem is solved [optimal solution found]
Solving Time (sec) : 0.01
Solving Nodes      : 1
Primal Bound       : +1.54000000000000e+02 (5 solutions)
Dual Bound         : +1.54000000000000e+02
Gap                : 0.00 %
feasible solution found by trivial heuristic after 0.0 seconds, objective value -9.999700e+05
presolving:
(round 1, fast)       0 del vars, 0 del conss, 0 add conss, 20 chg bounds, 0 chg sides, 0 chg coeffs, 0 upgd conss, 0 impls, 0 clqs, 0 implints
   (0.1s) running MILP presolver
   (0.1s) MILP presolver (2 rounds): 0 aggregations, 0 fixings, 0 bound changes
(round 2, medium)     0 del vars, 1960 del conss, 1505 add conss, 20 chg bounds, 0 chg sides, 0 chg coeffs, 0 upgd conss, 0 impls, 0 clqs, 0 implints
   (0.2s) symmetry computation started: requiring (bin +, int +, cont +), (fixed: bin -, int -, cont -)
   (0.2s) no symmetry present (symcode time: 0.00)
presolving (3 rounds: 3 fast, 2 medium, 1 exhaustive):
 0 deleted vars, 1960 deleted constraints, 1505 added constraints, 20 tightened bounds, 0 added holes, 0 changed sides, 0 changed coefficients
 0 implications, 0 cliques, 0 implied integral variables (0 bin, 0 int, 0 cont)
presolved problem has 115 variables (0 bin, 0 int, 115 cont) and 1505 constraints
   1505 constraints of type <linear>
Presolving Time: 0.19

 time | node  | left  |LP iter|LP it/n|mem/heur|mdpt |vars |cons |rows |cuts |sepa|confs|strbr|  dualbound   | primalbound  |  gap   | compl. 
t 0.2s|     1 |     0 |     0 |     - | trivial|   0 | 115 |1505 |   0 |   0 |  0 |   0 |   0 | 1.620000e+02 |-4.950000e+02 |    Inf | unknown
* 0.2s|     1 |     0 |   188 |     - |    LP  |   0 | 115 |1505 |1505 |   0 |  0 |   0 |   0 |-5.808571e+01 |-5.808571e+01 |   0.00%| unknown
  0.2s|     1 |     0 |   188 |     - |    86M |   0 | 115 |1505 |1505 |   0 |  0 |   0 |   0 |-5.808571e+01 |-5.808571e+01 |   0.00%| unknown

SCIP Status        : problem is solved [optimal solution found]
Solving Time (sec) : 0.24
Solving Nodes      : 1
Primal Bound       : -5.80857142857143e+01 (3 solutions)
Dual Bound         : -5.80857142857143e+01
Gap                : 0.00 %
feasible solution found by trivial heuristic after 0.0 seconds, objective value -9.999700e+05
presolving:
(round 1, fast)       0 del vars, 0 del conss, 0 add conss, 20 chg bounds, 0 chg sides, 0 chg coeffs, 0 upgd conss, 0 impls, 0 clqs, 0 implints
   (0.1s) running MILP presolver
   (0.1s) MILP presolver (2 rounds): 0 aggregations, 0 fixings, 0 bound changes
(round 2, medium)     0 del vars, 1960 del conss, 1505 add conss, 20 chg bounds, 0 chg sides, 0 chg coeffs, 0 upgd conss, 0 impls, 0 clqs, 0 implints
   (0.2s) probing: 51/105 (48.6%) - 0 fixings, 0 aggregations, 0 implications, 0 bound changes
   (0.2s) probing aborted: 50/50 successive totally useless probings
   (0.2s) symmetry computation started: requiring (bin +, int +, cont +), (fixed: bin -, int -, cont -)
   (0.2s) no symmetry present (symcode time: 0.00)
presolving (3 rounds: 3 fast, 2 medium, 1 exhaustive):
 0 deleted vars, 1960 deleted constraints, 1505 added constraints, 20 tightened bounds, 0 added holes, 0 changed sides, 0 changed coefficients
 0 implications, 0 cliques, 0 implied integral variables (0 bin, 0 int, 0 cont)
presolved problem has 115 variables (105 bin, 0 int, 10 cont) and 1505 constraints
   1505 constraints of type <linear>
Presolving Time: 0.20

 time | node  | left  |LP iter|LP it/n|mem/heur|mdpt |vars |cons |rows |cuts |sepa|confs|strbr|  dualbound   | primalbound  |  gap   | compl. 
t 0.2s|     1 |     0 |     0 |     - | trivial|   0 | 115 |1505 |   0 |   0 |  0 |   0 |   0 | 1.620000e+02 |-4.950000e+02 |    Inf | unknown
p 0.2s|     1 |     0 |    10 |     - |   locks|   0 | 115 |1505 |1505 |   0 |  0 |   0 |   0 | 1.620000e+02 |-1.876952e+02 |    Inf | unknown
  0.3s|     1 |     0 |   198 |     - |    87M |   0 | 115 |1505 |1505 |   0 |  0 |   0 |   0 |-5.808571e+01 |-1.876952e+02 | 223.13%| unknown
r 0.3s|     1 |     0 |   198 |     - |shifting|   0 | 115 |1505 |1505 |   0 |  0 |   0 |   0 |-5.808571e+01 |-6.659286e+01 |  14.65%| unknown
  0.3s|     1 |     0 |   202 |     - |    87M |   0 | 115 |1505 |1506 |   1 |  1 |   0 |   0 |-5.809947e+01 |-6.659286e+01 |  14.62%| unknown
  0.3s|     1 |     0 |   204 |     - |    87M |   0 | 115 |1505 |1507 |   2 |  2 |   0 |   0 |-5.811429e+01 |-6.659286e+01 |  14.59%| unknown
  0.4s|     1 |     0 |   210 |     - |    87M |   0 | 115 |1505 |1508 |   3 |  3 |   0 |   0 |-5.812789e+01 |-6.659286e+01 |  14.56%| unknown
  0.4s|     1 |     0 |   213 |     - |    87M |   0 | 115 |1505 |1509 |   4 |  4 |   0 |   0 |-5.812881e+01 |-6.659286e+01 |  14.56%| unknown
  0.4s|     1 |     0 |   219 |     - |    88M |   0 | 115 |1505 |1510 |   5 |  5 |   0 |   0 |-5.813741e+01 |-6.659286e+01 |  14.54%| unknown
  0.4s|     1 |     0 |   228 |     - |    88M |   0 | 115 |1505 |1511 |   6 |  6 |   0 |   0 |-5.814497e+01 |-6.659286e+01 |  14.53%| unknown
  0.5s|     1 |     0 |   234 |     - |    88M |   0 | 115 |1505 |1512 |   7 |  7 |   0 |   0 |-5.816002e+01 |-6.659286e+01 |  14.50%| unknown
r 0.5s|     1 |     0 |   234 |     - |shifting|   0 | 115 |1505 |1512 |   7 |  7 |   0 |   0 |-5.816002e+01 |-6.398172e+01 |  10.01%| unknown
  0.5s|     1 |     0 |   236 |     - |    88M |   0 | 115 |1505 |1513 |   8 |  8 |   0 |   0 |-5.816190e+01 |-6.398172e+01 |  10.01%| unknown
  0.5s|     1 |     0 |   238 |     - |    88M |   0 | 115 |1505 |1514 |   9 |  9 |   0 |   0 |-5.816190e+01 |-6.398172e+01 |  10.01%| unknown
  0.5s|     1 |     0 |   247 |     - |    88M |   0 | 115 |1505 |1515 |  10 | 10 |   0 |   0 |-5.816825e+01 |-6.398172e+01 |   9.99%| unknown
 time | node  | left  |LP iter|LP it/n|mem/heur|mdpt |vars |cons |rows |cuts |sepa|confs|strbr|  dualbound   | primalbound  |  gap   | compl. 
d 0.6s|     1 |     0 |   323 |     - |farkasdi|   0 | 115 |1505 |1515 |   0 | 11 |   0 |   0 |-5.816825e+01 |-5.877143e+01 |   1.04%| unknown
L 0.6s|     1 |     0 |   323 |     - |    rens|   0 | 115 |1505 |1515 |  10 | 11 |   0 |   0 |-5.816825e+01 |-5.819048e+01 |   0.04%| unknown
  0.6s|     1 |     0 |   323 |     - |    89M |   0 | 115 |1505 |1515 |  10 | 11 |   0 |   0 |-5.816825e+01 |-5.819048e+01 |   0.04%| unknown
  0.6s|     1 |     0 |   323 |     - |    89M |   0 | 115 |1505 |1194 |  10 | 11 |   0 |   0 |-5.816825e+01 |-5.819048e+01 |   0.04%| unknown
  0.7s|     1 |     0 |   323 |     - |    89M |   0 | 115 | 889 |1194 |  10 | 12 |   0 |   0 |-5.816825e+01 |-5.819048e+01 |   0.04%| unknown
(run 1, node 1) restarting after 83 global fixings of integer variables

(restart) converted 10 cuts from the global cut pool into linear constraints

presolving:
(round 1, fast)       83 del vars, 0 del conss, 0 add conss, 0 chg bounds, 127 chg sides, 132 chg coeffs, 0 upgd conss, 0 impls, 52 clqs, 0 implints
(round 2, fast)       83 del vars, 0 del conss, 0 add conss, 10 chg bounds, 127 chg sides, 132 chg coeffs, 0 upgd conss, 0 impls, 52 clqs, 0 implints
   (0.7s) running MILP presolver
   (0.7s) MILP presolver (3 rounds): 0 aggregations, 0 fixings, 9 bound changes
(round 3, medium)     83 del vars, 0 del conss, 0 add conss, 19 chg bounds, 127 chg sides, 132 chg coeffs, 0 upgd conss, 0 impls, 52 clqs, 0 implints
(round 4, fast)       83 del vars, 5 del conss, 0 add conss, 19 chg bounds, 193 chg sides, 242 chg coeffs, 0 upgd conss, 0 impls, 52 clqs, 0 implints
(round 5, exhaustive) 83 del vars, 5 del conss, 0 add conss, 19 chg bounds, 193 chg sides, 242 chg coeffs, 52 upgd conss, 0 impls, 52 clqs, 0 implints
presolving (6 rounds: 6 fast, 3 medium, 2 exhaustive):
 83 deleted vars, 5 deleted constraints, 0 added constraints, 19 tightened bounds, 0 added holes, 193 changed sides, 242 changed coefficients
 0 implications, 52 cliques, 0 implied integral variables (0 bin, 0 int, 0 cont)
presolved problem has 32 variables (22 bin, 0 int, 10 cont) and 894 constraints
     52 constraints of type <setppc>
    842 constraints of type <linear>
Presolving Time: 0.24
transformed 14/17 original solutions to the transformed problem space

 time | node  | left  |LP iter|LP it/n|mem/heur|mdpt |vars |cons |rows |cuts |sepa|confs|strbr|  dualbound   | primalbound  |  gap   | compl. 
  0.7s|     1 |     0 |   410 |     - |    90M |   0 |  32 | 897 | 894 |   0 |  0 |   2 |   0 |-5.816825e+01 |-5.819048e+01 |   0.04%| unknown
  0.7s|     1 |     0 |   410 |     - |    90M |   0 |  32 | 897 | 863 |   0 |  0 |   2 |   0 |-5.816825e+01 |-5.819048e+01 |   0.04%| unknown
  0.8s|     1 |     0 |   413 |     - |    90M |   0 |  32 | 882 | 845 |   1 |  1 |   2 |   0 |-5.817202e+01 |-5.819048e+01 |   0.03%| unknown
  0.8s|     1 |     0 |   415 |     - |    90M |   0 |  32 | 873 | 846 |   2 |  2 |   2 |   0 |-5.818095e+01 |-5.819048e+01 |   0.02%| unknown
  0.8s|     1 |     0 |   420 |     - |    91M |   0 |  32 | 873 | 847 |   3 |  3 |   2 |   0 |-5.818690e+01 |-5.819048e+01 |   0.01%| unknown
  0.8s|     1 |     0 |   421 |     - |    91M |   0 |  32 | 873 | 848 |   4 |  4 |   2 |   0 |-5.819048e+01 |-5.819048e+01 |   0.00%| unknown
  0.8s|     1 |     0 |   421 |     - |    91M |   0 |  32 | 873 | 848 |   4 |  4 |   2 |   0 |-5.819048e+01 |-5.819048e+01 |   0.00%| unknown

SCIP Status        : problem is solved [optimal solution found]
Solving Time (sec) : 0.79
Solving Nodes      : 1 (total of 2 nodes in 2 runs)
Primal Bound       : -5.81904761904761e+01 (20 solutions)
Dual Bound         : -5.81904761904761e+01
Gap                : 0.00 %
feasible solution found by trivial heuristic after 0.0 seconds, objective value 0.000000e+00
presolving:
   (0.0s) symmetry computation started: requiring (bin +, int +, cont +), (fixed: bin -, int -, cont -)
   (0.0s) symmetry computation finished: 9 generators found (max: 1500, log10 of symmetry group size: 6.56) (symcode time: 0.00)
dynamic symmetry handling statistics:
   orbitopal reduction:       no components
   orbital reduction:         no components
   lexicographic reduction:   no permutations
handled 1 out of 1 symmetry components
presolving (0 rounds: 0 fast, 0 medium, 0 exhaustive):
 0 deleted vars, 0 deleted constraints, 0 added constraints, 0 tightened bounds, 0 added holes, 0 changed sides, 0 changed coefficients
 0 implications, 0 cliques, 0 implied integral variables (0 bin, 0 int, 0 cont)
presolved problem has 115 variables (105 bin, 0 int, 10 cont) and 919 constraints
    919 constraints of type <linear>
Presolving Time: 0.00
transformed 2/2 original solutions to the transformed problem space

 time | node  | left  |LP iter|LP it/n|mem/heur|mdpt |vars |cons |rows |cuts |sepa|confs|strbr|  dualbound   | primalbound  |  gap   | compl. 
t 0.0s|     1 |     0 |     0 |     - | trivial|   0 | 115 | 910 |   0 |   0 |  0 |   0 |   0 | 1.620000e+02 | 3.000000e+01 | 440.00%| unknown
p 0.0s|     1 |     0 |     0 |     - |   locks|   0 | 115 | 910 | 910 |   0 |  0 |   0 |   0 | 1.620000e+02 | 5.600000e+01 | 189.29%| unknown
i 0.0s|     1 |     0 |     0 |     - |  oneopt|   0 | 115 | 910 | 910 |   0 |  0 |   0 |   0 | 1.620000e+02 | 1.380000e+02 |  17.39%| unknown
* 0.0s|     1 |     0 |    25 |     - |    LP  |   0 | 115 | 910 | 910 |   0 |  0 |   0 |   0 | 1.540000e+02 | 1.540000e+02 |   0.00%| unknown
  0.0s|     1 |     0 |    25 |     - |  4680k |   0 | 115 | 910 | 910 |   0 |  0 |   0 |   0 | 1.540000e+02 | 1.540000e+02 |   0.00%| unknown

SCIP Status        : problem is solved [optimal solution found]
Solving Time (sec) : 0.00
Solving Nodes      : 1
Primal Bound       : +1.54000000000000e+02 (6 solutions)
Dual Bound         : +1.54000000000000e+02
Gap                : 0.00 %
  [linear] <c911>: <x106>[C] (+0) +0.538095238<x1>[B] (+1) +0.538095238<x2>[B] (+0) -0.538095238<x3>[B] (+0) -0.538095238<x4>[B] (+1) +0.538095238<x5>[B] (+0) -0.538095238<x6>[B] (+1) -0.538095238<x7>[B] (+1) +0.538095238<x8>[B] (+0) +0.538095238<x9>[B] (+1) -0.538095238<x10>[B] (+1) +0.538095238<x11>[B] (+0) +0.538095238<x12>[B] (+1) +0.538095238<x13>[B] (+1) +0.538095238<x14>[B] (+1) +0.538095238<x15>[B] (+0) -0.538095238<x16>[B] (+0) -0.538095238<x17>[B] (+1) +0.538095238<x18>[B] (+0) -0.538095238<x19>[B] (+1) -0.538095238<x20>[B] (+1) +0.538095238<x21>[B] (+0) +0.538095238<x22>[B] (+1) -0.538095238<x23>[B] (+1) -0.538095238<x24>[B] (+0) +0.538095238<x25>[B] (+1) +0.538095238<x26>[B] (+1) +0.538095238<x27>[B] (+1) -0.538095238<x28>[B] (+0) -0.538095238<x29>[B] (+1) +0.538095238<x30>[B] (+0) -0.538095238<x31>[B] (+1) -0.538095238<x32>[B] (+1) +0.538095238<x33>[B] (+0) +0.538095238<x34>[B] (+1) -0.538095238<x35>[B] (+1) -0.538095238<x36>[B] (+0) +0.538095238<x37>[B] (+1) +0.538095238<x38>[B] (+1) +0.538095238<x39>[B] (+1) -0.538095238<x40>[B] (+1) +0.538095238<x41>[B] (+0) -0.538095238<x42>[B] (+1) -0.538095238<x43>[B] (+1) +0.538095238<x44>[B] (+1) +0.538095238<x45>[B] (+1) -0.538095238<x46>[B] (+1) +0.538095238<x47>[B] (+0) +0.538095238<x48>[B] (+1) +0.538095238<x49>[B] (+1) +0.538095238<x50>[B] (+1) +0.538095238<x51>[B] (+0) +0.538095238<x52>[B] (+0) +0.538095238<x53>[B] (+1) +0.538095238<x54>[B] (+0) +0.538095238<x55>[B] (+1) +0.538095238<x56>[B] (+1) +0.538095238<x57>[B] (+0) +0.538095238<x58>[B] (+1) +0.538095238<x59>[B] (+0) +0.538095238<x60>[B] (+1) -0.538095238<x61>[B] (+1) -0.538095238<x62>[B] (+1) -0.538095238<x63>[B] (+1) -0.538095238<x64>[B] (+1) -0.538095238<x65>[B] (+1) -0.538095238<x66>[B] (+0) +0.538095238<x67>[B] (+1) +0.538095238<x68>[B] (+1) -0.538095238<x69>[B] (+1) -0.538095238<x70>[B] (+1) +0.538095238<x71>[B] (+0) +0.538095238<x72>[B] (+1) -0.538095238<x73>[B] (+1) +0.538095238<x74>[B] (+0) +0.538095238<x75>[B] (+1) +0.538095238<x76>[B] (+1) +0.538095238<x77>[B] (+1) +0.538095238<x78>[B] (+0) +0.538095238<x79>[B] (+0) -0.538095238<x80>[B] (+0) +0.538095238<x81>[B] (+0) +0.538095238<x82>[B] (+0) +0.538095238<x83>[B] (+0) +0.538095238<x84>[B] (+1) -0.538095238<x85>[B] (+1) -0.538095238<x86>[B] (+1) -0.538095238<x87>[B] (+0) +0.538095238<x88>[B] (+1) +0.538095238<x89>[B] (+1) -0.538095238<x90>[B] (+1) -0.538095238<x91>[B] (+0) -0.538095238<x92>[B] (+0) +0.538095238<x93>[B] (+0) +0.538095238<x94>[B] (+0) +0.538095238<x95>[B] (+1) +0.538095238<x96>[B] (+0) +0.538095238<x97>[B] (+0) +0.538095238<x98>[B] (+0) +0.538095238<x99>[B] (+1) +0.538095238<x100>[B] (+1) +0.538095238<x101>[B] (+1) +0.538095238<x102>[B] (+1) -0.538095238<x103>[B] (+0) -0.538095238<x104>[B] (+1) -0.538095238<x105>[B] (+1) >= 19.7761904761905;
;
violation: left hand side is violated by 15.4714285714286
  [linear] <c911>: <x106>[C] (+0) +0.538095238<x1>[B] (+1) +0.538095238<x2>[B] (+0) -0.538095238<x3>[B] (+0) -0.538095238<x4>[B] (+1) +0.538095238<x5>[B] (+0) -0.538095238<x6>[B] (+1) -0.538095238<x7>[B] (+1) +0.538095238<x8>[B] (+0) +0.538095238<x9>[B] (+1) -0.538095238<x10>[B] (+1) +0.538095238<x11>[B] (+0) +0.538095238<x12>[B] (+1) +0.538095238<x13>[B] (+1) +0.538095238<x14>[B] (+1) +0.538095238<x15>[B] (+0) -0.538095238<x16>[B] (+0) -0.538095238<x17>[B] (+0) +0.538095238<x18>[B] (+0) -0.538095238<x19>[B] (+0) -0.538095238<x20>[B] (+1) +0.538095238<x21>[B] (+0) +0.538095238<x22>[B] (+1) -0.538095238<x23>[B] (+0) -0.538095238<x24>[B] (+0) +0.538095238<x25>[B] (+0) +0.538095238<x26>[B] (+0) +0.538095238<x27>[B] (+0) -0.538095238<x28>[B] (+0) -0.538095238<x29>[B] (+1) +0.538095238<x30>[B] (+0) -0.538095238<x31>[B] (+1) -0.538095238<x32>[B] (+1) +0.538095238<x33>[B] (+0) +0.538095238<x34>[B] (+1) -0.538095238<x35>[B] (+1) -0.538095238<x36>[B] (+0) +0.538095238<x37>[B] (+1) +0.538095238<x38>[B] (+1) +0.538095238<x39>[B] (+1) -0.538095238<x40>[B] (+1) +0.538095238<x41>[B] (+0) -0.538095238<x42>[B] (+1) -0.538095238<x43>[B] (+1) +0.538095238<x44>[B] (+1) +0.538095238<x45>[B] (+1) -0.538095238<x46>[B] (+1) +0.538095238<x47>[B] (+0) +0.538095238<x48>[B] (+1) +0.538095238<x49>[B] (+1) +0.538095238<x50>[B] (+1) +0.538095238<x51>[B] (+0) +0.538095238<x52>[B] (+0) +0.538095238<x53>[B] (+1) +0.538095238<x54>[B] (+0) +0.538095238<x55>[B] (+1) +0.538095238<x56>[B] (+1) +0.538095238<x57>[B] (+0) +0.538095238<x58>[B] (+0) +0.538095238<x59>[B] (+1) +0.538095238<x60>[B] (+1) -0.538095238<x61>[B] (+1) -0.538095238<x62>[B] (+1) -0.538095238<x63>[B] (+1) -0.538095238<x64>[B] (+1) -0.538095238<x65>[B] (+1) -0.538095238<x66>[B] (+1) +0.538095238<x67>[B] (+1) +0.538095238<x68>[B] (+1) -0.538095238<x69>[B] (+1) -0.538095238<x70>[B] (+1) +0.538095238<x71>[B] (+0) +0.538095238<x72>[B] (+1) -0.538095238<x73>[B] (+1) +0.538095238<x74>[B] (+0) +0.538095238<x75>[B] (+0) +0.538095238<x76>[B] (+1) +0.538095238<x77>[B] (+1) +0.538095238<x78>[B] (+0) +0.538095238<x79>[B] (+0) -0.538095238<x80>[B] (+0) +0.538095238<x81>[B] (+0) +0.538095238<x82>[B] (+0) +0.538095238<x83>[B] (+0) +0.538095238<x84>[B] (+0) -0.538095238<x85>[B] (+1) -0.538095238<x86>[B] (+1) -0.538095238<x87>[B] (+0) +0.538095238<x88>[B] (+1) +0.538095238<x89>[B] (+1) -0.538095238<x90>[B] (+1) -0.538095238<x91>[B] (+0) -0.538095238<x92>[B] (+0) +0.538095238<x93>[B] (+0) +0.538095238<x94>[B] (+0) +0.538095238<x95>[B] (+0) +0.538095238<x96>[B] (+0) +0.538095238<x97>[B] (+0) +0.538095238<x98>[B] (+1) +0.538095238<x99>[B] (+1) +0.538095238<x100>[B] (+1) +0.538095238<x101>[B] (+1) +0.538095238<x102>[B] (+1) -0.538095238<x103>[B] (+1) -0.538095238<x104>[B] (+1) -0.538095238<x105>[B] (+1) >= 19.7761904761905;
;
violation: left hand side is violated by 17.6238095238095
  [linear] <c911>: <x106>[C] (+0) +0.538095238<x1>[B] (+1) +0.538095238<x2>[B] (+1) -0.538095238<x3>[B] (+1) -0.538095238<x4>[B] (+1) +0.538095238<x5>[B] (+0) -0.538095238<x6>[B] (+1) -0.538095238<x7>[B] (+1) +0.538095238<x8>[B] (+0) +0.538095238<x9>[B] (+1) -0.538095238<x10>[B] (+1) +0.538095238<x11>[B] (+1) +0.538095238<x12>[B] (+1) +0.538095238<x13>[B] (+1) +0.538095238<x14>[B] (+1) +0.538095238<x15>[B] (+0) -0.538095238<x16>[B] (+0) -0.538095238<x17>[B] (+0) +0.538095238<x18>[B] (+0) -0.538095238<x19>[B] (+0) -0.538095238<x20>[B] (+1) +0.538095238<x21>[B] (+0) +0.538095238<x22>[B] (+1) -0.538095238<x23>[B] (+0) -0.538095238<x24>[B] (+1) +0.538095238<x25>[B] (+0) +0.538095238<x26>[B] (+0) +0.538095238<x27>[B] (+0) -0.538095238<x28>[B] (+1) -0.538095238<x29>[B] (+1) +0.538095238<x30>[B] (+0) -0.538095238<x31>[B] (+1) -0.538095238<x32>[B] (+1) +0.538095238<x33>[B] (+0) +0.538095238<x34>[B] (+1) -0.538095238<x35>[B] (+1) -0.538095238<x36>[B] (+1) +0.538095238<x37>[B] (+0) +0.538095238<x38>[B] (+1) +0.538095238<x39>[B] (+1) -0.538095238<x40>[B] (+1) +0.538095238<x41>[B] (+0) -0.538095238<x42>[B] (+1) -0.538095238<x43>[B] (+1) +0.538095238<x44>[B] (+0) +0.538095238<x45>[B] (+1) -0.538095238<x46>[B] (+1) +0.538095238<x47>[B] (+1) +0.538095238<x48>[B] (+0) +0.538095238<x49>[B] (+1) +0.538095238<x50>[B] (+1) +0.538095238<x51>[B] (+0) +0.538095238<x52>[B] (+1) +0.538095238<x53>[B] (+1) +0.538095238<x54>[B] (+0) +0.538095238<x55>[B] (+1) +0.538095238<x56>[B] (+1) +0.538095238<x57>[B] (+1) +0.538095238<x58>[B] (+0) +0.538095238<x59>[B] (+1) +0.538095238<x60>[B] (+1) -0.538095238<x61>[B] (+1) -0.538095238<x62>[B] (+1) -0.538095238<x63>[B] (+1) -0.538095238<x64>[B] (+1) -0.538095238<x65>[B] (+1) -0.538095238<x66>[B] (+1) +0.538095238<x67>[B] (+1) +0.538095238<x68>[B] (+1) -0.538095238<x69>[B] (+1) -0.538095238<x70>[B] (+1) +0.538095238<x71>[B] (+0) +0.538095238<x72>[B] (+1) -0.538095238<x73>[B] (+1) +0.538095238<x74>[B] (+1) +0.538095238<x75>[B] (+0) +0.538095238<x76>[B] (+1) +0.538095238<x77>[B] (+1) +0.538095238<x78>[B] (+0) +0.538095238<x79>[B] (+1) -0.538095238<x80>[B] (+0) +0.538095238<x81>[B] (+1) +0.538095238<x82>[B] (+0) +0.538095238<x83>[B] (+0) +0.538095238<x84>[B] (+0) -0.538095238<x85>[B] (+1) -0.538095238<x86>[B] (+1) -0.538095238<x87>[B] (+1) +0.538095238<x88>[B] (+1) +0.538095238<x89>[B] (+1) -0.538095238<x90>[B] (+1) -0.538095238<x91>[B] (+0) -0.538095238<x92>[B] (+1) +0.538095238<x93>[B] (+0) +0.538095238<x94>[B] (+0) +0.538095238<x95>[B] (+0) +0.538095238<x96>[B] (+1) +0.538095238<x97>[B] (+0) +0.538095238<x98>[B] (+1) +0.538095238<x99>[B] (+1) +0.538095238<x100>[B] (+0) +0.538095238<x101>[B] (+0) +0.538095238<x102>[B] (+0) -0.538095238<x103>[B] (+1) -0.538095238<x104>[B] (+1) -0.538095238<x105>[B] (+1) >= 19.7761904761905;
;
violation: left hand side is violated by 19.2380952380952
  [linear] <c911>: <x106>[C] (+0) +0.538095238<x1>[B] (+1) +0.538095238<x2>[B] (+1) -0.538095238<x3>[B] (+1) -0.538095238<x4>[B] (+1) +0.538095238<x5>[B] (+1) -0.538095238<x6>[B] (+1) -0.538095238<x7>[B] (+1) +0.538095238<x8>[B] (+1) +0.538095238<x9>[B] (+1) -0.538095238<x10>[B] (+1) +0.538095238<x11>[B] (+1) +0.538095238<x12>[B] (+1) +0.538095238<x13>[B] (+1) +0.538095238<x14>[B] (+1) +0.538095238<x15>[B] (+1) -0.538095238<x16>[B] (+1) -0.538095238<x17>[B] (+1) +0.538095238<x18>[B] (+1) -0.538095238<x19>[B] (+1) -0.538095238<x20>[B] (+1) +0.538095238<x21>[B] (+1) +0.538095238<x22>[B] (+1) -0.538095238<x23>[B] (+1) -0.538095238<x24>[B] (+1) +0.538095238<x25>[B] (+1) +0.538095238<x26>[B] (+1) +0.538095238<x27>[B] (+1) -0.538095238<x28>[B] (+1) -0.538095238<x29>[B] (+1) +0.538095238<x30>[B] (+1) -0.538095238<x31>[B] (+1) -0.538095238<x32>[B] (+1) +0.538095238<x33>[B] (+1) +0.538095238<x34>[B] (+1) -0.538095238<x35>[B] (+1) -0.538095238<x36>[B] (+1) +0.538095238<x37>[B] (+1) +0.538095238<x38>[B] (+1) +0.538095238<x39>[B] (+1) -0.538095238<x40>[B] (+1) +0.538095238<x41>[B] (+1) -0.538095238<x42>[B] (+1) -0.538095238<x43>[B] (+1) +0.538095238<x44>[B] (+1) +0.538095238<x45>[B] (+1) -0.538095238<x46>[B] (+1) +0.538095238<x47>[B] (+1) +0.538095238<x48>[B] (+1) +0.538095238<x49>[B] (+1) +0.538095238<x50>[B] (+1) +0.538095238<x51>[B] (+1) +0.538095238<x52>[B] (+1) +0.538095238<x53>[B] (+1) +0.538095238<x54>[B] (+1) +0.538095238<x55>[B] (+1) +0.538095238<x56>[B] (+1) +0.538095238<x57>[B] (+1) +0.538095238<x58>[B] (+1) +0.538095238<x59>[B] (+1) +0.538095238<x60>[B] (+1) -0.538095238<x61>[B] (+1) -0.538095238<x62>[B] (+1) -0.538095238<x63>[B] (+1) -0.538095238<x64>[B] (+1) -0.538095238<x65>[B] (+1) -0.538095238<x66>[B] (+1) +0.538095238<x67>[B] (+1) +0.538095238<x68>[B] (+1) -0.538095238<x69>[B] (+1) -0.538095238<x70>[B] (+1) +0.538095238<x71>[B] (+1) +0.538095238<x72>[B] (+1) -0.538095238<x73>[B] (+1) +0.538095238<x74>[B] (+1) +0.538095238<x75>[B] (+1) +0.538095238<x76>[B] (+1) +0.538095238<x77>[B] (+1) +0.538095238<x78>[B] (+1) +0.538095238<x79>[B] (+1) -0.538095238<x80>[B] (+1) +0.538095238<x81>[B] (+1) +0.538095238<x82>[B] (+1) +0.538095238<x83>[B] (+1) +0.538095238<x84>[B] (+1) -0.538095238<x85>[B] (+1) -0.538095238<x86>[B] (+1) -0.538095238<x87>[B] (+1) +0.538095238<x88>[B] (+1) +0.538095238<x89>[B] (+1) -0.538095238<x90>[B] (+1) -0.538095238<x91>[B] (+1) -0.538095238<x92>[B] (+1) +0.538095238<x93>[B] (+1) +0.538095238<x94>[B] (+1) +0.538095238<x95>[B] (+1) +0.538095238<x96>[B] (+1) +0.538095238<x97>[B] (+1) +0.538095238<x98>[B] (+1) +0.538095238<x99>[B] (+1) +0.538095238<x100>[B] (+1) +0.538095238<x101>[B] (+1) +0.538095238<x102>[B] (+1) -0.538095238<x103>[B] (+1) -0.538095238<x104>[B] (+1) -0.538095238<x105>[B] (+1) >= 19.7761904761905;
;
violation: left hand side is violated by 6.32380952380952
  [linear] <c911>: <x106>[C] (+0) +0.538095238<x1>[B] (+0) +0.538095238<x2>[B] (+0) -0.538095238<x3>[B] (+0) -0.538095238<x4>[B] (+0) +0.538095238<x5>[B] (+0) -0.538095238<x6>[B] (+0) -0.538095238<x7>[B] (+0) +0.538095238<x8>[B] (+0) +0.538095238<x9>[B] (+0) -0.538095238<x10>[B] (+0) +0.538095238<x11>[B] (+0) +0.538095238<x12>[B] (+0) +0.538095238<x13>[B] (+0) +0.538095238<x14>[B] (+0) +0.538095238<x15>[B] (+0) -0.538095238<x16>[B] (+0) -0.538095238<x17>[B] (+0) +0.538095238<x18>[B] (+0) -0.538095238<x19>[B] (+0) -0.538095238<x20>[B] (+0) +0.538095238<x21>[B] (+0) +0.538095238<x22>[B] (+0) -0.538095238<x23>[B] (+0) -0.538095238<x24>[B] (+0) +0.538095238<x25>[B] (+0) +0.538095238<x26>[B] (+0) +0.538095238<x27>[B] (+0) -0.538095238<x28>[B] (+0) -0.538095238<x29>[B] (+0) +0.538095238<x30>[B] (+0) -0.538095238<x31>[B] (+0) -0.538095238<x32>[B] (+0) +0.538095238<x33>[B] (+0) +0.538095238<x34>[B] (+0) -0.538095238<x35>[B] (+0) -0.538095238<x36>[B] (+0) +0.538095238<x37>[B] (+0) +0.538095238<x38>[B] (+0) +0.538095238<x39>[B] (+0) -0.538095238<x40>[B] (+0) +0.538095238<x41>[B] (+0) -0.538095238<x42>[B] (+0) -0.538095238<x43>[B] (+0) +0.538095238<x44>[B] (+0) +0.538095238<x45>[B] (+0) -0.538095238<x46>[B] (+0) +0.538095238<x47>[B] (+0) +0.538095238<x48>[B] (+0) +0.538095238<x49>[B] (+0) +0.538095238<x50>[B] (+0) +0.538095238<x51>[B] (+0) +0.538095238<x52>[B] (+0) +0.538095238<x53>[B] (+0) +0.538095238<x54>[B] (+0) +0.538095238<x55>[B] (+0) +0.538095238<x56>[B] (+0) +0.538095238<x57>[B] (+0) +0.538095238<x58>[B] (+0) +0.538095238<x59>[B] (+0) +0.538095238<x60>[B] (+0) -0.538095238<x61>[B] (+0) -0.538095238<x62>[B] (+0) -0.538095238<x63>[B] (+0) -0.538095238<x64>[B] (+0) -0.538095238<x65>[B] (+0) -0.538095238<x66>[B] (+0) +0.538095238<x67>[B] (+0) +0.538095238<x68>[B] (+0) -0.538095238<x69>[B] (+0) -0.538095238<x70>[B] (+0) +0.538095238<x71>[B] (+0) +0.538095238<x72>[B] (+0) -0.538095238<x73>[B] (+0) +0.538095238<x74>[B] (+0) +0.538095238<x75>[B] (+0) +0.538095238<x76>[B] (+0) +0.538095238<x77>[B] (+0) +0.538095238<x78>[B] (+0) +0.538095238<x79>[B] (+0) -0.538095238<x80>[B] (+0) +0.538095238<x81>[B] (+0) +0.538095238<x82>[B] (+0) +0.538095238<x83>[B] (+0) +0.538095238<x84>[B] (+0) -0.538095238<x85>[B] (+0) -0.538095238<x86>[B] (+0) -0.538095238<x87>[B] (+0) +0.538095238<x88>[B] (+0) +0.538095238<x89>[B] (+0) -0.538095238<x90>[B] (+0) -0.538095238<x91>[B] (+0) -0.538095238<x92>[B] (+0) +0.538095238<x93>[B] (+0) +0.538095238<x94>[B] (+0) +0.538095238<x95>[B] (+0) +0.538095238<x96>[B] (+0) +0.538095238<x97>[B] (+0) +0.538095238<x98>[B] (+0) +0.538095238<x99>[B] (+0) +0.538095238<x100>[B] (+0) +0.538095238<x101>[B] (+0) +0.538095238<x102>[B] (+0) -0.538095238<x103>[B] (+0) -0.538095238<x104>[B] (+0) -0.538095238<x105>[B] (+0) >= 19.7761904761905;
;
violation: left hand side is violated by 19.7761904761905
1/6 feasible solution given by solution candidate storage, new primal bound -9.999700e+05

presolving:
   (0.0s) symmetry computation started: requiring (bin +, int +, cont +), (fixed: bin -, int -, cont -)
   (0.0s) no symmetry present (symcode time: 0.00)
presolving (0 rounds: 0 fast, 0 medium, 0 exhaustive):
 0 deleted vars, 0 deleted constraints, 0 added constraints, 0 tightened bounds, 0 added holes, 0 changed sides, 0 changed coefficients
 0 implications, 0 cliques, 0 implied integral variables (0 bin, 0 int, 0 cont)
presolved problem has 115 variables (105 bin, 0 int, 10 cont) and 920 constraints
    920 constraints of type <linear>
Presolving Time: 0.00
transformed 1/1 original solutions to the transformed problem space

 time | node  | left  |LP iter|LP it/n|mem/heur|mdpt |vars |cons |rows |cuts |sepa|confs|strbr|  dualbound   | primalbound  |  gap   | compl. 
p 0.0s|     1 |     0 |     1 |     - |   locks|   0 | 115 | 920 | 920 |   0 |  0 |   0 |   0 | 1.620000e+02 |-1.534524e+02 |    Inf | unknown
* 0.0s|     1 |     0 |    89 |     - |    LP  |   0 | 115 | 920 | 920 |   0 |  0 |   0 |   0 |-5.551429e+01 |-5.551429e+01 |   0.00%| unknown
  0.0s|     1 |     0 |    89 |     - |  5343k |   0 | 115 | 920 | 920 |   0 |  0 |   0 |   0 |-5.551429e+01 |-5.551429e+01 |   0.00%| unknown

SCIP Status        : problem is solved [optimal solution found]
Solving Time (sec) : 0.01
Solving Nodes      : 1
Primal Bound       : -5.55142857142856e+01 (4 solutions)
Dual Bound         : -5.55142857142856e+01
Gap                : 0.00 %
  [linear] <c921>: <x106>[C] (+17.0857143) +0.566666667<x1>[B] (+1) +0.566666667<x2>[B] (+0) -0.566666667<x3>[B] (+0) -0.566666667<x4>[B] (+1) +0.566666667<x5>[B] (+0) -0.566666667<x6>[B] (+0) -0.566666667<x7>[B] (+0) +0.566666667<x8>[B] (+0) +0.566666667<x9>[B] (+0) -0.566666667<x10>[B] (+0) +0.566666667<x11>[B] (+0) +0.566666667<x12>[B] (+0) +0.566666667<x13>[B] (+1) +0.566666667<x14>[B] (+1) +0.566666667<x15>[B] (+0) -0.566666667<x16>[B] (+0) -0.566666667<x17>[B] (+1) +0.566666667<x18>[B] (+0) -0.566666667<x19>[B] (+0) -0.566666667<x20>[B] (+0) +0.566666667<x21>[B] (+0) +0.566666667<x22>[B] (+0) -0.566666667<x23>[B] (+0) -0.566666667<x24>[B] (+0) +0.566666667<x25>[B] (+0) +0.566666667<x26>[B] (+0) +0.566666667<x27>[B] (+0) -0.566666667<x28>[B] (+0) -0.566666667<x29>[B] (+1) +0.566666667<x30>[B] (+0) -0.566666667<x31>[B] (+0) -0.566666667<x32>[B] (+1) +0.566666667<x33>[B] (+0) +0.566666667<x34>[B] (+0) -0.566666667<x35>[B] (+0) -0.566666667<x36>[B] (+0) +0.566666667<x37>[B] (+0) +0.566666667<x38>[B] (+1) +0.566666667<x39>[B] (+1) -0.566666667<x40>[B] (+1) +0.566666667<x41>[B] (+1) -0.566666667<x42>[B] (+1) -0.566666667<x43>[B] (+1) +0.566666667<x44>[B] (+1) +0.566666667<x45>[B] (+1) -0.566666667<x46>[B] (+1) +0.566666667<x47>[B] (+0) +0.566666667<x48>[B] (+1) +0.566666667<x49>[B] (+1) +0.566666667<x50>[B] (+1) +0.566666667<x51>[B] (+0) +0.566666667<x52>[B] (+0) +0.566666667<x53>[B] (+0) +0.566666667<x54>[B] (+0) +0.566666667<x55>[B] (+0) +0.566666667<x56>[B] (+0) +0.566666667<x57>[B] (+0) +0.566666667<x58>[B] (+0) +0.566666667<x59>[B] (+0) +0.566666667<x60>[B] (+0) -0.566666667<x61>[B] (+1) -0.566666667<x62>[B] (+1) -0.566666667<x63>[B] (+1) -0.566666667<x64>[B] (+1) -0.566666667<x65>[B] (+1) -0.566666667<x66>[B] (+0) +0.566666667<x67>[B] (+1) +0.566666667<x68>[B] (+1) -0.566666667<x69>[B] (+1) -0.566666667<x70>[B] (+1) +0.566666667<x71>[B] (+0) +0.566666667<x72>[B] (+0) -0.566666667<x73>[B] (+0) +0.566666667<x74>[B] (+0) +0.566666667<x75>[B] (+0) +0.566666667<x76>[B] (+1) +0.566666667<x77>[B] (+1) +0.566666667<x78>[B] (+0) +0.566666667<x79>[B] (+0) -0.566666667<x80>[B] (+0) +0.566666667<x81>[B] (+0) +0.566666667<x82>[B] (+0) +0.566666667<x83>[B] (+1) +0.566666667<x84>[B] (+1) -0.566666667<x85>[B] (+1) -0.566666667<x86>[B] (+1) -0.566666667<x87>[B] (+0) +0.566666667<x88>[B] (+1) +0.566666667<x89>[B] (+1) -0.566666667<x90>[B] (+1) -0.566666667<x91>[B] (+0) -0.566666667<x92>[B] (+0) +0.566666667<x93>[B] (+0) +0.566666667<x94>[B] (+1) +0.566666667<x95>[B] (+1) +0.566666667<x96>[B] (+0) +0.566666667<x97>[B] (+0) +0.566666667<x98>[B] (+1) +0.566666667<x99>[B] (+1) +0.566666667<x100>[B] (+1) +0.566666667<x101>[B] (+1) +0.566666667<x102>[B] (+1) -0.566666667<x103>[B] (+1) -0.566666667<x104>[B] (+1) -0.566666667<x105>[B] (+1) >= 19.9761904761905;
;
violation: left hand side is violated by 0.0571428571428605
  [linear] <c922>: <x107>[C] (+1.61904762) -0.480952381<x1>[B] (+0) -0.480952381<x2>[B] (+1) -0.480952381<x3>[B] (+1) -0.480952381<x4>[B] (+0) -0.480952381<x5>[B] (+1) -0.480952381<x6>[B] (+0) -0.480952381<x7>[B] (+0) -0.480952381<x8>[B] (+1) -0.480952381<x9>[B] (+0) -0.480952381<x10>[B] (+0) -0.480952381<x11>[B] (+1) -0.480952381<x12>[B] (+0) -0.480952381<x13>[B] (+0) -0.480952381<x14>[B] (+0) +0.480952381<x15>[B] (+1) -0.480952381<x16>[B] (+1) -0.480952381<x17>[B] (+1) -0.480952381<x18>[B] (+1) -0.480952381<x19>[B] (+1) -0.480952381<x20>[B] (+1) +0.480952381<x21>[B] (+1) -0.480952381<x22>[B] (+1) -0.480952381<x23>[B] (+1) -0.480952381<x24>[B] (+1) -0.480952381<x25>[B] (+1) -0.480952381<x26>[B] (+1) -0.480952381<x27>[B] (+1) -0.480952381<x28>[B] (+1) -0.480952381<x29>[B] (+0) -0.480952381<x30>[B] (+1) -0.480952381<x31>[B] (+0) -0.480952381<x32>[B] (+0) -0.480952381<x33>[B] (+1) -0.480952381<x34>[B] (+0) -0.480952381<x35>[B] (+0) -0.480952381<x36>[B] (+1) -0.480952381<x37>[B] (+0) -0.480952381<x38>[B] (+0) -0.480952381<x39>[B] (+0) +0.480952381<x40>[B] (+0) +0.480952381<x41>[B] (+1) +0.480952381<x42>[B] (+0) -0.480952381<x43>[B] (+0) +0.480952381<x44>[B] (+0) -0.480952381<x45>[B] (+0) +0.480952381<x46>[B] (+0) +0.480952381<x47>[B] (+1) -0.480952381<x48>[B] (+0) +0.480952381<x49>[B] (+0) -0.480952381<x50>[B] (+0) +0.480952381<x51>[B] (+1) -0.480952381<x52>[B] (+1) -0.480952381<x53>[B] (+0) +0.480952381<x54>[B] (+1) -0.480952381<x55>[B] (+0) +0.480952381<x56>[B] (+1) +0.480952381<x57>[B] (+1) -0.480952381<x58>[B] (+0) +0.480952381<x59>[B] (+1) -0.480952381<x60>[B] (+1) -0.480952381<x61>[B] (+0) -0.480952381<x62>[B] (+0) +0.480952381<x63>[B] (+0) -0.480952381<x64>[B] (+0) +0.480952381<x65>[B] (+0) +0.480952381<x66>[B] (+1) -0.480952381<x67>[B] (+0) +0.480952381<x68>[B] (+0) -0.480952381<x69>[B] (+0) -0.480952381<x70>[B] (+0) +0.480952381<x71>[B] (+1) -0.480952381<x72>[B] (+0) +0.480952381<x73>[B] (+0) +0.480952381<x74>[B] (+1) -0.480952381<x75>[B] (+0) +0.480952381<x76>[B] (+1) -0.480952381<x77>[B] (+1) +0.480952381<x78>[B] (+1) +0.480952381<x79>[B] (+1) +0.480952381<x80>[B] (+1) +0.480952381<x81>[B] (+1) -0.480952381<x82>[B] (+1) +0.480952381<x83>[B] (+1) -0.480952381<x84>[B] (+1) -0.480952381<x85>[B] (+0) -0.480952381<x86>[B] (+0) -0.480952381<x87>[B] (+1) -0.480952381<x88>[B] (+0) -0.480952381<x89>[B] (+0) -0.480952381<x90>[B] (+0) +0.480952381<x91>[B] (+1) +0.480952381<x92>[B] (+1) -0.480952381<x93>[B] (+1) +0.480952381<x94>[B] (+1) -0.480952381<x95>[B] (+1) +0.480952381<x96>[B] (+1) -0.480952381<x97>[B] (+0) +0.480952381<x98>[B] (+1) -0.480952381<x99>[B] (+1) -0.480952381<x100>[B] (+0) +0.480952381<x101>[B] (+0) -0.480952381<x102>[B] (+0) +0.480952381<x103>[B] (+1) -0.480952381<x104>[B] (+1) -0.480952381<x105>[B] (+0) >= 4.20952380952381;
;
violation: left hand side is violated by 5.47619047619048
2/4 feasible solutions given by solution candidate storage, new primal bound -9.999700e+05

presolving:
   (0.0s) symmetry computation started: requiring (bin +, int +, cont +), (fixed: bin -, int -, cont -)
   (0.0s) no symmetry present (symcode time: 0.00)
presolving (0 rounds: 0 fast, 0 medium, 0 exhaustive):
 0 deleted vars, 0 deleted constraints, 0 added constraints, 0 tightened bounds, 0 added holes, 0 changed sides, 0 changed coefficients
 0 implications, 0 cliques, 0 implied integral variables (0 bin, 0 int, 0 cont)
presolved problem has 115 variables (105 bin, 0 int, 10 cont) and 930 constraints
    930 constraints of type <linear>
Presolving Time: 0.00
transformed 2/2 original solutions to the transformed problem space

 time | node  | left  |LP iter|LP it/n|mem/heur|mdpt |vars |cons |rows |cuts |sepa|confs|strbr|  dualbound   | primalbound  |  gap   | compl. 
p 0.0s|     1 |     0 |     1 |     - |   locks|   0 | 115 | 930 | 930 |   0 |  0 |   0 |   0 | 1.620000e+02 |-1.636571e+02 |    Inf | unknown
  0.0s|     1 |     0 |   135 |     - |  5845k |   0 | 115 | 930 | 930 |   0 |  0 |   0 |   0 |-5.699010e+01 |-1.636571e+02 | 187.17%| unknown
r 0.0s|     1 |     0 |   135 |     - |shifting|   0 | 115 | 930 | 930 |   0 |  0 |   0 |   0 |-5.699010e+01 |-7.696724e+01 |  35.05%| unknown
  0.0s|     1 |     0 |   145 |     - |  6599k |   0 | 115 | 930 | 931 |   1 |  1 |   0 |   0 |-5.702737e+01 |-7.696724e+01 |  34.97%| unknown
  0.0s|     1 |     0 |   145 |     - |  6608k |   0 | 115 | 930 | 931 |   1 |  1 |   0 |   0 |-5.702737e+01 |-7.696724e+01 |  34.97%| unknown
  0.1s|     1 |     0 |   155 |     - |  6697k |   0 | 115 | 930 | 932 |   2 |  2 |   0 |   0 |-5.714822e+01 |-7.696724e+01 |  34.68%| unknown
  0.1s|     1 |     0 |   174 |     - |  6981k |   0 | 115 | 930 | 933 |   3 |  3 |   0 |   0 |-5.721814e+01 |-7.696724e+01 |  34.52%| unknown
r 0.1s|     1 |     0 |   174 |     - |shifting|   0 | 115 | 930 | 933 |   3 |  3 |   0 |   0 |-5.721814e+01 |-7.488144e+01 |  30.87%| unknown
  0.1s|     1 |     0 |   191 |     - |  7255k |   0 | 115 | 930 | 934 |   4 |  4 |   0 |   0 |-5.724622e+01 |-7.488144e+01 |  30.81%| unknown
  0.1s|     1 |     0 |   205 |     - |  7596k |   0 | 115 | 930 | 935 |   5 |  5 |   0 |   0 |-5.726009e+01 |-7.488144e+01 |  30.77%| unknown
  0.2s|     1 |     0 |   230 |     - |  8143k |   0 | 115 | 930 | 936 |   6 |  6 |   0 |   0 |-5.727749e+01 |-7.488144e+01 |  30.73%| unknown
  0.2s|     1 |     0 |   237 |     - |  8242k |   0 | 115 | 930 | 937 |   7 |  7 |   0 |   0 |-5.727810e+01 |-7.488144e+01 |  30.73%| unknown
  0.2s|     1 |     0 |   247 |     - |  8779k |   0 | 115 | 930 | 938 |   8 |  8 |   0 |   0 |-5.728431e+01 |-7.488144e+01 |  30.72%| unknown
  0.2s|     1 |     0 |   272 |     - |  9406k |   0 | 115 | 930 | 939 |   9 |  9 |   0 |   0 |-5.730596e+01 |-7.488144e+01 |  30.67%| unknown
r 0.2s|     1 |     0 |   272 |     - |rounding|   0 | 115 | 930 | 939 |   9 |  9 |   0 |   0 |-5.730596e+01 |-7.485123e+01 |  30.62%| unknown
 time | node  | left  |LP iter|LP it/n|mem/heur|mdpt |vars |cons |rows |cuts |sepa|confs|strbr|  dualbound   | primalbound  |  gap   | compl. 
  0.3s|     1 |     0 |   273 |     - |  9505k |   0 | 115 | 930 | 940 |  10 | 10 |   0 |   0 |-5.730598e+01 |-7.485123e+01 |  30.62%| unknown
  0.3s|     1 |     0 |   286 |     - |  9844k |   0 | 115 | 931 | 941 |  11 | 11 |   1 |   0 |-5.731325e+01 |-7.485123e+01 |  30.60%| unknown
  0.3s|     1 |     0 |   291 |     - |  9944k |   0 | 115 | 931 | 942 |  12 | 12 |   1 |   0 |-5.731652e+01 |-7.485123e+01 |  30.59%| unknown
  0.3s|     1 |     0 |   296 |     - |    10M |   0 | 115 | 931 | 943 |  13 | 13 |   1 |   0 |-5.731759e+01 |-7.485123e+01 |  30.59%| unknown
r 0.3s|     1 |     0 |   296 |     - |shifting|   0 | 115 | 931 | 943 |  13 | 13 |   1 |   0 |-5.731759e+01 |-7.403544e+01 |  29.17%| unknown
  0.3s|     1 |     0 |   298 |     - |    10M |   0 | 115 | 931 | 944 |  14 | 14 |   1 |   0 |-5.731773e+01 |-7.403544e+01 |  29.17%| unknown
r 0.3s|     1 |     0 |   298 |     - |shifting|   0 | 115 | 931 | 944 |  14 | 14 |   1 |   0 |-5.731773e+01 |-7.313928e+01 |  27.60%| unknown
  0.3s|     1 |     0 |   307 |     - |    10M |   0 | 115 | 931 | 945 |  15 | 15 |   1 |   0 |-5.731937e+01 |-7.313928e+01 |  27.60%| unknown
  0.3s|     1 |     0 |   308 |     - |    10M |   0 | 115 | 931 | 944 |  16 | 16 |   1 |   0 |-5.731961e+01 |-7.313928e+01 |  27.60%| unknown
  0.4s|     1 |     0 |   309 |     - |    10M |   0 | 115 | 931 | 945 |  17 | 17 |   1 |   0 |-5.731968e+01 |-7.313928e+01 |  27.60%| unknown
  0.4s|     1 |     0 |   325 |     - |    10M |   0 | 115 | 931 | 946 |  18 | 18 |   1 |   0 |-5.732677e+01 |-7.313928e+01 |  27.58%| unknown
  0.4s|     1 |     0 |   327 |     - |    10M |   0 | 115 | 931 | 947 |  19 | 19 |   1 |   0 |-5.732700e+01 |-7.313928e+01 |  27.58%| unknown
  0.4s|     1 |     0 |   337 |     - |    10M |   0 | 115 | 931 | 948 |  20 | 20 |   1 |   0 |-5.733093e+01 |-7.313928e+01 |  27.57%| unknown
  0.4s|     1 |     0 |   352 |     - |    10M |   0 | 115 | 932 | 949 |  21 | 21 |   2 |   0 |-5.733447e+01 |-7.313928e+01 |  27.57%| unknown
  0.4s|     1 |     0 |   357 |     - |    10M |   0 | 115 | 933 | 946 |  22 | 22 |   3 |   0 |-5.733477e+01 |-7.313928e+01 |  27.57%| unknown
 time | node  | left  |LP iter|LP it/n|mem/heur|mdpt |vars |cons |rows |cuts |sepa|confs|strbr|  dualbound   | primalbound  |  gap   | compl. 
d 0.5s|     1 |     0 |   411 |     - |farkasdi|   0 | 115 | 933 | 946 |   0 | 23 |   3 |   0 |-5.733477e+01 |-5.753333e+01 |   0.35%| unknown
L 0.5s|     1 |     0 |   411 |     - |    rens|   0 | 115 | 933 | 946 |  22 | 23 |  61 |   0 |-5.733477e+01 |-5.740000e+01 |   0.11%| unknown
(run 1, node 1) restarting after 58 global fixings of integer variables

(restart) converted 16 cuts from the global cut pool into linear constraints

presolving:
presolving (0 rounds: 0 fast, 0 medium, 0 exhaustive):
 0 deleted vars, 0 deleted constraints, 0 added constraints, 0 tightened bounds, 0 added holes, 0 changed sides, 0 changed coefficients
 0 implications, 0 cliques, 0 implied integral variables (0 bin, 0 int, 0 cont)
presolved problem has 115 variables (105 bin, 0 int, 10 cont) and 949 constraints
    946 constraints of type <linear>
      3 constraints of type <logicor>
Presolving Time: 0.00
transformed 25/28 original solutions to the transformed problem space

 time | node  | left  |LP iter|LP it/n|mem/heur|mdpt |vars |cons |rows |cuts |sepa|confs|strbr|  dualbound   | primalbound  |  gap   | compl. 
  0.5s|     1 |     0 |   590 |     - |    10M |   0 | 115 | 347 | 267 |   0 |  0 |  61 |   0 |-5.733477e+01 |-5.740000e+01 |   0.11%| unknown
  0.5s|     1 |     0 |   590 |     - |    10M |   0 | 115 | 347 | 247 |   0 |  0 |  61 |   0 |-5.733477e+01 |-5.740000e+01 |   0.11%| unknown
  0.5s|     1 |     0 |   601 |     - |    10M |   0 | 115 | 347 | 248 |   1 |  1 |  61 |   0 |-5.733975e+01 |-5.740000e+01 |   0.11%| unknown
  0.5s|     1 |     0 |   630 |     - |    10M |   0 | 115 | 347 | 250 |   3 |  2 |  61 |   0 |-5.735489e+01 |-5.740000e+01 |   0.08%| unknown
  0.5s|     1 |     0 |   649 |     - |    11M |   0 | 115 | 347 | 251 |   4 |  3 |  61 |   0 |-5.736066e+01 |-5.740000e+01 |   0.07%| unknown
  0.6s|     1 |     0 |   669 |     - |    11M |   0 | 115 | 347 | 252 |   5 |  4 |  61 |   0 |-5.736664e+01 |-5.740000e+01 |   0.06%| unknown
  0.6s|     1 |     0 |   680 |     - |    11M |   0 | 115 | 347 | 253 |   6 |  5 |  61 |   0 |-5.736793e+01 |-5.740000e+01 |   0.06%| unknown
  0.6s|     1 |     0 |   704 |     - |    11M |   0 | 115 | 347 | 254 |   7 |  6 |  61 |   0 |-5.737089e+01 |-5.740000e+01 |   0.05%| unknown
  0.6s|     1 |     0 |   733 |     - |    11M |   0 | 115 | 347 | 255 |   8 |  7 |  61 |   0 |-5.737261e+01 |-5.740000e+01 |   0.05%| unknown
  0.6s|     1 |     0 |   733 |     - |    11M |   0 | 115 | 347 | 246 |   8 |  7 |  61 |   0 |-5.737261e+01 |-5.740000e+01 |   0.05%| unknown
  0.6s|     1 |     0 |   748 |     - |    12M |   0 | 115 | 347 | 247 |   9 |  8 |  61 |   0 |-5.737389e+01 |-5.740000e+01 |   0.05%| unknown
  0.7s|     1 |     0 |   761 |     - |    12M |   0 | 115 | 347 | 248 |  10 |  9 |  61 |   0 |-5.737494e+01 |-5.740000e+01 |   0.04%| unknown
  0.7s|     1 |     0 |   779 |     - |    12M |   0 | 115 | 347 | 249 |  11 | 10 |  61 |   0 |-5.737676e+01 |-5.740000e+01 |   0.04%| unknown
  0.7s|     1 |     0 |   781 |     - |    12M |   0 | 115 | 347 | 250 |  12 | 11 |  61 |   0 |-5.737679e+01 |-5.740000e+01 |   0.04%| unknown
  0.7s|     1 |     0 |   791 |     - |    12M |   0 | 115 | 347 | 251 |  13 | 12 |  61 |   0 |-5.737722e+01 |-5.740000e+01 |   0.04%| unknown
 time | node  | left  |LP iter|LP it/n|mem/heur|mdpt |vars |cons |rows |cuts |sepa|confs|strbr|  dualbound   | primalbound  |  gap   | compl. 
  0.7s|     1 |     0 |   792 |     - |    12M |   0 | 115 | 347 | 252 |  14 | 13 |  61 |   0 |-5.737727e+01 |-5.740000e+01 |   0.04%| unknown
  0.8s|     1 |     0 |   801 |     - |    12M |   0 | 115 | 347 | 253 |  15 | 14 |  61 |   0 |-5.737806e+01 |-5.740000e+01 |   0.04%| unknown
  0.8s|     1 |     0 |   801 |     - |    12M |   0 | 115 | 294 | 253 |  15 | 14 |  61 |   0 |-5.737806e+01 |-5.740000e+01 |   0.04%| unknown
  0.8s|     1 |     0 |   809 |     - |    12M |   0 | 115 | 294 | 244 |  16 | 15 |  61 |   0 |-5.737809e+01 |-5.740000e+01 |   0.04%| unknown
  0.8s|     1 |     0 |   816 |     - |    12M |   0 | 115 | 294 | 245 |  17 | 16 |  61 |   0 |-5.737819e+01 |-5.740000e+01 |   0.04%| unknown
  0.8s|     1 |     0 |   817 |     - |    12M |   0 | 115 | 294 | 246 |  18 | 17 |  61 |   0 |-5.737819e+01 |-5.740000e+01 |   0.04%| unknown
  0.8s|     1 |     0 |   834 |     - |    12M |   0 | 115 | 294 | 247 |  19 | 18 |  61 |   0 |-5.737837e+01 |-5.740000e+01 |   0.04%| unknown
  0.9s|     1 |     0 |   910 |     - |    12M |   0 | 115 | 155 | 247 |  19 | 19 |  74 |   3 |-5.740000e+01 |-5.740000e+01 |   0.00%| unknown
  0.9s|     1 |     0 |   910 |     - |    12M |   0 | 115 | 155 | 247 |  19 | 19 |  74 |   3 |-5.740000e+01 |-5.740000e+01 |   0.00%| unknown

SCIP Status        : problem is solved [optimal solution found]
Solving Time (sec) : 0.86
Solving Nodes      : 1 (total of 2 nodes in 2 runs)
Primal Bound       : -5.73999999999999e+01 (48 solutions)
Dual Bound         : -5.73999999999999e+01
Gap                : 0.00 %
  [linear] <c931>: <x106>[C] (+13.8571429) +0.50952381<x1>[B] (+1) +0.50952381<x2>[B] (+0) -0.50952381<x3>[B] (+0) -0.50952381<x4>[B] (+1) +0.50952381<x5>[B] (+0) -0.50952381<x6>[B] (+0) -0.50952381<x7>[B] (+1) +0.50952381<x8>[B] (+0) +0.50952381<x9>[B] (+1) -0.50952381<x10>[B] (+1) +0.50952381<x11>[B] (+0) +0.50952381<x12>[B] (+1) +0.50952381<x13>[B] (+1) +0.50952381<x14>[B] (+1) +0.50952381<x15>[B] (+0) -0.50952381<x16>[B] (+0) -0.50952381<x17>[B] (+0) +0.50952381<x18>[B] (+0) -0.50952381<x19>[B] (+0) -0.50952381<x20>[B] (+0) +0.50952381<x21>[B] (+0) +0.50952381<x22>[B] (+0) -0.50952381<x23>[B] (+0) -0.50952381<x24>[B] (+0) +0.50952381<x25>[B] (+0) +0.50952381<x26>[B] (+0) +0.50952381<x27>[B] (+0) -0.50952381<x28>[B] (+0) -0.50952381<x29>[B] (+1) +0.50952381<x30>[B] (+0) -0.50952381<x31>[B] (+0) -0.50952381<x32>[B] (+1) +0.50952381<x33>[B] (+0) +0.50952381<x34>[B] (+1) -0.50952381<x35>[B] (+1) -0.50952381<x36>[B] (+0) +0.50952381<x37>[B] (+1) +0.50952381<x38>[B] (+1) +0.50952381<x39>[B] (+1) -0.50952381<x40>[B] (+1) +0.50952381<x41>[B] (+1) -0.50952381<x42>[B] (+1) -0.50952381<x43>[B] (+1) +0.50952381<x44>[B] (+1) +0.50952381<x45>[B] (+1) -0.50952381<x46>[B] (+1) +0.50952381<x47>[B] (+0) +0.50952381<x48>[B] (+1) +0.50952381<x49>[B] (+1) +0.50952381<x50>[B] (+1) +0.50952381<x51>[B] (+0) +0.50952381<x52>[B] (+0) +0.50952381<x53>[B] (+1) +0.50952381<x54>[B] (+0) +0.50952381<x55>[B] (+1) +0.50952381<x56>[B] (+1) +0.50952381<x57>[B] (+0) +0.50952381<x58>[B] (+1) +0.50952381<x59>[B] (+0) +0.50952381<x60>[B] (+1) -0.50952381<x61>[B] (+1) -0.50952381<x62>[B] (+1) -0.50952381<x63>[B] (+1) -0.50952381<x64>[B] (+1) -0.50952381<x65>[B] (+1) -0.50952381<x66>[B] (+0) +0.50952381<x67>[B] (+1) +0.50952381<x68>[B] (+1) -0.50952381<x69>[B] (+1) -0.50952381<x70>[B] (+1) +0.50952381<x71>[B] (+0) +0.50952381<x72>[B] (+1) -0.50952381<x73>[B] (+1) +0.50952381<x74>[B] (+0) +0.50952381<x75>[B] (+1) +0.50952381<x76>[B] (+1) +0.50952381<x77>[B] (+1) +0.50952381<x78>[B] (+0) +0.50952381<x79>[B] (+0) -0.50952381<x80>[B] (+0) +0.50952381<x81>[B] (+0) +0.50952381<x82>[B] (+0) +0.50952381<x83>[B] (+0) +0.50952381<x84>[B] (+1) -0.50952381<x85>[B] (+1) -0.50952381<x86>[B] (+1) -0.50952381<x87>[B] (+0) +0.50952381<x88>[B] (+1) +0.50952381<x89>[B] (+1) -0.50952381<x90>[B] (+1) -0.50952381<x91>[B] (+0) -0.50952381<x92>[B] (+0) +0.50952381<x93>[B] (+0) +0.50952381<x94>[B] (+0) +0.50952381<x95>[B] (+1) +0.50952381<x96>[B] (+0) +0.50952381<x97>[B] (+0) +0.50952381<x98>[B] (+0) +0.50952381<x99>[B] (+1) +0.50952381<x100>[B] (+1) +0.50952381<x101>[B] (+1) +0.50952381<x102>[B] (+1) -0.50952381<x103>[B] (+0) -0.50952381<x104>[B] (+1) -0.50952381<x105>[B] (+1) >= 19.4904761904762;
;
violation: left hand side is violated by 0.028571428571432
  [linear] <c933>: <x108>[C] (+14.5904762) -0.5<x1>[B] (+1) -0.5<x2>[B] (+0) +0.5<x3>[B] (+0) -0.5<x4>[B] (+1) -0.5<x5>[B] (+0) -0.5<x6>[B] (+1) +0.5<x7>[B] (+1) -0.5<x8>[B] (+0) +0.5<x9>[B] (+1) +0.5<x10>[B] (+1) -0.5<x11>[B] (+0) -0.5<x12>[B] (+1) -0.5<x13>[B] (+1) -0.5<x14>[B] (+1) -0.5<x15>[B] (+0) +0.5<x16>[B] (+0) -0.5<x17>[B] (+1) +0.5<x18>[B] (+0) -0.5<x19>[B] (+1) +0.5<x20>[B] (+1) +0.5<x21>[B] (+0) +0.5<x22>[B] (+1) +0.5<x23>[B] (+1) +0.5<x24>[B] (+0) +0.5<x25>[B] (+0) +0.5<x26>[B] (+0) +0.5<x27>[B] (+1) +0.5<x28>[B] (+0) -0.5<x29>[B] (+1) +0.5<x30>[B] (+0) +0.5<x31>[B] (+1) +0.5<x32>[B] (+1) +0.5<x33>[B] (+0) +0.5<x34>[B] (+1) +0.5<x35>[B] (+1) +0.5<x36>[B] (+0) +0.5<x37>[B] (+1) +0.5<x38>[B] (+1) +0.5<x39>[B] (+1) -0.5<x40>[B] (+1) -0.5<x41>[B] (+1) -0.5<x42>[B] (+1) -0.5<x43>[B] (+1) -0.5<x44>[B] (+1) +0.5<x45>[B] (+1) +0.5<x46>[B] (+1) -0.5<x47>[B] (+0) -0.5<x48>[B] (+1) -0.5<x49>[B] (+1) -0.5<x50>[B] (+1) +0.5<x51>[B] (+0) +0.5<x52>[B] (+0) +0.5<x53>[B] (+1) +0.5<x54>[B] (+0) +0.5<x55>[B] (+1) +0.5<x56>[B] (+2.48689958e-14) +0.5<x57>[B] (+0) +0.5<x58>[B] (+0) +0.5<x59>[B] (+0) +0.5<x60>[B] (+1) -0.5<x61>[B] (+1) +0.5<x62>[B] (+1) -0.5<x63>[B] (+1) +0.5<x64>[B] (+1) +0.5<x65>[B] (+1) +0.5<x66>[B] (+0) -0.5<x67>[B] (+1) +0.5<x68>[B] (+1) +0.5<x69>[B] (+1) +0.5<x70>[B] (+1) +0.5<x71>[B] (+0) +0.5<x72>[B] (+1) +0.5<x73>[B] (+0) +0.5<x74>[B] (+0) +0.5<x75>[B] (-2.48689958e-14) +0.5<x76>[B] (+0) +0.5<x77>[B] (+1) -0.5<x78>[B] (+0) +0.5<x79>[B] (+0) +0.5<x80>[B] (+0) -0.5<x81>[B] (+0) -0.5<x82>[B] (-2.48689958e-14) -0.5<x83>[B] (+0) -0.5<x84>[B] (+1) +0.5<x85>[B] (+1) +0.5<x86>[B] (+1) +0.5<x87>[B] (+0) -0.5<x88>[B] (+1) +0.5<x89>[B] (+1) +0.5<x90>[B] (+1) +0.5<x91>[B] (+0) -0.5<x92>[B] (+0) -0.5<x93>[B] (+0) -0.5<x94>[B] (+0) -0.5<x95>[B] (+1) -0.5<x96>[B] (+0) -0.5<x97>[B] (-2.48689958e-14) -0.5<x98>[B] (+0) -0.5<x99>[B] (+1) -0.5<x100>[B] (+1) +0.5<x101>[B] (+1) -0.5<x102>[B] (+1) +0.5<x103>[B] (+2.48689958e-14) +0.5<x104>[B] (+1) -0.5<x105>[B] (+1) >= 17.8761904761905;
;
violation: left hand side is violated by 0.285714285714281
  [linear] <c933>: <x108>[C] (+15.0428571) -0.5<x1>[B] (+1) -0.5<x2>[B] (+0) +0.5<x3>[B] (+0) -0.5<x4>[B] (+1) -0.5<x5>[B] (+0) -0.5<x6>[B] (+1) +0.5<x7>[B] (+1) -0.5<x8>[B] (+0) +0.5<x9>[B] (+0) +0.5<x10>[B] (+1) -0.5<x11>[B] (+0) -0.5<x12>[B] (+1) -0.5<x13>[B] (+1) -0.5<x14>[B] (+1) -0.5<x15>[B] (+0) +0.5<x16>[B] (+0) -0.5<x17>[B] (+0) +0.5<x18>[B] (+0) -0.5<x19>[B] (+0) +0.5<x20>[B] (+0) +0.5<x21>[B] (+0) +0.5<x22>[B] (+0) +0.5<x23>[B] (+0) +0.5<x24>[B] (+0) +0.5<x25>[B] (+0) +0.5<x26>[B] (+0) +0.5<x27>[B] (+1) +0.5<x28>[B] (+0) -0.5<x29>[B] (+1) +0.5<x30>[B] (+0) +0.5<x31>[B] (+1) +0.5<x32>[B] (+1) +0.5<x33>[B] (+0) +0.5<x34>[B] (+0) +0.5<x35>[B] (+1) +0.5<x36>[B] (+0) +0.5<x37>[B] (+1) +0.5<x38>[B] (+1) +0.5<x39>[B] (+1) -0.5<x40>[B] (+1) -0.5<x41>[B] (+1) -0.5<x42>[B] (+1) -0.5<x43>[B] (+1) -0.5<x44>[B] (+1) +0.5<x45>[B] (+1) +0.5<x46>[B] (+1) -0.5<x47>[B] (+0) -0.5<x48>[B] (+1) -0.5<x49>[B] (+1) -0.5<x50>[B] (+1) +0.5<x51>[B] (+0) +0.5<x52>[B] (+0) +0.5<x53>[B] (+1) +0.5<x54>[B] (+0) +0.5<x55>[B] (+0) +0.5<x56>[B] (+1) +0.5<x57>[B] (+0) +0.5<x58>[B] (+0) +0.5<x59>[B] (+0) +0.5<x60>[B] (+1) -0.5<x61>[B] (+1) +0.5<x62>[B] (+1) -0.5<x63>[B] (+1) +0.5<x64>[B] (+1) +0.5<x65>[B] (+1) +0.5<x66>[B] (+0) -0.5<x67>[B] (+1) +0.5<x68>[B] (+1) +0.5<x69>[B] (+1) +0.5<x70>[B] (+1) +0.5<x71>[B] (+0) +0.5<x72>[B] (+0) +0.5<x73>[B] (+1) +0.5<x74>[B] (+0) +0.5<x75>[B] (+1) +0.5<x76>[B] (+1) +0.5<x77>[B] (+1) -0.5<x78>[B] (+0) +0.5<x79>[B] (+0) +0.5<x80>[B] (+0) -0.5<x81>[B] (+0) -0.5<x82>[B] (+0) -0.5<x83>[B] (+0) -0.5<x84>[B] (+1) +0.5<x85>[B] (+1) +0.5<x86>[B] (+1) +0.5<x87>[B] (+0) -0.5<x88>[B] (+1) +0.5<x89>[B] (+1) +0.5<x90>[B] (+1) +0.5<x91>[B] (+1) -0.5<x92>[B] (+0) -0.5<x93>[B] (+1) -0.5<x94>[B] (+1) -0.5<x95>[B] (+1) -0.5<x96>[B] (+0) -0.5<x97>[B] (+0) -0.5<x98>[B] (+0) -0.5<x99>[B] (+1) -0.5<x100>[B] (+1) +0.5<x101>[B] (+1) -0.5<x102>[B] (+1) +0.5<x103>[B] (+1) +0.5<x104>[B] (+1) -0.5<x105>[B] (+1) >= 17.8761904761905;
;
violation: left hand side is violated by 0.333333333333332
  [linear] <c933>: <x108>[C] (+15.0428571) -0.5<x1>[B] (+1) -0.5<x2>[B] (+0) +0.5<x3>[B] (+0) -0.5<x4>[B] (+1) -0.5<x5>[B] (+0) -0.5<x6>[B] (+1) +0.5<x7>[B] (+1) -0.5<x8>[B] (+0) +0.5<x9>[B] (+0) +0.5<x10>[B] (+1) -0.5<x11>[B] (+0) -0.5<x12>[B] (+1) -0.5<x13>[B] (+1) -0.5<x14>[B] (+1) -0.5<x15>[B] (+0) +0.5<x16>[B] (+0) -0.5<x17>[B] (+0) +0.5<x18>[B] (+0) -0.5<x19>[B] (+0) +0.5<x20>[B] (+0) +0.5<x21>[B] (+0) +0.5<x22>[B] (+0) +0.5<x23>[B] (+0) +0.5<x24>[B] (+0) +0.5<x25>[B] (+0) +0.5<x26>[B] (+0) +0.5<x27>[B] (+1) +0.5<x28>[B] (+0) -0.5<x29>[B] (+1) +0.5<x30>[B] (+0) +0.5<x31>[B] (+1) +0.5<x32>[B] (+1) +0.5<x33>[B] (+0) +0.5<x34>[B] (+0) +0.5<x35>[B] (+1) +0.5<x36>[B] (+0) +0.5<x37>[B] (+1) +0.5<x38>[B] (+1) +0.5<x39>[B] (+1) -0.5<x40>[B] (+1) -0.5<x41>[B] (+1) -0.5<x42>[B] (+1) -0.5<x43>[B] (+1) -0.5<x44>[B] (+1) +0.5<x45>[B] (+1) +0.5<x46>[B] (+1) -0.5<x47>[B] (+0) -0.5<x48>[B] (+1) -0.5<x49>[B] (+1) -0.5<x50>[B] (+1) +0.5<x51>[B] (+0) +0.5<x52>[B] (+0) +0.5<x53>[B] (+1) +0.5<x54>[B] (+0) +0.5<x55>[B] (+0) +0.5<x56>[B] (+1) +0.5<x57>[B] (+0) +0.5<x58>[B] (+0) +0.5<x59>[B] (+0) +0.5<x60>[B] (+1) -0.5<x61>[B] (+1) +0.5<x62>[B] (+1) -0.5<x63>[B] (+1) +0.5<x64>[B] (+1) +0.5<x65>[B] (+1) +0.5<x66>[B] (+0) -0.5<x67>[B] (+1) +0.5<x68>[B] (+1) +0.5<x69>[B] (+1) +0.5<x70>[B] (+1) +0.5<x71>[B] (+0) +0.5<x72>[B] (+0) +0.5<x73>[B] (+1) +0.5<x74>[B] (+0) +0.5<x75>[B] (+1) +0.5<x76>[B] (+1) +0.5<x77>[B] (+1) -0.5<x78>[B] (+0) +0.5<x79>[B] (+0) +0.5<x80>[B] (+0) -0.5<x81>[B] (+0) -0.5<x82>[B] (+0) -0.5<x83>[B] (+0) -0.5<x84>[B] (+1) +0.5<x85>[B] (+1) +0.5<x86>[B] (+1) +0.5<x87>[B] (+0) -0.5<x88>[B] (+1) +0.5<x89>[B] (+1) +0.5<x90>[B] (+1) +0.5<x91>[B] (+1) -0.5<x92>[B] (+0) -0.5<x93>[B] (+1) -0.5<x94>[B] (+1) -0.5<x95>[B] (+1) -0.5<x96>[B] (+0) -0.5<x97>[B] (+0) -0.5<x98>[B] (+0) -0.5<x99>[B] (+1) -0.5<x100>[B] (+1) +0.5<x101>[B] (+1) -0.5<x102>[B] (+1) +0.5<x103>[B] (+1) +0.5<x104>[B] (+1) -0.5<x105>[B] (+1) >= 17.8761904761905;
;
violation: left hand side is violated by 0.333333333333339
  [linear] <c935>: <x110>[C] (+20.0904762) +0.604761905<x1>[B] (+1) +0.604761905<x2>[B] (+0) +0.604761905<x3>[B] (+0) +0.604761905<x4>[B] (+1) +0.604761905<x5>[B] (+0) +0.604761905<x6>[B] (+1) +0.604761905<x7>[B] (+1) +0.604761905<x8>[B] (+0) +0.604761905<x9>[B] (+1) +0.604761905<x10>[B] (+1) +0.604761905<x11>[B] (+0) +0.604761905<x12>[B] (+1) +0.604761905<x13>[B] (+1) +0.604761905<x14>[B] (+1) -0.604761905<x15>[B] (+0) +0.604761905<x16>[B] (+0) +0.604761905<x17>[B] (+0) -0.604761905<x18>[B] (+0) -0.604761905<x19>[B] (+0) -0.604761905<x20>[B] (+0) +0.604761905<x21>[B] (+0) +0.604761905<x22>[B] (+0) +0.604761905<x23>[B] (+0) +0.604761905<x24>[B] (+0) +0.604761905<x25>[B] (+0) -0.604761905<x26>[B] (+0) -0.604761905<x27>[B] (+1) +0.604761905<x28>[B] (+0) +0.604761905<x29>[B] (+1) +0.604761905<x30>[B] (+0) -0.604761905<x31>[B] (+1) -0.604761905<x32>[B] (+1) +0.604761905<x33>[B] (+0) +0.604761905<x34>[B] (+1) +0.604761905<x35>[B] (+1) +0.604761905<x36>[B] (+0) +0.604761905<x37>[B] (+1) -0.604761905<x38>[B] (+1) -0.604761905<x39>[B] (+1) +0.604761905<x40>[B] (+1) -0.604761905<x41>[B] (+1) -0.604761905<x42>[B] (+1) -0.604761905<x43>[B] (+1) +0.604761905<x44>[B] (+1) -0.604761905<x45>[B] (+1) -0.604761905<x46>[B] (+1) +0.604761905<x47>[B] (+0) -0.604761905<x48>[B] (+1) -0.604761905<x49>[B] (+1) -0.604761905<x50>[B] (+1) -0.604761905<x51>[B] (+0) -0.604761905<x52>[B] (+0) -0.604761905<x53>[B] (+0) -0.604761905<x54>[B] (+0) -0.604761905<x55>[B] (+0) -0.604761905<x56>[B] (+1) -0.604761905<x57>[B] (+0) -0.604761905<x58>[B] (+0) -0.604761905<x59>[B] (+0) -0.604761905<x60>[B] (+1) -0.604761905<x61>[B] (+1) -0.604761905<x62>[B] (+1) +0.604761905<x63>[B] (+1) +0.604761905<x64>[B] (+1) +0.604761905<x65>[B] (+1) +0.604761905<x66>[B] (+0) +0.604761905<x67>[B] (+1) -0.604761905<x68>[B] (+1) -0.604761905<x69>[B] (+1) +0.604761905<x70>[B] (+1) +0.604761905<x71>[B] (+0) +0.604761905<x72>[B] (+1) +0.604761905<x73>[B] (+1) +0.604761905<x74>[B] (+0) +0.604761905<x75>[B] (+0) -0.604761905<x76>[B] (+1) +0.604761905<x77>[B] (+1) +0.604761905<x78>[B] (+0) +0.604761905<x79>[B] (+0) +0.604761905<x80>[B] (+1) +0.604761905<x81>[B] (+0) +0.604761905<x82>[B] (+0) -0.604761905<x83>[B] (+0) -0.604761905<x84>[B] (+1) -0.604761905<x85>[B] (+1) -0.604761905<x86>[B] (+1) +0.604761905<x87>[B] (+0) -0.604761905<x88>[B] (+1) -0.604761905<x89>[B] (+1) -0.604761905<x90>[B] (+1) -0.604761905<x91>[B] (+1) +0.604761905<x92>[B] (+0) +0.604761905<x93>[B] (+0) -0.604761905<x94>[B] (+1) -0.604761905<x95>[B] (+1) +0.604761905<x96>[B] (+0) +0.604761905<x97>[B] (+0) -0.604761905<x98>[B] (+0) -0.604761905<x99>[B] (+1) -0.604761905<x100>[B] (+1) -0.604761905<x101>[B] (+1) -0.604761905<x102>[B] (+1) -0.604761905<x103>[B] (+1) -0.604761905<x104>[B] (+1) +0.604761905<x105>[B] (+1) >= 14.0619047619048;
;
violation: left hand side is violated by 0.0190476190476154
  [linear] <c933>: <x108>[C] (+14.5904762) -0.5<x1>[B] (+1) -0.5<x2>[B] (+0) +0.5<x3>[B] (+0) -0.5<x4>[B] (+1) -0.5<x5>[B] (+0) -0.5<x6>[B] (+0) +0.5<x7>[B] (+1) -0.5<x8>[B] (+0) +0.5<x9>[B] (+1) +0.5<x10>[B] (+1) -0.5<x11>[B] (+0) -0.5<x12>[B] (+1) -0.5<x13>[B] (+1) -0.5<x14>[B] (+1) -0.5<x15>[B] (+0) +0.5<x16>[B] (+0) -0.5<x17>[B] (+0) +0.5<x18>[B] (+0) -0.5<x19>[B] (+0) +0.5<x20>[B] (+0) +0.5<x21>[B] (+0) +0.5<x22>[B] (+0) +0.5<x23>[B] (+0) +0.5<x24>[B] (+0) +0.5<x25>[B] (+0) +0.5<x26>[B] (+0) +0.5<x27>[B] (+0) +0.5<x28>[B] (+0) -0.5<x29>[B] (+1) +0.5<x30>[B] (+0) +0.5<x31>[B] (+1) +0.5<x32>[B] (+1) +0.5<x33>[B] (+0) +0.5<x34>[B] (+1) +0.5<x35>[B] (+1) +0.5<x36>[B] (+0) +0.5<x37>[B] (+1) +0.5<x38>[B] (+1) +0.5<x39>[B] (+1) -0.5<x40>[B] (+1) -0.5<x41>[B] (+1) -0.5<x42>[B] (+1) -0.5<x43>[B] (+1) -0.5<x44>[B] (+1) +0.5<x45>[B] (+1) +0.5<x46>[B] (+1) -0.5<x47>[B] (+0) -0.5<x48>[B] (+1) -0.5<x49>[B] (+1) -0.5<x50>[B] (+1) +0.5<x51>[B] (+0) +0.5<x52>[B] (+0) +0.5<x53>[B] (+0) +0.5<x54>[B] (+0) +0.5<x55>[B] (+0) +0.5<x56>[B] (+0) +0.5<x57>[B] (+0) +0.5<x58>[B] (+0) +0.5<x59>[B] (+0) +0.5<x60>[B] (+0) -0.5<x61>[B] (+1) +0.5<x62>[B] (+1) -0.5<x63>[B] (+1) +0.5<x64>[B] (+1) +0.5<x65>[B] (+1) +0.5<x66>[B] (+0) -0.5<x67>[B] (+1) +0.5<x68>[B] (+1) +0.5<x69>[B] (+1) +0.5<x70>[B] (+1) +0.5<x71>[B] (+0) +0.5<x72>[B] (+1) +0.5<x73>[B] (+1) +0.5<x74>[B] (+0) +0.5<x75>[B] (+1) +0.5<x76>[B] (+1) +0.5<x77>[B] (+1) -0.5<x78>[B] (+0) +0.5<x79>[B] (+0) +0.5<x80>[B] (+0) -0.5<x81>[B] (+0) -0.5<x82>[B] (+0) -0.5<x83>[B] (+0) -0.5<x84>[B] (+1) +0.5<x85>[B] (+1) +0.5<x86>[B] (+1) +0.5<x87>[B] (+0) -0.5<x88>[B] (+1) +0.5<x89>[B] (+1) +0.5<x90>[B] (+1) +0.5<x91>[B] (+1) -0.5<x92>[B] (+0) -0.5<x93>[B] (+0) -0.5<x94>[B] (+1) -0.5<x95>[B] (+1) -0.5<x96>[B] (+0) -0.5<x97>[B] (+0) -0.5<x98>[B] (+0) -0.5<x99>[B] (+1) -0.5<x100>[B] (+1) +0.5<x101>[B] (+1) -0.5<x102>[B] (+1) +0.5<x103>[B] (+1) +0.5<x104>[B] (+1) -0.5<x105>[B] (+1) >= 17.8761904761905;
;
violation: left hand side is violated by 0.285714285714295
  [linear] <c935>: <x110>[C] (+20.0904762) +0.604761905<x1>[B] (+1) +0.604761905<x2>[B] (+0) +0.604761905<x3>[B] (+0) +0.604761905<x4>[B] (+1) +0.604761905<x5>[B] (+0) +0.604761905<x6>[B] (+1) +0.604761905<x7>[B] (+1) +0.604761905<x8>[B] (+0) +0.604761905<x9>[B] (+1) +0.604761905<x10>[B] (+1) +0.604761905<x11>[B] (+0) +0.604761905<x12>[B] (+1) +0.604761905<x13>[B] (+1) +0.604761905<x14>[B] (+1) -0.604761905<x15>[B] (+0) +0.604761905<x16>[B] (+0) +0.604761905<x17>[B] (+1) -0.604761905<x18>[B] (+0) -0.604761905<x19>[B] (+0) -0.604761905<x20>[B] (+0) +0.604761905<x21>[B] (+0) +0.604761905<x22>[B] (+0) +0.604761905<x23>[B] (+0) +0.604761905<x24>[B] (+0) +0.604761905<x25>[B] (+0) -0.604761905<x26>[B] (+1) -0.604761905<x27>[B] (+1) +0.604761905<x28>[B] (+0) +0.604761905<x29>[B] (+1) +0.604761905<x30>[B] (+0) -0.604761905<x31>[B] (+1) -0.604761905<x32>[B] (+1) +0.604761905<x33>[B] (+0) +0.604761905<x34>[B] (+1) +0.604761905<x35>[B] (+1) +0.604761905<x36>[B] (+0) +0.604761905<x37>[B] (+1) -0.604761905<x38>[B] (+1) -0.604761905<x39>[B] (+1) +0.604761905<x40>[B] (+1) -0.604761905<x41>[B] (+1) -0.604761905<x42>[B] (+1) -0.604761905<x43>[B] (+1) +0.604761905<x44>[B] (+1) -0.604761905<x45>[B] (+1) -0.604761905<x46>[B] (+1) +0.604761905<x47>[B] (+0) -0.604761905<x48>[B] (+1) -0.604761905<x49>[B] (+1) -0.604761905<x50>[B] (+1) -0.604761905<x51>[B] (+0) -0.604761905<x52>[B] (+0) -0.604761905<x53>[B] (+0) -0.604761905<x54>[B] (+0) -0.604761905<x55>[B] (+0) -0.604761905<x56>[B] (+0) -0.604761905<x57>[B] (+0) -0.604761905<x58>[B] (+0) -0.604761905<x59>[B] (+0) -0.604761905<x60>[B] (+0) -0.604761905<x61>[B] (+1) -0.604761905<x62>[B] (+1) +0.604761905<x63>[B] (+1) +0.604761905<x64>[B] (+1) +0.604761905<x65>[B] (+1) +0.604761905<x66>[B] (+0) +0.604761905<x67>[B] (+1) -0.604761905<x68>[B] (+1) -0.604761905<x69>[B] (+1) +0.604761905<x70>[B] (+1) +0.604761905<x71>[B] (+0) +0.604761905<x72>[B] (+1) +0.604761905<x73>[B] (+0) +0.604761905<x74>[B] (+0) +0.604761905<x75>[B] (+0) -0.604761905<x76>[B] (+1) +0.604761905<x77>[B] (+1) +0.604761905<x78>[B] (+0) +0.604761905<x79>[B] (+0) +0.604761905<x80>[B] (+0) +0.604761905<x81>[B] (+0) +0.604761905<x82>[B] (+0) -0.604761905<x83>[B] (+1) -0.604761905<x84>[B] (+1) -0.604761905<x85>[B] (+1) -0.604761905<x86>[B] (+1) +0.604761905<x87>[B] (+0) -0.604761905<x88>[B] (+1) -0.604761905<x89>[B] (+1) -0.604761905<x90>[B] (+1) -0.604761905<x91>[B] (+0) +0.604761905<x92>[B] (+0) +0.604761905<x93>[B] (+0) -0.604761905<x94>[B] (+1) -0.604761905<x95>[B] (+1) +0.604761905<x96>[B] (+0) +0.604761905<x97>[B] (+1) -0.604761905<x98>[B] (+1) -0.604761905<x99>[B] (+1) -0.604761905<x100>[B] (+1) -0.604761905<x101>[B] (+1) -0.604761905<x102>[B] (+1) -0.604761905<x103>[B] (+1) -0.604761905<x104>[B] (+1) +0.604761905<x105>[B] (+1) >= 14.0619047619048;
;
violation: left hand side is violated by 0.0190476190476119
  [linear] <c938>: <x113>[C] (+21.5904762) -0.652380952<x1>[B] (+1) +0.652380952<x2>[B] (+0) -0.652380952<x3>[B] (+0) -0.652380952<x4>[B] (+1) +0.652380952<x5>[B] (+0) -0.652380952<x6>[B] (+0) -0.652380952<x7>[B] (+1) -0.652380952<x8>[B] (+0) -0.652380952<x9>[B] (+1) -0.652380952<x10>[B] (+1) +0.652380952<x11>[B] (+0) -0.652380952<x12>[B] (+1) -0.652380952<x13>[B] (+1) -0.652380952<x14>[B] (+1) +0.652380952<x15>[B] (+0) +0.652380952<x16>[B] (+0) -0.652380952<x17>[B] (+1) +0.652380952<x18>[B] (+0) -0.652380952<x19>[B] (+0) +0.652380952<x20>[B] (+0) -0.652380952<x21>[B] (+0) -0.652380952<x22>[B] (+0) -0.652380952<x23>[B] (+0) +0.652380952<x24>[B] (+0) -0.652380952<x25>[B] (+0) -0.652380952<x26>[B] (+1) -0.652380952<x27>[B] (+1) -0.652380952<x28>[B] (+0) -0.652380952<x29>[B] (+1) -0.652380952<x30>[B] (+0) -0.652380952<x31>[B] (+0) -0.652380952<x32>[B] (+1) -0.652380952<x33>[B] (+0) -0.652380952<x34>[B] (+1) -0.652380952<x35>[B] (+1) -0.652380952<x36>[B] (+0) -0.652380952<x37>[B] (+1) -0.652380952<x38>[B] (+1) -0.652380952<x39>[B] (+1) -0.652380952<x40>[B] (+1) +0.652380952<x41>[B] (+1) -0.652380952<x42>[B] (+1) -0.652380952<x43>[B] (+1) -0.652380952<x44>[B] (+1) -0.652380952<x45>[B] (+1) -0.652380952<x46>[B] (+1) +0.652380952<x47>[B] (+0) -0.652380952<x48>[B] (+1) -0.652380952<x49>[B] (+1) -0.652380952<x50>[B] (+1) +0.652380952<x51>[B] (+0) +0.652380952<x52>[B] (+0) +0.652380952<x53>[B] (+0) -0.652380952<x54>[B] (+0) -0.652380952<x55>[B] (+0) -0.652380952<x56>[B] (+0) +0.652380952<x57>[B] (+0) -0.652380952<x58>[B] (+0) +0.652380952<x59>[B] (+0) +0.652380952<x60>[B] (+0) -0.652380952<x61>[B] (+1) -0.652380952<x62>[B] (+1) -0.652380952<x63>[B] (+1) -0.652380952<x64>[B] (+1) -0.652380952<x65>[B] (+1) -0.652380952<x66>[B] (+0) -0.652380952<x67>[B] (+1) -0.652380952<x68>[B] (+1) -0.652380952<x69>[B] (+1) +0.652380952<x70>[B] (+1) -0.652380952<x71>[B] (+0) -0.652380952<x72>[B] (+1) -0.652380952<x73>[B] (+1) +0.652380952<x74>[B] (+0) -0.652380952<x75>[B] (+1) -0.652380952<x76>[B] (+1) -0.652380952<x77>[B] (+1) -0.652380952<x78>[B] (+0) -0.652380952<x79>[B] (+0) -0.652380952<x80>[B] (+2.22044605e-16) +0.652380952<x81>[B] (+0) -0.652380952<x82>[B] (+9.99200722e-16) -0.652380952<x83>[B] (+1) -0.652380952<x84>[B] (+1) +0.652380952<x85>[B] (+1) +0.652380952<x86>[B] (+1) +0.652380952<x87>[B] (+0) +0.652380952<x88>[B] (+1) +0.652380952<x89>[B] (+1) +0.652380952<x90>[B] (+1) +0.652380952<x91>[B] (+1) +0.652380952<x92>[B] (+0) +0.652380952<x93>[B] (+0) +0.652380952<x94>[B] (+1) +0.652380952<x95>[B] (+1) +0.652380952<x96>[B] (+0) +0.652380952<x97>[B] (+7.77156117e-16) +0.652380952<x98>[B] (+1) +0.652380952<x99>[B] (+1) -0.652380952<x100>[B] (+1) -0.652380952<x101>[B] (+1) -0.652380952<x102>[B] (+1) +0.652380952<x103>[B] (+1) +0.652380952<x104>[B] (+1) -0.652380952<x105>[B] (+1) >= 1.14285714285715;
;
violation: left hand side is violated by 0.42857142857144
2/10 feasible solutions given by solution candidate storage, new primal bound -7.485123e+01

presolving:
   (0.0s) symmetry computation started: requiring (bin +, int +, cont +), (fixed: bin -, int -, cont -)
   (0.0s) no symmetry present (symcode time: 0.00)
presolving (0 rounds: 0 fast, 0 medium, 0 exhaustive):
 0 deleted vars, 0 deleted constraints, 0 added constraints, 0 tightened bounds, 0 added holes, 0 changed sides, 0 changed coefficients
 0 implications, 0 cliques, 0 implied integral variables (0 bin, 0 int, 0 cont)
presolved problem has 115 variables (105 bin, 0 int, 10 cont) and 940 constraints
    940 constraints of type <linear>
Presolving Time: 0.00
transformed 3/3 original solutions to the transformed problem space

 time | node  | left  |LP iter|LP it/n|mem/heur|mdpt |vars |cons |rows |cuts |sepa|confs|strbr|  dualbound   | primalbound  |  gap   | compl. 
  0.0s|     1 |     0 |   137 |     - |    12M |   0 | 115 | 940 | 940 |   0 |  0 |   0 |   0 |-5.789388e+01 |-7.485123e+01 |  29.29%| unknown
r 0.0s|     1 |     0 |   137 |     - |shifting|   0 | 115 | 940 | 940 |   0 |  0 |   0 |   0 |-5.789388e+01 |-6.672517e+01 |  15.25%| unknown
  0.0s|     1 |     0 |   156 |     - |    12M |   0 | 115 | 940 | 941 |   1 |  1 |   0 |   0 |-5.802540e+01 |-6.672517e+01 |  14.99%| unknown
r 0.0s|     1 |     0 |   156 |     - |shifting|   0 | 115 | 940 | 941 |   1 |  1 |   0 |   0 |-5.802540e+01 |-6.531111e+01 |  12.56%| unknown
  0.0s|     1 |     0 |   166 |     - |    12M |   0 | 115 | 940 | 942 |   2 |  2 |   0 |   0 |-5.807619e+01 |-6.531111e+01 |  12.46%| unknown
d 0.0s|     1 |     0 |   166 |     - |farkasdi|   0 | 115 | 940 | 942 |   0 |  3 |   0 |   0 |-5.807619e+01 |-5.807619e+01 |   0.00%| unknown
  0.0s|     1 |     0 |   166 |     - |    12M |   0 | 115 | 940 | 942 |   2 |  3 |   0 |   0 |-5.807619e+01 |-5.807619e+01 |   0.00%| unknown

SCIP Status        : problem is solved [optimal solution found]
Solving Time (sec) : 0.03
Solving Nodes      : 1
Primal Bound       : -5.80761904761904e+01 (7 solutions)
Dual Bound         : -5.80761904761904e+01
Gap                : 0.00 %
  [linear] <c941>: <x106>[C] (+17.7095238) +0.576190476<x1>[B] (+1) +0.576190476<x2>[B] (+0) -0.576190476<x3>[B] (+0) -0.576190476<x4>[B] (+1) +0.576190476<x5>[B] (+0) -0.576190476<x6>[B] (+1) -0.576190476<x7>[B] (+1) +0.576190476<x8>[B] (+0) +0.576190476<x9>[B] (+1) -0.576190476<x10>[B] (+1) +0.576190476<x11>[B] (+0) +0.576190476<x12>[B] (+1) +0.576190476<x13>[B] (+1) +0.576190476<x14>[B] (+1) +0.576190476<x15>[B] (+0) -0.576190476<x16>[B] (+0) -0.576190476<x17>[B] (+1) +0.576190476<x18>[B] (+0) -0.576190476<x19>[B] (+1) -0.576190476<x20>[B] (+1) +0.576190476<x21>[B] (+0) +0.576190476<x22>[B] (+1) -0.576190476<x23>[B] (+1) -0.576190476<x24>[B] (+0) +0.576190476<x25>[B] (+0) +0.576190476<x26>[B] (+0) +0.576190476<x27>[B] (+1) -0.576190476<x28>[B] (+0) -0.576190476<x29>[B] (+1) +0.576190476<x30>[B] (+0) -0.576190476<x31>[B] (+1) -0.576190476<x32>[B] (+1) +0.576190476<x33>[B] (+0) +0.576190476<x34>[B] (+1) -0.576190476<x35>[B] (+1) -0.576190476<x36>[B] (+0) +0.576190476<x37>[B] (+1) +0.576190476<x38>[B] (+1) +0.576190476<x39>[B] (+1) -0.576190476<x40>[B] (+1) +0.576190476<x41>[B] (+1) -0.576190476<x42>[B] (+1) -0.576190476<x43>[B] (+1) +0.576190476<x44>[B] (+1) +0.576190476<x45>[B] (+1) -0.576190476<x46>[B] (+1) +0.576190476<x47>[B] (+0) +0.576190476<x48>[B] (+1) +0.576190476<x49>[B] (+1) +0.576190476<x50>[B] (+1) +0.576190476<x51>[B] (+0) +0.576190476<x52>[B] (+0) +0.576190476<x53>[B] (+1) +0.576190476<x54>[B] (+0) +0.576190476<x55>[B] (+1) +0.576190476<x56>[B] (-1.92290628e-13) +0.576190476<x57>[B] (+0) +0.576190476<x58>[B] (-1.92290628e-13) +0.576190476<x59>[B] (+0) +0.576190476<x60>[B] (+1) -0.576190476<x61>[B] (+1) -0.576190476<x62>[B] (+1) -0.576190476<x63>[B] (+1) -0.576190476<x64>[B] (+1) -0.576190476<x65>[B] (+1) -0.576190476<x66>[B] (+0) +0.576190476<x67>[B] (+1) +0.576190476<x68>[B] (+1) -0.576190476<x69>[B] (+1) -0.576190476<x70>[B] (+1) +0.576190476<x71>[B] (+0) +0.576190476<x72>[B] (+1) -0.576190476<x73>[B] (-7.57616192e-13) +0.576190476<x74>[B] (+0) +0.576190476<x75>[B] (-1.92290628e-13) +0.576190476<x76>[B] (-1.92290628e-13) +0.576190476<x77>[B] (+1) +0.576190476<x78>[B] (+0) +0.576190476<x79>[B] (+0) -0.576190476<x80>[B] (+0) +0.576190476<x81>[B] (+0) +0.576190476<x82>[B] (+0) +0.576190476<x83>[B] (+0) +0.576190476<x84>[B] (+1) -0.576190476<x85>[B] (+1) -0.576190476<x86>[B] (+1) -0.576190476<x87>[B] (+0) +0.576190476<x88>[B] (+1) +0.576190476<x89>[B] (+1) -0.576190476<x90>[B] (+1) -0.576190476<x91>[B] (+0) -0.576190476<x92>[B] (+0) +0.576190476<x93>[B] (+0) +0.576190476<x94>[B] (+0) +0.576190476<x95>[B] (+1) +0.576190476<x96>[B] (+0) +0.576190476<x97>[B] (+0) +0.576190476<x98>[B] (+0) +0.576190476<x99>[B] (+1) +0.576190476<x100>[B] (+1) +0.576190476<x101>[B] (+1) +0.576190476<x102>[B] (+1) -0.576190476<x103>[B] (+0) -0.576190476<x104>[B] (+1) -0.576190476<x105>[B] (+1) >= 20.0238095238095;
;
violation: left hand side is violated by 0.00952380952380238
  [linear] <c943>: <x108>[C] (+14.3761905) -0.528571429<x1>[B] (+1) -0.528571429<x2>[B] (+0) +0.528571429<x3>[B] (+0) -0.528571429<x4>[B] (+1) -0.528571429<x5>[B] (+0) -0.528571429<x6>[B] (+1) +0.528571429<x7>[B] (+1) -0.528571429<x8>[B] (+0) +0.528571429<x9>[B] (+1) +0.528571429<x10>[B] (+1) -0.528571429<x11>[B] (+0) -0.528571429<x12>[B] (+1) -0.528571429<x13>[B] (+1) -0.528571429<x14>[B] (+1) -0.528571429<x15>[B] (+0) +0.528571429<x16>[B] (+0) -0.528571429<x17>[B] (+0) +0.528571429<x18>[B] (+0) -0.528571429<x19>[B] (+0) +0.528571429<x20>[B] (+1) +0.528571429<x21>[B] (+0) +0.528571429<x22>[B] (+1) +0.528571429<x23>[B] (+0) +0.528571429<x24>[B] (+0) +0.528571429<x25>[B] (+0) +0.528571429<x26>[B] (+0) +0.528571429<x27>[B] (+1) +0.528571429<x28>[B] (+0) -0.528571429<x29>[B] (+1) +0.528571429<x30>[B] (+0) +0.528571429<x31>[B] (+1) +0.528571429<x32>[B] (+1) +0.528571429<x33>[B] (+0) +0.528571429<x34>[B] (+1) +0.528571429<x35>[B] (+1) +0.528571429<x36>[B] (+0) +0.528571429<x37>[B] (+1) +0.528571429<x38>[B] (+1) +0.528571429<x39>[B] (+1) -0.528571429<x40>[B] (+1) -0.528571429<x41>[B] (+1) -0.528571429<x42>[B] (+1) -0.528571429<x43>[B] (+1) -0.528571429<x44>[B] (+1) +0.528571429<x45>[B] (+1) +0.528571429<x46>[B] (+1) -0.528571429<x47>[B] (+0) -0.528571429<x48>[B] (+1) -0.528571429<x49>[B] (+1) -0.528571429<x50>[B] (+1) +0.528571429<x51>[B] (+0) +0.528571429<x52>[B] (+0) +0.528571429<x53>[B] (+1) +0.528571429<x54>[B] (+0) +0.528571429<x55>[B] (+1) +0.528571429<x56>[B] (+0) +0.528571429<x57>[B] (+0) +0.528571429<x58>[B] (+0) +0.528571429<x59>[B] (+0) +0.528571429<x60>[B] (+1) -0.528571429<x61>[B] (+1) +0.528571429<x62>[B] (+1) -0.528571429<x63>[B] (+1) +0.528571429<x64>[B] (+1) +0.528571429<x65>[B] (+1) +0.528571429<x66>[B] (+0) -0.528571429<x67>[B] (+1) +0.528571429<x68>[B] (+1) +0.528571429<x69>[B] (+1) +0.528571429<x70>[B] (+1) +0.528571429<x71>[B] (+0) +0.528571429<x72>[B] (+1) +0.528571429<x73>[B] (+0) +0.528571429<x74>[B] (+0) +0.528571429<x75>[B] (+0) +0.528571429<x76>[B] (+0) +0.528571429<x77>[B] (+1) -0.528571429<x78>[B] (+0) +0.528571429<x79>[B] (+0) +0.528571429<x80>[B] (+0) -0.528571429<x81>[B] (+0) -0.528571429<x82>[B] (+0) -0.528571429<x83>[B] (+0) -0.528571429<x84>[B] (+1) +0.528571429<x85>[B] (+1) +0.528571429<x86>[B] (+1) +0.528571429<x87>[B] (+0) -0.528571429<x88>[B] (+1) +0.528571429<x89>[B] (+1) +0.528571429<x90>[B] (+1) +0.528571429<x91>[B] (+0) -0.528571429<x92>[B] (+0) -0.528571429<x93>[B] (+0) -0.528571429<x94>[B] (+0) -0.528571429<x95>[B] (+1) -0.528571429<x96>[B] (+0) -0.528571429<x97>[B] (+0) -0.528571429<x98>[B] (+0) -0.528571429<x99>[B] (+1) -0.528571429<x100>[B] (+1) +0.528571429<x101>[B] (+1) -0.528571429<x102>[B] (+1) +0.528571429<x103>[B] (+0) +0.528571429<x104>[B] (+1) -0.528571429<x105>[B] (+1) >= 18.1047619047619;
;
violation: left hand side is violated by 0.0285714285714356
  [linear] <c941>: <x106>[C] (+17.7095238) +0.576190476<x1>[B] (+1) +0.576190476<x2>[B] (+0) -0.576190476<x3>[B] (+0) -0.576190476<x4>[B] (+1) +0.576190476<x5>[B] (+0) -0.576190476<x6>[B] (+0) -0.576190476<x7>[B] (+1) +0.576190476<x8>[B] (+0) +0.576190476<x9>[B] (+0) -0.576190476<x10>[B] (+1) +0.576190476<x11>[B] (+0) +0.576190476<x12>[B] (+1) +0.576190476<x13>[B] (+1) +0.576190476<x14>[B] (+1) +0.576190476<x15>[B] (+0) -0.576190476<x16>[B] (+0) -0.576190476<x17>[B] (+1) +0.576190476<x18>[B] (+0) -0.576190476<x19>[B] (+0) -0.576190476<x20>[B] (+0) +0.576190476<x21>[B] (+0) +0.576190476<x22>[B] (+0) -0.576190476<x23>[B] (+0) -0.576190476<x24>[B] (+0) +0.576190476<x25>[B] (+0) +0.576190476<x26>[B] (+0) +0.576190476<x27>[B] (+1) -0.576190476<x28>[B] (+0) -0.576190476<x29>[B] (+1) +0.576190476<x30>[B] (+0) -0.576190476<x31>[B] (+0) -0.576190476<x32>[B] (+1) +0.576190476<x33>[B] (+0) +0.576190476<x34>[B] (+0) -0.576190476<x35>[B] (+1) -0.576190476<x36>[B] (+0) +0.576190476<x37>[B] (+1) +0.576190476<x38>[B] (+1) +0.576190476<x39>[B] (+1) -0.576190476<x40>[B] (+1) +0.576190476<x41>[B] (+1) -0.576190476<x42>[B] (+1) -0.576190476<x43>[B] (+1) +0.576190476<x44>[B] (+1) +0.576190476<x45>[B] (+1) -0.576190476<x46>[B] (+1) +0.576190476<x47>[B] (+0) +0.576190476<x48>[B] (+1) +0.576190476<x49>[B] (+1) +0.576190476<x50>[B] (+1) +0.576190476<x51>[B] (+0) +0.576190476<x52>[B] (+0) +0.576190476<x53>[B] (+0) +0.576190476<x54>[B] (+0) +0.576190476<x55>[B] (+0) +0.576190476<x56>[B] (+0) +0.576190476<x57>[B] (+0) +0.576190476<x58>[B] (+0) +0.576190476<x59>[B] (+0) +0.576190476<x60>[B] (+0) -0.576190476<x61>[B] (+1) -0.576190476<x62>[B] (+1) -0.576190476<x63>[B] (+1) -0.576190476<x64>[B] (+1) -0.576190476<x65>[B] (+1) -0.576190476<x66>[B] (+0) +0.576190476<x67>[B] (+1) +0.576190476<x68>[B] (+1) -0.576190476<x69>[B] (+1) -0.576190476<x70>[B] (+1) +0.576190476<x71>[B] (+0) +0.576190476<x72>[B] (+0) -0.576190476<x73>[B] (+1) +0.576190476<x74>[B] (+0) +0.576190476<x75>[B] (+1) +0.576190476<x76>[B] (+1) +0.576190476<x77>[B] (+1) +0.576190476<x78>[B] (+0) +0.576190476<x79>[B] (+0) -0.576190476<x80>[B] (+0) +0.576190476<x81>[B] (+0) +0.576190476<x82>[B] (+0) +0.576190476<x83>[B] (+0) +0.576190476<x84>[B] (+1) -0.576190476<x85>[B] (+1) -0.576190476<x86>[B] (+1) -0.576190476<x87>[B] (+0) +0.576190476<x88>[B] (+1) +0.576190476<x89>[B] (+1) -0.576190476<x90>[B] (+1) -0.576190476<x91>[B] (+1) -0.576190476<x92>[B] (+0) +0.576190476<x93>[B] (+1) +0.576190476<x94>[B] (+1) +0.576190476<x95>[B] (+1) +0.576190476<x96>[B] (+0) +0.576190476<x97>[B] (+0) +0.576190476<x98>[B] (+1) +0.576190476<x99>[B] (+1) +0.576190476<x100>[B] (+1) +0.576190476<x101>[B] (+1) +0.576190476<x102>[B] (+1) -0.576190476<x103>[B] (+1) -0.576190476<x104>[B] (+1) -0.576190476<x105>[B] (+1) >= 20.0238095238095;
;
violation: left hand side is violated by 0.00952380952380238
4/7 feasible solutions given by solution candidate storage, new primal bound -6.672517e+01

presolving:
   (0.0s) symmetry computation started: requiring (bin +, int +, cont +), (fixed: bin -, int -, cont -)
   (0.0s) no symmetry present (symcode time: 0.00)
presolving (0 rounds: 0 fast, 0 medium, 0 exhaustive):
 0 deleted vars, 0 deleted constraints, 0 added constraints, 0 tightened bounds, 0 added holes, 0 changed sides, 0 changed coefficients
 0 implications, 0 cliques, 0 implied integral variables (0 bin, 0 int, 0 cont)
presolved problem has 115 variables (105 bin, 0 int, 10 cont) and 947 constraints
    947 constraints of type <linear>
Presolving Time: 0.00
transformed 4/4 original solutions to the transformed problem space

 time | node  | left  |LP iter|LP it/n|mem/heur|mdpt |vars |cons |rows |cuts |sepa|confs|strbr|  dualbound   | primalbound  |  gap   | compl. 
  0.0s|     1 |     0 |   137 |     - |    13M |   0 | 115 | 947 | 947 |   0 |  0 |   0 |   0 |-5.799762e+01 |-6.672517e+01 |  15.05%| unknown
r 0.0s|     1 |     0 |   137 |     - |shifting|   0 | 115 | 947 | 947 |   0 |  0 |   0 |   0 |-5.799762e+01 |-6.614762e+01 |  14.05%| unknown
  0.0s|     1 |     0 |   140 |     - |    13M |   0 | 115 | 947 | 948 |   1 |  1 |   0 |   0 |-5.799934e+01 |-6.614762e+01 |  14.05%| unknown
  0.0s|     1 |     0 |   148 |     - |    13M |   0 | 115 | 947 | 949 |   2 |  2 |   0 |   0 |-5.802917e+01 |-6.614762e+01 |  13.99%| unknown
  0.0s|     1 |     0 |   169 |     - |    13M |   0 | 115 | 947 | 950 |   3 |  3 |   0 |   0 |-5.811692e+01 |-6.614762e+01 |  13.82%| unknown
  0.1s|     1 |     0 |   170 |     - |    13M |   0 | 115 | 947 | 951 |   4 |  4 |   0 |   0 |-5.812126e+01 |-6.614762e+01 |  13.81%| unknown
r 0.1s|     1 |     0 |   170 |     - |shifting|   0 | 115 | 947 | 951 |   4 |  4 |   0 |   0 |-5.812126e+01 |-6.594694e+01 |  13.46%| unknown
  0.1s|     1 |     0 |   175 |     - |    13M |   0 | 115 | 947 | 952 |   5 |  5 |   0 |   0 |-5.814927e+01 |-6.594694e+01 |  13.41%| unknown
  0.1s|     1 |     0 |   180 |     - |    13M |   0 | 115 | 947 | 954 |   7 |  6 |   0 |   0 |-5.816786e+01 |-6.594694e+01 |  13.37%| unknown
  0.1s|     1 |     0 |   182 |     - |    13M |   0 | 115 | 947 | 955 |   8 |  7 |   0 |   0 |-5.817078e+01 |-6.594694e+01 |  13.37%| unknown
  0.1s|     1 |     0 |   193 |     - |    13M |   0 | 115 | 947 | 956 |   9 |  8 |   0 |   0 |-5.817877e+01 |-6.594694e+01 |  13.35%| unknown
  0.1s|     1 |     0 |   198 |     - |    14M |   0 | 115 | 947 | 957 |  10 |  9 |   0 |   0 |-5.818781e+01 |-6.594694e+01 |  13.33%| unknown
r 0.1s|     1 |     0 |   198 |     - |shifting|   0 | 115 | 947 | 957 |  10 |  9 |   0 |   0 |-5.818781e+01 |-6.359023e+01 |   9.28%| unknown
  0.1s|     1 |     0 |   199 |     - |    14M |   0 | 115 | 947 | 958 |  11 | 10 |   0 |   0 |-5.819048e+01 |-6.359023e+01 |   9.28%| unknown
d 0.1s|     1 |     0 |   199 |     - |farkasdi|   0 | 115 | 947 | 958 |   0 | 11 |   0 |   0 |-5.819048e+01 |-5.819048e+01 |   0.00%| unknown
 time | node  | left  |LP iter|LP it/n|mem/heur|mdpt |vars |cons |rows |cuts |sepa|confs|strbr|  dualbound   | primalbound  |  gap   | compl. 
  0.1s|     1 |     0 |   199 |     - |    14M |   0 | 115 | 947 | 958 |  11 | 11 |   0 |   0 |-5.819048e+01 |-5.819048e+01 |   0.00%| unknown

SCIP Status        : problem is solved [optimal solution found]
Solving Time (sec) : 0.14
Solving Nodes      : 1
Primal Bound       : -5.81904761904761e+01 (16 solutions)
Dual Bound         : -5.81904761904761e+01
Gap                : 0.00 %
