Loading instance...
Median ranking: [10, 9, 4, 12, 13, 3, 6, 14, 5, 8, 7, 15, 2, 11, 1, 16]
Mean ranking: [10, 9, 3, 14, 4, 8, 12, 13, 6, 5, 7, 15, 2, 11, 1, 16]
Actual error: 0.0009857373402538672
Weighted Kendall distance: 134.5
Normalized distance: 0.09889705882352941
add conss, 0 chg bounds, 0 chg sides, 0 chg coeffs, 0 upgd conss, 0 impls, 0 clqs, 0 implints
   (0.0s) symmetry computation started: requiring (bin +, int +, cont +), (fixed: bin -, int -, cont -)
   (0.0s) no symmetry present (symcode time: 0.00)
presolving (2 rounds: 2 fast, 2 medium, 1 exhaustive):
 0 deleted vars, 1120 deleted constraints, 560 added constraints, 0 tightened bounds, 0 added holes, 0 changed sides, 0 changed coefficients
 0 implications, 0 cliques, 0 implied integral variables (0 bin, 0 int, 0 cont)
presolved problem has 120 variables (0 bin, 0 int, 120 cont) and 560 constraints
    560 constraints of type <linear>
Presolving Time: 0.01
transformed 3/3 original solutions to the transformed problem space

 time | node  | left  |LP iter|LP it/n|mem/heur|mdpt |vars |cons |rows |cuts |sepa|confs|strbr|  dualbound   | primalbound  |  gap   | compl. 
* 0.0s|     1 |     0 |    18 |     - |    LP  |   0 | 120 | 560 | 560 |   0 |  0 |   0 |   0 | 3.040000e+02 | 3.040000e+02 |   0.00%| unknown
  0.0s|     1 |     0 |    18 |     - |  4088k |   0 | 120 | 560 | 560 |   0 |  0 |   0 |   0 | 3.040000e+02 | 3.040000e+02 |   0.00%| unknown

SCIP Status        : problem is solved [optimal solution found]
Solving Time (sec) : 0.01
Solving Nodes      : 1
Primal Bound       : +3.04000000000000e+02 (4 solutions)
Dual Bound         : +3.04000000000000e+02
Gap                : 0.00 %
feasible solution found by trivial heuristic after 0.0 seconds, objective value 7.600000e+01
presolving:
   (0.0s) running MILP presolver
   (0.0s) MILP presolver (2 rounds): 0 aggregations, 0 fixings, 0 bound changes
(round 1, medium)     0 del vars, 1120 del conss, 560 add conss, 0 chg bounds, 0 chg sides, 0 chg coeffs, 0 upgd conss, 0 impls, 0 clqs, 0 implints
   (0.0s) probing: 51/120 (42.5%) - 0 fixings, 0 aggregations, 0 implications, 0 bound changes
   (0.0s) probing aborted: 50/50 successive totally useless probings
   (0.0s) symmetry computation started: requiring (bin +, int +, cont +), (fixed: bin -, int -, cont -)
   (0.0s) no symmetry present (symcode time: 0.00)
presolving (2 rounds: 2 fast, 2 medium, 1 exhaustive):
 0 deleted vars, 1120 deleted constraints, 560 added constraints, 0 tightened bounds, 0 added holes, 0 changed sides, 0 changed coefficients
 0 implications, 0 cliques, 0 implied integral variables (0 bin, 0 int, 0 cont)
presolved problem has 120 variables (120 bin, 0 int, 0 cont) and 560 constraints
    560 constraints of type <linear>
transformed objective value is always integral (scale: 2)
Presolving Time: 0.01
transformed 2/2 original solutions to the transformed problem space

 time | node  | left  |LP iter|LP it/n|mem/heur|mdpt |vars |cons |rows |cuts |sepa|confs|strbr|  dualbound   | primalbound  |  gap   | compl. 
p 0.0s|     1 |     0 |     0 |     - |   locks|   0 | 120 | 560 | 560 |   0 |  0 |   0 |   0 | 3.240000e+02 | 1.740000e+02 |  86.21%| unknown
i 0.0s|     1 |     0 |     0 |     - |  oneopt|   0 | 120 | 560 | 560 |   0 |  0 |   0 |   0 | 3.240000e+02 | 2.400000e+02 |  35.00%| unknown
* 0.0s|     1 |     0 |    18 |     - |    LP  |   0 | 120 | 560 | 560 |   0 |  0 |   0 |   0 | 3.040000e+02 | 3.040000e+02 |   0.00%| unknown
  0.0s|     1 |     0 |    18 |     - |  4178k |   0 | 120 | 560 | 560 |   0 |  0 |   0 |   0 | 3.040000e+02 | 3.040000e+02 |   0.00%| unknown

SCIP Status        : problem is solved [optimal solution found]
Solving Time (sec) : 0.01
Solving Nodes      : 1
Primal Bound       : +3.04000000000000e+02 (5 solutions)
Dual Bound         : +3.04000000000000e+02
Gap                : 0.00 %
feasible solution found by trivial heuristic after 0.1 seconds, objective value -3.999924e+06
presolving:
(round 1, fast)       0 del vars, 0 del conss, 0 add conss, 80 chg bounds, 0 chg sides, 0 chg coeffs, 0 upgd conss, 0 impls, 0 clqs, 0 implints
   (0.4s) running MILP presolver
   (0.5s) MILP presolver (2 rounds): 0 aggregations, 0 fixings, 0 bound changes
(round 2, exhaustive) 0 del vars, 560 del conss, 0 add conss, 80 chg bounds, 0 chg sides, 0 chg coeffs, 0 upgd conss, 0 impls, 0 clqs, 0 implints
   (0.9s) symmetry computation started: requiring (bin +, int +, cont +), (fixed: bin -, int -, cont -)
   (1.0s) no symmetry present (symcode time: 0.01)
presolving (3 rounds: 3 fast, 2 medium, 2 exhaustive):
 0 deleted vars, 560 deleted constraints, 0 added constraints, 80 tightened bounds, 0 added holes, 0 changed sides, 0 changed coefficients
 0 implications, 0 cliques, 0 implied integral variables (0 bin, 0 int, 0 cont)
presolved problem has 160 variables (0 bin, 0 int, 160 cont) and 5360 constraints
   5360 constraints of type <linear>
Presolving Time: 0.99

 time | node  | left  |LP iter|LP it/n|mem/heur|mdpt |vars |cons |rows |cuts |sepa|confs|strbr|  dualbound   | primalbound  |  gap   | compl. 
t 1.1s|     1 |     0 |     0 |     - | trivial|   0 | 160 |5360 |   0 |   0 |  0 |   0 |   0 | 3.240000e+02 |-2.324000e+03 |    Inf | unknown
* 1.3s|     1 |     0 |   568 |     - |    LP  |   0 | 160 |5360 |5360 |   0 |  0 |   0 |   0 |-4.510495e+02 |-4.510495e+02 |   0.00%| unknown
  1.3s|     1 |     0 |   568 |     - |   328M |   0 | 160 |5360 |5360 |   0 |  0 |   0 |   0 |-4.510495e+02 |-4.510495e+02 |   0.00%| unknown

SCIP Status        : problem is solved [optimal solution found]
Solving Time (sec) : 1.31
Solving Nodes      : 1
Primal Bound       : -4.51049491869919e+02 (3 solutions)
Dual Bound         : -4.51049491869919e+02
Gap                : 0.00 %
feasible solution found by trivial heuristic after 0.0 seconds, objective value -3.999924e+06
presolving:
(round 1, fast)       0 del vars, 0 del conss, 0 add conss, 80 chg bounds, 0 chg sides, 0 chg coeffs, 0 upgd conss, 0 impls, 0 clqs, 0 implints
   (0.3s) running MILP presolver
   (0.4s) MILP presolver (2 rounds): 0 aggregations, 0 fixings, 0 bound changes
(round 2, exhaustive) 0 del vars, 560 del conss, 0 add conss, 80 chg bounds, 0 chg sides, 0 chg coeffs, 0 upgd conss, 0 impls, 0 clqs, 0 implints
   (0.9s) probing: 51/120 (42.5%) - 0 fixings, 0 aggregations, 0 implications, 0 bound changes
   (0.9s) probing aborted: 50/50 successive totally useless probings
   (1.0s) symmetry computation started: requiring (bin +, int +, cont +), (fixed: bin -, int -, cont -)
   (1.1s) no symmetry present (symcode time: 0.01)
presolving (3 rounds: 3 fast, 2 medium, 2 exhaustive):
 0 deleted vars, 560 deleted constraints, 0 added constraints, 80 tightened bounds, 0 added holes, 0 changed sides, 0 changed coefficients
 0 implications, 0 cliques, 0 implied integral variables (0 bin, 0 int, 0 cont)
presolved problem has 160 variables (120 bin, 0 int, 40 cont) and 5360 constraints
   5360 constraints of type <linear>
Presolving Time: 1.09

 time | node  | left  |LP iter|LP it/n|mem/heur|mdpt |vars |cons |rows |cuts |sepa|confs|strbr|  dualbound   | primalbound  |  gap   | compl. 
t 1.1s|     1 |     0 |     0 |     - | trivial|   0 | 160 |5360 |   0 |   0 |  0 |   0 |   0 | 3.240000e+02 |-2.324000e+03 |    Inf | unknown
p 1.4s|     1 |     0 |    39 |     - |   locks|   0 | 160 |5360 |5360 |   0 |  0 |   0 |   0 | 3.240000e+02 |-7.195667e+02 |    Inf | unknown
  1.6s|     1 |     0 |   607 |     - |   329M |   0 | 160 |5360 |5360 |   0 |  0 |   0 |   0 |-4.510495e+02 |-7.195667e+02 |  59.53%| unknown
r 1.7s|     1 |     0 |   607 |     - |shifting|   0 | 160 |5360 |5360 |   0 |  0 |   0 |   0 |-4.510495e+02 |-4.908631e+02 |   8.83%| unknown
  1.7s|     1 |     0 |   614 |     - |   330M |   0 | 160 |5360 |5362 |   2 |  1 |   0 |   0 |-4.510606e+02 |-4.908631e+02 |   8.82%| unknown
r 1.8s|     1 |     0 |   614 |     - |shifting|   0 | 160 |5360 |5362 |   2 |  1 |   0 |   0 |-4.510606e+02 |-4.881352e+02 |   8.22%| unknown
  1.9s|     1 |     0 |   623 |     - |   330M |   0 | 160 |5360 |5364 |   4 |  2 |   0 |   0 |-4.510693e+02 |-4.881352e+02 |   8.22%| unknown
  2.0s|     1 |     0 |   627 |     - |   331M |   0 | 160 |5360 |5366 |   6 |  3 |   0 |   0 |-4.510814e+02 |-4.881352e+02 |   8.21%| unknown
  2.1s|     1 |     0 |   637 |     - |   331M |   0 | 160 |5360 |5367 |   7 |  4 |   0 |   0 |-4.510872e+02 |-4.881352e+02 |   8.21%| unknown
  2.2s|     1 |     0 |   644 |     - |   332M |   0 | 160 |5360 |5369 |   9 |  5 |   0 |   0 |-4.510953e+02 |-4.881352e+02 |   8.21%| unknown
  2.4s|     1 |     0 |   648 |     - |   333M |   0 | 160 |5360 |5371 |  11 |  6 |   0 |   0 |-4.511002e+02 |-4.881352e+02 |   8.21%| unknown
  2.5s|     1 |     0 |   664 |     - |   333M |   0 | 160 |5360 |5373 |  13 |  7 |   0 |   0 |-4.511084e+02 |-4.881352e+02 |   8.21%| unknown
  2.6s|     1 |     0 |   677 |     - |   334M |   0 | 160 |5360 |5376 |  16 |  8 |   0 |   0 |-4.511168e+02 |-4.881352e+02 |   8.21%| unknown
  2.8s|     1 |     0 |   701 |     - |   334M |   0 | 160 |5360 |5378 |  18 |  9 |   0 |   0 |-4.511335e+02 |-4.881352e+02 |   8.20%| unknown
  2.9s|     1 |     0 |   707 |     - |   335M |   0 | 160 |5360 |5380 |  20 | 10 |   0 |   0 |-4.511362e+02 |-4.881352e+02 |   8.20%| unknown
 time | node  | left  |LP iter|LP it/n|mem/heur|mdpt |vars |cons |rows |cuts |sepa|confs|strbr|  dualbound   | primalbound  |  gap   | compl. 
  3.0s|     1 |     0 |   724 |     - |   335M |   0 | 160 |5360 |5382 |  22 | 11 |   0 |   0 |-4.511481e+02 |-4.881352e+02 |   8.20%| unknown
r 3.1s|     1 |     0 |   819 |     - |intshift|   0 | 160 |5360 |5382 |  22 | 11 |   0 |   0 |-4.511481e+02 |-4.632000e+02 |   2.67%| unknown
d 3.2s|     1 |     0 |  1134 |     - |farkasdi|   0 | 160 |5360 |5382 |   0 | 11 |   0 |   0 |-4.511481e+02 |-4.528500e+02 |   0.38%| unknown
L 3.6s|     1 |     0 |  1134 |     - |    rens|   0 | 160 |5360 |5382 |  22 | 11 |   0 |   0 |-4.511481e+02 |-4.514167e+02 |   0.06%| unknown
  3.6s|     1 |     0 |  1134 |     - |   335M |   0 | 160 |5360 |5382 |  22 | 11 |   0 |   0 |-4.511481e+02 |-4.514167e+02 |   0.06%| unknown
  3.8s|     1 |     0 |  1134 |     - |   336M |   0 | 160 |5360 |5014 |  22 | 11 |   0 |   0 |-4.511481e+02 |-4.514167e+02 |   0.06%| unknown
  3.8s|     1 |     0 |  1148 |     - |   336M |   0 | 160 |5360 |5016 |  24 | 12 |   0 |   0 |-4.511556e+02 |-4.514167e+02 |   0.06%| unknown
  3.9s|     1 |     0 |  1152 |     - |   336M |   0 | 160 |5360 |5017 |  25 | 13 |   0 |   0 |-4.511587e+02 |-4.514167e+02 |   0.06%| unknown
  4.0s|     1 |     0 |  1152 |     - |   336M |   0 | 160 |4352 |5017 |  25 | 13 |   0 |   0 |-4.511587e+02 |-4.514167e+02 |   0.06%| unknown
(run 1, node 1) restarting after 83 global fixings of integer variables

(restart) converted 25 cuts from the global cut pool into linear constraints

presolving:
(round 1, fast)       83 del vars, 0 del conss, 0 add conss, 0 chg bounds, 340 chg sides, 481 chg coeffs, 0 upgd conss, 0 impls, 89 clqs, 0 implints
(round 2, fast)       83 del vars, 0 del conss, 0 add conss, 40 chg bounds, 340 chg sides, 481 chg coeffs, 0 upgd conss, 0 impls, 89 clqs, 0 implints
   (4.1s) running MILP presolver
   (4.2s) MILP presolver (3 rounds): 0 aggregations, 0 fixings, 39 bound changes
(round 3, medium)     83 del vars, 0 del conss, 0 add conss, 79 chg bounds, 340 chg sides, 481 chg coeffs, 0 upgd conss, 0 impls, 89 clqs, 0 implints
(round 4, fast)       83 del vars, 20 del conss, 0 add conss, 79 chg bounds, 476 chg sides, 777 chg coeffs, 0 upgd conss, 0 impls, 89 clqs, 0 implints
(round 5, exhaustive) 83 del vars, 20 del conss, 0 add conss, 79 chg bounds, 476 chg sides, 777 chg coeffs, 89 upgd conss, 0 impls, 89 clqs, 0 implints
presolving (6 rounds: 6 fast, 3 medium, 2 exhaustive):
 83 deleted vars, 20 deleted constraints, 0 added constraints, 79 tightened bounds, 0 added holes, 476 changed sides, 777 changed coefficients
 0 implications, 89 cliques, 0 implied integral variables (0 bin, 0 int, 0 cont)
presolved problem has 77 variables (37 bin, 0 int, 40 cont) and 4357 constraints
     89 constraints of type <setppc>
   4268 constraints of type <linear>
Presolving Time: 1.36
transformed 17/21 original solutions to the transformed problem space

 time | node  | left  |LP iter|LP it/n|mem/heur|mdpt |vars |cons |rows |cuts |sepa|confs|strbr|  dualbound   | primalbound  |  gap   | compl. 
  4.6s|     1 |     0 |  1583 |     - |   353M |   0 |  77 |4360 |4357 |   0 |  0 |   2 |   0 |-4.511587e+02 |-4.514167e+02 |   0.06%| unknown
  4.7s|     1 |     0 |  1583 |     - |   353M |   0 |  77 |4360 |4303 |   0 |  0 |   2 |   0 |-4.511587e+02 |-4.514167e+02 |   0.06%| unknown
  4.7s|     1 |     0 |  1596 |     - |   353M |   0 |  77 |4335 |4270 |   1 |  1 |   2 |   0 |-4.511662e+02 |-4.514167e+02 |   0.06%| unknown
  4.8s|     1 |     0 |  1607 |     - |   354M |   0 |  77 |4319 |4272 |   3 |  2 |   2 |   0 |-4.511781e+02 |-4.514167e+02 |   0.05%| unknown
  4.8s|     1 |     0 |  1620 |     - |   354M |   0 |  77 |4319 |4274 |   5 |  3 |   2 |   0 |-4.511802e+02 |-4.514167e+02 |   0.05%| unknown
  4.9s|     1 |     0 |  1629 |     - |   354M |   0 |  77 |4319 |4275 |   6 |  4 |   2 |   0 |-4.511814e+02 |-4.514167e+02 |   0.05%| unknown
  5.0s|     1 |     0 |  1650 |     - |   355M |   0 |  77 |4319 |4277 |   8 |  5 |   2 |   0 |-4.511840e+02 |-4.514167e+02 |   0.05%| unknown
  5.1s|     1 |     0 |  1662 |     - |   355M |   0 |  77 |4319 |4278 |   9 |  6 |   2 |   0 |-4.511856e+02 |-4.514167e+02 |   0.05%| unknown
  5.1s|     1 |     0 |  1681 |     - |   356M |   0 |  77 |4319 |4280 |  11 |  7 |   2 |   0 |-4.511967e+02 |-4.514167e+02 |   0.05%| unknown
  5.2s|     1 |     0 |  1697 |     - |   356M |   0 |  77 |4319 |4282 |  13 |  8 |   2 |   0 |-4.512059e+02 |-4.514167e+02 |   0.05%| unknown
  5.3s|     1 |     0 |  1703 |     - |   357M |   0 |  77 |4319 |4284 |  15 |  9 |   2 |   0 |-4.512074e+02 |-4.514167e+02 |   0.05%| unknown
  5.4s|     1 |     0 |  1714 |     - |   357M |   0 |  77 |4319 |4281 |  17 | 10 |   2 |   0 |-4.512091e+02 |-4.514167e+02 |   0.05%| unknown
  5.4s|     1 |     0 |  1723 |     - |   358M |   0 |  77 |4319 |4282 |  18 | 11 |   2 |   0 |-4.512102e+02 |-4.514167e+02 |   0.05%| unknown
  5.5s|     1 |     0 |  1723 |     - |   358M |   0 |  77 |4104 |4282 |  18 | 11 |   2 |   0 |-4.512102e+02 |-4.514167e+02 |   0.05%| unknown
  5.5s|     1 |     0 |  1727 |     - |   358M |   0 |  77 |4104 |4283 |  19 | 12 |   2 |   0 |-4.512119e+02 |-4.514167e+02 |   0.05%| unknown
 time | node  | left  |LP iter|LP it/n|mem/heur|mdpt |vars |cons |rows |cuts |sepa|confs|strbr|  dualbound   | primalbound  |  gap   | compl. 
  5.6s|     1 |     0 |  1728 |     - |   358M |   0 |  77 |4104 |4284 |  20 | 13 |   2 |   0 |-4.512122e+02 |-4.514167e+02 |   0.05%| unknown
  5.7s|     1 |     0 |  1730 |     - |   358M |   0 |  77 |4104 |4285 |  21 | 14 |   2 |   0 |-4.512125e+02 |-4.514167e+02 |   0.05%| unknown
  5.8s|     1 |     0 |  1818 |     - |   358M |   0 |  77 |4106 |4285 |  21 | 15 |   5 |   0 |-4.514167e+02 |-4.514167e+02 |   0.00%| unknown

SCIP Status        : problem is solved [optimal solution found]
Solving Time (sec) : 5.75
Solving Nodes      : 1 (total of 2 nodes in 2 runs)
Primal Bound       : -4.51416666666667e+02 (36 solutions)
Dual Bound         : -4.51416666666667e+02
Gap                : 0.00 %
feasible solution found by trivial heuristic after 0.0 seconds, objective value 0.000000e+00
presolving:
   (0.0s) symmetry computation started: requiring (bin +, int +, cont +), (fixed: bin -, int -, cont -)
   (0.0s) symmetry computation finished: 39 generators found (max: 1500, log10 of symmetry group size: 47.91) (symcode time: 0.00)
dynamic symmetry handling statistics:
   orbitopal reduction:       no components
   orbital reduction:         no components
   lexicographic reduction:   no permutations
handled 1 out of 1 symmetry components
presolving (0 rounds: 0 fast, 0 medium, 0 exhaustive):
 0 deleted vars, 0 deleted constraints, 0 added constraints, 0 tightened bounds, 0 added holes, 0 changed sides, 0 changed coefficients
 0 implications, 0 cliques, 0 implied integral variables (0 bin, 0 int, 0 cont)
presolved problem has 160 variables (120 bin, 0 int, 40 cont) and 1159 constraints
   1159 constraints of type <linear>
Presolving Time: 0.00
transformed 2/2 original solutions to the transformed problem space

 time | node  | left  |LP iter|LP it/n|mem/heur|mdpt |vars |cons |rows |cuts |sepa|confs|strbr|  dualbound   | primalbound  |  gap   | compl. 
t 0.0s|     1 |     0 |     0 |     - | trivial|   0 | 160 |1120 |   0 |   0 |  0 |   0 |   0 | 3.240000e+02 | 7.600000e+01 | 326.32%| unknown
i 0.0s|     1 |     0 |     0 |     - |  oneopt|   0 | 160 |1120 |1120 |   0 |  0 |   0 |   0 | 3.240000e+02 | 1.760000e+02 |  84.09%| unknown
* 0.0s|     1 |     0 |    18 |     - |    LP  |   0 | 160 |1120 |1120 |   0 |  0 |   0 |   0 | 3.040000e+02 | 3.040000e+02 |   0.00%| unknown
  0.0s|     1 |     0 |    18 |     - |  6387k |   0 | 160 |1120 |1120 |   0 |  0 |   0 |   0 | 3.040000e+02 | 3.040000e+02 |   0.00%| unknown

SCIP Status        : problem is solved [optimal solution found]
Solving Time (sec) : 0.01
Solving Nodes      : 1
Primal Bound       : +3.04000000000000e+02 (5 solutions)
Dual Bound         : +3.04000000000000e+02
Gap                : 0.00 %
  [linear] <c1121>: <x121>[C] (+0) +0.670833333<x1>[B] (+0) +0.670833333<x2>[B] (+0) +0.670833333<x3>[B] (+0) -0.670833333<x4>[B] (+0) +0.670833333<x5>[B] (+0) +0.670833333<x6>[B] (+0) +0.670833333<x7>[B] (+0) +0.670833333<x8>[B] (+0) -0.670833333<x9>[B] (+0) +0.670833333<x10>[B] (+0) -0.670833333<x11>[B] (+0) +0.670833333<x12>[B] (+0) +0.670833333<x13>[B] (+0) +0.670833333<x14>[B] (+0) -0.670833333<x15>[B] (+1) +0.670833333<x16>[B] (+0) +0.670833333<x17>[B] (+0) -0.670833333<x18>[B] (+0) +0.670833333<x19>[B] (+0) -0.670833333<x20>[B] (+0) +0.670833333<x21>[B] (+0) +0.670833333<x22>[B] (+0) -0.670833333<x23>[B] (+0) +0.670833333<x24>[B] (+1) -0.670833333<x25>[B] (+0) +0.670833333<x26>[B] (+0) +0.670833333<x27>[B] (+0) -0.670833333<x28>[B] (+0) -0.670833333<x29>[B] (+1) +0.670833333<x30>[B] (+0) -0.670833333<x31>[B] (+1) +0.670833333<x32>[B] (+1) -0.670833333<x33>[B] (+1) -0.670833333<x34>[B] (+1) +0.670833333<x35>[B] (+0) -0.670833333<x36>[B] (+0) -0.670833333<x37>[B] (+1) -0.670833333<x38>[B] (+0) +0.670833333<x39>[B] (+0) +0.670833333<x40>[B] (+1) -0.670833333<x41>[B] (+1) -0.670833333<x42>[B] (+1) -0.670833333<x43>[B] (+1) -0.670833333<x44>[B] (+1) -0.670833333<x45>[B] (+1) -0.670833333<x46>[B] (+1) -0.670833333<x47>[B] (+0) -0.670833333<x48>[B] (+0) -0.670833333<x49>[B] (+1) -0.670833333<x50>[B] (+1) -0.670833333<x51>[B] (+1) -0.670833333<x52>[B] (+1) -0.670833333<x53>[B] (+1) -0.670833333<x54>[B] (+1) +0.670833333<x55>[B] (+0) +0.670833333<x56>[B] (+1) +0.670833333<x57>[B] (+1) +0.670833333<x58>[B] (+0) +0.670833333<x59>[B] (+0) +0.670833333<x60>[B] (+1) -0.670833333<x61>[B] (+0) +0.670833333<x62>[B] (+0) +0.670833333<x63>[B] (+0) +0.670833333<x64>[B] (+1) -0.670833333<x65>[B] (+1) -0.670833333<x66>[B] (+1) -0.670833333<x67>[B] (+1) -0.670833333<x68>[B] (+0) -0.670833333<x69>[B] (+0) -0.670833333<x70>[B] (+1) -0.670833333<x71>[B] (+0) -0.670833333<x72>[B] (+0) -0.670833333<x73>[B] (+1) -0.670833333<x74>[B] (+1) -0.670833333<x75>[B] (+1) +0.670833333<x76>[B] (+0) +0.670833333<x77>[B] (+0) -0.670833333<x78>[B] (+0) +0.670833333<x79>[B] (+1) -0.670833333<x80>[B] (+0) +0.670833333<x81>[B] (+0) +0.670833333<x82>[B] (+0) -0.670833333<x83>[B] (+1) -0.670833333<x84>[B] (+1) +0.670833333<x85>[B] (+0) -0.670833333<x86>[B] (+0) -0.670833333<x87>[B] (+1) -0.670833333<x88>[B] (+0) +0.670833333<x89>[B] (+0) +0.670833333<x90>[B] (+0) -0.670833333<x91>[B] (+1) -0.670833333<x92>[B] (+1) -0.670833333<x93>[B] (+0) -0.670833333<x94>[B] (+1) -0.670833333<x95>[B] (+1) -0.670833333<x96>[B] (+1) -0.670833333<x97>[B] (+1) -0.670833333<x98>[B] (+1) -0.670833333<x99>[B] (+1) +0.670833333<x100>[B] (+1) -0.670833333<x101>[B] (+1) +0.670833333<x102>[B] (+1) +0.670833333<x103>[B] (+1) +0.670833333<x104>[B] (+1) -0.670833333<x105>[B] (+1) -0.670833333<x106>[B] (+0) +0.670833333<x107>[B] (+0) +0.670833333<x108>[B] (+0) -0.670833333<x109>[B] (+0) -0.670833333<x110>[B] (+1) +0.670833333<x111>[B] (+1) +0.670833333<x112>[B] (+1) +0.670833333<x113>[B] (+1) -0.670833333<x114>[B] (+1) -0.670833333<x115>[B] (+1) -0.670833333<x116>[B] (+1) -0.670833333<x117>[B] (+1) -0.670833333<x118>[B] (+1) -0.670833333<x119>[B] (+1) -0.670833333<x120>[B] (+1) >= 6.54166666666666;
;
violation: left hand side is violated by 27.3375
  [linear] <c1121>: <x121>[C] (+0) +0.670833333<x1>[B] (+1) +0.670833333<x2>[B] (+0) +0.670833333<x3>[B] (+0) -0.670833333<x4>[B] (+1) +0.670833333<x5>[B] (+1) +0.670833333<x6>[B] (+1) +0.670833333<x7>[B] (+1) +0.670833333<x8>[B] (+0) -0.670833333<x9>[B] (+1) +0.670833333<x10>[B] (+1) -0.670833333<x11>[B] (+1) +0.670833333<x12>[B] (+1) +0.670833333<x13>[B] (+1) +0.670833333<x14>[B] (+1) -0.670833333<x15>[B] (+1) +0.670833333<x16>[B] (+0) +0.670833333<x17>[B] (+0) -0.670833333<x18>[B] (+0) +0.670833333<x19>[B] (+0) -0.670833333<x20>[B] (+1) +0.670833333<x21>[B] (+1) +0.670833333<x22>[B] (+0) -0.670833333<x23>[B] (+1) +0.670833333<x24>[B] (+1) -0.670833333<x25>[B] (+1) +0.670833333<x26>[B] (+1) +0.670833333<x27>[B] (+1) -0.670833333<x28>[B] (+1) -0.670833333<x29>[B] (+1) +0.670833333<x30>[B] (+1) -0.670833333<x31>[B] (+1) +0.670833333<x32>[B] (+1) -0.670833333<x33>[B] (+1) -0.670833333<x34>[B] (+1) +0.670833333<x35>[B] (+0) -0.670833333<x36>[B] (+1) -0.670833333<x37>[B] (+1) -0.670833333<x38>[B] (+1) +0.670833333<x39>[B] (+1) +0.670833333<x40>[B] (+1) -0.670833333<x41>[B] (+1) -0.670833333<x42>[B] (+1) -0.670833333<x43>[B] (+1) -0.670833333<x44>[B] (+1) -0.670833333<x45>[B] (+1) -0.670833333<x46>[B] (+1) -0.670833333<x47>[B] (+0) -0.670833333<x48>[B] (+1) -0.670833333<x49>[B] (+1) -0.670833333<x50>[B] (+1) -0.670833333<x51>[B] (+1) -0.670833333<x52>[B] (+1) -0.670833333<x53>[B] (+1) -0.670833333<x54>[B] (+1) +0.670833333<x55>[B] (+0) +0.670833333<x56>[B] (+1) +0.670833333<x57>[B] (+1) +0.670833333<x58>[B] (+0) +0.670833333<x59>[B] (+1) +0.670833333<x60>[B] (+1) -0.670833333<x61>[B] (+1) +0.670833333<x62>[B] (+1) +0.670833333<x63>[B] (+1) +0.670833333<x64>[B] (+1) -0.670833333<x65>[B] (+1) -0.670833333<x66>[B] (+1) -0.670833333<x67>[B] (+1) -0.670833333<x68>[B] (+0) -0.670833333<x69>[B] (+1) -0.670833333<x70>[B] (+1) -0.670833333<x71>[B] (+1) -0.670833333<x72>[B] (+1) -0.670833333<x73>[B] (+1) -0.670833333<x74>[B] (+1) -0.670833333<x75>[B] (+1) +0.670833333<x76>[B] (+0) +0.670833333<x77>[B] (+0) -0.670833333<x78>[B] (+0) +0.670833333<x79>[B] (+1) -0.670833333<x80>[B] (+1) +0.670833333<x81>[B] (+1) +0.670833333<x82>[B] (+1) -0.670833333<x83>[B] (+1) -0.670833333<x84>[B] (+1) +0.670833333<x85>[B] (+0) -0.670833333<x86>[B] (+1) -0.670833333<x87>[B] (+1) -0.670833333<x88>[B] (+1) +0.670833333<x89>[B] (+1) +0.670833333<x90>[B] (+1) -0.670833333<x91>[B] (+1) -0.670833333<x92>[B] (+1) -0.670833333<x93>[B] (+1) -0.670833333<x94>[B] (+1) -0.670833333<x95>[B] (+1) -0.670833333<x96>[B] (+1) -0.670833333<x97>[B] (+1) -0.670833333<x98>[B] (+1) -0.670833333<x99>[B] (+1) +0.670833333<x100>[B] (+1) -0.670833333<x101>[B] (+1) +0.670833333<x102>[B] (+1) +0.670833333<x103>[B] (+1) +0.670833333<x104>[B] (+1) -0.670833333<x105>[B] (+1) -0.670833333<x106>[B] (+1) +0.670833333<x107>[B] (+1) +0.670833333<x108>[B] (+1) -0.670833333<x109>[B] (+1) -0.670833333<x110>[B] (+1) +0.670833333<x111>[B] (+1) +0.670833333<x112>[B] (+1) +0.670833333<x113>[B] (+1) -0.670833333<x114>[B] (+1) -0.670833333<x115>[B] (+1) -0.670833333<x116>[B] (+1) -0.670833333<x117>[B] (+1) -0.670833333<x118>[B] (+1) -0.670833333<x119>[B] (+1) -0.670833333<x120>[B] (+1) >= 6.54166666666666;
;
violation: left hand side is violated by 25.9958333333333
  [linear] <c1121>: <x121>[C] (+0) +0.670833333<x1>[B] (+1) +0.670833333<x2>[B] (+1) +0.670833333<x3>[B] (+1) -0.670833333<x4>[B] (+1) +0.670833333<x5>[B] (+1) +0.670833333<x6>[B] (+1) +0.670833333<x7>[B] (+1) +0.670833333<x8>[B] (+1) -0.670833333<x9>[B] (+1) +0.670833333<x10>[B] (+1) -0.670833333<x11>[B] (+1) +0.670833333<x12>[B] (+1) +0.670833333<x13>[B] (+1) +0.670833333<x14>[B] (+1) -0.670833333<x15>[B] (+1) +0.670833333<x16>[B] (+1) +0.670833333<x17>[B] (+1) -0.670833333<x18>[B] (+1) +0.670833333<x19>[B] (+1) -0.670833333<x20>[B] (+1) +0.670833333<x21>[B] (+1) +0.670833333<x22>[B] (+1) -0.670833333<x23>[B] (+1) +0.670833333<x24>[B] (+1) -0.670833333<x25>[B] (+1) +0.670833333<x26>[B] (+1) +0.670833333<x27>[B] (+1) -0.670833333<x28>[B] (+1) -0.670833333<x29>[B] (+1) +0.670833333<x30>[B] (+1) -0.670833333<x31>[B] (+1) +0.670833333<x32>[B] (+1) -0.670833333<x33>[B] (+1) -0.670833333<x34>[B] (+1) +0.670833333<x35>[B] (+1) -0.670833333<x36>[B] (+1) -0.670833333<x37>[B] (+1) -0.670833333<x38>[B] (+1) +0.670833333<x39>[B] (+1) +0.670833333<x40>[B] (+1) -0.670833333<x41>[B] (+1) -0.670833333<x42>[B] (+1) -0.670833333<x43>[B] (+1) -0.670833333<x44>[B] (+1) -0.670833333<x45>[B] (+1) -0.670833333<x46>[B] (+1) -0.670833333<x47>[B] (+1) -0.670833333<x48>[B] (+1) -0.670833333<x49>[B] (+1) -0.670833333<x50>[B] (+1) -0.670833333<x51>[B] (+1) -0.670833333<x52>[B] (+1) -0.670833333<x53>[B] (+1) -0.670833333<x54>[B] (+1) +0.670833333<x55>[B] (+1) +0.670833333<x56>[B] (+1) +0.670833333<x57>[B] (+1) +0.670833333<x58>[B] (+1) +0.670833333<x59>[B] (+1) +0.670833333<x60>[B] (+1) -0.670833333<x61>[B] (+1) +0.670833333<x62>[B] (+1) +0.670833333<x63>[B] (+1) +0.670833333<x64>[B] (+1) -0.670833333<x65>[B] (+1) -0.670833333<x66>[B] (+1) -0.670833333<x67>[B] (+1) -0.670833333<x68>[B] (+1) -0.670833333<x69>[B] (+1) -0.670833333<x70>[B] (+1) -0.670833333<x71>[B] (+1) -0.670833333<x72>[B] (+1) -0.670833333<x73>[B] (+1) -0.670833333<x74>[B] (+1) -0.670833333<x75>[B] (+1) +0.670833333<x76>[B] (+1) +0.670833333<x77>[B] (+1) -0.670833333<x78>[B] (+1) +0.670833333<x79>[B] (+1) -0.670833333<x80>[B] (+1) +0.670833333<x81>[B] (+1) +0.670833333<x82>[B] (+1) -0.670833333<x83>[B] (+1) -0.670833333<x84>[B] (+1) +0.670833333<x85>[B] (+1) -0.670833333<x86>[B] (+1) -0.670833333<x87>[B] (+1) -0.670833333<x88>[B] (+1) +0.670833333<x89>[B] (+1) +0.670833333<x90>[B] (+1) -0.670833333<x91>[B] (+1) -0.670833333<x92>[B] (+1) -0.670833333<x93>[B] (+1) -0.670833333<x94>[B] (+1) -0.670833333<x95>[B] (+1) -0.670833333<x96>[B] (+1) -0.670833333<x97>[B] (+1) -0.670833333<x98>[B] (+1) -0.670833333<x99>[B] (+1) +0.670833333<x100>[B] (+1) -0.670833333<x101>[B] (+1) +0.670833333<x102>[B] (+1) +0.670833333<x103>[B] (+1) +0.670833333<x104>[B] (+1) -0.670833333<x105>[B] (+1) -0.670833333<x106>[B] (+1) +0.670833333<x107>[B] (+1) +0.670833333<x108>[B] (+1) -0.670833333<x109>[B] (+1) -0.670833333<x110>[B] (+1) +0.670833333<x111>[B] (+1) +0.670833333<x112>[B] (+1) +0.670833333<x113>[B] (+1) -0.670833333<x114>[B] (+1) -0.670833333<x115>[B] (+1) -0.670833333<x116>[B] (+1) -0.670833333<x117>[B] (+1) -0.670833333<x118>[B] (+1) -0.670833333<x119>[B] (+1) -0.670833333<x120>[B] (+1) >= 6.54166666666666;
;
violation: left hand side is violated by 19.9583333333333
  [linear] <c1121>: <x121>[C] (+0) +0.670833333<x1>[B] (+0) +0.670833333<x2>[B] (+0) +0.670833333<x3>[B] (+0) -0.670833333<x4>[B] (+0) +0.670833333<x5>[B] (+0) +0.670833333<x6>[B] (+0) +0.670833333<x7>[B] (+0) +0.670833333<x8>[B] (+0) -0.670833333<x9>[B] (+0) +0.670833333<x10>[B] (+0) -0.670833333<x11>[B] (+0) +0.670833333<x12>[B] (+0) +0.670833333<x13>[B] (+0) +0.670833333<x14>[B] (+0) -0.670833333<x15>[B] (+0) +0.670833333<x16>[B] (+0) +0.670833333<x17>[B] (+0) -0.670833333<x18>[B] (+0) +0.670833333<x19>[B] (+0) -0.670833333<x20>[B] (+0) +0.670833333<x21>[B] (+0) +0.670833333<x22>[B] (+0) -0.670833333<x23>[B] (+0) +0.670833333<x24>[B] (+0) -0.670833333<x25>[B] (+0) +0.670833333<x26>[B] (+0) +0.670833333<x27>[B] (+0) -0.670833333<x28>[B] (+0) -0.670833333<x29>[B] (+0) +0.670833333<x30>[B] (+0) -0.670833333<x31>[B] (+0) +0.670833333<x32>[B] (+0) -0.670833333<x33>[B] (+0) -0.670833333<x34>[B] (+0) +0.670833333<x35>[B] (+0) -0.670833333<x36>[B] (+0) -0.670833333<x37>[B] (+0) -0.670833333<x38>[B] (+0) +0.670833333<x39>[B] (+0) +0.670833333<x40>[B] (+0) -0.670833333<x41>[B] (+0) -0.670833333<x42>[B] (+0) -0.670833333<x43>[B] (+0) -0.670833333<x44>[B] (+0) -0.670833333<x45>[B] (+0) -0.670833333<x46>[B] (+0) -0.670833333<x47>[B] (+0) -0.670833333<x48>[B] (+0) -0.670833333<x49>[B] (+0) -0.670833333<x50>[B] (+0) -0.670833333<x51>[B] (+0) -0.670833333<x52>[B] (+0) -0.670833333<x53>[B] (+0) -0.670833333<x54>[B] (+0) +0.670833333<x55>[B] (+0) +0.670833333<x56>[B] (+0) +0.670833333<x57>[B] (+0) +0.670833333<x58>[B] (+0) +0.670833333<x59>[B] (+0) +0.670833333<x60>[B] (+0) -0.670833333<x61>[B] (+0) +0.670833333<x62>[B] (+0) +0.670833333<x63>[B] (+0) +0.670833333<x64>[B] (+0) -0.670833333<x65>[B] (+0) -0.670833333<x66>[B] (+0) -0.670833333<x67>[B] (+0) -0.670833333<x68>[B] (+0) -0.670833333<x69>[B] (+0) -0.670833333<x70>[B] (+0) -0.670833333<x71>[B] (+0) -0.670833333<x72>[B] (+0) -0.670833333<x73>[B] (+0) -0.670833333<x74>[B] (+0) -0.670833333<x75>[B] (+0) +0.670833333<x76>[B] (+0) +0.670833333<x77>[B] (+0) -0.670833333<x78>[B] (+0) +0.670833333<x79>[B] (+0) -0.670833333<x80>[B] (+0) +0.670833333<x81>[B] (+0) +0.670833333<x82>[B] (+0) -0.670833333<x83>[B] (+0) -0.670833333<x84>[B] (+0) +0.670833333<x85>[B] (+0) -0.670833333<x86>[B] (+0) -0.670833333<x87>[B] (+0) -0.670833333<x88>[B] (+0) +0.670833333<x89>[B] (+0) +0.670833333<x90>[B] (+0) -0.670833333<x91>[B] (+0) -0.670833333<x92>[B] (+0) -0.670833333<x93>[B] (+0) -0.670833333<x94>[B] (+0) -0.670833333<x95>[B] (+0) -0.670833333<x96>[B] (+0) -0.670833333<x97>[B] (+0) -0.670833333<x98>[B] (+0) -0.670833333<x99>[B] (+0) +0.670833333<x100>[B] (+0) -0.670833333<x101>[B] (+0) +0.670833333<x102>[B] (+0) +0.670833333<x103>[B] (+0) +0.670833333<x104>[B] (+0) -0.670833333<x105>[B] (+0) -0.670833333<x106>[B] (+0) +0.670833333<x107>[B] (+0) +0.670833333<x108>[B] (+0) -0.670833333<x109>[B] (+0) -0.670833333<x110>[B] (+0) +0.670833333<x111>[B] (+0) +0.670833333<x112>[B] (+0) +0.670833333<x113>[B] (+0) -0.670833333<x114>[B] (+0) -0.670833333<x115>[B] (+0) -0.670833333<x116>[B] (+0) -0.670833333<x117>[B] (+0) -0.670833333<x118>[B] (+0) -0.670833333<x119>[B] (+0) -0.670833333<x120>[B] (+0) >= 6.54166666666666;
;
violation: left hand side is violated by 6.54166666666666
1/5 feasible solution given by solution candidate storage, new primal bound -3.999924e+06

presolving:
   (0.0s) symmetry computation started: requiring (bin +, int +, cont +), (fixed: bin -, int -, cont -)
   (0.0s) no symmetry present (symcode time: 0.00)
presolving (0 rounds: 0 fast, 0 medium, 0 exhaustive):
 0 deleted vars, 0 deleted constraints, 0 added constraints, 0 tightened bounds, 0 added holes, 0 changed sides, 0 changed coefficients
 0 implications, 0 cliques, 0 implied integral variables (0 bin, 0 int, 0 cont)
presolved problem has 160 variables (120 bin, 0 int, 40 cont) and 1160 constraints
   1160 constraints of type <linear>
Presolving Time: 0.00
transformed 1/1 original solutions to the transformed problem space

 time | node  | left  |LP iter|LP it/n|mem/heur|mdpt |vars |cons |rows |cuts |sepa|confs|strbr|  dualbound   | primalbound  |  gap   | compl. 
p 0.0s|     1 |     0 |     8 |     - |   locks|   0 | 160 |1160 |1160 |   0 |  0 |   0 |   0 | 3.240000e+02 |-6.228958e+02 |    Inf | unknown
* 0.0s|     1 |     0 |   204 |     - |    LP  |   0 | 160 |1160 |1160 |   0 |  0 |   0 |   0 |-4.460250e+02 |-4.460250e+02 |   0.00%| unknown
  0.0s|     1 |     0 |   204 |     - |  8598k |   0 | 160 |1160 |1160 |   0 |  0 |   0 |   0 |-4.460250e+02 |-4.460250e+02 |   0.00%| unknown

SCIP Status        : problem is solved [optimal solution found]
Solving Time (sec) : 0.01
Solving Nodes      : 1
Primal Bound       : -4.46025000000000e+02 (4 solutions)
Dual Bound         : -4.46025000000000e+02
Gap                : 0.00 %
  [linear] <c1161>: <x121>[C] (+25.325) +0.645833333<x1>[B] (+0) +0.645833333<x2>[B] (+0) +0.645833333<x3>[B] (+0) -0.645833333<x4>[B] (+0) +0.645833333<x5>[B] (+0) +0.645833333<x6>[B] (+0) +0.645833333<x7>[B] (+0) +0.645833333<x8>[B] (+0) -0.645833333<x9>[B] (+0) +0.645833333<x10>[B] (+0) -0.645833333<x11>[B] (+0) +0.645833333<x12>[B] (+0) +0.645833333<x13>[B] (+0) +0.645833333<x14>[B] (+0) -0.645833333<x15>[B] (+1) +0.645833333<x16>[B] (+0) +0.645833333<x17>[B] (+1) -0.645833333<x18>[B] (+1) +0.645833333<x19>[B] (+1) -0.645833333<x20>[B] (+1) +0.645833333<x21>[B] (+1) +0.645833333<x22>[B] (+0) -0.645833333<x23>[B] (+0) +0.645833333<x24>[B] (+1) -0.645833333<x25>[B] (+1) +0.645833333<x26>[B] (+1) +0.645833333<x27>[B] (+0) -0.645833333<x28>[B] (+1) -0.645833333<x29>[B] (+1) +0.645833333<x30>[B] (+1) -0.645833333<x31>[B] (+1) +0.645833333<x32>[B] (+1) -0.645833333<x33>[B] (+1) -0.645833333<x34>[B] (+1) +0.645833333<x35>[B] (+1) -0.645833333<x36>[B] (+0) -0.645833333<x37>[B] (+1) -0.645833333<x38>[B] (+1) +0.645833333<x39>[B] (+1) +0.645833333<x40>[B] (+1) -0.645833333<x41>[B] (+1) -0.645833333<x42>[B] (+1) -0.645833333<x43>[B] (+1) -0.645833333<x44>[B] (+1) -0.645833333<x45>[B] (+1) -0.645833333<x46>[B] (+1) -0.645833333<x47>[B] (+0) -0.645833333<x48>[B] (+0) -0.645833333<x49>[B] (+1) -0.645833333<x50>[B] (+1) -0.645833333<x51>[B] (+1) -0.645833333<x52>[B] (+0) -0.645833333<x53>[B] (+1) -0.645833333<x54>[B] (+1) +0.645833333<x55>[B] (+0) +0.645833333<x56>[B] (+1) +0.645833333<x57>[B] (+0) +0.645833333<x58>[B] (+0) +0.645833333<x59>[B] (+0) +0.645833333<x60>[B] (+1) -0.645833333<x61>[B] (+0) +0.645833333<x62>[B] (+0) +0.645833333<x63>[B] (+0) +0.645833333<x64>[B] (+1) -0.645833333<x65>[B] (+1) -0.645833333<x66>[B] (+1) -0.645833333<x67>[B] (+0) -0.645833333<x68>[B] (+0) -0.645833333<x69>[B] (+0) -0.645833333<x70>[B] (+1) -0.645833333<x71>[B] (+0) -0.645833333<x72>[B] (+0) -0.645833333<x73>[B] (+0) -0.645833333<x74>[B] (+1) -0.645833333<x75>[B] (+1) +0.645833333<x76>[B] (+0) +0.645833333<x77>[B] (+0) -0.645833333<x78>[B] (+0) +0.645833333<x79>[B] (+1) -0.645833333<x80>[B] (+0) +0.645833333<x81>[B] (+0) +0.645833333<x82>[B] (+0) -0.645833333<x83>[B] (+1) -0.645833333<x84>[B] (+1) +0.645833333<x85>[B] (+0) -0.645833333<x86>[B] (+0) -0.645833333<x87>[B] (+1) -0.645833333<x88>[B] (+1) +0.645833333<x89>[B] (+1) +0.645833333<x90>[B] (+0) -0.645833333<x91>[B] (+1) -0.645833333<x92>[B] (+1) -0.645833333<x93>[B] (+0) -0.645833333<x94>[B] (+1) -0.645833333<x95>[B] (+1) -0.645833333<x96>[B] (+1) -0.645833333<x97>[B] (+1) -0.645833333<x98>[B] (+1) -0.645833333<x99>[B] (+1) +0.645833333<x100>[B] (+1) -0.645833333<x101>[B] (+1) +0.645833333<x102>[B] (+1) +0.645833333<x103>[B] (+1) +0.645833333<x104>[B] (+1) -0.645833333<x105>[B] (+1) -0.645833333<x106>[B] (+0) +0.645833333<x107>[B] (+0) +0.645833333<x108>[B] (+0) -0.645833333<x109>[B] (+1) -0.645833333<x110>[B] (+1) +0.645833333<x111>[B] (+1) +0.645833333<x112>[B] (+0) +0.645833333<x113>[B] (+1) -0.645833333<x114>[B] (+1) -0.645833333<x115>[B] (+0) -0.645833333<x116>[B] (+1) -0.645833333<x117>[B] (+1) -0.645833333<x118>[B] (+1) -0.645833333<x119>[B] (+1) -0.645833333<x120>[B] (+1) >= 7.26666666666667;
;
violation: left hand side is violated by 0.0249999999999968
  [linear] <c1161>: <x121>[C] (+0) +0.645833333<x1>[B] (+1) +0.645833333<x2>[B] (+1) +0.645833333<x3>[B] (+1) -0.645833333<x4>[B] (+1) +0.645833333<x5>[B] (+1) +0.645833333<x6>[B] (+0) +0.645833333<x7>[B] (+1) +0.645833333<x8>[B] (+1) -0.645833333<x9>[B] (+1) +0.645833333<x10>[B] (+1) -0.645833333<x11>[B] (+1) +0.645833333<x12>[B] (+1) +0.645833333<x13>[B] (+1) +0.645833333<x14>[B] (+1) -0.645833333<x15>[B] (+0) +0.645833333<x16>[B] (+1) +0.645833333<x17>[B] (+1) -0.645833333<x18>[B] (+1) +0.645833333<x19>[B] (+1) -0.645833333<x20>[B] (+0) +0.645833333<x21>[B] (+1) +0.645833333<x22>[B] (+1) -0.645833333<x23>[B] (+1) +0.645833333<x24>[B] (+1) -0.645833333<x25>[B] (+1) +0.645833333<x26>[B] (+1) +0.645833333<x27>[B] (+1) -0.645833333<x28>[B] (+1) -0.645833333<x29>[B] (+0) +0.645833333<x30>[B] (+0) -0.645833333<x31>[B] (+0) +0.645833333<x32>[B] (+0) -0.645833333<x33>[B] (+0) -0.645833333<x34>[B] (+0) +0.645833333<x35>[B] (+1) -0.645833333<x36>[B] (+1) -0.645833333<x37>[B] (+0) -0.645833333<x38>[B] (+0) +0.645833333<x39>[B] (+1) +0.645833333<x40>[B] (+0) -0.645833333<x41>[B] (+0) -0.645833333<x42>[B] (+0) -0.645833333<x43>[B] (+1) -0.645833333<x44>[B] (+1) -0.645833333<x45>[B] (+0) -0.645833333<x46>[B] (+0) -0.645833333<x47>[B] (+1) -0.645833333<x48>[B] (+1) -0.645833333<x49>[B] (+0) -0.645833333<x50>[B] (+0) -0.645833333<x51>[B] (+1) -0.645833333<x52>[B] (+1) -0.645833333<x53>[B] (+1) -0.645833333<x54>[B] (+0) +0.645833333<x55>[B] (+1) +0.645833333<x56>[B] (+0) +0.645833333<x57>[B] (+0) +0.645833333<x58>[B] (+1) +0.645833333<x59>[B] (+1) +0.645833333<x60>[B] (+0) -0.645833333<x61>[B] (+0) +0.645833333<x62>[B] (+1) +0.645833333<x63>[B] (+1) +0.645833333<x64>[B] (+1) -0.645833333<x65>[B] (+0) -0.645833333<x66>[B] (+0) -0.645833333<x67>[B] (+0) -0.645833333<x68>[B] (+1) -0.645833333<x69>[B] (+1) -0.645833333<x70>[B] (+0) -0.645833333<x71>[B] (+0) -0.645833333<x72>[B] (+1) -0.645833333<x73>[B] (+1) -0.645833333<x74>[B] (+1) -0.645833333<x75>[B] (+0) +0.645833333<x76>[B] (+1) +0.645833333<x77>[B] (+1) -0.645833333<x78>[B] (+1) +0.645833333<x79>[B] (+1) -0.645833333<x80>[B] (+1) +0.645833333<x81>[B] (+1) +0.645833333<x82>[B] (+1) -0.645833333<x83>[B] (+1) -0.645833333<x84>[B] (+0) +0.645833333<x85>[B] (+1) -0.645833333<x86>[B] (+1) -0.645833333<x87>[B] (+1) -0.645833333<x88>[B] (+0) +0.645833333<x89>[B] (+1) +0.645833333<x90>[B] (+1) -0.645833333<x91>[B] (+1) -0.645833333<x92>[B] (+0) -0.645833333<x93>[B] (+1) -0.645833333<x94>[B] (+0) -0.645833333<x95>[B] (+0) -0.645833333<x96>[B] (+0) -0.645833333<x97>[B] (+0) -0.645833333<x98>[B] (+0) -0.645833333<x99>[B] (+0) +0.645833333<x100>[B] (+0) -0.645833333<x101>[B] (+0) +0.645833333<x102>[B] (+0) +0.645833333<x103>[B] (+0) +0.645833333<x104>[B] (+0) -0.645833333<x105>[B] (+0) -0.645833333<x106>[B] (+0) +0.645833333<x107>[B] (+1) +0.645833333<x108>[B] (+1) -0.645833333<x109>[B] (+1) -0.645833333<x110>[B] (+0) +0.645833333<x111>[B] (+1) +0.645833333<x112>[B] (+1) +0.645833333<x113>[B] (+1) -0.645833333<x114>[B] (+0) -0.645833333<x115>[B] (+0) -0.645833333<x116>[B] (+0) -0.645833333<x117>[B] (+0) -0.645833333<x118>[B] (+0) -0.645833333<x119>[B] (+0) -0.645833333<x120>[B] (+0) >= 7.26666666666667;
;
violation: left hand side is violated by 0.162500000000007
2/4 feasible solutions given by solution candidate storage, new primal bound -3.999924e+06

presolving:
   (0.0s) symmetry computation started: requiring (bin +, int +, cont +), (fixed: bin -, int -, cont -)
   (0.0s) no symmetry present (symcode time: 0.00)
presolving (0 rounds: 0 fast, 0 medium, 0 exhaustive):
 0 deleted vars, 0 deleted constraints, 0 added constraints, 0 tightened bounds, 0 added holes, 0 changed sides, 0 changed coefficients
 0 implications, 0 cliques, 0 implied integral variables (0 bin, 0 int, 0 cont)
presolved problem has 160 variables (120 bin, 0 int, 40 cont) and 1196 constraints
   1196 constraints of type <linear>
Presolving Time: 0.00
transformed 2/2 original solutions to the transformed problem space

 time | node  | left  |LP iter|LP it/n|mem/heur|mdpt |vars |cons |rows |cuts |sepa|confs|strbr|  dualbound   | primalbound  |  gap   | compl. 
p 0.0s|     1 |     0 |    13 |     - |   locks|   0 | 160 |1196 |1196 |   0 |  0 |   0 |   0 | 3.240000e+02 |-6.323792e+02 |    Inf | unknown
  0.0s|     1 |     0 |   285 |     - |    10M |   0 | 160 |1196 |1196 |   0 |  0 |   0 |   0 |-4.493226e+02 |-6.323792e+02 |  40.74%| unknown
r 0.0s|     1 |     0 |   285 |     - |shifting|   0 | 160 |1196 |1196 |   0 |  0 |   0 |   0 |-4.493226e+02 |-4.842166e+02 |   7.77%| unknown
  0.0s|     1 |     0 |   311 |     - |    10M |   0 | 160 |1196 |1197 |   1 |  1 |   0 |   0 |-4.495076e+02 |-4.842166e+02 |   7.72%| unknown
  0.0s|     1 |     0 |   311 |     - |    11M |   0 | 160 |1196 |1197 |   1 |  1 |   0 |   0 |-4.495076e+02 |-4.842166e+02 |   7.72%| unknown
  0.1s|     1 |     0 |   317 |     - |    11M |   0 | 160 |1196 |1198 |   2 |  2 |   0 |   0 |-4.495173e+02 |-4.842166e+02 |   7.72%| unknown
  0.1s|     1 |     0 |   322 |     - |    11M |   0 | 160 |1196 |1199 |   3 |  3 |   0 |   0 |-4.495340e+02 |-4.842166e+02 |   7.72%| unknown
  0.1s|     1 |     0 |   323 |     - |    11M |   0 | 160 |1196 |1200 |   4 |  4 |   0 |   0 |-4.495347e+02 |-4.842166e+02 |   7.72%| unknown
  0.2s|     1 |     0 |   324 |     - |    12M |   0 | 160 |1196 |1201 |   5 |  5 |   0 |   0 |-4.495347e+02 |-4.842166e+02 |   7.72%| unknown
  0.2s|     1 |     0 |   332 |     - |    12M |   0 | 160 |1196 |1202 |   6 |  6 |   0 |   0 |-4.495349e+02 |-4.842166e+02 |   7.72%| unknown
  0.2s|     1 |     0 |   339 |     - |    12M |   0 | 160 |1196 |1203 |   7 |  7 |   0 |   0 |-4.495355e+02 |-4.842166e+02 |   7.71%| unknown
  0.3s|     1 |     0 |   351 |     - |    12M |   0 | 160 |1196 |1204 |   8 |  8 |   0 |   0 |-4.495411e+02 |-4.842166e+02 |   7.71%| unknown
  0.3s|     1 |     0 |   353 |     - |    12M |   0 | 160 |1196 |1205 |   9 |  9 |   0 |   0 |-4.495417e+02 |-4.842166e+02 |   7.71%| unknown
d 0.3s|     1 |     0 |   353 |     - |farkasdi|   0 | 160 |1196 |1205 |   0 | 10 |   0 |   0 |-4.495417e+02 |-4.495417e+02 |   0.00%| unknown
  0.3s|     1 |     0 |   353 |     - |    12M |   0 | 160 |1196 |1205 |   9 | 10 |   0 |   0 |-4.495417e+02 |-4.495417e+02 |   0.00%| unknown

SCIP Status        : problem is solved [optimal solution found]
Solving Time (sec) : 0.27
Solving Nodes      : 1
Primal Bound       : -4.49541666666667e+02 (13 solutions)
Dual Bound         : -4.49541666666667e+02
Gap                : 0.00 %
  [linear] <c1197>: <x122>[C] (+23.4291667) -0.620833333<x1>[B] (+0) +0.620833333<x2>[B] (+0) +0.620833333<x3>[B] (+0) +0.620833333<x4>[B] (+0) -0.620833333<x5>[B] (+0) +0.620833333<x6>[B] (+0) +0.620833333<x7>[B] (+0) +0.620833333<x8>[B] (+0) -0.620833333<x9>[B] (+0) -0.620833333<x10>[B] (+0) -0.620833333<x11>[B] (+0) +0.620833333<x12>[B] (+0) +0.620833333<x13>[B] (+0) +0.620833333<x14>[B] (+0) -0.620833333<x15>[B] (+1) +0.620833333<x16>[B] (+0) +0.620833333<x17>[B] (+0) +0.620833333<x18>[B] (-1.99840144e-15) +0.620833333<x19>[B] (-1.99840144e-15) +0.620833333<x20>[B] (-1.99840144e-15) +0.620833333<x21>[B] (-1.99840144e-15) +0.620833333<x22>[B] (+0) -0.620833333<x23>[B] (+0) +0.620833333<x24>[B] (+1) -0.620833333<x25>[B] (-1.99840144e-15) +0.620833333<x26>[B] (-1.99840144e-15) +0.620833333<x27>[B] (+0) +0.620833333<x28>[B] (-1.99840144e-15) -0.620833333<x29>[B] (+1) +0.620833333<x30>[B] (+1) +0.620833333<x31>[B] (+1) -0.620833333<x32>[B] (+1) -0.620833333<x33>[B] (+1) -0.620833333<x34>[B] (+1) +0.620833333<x35>[B] (+0) -0.620833333<x36>[B] (+0) -0.620833333<x37>[B] (+1) -0.620833333<x38>[B] (+1) -0.620833333<x39>[B] (+1) -0.620833333<x40>[B] (+1) -0.620833333<x41>[B] (+1) -0.620833333<x42>[B] (+1) +0.620833333<x43>[B] (+1) -0.620833333<x44>[B] (+1) -0.620833333<x45>[B] (+1) -0.620833333<x46>[B] (+1) +0.620833333<x47>[B] (+4.19664303e-14) -0.620833333<x48>[B] (+0) -0.620833333<x49>[B] (+1) -0.620833333<x50>[B] (+1) -0.620833333<x51>[B] (+1) -0.620833333<x52>[B] (-2.66453526e-14) -0.620833333<x53>[B] (+1) -0.620833333<x54>[B] (+1) -0.620833333<x55>[B] (+0) -0.620833333<x56>[B] (+1) -0.620833333<x57>[B] (-2.66453526e-14) +0.620833333<x58>[B] (+0) -0.620833333<x59>[B] (+0) -0.620833333<x60>[B] (+1) -0.620833333<x61>[B] (+0) -0.620833333<x62>[B] (+0) -0.620833333<x63>[B] (+0) -0.620833333<x64>[B] (+1) -0.620833333<x65>[B] (+1) +0.620833333<x66>[B] (+1) +0.620833333<x67>[B] (-2.66453526e-14) +0.620833333<x68>[B] (+0) -0.620833333<x69>[B] (+0) +0.620833333<x70>[B] (+1) -0.620833333<x71>[B] (+0) +0.620833333<x72>[B] (+0) +0.620833333<x73>[B] (-2.66453526e-14) +0.620833333<x74>[B] (+1) -0.620833333<x75>[B] (+1) -0.620833333<x76>[B] (+0) +0.620833333<x77>[B] (+0) -0.620833333<x78>[B] (+0) -0.620833333<x79>[B] (+1) -0.620833333<x80>[B] (+0) +0.620833333<x81>[B] (+0) -0.620833333<x82>[B] (+0) -0.620833333<x83>[B] (+1) -0.620833333<x84>[B] (+1) +0.620833333<x85>[B] (+0) -0.620833333<x86>[B] (+0) -0.620833333<x87>[B] (+1) -0.620833333<x88>[B] (+1) +0.620833333<x89>[B] (+1) -0.620833333<x90>[B] (+0) +0.620833333<x91>[B] (+1) -0.620833333<x92>[B] (+1) -0.620833333<x93>[B] (+0) -0.620833333<x94>[B] (+1) -0.620833333<x95>[B] (+1) -0.620833333<x96>[B] (+1) -0.620833333<x97>[B] (+1) -0.620833333<x98>[B] (+1) -0.620833333<x99>[B] (+1) +0.620833333<x100>[B] (+1) -0.620833333<x101>[B] (+1) +0.620833333<x102>[B] (+1) +0.620833333<x103>[B] (+1) +0.620833333<x104>[B] (+1) +0.620833333<x105>[B] (+1) -0.620833333<x106>[B] (+0) +0.620833333<x107>[B] (+0) +0.620833333<x108>[B] (+0) +0.620833333<x109>[B] (-1.99840144e-15) -0.620833333<x110>[B] (+1) +0.620833333<x111>[B] (+1) +0.620833333<x112>[B] (-2.65940399e-14) +0.620833333<x113>[B] (+1) +0.620833333<x114>[B] (+1) -0.620833333<x115>[B] (-2.66453526e-14) -0.620833333<x116>[B] (+1) -0.620833333<x117>[B] (+1) +0.620833333<x118>[B] (+1) -0.620833333<x119>[B] (+1) -0.620833333<x120>[B] (+1) >= 8.5375;
;
violation: left hand side is violated by 0.00833333333332931
  [linear] <c1198>: <x123>[C] (+19.7875) -0.579166667<x1>[B] (+0) +0.579166667<x2>[B] (+0) +0.579166667<x3>[B] (+0) +0.579166667<x4>[B] (+0) +0.579166667<x5>[B] (+0) +0.579166667<x6>[B] (+0) +0.579166667<x7>[B] (+0) +0.579166667<x8>[B] (+0) +0.579166667<x9>[B] (+0) +0.579166667<x10>[B] (+0) -0.579166667<x11>[B] (+0) -0.579166667<x12>[B] (+0) -0.579166667<x13>[B] (+0) +0.579166667<x14>[B] (+0) -0.579166667<x15>[B] (+1) +0.579166667<x16>[B] (+0) +0.579166667<x17>[B] (+0) +0.579166667<x18>[B] (+1) +0.579166667<x19>[B] (+0) +0.579166667<x20>[B] (+1) +0.579166667<x21>[B] (+0) +0.579166667<x22>[B] (+0) +0.579166667<x23>[B] (+0) +0.579166667<x24>[B] (+1) +0.579166667<x25>[B] (+0) -0.579166667<x26>[B] (+0) -0.579166667<x27>[B] (+0) +0.579166667<x28>[B] (+1) +0.579166667<x29>[B] (+1) +0.579166667<x30>[B] (+0) -0.579166667<x31>[B] (+1) +0.579166667<x32>[B] (+1) +0.579166667<x33>[B] (+1) -0.579166667<x34>[B] (+1) -0.579166667<x35>[B] (+0) +0.579166667<x36>[B] (+0) -0.579166667<x37>[B] (+1) -0.579166667<x38>[B] (+1) -0.579166667<x39>[B] (+1) -0.579166667<x40>[B] (+1) -0.579166667<x41>[B] (+1) -0.579166667<x42>[B] (+1) -0.579166667<x43>[B] (+1) +0.579166667<x44>[B] (+1) +0.579166667<x45>[B] (+1) -0.579166667<x46>[B] (+1) -0.579166667<x47>[B] (+0) +0.579166667<x48>[B] (+0) -0.579166667<x49>[B] (+1) -0.579166667<x50>[B] (+1) -0.579166667<x51>[B] (+1) -0.579166667<x52>[B] (+1) -0.579166667<x53>[B] (+1) -0.579166667<x54>[B] (+1) +0.579166667<x55>[B] (+0) +0.579166667<x56>[B] (+1) -0.579166667<x57>[B] (+0) +0.579166667<x58>[B] (+0) +0.579166667<x59>[B] (+0) +0.579166667<x60>[B] (+1) -0.579166667<x61>[B] (+0) -0.579166667<x62>[B] (+0) -0.579166667<x63>[B] (+0) +0.579166667<x64>[B] (+1) -0.579166667<x65>[B] (+1) +0.579166667<x66>[B] (+1) -0.579166667<x67>[B] (+0) -0.579166667<x68>[B] (+0) -0.579166667<x69>[B] (+0) -0.579166667<x70>[B] (+1) -0.579166667<x71>[B] (+0) -0.579166667<x72>[B] (+0) -0.579166667<x73>[B] (+0) -0.579166667<x74>[B] (+1) -0.579166667<x75>[B] (+1) -0.579166667<x76>[B] (+0) -0.579166667<x77>[B] (+0) -0.579166667<x78>[B] (+0) -0.579166667<x79>[B] (+1) -0.579166667<x80>[B] (+0) -0.579166667<x81>[B] (+0) -0.579166667<x82>[B] (+0) -0.579166667<x83>[B] (+1) -0.579166667<x84>[B] (+1) +0.579166667<x85>[B] (+0) +0.579166667<x86>[B] (+0) +0.579166667<x87>[B] (+1) -0.579166667<x88>[B] (+0) -0.579166667<x89>[B] (+1) -0.579166667<x90>[B] (+0) +0.579166667<x91>[B] (+1) -0.579166667<x92>[B] (+1) +0.579166667<x93>[B] (+0) -0.579166667<x94>[B] (+1) -0.579166667<x95>[B] (+1) -0.579166667<x96>[B] (+1) -0.579166667<x97>[B] (+1) -0.579166667<x98>[B] (+1) -0.579166667<x99>[B] (+1) -0.579166667<x100>[B] (+1) -0.579166667<x101>[B] (+1) -0.579166667<x102>[B] (+1) -0.579166667<x103>[B] (+1) -0.579166667<x104>[B] (+1) -0.579166667<x105>[B] (+1) -0.579166667<x106>[B] (+0) -0.579166667<x107>[B] (+0) -0.579166667<x108>[B] (+0) -0.579166667<x109>[B] (+1) -0.579166667<x110>[B] (+1) -0.579166667<x111>[B] (+1) -0.579166667<x112>[B] (+0) +0.579166667<x113>[B] (+1) -0.579166667<x114>[B] (+1) -0.579166667<x115>[B] (+0) +0.579166667<x116>[B] (+1) +0.579166667<x117>[B] (+1) +0.579166667<x118>[B] (+1) +0.579166667<x119>[B] (+1) -0.579166667<x120>[B] (+1) >= 6.51666666666667;
;
violation: left hand side is violated by 0.05000000000011
  [linear] <c1204>: <x130>[C] (+29.9291667) +0.6625<x1>[B] (+0) +0.6625<x2>[B] (+0) -0.6625<x3>[B] (+0) +0.6625<x4>[B] (+0) +0.6625<x5>[B] (+0) +0.6625<x6>[B] (+0) +0.6625<x7>[B] (+0) +0.6625<x8>[B] (+0) +0.6625<x9>[B] (+0) +0.6625<x10>[B] (+0) +0.6625<x11>[B] (+0) +0.6625<x12>[B] (+0) +0.6625<x13>[B] (+0) +0.6625<x14>[B] (+0) -0.6625<x15>[B] (+1) -0.6625<x16>[B] (+0) -0.6625<x17>[B] (+0) +0.6625<x18>[B] (+1) +0.6625<x19>[B] (+0) -0.6625<x20>[B] (+1) +0.6625<x21>[B] (+0) +0.6625<x22>[B] (+0) +0.6625<x23>[B] (+0) -0.6625<x24>[B] (+1) +0.6625<x25>[B] (+0) +0.6625<x26>[B] (+0) +0.6625<x27>[B] (+0) -0.6625<x28>[B] (+1) -0.6625<x29>[B] (+1) -0.6625<x30>[B] (+1) +0.6625<x31>[B] (+1) +0.6625<x32>[B] (+1) +0.6625<x33>[B] (+1) +0.6625<x34>[B] (+1) +0.6625<x35>[B] (+0) +0.6625<x36>[B] (+0) +0.6625<x37>[B] (+1) +0.6625<x38>[B] (+1) +0.6625<x39>[B] (+1) +0.6625<x40>[B] (+1) +0.6625<x41>[B] (+1) -0.6625<x42>[B] (+1) +0.6625<x43>[B] (+1) +0.6625<x44>[B] (+1) +0.6625<x45>[B] (+1) +0.6625<x46>[B] (+1) +0.6625<x47>[B] (+0) +0.6625<x48>[B] (+0) +0.6625<x49>[B] (+1) +0.6625<x50>[B] (+0) +0.6625<x51>[B] (+1) +0.6625<x52>[B] (+0) +0.6625<x53>[B] (+1) -0.6625<x54>[B] (+1) +0.6625<x55>[B] (+0) -0.6625<x56>[B] (+1) +0.6625<x57>[B] (+0) -0.6625<x58>[B] (+0) -0.6625<x59>[B] (+0) -0.6625<x60>[B] (+1) +0.6625<x61>[B] (+0) +0.6625<x62>[B] (+0) +0.6625<x63>[B] (+0) -0.6625<x64>[B] (+1) -0.6625<x65>[B] (+1) -0.6625<x66>[B] (+1) -0.6625<x67>[B] (+1) -0.6625<x68>[B] (+0) -0.6625<x69>[B] (+0) -0.6625<x70>[B] (+1) -0.6625<x71>[B] (+0) +0.6625<x72>[B] (+0) +0.6625<x73>[B] (+0) -0.6625<x74>[B] (+1) -0.6625<x75>[B] (+1) +0.6625<x76>[B] (+0) +0.6625<x77>[B] (+0) +0.6625<x78>[B] (+0) -0.6625<x79>[B] (+1) +0.6625<x80>[B] (+0) +0.6625<x81>[B] (+0) +0.6625<x82>[B] (+0) -0.6625<x83>[B] (+1) -0.6625<x84>[B] (+1) -0.6625<x85>[B] (+0) -0.6625<x86>[B] (+0) -0.6625<x87>[B] (+1) +0.6625<x88>[B] (+0) +0.6625<x89>[B] (+0) +0.6625<x90>[B] (+0) -0.6625<x91>[B] (+1) -0.6625<x92>[B] (+1) +0.6625<x93>[B] (+0) -0.6625<x94>[B] (+1) +0.6625<x95>[B] (+1) +0.6625<x96>[B] (+1) +0.6625<x97>[B] (+1) -0.6625<x98>[B] (+1) -0.6625<x99>[B] (+1) -0.6625<x100>[B] (+1) +0.6625<x101>[B] (+1) +0.6625<x102>[B] (+1) +0.6625<x103>[B] (+1) -0.6625<x104>[B] (+1) -0.6625<x105>[B] (+1) +0.6625<x106>[B] (+0) +0.6625<x107>[B] (+0) +0.6625<x108>[B] (+0) -0.6625<x109>[B] (+0) -0.6625<x110>[B] (+1) +0.6625<x111>[B] (+1) +0.6625<x112>[B] (+0) -0.6625<x113>[B] (+1) -0.6625<x114>[B] (+1) +0.6625<x115>[B] (+0) -0.6625<x116>[B] (+1) -0.6625<x117>[B] (+1) -0.6625<x118>[B] (+1) -0.6625<x119>[B] (+1) -0.6625<x120>[B] (+1) >= 21.3666666666667;
;
violation: left hand side is violated by 0.050000000000022
  [linear] <c1203>: <x129>[C] (+27.9562898) -0.679166667<x1>[B] (+0) -0.679166667<x2>[B] (+0) -0.679166667<x3>[B] (+0) +0.679166667<x4>[B] (+0) -0.679166667<x5>[B] (+0) -0.679166667<x6>[B] (+0) -0.679166667<x7>[B] (+0) +0.679166667<x8>[B] (+0) +0.679166667<x9>[B] (+0) -0.679166667<x10>[B] (+0) +0.679166667<x11>[B] (+0) +0.679166667<x12>[B] (+0) -0.679166667<x13>[B] (+0) -0.679166667<x14>[B] (+0) -0.679166667<x15>[B] (+1) +0.679166667<x16>[B] (+0) +0.679166667<x17>[B] (+0) +0.679166667<x18>[B] (+1) +0.679166667<x19>[B] (+1) +0.679166667<x20>[B] (+1) -0.679166667<x21>[B] (+0) +0.679166667<x22>[B] (+0) +0.679166667<x23>[B] (+0) -0.679166667<x24>[B] (+1) +0.679166667<x25>[B] (+0) +0.679166667<x26>[B] (+0) +0.679166667<x27>[B] (+0) -0.679166667<x28>[B] (+1) -0.679166667<x29>[B] (+1) -0.679166667<x30>[B] (+1) +0.679166667<x31>[B] (+1) -0.679166667<x32>[B] (+1) -0.679166667<x33>[B] (+1) -0.679166667<x34>[B] (+1) +0.679166667<x35>[B] (+0) +0.679166667<x36>[B] (+0) -0.679166667<x37>[B] (+1) +0.679166667<x38>[B] (+1) +0.679166667<x39>[B] (+1) -0.679166667<x40>[B] (+1) -0.679166667<x41>[B] (+1) -0.679166667<x42>[B] (+1) +0.679166667<x43>[B] (+1) +0.679166667<x44>[B] (+1) +0.679166667<x45>[B] (+1) -0.679166667<x46>[B] (+1) +0.679166667<x47>[B] (+0) +0.679166667<x48>[B] (+0) -0.679166667<x49>[B] (+1) +0.679166667<x50>[B] (+0) +0.679166667<x51>[B] (+1) +0.679166667<x52>[B] (+0) -0.679166667<x53>[B] (+1) -0.679166667<x54>[B] (+1) -0.679166667<x55>[B] (+0) -0.679166667<x56>[B] (+1) -0.679166667<x57>[B] (+0) -0.679166667<x58>[B] (+0) -0.679166667<x59>[B] (+0) -0.679166667<x60>[B] (+1) -0.679166667<x61>[B] (+0) -0.679166667<x62>[B] (+0) -0.679166667<x63>[B] (+0) -0.679166667<x64>[B] (+1) -0.679166667<x65>[B] (+1) +0.679166667<x66>[B] (+1) -0.679166667<x67>[B] (+0) +0.679166667<x68>[B] (+0) +0.679166667<x69>[B] (+0) -0.679166667<x70>[B] (+1) +0.679166667<x71>[B] (+0) +0.679166667<x72>[B] (+0) +0.679166667<x73>[B] (+0) -0.679166667<x74>[B] (+1) -0.679166667<x75>[B] (+1) -0.679166667<x76>[B] (+0) +0.679166667<x77>[B] (+0) +0.679166667<x78>[B] (+0) -0.679166667<x79>[B] (+1) +0.679166667<x80>[B] (+0) +0.679166667<x81>[B] (+0) -0.679166667<x82>[B] (+0) -0.679166667<x83>[B] (+1) -0.679166667<x84>[B] (+1) +0.679166667<x85>[B] (+0) +0.679166667<x86>[B] (+0) +0.679166667<x87>[B] (+1) +0.679166667<x88>[B] (+0) +0.679166667<x89>[B] (+1) +0.679166667<x90>[B] (+0) -0.679166667<x91>[B] (+1) +0.679166667<x92>[B] (+1) +0.679166667<x93>[B] (+0) -0.679166667<x94>[B] (+1) -0.679166667<x95>[B] (+1) -0.679166667<x96>[B] (+1) -0.679166667<x97>[B] (+1) -0.679166667<x98>[B] (+1) -0.679166667<x99>[B] (+1) -0.679166667<x100>[B] (+1) -0.679166667<x101>[B] (+1) -0.679166667<x102>[B] (+1) -0.679166667<x103>[B] (+1) -0.679166667<x104>[B] (+1) -0.679166667<x105>[B] (+1) +0.679166667<x106>[B] (+0) +0.679166667<x107>[B] (+0) +0.679166667<x108>[B] (+0) -0.679166667<x109>[B] (+0) -0.679166667<x110>[B] (+1) -0.679166667<x111>[B] (+1) -0.679166667<x112>[B] (+0) -0.679166667<x113>[B] (+1) -0.679166667<x114>[B] (+1) -0.679166667<x115>[B] (+0) -0.679166667<x116>[B] (+1) -0.679166667<x117>[B] (+1) -0.679166667<x118>[B] (+1) -0.679166667<x119>[B] (+1) +0.679166667<x120>[B] (+1) >= 6.28333333333333;
;
violation: left hand side is violated by 0.0603768577496524
  [linear] <c1201>: <x127>[C] (+12.125) -0.4375<x1>[B] (+0) +0.4375<x2>[B] (+0) -0.4375<x3>[B] (+0) -0.4375<x4>[B] (+0) -0.4375<x5>[B] (+0) -0.4375<x6>[B] (+0) -0.4375<x7>[B] (+0) -0.4375<x8>[B] (+0) -0.4375<x9>[B] (+0) -0.4375<x10>[B] (+0) -0.4375<x11>[B] (+0) -0.4375<x12>[B] (+0) -0.4375<x13>[B] (+0) -0.4375<x14>[B] (+0) -0.4375<x15>[B] (+1) +0.4375<x16>[B] (+0) -0.4375<x17>[B] (+0) +0.4375<x18>[B] (+1) -0.4375<x19>[B] (+0) -0.4375<x20>[B] (+1) -0.4375<x21>[B] (+0) -0.4375<x22>[B] (+0) +0.4375<x23>[B] (+0) -0.4375<x24>[B] (+1) -0.4375<x25>[B] (+0) -0.4375<x26>[B] (+0) +0.4375<x27>[B] (+0) +0.4375<x28>[B] (+1) +0.4375<x29>[B] (+1) -0.4375<x30>[B] (+1) -0.4375<x31>[B] (+1) -0.4375<x32>[B] (+1) -0.4375<x33>[B] (+1) -0.4375<x34>[B] (+1) -0.4375<x35>[B] (+0) -0.4375<x36>[B] (+0) -0.4375<x37>[B] (+1) -0.4375<x38>[B] (+1) -0.4375<x39>[B] (+1) -0.4375<x40>[B] (+1) -0.4375<x41>[B] (+1) -0.4375<x42>[B] (+1) +0.4375<x43>[B] (+1) -0.4375<x44>[B] (+1) +0.4375<x45>[B] (+1) -0.4375<x46>[B] (+1) -0.4375<x47>[B] (+0) +0.4375<x48>[B] (+0) +0.4375<x49>[B] (+1) +0.4375<x50>[B] (+0) -0.4375<x51>[B] (+1) +0.4375<x52>[B] (+0) +0.4375<x53>[B] (+1) +0.4375<x54>[B] (+1) -0.4375<x55>[B] (+0) -0.4375<x56>[B] (+1) -0.4375<x57>[B] (+0) -0.4375<x58>[B] (+0) -0.4375<x59>[B] (+0) -0.4375<x60>[B] (+1) -0.4375<x61>[B] (+0) -0.4375<x62>[B] (+0) +0.4375<x63>[B] (+0) -0.4375<x64>[B] (+1) -0.4375<x65>[B] (+1) +0.4375<x66>[B] (+1) +0.4375<x67>[B] (+0) +0.4375<x68>[B] (+0) +0.4375<x69>[B] (+0) +0.4375<x70>[B] (+1) +0.4375<x71>[B] (+0) +0.4375<x72>[B] (+0) +0.4375<x73>[B] (+0) +0.4375<x74>[B] (+1) +0.4375<x75>[B] (+1) -0.4375<x76>[B] (+0) -0.4375<x77>[B] (+0) +0.4375<x78>[B] (+0) +0.4375<x79>[B] (+1) +0.4375<x80>[B] (+0) -0.4375<x81>[B] (+0) +0.4375<x82>[B] (+0) +0.4375<x83>[B] (+1) +0.4375<x84>[B] (+1) -0.4375<x85>[B] (+0) +0.4375<x86>[B] (+0) +0.4375<x87>[B] (+1) +0.4375<x88>[B] (+0) -0.4375<x89>[B] (+1) +0.4375<x90>[B] (+0) +0.4375<x91>[B] (+1) +0.4375<x92>[B] (+1) +0.4375<x93>[B] (+0) +0.4375<x94>[B] (+1) +0.4375<x95>[B] (+1) +0.4375<x96>[B] (+1) +0.4375<x97>[B] (+1) +0.4375<x98>[B] (+1) +0.4375<x99>[B] (+1) -0.4375<x100>[B] (+1) -0.4375<x101>[B] (+1) -0.4375<x102>[B] (+1) +0.4375<x103>[B] (+1) +0.4375<x104>[B] (+1) +0.4375<x105>[B] (+1) -0.4375<x106>[B] (+0) -0.4375<x107>[B] (+0) +0.4375<x108>[B] (+0) +0.4375<x109>[B] (+0) +0.4375<x110>[B] (+1) -0.4375<x111>[B] (+1) +0.4375<x112>[B] (+0) +0.4375<x113>[B] (+1) +0.4375<x114>[B] (+1) +0.4375<x115>[B] (+0) +0.4375<x116>[B] (+1) +0.4375<x117>[B] (+1) -0.4375<x118>[B] (+1) -0.4375<x119>[B] (+1) -0.4375<x120>[B] (+1) >= 13.4541666666667;
;
violation: left hand side is violated by 0.0166666666666693
  [linear] <c1204>: <x130>[C] (+26.6583333) +0.6625<x1>[B] (+0) +0.6625<x2>[B] (+0) -0.6625<x3>[B] (+0) +0.6625<x4>[B] (+0) +0.6625<x5>[B] (+0) +0.6625<x6>[B] (+0) +0.6625<x7>[B] (+0) +0.6625<x8>[B] (+0) +0.6625<x9>[B] (+0) +0.6625<x10>[B] (+0) +0.6625<x11>[B] (+0) +0.6625<x12>[B] (+0) +0.6625<x13>[B] (+0) +0.6625<x14>[B] (+0) -0.6625<x15>[B] (+1) -0.6625<x16>[B] (+0) -0.6625<x17>[B] (+0) +0.6625<x18>[B] (+1) +0.6625<x19>[B] (+0) -0.6625<x20>[B] (+1) +0.6625<x21>[B] (+0) +0.6625<x22>[B] (+0) +0.6625<x23>[B] (+0) -0.6625<x24>[B] (+1) +0.6625<x25>[B] (+0) +0.6625<x26>[B] (+0) +0.6625<x27>[B] (+0) -0.6625<x28>[B] (+1) -0.6625<x29>[B] (+1) -0.6625<x30>[B] (+0) +0.6625<x31>[B] (+1) +0.6625<x32>[B] (+1) +0.6625<x33>[B] (+1) +0.6625<x34>[B] (+1) +0.6625<x35>[B] (+0) +0.6625<x36>[B] (+0) +0.6625<x37>[B] (+1) +0.6625<x38>[B] (+1) +0.6625<x39>[B] (+1) +0.6625<x40>[B] (+0) +0.6625<x41>[B] (+1) -0.6625<x42>[B] (+1) +0.6625<x43>[B] (+1) +0.6625<x44>[B] (+1) +0.6625<x45>[B] (+1) +0.6625<x46>[B] (+1) +0.6625<x47>[B] (+1.37778677e-13) +0.6625<x48>[B] (+0) +0.6625<x49>[B] (+1) +0.6625<x50>[B] (+1) +0.6625<x51>[B] (+1) +0.6625<x52>[B] (+1) +0.6625<x53>[B] (+1) -0.6625<x54>[B] (+1) +0.6625<x55>[B] (+0) -0.6625<x56>[B] (+1) +0.6625<x57>[B] (+0) -0.6625<x58>[B] (+0) -0.6625<x59>[B] (+0) -0.6625<x60>[B] (+1) +0.6625<x61>[B] (+0) +0.6625<x62>[B] (+0) +0.6625<x63>[B] (+0) -0.6625<x64>[B] (+1) -0.6625<x65>[B] (+1) -0.6625<x66>[B] (+1) -0.6625<x67>[B] (+0) -0.6625<x68>[B] (+0) -0.6625<x69>[B] (+0) -0.6625<x70>[B] (+1) -0.6625<x71>[B] (+0) +0.6625<x72>[B] (+0) +0.6625<x73>[B] (+0) -0.6625<x74>[B] (+1) -0.6625<x75>[B] (+1) +0.6625<x76>[B] (+0) +0.6625<x77>[B] (+0) +0.6625<x78>[B] (+0) -0.6625<x79>[B] (+1) +0.6625<x80>[B] (+0) +0.6625<x81>[B] (+0) +0.6625<x82>[B] (+0) -0.6625<x83>[B] (+1) -0.6625<x84>[B] (+1) -0.6625<x85>[B] (+0) -0.6625<x86>[B] (+0) -0.6625<x87>[B] (+1) +0.6625<x88>[B] (+1) +0.6625<x89>[B] (+1) +0.6625<x90>[B] (+0) -0.6625<x91>[B] (+1) -0.6625<x92>[B] (+1) +0.6625<x93>[B] (+0) -0.6625<x94>[B] (+1) +0.6625<x95>[B] (+1) +0.6625<x96>[B] (+1) +0.6625<x97>[B] (+1) -0.6625<x98>[B] (+1) -0.6625<x99>[B] (+1) -0.6625<x100>[B] (+1) +0.6625<x101>[B] (+1) +0.6625<x102>[B] (+1) +0.6625<x103>[B] (+1) -0.6625<x104>[B] (+1) -0.6625<x105>[B] (+1) +0.6625<x106>[B] (+0) +0.6625<x107>[B] (+0) +0.6625<x108>[B] (+0) -0.6625<x109>[B] (+0) -0.6625<x110>[B] (+1) +0.6625<x111>[B] (+1) +0.6625<x112>[B] (+0) -0.6625<x113>[B] (+1) -0.6625<x114>[B] (+1) +0.6625<x115>[B] (+0) -0.6625<x116>[B] (+1) -0.6625<x117>[B] (+1) -0.6625<x118>[B] (+1) -0.6625<x119>[B] (+1) -0.6625<x120>[B] (+1) >= 21.3666666666667;
;
violation: left hand side is violated by 0.0083333333333151
  [linear] <c1198>: <x123>[C] (+20.3916667) -0.579166667<x1>[B] (+0) +0.579166667<x2>[B] (+0) +0.579166667<x3>[B] (+0) +0.579166667<x4>[B] (+0) +0.579166667<x5>[B] (+0) +0.579166667<x6>[B] (+0) +0.579166667<x7>[B] (+0) +0.579166667<x8>[B] (+0) +0.579166667<x9>[B] (+0) +0.579166667<x10>[B] (+0) -0.579166667<x11>[B] (+0) -0.579166667<x12>[B] (+0) -0.579166667<x13>[B] (+0) +0.579166667<x14>[B] (+0) -0.579166667<x15>[B] (+1) +0.579166667<x16>[B] (+0) +0.579166667<x17>[B] (+0) +0.579166667<x18>[B] (+1) +0.579166667<x19>[B] (+0) +0.579166667<x20>[B] (+1) +0.579166667<x21>[B] (+0) +0.579166667<x22>[B] (+0) +0.579166667<x23>[B] (+0) +0.579166667<x24>[B] (+1) +0.579166667<x25>[B] (+0) -0.579166667<x26>[B] (+0) -0.579166667<x27>[B] (+0) +0.579166667<x28>[B] (+1) +0.579166667<x29>[B] (+1) +0.579166667<x30>[B] (+0) -0.579166667<x31>[B] (+1) +0.579166667<x32>[B] (+1) +0.579166667<x33>[B] (+1) -0.579166667<x34>[B] (+1) -0.579166667<x35>[B] (+0) +0.579166667<x36>[B] (+0) -0.579166667<x37>[B] (+1) -0.579166667<x38>[B] (+1) -0.579166667<x39>[B] (+1) -0.579166667<x40>[B] (+1) -0.579166667<x41>[B] (+1) -0.579166667<x42>[B] (+1) -0.579166667<x43>[B] (+1) +0.579166667<x44>[B] (+1) +0.579166667<x45>[B] (+1) -0.579166667<x46>[B] (+1) -0.579166667<x47>[B] (+1) +0.579166667<x48>[B] (+0) -0.579166667<x49>[B] (+1) -0.579166667<x50>[B] (+1) -0.579166667<x51>[B] (+1) -0.579166667<x52>[B] (+1) -0.579166667<x53>[B] (+1) -0.579166667<x54>[B] (+1) +0.579166667<x55>[B] (+0) +0.579166667<x56>[B] (+1) -0.579166667<x57>[B] (+0) +0.579166667<x58>[B] (+0) +0.579166667<x59>[B] (+0) +0.579166667<x60>[B] (+1) -0.579166667<x61>[B] (+0) -0.579166667<x62>[B] (+0) -0.579166667<x63>[B] (+0) +0.579166667<x64>[B] (+1) -0.579166667<x65>[B] (+1) +0.579166667<x66>[B] (+1) -0.579166667<x67>[B] (+0) -0.579166667<x68>[B] (+0) -0.579166667<x69>[B] (+0) -0.579166667<x70>[B] (+1) -0.579166667<x71>[B] (+0) -0.579166667<x72>[B] (+0) -0.579166667<x73>[B] (+0) -0.579166667<x74>[B] (+1) -0.579166667<x75>[B] (+1) -0.579166667<x76>[B] (+0) -0.579166667<x77>[B] (+0) -0.579166667<x78>[B] (+0) -0.579166667<x79>[B] (+1) -0.579166667<x80>[B] (+0) -0.579166667<x81>[B] (+0) -0.579166667<x82>[B] (+0) -0.579166667<x83>[B] (+1) -0.579166667<x84>[B] (+1) +0.579166667<x85>[B] (+0) +0.579166667<x86>[B] (+0) +0.579166667<x87>[B] (+1) -0.579166667<x88>[B] (+1) -0.579166667<x89>[B] (+1) -0.579166667<x90>[B] (+0) +0.579166667<x91>[B] (+1) -0.579166667<x92>[B] (+1) +0.579166667<x93>[B] (+0) -0.579166667<x94>[B] (+1) -0.579166667<x95>[B] (+1) -0.579166667<x96>[B] (+1) -0.579166667<x97>[B] (+1) -0.579166667<x98>[B] (+1) -0.579166667<x99>[B] (+1) -0.579166667<x100>[B] (+1) -0.579166667<x101>[B] (+1) -0.579166667<x102>[B] (+1) -0.579166667<x103>[B] (+1) -0.579166667<x104>[B] (+1) -0.579166667<x105>[B] (+1) -0.579166667<x106>[B] (+0) -0.579166667<x107>[B] (+0) -0.579166667<x108>[B] (+0) -0.579166667<x109>[B] (+0) -0.579166667<x110>[B] (+1) -0.579166667<x111>[B] (+1) -0.579166667<x112>[B] (+0) +0.579166667<x113>[B] (+1) -0.579166667<x114>[B] (+1) -0.579166667<x115>[B] (+0) +0.579166667<x116>[B] (+1) +0.579166667<x117>[B] (+1) +0.579166667<x118>[B] (+1) +0.579166667<x119>[B] (+1) -0.579166667<x120>[B] (+1) >= 6.51666666666667;
;
violation: left hand side is violated by 0.0250000000000083
  [linear] <c1209>: <x135>[C] (+14.875) -0.479166667<x1>[B] (+0) -0.479166667<x2>[B] (+0) +0.479166667<x3>[B] (+0) -0.479166667<x4>[B] (+0) -0.479166667<x5>[B] (+0) -0.479166667<x6>[B] (+0) +0.479166667<x7>[B] (+0) -0.479166667<x8>[B] (+0) -0.479166667<x9>[B] (+0) -0.479166667<x10>[B] (+0) -0.479166667<x11>[B] (+0) +0.479166667<x12>[B] (+0) +0.479166667<x13>[B] (+0) -0.479166667<x14>[B] (+0) -0.479166667<x15>[B] (+1) +0.479166667<x16>[B] (+0) +0.479166667<x17>[B] (+0) +0.479166667<x18>[B] (+1) -0.479166667<x19>[B] (+0) +0.479166667<x20>[B] (+1) +0.479166667<x21>[B] (+0) -0.479166667<x22>[B] (+0) +0.479166667<x23>[B] (+0) +0.479166667<x24>[B] (+1) +0.479166667<x25>[B] (+0) +0.479166667<x26>[B] (+0) +0.479166667<x27>[B] (+0) +0.479166667<x28>[B] (+1) +0.479166667<x29>[B] (+1) +0.479166667<x30>[B] (+0) +0.479166667<x31>[B] (+1) -0.479166667<x32>[B] (+1) +0.479166667<x33>[B] (+1) +0.479166667<x34>[B] (+0) -0.479166667<x35>[B] (+0) -0.479166667<x36>[B] (+0) +0.479166667<x37>[B] (+1) +0.479166667<x38>[B] (+1) +0.479166667<x39>[B] (+1) +0.479166667<x40>[B] (+0) +0.479166667<x41>[B] (+1) +0.479166667<x42>[B] (+1) -0.479166667<x43>[B] (+1) -0.479166667<x44>[B] (+1) -0.479166667<x45>[B] (+1) +0.479166667<x46>[B] (+1) -0.479166667<x47>[B] (+1) -0.479166667<x48>[B] (+0) -0.479166667<x49>[B] (+1) -0.479166667<x50>[B] (+1) -0.479166667<x51>[B] (+1) -0.479166667<x52>[B] (+1) -0.479166667<x53>[B] (+1) -0.479166667<x54>[B] (+1) -0.479166667<x55>[B] (+0) +0.479166667<x56>[B] (+1) +0.479166667<x57>[B] (+0) -0.479166667<x58>[B] (+0) -0.479166667<x59>[B] (+0) +0.479166667<x60>[B] (+1) +0.479166667<x61>[B] (+0) +0.479166667<x62>[B] (+0) +0.479166667<x63>[B] (+0) +0.479166667<x64>[B] (+1) +0.479166667<x65>[B] (+1) +0.479166667<x66>[B] (+1) +0.479166667<x67>[B] (+0) +0.479166667<x68>[B] (+0) +0.479166667<x69>[B] (+0) +0.479166667<x70>[B] (+1) +0.479166667<x71>[B] (+0) +0.479166667<x72>[B] (+0) +0.479166667<x73>[B] (+0) +0.479166667<x74>[B] (+1) +0.479166667<x75>[B] (+1) +0.479166667<x76>[B] (+0) -0.479166667<x77>[B] (+0) -0.479166667<x78>[B] (+0) -0.479166667<x79>[B] (+1) +0.479166667<x80>[B] (+0) +0.479166667<x81>[B] (+0) +0.479166667<x82>[B] (+0) -0.479166667<x83>[B] (+1) +0.479166667<x84>[B] (+1) -0.479166667<x85>[B] (+0) -0.479166667<x86>[B] (+0) -0.479166667<x87>[B] (+1) -0.479166667<x88>[B] (+1) -0.479166667<x89>[B] (+1) -0.479166667<x90>[B] (+0) -0.479166667<x91>[B] (+1) -0.479166667<x92>[B] (+1) +0.479166667<x93>[B] (+0) +0.479166667<x94>[B] (+1) +0.479166667<x95>[B] (+1) +0.479166667<x96>[B] (+1) +0.479166667<x97>[B] (+1) +0.479166667<x98>[B] (+1) +0.479166667<x99>[B] (+1) +0.479166667<x100>[B] (+1) +0.479166667<x101>[B] (+1) +0.479166667<x102>[B] (+1) +0.479166667<x103>[B] (+1) +0.479166667<x104>[B] (+1) +0.479166667<x105>[B] (+1) +0.479166667<x106>[B] (+0) +0.479166667<x107>[B] (+0) +0.479166667<x108>[B] (+0) +0.479166667<x109>[B] (+0) +0.479166667<x110>[B] (+1) +0.479166667<x111>[B] (+1) +0.479166667<x112>[B] (+0) -0.479166667<x113>[B] (+1) -0.479166667<x114>[B] (+1) +0.479166667<x115>[B] (+0) -0.479166667<x116>[B] (+1) -0.479166667<x117>[B] (+1) -0.479166667<x118>[B] (+1) -0.479166667<x119>[B] (+1) +0.479166667<x120>[B] (+1) >= 20.725;
;
violation: left hand side is violated by 0.099999999999973
  [linear] <c1209>: <x135>[C] (+13.5125) -0.479166667<x1>[B] (+0) -0.479166667<x2>[B] (+0) +0.479166667<x3>[B] (+0) -0.479166667<x4>[B] (+0) -0.479166667<x5>[B] (+0) -0.479166667<x6>[B] (+0) +0.479166667<x7>[B] (+0) -0.479166667<x8>[B] (+0) -0.479166667<x9>[B] (+0) -0.479166667<x10>[B] (+0) -0.479166667<x11>[B] (+0) +0.479166667<x12>[B] (+0) +0.479166667<x13>[B] (+0) -0.479166667<x14>[B] (+0) -0.479166667<x15>[B] (+1) +0.479166667<x16>[B] (+0) +0.479166667<x17>[B] (+0) +0.479166667<x18>[B] (+1) -0.479166667<x19>[B] (+0) +0.479166667<x20>[B] (+1) +0.479166667<x21>[B] (+0) -0.479166667<x22>[B] (+0) +0.479166667<x23>[B] (+0) +0.479166667<x24>[B] (+1) +0.479166667<x25>[B] (+0) +0.479166667<x26>[B] (+0) +0.479166667<x27>[B] (+0) +0.479166667<x28>[B] (+1) +0.479166667<x29>[B] (+1) +0.479166667<x30>[B] (+0) +0.479166667<x31>[B] (+1) -0.479166667<x32>[B] (+1) +0.479166667<x33>[B] (+1) +0.479166667<x34>[B] (+1) -0.479166667<x35>[B] (+0) -0.479166667<x36>[B] (+0) +0.479166667<x37>[B] (+1) +0.479166667<x38>[B] (+1) +0.479166667<x39>[B] (+1) +0.479166667<x40>[B] (+1) +0.479166667<x41>[B] (+1) +0.479166667<x42>[B] (+1) -0.479166667<x43>[B] (+1) -0.479166667<x44>[B] (+1) -0.479166667<x45>[B] (+1) +0.479166667<x46>[B] (+1) -0.479166667<x47>[B] (+1) -0.479166667<x48>[B] (+0) -0.479166667<x49>[B] (+1) -0.479166667<x50>[B] (+1) -0.479166667<x51>[B] (+1) -0.479166667<x52>[B] (+1) -0.479166667<x53>[B] (+1) -0.479166667<x54>[B] (+1) -0.479166667<x55>[B] (+0) +0.479166667<x56>[B] (+1) +0.479166667<x57>[B] (+0) -0.479166667<x58>[B] (+0) -0.479166667<x59>[B] (+0) +0.479166667<x60>[B] (+1) +0.479166667<x61>[B] (+0) +0.479166667<x62>[B] (+0) +0.479166667<x63>[B] (+0) +0.479166667<x64>[B] (+1) +0.479166667<x65>[B] (+1) +0.479166667<x66>[B] (+1) +0.479166667<x67>[B] (+0) +0.479166667<x68>[B] (+0) +0.479166667<x69>[B] (+0) +0.479166667<x70>[B] (+1) +0.479166667<x71>[B] (+0) +0.479166667<x72>[B] (+0) +0.479166667<x73>[B] (+0) +0.479166667<x74>[B] (+1) +0.479166667<x75>[B] (+1) +0.479166667<x76>[B] (+0) -0.479166667<x77>[B] (+0) -0.479166667<x78>[B] (+0) -0.479166667<x79>[B] (+1) +0.479166667<x80>[B] (+0) +0.479166667<x81>[B] (+0) +0.479166667<x82>[B] (+0) -0.479166667<x83>[B] (+1) +0.479166667<x84>[B] (+1) -0.479166667<x85>[B] (+0) -0.479166667<x86>[B] (+0) -0.479166667<x87>[B] (+1) -0.479166667<x88>[B] (+1) -0.479166667<x89>[B] (+1) -0.479166667<x90>[B] (+0) -0.479166667<x91>[B] (+1) -0.479166667<x92>[B] (+1) +0.479166667<x93>[B] (+0) +0.479166667<x94>[B] (+1) +0.479166667<x95>[B] (+1) +0.479166667<x96>[B] (+1) +0.479166667<x97>[B] (+1) +0.479166667<x98>[B] (+1) +0.479166667<x99>[B] (+1) +0.479166667<x100>[B] (+1) +0.479166667<x101>[B] (+1) +0.479166667<x102>[B] (+1) +0.479166667<x103>[B] (+1) +0.479166667<x104>[B] (+1) +0.479166667<x105>[B] (+1) +0.479166667<x106>[B] (+0) +0.479166667<x107>[B] (+0) +0.479166667<x108>[B] (+0) +0.479166667<x109>[B] (+1) +0.479166667<x110>[B] (+1) +0.479166667<x111>[B] (+1) +0.479166667<x112>[B] (+0) -0.479166667<x113>[B] (+1) -0.479166667<x114>[B] (+1) +0.479166667<x115>[B] (+0) -0.479166667<x116>[B] (+1) -0.479166667<x117>[B] (+1) -0.479166667<x118>[B] (+1) -0.479166667<x119>[B] (+1) +0.479166667<x120>[B] (+1) >= 20.725;
;
violation: left hand side is violated by 0.0249999999999879
  [linear] <c1204>: <x130>[C] (+27.3125) +0.6625<x1>[B] (+0) +0.6625<x2>[B] (+0) -0.6625<x3>[B] (+0) +0.6625<x4>[B] (+0) +0.6625<x5>[B] (+0) +0.6625<x6>[B] (+0) +0.6625<x7>[B] (+0) +0.6625<x8>[B] (+0) +0.6625<x9>[B] (+0) +0.6625<x10>[B] (+0) +0.6625<x11>[B] (+0) +0.6625<x12>[B] (+0) +0.6625<x13>[B] (+0) +0.6625<x14>[B] (+0) -0.6625<x15>[B] (+1) -0.6625<x16>[B] (+0) -0.6625<x17>[B] (+0) +0.6625<x18>[B] (+1) +0.6625<x19>[B] (+1) -0.6625<x20>[B] (+1) +0.6625<x21>[B] (+0) +0.6625<x22>[B] (+0) +0.6625<x23>[B] (+0) -0.6625<x24>[B] (+1) +0.6625<x25>[B] (+0) +0.6625<x26>[B] (+0) +0.6625<x27>[B] (+0) -0.6625<x28>[B] (+1) -0.6625<x29>[B] (+1) -0.6625<x30>[B] (+1) +0.6625<x31>[B] (+1) +0.6625<x32>[B] (+1) +0.6625<x33>[B] (+1) +0.6625<x34>[B] (+1) +0.6625<x35>[B] (+0) +0.6625<x36>[B] (+0) +0.6625<x37>[B] (+1) +0.6625<x38>[B] (+1) +0.6625<x39>[B] (+1) +0.6625<x40>[B] (+1) +0.6625<x41>[B] (+1) -0.6625<x42>[B] (+1) +0.6625<x43>[B] (+1) +0.6625<x44>[B] (+1) +0.6625<x45>[B] (+1) +0.6625<x46>[B] (+1) +0.6625<x47>[B] (+0) +0.6625<x48>[B] (+0) +0.6625<x49>[B] (+1) +0.6625<x50>[B] (+1) +0.6625<x51>[B] (+1) +0.6625<x52>[B] (+1) +0.6625<x53>[B] (+1) -0.6625<x54>[B] (+1) +0.6625<x55>[B] (+0) -0.6625<x56>[B] (+1) +0.6625<x57>[B] (+0) -0.6625<x58>[B] (+0) -0.6625<x59>[B] (+0) -0.6625<x60>[B] (+1) +0.6625<x61>[B] (+0) +0.6625<x62>[B] (+0) +0.6625<x63>[B] (+0) -0.6625<x64>[B] (+1) -0.6625<x65>[B] (+1) -0.6625<x66>[B] (+1) -0.6625<x67>[B] (+0) -0.6625<x68>[B] (+0) -0.6625<x69>[B] (+0) -0.6625<x70>[B] (+1) -0.6625<x71>[B] (+0) +0.6625<x72>[B] (+0) +0.6625<x73>[B] (+0) -0.6625<x74>[B] (+1) -0.6625<x75>[B] (+1) +0.6625<x76>[B] (+0) +0.6625<x77>[B] (+0) +0.6625<x78>[B] (+0) -0.6625<x79>[B] (+1) +0.6625<x80>[B] (+0) +0.6625<x81>[B] (+0) +0.6625<x82>[B] (+0) -0.6625<x83>[B] (+1) -0.6625<x84>[B] (+1) -0.6625<x85>[B] (+0) -0.6625<x86>[B] (+0) -0.6625<x87>[B] (+1) +0.6625<x88>[B] (+0) +0.6625<x89>[B] (+1) +0.6625<x90>[B] (+0) -0.6625<x91>[B] (+1) -0.6625<x92>[B] (+1) +0.6625<x93>[B] (+0) -0.6625<x94>[B] (+1) +0.6625<x95>[B] (+1) +0.6625<x96>[B] (+1) +0.6625<x97>[B] (+1) -0.6625<x98>[B] (+1) -0.6625<x99>[B] (+1) -0.6625<x100>[B] (+1) +0.6625<x101>[B] (+1) +0.6625<x102>[B] (+1) +0.6625<x103>[B] (+1) -0.6625<x104>[B] (+1) -0.6625<x105>[B] (+1) +0.6625<x106>[B] (+0) +0.6625<x107>[B] (+0) +0.6625<x108>[B] (+0) -0.6625<x109>[B] (+1) -0.6625<x110>[B] (+1) +0.6625<x111>[B] (+1) +0.6625<x112>[B] (+0) -0.6625<x113>[B] (+1) -0.6625<x114>[B] (+1) +0.6625<x115>[B] (+0) -0.6625<x116>[B] (+1) -0.6625<x117>[B] (+1) -0.6625<x118>[B] (+1) -0.6625<x119>[B] (+1) -0.6625<x120>[B] (+1) >= 21.3666666666667;
;
violation: left hand side is violated by 0.0166666666666835
all 10 solutions given by solution candidate storage are infeasible

feasible solution found by trivial heuristic after 0.0 seconds, objective value -3.999924e+06
presolving:
   (0.0s) symmetry computation started: requiring (bin +, int +, cont +), (fixed: bin -, int -, cont -)
   (0.0s) no symmetry present (symcode time: 0.00)
presolving (0 rounds: 0 fast, 0 medium, 0 exhaustive):
 0 deleted vars, 0 deleted constraints, 0 added constraints, 0 tightened bounds, 0 added holes, 0 changed sides, 0 changed coefficients
 0 implications, 0 cliques, 0 implied integral variables (0 bin, 0 int, 0 cont)
presolved problem has 160 variables (120 bin, 0 int, 40 cont) and 1227 constraints
   1227 constraints of type <linear>
Presolving Time: 0.01
transformed 1/1 original solutions to the transformed problem space

 time | node  | left  |LP iter|LP it/n|mem/heur|mdpt |vars |cons |rows |cuts |sepa|confs|strbr|  dualbound   | primalbound  |  gap   | compl. 
p 0.0s|     1 |     0 |    13 |     - |   locks|   0 | 160 |1227 |1227 |   0 |  0 |   0 |   0 | 3.240000e+02 |-6.356833e+02 |    Inf | unknown
  0.0s|     1 |     0 |   309 |     - |    14M |   0 | 160 |1227 |1227 |   0 |  0 |   0 |   0 |-4.506625e+02 |-6.356833e+02 |  41.06%| unknown
r 0.0s|     1 |     0 |   309 |     - |shifting|   0 | 160 |1227 |1227 |   0 |  0 |   0 |   0 |-4.506625e+02 |-5.124133e+02 |  13.70%| unknown
  0.1s|     1 |     0 |   324 |     - |    14M |   0 | 160 |1227 |1229 |   2 |  1 |   0 |   0 |-4.507491e+02 |-5.124133e+02 |  13.68%| unknown
r 0.1s|     1 |     0 |   324 |     - |shifting|   0 | 160 |1227 |1229 |   2 |  1 |   0 |   0 |-4.507491e+02 |-5.000854e+02 |  10.95%| unknown
  0.1s|     1 |     0 |   324 |     - |    14M |   0 | 160 |1227 |1229 |   2 |  1 |   0 |   0 |-4.507491e+02 |-5.000854e+02 |  10.95%| unknown
  0.1s|     1 |     0 |   340 |     - |    15M |   0 | 160 |1227 |1230 |   3 |  2 |   0 |   0 |-4.508660e+02 |-5.000854e+02 |  10.92%| unknown
  0.1s|     1 |     0 |   349 |     - |    15M |   0 | 160 |1228 |1232 |   5 |  3 |   1 |   0 |-4.509773e+02 |-5.000854e+02 |  10.89%| unknown
  0.2s|     1 |     0 |   364 |     - |    15M |   0 | 160 |1228 |1233 |   6 |  4 |   1 |   0 |-4.509931e+02 |-5.000854e+02 |  10.89%| unknown
  0.2s|     1 |     0 |   375 |     - |    16M |   0 | 160 |1228 |1234 |   7 |  5 |   1 |   0 |-4.510132e+02 |-5.000854e+02 |  10.88%| unknown
  0.2s|     1 |     0 |   387 |     - |    16M |   0 | 160 |1228 |1235 |   8 |  6 |   1 |   0 |-4.510278e+02 |-5.000854e+02 |  10.88%| unknown
  0.3s|     1 |     0 |   411 |     - |    16M |   0 | 160 |1228 |1238 |  11 |  7 |   1 |   0 |-4.510389e+02 |-5.000854e+02 |  10.87%| unknown
  0.3s|     1 |     0 |   423 |     - |    16M |   0 | 160 |1228 |1240 |  13 |  8 |   1 |   0 |-4.510474e+02 |-5.000854e+02 |  10.87%| unknown
  0.4s|     1 |     0 |   425 |     - |    17M |   0 | 160 |1228 |1241 |  14 |  9 |   1 |   0 |-4.510476e+02 |-5.000854e+02 |  10.87%| unknown
  0.4s|     1 |     0 |   427 |     - |    17M |   0 | 160 |1228 |1242 |  15 | 10 |   1 |   0 |-4.510487e+02 |-5.000854e+02 |  10.87%| unknown
 time | node  | left  |LP iter|LP it/n|mem/heur|mdpt |vars |cons |rows |cuts |sepa|confs|strbr|  dualbound   | primalbound  |  gap   | compl. 
  0.4s|     1 |     0 |   431 |     - |    17M |   0 | 160 |1228 |1243 |  16 | 11 |   1 |   0 |-4.510505e+02 |-5.000854e+02 |  10.87%| unknown
  0.4s|     1 |     0 |   440 |     - |    18M |   0 | 160 |1228 |1245 |  18 | 12 |   1 |   0 |-4.510546e+02 |-5.000854e+02 |  10.87%| unknown
  0.4s|     1 |     0 |   448 |     - |    18M |   0 | 160 |1228 |1246 |  19 | 13 |   1 |   0 |-4.510565e+02 |-5.000854e+02 |  10.87%| unknown
r 0.5s|     1 |     0 |   511 |     - |intshift|   0 | 160 |1228 |1246 |  19 | 13 |   1 |   0 |-4.510565e+02 |-4.626000e+02 |   2.56%| unknown
d 0.5s|     1 |     0 |   640 |     - |farkasdi|   0 | 160 |1228 |1246 |   0 | 13 |   1 |   0 |-4.510565e+02 |-4.519250e+02 |   0.19%| unknown
L 0.5s|     1 |     0 |   640 |     - |    rens|   0 | 160 |1228 |1246 |  19 | 13 |  60 |   0 |-4.510565e+02 |-4.514167e+02 |   0.08%| unknown
(run 1, node 1) restarting after 59 global fixings of integer variables

(restart) converted 19 cuts from the global cut pool into linear constraints

presolving:
presolving (0 rounds: 0 fast, 0 medium, 0 exhaustive):
 0 deleted vars, 0 deleted constraints, 0 added constraints, 0 tightened bounds, 0 added holes, 0 changed sides, 0 changed coefficients
 0 implications, 0 cliques, 0 implied integral variables (0 bin, 0 int, 0 cont)
presolved problem has 160 variables (120 bin, 0 int, 40 cont) and 1247 constraints
   1246 constraints of type <linear>
      1 constraints of type <logicor>
Presolving Time: 0.01
transformed 17/20 original solutions to the transformed problem space

 time | node  | left  |LP iter|LP it/n|mem/heur|mdpt |vars |cons |rows |cuts |sepa|confs|strbr|  dualbound   | primalbound  |  gap   | compl. 
  0.5s|     1 |     0 |   932 |     - |    18M |   0 | 160 | 624 | 464 |   0 |  0 |  60 |   0 |-4.510565e+02 |-4.514167e+02 |   0.08%| unknown
  0.5s|     1 |     0 |   932 |     - |    18M |   0 | 160 | 624 | 395 |   0 |  0 |  60 |   0 |-4.510565e+02 |-4.514167e+02 |   0.08%| unknown
  0.5s|     1 |     0 |   940 |     - |    18M |   0 | 160 | 624 | 396 |   1 |  1 |  60 |   0 |-4.510579e+02 |-4.514167e+02 |   0.08%| unknown
  0.6s|     1 |     0 |   943 |     - |    18M |   0 | 160 | 624 | 397 |   2 |  2 |  60 |   0 |-4.510579e+02 |-4.514167e+02 |   0.08%| unknown
  0.6s|     1 |     0 |   945 |     - |    18M |   0 | 160 | 624 | 398 |   3 |  3 |  60 |   0 |-4.510579e+02 |-4.514167e+02 |   0.08%| unknown
  0.7s|     1 |     0 |   950 |     - |    19M |   0 | 160 | 624 | 400 |   5 |  4 |  60 |   0 |-4.510590e+02 |-4.514167e+02 |   0.08%| unknown
  0.7s|     1 |     0 |   968 |     - |    19M |   0 | 160 | 624 | 402 |   7 |  5 |  60 |   0 |-4.510707e+02 |-4.514167e+02 |   0.08%| unknown
  0.8s|     1 |     0 |   982 |     - |    19M |   0 | 160 | 624 | 403 |   8 |  6 |  60 |   0 |-4.510767e+02 |-4.514167e+02 |   0.08%| unknown
  0.8s|     1 |     0 |   982 |     - |    19M |   0 | 160 | 624 | 391 |   8 |  6 |  60 |   0 |-4.510767e+02 |-4.514167e+02 |   0.08%| unknown
  0.8s|     1 |     0 |   990 |     - |    19M |   0 | 160 | 624 | 393 |  10 |  7 |  60 |   0 |-4.510781e+02 |-4.514167e+02 |   0.08%| unknown
  0.8s|     1 |     0 |  1000 |     - |    19M |   0 | 160 | 624 | 396 |  13 |  8 |  60 |   0 |-4.510810e+02 |-4.514167e+02 |   0.07%| unknown
  0.9s|     1 |     0 |  1013 |     - |    19M |   0 | 160 | 624 | 397 |  14 |  9 |  60 |   0 |-4.510876e+02 |-4.514167e+02 |   0.07%| unknown
  0.9s|     1 |     0 |  1029 |     - |    19M |   0 | 160 | 624 | 398 |  15 | 10 |  60 |   0 |-4.510908e+02 |-4.514167e+02 |   0.07%| unknown
  1.0s|     1 |     0 |  1032 |     - |    19M |   0 | 160 | 624 | 399 |  16 | 11 |  60 |   0 |-4.510909e+02 |-4.514167e+02 |   0.07%| unknown
  1.0s|     1 |     0 |  1032 |     - |    19M |   0 | 160 | 461 | 399 |  16 | 11 |  60 |   0 |-4.510909e+02 |-4.514167e+02 |   0.07%| unknown
 time | node  | left  |LP iter|LP it/n|mem/heur|mdpt |vars |cons |rows |cuts |sepa|confs|strbr|  dualbound   | primalbound  |  gap   | compl. 
  1.0s|     1 |     0 |  1036 |     - |    19M |   0 | 160 | 461 | 400 |  17 | 12 |  60 |   0 |-4.510909e+02 |-4.514167e+02 |   0.07%| unknown
  1.1s|     1 |     0 |  1156 |     - |    19M |   0 | 160 | 465 | 400 |  17 | 13 |  66 |   0 |-4.514167e+02 |-4.514167e+02 |   0.00%| unknown

SCIP Status        : problem is solved [optimal solution found]
Solving Time (sec) : 1.07
Solving Nodes      : 1 (total of 2 nodes in 2 runs)
Primal Bound       : -4.51416666666667e+02 (33 solutions)
Dual Bound         : -4.51416666666667e+02
Gap                : 0.00 %
