Loading instance...
Median ranking: [15, 5, 6, 11, 7, 16, 8, 4, 9, 14, 13, 2, 10, 1, 12, 3]
Mean ranking: [15, 5, 6, 11, 7, 16, 8, 4, 9, 14, 13, 2, 10, 1, 12, 3]
Actual error: 0.0
Weighted Kendall distance: 0.0
Normalized distance: 0.0
    0 del vars, 1120 del conss, 560 add conss, 0 chg bounds, 0 chg sides, 0 chg coeffs, 0 upgd conss, 0 impls, 0 clqs, 0 implints
   (0.0s) symmetry computation started: requiring (bin +, int +, cont +), (fixed: bin -, int -, cont -)
   (0.0s) no symmetry present (symcode time: 0.00)
presolving (2 rounds: 2 fast, 2 medium, 1 exhaustive):
 0 deleted vars, 1120 deleted constraints, 560 added constraints, 0 tightened bounds, 0 added holes, 0 changed sides, 0 changed coefficients
 0 implications, 0 cliques, 0 implied integral variables (0 bin, 0 int, 0 cont)
presolved problem has 120 variables (0 bin, 0 int, 120 cont) and 560 constraints
    560 constraints of type <linear>
Presolving Time: 0.01
transformed 3/3 original solutions to the transformed problem space

 time | node  | left  |LP iter|LP it/n|mem/heur|mdpt |vars |cons |rows |cuts |sepa|confs|strbr|  dualbound   | primalbound  |  gap   | compl. 
* 0.0s|     1 |     0 |    16 |     - |    LP  |   0 | 120 | 560 | 560 |   0 |  0 |   0 |   0 | 3.120000e+02 | 3.120000e+02 |   0.00%| unknown
  0.0s|     1 |     0 |    16 |     - |  4088k |   0 | 120 | 560 | 560 |   0 |  0 |   0 |   0 | 3.120000e+02 | 3.120000e+02 |   0.00%| unknown

SCIP Status        : problem is solved [optimal solution found]
Solving Time (sec) : 0.01
Solving Nodes      : 1
Primal Bound       : +3.12000000000000e+02 (4 solutions)
Dual Bound         : +3.12000000000000e+02
Gap                : 0.00 %
feasible solution found by trivial heuristic after 0.0 seconds, objective value 0.000000e+00
presolving:
   (0.0s) running MILP presolver
   (0.0s) MILP presolver (2 rounds): 0 aggregations, 0 fixings, 0 bound changes
(round 1, medium)     0 del vars, 1120 del conss, 560 add conss, 0 chg bounds, 0 chg sides, 0 chg coeffs, 0 upgd conss, 0 impls, 0 clqs, 0 implints
   (0.0s) probing: 51/120 (42.5%) - 0 fixings, 0 aggregations, 0 implications, 0 bound changes
   (0.0s) probing aborted: 50/50 successive totally useless probings
   (0.0s) symmetry computation started: requiring (bin +, int +, cont +), (fixed: bin -, int -, cont -)
   (0.0s) no symmetry present (symcode time: 0.00)
presolving (2 rounds: 2 fast, 2 medium, 1 exhaustive):
 0 deleted vars, 1120 deleted constraints, 560 added constraints, 0 tightened bounds, 0 added holes, 0 changed sides, 0 changed coefficients
 0 implications, 0 cliques, 0 implied integral variables (0 bin, 0 int, 0 cont)
presolved problem has 120 variables (120 bin, 0 int, 0 cont) and 560 constraints
    560 constraints of type <linear>
transformed objective value is always integral (scale: 2)
Presolving Time: 0.01
transformed 2/2 original solutions to the transformed problem space

 time | node  | left  |LP iter|LP it/n|mem/heur|mdpt |vars |cons |rows |cuts |sepa|confs|strbr|  dualbound   | primalbound  |  gap   | compl. 
p 0.0s|     1 |     0 |     0 |     - |   locks|   0 | 120 | 560 | 560 |   0 |  0 |   0 |   0 | 3.260000e+02 | 2.400000e+01 |1258.33%| unknown
i 0.0s|     1 |     0 |     0 |     - |  oneopt|   0 | 120 | 560 | 560 |   0 |  0 |   0 |   0 | 3.260000e+02 | 2.420000e+02 |  34.71%| unknown
* 0.0s|     1 |     0 |    14 |     - |    LP  |   0 | 120 | 560 | 560 |   0 |  0 |   0 |   0 | 3.120000e+02 | 3.120000e+02 |   0.00%| unknown
  0.0s|     1 |     0 |    14 |     - |  4182k |   0 | 120 | 560 | 560 |   0 |  0 |   0 |   0 | 3.120000e+02 | 3.120000e+02 |   0.00%| unknown

SCIP Status        : problem is solved [optimal solution found]
Solving Time (sec) : 0.01
Solving Nodes      : 1
Primal Bound       : +3.12000000000000e+02 (5 solutions)
Dual Bound         : +3.12000000000000e+02
Gap                : 0.00 %
feasible solution found by trivial heuristic after 0.1 seconds, objective value -4.000146e+06
presolving:
(round 1, fast)       0 del vars, 0 del conss, 0 add conss, 80 chg bounds, 0 chg sides, 0 chg coeffs, 0 upgd conss, 0 impls, 0 clqs, 0 implints
   (0.4s) running MILP presolver
   (0.5s) MILP presolver (2 rounds): 0 aggregations, 0 fixings, 0 bound changes
(round 2, exhaustive) 0 del vars, 560 del conss, 0 add conss, 80 chg bounds, 0 chg sides, 0 chg coeffs, 0 upgd conss, 0 impls, 0 clqs, 0 implints
   (0.9s) symmetry computation started: requiring (bin +, int +, cont +), (fixed: bin -, int -, cont -)
   (1.0s) no symmetry present (symcode time: 0.01)
presolving (3 rounds: 3 fast, 2 medium, 2 exhaustive):
 0 deleted vars, 560 deleted constraints, 0 added constraints, 80 tightened bounds, 0 added holes, 0 changed sides, 0 changed coefficients
 0 implications, 0 cliques, 0 implied integral variables (0 bin, 0 int, 0 cont)
presolved problem has 160 variables (0 bin, 0 int, 160 cont) and 5360 constraints
   5360 constraints of type <linear>
Presolving Time: 0.99

 time | node  | left  |LP iter|LP it/n|mem/heur|mdpt |vars |cons |rows |cuts |sepa|confs|strbr|  dualbound   | primalbound  |  gap   | compl. 
t 1.1s|     1 |     0 |     0 |     - | trivial|   0 | 160 |5360 |   0 |   0 |  0 |   0 |   0 | 3.260000e+02 |-2.546000e+03 |    Inf | unknown
* 1.3s|     1 |     0 |   576 |     - |    LP  |   0 | 160 |5360 |5360 |   0 |  0 |   0 |   0 |-5.147090e+02 |-5.147090e+02 |   0.00%| unknown
  1.3s|     1 |     0 |   576 |     - |   328M |   0 | 160 |5360 |5360 |   0 |  0 |   0 |   0 |-5.147090e+02 |-5.147090e+02 |   0.00%| unknown

SCIP Status        : problem is solved [optimal solution found]
Solving Time (sec) : 1.29
Solving Nodes      : 1
Primal Bound       : -5.14709027777778e+02 (3 solutions)
Dual Bound         : -5.14709027777778e+02
Gap                : 0.00 %
feasible solution found by trivial heuristic after 0.0 seconds, objective value -4.000146e+06
presolving:
(round 1, fast)       0 del vars, 0 del conss, 0 add conss, 80 chg bounds, 0 chg sides, 0 chg coeffs, 0 upgd conss, 0 impls, 0 clqs, 0 implints
   (0.3s) running MILP presolver
   (0.4s) MILP presolver (2 rounds): 0 aggregations, 0 fixings, 0 bound changes
(round 2, exhaustive) 0 del vars, 560 del conss, 0 add conss, 80 chg bounds, 0 chg sides, 0 chg coeffs, 0 upgd conss, 0 impls, 0 clqs, 0 implints
   (0.9s) probing: 51/120 (42.5%) - 0 fixings, 0 aggregations, 0 implications, 0 bound changes
   (0.9s) probing aborted: 50/50 successive totally useless probings
   (1.0s) symmetry computation started: requiring (bin +, int +, cont +), (fixed: bin -, int -, cont -)
   (1.1s) no symmetry present (symcode time: 0.01)
presolving (3 rounds: 3 fast, 2 medium, 2 exhaustive):
 0 deleted vars, 560 deleted constraints, 0 added constraints, 80 tightened bounds, 0 added holes, 0 changed sides, 0 changed coefficients
 0 implications, 0 cliques, 0 implied integral variables (0 bin, 0 int, 0 cont)
presolved problem has 160 variables (120 bin, 0 int, 40 cont) and 5360 constraints
   5360 constraints of type <linear>
Presolving Time: 1.09

 time | node  | left  |LP iter|LP it/n|mem/heur|mdpt |vars |cons |rows |cuts |sepa|confs|strbr|  dualbound   | primalbound  |  gap   | compl. 
t 1.1s|     1 |     0 |     0 |     - | trivial|   0 | 160 |5360 |   0 |   0 |  0 |   0 |   0 | 3.260000e+02 |-2.546000e+03 |    Inf | unknown
p 1.4s|     1 |     0 |    40 |     - |   locks|   0 | 160 |5360 |5360 |   0 |  0 |   0 |   0 | 3.260000e+02 |-8.823125e+02 |    Inf | unknown
  1.6s|     1 |     0 |   616 |     - |   329M |   0 | 160 |5360 |5360 |   0 |  0 |   0 |   0 |-5.147090e+02 |-8.823125e+02 |  71.42%| unknown
r 1.6s|     1 |     0 |   616 |     - |shifting|   0 | 160 |5360 |5360 |   0 |  0 |   0 |   0 |-5.147090e+02 |-6.000173e+02 |  16.57%| unknown
  1.7s|     1 |     0 |   625 |     - |   330M |   0 | 160 |5360 |5361 |   1 |  1 |   0 |   0 |-5.147109e+02 |-6.000173e+02 |  16.57%| unknown
r 1.8s|     1 |     0 |   625 |     - |shifting|   0 | 160 |5360 |5361 |   1 |  1 |   0 |   0 |-5.147109e+02 |-5.649944e+02 |   9.77%| unknown
  1.8s|     1 |     0 |   634 |     - |   330M |   0 | 160 |5360 |5362 |   2 |  2 |   0 |   0 |-5.147138e+02 |-5.649944e+02 |   9.77%| unknown
  1.9s|     1 |     0 |   641 |     - |   331M |   0 | 160 |5360 |5364 |   4 |  3 |   0 |   0 |-5.147252e+02 |-5.649944e+02 |   9.77%| unknown
  2.1s|     1 |     0 |   645 |     - |   331M |   0 | 160 |5360 |5366 |   6 |  4 |   0 |   0 |-5.147326e+02 |-5.649944e+02 |   9.76%| unknown
  2.2s|     1 |     0 |   655 |     - |   332M |   0 | 160 |5360 |5369 |   9 |  5 |   0 |   0 |-5.147381e+02 |-5.649944e+02 |   9.76%| unknown
  2.3s|     1 |     0 |   674 |     - |   332M |   0 | 160 |5360 |5371 |  11 |  6 |   0 |   0 |-5.147502e+02 |-5.649944e+02 |   9.76%| unknown
  2.4s|     1 |     0 |   681 |     - |   333M |   0 | 160 |5360 |5374 |  14 |  7 |   0 |   0 |-5.147513e+02 |-5.649944e+02 |   9.76%| unknown
  2.5s|     1 |     0 |   687 |     - |   334M |   0 | 160 |5360 |5377 |  17 |  8 |   0 |   0 |-5.147528e+02 |-5.649944e+02 |   9.76%| unknown
  2.6s|     1 |     0 |   701 |     - |   334M |   0 | 160 |5360 |5379 |  19 |  9 |   0 |   0 |-5.147574e+02 |-5.649944e+02 |   9.76%| unknown
  2.7s|     1 |     0 |   710 |     - |   335M |   0 | 160 |5360 |5381 |  21 | 10 |   0 |   0 |-5.147604e+02 |-5.649944e+02 |   9.76%| unknown
 time | node  | left  |LP iter|LP it/n|mem/heur|mdpt |vars |cons |rows |cuts |sepa|confs|strbr|  dualbound   | primalbound  |  gap   | compl. 
  2.9s|     1 |     0 |   712 |     - |   335M |   0 | 160 |5360 |5382 |  22 | 11 |   0 |   0 |-5.147608e+02 |-5.649944e+02 |   9.76%| unknown
r 3.0s|     1 |     0 |   806 |     - |intshift|   0 | 160 |5360 |5382 |  22 | 11 |   0 |   0 |-5.147608e+02 |-5.276875e+02 |   2.51%| unknown
d 3.1s|     1 |     0 |  1302 |     - |farkasdi|   0 | 160 |5360 |5382 |   0 | 11 |   0 |   0 |-5.147608e+02 |-5.220458e+02 |   1.42%| unknown
L 3.5s|     1 |     0 |  1302 |     - |    rens|   0 | 160 |5360 |5382 |  22 | 11 |   0 |   0 |-5.147608e+02 |-5.148792e+02 |   0.02%| unknown
  3.5s|     1 |     0 |  1302 |     - |   335M |   0 | 160 |5360 |5382 |  22 | 11 |   0 |   0 |-5.147608e+02 |-5.148792e+02 |   0.02%| unknown
  3.6s|     1 |     0 |  1302 |     - |   336M |   0 | 160 |5360 |4971 |  22 | 11 |   0 |   0 |-5.147608e+02 |-5.148792e+02 |   0.02%| unknown
  3.7s|     1 |     0 |  1305 |     - |   336M |   0 | 160 |5360 |4972 |  23 | 12 |   0 |   0 |-5.147609e+02 |-5.148792e+02 |   0.02%| unknown
  3.8s|     1 |     0 |  1316 |     - |   336M |   0 | 160 |5360 |4973 |  24 | 13 |   0 |   0 |-5.147641e+02 |-5.148792e+02 |   0.02%| unknown
  3.9s|     1 |     0 |  1316 |     - |   336M |   0 | 160 |4224 |4973 |  24 | 13 |   0 |   0 |-5.147641e+02 |-5.148792e+02 |   0.02%| unknown
  3.9s|     1 |     0 |  1330 |     - |   337M |   0 | 160 |4224 |4974 |  25 | 14 |   0 |   0 |-5.147697e+02 |-5.148792e+02 |   0.02%| unknown
  4.0s|     1 |     0 |  1349 |     - |   337M |   0 | 160 |4224 |4971 |  27 | 15 |   0 |   0 |-5.147766e+02 |-5.148792e+02 |   0.02%| unknown
  4.0s|     1 |     0 |  1349 |     - |   337M |   0 | 160 |4224 |4244 |  27 | 15 |   0 |   0 |-5.147766e+02 |-5.148792e+02 |   0.02%| unknown
  4.0s|     1 |     0 |  1349 |     - |   337M |   0 | 160 |4132 |4244 |  27 | 15 |   0 |   0 |-5.147766e+02 |-5.148792e+02 |   0.02%| unknown
(run 1, node 1) restarting after 89 global fixings of integer variables

(restart) converted 22 cuts from the global cut pool into linear constraints

presolving:
(round 1, fast)       89 del vars, 0 del conss, 0 add conss, 0 chg bounds, 392 chg sides, 651 chg coeffs, 0 upgd conss, 0 impls, 68 clqs, 0 implints
(round 2, fast)       89 del vars, 0 del conss, 0 add conss, 40 chg bounds, 392 chg sides, 651 chg coeffs, 0 upgd conss, 0 impls, 68 clqs, 0 implints
   (4.2s) running MILP presolver
   (4.2s) MILP presolver (4 rounds): 0 aggregations, 0 fixings, 36 bound changes
(round 3, medium)     89 del vars, 0 del conss, 0 add conss, 76 chg bounds, 392 chg sides, 651 chg coeffs, 0 upgd conss, 0 impls, 68 clqs, 0 implints
(round 4, fast)       89 del vars, 12 del conss, 0 add conss, 76 chg bounds, 675 chg sides, 1240 chg coeffs, 0 upgd conss, 0 impls, 68 clqs, 0 implints
(round 5, exhaustive) 89 del vars, 19 del conss, 0 add conss, 76 chg bounds, 675 chg sides, 1240 chg coeffs, 0 upgd conss, 0 impls, 68 clqs, 0 implints
(round 6, exhaustive) 89 del vars, 19 del conss, 0 add conss, 76 chg bounds, 675 chg sides, 1240 chg coeffs, 68 upgd conss, 0 impls, 68 clqs, 0 implints
presolving (7 rounds: 7 fast, 4 medium, 3 exhaustive):
 89 deleted vars, 19 deleted constraints, 0 added constraints, 76 tightened bounds, 0 added holes, 675 changed sides, 1240 changed coefficients
 0 implications, 68 cliques, 0 implied integral variables (0 bin, 0 int, 0 cont)
presolved problem has 71 variables (31 bin, 0 int, 40 cont) and 4135 constraints
     68 constraints of type <setppc>
   4067 constraints of type <linear>
Presolving Time: 1.33
transformed 18/23 original solutions to the transformed problem space

 time | node  | left  |LP iter|LP it/n|mem/heur|mdpt |vars |cons |rows |cuts |sepa|confs|strbr|  dualbound   | primalbound  |  gap   | compl. 
  4.6s|     1 |     0 |  1749 |     - |   347M |   0 |  71 |4138 |4135 |   0 |  0 |   2 |   0 |-5.147766e+02 |-5.148792e+02 |   0.02%| unknown
  4.6s|     1 |     0 |  1749 |     - |   347M |   0 |  71 |4138 |4063 |   0 |  0 |   2 |   0 |-5.147766e+02 |-5.148792e+02 |   0.02%| unknown
  4.6s|     1 |     0 |  1761 |     - |   347M |   0 |  71 |4119 |4064 |   1 |  1 |   2 |   0 |-5.147797e+02 |-5.148792e+02 |   0.02%| unknown
  4.7s|     1 |     0 |  1764 |     - |   347M |   0 |  71 |4119 |4065 |   2 |  2 |   2 |   0 |-5.147798e+02 |-5.148792e+02 |   0.02%| unknown
  4.8s|     1 |     0 |  1767 |     - |   348M |   0 |  71 |4119 |4066 |   3 |  3 |   2 |   0 |-5.147798e+02 |-5.148792e+02 |   0.02%| unknown
  4.8s|     1 |     0 |  1770 |     - |   348M |   0 |  71 |4119 |4067 |   4 |  4 |   2 |   0 |-5.147799e+02 |-5.148792e+02 |   0.02%| unknown
  4.9s|     1 |     0 |  1772 |     - |   349M |   0 |  71 |4119 |4068 |   5 |  5 |   2 |   0 |-5.147799e+02 |-5.148792e+02 |   0.02%| unknown
  5.0s|     1 |     0 |  1773 |     - |   349M |   0 |  71 |4119 |4069 |   6 |  6 |   2 |   0 |-5.147799e+02 |-5.148792e+02 |   0.02%| unknown
  5.0s|     1 |     0 |  1776 |     - |   350M |   0 |  71 |4119 |4070 |   7 |  7 |   2 |   0 |-5.147800e+02 |-5.148792e+02 |   0.02%| unknown
  5.1s|     1 |     0 |  1786 |     - |   350M |   0 |  71 |4119 |4071 |   8 |  8 |   2 |   0 |-5.147813e+02 |-5.148792e+02 |   0.02%| unknown
  5.2s|     1 |     0 |  1790 |     - |   350M |   0 |  71 |4119 |4072 |   9 |  9 |   2 |   0 |-5.147816e+02 |-5.148792e+02 |   0.02%| unknown
  5.2s|     1 |     0 |  1811 |     - |   351M |   0 |  71 |4119 |4074 |  11 | 10 |   2 |   0 |-5.147955e+02 |-5.148792e+02 |   0.02%| unknown
  5.3s|     1 |     0 |  1813 |     - |   351M |   0 |  71 |4119 |4075 |  12 | 11 |   2 |   0 |-5.147957e+02 |-5.148792e+02 |   0.02%| unknown
  5.3s|     1 |     0 |  1813 |     - |   351M |   0 |  71 |3968 |4075 |  12 | 11 |   2 |   0 |-5.147957e+02 |-5.148792e+02 |   0.02%| unknown
  5.4s|     1 |     0 |  1821 |     - |   352M |   0 |  71 |3968 |4078 |  15 | 12 |   2 |   0 |-5.147985e+02 |-5.148792e+02 |   0.02%| unknown
 time | node  | left  |LP iter|LP it/n|mem/heur|mdpt |vars |cons |rows |cuts |sepa|confs|strbr|  dualbound   | primalbound  |  gap   | compl. 
  5.4s|     1 |     0 |  1821 |     - |   352M |   0 |  71 |3968 |3958 |  15 | 12 |   2 |   0 |-5.147985e+02 |-5.148792e+02 |   0.02%| unknown
  5.4s|     1 |     0 |  1829 |     - |   352M |   0 |  71 |3962 |3959 |  16 | 13 |   2 |   0 |-5.147991e+02 |-5.148792e+02 |   0.02%| unknown
  5.5s|     1 |     0 |  1842 |     - |   352M |   0 |  71 |3962 |3946 |  17 | 14 |   2 |   0 |-5.148002e+02 |-5.148792e+02 |   0.02%| unknown
  5.5s|     1 |     0 |  1842 |     - |   353M |   0 |  71 |3927 |3946 |  17 | 15 |   2 |   0 |-5.148002e+02 |-5.148792e+02 |   0.02%| unknown
  5.6s|     1 |     0 |  1950 |     - |   353M |   0 |  71 |3928 |3946 |  17 | 16 |   4 |   0 |-5.148792e+02 |-5.148792e+02 |   0.00%| unknown

SCIP Status        : problem is solved [optimal solution found]
Solving Time (sec) : 5.59
Solving Nodes      : 1 (total of 2 nodes in 2 runs)
Primal Bound       : -5.14879166666666e+02 (38 solutions)
Dual Bound         : -5.14879166666666e+02
Gap                : 0.00 %
feasible solution found by trivial heuristic after 0.0 seconds, objective value 0.000000e+00
presolving:
   (0.0s) symmetry computation started: requiring (bin +, int +, cont +), (fixed: bin -, int -, cont -)
   (0.0s) symmetry computation finished: 39 generators found (max: 1500, log10 of symmetry group size: 47.91) (symcode time: 0.00)
dynamic symmetry handling statistics:
   orbitopal reduction:       no components
   orbital reduction:         no components
   lexicographic reduction:   no permutations
handled 1 out of 1 symmetry components
presolving (0 rounds: 0 fast, 0 medium, 0 exhaustive):
 0 deleted vars, 0 deleted constraints, 0 added constraints, 0 tightened bounds, 0 added holes, 0 changed sides, 0 changed coefficients
 0 implications, 0 cliques, 0 implied integral variables (0 bin, 0 int, 0 cont)
presolved problem has 160 variables (120 bin, 0 int, 40 cont) and 1159 constraints
   1159 constraints of type <linear>
Presolving Time: 0.00
transformed 2/2 original solutions to the transformed problem space

 time | node  | left  |LP iter|LP it/n|mem/heur|mdpt |vars |cons |rows |cuts |sepa|confs|strbr|  dualbound   | primalbound  |  gap   | compl. 
p 0.0s|     1 |     0 |     0 |     - |   locks|   0 | 160 |1120 |1120 |   0 |  0 |   0 |   0 | 3.260000e+02 | 6.800000e+01 | 379.41%| unknown
i 0.0s|     1 |     0 |     0 |     - |  oneopt|   0 | 160 |1120 |1120 |   0 |  0 |   0 |   0 | 3.260000e+02 | 2.560000e+02 |  27.34%| unknown
* 0.0s|     1 |     0 |    14 |     - |    LP  |   0 | 160 |1120 |1120 |   0 |  0 |   0 |   0 | 3.120000e+02 | 3.120000e+02 |   0.00%| unknown
  0.0s|     1 |     0 |    14 |     - |  6282k |   0 | 160 |1120 |1120 |   0 |  0 |   0 |   0 | 3.120000e+02 | 3.120000e+02 |   0.00%| unknown

SCIP Status        : problem is solved [optimal solution found]
Solving Time (sec) : 0.00
Solving Nodes      : 1
Primal Bound       : +3.12000000000000e+02 (6 solutions)
Dual Bound         : +3.12000000000000e+02
Gap                : 0.00 %
  [linear] <c1121>: <x121>[C] (+0) +0.704166667<x1>[B] (+0) +0.704166667<x2>[B] (+1) +0.704166667<x3>[B] (+0) +0.704166667<x4>[B] (+0) +0.704166667<x5>[B] (+0) +0.704166667<x6>[B] (+0) +0.704166667<x7>[B] (+0) +0.704166667<x8>[B] (+0) +0.704166667<x9>[B] (+0) +0.704166667<x10>[B] (+0) +0.704166667<x11>[B] (+1) +0.704166667<x12>[B] (+0) +0.704166667<x13>[B] (+0) +0.704166667<x14>[B] (+0) +0.704166667<x15>[B] (+0) +0.704166667<x16>[B] (+1) +0.704166667<x17>[B] (+0) +0.704166667<x18>[B] (+0) +0.704166667<x19>[B] (+0) +0.704166667<x20>[B] (+0) -0.704166667<x21>[B] (+0) +0.704166667<x22>[B] (+0) +0.704166667<x23>[B] (+1) +0.704166667<x24>[B] (+0) +0.704166667<x25>[B] (+1) +0.704166667<x26>[B] (+0) +0.704166667<x27>[B] (+0) +0.704166667<x28>[B] (+0) +0.704166667<x29>[B] (+0) +0.704166667<x30>[B] (+0) +0.704166667<x31>[B] (+0) +0.704166667<x32>[B] (+0) +0.704166667<x33>[B] (+0) -0.704166667<x34>[B] (+0) +0.704166667<x35>[B] (+0) +0.704166667<x36>[B] (+0) +0.704166667<x37>[B] (+0) -0.704166667<x38>[B] (+0) -0.704166667<x39>[B] (+0) -0.704166667<x40>[B] (+0) +0.704166667<x41>[B] (+0) -0.704166667<x42>[B] (+0) -0.704166667<x43>[B] (+0) +0.704166667<x44>[B] (+0) -0.704166667<x45>[B] (+0) -0.704166667<x46>[B] (+0) +0.704166667<x47>[B] (+1) -0.704166667<x48>[B] (+1) +0.704166667<x49>[B] (+0) -0.704166667<x50>[B] (+1) -0.704166667<x51>[B] (+1) -0.704166667<x52>[B] (+1) +0.704166667<x53>[B] (+0) -0.704166667<x54>[B] (+0) +0.704166667<x55>[B] (+1) +0.704166667<x56>[B] (+1) -0.704166667<x57>[B] (+1) +0.704166667<x58>[B] (+1) +0.704166667<x59>[B] (+1) +0.704166667<x60>[B] (+1) -0.704166667<x61>[B] (+1) -0.704166667<x62>[B] (+1) -0.704166667<x63>[B] (+1) +0.704166667<x64>[B] (+0) -0.704166667<x65>[B] (+1) -0.704166667<x66>[B] (+1) -0.704166667<x67>[B] (+1) +0.704166667<x68>[B] (+1) -0.704166667<x69>[B] (+1) +0.704166667<x70>[B] (+1) -0.704166667<x71>[B] (+1) -0.704166667<x72>[B] (+1) -0.704166667<x73>[B] (+1) +0.704166667<x74>[B] (+0) -0.704166667<x75>[B] (+1) -0.704166667<x76>[B] (+1) +0.704166667<x77>[B] (+1) -0.704166667<x78>[B] (+1) +0.704166667<x79>[B] (+0) -0.704166667<x80>[B] (+1) -0.704166667<x81>[B] (+1) -0.704166667<x82>[B] (+1) +0.704166667<x83>[B] (+0) -0.704166667<x84>[B] (+1) +0.704166667<x85>[B] (+1) +0.704166667<x86>[B] (+1) +0.704166667<x87>[B] (+0) +0.704166667<x88>[B] (+1) +0.704166667<x89>[B] (+1) +0.704166667<x90>[B] (+1) +0.704166667<x91>[B] (+0) +0.704166667<x92>[B] (+0) -0.704166667<x93>[B] (+1) +0.704166667<x94>[B] (+0) -0.704166667<x95>[B] (+1) -0.704166667<x96>[B] (+1) -0.704166667<x97>[B] (+1) +0.704166667<x98>[B] (+0) -0.704166667<x99>[B] (+0) +0.704166667<x100>[B] (+0) -0.704166667<x101>[B] (+1) -0.704166667<x102>[B] (+0) -0.704166667<x103>[B] (+0) +0.704166667<x104>[B] (+0) -0.704166667<x105>[B] (+0) -0.704166667<x106>[B] (+1) -0.704166667<x107>[B] (+1) -0.704166667<x108>[B] (+1) -0.704166667<x109>[B] (+0) -0.704166667<x110>[B] (+1) +0.704166667<x111>[B] (+0) +0.704166667<x112>[B] (+0) +0.704166667<x113>[B] (+0) +0.704166667<x114>[B] (+0) -0.704166667<x115>[B] (+0) +0.704166667<x116>[B] (+0) +0.704166667<x117>[B] (+0) +0.704166667<x118>[B] (+0) +0.704166667<x119>[B] (+0) -0.704166667<x120>[B] (+1) >= 20.95;
;
violation: left hand side is violated by 30.1041666666667
  [linear] <c1121>: <x121>[C] (+0) +0.704166667<x1>[B] (+1) +0.704166667<x2>[B] (+1) +0.704166667<x3>[B] (+0) +0.704166667<x4>[B] (+0) +0.704166667<x5>[B] (+0) +0.704166667<x6>[B] (+1) +0.704166667<x7>[B] (+1) +0.704166667<x8>[B] (+1) +0.704166667<x9>[B] (+1) +0.704166667<x10>[B] (+0) +0.704166667<x11>[B] (+1) +0.704166667<x12>[B] (+1) +0.704166667<x13>[B] (+1) +0.704166667<x14>[B] (+0) +0.704166667<x15>[B] (+1) +0.704166667<x16>[B] (+1) +0.704166667<x17>[B] (+0) +0.704166667<x18>[B] (+0) +0.704166667<x19>[B] (+0) +0.704166667<x20>[B] (+0) -0.704166667<x21>[B] (+1) +0.704166667<x22>[B] (+0) +0.704166667<x23>[B] (+1) +0.704166667<x24>[B] (+0) +0.704166667<x25>[B] (+1) +0.704166667<x26>[B] (+0) +0.704166667<x27>[B] (+1) +0.704166667<x28>[B] (+0) +0.704166667<x29>[B] (+1) +0.704166667<x30>[B] (+0) +0.704166667<x31>[B] (+0) +0.704166667<x32>[B] (+0) +0.704166667<x33>[B] (+0) -0.704166667<x34>[B] (+0) +0.704166667<x35>[B] (+0) +0.704166667<x36>[B] (+1) +0.704166667<x37>[B] (+0) -0.704166667<x38>[B] (+1) -0.704166667<x39>[B] (+0) -0.704166667<x40>[B] (+1) +0.704166667<x41>[B] (+0) -0.704166667<x42>[B] (+0) -0.704166667<x43>[B] (+0) +0.704166667<x44>[B] (+0) -0.704166667<x45>[B] (+1) -0.704166667<x46>[B] (+1) +0.704166667<x47>[B] (+1) -0.704166667<x48>[B] (+1) +0.704166667<x49>[B] (+0) -0.704166667<x50>[B] (+1) -0.704166667<x51>[B] (+1) -0.704166667<x52>[B] (+1) +0.704166667<x53>[B] (+0) -0.704166667<x54>[B] (+1) +0.704166667<x55>[B] (+1) +0.704166667<x56>[B] (+1) -0.704166667<x57>[B] (+1) +0.704166667<x58>[B] (+1) +0.704166667<x59>[B] (+1) +0.704166667<x60>[B] (+1) -0.704166667<x61>[B] (+1) -0.704166667<x62>[B] (+1) -0.704166667<x63>[B] (+1) +0.704166667<x64>[B] (+0) -0.704166667<x65>[B] (+1) -0.704166667<x66>[B] (+1) -0.704166667<x67>[B] (+1) +0.704166667<x68>[B] (+1) -0.704166667<x69>[B] (+1) +0.704166667<x70>[B] (+1) -0.704166667<x71>[B] (+1) -0.704166667<x72>[B] (+1) -0.704166667<x73>[B] (+1) +0.704166667<x74>[B] (+0) -0.704166667<x75>[B] (+1) -0.704166667<x76>[B] (+1) +0.704166667<x77>[B] (+1) -0.704166667<x78>[B] (+1) +0.704166667<x79>[B] (+0) -0.704166667<x80>[B] (+1) -0.704166667<x81>[B] (+1) -0.704166667<x82>[B] (+1) +0.704166667<x83>[B] (+0) -0.704166667<x84>[B] (+1) +0.704166667<x85>[B] (+0) +0.704166667<x86>[B] (+1) +0.704166667<x87>[B] (+0) +0.704166667<x88>[B] (+1) +0.704166667<x89>[B] (+0) +0.704166667<x90>[B] (+1) +0.704166667<x91>[B] (+0) +0.704166667<x92>[B] (+0) -0.704166667<x93>[B] (+1) +0.704166667<x94>[B] (+0) -0.704166667<x95>[B] (+1) -0.704166667<x96>[B] (+1) -0.704166667<x97>[B] (+1) +0.704166667<x98>[B] (+0) -0.704166667<x99>[B] (+1) +0.704166667<x100>[B] (+0) -0.704166667<x101>[B] (+1) -0.704166667<x102>[B] (+0) -0.704166667<x103>[B] (+1) +0.704166667<x104>[B] (+0) -0.704166667<x105>[B] (+0) -0.704166667<x106>[B] (+1) -0.704166667<x107>[B] (+1) -0.704166667<x108>[B] (+1) -0.704166667<x109>[B] (+0) -0.704166667<x110>[B] (+1) +0.704166667<x111>[B] (+0) +0.704166667<x112>[B] (+0) +0.704166667<x113>[B] (+0) +0.704166667<x114>[B] (+0) -0.704166667<x115>[B] (+1) +0.704166667<x116>[B] (+0) +0.704166667<x117>[B] (+1) +0.704166667<x118>[B] (+0) +0.704166667<x119>[B] (+0) -0.704166667<x120>[B] (+1) >= 20.95;
;
violation: left hand side is violated by 29.4
  [linear] <c1121>: <x121>[C] (+0) +0.704166667<x1>[B] (+1) +0.704166667<x2>[B] (+1) +0.704166667<x3>[B] (+1) +0.704166667<x4>[B] (+1) +0.704166667<x5>[B] (+1) +0.704166667<x6>[B] (+1) +0.704166667<x7>[B] (+1) +0.704166667<x8>[B] (+1) +0.704166667<x9>[B] (+1) +0.704166667<x10>[B] (+1) +0.704166667<x11>[B] (+1) +0.704166667<x12>[B] (+1) +0.704166667<x13>[B] (+1) +0.704166667<x14>[B] (+1) +0.704166667<x15>[B] (+1) +0.704166667<x16>[B] (+1) +0.704166667<x17>[B] (+0) +0.704166667<x18>[B] (+0) +0.704166667<x19>[B] (+1) +0.704166667<x20>[B] (+0) -0.704166667<x21>[B] (+1) +0.704166667<x22>[B] (+0) +0.704166667<x23>[B] (+1) +0.704166667<x24>[B] (+0) +0.704166667<x25>[B] (+1) +0.704166667<x26>[B] (+0) +0.704166667<x27>[B] (+1) +0.704166667<x28>[B] (+0) +0.704166667<x29>[B] (+1) +0.704166667<x30>[B] (+0) +0.704166667<x31>[B] (+0) +0.704166667<x32>[B] (+1) +0.704166667<x33>[B] (+0) -0.704166667<x34>[B] (+1) +0.704166667<x35>[B] (+0) +0.704166667<x36>[B] (+1) +0.704166667<x37>[B] (+0) -0.704166667<x38>[B] (+1) -0.704166667<x39>[B] (+0) -0.704166667<x40>[B] (+1) +0.704166667<x41>[B] (+0) -0.704166667<x42>[B] (+0) -0.704166667<x43>[B] (+1) +0.704166667<x44>[B] (+1) -0.704166667<x45>[B] (+1) -0.704166667<x46>[B] (+1) +0.704166667<x47>[B] (+1) -0.704166667<x48>[B] (+1) +0.704166667<x49>[B] (+1) -0.704166667<x50>[B] (+1) -0.704166667<x51>[B] (+1) -0.704166667<x52>[B] (+1) +0.704166667<x53>[B] (+1) -0.704166667<x54>[B] (+1) +0.704166667<x55>[B] (+1) +0.704166667<x56>[B] (+1) -0.704166667<x57>[B] (+1) +0.704166667<x58>[B] (+1) +0.704166667<x59>[B] (+1) +0.704166667<x60>[B] (+0) -0.704166667<x61>[B] (+1) -0.704166667<x62>[B] (+1) -0.704166667<x63>[B] (+1) +0.704166667<x64>[B] (+0) -0.704166667<x65>[B] (+1) -0.704166667<x66>[B] (+0) -0.704166667<x67>[B] (+1) +0.704166667<x68>[B] (+0) -0.704166667<x69>[B] (+1) +0.704166667<x70>[B] (+0) -0.704166667<x71>[B] (+1) -0.704166667<x72>[B] (+0) -0.704166667<x73>[B] (+1) +0.704166667<x74>[B] (+0) -0.704166667<x75>[B] (+0) -0.704166667<x76>[B] (+1) +0.704166667<x77>[B] (+1) -0.704166667<x78>[B] (+1) +0.704166667<x79>[B] (+0) -0.704166667<x80>[B] (+1) -0.704166667<x81>[B] (+1) -0.704166667<x82>[B] (+1) +0.704166667<x83>[B] (+0) -0.704166667<x84>[B] (+1) +0.704166667<x85>[B] (+0) +0.704166667<x86>[B] (+1) +0.704166667<x87>[B] (+0) +0.704166667<x88>[B] (+1) +0.704166667<x89>[B] (+0) +0.704166667<x90>[B] (+1) +0.704166667<x91>[B] (+0) +0.704166667<x92>[B] (+0) -0.704166667<x93>[B] (+1) +0.704166667<x94>[B] (+0) -0.704166667<x95>[B] (+1) -0.704166667<x96>[B] (+1) -0.704166667<x97>[B] (+1) +0.704166667<x98>[B] (+0) -0.704166667<x99>[B] (+1) +0.704166667<x100>[B] (+0) -0.704166667<x101>[B] (+1) -0.704166667<x102>[B] (+0) -0.704166667<x103>[B] (+1) +0.704166667<x104>[B] (+0) -0.704166667<x105>[B] (+0) -0.704166667<x106>[B] (+1) -0.704166667<x107>[B] (+1) -0.704166667<x108>[B] (+1) -0.704166667<x109>[B] (+1) -0.704166667<x110>[B] (+1) +0.704166667<x111>[B] (+0) +0.704166667<x112>[B] (+1) +0.704166667<x113>[B] (+0) +0.704166667<x114>[B] (+0) -0.704166667<x115>[B] (+1) +0.704166667<x116>[B] (+0) +0.704166667<x117>[B] (+1) +0.704166667<x118>[B] (+0) +0.704166667<x119>[B] (+0) -0.704166667<x120>[B] (+1) >= 20.95;
;
violation: left hand side is violated by 23.7666666666667
  [linear] <c1121>: <x121>[C] (+0) +0.704166667<x1>[B] (+0) +0.704166667<x2>[B] (+0) +0.704166667<x3>[B] (+0) +0.704166667<x4>[B] (+0) +0.704166667<x5>[B] (+0) +0.704166667<x6>[B] (+0) +0.704166667<x7>[B] (+0) +0.704166667<x8>[B] (+0) +0.704166667<x9>[B] (+0) +0.704166667<x10>[B] (+0) +0.704166667<x11>[B] (+0) +0.704166667<x12>[B] (+0) +0.704166667<x13>[B] (+0) +0.704166667<x14>[B] (+0) +0.704166667<x15>[B] (+0) +0.704166667<x16>[B] (+0) +0.704166667<x17>[B] (+0) +0.704166667<x18>[B] (+0) +0.704166667<x19>[B] (+0) +0.704166667<x20>[B] (+0) -0.704166667<x21>[B] (+0) +0.704166667<x22>[B] (+0) +0.704166667<x23>[B] (+0) +0.704166667<x24>[B] (+0) +0.704166667<x25>[B] (+0) +0.704166667<x26>[B] (+0) +0.704166667<x27>[B] (+0) +0.704166667<x28>[B] (+0) +0.704166667<x29>[B] (+0) +0.704166667<x30>[B] (+0) +0.704166667<x31>[B] (+0) +0.704166667<x32>[B] (+0) +0.704166667<x33>[B] (+0) -0.704166667<x34>[B] (+0) +0.704166667<x35>[B] (+0) +0.704166667<x36>[B] (+0) +0.704166667<x37>[B] (+0) -0.704166667<x38>[B] (+0) -0.704166667<x39>[B] (+0) -0.704166667<x40>[B] (+0) +0.704166667<x41>[B] (+0) -0.704166667<x42>[B] (+0) -0.704166667<x43>[B] (+0) +0.704166667<x44>[B] (+0) -0.704166667<x45>[B] (+0) -0.704166667<x46>[B] (+0) +0.704166667<x47>[B] (+0) -0.704166667<x48>[B] (+0) +0.704166667<x49>[B] (+0) -0.704166667<x50>[B] (+0) -0.704166667<x51>[B] (+0) -0.704166667<x52>[B] (+0) +0.704166667<x53>[B] (+0) -0.704166667<x54>[B] (+0) +0.704166667<x55>[B] (+0) +0.704166667<x56>[B] (+0) -0.704166667<x57>[B] (+0) +0.704166667<x58>[B] (+0) +0.704166667<x59>[B] (+0) +0.704166667<x60>[B] (+0) -0.704166667<x61>[B] (+0) -0.704166667<x62>[B] (+0) -0.704166667<x63>[B] (+0) +0.704166667<x64>[B] (+0) -0.704166667<x65>[B] (+0) -0.704166667<x66>[B] (+0) -0.704166667<x67>[B] (+0) +0.704166667<x68>[B] (+0) -0.704166667<x69>[B] (+0) +0.704166667<x70>[B] (+0) -0.704166667<x71>[B] (+0) -0.704166667<x72>[B] (+0) -0.704166667<x73>[B] (+0) +0.704166667<x74>[B] (+0) -0.704166667<x75>[B] (+0) -0.704166667<x76>[B] (+0) +0.704166667<x77>[B] (+0) -0.704166667<x78>[B] (+0) +0.704166667<x79>[B] (+0) -0.704166667<x80>[B] (+0) -0.704166667<x81>[B] (+0) -0.704166667<x82>[B] (+0) +0.704166667<x83>[B] (+0) -0.704166667<x84>[B] (+0) +0.704166667<x85>[B] (+0) +0.704166667<x86>[B] (+0) +0.704166667<x87>[B] (+0) +0.704166667<x88>[B] (+0) +0.704166667<x89>[B] (+0) +0.704166667<x90>[B] (+0) +0.704166667<x91>[B] (+0) +0.704166667<x92>[B] (+0) -0.704166667<x93>[B] (+0) +0.704166667<x94>[B] (+0) -0.704166667<x95>[B] (+0) -0.704166667<x96>[B] (+0) -0.704166667<x97>[B] (+0) +0.704166667<x98>[B] (+0) -0.704166667<x99>[B] (+0) +0.704166667<x100>[B] (+0) -0.704166667<x101>[B] (+0) -0.704166667<x102>[B] (+0) -0.704166667<x103>[B] (+0) +0.704166667<x104>[B] (+0) -0.704166667<x105>[B] (+0) -0.704166667<x106>[B] (+0) -0.704166667<x107>[B] (+0) -0.704166667<x108>[B] (+0) -0.704166667<x109>[B] (+0) -0.704166667<x110>[B] (+0) +0.704166667<x111>[B] (+0) +0.704166667<x112>[B] (+0) +0.704166667<x113>[B] (+0) +0.704166667<x114>[B] (+0) -0.704166667<x115>[B] (+0) +0.704166667<x116>[B] (+0) +0.704166667<x117>[B] (+0) +0.704166667<x118>[B] (+0) +0.704166667<x119>[B] (+0) -0.704166667<x120>[B] (+0) >= 20.95;
;
violation: left hand side is violated by 20.95
  [linear] <c1121>: <x121>[C] (+0) +0.704166667<x1>[B] (+1) +0.704166667<x2>[B] (+1) +0.704166667<x3>[B] (+1) +0.704166667<x4>[B] (+1) +0.704166667<x5>[B] (+1) +0.704166667<x6>[B] (+1) +0.704166667<x7>[B] (+1) +0.704166667<x8>[B] (+1) +0.704166667<x9>[B] (+1) +0.704166667<x10>[B] (+1) +0.704166667<x11>[B] (+1) +0.704166667<x12>[B] (+1) +0.704166667<x13>[B] (+1) +0.704166667<x14>[B] (+1) +0.704166667<x15>[B] (+1) +0.704166667<x16>[B] (+1) +0.704166667<x17>[B] (+1) +0.704166667<x18>[B] (+1) +0.704166667<x19>[B] (+1) +0.704166667<x20>[B] (+1) -0.704166667<x21>[B] (+1) +0.704166667<x22>[B] (+1) +0.704166667<x23>[B] (+1) +0.704166667<x24>[B] (+1) +0.704166667<x25>[B] (+1) +0.704166667<x26>[B] (+1) +0.704166667<x27>[B] (+1) +0.704166667<x28>[B] (+1) +0.704166667<x29>[B] (+1) +0.704166667<x30>[B] (+1) +0.704166667<x31>[B] (+1) +0.704166667<x32>[B] (+1) +0.704166667<x33>[B] (+1) -0.704166667<x34>[B] (+1) +0.704166667<x35>[B] (+1) +0.704166667<x36>[B] (+1) +0.704166667<x37>[B] (+1) -0.704166667<x38>[B] (+1) -0.704166667<x39>[B] (+1) -0.704166667<x40>[B] (+1) +0.704166667<x41>[B] (+1) -0.704166667<x42>[B] (+1) -0.704166667<x43>[B] (+1) +0.704166667<x44>[B] (+1) -0.704166667<x45>[B] (+1) -0.704166667<x46>[B] (+1) +0.704166667<x47>[B] (+1) -0.704166667<x48>[B] (+1) +0.704166667<x49>[B] (+1) -0.704166667<x50>[B] (+1) -0.704166667<x51>[B] (+1) -0.704166667<x52>[B] (+1) +0.704166667<x53>[B] (+1) -0.704166667<x54>[B] (+1) +0.704166667<x55>[B] (+1) +0.704166667<x56>[B] (+1) -0.704166667<x57>[B] (+1) +0.704166667<x58>[B] (+1) +0.704166667<x59>[B] (+1) +0.704166667<x60>[B] (+1) -0.704166667<x61>[B] (+1) -0.704166667<x62>[B] (+1) -0.704166667<x63>[B] (+1) +0.704166667<x64>[B] (+1) -0.704166667<x65>[B] (+1) -0.704166667<x66>[B] (+1) -0.704166667<x67>[B] (+1) +0.704166667<x68>[B] (+1) -0.704166667<x69>[B] (+1) +0.704166667<x70>[B] (+1) -0.704166667<x71>[B] (+1) -0.704166667<x72>[B] (+1) -0.704166667<x73>[B] (+1) +0.704166667<x74>[B] (+1) -0.704166667<x75>[B] (+1) -0.704166667<x76>[B] (+1) +0.704166667<x77>[B] (+1) -0.704166667<x78>[B] (+1) +0.704166667<x79>[B] (+1) -0.704166667<x80>[B] (+1) -0.704166667<x81>[B] (+1) -0.704166667<x82>[B] (+1) +0.704166667<x83>[B] (+1) -0.704166667<x84>[B] (+1) +0.704166667<x85>[B] (+1) +0.704166667<x86>[B] (+1) +0.704166667<x87>[B] (+1) +0.704166667<x88>[B] (+1) +0.704166667<x89>[B] (+1) +0.704166667<x90>[B] (+1) +0.704166667<x91>[B] (+1) +0.704166667<x92>[B] (+1) -0.704166667<x93>[B] (+1) +0.704166667<x94>[B] (+1) -0.704166667<x95>[B] (+1) -0.704166667<x96>[B] (+1) -0.704166667<x97>[B] (+1) +0.704166667<x98>[B] (+1) -0.704166667<x99>[B] (+1) +0.704166667<x100>[B] (+1) -0.704166667<x101>[B] (+1) -0.704166667<x102>[B] (+1) -0.704166667<x103>[B] (+1) +0.704166667<x104>[B] (+1) -0.704166667<x105>[B] (+1) -0.704166667<x106>[B] (+1) -0.704166667<x107>[B] (+1) -0.704166667<x108>[B] (+1) -0.704166667<x109>[B] (+1) -0.704166667<x110>[B] (+1) +0.704166667<x111>[B] (+1) +0.704166667<x112>[B] (+1) +0.704166667<x113>[B] (+1) +0.704166667<x114>[B] (+1) -0.704166667<x115>[B] (+1) +0.704166667<x116>[B] (+1) +0.704166667<x117>[B] (+1) +0.704166667<x118>[B] (+1) +0.704166667<x119>[B] (+1) -0.704166667<x120>[B] (+1) >= 20.95;
;
violation: left hand side is violated by 4.04999999999999
1/6 feasible solution given by solution candidate storage, new primal bound -4.000146e+06

presolving:
   (0.0s) symmetry computation started: requiring (bin +, int +, cont +), (fixed: bin -, int -, cont -)
   (0.0s) no symmetry present (symcode time: 0.00)
presolving (0 rounds: 0 fast, 0 medium, 0 exhaustive):
 0 deleted vars, 0 deleted constraints, 0 added constraints, 0 tightened bounds, 0 added holes, 0 changed sides, 0 changed coefficients
 0 implications, 0 cliques, 0 implied integral variables (0 bin, 0 int, 0 cont)
presolved problem has 160 variables (120 bin, 0 int, 40 cont) and 1160 constraints
   1160 constraints of type <linear>
Presolving Time: 0.00
transformed 1/1 original solutions to the transformed problem space

 time | node  | left  |LP iter|LP it/n|mem/heur|mdpt |vars |cons |rows |cuts |sepa|confs|strbr|  dualbound   | primalbound  |  gap   | compl. 
p 0.0s|     1 |     0 |     9 |     - |   locks|   0 | 160 |1160 |1160 |   0 |  0 |   0 |   0 | 3.260000e+02 |-7.656833e+02 |    Inf | unknown
* 0.0s|     1 |     0 |   213 |     - |    LP  |   0 | 160 |1160 |1160 |   0 |  0 |   0 |   0 |-5.128458e+02 |-5.128458e+02 |   0.00%| unknown
  0.0s|     1 |     0 |   213 |     - |  8539k |   0 | 160 |1160 |1160 |   0 |  0 |   0 |   0 |-5.128458e+02 |-5.128458e+02 |   0.00%| unknown

SCIP Status        : problem is solved [optimal solution found]
Solving Time (sec) : 0.01
Solving Nodes      : 1
Primal Bound       : -5.12845833333333e+02 (4 solutions)
Dual Bound         : -5.12845833333333e+02
Gap                : 0.00 %
  [linear] <c1161>: <x121>[C] (+32.2166667) +0.729166667<x1>[B] (+0) +0.729166667<x2>[B] (+1) +0.729166667<x3>[B] (+0) +0.729166667<x4>[B] (+0) +0.729166667<x5>[B] (+0) +0.729166667<x6>[B] (+0) +0.729166667<x7>[B] (+1) +0.729166667<x8>[B] (+0) +0.729166667<x9>[B] (+1) +0.729166667<x10>[B] (+0) +0.729166667<x11>[B] (+1) +0.729166667<x12>[B] (+0) +0.729166667<x13>[B] (+0) +0.729166667<x14>[B] (+0) +0.729166667<x15>[B] (+0) +0.729166667<x16>[B] (+1) +0.729166667<x17>[B] (+0) +0.729166667<x18>[B] (+0) +0.729166667<x19>[B] (+0) +0.729166667<x20>[B] (+0) -0.729166667<x21>[B] (+1) +0.729166667<x22>[B] (+0) +0.729166667<x23>[B] (+1) +0.729166667<x24>[B] (+0) +0.729166667<x25>[B] (+1) +0.729166667<x26>[B] (+0) +0.729166667<x27>[B] (+0) +0.729166667<x28>[B] (+0) +0.729166667<x29>[B] (+0) +0.729166667<x30>[B] (+0) +0.729166667<x31>[B] (+0) +0.729166667<x32>[B] (+0) +0.729166667<x33>[B] (+0) -0.729166667<x34>[B] (+1) +0.729166667<x35>[B] (+0) +0.729166667<x36>[B] (+1) +0.729166667<x37>[B] (+0) -0.729166667<x38>[B] (+0) -0.729166667<x39>[B] (+0) -0.729166667<x40>[B] (+0) +0.729166667<x41>[B] (+0) -0.729166667<x42>[B] (+0) -0.729166667<x43>[B] (+0) +0.729166667<x44>[B] (+0) -0.729166667<x45>[B] (+1) -0.729166667<x46>[B] (+1) +0.729166667<x47>[B] (+1) -0.729166667<x48>[B] (+1) +0.729166667<x49>[B] (+0) -0.729166667<x50>[B] (+1) -0.729166667<x51>[B] (+1) -0.729166667<x52>[B] (+1) +0.729166667<x53>[B] (+0) -0.729166667<x54>[B] (+0) +0.729166667<x55>[B] (+1) +0.729166667<x56>[B] (+1) -0.729166667<x57>[B] (+1) +0.729166667<x58>[B] (+1) +0.729166667<x59>[B] (+1) +0.729166667<x60>[B] (+1) -0.729166667<x61>[B] (+1) -0.729166667<x62>[B] (+1) -0.729166667<x63>[B] (+1) +0.729166667<x64>[B] (+0) -0.729166667<x65>[B] (+1) -0.729166667<x66>[B] (+1) -0.729166667<x67>[B] (+1) +0.729166667<x68>[B] (+1) -0.729166667<x69>[B] (+1) +0.729166667<x70>[B] (+1) -0.729166667<x71>[B] (+1) -0.729166667<x72>[B] (+1) -0.729166667<x73>[B] (+1) +0.729166667<x74>[B] (+0) -0.729166667<x75>[B] (+1) -0.729166667<x76>[B] (+1) +0.729166667<x77>[B] (+1) -0.729166667<x78>[B] (+1) +0.729166667<x79>[B] (+0) -0.729166667<x80>[B] (+1) -0.729166667<x81>[B] (+1) -0.729166667<x82>[B] (+1) +0.729166667<x83>[B] (+0) -0.729166667<x84>[B] (+0) +0.729166667<x85>[B] (+0) +0.729166667<x86>[B] (+1) +0.729166667<x87>[B] (+0) +0.729166667<x88>[B] (+0) +0.729166667<x89>[B] (+0) +0.729166667<x90>[B] (+0) +0.729166667<x91>[B] (+0) +0.729166667<x92>[B] (+0) -0.729166667<x93>[B] (+1) +0.729166667<x94>[B] (+0) -0.729166667<x95>[B] (+1) -0.729166667<x96>[B] (+1) -0.729166667<x97>[B] (+1) +0.729166667<x98>[B] (+0) -0.729166667<x99>[B] (+0) +0.729166667<x100>[B] (+0) -0.729166667<x101>[B] (+0) -0.729166667<x102>[B] (+0) -0.729166667<x103>[B] (+0) +0.729166667<x104>[B] (+0) -0.729166667<x105>[B] (+0) -0.729166667<x106>[B] (+1) -0.729166667<x107>[B] (+1) -0.729166667<x108>[B] (+1) -0.729166667<x109>[B] (+0) -0.729166667<x110>[B] (+1) +0.729166667<x111>[B] (+0) +0.729166667<x112>[B] (+0) +0.729166667<x113>[B] (+0) +0.729166667<x114>[B] (+0) -0.729166667<x115>[B] (+0) +0.729166667<x116>[B] (+0) +0.729166667<x117>[B] (+0) +0.729166667<x118>[B] (+0) +0.729166667<x119>[B] (+0) -0.729166667<x120>[B] (+1) >= 20.6;
;
violation: left hand side is violated by 0.0500000000000327
  [linear] <c1162>: <x122>[C] (+6.70833333) +0.5125<x1>[B] (+1) -0.5125<x2>[B] (+0) +0.5125<x3>[B] (+1) -0.5125<x4>[B] (+1) +0.5125<x5>[B] (+1) +0.5125<x6>[B] (+1) +0.5125<x7>[B] (+1) -0.5125<x8>[B] (+1) +0.5125<x9>[B] (+1) +0.5125<x10>[B] (+1) +0.5125<x11>[B] (+1) +0.5125<x12>[B] (+1) -0.5125<x13>[B] (+1) +0.5125<x14>[B] (+1) +0.5125<x15>[B] (+1) -0.5125<x16>[B] (+0) -0.5125<x17>[B] (+1) -0.5125<x18>[B] (+1) -0.5125<x19>[B] (+1) +0.5125<x20>[B] (+1) -0.5125<x21>[B] (+1) -0.5125<x22>[B] (+1) +0.5125<x23>[B] (+1) -0.5125<x24>[B] (+1) -0.5125<x25>[B] (+1) -0.5125<x26>[B] (+1) -0.5125<x27>[B] (+1) +0.5125<x28>[B] (+1) -0.5125<x29>[B] (+1) +0.5125<x30>[B] (+1) -0.5125<x31>[B] (+1) +0.5125<x32>[B] (+1) +0.5125<x33>[B] (+1) +0.5125<x34>[B] (+1) -0.5125<x35>[B] (+1) +0.5125<x36>[B] (+1) +0.5125<x37>[B] (+1) +0.5125<x38>[B] (+1) +0.5125<x39>[B] (+1) -0.5125<x40>[B] (+1) +0.5125<x41>[B] (+1) +0.5125<x42>[B] (+1) -0.5125<x43>[B] (+1) -0.5125<x44>[B] (+1) +0.5125<x45>[B] (+1) -0.5125<x46>[B] (+1) -0.5125<x47>[B] (+1) +0.5125<x48>[B] (+1) +0.5125<x49>[B] (+1) +0.5125<x50>[B] (+1) -0.5125<x51>[B] (+0) -0.5125<x52>[B] (+1) +0.5125<x53>[B] (+1) -0.5125<x54>[B] (+1) +0.5125<x55>[B] (+0) +0.5125<x56>[B] (+0) +0.5125<x57>[B] (+0) +0.5125<x58>[B] (+0) +0.5125<x59>[B] (+0) +0.5125<x60>[B] (+0) +0.5125<x61>[B] (+0) +0.5125<x62>[B] (+0) -0.5125<x63>[B] (+0) +0.5125<x64>[B] (+1) +0.5125<x65>[B] (+0) +0.5125<x66>[B] (+0) -0.5125<x67>[B] (+0) -0.5125<x68>[B] (+0) +0.5125<x69>[B] (+0) +0.5125<x70>[B] (+0) +0.5125<x71>[B] (+0) -0.5125<x72>[B] (+0) -0.5125<x73>[B] (+0) +0.5125<x74>[B] (+1) -0.5125<x75>[B] (+0) -0.5125<x76>[B] (+0) -0.5125<x77>[B] (+0) -0.5125<x78>[B] (+0) -0.5125<x79>[B] (+1) -0.5125<x80>[B] (+0) -0.5125<x81>[B] (+0) -0.5125<x82>[B] (+0) -0.5125<x83>[B] (+1) -0.5125<x84>[B] (+0) -0.5125<x85>[B] (+0) +0.5125<x86>[B] (+1) +0.5125<x87>[B] (+1) +0.5125<x88>[B] (+1) -0.5125<x89>[B] (+0) -0.5125<x90>[B] (+1) +0.5125<x91>[B] (+1) +0.5125<x92>[B] (+1) +0.5125<x93>[B] (+1) +0.5125<x94>[B] (+1) +0.5125<x95>[B] (+1) +0.5125<x96>[B] (+0) -0.5125<x97>[B] (+1) +0.5125<x98>[B] (+1) +0.5125<x99>[B] (+1) -0.5125<x100>[B] (+1) -0.5125<x101>[B] (+0) -0.5125<x102>[B] (+0) -0.5125<x103>[B] (+1) +0.5125<x104>[B] (+1) -0.5125<x105>[B] (+1) -0.5125<x106>[B] (+0) -0.5125<x107>[B] (+0) -0.5125<x108>[B] (+0) +0.5125<x109>[B] (+1) -0.5125<x110>[B] (+0) -0.5125<x111>[B] (+0) -0.5125<x112>[B] (+1) +0.5125<x113>[B] (+1) -0.5125<x114>[B] (+1) -0.5125<x115>[B] (+1) +0.5125<x116>[B] (+1) +0.5125<x117>[B] (+1) +0.5125<x118>[B] (+1) +0.5125<x119>[B] (+1) -0.5125<x120>[B] (+0) >= 16.0166666666667;
;
violation: left hand side is violated by 1.10833333333334
2/4 feasible solutions given by solution candidate storage, new primal bound -4.000146e+06

presolving:
   (0.0s) symmetry computation started: requiring (bin +, int +, cont +), (fixed: bin -, int -, cont -)
   (0.0s) no symmetry present (symcode time: 0.00)
presolving (0 rounds: 0 fast, 0 medium, 0 exhaustive):
 0 deleted vars, 0 deleted constraints, 0 added constraints, 0 tightened bounds, 0 added holes, 0 changed sides, 0 changed coefficients
 0 implications, 0 cliques, 0 implied integral variables (0 bin, 0 int, 0 cont)
presolved problem has 160 variables (120 bin, 0 int, 40 cont) and 1194 constraints
   1194 constraints of type <linear>
Presolving Time: 0.00
transformed 2/2 original solutions to the transformed problem space

 time | node  | left  |LP iter|LP it/n|mem/heur|mdpt |vars |cons |rows |cuts |sepa|confs|strbr|  dualbound   | primalbound  |  gap   | compl. 
p 0.0s|     1 |     0 |     8 |     - |   locks|   0 | 160 |1194 |1194 |   0 |  0 |   0 |   0 | 3.260000e+02 |-8.004708e+02 |    Inf | unknown
  0.0s|     1 |     0 |   282 |     - |    10M |   0 | 160 |1194 |1194 |   0 |  0 |   0 |   0 |-5.140695e+02 |-8.004708e+02 |  55.71%| unknown
r 0.0s|     1 |     0 |   282 |     - |shifting|   0 | 160 |1194 |1194 |   0 |  0 |   0 |   0 |-5.140695e+02 |-6.301576e+02 |  22.58%| unknown
i 0.0s|     1 |     0 |   319 |     - |  oneopt|   0 | 160 |1194 |1194 |   0 |  0 |   0 |   0 |-5.140695e+02 |-5.355792e+02 |   4.18%| unknown
  0.0s|     1 |     0 |   337 |     - |    11M |   0 | 160 |1194 |1195 |   1 |  1 |   0 |   0 |-5.142249e+02 |-5.355792e+02 |   4.15%| unknown
  0.0s|     1 |     0 |   337 |     - |    11M |   0 | 160 |1194 |1195 |   1 |  1 |   0 |   0 |-5.142249e+02 |-5.355792e+02 |   4.15%| unknown
  0.1s|     1 |     0 |   363 |     - |    11M |   0 | 160 |1194 |1197 |   3 |  2 |   0 |   0 |-5.143572e+02 |-5.355792e+02 |   4.13%| unknown
  0.1s|     1 |     0 |   372 |     - |    12M |   0 | 160 |1194 |1198 |   4 |  3 |   0 |   0 |-5.144224e+02 |-5.355792e+02 |   4.11%| unknown
  0.1s|     1 |     0 |   379 |     - |    12M |   0 | 160 |1194 |1199 |   5 |  4 |   0 |   0 |-5.144358e+02 |-5.355792e+02 |   4.11%| unknown
  0.2s|     1 |     0 |   389 |     - |    12M |   0 | 160 |1194 |1200 |   6 |  5 |   0 |   0 |-5.144458e+02 |-5.355792e+02 |   4.11%| unknown
  0.2s|     1 |     0 |   411 |     - |    13M |   0 | 160 |1194 |1201 |   7 |  6 |   0 |   0 |-5.144761e+02 |-5.355792e+02 |   4.10%| unknown
  0.2s|     1 |     0 |   424 |     - |    13M |   0 | 160 |1194 |1202 |   8 |  7 |   0 |   0 |-5.144912e+02 |-5.355792e+02 |   4.10%| unknown
  0.3s|     1 |     0 |   433 |     - |    13M |   0 | 160 |1194 |1203 |   9 |  8 |   0 |   0 |-5.144971e+02 |-5.355792e+02 |   4.10%| unknown
  0.3s|     1 |     0 |   461 |     - |    14M |   0 | 160 |1194 |1204 |  10 |  9 |   0 |   0 |-5.145210e+02 |-5.355792e+02 |   4.09%| unknown
  0.4s|     1 |     0 |   466 |     - |    14M |   0 | 160 |1194 |1205 |  11 | 10 |   0 |   0 |-5.145225e+02 |-5.355792e+02 |   4.09%| unknown
 time | node  | left  |LP iter|LP it/n|mem/heur|mdpt |vars |cons |rows |cuts |sepa|confs|strbr|  dualbound   | primalbound  |  gap   | compl. 
  0.4s|     1 |     0 |   467 |     - |    14M |   0 | 160 |1194 |1206 |  12 | 11 |   0 |   0 |-5.145268e+02 |-5.355792e+02 |   4.09%| unknown
  0.4s|     1 |     0 |   480 |     - |    14M |   0 | 160 |1194 |1209 |  15 | 12 |   0 |   0 |-5.145320e+02 |-5.355792e+02 |   4.09%| unknown
  0.4s|     1 |     0 |   481 |     - |    14M |   0 | 160 |1194 |1210 |  16 | 13 |   0 |   0 |-5.145320e+02 |-5.355792e+02 |   4.09%| unknown
d 0.4s|     1 |     0 |   516 |     - |farkasdi|   0 | 160 |1194 |1210 |   0 | 13 |   0 |   0 |-5.145320e+02 |-5.147625e+02 |   0.04%| unknown
  0.4s|     1 |     0 |   516 |     - |    14M |   0 | 160 |1194 |1210 |  16 | 13 |   0 |   0 |-5.145320e+02 |-5.147625e+02 |   0.04%| unknown
  0.4s|     1 |     0 |   516 |     - |    14M |   0 | 160 |1194 | 301 |  16 | 13 |   0 |   0 |-5.145320e+02 |-5.147625e+02 |   0.04%| unknown
  0.4s|     1 |     0 |   522 |     - |    14M |   0 | 160 |1194 | 302 |  17 | 14 |   0 |   0 |-5.145371e+02 |-5.147625e+02 |   0.04%| unknown
  0.4s|     1 |     0 |   523 |     - |    14M |   0 | 160 |1194 | 303 |  18 | 15 |   0 |   0 |-5.145373e+02 |-5.147625e+02 |   0.04%| unknown
  0.4s|     1 |     0 |   523 |     - |    14M |   0 | 160 | 236 | 303 |  18 | 15 |   0 |   0 |-5.145373e+02 |-5.147625e+02 |   0.04%| unknown
  0.5s|     1 |     0 |   530 |     - |    14M |   0 | 160 | 236 | 304 |  19 | 16 |   0 |   0 |-5.145414e+02 |-5.147625e+02 |   0.04%| unknown
  0.5s|     1 |     0 |   538 |     - |    14M |   0 | 160 | 236 | 305 |  20 | 17 |   0 |   0 |-5.145422e+02 |-5.147625e+02 |   0.04%| unknown
(run 1, node 1) restarting after 84 global fixings of integer variables

(restart) converted 20 cuts from the global cut pool into linear constraints

presolving:
presolving (0 rounds: 0 fast, 0 medium, 0 exhaustive):
 0 deleted vars, 0 deleted constraints, 0 added constraints, 0 tightened bounds, 0 added holes, 0 changed sides, 0 changed coefficients
 0 implications, 0 cliques, 0 implied integral variables (0 bin, 0 int, 0 cont)
presolved problem has 160 variables (120 bin, 0 int, 40 cont) and 256 constraints
    256 constraints of type <linear>
Presolving Time: 0.00
transformed 18/25 original solutions to the transformed problem space

 time | node  | left  |LP iter|LP it/n|mem/heur|mdpt |vars |cons |rows |cuts |sepa|confs|strbr|  dualbound   | primalbound  |  gap   | compl. 
  0.5s|     1 |     0 |   763 |     - |    15M |   0 | 160 | 256 | 256 |   0 |  0 |   0 |   0 |-5.145422e+02 |-5.147625e+02 |   0.04%| unknown
  0.5s|     1 |     0 |   763 |     - |    15M |   0 | 160 | 256 | 237 |   0 |  0 |   0 |   0 |-5.145422e+02 |-5.147625e+02 |   0.04%| unknown
  0.5s|     1 |     0 |   784 |     - |    15M |   0 | 160 | 256 | 238 |   1 |  1 |   0 |   0 |-5.145528e+02 |-5.147625e+02 |   0.04%| unknown
  0.5s|     1 |     0 |   804 |     - |    15M |   0 | 160 | 256 | 239 |   2 |  2 |   0 |   0 |-5.145671e+02 |-5.147625e+02 |   0.04%| unknown
  0.5s|     1 |     0 |   825 |     - |    15M |   0 | 160 | 256 | 240 |   3 |  3 |   0 |   0 |-5.145828e+02 |-5.147625e+02 |   0.03%| unknown
  0.6s|     1 |     0 |   838 |     - |    15M |   0 | 160 | 256 | 241 |   4 |  4 |   0 |   0 |-5.145923e+02 |-5.147625e+02 |   0.03%| unknown
  0.6s|     1 |     0 |   849 |     - |    15M |   0 | 160 | 256 | 242 |   5 |  5 |   0 |   0 |-5.145957e+02 |-5.147625e+02 |   0.03%| unknown
  0.6s|     1 |     0 |   856 |     - |    15M |   0 | 160 | 256 | 243 |   6 |  6 |   0 |   0 |-5.145963e+02 |-5.147625e+02 |   0.03%| unknown
  0.7s|     1 |     0 |   863 |     - |    15M |   0 | 160 | 256 | 245 |   8 |  7 |   0 |   0 |-5.145987e+02 |-5.147625e+02 |   0.03%| unknown
  0.7s|     1 |     0 |   866 |     - |    15M |   0 | 160 | 256 | 246 |   9 |  8 |   0 |   0 |-5.145996e+02 |-5.147625e+02 |   0.03%| unknown
  0.7s|     1 |     0 |   879 |     - |    15M |   0 | 160 | 256 | 247 |  10 |  9 |   0 |   0 |-5.146057e+02 |-5.147625e+02 |   0.03%| unknown
  0.8s|     1 |     0 |   891 |     - |    15M |   0 | 160 | 256 | 248 |  11 | 10 |   0 |   0 |-5.146107e+02 |-5.147625e+02 |   0.03%| unknown
  0.8s|     1 |     0 |   895 |     - |    15M |   0 | 160 | 256 | 249 |  12 | 11 |   0 |   0 |-5.146120e+02 |-5.147625e+02 |   0.03%| unknown
  0.8s|     1 |     0 |   902 |     - |    15M |   0 | 160 | 256 | 250 |  13 | 12 |   0 |   0 |-5.146128e+02 |-5.147625e+02 |   0.03%| unknown
  0.9s|     1 |     0 |   908 |     - |    15M |   0 | 160 | 256 | 238 |  14 | 13 |   0 |   0 |-5.146133e+02 |-5.147625e+02 |   0.03%| unknown
 time | node  | left  |LP iter|LP it/n|mem/heur|mdpt |vars |cons |rows |cuts |sepa|confs|strbr|  dualbound   | primalbound  |  gap   | compl. 
  0.9s|     1 |     0 |   909 |     - |    15M |   0 | 160 | 256 | 239 |  15 | 14 |   0 |   0 |-5.146133e+02 |-5.147625e+02 |   0.03%| unknown
  0.9s|     1 |     0 |   913 |     - |    15M |   0 | 160 | 256 | 240 |  16 | 15 |   0 |   0 |-5.146134e+02 |-5.147625e+02 |   0.03%| unknown
  0.9s|     1 |     0 |   913 |     - |    15M |   0 | 160 | 221 | 240 |  16 | 15 |   0 |   0 |-5.146134e+02 |-5.147625e+02 |   0.03%| unknown
  0.9s|     1 |     0 |   917 |     - |    15M |   0 | 160 | 221 | 241 |  17 | 16 |   0 |   0 |-5.146134e+02 |-5.147625e+02 |   0.03%| unknown
  1.0s|     1 |     0 |   978 |     - |    15M |   0 | 160 | 224 | 241 |  17 | 17 |   5 |   0 |-5.147625e+02 |-5.147625e+02 |   0.00%| unknown

SCIP Status        : problem is solved [optimal solution found]
Solving Time (sec) : 0.97
Solving Nodes      : 1 (total of 2 nodes in 2 runs)
Primal Bound       : -5.14762500000000e+02 (42 solutions)
Dual Bound         : -5.14762500000000e+02
Gap                : 0.00 %
  [linear] <c1195>: <x121>[C] (+28.6958333) +0.6875<x1>[B] (+0) +0.6875<x2>[B] (+1) +0.6875<x3>[B] (+0) +0.6875<x4>[B] (+0) +0.6875<x5>[B] (+0) +0.6875<x6>[B] (+0) +0.6875<x7>[B] (+0) +0.6875<x8>[B] (+0) +0.6875<x9>[B] (+0) +0.6875<x10>[B] (+0) +0.6875<x11>[B] (+1) +0.6875<x12>[B] (+0) +0.6875<x13>[B] (+0) +0.6875<x14>[B] (+0) +0.6875<x15>[B] (+0) +0.6875<x16>[B] (+1) +0.6875<x17>[B] (+0) +0.6875<x18>[B] (+0) +0.6875<x19>[B] (+0) +0.6875<x20>[B] (+0) -0.6875<x21>[B] (+0) +0.6875<x22>[B] (+0) +0.6875<x23>[B] (+1) +0.6875<x24>[B] (+0) +0.6875<x25>[B] (+1) +0.6875<x26>[B] (+0) +0.6875<x27>[B] (+0) +0.6875<x28>[B] (+0) +0.6875<x29>[B] (+0) +0.6875<x30>[B] (+0) +0.6875<x31>[B] (+0) +0.6875<x32>[B] (+0) +0.6875<x33>[B] (+0) -0.6875<x34>[B] (+0) +0.6875<x35>[B] (+0) +0.6875<x36>[B] (+0) +0.6875<x37>[B] (+0) -0.6875<x38>[B] (+0) -0.6875<x39>[B] (+0) -0.6875<x40>[B] (+0) +0.6875<x41>[B] (+0) -0.6875<x42>[B] (+0) -0.6875<x43>[B] (+0) +0.6875<x44>[B] (+0) -0.6875<x45>[B] (+0) -0.6875<x46>[B] (+0) +0.6875<x47>[B] (+1) -0.6875<x48>[B] (+1) +0.6875<x49>[B] (+0) -0.6875<x50>[B] (+1) -0.6875<x51>[B] (+1) -0.6875<x52>[B] (+0) +0.6875<x53>[B] (+0) -0.6875<x54>[B] (+0) +0.6875<x55>[B] (+1) +0.6875<x56>[B] (+1) -0.6875<x57>[B] (+1) +0.6875<x58>[B] (+1) +0.6875<x59>[B] (+1) +0.6875<x60>[B] (+1) -0.6875<x61>[B] (+1) -0.6875<x62>[B] (+1) -0.6875<x63>[B] (+1) +0.6875<x64>[B] (+0) -0.6875<x65>[B] (+1) -0.6875<x66>[B] (+1) -0.6875<x67>[B] (+1) +0.6875<x68>[B] (+1) -0.6875<x69>[B] (+1) +0.6875<x70>[B] (+1) -0.6875<x71>[B] (+1) -0.6875<x72>[B] (+1) -0.6875<x73>[B] (+1) +0.6875<x74>[B] (+0) -0.6875<x75>[B] (+1) -0.6875<x76>[B] (+1) +0.6875<x77>[B] (+1) -0.6875<x78>[B] (+1) +0.6875<x79>[B] (+0) -0.6875<x80>[B] (+1) -0.6875<x81>[B] (+1) -0.6875<x82>[B] (+1) +0.6875<x83>[B] (+0) -0.6875<x84>[B] (+1) +0.6875<x85>[B] (+1) +0.6875<x86>[B] (+1) +0.6875<x87>[B] (+0) +0.6875<x88>[B] (+1) +0.6875<x89>[B] (+1) +0.6875<x90>[B] (+1) +0.6875<x91>[B] (+0) +0.6875<x92>[B] (+0) -0.6875<x93>[B] (+1) +0.6875<x94>[B] (+0) -0.6875<x95>[B] (+1) -0.6875<x96>[B] (+1) -0.6875<x97>[B] (+2.66453526e-13) +0.6875<x98>[B] (+0) -0.6875<x99>[B] (+0) +0.6875<x100>[B] (+0) -0.6875<x101>[B] (+1) -0.6875<x102>[B] (+0) -0.6875<x103>[B] (+0) +0.6875<x104>[B] (+0) -0.6875<x105>[B] (+0) -0.6875<x106>[B] (+1) -0.6875<x107>[B] (+1) -0.6875<x108>[B] (+1) -0.6875<x109>[B] (+0) -0.6875<x110>[B] (+1) +0.6875<x111>[B] (+0) +0.6875<x112>[B] (+0) +0.6875<x113>[B] (+0) +0.6875<x114>[B] (+0) -0.6875<x115>[B] (+0) +0.6875<x116>[B] (+0) +0.6875<x117>[B] (+0) +0.6875<x118>[B] (+0) +0.6875<x119>[B] (+0) -0.6875<x120>[B] (+1) >= 21.1416666666667;
;
violation: left hand side is violated by 0.00833333333333286
  [linear] <c1195>: <x121>[C] (+24.4708333) +0.6875<x1>[B] (+1) +0.6875<x2>[B] (+1) +0.6875<x3>[B] (+1) +0.6875<x4>[B] (+0) +0.6875<x5>[B] (+0) +0.6875<x6>[B] (+0) +0.6875<x7>[B] (+1) +0.6875<x8>[B] (+0) +0.6875<x9>[B] (+1) +0.6875<x10>[B] (+0) +0.6875<x11>[B] (+1) +0.6875<x12>[B] (+1) +0.6875<x13>[B] (+0) +0.6875<x14>[B] (+0) +0.6875<x15>[B] (+0) +0.6875<x16>[B] (+1) +0.6875<x17>[B] (+1) +0.6875<x18>[B] (+0) +0.6875<x19>[B] (+0) +0.6875<x20>[B] (+0) -0.6875<x21>[B] (+1) +0.6875<x22>[B] (+0) +0.6875<x23>[B] (+1) +0.6875<x24>[B] (+0) +0.6875<x25>[B] (+0) +0.6875<x26>[B] (+1) +0.6875<x27>[B] (+0) +0.6875<x28>[B] (+0) +0.6875<x29>[B] (+0) +0.6875<x30>[B] (+0) +0.6875<x31>[B] (+0) +0.6875<x32>[B] (+0) +0.6875<x33>[B] (+0) -0.6875<x34>[B] (+0) +0.6875<x35>[B] (+0) +0.6875<x36>[B] (+0) +0.6875<x37>[B] (+0) -0.6875<x38>[B] (+0) -0.6875<x39>[B] (+0) -0.6875<x40>[B] (+0) +0.6875<x41>[B] (+0) -0.6875<x42>[B] (+0) -0.6875<x43>[B] (+0) +0.6875<x44>[B] (+0) -0.6875<x45>[B] (+0) -0.6875<x46>[B] (+0) +0.6875<x47>[B] (+0) -0.6875<x48>[B] (+1) +0.6875<x49>[B] (+0) -0.6875<x50>[B] (+0) -0.6875<x51>[B] (+0) -0.6875<x52>[B] (+0) +0.6875<x53>[B] (+0) -0.6875<x54>[B] (+0) +0.6875<x55>[B] (+1) +0.6875<x56>[B] (+1) -0.6875<x57>[B] (+1) +0.6875<x58>[B] (+1) +0.6875<x59>[B] (+1) +0.6875<x60>[B] (+1) -0.6875<x61>[B] (+1) -0.6875<x62>[B] (+1) -0.6875<x63>[B] (+1) +0.6875<x64>[B] (+0) -0.6875<x65>[B] (+1) -0.6875<x66>[B] (+1) -0.6875<x67>[B] (+1) +0.6875<x68>[B] (+1) -0.6875<x69>[B] (+1) +0.6875<x70>[B] (+1) -0.6875<x71>[B] (+1) -0.6875<x72>[B] (+1) -0.6875<x73>[B] (+1) +0.6875<x74>[B] (+0) -0.6875<x75>[B] (+1) -0.6875<x76>[B] (+1) +0.6875<x77>[B] (+1) -0.6875<x78>[B] (+1) +0.6875<x79>[B] (+0) -0.6875<x80>[B] (+1) -0.6875<x81>[B] (+1) -0.6875<x82>[B] (+1) +0.6875<x83>[B] (+0) -0.6875<x84>[B] (+0) +0.6875<x85>[B] (+0) +0.6875<x86>[B] (+1) +0.6875<x87>[B] (+0) +0.6875<x88>[B] (+0) +0.6875<x89>[B] (+1) +0.6875<x90>[B] (+0) +0.6875<x91>[B] (+0) +0.6875<x92>[B] (+0) -0.6875<x93>[B] (+1) +0.6875<x94>[B] (+0) -0.6875<x95>[B] (+1) -0.6875<x96>[B] (+1) -0.6875<x97>[B] (+0) +0.6875<x98>[B] (+0) -0.6875<x99>[B] (+0) +0.6875<x100>[B] (+0) -0.6875<x101>[B] (+0) -0.6875<x102>[B] (+0) -0.6875<x103>[B] (+0) +0.6875<x104>[B] (+0) -0.6875<x105>[B] (+0) -0.6875<x106>[B] (+1) -0.6875<x107>[B] (+1) -0.6875<x108>[B] (+1) -0.6875<x109>[B] (+0) -0.6875<x110>[B] (+1) +0.6875<x111>[B] (+1) +0.6875<x112>[B] (+0) +0.6875<x113>[B] (+0) +0.6875<x114>[B] (+0) -0.6875<x115>[B] (+0) +0.6875<x116>[B] (+0) +0.6875<x117>[B] (+0) +0.6875<x118>[B] (+0) +0.6875<x119>[B] (+0) -0.6875<x120>[B] (+1) >= 21.1416666666667;
;
violation: left hand side is violated by 0.108333333333334
  [linear] <c1199>: <x125>[C] (+7.62083333) +0.3375<x1>[B] (+0) +0.3375<x2>[B] (+0) +0.3375<x3>[B] (+0) +0.3375<x4>[B] (+0) +0.3375<x5>[B] (+0) -0.3375<x6>[B] (+0) -0.3375<x7>[B] (+0) +0.3375<x8>[B] (+0) +0.3375<x9>[B] (+1) +0.3375<x10>[B] (+0) +0.3375<x11>[B] (+1) +0.3375<x12>[B] (+0) +0.3375<x13>[B] (+0) -0.3375<x14>[B] (+0) +0.3375<x15>[B] (+0) -0.3375<x16>[B] (+1) -0.3375<x17>[B] (+0) -0.3375<x18>[B] (+0) -0.3375<x19>[B] (+0) -0.3375<x20>[B] (+0) -0.3375<x21>[B] (+0) -0.3375<x22>[B] (+0) -0.3375<x23>[B] (+1) -0.3375<x24>[B] (+0) +0.3375<x25>[B] (+1) +0.3375<x26>[B] (+0) -0.3375<x27>[B] (+0) -0.3375<x28>[B] (+0) -0.3375<x29>[B] (+0) -0.3375<x30>[B] (+0) +0.3375<x31>[B] (+0) -0.3375<x32>[B] (+0) -0.3375<x33>[B] (+0) -0.3375<x34>[B] (+0) -0.3375<x35>[B] (+0) -0.3375<x36>[B] (+1) -0.3375<x37>[B] (+0) +0.3375<x38>[B] (+1) +0.3375<x39>[B] (+0) -0.3375<x40>[B] (+0) -0.3375<x41>[B] (+0) -0.3375<x42>[B] (+0) +0.3375<x43>[B] (+0) -0.3375<x44>[B] (+0) -0.3375<x45>[B] (+0) -0.3375<x46>[B] (+1) -0.3375<x47>[B] (+1) +0.3375<x48>[B] (+1) +0.3375<x49>[B] (+0) +0.3375<x50>[B] (+1) +0.3375<x51>[B] (+1) +0.3375<x52>[B] (+1) -0.3375<x53>[B] (+0) -0.3375<x54>[B] (+0) -0.3375<x55>[B] (+1) -0.3375<x56>[B] (+1) -0.3375<x57>[B] (+1) -0.3375<x58>[B] (+1) -0.3375<x59>[B] (+1) -0.3375<x60>[B] (+1) +0.3375<x61>[B] (+1) +0.3375<x62>[B] (+1) -0.3375<x63>[B] (+1) -0.3375<x64>[B] (+0) -0.3375<x65>[B] (+1) -0.3375<x66>[B] (+1) -0.3375<x67>[B] (+1) +0.3375<x68>[B] (+1) +0.3375<x69>[B] (+1) +0.3375<x70>[B] (+1) +0.3375<x71>[B] (+1) +0.3375<x72>[B] (+1) +0.3375<x73>[B] (+1) -0.3375<x74>[B] (+0) +0.3375<x75>[B] (+1) -0.3375<x76>[B] (+1) +0.3375<x77>[B] (+1) +0.3375<x78>[B] (+1) +0.3375<x79>[B] (+0) +0.3375<x80>[B] (+1) +0.3375<x81>[B] (+1) +0.3375<x82>[B] (+1) -0.3375<x83>[B] (+0) +0.3375<x84>[B] (+0) +0.3375<x85>[B] (+1) +0.3375<x86>[B] (+1) +0.3375<x87>[B] (+0) +0.3375<x88>[B] (+1) +0.3375<x89>[B] (+1) +0.3375<x90>[B] (+1) -0.3375<x91>[B] (+0) +0.3375<x92>[B] (+0) +0.3375<x93>[B] (+1) +0.3375<x94>[B] (+0) +0.3375<x95>[B] (+1) +0.3375<x96>[B] (+1) +0.3375<x97>[B] (+0) -0.3375<x98>[B] (+0) +0.3375<x99>[B] (+0) -0.3375<x100>[B] (+0) +0.3375<x101>[B] (+0) +0.3375<x102>[B] (+0) -0.3375<x103>[B] (+0) -0.3375<x104>[B] (+0) -0.3375<x105>[B] (+0) +0.3375<x106>[B] (+1) +0.3375<x107>[B] (+1) -0.3375<x108>[B] (+1) -0.3375<x109>[B] (+0) -0.3375<x110>[B] (+1) +0.3375<x111>[B] (+0) -0.3375<x112>[B] (+0) -0.3375<x113>[B] (+0) -0.3375<x114>[B] (+0) -0.3375<x115>[B] (+0) -0.3375<x116>[B] (+0) -0.3375<x117>[B] (+0) -0.3375<x118>[B] (+0) -0.3375<x119>[B] (+0) +0.3375<x120>[B] (+1) >= 12.7416666666667;
;
violation: left hand side is violated by 0.0583333333333318
  [linear] <c1208>: <x138>[C] (+20.3916667) +0.579166667<x1>[B] (+0) -0.579166667<x2>[B] (+1) -0.579166667<x3>[B] (+0) +0.579166667<x4>[B] (+0) -0.579166667<x5>[B] (+0) -0.579166667<x6>[B] (+0) -0.579166667<x7>[B] (+0) -0.579166667<x8>[B] (+0) -0.579166667<x9>[B] (+1) -0.579166667<x10>[B] (+0) -0.579166667<x11>[B] (+1) -0.579166667<x12>[B] (+0) +0.579166667<x13>[B] (+0) -0.579166667<x14>[B] (+0) -0.579166667<x15>[B] (+0) -0.579166667<x16>[B] (+1) -0.579166667<x17>[B] (+0) -0.579166667<x18>[B] (+0) -0.579166667<x19>[B] (+0) -0.579166667<x20>[B] (+0) -0.579166667<x21>[B] (+0) -0.579166667<x22>[B] (+0) -0.579166667<x23>[B] (+1) -0.579166667<x24>[B] (+0) -0.579166667<x25>[B] (+1) -0.579166667<x26>[B] (+0) +0.579166667<x27>[B] (+0) -0.579166667<x28>[B] (+0) -0.579166667<x29>[B] (+0) -0.579166667<x30>[B] (+0) +0.579166667<x31>[B] (+0) +0.579166667<x32>[B] (+0) +0.579166667<x33>[B] (+0) +0.579166667<x34>[B] (+0) +0.579166667<x35>[B] (+0) -0.579166667<x36>[B] (+1) +0.579166667<x37>[B] (+0) +0.579166667<x38>[B] (+0) +0.579166667<x39>[B] (+0) +0.579166667<x40>[B] (+0) +0.579166667<x41>[B] (+0) +0.579166667<x42>[B] (+0) +0.579166667<x43>[B] (+0) +0.579166667<x44>[B] (+0) +0.579166667<x45>[B] (+0) +0.579166667<x46>[B] (+1) +0.579166667<x47>[B] (+1) +0.579166667<x48>[B] (+1) +0.579166667<x49>[B] (+0) +0.579166667<x50>[B] (+1) +0.579166667<x51>[B] (+1) +0.579166667<x52>[B] (+1) +0.579166667<x53>[B] (+0) +0.579166667<x54>[B] (+0) -0.579166667<x55>[B] (+1) -0.579166667<x56>[B] (+1) -0.579166667<x57>[B] (+1) -0.579166667<x58>[B] (+1) -0.579166667<x59>[B] (+1) -0.579166667<x60>[B] (+1) -0.579166667<x61>[B] (+1) -0.579166667<x62>[B] (+1) +0.579166667<x63>[B] (+1) -0.579166667<x64>[B] (+0) -0.579166667<x65>[B] (+1) +0.579166667<x66>[B] (+1) +0.579166667<x67>[B] (+1) -0.579166667<x68>[B] (+1) -0.579166667<x69>[B] (+1) -0.579166667<x70>[B] (+1) -0.579166667<x71>[B] (+1) -0.579166667<x72>[B] (+1) +0.579166667<x73>[B] (+1) -0.579166667<x74>[B] (+0) -0.579166667<x75>[B] (+1) +0.579166667<x76>[B] (+1) -0.579166667<x77>[B] (+1) -0.579166667<x78>[B] (+1) -0.579166667<x79>[B] (+0) -0.579166667<x80>[B] (+1) -0.579166667<x81>[B] (+1) +0.579166667<x82>[B] (+1) -0.579166667<x83>[B] (+0) -0.579166667<x84>[B] (+0) -0.579166667<x85>[B] (+1) -0.579166667<x86>[B] (+1) -0.579166667<x87>[B] (+0) -0.579166667<x88>[B] (+1) -0.579166667<x89>[B] (+1) +0.579166667<x90>[B] (+1) -0.579166667<x91>[B] (+0) -0.579166667<x92>[B] (+0) -0.579166667<x93>[B] (+1) +0.579166667<x94>[B] (+0) +0.579166667<x95>[B] (+1) +0.579166667<x96>[B] (+1) +0.579166667<x97>[B] (+0) +0.579166667<x98>[B] (+0) +0.579166667<x99>[B] (+0) +0.579166667<x100>[B] (+0) +0.579166667<x101>[B] (+0) +0.579166667<x102>[B] (+0) +0.579166667<x103>[B] (+0) +0.579166667<x104>[B] (+0) +0.579166667<x105>[B] (+0) -0.579166667<x106>[B] (+1) +0.579166667<x107>[B] (+1) +0.579166667<x108>[B] (+1) +0.579166667<x109>[B] (+0) +0.579166667<x110>[B] (+1) +0.579166667<x111>[B] (+0) +0.579166667<x112>[B] (+0) +0.579166667<x113>[B] (+0) +0.579166667<x114>[B] (+0) +0.579166667<x115>[B] (+0) -0.579166667<x116>[B] (+0) -0.579166667<x117>[B] (+0) -0.579166667<x118>[B] (+0) -0.579166667<x119>[B] (+0) -0.579166667<x120>[B] (+1) >= 11.7291666666667;
;
violation: left hand side is violated by 0.0250000000000021
  [linear] <c1196>: <x122>[C] (+18.125) +0.554166667<x1>[B] (+0) -0.554166667<x2>[B] (+1) +0.554166667<x3>[B] (+0) -0.554166667<x4>[B] (+0) +0.554166667<x5>[B] (+0) +0.554166667<x6>[B] (+0) +0.554166667<x7>[B] (+0) -0.554166667<x8>[B] (+0) +0.554166667<x9>[B] (+1) +0.554166667<x10>[B] (+0) +0.554166667<x11>[B] (+1) +0.554166667<x12>[B] (+0) -0.554166667<x13>[B] (+0) +0.554166667<x14>[B] (+0) +0.554166667<x15>[B] (+0) -0.554166667<x16>[B] (+1) -0.554166667<x17>[B] (+0) -0.554166667<x18>[B] (+0) -0.554166667<x19>[B] (+0) +0.554166667<x20>[B] (+0) -0.554166667<x21>[B] (+0) -0.554166667<x22>[B] (+0) +0.554166667<x23>[B] (+1) -0.554166667<x24>[B] (+0) -0.554166667<x25>[B] (+1) -0.554166667<x26>[B] (+0) -0.554166667<x27>[B] (+0) +0.554166667<x28>[B] (+0) -0.554166667<x29>[B] (+0) +0.554166667<x30>[B] (+0) -0.554166667<x31>[B] (+0) +0.554166667<x32>[B] (+0) +0.554166667<x33>[B] (+0) +0.554166667<x34>[B] (+0) -0.554166667<x35>[B] (+0) +0.554166667<x36>[B] (+0) +0.554166667<x37>[B] (+0) +0.554166667<x38>[B] (+0) +0.554166667<x39>[B] (+0) -0.554166667<x40>[B] (+0) +0.554166667<x41>[B] (+0) +0.554166667<x42>[B] (+0) -0.554166667<x43>[B] (+0) -0.554166667<x44>[B] (+0) +0.554166667<x45>[B] (+0) -0.554166667<x46>[B] (+1) -0.554166667<x47>[B] (+1) +0.554166667<x48>[B] (+1) +0.554166667<x49>[B] (+0) +0.554166667<x50>[B] (+1) -0.554166667<x51>[B] (+1) -0.554166667<x52>[B] (+1) +0.554166667<x53>[B] (+0) -0.554166667<x54>[B] (+0) +0.554166667<x55>[B] (+1) +0.554166667<x56>[B] (+1) +0.554166667<x57>[B] (+1) +0.554166667<x58>[B] (+1) +0.554166667<x59>[B] (+1) +0.554166667<x60>[B] (+1) +0.554166667<x61>[B] (+1) +0.554166667<x62>[B] (+1) -0.554166667<x63>[B] (+1) +0.554166667<x64>[B] (+0) +0.554166667<x65>[B] (+1) +0.554166667<x66>[B] (+1) -0.554166667<x67>[B] (+1) -0.554166667<x68>[B] (+1) +0.554166667<x69>[B] (+1) +0.554166667<x70>[B] (+1) +0.554166667<x71>[B] (+1) -0.554166667<x72>[B] (+1) -0.554166667<x73>[B] (+1) +0.554166667<x74>[B] (+0) -0.554166667<x75>[B] (+1) -0.554166667<x76>[B] (+1) -0.554166667<x77>[B] (+1) -0.554166667<x78>[B] (+1) -0.554166667<x79>[B] (+0) -0.554166667<x80>[B] (+1) -0.554166667<x81>[B] (+1) -0.554166667<x82>[B] (+1) -0.554166667<x83>[B] (+0) -0.554166667<x84>[B] (+0) -0.554166667<x85>[B] (+1) +0.554166667<x86>[B] (+1) +0.554166667<x87>[B] (+0) +0.554166667<x88>[B] (+1) -0.554166667<x89>[B] (+1) -0.554166667<x90>[B] (+1) +0.554166667<x91>[B] (+0) +0.554166667<x92>[B] (+0) +0.554166667<x93>[B] (+1) +0.554166667<x94>[B] (+0) +0.554166667<x95>[B] (+1) +0.554166667<x96>[B] (+1) -0.554166667<x97>[B] (+0) +0.554166667<x98>[B] (+0) +0.554166667<x99>[B] (+0) -0.554166667<x100>[B] (+0) -0.554166667<x101>[B] (+0) -0.554166667<x102>[B] (+0) -0.554166667<x103>[B] (+0) +0.554166667<x104>[B] (+0) -0.554166667<x105>[B] (+0) -0.554166667<x106>[B] (+1) -0.554166667<x107>[B] (+1) -0.554166667<x108>[B] (+1) +0.554166667<x109>[B] (+0) -0.554166667<x110>[B] (+1) -0.554166667<x111>[B] (+0) -0.554166667<x112>[B] (+0) +0.554166667<x113>[B] (+0) -0.554166667<x114>[B] (+0) -0.554166667<x115>[B] (+0) +0.554166667<x116>[B] (+0) +0.554166667<x117>[B] (+0) +0.554166667<x118>[B] (+0) +0.554166667<x119>[B] (+0) -0.554166667<x120>[B] (+1) >= 15.9333333333333;
;
violation: left hand side is violated by 0.0249999999998813
  [linear] <c1199>: <x125>[C] (+7.62083333) +0.3375<x1>[B] (+0) +0.3375<x2>[B] (+0) +0.3375<x3>[B] (+0) +0.3375<x4>[B] (+0) +0.3375<x5>[B] (+0) -0.3375<x6>[B] (+0) -0.3375<x7>[B] (+0) +0.3375<x8>[B] (+0) +0.3375<x9>[B] (+1) +0.3375<x10>[B] (+0) +0.3375<x11>[B] (+1) +0.3375<x12>[B] (+0) +0.3375<x13>[B] (+0) -0.3375<x14>[B] (+0) +0.3375<x15>[B] (+0) -0.3375<x16>[B] (+1) -0.3375<x17>[B] (+0) -0.3375<x18>[B] (+0) -0.3375<x19>[B] (+0) -0.3375<x20>[B] (+0) -0.3375<x21>[B] (+0) -0.3375<x22>[B] (+0) -0.3375<x23>[B] (+1) -0.3375<x24>[B] (+0) +0.3375<x25>[B] (+1) +0.3375<x26>[B] (+0) -0.3375<x27>[B] (+0) -0.3375<x28>[B] (+0) -0.3375<x29>[B] (+0) -0.3375<x30>[B] (+0) +0.3375<x31>[B] (+0) -0.3375<x32>[B] (+0) -0.3375<x33>[B] (+0) -0.3375<x34>[B] (+0) -0.3375<x35>[B] (+0) -0.3375<x36>[B] (+1) -0.3375<x37>[B] (+0) +0.3375<x38>[B] (+1) +0.3375<x39>[B] (+0) -0.3375<x40>[B] (+0) -0.3375<x41>[B] (+0) -0.3375<x42>[B] (+0) +0.3375<x43>[B] (+0) -0.3375<x44>[B] (+0) -0.3375<x45>[B] (+0) -0.3375<x46>[B] (+1) -0.3375<x47>[B] (+1) +0.3375<x48>[B] (+1) +0.3375<x49>[B] (+0) +0.3375<x50>[B] (+1) +0.3375<x51>[B] (+1) +0.3375<x52>[B] (+1) -0.3375<x53>[B] (+0) -0.3375<x54>[B] (+0) -0.3375<x55>[B] (+1) -0.3375<x56>[B] (+1) -0.3375<x57>[B] (+1) -0.3375<x58>[B] (+1) -0.3375<x59>[B] (+1) -0.3375<x60>[B] (+1) +0.3375<x61>[B] (+1) +0.3375<x62>[B] (+1) -0.3375<x63>[B] (+1) -0.3375<x64>[B] (+0) -0.3375<x65>[B] (+1) -0.3375<x66>[B] (+1) -0.3375<x67>[B] (+1) +0.3375<x68>[B] (+1) +0.3375<x69>[B] (+1) +0.3375<x70>[B] (+1) +0.3375<x71>[B] (+1) +0.3375<x72>[B] (+1) +0.3375<x73>[B] (+1) -0.3375<x74>[B] (+0) +0.3375<x75>[B] (+1) -0.3375<x76>[B] (+1) +0.3375<x77>[B] (+1) +0.3375<x78>[B] (+1) +0.3375<x79>[B] (+0) +0.3375<x80>[B] (+1) +0.3375<x81>[B] (+1) +0.3375<x82>[B] (+1) -0.3375<x83>[B] (+0) +0.3375<x84>[B] (+0) +0.3375<x85>[B] (+1) +0.3375<x86>[B] (+1) +0.3375<x87>[B] (+0) +0.3375<x88>[B] (+1) +0.3375<x89>[B] (+1) +0.3375<x90>[B] (+1) -0.3375<x91>[B] (+0) +0.3375<x92>[B] (+0) +0.3375<x93>[B] (+1) +0.3375<x94>[B] (+0) +0.3375<x95>[B] (+1) +0.3375<x96>[B] (+1) +0.3375<x97>[B] (+0) -0.3375<x98>[B] (+0) +0.3375<x99>[B] (+0) -0.3375<x100>[B] (+0) +0.3375<x101>[B] (+0) +0.3375<x102>[B] (+0) -0.3375<x103>[B] (+0) -0.3375<x104>[B] (+0) -0.3375<x105>[B] (+0) +0.3375<x106>[B] (+1) +0.3375<x107>[B] (+1) -0.3375<x108>[B] (+1) -0.3375<x109>[B] (+0) -0.3375<x110>[B] (+1) +0.3375<x111>[B] (+0) -0.3375<x112>[B] (+0) -0.3375<x113>[B] (+0) -0.3375<x114>[B] (+0) -0.3375<x115>[B] (+0) -0.3375<x116>[B] (+0) -0.3375<x117>[B] (+0) -0.3375<x118>[B] (+0) -0.3375<x119>[B] (+0) +0.3375<x120>[B] (+1) >= 12.7416666666667;
;
violation: left hand side is violated by 0.0583333333333353
  [linear] <c1199>: <x125>[C] (+7.62083333) +0.3375<x1>[B] (+0) +0.3375<x2>[B] (+0) +0.3375<x3>[B] (+0) +0.3375<x4>[B] (+0) +0.3375<x5>[B] (+0) -0.3375<x6>[B] (+0) -0.3375<x7>[B] (+0) +0.3375<x8>[B] (+0) +0.3375<x9>[B] (+1) +0.3375<x10>[B] (+0) +0.3375<x11>[B] (+1) +0.3375<x12>[B] (+0) +0.3375<x13>[B] (+0) -0.3375<x14>[B] (+0) +0.3375<x15>[B] (+0) -0.3375<x16>[B] (+1) -0.3375<x17>[B] (+0) -0.3375<x18>[B] (+0) -0.3375<x19>[B] (+0) -0.3375<x20>[B] (+0) -0.3375<x21>[B] (+0) -0.3375<x22>[B] (+0) -0.3375<x23>[B] (+1) -0.3375<x24>[B] (+0) +0.3375<x25>[B] (+1) +0.3375<x26>[B] (+0) -0.3375<x27>[B] (+0) -0.3375<x28>[B] (+0) -0.3375<x29>[B] (+0) -0.3375<x30>[B] (+0) +0.3375<x31>[B] (+0) -0.3375<x32>[B] (+0) -0.3375<x33>[B] (+0) -0.3375<x34>[B] (+0) -0.3375<x35>[B] (+0) -0.3375<x36>[B] (+1) -0.3375<x37>[B] (+0) +0.3375<x38>[B] (+1) +0.3375<x39>[B] (+0) -0.3375<x40>[B] (+0) -0.3375<x41>[B] (+0) -0.3375<x42>[B] (+0) +0.3375<x43>[B] (+0) -0.3375<x44>[B] (+0) -0.3375<x45>[B] (+0) -0.3375<x46>[B] (+1) -0.3375<x47>[B] (+1) +0.3375<x48>[B] (+1) +0.3375<x49>[B] (+0) +0.3375<x50>[B] (+1) +0.3375<x51>[B] (+1) +0.3375<x52>[B] (+1) -0.3375<x53>[B] (+0) -0.3375<x54>[B] (+0) -0.3375<x55>[B] (+1) -0.3375<x56>[B] (+1) -0.3375<x57>[B] (+1) -0.3375<x58>[B] (+1) -0.3375<x59>[B] (+1) -0.3375<x60>[B] (+1) +0.3375<x61>[B] (+1) +0.3375<x62>[B] (+1) -0.3375<x63>[B] (+1) -0.3375<x64>[B] (+0) -0.3375<x65>[B] (+1) -0.3375<x66>[B] (+1) -0.3375<x67>[B] (+1) +0.3375<x68>[B] (+1) +0.3375<x69>[B] (+1) +0.3375<x70>[B] (+1) +0.3375<x71>[B] (+1) +0.3375<x72>[B] (+1) +0.3375<x73>[B] (+1) -0.3375<x74>[B] (+0) +0.3375<x75>[B] (+1) -0.3375<x76>[B] (+1) +0.3375<x77>[B] (+1) +0.3375<x78>[B] (+1) +0.3375<x79>[B] (+0) +0.3375<x80>[B] (+1) +0.3375<x81>[B] (+1) +0.3375<x82>[B] (+1) -0.3375<x83>[B] (+0) +0.3375<x84>[B] (+0) +0.3375<x85>[B] (+1) +0.3375<x86>[B] (+1) +0.3375<x87>[B] (+0) +0.3375<x88>[B] (+1) +0.3375<x89>[B] (+1) +0.3375<x90>[B] (+1) -0.3375<x91>[B] (+0) +0.3375<x92>[B] (+0) +0.3375<x93>[B] (+1) +0.3375<x94>[B] (+0) +0.3375<x95>[B] (+1) +0.3375<x96>[B] (+1) +0.3375<x97>[B] (+0) -0.3375<x98>[B] (+0) +0.3375<x99>[B] (+0) -0.3375<x100>[B] (+0) +0.3375<x101>[B] (+0) +0.3375<x102>[B] (+0) -0.3375<x103>[B] (+0) -0.3375<x104>[B] (+0) -0.3375<x105>[B] (+0) +0.3375<x106>[B] (+1) +0.3375<x107>[B] (+1) -0.3375<x108>[B] (+1) -0.3375<x109>[B] (+0) -0.3375<x110>[B] (+1) +0.3375<x111>[B] (+0) -0.3375<x112>[B] (+0) -0.3375<x113>[B] (+0) -0.3375<x114>[B] (+0) -0.3375<x115>[B] (+0) -0.3375<x116>[B] (+0) -0.3375<x117>[B] (+0) -0.3375<x118>[B] (+0) -0.3375<x119>[B] (+0) +0.3375<x120>[B] (+1) >= 12.7416666666667;
;
violation: left hand side is violated by 0.0583333333333318
  [linear] <c1205>: <x135>[C] (+19.1833333) +0.545833333<x1>[B] (+0) +0.545833333<x2>[B] (+0) +0.545833333<x3>[B] (+0) +0.545833333<x4>[B] (+0) +0.545833333<x5>[B] (+0) +0.545833333<x6>[B] (+0) -0.545833333<x7>[B] (+0) +0.545833333<x8>[B] (+0) -0.545833333<x9>[B] (+0) +0.545833333<x10>[B] (+0) +0.545833333<x11>[B] (+1) +0.545833333<x12>[B] (+0) +0.545833333<x13>[B] (+0) +0.545833333<x14>[B] (+0) +0.545833333<x15>[B] (+0) -0.545833333<x16>[B] (+1) +0.545833333<x17>[B] (+0) -0.545833333<x18>[B] (+0) -0.545833333<x19>[B] (+0) -0.545833333<x20>[B] (+0) -0.545833333<x21>[B] (+0) -0.545833333<x22>[B] (+0) -0.545833333<x23>[B] (+1) -0.545833333<x24>[B] (+0) +0.545833333<x25>[B] (+1) +0.545833333<x26>[B] (+0) +0.545833333<x27>[B] (+0) +0.545833333<x28>[B] (+0) -0.545833333<x29>[B] (+0) +0.545833333<x30>[B] (+0) +0.545833333<x31>[B] (+0) -0.545833333<x32>[B] (+0) +0.545833333<x33>[B] (+0) -0.545833333<x34>[B] (+0) -0.545833333<x35>[B] (+0) -0.545833333<x36>[B] (+1) -0.545833333<x37>[B] (+0) +0.545833333<x38>[B] (+1) +0.545833333<x39>[B] (+0) +0.545833333<x40>[B] (+0) +0.545833333<x41>[B] (+0) +0.545833333<x42>[B] (+0) -0.545833333<x43>[B] (+0) -0.545833333<x44>[B] (+0) -0.545833333<x45>[B] (+1) -0.545833333<x46>[B] (+1) -0.545833333<x47>[B] (+1) -0.545833333<x48>[B] (+1) -0.545833333<x49>[B] (+0) +0.545833333<x50>[B] (+1) -0.545833333<x51>[B] (+1) +0.545833333<x52>[B] (+1) -0.545833333<x53>[B] (+0) -0.545833333<x54>[B] (+0) -0.545833333<x55>[B] (+1) -0.545833333<x56>[B] (+1) -0.545833333<x57>[B] (+1) -0.545833333<x58>[B] (+1) -0.545833333<x59>[B] (+1) -0.545833333<x60>[B] (+1) +0.545833333<x61>[B] (+1) +0.545833333<x62>[B] (+1) +0.545833333<x63>[B] (+1) +0.545833333<x64>[B] (+0) -0.545833333<x65>[B] (+1) +0.545833333<x66>[B] (+1) -0.545833333<x67>[B] (+1) -0.545833333<x68>[B] (+1) -0.545833333<x69>[B] (+1) -0.545833333<x70>[B] (+1) +0.545833333<x71>[B] (+1) +0.545833333<x72>[B] (+1) +0.545833333<x73>[B] (+1) +0.545833333<x74>[B] (+0) +0.545833333<x75>[B] (+1) -0.545833333<x76>[B] (+1) -0.545833333<x77>[B] (+1) -0.545833333<x78>[B] (+1) -0.545833333<x79>[B] (+0) +0.545833333<x80>[B] (+1) +0.545833333<x81>[B] (+1) +0.545833333<x82>[B] (+1) +0.545833333<x83>[B] (+0) -0.545833333<x84>[B] (+0) +0.545833333<x85>[B] (+1) -0.545833333<x86>[B] (+1) +0.545833333<x87>[B] (+0) +0.545833333<x88>[B] (+1) +0.545833333<x89>[B] (+1) +0.545833333<x90>[B] (+0) +0.545833333<x91>[B] (+0) +0.545833333<x92>[B] (+0) -0.545833333<x93>[B] (+1) +0.545833333<x94>[B] (+0) +0.545833333<x95>[B] (+1) +0.545833333<x96>[B] (+1) +0.545833333<x97>[B] (+0) +0.545833333<x98>[B] (+0) +0.545833333<x99>[B] (+0) +0.545833333<x100>[B] (+0) +0.545833333<x101>[B] (+1) +0.545833333<x102>[B] (+0) +0.545833333<x103>[B] (+0) +0.545833333<x104>[B] (+0) +0.545833333<x105>[B] (+0) +0.545833333<x106>[B] (+1) +0.545833333<x107>[B] (+1) +0.545833333<x108>[B] (+1) +0.545833333<x109>[B] (+0) +0.545833333<x110>[B] (+1) -0.545833333<x111>[B] (+1.11022302e-16) +0.545833333<x112>[B] (+0) -0.545833333<x113>[B] (+0) -0.545833333<x114>[B] (+0) +0.545833333<x115>[B] (+0) +0.545833333<x116>[B] (+0) -0.545833333<x117>[B] (+0) -0.545833333<x118>[B] (+0) -0.545833333<x119>[B] (+0) -0.545833333<x120>[B] (+1) >= 19.7875;
;
violation: left hand side is violated by 0.0583333333333194
  [linear] <c1208>: <x138>[C] (+19.8291667) +0.579166667<x1>[B] (+0) -0.579166667<x2>[B] (+1) -0.579166667<x3>[B] (+0) +0.579166667<x4>[B] (+0) -0.579166667<x5>[B] (+0) -0.579166667<x6>[B] (+0) -0.579166667<x7>[B] (+0) -0.579166667<x8>[B] (+0) -0.579166667<x9>[B] (+1) -0.579166667<x10>[B] (+0) -0.579166667<x11>[B] (+1) -0.579166667<x12>[B] (+0) +0.579166667<x13>[B] (+0) -0.579166667<x14>[B] (+0) -0.579166667<x15>[B] (+0) -0.579166667<x16>[B] (+1) -0.579166667<x17>[B] (+0) -0.579166667<x18>[B] (+0) -0.579166667<x19>[B] (+0) -0.579166667<x20>[B] (+0) -0.579166667<x21>[B] (+1) -0.579166667<x22>[B] (+0) -0.579166667<x23>[B] (+1) -0.579166667<x24>[B] (+0) -0.579166667<x25>[B] (+1) -0.579166667<x26>[B] (+0) +0.579166667<x27>[B] (+0) -0.579166667<x28>[B] (+0) -0.579166667<x29>[B] (+0) -0.579166667<x30>[B] (+0) +0.579166667<x31>[B] (+0) +0.579166667<x32>[B] (+0) +0.579166667<x33>[B] (+0) +0.579166667<x34>[B] (+0) +0.579166667<x35>[B] (+0) -0.579166667<x36>[B] (+0) +0.579166667<x37>[B] (+0) +0.579166667<x38>[B] (+0) +0.579166667<x39>[B] (+0) +0.579166667<x40>[B] (+0) +0.579166667<x41>[B] (+0) +0.579166667<x42>[B] (+0) +0.579166667<x43>[B] (+0) +0.579166667<x44>[B] (+0) +0.579166667<x45>[B] (+0) +0.579166667<x46>[B] (+1) +0.579166667<x47>[B] (+1) +0.579166667<x48>[B] (+1) +0.579166667<x49>[B] (+0) +0.579166667<x50>[B] (+1) +0.579166667<x51>[B] (+1) +0.579166667<x52>[B] (+1) +0.579166667<x53>[B] (+0) +0.579166667<x54>[B] (+0) -0.579166667<x55>[B] (+1) -0.579166667<x56>[B] (+1) -0.579166667<x57>[B] (+1) -0.579166667<x58>[B] (+1) -0.579166667<x59>[B] (+1) -0.579166667<x60>[B] (+1) -0.579166667<x61>[B] (+1) -0.579166667<x62>[B] (+1) +0.579166667<x63>[B] (+1) -0.579166667<x64>[B] (+0) -0.579166667<x65>[B] (+1) +0.579166667<x66>[B] (+1) +0.579166667<x67>[B] (+1) -0.579166667<x68>[B] (+1) -0.579166667<x69>[B] (+1) -0.579166667<x70>[B] (+1) -0.579166667<x71>[B] (+1) -0.579166667<x72>[B] (+1) +0.579166667<x73>[B] (+1) -0.579166667<x74>[B] (+0) -0.579166667<x75>[B] (+1) +0.579166667<x76>[B] (+1) -0.579166667<x77>[B] (+1) -0.579166667<x78>[B] (+1) -0.579166667<x79>[B] (+0) -0.579166667<x80>[B] (+1) -0.579166667<x81>[B] (+1) +0.579166667<x82>[B] (+1) -0.579166667<x83>[B] (+0) -0.579166667<x84>[B] (+0) -0.579166667<x85>[B] (+0) -0.579166667<x86>[B] (+1) -0.579166667<x87>[B] (+0) -0.579166667<x88>[B] (+1) -0.579166667<x89>[B] (+0) +0.579166667<x90>[B] (+0) -0.579166667<x91>[B] (+0) -0.579166667<x92>[B] (+0) -0.579166667<x93>[B] (+1) +0.579166667<x94>[B] (+0) +0.579166667<x95>[B] (+1) +0.579166667<x96>[B] (+1) +0.579166667<x97>[B] (+0) +0.579166667<x98>[B] (+0) +0.579166667<x99>[B] (+0) +0.579166667<x100>[B] (+0) +0.579166667<x101>[B] (+0) +0.579166667<x102>[B] (+0) +0.579166667<x103>[B] (+0) +0.579166667<x104>[B] (+0) +0.579166667<x105>[B] (+0) -0.579166667<x106>[B] (+1) +0.579166667<x107>[B] (+1) +0.579166667<x108>[B] (+1) +0.579166667<x109>[B] (+0) +0.579166667<x110>[B] (+1) +0.579166667<x111>[B] (+0) +0.579166667<x112>[B] (+0) +0.579166667<x113>[B] (+0) +0.579166667<x114>[B] (+0) +0.579166667<x115>[B] (+0) -0.579166667<x116>[B] (+0) -0.579166667<x117>[B] (+0) -0.579166667<x118>[B] (+0) -0.579166667<x119>[B] (+0) -0.579166667<x120>[B] (+1) >= 11.7291666666667;
;
violation: left hand side is violated by 0.00833333333334352
1/10 feasible solution given by solution candidate storage, new primal bound -5.531360e+02

presolving:
   (0.0s) symmetry computation started: requiring (bin +, int +, cont +), (fixed: bin -, int -, cont -)
   (0.0s) no symmetry present (symcode time: 0.00)
presolving (0 rounds: 0 fast, 0 medium, 0 exhaustive):
 0 deleted vars, 0 deleted constraints, 0 added constraints, 0 tightened bounds, 0 added holes, 0 changed sides, 0 changed coefficients
 0 implications, 0 cliques, 0 implied integral variables (0 bin, 0 int, 0 cont)
presolved problem has 160 variables (120 bin, 0 int, 40 cont) and 1220 constraints
   1220 constraints of type <linear>
Presolving Time: 0.01
transformed 2/2 original solutions to the transformed problem space

 time | node  | left  |LP iter|LP it/n|mem/heur|mdpt |vars |cons |rows |cuts |sepa|confs|strbr|  dualbound   | primalbound  |  gap   | compl. 
  0.0s|     1 |     0 |   305 |     - |    16M |   0 | 160 |1220 |1220 |   0 |  0 |   0 |   0 |-5.144623e+02 |-5.531360e+02 |   7.52%| unknown
  0.0s|     1 |     0 |   306 |     - |    17M |   0 | 160 |1220 |1222 |   2 |  1 |   0 |   0 |-5.144630e+02 |-5.531360e+02 |   7.52%| unknown
r 0.1s|     1 |     0 |   306 |     - |shifting|   0 | 160 |1220 |1222 |   2 |  1 |   0 |   0 |-5.144630e+02 |-5.488343e+02 |   6.68%| unknown
  0.1s|     1 |     0 |   309 |     - |    17M |   0 | 160 |1220 |1223 |   3 |  2 |   0 |   0 |-5.144654e+02 |-5.488343e+02 |   6.68%| unknown
  0.1s|     1 |     0 |   330 |     - |    17M |   0 | 160 |1220 |1225 |   5 |  3 |   0 |   0 |-5.145008e+02 |-5.488343e+02 |   6.67%| unknown
  0.1s|     1 |     0 |   345 |     - |    17M |   0 | 160 |1220 |1228 |   8 |  4 |   0 |   0 |-5.145478e+02 |-5.488343e+02 |   6.66%| unknown
  0.1s|     1 |     0 |   354 |     - |    17M |   0 | 160 |1220 |1230 |  10 |  5 |   0 |   0 |-5.145696e+02 |-5.488343e+02 |   6.66%| unknown
  0.2s|     1 |     0 |   363 |     - |    17M |   0 | 160 |1220 |1231 |  11 |  6 |   0 |   0 |-5.145860e+02 |-5.488343e+02 |   6.66%| unknown
  0.2s|     1 |     0 |   369 |     - |    17M |   0 | 160 |1220 |1233 |  13 |  7 |   0 |   0 |-5.146064e+02 |-5.488343e+02 |   6.65%| unknown
  0.2s|     1 |     0 |   375 |     - |    17M |   0 | 160 |1220 |1235 |  15 |  8 |   0 |   0 |-5.146128e+02 |-5.488343e+02 |   6.65%| unknown
r 0.2s|     1 |     0 |   375 |     - |shifting|   0 | 160 |1220 |1235 |  15 |  8 |   0 |   0 |-5.146128e+02 |-5.487715e+02 |   6.64%| unknown
  0.2s|     1 |     0 |   382 |     - |    18M |   0 | 160 |1220 |1237 |  17 |  9 |   0 |   0 |-5.146160e+02 |-5.487715e+02 |   6.64%| unknown
  0.3s|     1 |     0 |   390 |     - |    18M |   0 | 160 |1220 |1239 |  19 | 10 |   0 |   0 |-5.146213e+02 |-5.487715e+02 |   6.64%| unknown
  0.3s|     1 |     0 |   399 |     - |    18M |   0 | 160 |1220 |1241 |  21 | 11 |   0 |   0 |-5.146426e+02 |-5.487715e+02 |   6.63%| unknown
r 0.3s|     1 |     0 |   443 |     - |intshift|   0 | 160 |1220 |1241 |  21 | 11 |   0 |   0 |-5.146426e+02 |-5.213125e+02 |   1.30%| unknown
 time | node  | left  |LP iter|LP it/n|mem/heur|mdpt |vars |cons |rows |cuts |sepa|confs|strbr|  dualbound   | primalbound  |  gap   | compl. 
d 0.3s|     1 |     0 |   498 |     - |farkasdi|   0 | 160 |1220 |1241 |   0 | 11 |   0 |   0 |-5.146426e+02 |-5.148792e+02 |   0.05%| unknown
  0.3s|     1 |     0 |   498 |     - |    18M |   0 | 160 |1220 |1241 |  21 | 11 |   0 |   0 |-5.146426e+02 |-5.148792e+02 |   0.05%| unknown
  0.3s|     1 |     0 |   498 |     - |    18M |   0 | 160 |1220 | 301 |  21 | 11 |   0 |   0 |-5.146426e+02 |-5.148792e+02 |   0.05%| unknown
  0.3s|     1 |     0 |   515 |     - |    18M |   0 | 160 |1220 | 302 |  23 | 12 |   0 |   0 |-5.146634e+02 |-5.148792e+02 |   0.04%| unknown
  0.3s|     1 |     0 |   518 |     - |    18M |   0 | 160 |1220 | 303 |  24 | 13 |   0 |   0 |-5.146652e+02 |-5.148792e+02 |   0.04%| unknown
  0.3s|     1 |     0 |   518 |     - |    18M |   0 | 160 | 245 | 303 |  24 | 13 |   1 |   0 |-5.146652e+02 |-5.148792e+02 |   0.04%| unknown
  0.3s|     1 |     0 |   527 |     - |    18M |   0 | 160 | 245 | 307 |  28 | 14 |   1 |   0 |-5.146665e+02 |-5.148792e+02 |   0.04%| unknown
(run 1, node 1) restarting after 86 global fixings of integer variables

(restart) converted 27 cuts from the global cut pool into linear constraints

presolving:
presolving (0 rounds: 0 fast, 0 medium, 0 exhaustive):
 0 deleted vars, 0 deleted constraints, 0 added constraints, 0 tightened bounds, 0 added holes, 0 changed sides, 0 changed coefficients
 0 implications, 0 cliques, 0 implied integral variables (0 bin, 0 int, 0 cont)
presolved problem has 160 variables (120 bin, 0 int, 40 cont) and 272 constraints
    271 constraints of type <linear>
      1 constraints of type <logicor>
Presolving Time: 0.01
transformed 20/22 original solutions to the transformed problem space

 time | node  | left  |LP iter|LP it/n|mem/heur|mdpt |vars |cons |rows |cuts |sepa|confs|strbr|  dualbound   | primalbound  |  gap   | compl. 
  0.3s|     1 |     0 |   704 |     - |    18M |   0 | 160 | 272 | 271 |   0 |  0 |   1 |   0 |-5.146665e+02 |-5.148792e+02 |   0.04%| unknown
  0.3s|     1 |     0 |   704 |     - |    18M |   0 | 160 | 272 | 232 |   0 |  0 |   1 |   0 |-5.146665e+02 |-5.148792e+02 |   0.04%| unknown
  0.4s|     1 |     0 |   713 |     - |    19M |   0 | 160 | 272 | 233 |   1 |  1 |   1 |   0 |-5.146729e+02 |-5.148792e+02 |   0.04%| unknown
  0.4s|     1 |     0 |   730 |     - |    19M |   0 | 160 | 272 | 235 |   3 |  2 |   1 |   0 |-5.147002e+02 |-5.148792e+02 |   0.03%| unknown
  0.4s|     1 |     0 |   733 |     - |    19M |   0 | 160 | 272 | 236 |   4 |  3 |   1 |   0 |-5.147007e+02 |-5.148792e+02 |   0.03%| unknown
  0.4s|     1 |     0 |   749 |     - |    19M |   0 | 160 | 272 | 238 |   6 |  4 |   1 |   0 |-5.147102e+02 |-5.148792e+02 |   0.03%| unknown
  0.5s|     1 |     0 |   755 |     - |    19M |   0 | 160 | 272 | 239 |   7 |  5 |   1 |   0 |-5.147108e+02 |-5.148792e+02 |   0.03%| unknown
  0.5s|     1 |     0 |   780 |     - |    19M |   0 | 160 | 272 | 241 |   9 |  6 |   1 |   0 |-5.147143e+02 |-5.148792e+02 |   0.03%| unknown
  0.5s|     1 |     0 |   809 |     - |    19M |   0 | 160 | 272 | 242 |  10 |  7 |   1 |   0 |-5.147259e+02 |-5.148792e+02 |   0.03%| unknown
  0.5s|     1 |     0 |   822 |     - |    19M |   0 | 160 | 272 | 243 |  11 |  8 |   1 |   0 |-5.147305e+02 |-5.148792e+02 |   0.03%| unknown
  0.6s|     1 |     0 |   829 |     - |    19M |   0 | 160 | 272 | 245 |  13 |  9 |   1 |   0 |-5.147314e+02 |-5.148792e+02 |   0.03%| unknown
  0.6s|     1 |     0 |   836 |     - |    19M |   0 | 160 | 272 | 246 |  14 | 10 |   1 |   0 |-5.147326e+02 |-5.148792e+02 |   0.03%| unknown
  0.6s|     1 |     0 |   854 |     - |    19M |   0 | 160 | 272 | 247 |  15 | 11 |   1 |   0 |-5.147377e+02 |-5.148792e+02 |   0.03%| unknown
  0.6s|     1 |     0 |   854 |     - |    19M |   0 | 160 | 228 | 247 |  15 | 11 |   1 |   0 |-5.147377e+02 |-5.148792e+02 |   0.03%| unknown
  0.7s|     1 |     0 |   961 |     - |    19M |   0 | 160 | 232 | 247 |  15 | 12 |   7 |   0 |-5.148792e+02 |-5.148792e+02 |   0.00%| unknown

SCIP Status        : problem is solved [optimal solution found]
Solving Time (sec) : 0.67
Solving Nodes      : 1 (total of 2 nodes in 2 runs)
Primal Bound       : -5.14879166666667e+02 (34 solutions)
Dual Bound         : -5.14879166666667e+02
Gap                : 0.00 %
