Loading instance...
Median ranking: [4, 3, 6, 14, 13, 10, 15, 5, 9, 16, 7, 2, 8, 12, 11, 1]
Mean ranking: [3, 13, 10, 5, 4, 6, 15, 9, 14, 16, 7, 2, 8, 11, 12, 1]
Actual error: 0.0065901115376387764
Weighted Kendall distance: 180.5
Normalized distance: 0.13272058823529412
add conss, 0 chg bounds, 0 chg sides, 0 chg coeffs, 0 upgd conss, 0 impls, 0 clqs, 0 implints
   (0.0s) symmetry computation started: requiring (bin +, int +, cont +), (fixed: bin -, int -, cont -)
   (0.0s) no symmetry present (symcode time: 0.00)
presolving (2 rounds: 2 fast, 2 medium, 1 exhaustive):
 0 deleted vars, 1120 deleted constraints, 560 added constraints, 0 tightened bounds, 0 added holes, 0 changed sides, 0 changed coefficients
 0 implications, 0 cliques, 0 implied integral variables (0 bin, 0 int, 0 cont)
presolved problem has 120 variables (0 bin, 0 int, 120 cont) and 560 constraints
    560 constraints of type <linear>
Presolving Time: 0.01
transformed 3/3 original solutions to the transformed problem space

 time | node  | left  |LP iter|LP it/n|mem/heur|mdpt |vars |cons |rows |cuts |sepa|confs|strbr|  dualbound   | primalbound  |  gap   | compl. 
* 0.0s|     1 |     0 |    22 |     - |    LP  |   0 | 120 | 560 | 560 |   0 |  0 |   0 |   0 | 1.400000e+02 | 1.400000e+02 |   0.00%| unknown
  0.0s|     1 |     0 |    22 |     - |  4088k |   0 | 120 | 560 | 560 |   0 |  0 |   0 |   0 | 1.400000e+02 | 1.400000e+02 |   0.00%| unknown

SCIP Status        : problem is solved [optimal solution found]
Solving Time (sec) : 0.01
Solving Nodes      : 1
Primal Bound       : +1.40000000000000e+02 (4 solutions)
Dual Bound         : +1.40000000000000e+02
Gap                : 0.00 %
feasible solution found by trivial heuristic after 0.0 seconds, objective value 4.000000e+00
presolving:
   (0.0s) running MILP presolver
   (0.0s) MILP presolver (2 rounds): 0 aggregations, 0 fixings, 0 bound changes
(round 1, medium)     0 del vars, 1120 del conss, 560 add conss, 0 chg bounds, 0 chg sides, 0 chg coeffs, 0 upgd conss, 0 impls, 0 clqs, 0 implints
   (0.0s) probing: 51/120 (42.5%) - 0 fixings, 0 aggregations, 0 implications, 0 bound changes
   (0.0s) probing aborted: 50/50 successive totally useless probings
   (0.0s) symmetry computation started: requiring (bin +, int +, cont +), (fixed: bin -, int -, cont -)
   (0.0s) no symmetry present (symcode time: 0.00)
presolving (2 rounds: 2 fast, 2 medium, 1 exhaustive):
 0 deleted vars, 1120 deleted constraints, 560 added constraints, 0 tightened bounds, 0 added holes, 0 changed sides, 0 changed coefficients
 0 implications, 0 cliques, 0 implied integral variables (0 bin, 0 int, 0 cont)
presolved problem has 120 variables (120 bin, 0 int, 0 cont) and 560 constraints
    560 constraints of type <linear>
transformed objective value is always integral (scale: 2)
Presolving Time: 0.01
transformed 2/2 original solutions to the transformed problem space

 time | node  | left  |LP iter|LP it/n|mem/heur|mdpt |vars |cons |rows |cuts |sepa|confs|strbr|  dualbound   | primalbound  |  gap   | compl. 
p 0.0s|     1 |     0 |     0 |     - |   locks|   0 | 120 | 560 | 560 |   0 |  0 |   0 |   0 | 1.460000e+02 | 5.800000e+01 | 151.72%| unknown
i 0.0s|     1 |     0 |     0 |     - |  oneopt|   0 | 120 | 560 | 560 |   0 |  0 |   0 |   0 | 1.460000e+02 | 1.100000e+02 |  32.73%| unknown
* 0.0s|     1 |     0 |    23 |     - |    LP  |   0 | 120 | 560 | 560 |   0 |  0 |   0 |   0 | 1.400000e+02 | 1.400000e+02 |   0.00%| unknown
  0.0s|     1 |     0 |    23 |     - |  4185k |   0 | 120 | 560 | 560 |   0 |  0 |   0 |   0 | 1.400000e+02 | 1.400000e+02 |   0.00%| unknown

SCIP Status        : problem is solved [optimal solution found]
Solving Time (sec) : 0.01
Solving Nodes      : 1
Primal Bound       : +1.40000000000000e+02 (5 solutions)
Dual Bound         : +1.40000000000000e+02
Gap                : 0.00 %
feasible solution found by trivial heuristic after 0.0 seconds, objective value -9.999960e+05
presolving:
(round 1, fast)       0 del vars, 0 del conss, 0 add conss, 20 chg bounds, 0 chg sides, 0 chg coeffs, 0 upgd conss, 0 impls, 0 clqs, 0 implints
   (0.1s) running MILP presolver
   (0.1s) MILP presolver (2 rounds): 0 aggregations, 0 fixings, 0 bound changes
(round 2, medium)     0 del vars, 2320 del conss, 1760 add conss, 20 chg bounds, 0 chg sides, 0 chg coeffs, 0 upgd conss, 0 impls, 0 clqs, 0 implints
   (0.2s) symmetry computation started: requiring (bin +, int +, cont +), (fixed: bin -, int -, cont -)
   (0.3s) no symmetry present (symcode time: 0.00)
presolving (3 rounds: 3 fast, 2 medium, 1 exhaustive):
 0 deleted vars, 2320 deleted constraints, 1760 added constraints, 20 tightened bounds, 0 added holes, 0 changed sides, 0 changed coefficients
 0 implications, 0 cliques, 0 implied integral variables (0 bin, 0 int, 0 cont)
presolved problem has 130 variables (0 bin, 0 int, 130 cont) and 1760 constraints
   1760 constraints of type <linear>
Presolving Time: 0.27

 time | node  | left  |LP iter|LP it/n|mem/heur|mdpt |vars |cons |rows |cuts |sepa|confs|strbr|  dualbound   | primalbound  |  gap   | compl. 
t 0.3s|     1 |     0 |     0 |     - | trivial|   0 | 130 |1760 |   0 |   0 |  0 |   0 |   0 | 1.460000e+02 |-5.960000e+02 |    Inf | unknown
* 0.3s|     1 |     0 |   199 |     - |    LP  |   0 | 130 |1760 |1760 |   0 |  0 |   0 |   0 |-9.219167e+01 |-9.219167e+01 |   0.00%| unknown
  0.3s|     1 |     0 |   199 |     - |   107M |   0 | 130 |1760 |1760 |   0 |  0 |   0 |   0 |-9.219167e+01 |-9.219167e+01 |   0.00%| unknown

SCIP Status        : problem is solved [optimal solution found]
Solving Time (sec) : 0.33
Solving Nodes      : 1
Primal Bound       : -9.21916666666667e+01 (3 solutions)
Dual Bound         : -9.21916666666667e+01
Gap                : 0.00 %
feasible solution found by trivial heuristic after 0.0 seconds, objective value -9.999960e+05
presolving:
(round 1, fast)       0 del vars, 0 del conss, 0 add conss, 20 chg bounds, 0 chg sides, 0 chg coeffs, 0 upgd conss, 0 impls, 0 clqs, 0 implints
   (0.1s) running MILP presolver
   (0.1s) MILP presolver (2 rounds): 0 aggregations, 0 fixings, 0 bound changes
(round 2, medium)     0 del vars, 2320 del conss, 1760 add conss, 20 chg bounds, 0 chg sides, 0 chg coeffs, 0 upgd conss, 0 impls, 0 clqs, 0 implints
   (0.2s) probing: 51/120 (42.5%) - 0 fixings, 0 aggregations, 0 implications, 0 bound changes
   (0.2s) probing aborted: 50/50 successive totally useless probings
   (0.3s) symmetry computation started: requiring (bin +, int +, cont +), (fixed: bin -, int -, cont -)
   (0.3s) no symmetry present (symcode time: 0.00)
presolving (3 rounds: 3 fast, 2 medium, 1 exhaustive):
 0 deleted vars, 2320 deleted constraints, 1760 added constraints, 20 tightened bounds, 0 added holes, 0 changed sides, 0 changed coefficients
 0 implications, 0 cliques, 0 implied integral variables (0 bin, 0 int, 0 cont)
presolved problem has 130 variables (120 bin, 0 int, 10 cont) and 1760 constraints
   1760 constraints of type <linear>
Presolving Time: 0.29

 time | node  | left  |LP iter|LP it/n|mem/heur|mdpt |vars |cons |rows |cuts |sepa|confs|strbr|  dualbound   | primalbound  |  gap   | compl. 
t 0.3s|     1 |     0 |     0 |     - | trivial|   0 | 130 |1760 |   0 |   0 |  0 |   0 |   0 | 1.460000e+02 |-5.960000e+02 |    Inf | unknown
p 0.4s|     1 |     0 |    10 |     - |   locks|   0 | 130 |1760 |1760 |   0 |  0 |   0 |   0 | 1.460000e+02 |-2.167833e+02 |    Inf | unknown
* 0.4s|     1 |     0 |   209 |     - |    LP  |   0 | 130 |1760 |1760 |   0 |  0 |   0 |   0 |-9.219167e+01 |-9.219167e+01 |   0.00%| unknown
  0.4s|     1 |     0 |   209 |     - |   107M |   0 | 130 |1760 |1760 |   0 |  0 |   0 |   0 |-9.219167e+01 |-9.219167e+01 |   0.00%| unknown

SCIP Status        : problem is solved [optimal solution found]
Solving Time (sec) : 0.37
Solving Nodes      : 1
Primal Bound       : -9.21916666666667e+01 (4 solutions)
Dual Bound         : -9.21916666666667e+01
Gap                : 0.00 %
feasible solution found by trivial heuristic after 0.0 seconds, objective value 0.000000e+00
presolving:
   (0.0s) symmetry computation started: requiring (bin +, int +, cont +), (fixed: bin -, int -, cont -)
   (0.0s) symmetry computation finished: 9 generators found (max: 1500, log10 of symmetry group size: 6.56) (symcode time: 0.00)
dynamic symmetry handling statistics:
   orbitopal reduction:       no components
   orbital reduction:         no components
   lexicographic reduction:   no permutations
handled 1 out of 1 symmetry components
presolving (0 rounds: 0 fast, 0 medium, 0 exhaustive):
 0 deleted vars, 0 deleted constraints, 0 added constraints, 0 tightened bounds, 0 added holes, 0 changed sides, 0 changed coefficients
 0 implications, 0 cliques, 0 implied integral variables (0 bin, 0 int, 0 cont)
presolved problem has 130 variables (120 bin, 0 int, 10 cont) and 1129 constraints
   1129 constraints of type <linear>
Presolving Time: 0.00
transformed 2/2 original solutions to the transformed problem space

 time | node  | left  |LP iter|LP it/n|mem/heur|mdpt |vars |cons |rows |cuts |sepa|confs|strbr|  dualbound   | primalbound  |  gap   | compl. 
t 0.0s|     1 |     0 |     0 |     - | trivial|   0 | 130 |1120 |   0 |   0 |  0 |   0 |   0 | 1.460000e+02 | 4.000000e+00 |3550.00%| unknown
p 0.0s|     1 |     0 |     0 |     - |   locks|   0 | 130 |1120 |1120 |   0 |  0 |   0 |   0 | 1.460000e+02 | 1.000000e+01 |1360.00%| unknown
i 0.0s|     1 |     0 |     0 |     - |  oneopt|   0 | 130 |1120 |1120 |   0 |  0 |   0 |   0 | 1.460000e+02 | 7.000000e+01 | 108.57%| unknown
* 0.0s|     1 |     0 |    23 |     - |    LP  |   0 | 130 |1120 |1120 |   0 |  0 |   0 |   0 | 1.400000e+02 | 1.400000e+02 |   0.00%| unknown
  0.0s|     1 |     0 |    23 |     - |  6163k |   0 | 130 |1120 |1120 |   0 |  0 |   0 |   0 | 1.400000e+02 | 1.400000e+02 |   0.00%| unknown

SCIP Status        : problem is solved [optimal solution found]
Solving Time (sec) : 0.00
Solving Nodes      : 1
Primal Bound       : +1.40000000000000e+02 (6 solutions)
Dual Bound         : +1.40000000000000e+02
Gap                : 0.00 %
  [linear] <c1121>: <x121>[C] (+0) +0.6875<x1>[B] (+0) +0.6875<x2>[B] (+0) +0.6875<x3>[B] (+0) +0.6875<x4>[B] (+0) +0.6875<x5>[B] (+0) +0.6875<x6>[B] (+0) +0.6875<x7>[B] (+0) +0.6875<x8>[B] (+0) +0.6875<x9>[B] (+0) +0.6875<x10>[B] (+0) +0.6875<x11>[B] (+0) +0.6875<x12>[B] (+0) +0.6875<x13>[B] (+0) +0.6875<x14>[B] (+0) +0.6875<x15>[B] (+0) +0.6875<x16>[B] (+0) +0.6875<x17>[B] (+0) +0.6875<x18>[B] (+0) +0.6875<x19>[B] (+0) +0.6875<x20>[B] (+0) +0.6875<x21>[B] (+1) -0.6875<x22>[B] (+0) -0.6875<x23>[B] (+0) -0.6875<x24>[B] (+1) +0.6875<x25>[B] (+1) +0.6875<x26>[B] (+0) +0.6875<x27>[B] (+0) -0.6875<x28>[B] (+0) -0.6875<x29>[B] (+0) +0.6875<x30>[B] (+0) +0.6875<x31>[B] (+1) -0.6875<x32>[B] (+1) -0.6875<x33>[B] (+1) +0.6875<x34>[B] (+1) -0.6875<x35>[B] (+1) -0.6875<x36>[B] (+1) -0.6875<x37>[B] (+1) -0.6875<x38>[B] (+1) -0.6875<x39>[B] (+1) +0.6875<x40>[B] (+1) -0.6875<x41>[B] (+1) -0.6875<x42>[B] (+1) -0.6875<x43>[B] (+1) -0.6875<x44>[B] (+1) -0.6875<x45>[B] (+1) -0.6875<x46>[B] (+1) -0.6875<x47>[B] (+1) -0.6875<x48>[B] (+1) -0.6875<x49>[B] (+1) -0.6875<x50>[B] (+1) -0.6875<x51>[B] (+1) -0.6875<x52>[B] (+1) -0.6875<x53>[B] (+1) -0.6875<x54>[B] (+1) -0.6875<x55>[B] (+0) -0.6875<x56>[B] (+1) +0.6875<x57>[B] (+1) -0.6875<x58>[B] (+1) -0.6875<x59>[B] (+0) -0.6875<x60>[B] (+1) -0.6875<x61>[B] (+1) -0.6875<x62>[B] (+0) -0.6875<x63>[B] (+0) -0.6875<x64>[B] (+0) -0.6875<x65>[B] (+1) -0.6875<x66>[B] (+1) +0.6875<x67>[B] (+1) -0.6875<x68>[B] (+1) -0.6875<x69>[B] (+1) -0.6875<x70>[B] (+1) -0.6875<x71>[B] (+1) -0.6875<x72>[B] (+1) +0.6875<x73>[B] (+1) -0.6875<x74>[B] (+1) -0.6875<x75>[B] (+1) +0.6875<x76>[B] (+1) -0.6875<x77>[B] (+0) -0.6875<x78>[B] (+0) -0.6875<x79>[B] (+1) +0.6875<x80>[B] (+1) +0.6875<x81>[B] (+0) +0.6875<x82>[B] (+0) -0.6875<x83>[B] (+0) -0.6875<x84>[B] (+0) -0.6875<x85>[B] (+0) -0.6875<x86>[B] (+0) -0.6875<x87>[B] (+1) -0.6875<x88>[B] (+1) -0.6875<x89>[B] (+0) -0.6875<x90>[B] (+0) -0.6875<x91>[B] (+0) -0.6875<x92>[B] (+0) +0.6875<x93>[B] (+0) +0.6875<x94>[B] (+1) +0.6875<x95>[B] (+1) +0.6875<x96>[B] (+0) +0.6875<x97>[B] (+0) +0.6875<x98>[B] (+0) +0.6875<x99>[B] (+1) -0.6875<x100>[B] (+1) +0.6875<x101>[B] (+1) +0.6875<x102>[B] (+0) +0.6875<x103>[B] (+0) -0.6875<x104>[B] (+1) -0.6875<x105>[B] (+1) +0.6875<x106>[B] (+0) +0.6875<x107>[B] (+0) +0.6875<x108>[B] (+0) +0.6875<x109>[B] (+0) -0.6875<x110>[B] (+0) -0.6875<x111>[B] (+0) +0.6875<x112>[B] (+0) -0.6875<x113>[B] (+0) -0.6875<x114>[B] (+0) +0.6875<x115>[B] (+0) -0.6875<x116>[B] (+1) -0.6875<x117>[B] (+1) -0.6875<x118>[B] (+1) -0.6875<x119>[B] (+1) -0.6875<x120>[B] (+1) >= 6.70416666666667;
;
violation: left hand side is violated by 28.7041666666667
  [linear] <c1121>: <x121>[C] (+0) +0.6875<x1>[B] (+1) +0.6875<x2>[B] (+0) +0.6875<x3>[B] (+1) +0.6875<x4>[B] (+0) +0.6875<x5>[B] (+1) +0.6875<x6>[B] (+1) +0.6875<x7>[B] (+1) +0.6875<x8>[B] (+1) +0.6875<x9>[B] (+1) +0.6875<x10>[B] (+1) +0.6875<x11>[B] (+1) +0.6875<x12>[B] (+0) +0.6875<x13>[B] (+1) +0.6875<x14>[B] (+0) +0.6875<x15>[B] (+1) +0.6875<x16>[B] (+0) +0.6875<x17>[B] (+1) +0.6875<x18>[B] (+0) +0.6875<x19>[B] (+1) +0.6875<x20>[B] (+0) +0.6875<x21>[B] (+1) -0.6875<x22>[B] (+0) -0.6875<x23>[B] (+1) -0.6875<x24>[B] (+1) +0.6875<x25>[B] (+1) +0.6875<x26>[B] (+0) +0.6875<x27>[B] (+1) -0.6875<x28>[B] (+0) -0.6875<x29>[B] (+1) +0.6875<x30>[B] (+1) +0.6875<x31>[B] (+1) -0.6875<x32>[B] (+1) -0.6875<x33>[B] (+1) +0.6875<x34>[B] (+1) -0.6875<x35>[B] (+1) -0.6875<x36>[B] (+1) -0.6875<x37>[B] (+1) -0.6875<x38>[B] (+1) -0.6875<x39>[B] (+1) +0.6875<x40>[B] (+1) -0.6875<x41>[B] (+1) -0.6875<x42>[B] (+1) -0.6875<x43>[B] (+0) -0.6875<x44>[B] (+1) -0.6875<x45>[B] (+0) -0.6875<x46>[B] (+0) -0.6875<x47>[B] (+0) -0.6875<x48>[B] (+1) -0.6875<x49>[B] (+1) -0.6875<x50>[B] (+1) -0.6875<x51>[B] (+0) -0.6875<x52>[B] (+0) -0.6875<x53>[B] (+0) -0.6875<x54>[B] (+1) -0.6875<x55>[B] (+1) -0.6875<x56>[B] (+1) +0.6875<x57>[B] (+1) -0.6875<x58>[B] (+1) -0.6875<x59>[B] (+1) -0.6875<x60>[B] (+1) -0.6875<x61>[B] (+1) -0.6875<x62>[B] (+1) -0.6875<x63>[B] (+1) -0.6875<x64>[B] (+1) -0.6875<x65>[B] (+1) -0.6875<x66>[B] (+0) +0.6875<x67>[B] (+0) -0.6875<x68>[B] (+0) -0.6875<x69>[B] (+1) -0.6875<x70>[B] (+1) -0.6875<x71>[B] (+1) -0.6875<x72>[B] (+0) +0.6875<x73>[B] (+0) -0.6875<x74>[B] (+0) -0.6875<x75>[B] (+1) +0.6875<x76>[B] (+1) -0.6875<x77>[B] (+1) -0.6875<x78>[B] (+1) -0.6875<x79>[B] (+1) +0.6875<x80>[B] (+1) +0.6875<x81>[B] (+0) +0.6875<x82>[B] (+1) -0.6875<x83>[B] (+0) -0.6875<x84>[B] (+1) -0.6875<x85>[B] (+0) -0.6875<x86>[B] (+1) -0.6875<x87>[B] (+1) -0.6875<x88>[B] (+1) -0.6875<x89>[B] (+0) -0.6875<x90>[B] (+1) -0.6875<x91>[B] (+0) -0.6875<x92>[B] (+1) +0.6875<x93>[B] (+1) +0.6875<x94>[B] (+1) +0.6875<x95>[B] (+1) +0.6875<x96>[B] (+0) +0.6875<x97>[B] (+1) +0.6875<x98>[B] (+0) +0.6875<x99>[B] (+1) -0.6875<x100>[B] (+1) +0.6875<x101>[B] (+1) +0.6875<x102>[B] (+0) +0.6875<x103>[B] (+0) -0.6875<x104>[B] (+0) -0.6875<x105>[B] (+1) +0.6875<x106>[B] (+1) +0.6875<x107>[B] (+0) +0.6875<x108>[B] (+0) +0.6875<x109>[B] (+0) -0.6875<x110>[B] (+1) -0.6875<x111>[B] (+0) +0.6875<x112>[B] (+0) -0.6875<x113>[B] (+0) -0.6875<x114>[B] (+1) +0.6875<x115>[B] (+1) -0.6875<x116>[B] (+1) -0.6875<x117>[B] (+1) -0.6875<x118>[B] (+0) -0.6875<x119>[B] (+1) -0.6875<x120>[B] (+1) >= 6.70416666666667;
;
violation: left hand side is violated by 17.7041666666667
  [linear] <c1121>: <x121>[C] (+0) +0.6875<x1>[B] (+1) +0.6875<x2>[B] (+1) +0.6875<x3>[B] (+1) +0.6875<x4>[B] (+1) +0.6875<x5>[B] (+1) +0.6875<x6>[B] (+1) +0.6875<x7>[B] (+1) +0.6875<x8>[B] (+1) +0.6875<x9>[B] (+1) +0.6875<x10>[B] (+1) +0.6875<x11>[B] (+1) +0.6875<x12>[B] (+1) +0.6875<x13>[B] (+1) +0.6875<x14>[B] (+1) +0.6875<x15>[B] (+1) +0.6875<x16>[B] (+0) +0.6875<x17>[B] (+1) +0.6875<x18>[B] (+0) +0.6875<x19>[B] (+1) +0.6875<x20>[B] (+1) +0.6875<x21>[B] (+1) -0.6875<x22>[B] (+1) -0.6875<x23>[B] (+1) -0.6875<x24>[B] (+1) +0.6875<x25>[B] (+1) +0.6875<x26>[B] (+0) +0.6875<x27>[B] (+1) -0.6875<x28>[B] (+0) -0.6875<x29>[B] (+1) +0.6875<x30>[B] (+1) +0.6875<x31>[B] (+1) -0.6875<x32>[B] (+1) -0.6875<x33>[B] (+1) +0.6875<x34>[B] (+1) -0.6875<x35>[B] (+1) -0.6875<x36>[B] (+1) -0.6875<x37>[B] (+1) -0.6875<x38>[B] (+1) -0.6875<x39>[B] (+1) +0.6875<x40>[B] (+1) -0.6875<x41>[B] (+1) -0.6875<x42>[B] (+1) -0.6875<x43>[B] (+0) -0.6875<x44>[B] (+1) -0.6875<x45>[B] (+0) -0.6875<x46>[B] (+0) -0.6875<x47>[B] (+0) -0.6875<x48>[B] (+1) -0.6875<x49>[B] (+0) -0.6875<x50>[B] (+0) -0.6875<x51>[B] (+0) -0.6875<x52>[B] (+0) -0.6875<x53>[B] (+0) -0.6875<x54>[B] (+1) -0.6875<x55>[B] (+1) -0.6875<x56>[B] (+1) +0.6875<x57>[B] (+1) -0.6875<x58>[B] (+1) -0.6875<x59>[B] (+1) -0.6875<x60>[B] (+1) -0.6875<x61>[B] (+1) -0.6875<x62>[B] (+1) -0.6875<x63>[B] (+1) -0.6875<x64>[B] (+1) -0.6875<x65>[B] (+1) -0.6875<x66>[B] (+0) +0.6875<x67>[B] (+0) -0.6875<x68>[B] (+0) -0.6875<x69>[B] (+1) -0.6875<x70>[B] (+0) -0.6875<x71>[B] (+0) -0.6875<x72>[B] (+0) +0.6875<x73>[B] (+0) -0.6875<x74>[B] (+0) -0.6875<x75>[B] (+0) +0.6875<x76>[B] (+1) -0.6875<x77>[B] (+1) -0.6875<x78>[B] (+1) -0.6875<x79>[B] (+1) +0.6875<x80>[B] (+1) +0.6875<x81>[B] (+0) +0.6875<x82>[B] (+1) -0.6875<x83>[B] (+0) -0.6875<x84>[B] (+1) -0.6875<x85>[B] (+0) -0.6875<x86>[B] (+1) -0.6875<x87>[B] (+1) -0.6875<x88>[B] (+1) -0.6875<x89>[B] (+0) -0.6875<x90>[B] (+1) -0.6875<x91>[B] (+0) -0.6875<x92>[B] (+1) +0.6875<x93>[B] (+1) +0.6875<x94>[B] (+1) +0.6875<x95>[B] (+1) +0.6875<x96>[B] (+0) +0.6875<x97>[B] (+1) +0.6875<x98>[B] (+0) +0.6875<x99>[B] (+1) -0.6875<x100>[B] (+0) +0.6875<x101>[B] (+0) +0.6875<x102>[B] (+0) +0.6875<x103>[B] (+0) -0.6875<x104>[B] (+0) -0.6875<x105>[B] (+0) +0.6875<x106>[B] (+1) +0.6875<x107>[B] (+0) +0.6875<x108>[B] (+1) +0.6875<x109>[B] (+0) -0.6875<x110>[B] (+1) -0.6875<x111>[B] (+0) +0.6875<x112>[B] (+1) -0.6875<x113>[B] (+0) -0.6875<x114>[B] (+1) +0.6875<x115>[B] (+1) -0.6875<x116>[B] (+1) -0.6875<x117>[B] (+1) -0.6875<x118>[B] (+0) -0.6875<x119>[B] (+1) -0.6875<x120>[B] (+1) >= 6.70416666666667;
;
violation: left hand side is violated by 9.45416666666667
  [linear] <c1121>: <x121>[C] (+0) +0.6875<x1>[B] (+1) +0.6875<x2>[B] (+1) +0.6875<x3>[B] (+1) +0.6875<x4>[B] (+1) +0.6875<x5>[B] (+1) +0.6875<x6>[B] (+1) +0.6875<x7>[B] (+1) +0.6875<x8>[B] (+1) +0.6875<x9>[B] (+1) +0.6875<x10>[B] (+1) +0.6875<x11>[B] (+1) +0.6875<x12>[B] (+1) +0.6875<x13>[B] (+1) +0.6875<x14>[B] (+1) +0.6875<x15>[B] (+1) +0.6875<x16>[B] (+1) +0.6875<x17>[B] (+1) +0.6875<x18>[B] (+1) +0.6875<x19>[B] (+1) +0.6875<x20>[B] (+1) +0.6875<x21>[B] (+1) -0.6875<x22>[B] (+1) -0.6875<x23>[B] (+1) -0.6875<x24>[B] (+1) +0.6875<x25>[B] (+1) +0.6875<x26>[B] (+1) +0.6875<x27>[B] (+1) -0.6875<x28>[B] (+1) -0.6875<x29>[B] (+1) +0.6875<x30>[B] (+1) +0.6875<x31>[B] (+1) -0.6875<x32>[B] (+1) -0.6875<x33>[B] (+1) +0.6875<x34>[B] (+1) -0.6875<x35>[B] (+1) -0.6875<x36>[B] (+1) -0.6875<x37>[B] (+1) -0.6875<x38>[B] (+1) -0.6875<x39>[B] (+1) +0.6875<x40>[B] (+1) -0.6875<x41>[B] (+1) -0.6875<x42>[B] (+1) -0.6875<x43>[B] (+1) -0.6875<x44>[B] (+1) -0.6875<x45>[B] (+1) -0.6875<x46>[B] (+1) -0.6875<x47>[B] (+1) -0.6875<x48>[B] (+1) -0.6875<x49>[B] (+1) -0.6875<x50>[B] (+1) -0.6875<x51>[B] (+1) -0.6875<x52>[B] (+1) -0.6875<x53>[B] (+1) -0.6875<x54>[B] (+1) -0.6875<x55>[B] (+1) -0.6875<x56>[B] (+1) +0.6875<x57>[B] (+1) -0.6875<x58>[B] (+1) -0.6875<x59>[B] (+1) -0.6875<x60>[B] (+1) -0.6875<x61>[B] (+1) -0.6875<x62>[B] (+1) -0.6875<x63>[B] (+1) -0.6875<x64>[B] (+1) -0.6875<x65>[B] (+1) -0.6875<x66>[B] (+1) +0.6875<x67>[B] (+1) -0.6875<x68>[B] (+1) -0.6875<x69>[B] (+1) -0.6875<x70>[B] (+1) -0.6875<x71>[B] (+1) -0.6875<x72>[B] (+1) +0.6875<x73>[B] (+1) -0.6875<x74>[B] (+1) -0.6875<x75>[B] (+1) +0.6875<x76>[B] (+1) -0.6875<x77>[B] (+1) -0.6875<x78>[B] (+1) -0.6875<x79>[B] (+1) +0.6875<x80>[B] (+1) +0.6875<x81>[B] (+1) +0.6875<x82>[B] (+1) -0.6875<x83>[B] (+1) -0.6875<x84>[B] (+1) -0.6875<x85>[B] (+1) -0.6875<x86>[B] (+1) -0.6875<x87>[B] (+1) -0.6875<x88>[B] (+1) -0.6875<x89>[B] (+1) -0.6875<x90>[B] (+1) -0.6875<x91>[B] (+1) -0.6875<x92>[B] (+1) +0.6875<x93>[B] (+1) +0.6875<x94>[B] (+1) +0.6875<x95>[B] (+1) +0.6875<x96>[B] (+1) +0.6875<x97>[B] (+1) +0.6875<x98>[B] (+1) +0.6875<x99>[B] (+1) -0.6875<x100>[B] (+1) +0.6875<x101>[B] (+1) +0.6875<x102>[B] (+1) +0.6875<x103>[B] (+1) -0.6875<x104>[B] (+1) -0.6875<x105>[B] (+1) +0.6875<x106>[B] (+1) +0.6875<x107>[B] (+1) +0.6875<x108>[B] (+1) +0.6875<x109>[B] (+1) -0.6875<x110>[B] (+1) -0.6875<x111>[B] (+1) +0.6875<x112>[B] (+1) -0.6875<x113>[B] (+1) -0.6875<x114>[B] (+1) +0.6875<x115>[B] (+1) -0.6875<x116>[B] (+1) -0.6875<x117>[B] (+1) -0.6875<x118>[B] (+1) -0.6875<x119>[B] (+1) -0.6875<x120>[B] (+1) >= 6.70416666666667;
;
violation: left hand side is violated by 19.0791666666667
  [linear] <c1121>: <x121>[C] (+0) +0.6875<x1>[B] (+0) +0.6875<x2>[B] (+0) +0.6875<x3>[B] (+0) +0.6875<x4>[B] (+0) +0.6875<x5>[B] (+0) +0.6875<x6>[B] (+0) +0.6875<x7>[B] (+0) +0.6875<x8>[B] (+0) +0.6875<x9>[B] (+0) +0.6875<x10>[B] (+0) +0.6875<x11>[B] (+0) +0.6875<x12>[B] (+0) +0.6875<x13>[B] (+0) +0.6875<x14>[B] (+0) +0.6875<x15>[B] (+0) +0.6875<x16>[B] (+0) +0.6875<x17>[B] (+0) +0.6875<x18>[B] (+0) +0.6875<x19>[B] (+0) +0.6875<x20>[B] (+0) +0.6875<x21>[B] (+0) -0.6875<x22>[B] (+0) -0.6875<x23>[B] (+0) -0.6875<x24>[B] (+0) +0.6875<x25>[B] (+0) +0.6875<x26>[B] (+0) +0.6875<x27>[B] (+0) -0.6875<x28>[B] (+0) -0.6875<x29>[B] (+0) +0.6875<x30>[B] (+0) +0.6875<x31>[B] (+0) -0.6875<x32>[B] (+0) -0.6875<x33>[B] (+0) +0.6875<x34>[B] (+0) -0.6875<x35>[B] (+0) -0.6875<x36>[B] (+0) -0.6875<x37>[B] (+0) -0.6875<x38>[B] (+0) -0.6875<x39>[B] (+0) +0.6875<x40>[B] (+0) -0.6875<x41>[B] (+0) -0.6875<x42>[B] (+0) -0.6875<x43>[B] (+0) -0.6875<x44>[B] (+0) -0.6875<x45>[B] (+0) -0.6875<x46>[B] (+0) -0.6875<x47>[B] (+0) -0.6875<x48>[B] (+0) -0.6875<x49>[B] (+0) -0.6875<x50>[B] (+0) -0.6875<x51>[B] (+0) -0.6875<x52>[B] (+0) -0.6875<x53>[B] (+0) -0.6875<x54>[B] (+0) -0.6875<x55>[B] (+0) -0.6875<x56>[B] (+0) +0.6875<x57>[B] (+0) -0.6875<x58>[B] (+0) -0.6875<x59>[B] (+0) -0.6875<x60>[B] (+0) -0.6875<x61>[B] (+0) -0.6875<x62>[B] (+0) -0.6875<x63>[B] (+0) -0.6875<x64>[B] (+0) -0.6875<x65>[B] (+0) -0.6875<x66>[B] (+0) +0.6875<x67>[B] (+0) -0.6875<x68>[B] (+0) -0.6875<x69>[B] (+0) -0.6875<x70>[B] (+0) -0.6875<x71>[B] (+0) -0.6875<x72>[B] (+0) +0.6875<x73>[B] (+0) -0.6875<x74>[B] (+0) -0.6875<x75>[B] (+0) +0.6875<x76>[B] (+0) -0.6875<x77>[B] (+0) -0.6875<x78>[B] (+0) -0.6875<x79>[B] (+0) +0.6875<x80>[B] (+0) +0.6875<x81>[B] (+0) +0.6875<x82>[B] (+0) -0.6875<x83>[B] (+0) -0.6875<x84>[B] (+0) -0.6875<x85>[B] (+0) -0.6875<x86>[B] (+0) -0.6875<x87>[B] (+0) -0.6875<x88>[B] (+0) -0.6875<x89>[B] (+0) -0.6875<x90>[B] (+0) -0.6875<x91>[B] (+0) -0.6875<x92>[B] (+0) +0.6875<x93>[B] (+0) +0.6875<x94>[B] (+0) +0.6875<x95>[B] (+0) +0.6875<x96>[B] (+0) +0.6875<x97>[B] (+0) +0.6875<x98>[B] (+0) +0.6875<x99>[B] (+0) -0.6875<x100>[B] (+0) +0.6875<x101>[B] (+0) +0.6875<x102>[B] (+0) +0.6875<x103>[B] (+0) -0.6875<x104>[B] (+0) -0.6875<x105>[B] (+0) +0.6875<x106>[B] (+0) +0.6875<x107>[B] (+0) +0.6875<x108>[B] (+0) +0.6875<x109>[B] (+0) -0.6875<x110>[B] (+0) -0.6875<x111>[B] (+0) +0.6875<x112>[B] (+0) -0.6875<x113>[B] (+0) -0.6875<x114>[B] (+0) +0.6875<x115>[B] (+0) -0.6875<x116>[B] (+0) -0.6875<x117>[B] (+0) -0.6875<x118>[B] (+0) -0.6875<x119>[B] (+0) -0.6875<x120>[B] (+0) >= 6.70416666666667;
;
violation: left hand side is violated by 6.70416666666667
1/6 feasible solution given by solution candidate storage, new primal bound -9.999960e+05

presolving:
   (0.0s) symmetry computation started: requiring (bin +, int +, cont +), (fixed: bin -, int -, cont -)
   (0.0s) no symmetry present (symcode time: 0.00)
presolving (0 rounds: 0 fast, 0 medium, 0 exhaustive):
 0 deleted vars, 0 deleted constraints, 0 added constraints, 0 tightened bounds, 0 added holes, 0 changed sides, 0 changed coefficients
 0 implications, 0 cliques, 0 implied integral variables (0 bin, 0 int, 0 cont)
presolved problem has 130 variables (120 bin, 0 int, 10 cont) and 1130 constraints
   1130 constraints of type <linear>
Presolving Time: 0.00
transformed 1/1 original solutions to the transformed problem space

 time | node  | left  |LP iter|LP it/n|mem/heur|mdpt |vars |cons |rows |cuts |sepa|confs|strbr|  dualbound   | primalbound  |  gap   | compl. 
p 0.0s|     1 |     0 |     1 |     - |   locks|   0 | 130 |1130 |1130 |   0 |  0 |   0 |   0 | 1.460000e+02 |-1.865583e+02 |    Inf | unknown
* 0.0s|     1 |     0 |   129 |     - |    LP  |   0 | 130 |1130 |1130 |   0 |  0 |   0 |   0 |-8.796667e+01 |-8.796667e+01 |   0.00%| unknown
  0.0s|     1 |     0 |   129 |     - |  6869k |   0 | 130 |1130 |1130 |   0 |  0 |   0 |   0 |-8.796667e+01 |-8.796667e+01 |   0.00%| unknown

SCIP Status        : problem is solved [optimal solution found]
Solving Time (sec) : 0.01
Solving Nodes      : 1
Primal Bound       : -8.79666666666666e+01 (4 solutions)
Dual Bound         : -8.79666666666666e+01
Gap                : 0.00 %
  [linear] <c1131>: <x121>[C] (+14.9541667) +0.520833333<x1>[B] (+0) +0.520833333<x2>[B] (+0) +0.520833333<x3>[B] (+0) +0.520833333<x4>[B] (+0) +0.520833333<x5>[B] (+0) +0.520833333<x6>[B] (+0) +0.520833333<x7>[B] (+0) +0.520833333<x8>[B] (+0) +0.520833333<x9>[B] (+0) +0.520833333<x10>[B] (+0) +0.520833333<x11>[B] (+0) +0.520833333<x12>[B] (+0) +0.520833333<x13>[B] (+0) +0.520833333<x14>[B] (+0) +0.520833333<x15>[B] (+0) +0.520833333<x16>[B] (+0) +0.520833333<x17>[B] (+0) +0.520833333<x18>[B] (+0) +0.520833333<x19>[B] (+0) +0.520833333<x20>[B] (+0) +0.520833333<x21>[B] (+1) -0.520833333<x22>[B] (+0) -0.520833333<x23>[B] (+0) -0.520833333<x24>[B] (+1) +0.520833333<x25>[B] (+1) +0.520833333<x26>[B] (+0) +0.520833333<x27>[B] (+0) -0.520833333<x28>[B] (+0) -0.520833333<x29>[B] (+0) +0.520833333<x30>[B] (+1) +0.520833333<x31>[B] (+1) -0.520833333<x32>[B] (+1) -0.520833333<x33>[B] (+1) +0.520833333<x34>[B] (+1) -0.520833333<x35>[B] (+1) -0.520833333<x36>[B] (+1) -0.520833333<x37>[B] (+1) -0.520833333<x38>[B] (+1) -0.520833333<x39>[B] (+1) +0.520833333<x40>[B] (+1) -0.520833333<x41>[B] (+1) -0.520833333<x42>[B] (+1) -0.520833333<x43>[B] (+0) -0.520833333<x44>[B] (+0) -0.520833333<x45>[B] (+0) -0.520833333<x46>[B] (+1) -0.520833333<x47>[B] (+0) -0.520833333<x48>[B] (+0) -0.520833333<x49>[B] (+1) -0.520833333<x50>[B] (+1) -0.520833333<x51>[B] (+0) -0.520833333<x52>[B] (+0) -0.520833333<x53>[B] (+0) -0.520833333<x54>[B] (+0) -0.520833333<x55>[B] (+1) -0.520833333<x56>[B] (+1) +0.520833333<x57>[B] (+1) -0.520833333<x58>[B] (+1) -0.520833333<x59>[B] (+0) -0.520833333<x60>[B] (+1) -0.520833333<x61>[B] (+1) -0.520833333<x62>[B] (+0) -0.520833333<x63>[B] (+1) -0.520833333<x64>[B] (+1) -0.520833333<x65>[B] (+1) -0.520833333<x66>[B] (+0) +0.520833333<x67>[B] (+1) -0.520833333<x68>[B] (+0) -0.520833333<x69>[B] (+0) -0.520833333<x70>[B] (+1) -0.520833333<x71>[B] (+1) -0.520833333<x72>[B] (+0) +0.520833333<x73>[B] (+1) -0.520833333<x74>[B] (+1) -0.520833333<x75>[B] (+0) +0.520833333<x76>[B] (+1) -0.520833333<x77>[B] (+0) -0.520833333<x78>[B] (+0) -0.520833333<x79>[B] (+1) +0.520833333<x80>[B] (+1) +0.520833333<x81>[B] (+0) +0.520833333<x82>[B] (+1) -0.520833333<x83>[B] (+1) -0.520833333<x84>[B] (+0) -0.520833333<x85>[B] (+0) -0.520833333<x86>[B] (+0) -0.520833333<x87>[B] (+1) -0.520833333<x88>[B] (+1) -0.520833333<x89>[B] (+0) -0.520833333<x90>[B] (+0) -0.520833333<x91>[B] (+0) -0.520833333<x92>[B] (+0) +0.520833333<x93>[B] (+0) +0.520833333<x94>[B] (+1) +0.520833333<x95>[B] (+1) +0.520833333<x96>[B] (+0) +0.520833333<x97>[B] (+1) +0.520833333<x98>[B] (+1) +0.520833333<x99>[B] (+1) -0.520833333<x100>[B] (+1) +0.520833333<x101>[B] (+1) +0.520833333<x102>[B] (+0) +0.520833333<x103>[B] (+1) -0.520833333<x104>[B] (+1) -0.520833333<x105>[B] (+1) +0.520833333<x106>[B] (+1) +0.520833333<x107>[B] (+0) +0.520833333<x108>[B] (+0) +0.520833333<x109>[B] (+0) -0.520833333<x110>[B] (+0) -0.520833333<x111>[B] (+0) +0.520833333<x112>[B] (+0) -0.520833333<x113>[B] (+0) -0.520833333<x114>[B] (+0) +0.520833333<x115>[B] (+1) -0.520833333<x116>[B] (+1) -0.520833333<x117>[B] (+1) -0.520833333<x118>[B] (+0) -0.520833333<x119>[B] (+0) -0.520833333<x120>[B] (+0) >= 10.2875;
;
violation: left hand side is violated by 1.58333333333335
  [linear] <c1131>: <x121>[C] (+0.516666667) +0.520833333<x1>[B] (+1) +0.520833333<x2>[B] (+1) +0.520833333<x3>[B] (+1) +0.520833333<x4>[B] (+1) +0.520833333<x5>[B] (+1) +0.520833333<x6>[B] (+1) +0.520833333<x7>[B] (+1) +0.520833333<x8>[B] (+1) +0.520833333<x9>[B] (+1) +0.520833333<x10>[B] (+1) +0.520833333<x11>[B] (+1) +0.520833333<x12>[B] (+1) +0.520833333<x13>[B] (+1) +0.520833333<x14>[B] (+1) +0.520833333<x15>[B] (+1) +0.520833333<x16>[B] (+1) +0.520833333<x17>[B] (+1) +0.520833333<x18>[B] (+1) +0.520833333<x19>[B] (+1) +0.520833333<x20>[B] (+1) +0.520833333<x21>[B] (+0) -0.520833333<x22>[B] (+1) -0.520833333<x23>[B] (+1) -0.520833333<x24>[B] (+0) +0.520833333<x25>[B] (+1) +0.520833333<x26>[B] (+1) +0.520833333<x27>[B] (+1) -0.520833333<x28>[B] (+1) -0.520833333<x29>[B] (+1) +0.520833333<x30>[B] (+1) +0.520833333<x31>[B] (+0) -0.520833333<x32>[B] (+0) -0.520833333<x33>[B] (+0) +0.520833333<x34>[B] (+0) -0.520833333<x35>[B] (+0) -0.520833333<x36>[B] (+1) -0.520833333<x37>[B] (+0) -0.520833333<x38>[B] (+0) -0.520833333<x39>[B] (+0) +0.520833333<x40>[B] (+1) -0.520833333<x41>[B] (+0) -0.520833333<x42>[B] (+0) -0.520833333<x43>[B] (+0) -0.520833333<x44>[B] (+0) -0.520833333<x45>[B] (+0) -0.520833333<x46>[B] (+0) -0.520833333<x47>[B] (+0) -0.520833333<x48>[B] (+1) -0.520833333<x49>[B] (+0) -0.520833333<x50>[B] (+0) -0.520833333<x51>[B] (+0) -0.520833333<x52>[B] (+1) -0.520833333<x53>[B] (+0) -0.520833333<x54>[B] (+0) -0.520833333<x55>[B] (+1) -0.520833333<x56>[B] (+0) +0.520833333<x57>[B] (+0) -0.520833333<x58>[B] (+1) -0.520833333<x59>[B] (+1) -0.520833333<x60>[B] (+0) -0.520833333<x61>[B] (+1) -0.520833333<x62>[B] (+1) -0.520833333<x63>[B] (+1) -0.520833333<x64>[B] (+1) -0.520833333<x65>[B] (+1) -0.520833333<x66>[B] (+0) +0.520833333<x67>[B] (+0) -0.520833333<x68>[B] (+0) -0.520833333<x69>[B] (+1) -0.520833333<x70>[B] (+0) -0.520833333<x71>[B] (+0) -0.520833333<x72>[B] (+1) +0.520833333<x73>[B] (+1) -0.520833333<x74>[B] (+0) -0.520833333<x75>[B] (+0) +0.520833333<x76>[B] (+0) -0.520833333<x77>[B] (+1) -0.520833333<x78>[B] (+1) -0.520833333<x79>[B] (+0) +0.520833333<x80>[B] (+1) +0.520833333<x81>[B] (+1) +0.520833333<x82>[B] (+1) -0.520833333<x83>[B] (+1) -0.520833333<x84>[B] (+1) -0.520833333<x85>[B] (+1) -0.520833333<x86>[B] (+1) -0.520833333<x87>[B] (+0) -0.520833333<x88>[B] (+1) -0.520833333<x89>[B] (+1) -0.520833333<x90>[B] (+1) -0.520833333<x91>[B] (+1) -0.520833333<x92>[B] (+1) +0.520833333<x93>[B] (+1) +0.520833333<x94>[B] (+0) +0.520833333<x95>[B] (+1) +0.520833333<x96>[B] (+1) +0.520833333<x97>[B] (+1) +0.520833333<x98>[B] (+1) +0.520833333<x99>[B] (+1) -0.520833333<x100>[B] (+0) +0.520833333<x101>[B] (+0) +0.520833333<x102>[B] (+0) +0.520833333<x103>[B] (+1) -0.520833333<x104>[B] (+0) -0.520833333<x105>[B] (+0) +0.520833333<x106>[B] (+1) +0.520833333<x107>[B] (+1) +0.520833333<x108>[B] (+1) +0.520833333<x109>[B] (+1) -0.520833333<x110>[B] (+1) -0.520833333<x111>[B] (+1) +0.520833333<x112>[B] (+1) -0.520833333<x113>[B] (+1) -0.520833333<x114>[B] (+1) +0.520833333<x115>[B] (+1) -0.520833333<x116>[B] (+0) -0.520833333<x117>[B] (+0) -0.520833333<x118>[B] (+0) -0.520833333<x119>[B] (+0) -0.520833333<x120>[B] (+1) >= 10.2875;
;
violation: left hand side is violated by 5.08333333333334
2/4 feasible solutions given by solution candidate storage, new primal bound -9.999960e+05

presolving:
   (0.0s) symmetry computation started: requiring (bin +, int +, cont +), (fixed: bin -, int -, cont -)
   (0.0s) no symmetry present (symcode time: 0.00)
presolving (0 rounds: 0 fast, 0 medium, 0 exhaustive):
 0 deleted vars, 0 deleted constraints, 0 added constraints, 0 tightened bounds, 0 added holes, 0 changed sides, 0 changed coefficients
 0 implications, 0 cliques, 0 implied integral variables (0 bin, 0 int, 0 cont)
presolved problem has 130 variables (120 bin, 0 int, 10 cont) and 1140 constraints
   1140 constraints of type <linear>
Presolving Time: 0.00
transformed 2/2 original solutions to the transformed problem space

 time | node  | left  |LP iter|LP it/n|mem/heur|mdpt |vars |cons |rows |cuts |sepa|confs|strbr|  dualbound   | primalbound  |  gap   | compl. 
p 0.0s|     1 |     0 |     2 |     - |   locks|   0 | 130 |1140 |1140 |   0 |  0 |   0 |   0 | 1.460000e+02 |-1.907875e+02 |    Inf | unknown
  0.0s|     1 |     0 |   128 |     - |  7745k |   0 | 130 |1140 |1140 |   0 |  0 |   0 |   0 |-9.015417e+01 |-1.907875e+02 | 111.62%| unknown
r 0.0s|     1 |     0 |   128 |     - |shifting|   0 | 130 |1140 |1140 |   0 |  0 |   0 |   0 |-9.015417e+01 |-9.576875e+01 |   6.23%| unknown
  0.0s|     1 |     0 |   137 |     - |  8019k |   0 | 130 |1140 |1142 |   2 |  1 |   0 |   0 |-9.023222e+01 |-9.576875e+01 |   6.14%| unknown
  0.0s|     1 |     0 |   137 |     - |  8029k |   0 | 130 |1140 |1142 |   2 |  1 |   0 |   0 |-9.023222e+01 |-9.576875e+01 |   6.14%| unknown
  0.0s|     1 |     0 |   151 |     - |  8457k |   0 | 130 |1140 |1144 |   4 |  2 |   0 |   0 |-9.028317e+01 |-9.576875e+01 |   6.08%| unknown
  0.1s|     1 |     0 |   162 |     - |  8760k |   0 | 130 |1140 |1146 |   6 |  3 |   0 |   0 |-9.029963e+01 |-9.576875e+01 |   6.06%| unknown
  0.1s|     1 |     0 |   177 |     - |  9378k |   0 | 130 |1140 |1147 |   7 |  4 |   0 |   0 |-9.030307e+01 |-9.576875e+01 |   6.05%| unknown
  0.1s|     1 |     0 |   194 |     - |  9498k |   0 | 130 |1140 |1148 |   8 |  5 |   0 |   0 |-9.031029e+01 |-9.576875e+01 |   6.04%| unknown
  0.1s|     1 |     0 |   196 |     - |    10M |   0 | 130 |1140 |1149 |   9 |  6 |   0 |   0 |-9.031156e+01 |-9.576875e+01 |   6.04%| unknown
  0.1s|     1 |     0 |   200 |     - |    10M |   0 | 130 |1140 |1150 |  10 |  7 |   0 |   0 |-9.031801e+01 |-9.576875e+01 |   6.04%| unknown
  0.2s|     1 |     0 |   202 |     - |    10M |   0 | 130 |1140 |1151 |  11 |  8 |   0 |   0 |-9.031975e+01 |-9.576875e+01 |   6.03%| unknown
  0.2s|     1 |     0 |   209 |     - |    10M |   0 | 130 |1140 |1152 |  12 |  9 |   0 |   0 |-9.033277e+01 |-9.576875e+01 |   6.02%| unknown
  0.2s|     1 |     0 |   215 |     - |    10M |   0 | 130 |1140 |1153 |  13 | 10 |   0 |   0 |-9.033501e+01 |-9.576875e+01 |   6.02%| unknown
  0.2s|     1 |     0 |   219 |     - |    11M |   0 | 130 |1140 |1154 |  14 | 11 |   0 |   0 |-9.033532e+01 |-9.576875e+01 |   6.01%| unknown
 time | node  | left  |LP iter|LP it/n|mem/heur|mdpt |vars |cons |rows |cuts |sepa|confs|strbr|  dualbound   | primalbound  |  gap   | compl. 
  0.3s|     1 |     0 |   233 |     - |    11M |   0 | 130 |1140 |1155 |  15 | 12 |   0 |   0 |-9.034312e+01 |-9.576875e+01 |   6.01%| unknown
  0.3s|     1 |     0 |   241 |     - |    11M |   0 | 130 |1140 |1157 |  17 | 13 |   0 |   0 |-9.035327e+01 |-9.576875e+01 |   5.99%| unknown
  0.3s|     1 |     0 |   251 |     - |    11M |   0 | 130 |1140 |1159 |  19 | 14 |   0 |   0 |-9.035912e+01 |-9.576875e+01 |   5.99%| unknown
  0.3s|     1 |     0 |   252 |     - |    12M |   0 | 130 |1140 |1160 |  20 | 15 |   0 |   0 |-9.035912e+01 |-9.576875e+01 |   5.99%| unknown
  0.3s|     1 |     0 |   258 |     - |    12M |   0 | 130 |1140 |1160 |  22 | 16 |   0 |   0 |-9.036055e+01 |-9.576875e+01 |   5.99%| unknown
  0.3s|     1 |     0 |   260 |     - |    12M |   0 | 130 |1140 |1161 |  23 | 17 |   0 |   0 |-9.036084e+01 |-9.576875e+01 |   5.98%| unknown
d 0.3s|     1 |     0 |   389 |     - |farkasdi|   0 | 130 |1140 |1161 |   0 | 18 |   0 |   0 |-9.036084e+01 |-9.245000e+01 |   2.31%| unknown
L 0.3s|     1 |     0 |   389 |     - |    rens|   0 | 130 |1140 |1161 |  23 | 18 |   0 |   0 |-9.036084e+01 |-9.044167e+01 |   0.09%| unknown
  0.3s|     1 |     0 |   389 |     - |    12M |   0 | 130 |1140 |1161 |  23 | 18 |   0 |   0 |-9.036084e+01 |-9.044167e+01 |   0.09%| unknown
  0.3s|     1 |     0 |   389 |     - |    12M |   0 | 130 |1140 | 267 |  23 | 18 |   0 |   0 |-9.036084e+01 |-9.044167e+01 |   0.09%| unknown
  0.4s|     1 |     0 |   389 |     - |    12M |   0 | 130 | 129 | 267 |  23 | 19 |   0 |   0 |-9.036084e+01 |-9.044167e+01 |   0.09%| unknown
(run 1, node 1) restarting after 92 global fixings of integer variables

(restart) converted 21 cuts from the global cut pool into linear constraints

presolving:
presolving (0 rounds: 0 fast, 0 medium, 0 exhaustive):
 0 deleted vars, 0 deleted constraints, 0 added constraints, 0 tightened bounds, 0 added holes, 0 changed sides, 0 changed coefficients
 0 implications, 0 cliques, 0 implied integral variables (0 bin, 0 int, 0 cont)
presolved problem has 130 variables (120 bin, 0 int, 10 cont) and 150 constraints
    150 constraints of type <linear>
Presolving Time: 0.00
transformed 13/25 original solutions to the transformed problem space

 time | node  | left  |LP iter|LP it/n|mem/heur|mdpt |vars |cons |rows |cuts |sepa|confs|strbr|  dualbound   | primalbound  |  gap   | compl. 
  0.4s|     1 |     0 |   441 |     - |    12M |   0 | 130 | 150 | 150 |   0 |  0 |   0 |   0 |-9.036084e+01 |-9.044167e+01 |   0.09%| unknown
  0.4s|     1 |     0 |   441 |     - |    12M |   0 | 130 | 150 | 123 |   0 |  0 |   0 |   0 |-9.036084e+01 |-9.044167e+01 |   0.09%| unknown
  0.4s|     1 |     0 |   450 |     - |    12M |   0 | 130 | 150 | 124 |   1 |  1 |   0 |   0 |-9.037559e+01 |-9.044167e+01 |   0.07%| unknown
  0.4s|     1 |     0 |   450 |     - |    12M |   0 | 130 | 150 | 118 |   1 |  1 |   0 |   0 |-9.037559e+01 |-9.044167e+01 |   0.07%| unknown
  0.4s|     1 |     0 |   461 |     - |    12M |   0 | 130 | 150 | 119 |   2 |  2 |   0 |   0 |-9.038478e+01 |-9.044167e+01 |   0.06%| unknown
  0.4s|     1 |     0 |   473 |     - |    12M |   0 | 130 | 150 | 120 |   3 |  3 |   0 |   0 |-9.039550e+01 |-9.044167e+01 |   0.05%| unknown
  0.4s|     1 |     0 |   479 |     - |    12M |   0 | 130 | 150 | 121 |   4 |  4 |   0 |   0 |-9.039799e+01 |-9.044167e+01 |   0.05%| unknown
  0.4s|     1 |     0 |   496 |     - |    12M |   0 | 130 | 150 | 122 |   5 |  5 |   0 |   0 |-9.041571e+01 |-9.044167e+01 |   0.03%| unknown
  0.4s|     1 |     0 |   496 |     - |    12M |   0 | 130 | 150 | 116 |   5 |  5 |   0 |   0 |-9.041571e+01 |-9.044167e+01 |   0.03%| unknown
  0.4s|     1 |     0 |   503 |     - |    12M |   0 | 130 | 150 | 117 |   6 |  6 |   0 |   0 |-9.041951e+01 |-9.044167e+01 |   0.02%| unknown
  0.4s|     1 |     0 |   510 |     - |    12M |   0 | 130 | 150 | 118 |   7 |  7 |   0 |   0 |-9.042407e+01 |-9.044167e+01 |   0.02%| unknown
  0.5s|     1 |     0 |   521 |     - |    12M |   0 | 130 | 150 | 119 |   8 |  8 |   0 |   0 |-9.043028e+01 |-9.044167e+01 |   0.01%| unknown
  0.5s|     1 |     0 |   538 |     - |    12M |   0 | 130 | 150 | 120 |   9 |  9 |   0 |   0 |-9.043427e+01 |-9.044167e+01 |   0.01%| unknown
  0.5s|     1 |     0 |   561 |     - |    12M |   0 | 130 | 150 | 121 |  10 | 10 |   0 |   0 |-9.043573e+01 |-9.044167e+01 |   0.01%| unknown
  0.5s|     1 |     0 |   561 |     - |    12M |   0 | 130 | 150 | 115 |  10 | 10 |   0 |   0 |-9.043573e+01 |-9.044167e+01 |   0.01%| unknown
 time | node  | left  |LP iter|LP it/n|mem/heur|mdpt |vars |cons |rows |cuts |sepa|confs|strbr|  dualbound   | primalbound  |  gap   | compl. 
  0.5s|     1 |     0 |   567 |     - |    12M |   0 | 130 | 150 | 116 |  11 | 11 |   0 |   0 |-9.043582e+01 |-9.044167e+01 |   0.01%| unknown
  0.5s|     1 |     0 |   568 |     - |    12M |   0 | 130 | 150 | 117 |  12 | 12 |   0 |   0 |-9.043582e+01 |-9.044167e+01 |   0.01%| unknown
  0.5s|     1 |     0 |   578 |     - |    12M |   0 | 130 | 150 | 118 |  13 | 13 |   0 |   0 |-9.043636e+01 |-9.044167e+01 |   0.01%| unknown
  0.5s|     1 |     0 |   580 |     - |    12M |   0 | 130 | 150 | 108 |  14 | 14 |   0 |   0 |-9.043636e+01 |-9.044167e+01 |   0.01%| unknown
  0.5s|     1 |     0 |   580 |     - |    12M |   0 | 130 |  90 | 108 |  14 | 15 |   0 |   0 |-9.043636e+01 |-9.044167e+01 |   0.01%| unknown
  0.6s|     1 |     0 |   646 |     - |    12M |   0 | 130 |  17 | 108 |  14 | 16 |  15 |   2 |-9.044167e+01 |-9.044167e+01 |   0.00%| unknown

SCIP Status        : problem is solved [optimal solution found]
Solving Time (sec) : 0.56
Solving Nodes      : 1 (total of 2 nodes in 2 runs)
Primal Bound       : -9.04416666666667e+01 (41 solutions)
Dual Bound         : -9.04416666666667e+01
Gap                : 0.00 %
  [linear] <c1141>: <x121>[C] (+21.225) +0.595833333<x1>[B] (+0) +0.595833333<x2>[B] (+0) +0.595833333<x3>[B] (+0) +0.595833333<x4>[B] (+0) +0.595833333<x5>[B] (+0) +0.595833333<x6>[B] (+0) +0.595833333<x7>[B] (+0) +0.595833333<x8>[B] (+0) +0.595833333<x9>[B] (+0) +0.595833333<x10>[B] (+0) +0.595833333<x11>[B] (+0) +0.595833333<x12>[B] (+0) +0.595833333<x13>[B] (+0) +0.595833333<x14>[B] (+0) +0.595833333<x15>[B] (+0) +0.595833333<x16>[B] (+0) +0.595833333<x17>[B] (+0) +0.595833333<x18>[B] (+0) +0.595833333<x19>[B] (+0) +0.595833333<x20>[B] (+0) +0.595833333<x21>[B] (+1) -0.595833333<x22>[B] (+0) -0.595833333<x23>[B] (+0) -0.595833333<x24>[B] (+1) +0.595833333<x25>[B] (+1) +0.595833333<x26>[B] (+0) +0.595833333<x27>[B] (+0) -0.595833333<x28>[B] (+0) -0.595833333<x29>[B] (+0) +0.595833333<x30>[B] (+1) +0.595833333<x31>[B] (+1) -0.595833333<x32>[B] (+1) -0.595833333<x33>[B] (+1) +0.595833333<x34>[B] (+1) -0.595833333<x35>[B] (+1) -0.595833333<x36>[B] (+1) -0.595833333<x37>[B] (+1) -0.595833333<x38>[B] (+1) -0.595833333<x39>[B] (+1) +0.595833333<x40>[B] (+1) -0.595833333<x41>[B] (+1) -0.595833333<x42>[B] (+1) -0.595833333<x43>[B] (+0) -0.595833333<x44>[B] (+1) -0.595833333<x45>[B] (+1) -0.595833333<x46>[B] (+1) -0.595833333<x47>[B] (+0) -0.595833333<x48>[B] (+0) -0.595833333<x49>[B] (+1) -0.595833333<x50>[B] (+1) -0.595833333<x51>[B] (+0) -0.595833333<x52>[B] (+1) -0.595833333<x53>[B] (+1) -0.595833333<x54>[B] (+1) -0.595833333<x55>[B] (+1) -0.595833333<x56>[B] (+1) +0.595833333<x57>[B] (+1) -0.595833333<x58>[B] (+1) -0.595833333<x59>[B] (+0) -0.595833333<x60>[B] (+1) -0.595833333<x61>[B] (+1) -0.595833333<x62>[B] (+0) -0.595833333<x63>[B] (+1) -0.595833333<x64>[B] (+1) -0.595833333<x65>[B] (+1) -0.595833333<x66>[B] (+1) +0.595833333<x67>[B] (+1) -0.595833333<x68>[B] (+0) -0.595833333<x69>[B] (+0) -0.595833333<x70>[B] (+1) -0.595833333<x71>[B] (+1) -0.595833333<x72>[B] (+0) +0.595833333<x73>[B] (+1) -0.595833333<x74>[B] (+1) -0.595833333<x75>[B] (+1) +0.595833333<x76>[B] (+1) -0.595833333<x77>[B] (+0) -0.595833333<x78>[B] (+0) -0.595833333<x79>[B] (+1) +0.595833333<x80>[B] (+1) +0.595833333<x81>[B] (+0) +0.595833333<x82>[B] (+0) -0.595833333<x83>[B] (+0) -0.595833333<x84>[B] (+0) -0.595833333<x85>[B] (+0) -0.595833333<x86>[B] (+0) -0.595833333<x87>[B] (+1) -0.595833333<x88>[B] (+1) -0.595833333<x89>[B] (+0) -0.595833333<x90>[B] (+0) -0.595833333<x91>[B] (+0) -0.595833333<x92>[B] (+0) +0.595833333<x93>[B] (+0) +0.595833333<x94>[B] (+1) +0.595833333<x95>[B] (+1) +0.595833333<x96>[B] (+0) +0.595833333<x97>[B] (+1) +0.595833333<x98>[B] (+1) +0.595833333<x99>[B] (+1) -0.595833333<x100>[B] (+1) +0.595833333<x101>[B] (+1) +0.595833333<x102>[B] (+0) +0.595833333<x103>[B] (+1) -0.595833333<x104>[B] (+1) -0.595833333<x105>[B] (+1) +0.595833333<x106>[B] (+1) +0.595833333<x107>[B] (+0) +0.595833333<x108>[B] (+0) +0.595833333<x109>[B] (+0) -0.595833333<x110>[B] (+0) -0.595833333<x111>[B] (+0) +0.595833333<x112>[B] (+0) -0.595833333<x113>[B] (+0) -0.595833333<x114>[B] (+0) +0.595833333<x115>[B] (+1) -0.595833333<x116>[B] (+1) -0.595833333<x117>[B] (+1) -0.595833333<x118>[B] (+0) -0.595833333<x119>[B] (+1) -0.595833333<x120>[B] (+1) >= 9.0875;
;
violation: left hand side is violated by 0.375000000000002
  [linear] <c1145>: <x125>[C] (+22.5833333) -0.629166667<x1>[B] (+0) +0.629166667<x2>[B] (+0) -0.629166667<x3>[B] (+0) -0.629166667<x4>[B] (+0) -0.629166667<x5>[B] (+0) -0.629166667<x6>[B] (+0) -0.629166667<x7>[B] (+0) -0.629166667<x8>[B] (+0) +0.629166667<x9>[B] (+0) -0.629166667<x10>[B] (+0) +0.629166667<x11>[B] (+0) +0.629166667<x12>[B] (+0) -0.629166667<x13>[B] (+0) -0.629166667<x14>[B] (+0) +0.629166667<x15>[B] (+0) +0.629166667<x16>[B] (+0) +0.629166667<x17>[B] (+0) +0.629166667<x18>[B] (+0) +0.629166667<x19>[B] (+0) +0.629166667<x20>[B] (+0) -0.629166667<x21>[B] (+0) +0.629166667<x22>[B] (+0) +0.629166667<x23>[B] (+0) +0.629166667<x24>[B] (+1) +0.629166667<x25>[B] (+1) +0.629166667<x26>[B] (+0) +0.629166667<x27>[B] (+0) +0.629166667<x28>[B] (+0) +0.629166667<x29>[B] (+0) -0.629166667<x30>[B] (+1) -0.629166667<x31>[B] (+1) -0.629166667<x32>[B] (+1) -0.629166667<x33>[B] (+1) -0.629166667<x34>[B] (+1) -0.629166667<x35>[B] (+1) -0.629166667<x36>[B] (+1) -0.629166667<x37>[B] (+1) +0.629166667<x38>[B] (+1) -0.629166667<x39>[B] (+1) -0.629166667<x40>[B] (+1) -0.629166667<x41>[B] (+1) -0.629166667<x42>[B] (+1) +0.629166667<x43>[B] (+0) +0.629166667<x44>[B] (+1) +0.629166667<x45>[B] (+1) -0.629166667<x46>[B] (+1) +0.629166667<x47>[B] (+1) +0.629166667<x48>[B] (+0) +0.629166667<x49>[B] (+1) +0.629166667<x50>[B] (+1) +0.629166667<x51>[B] (+0) +0.629166667<x52>[B] (+1) +0.629166667<x53>[B] (+1) +0.629166667<x54>[B] (+1) +0.629166667<x55>[B] (+1) -0.629166667<x56>[B] (+1) -0.629166667<x57>[B] (+1) -0.629166667<x58>[B] (+1) +0.629166667<x59>[B] (+0) -0.629166667<x60>[B] (+1) +0.629166667<x61>[B] (+1) +0.629166667<x62>[B] (+0) -0.629166667<x63>[B] (+1) -0.629166667<x64>[B] (+1) +0.629166667<x65>[B] (+1) -0.629166667<x66>[B] (+1) -0.629166667<x67>[B] (+1) -0.629166667<x68>[B] (+1) +0.629166667<x69>[B] (+0) -0.629166667<x70>[B] (+1) +0.629166667<x71>[B] (+1) +0.629166667<x72>[B] (+0) -0.629166667<x73>[B] (+1) -0.629166667<x74>[B] (+1) +0.629166667<x75>[B] (+1) -0.629166667<x76>[B] (+0) -0.629166667<x77>[B] (+0) +0.629166667<x78>[B] (+0) -0.629166667<x79>[B] (+1) +0.629166667<x80>[B] (+1) +0.629166667<x81>[B] (+0) -0.629166667<x82>[B] (+0) -0.629166667<x83>[B] (+0) +0.629166667<x84>[B] (+0) +0.629166667<x85>[B] (+0) +0.629166667<x86>[B] (+0) +0.629166667<x87>[B] (+1) +0.629166667<x88>[B] (+1) +0.629166667<x89>[B] (+0) +0.629166667<x90>[B] (+0) +0.629166667<x91>[B] (+0) +0.629166667<x92>[B] (+1) +0.629166667<x93>[B] (+0) -0.629166667<x94>[B] (+1) +0.629166667<x95>[B] (+1) +0.629166667<x96>[B] (+0) -0.629166667<x97>[B] (+1) +0.629166667<x98>[B] (+0) +0.629166667<x99>[B] (+1) -0.629166667<x100>[B] (+1) +0.629166667<x101>[B] (+1) -0.629166667<x102>[B] (+0) -0.629166667<x103>[B] (+1) -0.629166667<x104>[B] (+1) -0.629166667<x105>[B] (+1) +0.629166667<x106>[B] (+1) +0.629166667<x107>[B] (+0) +0.629166667<x108>[B] (+0) +0.629166667<x109>[B] (+0) +0.629166667<x110>[B] (+0) -0.629166667<x111>[B] (+0) -0.629166667<x112>[B] (+0) -0.629166667<x113>[B] (+0) -0.629166667<x114>[B] (+0) -0.629166667<x115>[B] (+1) -0.629166667<x116>[B] (+1) -0.629166667<x117>[B] (+1) +0.629166667<x118>[B] (+0) +0.629166667<x119>[B] (+1) +0.629166667<x120>[B] (+1) >= 17.1458333333333;
;
violation: left hand side is violated by 0.22500000000003
  [linear] <c1141>: <x121>[C] (+22.5166667) +0.595833333<x1>[B] (+0) +0.595833333<x2>[B] (+0) +0.595833333<x3>[B] (+0) +0.595833333<x4>[B] (+0) +0.595833333<x5>[B] (+0) +0.595833333<x6>[B] (+0) +0.595833333<x7>[B] (+0) +0.595833333<x8>[B] (+0) +0.595833333<x9>[B] (+0) +0.595833333<x10>[B] (+0) +0.595833333<x11>[B] (+0) +0.595833333<x12>[B] (+0) +0.595833333<x13>[B] (+0) +0.595833333<x14>[B] (+0) +0.595833333<x15>[B] (+0) +0.595833333<x16>[B] (+0) +0.595833333<x17>[B] (+0) +0.595833333<x18>[B] (+0) +0.595833333<x19>[B] (+0) +0.595833333<x20>[B] (+0) +0.595833333<x21>[B] (+1) -0.595833333<x22>[B] (+0) -0.595833333<x23>[B] (+0) -0.595833333<x24>[B] (+1) +0.595833333<x25>[B] (+1) +0.595833333<x26>[B] (+0) +0.595833333<x27>[B] (+0) -0.595833333<x28>[B] (+0) -0.595833333<x29>[B] (+0) +0.595833333<x30>[B] (+1) +0.595833333<x31>[B] (+1) -0.595833333<x32>[B] (+1) -0.595833333<x33>[B] (+1) +0.595833333<x34>[B] (+1) -0.595833333<x35>[B] (+1) -0.595833333<x36>[B] (+1) -0.595833333<x37>[B] (+1) -0.595833333<x38>[B] (+1) -0.595833333<x39>[B] (+1) +0.595833333<x40>[B] (+1) -0.595833333<x41>[B] (+1) -0.595833333<x42>[B] (+1) -0.595833333<x43>[B] (+0) -0.595833333<x44>[B] (+1) -0.595833333<x45>[B] (+1) -0.595833333<x46>[B] (+1) -0.595833333<x47>[B] (+0) -0.595833333<x48>[B] (+0) -0.595833333<x49>[B] (+1) -0.595833333<x50>[B] (+1) -0.595833333<x51>[B] (+0) -0.595833333<x52>[B] (+1) -0.595833333<x53>[B] (+1) -0.595833333<x54>[B] (+1) -0.595833333<x55>[B] (+1) -0.595833333<x56>[B] (+1) +0.595833333<x57>[B] (+1) -0.595833333<x58>[B] (+1) -0.595833333<x59>[B] (+0) -0.595833333<x60>[B] (+1) -0.595833333<x61>[B] (+1) -0.595833333<x62>[B] (+0) -0.595833333<x63>[B] (+1) -0.595833333<x64>[B] (+1) -0.595833333<x65>[B] (+1) -0.595833333<x66>[B] (+1) +0.595833333<x67>[B] (+1) -0.595833333<x68>[B] (+0) -0.595833333<x69>[B] (+0) -0.595833333<x70>[B] (+1) -0.595833333<x71>[B] (+1) -0.595833333<x72>[B] (+0) +0.595833333<x73>[B] (+0) -0.595833333<x74>[B] (+1) -0.595833333<x75>[B] (+1) +0.595833333<x76>[B] (+1) -0.595833333<x77>[B] (+0) -0.595833333<x78>[B] (+0) -0.595833333<x79>[B] (+1) +0.595833333<x80>[B] (+1) +0.595833333<x81>[B] (+0) +0.595833333<x82>[B] (+0) -0.595833333<x83>[B] (+0) -0.595833333<x84>[B] (+0) -0.595833333<x85>[B] (+0) -0.595833333<x86>[B] (+0) -0.595833333<x87>[B] (+1) -0.595833333<x88>[B] (+1) -0.595833333<x89>[B] (+0) -0.595833333<x90>[B] (+0) -0.595833333<x91>[B] (+0) -0.595833333<x92>[B] (+0) +0.595833333<x93>[B] (+0) +0.595833333<x94>[B] (+1) +0.595833333<x95>[B] (+1) +0.595833333<x96>[B] (+0) +0.595833333<x97>[B] (+1) +0.595833333<x98>[B] (+1) +0.595833333<x99>[B] (+1) -0.595833333<x100>[B] (+1) +0.595833333<x101>[B] (+1) +0.595833333<x102>[B] (+0) +0.595833333<x103>[B] (+1) -0.595833333<x104>[B] (+1) -0.595833333<x105>[B] (+1) +0.595833333<x106>[B] (+1) +0.595833333<x107>[B] (+0) +0.595833333<x108>[B] (+0) +0.595833333<x109>[B] (+0) -0.595833333<x110>[B] (+0) -0.595833333<x111>[B] (+0) +0.595833333<x112>[B] (+0) -0.595833333<x113>[B] (+0) -0.595833333<x114>[B] (+0) +0.595833333<x115>[B] (+1) -0.595833333<x116>[B] (+1) -0.595833333<x117>[B] (+1) -0.595833333<x118>[B] (+1) -0.595833333<x119>[B] (+1) -0.595833333<x120>[B] (+1) >= 9.0875;
;
violation: left hand side is violated by 0.275000000000018
  [linear] <c1141>: <x121>[C] (+22.1729167) +0.595833333<x1>[B] (+0) +0.595833333<x2>[B] (+0) +0.595833333<x3>[B] (+0) +0.595833333<x4>[B] (+0) +0.595833333<x5>[B] (+0) +0.595833333<x6>[B] (+0) +0.595833333<x7>[B] (+0) +0.595833333<x8>[B] (+0) +0.595833333<x9>[B] (+0) +0.595833333<x10>[B] (+0) +0.595833333<x11>[B] (+0) +0.595833333<x12>[B] (+0) +0.595833333<x13>[B] (+0) +0.595833333<x14>[B] (+0) +0.595833333<x15>[B] (+0) +0.595833333<x16>[B] (+0) +0.595833333<x17>[B] (+0) +0.595833333<x18>[B] (+0) +0.595833333<x19>[B] (+0) +0.595833333<x20>[B] (+0) +0.595833333<x21>[B] (+1) -0.595833333<x22>[B] (+0) -0.595833333<x23>[B] (+0) -0.595833333<x24>[B] (+1) +0.595833333<x25>[B] (+1) +0.595833333<x26>[B] (+0) +0.595833333<x27>[B] (+0) -0.595833333<x28>[B] (+0) -0.595833333<x29>[B] (+0) +0.595833333<x30>[B] (+1) +0.595833333<x31>[B] (+1) -0.595833333<x32>[B] (+1) -0.595833333<x33>[B] (+1) +0.595833333<x34>[B] (+1) -0.595833333<x35>[B] (+1) -0.595833333<x36>[B] (+1) -0.595833333<x37>[B] (+1) -0.595833333<x38>[B] (+1) -0.595833333<x39>[B] (+1) +0.595833333<x40>[B] (+1) -0.595833333<x41>[B] (+1) -0.595833333<x42>[B] (+1) -0.595833333<x43>[B] (+5.92859095e-14) -0.595833333<x44>[B] (+1) -0.595833333<x45>[B] (+1) -0.595833333<x46>[B] (+1) -0.595833333<x47>[B] (+0) -0.595833333<x48>[B] (+0) -0.595833333<x49>[B] (+1) -0.595833333<x50>[B] (+1) -0.595833333<x51>[B] (+5.93414207e-14) -0.595833333<x52>[B] (+0) -0.595833333<x53>[B] (+1) -0.595833333<x54>[B] (+1) -0.595833333<x55>[B] (+1) -0.595833333<x56>[B] (+1) +0.595833333<x57>[B] (+1) -0.595833333<x58>[B] (+1) -0.595833333<x59>[B] (+0) -0.595833333<x60>[B] (+1) -0.595833333<x61>[B] (+1) -0.595833333<x62>[B] (+5.92859095e-14) -0.595833333<x63>[B] (+1) -0.595833333<x64>[B] (+1) -0.595833333<x65>[B] (+1) -0.595833333<x66>[B] (+1) +0.595833333<x67>[B] (+1) -0.595833333<x68>[B] (+0) -0.595833333<x69>[B] (+0) -0.595833333<x70>[B] (+1) -0.595833333<x71>[B] (+1) -0.595833333<x72>[B] (+5.92859095e-14) +0.595833333<x73>[B] (+0) -0.595833333<x74>[B] (+1) -0.595833333<x75>[B] (+1) +0.595833333<x76>[B] (+1) -0.595833333<x77>[B] (+0) -0.595833333<x78>[B] (+0) -0.595833333<x79>[B] (+1) +0.595833333<x80>[B] (+1) +0.595833333<x81>[B] (+0) +0.595833333<x82>[B] (+0) -0.595833333<x83>[B] (+0) -0.595833333<x84>[B] (+0) -0.595833333<x85>[B] (+5.92859095e-14) -0.595833333<x86>[B] (+0) -0.595833333<x87>[B] (+1) -0.595833333<x88>[B] (+1) -0.595833333<x89>[B] (+5.92859095e-14) -0.595833333<x90>[B] (+5.92859095e-14) -0.595833333<x91>[B] (+0) -0.595833333<x92>[B] (+5.92859095e-14) +0.595833333<x93>[B] (+0) +0.595833333<x94>[B] (+1) +0.595833333<x95>[B] (+1) +0.595833333<x96>[B] (+0) +0.595833333<x97>[B] (+1) +0.595833333<x98>[B] (+1) +0.595833333<x99>[B] (+1) -0.595833333<x100>[B] (+1) +0.595833333<x101>[B] (+1) +0.595833333<x102>[B] (+5.92859095e-14) +0.595833333<x103>[B] (+1) -0.595833333<x104>[B] (+1) -0.595833333<x105>[B] (+1) +0.595833333<x106>[B] (+1) +0.595833333<x107>[B] (+0) +0.595833333<x108>[B] (+0) +0.595833333<x109>[B] (+0) -0.595833333<x110>[B] (+0) -0.595833333<x111>[B] (+0) +0.595833333<x112>[B] (+0) -0.595833333<x113>[B] (+0) -0.595833333<x114>[B] (+0) +0.595833333<x115>[B] (+1) -0.595833333<x116>[B] (+1) -0.595833333<x117>[B] (+1) -0.595833333<x118>[B] (+1) -0.595833333<x119>[B] (+1) -0.595833333<x120>[B] (+1) >= 9.0875;
;
violation: left hand side is violated by 0.0229166666670437
  [linear] <c1146>: <x128>[C] (+32.6291667) +0.729166667<x1>[B] (+0) +0.729166667<x2>[B] (+0) +0.729166667<x3>[B] (+0) +0.729166667<x4>[B] (+0) +0.729166667<x5>[B] (+0) +0.729166667<x6>[B] (+0) +0.729166667<x7>[B] (+0) +0.729166667<x8>[B] (+0) +0.729166667<x9>[B] (+0) +0.729166667<x10>[B] (+0) +0.729166667<x11>[B] (+0) +0.729166667<x12>[B] (+0) +0.729166667<x13>[B] (+0) +0.729166667<x14>[B] (+0) +0.729166667<x15>[B] (+0) +0.729166667<x16>[B] (+0) +0.729166667<x17>[B] (+0) +0.729166667<x18>[B] (+0) +0.729166667<x19>[B] (+0) +0.729166667<x20>[B] (+0) -0.729166667<x21>[B] (+1) +0.729166667<x22>[B] (+0) +0.729166667<x23>[B] (+0) -0.729166667<x24>[B] (+1) +0.729166667<x25>[B] (+1) +0.729166667<x26>[B] (+0) +0.729166667<x27>[B] (+0) +0.729166667<x28>[B] (+0) -0.729166667<x29>[B] (+0) +0.729166667<x30>[B] (+1) -0.729166667<x31>[B] (+1) +0.729166667<x32>[B] (+1) -0.729166667<x33>[B] (+1) -0.729166667<x34>[B] (+1) -0.729166667<x35>[B] (+1) +0.729166667<x36>[B] (+1) -0.729166667<x37>[B] (+1) +0.729166667<x38>[B] (+1) +0.729166667<x39>[B] (+1) +0.729166667<x40>[B] (+1) +0.729166667<x41>[B] (+1) -0.729166667<x42>[B] (+1) -0.729166667<x43>[B] (+0) -0.729166667<x44>[B] (+1) -0.729166667<x45>[B] (+1) -0.729166667<x46>[B] (+1) -0.729166667<x47>[B] (+1) -0.729166667<x48>[B] (+0) -0.729166667<x49>[B] (+1) -0.729166667<x50>[B] (+1) +0.729166667<x51>[B] (+0) -0.729166667<x52>[B] (+1) -0.729166667<x53>[B] (+1) -0.729166667<x54>[B] (+1) +0.729166667<x55>[B] (+1) +0.729166667<x56>[B] (+1) -0.729166667<x57>[B] (+1) -0.729166667<x58>[B] (+1) +0.729166667<x59>[B] (+0) -0.729166667<x60>[B] (+1) +0.729166667<x61>[B] (+1) +0.729166667<x62>[B] (+0) +0.729166667<x63>[B] (+1) +0.729166667<x64>[B] (+1) -0.729166667<x65>[B] (+1) -0.729166667<x66>[B] (+1) -0.729166667<x67>[B] (+1) -0.729166667<x68>[B] (+0) -0.729166667<x69>[B] (+0) -0.729166667<x70>[B] (+1) -0.729166667<x71>[B] (+1) +0.729166667<x72>[B] (+0) -0.729166667<x73>[B] (+1) -0.729166667<x74>[B] (+1) -0.729166667<x75>[B] (+1) -0.729166667<x76>[B] (+1) -0.729166667<x77>[B] (+0) +0.729166667<x78>[B] (+0) -0.729166667<x79>[B] (+1) +0.729166667<x80>[B] (+1) +0.729166667<x81>[B] (+0) +0.729166667<x82>[B] (+0) +0.729166667<x83>[B] (+0) -0.729166667<x84>[B] (+0) +0.729166667<x85>[B] (+0) +0.729166667<x86>[B] (+0) -0.729166667<x87>[B] (+1) +0.729166667<x88>[B] (+1) +0.729166667<x89>[B] (+0) +0.729166667<x90>[B] (+0) +0.729166667<x91>[B] (+0) -0.729166667<x92>[B] (+0) +0.729166667<x93>[B] (+0) -0.729166667<x94>[B] (+1) +0.729166667<x95>[B] (+1) +0.729166667<x96>[B] (+0) +0.729166667<x97>[B] (+1) +0.729166667<x98>[B] (+1) -0.729166667<x99>[B] (+1) -0.729166667<x100>[B] (+1) -0.729166667<x101>[B] (+1) +0.729166667<x102>[B] (+1) +0.729166667<x103>[B] (+1) -0.729166667<x104>[B] (+1) -0.729166667<x105>[B] (+1) +0.729166667<x106>[B] (+1) +0.729166667<x107>[B] (+0) +0.729166667<x108>[B] (+0) +0.729166667<x109>[B] (+0) -0.729166667<x110>[B] (+0) +0.729166667<x111>[B] (+0) +0.729166667<x112>[B] (+0) +0.729166667<x113>[B] (+0) -0.729166667<x114>[B] (+0) -0.729166667<x115>[B] (+1) -0.729166667<x116>[B] (+1) -0.729166667<x117>[B] (+1) -0.729166667<x118>[B] (+1) -0.729166667<x119>[B] (+1) -0.729166667<x120>[B] (+1) >= 16.9541666666667;
;
violation: left hand side is violated by 0.366666666666696
  [linear] <c1143>: <x123>[C] (+12.025) +0.4375<x1>[B] (+0) -0.4375<x2>[B] (+0) +0.4375<x3>[B] (+0) +0.4375<x4>[B] (+0) -0.4375<x5>[B] (+0) +0.4375<x6>[B] (+0) +0.4375<x7>[B] (+0) +0.4375<x8>[B] (+0) +0.4375<x9>[B] (+0) +0.4375<x10>[B] (+0) +0.4375<x11>[B] (+0) -0.4375<x12>[B] (+0) +0.4375<x13>[B] (+0) +0.4375<x14>[B] (+0) +0.4375<x15>[B] (+0) -0.4375<x16>[B] (+0) -0.4375<x17>[B] (+0) +0.4375<x18>[B] (+0) -0.4375<x19>[B] (+0) +0.4375<x20>[B] (+0) -0.4375<x21>[B] (+1) +0.4375<x22>[B] (+0) +0.4375<x23>[B] (+0) +0.4375<x24>[B] (+1) +0.4375<x25>[B] (+1) -0.4375<x26>[B] (+0) -0.4375<x27>[B] (+0) +0.4375<x28>[B] (+0) +0.4375<x29>[B] (+0) +0.4375<x30>[B] (+1) +0.4375<x31>[B] (+1) -0.4375<x32>[B] (+1) +0.4375<x33>[B] (+1) +0.4375<x34>[B] (+1) +0.4375<x35>[B] (+1) +0.4375<x36>[B] (+1) +0.4375<x37>[B] (+1) +0.4375<x38>[B] (+1) -0.4375<x39>[B] (+1) +0.4375<x40>[B] (+1) +0.4375<x41>[B] (+1) +0.4375<x42>[B] (+1) +0.4375<x43>[B] (+0) -0.4375<x44>[B] (+1) +0.4375<x45>[B] (+1) -0.4375<x46>[B] (+1) +0.4375<x47>[B] (+0) +0.4375<x48>[B] (+0) +0.4375<x49>[B] (+1) +0.4375<x50>[B] (+1) -0.4375<x51>[B] (+0) +0.4375<x52>[B] (+1) +0.4375<x53>[B] (+1) +0.4375<x54>[B] (+1) -0.4375<x55>[B] (+1) +0.4375<x56>[B] (+1) -0.4375<x57>[B] (+1) +0.4375<x58>[B] (+1) +0.4375<x59>[B] (+0) +0.4375<x60>[B] (+1) +0.4375<x61>[B] (+1) -0.4375<x62>[B] (+0) -0.4375<x63>[B] (+1) +0.4375<x64>[B] (+1) +0.4375<x65>[B] (+1) +0.4375<x66>[B] (+1) +0.4375<x67>[B] (+1) +0.4375<x68>[B] (+0) +0.4375<x69>[B] (+0) +0.4375<x70>[B] (+1) +0.4375<x71>[B] (+1) -0.4375<x72>[B] (+0) +0.4375<x73>[B] (+1) +0.4375<x74>[B] (+1) +0.4375<x75>[B] (+1) -0.4375<x76>[B] (+1) +0.4375<x77>[B] (+0) -0.4375<x78>[B] (+0) +0.4375<x79>[B] (+1) -0.4375<x80>[B] (+1) -0.4375<x81>[B] (+0) -0.4375<x82>[B] (+0) +0.4375<x83>[B] (+0) +0.4375<x84>[B] (+0) +0.4375<x85>[B] (+0) +0.4375<x86>[B] (+0) +0.4375<x87>[B] (+1) +0.4375<x88>[B] (+1) -0.4375<x89>[B] (+0) +0.4375<x90>[B] (+0) +0.4375<x91>[B] (+0) +0.4375<x92>[B] (+0) -0.4375<x93>[B] (+0) -0.4375<x94>[B] (+1) -0.4375<x95>[B] (+1) -0.4375<x96>[B] (+0) -0.4375<x97>[B] (+1) -0.4375<x98>[B] (+1) -0.4375<x99>[B] (+1) +0.4375<x100>[B] (+1) -0.4375<x101>[B] (+1) -0.4375<x102>[B] (+1) -0.4375<x103>[B] (+1) +0.4375<x104>[B] (+1) +0.4375<x105>[B] (+1) -0.4375<x106>[B] (+1) -0.4375<x107>[B] (+0) -0.4375<x108>[B] (+0) -0.4375<x109>[B] (+0) -0.4375<x110>[B] (+0) -0.4375<x111>[B] (+0) -0.4375<x112>[B] (+0) +0.4375<x113>[B] (+0) +0.4375<x114>[B] (+0) +0.4375<x115>[B] (+1) +0.4375<x116>[B] (+1) +0.4375<x117>[B] (+1) +0.4375<x118>[B] (+1) +0.4375<x119>[B] (+1) +0.4375<x120>[B] (+0) >= 22.6416666666667;
;
violation: left hand side is violated by 0.116666666666667
  [linear] <c1141>: <x121>[C] (+23.2041667) +0.595833333<x1>[B] (+0) +0.595833333<x2>[B] (+0) +0.595833333<x3>[B] (+0) +0.595833333<x4>[B] (+0) +0.595833333<x5>[B] (+0) +0.595833333<x6>[B] (+0) +0.595833333<x7>[B] (+0) +0.595833333<x8>[B] (+0) +0.595833333<x9>[B] (+0) +0.595833333<x10>[B] (+0) +0.595833333<x11>[B] (+0) +0.595833333<x12>[B] (+0) +0.595833333<x13>[B] (+0) +0.595833333<x14>[B] (+0) +0.595833333<x15>[B] (+0) +0.595833333<x16>[B] (+0) +0.595833333<x17>[B] (+0) +0.595833333<x18>[B] (+0) +0.595833333<x19>[B] (+0) +0.595833333<x20>[B] (+0) +0.595833333<x21>[B] (+1) -0.595833333<x22>[B] (+0) -0.595833333<x23>[B] (+0) -0.595833333<x24>[B] (+1) +0.595833333<x25>[B] (+1) +0.595833333<x26>[B] (+0) +0.595833333<x27>[B] (+0) -0.595833333<x28>[B] (+0) -0.595833333<x29>[B] (+0) +0.595833333<x30>[B] (+1) +0.595833333<x31>[B] (+1) -0.595833333<x32>[B] (+1) -0.595833333<x33>[B] (+1) +0.595833333<x34>[B] (+1) -0.595833333<x35>[B] (+1) -0.595833333<x36>[B] (+1) -0.595833333<x37>[B] (+1) -0.595833333<x38>[B] (+1) -0.595833333<x39>[B] (+1) +0.595833333<x40>[B] (+1) -0.595833333<x41>[B] (+1) -0.595833333<x42>[B] (+1) -0.595833333<x43>[B] (+1) -0.595833333<x44>[B] (+1) -0.595833333<x45>[B] (+1) -0.595833333<x46>[B] (+1) -0.595833333<x47>[B] (+1) -0.595833333<x48>[B] (+0) -0.595833333<x49>[B] (+1) -0.595833333<x50>[B] (+1) -0.595833333<x51>[B] (-5.96459171e-14) -0.595833333<x52>[B] (+1) -0.595833333<x53>[B] (+1) -0.595833333<x54>[B] (+1) -0.595833333<x55>[B] (+1) -0.595833333<x56>[B] (+1) +0.595833333<x57>[B] (+1) -0.595833333<x58>[B] (+1) -0.595833333<x59>[B] (+0) -0.595833333<x60>[B] (+1) -0.595833333<x61>[B] (+1) -0.595833333<x62>[B] (-5.96459171e-14) -0.595833333<x63>[B] (+1) -0.595833333<x64>[B] (+1) -0.595833333<x65>[B] (+1) -0.595833333<x66>[B] (+1) +0.595833333<x67>[B] (+1) -0.595833333<x68>[B] (+0) -0.595833333<x69>[B] (+0) -0.595833333<x70>[B] (+1) -0.595833333<x71>[B] (+1) -0.595833333<x72>[B] (-5.96459171e-14) +0.595833333<x73>[B] (+0) -0.595833333<x74>[B] (+1) -0.595833333<x75>[B] (+1) +0.595833333<x76>[B] (+1) -0.595833333<x77>[B] (+0) -0.595833333<x78>[B] (+0) -0.595833333<x79>[B] (+1) +0.595833333<x80>[B] (+1) +0.595833333<x81>[B] (+0) +0.595833333<x82>[B] (+0) -0.595833333<x83>[B] (+0) -0.595833333<x84>[B] (+0) -0.595833333<x85>[B] (+0) -0.595833333<x86>[B] (+0) -0.595833333<x87>[B] (+1) -0.595833333<x88>[B] (+1) -0.595833333<x89>[B] (+0) -0.595833333<x90>[B] (+0) -0.595833333<x91>[B] (+0) -0.595833333<x92>[B] (+0) +0.595833333<x93>[B] (+0) +0.595833333<x94>[B] (+1) +0.595833333<x95>[B] (+1) +0.595833333<x96>[B] (+0) +0.595833333<x97>[B] (+1) +0.595833333<x98>[B] (+1) +0.595833333<x99>[B] (+1) -0.595833333<x100>[B] (+1) +0.595833333<x101>[B] (+1) +0.595833333<x102>[B] (-5.96459171e-14) +0.595833333<x103>[B] (+1) -0.595833333<x104>[B] (+1) -0.595833333<x105>[B] (+1) +0.595833333<x106>[B] (+1) +0.595833333<x107>[B] (+0) +0.595833333<x108>[B] (+0) +0.595833333<x109>[B] (+0) -0.595833333<x110>[B] (+0) -0.595833333<x111>[B] (+0) +0.595833333<x112>[B] (+0) -0.595833333<x113>[B] (+0) -0.595833333<x114>[B] (+0) +0.595833333<x115>[B] (+1) -0.595833333<x116>[B] (+1) -0.595833333<x117>[B] (+1) -0.595833333<x118>[B] (+1) -0.595833333<x119>[B] (+1) -0.595833333<x120>[B] (+0) >= 9.0875;
;
violation: left hand side is violated by 0.183333333333362
  [linear] <c1141>: <x121>[C] (+22.5166667) +0.595833333<x1>[B] (+0) +0.595833333<x2>[B] (+0) +0.595833333<x3>[B] (+0) +0.595833333<x4>[B] (+0) +0.595833333<x5>[B] (+0) +0.595833333<x6>[B] (+0) +0.595833333<x7>[B] (+0) +0.595833333<x8>[B] (+0) +0.595833333<x9>[B] (+0) +0.595833333<x10>[B] (+0) +0.595833333<x11>[B] (+0) +0.595833333<x12>[B] (+0) +0.595833333<x13>[B] (+0) +0.595833333<x14>[B] (+0) +0.595833333<x15>[B] (+0) +0.595833333<x16>[B] (+0) +0.595833333<x17>[B] (+0) +0.595833333<x18>[B] (+0) +0.595833333<x19>[B] (+0) +0.595833333<x20>[B] (+0) +0.595833333<x21>[B] (+1) -0.595833333<x22>[B] (+0) -0.595833333<x23>[B] (+0) -0.595833333<x24>[B] (+1) +0.595833333<x25>[B] (+1) +0.595833333<x26>[B] (+0) +0.595833333<x27>[B] (+0) -0.595833333<x28>[B] (+0) -0.595833333<x29>[B] (+0) +0.595833333<x30>[B] (+1) +0.595833333<x31>[B] (+1) -0.595833333<x32>[B] (+1) -0.595833333<x33>[B] (+1) +0.595833333<x34>[B] (+1) -0.595833333<x35>[B] (+1) -0.595833333<x36>[B] (+1) -0.595833333<x37>[B] (+1) -0.595833333<x38>[B] (+1) -0.595833333<x39>[B] (+1) +0.595833333<x40>[B] (+1) -0.595833333<x41>[B] (+1) -0.595833333<x42>[B] (+1) -0.595833333<x43>[B] (+0) -0.595833333<x44>[B] (+1) -0.595833333<x45>[B] (+1) -0.595833333<x46>[B] (+1) -0.595833333<x47>[B] (+1) -0.595833333<x48>[B] (+0) -0.595833333<x49>[B] (+1) -0.595833333<x50>[B] (+1) -0.595833333<x51>[B] (+0) -0.595833333<x52>[B] (+1) -0.595833333<x53>[B] (+1) -0.595833333<x54>[B] (+1) -0.595833333<x55>[B] (+1) -0.595833333<x56>[B] (+1) +0.595833333<x57>[B] (+1) -0.595833333<x58>[B] (+1) -0.595833333<x59>[B] (+0) -0.595833333<x60>[B] (+1) -0.595833333<x61>[B] (+1) -0.595833333<x62>[B] (+0) -0.595833333<x63>[B] (+1) -0.595833333<x64>[B] (+1) -0.595833333<x65>[B] (+1) -0.595833333<x66>[B] (+1) +0.595833333<x67>[B] (+1) -0.595833333<x68>[B] (+0) -0.595833333<x69>[B] (+0) -0.595833333<x70>[B] (+1) -0.595833333<x71>[B] (+1) -0.595833333<x72>[B] (+0) +0.595833333<x73>[B] (+0) -0.595833333<x74>[B] (+1) -0.595833333<x75>[B] (+1) +0.595833333<x76>[B] (+1) -0.595833333<x77>[B] (+0) -0.595833333<x78>[B] (+0) -0.595833333<x79>[B] (+1) +0.595833333<x80>[B] (+1) +0.595833333<x81>[B] (+0) +0.595833333<x82>[B] (+0) -0.595833333<x83>[B] (+0) -0.595833333<x84>[B] (+0) -0.595833333<x85>[B] (+0) -0.595833333<x86>[B] (+0) -0.595833333<x87>[B] (+1) -0.595833333<x88>[B] (+1) -0.595833333<x89>[B] (+0) -0.595833333<x90>[B] (+0) -0.595833333<x91>[B] (+0) -0.595833333<x92>[B] (+0) +0.595833333<x93>[B] (+0) +0.595833333<x94>[B] (+1) +0.595833333<x95>[B] (+1) +0.595833333<x96>[B] (+0) +0.595833333<x97>[B] (+0) +0.595833333<x98>[B] (+1) +0.595833333<x99>[B] (+1) -0.595833333<x100>[B] (+1) +0.595833333<x101>[B] (+1) +0.595833333<x102>[B] (+1) +0.595833333<x103>[B] (+1) -0.595833333<x104>[B] (+1) -0.595833333<x105>[B] (+1) +0.595833333<x106>[B] (+1) +0.595833333<x107>[B] (+0) +0.595833333<x108>[B] (+0) +0.595833333<x109>[B] (+0) -0.595833333<x110>[B] (+0) -0.595833333<x111>[B] (+0) +0.595833333<x112>[B] (+0) -0.595833333<x113>[B] (+0) -0.595833333<x114>[B] (+0) +0.595833333<x115>[B] (+1) -0.595833333<x116>[B] (+1) -0.595833333<x117>[B] (+1) -0.595833333<x118>[B] (+1) -0.595833333<x119>[B] (+1) -0.595833333<x120>[B] (+0) >= 9.0875;
;
violation: left hand side is violated by 0.275000000000018
  [linear] <c1141>: <x121>[C] (+22.5166667) +0.595833333<x1>[B] (+0) +0.595833333<x2>[B] (+0) +0.595833333<x3>[B] (+0) +0.595833333<x4>[B] (+0) +0.595833333<x5>[B] (+0) +0.595833333<x6>[B] (+0) +0.595833333<x7>[B] (+0) +0.595833333<x8>[B] (+0) +0.595833333<x9>[B] (+0) +0.595833333<x10>[B] (+0) +0.595833333<x11>[B] (+0) +0.595833333<x12>[B] (+0) +0.595833333<x13>[B] (+0) +0.595833333<x14>[B] (+0) +0.595833333<x15>[B] (+0) +0.595833333<x16>[B] (+0) +0.595833333<x17>[B] (+0) +0.595833333<x18>[B] (+0) +0.595833333<x19>[B] (+0) +0.595833333<x20>[B] (+0) +0.595833333<x21>[B] (+1) -0.595833333<x22>[B] (+0) -0.595833333<x23>[B] (+0) -0.595833333<x24>[B] (+1) +0.595833333<x25>[B] (+1) +0.595833333<x26>[B] (+0) +0.595833333<x27>[B] (+0) -0.595833333<x28>[B] (+0) -0.595833333<x29>[B] (+0) +0.595833333<x30>[B] (+1) +0.595833333<x31>[B] (+1) -0.595833333<x32>[B] (+1) -0.595833333<x33>[B] (+1) +0.595833333<x34>[B] (+1) -0.595833333<x35>[B] (+1) -0.595833333<x36>[B] (+1) -0.595833333<x37>[B] (+1) -0.595833333<x38>[B] (+1) -0.595833333<x39>[B] (+1) +0.595833333<x40>[B] (+1) -0.595833333<x41>[B] (+1) -0.595833333<x42>[B] (+1) -0.595833333<x43>[B] (+0) -0.595833333<x44>[B] (+1) -0.595833333<x45>[B] (+1) -0.595833333<x46>[B] (+1) -0.595833333<x47>[B] (+1) -0.595833333<x48>[B] (+0) -0.595833333<x49>[B] (+1) -0.595833333<x50>[B] (+1) -0.595833333<x51>[B] (+0) -0.595833333<x52>[B] (+1) -0.595833333<x53>[B] (+1) -0.595833333<x54>[B] (+1) -0.595833333<x55>[B] (+1) -0.595833333<x56>[B] (+1) +0.595833333<x57>[B] (+1) -0.595833333<x58>[B] (+1) -0.595833333<x59>[B] (+0) -0.595833333<x60>[B] (+1) -0.595833333<x61>[B] (+1) -0.595833333<x62>[B] (+0) -0.595833333<x63>[B] (+1) -0.595833333<x64>[B] (+1) -0.595833333<x65>[B] (+1) -0.595833333<x66>[B] (+1) +0.595833333<x67>[B] (+1) -0.595833333<x68>[B] (+0) -0.595833333<x69>[B] (+0) -0.595833333<x70>[B] (+1) -0.595833333<x71>[B] (+1) -0.595833333<x72>[B] (+0) +0.595833333<x73>[B] (+0) -0.595833333<x74>[B] (+1) -0.595833333<x75>[B] (+1) +0.595833333<x76>[B] (+1) -0.595833333<x77>[B] (+0) -0.595833333<x78>[B] (+0) -0.595833333<x79>[B] (+1) +0.595833333<x80>[B] (+1) +0.595833333<x81>[B] (+0) +0.595833333<x82>[B] (+0) -0.595833333<x83>[B] (+0) -0.595833333<x84>[B] (+0) -0.595833333<x85>[B] (+0) -0.595833333<x86>[B] (+0) -0.595833333<x87>[B] (+1) -0.595833333<x88>[B] (+1) -0.595833333<x89>[B] (+0) -0.595833333<x90>[B] (+0) -0.595833333<x91>[B] (+0) -0.595833333<x92>[B] (+0) +0.595833333<x93>[B] (+0) +0.595833333<x94>[B] (+1) +0.595833333<x95>[B] (+1) +0.595833333<x96>[B] (+0) +0.595833333<x97>[B] (+0) +0.595833333<x98>[B] (+1) +0.595833333<x99>[B] (+1) -0.595833333<x100>[B] (+1) +0.595833333<x101>[B] (+1) +0.595833333<x102>[B] (+1) +0.595833333<x103>[B] (+1) -0.595833333<x104>[B] (+1) -0.595833333<x105>[B] (+1) +0.595833333<x106>[B] (+1) +0.595833333<x107>[B] (+0) +0.595833333<x108>[B] (+0) +0.595833333<x109>[B] (+0) -0.595833333<x110>[B] (+0) -0.595833333<x111>[B] (+0) +0.595833333<x112>[B] (+0) -0.595833333<x113>[B] (+0) -0.595833333<x114>[B] (+0) +0.595833333<x115>[B] (+1) -0.595833333<x116>[B] (+1) -0.595833333<x117>[B] (+1) -0.595833333<x118>[B] (+1) -0.595833333<x119>[B] (+1) -0.595833333<x120>[B] (+0) >= 9.0875;
;
violation: left hand side is violated by 0.275000000000031
  [linear] <c1141>: <x121>[C] (+23.2041667) +0.595833333<x1>[B] (+0) +0.595833333<x2>[B] (+0) +0.595833333<x3>[B] (+0) +0.595833333<x4>[B] (+0) +0.595833333<x5>[B] (+0) +0.595833333<x6>[B] (+0) +0.595833333<x7>[B] (+0) +0.595833333<x8>[B] (+0) +0.595833333<x9>[B] (+0) +0.595833333<x10>[B] (+0) +0.595833333<x11>[B] (+0) +0.595833333<x12>[B] (+0) +0.595833333<x13>[B] (+0) +0.595833333<x14>[B] (+0) +0.595833333<x15>[B] (+0) +0.595833333<x16>[B] (+0) +0.595833333<x17>[B] (+0) +0.595833333<x18>[B] (+0) +0.595833333<x19>[B] (+0) +0.595833333<x20>[B] (+0) +0.595833333<x21>[B] (+1) -0.595833333<x22>[B] (+0) -0.595833333<x23>[B] (+0) -0.595833333<x24>[B] (+1) +0.595833333<x25>[B] (+1) +0.595833333<x26>[B] (+0) +0.595833333<x27>[B] (+0) -0.595833333<x28>[B] (+0) -0.595833333<x29>[B] (+0) +0.595833333<x30>[B] (+1) +0.595833333<x31>[B] (+1) -0.595833333<x32>[B] (+1) -0.595833333<x33>[B] (+1) +0.595833333<x34>[B] (+1) -0.595833333<x35>[B] (+1) -0.595833333<x36>[B] (+1) -0.595833333<x37>[B] (+1) -0.595833333<x38>[B] (+1) -0.595833333<x39>[B] (+1) +0.595833333<x40>[B] (+1) -0.595833333<x41>[B] (+1) -0.595833333<x42>[B] (+1) -0.595833333<x43>[B] (+1) -0.595833333<x44>[B] (+1) -0.595833333<x45>[B] (+1) -0.595833333<x46>[B] (+1) -0.595833333<x47>[B] (+1) -0.595833333<x48>[B] (+0) -0.595833333<x49>[B] (+1) -0.595833333<x50>[B] (+1) -0.595833333<x51>[B] (+0) -0.595833333<x52>[B] (+1) -0.595833333<x53>[B] (+1) -0.595833333<x54>[B] (+1) -0.595833333<x55>[B] (+1) -0.595833333<x56>[B] (+1) +0.595833333<x57>[B] (+1) -0.595833333<x58>[B] (+1) -0.595833333<x59>[B] (+0) -0.595833333<x60>[B] (+1) -0.595833333<x61>[B] (+1) -0.595833333<x62>[B] (+0) -0.595833333<x63>[B] (+1) -0.595833333<x64>[B] (+1) -0.595833333<x65>[B] (+1) -0.595833333<x66>[B] (+1) +0.595833333<x67>[B] (+1) -0.595833333<x68>[B] (+0) -0.595833333<x69>[B] (+0) -0.595833333<x70>[B] (+1) -0.595833333<x71>[B] (+1) -0.595833333<x72>[B] (+0) +0.595833333<x73>[B] (+0) -0.595833333<x74>[B] (+1) -0.595833333<x75>[B] (+1) +0.595833333<x76>[B] (+1) -0.595833333<x77>[B] (+0) -0.595833333<x78>[B] (+0) -0.595833333<x79>[B] (+1) +0.595833333<x80>[B] (+1) +0.595833333<x81>[B] (+0) +0.595833333<x82>[B] (+0) -0.595833333<x83>[B] (+0) -0.595833333<x84>[B] (+0) -0.595833333<x85>[B] (+0) -0.595833333<x86>[B] (+0) -0.595833333<x87>[B] (+1) -0.595833333<x88>[B] (+1) -0.595833333<x89>[B] (+0) -0.595833333<x90>[B] (+0) -0.595833333<x91>[B] (+0) -0.595833333<x92>[B] (+0) +0.595833333<x93>[B] (+0) +0.595833333<x94>[B] (+1) +0.595833333<x95>[B] (+1) +0.595833333<x96>[B] (+0) +0.595833333<x97>[B] (+1) +0.595833333<x98>[B] (+1) +0.595833333<x99>[B] (+1) -0.595833333<x100>[B] (+1) +0.595833333<x101>[B] (+1) +0.595833333<x102>[B] (+0) +0.595833333<x103>[B] (+1) -0.595833333<x104>[B] (+1) -0.595833333<x105>[B] (+1) +0.595833333<x106>[B] (+1) +0.595833333<x107>[B] (+0) +0.595833333<x108>[B] (+0) +0.595833333<x109>[B] (+0) -0.595833333<x110>[B] (+0) -0.595833333<x111>[B] (+0) +0.595833333<x112>[B] (+0) -0.595833333<x113>[B] (+0) -0.595833333<x114>[B] (+0) +0.595833333<x115>[B] (+1) -0.595833333<x116>[B] (+1) -0.595833333<x117>[B] (+1) -0.595833333<x118>[B] (+1) -0.595833333<x119>[B] (+1) -0.595833333<x120>[B] (+0) >= 9.0875;
;
violation: left hand side is violated by 0.183333333333348
all 10 solutions given by solution candidate storage are infeasible

feasible solution found by trivial heuristic after 0.0 seconds, objective value -9.999960e+05
presolving:
   (0.0s) symmetry computation started: requiring (bin +, int +, cont +), (fixed: bin -, int -, cont -)
   (0.0s) no symmetry present (symcode time: 0.00)
presolving (0 rounds: 0 fast, 0 medium, 0 exhaustive):
 0 deleted vars, 0 deleted constraints, 0 added constraints, 0 tightened bounds, 0 added holes, 0 changed sides, 0 changed coefficients
 0 implications, 0 cliques, 0 implied integral variables (0 bin, 0 int, 0 cont)
presolved problem has 130 variables (120 bin, 0 int, 10 cont) and 1148 constraints
   1148 constraints of type <linear>
Presolving Time: 0.00
transformed 1/1 original solutions to the transformed problem space

 time | node  | left  |LP iter|LP it/n|mem/heur|mdpt |vars |cons |rows |cuts |sepa|confs|strbr|  dualbound   | primalbound  |  gap   | compl. 
p 0.0s|     1 |     0 |     2 |     - |   locks|   0 | 130 |1148 |1148 |   0 |  0 |   0 |   0 | 1.460000e+02 |-2.019208e+02 |    Inf | unknown
* 0.0s|     1 |     0 |   158 |     - |    LP  |   0 | 130 |1148 |1148 |   0 |  0 |   0 |   0 |-9.186667e+01 |-9.186667e+01 |   0.00%| unknown
  0.0s|     1 |     0 |   158 |     - |    13M |   0 | 130 |1148 |1148 |   0 |  0 |   0 |   0 |-9.186667e+01 |-9.186667e+01 |   0.00%| unknown

SCIP Status        : problem is solved [optimal solution found]
Solving Time (sec) : 0.01
Solving Nodes      : 1
Primal Bound       : -9.18666666666667e+01 (4 solutions)
Dual Bound         : -9.18666666666667e+01
Gap                : 0.00 %
  [linear] <c1149>: <x121>[C] (+23.9833333) +0.629166667<x1>[B] (+0) +0.629166667<x2>[B] (+0) +0.629166667<x3>[B] (+0) +0.629166667<x4>[B] (+0) +0.629166667<x5>[B] (+0) +0.629166667<x6>[B] (+0) +0.629166667<x7>[B] (+0) +0.629166667<x8>[B] (+0) +0.629166667<x9>[B] (+0) +0.629166667<x10>[B] (+0) +0.629166667<x11>[B] (+0) +0.629166667<x12>[B] (+0) +0.629166667<x13>[B] (+0) +0.629166667<x14>[B] (+0) +0.629166667<x15>[B] (+0) +0.629166667<x16>[B] (+0) +0.629166667<x17>[B] (+0) +0.629166667<x18>[B] (+0) +0.629166667<x19>[B] (+0) +0.629166667<x20>[B] (+0) +0.629166667<x21>[B] (+1) -0.629166667<x22>[B] (+0) -0.629166667<x23>[B] (+0) -0.629166667<x24>[B] (+1) +0.629166667<x25>[B] (+1) +0.629166667<x26>[B] (+0) +0.629166667<x27>[B] (+0) -0.629166667<x28>[B] (+0) -0.629166667<x29>[B] (+0) +0.629166667<x30>[B] (+1) +0.629166667<x31>[B] (+1) -0.629166667<x32>[B] (+1) -0.629166667<x33>[B] (+1) +0.629166667<x34>[B] (+1) -0.629166667<x35>[B] (+1) -0.629166667<x36>[B] (+1) -0.629166667<x37>[B] (+1) -0.629166667<x38>[B] (+1) -0.629166667<x39>[B] (+1) +0.629166667<x40>[B] (+1) -0.629166667<x41>[B] (+1) -0.629166667<x42>[B] (+1) -0.629166667<x43>[B] (+1) -0.629166667<x44>[B] (+1) -0.629166667<x45>[B] (+1) -0.629166667<x46>[B] (+1) -0.629166667<x47>[B] (+1) -0.629166667<x48>[B] (+0) -0.629166667<x49>[B] (+1) -0.629166667<x50>[B] (+1) -0.629166667<x51>[B] (+0) -0.629166667<x52>[B] (+1) -0.629166667<x53>[B] (+1) -0.629166667<x54>[B] (+1) -0.629166667<x55>[B] (+1) -0.629166667<x56>[B] (+1) +0.629166667<x57>[B] (+1) -0.629166667<x58>[B] (+1) -0.629166667<x59>[B] (+0) -0.629166667<x60>[B] (+1) -0.629166667<x61>[B] (+1) -0.629166667<x62>[B] (+0) -0.629166667<x63>[B] (+1) -0.629166667<x64>[B] (+1) -0.629166667<x65>[B] (+1) -0.629166667<x66>[B] (+1) +0.629166667<x67>[B] (+1) -0.629166667<x68>[B] (+1) -0.629166667<x69>[B] (+0) -0.629166667<x70>[B] (+1) -0.629166667<x71>[B] (+1) -0.629166667<x72>[B] (+0) +0.629166667<x73>[B] (+1) -0.629166667<x74>[B] (+1) -0.629166667<x75>[B] (+1) +0.629166667<x76>[B] (+1) -0.629166667<x77>[B] (+0) -0.629166667<x78>[B] (+0) -0.629166667<x79>[B] (+1) +0.629166667<x80>[B] (+1) +0.629166667<x81>[B] (+0) +0.629166667<x82>[B] (+0) -0.629166667<x83>[B] (+0) -0.629166667<x84>[B] (+0) -0.629166667<x85>[B] (+0) -0.629166667<x86>[B] (+0) -0.629166667<x87>[B] (+1) -0.629166667<x88>[B] (+1) -0.629166667<x89>[B] (+0) -0.629166667<x90>[B] (+0) -0.629166667<x91>[B] (+0) -0.629166667<x92>[B] (+0) +0.629166667<x93>[B] (+0) +0.629166667<x94>[B] (+1) +0.629166667<x95>[B] (+1) +0.629166667<x96>[B] (+0) +0.629166667<x97>[B] (+1) +0.629166667<x98>[B] (+0) +0.629166667<x99>[B] (+1) -0.629166667<x100>[B] (+1) +0.629166667<x101>[B] (+1) +0.629166667<x102>[B] (+0) +0.629166667<x103>[B] (+1) -0.629166667<x104>[B] (+1) -0.629166667<x105>[B] (+1) +0.629166667<x106>[B] (+1) +0.629166667<x107>[B] (+0) +0.629166667<x108>[B] (+0) +0.629166667<x109>[B] (+0) -0.629166667<x110>[B] (+0) -0.629166667<x111>[B] (+0) +0.629166667<x112>[B] (+0) -0.629166667<x113>[B] (+0) -0.629166667<x114>[B] (+0) +0.629166667<x115>[B] (+1) -0.629166667<x116>[B] (+1) -0.629166667<x117>[B] (+1) -0.629166667<x118>[B] (+0) -0.629166667<x119>[B] (+1) -0.629166667<x120>[B] (+1) >= 8.3375;
;
violation: left hand side is violated by 0.0833333333333073
3/4 feasible solutions given by solution candidate storage, new primal bound -2.019208e+02

presolving:
   (0.0s) symmetry computation started: requiring (bin +, int +, cont +), (fixed: bin -, int -, cont -)
   (0.0s) no symmetry present (symcode time: 0.00)
presolving (0 rounds: 0 fast, 0 medium, 0 exhaustive):
 0 deleted vars, 0 deleted constraints, 0 added constraints, 0 tightened bounds, 0 added holes, 0 changed sides, 0 changed coefficients
 0 implications, 0 cliques, 0 implied integral variables (0 bin, 0 int, 0 cont)
presolved problem has 130 variables (120 bin, 0 int, 10 cont) and 1156 constraints
   1156 constraints of type <linear>
Presolving Time: 0.00
transformed 3/3 original solutions to the transformed problem space

 time | node  | left  |LP iter|LP it/n|mem/heur|mdpt |vars |cons |rows |cuts |sepa|confs|strbr|  dualbound   | primalbound  |  gap   | compl. 
* 0.0s|     1 |     0 |   163 |     - |    LP  |   0 | 130 |1156 |1156 |   0 |  0 |   0 |   0 |-9.215000e+01 |-9.215000e+01 |   0.00%| unknown
  0.0s|     1 |     0 |   163 |     - |    13M |   0 | 130 |1156 |1156 |   0 |  0 |   0 |   0 |-9.215000e+01 |-9.215000e+01 |   0.00%| unknown

SCIP Status        : problem is solved [optimal solution found]
Solving Time (sec) : 0.01
Solving Nodes      : 1
Primal Bound       : -9.21500000000000e+01 (5 solutions)
Dual Bound         : -9.21500000000000e+01
Gap                : 0.00 %
  [linear] <c1157>: <x123>[C] (+10.4083333) +0.4125<x1>[B] (+0) -0.4125<x2>[B] (+0) +0.4125<x3>[B] (+0) +0.4125<x4>[B] (+0) -0.4125<x5>[B] (+0) +0.4125<x6>[B] (+0) +0.4125<x7>[B] (+0) +0.4125<x8>[B] (+0) +0.4125<x9>[B] (+0) +0.4125<x10>[B] (+0) +0.4125<x11>[B] (+0) -0.4125<x12>[B] (+0) +0.4125<x13>[B] (+0) +0.4125<x14>[B] (+0) +0.4125<x15>[B] (+0) -0.4125<x16>[B] (+0) -0.4125<x17>[B] (+0) +0.4125<x18>[B] (+0) -0.4125<x19>[B] (+0) +0.4125<x20>[B] (+0) -0.4125<x21>[B] (+1) +0.4125<x22>[B] (+0) +0.4125<x23>[B] (+0) +0.4125<x24>[B] (+1) +0.4125<x25>[B] (+1) -0.4125<x26>[B] (+0) -0.4125<x27>[B] (+0) +0.4125<x28>[B] (+0) +0.4125<x29>[B] (+0) +0.4125<x30>[B] (+1) +0.4125<x31>[B] (+1) -0.4125<x32>[B] (+1) +0.4125<x33>[B] (+1) +0.4125<x34>[B] (+1) +0.4125<x35>[B] (+1) +0.4125<x36>[B] (+1) +0.4125<x37>[B] (+1) +0.4125<x38>[B] (+1) -0.4125<x39>[B] (+1) +0.4125<x40>[B] (+1) +0.4125<x41>[B] (+1) +0.4125<x42>[B] (+1) +0.4125<x43>[B] (+0) -0.4125<x44>[B] (+1) +0.4125<x45>[B] (+1) -0.4125<x46>[B] (+1) +0.4125<x47>[B] (+1) +0.4125<x48>[B] (+0) +0.4125<x49>[B] (+1) +0.4125<x50>[B] (+1) -0.4125<x51>[B] (+0) +0.4125<x52>[B] (+1) +0.4125<x53>[B] (+1) +0.4125<x54>[B] (+1) -0.4125<x55>[B] (+1) +0.4125<x56>[B] (+1) -0.4125<x57>[B] (+1) +0.4125<x58>[B] (+1) +0.4125<x59>[B] (+0) +0.4125<x60>[B] (+1) +0.4125<x61>[B] (+1) -0.4125<x62>[B] (+0) -0.4125<x63>[B] (+1) +0.4125<x64>[B] (+1) +0.4125<x65>[B] (+1) +0.4125<x66>[B] (+1) +0.4125<x67>[B] (+1) +0.4125<x68>[B] (+1) +0.4125<x69>[B] (+0) +0.4125<x70>[B] (+1) +0.4125<x71>[B] (+1) -0.4125<x72>[B] (+0) +0.4125<x73>[B] (+1) +0.4125<x74>[B] (+1) +0.4125<x75>[B] (+1) -0.4125<x76>[B] (+1) +0.4125<x77>[B] (+0) -0.4125<x78>[B] (+0) +0.4125<x79>[B] (+1) -0.4125<x80>[B] (+1) -0.4125<x81>[B] (+0) -0.4125<x82>[B] (+0) +0.4125<x83>[B] (+0) +0.4125<x84>[B] (+0) +0.4125<x85>[B] (+0) +0.4125<x86>[B] (+0) +0.4125<x87>[B] (+1) +0.4125<x88>[B] (+1) -0.4125<x89>[B] (+0) +0.4125<x90>[B] (+0) +0.4125<x91>[B] (+0) +0.4125<x92>[B] (+0) -0.4125<x93>[B] (+0) -0.4125<x94>[B] (+1) -0.4125<x95>[B] (+1) -0.4125<x96>[B] (+0) -0.4125<x97>[B] (+1) -0.4125<x98>[B] (+0) -0.4125<x99>[B] (+1) +0.4125<x100>[B] (+1) -0.4125<x101>[B] (+1) -0.4125<x102>[B] (+0) -0.4125<x103>[B] (+1) +0.4125<x104>[B] (+1) +0.4125<x105>[B] (+1) -0.4125<x106>[B] (+1) -0.4125<x107>[B] (+0) -0.4125<x108>[B] (+0) -0.4125<x109>[B] (+0) -0.4125<x110>[B] (+0) -0.4125<x111>[B] (+0) -0.4125<x112>[B] (+0) +0.4125<x113>[B] (+0) +0.4125<x114>[B] (+0) +0.4125<x115>[B] (+1) +0.4125<x116>[B] (+1) +0.4125<x117>[B] (+1) +0.4125<x118>[B] (+0) +0.4125<x119>[B] (+1) +0.4125<x120>[B] (+1) >= 21.9666666666667;
;
violation: left hand side is violated by 0.00833333333329023
4/5 feasible solutions given by solution candidate storage, new primal bound -2.019208e+02

presolving:
   (0.0s) symmetry computation started: requiring (bin +, int +, cont +), (fixed: bin -, int -, cont -)
   (0.0s) no symmetry present (symcode time: 0.00)
presolving (0 rounds: 0 fast, 0 medium, 0 exhaustive):
 0 deleted vars, 0 deleted constraints, 0 added constraints, 0 tightened bounds, 0 added holes, 0 changed sides, 0 changed coefficients
 0 implications, 0 cliques, 0 implied integral variables (0 bin, 0 int, 0 cont)
presolved problem has 130 variables (120 bin, 0 int, 10 cont) and 1161 constraints
   1161 constraints of type <linear>
Presolving Time: 0.00
transformed 4/4 original solutions to the transformed problem space

 time | node  | left  |LP iter|LP it/n|mem/heur|mdpt |vars |cons |rows |cuts |sepa|confs|strbr|  dualbound   | primalbound  |  gap   | compl. 
p 0.0s|     1 |     0 |     3 |     - |   locks|   0 | 130 |1161 |1161 |   0 |  0 |   0 |   0 | 1.460000e+02 |-1.921833e+02 |    Inf | unknown
  0.0s|     1 |     0 |   159 |     - |    14M |   0 | 130 |1161 |1161 |   0 |  0 |   0 |   0 |-9.218452e+01 |-1.921833e+02 | 108.48%| unknown
r 0.0s|     1 |     0 |   159 |     - |shifting|   0 | 130 |1161 |1161 |   0 |  0 |   0 |   0 |-9.218452e+01 |-1.024631e+02 |  11.15%| unknown
  0.0s|     1 |     0 |   160 |     - |    14M |   0 | 130 |1161 |1163 |   2 |  1 |   0 |   0 |-9.219167e+01 |-1.024631e+02 |  11.14%| unknown
  0.0s|     1 |     0 |   160 |     - |    14M |   0 | 130 |1161 |1163 |   2 |  1 |   0 |   0 |-9.219167e+01 |-1.024631e+02 |  11.14%| unknown
d 0.0s|     1 |     0 |   160 |     - |farkasdi|   0 | 130 |1161 |1163 |   0 |  2 |   0 |   0 |-9.219167e+01 |-9.219167e+01 |   0.00%| unknown
  0.0s|     1 |     0 |   160 |     - |    14M |   0 | 130 |1161 |1163 |   2 |  2 |   0 |   0 |-9.219167e+01 |-9.219167e+01 |   0.00%| unknown

SCIP Status        : problem is solved [optimal solution found]
Solving Time (sec) : 0.02
Solving Nodes      : 1
Primal Bound       : -9.21916666666666e+01 (7 solutions)
Dual Bound         : -9.21916666666666e+01
Gap                : 0.00 %
