Loading instance...
Median ranking: [13, 1, 14, 2, 5, 8, 15, 11, 9, 16, 7, 3, 12, 6, 4, 10]
Mean ranking: [13, 1, 8, 2, 11, 9, 14, 5, 15, 7, 3, 12, 16, 6, 4, 10]
Actual error: 0.002479619369797015
Weighted Kendall distance: 144.0
Normalized distance: 0.10588235294117647
 add conss, 0 chg bounds, 0 chg sides, 0 chg coeffs, 0 upgd conss, 0 impls, 0 clqs, 0 implints
   (0.0s) symmetry computation started: requiring (bin +, int +, cont +), (fixed: bin -, int -, cont -)
   (0.0s) no symmetry present (symcode time: 0.00)
presolving (2 rounds: 2 fast, 2 medium, 1 exhaustive):
 0 deleted vars, 1120 deleted constraints, 560 added constraints, 0 tightened bounds, 0 added holes, 0 changed sides, 0 changed coefficients
 0 implications, 0 cliques, 0 implied integral variables (0 bin, 0 int, 0 cont)
presolved problem has 120 variables (0 bin, 0 int, 120 cont) and 560 constraints
    560 constraints of type <linear>
Presolving Time: 0.01
transformed 3/3 original solutions to the transformed problem space

 time | node  | left  |LP iter|LP it/n|mem/heur|mdpt |vars |cons |rows |cuts |sepa|confs|strbr|  dualbound   | primalbound  |  gap   | compl. 
* 0.0s|     1 |     0 |    23 |     - |    LP  |   0 | 120 | 560 | 560 |   0 |  0 |   0 |   0 | 2.460000e+02 | 2.460000e+02 |   0.00%| unknown
  0.0s|     1 |     0 |    23 |     - |  4088k |   0 | 120 | 560 | 560 |   0 |  0 |   0 |   0 | 2.460000e+02 | 2.460000e+02 |   0.00%| unknown

SCIP Status        : problem is solved [optimal solution found]
Solving Time (sec) : 0.01
Solving Nodes      : 1
Primal Bound       : +2.46000000000000e+02 (4 solutions)
Dual Bound         : +2.46000000000000e+02
Gap                : 0.00 %
feasible solution found by trivial heuristic after 0.0 seconds, objective value 2.800000e+01
presolving:
   (0.0s) running MILP presolver
   (0.0s) MILP presolver (2 rounds): 0 aggregations, 0 fixings, 0 bound changes
(round 1, medium)     0 del vars, 1120 del conss, 560 add conss, 0 chg bounds, 0 chg sides, 0 chg coeffs, 0 upgd conss, 0 impls, 0 clqs, 0 implints
   (0.0s) probing: 51/120 (42.5%) - 0 fixings, 0 aggregations, 0 implications, 0 bound changes
   (0.0s) probing aborted: 50/50 successive totally useless probings
   (0.0s) symmetry computation started: requiring (bin +, int +, cont +), (fixed: bin -, int -, cont -)
   (0.0s) no symmetry present (symcode time: 0.00)
presolving (2 rounds: 2 fast, 2 medium, 1 exhaustive):
 0 deleted vars, 1120 deleted constraints, 560 added constraints, 0 tightened bounds, 0 added holes, 0 changed sides, 0 changed coefficients
 0 implications, 0 cliques, 0 implied integral variables (0 bin, 0 int, 0 cont)
presolved problem has 120 variables (120 bin, 0 int, 0 cont) and 560 constraints
    560 constraints of type <linear>
transformed objective value is always integral (scale: 2)
Presolving Time: 0.01
transformed 2/2 original solutions to the transformed problem space

 time | node  | left  |LP iter|LP it/n|mem/heur|mdpt |vars |cons |rows |cuts |sepa|confs|strbr|  dualbound   | primalbound  |  gap   | compl. 
p 0.0s|     1 |     0 |     0 |     - |   locks|   0 | 120 | 560 | 560 |   0 |  0 |   0 |   0 | 2.680000e+02 | 1.240000e+02 | 116.13%| unknown
i 0.0s|     1 |     0 |     0 |     - |  oneopt|   0 | 120 | 560 | 560 |   0 |  0 |   0 |   0 | 2.680000e+02 | 1.820000e+02 |  47.25%| unknown
* 0.0s|     1 |     0 |    21 |     - |    LP  |   0 | 120 | 560 | 560 |   0 |  0 |   0 |   0 | 2.460000e+02 | 2.460000e+02 |   0.00%| unknown
  0.0s|     1 |     0 |    21 |     - |  4199k |   0 | 120 | 560 | 560 |   0 |  0 |   0 |   0 | 2.460000e+02 | 2.460000e+02 |   0.00%| unknown

SCIP Status        : problem is solved [optimal solution found]
Solving Time (sec) : 0.01
Solving Nodes      : 1
Primal Bound       : +2.46000000000000e+02 (5 solutions)
Dual Bound         : +2.46000000000000e+02
Gap                : 0.00 %
feasible solution found by trivial heuristic after 0.1 seconds, objective value -2.999972e+06
presolving:
(round 1, fast)       0 del vars, 0 del conss, 0 add conss, 60 chg bounds, 0 chg sides, 0 chg coeffs, 0 upgd conss, 0 impls, 0 clqs, 0 implints
   (0.3s) running MILP presolver
   (0.4s) MILP presolver (2 rounds): 0 aggregations, 0 fixings, 0 bound changes
(round 2, exhaustive) 0 del vars, 560 del conss, 0 add conss, 60 chg bounds, 0 chg sides, 0 chg coeffs, 0 upgd conss, 0 impls, 0 clqs, 0 implints
   (0.7s) symmetry computation started: requiring (bin +, int +, cont +), (fixed: bin -, int -, cont -)
   (0.8s) no symmetry present (symcode time: 0.01)
presolving (3 rounds: 3 fast, 2 medium, 2 exhaustive):
 0 deleted vars, 560 deleted constraints, 0 added constraints, 60 tightened bounds, 0 added holes, 0 changed sides, 0 changed coefficients
 0 implications, 0 cliques, 0 implied integral variables (0 bin, 0 int, 0 cont)
presolved problem has 150 variables (0 bin, 0 int, 150 cont) and 4160 constraints
   4160 constraints of type <linear>
Presolving Time: 0.74

 time | node  | left  |LP iter|LP it/n|mem/heur|mdpt |vars |cons |rows |cuts |sepa|confs|strbr|  dualbound   | primalbound  |  gap   | compl. 
t 0.8s|     1 |     0 |     0 |     - | trivial|   0 | 150 |4160 |   0 |   0 |  0 |   0 |   0 | 2.680000e+02 |-1.772000e+03 |    Inf | unknown
* 1.0s|     1 |     0 |   406 |     - |    LP  |   0 | 150 |4160 |4160 |   0 |  0 |   0 |   0 |-3.373247e+02 |-3.373247e+02 |   0.00%| unknown
  1.0s|     1 |     0 |   406 |     - |   259M |   0 | 150 |4160 |4160 |   0 |  0 |   0 |   0 |-3.373247e+02 |-3.373247e+02 |   0.00%| unknown

SCIP Status        : problem is solved [optimal solution found]
Solving Time (sec) : 0.95
Solving Nodes      : 1
Primal Bound       : -3.37324652777778e+02 (3 solutions)
Dual Bound         : -3.37324652777778e+02
Gap                : 0.00 %
feasible solution found by trivial heuristic after 0.0 seconds, objective value -2.999972e+06
presolving:
(round 1, fast)       0 del vars, 0 del conss, 0 add conss, 60 chg bounds, 0 chg sides, 0 chg coeffs, 0 upgd conss, 0 impls, 0 clqs, 0 implints
   (0.2s) running MILP presolver
   (0.3s) MILP presolver (2 rounds): 0 aggregations, 0 fixings, 0 bound changes
(round 2, exhaustive) 0 del vars, 560 del conss, 0 add conss, 60 chg bounds, 0 chg sides, 0 chg coeffs, 0 upgd conss, 0 impls, 0 clqs, 0 implints
   (0.7s) probing: 51/120 (42.5%) - 0 fixings, 0 aggregations, 0 implications, 0 bound changes
   (0.7s) probing aborted: 50/50 successive totally useless probings
   (0.7s) symmetry computation started: requiring (bin +, int +, cont +), (fixed: bin -, int -, cont -)
   (0.8s) no symmetry present (symcode time: 0.01)
presolving (3 rounds: 3 fast, 2 medium, 2 exhaustive):
 0 deleted vars, 560 deleted constraints, 0 added constraints, 60 tightened bounds, 0 added holes, 0 changed sides, 0 changed coefficients
 0 implications, 0 cliques, 0 implied integral variables (0 bin, 0 int, 0 cont)
presolved problem has 150 variables (120 bin, 0 int, 30 cont) and 4160 constraints
   4160 constraints of type <linear>
Presolving Time: 0.80

 time | node  | left  |LP iter|LP it/n|mem/heur|mdpt |vars |cons |rows |cuts |sepa|confs|strbr|  dualbound   | primalbound  |  gap   | compl. 
t 0.8s|     1 |     0 |     0 |     - | trivial|   0 | 150 |4160 |   0 |   0 |  0 |   0 |   0 | 2.680000e+02 |-1.772000e+03 |    Inf | unknown
p 1.0s|     1 |     0 |    30 |     - |   locks|   0 | 150 |4160 |4160 |   0 |  0 |   0 |   0 | 2.680000e+02 |-5.652333e+02 |    Inf | unknown
  1.1s|     1 |     0 |   436 |     - |   260M |   0 | 150 |4160 |4160 |   0 |  0 |   0 |   0 |-3.373247e+02 |-5.652333e+02 |  67.56%| unknown
r 1.2s|     1 |     0 |   436 |     - |shifting|   0 | 150 |4160 |4160 |   0 |  0 |   0 |   0 |-3.373247e+02 |-3.597219e+02 |   6.64%| unknown
  1.2s|     1 |     0 |   441 |     - |   261M |   0 | 150 |4160 |4161 |   1 |  1 |   0 |   0 |-3.373400e+02 |-3.597219e+02 |   6.63%| unknown
  1.3s|     1 |     0 |   444 |     - |   261M |   0 | 150 |4160 |4162 |   2 |  2 |   0 |   0 |-3.373523e+02 |-3.597219e+02 |   6.63%| unknown
r 1.3s|     1 |     0 |   444 |     - |shifting|   0 | 150 |4160 |4162 |   2 |  2 |   0 |   0 |-3.373523e+02 |-3.539193e+02 |   4.91%| unknown
  1.3s|     1 |     0 |   449 |     - |   261M |   0 | 150 |4160 |4163 |   3 |  3 |   0 |   0 |-3.373598e+02 |-3.539193e+02 |   4.91%| unknown
  1.4s|     1 |     0 |   452 |     - |   262M |   0 | 150 |4160 |4165 |   5 |  4 |   0 |   0 |-3.373655e+02 |-3.539193e+02 |   4.91%| unknown
r 1.4s|     1 |     0 |   452 |     - |shifting|   0 | 150 |4160 |4165 |   5 |  4 |   0 |   0 |-3.373655e+02 |-3.493870e+02 |   3.56%| unknown
  1.4s|     1 |     0 |   454 |     - |   262M |   0 | 150 |4160 |4166 |   6 |  5 |   0 |   0 |-3.373694e+02 |-3.493870e+02 |   3.56%| unknown
  1.5s|     1 |     0 |   455 |     - |   263M |   0 | 150 |4160 |4167 |   7 |  6 |   0 |   0 |-3.373702e+02 |-3.493870e+02 |   3.56%| unknown
  1.5s|     1 |     0 |   456 |     - |   263M |   0 | 150 |4160 |4168 |   8 |  7 |   0 |   0 |-3.373737e+02 |-3.493870e+02 |   3.56%| unknown
  1.6s|     1 |     0 |   461 |     - |   264M |   0 | 150 |4160 |4169 |   9 |  8 |   0 |   0 |-3.373744e+02 |-3.493870e+02 |   3.56%| unknown
  1.6s|     1 |     0 |   473 |     - |   264M |   0 | 150 |4160 |4170 |  10 |  9 |   0 |   0 |-3.373802e+02 |-3.493870e+02 |   3.56%| unknown
 time | node  | left  |LP iter|LP it/n|mem/heur|mdpt |vars |cons |rows |cuts |sepa|confs|strbr|  dualbound   | primalbound  |  gap   | compl. 
  1.7s|     1 |     0 |   488 |     - |   265M |   0 | 150 |4160 |4172 |  12 | 10 |   0 |   0 |-3.373970e+02 |-3.493870e+02 |   3.55%| unknown
r 1.7s|     1 |     0 |   524 |     - |intshift|   0 | 150 |4160 |4172 |  12 | 11 |   0 |   0 |-3.373970e+02 |-3.409500e+02 |   1.05%| unknown
d 1.8s|     1 |     0 |   559 |     - |farkasdi|   0 | 150 |4160 |4172 |   0 | 11 |   0 |   0 |-3.373970e+02 |-3.375250e+02 |   0.04%| unknown
  1.9s|     1 |     0 |   559 |     - |   265M |   0 | 150 |4160 |4172 |  12 | 11 |   0 |   0 |-3.373970e+02 |-3.375250e+02 |   0.04%| unknown
  1.9s|     1 |     0 |   559 |     - |   265M |   0 | 150 |4160 |3780 |  12 | 11 |   0 |   0 |-3.373970e+02 |-3.375250e+02 |   0.04%| unknown
  2.0s|     1 |     0 |   559 |     - |   266M |   0 | 150 |3021 |3780 |  12 | 12 |   0 |   0 |-3.373970e+02 |-3.375250e+02 |   0.04%| unknown
(run 1, node 1) restarting after 95 global fixings of integer variables

(restart) converted 12 cuts from the global cut pool into linear constraints

presolving:
(round 1, fast)       95 del vars, 0 del conss, 0 add conss, 0 chg bounds, 190 chg sides, 275 chg coeffs, 0 upgd conss, 0 impls, 52 clqs, 0 implints
(round 2, fast)       95 del vars, 0 del conss, 0 add conss, 30 chg bounds, 190 chg sides, 275 chg coeffs, 0 upgd conss, 0 impls, 52 clqs, 0 implints
(round 3, fast)       95 del vars, 0 del conss, 0 add conss, 31 chg bounds, 190 chg sides, 275 chg coeffs, 0 upgd conss, 0 impls, 52 clqs, 0 implints
(round 4, fast)       95 del vars, 2 del conss, 0 add conss, 31 chg bounds, 209 chg sides, 300 chg coeffs, 0 upgd conss, 0 impls, 52 clqs, 0 implints
   (2.1s) running MILP presolver
   (2.1s) MILP presolver (4 rounds): 0 aggregations, 0 fixings, 30 bound changes
(round 5, medium)     95 del vars, 2 del conss, 0 add conss, 61 chg bounds, 209 chg sides, 300 chg coeffs, 0 upgd conss, 0 impls, 52 clqs, 0 implints
(round 6, fast)       95 del vars, 19 del conss, 0 add conss, 61 chg bounds, 372 chg sides, 625 chg coeffs, 0 upgd conss, 0 impls, 52 clqs, 0 implints
(round 7, exhaustive) 95 del vars, 21 del conss, 0 add conss, 61 chg bounds, 372 chg sides, 625 chg coeffs, 52 upgd conss, 0 impls, 52 clqs, 0 implints
presolving (8 rounds: 8 fast, 3 medium, 2 exhaustive):
 95 deleted vars, 21 deleted constraints, 0 added constraints, 61 tightened bounds, 0 added holes, 372 changed sides, 625 changed coefficients
 0 implications, 52 cliques, 0 implied integral variables (0 bin, 0 int, 0 cont)
presolved problem has 55 variables (25 bin, 0 int, 30 cont) and 3012 constraints
     52 constraints of type <setppc>
   2960 constraints of type <linear>
Presolving Time: 0.96
transformed 15/18 original solutions to the transformed problem space

 time | node  | left  |LP iter|LP it/n|mem/heur|mdpt |vars |cons |rows |cuts |sepa|confs|strbr|  dualbound   | primalbound  |  gap   | compl. 
  2.3s|     1 |     0 |   844 |     - |   261M |   0 |  55 |3017 |3012 |   0 |  0 |   4 |   0 |-3.373970e+02 |-3.375250e+02 |   0.04%| unknown
  2.3s|     1 |     0 |   844 |     - |   261M |   0 |  55 |3017 |2932 |   0 |  0 |   4 |   0 |-3.373970e+02 |-3.375250e+02 |   0.04%| unknown
  2.3s|     1 |     0 |   846 |     - |   262M |   0 |  55 |2992 |2878 |   1 |  1 |   4 |   0 |-3.373982e+02 |-3.375250e+02 |   0.04%| unknown
  2.3s|     1 |     0 |   848 |     - |   262M |   0 |  55 |2982 |2879 |   2 |  2 |   4 |   0 |-3.373990e+02 |-3.375250e+02 |   0.04%| unknown
  2.4s|     1 |     0 |   849 |     - |   262M |   0 |  55 |2982 |2881 |   4 |  3 |   4 |   0 |-3.373992e+02 |-3.375250e+02 |   0.04%| unknown
  2.4s|     1 |     0 |   858 |     - |   263M |   0 |  55 |2982 |2883 |   6 |  4 |   4 |   0 |-3.374044e+02 |-3.375250e+02 |   0.04%| unknown
  2.4s|     1 |     0 |   862 |     - |   263M |   0 |  55 |2982 |2884 |   7 |  5 |   4 |   0 |-3.374048e+02 |-3.375250e+02 |   0.04%| unknown
  2.4s|     1 |     0 |   879 |     - |   263M |   0 |  55 |2982 |2885 |   8 |  6 |   4 |   0 |-3.374129e+02 |-3.375250e+02 |   0.03%| unknown
  2.5s|     1 |     0 |   892 |     - |   264M |   0 |  55 |2982 |2886 |   9 |  7 |   4 |   0 |-3.374226e+02 |-3.375250e+02 |   0.03%| unknown
  2.5s|     1 |     0 |   897 |     - |   264M |   0 |  55 |2982 |2888 |  11 |  8 |   4 |   0 |-3.374240e+02 |-3.375250e+02 |   0.03%| unknown
  2.5s|     1 |     0 |   902 |     - |   264M |   0 |  55 |2982 |2889 |  12 |  9 |   4 |   0 |-3.374302e+02 |-3.375250e+02 |   0.03%| unknown
  2.5s|     1 |     0 |   913 |     - |   264M |   0 |  55 |2982 |2888 |  14 | 10 |   4 |   0 |-3.374416e+02 |-3.375250e+02 |   0.02%| unknown
  2.5s|     1 |     0 |   918 |     - |   264M |   0 |  55 |2982 |2889 |  15 | 11 |   4 |   0 |-3.374422e+02 |-3.375250e+02 |   0.02%| unknown
  2.6s|     1 |     0 |   919 |     - |   264M |   0 |  55 |2982 |2890 |  16 | 12 |   4 |   0 |-3.374422e+02 |-3.375250e+02 |   0.02%| unknown
  2.6s|     1 |     0 |   919 |     - |   264M |   0 |  55 |2636 |2890 |  16 | 12 |   4 |   0 |-3.374422e+02 |-3.375250e+02 |   0.02%| unknown
 time | node  | left  |LP iter|LP it/n|mem/heur|mdpt |vars |cons |rows |cuts |sepa|confs|strbr|  dualbound   | primalbound  |  gap   | compl. 
  2.6s|     1 |     0 |   966 |     - |   265M |   0 |  55 |2636 |2890 |  16 | 13 |   6 |   0 |-3.375250e+02 |-3.375250e+02 |   0.00%| unknown

SCIP Status        : problem is solved [optimal solution found]
Solving Time (sec) : 2.63
Solving Nodes      : 1 (total of 2 nodes in 2 runs)
Primal Bound       : -3.37525000000000e+02 (31 solutions)
Dual Bound         : -3.37525000000000e+02
Gap                : 0.00 %
feasible solution found by trivial heuristic after 0.0 seconds, objective value 0.000000e+00
presolving:
   (0.0s) symmetry computation started: requiring (bin +, int +, cont +), (fixed: bin -, int -, cont -)
   (0.0s) symmetry computation finished: 29 generators found (max: 1500, log10 of symmetry group size: 32.42) (symcode time: 0.00)
dynamic symmetry handling statistics:
   orbitopal reduction:       no components
   orbital reduction:         no components
   lexicographic reduction:   no permutations
handled 1 out of 1 symmetry components
presolving (0 rounds: 0 fast, 0 medium, 0 exhaustive):
 0 deleted vars, 0 deleted constraints, 0 added constraints, 0 tightened bounds, 0 added holes, 0 changed sides, 0 changed coefficients
 0 implications, 0 cliques, 0 implied integral variables (0 bin, 0 int, 0 cont)
presolved problem has 150 variables (120 bin, 0 int, 30 cont) and 1149 constraints
   1149 constraints of type <linear>
Presolving Time: 0.00
transformed 2/2 original solutions to the transformed problem space

 time | node  | left  |LP iter|LP it/n|mem/heur|mdpt |vars |cons |rows |cuts |sepa|confs|strbr|  dualbound   | primalbound  |  gap   | compl. 
t 0.0s|     1 |     0 |     0 |     - | trivial|   0 | 150 |1120 |   0 |   0 |  0 |   0 |   0 | 2.680000e+02 | 2.800000e+01 | 857.14%| unknown
p 0.0s|     1 |     0 |     0 |     - |   locks|   0 | 150 |1120 |1120 |   0 |  0 |   0 |   0 | 2.680000e+02 | 3.600000e+01 | 644.44%| unknown
i 0.0s|     1 |     0 |     0 |     - |  oneopt|   0 | 150 |1120 |1120 |   0 |  0 |   0 |   0 | 2.680000e+02 | 1.940000e+02 |  38.14%| unknown
* 0.0s|     1 |     0 |    21 |     - |    LP  |   0 | 150 |1120 |1120 |   0 |  0 |   0 |   0 | 2.460000e+02 | 2.460000e+02 |   0.00%| unknown
  0.0s|     1 |     0 |    21 |     - |  6242k |   0 | 150 |1120 |1120 |   0 |  0 |   0 |   0 | 2.460000e+02 | 2.460000e+02 |   0.00%| unknown

SCIP Status        : problem is solved [optimal solution found]
Solving Time (sec) : 0.00
Solving Nodes      : 1
Primal Bound       : +2.46000000000000e+02 (6 solutions)
Dual Bound         : +2.46000000000000e+02
Gap                : 0.00 %
  [linear] <c1121>: <x121>[C] (+0) -0.554166667<x1>[B] (+1) -0.554166667<x2>[B] (+1) -0.554166667<x3>[B] (+1) -0.554166667<x4>[B] (+1) -0.554166667<x5>[B] (+1) -0.554166667<x6>[B] (+1) -0.554166667<x7>[B] (+1) -0.554166667<x8>[B] (+1) +0.554166667<x9>[B] (+1) +0.554166667<x10>[B] (+1) -0.554166667<x11>[B] (+1) -0.554166667<x12>[B] (+0) -0.554166667<x13>[B] (+1) -0.554166667<x14>[B] (+1) -0.554166667<x15>[B] (+1) -0.554166667<x16>[B] (+1) -0.554166667<x17>[B] (+1) -0.554166667<x18>[B] (+1) +0.554166667<x19>[B] (+1) +0.554166667<x20>[B] (+1) +0.554166667<x21>[B] (+1) -0.554166667<x22>[B] (+1) +0.554166667<x23>[B] (+1) +0.554166667<x24>[B] (+1) -0.554166667<x25>[B] (+1) +0.554166667<x26>[B] (+0) +0.554166667<x27>[B] (+0) +0.554166667<x28>[B] (+1) +0.554166667<x29>[B] (+1) -0.554166667<x30>[B] (+1) +0.554166667<x31>[B] (+0) +0.554166667<x32>[B] (+1) +0.554166667<x33>[B] (+0) +0.554166667<x34>[B] (+0) +0.554166667<x35>[B] (+0) +0.554166667<x36>[B] (+1) +0.554166667<x37>[B] (+0) -0.554166667<x38>[B] (+1) +0.554166667<x39>[B] (+0) +0.554166667<x40>[B] (+0) +0.554166667<x41>[B] (+0) +0.554166667<x42>[B] (+0) +0.554166667<x43>[B] (+0) +0.554166667<x44>[B] (+0) +0.554166667<x45>[B] (+0) +0.554166667<x46>[B] (+0) +0.554166667<x47>[B] (+0) +0.554166667<x48>[B] (+1) +0.554166667<x49>[B] (+0) -0.554166667<x50>[B] (+0) +0.554166667<x51>[B] (+0) +0.554166667<x52>[B] (+0) +0.554166667<x53>[B] (+0) +0.554166667<x54>[B] (+0) +0.554166667<x55>[B] (+1) +0.554166667<x56>[B] (+1) +0.554166667<x57>[B] (+1) +0.554166667<x58>[B] (+1) +0.554166667<x59>[B] (+1) +0.554166667<x60>[B] (+1) -0.554166667<x61>[B] (+1) +0.554166667<x62>[B] (+0) +0.554166667<x63>[B] (+0) +0.554166667<x64>[B] (+1) +0.554166667<x65>[B] (+1) -0.554166667<x66>[B] (+0) -0.554166667<x67>[B] (+0) -0.554166667<x68>[B] (+0) +0.554166667<x69>[B] (+1) +0.554166667<x70>[B] (+0) -0.554166667<x71>[B] (+0) -0.554166667<x72>[B] (+0) -0.554166667<x73>[B] (+0) +0.554166667<x74>[B] (+0) +0.554166667<x75>[B] (+0) +0.554166667<x76>[B] (+0) -0.554166667<x77>[B] (+0) +0.554166667<x78>[B] (+1) +0.554166667<x79>[B] (+0) -0.554166667<x80>[B] (+1) +0.554166667<x81>[B] (+0) +0.554166667<x82>[B] (+0) +0.554166667<x83>[B] (+0) +0.554166667<x84>[B] (+0) -0.554166667<x85>[B] (+1) +0.554166667<x86>[B] (+1) +0.554166667<x87>[B] (+1) -0.554166667<x88>[B] (+1) -0.554166667<x89>[B] (+0) -0.554166667<x90>[B] (+0) +0.554166667<x91>[B] (+1) +0.554166667<x92>[B] (+1) +0.554166667<x93>[B] (+1) +0.554166667<x94>[B] (+0) -0.554166667<x95>[B] (+1) +0.554166667<x96>[B] (+0) +0.554166667<x97>[B] (+0) +0.554166667<x98>[B] (+0) +0.554166667<x99>[B] (+1) -0.554166667<x100>[B] (+0) -0.554166667<x101>[B] (+0) -0.554166667<x102>[B] (+0) -0.554166667<x103>[B] (+0) -0.554166667<x104>[B] (+0) -0.554166667<x105>[B] (+0) -0.554166667<x106>[B] (+1) -0.554166667<x107>[B] (+0) -0.554166667<x108>[B] (+0) -0.554166667<x109>[B] (+0) -0.554166667<x110>[B] (+1) +0.554166667<x111>[B] (+0) +0.554166667<x112>[B] (+0) +0.554166667<x113>[B] (+0) +0.554166667<x114>[B] (+0) -0.554166667<x115>[B] (+1) +0.554166667<x116>[B] (+1) +0.554166667<x117>[B] (+1) +0.554166667<x118>[B] (+1) +0.554166667<x119>[B] (+1) +0.554166667<x120>[B] (+1) >= 22.0291666666667;
;
violation: left hand side is violated by 18.7041666666667
  [linear] <c1121>: <x121>[C] (+0) -0.554166667<x1>[B] (+1) -0.554166667<x2>[B] (+1) -0.554166667<x3>[B] (+1) -0.554166667<x4>[B] (+1) -0.554166667<x5>[B] (+1) -0.554166667<x6>[B] (+1) -0.554166667<x7>[B] (+1) -0.554166667<x8>[B] (+1) +0.554166667<x9>[B] (+1) +0.554166667<x10>[B] (+1) -0.554166667<x11>[B] (+1) -0.554166667<x12>[B] (+1) -0.554166667<x13>[B] (+1) -0.554166667<x14>[B] (+1) -0.554166667<x15>[B] (+1) -0.554166667<x16>[B] (+1) -0.554166667<x17>[B] (+1) -0.554166667<x18>[B] (+0) +0.554166667<x19>[B] (+1) +0.554166667<x20>[B] (+1) +0.554166667<x21>[B] (+0) -0.554166667<x22>[B] (+0) +0.554166667<x23>[B] (+1) +0.554166667<x24>[B] (+1) -0.554166667<x25>[B] (+1) +0.554166667<x26>[B] (+0) +0.554166667<x27>[B] (+1) +0.554166667<x28>[B] (+1) +0.554166667<x29>[B] (+1) -0.554166667<x30>[B] (+1) +0.554166667<x31>[B] (+0) +0.554166667<x32>[B] (+1) +0.554166667<x33>[B] (+0) +0.554166667<x34>[B] (+0) +0.554166667<x35>[B] (+0) +0.554166667<x36>[B] (+1) +0.554166667<x37>[B] (+1) -0.554166667<x38>[B] (+1) +0.554166667<x39>[B] (+0) +0.554166667<x40>[B] (+0) +0.554166667<x41>[B] (+1) +0.554166667<x42>[B] (+1) +0.554166667<x43>[B] (+0) +0.554166667<x44>[B] (+1) +0.554166667<x45>[B] (+0) +0.554166667<x46>[B] (+0) +0.554166667<x47>[B] (+0) +0.554166667<x48>[B] (+1) +0.554166667<x49>[B] (+1) -0.554166667<x50>[B] (+1) +0.554166667<x51>[B] (+0) +0.554166667<x52>[B] (+0) +0.554166667<x53>[B] (+1) +0.554166667<x54>[B] (+1) +0.554166667<x55>[B] (+1) +0.554166667<x56>[B] (+1) +0.554166667<x57>[B] (+1) +0.554166667<x58>[B] (+0) +0.554166667<x59>[B] (+1) +0.554166667<x60>[B] (+1) -0.554166667<x61>[B] (+1) +0.554166667<x62>[B] (+1) +0.554166667<x63>[B] (+1) +0.554166667<x64>[B] (+1) +0.554166667<x65>[B] (+1) -0.554166667<x66>[B] (+0) -0.554166667<x67>[B] (+0) -0.554166667<x68>[B] (+0) +0.554166667<x69>[B] (+1) +0.554166667<x70>[B] (+0) -0.554166667<x71>[B] (+0) -0.554166667<x72>[B] (+0) -0.554166667<x73>[B] (+0) +0.554166667<x74>[B] (+0) +0.554166667<x75>[B] (+0) +0.554166667<x76>[B] (+0) -0.554166667<x77>[B] (+0) +0.554166667<x78>[B] (+1) +0.554166667<x79>[B] (+1) -0.554166667<x80>[B] (+1) +0.554166667<x81>[B] (+0) +0.554166667<x82>[B] (+1) +0.554166667<x83>[B] (+1) +0.554166667<x84>[B] (+1) -0.554166667<x85>[B] (+0) +0.554166667<x86>[B] (+1) +0.554166667<x87>[B] (+1) -0.554166667<x88>[B] (+1) -0.554166667<x89>[B] (+0) -0.554166667<x90>[B] (+1) +0.554166667<x91>[B] (+1) +0.554166667<x92>[B] (+1) +0.554166667<x93>[B] (+1) +0.554166667<x94>[B] (+1) -0.554166667<x95>[B] (+1) +0.554166667<x96>[B] (+1) +0.554166667<x97>[B] (+1) +0.554166667<x98>[B] (+1) +0.554166667<x99>[B] (+1) -0.554166667<x100>[B] (+0) -0.554166667<x101>[B] (+0) -0.554166667<x102>[B] (+0) -0.554166667<x103>[B] (+0) -0.554166667<x104>[B] (+0) -0.554166667<x105>[B] (+0) -0.554166667<x106>[B] (+0) -0.554166667<x107>[B] (+0) -0.554166667<x108>[B] (+0) -0.554166667<x109>[B] (+0) -0.554166667<x110>[B] (+0) +0.554166667<x111>[B] (+0) +0.554166667<x112>[B] (+0) +0.554166667<x113>[B] (+1) +0.554166667<x114>[B] (+1) -0.554166667<x115>[B] (+1) +0.554166667<x116>[B] (+1) +0.554166667<x117>[B] (+1) +0.554166667<x118>[B] (+1) +0.554166667<x119>[B] (+1) +0.554166667<x120>[B] (+1) >= 22.0291666666667;
;
violation: left hand side is violated by 7.62083333333332
  [linear] <c1121>: <x121>[C] (+0) -0.554166667<x1>[B] (+1) -0.554166667<x2>[B] (+1) -0.554166667<x3>[B] (+1) -0.554166667<x4>[B] (+1) -0.554166667<x5>[B] (+1) -0.554166667<x6>[B] (+1) -0.554166667<x7>[B] (+1) -0.554166667<x8>[B] (+1) +0.554166667<x9>[B] (+1) +0.554166667<x10>[B] (+1) -0.554166667<x11>[B] (+1) -0.554166667<x12>[B] (+1) -0.554166667<x13>[B] (+1) -0.554166667<x14>[B] (+1) -0.554166667<x15>[B] (+1) -0.554166667<x16>[B] (+0) -0.554166667<x17>[B] (+0) -0.554166667<x18>[B] (+0) +0.554166667<x19>[B] (+1) +0.554166667<x20>[B] (+0) +0.554166667<x21>[B] (+0) -0.554166667<x22>[B] (+0) +0.554166667<x23>[B] (+1) +0.554166667<x24>[B] (+1) -0.554166667<x25>[B] (+0) +0.554166667<x26>[B] (+0) +0.554166667<x27>[B] (+1) +0.554166667<x28>[B] (+0) +0.554166667<x29>[B] (+1) -0.554166667<x30>[B] (+1) +0.554166667<x31>[B] (+1) +0.554166667<x32>[B] (+1) +0.554166667<x33>[B] (+1) +0.554166667<x34>[B] (+1) +0.554166667<x35>[B] (+1) +0.554166667<x36>[B] (+1) +0.554166667<x37>[B] (+1) -0.554166667<x38>[B] (+1) +0.554166667<x39>[B] (+1) +0.554166667<x40>[B] (+1) +0.554166667<x41>[B] (+1) +0.554166667<x42>[B] (+1) +0.554166667<x43>[B] (+0) +0.554166667<x44>[B] (+1) +0.554166667<x45>[B] (+1) +0.554166667<x46>[B] (+1) +0.554166667<x47>[B] (+0) +0.554166667<x48>[B] (+1) +0.554166667<x49>[B] (+1) -0.554166667<x50>[B] (+1) +0.554166667<x51>[B] (+1) +0.554166667<x52>[B] (+1) +0.554166667<x53>[B] (+1) +0.554166667<x54>[B] (+1) +0.554166667<x55>[B] (+1) +0.554166667<x56>[B] (+1) +0.554166667<x57>[B] (+1) +0.554166667<x58>[B] (+1) +0.554166667<x59>[B] (+1) +0.554166667<x60>[B] (+1) -0.554166667<x61>[B] (+1) +0.554166667<x62>[B] (+1) +0.554166667<x63>[B] (+1) +0.554166667<x64>[B] (+1) +0.554166667<x65>[B] (+1) -0.554166667<x66>[B] (+0) -0.554166667<x67>[B] (+0) -0.554166667<x68>[B] (+0) +0.554166667<x69>[B] (+0) +0.554166667<x70>[B] (+1) -0.554166667<x71>[B] (+0) -0.554166667<x72>[B] (+0) -0.554166667<x73>[B] (+0) +0.554166667<x74>[B] (+0) +0.554166667<x75>[B] (+0) +0.554166667<x76>[B] (+1) -0.554166667<x77>[B] (+0) +0.554166667<x78>[B] (+1) +0.554166667<x79>[B] (+1) -0.554166667<x80>[B] (+1) +0.554166667<x81>[B] (+1) +0.554166667<x82>[B] (+1) +0.554166667<x83>[B] (+1) +0.554166667<x84>[B] (+1) -0.554166667<x85>[B] (+0) +0.554166667<x86>[B] (+1) +0.554166667<x87>[B] (+1) -0.554166667<x88>[B] (+1) -0.554166667<x89>[B] (+1) -0.554166667<x90>[B] (+1) +0.554166667<x91>[B] (+1) +0.554166667<x92>[B] (+1) +0.554166667<x93>[B] (+1) +0.554166667<x94>[B] (+1) -0.554166667<x95>[B] (+1) +0.554166667<x96>[B] (+1) +0.554166667<x97>[B] (+1) +0.554166667<x98>[B] (+1) +0.554166667<x99>[B] (+1) -0.554166667<x100>[B] (+1) -0.554166667<x101>[B] (+0) -0.554166667<x102>[B] (+0) -0.554166667<x103>[B] (+1) -0.554166667<x104>[B] (+0) -0.554166667<x105>[B] (+1) -0.554166667<x106>[B] (+0) -0.554166667<x107>[B] (+0) -0.554166667<x108>[B] (+0) -0.554166667<x109>[B] (+0) -0.554166667<x110>[B] (+0) +0.554166667<x111>[B] (+1) +0.554166667<x112>[B] (+1) +0.554166667<x113>[B] (+1) +0.554166667<x114>[B] (+1) -0.554166667<x115>[B] (+1) +0.554166667<x116>[B] (+1) +0.554166667<x117>[B] (+1) +0.554166667<x118>[B] (+0) +0.554166667<x119>[B] (+1) +0.554166667<x120>[B] (+1) >= 22.0291666666667;
;
violation: left hand side is violated by 1.52499999999998
  [linear] <c1121>: <x121>[C] (+0) -0.554166667<x1>[B] (+1) -0.554166667<x2>[B] (+1) -0.554166667<x3>[B] (+1) -0.554166667<x4>[B] (+1) -0.554166667<x5>[B] (+1) -0.554166667<x6>[B] (+1) -0.554166667<x7>[B] (+1) -0.554166667<x8>[B] (+1) +0.554166667<x9>[B] (+1) +0.554166667<x10>[B] (+1) -0.554166667<x11>[B] (+1) -0.554166667<x12>[B] (+1) -0.554166667<x13>[B] (+1) -0.554166667<x14>[B] (+1) -0.554166667<x15>[B] (+1) -0.554166667<x16>[B] (+1) -0.554166667<x17>[B] (+1) -0.554166667<x18>[B] (+1) +0.554166667<x19>[B] (+1) +0.554166667<x20>[B] (+1) +0.554166667<x21>[B] (+1) -0.554166667<x22>[B] (+1) +0.554166667<x23>[B] (+1) +0.554166667<x24>[B] (+1) -0.554166667<x25>[B] (+1) +0.554166667<x26>[B] (+1) +0.554166667<x27>[B] (+1) +0.554166667<x28>[B] (+1) +0.554166667<x29>[B] (+1) -0.554166667<x30>[B] (+1) +0.554166667<x31>[B] (+1) +0.554166667<x32>[B] (+1) +0.554166667<x33>[B] (+1) +0.554166667<x34>[B] (+1) +0.554166667<x35>[B] (+1) +0.554166667<x36>[B] (+1) +0.554166667<x37>[B] (+1) -0.554166667<x38>[B] (+1) +0.554166667<x39>[B] (+1) +0.554166667<x40>[B] (+1) +0.554166667<x41>[B] (+1) +0.554166667<x42>[B] (+1) +0.554166667<x43>[B] (+1) +0.554166667<x44>[B] (+1) +0.554166667<x45>[B] (+1) +0.554166667<x46>[B] (+1) +0.554166667<x47>[B] (+1) +0.554166667<x48>[B] (+1) +0.554166667<x49>[B] (+1) -0.554166667<x50>[B] (+1) +0.554166667<x51>[B] (+1) +0.554166667<x52>[B] (+1) +0.554166667<x53>[B] (+1) +0.554166667<x54>[B] (+1) +0.554166667<x55>[B] (+1) +0.554166667<x56>[B] (+1) +0.554166667<x57>[B] (+1) +0.554166667<x58>[B] (+1) +0.554166667<x59>[B] (+1) +0.554166667<x60>[B] (+1) -0.554166667<x61>[B] (+1) +0.554166667<x62>[B] (+1) +0.554166667<x63>[B] (+1) +0.554166667<x64>[B] (+1) +0.554166667<x65>[B] (+1) -0.554166667<x66>[B] (+1) -0.554166667<x67>[B] (+1) -0.554166667<x68>[B] (+1) +0.554166667<x69>[B] (+1) +0.554166667<x70>[B] (+1) -0.554166667<x71>[B] (+1) -0.554166667<x72>[B] (+1) -0.554166667<x73>[B] (+1) +0.554166667<x74>[B] (+1) +0.554166667<x75>[B] (+1) +0.554166667<x76>[B] (+1) -0.554166667<x77>[B] (+1) +0.554166667<x78>[B] (+1) +0.554166667<x79>[B] (+1) -0.554166667<x80>[B] (+1) +0.554166667<x81>[B] (+1) +0.554166667<x82>[B] (+1) +0.554166667<x83>[B] (+1) +0.554166667<x84>[B] (+1) -0.554166667<x85>[B] (+1) +0.554166667<x86>[B] (+1) +0.554166667<x87>[B] (+1) -0.554166667<x88>[B] (+1) -0.554166667<x89>[B] (+1) -0.554166667<x90>[B] (+1) +0.554166667<x91>[B] (+1) +0.554166667<x92>[B] (+1) +0.554166667<x93>[B] (+1) +0.554166667<x94>[B] (+1) -0.554166667<x95>[B] (+1) +0.554166667<x96>[B] (+1) +0.554166667<x97>[B] (+1) +0.554166667<x98>[B] (+1) +0.554166667<x99>[B] (+1) -0.554166667<x100>[B] (+1) -0.554166667<x101>[B] (+1) -0.554166667<x102>[B] (+1) -0.554166667<x103>[B] (+1) -0.554166667<x104>[B] (+1) -0.554166667<x105>[B] (+1) -0.554166667<x106>[B] (+1) -0.554166667<x107>[B] (+1) -0.554166667<x108>[B] (+1) -0.554166667<x109>[B] (+1) -0.554166667<x110>[B] (+1) +0.554166667<x111>[B] (+1) +0.554166667<x112>[B] (+1) +0.554166667<x113>[B] (+1) +0.554166667<x114>[B] (+1) -0.554166667<x115>[B] (+1) +0.554166667<x116>[B] (+1) +0.554166667<x117>[B] (+1) +0.554166667<x118>[B] (+1) +0.554166667<x119>[B] (+1) +0.554166667<x120>[B] (+1) >= 22.0291666666667;
;
violation: left hand side is violated by 7.62083333333332
  [linear] <c1121>: <x121>[C] (+0) -0.554166667<x1>[B] (+0) -0.554166667<x2>[B] (+0) -0.554166667<x3>[B] (+0) -0.554166667<x4>[B] (+0) -0.554166667<x5>[B] (+0) -0.554166667<x6>[B] (+0) -0.554166667<x7>[B] (+0) -0.554166667<x8>[B] (+0) +0.554166667<x9>[B] (+0) +0.554166667<x10>[B] (+0) -0.554166667<x11>[B] (+0) -0.554166667<x12>[B] (+0) -0.554166667<x13>[B] (+0) -0.554166667<x14>[B] (+0) -0.554166667<x15>[B] (+0) -0.554166667<x16>[B] (+0) -0.554166667<x17>[B] (+0) -0.554166667<x18>[B] (+0) +0.554166667<x19>[B] (+0) +0.554166667<x20>[B] (+0) +0.554166667<x21>[B] (+0) -0.554166667<x22>[B] (+0) +0.554166667<x23>[B] (+0) +0.554166667<x24>[B] (+0) -0.554166667<x25>[B] (+0) +0.554166667<x26>[B] (+0) +0.554166667<x27>[B] (+0) +0.554166667<x28>[B] (+0) +0.554166667<x29>[B] (+0) -0.554166667<x30>[B] (+0) +0.554166667<x31>[B] (+0) +0.554166667<x32>[B] (+0) +0.554166667<x33>[B] (+0) +0.554166667<x34>[B] (+0) +0.554166667<x35>[B] (+0) +0.554166667<x36>[B] (+0) +0.554166667<x37>[B] (+0) -0.554166667<x38>[B] (+0) +0.554166667<x39>[B] (+0) +0.554166667<x40>[B] (+0) +0.554166667<x41>[B] (+0) +0.554166667<x42>[B] (+0) +0.554166667<x43>[B] (+0) +0.554166667<x44>[B] (+0) +0.554166667<x45>[B] (+0) +0.554166667<x46>[B] (+0) +0.554166667<x47>[B] (+0) +0.554166667<x48>[B] (+0) +0.554166667<x49>[B] (+0) -0.554166667<x50>[B] (+0) +0.554166667<x51>[B] (+0) +0.554166667<x52>[B] (+0) +0.554166667<x53>[B] (+0) +0.554166667<x54>[B] (+0) +0.554166667<x55>[B] (+0) +0.554166667<x56>[B] (+0) +0.554166667<x57>[B] (+0) +0.554166667<x58>[B] (+0) +0.554166667<x59>[B] (+0) +0.554166667<x60>[B] (+0) -0.554166667<x61>[B] (+0) +0.554166667<x62>[B] (+0) +0.554166667<x63>[B] (+0) +0.554166667<x64>[B] (+0) +0.554166667<x65>[B] (+0) -0.554166667<x66>[B] (+0) -0.554166667<x67>[B] (+0) -0.554166667<x68>[B] (+0) +0.554166667<x69>[B] (+0) +0.554166667<x70>[B] (+0) -0.554166667<x71>[B] (+0) -0.554166667<x72>[B] (+0) -0.554166667<x73>[B] (+0) +0.554166667<x74>[B] (+0) +0.554166667<x75>[B] (+0) +0.554166667<x76>[B] (+0) -0.554166667<x77>[B] (+0) +0.554166667<x78>[B] (+0) +0.554166667<x79>[B] (+0) -0.554166667<x80>[B] (+0) +0.554166667<x81>[B] (+0) +0.554166667<x82>[B] (+0) +0.554166667<x83>[B] (+0) +0.554166667<x84>[B] (+0) -0.554166667<x85>[B] (+0) +0.554166667<x86>[B] (+0) +0.554166667<x87>[B] (+0) -0.554166667<x88>[B] (+0) -0.554166667<x89>[B] (+0) -0.554166667<x90>[B] (+0) +0.554166667<x91>[B] (+0) +0.554166667<x92>[B] (+0) +0.554166667<x93>[B] (+0) +0.554166667<x94>[B] (+0) -0.554166667<x95>[B] (+0) +0.554166667<x96>[B] (+0) +0.554166667<x97>[B] (+0) +0.554166667<x98>[B] (+0) +0.554166667<x99>[B] (+0) -0.554166667<x100>[B] (+0) -0.554166667<x101>[B] (+0) -0.554166667<x102>[B] (+0) -0.554166667<x103>[B] (+0) -0.554166667<x104>[B] (+0) -0.554166667<x105>[B] (+0) -0.554166667<x106>[B] (+0) -0.554166667<x107>[B] (+0) -0.554166667<x108>[B] (+0) -0.554166667<x109>[B] (+0) -0.554166667<x110>[B] (+0) +0.554166667<x111>[B] (+0) +0.554166667<x112>[B] (+0) +0.554166667<x113>[B] (+0) +0.554166667<x114>[B] (+0) -0.554166667<x115>[B] (+0) +0.554166667<x116>[B] (+0) +0.554166667<x117>[B] (+0) +0.554166667<x118>[B] (+0) +0.554166667<x119>[B] (+0) +0.554166667<x120>[B] (+0) >= 22.0291666666667;
;
violation: left hand side is violated by 22.0291666666667
1/6 feasible solution given by solution candidate storage, new primal bound -2.999972e+06

presolving:
   (0.0s) symmetry computation started: requiring (bin +, int +, cont +), (fixed: bin -, int -, cont -)
   (0.0s) no symmetry present (symcode time: 0.00)
presolving (0 rounds: 0 fast, 0 medium, 0 exhaustive):
 0 deleted vars, 0 deleted constraints, 0 added constraints, 0 tightened bounds, 0 added holes, 0 changed sides, 0 changed coefficients
 0 implications, 0 cliques, 0 implied integral variables (0 bin, 0 int, 0 cont)
presolved problem has 150 variables (120 bin, 0 int, 30 cont) and 1150 constraints
   1150 constraints of type <linear>
Presolving Time: 0.00
transformed 1/1 original solutions to the transformed problem space

 time | node  | left  |LP iter|LP it/n|mem/heur|mdpt |vars |cons |rows |cuts |sepa|confs|strbr|  dualbound   | primalbound  |  gap   | compl. 
p 0.0s|     1 |     0 |     7 |     - |   locks|   0 | 150 |1150 |1150 |   0 |  0 |   0 |   0 | 2.680000e+02 |-5.154292e+02 |    Inf | unknown
* 0.0s|     1 |     0 |   255 |     - |    LP  |   0 | 150 |1150 |1150 |   0 |  0 |   0 |   0 |-3.351750e+02 |-3.351750e+02 |   0.00%| unknown
  0.0s|     1 |     0 |   255 |     - |  7902k |   0 | 150 |1150 |1150 |   0 |  0 |   0 |   0 |-3.351750e+02 |-3.351750e+02 |   0.00%| unknown

SCIP Status        : problem is solved [optimal solution found]
Solving Time (sec) : 0.02
Solving Nodes      : 1
Primal Bound       : -3.35175000000000e+02 (4 solutions)
Dual Bound         : -3.35175000000000e+02
Gap                : 0.00 %
  [linear] <c1151>: <x121>[C] (+17.0416667) -0.529166667<x1>[B] (+1) -0.529166667<x2>[B] (+1) -0.529166667<x3>[B] (+1) -0.529166667<x4>[B] (+1) -0.529166667<x5>[B] (+1) -0.529166667<x6>[B] (+1) -0.529166667<x7>[B] (+1) -0.529166667<x8>[B] (+1) +0.529166667<x9>[B] (+1) +0.529166667<x10>[B] (+1) -0.529166667<x11>[B] (+1) -0.529166667<x12>[B] (+0) -0.529166667<x13>[B] (+1) -0.529166667<x14>[B] (+1) -0.529166667<x15>[B] (+1) -0.529166667<x16>[B] (+1) -0.529166667<x17>[B] (+1) -0.529166667<x18>[B] (+1) +0.529166667<x19>[B] (+1) +0.529166667<x20>[B] (+1) +0.529166667<x21>[B] (+1) -0.529166667<x22>[B] (+1) +0.529166667<x23>[B] (+1) +0.529166667<x24>[B] (+1) -0.529166667<x25>[B] (+1) +0.529166667<x26>[B] (+0) +0.529166667<x27>[B] (+1) +0.529166667<x28>[B] (+1) +0.529166667<x29>[B] (+1) -0.529166667<x30>[B] (+1) +0.529166667<x31>[B] (+0) +0.529166667<x32>[B] (+1) +0.529166667<x33>[B] (+0) +0.529166667<x34>[B] (+0) +0.529166667<x35>[B] (+0) +0.529166667<x36>[B] (+1) +0.529166667<x37>[B] (+0) -0.529166667<x38>[B] (+1) +0.529166667<x39>[B] (+0) +0.529166667<x40>[B] (+0) +0.529166667<x41>[B] (+0) +0.529166667<x42>[B] (+1) +0.529166667<x43>[B] (+0) +0.529166667<x44>[B] (+0) +0.529166667<x45>[B] (+0) +0.529166667<x46>[B] (+0) +0.529166667<x47>[B] (+0) +0.529166667<x48>[B] (+1) +0.529166667<x49>[B] (+0) -0.529166667<x50>[B] (+0) +0.529166667<x51>[B] (+0) +0.529166667<x52>[B] (+0) +0.529166667<x53>[B] (+0) +0.529166667<x54>[B] (+0) +0.529166667<x55>[B] (+1) +0.529166667<x56>[B] (+1) +0.529166667<x57>[B] (+1) +0.529166667<x58>[B] (+0) +0.529166667<x59>[B] (+1) +0.529166667<x60>[B] (+0) -0.529166667<x61>[B] (+1) +0.529166667<x62>[B] (+0) +0.529166667<x63>[B] (+0) +0.529166667<x64>[B] (+1) +0.529166667<x65>[B] (+1) -0.529166667<x66>[B] (+0) -0.529166667<x67>[B] (+0) -0.529166667<x68>[B] (+0) +0.529166667<x69>[B] (+1) +0.529166667<x70>[B] (+0) -0.529166667<x71>[B] (+0) -0.529166667<x72>[B] (+0) -0.529166667<x73>[B] (+0) +0.529166667<x74>[B] (+0) +0.529166667<x75>[B] (+1) +0.529166667<x76>[B] (+0) -0.529166667<x77>[B] (+0) +0.529166667<x78>[B] (+1) +0.529166667<x79>[B] (+0) -0.529166667<x80>[B] (+1) +0.529166667<x81>[B] (+0) +0.529166667<x82>[B] (+0) +0.529166667<x83>[B] (+0) +0.529166667<x84>[B] (+1) -0.529166667<x85>[B] (+0) +0.529166667<x86>[B] (+1) +0.529166667<x87>[B] (+0) -0.529166667<x88>[B] (+1) -0.529166667<x89>[B] (+0) -0.529166667<x90>[B] (+0) +0.529166667<x91>[B] (+1) +0.529166667<x92>[B] (+1) +0.529166667<x93>[B] (+1) +0.529166667<x94>[B] (+0) -0.529166667<x95>[B] (+1) +0.529166667<x96>[B] (+0) +0.529166667<x97>[B] (+1) +0.529166667<x98>[B] (+1) +0.529166667<x99>[B] (+1) -0.529166667<x100>[B] (+0) -0.529166667<x101>[B] (+0) -0.529166667<x102>[B] (+0) -0.529166667<x103>[B] (+0) -0.529166667<x104>[B] (+0) -0.529166667<x105>[B] (+0) -0.529166667<x106>[B] (+1) -0.529166667<x107>[B] (+0) -0.529166667<x108>[B] (+1) -0.529166667<x109>[B] (+1) -0.529166667<x110>[B] (+1) +0.529166667<x111>[B] (+0) +0.529166667<x112>[B] (+0) +0.529166667<x113>[B] (+0) +0.529166667<x114>[B] (+1) -0.529166667<x115>[B] (+1) +0.529166667<x116>[B] (+1) +0.529166667<x117>[B] (+1) +0.529166667<x118>[B] (+1) +0.529166667<x119>[B] (+1) +0.529166667<x120>[B] (+1) >= 21.8291666666667;
;
violation: left hand side is violated by 0.0250000000000234
  [linear] <c1151>: <x121>[C] (+13.7166667) -0.529166667<x1>[B] (+0) -0.529166667<x2>[B] (+0) -0.529166667<x3>[B] (+0) -0.529166667<x4>[B] (+0) -0.529166667<x5>[B] (+0) -0.529166667<x6>[B] (+0) -0.529166667<x7>[B] (+0) -0.529166667<x8>[B] (+0) +0.529166667<x9>[B] (+0) +0.529166667<x10>[B] (+0) -0.529166667<x11>[B] (+0) -0.529166667<x12>[B] (+1) -0.529166667<x13>[B] (+0) -0.529166667<x14>[B] (+0) -0.529166667<x15>[B] (+0) -0.529166667<x16>[B] (+0) -0.529166667<x17>[B] (+0) -0.529166667<x18>[B] (+0) +0.529166667<x19>[B] (+0) +0.529166667<x20>[B] (+0) +0.529166667<x21>[B] (+1) -0.529166667<x22>[B] (+0) +0.529166667<x23>[B] (+0) +0.529166667<x24>[B] (+0) -0.529166667<x25>[B] (+0) +0.529166667<x26>[B] (+1) +0.529166667<x27>[B] (+1) +0.529166667<x28>[B] (+0) +0.529166667<x29>[B] (+0) -0.529166667<x30>[B] (+0) +0.529166667<x31>[B] (+1) +0.529166667<x32>[B] (+0) +0.529166667<x33>[B] (+1) +0.529166667<x34>[B] (+1) +0.529166667<x35>[B] (+1) +0.529166667<x36>[B] (+0) +0.529166667<x37>[B] (+0) -0.529166667<x38>[B] (+0) +0.529166667<x39>[B] (+1) +0.529166667<x40>[B] (+1) +0.529166667<x41>[B] (+1) +0.529166667<x42>[B] (+0) +0.529166667<x43>[B] (+1) +0.529166667<x44>[B] (+1) +0.529166667<x45>[B] (+1) +0.529166667<x46>[B] (+1) +0.529166667<x47>[B] (+1) +0.529166667<x48>[B] (+0) +0.529166667<x49>[B] (+1) -0.529166667<x50>[B] (+1) +0.529166667<x51>[B] (+1) +0.529166667<x52>[B] (+1) +0.529166667<x53>[B] (+1) +0.529166667<x54>[B] (+1) +0.529166667<x55>[B] (+0) +0.529166667<x56>[B] (+0) +0.529166667<x57>[B] (+1) +0.529166667<x58>[B] (+1) +0.529166667<x59>[B] (+0) +0.529166667<x60>[B] (+0) -0.529166667<x61>[B] (+0) +0.529166667<x62>[B] (+1) +0.529166667<x63>[B] (+1) +0.529166667<x64>[B] (+0) +0.529166667<x65>[B] (+0) -0.529166667<x66>[B] (+1) -0.529166667<x67>[B] (+1) -0.529166667<x68>[B] (+1) +0.529166667<x69>[B] (+0) +0.529166667<x70>[B] (+1) -0.529166667<x71>[B] (+1) -0.529166667<x72>[B] (+1) -0.529166667<x73>[B] (+1) +0.529166667<x74>[B] (+1) +0.529166667<x75>[B] (+1) +0.529166667<x76>[B] (+1) -0.529166667<x77>[B] (+1) +0.529166667<x78>[B] (+0) +0.529166667<x79>[B] (+0) -0.529166667<x80>[B] (+0) +0.529166667<x81>[B] (+1) +0.529166667<x82>[B] (+1) +0.529166667<x83>[B] (+1) +0.529166667<x84>[B] (+0) -0.529166667<x85>[B] (+0) +0.529166667<x86>[B] (+0) +0.529166667<x87>[B] (+0) -0.529166667<x88>[B] (+0) -0.529166667<x89>[B] (+1) -0.529166667<x90>[B] (+1) +0.529166667<x91>[B] (+0) +0.529166667<x92>[B] (+0) +0.529166667<x93>[B] (+0) +0.529166667<x94>[B] (+0) -0.529166667<x95>[B] (+0) +0.529166667<x96>[B] (+1) +0.529166667<x97>[B] (+1) +0.529166667<x98>[B] (+0) +0.529166667<x99>[B] (+0) -0.529166667<x100>[B] (+1) -0.529166667<x101>[B] (+1) -0.529166667<x102>[B] (+1) -0.529166667<x103>[B] (+1) -0.529166667<x104>[B] (+1) -0.529166667<x105>[B] (+1) -0.529166667<x106>[B] (+1) -0.529166667<x107>[B] (+1) -0.529166667<x108>[B] (+1) -0.529166667<x109>[B] (+1) -0.529166667<x110>[B] (+0) +0.529166667<x111>[B] (+1) +0.529166667<x112>[B] (+1) +0.529166667<x113>[B] (+1) +0.529166667<x114>[B] (+0) -0.529166667<x115>[B] (+0) +0.529166667<x116>[B] (+0) +0.529166667<x117>[B] (+0) +0.529166667<x118>[B] (+0) +0.529166667<x119>[B] (+0) +0.529166667<x120>[B] (+0) >= 21.8291666666667;
;
violation: left hand side is violated by 0.175000000000022
2/4 feasible solutions given by solution candidate storage, new primal bound -2.999972e+06

presolving:
   (0.0s) symmetry computation started: requiring (bin +, int +, cont +), (fixed: bin -, int -, cont -)
   (0.0s) no symmetry present (symcode time: 0.00)
presolving (0 rounds: 0 fast, 0 medium, 0 exhaustive):
 0 deleted vars, 0 deleted constraints, 0 added constraints, 0 tightened bounds, 0 added holes, 0 changed sides, 0 changed coefficients
 0 implications, 0 cliques, 0 implied integral variables (0 bin, 0 int, 0 cont)
presolved problem has 150 variables (120 bin, 0 int, 30 cont) and 1176 constraints
   1176 constraints of type <linear>
Presolving Time: 0.00
transformed 2/2 original solutions to the transformed problem space

 time | node  | left  |LP iter|LP it/n|mem/heur|mdpt |vars |cons |rows |cuts |sepa|confs|strbr|  dualbound   | primalbound  |  gap   | compl. 
p 0.0s|     1 |     0 |     9 |     - |   locks|   0 | 150 |1176 |1176 |   0 |  0 |   0 |   0 | 2.680000e+02 |-5.213500e+02 |    Inf | unknown
  0.0s|     1 |     0 |   269 |     - |  9257k |   0 | 150 |1176 |1176 |   0 |  0 |   0 |   0 |-3.366319e+02 |-5.213500e+02 |  54.87%| unknown
r 0.0s|     1 |     0 |   269 |     - |shifting|   0 | 150 |1176 |1176 |   0 |  0 |   0 |   0 |-3.366319e+02 |-3.556694e+02 |   5.66%| unknown
  0.0s|     1 |     0 |   275 |     - |  9516k |   0 | 150 |1176 |1177 |   1 |  1 |   0 |   0 |-3.366958e+02 |-3.556694e+02 |   5.64%| unknown
  0.0s|     1 |     0 |   275 |     - |  9527k |   0 | 150 |1176 |1177 |   1 |  1 |   0 |   0 |-3.366958e+02 |-3.556694e+02 |   5.64%| unknown
  0.1s|     1 |     0 |   283 |     - |  9856k |   0 | 150 |1176 |1178 |   2 |  2 |   0 |   0 |-3.367799e+02 |-3.556694e+02 |   5.61%| unknown
  0.1s|     1 |     0 |   292 |     - |    10M |   0 | 150 |1176 |1179 |   3 |  3 |   0 |   0 |-3.367942e+02 |-3.556694e+02 |   5.60%| unknown
r 0.1s|     1 |     0 |   292 |     - |shifting|   0 | 150 |1176 |1179 |   3 |  3 |   0 |   0 |-3.367942e+02 |-3.481533e+02 |   3.37%| unknown
  0.1s|     1 |     0 |   298 |     - |    10M |   0 | 150 |1176 |1180 |   4 |  4 |   0 |   0 |-3.368257e+02 |-3.481533e+02 |   3.36%| unknown
r 0.1s|     1 |     0 |   298 |     - |shifting|   0 | 150 |1176 |1180 |   4 |  4 |   0 |   0 |-3.368257e+02 |-3.478000e+02 |   3.26%| unknown
  0.1s|     1 |     0 |   303 |     - |    10M |   0 | 150 |1176 |1181 |   5 |  5 |   0 |   0 |-3.368417e+02 |-3.478000e+02 |   3.25%| unknown
d 0.1s|     1 |     0 |   303 |     - |farkasdi|   0 | 150 |1176 |1181 |   0 |  6 |   0 |   0 |-3.368417e+02 |-3.368417e+02 |   0.00%| unknown
  0.1s|     1 |     0 |   303 |     - |    10M |   0 | 150 |1176 |1181 |   5 |  6 |   0 |   0 |-3.368417e+02 |-3.368417e+02 |   0.00%| unknown

SCIP Status        : problem is solved [optimal solution found]
Solving Time (sec) : 0.11
Solving Nodes      : 1
Primal Bound       : -3.36841666666667e+02 (9 solutions)
Dual Bound         : -3.36841666666667e+02
Gap                : 0.00 %
  [linear] <c1177>: <x121>[C] (+19.2583333) -0.5625<x1>[B] (+1) -0.5625<x2>[B] (+1) -0.5625<x3>[B] (+1) -0.5625<x4>[B] (+1) -0.5625<x5>[B] (+1) -0.5625<x6>[B] (+1) -0.5625<x7>[B] (+1) -0.5625<x8>[B] (+1) +0.5625<x9>[B] (+1) +0.5625<x10>[B] (+1) -0.5625<x11>[B] (+1) -0.5625<x12>[B] (+0) -0.5625<x13>[B] (+1) -0.5625<x14>[B] (+1) -0.5625<x15>[B] (+1) -0.5625<x16>[B] (+1) -0.5625<x17>[B] (+1) -0.5625<x18>[B] (+1) +0.5625<x19>[B] (+1) +0.5625<x20>[B] (+1) +0.5625<x21>[B] (+5.3668181e-13) -0.5625<x22>[B] (+1) +0.5625<x23>[B] (+1) +0.5625<x24>[B] (+1) -0.5625<x25>[B] (+1) +0.5625<x26>[B] (+0) +0.5625<x27>[B] (+1) +0.5625<x28>[B] (+1) +0.5625<x29>[B] (+1) -0.5625<x30>[B] (+1) +0.5625<x31>[B] (+0) +0.5625<x32>[B] (+1) +0.5625<x33>[B] (+0) +0.5625<x34>[B] (+0) +0.5625<x35>[B] (+0) +0.5625<x36>[B] (+1) +0.5625<x37>[B] (+0) -0.5625<x38>[B] (+1) +0.5625<x39>[B] (+0) +0.5625<x40>[B] (+0) +0.5625<x41>[B] (+0) +0.5625<x42>[B] (+1) +0.5625<x43>[B] (+0) +0.5625<x44>[B] (+0) +0.5625<x45>[B] (+0) +0.5625<x46>[B] (+0) +0.5625<x47>[B] (+0) +0.5625<x48>[B] (+1) +0.5625<x49>[B] (+0) -0.5625<x50>[B] (+4.96047647e-13) +0.5625<x51>[B] (+0) +0.5625<x52>[B] (+0) +0.5625<x53>[B] (+0) +0.5625<x54>[B] (+0) +0.5625<x55>[B] (+1) +0.5625<x56>[B] (+1) +0.5625<x57>[B] (+5.36693652e-13) +0.5625<x58>[B] (+0) +0.5625<x59>[B] (+1) +0.5625<x60>[B] (+5.36693652e-13) -0.5625<x61>[B] (+1) +0.5625<x62>[B] (+0) +0.5625<x63>[B] (+0) +0.5625<x64>[B] (+1) +0.5625<x65>[B] (+1) -0.5625<x66>[B] (+0) -0.5625<x67>[B] (+0) -0.5625<x68>[B] (+0) +0.5625<x69>[B] (+1) +0.5625<x70>[B] (+0) -0.5625<x71>[B] (+4.96047647e-13) -0.5625<x72>[B] (+0) -0.5625<x73>[B] (+0) +0.5625<x74>[B] (+0) +0.5625<x75>[B] (+0) +0.5625<x76>[B] (+0) -0.5625<x77>[B] (+0) +0.5625<x78>[B] (+1) +0.5625<x79>[B] (+0) -0.5625<x80>[B] (+1) +0.5625<x81>[B] (+0) +0.5625<x82>[B] (+0) +0.5625<x83>[B] (+0) +0.5625<x84>[B] (+1) -0.5625<x85>[B] (+1) +0.5625<x86>[B] (+1) +0.5625<x87>[B] (+1) -0.5625<x88>[B] (+1) -0.5625<x89>[B] (+0) -0.5625<x90>[B] (+1) +0.5625<x91>[B] (+1) +0.5625<x92>[B] (+1) +0.5625<x93>[B] (+1) +0.5625<x94>[B] (+5.36693652e-13) -0.5625<x95>[B] (+1) +0.5625<x96>[B] (+0) +0.5625<x97>[B] (+1) +0.5625<x98>[B] (+1) +0.5625<x99>[B] (+1) -0.5625<x100>[B] (+0) -0.5625<x101>[B] (+0) -0.5625<x102>[B] (+0) -0.5625<x103>[B] (+0) -0.5625<x104>[B] (+0) -0.5625<x105>[B] (+0) -0.5625<x106>[B] (+1) -0.5625<x107>[B] (+0) -0.5625<x108>[B] (+1) -0.5625<x109>[B] (+1) -0.5625<x110>[B] (+1) +0.5625<x111>[B] (+0) +0.5625<x112>[B] (+0) +0.5625<x113>[B] (+0) +0.5625<x114>[B] (+1) -0.5625<x115>[B] (+1) +0.5625<x116>[B] (+1) +0.5625<x117>[B] (+1) +0.5625<x118>[B] (+1) +0.5625<x119>[B] (+1) +0.5625<x120>[B] (+1) >= 22.0791666666667;
;
violation: left hand side is violated by 0.00833333333333286
  [linear] <c1179>: <x124>[C] (+16.4541667) -0.5125<x1>[B] (+1) +0.5125<x2>[B] (+1) +0.5125<x3>[B] (+1) +0.5125<x4>[B] (+1) -0.5125<x5>[B] (+1) -0.5125<x6>[B] (+1) +0.5125<x7>[B] (+1) +0.5125<x8>[B] (+1) -0.5125<x9>[B] (+1) -0.5125<x10>[B] (+1) +0.5125<x11>[B] (+1) -0.5125<x12>[B] (+0) -0.5125<x13>[B] (+1) +0.5125<x14>[B] (+1) +0.5125<x15>[B] (+1) +0.5125<x16>[B] (+1) +0.5125<x17>[B] (+1) +0.5125<x18>[B] (+1) +0.5125<x19>[B] (+1) +0.5125<x20>[B] (+1) +0.5125<x21>[B] (+0) +0.5125<x22>[B] (+1) -0.5125<x23>[B] (+1) +0.5125<x24>[B] (+1) +0.5125<x25>[B] (+1) +0.5125<x26>[B] (+0) -0.5125<x27>[B] (+1) +0.5125<x28>[B] (+1) +0.5125<x29>[B] (+1) +0.5125<x30>[B] (+1) +0.5125<x31>[B] (+0) -0.5125<x32>[B] (+1) -0.5125<x33>[B] (+0) +0.5125<x34>[B] (+0) +0.5125<x35>[B] (+0) -0.5125<x36>[B] (+1) -0.5125<x37>[B] (+0) +0.5125<x38>[B] (+1) -0.5125<x39>[B] (+0) -0.5125<x40>[B] (+0) +0.5125<x41>[B] (+0) -0.5125<x42>[B] (+1) +0.5125<x43>[B] (+0) -0.5125<x44>[B] (+0) -0.5125<x45>[B] (+0) +0.5125<x46>[B] (+0) -0.5125<x47>[B] (+0) -0.5125<x48>[B] (+1) -0.5125<x49>[B] (+0) -0.5125<x50>[B] (+0) -0.5125<x51>[B] (+0) -0.5125<x52>[B] (+0) -0.5125<x53>[B] (+0) -0.5125<x54>[B] (+0) -0.5125<x55>[B] (+1) -0.5125<x56>[B] (+1) -0.5125<x57>[B] (+0) -0.5125<x58>[B] (+0) -0.5125<x59>[B] (+1) -0.5125<x60>[B] (+0) -0.5125<x61>[B] (+1) -0.5125<x62>[B] (+0) -0.5125<x63>[B] (+0) -0.5125<x64>[B] (+1) -0.5125<x65>[B] (+1) +0.5125<x66>[B] (+0) +0.5125<x67>[B] (+0) +0.5125<x68>[B] (+0) -0.5125<x69>[B] (+1) +0.5125<x70>[B] (+0) +0.5125<x71>[B] (+0) +0.5125<x72>[B] (+0) -0.5125<x73>[B] (+0) +0.5125<x74>[B] (+0) +0.5125<x75>[B] (+0) +0.5125<x76>[B] (+0) +0.5125<x77>[B] (+0) -0.5125<x78>[B] (+1) +0.5125<x79>[B] (+0) +0.5125<x80>[B] (+1) -0.5125<x81>[B] (+0) -0.5125<x82>[B] (+0) +0.5125<x83>[B] (+0) +0.5125<x84>[B] (+1) -0.5125<x85>[B] (+1) -0.5125<x86>[B] (+1) -0.5125<x87>[B] (+1) -0.5125<x88>[B] (+1) -0.5125<x89>[B] (+0) -0.5125<x90>[B] (+1) -0.5125<x91>[B] (+1) -0.5125<x92>[B] (+1) -0.5125<x93>[B] (+1) -0.5125<x94>[B] (+1) -0.5125<x95>[B] (+1) -0.5125<x96>[B] (+0) -0.5125<x97>[B] (+1) -0.5125<x98>[B] (+1) -0.5125<x99>[B] (+1) +0.5125<x100>[B] (+0) +0.5125<x101>[B] (+0) +0.5125<x102>[B] (+0) +0.5125<x103>[B] (+0) +0.5125<x104>[B] (+0) +0.5125<x105>[B] (+0) +0.5125<x106>[B] (+1) -0.5125<x107>[B] (+0) -0.5125<x108>[B] (+1) +0.5125<x109>[B] (+1) +0.5125<x110>[B] (+1) -0.5125<x111>[B] (+0) -0.5125<x112>[B] (+0) -0.5125<x113>[B] (+0) -0.5125<x114>[B] (+1) -0.5125<x115>[B] (+1) +0.5125<x116>[B] (+1) +0.5125<x117>[B] (+1) +0.5125<x118>[B] (+1) +0.5125<x119>[B] (+1) -0.5125<x120>[B] (+1) >= 12.4291666666667;
;
violation: left hand side is violated by 0.0749999999999851
  [linear] <c1177>: <x121>[C] (+19.2583333) -0.5625<x1>[B] (+1) -0.5625<x2>[B] (+1) -0.5625<x3>[B] (+1) -0.5625<x4>[B] (+1) -0.5625<x5>[B] (+1) -0.5625<x6>[B] (+1) -0.5625<x7>[B] (+1) -0.5625<x8>[B] (+1) +0.5625<x9>[B] (+1) +0.5625<x10>[B] (+1) -0.5625<x11>[B] (+1) -0.5625<x12>[B] (+0) -0.5625<x13>[B] (+1) -0.5625<x14>[B] (+1) -0.5625<x15>[B] (+1) -0.5625<x16>[B] (+1) -0.5625<x17>[B] (+1) -0.5625<x18>[B] (+1) +0.5625<x19>[B] (+1) +0.5625<x20>[B] (+1) +0.5625<x21>[B] (+0) -0.5625<x22>[B] (+1) +0.5625<x23>[B] (+1) +0.5625<x24>[B] (+1) -0.5625<x25>[B] (+1) +0.5625<x26>[B] (+0) +0.5625<x27>[B] (+1) +0.5625<x28>[B] (+1) +0.5625<x29>[B] (+1) -0.5625<x30>[B] (+1) +0.5625<x31>[B] (+0) +0.5625<x32>[B] (+1) +0.5625<x33>[B] (+0) +0.5625<x34>[B] (+0) +0.5625<x35>[B] (+0) +0.5625<x36>[B] (+1) +0.5625<x37>[B] (+0) -0.5625<x38>[B] (+1) +0.5625<x39>[B] (+0) +0.5625<x40>[B] (+0) +0.5625<x41>[B] (+0) +0.5625<x42>[B] (+1) +0.5625<x43>[B] (+0) +0.5625<x44>[B] (+0) +0.5625<x45>[B] (+0) +0.5625<x46>[B] (+0) +0.5625<x47>[B] (+0) +0.5625<x48>[B] (+1) +0.5625<x49>[B] (+0) -0.5625<x50>[B] (+0) +0.5625<x51>[B] (+0) +0.5625<x52>[B] (+0) +0.5625<x53>[B] (+0) +0.5625<x54>[B] (+0) +0.5625<x55>[B] (+1) +0.5625<x56>[B] (+1) +0.5625<x57>[B] (+0) +0.5625<x58>[B] (+0) +0.5625<x59>[B] (+1) +0.5625<x60>[B] (+0) -0.5625<x61>[B] (+1) +0.5625<x62>[B] (+0) +0.5625<x63>[B] (+0) +0.5625<x64>[B] (+1) +0.5625<x65>[B] (+1) -0.5625<x66>[B] (+0) -0.5625<x67>[B] (+0) -0.5625<x68>[B] (+0) +0.5625<x69>[B] (+1) +0.5625<x70>[B] (+0) -0.5625<x71>[B] (+0) -0.5625<x72>[B] (+0) -0.5625<x73>[B] (+0) +0.5625<x74>[B] (+0) +0.5625<x75>[B] (+0) +0.5625<x76>[B] (+0) -0.5625<x77>[B] (+0) +0.5625<x78>[B] (+1) +0.5625<x79>[B] (+0) -0.5625<x80>[B] (+1) +0.5625<x81>[B] (+0) +0.5625<x82>[B] (+0) +0.5625<x83>[B] (+0) +0.5625<x84>[B] (+1) -0.5625<x85>[B] (+1) +0.5625<x86>[B] (+1) +0.5625<x87>[B] (+1) -0.5625<x88>[B] (+1) -0.5625<x89>[B] (+0) -0.5625<x90>[B] (+1) +0.5625<x91>[B] (+1) +0.5625<x92>[B] (+1) +0.5625<x93>[B] (+1) +0.5625<x94>[B] (+0) -0.5625<x95>[B] (+1) +0.5625<x96>[B] (+0) +0.5625<x97>[B] (+1) +0.5625<x98>[B] (+1) +0.5625<x99>[B] (+1) -0.5625<x100>[B] (+0) -0.5625<x101>[B] (+0) -0.5625<x102>[B] (+0) -0.5625<x103>[B] (+0) -0.5625<x104>[B] (+0) -0.5625<x105>[B] (+0) -0.5625<x106>[B] (+1) -0.5625<x107>[B] (+0) -0.5625<x108>[B] (+1) -0.5625<x109>[B] (+1) -0.5625<x110>[B] (+1) +0.5625<x111>[B] (+0) +0.5625<x112>[B] (+0) +0.5625<x113>[B] (+0) +0.5625<x114>[B] (+1) -0.5625<x115>[B] (+1) +0.5625<x116>[B] (+1) +0.5625<x117>[B] (+1) +0.5625<x118>[B] (+1) +0.5625<x119>[B] (+1) +0.5625<x120>[B] (+1) >= 22.0791666666667;
;
violation: left hand side is violated by 0.00833333333333997
  [linear] <c1179>: <x124>[C] (+15.9666667) -0.5125<x1>[B] (+1) +0.5125<x2>[B] (+1) +0.5125<x3>[B] (+1) +0.5125<x4>[B] (+1) -0.5125<x5>[B] (+1) -0.5125<x6>[B] (+1) +0.5125<x7>[B] (+1) +0.5125<x8>[B] (+1) -0.5125<x9>[B] (+1) -0.5125<x10>[B] (+1) +0.5125<x11>[B] (+1) -0.5125<x12>[B] (+0) -0.5125<x13>[B] (+1) +0.5125<x14>[B] (+1) +0.5125<x15>[B] (+1) +0.5125<x16>[B] (+1) +0.5125<x17>[B] (+1) +0.5125<x18>[B] (+1) +0.5125<x19>[B] (+1) +0.5125<x20>[B] (+1) +0.5125<x21>[B] (+0) +0.5125<x22>[B] (+1) -0.5125<x23>[B] (+1) +0.5125<x24>[B] (+1) +0.5125<x25>[B] (+1) +0.5125<x26>[B] (+0) -0.5125<x27>[B] (+1) +0.5125<x28>[B] (+1) +0.5125<x29>[B] (+1) +0.5125<x30>[B] (+1) +0.5125<x31>[B] (+0) -0.5125<x32>[B] (+1) -0.5125<x33>[B] (+0) +0.5125<x34>[B] (+0) +0.5125<x35>[B] (+0) -0.5125<x36>[B] (+1) -0.5125<x37>[B] (+0) +0.5125<x38>[B] (+1) -0.5125<x39>[B] (+0) -0.5125<x40>[B] (+0) +0.5125<x41>[B] (+0) -0.5125<x42>[B] (+1) +0.5125<x43>[B] (+0) -0.5125<x44>[B] (+0) -0.5125<x45>[B] (+0) +0.5125<x46>[B] (+0) -0.5125<x47>[B] (+0) -0.5125<x48>[B] (+1) -0.5125<x49>[B] (+0) -0.5125<x50>[B] (+0) -0.5125<x51>[B] (+0) -0.5125<x52>[B] (+0) -0.5125<x53>[B] (+0) -0.5125<x54>[B] (+0) -0.5125<x55>[B] (+1) -0.5125<x56>[B] (+1) -0.5125<x57>[B] (+0) -0.5125<x58>[B] (+0) -0.5125<x59>[B] (+1) -0.5125<x60>[B] (+0) -0.5125<x61>[B] (+1) -0.5125<x62>[B] (+0) -0.5125<x63>[B] (+0) -0.5125<x64>[B] (+1) -0.5125<x65>[B] (+1) +0.5125<x66>[B] (+0) +0.5125<x67>[B] (+0) +0.5125<x68>[B] (+0) -0.5125<x69>[B] (+1) +0.5125<x70>[B] (+0) +0.5125<x71>[B] (+0) +0.5125<x72>[B] (+0) -0.5125<x73>[B] (+0) +0.5125<x74>[B] (+0) +0.5125<x75>[B] (+0) +0.5125<x76>[B] (+0) +0.5125<x77>[B] (+0) -0.5125<x78>[B] (+1) +0.5125<x79>[B] (+0) +0.5125<x80>[B] (+1) -0.5125<x81>[B] (+0) -0.5125<x82>[B] (+0) +0.5125<x83>[B] (+0) +0.5125<x84>[B] (+1) -0.5125<x85>[B] (+1) -0.5125<x86>[B] (+1) -0.5125<x87>[B] (+1) -0.5125<x88>[B] (+1) -0.5125<x89>[B] (+0) -0.5125<x90>[B] (+1) -0.5125<x91>[B] (+1) -0.5125<x92>[B] (+1) -0.5125<x93>[B] (+1) -0.5125<x94>[B] (+1) -0.5125<x95>[B] (+1) -0.5125<x96>[B] (+0) -0.5125<x97>[B] (+1) -0.5125<x98>[B] (+1) -0.5125<x99>[B] (+1) +0.5125<x100>[B] (+0) +0.5125<x101>[B] (+0) +0.5125<x102>[B] (+0) +0.5125<x103>[B] (+0) +0.5125<x104>[B] (+0) +0.5125<x105>[B] (+0) +0.5125<x106>[B] (+1) -0.5125<x107>[B] (+0) -0.5125<x108>[B] (+0) +0.5125<x109>[B] (+1) +0.5125<x110>[B] (+1) -0.5125<x111>[B] (+0) -0.5125<x112>[B] (+0) -0.5125<x113>[B] (+0) -0.5125<x114>[B] (+1) -0.5125<x115>[B] (+1) +0.5125<x116>[B] (+1) +0.5125<x117>[B] (+1) +0.5125<x118>[B] (+1) +0.5125<x119>[B] (+1) -0.5125<x120>[B] (+1) >= 12.4291666666667;
;
violation: left hand side is violated by 0.0499999999999901
  [linear] <c1179>: <x124>[C] (+15.9666667) -0.5125<x1>[B] (+1) +0.5125<x2>[B] (+1) +0.5125<x3>[B] (+1) +0.5125<x4>[B] (+1) -0.5125<x5>[B] (+1) -0.5125<x6>[B] (+1) +0.5125<x7>[B] (+1) +0.5125<x8>[B] (+1) -0.5125<x9>[B] (+1) -0.5125<x10>[B] (+1) +0.5125<x11>[B] (+1) -0.5125<x12>[B] (+0) -0.5125<x13>[B] (+1) +0.5125<x14>[B] (+1) +0.5125<x15>[B] (+1) +0.5125<x16>[B] (+1) +0.5125<x17>[B] (+1) +0.5125<x18>[B] (+1) +0.5125<x19>[B] (+1) +0.5125<x20>[B] (+1) +0.5125<x21>[B] (+0) +0.5125<x22>[B] (+1) -0.5125<x23>[B] (+1) +0.5125<x24>[B] (+1) +0.5125<x25>[B] (+1) +0.5125<x26>[B] (+0) -0.5125<x27>[B] (+1) +0.5125<x28>[B] (+1) +0.5125<x29>[B] (+1) +0.5125<x30>[B] (+1) +0.5125<x31>[B] (+0) -0.5125<x32>[B] (+1) -0.5125<x33>[B] (+0) +0.5125<x34>[B] (+0) +0.5125<x35>[B] (+0) -0.5125<x36>[B] (+1) -0.5125<x37>[B] (+0) +0.5125<x38>[B] (+1) -0.5125<x39>[B] (+0) -0.5125<x40>[B] (+0) +0.5125<x41>[B] (+0) -0.5125<x42>[B] (+1) +0.5125<x43>[B] (+0) -0.5125<x44>[B] (+0) -0.5125<x45>[B] (+0) +0.5125<x46>[B] (+0) -0.5125<x47>[B] (+0) -0.5125<x48>[B] (+1) -0.5125<x49>[B] (+0) -0.5125<x50>[B] (+0) -0.5125<x51>[B] (+0) -0.5125<x52>[B] (+0) -0.5125<x53>[B] (+0) -0.5125<x54>[B] (+0) -0.5125<x55>[B] (+1) -0.5125<x56>[B] (+1) -0.5125<x57>[B] (+0) -0.5125<x58>[B] (+0) -0.5125<x59>[B] (+1) -0.5125<x60>[B] (+0) -0.5125<x61>[B] (+1) -0.5125<x62>[B] (+0) -0.5125<x63>[B] (+0) -0.5125<x64>[B] (+1) -0.5125<x65>[B] (+1) +0.5125<x66>[B] (+0) +0.5125<x67>[B] (+0) +0.5125<x68>[B] (+0) -0.5125<x69>[B] (+1) +0.5125<x70>[B] (+0) +0.5125<x71>[B] (+0) +0.5125<x72>[B] (+0) -0.5125<x73>[B] (+0) +0.5125<x74>[B] (+0) +0.5125<x75>[B] (+0) +0.5125<x76>[B] (+0) +0.5125<x77>[B] (+0) -0.5125<x78>[B] (+1) +0.5125<x79>[B] (+0) +0.5125<x80>[B] (+1) -0.5125<x81>[B] (+0) -0.5125<x82>[B] (+0) +0.5125<x83>[B] (+0) +0.5125<x84>[B] (+1) -0.5125<x85>[B] (+1) -0.5125<x86>[B] (+1) -0.5125<x87>[B] (+1) -0.5125<x88>[B] (+1) -0.5125<x89>[B] (+0) -0.5125<x90>[B] (+1) -0.5125<x91>[B] (+1) -0.5125<x92>[B] (+1) -0.5125<x93>[B] (+1) -0.5125<x94>[B] (+1) -0.5125<x95>[B] (+1) -0.5125<x96>[B] (+0) -0.5125<x97>[B] (+1) -0.5125<x98>[B] (+1) -0.5125<x99>[B] (+1) +0.5125<x100>[B] (+0) +0.5125<x101>[B] (+0) +0.5125<x102>[B] (+0) +0.5125<x103>[B] (+0) +0.5125<x104>[B] (+0) +0.5125<x105>[B] (+0) +0.5125<x106>[B] (+1) -0.5125<x107>[B] (+0) -0.5125<x108>[B] (+0) +0.5125<x109>[B] (+1) +0.5125<x110>[B] (+1) -0.5125<x111>[B] (+0) -0.5125<x112>[B] (+0) -0.5125<x113>[B] (+0) -0.5125<x114>[B] (+1) -0.5125<x115>[B] (+1) +0.5125<x116>[B] (+1) +0.5125<x117>[B] (+1) +0.5125<x118>[B] (+1) +0.5125<x119>[B] (+1) -0.5125<x120>[B] (+1) >= 12.4291666666667;
;
violation: left hand side is violated by 0.0499999999999901
  [linear] <c1179>: <x124>[C] (+16.4541667) -0.5125<x1>[B] (+1) +0.5125<x2>[B] (+1) +0.5125<x3>[B] (+1) +0.5125<x4>[B] (+1) -0.5125<x5>[B] (+1) -0.5125<x6>[B] (+1) +0.5125<x7>[B] (+1) +0.5125<x8>[B] (+1) -0.5125<x9>[B] (+1) -0.5125<x10>[B] (+1) +0.5125<x11>[B] (+1) -0.5125<x12>[B] (+0) -0.5125<x13>[B] (+1) +0.5125<x14>[B] (+1) +0.5125<x15>[B] (+1) +0.5125<x16>[B] (+1) +0.5125<x17>[B] (+1) +0.5125<x18>[B] (+1) +0.5125<x19>[B] (+1) +0.5125<x20>[B] (+1) +0.5125<x21>[B] (+0) +0.5125<x22>[B] (+1) -0.5125<x23>[B] (+1) +0.5125<x24>[B] (+1) +0.5125<x25>[B] (+1) +0.5125<x26>[B] (+0) -0.5125<x27>[B] (+1) +0.5125<x28>[B] (+1) +0.5125<x29>[B] (+1) +0.5125<x30>[B] (+1) +0.5125<x31>[B] (+0) -0.5125<x32>[B] (+1) -0.5125<x33>[B] (+0) +0.5125<x34>[B] (+0) +0.5125<x35>[B] (+0) -0.5125<x36>[B] (+1) -0.5125<x37>[B] (+0) +0.5125<x38>[B] (+1) -0.5125<x39>[B] (+0) -0.5125<x40>[B] (+0) +0.5125<x41>[B] (+0) -0.5125<x42>[B] (+0) +0.5125<x43>[B] (+0) -0.5125<x44>[B] (+0) -0.5125<x45>[B] (+0) +0.5125<x46>[B] (+0) -0.5125<x47>[B] (+0) -0.5125<x48>[B] (+1) -0.5125<x49>[B] (+0) -0.5125<x50>[B] (+0) -0.5125<x51>[B] (+0) -0.5125<x52>[B] (+0) -0.5125<x53>[B] (+0) -0.5125<x54>[B] (+0) -0.5125<x55>[B] (+1) -0.5125<x56>[B] (+1) -0.5125<x57>[B] (+0) -0.5125<x58>[B] (+0) -0.5125<x59>[B] (+1) -0.5125<x60>[B] (+1) -0.5125<x61>[B] (+1) -0.5125<x62>[B] (+0) -0.5125<x63>[B] (+0) -0.5125<x64>[B] (+1) -0.5125<x65>[B] (+1) +0.5125<x66>[B] (+0) +0.5125<x67>[B] (+0) +0.5125<x68>[B] (+0) -0.5125<x69>[B] (+1) +0.5125<x70>[B] (+0) +0.5125<x71>[B] (+1) +0.5125<x72>[B] (+0) -0.5125<x73>[B] (+0) +0.5125<x74>[B] (+0) +0.5125<x75>[B] (+0) +0.5125<x76>[B] (+0) +0.5125<x77>[B] (+0) -0.5125<x78>[B] (+1) +0.5125<x79>[B] (+0) +0.5125<x80>[B] (+1) -0.5125<x81>[B] (+0) -0.5125<x82>[B] (+0) +0.5125<x83>[B] (+0) +0.5125<x84>[B] (+0) -0.5125<x85>[B] (+1) -0.5125<x86>[B] (+1) -0.5125<x87>[B] (+1) -0.5125<x88>[B] (+1) -0.5125<x89>[B] (+0) -0.5125<x90>[B] (+1) -0.5125<x91>[B] (+1) -0.5125<x92>[B] (+1) -0.5125<x93>[B] (+1) -0.5125<x94>[B] (+1) -0.5125<x95>[B] (+1) -0.5125<x96>[B] (+0) -0.5125<x97>[B] (+1) -0.5125<x98>[B] (+1) -0.5125<x99>[B] (+1) +0.5125<x100>[B] (+0) +0.5125<x101>[B] (+0) +0.5125<x102>[B] (+0) +0.5125<x103>[B] (+0) +0.5125<x104>[B] (+0) +0.5125<x105>[B] (+0) +0.5125<x106>[B] (+1) -0.5125<x107>[B] (+0) -0.5125<x108>[B] (+0) +0.5125<x109>[B] (+0) +0.5125<x110>[B] (+0) -0.5125<x111>[B] (+0) -0.5125<x112>[B] (+0) -0.5125<x113>[B] (+0) -0.5125<x114>[B] (+0) -0.5125<x115>[B] (+1) +0.5125<x116>[B] (+1) +0.5125<x117>[B] (+1) +0.5125<x118>[B] (+1) +0.5125<x119>[B] (+1) -0.5125<x120>[B] (+1) >= 12.4291666666667;
;
violation: left hand side is violated by 0.0749999999999886
  [linear] <c1181>: <x126>[C] (+8.07916667) -0.5625<x1>[B] (+0) +0.5625<x2>[B] (+0) -0.5625<x3>[B] (+0) +0.5625<x4>[B] (+0) -0.5625<x5>[B] (+0) -0.5625<x6>[B] (+0) -0.5625<x7>[B] (+0) -0.5625<x8>[B] (+0) -0.5625<x9>[B] (+0) +0.5625<x10>[B] (+0) +0.5625<x11>[B] (+0) -0.5625<x12>[B] (+1) +0.5625<x13>[B] (+0) -0.5625<x14>[B] (+0) -0.5625<x15>[B] (+0) +0.5625<x16>[B] (+0) -0.5625<x17>[B] (+0) +0.5625<x18>[B] (+0) -0.5625<x19>[B] (+0) -0.5625<x20>[B] (+0) -0.5625<x21>[B] (+0) -0.5625<x22>[B] (+0) -0.5625<x23>[B] (+0) +0.5625<x24>[B] (+0) +0.5625<x25>[B] (+0) -0.5625<x26>[B] (+1) +0.5625<x27>[B] (+1) -0.5625<x28>[B] (+0) -0.5625<x29>[B] (+0) -0.5625<x30>[B] (+0) -0.5625<x31>[B] (+1) -0.5625<x32>[B] (+0) -0.5625<x33>[B] (+1) -0.5625<x34>[B] (+1) -0.5625<x35>[B] (+1) -0.5625<x36>[B] (+0) -0.5625<x37>[B] (+1) -0.5625<x38>[B] (+1) -0.5625<x39>[B] (+1) -0.5625<x40>[B] (+1) -0.5625<x41>[B] (+1) -0.5625<x42>[B] (+0) +0.5625<x43>[B] (+1) +0.5625<x44>[B] (+1) -0.5625<x45>[B] (+1) +0.5625<x46>[B] (+1) -0.5625<x47>[B] (+1) -0.5625<x48>[B] (+0) +0.5625<x49>[B] (+1) +0.5625<x50>[B] (+1) +0.5625<x51>[B] (+1) +0.5625<x52>[B] (+1) -0.5625<x53>[B] (+1) -0.5625<x54>[B] (+1) -0.5625<x55>[B] (+0) -0.5625<x56>[B] (+0) -0.5625<x57>[B] (+0) -0.5625<x58>[B] (+0) -0.5625<x59>[B] (+0) +0.5625<x60>[B] (+0) +0.5625<x61>[B] (+0) -0.5625<x62>[B] (+1) +0.5625<x63>[B] (+1) -0.5625<x64>[B] (+0) -0.5625<x65>[B] (+0) -0.5625<x66>[B] (+1) -0.5625<x67>[B] (+1) -0.5625<x68>[B] (+1) -0.5625<x69>[B] (+0) +0.5625<x70>[B] (+1) +0.5625<x71>[B] (+1) -0.5625<x72>[B] (+1) +0.5625<x73>[B] (+1) -0.5625<x74>[B] (+1) -0.5625<x75>[B] (+0) +0.5625<x76>[B] (+1) -0.5625<x77>[B] (+1) +0.5625<x78>[B] (+0) +0.5625<x79>[B] (+0) +0.5625<x80>[B] (+0) +0.5625<x81>[B] (+1) +0.5625<x82>[B] (+1) +0.5625<x83>[B] (+1) -0.5625<x84>[B] (+0) -0.5625<x85>[B] (+0) -0.5625<x86>[B] (+0) +0.5625<x87>[B] (+0) +0.5625<x88>[B] (+0) +0.5625<x89>[B] (+1) +0.5625<x90>[B] (+1) -0.5625<x91>[B] (+0) -0.5625<x92>[B] (+0) +0.5625<x93>[B] (+0) +0.5625<x94>[B] (+0) +0.5625<x95>[B] (+0) +0.5625<x96>[B] (+1) +0.5625<x97>[B] (+1) +0.5625<x98>[B] (+1) -0.5625<x99>[B] (+0) +0.5625<x100>[B] (+1) +0.5625<x101>[B] (+1) +0.5625<x102>[B] (+1) +0.5625<x103>[B] (+1) -0.5625<x104>[B] (+1) -0.5625<x105>[B] (+1) -0.5625<x106>[B] (+1) -0.5625<x107>[B] (+1) +0.5625<x108>[B] (+1) -0.5625<x109>[B] (+1) -0.5625<x110>[B] (+0) -0.5625<x111>[B] (+1) +0.5625<x112>[B] (+1) -0.5625<x113>[B] (+1) -0.5625<x114>[B] (+0) +0.5625<x115>[B] (+0) -0.5625<x116>[B] (+0) -0.5625<x117>[B] (+0) -0.5625<x118>[B] (+0) -0.5625<x119>[B] (+0) -0.5625<x120>[B] (+0) >= 7.45416666666667;
;
violation: left hand side is violated by 0.499999999999996
2/9 feasible solutions given by solution candidate storage, new primal bound -2.999972e+06

presolving:
   (0.0s) symmetry computation started: requiring (bin +, int +, cont +), (fixed: bin -, int -, cont -)
   (0.0s) no symmetry present (symcode time: 0.00)
presolving (0 rounds: 0 fast, 0 medium, 0 exhaustive):
 0 deleted vars, 0 deleted constraints, 0 added constraints, 0 tightened bounds, 0 added holes, 0 changed sides, 0 changed coefficients
 0 implications, 0 cliques, 0 implied integral variables (0 bin, 0 int, 0 cont)
presolved problem has 150 variables (120 bin, 0 int, 30 cont) and 1195 constraints
   1195 constraints of type <linear>
Presolving Time: 0.00
transformed 2/2 original solutions to the transformed problem space

 time | node  | left  |LP iter|LP it/n|mem/heur|mdpt |vars |cons |rows |cuts |sepa|confs|strbr|  dualbound   | primalbound  |  gap   | compl. 
p 0.0s|     1 |     0 |    11 |     - |   locks|   0 | 150 |1195 |1195 |   0 |  0 |   0 |   0 | 2.680000e+02 |-5.313583e+02 |    Inf | unknown
  0.0s|     1 |     0 |   314 |     - |    11M |   0 | 150 |1195 |1195 |   0 |  0 |   0 |   0 |-3.371777e+02 |-5.313583e+02 |  57.59%| unknown
r 0.0s|     1 |     0 |   314 |     - |shifting|   0 | 150 |1195 |1195 |   0 |  0 |   0 |   0 |-3.371777e+02 |-3.565304e+02 |   5.74%| unknown
  0.0s|     1 |     0 |   316 |     - |    11M |   0 | 150 |1195 |1196 |   1 |  1 |   0 |   0 |-3.372107e+02 |-3.565304e+02 |   5.73%| unknown
r 0.0s|     1 |     0 |   316 |     - |shifting|   0 | 150 |1195 |1196 |   1 |  1 |   0 |   0 |-3.372107e+02 |-3.558762e+02 |   5.54%| unknown
  0.0s|     1 |     0 |   316 |     - |    11M |   0 | 150 |1195 |1196 |   1 |  1 |   0 |   0 |-3.372107e+02 |-3.558762e+02 |   5.54%| unknown
  0.1s|     1 |     0 |   328 |     - |    11M |   0 | 150 |1195 |1197 |   2 |  2 |   0 |   0 |-3.372546e+02 |-3.558762e+02 |   5.52%| unknown
  0.1s|     1 |     0 |   332 |     - |    11M |   0 | 150 |1195 |1199 |   4 |  3 |   0 |   0 |-3.372875e+02 |-3.558762e+02 |   5.51%| unknown
r 0.1s|     1 |     0 |   332 |     - |shifting|   0 | 150 |1195 |1199 |   4 |  3 |   0 |   0 |-3.372875e+02 |-3.556615e+02 |   5.45%| unknown
  0.1s|     1 |     0 |   341 |     - |    12M |   0 | 150 |1195 |1201 |   6 |  4 |   0 |   0 |-3.373169e+02 |-3.556615e+02 |   5.44%| unknown
  0.1s|     1 |     0 |   344 |     - |    12M |   0 | 150 |1195 |1202 |   7 |  5 |   0 |   0 |-3.373176e+02 |-3.556615e+02 |   5.44%| unknown
  0.1s|     1 |     0 |   358 |     - |    12M |   0 | 150 |1195 |1204 |   9 |  6 |   0 |   0 |-3.373442e+02 |-3.556615e+02 |   5.43%| unknown
  0.1s|     1 |     0 |   378 |     - |    12M |   0 | 150 |1195 |1205 |  10 |  7 |   0 |   0 |-3.373859e+02 |-3.556615e+02 |   5.42%| unknown
r 0.1s|     1 |     0 |   378 |     - |shifting|   0 | 150 |1195 |1205 |  10 |  7 |   0 |   0 |-3.373859e+02 |-3.514723e+02 |   4.18%| unknown
  0.2s|     1 |     0 |   395 |     - |    12M |   0 | 150 |1195 |1206 |  11 |  8 |   0 |   0 |-3.374127e+02 |-3.514723e+02 |   4.17%| unknown
 time | node  | left  |LP iter|LP it/n|mem/heur|mdpt |vars |cons |rows |cuts |sepa|confs|strbr|  dualbound   | primalbound  |  gap   | compl. 
  0.2s|     1 |     0 |   403 |     - |    13M |   0 | 150 |1195 |1208 |  13 |  9 |   0 |   0 |-3.374171e+02 |-3.514723e+02 |   4.17%| unknown
  0.2s|     1 |     0 |   420 |     - |    13M |   0 | 150 |1195 |1210 |  15 | 10 |   0 |   0 |-3.374354e+02 |-3.514723e+02 |   4.16%| unknown
  0.2s|     1 |     0 |   421 |     - |    13M |   0 | 150 |1195 |1212 |  17 | 11 |   0 |   0 |-3.374357e+02 |-3.514723e+02 |   4.16%| unknown
  0.2s|     1 |     0 |   423 |     - |    13M |   0 | 150 |1195 |1213 |  18 | 12 |   0 |   0 |-3.374360e+02 |-3.514723e+02 |   4.16%| unknown
  0.2s|     1 |     0 |   425 |     - |    13M |   0 | 150 |1195 |1215 |  20 | 13 |   0 |   0 |-3.374364e+02 |-3.514723e+02 |   4.16%| unknown
d 0.3s|     1 |     0 |   454 |     - |farkasdi|   0 | 150 |1195 |1215 |   0 | 14 |   0 |   0 |-3.374364e+02 |-3.375250e+02 |   0.03%| unknown
  0.3s|     1 |     0 |   454 |     - |    13M |   0 | 150 |1195 |1215 |  20 | 14 |   0 |   0 |-3.374364e+02 |-3.375250e+02 |   0.03%| unknown
  0.3s|     1 |     0 |   454 |     - |    13M |   0 | 150 |1195 | 334 |  20 | 14 |   0 |   0 |-3.374364e+02 |-3.375250e+02 |   0.03%| unknown
  0.3s|     1 |     0 |   454 |     - |    13M |   0 | 150 | 186 | 334 |  20 | 15 |   0 |   0 |-3.374364e+02 |-3.375250e+02 |   0.03%| unknown
(run 1, node 1) restarting after 89 global fixings of integer variables

(restart) converted 20 cuts from the global cut pool into linear constraints

presolving:
presolving (0 rounds: 0 fast, 0 medium, 0 exhaustive):
 0 deleted vars, 0 deleted constraints, 0 added constraints, 0 tightened bounds, 0 added holes, 0 changed sides, 0 changed coefficients
 0 implications, 0 cliques, 0 implied integral variables (0 bin, 0 int, 0 cont)
presolved problem has 150 variables (120 bin, 0 int, 30 cont) and 206 constraints
    206 constraints of type <linear>
Presolving Time: 0.00
transformed 16/20 original solutions to the transformed problem space

 time | node  | left  |LP iter|LP it/n|mem/heur|mdpt |vars |cons |rows |cuts |sepa|confs|strbr|  dualbound   | primalbound  |  gap   | compl. 
  0.3s|     1 |     0 |   636 |     - |    13M |   0 | 150 | 206 | 206 |   0 |  0 |   0 |   0 |-3.374364e+02 |-3.375250e+02 |   0.03%| unknown
  0.3s|     1 |     0 |   636 |     - |    14M |   0 | 150 | 206 | 177 |   0 |  0 |   0 |   0 |-3.374364e+02 |-3.375250e+02 |   0.03%| unknown
  0.3s|     1 |     0 |   640 |     - |    14M |   0 | 150 | 206 | 179 |   2 |  1 |   0 |   0 |-3.374384e+02 |-3.375250e+02 |   0.03%| unknown
  0.3s|     1 |     0 |   649 |     - |    14M |   0 | 150 | 206 | 180 |   3 |  2 |   0 |   0 |-3.374493e+02 |-3.375250e+02 |   0.02%| unknown
  0.3s|     1 |     0 |   664 |     - |    14M |   0 | 150 | 206 | 181 |   4 |  3 |   0 |   0 |-3.374652e+02 |-3.375250e+02 |   0.02%| unknown
  0.3s|     1 |     0 |   664 |     - |    14M |   0 | 150 | 206 | 179 |   4 |  3 |   0 |   0 |-3.374652e+02 |-3.375250e+02 |   0.02%| unknown
  0.4s|     1 |     0 |   669 |     - |    14M |   0 | 150 | 206 | 181 |   6 |  4 |   0 |   0 |-3.374671e+02 |-3.375250e+02 |   0.02%| unknown
  0.4s|     1 |     0 |   672 |     - |    14M |   0 | 150 | 206 | 182 |   7 |  5 |   0 |   0 |-3.374672e+02 |-3.375250e+02 |   0.02%| unknown
  0.4s|     1 |     0 |   680 |     - |    14M |   0 | 150 | 206 | 183 |   8 |  6 |   0 |   0 |-3.374678e+02 |-3.375250e+02 |   0.02%| unknown
  0.4s|     1 |     0 |   684 |     - |    14M |   0 | 150 | 206 | 184 |   9 |  7 |   0 |   0 |-3.374683e+02 |-3.375250e+02 |   0.02%| unknown
  0.4s|     1 |     0 |   685 |     - |    14M |   0 | 150 | 206 | 185 |  10 |  8 |   0 |   0 |-3.374683e+02 |-3.375250e+02 |   0.02%| unknown
  0.5s|     1 |     0 |   687 |     - |    14M |   0 | 150 | 206 | 186 |  11 |  9 |   0 |   0 |-3.374685e+02 |-3.375250e+02 |   0.02%| unknown
  0.5s|     1 |     0 |   688 |     - |    14M |   0 | 150 | 206 | 187 |  12 | 10 |   0 |   0 |-3.374685e+02 |-3.375250e+02 |   0.02%| unknown
  0.5s|     1 |     0 |   697 |     - |    14M |   0 | 150 | 206 | 188 |  13 | 11 |   0 |   0 |-3.374691e+02 |-3.375250e+02 |   0.02%| unknown
  0.5s|     1 |     0 |   701 |     - |    14M |   0 | 150 | 206 | 190 |  15 | 12 |   0 |   0 |-3.374693e+02 |-3.375250e+02 |   0.02%| unknown
 time | node  | left  |LP iter|LP it/n|mem/heur|mdpt |vars |cons |rows |cuts |sepa|confs|strbr|  dualbound   | primalbound  |  gap   | compl. 
  0.5s|     1 |     0 |   701 |     - |    14M |   0 | 150 | 167 | 190 |  15 | 12 |   0 |   0 |-3.374693e+02 |-3.375250e+02 |   0.02%| unknown
  0.5s|     1 |     0 |   704 |     - |    14M |   0 | 150 | 167 | 182 |  16 | 13 |   0 |   0 |-3.374696e+02 |-3.375250e+02 |   0.02%| unknown
  0.6s|     1 |     0 |   712 |     - |    14M |   0 | 150 | 167 | 183 |  17 | 14 |   0 |   0 |-3.374697e+02 |-3.375250e+02 |   0.02%| unknown
  0.6s|     1 |     0 |   717 |     - |    14M |   0 | 150 | 167 | 185 |  19 | 15 |   0 |   0 |-3.374697e+02 |-3.375250e+02 |   0.02%| unknown
  0.6s|     1 |     0 |   719 |     - |    14M |   0 | 150 | 167 | 186 |  20 | 16 |   0 |   0 |-3.374698e+02 |-3.375250e+02 |   0.02%| unknown
  0.6s|     1 |     0 |   788 |     - |    14M |   0 | 150 | 168 | 186 |  20 | 17 |   2 |   0 |-3.375250e+02 |-3.375250e+02 |   0.00%| unknown

SCIP Status        : problem is solved [optimal solution found]
Solving Time (sec) : 0.62
Solving Nodes      : 1 (total of 2 nodes in 2 runs)
Primal Bound       : -3.37525000000000e+02 (37 solutions)
Dual Bound         : -3.37525000000000e+02
Gap                : 0.00 %
