Loading instance...
Median ranking: [15, 6, 5, 4, 1, 9, 3, 10, 14, 13, 11, 7, 12, 2, 8, 16]
Mean ranking: [15, 6, 5, 4, 1, 9, 3, 10, 14, 13, 11, 7, 16, 12, 2, 8]
Actual error: 0.0017841936661148194
Weighted Kendall distance: 10.5
Normalized distance: 0.007720588235294118
add conss, 0 chg bounds, 0 chg sides, 0 chg coeffs, 0 upgd conss, 0 impls, 0 clqs, 0 implints
   (0.0s) symmetry computation started: requiring (bin +, int +, cont +), (fixed: bin -, int -, cont -)
   (0.0s) no symmetry present (symcode time: 0.00)
presolving (2 rounds: 2 fast, 2 medium, 1 exhaustive):
 0 deleted vars, 1120 deleted constraints, 560 added constraints, 0 tightened bounds, 0 added holes, 0 changed sides, 0 changed coefficients
 0 implications, 0 cliques, 0 implied integral variables (0 bin, 0 int, 0 cont)
presolved problem has 120 variables (0 bin, 0 int, 120 cont) and 560 constraints
    560 constraints of type <linear>
Presolving Time: 0.01
transformed 3/3 original solutions to the transformed problem space

 time | node  | left  |LP iter|LP it/n|mem/heur|mdpt |vars |cons |rows |cuts |sepa|confs|strbr|  dualbound   | primalbound  |  gap   | compl. 
* 0.0s|     1 |     0 |    22 |     - |    LP  |   0 | 120 | 560 | 560 |   0 |  0 |   0 |   0 | 1.900000e+02 | 1.900000e+02 |   0.00%| unknown
  0.0s|     1 |     0 |    22 |     - |  4088k |   0 | 120 | 560 | 560 |   0 |  0 |   0 |   0 | 1.900000e+02 | 1.900000e+02 |   0.00%| unknown

SCIP Status        : problem is solved [optimal solution found]
Solving Time (sec) : 0.01
Solving Nodes      : 1
Primal Bound       : +1.90000000000000e+02 (4 solutions)
Dual Bound         : +1.90000000000000e+02
Gap                : 0.00 %
feasible solution found by trivial heuristic after 0.0 seconds, objective value 7.000000e+01
presolving:
   (0.0s) running MILP presolver
   (0.0s) MILP presolver (2 rounds): 0 aggregations, 0 fixings, 0 bound changes
(round 1, medium)     0 del vars, 1120 del conss, 560 add conss, 0 chg bounds, 0 chg sides, 0 chg coeffs, 0 upgd conss, 0 impls, 0 clqs, 0 implints
   (0.0s) probing: 51/120 (42.5%) - 0 fixings, 0 aggregations, 0 implications, 0 bound changes
   (0.0s) probing aborted: 50/50 successive totally useless probings
   (0.0s) symmetry computation started: requiring (bin +, int +, cont +), (fixed: bin -, int -, cont -)
   (0.0s) no symmetry present (symcode time: 0.00)
presolving (2 rounds: 2 fast, 2 medium, 1 exhaustive):
 0 deleted vars, 1120 deleted constraints, 560 added constraints, 0 tightened bounds, 0 added holes, 0 changed sides, 0 changed coefficients
 0 implications, 0 cliques, 0 implied integral variables (0 bin, 0 int, 0 cont)
presolved problem has 120 variables (120 bin, 0 int, 0 cont) and 560 constraints
    560 constraints of type <linear>
transformed objective value is always integral (scale: 2)
Presolving Time: 0.01
transformed 2/2 original solutions to the transformed problem space

 time | node  | left  |LP iter|LP it/n|mem/heur|mdpt |vars |cons |rows |cuts |sepa|confs|strbr|  dualbound   | primalbound  |  gap   | compl. 
p 0.0s|     1 |     0 |     0 |     - |   locks|   0 | 120 | 560 | 560 |   0 |  0 |   0 |   0 | 1.980000e+02 | 1.060000e+02 |  86.79%| unknown
i 0.0s|     1 |     0 |     0 |     - |  oneopt|   0 | 120 | 560 | 560 |   0 |  0 |   0 |   0 | 1.980000e+02 | 1.480000e+02 |  33.78%| unknown
* 0.0s|     1 |     0 |    17 |     - |    LP  |   0 | 120 | 560 | 560 |   0 |  0 |   0 |   0 | 1.900000e+02 | 1.900000e+02 |   0.00%| unknown
  0.0s|     1 |     0 |    17 |     - |  4196k |   0 | 120 | 560 | 560 |   0 |  0 |   0 |   0 | 1.900000e+02 | 1.900000e+02 |   0.00%| unknown

SCIP Status        : problem is solved [optimal solution found]
Solving Time (sec) : 0.01
Solving Nodes      : 1
Primal Bound       : +1.90000000000000e+02 (5 solutions)
Dual Bound         : +1.90000000000000e+02
Gap                : 0.00 %
feasible solution found by trivial heuristic after 0.0 seconds, objective value -9.999300e+05
presolving:
(round 1, fast)       0 del vars, 0 del conss, 0 add conss, 20 chg bounds, 0 chg sides, 0 chg coeffs, 0 upgd conss, 0 impls, 0 clqs, 0 implints
   (0.1s) running MILP presolver
   (0.1s) MILP presolver (2 rounds): 0 aggregations, 0 fixings, 0 bound changes
(round 2, medium)     0 del vars, 2320 del conss, 1760 add conss, 20 chg bounds, 0 chg sides, 0 chg coeffs, 0 upgd conss, 0 impls, 0 clqs, 0 implints
   (0.3s) symmetry computation started: requiring (bin +, int +, cont +), (fixed: bin -, int -, cont -)
   (0.3s) no symmetry present (symcode time: 0.00)
presolving (3 rounds: 3 fast, 2 medium, 1 exhaustive):
 0 deleted vars, 2320 deleted constraints, 1760 added constraints, 20 tightened bounds, 0 added holes, 0 changed sides, 0 changed coefficients
 0 implications, 0 cliques, 0 implied integral variables (0 bin, 0 int, 0 cont)
presolved problem has 130 variables (0 bin, 0 int, 130 cont) and 1760 constraints
   1760 constraints of type <linear>
Presolving Time: 0.28

 time | node  | left  |LP iter|LP it/n|mem/heur|mdpt |vars |cons |rows |cuts |sepa|confs|strbr|  dualbound   | primalbound  |  gap   | compl. 
t 0.3s|     1 |     0 |     0 |     - | trivial|   0 | 130 |1760 |   0 |   0 |  0 |   0 |   0 | 1.980000e+02 |-5.300000e+02 |    Inf | unknown
* 0.3s|     1 |     0 |   135 |     - |    LP  |   0 | 130 |1760 |1760 |   0 |  0 |   0 |   0 |-5.119931e+01 |-5.119931e+01 |   0.00%| unknown
  0.3s|     1 |     0 |   135 |     - |   107M |   0 | 130 |1760 |1760 |   0 |  0 |   0 |   0 |-5.119931e+01 |-5.119931e+01 |   0.00%| unknown

SCIP Status        : problem is solved [optimal solution found]
Solving Time (sec) : 0.34
Solving Nodes      : 1
Primal Bound       : -5.11993055555555e+01 (3 solutions)
Dual Bound         : -5.11993055555555e+01
Gap                : 0.00 %
feasible solution found by trivial heuristic after 0.0 seconds, objective value -9.999300e+05
presolving:
(round 1, fast)       0 del vars, 0 del conss, 0 add conss, 20 chg bounds, 0 chg sides, 0 chg coeffs, 0 upgd conss, 0 impls, 0 clqs, 0 implints
   (0.1s) running MILP presolver
   (0.1s) MILP presolver (2 rounds): 0 aggregations, 0 fixings, 0 bound changes
(round 2, medium)     0 del vars, 2320 del conss, 1760 add conss, 20 chg bounds, 0 chg sides, 0 chg coeffs, 0 upgd conss, 0 impls, 0 clqs, 0 implints
   (0.2s) probing: 51/120 (42.5%) - 0 fixings, 0 aggregations, 0 implications, 0 bound changes
   (0.2s) probing aborted: 50/50 successive totally useless probings
   (0.2s) symmetry computation started: requiring (bin +, int +, cont +), (fixed: bin -, int -, cont -)
   (0.3s) no symmetry present (symcode time: 0.00)
presolving (3 rounds: 3 fast, 2 medium, 1 exhaustive):
 0 deleted vars, 2320 deleted constraints, 1760 added constraints, 20 tightened bounds, 0 added holes, 0 changed sides, 0 changed coefficients
 0 implications, 0 cliques, 0 implied integral variables (0 bin, 0 int, 0 cont)
presolved problem has 130 variables (120 bin, 0 int, 10 cont) and 1760 constraints
   1760 constraints of type <linear>
Presolving Time: 0.28

 time | node  | left  |LP iter|LP it/n|mem/heur|mdpt |vars |cons |rows |cuts |sepa|confs|strbr|  dualbound   | primalbound  |  gap   | compl. 
t 0.3s|     1 |     0 |     0 |     - | trivial|   0 | 130 |1760 |   0 |   0 |  0 |   0 |   0 | 1.980000e+02 |-5.300000e+02 |    Inf | unknown
p 0.3s|     1 |     0 |    10 |     - |   locks|   0 | 130 |1760 |1760 |   0 |  0 |   0 |   0 | 1.980000e+02 |-1.991625e+02 |    Inf | unknown
  0.4s|     1 |     0 |   145 |     - |   107M |   0 | 130 |1760 |1760 |   0 |  0 |   0 |   0 |-5.119931e+01 |-1.991625e+02 | 288.99%| unknown
r 0.4s|     1 |     0 |   145 |     - |shifting|   0 | 130 |1760 |1760 |   0 |  0 |   0 |   0 |-5.119931e+01 |-5.966111e+01 |  16.53%| unknown
  0.4s|     1 |     0 |   148 |     - |   107M |   0 | 130 |1760 |1761 |   1 |  1 |   0 |   0 |-5.120260e+01 |-5.966111e+01 |  16.52%| unknown
  0.4s|     1 |     0 |   156 |     - |   107M |   0 | 130 |1760 |1763 |   3 |  2 |   0 |   0 |-5.120903e+01 |-5.966111e+01 |  16.51%| unknown
  0.5s|     1 |     0 |   161 |     - |   108M |   0 | 130 |1760 |1764 |   4 |  3 |   0 |   0 |-5.121563e+01 |-5.966111e+01 |  16.49%| unknown
  0.5s|     1 |     0 |   167 |     - |   108M |   0 | 130 |1760 |1765 |   5 |  4 |   0 |   0 |-5.122199e+01 |-5.966111e+01 |  16.48%| unknown
  0.5s|     1 |     0 |   168 |     - |   108M |   0 | 130 |1760 |1766 |   6 |  5 |   0 |   0 |-5.122917e+01 |-5.966111e+01 |  16.46%| unknown
d 0.5s|     1 |     0 |   168 |     - |farkasdi|   0 | 130 |1760 |1766 |   0 |  6 |   0 |   0 |-5.122917e+01 |-5.122917e+01 |   0.00%| unknown
  0.5s|     1 |     0 |   168 |     - |   108M |   0 | 130 |1760 |1766 |   6 |  6 |   0 |   0 |-5.122917e+01 |-5.122917e+01 |   0.00%| unknown

SCIP Status        : problem is solved [optimal solution found]
Solving Time (sec) : 0.55
Solving Nodes      : 1
Primal Bound       : -5.12291666666667e+01 (9 solutions)
Dual Bound         : -5.12291666666667e+01
Gap                : 0.00 %
feasible solution found by trivial heuristic after 0.0 seconds, objective value 0.000000e+00
presolving:
   (0.0s) symmetry computation started: requiring (bin +, int +, cont +), (fixed: bin -, int -, cont -)
   (0.0s) symmetry computation finished: 9 generators found (max: 1500, log10 of symmetry group size: 6.56) (symcode time: 0.00)
dynamic symmetry handling statistics:
   orbitopal reduction:       no components
   orbital reduction:         no components
   lexicographic reduction:   no permutations
handled 1 out of 1 symmetry components
presolving (0 rounds: 0 fast, 0 medium, 0 exhaustive):
 0 deleted vars, 0 deleted constraints, 0 added constraints, 0 tightened bounds, 0 added holes, 0 changed sides, 0 changed coefficients
 0 implications, 0 cliques, 0 implied integral variables (0 bin, 0 int, 0 cont)
presolved problem has 130 variables (120 bin, 0 int, 10 cont) and 1129 constraints
   1129 constraints of type <linear>
Presolving Time: 0.00
transformed 2/2 original solutions to the transformed problem space

 time | node  | left  |LP iter|LP it/n|mem/heur|mdpt |vars |cons |rows |cuts |sepa|confs|strbr|  dualbound   | primalbound  |  gap   | compl. 
t 0.0s|     1 |     0 |     0 |     - | trivial|   0 | 130 |1120 |   0 |   0 |  0 |   0 |   0 | 1.980000e+02 | 7.000000e+01 | 182.86%| unknown
i 0.0s|     1 |     0 |     0 |     - |  oneopt|   0 | 130 |1120 |1120 |   0 |  0 |   1 |   0 | 1.980000e+02 | 1.500000e+02 |  32.00%| unknown
* 0.0s|     1 |     0 |    17 |     - |    LP  |   0 | 130 |1120 |1120 |   0 |  0 |   1 |   0 | 1.900000e+02 | 1.900000e+02 |   0.00%| unknown
  0.0s|     1 |     0 |    17 |     - |  6283k |   0 | 130 |1120 |1120 |   0 |  0 |   1 |   0 | 1.900000e+02 | 1.900000e+02 |   0.00%| unknown

SCIP Status        : problem is solved [optimal solution found]
Solving Time (sec) : 0.00
Solving Nodes      : 1
Primal Bound       : +1.90000000000000e+02 (5 solutions)
Dual Bound         : +1.90000000000000e+02
Gap                : 0.00 %
  [linear] <c1121>: <x121>[C] (+0) +0.454166667<x1>[B] (+1) +0.454166667<x2>[B] (+1) +0.454166667<x3>[B] (+0) -0.454166667<x4>[B] (+0) +0.454166667<x5>[B] (+0) +0.454166667<x6>[B] (+1) -0.454166667<x7>[B] (+1) +0.454166667<x8>[B] (+1) +0.454166667<x9>[B] (+1) +0.454166667<x10>[B] (+1) -0.454166667<x11>[B] (+1) +0.454166667<x12>[B] (+1) +0.454166667<x13>[B] (+1) -0.454166667<x14>[B] (+0) +0.454166667<x15>[B] (+1) -0.454166667<x16>[B] (+0) -0.454166667<x17>[B] (+0) -0.454166667<x18>[B] (+0) +0.454166667<x19>[B] (+0) -0.454166667<x20>[B] (+0) -0.454166667<x21>[B] (+1) +0.454166667<x22>[B] (+0) +0.454166667<x23>[B] (+0) +0.454166667<x24>[B] (+0) -0.454166667<x25>[B] (+0) +0.454166667<x26>[B] (+0) +0.454166667<x27>[B] (+0) -0.454166667<x28>[B] (+0) +0.454166667<x29>[B] (+1) -0.454166667<x30>[B] (+0) -0.454166667<x31>[B] (+0) +0.454166667<x32>[B] (+0) -0.454166667<x33>[B] (+1) -0.454166667<x34>[B] (+1) +0.454166667<x35>[B] (+0) +0.454166667<x36>[B] (+1) +0.454166667<x37>[B] (+1) -0.454166667<x38>[B] (+1) +0.454166667<x39>[B] (+1) +0.454166667<x40>[B] (+1) -0.454166667<x41>[B] (+0) +0.454166667<x42>[B] (+1) -0.454166667<x43>[B] (+0) +0.454166667<x44>[B] (+0) +0.454166667<x45>[B] (+1) -0.454166667<x46>[B] (+1) +0.454166667<x47>[B] (+1) +0.454166667<x48>[B] (+1) +0.454166667<x49>[B] (+1) -0.454166667<x50>[B] (+1) +0.454166667<x51>[B] (+1) +0.454166667<x52>[B] (+1) -0.454166667<x53>[B] (+0) +0.454166667<x54>[B] (+1) +0.454166667<x55>[B] (+0) +0.454166667<x56>[B] (+1) +0.454166667<x57>[B] (+1) +0.454166667<x58>[B] (+1) +0.454166667<x59>[B] (+1) +0.454166667<x60>[B] (+1) +0.454166667<x61>[B] (+1) +0.454166667<x62>[B] (+1) +0.454166667<x63>[B] (+1) +0.454166667<x64>[B] (+0) +0.454166667<x65>[B] (+1) -0.454166667<x66>[B] (+1) -0.454166667<x67>[B] (+1) +0.454166667<x68>[B] (+1) +0.454166667<x69>[B] (+1) +0.454166667<x70>[B] (+1) -0.454166667<x71>[B] (+1) +0.454166667<x72>[B] (+1) +0.454166667<x73>[B] (+1) -0.454166667<x74>[B] (+0) +0.454166667<x75>[B] (+1) -0.454166667<x76>[B] (+1) +0.454166667<x77>[B] (+0) +0.454166667<x78>[B] (+0) +0.454166667<x79>[B] (+0) -0.454166667<x80>[B] (+1) +0.454166667<x81>[B] (+0) +0.454166667<x82>[B] (+0) -0.454166667<x83>[B] (+0) +0.454166667<x84>[B] (+1) +0.454166667<x85>[B] (+0) +0.454166667<x86>[B] (+0) +0.454166667<x87>[B] (+0) +0.454166667<x88>[B] (+0) +0.454166667<x89>[B] (+0) +0.454166667<x90>[B] (+0) +0.454166667<x91>[B] (+0) +0.454166667<x92>[B] (+1) -0.454166667<x93>[B] (+1) -0.454166667<x94>[B] (+1) -0.454166667<x95>[B] (+1) -0.454166667<x96>[B] (+1) -0.454166667<x97>[B] (+1) -0.454166667<x98>[B] (+0) -0.454166667<x99>[B] (+1) -0.454166667<x100>[B] (+1) -0.454166667<x101>[B] (+1) -0.454166667<x102>[B] (+1) -0.454166667<x103>[B] (+1) -0.454166667<x104>[B] (+0) -0.454166667<x105>[B] (+1) -0.454166667<x106>[B] (+1) -0.454166667<x107>[B] (+0) -0.454166667<x108>[B] (+0) -0.454166667<x109>[B] (+0) -0.454166667<x110>[B] (+1) +0.454166667<x111>[B] (+0) +0.454166667<x112>[B] (+0) -0.454166667<x113>[B] (+0) +0.454166667<x114>[B] (+1) +0.454166667<x115>[B] (+0) -0.454166667<x116>[B] (+0) +0.454166667<x117>[B] (+1) -0.454166667<x118>[B] (+0) -0.454166667<x119>[B] (+1) +0.454166667<x120>[B] (+1) >= 19.4166666666667;
;
violation: left hand side is violated by 12.6041666666667
  [linear] <c1121>: <x121>[C] (+0) +0.454166667<x1>[B] (+1) +0.454166667<x2>[B] (+1) +0.454166667<x3>[B] (+1) -0.454166667<x4>[B] (+1) +0.454166667<x5>[B] (+1) +0.454166667<x6>[B] (+1) -0.454166667<x7>[B] (+1) +0.454166667<x8>[B] (+1) +0.454166667<x9>[B] (+1) +0.454166667<x10>[B] (+1) -0.454166667<x11>[B] (+1) +0.454166667<x12>[B] (+1) +0.454166667<x13>[B] (+1) -0.454166667<x14>[B] (+1) +0.454166667<x15>[B] (+1) -0.454166667<x16>[B] (+0) -0.454166667<x17>[B] (+0) -0.454166667<x18>[B] (+0) +0.454166667<x19>[B] (+0) -0.454166667<x20>[B] (+1) -0.454166667<x21>[B] (+1) +0.454166667<x22>[B] (+0) +0.454166667<x23>[B] (+0) +0.454166667<x24>[B] (+1) -0.454166667<x25>[B] (+1) +0.454166667<x26>[B] (+0) +0.454166667<x27>[B] (+1) -0.454166667<x28>[B] (+1) +0.454166667<x29>[B] (+1) -0.454166667<x30>[B] (+1) -0.454166667<x31>[B] (+0) +0.454166667<x32>[B] (+1) -0.454166667<x33>[B] (+1) -0.454166667<x34>[B] (+1) +0.454166667<x35>[B] (+1) +0.454166667<x36>[B] (+1) +0.454166667<x37>[B] (+1) -0.454166667<x38>[B] (+1) +0.454166667<x39>[B] (+1) +0.454166667<x40>[B] (+1) -0.454166667<x41>[B] (+1) +0.454166667<x42>[B] (+1) -0.454166667<x43>[B] (+0) +0.454166667<x44>[B] (+1) +0.454166667<x45>[B] (+1) -0.454166667<x46>[B] (+1) +0.454166667<x47>[B] (+1) +0.454166667<x48>[B] (+1) +0.454166667<x49>[B] (+1) -0.454166667<x50>[B] (+1) +0.454166667<x51>[B] (+1) +0.454166667<x52>[B] (+1) -0.454166667<x53>[B] (+1) +0.454166667<x54>[B] (+1) +0.454166667<x55>[B] (+1) +0.454166667<x56>[B] (+1) +0.454166667<x57>[B] (+1) +0.454166667<x58>[B] (+1) +0.454166667<x59>[B] (+1) +0.454166667<x60>[B] (+1) +0.454166667<x61>[B] (+1) +0.454166667<x62>[B] (+1) +0.454166667<x63>[B] (+1) +0.454166667<x64>[B] (+1) +0.454166667<x65>[B] (+1) -0.454166667<x66>[B] (+1) -0.454166667<x67>[B] (+1) +0.454166667<x68>[B] (+1) +0.454166667<x69>[B] (+1) +0.454166667<x70>[B] (+1) -0.454166667<x71>[B] (+1) +0.454166667<x72>[B] (+1) +0.454166667<x73>[B] (+1) -0.454166667<x74>[B] (+1) +0.454166667<x75>[B] (+1) -0.454166667<x76>[B] (+1) +0.454166667<x77>[B] (+0) +0.454166667<x78>[B] (+0) +0.454166667<x79>[B] (+1) -0.454166667<x80>[B] (+1) +0.454166667<x81>[B] (+0) +0.454166667<x82>[B] (+1) -0.454166667<x83>[B] (+1) +0.454166667<x84>[B] (+1) +0.454166667<x85>[B] (+0) +0.454166667<x86>[B] (+0) +0.454166667<x87>[B] (+0) +0.454166667<x88>[B] (+1) +0.454166667<x89>[B] (+0) +0.454166667<x90>[B] (+0) +0.454166667<x91>[B] (+0) +0.454166667<x92>[B] (+1) -0.454166667<x93>[B] (+1) -0.454166667<x94>[B] (+1) -0.454166667<x95>[B] (+1) -0.454166667<x96>[B] (+1) -0.454166667<x97>[B] (+1) -0.454166667<x98>[B] (+1) -0.454166667<x99>[B] (+1) -0.454166667<x100>[B] (+1) -0.454166667<x101>[B] (+1) -0.454166667<x102>[B] (+1) -0.454166667<x103>[B] (+1) -0.454166667<x104>[B] (+1) -0.454166667<x105>[B] (+1) -0.454166667<x106>[B] (+1) -0.454166667<x107>[B] (+0) -0.454166667<x108>[B] (+0) -0.454166667<x109>[B] (+0) -0.454166667<x110>[B] (+1) +0.454166667<x111>[B] (+0) +0.454166667<x112>[B] (+0) -0.454166667<x113>[B] (+0) +0.454166667<x114>[B] (+0) +0.454166667<x115>[B] (+1) -0.454166667<x116>[B] (+1) +0.454166667<x117>[B] (+1) -0.454166667<x118>[B] (+0) -0.454166667<x119>[B] (+1) +0.454166667<x120>[B] (+1) >= 19.4166666666667;
;
violation: left hand side is violated by 13.0583333333333
  [linear] <c1121>: <x121>[C] (+0) +0.454166667<x1>[B] (+1) +0.454166667<x2>[B] (+1) +0.454166667<x3>[B] (+1) -0.454166667<x4>[B] (+1) +0.454166667<x5>[B] (+1) +0.454166667<x6>[B] (+1) -0.454166667<x7>[B] (+1) +0.454166667<x8>[B] (+1) +0.454166667<x9>[B] (+1) +0.454166667<x10>[B] (+1) -0.454166667<x11>[B] (+1) +0.454166667<x12>[B] (+1) +0.454166667<x13>[B] (+1) -0.454166667<x14>[B] (+1) +0.454166667<x15>[B] (+1) -0.454166667<x16>[B] (+1) -0.454166667<x17>[B] (+1) -0.454166667<x18>[B] (+1) +0.454166667<x19>[B] (+1) -0.454166667<x20>[B] (+1) -0.454166667<x21>[B] (+1) +0.454166667<x22>[B] (+1) +0.454166667<x23>[B] (+1) +0.454166667<x24>[B] (+1) -0.454166667<x25>[B] (+1) +0.454166667<x26>[B] (+1) +0.454166667<x27>[B] (+1) -0.454166667<x28>[B] (+1) +0.454166667<x29>[B] (+1) -0.454166667<x30>[B] (+1) -0.454166667<x31>[B] (+1) +0.454166667<x32>[B] (+1) -0.454166667<x33>[B] (+1) -0.454166667<x34>[B] (+1) +0.454166667<x35>[B] (+1) +0.454166667<x36>[B] (+1) +0.454166667<x37>[B] (+1) -0.454166667<x38>[B] (+1) +0.454166667<x39>[B] (+1) +0.454166667<x40>[B] (+1) -0.454166667<x41>[B] (+1) +0.454166667<x42>[B] (+1) -0.454166667<x43>[B] (+1) +0.454166667<x44>[B] (+1) +0.454166667<x45>[B] (+1) -0.454166667<x46>[B] (+1) +0.454166667<x47>[B] (+1) +0.454166667<x48>[B] (+1) +0.454166667<x49>[B] (+1) -0.454166667<x50>[B] (+1) +0.454166667<x51>[B] (+1) +0.454166667<x52>[B] (+1) -0.454166667<x53>[B] (+1) +0.454166667<x54>[B] (+1) +0.454166667<x55>[B] (+1) +0.454166667<x56>[B] (+1) +0.454166667<x57>[B] (+1) +0.454166667<x58>[B] (+1) +0.454166667<x59>[B] (+1) +0.454166667<x60>[B] (+1) +0.454166667<x61>[B] (+1) +0.454166667<x62>[B] (+1) +0.454166667<x63>[B] (+1) +0.454166667<x64>[B] (+1) +0.454166667<x65>[B] (+1) -0.454166667<x66>[B] (+1) -0.454166667<x67>[B] (+1) +0.454166667<x68>[B] (+1) +0.454166667<x69>[B] (+1) +0.454166667<x70>[B] (+1) -0.454166667<x71>[B] (+1) +0.454166667<x72>[B] (+1) +0.454166667<x73>[B] (+1) -0.454166667<x74>[B] (+1) +0.454166667<x75>[B] (+1) -0.454166667<x76>[B] (+1) +0.454166667<x77>[B] (+1) +0.454166667<x78>[B] (+1) +0.454166667<x79>[B] (+1) -0.454166667<x80>[B] (+1) +0.454166667<x81>[B] (+1) +0.454166667<x82>[B] (+1) -0.454166667<x83>[B] (+1) +0.454166667<x84>[B] (+1) +0.454166667<x85>[B] (+1) +0.454166667<x86>[B] (+1) +0.454166667<x87>[B] (+1) +0.454166667<x88>[B] (+1) +0.454166667<x89>[B] (+1) +0.454166667<x90>[B] (+1) +0.454166667<x91>[B] (+1) +0.454166667<x92>[B] (+1) -0.454166667<x93>[B] (+1) -0.454166667<x94>[B] (+1) -0.454166667<x95>[B] (+1) -0.454166667<x96>[B] (+1) -0.454166667<x97>[B] (+1) -0.454166667<x98>[B] (+1) -0.454166667<x99>[B] (+1) -0.454166667<x100>[B] (+1) -0.454166667<x101>[B] (+1) -0.454166667<x102>[B] (+1) -0.454166667<x103>[B] (+1) -0.454166667<x104>[B] (+1) -0.454166667<x105>[B] (+1) -0.454166667<x106>[B] (+1) -0.454166667<x107>[B] (+1) -0.454166667<x108>[B] (+1) -0.454166667<x109>[B] (+1) -0.454166667<x110>[B] (+1) +0.454166667<x111>[B] (+1) +0.454166667<x112>[B] (+1) -0.454166667<x113>[B] (+1) +0.454166667<x114>[B] (+1) +0.454166667<x115>[B] (+1) -0.454166667<x116>[B] (+1) +0.454166667<x117>[B] (+1) -0.454166667<x118>[B] (+1) -0.454166667<x119>[B] (+1) +0.454166667<x120>[B] (+1) >= 19.4166666666667;
;
violation: left hand side is violated by 10.3333333333333
  [linear] <c1121>: <x121>[C] (+0) +0.454166667<x1>[B] (+0) +0.454166667<x2>[B] (+0) +0.454166667<x3>[B] (+0) -0.454166667<x4>[B] (+0) +0.454166667<x5>[B] (+0) +0.454166667<x6>[B] (+0) -0.454166667<x7>[B] (+0) +0.454166667<x8>[B] (+0) +0.454166667<x9>[B] (+0) +0.454166667<x10>[B] (+0) -0.454166667<x11>[B] (+0) +0.454166667<x12>[B] (+0) +0.454166667<x13>[B] (+0) -0.454166667<x14>[B] (+0) +0.454166667<x15>[B] (+0) -0.454166667<x16>[B] (+0) -0.454166667<x17>[B] (+0) -0.454166667<x18>[B] (+0) +0.454166667<x19>[B] (+0) -0.454166667<x20>[B] (+0) -0.454166667<x21>[B] (+0) +0.454166667<x22>[B] (+0) +0.454166667<x23>[B] (+0) +0.454166667<x24>[B] (+0) -0.454166667<x25>[B] (+0) +0.454166667<x26>[B] (+0) +0.454166667<x27>[B] (+0) -0.454166667<x28>[B] (+0) +0.454166667<x29>[B] (+0) -0.454166667<x30>[B] (+0) -0.454166667<x31>[B] (+0) +0.454166667<x32>[B] (+0) -0.454166667<x33>[B] (+0) -0.454166667<x34>[B] (+0) +0.454166667<x35>[B] (+0) +0.454166667<x36>[B] (+0) +0.454166667<x37>[B] (+0) -0.454166667<x38>[B] (+0) +0.454166667<x39>[B] (+0) +0.454166667<x40>[B] (+0) -0.454166667<x41>[B] (+0) +0.454166667<x42>[B] (+0) -0.454166667<x43>[B] (+0) +0.454166667<x44>[B] (+0) +0.454166667<x45>[B] (+0) -0.454166667<x46>[B] (+0) +0.454166667<x47>[B] (+0) +0.454166667<x48>[B] (+0) +0.454166667<x49>[B] (+0) -0.454166667<x50>[B] (+0) +0.454166667<x51>[B] (+0) +0.454166667<x52>[B] (+0) -0.454166667<x53>[B] (+0) +0.454166667<x54>[B] (+0) +0.454166667<x55>[B] (+0) +0.454166667<x56>[B] (+0) +0.454166667<x57>[B] (+0) +0.454166667<x58>[B] (+0) +0.454166667<x59>[B] (+0) +0.454166667<x60>[B] (+0) +0.454166667<x61>[B] (+0) +0.454166667<x62>[B] (+0) +0.454166667<x63>[B] (+0) +0.454166667<x64>[B] (+0) +0.454166667<x65>[B] (+0) -0.454166667<x66>[B] (+0) -0.454166667<x67>[B] (+0) +0.454166667<x68>[B] (+0) +0.454166667<x69>[B] (+0) +0.454166667<x70>[B] (+0) -0.454166667<x71>[B] (+0) +0.454166667<x72>[B] (+0) +0.454166667<x73>[B] (+0) -0.454166667<x74>[B] (+0) +0.454166667<x75>[B] (+0) -0.454166667<x76>[B] (+0) +0.454166667<x77>[B] (+0) +0.454166667<x78>[B] (+0) +0.454166667<x79>[B] (+0) -0.454166667<x80>[B] (+0) +0.454166667<x81>[B] (+0) +0.454166667<x82>[B] (+0) -0.454166667<x83>[B] (+0) +0.454166667<x84>[B] (+0) +0.454166667<x85>[B] (+0) +0.454166667<x86>[B] (+0) +0.454166667<x87>[B] (+0) +0.454166667<x88>[B] (+0) +0.454166667<x89>[B] (+0) +0.454166667<x90>[B] (+0) +0.454166667<x91>[B] (+0) +0.454166667<x92>[B] (+0) -0.454166667<x93>[B] (+0) -0.454166667<x94>[B] (+0) -0.454166667<x95>[B] (+0) -0.454166667<x96>[B] (+0) -0.454166667<x97>[B] (+0) -0.454166667<x98>[B] (+0) -0.454166667<x99>[B] (+0) -0.454166667<x100>[B] (+0) -0.454166667<x101>[B] (+0) -0.454166667<x102>[B] (+0) -0.454166667<x103>[B] (+0) -0.454166667<x104>[B] (+0) -0.454166667<x105>[B] (+0) -0.454166667<x106>[B] (+0) -0.454166667<x107>[B] (+0) -0.454166667<x108>[B] (+0) -0.454166667<x109>[B] (+0) -0.454166667<x110>[B] (+0) +0.454166667<x111>[B] (+0) +0.454166667<x112>[B] (+0) -0.454166667<x113>[B] (+0) +0.454166667<x114>[B] (+0) +0.454166667<x115>[B] (+0) -0.454166667<x116>[B] (+0) +0.454166667<x117>[B] (+0) -0.454166667<x118>[B] (+0) -0.454166667<x119>[B] (+0) +0.454166667<x120>[B] (+0) >= 19.4166666666667;
;
violation: left hand side is violated by 19.4166666666667
1/5 feasible solution given by solution candidate storage, new primal bound -9.999300e+05

presolving:
   (0.0s) symmetry computation started: requiring (bin +, int +, cont +), (fixed: bin -, int -, cont -)
   (0.0s) no symmetry present (symcode time: 0.00)
presolving (0 rounds: 0 fast, 0 medium, 0 exhaustive):
 0 deleted vars, 0 deleted constraints, 0 added constraints, 0 tightened bounds, 0 added holes, 0 changed sides, 0 changed coefficients
 0 implications, 0 cliques, 0 implied integral variables (0 bin, 0 int, 0 cont)
presolved problem has 130 variables (120 bin, 0 int, 10 cont) and 1130 constraints
   1130 constraints of type <linear>
Presolving Time: 0.00
transformed 1/1 original solutions to the transformed problem space

 time | node  | left  |LP iter|LP it/n|mem/heur|mdpt |vars |cons |rows |cuts |sepa|confs|strbr|  dualbound   | primalbound  |  gap   | compl. 
p 0.0s|     1 |     0 |     1 |     - |   locks|   0 | 130 |1130 |1130 |   0 |  0 |   0 |   0 | 1.980000e+02 |-1.691458e+02 |    Inf | unknown
* 0.0s|     1 |     0 |    97 |     - |    LP  |   0 | 130 |1130 |1130 |   0 |  0 |   0 |   0 |-5.057083e+01 |-5.057083e+01 |   0.00%| unknown
  0.0s|     1 |     0 |    97 |     - |  6978k |   0 | 130 |1130 |1130 |   0 |  0 |   0 |   0 |-5.057083e+01 |-5.057083e+01 |   0.00%| unknown

SCIP Status        : problem is solved [optimal solution found]
Solving Time (sec) : 0.01
Solving Nodes      : 1
Primal Bound       : -5.05708333333334e+01 (4 solutions)
Dual Bound         : -5.05708333333334e+01
Gap                : 0.00 %
  [linear] <c1131>: <x121>[C] (+16.6916667) +0.529166667<x1>[B] (+1) +0.529166667<x2>[B] (+0) +0.529166667<x3>[B] (+0) -0.529166667<x4>[B] (+1) +0.529166667<x5>[B] (+0) +0.529166667<x6>[B] (+0) -0.529166667<x7>[B] (+1) +0.529166667<x8>[B] (+1) +0.529166667<x9>[B] (+1) +0.529166667<x10>[B] (+1) -0.529166667<x11>[B] (+1) +0.529166667<x12>[B] (+1) +0.529166667<x13>[B] (+1) -0.529166667<x14>[B] (+0) +0.529166667<x15>[B] (+1) -0.529166667<x16>[B] (+0) -0.529166667<x17>[B] (+0) -0.529166667<x18>[B] (+0) +0.529166667<x19>[B] (+0) -0.529166667<x20>[B] (+0) -0.529166667<x21>[B] (+1) +0.529166667<x22>[B] (+0) +0.529166667<x23>[B] (+0) +0.529166667<x24>[B] (+0) -0.529166667<x25>[B] (+0) +0.529166667<x26>[B] (+0) +0.529166667<x27>[B] (+0) -0.529166667<x28>[B] (+0) +0.529166667<x29>[B] (+0) -0.529166667<x30>[B] (+1) -0.529166667<x31>[B] (+1) +0.529166667<x32>[B] (+0) -0.529166667<x33>[B] (+1) -0.529166667<x34>[B] (+1) +0.529166667<x35>[B] (+1) +0.529166667<x36>[B] (+1) +0.529166667<x37>[B] (+1) -0.529166667<x38>[B] (+1) +0.529166667<x39>[B] (+1) +0.529166667<x40>[B] (+1) -0.529166667<x41>[B] (+1) +0.529166667<x42>[B] (+1) -0.529166667<x43>[B] (+1) +0.529166667<x44>[B] (+0) +0.529166667<x45>[B] (+0) -0.529166667<x46>[B] (+1) +0.529166667<x47>[B] (+1) +0.529166667<x48>[B] (+1) +0.529166667<x49>[B] (+1) -0.529166667<x50>[B] (+1) +0.529166667<x51>[B] (+1) +0.529166667<x52>[B] (+1) -0.529166667<x53>[B] (+1) +0.529166667<x54>[B] (+1) +0.529166667<x55>[B] (+0) +0.529166667<x56>[B] (+0) +0.529166667<x57>[B] (+1) +0.529166667<x58>[B] (+1) +0.529166667<x59>[B] (+1) +0.529166667<x60>[B] (+1) +0.529166667<x61>[B] (+1) +0.529166667<x62>[B] (+1) +0.529166667<x63>[B] (+1) +0.529166667<x64>[B] (+0) +0.529166667<x65>[B] (+1) -0.529166667<x66>[B] (+1) -0.529166667<x67>[B] (+1) +0.529166667<x68>[B] (+1) +0.529166667<x69>[B] (+1) +0.529166667<x70>[B] (+1) -0.529166667<x71>[B] (+1) +0.529166667<x72>[B] (+1) +0.529166667<x73>[B] (+1) -0.529166667<x74>[B] (+1) +0.529166667<x75>[B] (+1) -0.529166667<x76>[B] (+1) +0.529166667<x77>[B] (+1) +0.529166667<x78>[B] (+1) +0.529166667<x79>[B] (+1) -0.529166667<x80>[B] (+1) +0.529166667<x81>[B] (+1) +0.529166667<x82>[B] (+1) -0.529166667<x83>[B] (+1) +0.529166667<x84>[B] (+1) +0.529166667<x85>[B] (+0) +0.529166667<x86>[B] (+0) +0.529166667<x87>[B] (+0) +0.529166667<x88>[B] (+0) +0.529166667<x89>[B] (+0) +0.529166667<x90>[B] (+0) +0.529166667<x91>[B] (+0) +0.529166667<x92>[B] (+0) -0.529166667<x93>[B] (+1) -0.529166667<x94>[B] (+1) -0.529166667<x95>[B] (+1) -0.529166667<x96>[B] (+1) -0.529166667<x97>[B] (+1) -0.529166667<x98>[B] (+0) -0.529166667<x99>[B] (+1) -0.529166667<x100>[B] (+1) -0.529166667<x101>[B] (+1) -0.529166667<x102>[B] (+1) -0.529166667<x103>[B] (+1) -0.529166667<x104>[B] (+0) -0.529166667<x105>[B] (+1) -0.529166667<x106>[B] (+1) -0.529166667<x107>[B] (+0) -0.529166667<x108>[B] (+0) -0.529166667<x109>[B] (+0) -0.529166667<x110>[B] (+1) +0.529166667<x111>[B] (+0) +0.529166667<x112>[B] (+0) -0.529166667<x113>[B] (+0) +0.529166667<x114>[B] (+0) +0.529166667<x115>[B] (+0) -0.529166667<x116>[B] (+0) +0.529166667<x117>[B] (+1) -0.529166667<x118>[B] (+0) -0.529166667<x119>[B] (+1) +0.529166667<x120>[B] (+1) >= 20.2416666666667;
;
violation: left hand side is violated by 0.375
  [linear] <c1131>: <x121>[C] (+17.6) +0.529166667<x1>[B] (+0) +0.529166667<x2>[B] (+0) +0.529166667<x3>[B] (+1) -0.529166667<x4>[B] (+1) +0.529166667<x5>[B] (+1) +0.529166667<x6>[B] (+0) -0.529166667<x7>[B] (+0) +0.529166667<x8>[B] (+0) +0.529166667<x9>[B] (+0) +0.529166667<x10>[B] (+0) -0.529166667<x11>[B] (+0) +0.529166667<x12>[B] (+0) +0.529166667<x13>[B] (+0) -0.529166667<x14>[B] (+1) +0.529166667<x15>[B] (+0) -0.529166667<x16>[B] (+1) -0.529166667<x17>[B] (+1) -0.529166667<x18>[B] (+1) +0.529166667<x19>[B] (+1) -0.529166667<x20>[B] (+1) -0.529166667<x21>[B] (+0) +0.529166667<x22>[B] (+1) +0.529166667<x23>[B] (+1) +0.529166667<x24>[B] (+1) -0.529166667<x25>[B] (+1) +0.529166667<x26>[B] (+1) +0.529166667<x27>[B] (+1) -0.529166667<x28>[B] (+1) +0.529166667<x29>[B] (+1) -0.529166667<x30>[B] (+1) -0.529166667<x31>[B] (+1) +0.529166667<x32>[B] (+1) -0.529166667<x33>[B] (+0) -0.529166667<x34>[B] (+0) +0.529166667<x35>[B] (+1) +0.529166667<x36>[B] (+0) +0.529166667<x37>[B] (+0) -0.529166667<x38>[B] (+0) +0.529166667<x39>[B] (+0) +0.529166667<x40>[B] (+0) -0.529166667<x41>[B] (+1) +0.529166667<x42>[B] (+0) -0.529166667<x43>[B] (+1) +0.529166667<x44>[B] (+1) +0.529166667<x45>[B] (+0) -0.529166667<x46>[B] (+0) +0.529166667<x47>[B] (+0) +0.529166667<x48>[B] (+0) +0.529166667<x49>[B] (+0) -0.529166667<x50>[B] (+0) +0.529166667<x51>[B] (+0) +0.529166667<x52>[B] (+0) -0.529166667<x53>[B] (+1) +0.529166667<x54>[B] (+0) +0.529166667<x55>[B] (+1) +0.529166667<x56>[B] (+0) +0.529166667<x57>[B] (+0) +0.529166667<x58>[B] (+0) +0.529166667<x59>[B] (+0) +0.529166667<x60>[B] (+0) +0.529166667<x61>[B] (+0) +0.529166667<x62>[B] (+0) +0.529166667<x63>[B] (+0) +0.529166667<x64>[B] (+1) +0.529166667<x65>[B] (+0) -0.529166667<x66>[B] (+0) -0.529166667<x67>[B] (+0) +0.529166667<x68>[B] (+0) +0.529166667<x69>[B] (+0) +0.529166667<x70>[B] (+0) -0.529166667<x71>[B] (+0) +0.529166667<x72>[B] (+0) +0.529166667<x73>[B] (+0) -0.529166667<x74>[B] (+1) +0.529166667<x75>[B] (+0) -0.529166667<x76>[B] (+0) +0.529166667<x77>[B] (+1) +0.529166667<x78>[B] (+1) +0.529166667<x79>[B] (+0) -0.529166667<x80>[B] (+0) +0.529166667<x81>[B] (+0) +0.529166667<x82>[B] (+1) -0.529166667<x83>[B] (+1) +0.529166667<x84>[B] (+0) +0.529166667<x85>[B] (+1) +0.529166667<x86>[B] (+1) +0.529166667<x87>[B] (+1) +0.529166667<x88>[B] (+1) +0.529166667<x89>[B] (+1) +0.529166667<x90>[B] (+1) +0.529166667<x91>[B] (+1) +0.529166667<x92>[B] (+1) -0.529166667<x93>[B] (+0) -0.529166667<x94>[B] (+0) -0.529166667<x95>[B] (+0) -0.529166667<x96>[B] (+0) -0.529166667<x97>[B] (+0) -0.529166667<x98>[B] (+1) -0.529166667<x99>[B] (+0) -0.529166667<x100>[B] (+0) -0.529166667<x101>[B] (+0) -0.529166667<x102>[B] (+0) -0.529166667<x103>[B] (+1) -0.529166667<x104>[B] (+1) -0.529166667<x105>[B] (+0) -0.529166667<x106>[B] (+1) -0.529166667<x107>[B] (+1) -0.529166667<x108>[B] (+1) -0.529166667<x109>[B] (+1) -0.529166667<x110>[B] (+1) +0.529166667<x111>[B] (+1) +0.529166667<x112>[B] (+1) -0.529166667<x113>[B] (+1) +0.529166667<x114>[B] (+1) +0.529166667<x115>[B] (+1) -0.529166667<x116>[B] (+1) +0.529166667<x117>[B] (+1) -0.529166667<x118>[B] (+1) -0.529166667<x119>[B] (+0) +0.529166667<x120>[B] (+0) >= 20.2416666666667;
;
violation: left hand side is violated by 0.524999999999999
2/4 feasible solutions given by solution candidate storage, new primal bound -9.999300e+05

presolving:
   (0.0s) symmetry computation started: requiring (bin +, int +, cont +), (fixed: bin -, int -, cont -)
   (0.0s) no symmetry present (symcode time: 0.00)
presolving (0 rounds: 0 fast, 0 medium, 0 exhaustive):
 0 deleted vars, 0 deleted constraints, 0 added constraints, 0 tightened bounds, 0 added holes, 0 changed sides, 0 changed coefficients
 0 implications, 0 cliques, 0 implied integral variables (0 bin, 0 int, 0 cont)
presolved problem has 130 variables (120 bin, 0 int, 10 cont) and 1140 constraints
   1140 constraints of type <linear>
Presolving Time: 0.00
transformed 2/2 original solutions to the transformed problem space

 time | node  | left  |LP iter|LP it/n|mem/heur|mdpt |vars |cons |rows |cuts |sepa|confs|strbr|  dualbound   | primalbound  |  gap   | compl. 
p 0.0s|     1 |     0 |     1 |     - |   locks|   0 | 130 |1140 |1140 |   0 |  0 |   0 |   0 | 1.980000e+02 |-1.720625e+02 |    Inf | unknown
  0.0s|     1 |     0 |   117 |     - |  7850k |   0 | 130 |1140 |1140 |   0 |  0 |   0 |   0 |-5.083229e+01 |-1.720625e+02 | 238.49%| unknown
r 0.0s|     1 |     0 |   117 |     - |shifting|   0 | 130 |1140 |1140 |   0 |  0 |   0 |   0 |-5.083229e+01 |-5.791146e+01 |  13.93%| unknown
  0.0s|     1 |     0 |   127 |     - |  8053k |   0 | 130 |1140 |1142 |   2 |  1 |   0 |   0 |-5.092917e+01 |-5.791146e+01 |  13.71%| unknown
  0.0s|     1 |     0 |   127 |     - |  8053k |   0 | 130 |1140 |1142 |   2 |  1 |   0 |   0 |-5.092917e+01 |-5.791146e+01 |  13.71%| unknown
d 0.0s|     1 |     0 |   127 |     - |farkasdi|   0 | 130 |1140 |1142 |   0 |  2 |   0 |   0 |-5.092917e+01 |-5.092917e+01 |   0.00%| unknown
  0.0s|     1 |     0 |   127 |     - |  8064k |   0 | 130 |1140 |1142 |   2 |  2 |   0 |   0 |-5.092917e+01 |-5.092917e+01 |   0.00%| unknown

SCIP Status        : problem is solved [optimal solution found]
Solving Time (sec) : 0.02
Solving Nodes      : 1
Primal Bound       : -5.09291666666667e+01 (5 solutions)
Dual Bound         : -5.09291666666667e+01
Gap                : 0.00 %
  [linear] <c1141>: <x121>[C] (+13.5125) +0.470833333<x1>[B] (+1) +0.470833333<x2>[B] (+1) +0.470833333<x3>[B] (+0) -0.470833333<x4>[B] (+0) +0.470833333<x5>[B] (+0) +0.470833333<x6>[B] (+1) -0.470833333<x7>[B] (+1) +0.470833333<x8>[B] (+1) +0.470833333<x9>[B] (+1) +0.470833333<x10>[B] (+1) -0.470833333<x11>[B] (+1) +0.470833333<x12>[B] (+1) +0.470833333<x13>[B] (+1) -0.470833333<x14>[B] (+0) +0.470833333<x15>[B] (+1) -0.470833333<x16>[B] (+0) -0.470833333<x17>[B] (+0) -0.470833333<x18>[B] (+0) +0.470833333<x19>[B] (+0) -0.470833333<x20>[B] (+0) -0.470833333<x21>[B] (+1) +0.470833333<x22>[B] (+0) +0.470833333<x23>[B] (+0) +0.470833333<x24>[B] (+0) -0.470833333<x25>[B] (+0) +0.470833333<x26>[B] (+0) +0.470833333<x27>[B] (+0) -0.470833333<x28>[B] (+0) +0.470833333<x29>[B] (+0) -0.470833333<x30>[B] (-5.26245714e-14) -0.470833333<x31>[B] (-5.26245714e-14) +0.470833333<x32>[B] (+0) -0.470833333<x33>[B] (+1) -0.470833333<x34>[B] (+1) +0.470833333<x35>[B] (+1) +0.470833333<x36>[B] (+1) +0.470833333<x37>[B] (+1) -0.470833333<x38>[B] (+1) +0.470833333<x39>[B] (+1) +0.470833333<x40>[B] (+1) -0.470833333<x41>[B] (+0) +0.470833333<x42>[B] (+1) -0.470833333<x43>[B] (+0) +0.470833333<x44>[B] (+0) +0.470833333<x45>[B] (+1) -0.470833333<x46>[B] (+1) +0.470833333<x47>[B] (+1) +0.470833333<x48>[B] (+1) +0.470833333<x49>[B] (+1) -0.470833333<x50>[B] (+1) +0.470833333<x51>[B] (+1) +0.470833333<x52>[B] (+1) -0.470833333<x53>[B] (+0) +0.470833333<x54>[B] (+1) +0.470833333<x55>[B] (+0) +0.470833333<x56>[B] (+1) +0.470833333<x57>[B] (+1) +0.470833333<x58>[B] (+1) +0.470833333<x59>[B] (+1) +0.470833333<x60>[B] (+1) +0.470833333<x61>[B] (+1) +0.470833333<x62>[B] (+1) +0.470833333<x63>[B] (+1) +0.470833333<x64>[B] (+0) +0.470833333<x65>[B] (+1) -0.470833333<x66>[B] (+1) -0.470833333<x67>[B] (+1) +0.470833333<x68>[B] (+1) +0.470833333<x69>[B] (+1) +0.470833333<x70>[B] (+1) -0.470833333<x71>[B] (+1) +0.470833333<x72>[B] (+1) +0.470833333<x73>[B] (+1) -0.470833333<x74>[B] (+0) +0.470833333<x75>[B] (+1) -0.470833333<x76>[B] (+1) +0.470833333<x77>[B] (-5.26245714e-14) +0.470833333<x78>[B] (+0) +0.470833333<x79>[B] (-5.26245714e-14) -0.470833333<x80>[B] (+1) +0.470833333<x81>[B] (+0) +0.470833333<x82>[B] (-5.26245714e-14) -0.470833333<x83>[B] (+0) +0.470833333<x84>[B] (+1) +0.470833333<x85>[B] (+0) +0.470833333<x86>[B] (+0) +0.470833333<x87>[B] (+0) +0.470833333<x88>[B] (+0) +0.470833333<x89>[B] (+0) +0.470833333<x90>[B] (+0) +0.470833333<x91>[B] (+0) +0.470833333<x92>[B] (+0) -0.470833333<x93>[B] (+1) -0.470833333<x94>[B] (+1) -0.470833333<x95>[B] (+1) -0.470833333<x96>[B] (+1) -0.470833333<x97>[B] (+1) -0.470833333<x98>[B] (+0) -0.470833333<x99>[B] (+1) -0.470833333<x100>[B] (+1) -0.470833333<x101>[B] (+1) -0.470833333<x102>[B] (+1) -0.470833333<x103>[B] (+1) -0.470833333<x104>[B] (+0) -0.470833333<x105>[B] (+1) -0.470833333<x106>[B] (+1) -0.470833333<x107>[B] (+0) -0.470833333<x108>[B] (+0) -0.470833333<x109>[B] (+0) -0.470833333<x110>[B] (+1) +0.470833333<x111>[B] (+0) +0.470833333<x112>[B] (+0) -0.470833333<x113>[B] (+0) +0.470833333<x114>[B] (+0) +0.470833333<x115>[B] (-5.26245714e-14) -0.470833333<x116>[B] (+0) +0.470833333<x117>[B] (+1) -0.470833333<x118>[B] (+0) -0.470833333<x119>[B] (+1) +0.470833333<x120>[B] (+1) >= 19.6583333333333;
;
violation: left hand side is violated by 0.0249999999999844
  [linear] <c1144>: <x125>[C] (+24.6791667) -0.654166667<x1>[B] (+1) -0.654166667<x2>[B] (+0) +0.654166667<x3>[B] (+0) +0.654166667<x4>[B] (+0) +0.654166667<x5>[B] (+0) -0.654166667<x6>[B] (+1) -0.654166667<x7>[B] (+1) -0.654166667<x8>[B] (+1) -0.654166667<x9>[B] (+1) -0.654166667<x10>[B] (+1) +0.654166667<x11>[B] (+1) +0.654166667<x12>[B] (+1) -0.654166667<x13>[B] (+1) -0.654166667<x14>[B] (+0) +0.654166667<x15>[B] (+1) +0.654166667<x16>[B] (+0) +0.654166667<x17>[B] (+0) +0.654166667<x18>[B] (+0) +0.654166667<x19>[B] (+0) +0.654166667<x20>[B] (+0) +0.654166667<x21>[B] (+1) +0.654166667<x22>[B] (+0) +0.654166667<x23>[B] (+0) +0.654166667<x24>[B] (+0) +0.654166667<x25>[B] (+0) +0.654166667<x26>[B] (+0) +0.654166667<x27>[B] (+0) +0.654166667<x28>[B] (+0) +0.654166667<x29>[B] (+0) +0.654166667<x30>[B] (+0) +0.654166667<x31>[B] (+0) +0.654166667<x32>[B] (+0) -0.654166667<x33>[B] (+1) -0.654166667<x34>[B] (+1) -0.654166667<x35>[B] (+1) -0.654166667<x36>[B] (+1) -0.654166667<x37>[B] (+1) +0.654166667<x38>[B] (+1) +0.654166667<x39>[B] (+1) -0.654166667<x40>[B] (+1) -0.654166667<x41>[B] (+0) +0.654166667<x42>[B] (+1) +0.654166667<x43>[B] (+0) +0.654166667<x44>[B] (+0) -0.654166667<x45>[B] (+1) -0.654166667<x46>[B] (+1) -0.654166667<x47>[B] (+1) -0.654166667<x48>[B] (+1) -0.654166667<x49>[B] (+1) +0.654166667<x50>[B] (+1) -0.654166667<x51>[B] (+1) -0.654166667<x52>[B] (+1) -0.654166667<x53>[B] (+0) +0.654166667<x54>[B] (+1) -0.654166667<x55>[B] (+0) -0.654166667<x56>[B] (+1) -0.654166667<x57>[B] (+1) -0.654166667<x58>[B] (+1) -0.654166667<x59>[B] (+1) -0.654166667<x60>[B] (+1) -0.654166667<x61>[B] (+1) -0.654166667<x62>[B] (+1) -0.654166667<x63>[B] (+1) -0.654166667<x64>[B] (+0) -0.654166667<x65>[B] (+1) -0.654166667<x66>[B] (+1) -0.654166667<x67>[B] (+1) -0.654166667<x68>[B] (+1) -0.654166667<x69>[B] (+1) -0.654166667<x70>[B] (+1) -0.654166667<x71>[B] (+1) -0.654166667<x72>[B] (+1) -0.654166667<x73>[B] (+1) -0.654166667<x74>[B] (+1) +0.654166667<x75>[B] (+1) -0.654166667<x76>[B] (+1) +0.654166667<x77>[B] (+0) +0.654166667<x78>[B] (+0) +0.654166667<x79>[B] (+1) +0.654166667<x80>[B] (+1) +0.654166667<x81>[B] (+1) +0.654166667<x82>[B] (+0) +0.654166667<x83>[B] (+0) +0.654166667<x84>[B] (+1) +0.654166667<x85>[B] (+0) +0.654166667<x86>[B] (+0) +0.654166667<x87>[B] (+0) +0.654166667<x88>[B] (+0) +0.654166667<x89>[B] (+0) +0.654166667<x90>[B] (+0) +0.654166667<x91>[B] (+0) +0.654166667<x92>[B] (+0) -0.654166667<x93>[B] (+1) -0.654166667<x94>[B] (+1) +0.654166667<x95>[B] (+1) +0.654166667<x96>[B] (+1) +0.654166667<x97>[B] (+1) -0.654166667<x98>[B] (+0) +0.654166667<x99>[B] (+1) +0.654166667<x100>[B] (+1) +0.654166667<x101>[B] (+1) +0.654166667<x102>[B] (+1) +0.654166667<x103>[B] (+1) -0.654166667<x104>[B] (+0) +0.654166667<x105>[B] (+1) +0.654166667<x106>[B] (+1) +0.654166667<x107>[B] (+0) +0.654166667<x108>[B] (+0) -0.654166667<x109>[B] (+0) +0.654166667<x110>[B] (+1) -0.654166667<x111>[B] (+0) -0.654166667<x112>[B] (+0) -0.654166667<x113>[B] (+0) +0.654166667<x114>[B] (+0) -0.654166667<x115>[B] (+0) -0.654166667<x116>[B] (+0) +0.654166667<x117>[B] (+1) -0.654166667<x118>[B] (+0) +0.654166667<x119>[B] (+1) +0.654166667<x120>[B] (+1) >= 16.1916666666667;
;
violation: left hand side is violated by 0.0166666666666551
  [linear] <c1142>: <x123>[C] (+7.3) -0.579166667<x1>[B] (+0) +0.579166667<x2>[B] (+0) +0.579166667<x3>[B] (+1) -0.579166667<x4>[B] (+1) -0.579166667<x5>[B] (+1) +0.579166667<x6>[B] (+0) -0.579166667<x7>[B] (+0) -0.579166667<x8>[B] (+0) -0.579166667<x9>[B] (+0) -0.579166667<x10>[B] (+0) +0.579166667<x11>[B] (+0) -0.579166667<x12>[B] (+0) -0.579166667<x13>[B] (+0) +0.579166667<x14>[B] (+1) -0.579166667<x15>[B] (+0) +0.579166667<x16>[B] (+1) +0.579166667<x17>[B] (+1) -0.579166667<x18>[B] (+1) -0.579166667<x19>[B] (+1) +0.579166667<x20>[B] (+1) -0.579166667<x21>[B] (+1) -0.579166667<x22>[B] (+1) +0.579166667<x23>[B] (+1) -0.579166667<x24>[B] (+1) +0.579166667<x25>[B] (+1) -0.579166667<x26>[B] (+1) -0.579166667<x27>[B] (+1) +0.579166667<x28>[B] (+1) -0.579166667<x29>[B] (+1) -0.579166667<x30>[B] (+1) -0.579166667<x31>[B] (+1) -0.579166667<x32>[B] (+1) -0.579166667<x33>[B] (+0) -0.579166667<x34>[B] (+0) -0.579166667<x35>[B] (+1) -0.579166667<x36>[B] (+0) -0.579166667<x37>[B] (+0) -0.579166667<x38>[B] (+0) -0.579166667<x39>[B] (+0) -0.579166667<x40>[B] (+0) -0.579166667<x41>[B] (+1) -0.579166667<x42>[B] (+0) -0.579166667<x43>[B] (+1) -0.579166667<x44>[B] (+1) +0.579166667<x45>[B] (+0) -0.579166667<x46>[B] (+0) -0.579166667<x47>[B] (+0) -0.579166667<x48>[B] (+0) -0.579166667<x49>[B] (+0) +0.579166667<x50>[B] (+0) -0.579166667<x51>[B] (+0) -0.579166667<x52>[B] (+0) +0.579166667<x53>[B] (+1) -0.579166667<x54>[B] (+0) +0.579166667<x55>[B] (+1) +0.579166667<x56>[B] (+0) +0.579166667<x57>[B] (+0) -0.579166667<x58>[B] (+0) +0.579166667<x59>[B] (+0) -0.579166667<x60>[B] (+0) +0.579166667<x61>[B] (+0) +0.579166667<x62>[B] (+0) -0.579166667<x63>[B] (+0) +0.579166667<x64>[B] (+1) -0.579166667<x65>[B] (+0) +0.579166667<x66>[B] (+0) -0.579166667<x67>[B] (+0) -0.579166667<x68>[B] (+0) +0.579166667<x69>[B] (+0) -0.579166667<x70>[B] (+0) +0.579166667<x71>[B] (+0) -0.579166667<x72>[B] (+0) -0.579166667<x73>[B] (+0) +0.579166667<x74>[B] (+1) -0.579166667<x75>[B] (+0) -0.579166667<x76>[B] (+0) -0.579166667<x77>[B] (+1) -0.579166667<x78>[B] (+1) -0.579166667<x79>[B] (+0) -0.579166667<x80>[B] (+1) -0.579166667<x81>[B] (+1) -0.579166667<x82>[B] (+1) -0.579166667<x83>[B] (+1) -0.579166667<x84>[B] (+0) -0.579166667<x85>[B] (+1) +0.579166667<x86>[B] (+1) -0.579166667<x87>[B] (+1) +0.579166667<x88>[B] (+1) +0.579166667<x89>[B] (+1) -0.579166667<x90>[B] (+1) +0.579166667<x91>[B] (+1) -0.579166667<x92>[B] (+0) +0.579166667<x93>[B] (+0) +0.579166667<x94>[B] (+0) +0.579166667<x95>[B] (+0) +0.579166667<x96>[B] (+0) +0.579166667<x97>[B] (+0) +0.579166667<x98>[B] (+1) -0.579166667<x99>[B] (+0) -0.579166667<x100>[B] (+0) +0.579166667<x101>[B] (+1) -0.579166667<x102>[B] (+0) -0.579166667<x103>[B] (+1) +0.579166667<x104>[B] (+1) -0.579166667<x105>[B] (+0) +0.579166667<x106>[B] (+1) +0.579166667<x107>[B] (+1) +0.579166667<x108>[B] (+1) +0.579166667<x109>[B] (+1) -0.579166667<x110>[B] (+0) -0.579166667<x111>[B] (+0) -0.579166667<x112>[B] (+1) -0.579166667<x113>[B] (+1) -0.579166667<x114>[B] (+0) -0.579166667<x115>[B] (+1) +0.579166667<x116>[B] (+1) -0.579166667<x117>[B] (+0) +0.579166667<x118>[B] (+1) -0.579166667<x119>[B] (+0) -0.579166667<x120>[B] (+0) >= 4.77916666666667;
;
violation: left hand side is violated by 0.375000000000003
2/5 feasible solutions given by solution candidate storage, new primal bound -9.999300e+05

presolving:
   (0.0s) symmetry computation started: requiring (bin +, int +, cont +), (fixed: bin -, int -, cont -)
   (0.0s) no symmetry present (symcode time: 0.00)
presolving (0 rounds: 0 fast, 0 medium, 0 exhaustive):
 0 deleted vars, 0 deleted constraints, 0 added constraints, 0 tightened bounds, 0 added holes, 0 changed sides, 0 changed coefficients
 0 implications, 0 cliques, 0 implied integral variables (0 bin, 0 int, 0 cont)
presolved problem has 130 variables (120 bin, 0 int, 10 cont) and 1149 constraints
   1149 constraints of type <linear>
Presolving Time: 0.00
transformed 2/2 original solutions to the transformed problem space

 time | node  | left  |LP iter|LP it/n|mem/heur|mdpt |vars |cons |rows |cuts |sepa|confs|strbr|  dualbound   | primalbound  |  gap   | compl. 
p 0.0s|     1 |     0 |     1 |     - |   locks|   0 | 130 |1149 |1149 |   0 |  0 |   0 |   0 | 1.980000e+02 |-1.818875e+02 |    Inf | unknown
  0.0s|     1 |     0 |   138 |     - |  8334k |   0 | 130 |1149 |1149 |   0 |  0 |   0 |   0 |-5.117083e+01 |-1.818875e+02 | 255.45%| unknown
r 0.0s|     1 |     0 |   138 |     - |shifting|   0 | 130 |1149 |1149 |   0 |  0 |   0 |   0 |-5.117083e+01 |-6.955272e+01 |  35.92%| unknown
  0.0s|     1 |     0 |   144 |     - |  8766k |   0 | 130 |1149 |1150 |   1 |  1 |   0 |   0 |-5.119167e+01 |-6.955272e+01 |  35.87%| unknown
r 0.0s|     1 |     0 |   144 |     - |shifting|   0 | 130 |1149 |1150 |   1 |  1 |   0 |   0 |-5.119167e+01 |-5.876250e+01 |  14.79%| unknown
  0.0s|     1 |     0 |   144 |     - |  8766k |   0 | 130 |1149 |1150 |   1 |  1 |   0 |   0 |-5.119167e+01 |-5.876250e+01 |  14.79%| unknown
  0.0s|     1 |     0 |   146 |     - |  8876k |   0 | 130 |1149 |1151 |   2 |  2 |   0 |   0 |-5.120076e+01 |-5.876250e+01 |  14.77%| unknown
r 0.0s|     1 |     0 |   146 |     - |shifting|   0 | 130 |1149 |1151 |   2 |  2 |   0 |   0 |-5.120076e+01 |-5.621136e+01 |   9.79%| unknown
  0.1s|     1 |     0 |   147 |     - |  8997k |   0 | 130 |1149 |1153 |   4 |  3 |   0 |   0 |-5.120417e+01 |-5.621136e+01 |   9.78%| unknown
d 0.1s|     1 |     0 |   147 |     - |farkasdi|   0 | 130 |1149 |1153 |   0 |  4 |   0 |   0 |-5.120417e+01 |-5.120417e+01 |   0.00%| unknown
  0.1s|     1 |     0 |   147 |     - |  9008k |   0 | 130 |1149 |1153 |   4 |  4 |   0 |   0 |-5.120417e+01 |-5.120417e+01 |   0.00%| unknown

SCIP Status        : problem is solved [optimal solution found]
Solving Time (sec) : 0.05
Solving Nodes      : 1
Primal Bound       : -5.12041666666667e+01 (7 solutions)
Dual Bound         : -5.12041666666667e+01
Gap                : 0.00 %
  [linear] <c1150>: <x121>[C] (+14.0083333) +0.479166667<x1>[B] (+1) +0.479166667<x2>[B] (+1) +0.479166667<x3>[B] (+0) -0.479166667<x4>[B] (+0) +0.479166667<x5>[B] (+0) +0.479166667<x6>[B] (+1) -0.479166667<x7>[B] (+1) +0.479166667<x8>[B] (+1) +0.479166667<x9>[B] (+1) +0.479166667<x10>[B] (+1) -0.479166667<x11>[B] (+1) +0.479166667<x12>[B] (+1) +0.479166667<x13>[B] (+1) -0.479166667<x14>[B] (+0) +0.479166667<x15>[B] (+1) -0.479166667<x16>[B] (+0) -0.479166667<x17>[B] (+0) -0.479166667<x18>[B] (+0) +0.479166667<x19>[B] (+0) -0.479166667<x20>[B] (+0) -0.479166667<x21>[B] (+1) +0.479166667<x22>[B] (+0) +0.479166667<x23>[B] (+0) +0.479166667<x24>[B] (+0) -0.479166667<x25>[B] (+0) +0.479166667<x26>[B] (+0) +0.479166667<x27>[B] (+0) -0.479166667<x28>[B] (+0) +0.479166667<x29>[B] (+0) -0.479166667<x30>[B] (-1.60760294e-13) -0.479166667<x31>[B] (-1.60760294e-13) +0.479166667<x32>[B] (+0) -0.479166667<x33>[B] (+1) -0.479166667<x34>[B] (+1) +0.479166667<x35>[B] (-2.16537899e-12) +0.479166667<x36>[B] (+1) +0.479166667<x37>[B] (+1) -0.479166667<x38>[B] (+1) +0.479166667<x39>[B] (+1) +0.479166667<x40>[B] (+1) -0.479166667<x41>[B] (-1.60760294e-13) +0.479166667<x42>[B] (+1) -0.479166667<x43>[B] (+0) +0.479166667<x44>[B] (+0) +0.479166667<x45>[B] (+1) -0.479166667<x46>[B] (+1) +0.479166667<x47>[B] (+1) +0.479166667<x48>[B] (+1) +0.479166667<x49>[B] (+1) -0.479166667<x50>[B] (+1) +0.479166667<x51>[B] (+1) +0.479166667<x52>[B] (+1) -0.479166667<x53>[B] (+0) +0.479166667<x54>[B] (+1) +0.479166667<x55>[B] (+0) +0.479166667<x56>[B] (+1) +0.479166667<x57>[B] (+1) +0.479166667<x58>[B] (+1) +0.479166667<x59>[B] (+1) +0.479166667<x60>[B] (+1) +0.479166667<x61>[B] (+1) +0.479166667<x62>[B] (+1) +0.479166667<x63>[B] (+1) +0.479166667<x64>[B] (+0) +0.479166667<x65>[B] (+1) -0.479166667<x66>[B] (+1) -0.479166667<x67>[B] (+1) +0.479166667<x68>[B] (+1) +0.479166667<x69>[B] (+1) +0.479166667<x70>[B] (+1) -0.479166667<x71>[B] (+1) +0.479166667<x72>[B] (+1) +0.479166667<x73>[B] (+1) -0.479166667<x74>[B] (-1.60856078e-13) +0.479166667<x75>[B] (+1) -0.479166667<x76>[B] (+1) +0.479166667<x77>[B] (-1.60856078e-13) +0.479166667<x78>[B] (-1.60760294e-13) +0.479166667<x79>[B] (-1.60760294e-13) -0.479166667<x80>[B] (+1) +0.479166667<x81>[B] (-1.60760294e-13) +0.479166667<x82>[B] (-1.60856078e-13) -0.479166667<x83>[B] (-1.60856078e-13) +0.479166667<x84>[B] (+1) +0.479166667<x85>[B] (+0) +0.479166667<x86>[B] (+0) +0.479166667<x87>[B] (+0) +0.479166667<x88>[B] (+0) +0.479166667<x89>[B] (+0) +0.479166667<x90>[B] (+0) +0.479166667<x91>[B] (+0) +0.479166667<x92>[B] (+0) -0.479166667<x93>[B] (+1) -0.479166667<x94>[B] (+1) -0.479166667<x95>[B] (+1) -0.479166667<x96>[B] (+1) -0.479166667<x97>[B] (+1) -0.479166667<x98>[B] (+0) -0.479166667<x99>[B] (+1) -0.479166667<x100>[B] (+1) -0.479166667<x101>[B] (+1) -0.479166667<x102>[B] (+1) -0.479166667<x103>[B] (+1) -0.479166667<x104>[B] (+0) -0.479166667<x105>[B] (+1) -0.479166667<x106>[B] (+1) -0.479166667<x107>[B] (+0) -0.479166667<x108>[B] (+0) -0.479166667<x109>[B] (+0) -0.479166667<x110>[B] (+1) +0.479166667<x111>[B] (+0) +0.479166667<x112>[B] (+0) -0.479166667<x113>[B] (+0) +0.479166667<x114>[B] (+0) +0.479166667<x115>[B] (+0) -0.479166667<x116>[B] (+0) +0.479166667<x117>[B] (+1) -0.479166667<x118>[B] (+0) -0.479166667<x119>[B] (+1) +0.479166667<x120>[B] (+1) >= 19.7666666666667;
;
violation: left hand side is violated by 0.00833333333336128
  [linear] <c1152>: <x128>[C] (+29.375) -0.6875<x1>[B] (+1) -0.6875<x2>[B] (+1) -0.6875<x3>[B] (+0) -0.6875<x4>[B] (+0) -0.6875<x5>[B] (+0) -0.6875<x6>[B] (+1) -0.6875<x7>[B] (+1) -0.6875<x8>[B] (+1) -0.6875<x9>[B] (+1) -0.6875<x10>[B] (+1) -0.6875<x11>[B] (+1) -0.6875<x12>[B] (+1) -0.6875<x13>[B] (+1) -0.6875<x14>[B] (+0) -0.6875<x15>[B] (+1) +0.6875<x16>[B] (+0) +0.6875<x17>[B] (+0) +0.6875<x18>[B] (+0) +0.6875<x19>[B] (+0) -0.6875<x20>[B] (+0) -0.6875<x21>[B] (+1) +0.6875<x22>[B] (+0) -0.6875<x23>[B] (+0) -0.6875<x24>[B] (+0) +0.6875<x25>[B] (+0) +0.6875<x26>[B] (+0) +0.6875<x27>[B] (+0) -0.6875<x28>[B] (+0) +0.6875<x29>[B] (+0) +0.6875<x30>[B] (+0) +0.6875<x31>[B] (+0) -0.6875<x32>[B] (+0) -0.6875<x33>[B] (+1) -0.6875<x34>[B] (+1) +0.6875<x35>[B] (+0) -0.6875<x36>[B] (+1) -0.6875<x37>[B] (+1) -0.6875<x38>[B] (+1) -0.6875<x39>[B] (+1) -0.6875<x40>[B] (+1) -0.6875<x41>[B] (+0) -0.6875<x42>[B] (+1) +0.6875<x43>[B] (+0) -0.6875<x44>[B] (+0) -0.6875<x45>[B] (+1) -0.6875<x46>[B] (+1) -0.6875<x47>[B] (+1) -0.6875<x48>[B] (+1) -0.6875<x49>[B] (+1) -0.6875<x50>[B] (+1) -0.6875<x51>[B] (+1) -0.6875<x52>[B] (+1) -0.6875<x53>[B] (+0) -0.6875<x54>[B] (+1) -0.6875<x55>[B] (+0) -0.6875<x56>[B] (+1) -0.6875<x57>[B] (+1) -0.6875<x58>[B] (+1) -0.6875<x59>[B] (+1) -0.6875<x60>[B] (+1) -0.6875<x61>[B] (+1) -0.6875<x62>[B] (+1) -0.6875<x63>[B] (+1) -0.6875<x64>[B] (+0) -0.6875<x65>[B] (+1) -0.6875<x66>[B] (+1) -0.6875<x67>[B] (+1) +0.6875<x68>[B] (+1) -0.6875<x69>[B] (+1) -0.6875<x70>[B] (+1) -0.6875<x71>[B] (+1) -0.6875<x72>[B] (+1) -0.6875<x73>[B] (+1) -0.6875<x74>[B] (+1) -0.6875<x75>[B] (+1) +0.6875<x76>[B] (+1) +0.6875<x77>[B] (+0) +0.6875<x78>[B] (+0) +0.6875<x79>[B] (+0) +0.6875<x80>[B] (+1) +0.6875<x81>[B] (+0) +0.6875<x82>[B] (+0) -0.6875<x83>[B] (+0) +0.6875<x84>[B] (+1) +0.6875<x85>[B] (+0) -0.6875<x86>[B] (+0) -0.6875<x87>[B] (+0) +0.6875<x88>[B] (+0) +0.6875<x89>[B] (+0) +0.6875<x90>[B] (+0) -0.6875<x91>[B] (+0) +0.6875<x92>[B] (+0) -0.6875<x93>[B] (+1) -0.6875<x94>[B] (+1) -0.6875<x95>[B] (+1) -0.6875<x96>[B] (+1) -0.6875<x97>[B] (+1) -0.6875<x98>[B] (+0) -0.6875<x99>[B] (+1) -0.6875<x100>[B] (+1) +0.6875<x101>[B] (+1) +0.6875<x102>[B] (+1) +0.6875<x103>[B] (+1) -0.6875<x104>[B] (+0) +0.6875<x105>[B] (+1) +0.6875<x106>[B] (+1) +0.6875<x107>[B] (+0) +0.6875<x108>[B] (+0) -0.6875<x109>[B] (+0) +0.6875<x110>[B] (+1) +0.6875<x111>[B] (+0) +0.6875<x112>[B] (+0) -0.6875<x113>[B] (+0) +0.6875<x114>[B] (+0) +0.6875<x115>[B] (+0) -0.6875<x116>[B] (+0) +0.6875<x117>[B] (+1) -0.6875<x118>[B] (+0) -0.6875<x119>[B] (+1) +0.6875<x120>[B] (+1) >= -0.170833333333334;
;
violation: left hand side is violated by 0.0166666666666515
5/7 feasible solutions given by solution candidate storage, new primal bound -5.876250e+01

presolving:
   (0.0s) symmetry computation started: requiring (bin +, int +, cont +), (fixed: bin -, int -, cont -)
   (0.0s) no symmetry present (symcode time: 0.00)
presolving (0 rounds: 0 fast, 0 medium, 0 exhaustive):
 0 deleted vars, 0 deleted constraints, 0 added constraints, 0 tightened bounds, 0 added holes, 0 changed sides, 0 changed coefficients
 0 implications, 0 cliques, 0 implied integral variables (0 bin, 0 int, 0 cont)
presolved problem has 130 variables (120 bin, 0 int, 10 cont) and 1152 constraints
   1152 constraints of type <linear>
Presolving Time: 0.00
transformed 5/5 original solutions to the transformed problem space

 time | node  | left  |LP iter|LP it/n|mem/heur|mdpt |vars |cons |rows |cuts |sepa|confs|strbr|  dualbound   | primalbound  |  gap   | compl. 
  0.0s|     1 |     0 |   116 |     - |  9595k |   0 | 130 |1152 |1152 |   0 |  0 |   0 |   0 |-5.118205e+01 |-5.876250e+01 |  14.81%| unknown
r 0.0s|     1 |     0 |   116 |     - |shifting|   0 | 130 |1152 |1152 |   0 |  0 |   0 |   0 |-5.118205e+01 |-5.780160e+01 |  12.93%| unknown
  0.0s|     1 |     0 |   118 |     - |  9716k |   0 | 130 |1152 |1153 |   1 |  1 |   0 |   0 |-5.120417e+01 |-5.780160e+01 |  12.88%| unknown
  0.0s|     1 |     0 |   123 |     - |  9827k |   0 | 130 |1152 |1154 |   2 |  2 |   0 |   0 |-5.121111e+01 |-5.780160e+01 |  12.87%| unknown
  0.1s|     1 |     0 |   125 |     - |  9948k |   0 | 130 |1152 |1155 |   3 |  3 |   0 |   0 |-5.121543e+01 |-5.780160e+01 |  12.86%| unknown
  0.1s|     1 |     0 |   132 |     - |    10M |   0 | 130 |1152 |1157 |   5 |  4 |   0 |   0 |-5.122121e+01 |-5.780160e+01 |  12.85%| unknown
  0.1s|     1 |     0 |   134 |     - |    10M |   0 | 130 |1152 |1158 |   6 |  5 |   0 |   0 |-5.122285e+01 |-5.780160e+01 |  12.84%| unknown
  0.1s|     1 |     0 |   136 |     - |    10M |   0 | 130 |1152 |1159 |   7 |  6 |   0 |   0 |-5.122917e+01 |-5.780160e+01 |  12.83%| unknown
d 0.1s|     1 |     0 |   136 |     - |farkasdi|   0 | 130 |1152 |1159 |   0 |  7 |   0 |   0 |-5.122917e+01 |-5.122917e+01 |   0.00%| unknown
  0.1s|     1 |     0 |   136 |     - |    10M |   0 | 130 |1152 |1159 |   7 |  7 |   0 |   0 |-5.122917e+01 |-5.122917e+01 |   0.00%| unknown

SCIP Status        : problem is solved [optimal solution found]
Solving Time (sec) : 0.09
Solving Nodes      : 1
Primal Bound       : -5.12291666666667e+01 (13 solutions)
Dual Bound         : -5.12291666666667e+01
Gap                : 0.00 %
