Loading instance...
Median ranking: [5, 3, 1, 14, 8, 11, 6, 15, 2, 7, 16, 13, 12, 10, 4, 9]
Mean ranking: [5, 3, 1, 14, 8, 6, 11, 15, 2, 7, 16, 13, 12, 10, 4, 9]
Actual error: 0.00011614690924988125
Weighted Kendall distance: 11.0
Normalized distance: 0.008088235294117648
dd conss, 0 chg bounds, 0 chg sides, 0 chg coeffs, 0 upgd conss, 0 impls, 0 clqs, 0 implints
   (0.0s) symmetry computation started: requiring (bin +, int +, cont +), (fixed: bin -, int -, cont -)
   (0.0s) no symmetry present (symcode time: 0.00)
presolving (2 rounds: 2 fast, 2 medium, 1 exhaustive):
 0 deleted vars, 1120 deleted constraints, 560 added constraints, 0 tightened bounds, 0 added holes, 0 changed sides, 0 changed coefficients
 0 implications, 0 cliques, 0 implied integral variables (0 bin, 0 int, 0 cont)
presolved problem has 120 variables (0 bin, 0 int, 120 cont) and 560 constraints
    560 constraints of type <linear>
Presolving Time: 0.01
transformed 3/3 original solutions to the transformed problem space

 time | node  | left  |LP iter|LP it/n|mem/heur|mdpt |vars |cons |rows |cuts |sepa|confs|strbr|  dualbound   | primalbound  |  gap   | compl. 
* 0.0s|     1 |     0 |    16 |     - |    LP  |   0 | 120 | 560 | 560 |   0 |  0 |   0 |   0 | 3.280000e+02 | 3.280000e+02 |   0.00%| unknown
  0.0s|     1 |     0 |    16 |     - |  4088k |   0 | 120 | 560 | 560 |   0 |  0 |   0 |   0 | 3.280000e+02 | 3.280000e+02 |   0.00%| unknown

SCIP Status        : problem is solved [optimal solution found]
Solving Time (sec) : 0.01
Solving Nodes      : 1
Primal Bound       : +3.28000000000000e+02 (4 solutions)
Dual Bound         : +3.28000000000000e+02
Gap                : 0.00 %
feasible solution found by trivial heuristic after 0.0 seconds, objective value 1.760000e+02
presolving:
   (0.0s) running MILP presolver
   (0.0s) MILP presolver (2 rounds): 0 aggregations, 0 fixings, 0 bound changes
(round 1, medium)     0 del vars, 1120 del conss, 560 add conss, 0 chg bounds, 0 chg sides, 0 chg coeffs, 0 upgd conss, 0 impls, 0 clqs, 0 implints
   (0.0s) probing: 51/120 (42.5%) - 0 fixings, 0 aggregations, 0 implications, 0 bound changes
   (0.0s) probing aborted: 50/50 successive totally useless probings
   (0.0s) symmetry computation started: requiring (bin +, int +, cont +), (fixed: bin -, int -, cont -)
   (0.0s) no symmetry present (symcode time: 0.00)
presolving (2 rounds: 2 fast, 2 medium, 1 exhaustive):
 0 deleted vars, 1120 deleted constraints, 560 added constraints, 0 tightened bounds, 0 added holes, 0 changed sides, 0 changed coefficients
 0 implications, 0 cliques, 0 implied integral variables (0 bin, 0 int, 0 cont)
presolved problem has 120 variables (120 bin, 0 int, 0 cont) and 560 constraints
    560 constraints of type <linear>
transformed objective value is always integral (scale: 2)
Presolving Time: 0.01
transformed 2/2 original solutions to the transformed problem space

 time | node  | left  |LP iter|LP it/n|mem/heur|mdpt |vars |cons |rows |cuts |sepa|confs|strbr|  dualbound   | primalbound  |  gap   | compl. 
p 0.0s|     1 |     0 |     0 |     - |   locks|   0 | 120 | 560 | 560 |   0 |  0 |   0 |   0 | 3.400000e+02 | 1.960000e+02 |  73.47%| unknown
i 0.0s|     1 |     0 |     0 |     - |  oneopt|   0 | 120 | 560 | 560 |   0 |  0 |   0 |   0 | 3.400000e+02 | 2.800000e+02 |  21.43%| unknown
* 0.0s|     1 |     0 |    15 |     - |    LP  |   0 | 120 | 560 | 560 |   0 |  0 |   0 |   0 | 3.280000e+02 | 3.280000e+02 |   0.00%| unknown
  0.0s|     1 |     0 |    15 |     - |  4199k |   0 | 120 | 560 | 560 |   0 |  0 |   0 |   0 | 3.280000e+02 | 3.280000e+02 |   0.00%| unknown

SCIP Status        : problem is solved [optimal solution found]
Solving Time (sec) : 0.01
Solving Nodes      : 1
Primal Bound       : +3.28000000000000e+02 (5 solutions)
Dual Bound         : +3.28000000000000e+02
Gap                : 0.00 %
feasible solution found by trivial heuristic after 0.0 seconds, objective value -1.999824e+06
presolving:
(round 1, fast)       0 del vars, 0 del conss, 0 add conss, 40 chg bounds, 0 chg sides, 0 chg coeffs, 0 upgd conss, 0 impls, 0 clqs, 0 implints
   (0.2s) running MILP presolver
   (0.3s) MILP presolver (2 rounds): 0 aggregations, 0 fixings, 0 bound changes
(round 2, exhaustive) 0 del vars, 560 del conss, 0 add conss, 40 chg bounds, 0 chg sides, 0 chg coeffs, 0 upgd conss, 0 impls, 0 clqs, 0 implints
   (0.5s) symmetry computation started: requiring (bin +, int +, cont +), (fixed: bin -, int -, cont -)
   (0.5s) no symmetry present (symcode time: 0.01)
presolving (3 rounds: 3 fast, 2 medium, 2 exhaustive):
 0 deleted vars, 560 deleted constraints, 0 added constraints, 40 tightened bounds, 0 added holes, 0 changed sides, 0 changed coefficients
 0 implications, 0 cliques, 0 implied integral variables (0 bin, 0 int, 0 cont)
presolved problem has 140 variables (0 bin, 0 int, 140 cont) and 2960 constraints
   2960 constraints of type <linear>
Presolving Time: 0.51

 time | node  | left  |LP iter|LP it/n|mem/heur|mdpt |vars |cons |rows |cuts |sepa|confs|strbr|  dualbound   | primalbound  |  gap   | compl. 
t 0.6s|     1 |     0 |     0 |     - | trivial|   0 | 140 |2960 |   0 |   0 |  0 |   0 |   0 | 3.400000e+02 |-1.024000e+03 |    Inf | unknown
* 0.6s|     1 |     0 |   247 |     - |    LP  |   0 | 140 |2960 |2960 |   0 |  0 |   0 |   0 |-1.075250e+02 |-1.075250e+02 |   0.00%| unknown
  0.6s|     1 |     0 |   247 |     - |   180M |   0 | 140 |2960 |2960 |   0 |  0 |   0 |   0 |-1.075250e+02 |-1.075250e+02 |   0.00%| unknown

SCIP Status        : problem is solved [optimal solution found]
Solving Time (sec) : 0.63
Solving Nodes      : 1
Primal Bound       : -1.07525000000000e+02 (3 solutions)
Dual Bound         : -1.07525000000000e+02
Gap                : 0.00 %
feasible solution found by trivial heuristic after 0.0 seconds, objective value -1.999824e+06
presolving:
(round 1, fast)       0 del vars, 0 del conss, 0 add conss, 40 chg bounds, 0 chg sides, 0 chg coeffs, 0 upgd conss, 0 impls, 0 clqs, 0 implints
   (0.1s) running MILP presolver
   (0.2s) MILP presolver (2 rounds): 0 aggregations, 0 fixings, 0 bound changes
(round 2, exhaustive) 0 del vars, 560 del conss, 0 add conss, 40 chg bounds, 0 chg sides, 0 chg coeffs, 0 upgd conss, 0 impls, 0 clqs, 0 implints
   (0.4s) probing: 51/120 (42.5%) - 0 fixings, 0 aggregations, 0 implications, 0 bound changes
   (0.4s) probing aborted: 50/50 successive totally useless probings
   (0.5s) symmetry computation started: requiring (bin +, int +, cont +), (fixed: bin -, int -, cont -)
   (0.5s) no symmetry present (symcode time: 0.01)
presolving (3 rounds: 3 fast, 2 medium, 2 exhaustive):
 0 deleted vars, 560 deleted constraints, 0 added constraints, 40 tightened bounds, 0 added holes, 0 changed sides, 0 changed coefficients
 0 implications, 0 cliques, 0 implied integral variables (0 bin, 0 int, 0 cont)
presolved problem has 140 variables (120 bin, 0 int, 20 cont) and 2960 constraints
   2960 constraints of type <linear>
Presolving Time: 0.54

 time | node  | left  |LP iter|LP it/n|mem/heur|mdpt |vars |cons |rows |cuts |sepa|confs|strbr|  dualbound   | primalbound  |  gap   | compl. 
t 0.6s|     1 |     0 |     0 |     - | trivial|   0 | 140 |2960 |   0 |   0 |  0 |   0 |   0 | 3.400000e+02 |-1.024000e+03 |    Inf | unknown
p 0.7s|     1 |     0 |    18 |     - |   locks|   0 | 140 |2960 |2960 |   0 |  0 |   0 |   0 | 3.400000e+02 |-3.143917e+02 |    Inf | unknown
* 0.7s|     1 |     0 |   265 |     - |    LP  |   0 | 140 |2960 |2960 |   0 |  0 |   0 |   0 |-1.075250e+02 |-1.075250e+02 |   0.00%| unknown
  0.7s|     1 |     0 |   265 |     - |   181M |   0 | 140 |2960 |2960 |   0 |  0 |   0 |   0 |-1.075250e+02 |-1.075250e+02 |   0.00%| unknown

SCIP Status        : problem is solved [optimal solution found]
Solving Time (sec) : 0.73
Solving Nodes      : 1
Primal Bound       : -1.07525000000000e+02 (4 solutions)
Dual Bound         : -1.07525000000000e+02
Gap                : 0.00 %
feasible solution found by trivial heuristic after 0.0 seconds, objective value 0.000000e+00
presolving:
   (0.0s) symmetry computation started: requiring (bin +, int +, cont +), (fixed: bin -, int -, cont -)
   (0.0s) symmetry computation finished: 19 generators found (max: 1500, log10 of symmetry group size: 18.39) (symcode time: 0.00)
dynamic symmetry handling statistics:
   orbitopal reduction:       no components
   orbital reduction:         no components
   lexicographic reduction:   no permutations
handled 1 out of 1 symmetry components
presolving (0 rounds: 0 fast, 0 medium, 0 exhaustive):
 0 deleted vars, 0 deleted constraints, 0 added constraints, 0 tightened bounds, 0 added holes, 0 changed sides, 0 changed coefficients
 0 implications, 0 cliques, 0 implied integral variables (0 bin, 0 int, 0 cont)
presolved problem has 140 variables (120 bin, 0 int, 20 cont) and 1139 constraints
   1139 constraints of type <linear>
Presolving Time: 0.00
transformed 2/2 original solutions to the transformed problem space

 time | node  | left  |LP iter|LP it/n|mem/heur|mdpt |vars |cons |rows |cuts |sepa|confs|strbr|  dualbound   | primalbound  |  gap   | compl. 
t 0.0s|     1 |     0 |     0 |     - | trivial|   0 | 140 |1120 |   0 |   0 |  0 |   0 |   0 | 3.400000e+02 | 1.760000e+02 |  93.18%| unknown
p 0.0s|     1 |     0 |     0 |     - |   locks|   0 | 140 |1120 |1120 |   0 |  0 |   0 |   0 | 3.400000e+02 | 2.440000e+02 |  39.34%| unknown
i 0.0s|     1 |     0 |     0 |     - |  oneopt|   0 | 140 |1120 |1120 |   0 |  0 |   0 |   0 | 3.400000e+02 | 2.700000e+02 |  25.93%| unknown
* 0.0s|     1 |     0 |    15 |     - |    LP  |   0 | 140 |1120 |1120 |   0 |  0 |   0 |   0 | 3.280000e+02 | 3.280000e+02 |   0.00%| unknown
  0.0s|     1 |     0 |    15 |     - |  6196k |   0 | 140 |1120 |1120 |   0 |  0 |   0 |   0 | 3.280000e+02 | 3.280000e+02 |   0.00%| unknown

SCIP Status        : problem is solved [optimal solution found]
Solving Time (sec) : 0.00
Solving Nodes      : 1
Primal Bound       : +3.28000000000000e+02 (6 solutions)
Dual Bound         : +3.28000000000000e+02
Gap                : 0.00 %
  [linear] <c1121>: <x121>[C] (+0) -0.679166667<x1>[B] (+1) -0.679166667<x2>[B] (+0) -0.679166667<x3>[B] (+1) +0.679166667<x4>[B] (+0) -0.679166667<x5>[B] (+1) -0.679166667<x6>[B] (+1) -0.679166667<x7>[B] (+1) -0.679166667<x8>[B] (+1) -0.679166667<x9>[B] (+1) +0.679166667<x10>[B] (+1) -0.679166667<x11>[B] (+1) -0.679166667<x12>[B] (+1) -0.679166667<x13>[B] (+1) -0.679166667<x14>[B] (+1) -0.679166667<x15>[B] (+1) -0.679166667<x16>[B] (+0) -0.679166667<x17>[B] (+1) +0.679166667<x18>[B] (+0) -0.679166667<x19>[B] (+0) -0.679166667<x20>[B] (+1) -0.679166667<x21>[B] (+0) -0.679166667<x22>[B] (+1) -0.679166667<x23>[B] (+1) +0.679166667<x24>[B] (+0) -0.679166667<x25>[B] (+1) -0.679166667<x26>[B] (+1) -0.679166667<x27>[B] (+0) -0.679166667<x28>[B] (+0) -0.679166667<x29>[B] (+1) -0.679166667<x30>[B] (+1) +0.679166667<x31>[B] (+0) -0.679166667<x32>[B] (+1) -0.679166667<x33>[B] (+1) -0.679166667<x34>[B] (+1) -0.679166667<x35>[B] (+1) -0.679166667<x36>[B] (+1) +0.679166667<x37>[B] (+1) -0.679166667<x38>[B] (+1) -0.679166667<x39>[B] (+1) -0.679166667<x40>[B] (+1) -0.679166667<x41>[B] (+1) -0.679166667<x42>[B] (+1) +0.679166667<x43>[B] (+0) +0.679166667<x44>[B] (+0) -0.679166667<x45>[B] (+0) -0.679166667<x46>[B] (+0) -0.679166667<x47>[B] (+1) +0.679166667<x48>[B] (+0) +0.679166667<x49>[B] (+0) -0.679166667<x50>[B] (+0) +0.679166667<x51>[B] (+0) +0.679166667<x52>[B] (+0) -0.679166667<x53>[B] (+0) -0.679166667<x54>[B] (+0) -0.679166667<x55>[B] (+1) -0.679166667<x56>[B] (+1) -0.679166667<x57>[B] (+1) -0.679166667<x58>[B] (+1) -0.679166667<x59>[B] (+1) +0.679166667<x60>[B] (+1) -0.679166667<x61>[B] (+1) -0.679166667<x62>[B] (+1) -0.679166667<x63>[B] (+1) -0.679166667<x64>[B] (+1) -0.679166667<x65>[B] (+1) -0.679166667<x66>[B] (+1) -0.679166667<x67>[B] (+0) -0.679166667<x68>[B] (+1) +0.679166667<x69>[B] (+1) +0.679166667<x70>[B] (+0) -0.679166667<x71>[B] (+1) +0.679166667<x72>[B] (+1) +0.679166667<x73>[B] (+0) -0.679166667<x74>[B] (+1) -0.679166667<x75>[B] (+1) -0.679166667<x76>[B] (+0) -0.679166667<x77>[B] (+1) +0.679166667<x78>[B] (+1) +0.679166667<x79>[B] (+0) -0.679166667<x80>[B] (+1) +0.679166667<x81>[B] (+1) +0.679166667<x82>[B] (+0) -0.679166667<x83>[B] (+0) -0.679166667<x84>[B] (+1) +0.679166667<x85>[B] (+1) +0.679166667<x86>[B] (+1) +0.679166667<x87>[B] (+1) -0.679166667<x88>[B] (+1) +0.679166667<x89>[B] (+1) +0.679166667<x90>[B] (+0) +0.679166667<x91>[B] (+1) +0.679166667<x92>[B] (+1) +0.679166667<x93>[B] (+0) +0.679166667<x94>[B] (+0) -0.679166667<x95>[B] (+0) +0.679166667<x96>[B] (+0) +0.679166667<x97>[B] (+0) -0.679166667<x98>[B] (+0) -0.679166667<x99>[B] (+0) +0.679166667<x100>[B] (+0) -0.679166667<x101>[B] (+0) -0.679166667<x102>[B] (+0) -0.679166667<x103>[B] (+0) -0.679166667<x104>[B] (+0) -0.679166667<x105>[B] (+0) -0.679166667<x106>[B] (+1) -0.679166667<x107>[B] (+1) -0.679166667<x108>[B] (+0) -0.679166667<x109>[B] (+1) -0.679166667<x110>[B] (+1) +0.679166667<x111>[B] (+0) +0.679166667<x112>[B] (+0) +0.679166667<x113>[B] (+0) +0.679166667<x114>[B] (+0) +0.679166667<x115>[B] (+0) -0.679166667<x116>[B] (+0) -0.679166667<x117>[B] (+0) -0.679166667<x118>[B] (+1) -0.679166667<x119>[B] (+1) -0.679166667<x120>[B] (+1) >= -1.86666666666667;
;
violation: left hand side is violated by 28.0166666666667
  [linear] <c1121>: <x121>[C] (+0) -0.679166667<x1>[B] (+1) -0.679166667<x2>[B] (+0) -0.679166667<x3>[B] (+1) +0.679166667<x4>[B] (+0) -0.679166667<x5>[B] (+1) -0.679166667<x6>[B] (+1) -0.679166667<x7>[B] (+1) -0.679166667<x8>[B] (+1) -0.679166667<x9>[B] (+1) +0.679166667<x10>[B] (+1) -0.679166667<x11>[B] (+1) -0.679166667<x12>[B] (+1) -0.679166667<x13>[B] (+1) -0.679166667<x14>[B] (+1) -0.679166667<x15>[B] (+1) -0.679166667<x16>[B] (+0) -0.679166667<x17>[B] (+0) +0.679166667<x18>[B] (+0) -0.679166667<x19>[B] (+0) -0.679166667<x20>[B] (+0) -0.679166667<x21>[B] (+0) -0.679166667<x22>[B] (+0) -0.679166667<x23>[B] (+1) +0.679166667<x24>[B] (+0) -0.679166667<x25>[B] (+0) -0.679166667<x26>[B] (+0) -0.679166667<x27>[B] (+0) -0.679166667<x28>[B] (+0) -0.679166667<x29>[B] (+0) -0.679166667<x30>[B] (+1) +0.679166667<x31>[B] (+0) -0.679166667<x32>[B] (+1) -0.679166667<x33>[B] (+1) -0.679166667<x34>[B] (+1) -0.679166667<x35>[B] (+1) -0.679166667<x36>[B] (+1) +0.679166667<x37>[B] (+1) -0.679166667<x38>[B] (+1) -0.679166667<x39>[B] (+1) -0.679166667<x40>[B] (+1) -0.679166667<x41>[B] (+1) -0.679166667<x42>[B] (+1) +0.679166667<x43>[B] (+0) +0.679166667<x44>[B] (+0) -0.679166667<x45>[B] (+0) -0.679166667<x46>[B] (+0) -0.679166667<x47>[B] (+0) +0.679166667<x48>[B] (+1) +0.679166667<x49>[B] (+0) -0.679166667<x50>[B] (+0) +0.679166667<x51>[B] (+0) +0.679166667<x52>[B] (+0) -0.679166667<x53>[B] (+0) -0.679166667<x54>[B] (+0) -0.679166667<x55>[B] (+1) -0.679166667<x56>[B] (+1) -0.679166667<x57>[B] (+1) -0.679166667<x58>[B] (+1) -0.679166667<x59>[B] (+1) +0.679166667<x60>[B] (+1) -0.679166667<x61>[B] (+1) -0.679166667<x62>[B] (+1) -0.679166667<x63>[B] (+1) -0.679166667<x64>[B] (+1) -0.679166667<x65>[B] (+1) -0.679166667<x66>[B] (+0) -0.679166667<x67>[B] (+0) -0.679166667<x68>[B] (+0) +0.679166667<x69>[B] (+1) +0.679166667<x70>[B] (+1) -0.679166667<x71>[B] (+1) +0.679166667<x72>[B] (+1) +0.679166667<x73>[B] (+1) -0.679166667<x74>[B] (+0) -0.679166667<x75>[B] (+1) -0.679166667<x76>[B] (+1) -0.679166667<x77>[B] (+0) +0.679166667<x78>[B] (+1) +0.679166667<x79>[B] (+1) -0.679166667<x80>[B] (+1) +0.679166667<x81>[B] (+1) +0.679166667<x82>[B] (+1) -0.679166667<x83>[B] (+0) -0.679166667<x84>[B] (+1) +0.679166667<x85>[B] (+0) +0.679166667<x86>[B] (+1) +0.679166667<x87>[B] (+1) -0.679166667<x88>[B] (+1) +0.679166667<x89>[B] (+1) +0.679166667<x90>[B] (+1) +0.679166667<x91>[B] (+0) +0.679166667<x92>[B] (+1) +0.679166667<x93>[B] (+1) +0.679166667<x94>[B] (+1) -0.679166667<x95>[B] (+1) +0.679166667<x96>[B] (+1) +0.679166667<x97>[B] (+1) -0.679166667<x98>[B] (+1) -0.679166667<x99>[B] (+1) +0.679166667<x100>[B] (+0) -0.679166667<x101>[B] (+0) -0.679166667<x102>[B] (+0) -0.679166667<x103>[B] (+0) -0.679166667<x104>[B] (+0) -0.679166667<x105>[B] (+0) -0.679166667<x106>[B] (+1) -0.679166667<x107>[B] (+1) -0.679166667<x108>[B] (+1) -0.679166667<x109>[B] (+0) -0.679166667<x110>[B] (+1) +0.679166667<x111>[B] (+0) +0.679166667<x112>[B] (+1) +0.679166667<x113>[B] (+0) +0.679166667<x114>[B] (+1) +0.679166667<x115>[B] (+1) -0.679166667<x116>[B] (+0) -0.679166667<x117>[B] (+1) -0.679166667<x118>[B] (+0) -0.679166667<x119>[B] (+1) -0.679166667<x120>[B] (+1) >= -1.86666666666667;
;
violation: left hand side is violated by 15.7916666666667
  [linear] <c1121>: <x121>[C] (+0) -0.679166667<x1>[B] (+1) -0.679166667<x2>[B] (+1) -0.679166667<x3>[B] (+1) +0.679166667<x4>[B] (+1) -0.679166667<x5>[B] (+1) -0.679166667<x6>[B] (+1) -0.679166667<x7>[B] (+1) -0.679166667<x8>[B] (+1) -0.679166667<x9>[B] (+1) +0.679166667<x10>[B] (+1) -0.679166667<x11>[B] (+1) -0.679166667<x12>[B] (+1) -0.679166667<x13>[B] (+1) -0.679166667<x14>[B] (+1) -0.679166667<x15>[B] (+1) -0.679166667<x16>[B] (+0) -0.679166667<x17>[B] (+0) +0.679166667<x18>[B] (+0) -0.679166667<x19>[B] (+0) -0.679166667<x20>[B] (+0) -0.679166667<x21>[B] (+0) -0.679166667<x22>[B] (+0) -0.679166667<x23>[B] (+1) +0.679166667<x24>[B] (+0) -0.679166667<x25>[B] (+0) -0.679166667<x26>[B] (+0) -0.679166667<x27>[B] (+0) -0.679166667<x28>[B] (+0) -0.679166667<x29>[B] (+0) -0.679166667<x30>[B] (+1) +0.679166667<x31>[B] (+1) -0.679166667<x32>[B] (+1) -0.679166667<x33>[B] (+1) -0.679166667<x34>[B] (+1) -0.679166667<x35>[B] (+1) -0.679166667<x36>[B] (+1) +0.679166667<x37>[B] (+1) -0.679166667<x38>[B] (+1) -0.679166667<x39>[B] (+1) -0.679166667<x40>[B] (+1) -0.679166667<x41>[B] (+1) -0.679166667<x42>[B] (+1) +0.679166667<x43>[B] (+0) +0.679166667<x44>[B] (+0) -0.679166667<x45>[B] (+0) -0.679166667<x46>[B] (+0) -0.679166667<x47>[B] (+0) +0.679166667<x48>[B] (+1) +0.679166667<x49>[B] (+0) -0.679166667<x50>[B] (+0) +0.679166667<x51>[B] (+0) +0.679166667<x52>[B] (+0) -0.679166667<x53>[B] (+0) -0.679166667<x54>[B] (+0) -0.679166667<x55>[B] (+1) -0.679166667<x56>[B] (+1) -0.679166667<x57>[B] (+1) -0.679166667<x58>[B] (+0) -0.679166667<x59>[B] (+1) +0.679166667<x60>[B] (+1) -0.679166667<x61>[B] (+1) -0.679166667<x62>[B] (+1) -0.679166667<x63>[B] (+1) -0.679166667<x64>[B] (+1) -0.679166667<x65>[B] (+1) -0.679166667<x66>[B] (+0) -0.679166667<x67>[B] (+0) -0.679166667<x68>[B] (+0) +0.679166667<x69>[B] (+1) +0.679166667<x70>[B] (+1) -0.679166667<x71>[B] (+1) +0.679166667<x72>[B] (+1) +0.679166667<x73>[B] (+1) -0.679166667<x74>[B] (+0) -0.679166667<x75>[B] (+1) -0.679166667<x76>[B] (+1) -0.679166667<x77>[B] (+0) +0.679166667<x78>[B] (+1) +0.679166667<x79>[B] (+1) -0.679166667<x80>[B] (+1) +0.679166667<x81>[B] (+1) +0.679166667<x82>[B] (+1) -0.679166667<x83>[B] (+0) -0.679166667<x84>[B] (+1) +0.679166667<x85>[B] (+0) +0.679166667<x86>[B] (+1) +0.679166667<x87>[B] (+1) -0.679166667<x88>[B] (+1) +0.679166667<x89>[B] (+1) +0.679166667<x90>[B] (+1) +0.679166667<x91>[B] (+0) +0.679166667<x92>[B] (+1) +0.679166667<x93>[B] (+1) +0.679166667<x94>[B] (+1) -0.679166667<x95>[B] (+1) +0.679166667<x96>[B] (+1) +0.679166667<x97>[B] (+1) -0.679166667<x98>[B] (+1) -0.679166667<x99>[B] (+1) +0.679166667<x100>[B] (+0) -0.679166667<x101>[B] (+0) -0.679166667<x102>[B] (+0) -0.679166667<x103>[B] (+0) -0.679166667<x104>[B] (+0) -0.679166667<x105>[B] (+0) -0.679166667<x106>[B] (+1) -0.679166667<x107>[B] (+1) -0.679166667<x108>[B] (+1) -0.679166667<x109>[B] (+0) -0.679166667<x110>[B] (+1) +0.679166667<x111>[B] (+1) +0.679166667<x112>[B] (+1) +0.679166667<x113>[B] (+0) +0.679166667<x114>[B] (+1) +0.679166667<x115>[B] (+1) -0.679166667<x116>[B] (+0) -0.679166667<x117>[B] (+1) -0.679166667<x118>[B] (+0) -0.679166667<x119>[B] (+1) -0.679166667<x120>[B] (+1) >= -1.86666666666667;
;
violation: left hand side is violated by 13.7541666666667
  [linear] <c1121>: <x121>[C] (+0) -0.679166667<x1>[B] (+1) -0.679166667<x2>[B] (+1) -0.679166667<x3>[B] (+1) +0.679166667<x4>[B] (+1) -0.679166667<x5>[B] (+1) -0.679166667<x6>[B] (+1) -0.679166667<x7>[B] (+1) -0.679166667<x8>[B] (+1) -0.679166667<x9>[B] (+1) +0.679166667<x10>[B] (+1) -0.679166667<x11>[B] (+1) -0.679166667<x12>[B] (+1) -0.679166667<x13>[B] (+1) -0.679166667<x14>[B] (+1) -0.679166667<x15>[B] (+1) -0.679166667<x16>[B] (+1) -0.679166667<x17>[B] (+1) +0.679166667<x18>[B] (+1) -0.679166667<x19>[B] (+1) -0.679166667<x20>[B] (+1) -0.679166667<x21>[B] (+1) -0.679166667<x22>[B] (+1) -0.679166667<x23>[B] (+1) +0.679166667<x24>[B] (+1) -0.679166667<x25>[B] (+1) -0.679166667<x26>[B] (+1) -0.679166667<x27>[B] (+1) -0.679166667<x28>[B] (+1) -0.679166667<x29>[B] (+1) -0.679166667<x30>[B] (+1) +0.679166667<x31>[B] (+1) -0.679166667<x32>[B] (+1) -0.679166667<x33>[B] (+1) -0.679166667<x34>[B] (+1) -0.679166667<x35>[B] (+1) -0.679166667<x36>[B] (+1) +0.679166667<x37>[B] (+1) -0.679166667<x38>[B] (+1) -0.679166667<x39>[B] (+1) -0.679166667<x40>[B] (+1) -0.679166667<x41>[B] (+1) -0.679166667<x42>[B] (+1) +0.679166667<x43>[B] (+1) +0.679166667<x44>[B] (+1) -0.679166667<x45>[B] (+1) -0.679166667<x46>[B] (+1) -0.679166667<x47>[B] (+1) +0.679166667<x48>[B] (+1) +0.679166667<x49>[B] (+1) -0.679166667<x50>[B] (+1) +0.679166667<x51>[B] (+1) +0.679166667<x52>[B] (+1) -0.679166667<x53>[B] (+1) -0.679166667<x54>[B] (+1) -0.679166667<x55>[B] (+1) -0.679166667<x56>[B] (+1) -0.679166667<x57>[B] (+1) -0.679166667<x58>[B] (+1) -0.679166667<x59>[B] (+1) +0.679166667<x60>[B] (+1) -0.679166667<x61>[B] (+1) -0.679166667<x62>[B] (+1) -0.679166667<x63>[B] (+1) -0.679166667<x64>[B] (+1) -0.679166667<x65>[B] (+1) -0.679166667<x66>[B] (+1) -0.679166667<x67>[B] (+1) -0.679166667<x68>[B] (+1) +0.679166667<x69>[B] (+1) +0.679166667<x70>[B] (+1) -0.679166667<x71>[B] (+1) +0.679166667<x72>[B] (+1) +0.679166667<x73>[B] (+1) -0.679166667<x74>[B] (+1) -0.679166667<x75>[B] (+1) -0.679166667<x76>[B] (+1) -0.679166667<x77>[B] (+1) +0.679166667<x78>[B] (+1) +0.679166667<x79>[B] (+1) -0.679166667<x80>[B] (+1) +0.679166667<x81>[B] (+1) +0.679166667<x82>[B] (+1) -0.679166667<x83>[B] (+1) -0.679166667<x84>[B] (+1) +0.679166667<x85>[B] (+1) +0.679166667<x86>[B] (+1) +0.679166667<x87>[B] (+1) -0.679166667<x88>[B] (+1) +0.679166667<x89>[B] (+1) +0.679166667<x90>[B] (+1) +0.679166667<x91>[B] (+1) +0.679166667<x92>[B] (+1) +0.679166667<x93>[B] (+1) +0.679166667<x94>[B] (+1) -0.679166667<x95>[B] (+1) +0.679166667<x96>[B] (+1) +0.679166667<x97>[B] (+1) -0.679166667<x98>[B] (+1) -0.679166667<x99>[B] (+1) +0.679166667<x100>[B] (+1) -0.679166667<x101>[B] (+1) -0.679166667<x102>[B] (+1) -0.679166667<x103>[B] (+1) -0.679166667<x104>[B] (+1) -0.679166667<x105>[B] (+1) -0.679166667<x106>[B] (+1) -0.679166667<x107>[B] (+1) -0.679166667<x108>[B] (+1) -0.679166667<x109>[B] (+1) -0.679166667<x110>[B] (+1) +0.679166667<x111>[B] (+1) +0.679166667<x112>[B] (+1) +0.679166667<x113>[B] (+1) +0.679166667<x114>[B] (+1) +0.679166667<x115>[B] (+1) -0.679166667<x116>[B] (+1) -0.679166667<x117>[B] (+1) -0.679166667<x118>[B] (+1) -0.679166667<x119>[B] (+1) -0.679166667<x120>[B] (+1) >= -1.86666666666667;
;
violation: left hand side is violated by 28.0166666666667
  [linear] <c1122>: <x122>[C] (+0) -0.554166667<x1>[B] (+0) +0.554166667<x2>[B] (+0) -0.554166667<x3>[B] (+0) -0.554166667<x4>[B] (+0) -0.554166667<x5>[B] (+0) +0.554166667<x6>[B] (+0) +0.554166667<x7>[B] (+0) -0.554166667<x8>[B] (+0) -0.554166667<x9>[B] (+0) +0.554166667<x10>[B] (+0) +0.554166667<x11>[B] (+0) -0.554166667<x12>[B] (+0) -0.554166667<x13>[B] (+0) -0.554166667<x14>[B] (+0) -0.554166667<x15>[B] (+0) +0.554166667<x16>[B] (+0) +0.554166667<x17>[B] (+0) +0.554166667<x18>[B] (+0) +0.554166667<x19>[B] (+0) +0.554166667<x20>[B] (+0) +0.554166667<x21>[B] (+0) +0.554166667<x22>[B] (+0) +0.554166667<x23>[B] (+0) +0.554166667<x24>[B] (+0) +0.554166667<x25>[B] (+0) +0.554166667<x26>[B] (+0) +0.554166667<x27>[B] (+0) +0.554166667<x28>[B] (+0) +0.554166667<x29>[B] (+0) -0.554166667<x30>[B] (+0) -0.554166667<x31>[B] (+0) -0.554166667<x32>[B] (+0) -0.554166667<x33>[B] (+0) -0.554166667<x34>[B] (+0) -0.554166667<x35>[B] (+0) -0.554166667<x36>[B] (+0) -0.554166667<x37>[B] (+0) +0.554166667<x38>[B] (+0) -0.554166667<x39>[B] (+0) -0.554166667<x40>[B] (+0) -0.554166667<x41>[B] (+0) -0.554166667<x42>[B] (+0) +0.554166667<x43>[B] (+0) +0.554166667<x44>[B] (+0) +0.554166667<x45>[B] (+0) +0.554166667<x46>[B] (+0) +0.554166667<x47>[B] (+0) +0.554166667<x48>[B] (+0) +0.554166667<x49>[B] (+0) +0.554166667<x50>[B] (+0) +0.554166667<x51>[B] (+0) +0.554166667<x52>[B] (+0) +0.554166667<x53>[B] (+0) +0.554166667<x54>[B] (+0) +0.554166667<x55>[B] (+0) +0.554166667<x56>[B] (+0) +0.554166667<x57>[B] (+0) +0.554166667<x58>[B] (+0) +0.554166667<x59>[B] (+0) +0.554166667<x60>[B] (+0) +0.554166667<x61>[B] (+0) +0.554166667<x62>[B] (+0) -0.554166667<x63>[B] (+0) -0.554166667<x64>[B] (+0) +0.554166667<x65>[B] (+0) +0.554166667<x66>[B] (+0) +0.554166667<x67>[B] (+0) +0.554166667<x68>[B] (+0) +0.554166667<x69>[B] (+0) +0.554166667<x70>[B] (+0) +0.554166667<x71>[B] (+0) +0.554166667<x72>[B] (+0) -0.554166667<x73>[B] (+0) -0.554166667<x74>[B] (+0) +0.554166667<x75>[B] (+0) -0.554166667<x76>[B] (+0) -0.554166667<x77>[B] (+0) -0.554166667<x78>[B] (+0) -0.554166667<x79>[B] (+0) +0.554166667<x80>[B] (+0) -0.554166667<x81>[B] (+0) -0.554166667<x82>[B] (+0) -0.554166667<x83>[B] (+0) -0.554166667<x84>[B] (+0) -0.554166667<x85>[B] (+0) -0.554166667<x86>[B] (+0) -0.554166667<x87>[B] (+0) +0.554166667<x88>[B] (+0) -0.554166667<x89>[B] (+0) -0.554166667<x90>[B] (+0) -0.554166667<x91>[B] (+0) -0.554166667<x92>[B] (+0) +0.554166667<x93>[B] (+0) +0.554166667<x94>[B] (+0) +0.554166667<x95>[B] (+0) +0.554166667<x96>[B] (+0) -0.554166667<x97>[B] (+0) -0.554166667<x98>[B] (+0) +0.554166667<x99>[B] (+0) +0.554166667<x100>[B] (+0) +0.554166667<x101>[B] (+0) -0.554166667<x102>[B] (+0) -0.554166667<x103>[B] (+0) -0.554166667<x104>[B] (+0) +0.554166667<x105>[B] (+0) +0.554166667<x106>[B] (+0) -0.554166667<x107>[B] (+0) -0.554166667<x108>[B] (+0) -0.554166667<x109>[B] (+0) -0.554166667<x110>[B] (+0) -0.554166667<x111>[B] (+0) -0.554166667<x112>[B] (+0) -0.554166667<x113>[B] (+0) -0.554166667<x114>[B] (+0) -0.554166667<x115>[B] (+0) -0.554166667<x116>[B] (+0) +0.554166667<x117>[B] (+0) -0.554166667<x118>[B] (+0) +0.554166667<x119>[B] (+0) +0.554166667<x120>[B] (+0) >= 16.4875;
;
violation: left hand side is violated by 16.4875
1/6 feasible solution given by solution candidate storage, new primal bound -1.999824e+06

presolving:
   (0.0s) symmetry computation started: requiring (bin +, int +, cont +), (fixed: bin -, int -, cont -)
   (0.0s) no symmetry present (symcode time: 0.00)
presolving (0 rounds: 0 fast, 0 medium, 0 exhaustive):
 0 deleted vars, 0 deleted constraints, 0 added constraints, 0 tightened bounds, 0 added holes, 0 changed sides, 0 changed coefficients
 0 implications, 0 cliques, 0 implied integral variables (0 bin, 0 int, 0 cont)
presolved problem has 140 variables (120 bin, 0 int, 20 cont) and 1140 constraints
   1140 constraints of type <linear>
Presolving Time: 0.00
transformed 1/1 original solutions to the transformed problem space

 time | node  | left  |LP iter|LP it/n|mem/heur|mdpt |vars |cons |rows |cuts |sepa|confs|strbr|  dualbound   | primalbound  |  gap   | compl. 
p 0.0s|     1 |     0 |     2 |     - |   locks|   0 | 140 |1140 |1140 |   0 |  0 |   0 |   0 | 3.400000e+02 |-2.919958e+02 |    Inf | unknown
* 0.0s|     1 |     0 |   102 |     - |    LP  |   0 | 140 |1140 |1140 |   0 |  0 |   0 |   0 |-1.073667e+02 |-1.073667e+02 |   0.00%| unknown
  0.0s|     1 |     0 |   102 |     - |  7505k |   0 | 140 |1140 |1140 |   0 |  0 |   0 |   0 |-1.073667e+02 |-1.073667e+02 |   0.00%| unknown

SCIP Status        : problem is solved [optimal solution found]
Solving Time (sec) : 0.01
Solving Nodes      : 1
Primal Bound       : -1.07366666666667e+02 (4 solutions)
Dual Bound         : -1.07366666666667e+02
Gap                : 0.00 %
  [linear] <c1141>: <x122>[C] (+17.5958333) -0.5375<x1>[B] (+1) +0.5375<x2>[B] (+0) -0.5375<x3>[B] (+1) -0.5375<x4>[B] (+0) -0.5375<x5>[B] (+1) +0.5375<x6>[B] (+1) +0.5375<x7>[B] (+1) -0.5375<x8>[B] (+1) -0.5375<x9>[B] (+1) +0.5375<x10>[B] (+1) +0.5375<x11>[B] (+1) -0.5375<x12>[B] (+1) -0.5375<x13>[B] (+1) -0.5375<x14>[B] (+1) -0.5375<x15>[B] (+1) +0.5375<x16>[B] (+0) +0.5375<x17>[B] (+1) +0.5375<x18>[B] (+0) +0.5375<x19>[B] (+0) +0.5375<x20>[B] (+0) +0.5375<x21>[B] (+0) +0.5375<x22>[B] (+1) +0.5375<x23>[B] (+1) +0.5375<x24>[B] (+0) +0.5375<x25>[B] (+1) +0.5375<x26>[B] (+1) +0.5375<x27>[B] (+0) +0.5375<x28>[B] (+0) +0.5375<x29>[B] (+1) -0.5375<x30>[B] (+1) -0.5375<x31>[B] (+0) -0.5375<x32>[B] (+1) -0.5375<x33>[B] (+1) -0.5375<x34>[B] (+1) -0.5375<x35>[B] (+1) -0.5375<x36>[B] (+1) -0.5375<x37>[B] (+1) +0.5375<x38>[B] (+1) -0.5375<x39>[B] (+1) -0.5375<x40>[B] (+1) -0.5375<x41>[B] (+1) -0.5375<x42>[B] (+1) +0.5375<x43>[B] (+0) +0.5375<x44>[B] (+0) +0.5375<x45>[B] (+0) +0.5375<x46>[B] (+0) +0.5375<x47>[B] (+0) +0.5375<x48>[B] (+0) +0.5375<x49>[B] (+0) +0.5375<x50>[B] (+0) +0.5375<x51>[B] (+0) +0.5375<x52>[B] (+0) +0.5375<x53>[B] (+0) +0.5375<x54>[B] (+0) +0.5375<x55>[B] (+1) +0.5375<x56>[B] (+1) +0.5375<x57>[B] (+1) +0.5375<x58>[B] (+1) +0.5375<x59>[B] (+1) +0.5375<x60>[B] (+1) +0.5375<x61>[B] (+1) +0.5375<x62>[B] (+1) -0.5375<x63>[B] (+1) -0.5375<x64>[B] (+1) +0.5375<x65>[B] (+1) +0.5375<x66>[B] (+1) +0.5375<x67>[B] (+1) +0.5375<x68>[B] (+1) +0.5375<x69>[B] (+1) +0.5375<x70>[B] (+1) +0.5375<x71>[B] (+1) +0.5375<x72>[B] (+1) -0.5375<x73>[B] (+0) -0.5375<x74>[B] (+1) +0.5375<x75>[B] (+1) -0.5375<x76>[B] (+1) -0.5375<x77>[B] (+1) -0.5375<x78>[B] (+1) -0.5375<x79>[B] (+0) +0.5375<x80>[B] (+1) -0.5375<x81>[B] (+1) -0.5375<x82>[B] (+0) -0.5375<x83>[B] (+0) -0.5375<x84>[B] (+1) -0.5375<x85>[B] (+1) -0.5375<x86>[B] (+1) -0.5375<x87>[B] (+0) +0.5375<x88>[B] (+1) -0.5375<x89>[B] (+1) -0.5375<x90>[B] (+0) -0.5375<x91>[B] (+0) -0.5375<x92>[B] (+1) +0.5375<x93>[B] (+1) +0.5375<x94>[B] (+0) +0.5375<x95>[B] (+0) +0.5375<x96>[B] (+0) -0.5375<x97>[B] (+0) -0.5375<x98>[B] (+0) +0.5375<x99>[B] (+0) +0.5375<x100>[B] (+0) +0.5375<x101>[B] (+0) -0.5375<x102>[B] (+0) -0.5375<x103>[B] (+0) -0.5375<x104>[B] (+0) +0.5375<x105>[B] (+0) +0.5375<x106>[B] (+1) -0.5375<x107>[B] (+1) -0.5375<x108>[B] (+0) -0.5375<x109>[B] (+1) -0.5375<x110>[B] (+1) -0.5375<x111>[B] (+0) -0.5375<x112>[B] (+0) -0.5375<x113>[B] (+0) -0.5375<x114>[B] (+0) -0.5375<x115>[B] (+0) -0.5375<x116>[B] (+0) +0.5375<x117>[B] (+0) -0.5375<x118>[B] (+1) +0.5375<x119>[B] (+1) +0.5375<x120>[B] (+1) >= 16.5291666666667;
;
violation: left hand side is violated by 0.00833333333333286
  [linear] <c1141>: <x122>[C] (+5.95833333) -0.5375<x1>[B] (+0) +0.5375<x2>[B] (+1) -0.5375<x3>[B] (+0) -0.5375<x4>[B] (+1) -0.5375<x5>[B] (+0) +0.5375<x6>[B] (+0) +0.5375<x7>[B] (+0) -0.5375<x8>[B] (+0) -0.5375<x9>[B] (+0) +0.5375<x10>[B] (+0) +0.5375<x11>[B] (+0) -0.5375<x12>[B] (+0) -0.5375<x13>[B] (+0) -0.5375<x14>[B] (+0) -0.5375<x15>[B] (+0) +0.5375<x16>[B] (+1) +0.5375<x17>[B] (+0) +0.5375<x18>[B] (+1) +0.5375<x19>[B] (+1) +0.5375<x20>[B] (+1) +0.5375<x21>[B] (+1) +0.5375<x22>[B] (+1) +0.5375<x23>[B] (+0) +0.5375<x24>[B] (+1) +0.5375<x25>[B] (+1) +0.5375<x26>[B] (+1) +0.5375<x27>[B] (+1) +0.5375<x28>[B] (+1) +0.5375<x29>[B] (+0) -0.5375<x30>[B] (+0) -0.5375<x31>[B] (+1) -0.5375<x32>[B] (+0) -0.5375<x33>[B] (+0) -0.5375<x34>[B] (+0) -0.5375<x35>[B] (+0) -0.5375<x36>[B] (+0) -0.5375<x37>[B] (+0) +0.5375<x38>[B] (+0) -0.5375<x39>[B] (+0) -0.5375<x40>[B] (+0) -0.5375<x41>[B] (+0) -0.5375<x42>[B] (+0) +0.5375<x43>[B] (+1) +0.5375<x44>[B] (+1) +0.5375<x45>[B] (+1) +0.5375<x46>[B] (+1) +0.5375<x47>[B] (+1) +0.5375<x48>[B] (+1) +0.5375<x49>[B] (+1) +0.5375<x50>[B] (+1) +0.5375<x51>[B] (+1) +0.5375<x52>[B] (+1) +0.5375<x53>[B] (+1) +0.5375<x54>[B] (+1) +0.5375<x55>[B] (+0) +0.5375<x56>[B] (+0) +0.5375<x57>[B] (+0) +0.5375<x58>[B] (+0) +0.5375<x59>[B] (+0) +0.5375<x60>[B] (+0) +0.5375<x61>[B] (+0) +0.5375<x62>[B] (+0) -0.5375<x63>[B] (+0) -0.5375<x64>[B] (+0) +0.5375<x65>[B] (+0) +0.5375<x66>[B] (+1) +0.5375<x67>[B] (+1) +0.5375<x68>[B] (+1) +0.5375<x69>[B] (+0) +0.5375<x70>[B] (+1) +0.5375<x71>[B] (+0) +0.5375<x72>[B] (+1) -0.5375<x73>[B] (+1) -0.5375<x74>[B] (+0) +0.5375<x75>[B] (+0) -0.5375<x76>[B] (+0) -0.5375<x77>[B] (+0) -0.5375<x78>[B] (+0) -0.5375<x79>[B] (+1) +0.5375<x80>[B] (+0) -0.5375<x81>[B] (+0) -0.5375<x82>[B] (+1) -0.5375<x83>[B] (+0) -0.5375<x84>[B] (+0) -0.5375<x85>[B] (+0) -0.5375<x86>[B] (+0) -0.5375<x87>[B] (+1) +0.5375<x88>[B] (+0) -0.5375<x89>[B] (+0) -0.5375<x90>[B] (+1) -0.5375<x91>[B] (+0) -0.5375<x92>[B] (+0) +0.5375<x93>[B] (+0) +0.5375<x94>[B] (+1) +0.5375<x95>[B] (+0) +0.5375<x96>[B] (+1) -0.5375<x97>[B] (+1) -0.5375<x98>[B] (+0) +0.5375<x99>[B] (+0) +0.5375<x100>[B] (+1) +0.5375<x101>[B] (+1) -0.5375<x102>[B] (+1) -0.5375<x103>[B] (+1) -0.5375<x104>[B] (+1) +0.5375<x105>[B] (+1) +0.5375<x106>[B] (+0) -0.5375<x107>[B] (+0) -0.5375<x108>[B] (+0) -0.5375<x109>[B] (+0) -0.5375<x110>[B] (+0) -0.5375<x111>[B] (+1) -0.5375<x112>[B] (+1) -0.5375<x113>[B] (+1) -0.5375<x114>[B] (+0) -0.5375<x115>[B] (+1) -0.5375<x116>[B] (+0) +0.5375<x117>[B] (+0) -0.5375<x118>[B] (+0) +0.5375<x119>[B] (+0) +0.5375<x120>[B] (+0) >= 16.5291666666667;
;
violation: left hand side is violated by 0.358333333333338
2/4 feasible solutions given by solution candidate storage, new primal bound -1.999824e+06

presolving:
   (0.0s) symmetry computation started: requiring (bin +, int +, cont +), (fixed: bin -, int -, cont -)
   (0.0s) no symmetry present (symcode time: 0.00)
presolving (0 rounds: 0 fast, 0 medium, 0 exhaustive):
 0 deleted vars, 0 deleted constraints, 0 added constraints, 0 tightened bounds, 0 added holes, 0 changed sides, 0 changed coefficients
 0 implications, 0 cliques, 0 implied integral variables (0 bin, 0 int, 0 cont)
presolved problem has 140 variables (120 bin, 0 int, 20 cont) and 1156 constraints
   1156 constraints of type <linear>
Presolving Time: 0.00
transformed 2/2 original solutions to the transformed problem space

 time | node  | left  |LP iter|LP it/n|mem/heur|mdpt |vars |cons |rows |cuts |sepa|confs|strbr|  dualbound   | primalbound  |  gap   | compl. 
p 0.0s|     1 |     0 |     4 |     - |   locks|   0 | 140 |1156 |1156 |   0 |  0 |   0 |   0 | 3.400000e+02 |-2.954625e+02 |    Inf | unknown
  0.0s|     1 |     0 |   111 |     - |  8587k |   0 | 140 |1156 |1156 |   0 |  0 |   0 |   0 |-1.074375e+02 |-2.954625e+02 | 175.01%| unknown
r 0.0s|     1 |     0 |   111 |     - |shifting|   0 | 140 |1156 |1156 |   0 |  0 |   0 |   0 |-1.074375e+02 |-1.089646e+02 |   1.42%| unknown
  0.0s|     1 |     0 |   114 |     - |  8869k |   0 | 140 |1156 |1157 |   1 |  1 |   0 |   0 |-1.074486e+02 |-1.089646e+02 |   1.41%| unknown
  0.0s|     1 |     0 |   114 |     - |  8880k |   0 | 140 |1156 |1157 |   1 |  1 |   0 |   0 |-1.074486e+02 |-1.089646e+02 |   1.41%| unknown
  0.0s|     1 |     0 |   114 |     - |  8880k |   0 | 140 |1156 | 501 |   1 |  1 |   0 |   0 |-1.074486e+02 |-1.089646e+02 |   1.41%| unknown
  0.0s|     1 |     0 |   116 |     - |  9115k |   0 | 140 |1156 | 503 |   3 |  2 |   0 |   0 |-1.074500e+02 |-1.089646e+02 |   1.41%| unknown
  0.0s|     1 |     0 |   116 |     - |  9115k |   0 | 140 | 441 | 503 |   3 |  3 |   0 |   0 |-1.074500e+02 |-1.089646e+02 |   1.41%| unknown
d 0.0s|     1 |     0 |   116 |     - |farkasdi|   0 | 140 | 441 | 503 |   0 |  4 |   0 |   0 |-1.074500e+02 |-1.074500e+02 |   0.00%| unknown
  0.0s|     1 |     0 |   116 |     - |  9120k |   0 | 140 | 441 | 503 |   3 |  4 |   0 |   0 |-1.074500e+02 |-1.074500e+02 |   0.00%| unknown

SCIP Status        : problem is solved [optimal solution found]
Solving Time (sec) : 0.02
Solving Nodes      : 1
Primal Bound       : -1.07450000000000e+02 (6 solutions)
Dual Bound         : -1.07450000000000e+02
Gap                : 0.00 %
  [linear] <c1157>: <x123>[C] (+20.4083333) +0.579166667<x1>[B] (+1) +0.579166667<x2>[B] (+0) -0.579166667<x3>[B] (+1) +0.579166667<x4>[B] (+0) +0.579166667<x5>[B] (+1) +0.579166667<x6>[B] (+1) +0.579166667<x7>[B] (+1) +0.579166667<x8>[B] (+1) +0.579166667<x9>[B] (+1) +0.579166667<x10>[B] (+1) -0.579166667<x11>[B] (+1) +0.579166667<x12>[B] (+1) +0.579166667<x13>[B] (+1) +0.579166667<x14>[B] (+1) -0.579166667<x15>[B] (+1) +0.579166667<x16>[B] (+0) -0.579166667<x17>[B] (+1) +0.579166667<x18>[B] (+0) +0.579166667<x19>[B] (+0) -0.579166667<x20>[B] (+1) +0.579166667<x21>[B] (+0) +0.579166667<x22>[B] (+1) +0.579166667<x23>[B] (+1) +0.579166667<x24>[B] (+0) -0.579166667<x25>[B] (+1) +0.579166667<x26>[B] (+1) +0.579166667<x27>[B] (+0) +0.579166667<x28>[B] (+0) -0.579166667<x29>[B] (+1) -0.579166667<x30>[B] (+1) -0.579166667<x31>[B] (+0) +0.579166667<x32>[B] (+1) -0.579166667<x33>[B] (+1) +0.579166667<x34>[B] (+1) +0.579166667<x35>[B] (+1) +0.579166667<x36>[B] (+1) -0.579166667<x37>[B] (+1) -0.579166667<x38>[B] (+1) +0.579166667<x39>[B] (+1) +0.579166667<x40>[B] (+1) -0.579166667<x41>[B] (+1) -0.579166667<x42>[B] (+1) +0.579166667<x43>[B] (+0) +0.579166667<x44>[B] (+0) +0.579166667<x45>[B] (+0) +0.579166667<x46>[B] (+0) +0.579166667<x47>[B] (+1) +0.579166667<x48>[B] (+0) +0.579166667<x49>[B] (+0) -0.579166667<x50>[B] (+0) +0.579166667<x51>[B] (+0) +0.579166667<x52>[B] (+0) +0.579166667<x53>[B] (+0) -0.579166667<x54>[B] (+0) +0.579166667<x55>[B] (+1) -0.579166667<x56>[B] (+1) +0.579166667<x57>[B] (+1) +0.579166667<x58>[B] (+1) +0.579166667<x59>[B] (+1) +0.579166667<x60>[B] (+1) -0.579166667<x61>[B] (+1) +0.579166667<x62>[B] (+1) +0.579166667<x63>[B] (+1) +0.579166667<x64>[B] (+1) -0.579166667<x65>[B] (+1) -0.579166667<x66>[B] (+1) +0.579166667<x67>[B] (-1.91668903e-12) -0.579166667<x68>[B] (+1) +0.579166667<x69>[B] (+1) -0.579166667<x70>[B] (+1) -0.579166667<x71>[B] (+1) +0.579166667<x72>[B] (+1) +0.579166667<x73>[B] (+0) -0.579166667<x74>[B] (+1) -0.579166667<x75>[B] (+1) +0.579166667<x76>[B] (-1.91668903e-12) +0.579166667<x77>[B] (+1) +0.579166667<x78>[B] (+1) +0.579166667<x79>[B] (+0) -0.579166667<x80>[B] (+1) +0.579166667<x81>[B] (+1) +0.579166667<x82>[B] (+0) +0.579166667<x83>[B] (+0) -0.579166667<x84>[B] (+1) -0.579166667<x85>[B] (+1) -0.579166667<x86>[B] (+1) -0.579166667<x87>[B] (+1) -0.579166667<x88>[B] (+1) +0.579166667<x89>[B] (+1) +0.579166667<x90>[B] (+0) -0.579166667<x91>[B] (+1) -0.579166667<x92>[B] (+1) +0.579166667<x93>[B] (+1.43818291e-12) -0.579166667<x94>[B] (+0) -0.579166667<x95>[B] (+0) +0.579166667<x96>[B] (+0) +0.579166667<x97>[B] (+0) -0.579166667<x98>[B] (+0) -0.579166667<x99>[B] (+0) -0.579166667<x100>[B] (+0) -0.579166667<x101>[B] (+0) +0.579166667<x102>[B] (+0) +0.579166667<x103>[B] (+0) -0.579166667<x104>[B] (+0) -0.579166667<x105>[B] (+0) -0.579166667<x106>[B] (+1) +0.579166667<x107>[B] (+1) +0.579166667<x108>[B] (+0) -0.579166667<x109>[B] (+1) -0.579166667<x110>[B] (+1) +0.579166667<x111>[B] (+0) +0.579166667<x112>[B] (+0) +0.579166667<x113>[B] (+0) -0.579166667<x114>[B] (+0) -0.579166667<x115>[B] (+0) -0.579166667<x116>[B] (+0) -0.579166667<x117>[B] (+0) -0.579166667<x118>[B] (+1) -0.579166667<x119>[B] (+1) -0.579166667<x120>[B] (+1) >= 19.8375;
;
violation: left hand side is violated by 0.00833333333342523
  [linear] <c1157>: <x123>[C] (+20.4083333) +0.579166667<x1>[B] (+1) +0.579166667<x2>[B] (+0) -0.579166667<x3>[B] (+1) +0.579166667<x4>[B] (+0) +0.579166667<x5>[B] (+1) +0.579166667<x6>[B] (+1) +0.579166667<x7>[B] (+1) +0.579166667<x8>[B] (+1) +0.579166667<x9>[B] (+1) +0.579166667<x10>[B] (+1) -0.579166667<x11>[B] (+1) +0.579166667<x12>[B] (+1) +0.579166667<x13>[B] (+1) +0.579166667<x14>[B] (+1) -0.579166667<x15>[B] (+1) +0.579166667<x16>[B] (+0) -0.579166667<x17>[B] (+1) +0.579166667<x18>[B] (+0) +0.579166667<x19>[B] (+0) -0.579166667<x20>[B] (+1) +0.579166667<x21>[B] (+0) +0.579166667<x22>[B] (+1) +0.579166667<x23>[B] (+1) +0.579166667<x24>[B] (+0) -0.579166667<x25>[B] (+1) +0.579166667<x26>[B] (+1) +0.579166667<x27>[B] (+0) +0.579166667<x28>[B] (+0) -0.579166667<x29>[B] (+1) -0.579166667<x30>[B] (+1) -0.579166667<x31>[B] (+0) +0.579166667<x32>[B] (+1) -0.579166667<x33>[B] (+1) +0.579166667<x34>[B] (+1) +0.579166667<x35>[B] (+1) +0.579166667<x36>[B] (+1) -0.579166667<x37>[B] (+1) -0.579166667<x38>[B] (+1) +0.579166667<x39>[B] (+1) +0.579166667<x40>[B] (+1) -0.579166667<x41>[B] (+1) -0.579166667<x42>[B] (+1) +0.579166667<x43>[B] (+0) +0.579166667<x44>[B] (+0) +0.579166667<x45>[B] (+0) +0.579166667<x46>[B] (+0) +0.579166667<x47>[B] (+1) +0.579166667<x48>[B] (+0) +0.579166667<x49>[B] (+0) -0.579166667<x50>[B] (+0) +0.579166667<x51>[B] (+0) +0.579166667<x52>[B] (+0) +0.579166667<x53>[B] (+0) -0.579166667<x54>[B] (+0) +0.579166667<x55>[B] (+1) -0.579166667<x56>[B] (+1) +0.579166667<x57>[B] (+1) +0.579166667<x58>[B] (+1) +0.579166667<x59>[B] (+1) +0.579166667<x60>[B] (+1) -0.579166667<x61>[B] (+1) +0.579166667<x62>[B] (+1) +0.579166667<x63>[B] (+1) +0.579166667<x64>[B] (+1) -0.579166667<x65>[B] (+1) -0.579166667<x66>[B] (+1) +0.579166667<x67>[B] (-2.1360691e-13) -0.579166667<x68>[B] (+1) +0.579166667<x69>[B] (+1) -0.579166667<x70>[B] (+1) -0.579166667<x71>[B] (+1) +0.579166667<x72>[B] (+1) +0.579166667<x73>[B] (+0) -0.579166667<x74>[B] (+1) -0.579166667<x75>[B] (+1) +0.579166667<x76>[B] (-2.13631196e-13) +0.579166667<x77>[B] (+1) +0.579166667<x78>[B] (+1) +0.579166667<x79>[B] (+0) -0.579166667<x80>[B] (+1) +0.579166667<x81>[B] (+1) +0.579166667<x82>[B] (+0) +0.579166667<x83>[B] (+0) -0.579166667<x84>[B] (+1) -0.579166667<x85>[B] (+1) -0.579166667<x86>[B] (+1) -0.579166667<x87>[B] (+1) -0.579166667<x88>[B] (+1) +0.579166667<x89>[B] (+1) +0.579166667<x90>[B] (+0) -0.579166667<x91>[B] (+1) -0.579166667<x92>[B] (+1) +0.579166667<x93>[B] (+0) -0.579166667<x94>[B] (+0) -0.579166667<x95>[B] (+0) +0.579166667<x96>[B] (+0) +0.579166667<x97>[B] (+0) -0.579166667<x98>[B] (+0) -0.579166667<x99>[B] (+0) -0.579166667<x100>[B] (+0) -0.579166667<x101>[B] (+0) +0.579166667<x102>[B] (+0) +0.579166667<x103>[B] (+0) -0.579166667<x104>[B] (+0) -0.579166667<x105>[B] (+0) -0.579166667<x106>[B] (+1) +0.579166667<x107>[B] (+1) +0.579166667<x108>[B] (+0) -0.579166667<x109>[B] (+1) -0.579166667<x110>[B] (+1) +0.579166667<x111>[B] (+0) +0.579166667<x112>[B] (+0) +0.579166667<x113>[B] (+0) -0.579166667<x114>[B] (+0) -0.579166667<x115>[B] (+0) -0.579166667<x116>[B] (+0) -0.579166667<x117>[B] (+0) -0.579166667<x118>[B] (+1) -0.579166667<x119>[B] (+1) -0.579166667<x120>[B] (+1) >= 19.8375;
;
violation: left hand side is violated by 0.00833333333336128
  [linear] <c1158>: <x125>[C] (+24.0583333) +0.629166667<x1>[B] (+1) -0.629166667<x2>[B] (+0) -0.629166667<x3>[B] (+1) -0.629166667<x4>[B] (+0) -0.629166667<x5>[B] (+1) -0.629166667<x6>[B] (+1) -0.629166667<x7>[B] (+1) -0.629166667<x8>[B] (+1) -0.629166667<x9>[B] (+1) -0.629166667<x10>[B] (+1) -0.629166667<x11>[B] (+1) -0.629166667<x12>[B] (+1) -0.629166667<x13>[B] (+1) -0.629166667<x14>[B] (+1) -0.629166667<x15>[B] (+1) -0.629166667<x16>[B] (+0) -0.629166667<x17>[B] (+1) -0.629166667<x18>[B] (+0) -0.629166667<x19>[B] (+0) -0.629166667<x20>[B] (+0) -0.629166667<x21>[B] (+0) -0.629166667<x22>[B] (+1) -0.629166667<x23>[B] (+1) -0.629166667<x24>[B] (+0) -0.629166667<x25>[B] (+1) -0.629166667<x26>[B] (+1) -0.629166667<x27>[B] (+0) -0.629166667<x28>[B] (+0) -0.629166667<x29>[B] (+1) -0.629166667<x30>[B] (+1) +0.629166667<x31>[B] (+0) +0.629166667<x32>[B] (+1) -0.629166667<x33>[B] (+1) -0.629166667<x34>[B] (+1) -0.629166667<x35>[B] (+1) +0.629166667<x36>[B] (+1) -0.629166667<x37>[B] (+1) -0.629166667<x38>[B] (+1) +0.629166667<x39>[B] (+1) -0.629166667<x40>[B] (+1) +0.629166667<x41>[B] (+1) -0.629166667<x42>[B] (+1) +0.629166667<x43>[B] (+0) +0.629166667<x44>[B] (+0) +0.629166667<x45>[B] (+0) +0.629166667<x46>[B] (+0) -0.629166667<x47>[B] (+1) +0.629166667<x48>[B] (+0) +0.629166667<x49>[B] (+0) +0.629166667<x50>[B] (+0) +0.629166667<x51>[B] (+0) -0.629166667<x52>[B] (+0) +0.629166667<x53>[B] (+0) +0.629166667<x54>[B] (+0) +0.629166667<x55>[B] (+1) -0.629166667<x56>[B] (+1) -0.629166667<x57>[B] (+1) -0.629166667<x58>[B] (+1) -0.629166667<x59>[B] (+1) -0.629166667<x60>[B] (+1) -0.629166667<x61>[B] (+1) +0.629166667<x62>[B] (+1) -0.629166667<x63>[B] (+1) -0.629166667<x64>[B] (+1) -0.629166667<x65>[B] (+1) -0.629166667<x66>[B] (+1) -0.629166667<x67>[B] (+1) -0.629166667<x68>[B] (+1) -0.629166667<x69>[B] (+1) -0.629166667<x70>[B] (+1) -0.629166667<x71>[B] (+1) -0.629166667<x72>[B] (+1) -0.629166667<x73>[B] (+0) -0.629166667<x74>[B] (+1) -0.629166667<x75>[B] (+1) +0.629166667<x76>[B] (+0) -0.629166667<x77>[B] (+1) +0.629166667<x78>[B] (+1) -0.629166667<x79>[B] (+0) -0.629166667<x80>[B] (+1) +0.629166667<x81>[B] (+1) -0.629166667<x82>[B] (+0) +0.629166667<x83>[B] (+0) -0.629166667<x84>[B] (+1) -0.629166667<x85>[B] (+1) +0.629166667<x86>[B] (+1) -0.629166667<x87>[B] (+0) -0.629166667<x88>[B] (+1) +0.629166667<x89>[B] (+1) -0.629166667<x90>[B] (+0) +0.629166667<x91>[B] (+0) -0.629166667<x92>[B] (+1) +0.629166667<x93>[B] (+5.31796829e-13) +0.629166667<x94>[B] (+0) +0.629166667<x95>[B] (+0) +0.629166667<x96>[B] (+0) -0.629166667<x97>[B] (+0) +0.629166667<x98>[B] (+0) +0.629166667<x99>[B] (+0) -0.629166667<x100>[B] (+0) -0.629166667<x101>[B] (+0) +0.629166667<x102>[B] (+0) -0.629166667<x103>[B] (+0) -0.629166667<x104>[B] (+0) -0.629166667<x105>[B] (+0) +0.629166667<x106>[B] (+1) +0.629166667<x107>[B] (+1) -0.629166667<x108>[B] (+0) +0.629166667<x109>[B] (+1) +0.629166667<x110>[B] (+1) +0.629166667<x111>[B] (+0) -0.629166667<x112>[B] (+0) +0.629166667<x113>[B] (+0) +0.629166667<x114>[B] (+0) -0.629166667<x115>[B] (+0) -0.629166667<x116>[B] (+0) -0.629166667<x117>[B] (+0) +0.629166667<x118>[B] (+1) +0.629166667<x119>[B] (+1) -0.629166667<x120>[B] (+1) >= 2.04583333333333;
;
violation: left hand side is violated by 0.00833333333331421
3/6 feasible solutions given by solution candidate storage, new primal bound -2.954625e+02

presolving:
   (0.0s) symmetry computation started: requiring (bin +, int +, cont +), (fixed: bin -, int -, cont -)
   (0.0s) no symmetry present (symcode time: 0.00)
presolving (0 rounds: 0 fast, 0 medium, 0 exhaustive):
 0 deleted vars, 0 deleted constraints, 0 added constraints, 0 tightened bounds, 0 added holes, 0 changed sides, 0 changed coefficients
 0 implications, 0 cliques, 0 implied integral variables (0 bin, 0 int, 0 cont)
presolved problem has 140 variables (120 bin, 0 int, 20 cont) and 1165 constraints
   1165 constraints of type <linear>
Presolving Time: 0.00
transformed 3/3 original solutions to the transformed problem space

 time | node  | left  |LP iter|LP it/n|mem/heur|mdpt |vars |cons |rows |cuts |sepa|confs|strbr|  dualbound   | primalbound  |  gap   | compl. 
p 0.0s|     1 |     0 |     4 |     - |   locks|   0 | 140 |1165 |1165 |   0 |  0 |   0 |   0 | 3.400000e+02 |-2.945875e+02 |    Inf | unknown
  0.0s|     1 |     0 |   149 |     - |  9452k |   0 | 140 |1165 |1165 |   0 |  0 |   0 |   0 |-1.075083e+02 |-2.945875e+02 | 174.01%| unknown
r 0.0s|     1 |     0 |   149 |     - |shifting|   0 | 140 |1165 |1165 |   0 |  0 |   0 |   0 |-1.075083e+02 |-1.144425e+02 |   6.45%| unknown
  0.0s|     1 |     0 |   153 |     - |  9951k |   0 | 140 |1165 |1168 |   3 |  1 |   0 |   0 |-1.075167e+02 |-1.144425e+02 |   6.44%| unknown
  0.0s|     1 |     0 |   153 |     - |  9962k |   0 | 140 |1165 |1168 |   3 |  1 |   0 |   0 |-1.075167e+02 |-1.144425e+02 |   6.44%| unknown
  0.0s|     1 |     0 |   156 |     - |    10M |   0 | 140 |1165 |1170 |   5 |  2 |   0 |   0 |-1.075250e+02 |-1.144425e+02 |   6.43%| unknown
r 0.0s|     1 |     0 |   156 |     - |shifting|   0 | 140 |1165 |1170 |   5 |  2 |   0 |   0 |-1.075250e+02 |-1.085431e+02 |   0.95%| unknown
  0.0s|     1 |     0 |   157 |     - |    10M |   0 | 140 |1165 |1171 |   6 |  3 |   0 |   0 |-1.075250e+02 |-1.085431e+02 |   0.95%| unknown
  0.0s|     1 |     0 |   157 |     - |    10M |   0 | 140 |1165 | 414 |   6 |  3 |   0 |   0 |-1.075250e+02 |-1.085431e+02 |   0.95%| unknown
  0.0s|     1 |     0 |   157 |     - |    10M |   0 | 140 | 362 | 414 |   6 |  4 |   0 |   0 |-1.075250e+02 |-1.085431e+02 |   0.95%| unknown
d 0.0s|     1 |     0 |   157 |     - |farkasdi|   0 | 140 | 362 | 414 |   0 |  5 |   0 |   0 |-1.075250e+02 |-1.075250e+02 |   0.00%| unknown
  0.0s|     1 |     0 |   157 |     - |    10M |   0 | 140 | 362 | 414 |   6 |  5 |   0 |   0 |-1.075250e+02 |-1.075250e+02 |   0.00%| unknown

SCIP Status        : problem is solved [optimal solution found]
Solving Time (sec) : 0.04
Solving Nodes      : 1
Primal Bound       : -1.07525000000000e+02 (9 solutions)
Dual Bound         : -1.07525000000000e+02
Gap                : 0.00 %
