Loading instance...
Median ranking: [9, 3, 14, 13, 15, 4, 2, 12, 11, 1, 7, 10, 8, 6, 5, 16]
Mean ranking: [9, 3, 14, 13, 15, 4, 2, 10, 1, 11, 8, 6, 12, 7, 5, 16]
Actual error: 0.0022974558103775466
Weighted Kendall distance: 83.5
Normalized distance: 0.06139705882352941
 add conss, 0 chg bounds, 0 chg sides, 0 chg coeffs, 0 upgd conss, 0 impls, 0 clqs, 0 implints
   (0.0s) symmetry computation started: requiring (bin +, int +, cont +), (fixed: bin -, int -, cont -)
   (0.0s) no symmetry present (symcode time: 0.00)
presolving (2 rounds: 2 fast, 2 medium, 1 exhaustive):
 0 deleted vars, 1120 deleted constraints, 560 added constraints, 0 tightened bounds, 0 added holes, 0 changed sides, 0 changed coefficients
 0 implications, 0 cliques, 0 implied integral variables (0 bin, 0 int, 0 cont)
presolved problem has 120 variables (0 bin, 0 int, 120 cont) and 560 constraints
    560 constraints of type <linear>
Presolving Time: 0.01
transformed 3/3 original solutions to the transformed problem space

 time | node  | left  |LP iter|LP it/n|mem/heur|mdpt |vars |cons |rows |cuts |sepa|confs|strbr|  dualbound   | primalbound  |  gap   | compl. 
* 0.0s|     1 |     0 |    12 |     - |    LP  |   0 | 120 | 560 | 560 |   0 |  0 |   0 |   0 | 1.920000e+02 | 1.920000e+02 |   0.00%| unknown
  0.0s|     1 |     0 |    12 |     - |  4088k |   0 | 120 | 560 | 560 |   0 |  0 |   0 |   0 | 1.920000e+02 | 1.920000e+02 |   0.00%| unknown

SCIP Status        : problem is solved [optimal solution found]
Solving Time (sec) : 0.01
Solving Nodes      : 1
Primal Bound       : +1.92000000000000e+02 (4 solutions)
Dual Bound         : +1.92000000000000e+02
Gap                : 0.00 %
feasible solution found by trivial heuristic after 0.0 seconds, objective value 6.600000e+01
presolving:
   (0.0s) running MILP presolver
   (0.0s) MILP presolver (2 rounds): 0 aggregations, 0 fixings, 0 bound changes
(round 1, medium)     0 del vars, 1120 del conss, 560 add conss, 0 chg bounds, 0 chg sides, 0 chg coeffs, 0 upgd conss, 0 impls, 0 clqs, 0 implints
   (0.0s) probing: 51/120 (42.5%) - 0 fixings, 0 aggregations, 0 implications, 0 bound changes
   (0.0s) probing aborted: 50/50 successive totally useless probings
   (0.0s) symmetry computation started: requiring (bin +, int +, cont +), (fixed: bin -, int -, cont -)
   (0.0s) no symmetry present (symcode time: 0.00)
presolving (2 rounds: 2 fast, 2 medium, 1 exhaustive):
 0 deleted vars, 1120 deleted constraints, 560 added constraints, 0 tightened bounds, 0 added holes, 0 changed sides, 0 changed coefficients
 0 implications, 0 cliques, 0 implied integral variables (0 bin, 0 int, 0 cont)
presolved problem has 120 variables (120 bin, 0 int, 0 cont) and 560 constraints
    560 constraints of type <linear>
transformed objective value is always integral (scale: 2)
Presolving Time: 0.01
transformed 2/2 original solutions to the transformed problem space

 time | node  | left  |LP iter|LP it/n|mem/heur|mdpt |vars |cons |rows |cuts |sepa|confs|strbr|  dualbound   | primalbound  |  gap   | compl. 
p 0.0s|     1 |     0 |     0 |     - |   locks|   0 | 120 | 560 | 560 |   0 |  0 |   0 |   0 | 1.960000e+02 | 1.100000e+02 |  78.18%| unknown
i 0.0s|     1 |     0 |     0 |     - |  oneopt|   0 | 120 | 560 | 560 |   0 |  0 |   0 |   0 | 1.960000e+02 | 1.440000e+02 |  36.11%| unknown
* 0.0s|     1 |     0 |    12 |     - |    LP  |   0 | 120 | 560 | 560 |   0 |  0 |   0 |   0 | 1.920000e+02 | 1.920000e+02 |   0.00%| unknown
  0.0s|     1 |     0 |    12 |     - |  4201k |   0 | 120 | 560 | 560 |   0 |  0 |   0 |   0 | 1.920000e+02 | 1.920000e+02 |   0.00%| unknown

SCIP Status        : problem is solved [optimal solution found]
Solving Time (sec) : 0.01
Solving Nodes      : 1
Primal Bound       : +1.92000000000000e+02 (5 solutions)
Dual Bound         : +1.92000000000000e+02
Gap                : 0.00 %
feasible solution found by trivial heuristic after 0.0 seconds, objective value -9.999340e+05
presolving:
(round 1, fast)       0 del vars, 0 del conss, 0 add conss, 20 chg bounds, 0 chg sides, 0 chg coeffs, 0 upgd conss, 0 impls, 0 clqs, 0 implints
   (0.1s) running MILP presolver
   (0.1s) MILP presolver (2 rounds): 0 aggregations, 0 fixings, 0 bound changes
(round 2, medium)     0 del vars, 2320 del conss, 1760 add conss, 20 chg bounds, 0 chg sides, 0 chg coeffs, 0 upgd conss, 0 impls, 0 clqs, 0 implints
   (0.2s) symmetry computation started: requiring (bin +, int +, cont +), (fixed: bin -, int -, cont -)
   (0.3s) no symmetry present (symcode time: 0.00)
presolving (3 rounds: 3 fast, 2 medium, 1 exhaustive):
 0 deleted vars, 2320 deleted constraints, 1760 added constraints, 20 tightened bounds, 0 added holes, 0 changed sides, 0 changed coefficients
 0 implications, 0 cliques, 0 implied integral variables (0 bin, 0 int, 0 cont)
presolved problem has 130 variables (0 bin, 0 int, 130 cont) and 1760 constraints
   1760 constraints of type <linear>
Presolving Time: 0.27

 time | node  | left  |LP iter|LP it/n|mem/heur|mdpt |vars |cons |rows |cuts |sepa|confs|strbr|  dualbound   | primalbound  |  gap   | compl. 
t 0.3s|     1 |     0 |     0 |     - | trivial|   0 | 130 |1760 |   0 |   0 |  0 |   0 |   0 | 1.960000e+02 |-5.340000e+02 |    Inf | unknown
* 0.3s|     1 |     0 |   184 |     - |    LP  |   0 | 130 |1760 |1760 |   0 |  0 |   0 |   0 |-5.190167e+01 |-5.190167e+01 |   0.00%| unknown
  0.3s|     1 |     0 |   184 |     - |   107M |   0 | 130 |1760 |1760 |   0 |  0 |   0 |   0 |-5.190167e+01 |-5.190167e+01 |   0.00%| unknown

SCIP Status        : problem is solved [optimal solution found]
Solving Time (sec) : 0.33
Solving Nodes      : 1
Primal Bound       : -5.19016666666667e+01 (3 solutions)
Dual Bound         : -5.19016666666667e+01
Gap                : 0.00 %
feasible solution found by trivial heuristic after 0.0 seconds, objective value -9.999340e+05
presolving:
(round 1, fast)       0 del vars, 0 del conss, 0 add conss, 20 chg bounds, 0 chg sides, 0 chg coeffs, 0 upgd conss, 0 impls, 0 clqs, 0 implints
   (0.1s) running MILP presolver
   (0.1s) MILP presolver (2 rounds): 0 aggregations, 0 fixings, 0 bound changes
(round 2, medium)     0 del vars, 2320 del conss, 1760 add conss, 20 chg bounds, 0 chg sides, 0 chg coeffs, 0 upgd conss, 0 impls, 0 clqs, 0 implints
   (0.2s) probing: 51/120 (42.5%) - 0 fixings, 0 aggregations, 0 implications, 0 bound changes
   (0.2s) probing aborted: 50/50 successive totally useless probings
   (0.3s) symmetry computation started: requiring (bin +, int +, cont +), (fixed: bin -, int -, cont -)
   (0.3s) no symmetry present (symcode time: 0.00)
presolving (3 rounds: 3 fast, 2 medium, 1 exhaustive):
 0 deleted vars, 2320 deleted constraints, 1760 added constraints, 20 tightened bounds, 0 added holes, 0 changed sides, 0 changed coefficients
 0 implications, 0 cliques, 0 implied integral variables (0 bin, 0 int, 0 cont)
presolved problem has 130 variables (120 bin, 0 int, 10 cont) and 1760 constraints
   1760 constraints of type <linear>
Presolving Time: 0.28

 time | node  | left  |LP iter|LP it/n|mem/heur|mdpt |vars |cons |rows |cuts |sepa|confs|strbr|  dualbound   | primalbound  |  gap   | compl. 
t 0.3s|     1 |     0 |     0 |     - | trivial|   0 | 130 |1760 |   0 |   0 |  0 |   0 |   0 | 1.960000e+02 |-5.340000e+02 |    Inf | unknown
p 0.4s|     1 |     0 |     9 |     - |   locks|   0 | 130 |1760 |1760 |   0 |  0 |   0 |   0 | 1.960000e+02 |-2.091375e+02 |    Inf | unknown
  0.4s|     1 |     0 |   193 |     - |   107M |   0 | 130 |1760 |1760 |   0 |  0 |   0 |   0 |-5.190167e+01 |-2.091375e+02 | 302.95%| unknown
r 0.4s|     1 |     0 |   193 |     - |shifting|   0 | 130 |1760 |1760 |   0 |  0 |   0 |   0 |-5.190167e+01 |-6.007500e+01 |  15.75%| unknown
  0.4s|     1 |     0 |   203 |     - |   107M |   0 | 130 |1760 |1761 |   1 |  1 |   0 |   0 |-5.191528e+01 |-6.007500e+01 |  15.72%| unknown
r 0.4s|     1 |     0 |   203 |     - |shifting|   0 | 130 |1760 |1761 |   1 |  1 |   0 |   0 |-5.191528e+01 |-5.942269e+01 |  14.46%| unknown
  0.4s|     1 |     0 |   207 |     - |   107M |   0 | 130 |1760 |1762 |   2 |  2 |   0 |   0 |-5.192574e+01 |-5.942269e+01 |  14.44%| unknown
  0.5s|     1 |     0 |   215 |     - |   108M |   0 | 130 |1760 |1763 |   3 |  3 |   0 |   0 |-5.193000e+01 |-5.942269e+01 |  14.43%| unknown
r 0.5s|     1 |     0 |   215 |     - |shifting|   0 | 130 |1760 |1763 |   3 |  3 |   0 |   0 |-5.193000e+01 |-5.889167e+01 |  13.41%| unknown
  0.5s|     1 |     0 |   218 |     - |   108M |   0 | 130 |1760 |1764 |   4 |  4 |   0 |   0 |-5.193083e+01 |-5.889167e+01 |  13.40%| unknown
r 0.5s|     1 |     0 |   218 |     - |shifting|   0 | 130 |1760 |1764 |   4 |  4 |   0 |   0 |-5.193083e+01 |-5.797833e+01 |  11.65%| unknown
  0.5s|     1 |     0 |   221 |     - |   108M |   0 | 130 |1760 |1765 |   5 |  5 |   0 |   0 |-5.193203e+01 |-5.797833e+01 |  11.64%| unknown
r 0.5s|     1 |     0 |   221 |     - |shifting|   0 | 130 |1760 |1765 |   5 |  5 |   0 |   0 |-5.193203e+01 |-5.551250e+01 |   6.89%| unknown
  0.6s|     1 |     0 |   231 |     - |   108M |   0 | 130 |1760 |1766 |   6 |  6 |   0 |   0 |-5.193433e+01 |-5.551250e+01 |   6.89%| unknown
  0.6s|     1 |     0 |   231 |     - |   108M |   0 | 130 |1760 |1766 |   6 |  6 |   0 |   0 |-5.193433e+01 |-5.551250e+01 |   6.89%| unknown
 time | node  | left  |LP iter|LP it/n|mem/heur|mdpt |vars |cons |rows |cuts |sepa|confs|strbr|  dualbound   | primalbound  |  gap   | compl. 
  0.6s|     1 |     0 |   235 |     - |   108M |   0 | 130 |1760 |1767 |   7 |  7 |   0 |   0 |-5.193441e+01 |-5.551250e+01 |   6.89%| unknown
  0.6s|     1 |     0 |   244 |     - |   109M |   0 | 130 |1760 |1768 |   8 |  8 |   0 |   0 |-5.193542e+01 |-5.551250e+01 |   6.89%| unknown
  0.6s|     1 |     0 |   244 |     - |   109M |   0 | 130 |1760 |1768 |   8 |  9 |   0 |   0 |-5.193542e+01 |-5.551250e+01 |   6.89%| unknown
r 0.7s|     1 |     0 |   266 |     - |intshift|   0 | 130 |1760 |1768 |   8 | 10 |   0 |   0 |-5.193542e+01 |-5.340417e+01 |   2.83%| unknown
d 0.7s|     1 |     0 |   294 |     - |farkasdi|   0 | 130 |1760 |1768 |   0 | 10 |   0 |   0 |-5.193542e+01 |-5.247083e+01 |   1.03%| unknown
L 0.7s|     1 |     0 |   294 |     - |    rens|   0 | 130 |1760 |1768 |   8 | 10 |   0 |   0 |-5.193542e+01 |-5.193750e+01 |   0.00%| unknown
  0.7s|     1 |     0 |   294 |     - |   109M |   0 | 130 |1760 |1768 |   8 | 10 |   0 |   0 |-5.193542e+01 |-5.193750e+01 |   0.00%| unknown
  0.7s|     1 |     0 |   294 |     - |   109M |   0 | 130 |1760 |1338 |   8 | 10 |   0 |   0 |-5.193542e+01 |-5.193750e+01 |   0.00%| unknown
  0.8s|     1 |     0 |   294 |     - |   109M |   0 | 130 | 765 |1338 |   8 | 11 |   0 |   0 |-5.193542e+01 |-5.193750e+01 |   0.00%| unknown
(run 1, node 1) restarting after 110 global fixings of integer variables

(restart) converted 8 cuts from the global cut pool into linear constraints

presolving:
(round 1, fast)       110 del vars, 0 del conss, 0 add conss, 0 chg bounds, 147 chg sides, 240 chg coeffs, 0 upgd conss, 0 impls, 15 clqs, 0 implints
(round 2, fast)       110 del vars, 0 del conss, 0 add conss, 10 chg bounds, 147 chg sides, 240 chg coeffs, 0 upgd conss, 0 impls, 15 clqs, 0 implints
(round 3, fast)       110 del vars, 5 del conss, 0 add conss, 19 chg bounds, 209 chg sides, 330 chg coeffs, 0 upgd conss, 0 impls, 15 clqs, 0 implints
(round 4, fast)       110 del vars, 14 del conss, 0 add conss, 19 chg bounds, 269 chg sides, 460 chg coeffs, 0 upgd conss, 0 impls, 15 clqs, 0 implints
   (0.8s) running MILP presolver
   (0.8s) MILP presolver (4 rounds): 0 aggregations, 0 fixings, 10 bound changes
(round 5, medium)     110 del vars, 14 del conss, 0 add conss, 29 chg bounds, 269 chg sides, 460 chg coeffs, 0 upgd conss, 0 impls, 15 clqs, 0 implints
(round 6, fast)       110 del vars, 22 del conss, 0 add conss, 29 chg bounds, 380 chg sides, 680 chg coeffs, 0 upgd conss, 0 impls, 15 clqs, 0 implints
(round 7, exhaustive) 110 del vars, 25 del conss, 0 add conss, 29 chg bounds, 380 chg sides, 680 chg coeffs, 0 upgd conss, 0 impls, 15 clqs, 0 implints
(round 8, exhaustive) 110 del vars, 25 del conss, 0 add conss, 29 chg bounds, 380 chg sides, 680 chg coeffs, 15 upgd conss, 0 impls, 15 clqs, 0 implints
presolving (9 rounds: 9 fast, 4 medium, 3 exhaustive):
 110 deleted vars, 25 deleted constraints, 0 added constraints, 29 tightened bounds, 0 added holes, 380 changed sides, 680 changed coefficients
 0 implications, 15 cliques, 0 implied integral variables (0 bin, 0 int, 0 cont)
presolved problem has 20 variables (10 bin, 0 int, 10 cont) and 748 constraints
     15 constraints of type <setppc>
    733 constraints of type <linear>
Presolving Time: 0.31
transformed 9/17 original solutions to the transformed problem space

 time | node  | left  |LP iter|LP it/n|mem/heur|mdpt |vars |cons |rows |cuts |sepa|confs|strbr|  dualbound   | primalbound  |  gap   | compl. 
  0.8s|     1 |     0 |   377 |     - |   108M |   0 |  20 | 753 | 748 |   0 |  0 |   4 |   0 |-5.193542e+01 |-5.193750e+01 |   0.00%| unknown
  0.8s|     1 |     0 |   377 |     - |   108M |   0 |  20 | 753 | 739 |   0 |  0 |   4 |   0 |-5.193542e+01 |-5.193750e+01 |   0.00%| unknown
  0.8s|     1 |     0 |   379 |     - |   108M |   0 |  20 | 750 | 740 |   1 |  1 |   4 |   0 |-5.193556e+01 |-5.193750e+01 |   0.00%| unknown
  0.8s|     1 |     0 |   383 |     - |   108M |   0 |  20 | 750 | 742 |   3 |  2 |   4 |   0 |-5.193669e+01 |-5.193750e+01 |   0.00%| unknown
  0.9s|     1 |     0 |   385 |     - |   108M |   0 |  20 | 750 | 743 |   4 |  3 |   4 |   0 |-5.193721e+01 |-5.193750e+01 |   0.00%| unknown
  0.9s|     1 |     0 |   386 |     - |   108M |   0 |  20 | 750 | 744 |   5 |  4 |   4 |   0 |-5.193750e+01 |-5.193750e+01 |   0.00%| unknown
  0.9s|     1 |     0 |   386 |     - |   108M |   0 |  20 | 750 | 744 |   5 |  4 |   4 |   0 |-5.193750e+01 |-5.193750e+01 |   0.00%| unknown

SCIP Status        : problem is solved [optimal solution found]
Solving Time (sec) : 0.88
Solving Nodes      : 1 (total of 2 nodes in 2 runs)
Primal Bound       : -5.19375000000001e+01 (22 solutions)
Dual Bound         : -5.19375000000001e+01
Gap                : 0.00 %
feasible solution found by trivial heuristic after 0.0 seconds, objective value 0.000000e+00
presolving:
   (0.0s) symmetry computation started: requiring (bin +, int +, cont +), (fixed: bin -, int -, cont -)
   (0.0s) symmetry computation finished: 9 generators found (max: 1500, log10 of symmetry group size: 6.56) (symcode time: 0.00)
dynamic symmetry handling statistics:
   orbitopal reduction:       no components
   orbital reduction:         no components
   lexicographic reduction:   no permutations
handled 1 out of 1 symmetry components
presolving (0 rounds: 0 fast, 0 medium, 0 exhaustive):
 0 deleted vars, 0 deleted constraints, 0 added constraints, 0 tightened bounds, 0 added holes, 0 changed sides, 0 changed coefficients
 0 implications, 0 cliques, 0 implied integral variables (0 bin, 0 int, 0 cont)
presolved problem has 130 variables (120 bin, 0 int, 10 cont) and 1129 constraints
   1129 constraints of type <linear>
Presolving Time: 0.00
transformed 2/2 original solutions to the transformed problem space

 time | node  | left  |LP iter|LP it/n|mem/heur|mdpt |vars |cons |rows |cuts |sepa|confs|strbr|  dualbound   | primalbound  |  gap   | compl. 
t 0.0s|     1 |     0 |     0 |     - | trivial|   0 | 130 |1120 |   0 |   0 |  0 |   0 |   0 | 1.960000e+02 | 6.600000e+01 | 196.97%| unknown
p 0.0s|     1 |     0 |     0 |     - |   locks|   0 | 130 |1120 |1120 |   0 |  0 |   0 |   0 | 1.960000e+02 | 7.600000e+01 | 157.89%| unknown
i 0.0s|     1 |     0 |     0 |     - |  oneopt|   0 | 130 |1120 |1120 |   0 |  0 |   0 |   0 | 1.960000e+02 | 1.140000e+02 |  71.93%| unknown
* 0.0s|     1 |     0 |    12 |     - |    LP  |   0 | 130 |1120 |1120 |   0 |  0 |   0 |   0 | 1.920000e+02 | 1.920000e+02 |   0.00%| unknown
  0.0s|     1 |     0 |    12 |     - |  6160k |   0 | 130 |1120 |1120 |   0 |  0 |   0 |   0 | 1.920000e+02 | 1.920000e+02 |   0.00%| unknown

SCIP Status        : problem is solved [optimal solution found]
Solving Time (sec) : 0.00
Solving Nodes      : 1
Primal Bound       : +1.92000000000000e+02 (6 solutions)
Dual Bound         : +1.92000000000000e+02
Gap                : 0.00 %
  [linear] <c1121>: <x121>[C] (+0) +0.6625<x1>[B] (+0) +0.6625<x2>[B] (+0) +0.6625<x3>[B] (+0) +0.6625<x4>[B] (+1) -0.6625<x5>[B] (+1) -0.6625<x6>[B] (+1) -0.6625<x7>[B] (+1) +0.6625<x8>[B] (+0) +0.6625<x9>[B] (+1) -0.6625<x10>[B] (+0) +0.6625<x11>[B] (+0) +0.6625<x12>[B] (+0) +0.6625<x13>[B] (+0) +0.6625<x14>[B] (+0) +0.6625<x15>[B] (+1) -0.6625<x16>[B] (+0) -0.6625<x17>[B] (+0) +0.6625<x18>[B] (+1) -0.6625<x19>[B] (+1) -0.6625<x20>[B] (+1) -0.6625<x21>[B] (+1) +0.6625<x22>[B] (+0) -0.6625<x23>[B] (+1) -0.6625<x24>[B] (+1) -0.6625<x25>[B] (+1) -0.6625<x26>[B] (+0) -0.6625<x27>[B] (+0) -0.6625<x28>[B] (+0) -0.6625<x29>[B] (+1) -0.6625<x30>[B] (+1) +0.6625<x31>[B] (+1) -0.6625<x32>[B] (+1) -0.6625<x33>[B] (+1) -0.6625<x34>[B] (+1) +0.6625<x35>[B] (+0) -0.6625<x36>[B] (+1) -0.6625<x37>[B] (+1) -0.6625<x38>[B] (+1) -0.6625<x39>[B] (+1) -0.6625<x40>[B] (+1) +0.6625<x41>[B] (+1) -0.6625<x42>[B] (+1) +0.6625<x43>[B] (+1) -0.6625<x44>[B] (+1) -0.6625<x45>[B] (+1) -0.6625<x46>[B] (+1) +0.6625<x47>[B] (+0) +0.6625<x48>[B] (+1) -0.6625<x49>[B] (+1) +0.6625<x50>[B] (+1) -0.6625<x51>[B] (+0) +0.6625<x52>[B] (+0) +0.6625<x53>[B] (+0) +0.6625<x54>[B] (+1) -0.6625<x55>[B] (+0) -0.6625<x56>[B] (+0) -0.6625<x57>[B] (+0) +0.6625<x58>[B] (+0) -0.6625<x59>[B] (+0) -0.6625<x60>[B] (+0) -0.6625<x61>[B] (+0) -0.6625<x62>[B] (+0) -0.6625<x63>[B] (+0) -0.6625<x64>[B] (+0) -0.6625<x65>[B] (+1) +0.6625<x66>[B] (+0) +0.6625<x67>[B] (+0) +0.6625<x68>[B] (+0) +0.6625<x69>[B] (+0) +0.6625<x70>[B] (+0) +0.6625<x71>[B] (+0) +0.6625<x72>[B] (+0) +0.6625<x73>[B] (+0) +0.6625<x74>[B] (+0) +0.6625<x75>[B] (+1) -0.6625<x76>[B] (+1) +0.6625<x77>[B] (+0) +0.6625<x78>[B] (+1) +0.6625<x79>[B] (+0) +0.6625<x80>[B] (+0) +0.6625<x81>[B] (+0) +0.6625<x82>[B] (+0) +0.6625<x83>[B] (+0) +0.6625<x84>[B] (+1) +0.6625<x85>[B] (+0) +0.6625<x86>[B] (+0) +0.6625<x87>[B] (+0) +0.6625<x88>[B] (+0) +0.6625<x89>[B] (+0) +0.6625<x90>[B] (+0) +0.6625<x91>[B] (+0) +0.6625<x92>[B] (+1) -0.6625<x93>[B] (+1) -0.6625<x94>[B] (+1) -0.6625<x95>[B] (+1) -0.6625<x96>[B] (+1) -0.6625<x97>[B] (+1) -0.6625<x98>[B] (+1) -0.6625<x99>[B] (+1) -0.6625<x100>[B] (+0) +0.6625<x101>[B] (+0) -0.6625<x102>[B] (+0) -0.6625<x103>[B] (+0) +0.6625<x104>[B] (+0) -0.6625<x105>[B] (+1) +0.6625<x106>[B] (+0) +0.6625<x107>[B] (+0) +0.6625<x108>[B] (+0) +0.6625<x109>[B] (+0) +0.6625<x110>[B] (+1) -0.6625<x111>[B] (+0) -0.6625<x112>[B] (+0) +0.6625<x113>[B] (+0) -0.6625<x114>[B] (+1) +0.6625<x115>[B] (+0) +0.6625<x116>[B] (+1) +0.6625<x117>[B] (+1) +0.6625<x118>[B] (+1) +0.6625<x119>[B] (+1) -0.6625<x120>[B] (+1) >= 15.4041666666667;
;
violation: left hand side is violated by 26.6666666666667
  [linear] <c1121>: <x121>[C] (+0) +0.6625<x1>[B] (+1) +0.6625<x2>[B] (+0) +0.6625<x3>[B] (+1) +0.6625<x4>[B] (+1) -0.6625<x5>[B] (+1) -0.6625<x6>[B] (+1) -0.6625<x7>[B] (+1) +0.6625<x8>[B] (+0) +0.6625<x9>[B] (+1) -0.6625<x10>[B] (+1) +0.6625<x11>[B] (+1) +0.6625<x12>[B] (+1) +0.6625<x13>[B] (+1) +0.6625<x14>[B] (+1) +0.6625<x15>[B] (+1) -0.6625<x16>[B] (+0) -0.6625<x17>[B] (+0) +0.6625<x18>[B] (+0) -0.6625<x19>[B] (+0) -0.6625<x20>[B] (+0) -0.6625<x21>[B] (+0) +0.6625<x22>[B] (+0) -0.6625<x23>[B] (+0) -0.6625<x24>[B] (+0) -0.6625<x25>[B] (+0) -0.6625<x26>[B] (+0) -0.6625<x27>[B] (+0) -0.6625<x28>[B] (+0) -0.6625<x29>[B] (+1) -0.6625<x30>[B] (+1) +0.6625<x31>[B] (+1) -0.6625<x32>[B] (+1) -0.6625<x33>[B] (+1) -0.6625<x34>[B] (+1) +0.6625<x35>[B] (+0) -0.6625<x36>[B] (+1) -0.6625<x37>[B] (+1) -0.6625<x38>[B] (+1) -0.6625<x39>[B] (+1) -0.6625<x40>[B] (+1) +0.6625<x41>[B] (+1) -0.6625<x42>[B] (+1) +0.6625<x43>[B] (+1) -0.6625<x44>[B] (+0) -0.6625<x45>[B] (+0) -0.6625<x46>[B] (+1) +0.6625<x47>[B] (+0) +0.6625<x48>[B] (+1) -0.6625<x49>[B] (+1) +0.6625<x50>[B] (+1) -0.6625<x51>[B] (+1) +0.6625<x52>[B] (+1) +0.6625<x53>[B] (+0) +0.6625<x54>[B] (+1) -0.6625<x55>[B] (+0) -0.6625<x56>[B] (+0) -0.6625<x57>[B] (+0) +0.6625<x58>[B] (+0) -0.6625<x59>[B] (+1) -0.6625<x60>[B] (+0) -0.6625<x61>[B] (+0) -0.6625<x62>[B] (+0) -0.6625<x63>[B] (+0) -0.6625<x64>[B] (+0) -0.6625<x65>[B] (+1) +0.6625<x66>[B] (+1) +0.6625<x67>[B] (+1) +0.6625<x68>[B] (+0) +0.6625<x69>[B] (+1) +0.6625<x70>[B] (+1) +0.6625<x71>[B] (+1) +0.6625<x72>[B] (+1) +0.6625<x73>[B] (+1) +0.6625<x74>[B] (+1) +0.6625<x75>[B] (+1) -0.6625<x76>[B] (+1) +0.6625<x77>[B] (+0) +0.6625<x78>[B] (+1) +0.6625<x79>[B] (+1) +0.6625<x80>[B] (+1) +0.6625<x81>[B] (+1) +0.6625<x82>[B] (+1) +0.6625<x83>[B] (+1) +0.6625<x84>[B] (+1) +0.6625<x85>[B] (+0) +0.6625<x86>[B] (+1) +0.6625<x87>[B] (+0) +0.6625<x88>[B] (+1) +0.6625<x89>[B] (+0) +0.6625<x90>[B] (+1) +0.6625<x91>[B] (+0) +0.6625<x92>[B] (+1) -0.6625<x93>[B] (+1) -0.6625<x94>[B] (+1) -0.6625<x95>[B] (+1) -0.6625<x96>[B] (+1) -0.6625<x97>[B] (+1) -0.6625<x98>[B] (+1) -0.6625<x99>[B] (+1) -0.6625<x100>[B] (+0) +0.6625<x101>[B] (+0) -0.6625<x102>[B] (+0) -0.6625<x103>[B] (+0) +0.6625<x104>[B] (+0) -0.6625<x105>[B] (+1) +0.6625<x106>[B] (+1) +0.6625<x107>[B] (+1) +0.6625<x108>[B] (+1) +0.6625<x109>[B] (+0) +0.6625<x110>[B] (+1) -0.6625<x111>[B] (+0) -0.6625<x112>[B] (+1) +0.6625<x113>[B] (+0) -0.6625<x114>[B] (+1) +0.6625<x115>[B] (+1) +0.6625<x116>[B] (+0) +0.6625<x117>[B] (+1) +0.6625<x118>[B] (+0) +0.6625<x119>[B] (+1) -0.6625<x120>[B] (+1) >= 15.4041666666667;
;
violation: left hand side is violated by 8.11666666666667
  [linear] <c1121>: <x121>[C] (+0) +0.6625<x1>[B] (+1) +0.6625<x2>[B] (+1) +0.6625<x3>[B] (+1) +0.6625<x4>[B] (+1) -0.6625<x5>[B] (+1) -0.6625<x6>[B] (+1) -0.6625<x7>[B] (+1) +0.6625<x8>[B] (+1) +0.6625<x9>[B] (+1) -0.6625<x10>[B] (+1) +0.6625<x11>[B] (+1) +0.6625<x12>[B] (+1) +0.6625<x13>[B] (+1) +0.6625<x14>[B] (+1) +0.6625<x15>[B] (+1) -0.6625<x16>[B] (+0) -0.6625<x17>[B] (+0) +0.6625<x18>[B] (+0) -0.6625<x19>[B] (+0) -0.6625<x20>[B] (+0) -0.6625<x21>[B] (+0) +0.6625<x22>[B] (+0) -0.6625<x23>[B] (+0) -0.6625<x24>[B] (+0) -0.6625<x25>[B] (+0) -0.6625<x26>[B] (+0) -0.6625<x27>[B] (+0) -0.6625<x28>[B] (+0) -0.6625<x29>[B] (+0) -0.6625<x30>[B] (+1) +0.6625<x31>[B] (+1) -0.6625<x32>[B] (+1) -0.6625<x33>[B] (+1) -0.6625<x34>[B] (+1) +0.6625<x35>[B] (+1) -0.6625<x36>[B] (+1) -0.6625<x37>[B] (+1) -0.6625<x38>[B] (+1) -0.6625<x39>[B] (+1) -0.6625<x40>[B] (+1) +0.6625<x41>[B] (+1) -0.6625<x42>[B] (+1) +0.6625<x43>[B] (+1) -0.6625<x44>[B] (+0) -0.6625<x45>[B] (+0) -0.6625<x46>[B] (+1) +0.6625<x47>[B] (+1) +0.6625<x48>[B] (+1) -0.6625<x49>[B] (+1) +0.6625<x50>[B] (+1) -0.6625<x51>[B] (+1) +0.6625<x52>[B] (+1) +0.6625<x53>[B] (+0) +0.6625<x54>[B] (+1) -0.6625<x55>[B] (+0) -0.6625<x56>[B] (+0) -0.6625<x57>[B] (+0) +0.6625<x58>[B] (+0) -0.6625<x59>[B] (+1) -0.6625<x60>[B] (+0) -0.6625<x61>[B] (+0) -0.6625<x62>[B] (+0) -0.6625<x63>[B] (+0) -0.6625<x64>[B] (+0) -0.6625<x65>[B] (+1) +0.6625<x66>[B] (+1) +0.6625<x67>[B] (+1) +0.6625<x68>[B] (+1) +0.6625<x69>[B] (+1) +0.6625<x70>[B] (+1) +0.6625<x71>[B] (+1) +0.6625<x72>[B] (+1) +0.6625<x73>[B] (+1) +0.6625<x74>[B] (+1) +0.6625<x75>[B] (+1) -0.6625<x76>[B] (+1) +0.6625<x77>[B] (+1) +0.6625<x78>[B] (+1) +0.6625<x79>[B] (+1) +0.6625<x80>[B] (+1) +0.6625<x81>[B] (+1) +0.6625<x82>[B] (+1) +0.6625<x83>[B] (+1) +0.6625<x84>[B] (+1) +0.6625<x85>[B] (+0) +0.6625<x86>[B] (+1) +0.6625<x87>[B] (+0) +0.6625<x88>[B] (+1) +0.6625<x89>[B] (+1) +0.6625<x90>[B] (+1) +0.6625<x91>[B] (+0) +0.6625<x92>[B] (+1) -0.6625<x93>[B] (+1) -0.6625<x94>[B] (+1) -0.6625<x95>[B] (+1) -0.6625<x96>[B] (+1) -0.6625<x97>[B] (+1) -0.6625<x98>[B] (+0) -0.6625<x99>[B] (+1) -0.6625<x100>[B] (+0) +0.6625<x101>[B] (+0) -0.6625<x102>[B] (+0) -0.6625<x103>[B] (+0) +0.6625<x104>[B] (+0) -0.6625<x105>[B] (+1) +0.6625<x106>[B] (+1) +0.6625<x107>[B] (+1) +0.6625<x108>[B] (+1) +0.6625<x109>[B] (+0) +0.6625<x110>[B] (+1) -0.6625<x111>[B] (+0) -0.6625<x112>[B] (+1) +0.6625<x113>[B] (+0) -0.6625<x114>[B] (+1) +0.6625<x115>[B] (+1) +0.6625<x116>[B] (+0) +0.6625<x117>[B] (+1) +0.6625<x118>[B] (+0) +0.6625<x119>[B] (+1) -0.6625<x120>[B] (+1) >= 15.4041666666667;
;
violation: left hand side is violated by 2.15416666666667
  [linear] <c1121>: <x121>[C] (+0) +0.6625<x1>[B] (+1) +0.6625<x2>[B] (+1) +0.6625<x3>[B] (+1) +0.6625<x4>[B] (+1) -0.6625<x5>[B] (+1) -0.6625<x6>[B] (+1) -0.6625<x7>[B] (+1) +0.6625<x8>[B] (+1) +0.6625<x9>[B] (+1) -0.6625<x10>[B] (+1) +0.6625<x11>[B] (+1) +0.6625<x12>[B] (+1) +0.6625<x13>[B] (+1) +0.6625<x14>[B] (+1) +0.6625<x15>[B] (+1) -0.6625<x16>[B] (+1) -0.6625<x17>[B] (+1) +0.6625<x18>[B] (+1) -0.6625<x19>[B] (+1) -0.6625<x20>[B] (+1) -0.6625<x21>[B] (+1) +0.6625<x22>[B] (+1) -0.6625<x23>[B] (+1) -0.6625<x24>[B] (+1) -0.6625<x25>[B] (+1) -0.6625<x26>[B] (+1) -0.6625<x27>[B] (+1) -0.6625<x28>[B] (+1) -0.6625<x29>[B] (+1) -0.6625<x30>[B] (+1) +0.6625<x31>[B] (+1) -0.6625<x32>[B] (+1) -0.6625<x33>[B] (+1) -0.6625<x34>[B] (+1) +0.6625<x35>[B] (+1) -0.6625<x36>[B] (+1) -0.6625<x37>[B] (+1) -0.6625<x38>[B] (+1) -0.6625<x39>[B] (+1) -0.6625<x40>[B] (+1) +0.6625<x41>[B] (+1) -0.6625<x42>[B] (+1) +0.6625<x43>[B] (+1) -0.6625<x44>[B] (+1) -0.6625<x45>[B] (+1) -0.6625<x46>[B] (+1) +0.6625<x47>[B] (+1) +0.6625<x48>[B] (+1) -0.6625<x49>[B] (+1) +0.6625<x50>[B] (+1) -0.6625<x51>[B] (+1) +0.6625<x52>[B] (+1) +0.6625<x53>[B] (+1) +0.6625<x54>[B] (+1) -0.6625<x55>[B] (+1) -0.6625<x56>[B] (+1) -0.6625<x57>[B] (+1) +0.6625<x58>[B] (+1) -0.6625<x59>[B] (+1) -0.6625<x60>[B] (+1) -0.6625<x61>[B] (+1) -0.6625<x62>[B] (+1) -0.6625<x63>[B] (+1) -0.6625<x64>[B] (+1) -0.6625<x65>[B] (+1) +0.6625<x66>[B] (+1) +0.6625<x67>[B] (+1) +0.6625<x68>[B] (+1) +0.6625<x69>[B] (+1) +0.6625<x70>[B] (+1) +0.6625<x71>[B] (+1) +0.6625<x72>[B] (+1) +0.6625<x73>[B] (+1) +0.6625<x74>[B] (+1) +0.6625<x75>[B] (+1) -0.6625<x76>[B] (+1) +0.6625<x77>[B] (+1) +0.6625<x78>[B] (+1) +0.6625<x79>[B] (+1) +0.6625<x80>[B] (+1) +0.6625<x81>[B] (+1) +0.6625<x82>[B] (+1) +0.6625<x83>[B] (+1) +0.6625<x84>[B] (+1) +0.6625<x85>[B] (+1) +0.6625<x86>[B] (+1) +0.6625<x87>[B] (+1) +0.6625<x88>[B] (+1) +0.6625<x89>[B] (+1) +0.6625<x90>[B] (+1) +0.6625<x91>[B] (+1) +0.6625<x92>[B] (+1) -0.6625<x93>[B] (+1) -0.6625<x94>[B] (+1) -0.6625<x95>[B] (+1) -0.6625<x96>[B] (+1) -0.6625<x97>[B] (+1) -0.6625<x98>[B] (+1) -0.6625<x99>[B] (+1) -0.6625<x100>[B] (+1) +0.6625<x101>[B] (+1) -0.6625<x102>[B] (+1) -0.6625<x103>[B] (+1) +0.6625<x104>[B] (+1) -0.6625<x105>[B] (+1) +0.6625<x106>[B] (+1) +0.6625<x107>[B] (+1) +0.6625<x108>[B] (+1) +0.6625<x109>[B] (+1) +0.6625<x110>[B] (+1) -0.6625<x111>[B] (+1) -0.6625<x112>[B] (+1) +0.6625<x113>[B] (+1) -0.6625<x114>[B] (+1) +0.6625<x115>[B] (+1) +0.6625<x116>[B] (+1) +0.6625<x117>[B] (+1) +0.6625<x118>[B] (+1) +0.6625<x119>[B] (+1) -0.6625<x120>[B] (+1) >= 15.4041666666667;
;
violation: left hand side is violated by 11.4291666666667
  [linear] <c1121>: <x121>[C] (+0) +0.6625<x1>[B] (+0) +0.6625<x2>[B] (+0) +0.6625<x3>[B] (+0) +0.6625<x4>[B] (+0) -0.6625<x5>[B] (+0) -0.6625<x6>[B] (+0) -0.6625<x7>[B] (+0) +0.6625<x8>[B] (+0) +0.6625<x9>[B] (+0) -0.6625<x10>[B] (+0) +0.6625<x11>[B] (+0) +0.6625<x12>[B] (+0) +0.6625<x13>[B] (+0) +0.6625<x14>[B] (+0) +0.6625<x15>[B] (+0) -0.6625<x16>[B] (+0) -0.6625<x17>[B] (+0) +0.6625<x18>[B] (+0) -0.6625<x19>[B] (+0) -0.6625<x20>[B] (+0) -0.6625<x21>[B] (+0) +0.6625<x22>[B] (+0) -0.6625<x23>[B] (+0) -0.6625<x24>[B] (+0) -0.6625<x25>[B] (+0) -0.6625<x26>[B] (+0) -0.6625<x27>[B] (+0) -0.6625<x28>[B] (+0) -0.6625<x29>[B] (+0) -0.6625<x30>[B] (+0) +0.6625<x31>[B] (+0) -0.6625<x32>[B] (+0) -0.6625<x33>[B] (+0) -0.6625<x34>[B] (+0) +0.6625<x35>[B] (+0) -0.6625<x36>[B] (+0) -0.6625<x37>[B] (+0) -0.6625<x38>[B] (+0) -0.6625<x39>[B] (+0) -0.6625<x40>[B] (+0) +0.6625<x41>[B] (+0) -0.6625<x42>[B] (+0) +0.6625<x43>[B] (+0) -0.6625<x44>[B] (+0) -0.6625<x45>[B] (+0) -0.6625<x46>[B] (+0) +0.6625<x47>[B] (+0) +0.6625<x48>[B] (+0) -0.6625<x49>[B] (+0) +0.6625<x50>[B] (+0) -0.6625<x51>[B] (+0) +0.6625<x52>[B] (+0) +0.6625<x53>[B] (+0) +0.6625<x54>[B] (+0) -0.6625<x55>[B] (+0) -0.6625<x56>[B] (+0) -0.6625<x57>[B] (+0) +0.6625<x58>[B] (+0) -0.6625<x59>[B] (+0) -0.6625<x60>[B] (+0) -0.6625<x61>[B] (+0) -0.6625<x62>[B] (+0) -0.6625<x63>[B] (+0) -0.6625<x64>[B] (+0) -0.6625<x65>[B] (+0) +0.6625<x66>[B] (+0) +0.6625<x67>[B] (+0) +0.6625<x68>[B] (+0) +0.6625<x69>[B] (+0) +0.6625<x70>[B] (+0) +0.6625<x71>[B] (+0) +0.6625<x72>[B] (+0) +0.6625<x73>[B] (+0) +0.6625<x74>[B] (+0) +0.6625<x75>[B] (+0) -0.6625<x76>[B] (+0) +0.6625<x77>[B] (+0) +0.6625<x78>[B] (+0) +0.6625<x79>[B] (+0) +0.6625<x80>[B] (+0) +0.6625<x81>[B] (+0) +0.6625<x82>[B] (+0) +0.6625<x83>[B] (+0) +0.6625<x84>[B] (+0) +0.6625<x85>[B] (+0) +0.6625<x86>[B] (+0) +0.6625<x87>[B] (+0) +0.6625<x88>[B] (+0) +0.6625<x89>[B] (+0) +0.6625<x90>[B] (+0) +0.6625<x91>[B] (+0) +0.6625<x92>[B] (+0) -0.6625<x93>[B] (+0) -0.6625<x94>[B] (+0) -0.6625<x95>[B] (+0) -0.6625<x96>[B] (+0) -0.6625<x97>[B] (+0) -0.6625<x98>[B] (+0) -0.6625<x99>[B] (+0) -0.6625<x100>[B] (+0) +0.6625<x101>[B] (+0) -0.6625<x102>[B] (+0) -0.6625<x103>[B] (+0) +0.6625<x104>[B] (+0) -0.6625<x105>[B] (+0) +0.6625<x106>[B] (+0) +0.6625<x107>[B] (+0) +0.6625<x108>[B] (+0) +0.6625<x109>[B] (+0) +0.6625<x110>[B] (+0) -0.6625<x111>[B] (+0) -0.6625<x112>[B] (+0) +0.6625<x113>[B] (+0) -0.6625<x114>[B] (+0) +0.6625<x115>[B] (+0) +0.6625<x116>[B] (+0) +0.6625<x117>[B] (+0) +0.6625<x118>[B] (+0) +0.6625<x119>[B] (+0) -0.6625<x120>[B] (+0) >= 15.4041666666667;
;
violation: left hand side is violated by 15.4041666666667
1/6 feasible solution given by solution candidate storage, new primal bound -9.999340e+05

presolving:
   (0.0s) symmetry computation started: requiring (bin +, int +, cont +), (fixed: bin -, int -, cont -)
   (0.0s) no symmetry present (symcode time: 0.00)
presolving (0 rounds: 0 fast, 0 medium, 0 exhaustive):
 0 deleted vars, 0 deleted constraints, 0 added constraints, 0 tightened bounds, 0 added holes, 0 changed sides, 0 changed coefficients
 0 implications, 0 cliques, 0 implied integral variables (0 bin, 0 int, 0 cont)
presolved problem has 130 variables (120 bin, 0 int, 10 cont) and 1130 constraints
   1130 constraints of type <linear>
Presolving Time: 0.00
transformed 1/1 original solutions to the transformed problem space

 time | node  | left  |LP iter|LP it/n|mem/heur|mdpt |vars |cons |rows |cuts |sepa|confs|strbr|  dualbound   | primalbound  |  gap   | compl. 
p 0.0s|     1 |     0 |     1 |     - |   locks|   0 | 130 |1130 |1130 |   0 |  0 |   0 |   0 | 1.960000e+02 |-1.584542e+02 |    Inf | unknown
* 0.0s|     1 |     0 |    87 |     - |    LP  |   0 | 130 |1130 |1130 |   0 |  0 |   0 |   0 |-5.042917e+01 |-5.042917e+01 |   0.00%| unknown
  0.0s|     1 |     0 |    87 |     - |  6856k |   0 | 130 |1130 |1130 |   0 |  0 |   0 |   0 |-5.042917e+01 |-5.042917e+01 |   0.00%| unknown

SCIP Status        : problem is solved [optimal solution found]
Solving Time (sec) : 0.01
Solving Nodes      : 1
Primal Bound       : -5.04291666666667e+01 (4 solutions)
Dual Bound         : -5.04291666666667e+01
Gap                : 0.00 %
  [linear] <c1131>: <x121>[C] (+24.0166667) +0.629166667<x1>[B] (+0) +0.629166667<x2>[B] (+0) +0.629166667<x3>[B] (+0) +0.629166667<x4>[B] (+1) -0.629166667<x5>[B] (+1) -0.629166667<x6>[B] (+1) -0.629166667<x7>[B] (+1) +0.629166667<x8>[B] (+0) +0.629166667<x9>[B] (+0) -0.629166667<x10>[B] (+0) +0.629166667<x11>[B] (+1) +0.629166667<x12>[B] (+0) +0.629166667<x13>[B] (+0) +0.629166667<x14>[B] (+0) +0.629166667<x15>[B] (+1) -0.629166667<x16>[B] (+0) -0.629166667<x17>[B] (+0) +0.629166667<x18>[B] (+1) -0.629166667<x19>[B] (+1) -0.629166667<x20>[B] (+1) -0.629166667<x21>[B] (+1) +0.629166667<x22>[B] (+0) -0.629166667<x23>[B] (+0) -0.629166667<x24>[B] (+1) -0.629166667<x25>[B] (+1) -0.629166667<x26>[B] (+0) -0.629166667<x27>[B] (+0) -0.629166667<x28>[B] (+0) -0.629166667<x29>[B] (+1) -0.629166667<x30>[B] (+1) +0.629166667<x31>[B] (+1) -0.629166667<x32>[B] (+1) -0.629166667<x33>[B] (+1) -0.629166667<x34>[B] (+1) +0.629166667<x35>[B] (+0) -0.629166667<x36>[B] (+1) -0.629166667<x37>[B] (+1) -0.629166667<x38>[B] (+1) -0.629166667<x39>[B] (+1) -0.629166667<x40>[B] (+1) +0.629166667<x41>[B] (+1) -0.629166667<x42>[B] (+1) +0.629166667<x43>[B] (+1) -0.629166667<x44>[B] (+1) -0.629166667<x45>[B] (+1) -0.629166667<x46>[B] (+1) +0.629166667<x47>[B] (+0) +0.629166667<x48>[B] (+0) -0.629166667<x49>[B] (+1) +0.629166667<x50>[B] (+1) -0.629166667<x51>[B] (+0) +0.629166667<x52>[B] (+0) +0.629166667<x53>[B] (+0) +0.629166667<x54>[B] (+1) -0.629166667<x55>[B] (+0) -0.629166667<x56>[B] (+1) -0.629166667<x57>[B] (+0) +0.629166667<x58>[B] (+0) -0.629166667<x59>[B] (+0) -0.629166667<x60>[B] (+0) -0.629166667<x61>[B] (+0) -0.629166667<x62>[B] (+0) -0.629166667<x63>[B] (+0) -0.629166667<x64>[B] (+0) -0.629166667<x65>[B] (+1) +0.629166667<x66>[B] (+1) +0.629166667<x67>[B] (+0) +0.629166667<x68>[B] (+0) +0.629166667<x69>[B] (+0) +0.629166667<x70>[B] (+0) +0.629166667<x71>[B] (+1) +0.629166667<x72>[B] (+0) +0.629166667<x73>[B] (+0) +0.629166667<x74>[B] (+0) +0.629166667<x75>[B] (+1) -0.629166667<x76>[B] (+0) +0.629166667<x77>[B] (+0) +0.629166667<x78>[B] (+0) +0.629166667<x79>[B] (+0) +0.629166667<x80>[B] (+0) +0.629166667<x81>[B] (+0) +0.629166667<x82>[B] (+0) +0.629166667<x83>[B] (+0) +0.629166667<x84>[B] (+1) +0.629166667<x85>[B] (+0) +0.629166667<x86>[B] (+0) +0.629166667<x87>[B] (+0) +0.629166667<x88>[B] (+1) +0.629166667<x89>[B] (+0) +0.629166667<x90>[B] (+0) +0.629166667<x91>[B] (+0) +0.629166667<x92>[B] (+1) -0.629166667<x93>[B] (+1) -0.629166667<x94>[B] (+1) -0.629166667<x95>[B] (+1) -0.629166667<x96>[B] (+1) -0.629166667<x97>[B] (+1) -0.629166667<x98>[B] (+1) -0.629166667<x99>[B] (+1) -0.629166667<x100>[B] (+1) +0.629166667<x101>[B] (+1) -0.629166667<x102>[B] (+0) -0.629166667<x103>[B] (+0) +0.629166667<x104>[B] (+1) -0.629166667<x105>[B] (+1) +0.629166667<x106>[B] (+1) +0.629166667<x107>[B] (+0) +0.629166667<x108>[B] (+0) +0.629166667<x109>[B] (+0) +0.629166667<x110>[B] (+1) -0.629166667<x111>[B] (+0) -0.629166667<x112>[B] (+0) +0.629166667<x113>[B] (+0) -0.629166667<x114>[B] (+1) +0.629166667<x115>[B] (+0) +0.629166667<x116>[B] (+1) +0.629166667<x117>[B] (+1) +0.629166667<x118>[B] (+1) +0.629166667<x119>[B] (+1) -0.629166667<x120>[B] (+1) >= 15.8875;
;
violation: left hand side is violated by 0.0499999999999758
  [linear] <c1131>: <x121>[C] (+0.166666667) +0.629166667<x1>[B] (+1) +0.629166667<x2>[B] (+1) +0.629166667<x3>[B] (+1) +0.629166667<x4>[B] (+1) -0.629166667<x5>[B] (+1) -0.629166667<x6>[B] (+1) -0.629166667<x7>[B] (+1) +0.629166667<x8>[B] (+1) +0.629166667<x9>[B] (+1) -0.629166667<x10>[B] (+1) +0.629166667<x11>[B] (+1) +0.629166667<x12>[B] (+1) +0.629166667<x13>[B] (+1) +0.629166667<x14>[B] (+1) +0.629166667<x15>[B] (+0) -0.629166667<x16>[B] (+1) -0.629166667<x17>[B] (+0) +0.629166667<x18>[B] (+0) -0.629166667<x19>[B] (+0) -0.629166667<x20>[B] (+0) -0.629166667<x21>[B] (+0) +0.629166667<x22>[B] (+1) -0.629166667<x23>[B] (+1) -0.629166667<x24>[B] (+0) -0.629166667<x25>[B] (+0) -0.629166667<x26>[B] (+0) -0.629166667<x27>[B] (+1) -0.629166667<x28>[B] (+1) -0.629166667<x29>[B] (+0) -0.629166667<x30>[B] (+0) +0.629166667<x31>[B] (+0) -0.629166667<x32>[B] (+0) -0.629166667<x33>[B] (+0) -0.629166667<x34>[B] (+0) +0.629166667<x35>[B] (+1) -0.629166667<x36>[B] (+0) -0.629166667<x37>[B] (+0) -0.629166667<x38>[B] (+0) -0.629166667<x39>[B] (+0) -0.629166667<x40>[B] (+1) +0.629166667<x41>[B] (+0) -0.629166667<x42>[B] (+0) +0.629166667<x43>[B] (+1) -0.629166667<x44>[B] (+1) -0.629166667<x45>[B] (+0) -0.629166667<x46>[B] (+1) +0.629166667<x47>[B] (+1) +0.629166667<x48>[B] (+1) -0.629166667<x49>[B] (+1) +0.629166667<x50>[B] (+1) -0.629166667<x51>[B] (+1) +0.629166667<x52>[B] (+1) +0.629166667<x53>[B] (+1) +0.629166667<x54>[B] (+0) -0.629166667<x55>[B] (+1) -0.629166667<x56>[B] (+0) -0.629166667<x57>[B] (+1) +0.629166667<x58>[B] (+1) -0.629166667<x59>[B] (+1) -0.629166667<x60>[B] (+1) -0.629166667<x61>[B] (+1) -0.629166667<x62>[B] (+1) -0.629166667<x63>[B] (+1) -0.629166667<x64>[B] (+1) -0.629166667<x65>[B] (+0) +0.629166667<x66>[B] (+0) +0.629166667<x67>[B] (+1) +0.629166667<x68>[B] (+1) +0.629166667<x69>[B] (+1) +0.629166667<x70>[B] (+1) +0.629166667<x71>[B] (+1) +0.629166667<x72>[B] (+1) +0.629166667<x73>[B] (+1) +0.629166667<x74>[B] (+1) +0.629166667<x75>[B] (+0) -0.629166667<x76>[B] (+1) +0.629166667<x77>[B] (+1) +0.629166667<x78>[B] (+1) +0.629166667<x79>[B] (+1) +0.629166667<x80>[B] (+1) +0.629166667<x81>[B] (+1) +0.629166667<x82>[B] (+1) +0.629166667<x83>[B] (+1) +0.629166667<x84>[B] (+0) +0.629166667<x85>[B] (+1) +0.629166667<x86>[B] (+1) +0.629166667<x87>[B] (+1) +0.629166667<x88>[B] (+1) +0.629166667<x89>[B] (+1) +0.629166667<x90>[B] (+1) +0.629166667<x91>[B] (+1) +0.629166667<x92>[B] (+0) -0.629166667<x93>[B] (+0) -0.629166667<x94>[B] (+0) -0.629166667<x95>[B] (+0) -0.629166667<x96>[B] (+0) -0.629166667<x97>[B] (+0) -0.629166667<x98>[B] (+0) -0.629166667<x99>[B] (+0) -0.629166667<x100>[B] (+0) +0.629166667<x101>[B] (+0) -0.629166667<x102>[B] (+0) -0.629166667<x103>[B] (+1) +0.629166667<x104>[B] (+0) -0.629166667<x105>[B] (+0) +0.629166667<x106>[B] (+1) +0.629166667<x107>[B] (+1) +0.629166667<x108>[B] (+1) +0.629166667<x109>[B] (+1) +0.629166667<x110>[B] (+0) -0.629166667<x111>[B] (+1) -0.629166667<x112>[B] (+1) +0.629166667<x113>[B] (+1) -0.629166667<x114>[B] (+0) +0.629166667<x115>[B] (+1) +0.629166667<x116>[B] (+1) +0.629166667<x117>[B] (+0) +0.629166667<x118>[B] (+0) +0.629166667<x119>[B] (+0) -0.629166667<x120>[B] (+0) >= 15.8875;
;
violation: left hand side is violated by 1.25
2/4 feasible solutions given by solution candidate storage, new primal bound -9.999340e+05

presolving:
   (0.0s) symmetry computation started: requiring (bin +, int +, cont +), (fixed: bin -, int -, cont -)
   (0.0s) no symmetry present (symcode time: 0.00)
presolving (0 rounds: 0 fast, 0 medium, 0 exhaustive):
 0 deleted vars, 0 deleted constraints, 0 added constraints, 0 tightened bounds, 0 added holes, 0 changed sides, 0 changed coefficients
 0 implications, 0 cliques, 0 implied integral variables (0 bin, 0 int, 0 cont)
presolved problem has 130 variables (120 bin, 0 int, 10 cont) and 1139 constraints
   1139 constraints of type <linear>
Presolving Time: 0.00
transformed 2/2 original solutions to the transformed problem space

 time | node  | left  |LP iter|LP it/n|mem/heur|mdpt |vars |cons |rows |cuts |sepa|confs|strbr|  dualbound   | primalbound  |  gap   | compl. 
p 0.0s|     1 |     0 |     0 |     - |   locks|   0 | 130 |1139 |1139 |   0 |  0 |   0 |   0 | 1.960000e+02 |-1.669167e+02 |    Inf | unknown
  0.0s|     1 |     0 |   103 |     - |  7623k |   0 | 130 |1139 |1139 |   0 |  0 |   0 |   0 |-5.151845e+01 |-1.669167e+02 | 223.99%| unknown
r 0.0s|     1 |     0 |   103 |     - |shifting|   0 | 130 |1139 |1139 |   0 |  0 |   0 |   0 |-5.151845e+01 |-5.792024e+01 |  12.43%| unknown
  0.0s|     1 |     0 |   112 |     - |  8095k |   0 | 130 |1139 |1140 |   1 |  1 |   0 |   0 |-5.157902e+01 |-5.792024e+01 |  12.29%| unknown
  0.0s|     1 |     0 |   112 |     - |  8106k |   0 | 130 |1139 |1140 |   1 |  1 |   0 |   0 |-5.157902e+01 |-5.792024e+01 |  12.29%| unknown
  0.0s|     1 |     0 |   120 |     - |  8421k |   0 | 130 |1139 |1141 |   2 |  2 |   0 |   0 |-5.159147e+01 |-5.792024e+01 |  12.27%| unknown
  0.0s|     1 |     0 |   140 |     - |  8545k |   0 | 130 |1139 |1142 |   3 |  3 |   0 |   0 |-5.162240e+01 |-5.792024e+01 |  12.20%| unknown
  0.1s|     1 |     0 |   151 |     - |  8855k |   0 | 130 |1139 |1144 |   5 |  4 |   0 |   0 |-5.166750e+01 |-5.792024e+01 |  12.10%| unknown
r 0.1s|     1 |     0 |   151 |     - |shifting|   0 | 130 |1139 |1144 |   5 |  4 |   0 |   0 |-5.166750e+01 |-5.689083e+01 |  10.11%| unknown
  0.1s|     1 |     0 |   167 |     - |  8976k |   0 | 130 |1139 |1147 |   8 |  5 |   0 |   0 |-5.170064e+01 |-5.689083e+01 |  10.04%| unknown
  0.1s|     1 |     0 |   168 |     - |  9096k |   0 | 130 |1139 |1148 |   9 |  6 |   0 |   0 |-5.170208e+01 |-5.689083e+01 |  10.04%| unknown
  0.1s|     1 |     0 |   172 |     - |  9432k |   0 | 130 |1139 |1149 |  10 |  7 |   0 |   0 |-5.171347e+01 |-5.689083e+01 |  10.01%| unknown
  0.1s|     1 |     0 |   187 |     - |  9835k |   0 | 130 |1139 |1150 |  11 |  8 |   0 |   0 |-5.173370e+01 |-5.689083e+01 |   9.97%| unknown
  0.1s|     1 |     0 |   193 |     - |  9946k |   0 | 130 |1139 |1151 |  12 |  9 |   0 |   0 |-5.174183e+01 |-5.689083e+01 |   9.95%| unknown
  0.1s|     1 |     0 |   199 |     - |    10M |   0 | 130 |1139 |1152 |  13 | 10 |   0 |   0 |-5.174583e+01 |-5.689083e+01 |   9.94%| unknown
 time | node  | left  |LP iter|LP it/n|mem/heur|mdpt |vars |cons |rows |cuts |sepa|confs|strbr|  dualbound   | primalbound  |  gap   | compl. 
r 0.1s|     1 |     0 |   199 |     - |shifting|   0 | 130 |1139 |1152 |  13 | 10 |   0 |   0 |-5.174583e+01 |-5.306250e+01 |   2.54%| unknown
  0.2s|     1 |     0 |   200 |     - |    10M |   0 | 130 |1139 |1153 |  14 | 11 |   0 |   0 |-5.174583e+01 |-5.306250e+01 |   2.54%| unknown
  0.2s|     1 |     0 |   200 |     - |    10M |   0 | 130 |1139 | 804 |  14 | 11 |   0 |   0 |-5.174583e+01 |-5.306250e+01 |   2.54%| unknown
  0.2s|     1 |     0 |   201 |     - |    10M |   0 | 130 |1139 | 805 |  15 | 12 |   0 |   0 |-5.174583e+01 |-5.306250e+01 |   2.54%| unknown
  0.2s|     1 |     0 |   202 |     - |    10M |   0 | 130 |1139 | 806 |  16 | 13 |   0 |   0 |-5.174583e+01 |-5.306250e+01 |   2.54%| unknown
  0.2s|     1 |     0 |   202 |     - |    10M |   0 | 130 | 763 | 806 |  16 | 14 |   0 |   0 |-5.174583e+01 |-5.306250e+01 |   2.54%| unknown
r 0.2s|     1 |     0 |   218 |     - |intshift|   0 | 130 | 763 | 806 |  16 | 15 |   0 |   0 |-5.174583e+01 |-5.177917e+01 |   0.06%| unknown
d 0.2s|     1 |     0 |   219 |     - |farkasdi|   0 | 130 | 763 | 806 |   0 | 15 |   0 |   0 |-5.174583e+01 |-5.174583e+01 |   0.00%| unknown
  0.2s|     1 |     0 |   219 |     - |    10M |   0 | 130 | 763 | 806 |  16 | 15 |   0 |   0 |-5.174583e+01 |-5.174583e+01 |   0.00%| unknown

SCIP Status        : problem is solved [optimal solution found]
Solving Time (sec) : 0.18
Solving Nodes      : 1
Primal Bound       : -5.17458333333346e+01 (19 solutions)
Dual Bound         : -5.17458333333346e+01
Gap                : 0.00 %
  [linear] <c1140>: <x122>[C] (+28.6791667) -0.6875<x1>[B] (+0) +0.6875<x2>[B] (+0) +0.6875<x3>[B] (+0) -0.6875<x4>[B] (+1) -0.6875<x5>[B] (+1) -0.6875<x6>[B] (+1) -0.6875<x7>[B] (+1) +0.6875<x8>[B] (+0) -0.6875<x9>[B] (+1) -0.6875<x10>[B] (+1) +0.6875<x11>[B] (+1) -0.6875<x12>[B] (+0) -0.6875<x13>[B] (+0) -0.6875<x14>[B] (+0) -0.6875<x15>[B] (+1) +0.6875<x16>[B] (+0) +0.6875<x17>[B] (+0) -0.6875<x18>[B] (+1) -0.6875<x19>[B] (+1) +0.6875<x20>[B] (+1) +0.6875<x21>[B] (+1) +0.6875<x22>[B] (+0) +0.6875<x23>[B] (+1) -0.6875<x24>[B] (+1) +0.6875<x25>[B] (+1) +0.6875<x26>[B] (+0) +0.6875<x27>[B] (+0) -0.6875<x28>[B] (+0) -0.6875<x29>[B] (+1) -0.6875<x30>[B] (+1) -0.6875<x31>[B] (+1) -0.6875<x32>[B] (+1) -0.6875<x33>[B] (+1) -0.6875<x34>[B] (+1) -0.6875<x35>[B] (+0) -0.6875<x36>[B] (+1) -0.6875<x37>[B] (+1) -0.6875<x38>[B] (+1) -0.6875<x39>[B] (+1) -0.6875<x40>[B] (+1) -0.6875<x41>[B] (+1) -0.6875<x42>[B] (+1) -0.6875<x43>[B] (+1) -0.6875<x44>[B] (+1) -0.6875<x45>[B] (+1) -0.6875<x46>[B] (+1) +0.6875<x47>[B] (+0) -0.6875<x48>[B] (+1) -0.6875<x49>[B] (+1) -0.6875<x50>[B] (+1) -0.6875<x51>[B] (+0) -0.6875<x52>[B] (+0) -0.6875<x53>[B] (+0) -0.6875<x54>[B] (+1) +0.6875<x55>[B] (+0) +0.6875<x56>[B] (+0) +0.6875<x57>[B] (+0) +0.6875<x58>[B] (+0) +0.6875<x59>[B] (+0) +0.6875<x60>[B] (+0) +0.6875<x61>[B] (+0) +0.6875<x62>[B] (+0) +0.6875<x63>[B] (+0) -0.6875<x64>[B] (+0) +0.6875<x65>[B] (+1) +0.6875<x66>[B] (+1) +0.6875<x67>[B] (+0) +0.6875<x68>[B] (+0) +0.6875<x69>[B] (+0) +0.6875<x70>[B] (+0) +0.6875<x71>[B] (+1) +0.6875<x72>[B] (+0) +0.6875<x73>[B] (+0) -0.6875<x74>[B] (+0) -0.6875<x75>[B] (+1) -0.6875<x76>[B] (-2.39683828e-11) +0.6875<x77>[B] (+0) -0.6875<x78>[B] (-2.39683828e-11) -0.6875<x79>[B] (+0) +0.6875<x80>[B] (+0) -0.6875<x81>[B] (+0) -0.6875<x82>[B] (+0) -0.6875<x83>[B] (+0) -0.6875<x84>[B] (+1) +0.6875<x85>[B] (+0) +0.6875<x86>[B] (+0) -0.6875<x87>[B] (+0) +0.6875<x88>[B] (+1) +0.6875<x89>[B] (+0) +0.6875<x90>[B] (+0) -0.6875<x91>[B] (+0) -0.6875<x92>[B] (+1) -0.6875<x93>[B] (+1) -0.6875<x94>[B] (+1) -0.6875<x95>[B] (+1) -0.6875<x96>[B] (+1) -0.6875<x97>[B] (+1) -0.6875<x98>[B] (+1) -0.6875<x99>[B] (+1) -0.6875<x100>[B] (+1) +0.6875<x101>[B] (+1) -0.6875<x102>[B] (+0) +0.6875<x103>[B] (+0) -0.6875<x104>[B] (+0) -0.6875<x105>[B] (+1) +0.6875<x106>[B] (+1) +0.6875<x107>[B] (+0) +0.6875<x108>[B] (+0) -0.6875<x109>[B] (+0) -0.6875<x110>[B] (+1) -0.6875<x111>[B] (+0) -0.6875<x112>[B] (+0) -0.6875<x113>[B] (+0) -0.6875<x114>[B] (+1) +0.6875<x115>[B] (+0) -0.6875<x116>[B] (+1) -0.6875<x117>[B] (+1) -0.6875<x118>[B] (+1) -0.6875<x119>[B] (+1) +0.6875<x120>[B] (+1) >= 3.26666666666667;
;
violation: left hand side is violated by 0.0249999999971244
  [linear] <c1142>: <x126>[C] (+22.1541667) +0.5875<x1>[B] (+0) +0.5875<x2>[B] (+0) +0.5875<x3>[B] (+0) -0.5875<x4>[B] (+1) +0.5875<x5>[B] (+1) -0.5875<x6>[B] (+1) +0.5875<x7>[B] (+1) +0.5875<x8>[B] (+0) +0.5875<x9>[B] (+0) +0.5875<x10>[B] (+0) +0.5875<x11>[B] (+1) -0.5875<x12>[B] (+0) +0.5875<x13>[B] (+0) +0.5875<x14>[B] (+0) +0.5875<x15>[B] (+1) -0.5875<x16>[B] (+0) -0.5875<x17>[B] (+0) -0.5875<x18>[B] (+1) -0.5875<x19>[B] (+1) -0.5875<x20>[B] (+1) -0.5875<x21>[B] (+1) -0.5875<x22>[B] (+0) +0.5875<x23>[B] (+1) -0.5875<x24>[B] (+1) -0.5875<x25>[B] (+1) -0.5875<x26>[B] (+0) -0.5875<x27>[B] (+0) +0.5875<x28>[B] (+0) -0.5875<x29>[B] (+1) -0.5875<x30>[B] (+1) -0.5875<x31>[B] (+1) -0.5875<x32>[B] (+1) -0.5875<x33>[B] (+1) +0.5875<x34>[B] (+1) -0.5875<x35>[B] (+0) +0.5875<x36>[B] (+1) +0.5875<x37>[B] (+1) -0.5875<x38>[B] (+1) -0.5875<x39>[B] (+1) -0.5875<x40>[B] (+1) +0.5875<x41>[B] (+1) -0.5875<x42>[B] (+1) -0.5875<x43>[B] (+1) -0.5875<x44>[B] (+1) -0.5875<x45>[B] (+1) +0.5875<x46>[B] (+1) -0.5875<x47>[B] (+0) +0.5875<x48>[B] (+1) +0.5875<x49>[B] (+1) -0.5875<x50>[B] (+1) -0.5875<x51>[B] (+0) -0.5875<x52>[B] (+0) +0.5875<x53>[B] (+0) -0.5875<x54>[B] (+1) +0.5875<x55>[B] (+0) -0.5875<x56>[B] (+0) +0.5875<x57>[B] (+0) +0.5875<x58>[B] (+0) +0.5875<x59>[B] (+0) +0.5875<x60>[B] (+0) +0.5875<x61>[B] (+0) -0.5875<x62>[B] (+0) +0.5875<x63>[B] (+0) +0.5875<x64>[B] (+0) +0.5875<x65>[B] (+1) -0.5875<x66>[B] (+1) +0.5875<x67>[B] (+0) -0.5875<x68>[B] (+0) +0.5875<x69>[B] (+0) +0.5875<x70>[B] (+0) -0.5875<x71>[B] (+1) -0.5875<x72>[B] (+0) -0.5875<x73>[B] (+0) +0.5875<x74>[B] (+0) -0.5875<x75>[B] (+1) +0.5875<x76>[B] (+0) +0.5875<x77>[B] (+0) +0.5875<x78>[B] (+0) +0.5875<x79>[B] (+0) +0.5875<x80>[B] (+0) +0.5875<x81>[B] (+0) +0.5875<x82>[B] (+0) +0.5875<x83>[B] (+0) +0.5875<x84>[B] (+1) -0.5875<x85>[B] (+0) +0.5875<x86>[B] (+0) +0.5875<x87>[B] (+0) -0.5875<x88>[B] (+1) -0.5875<x89>[B] (+0) -0.5875<x90>[B] (+0) +0.5875<x91>[B] (+0) -0.5875<x92>[B] (+1) +0.5875<x93>[B] (+1) +0.5875<x94>[B] (+1) +0.5875<x95>[B] (+1) -0.5875<x96>[B] (+1) -0.5875<x97>[B] (+1) +0.5875<x98>[B] (+1) -0.5875<x99>[B] (+1) -0.5875<x100>[B] (+1) -0.5875<x101>[B] (+1) -0.5875<x102>[B] (+0) -0.5875<x103>[B] (+0) -0.5875<x104>[B] (+0) -0.5875<x105>[B] (+1) -0.5875<x106>[B] (+1) -0.5875<x107>[B] (+0) -0.5875<x108>[B] (+0) +0.5875<x109>[B] (+0) -0.5875<x110>[B] (+1) -0.5875<x111>[B] (+0) -0.5875<x112>[B] (+0) +0.5875<x113>[B] (+0) -0.5875<x114>[B] (+1) +0.5875<x115>[B] (+0) +0.5875<x116>[B] (+1) +0.5875<x117>[B] (+1) +0.5875<x118>[B] (+1) +0.5875<x119>[B] (+1) -0.5875<x120>[B] (+1) >= 13.3666666666667;
;
violation: left hand side is violated by 0.0250000000000075
  [linear] <c1142>: <x126>[C] (+22.1541667) +0.5875<x1>[B] (+0) +0.5875<x2>[B] (+0) +0.5875<x3>[B] (+0) -0.5875<x4>[B] (+1) +0.5875<x5>[B] (+1) -0.5875<x6>[B] (+1) +0.5875<x7>[B] (+1) +0.5875<x8>[B] (+0) +0.5875<x9>[B] (+0) +0.5875<x10>[B] (+0) +0.5875<x11>[B] (+1) -0.5875<x12>[B] (+0) +0.5875<x13>[B] (+0) +0.5875<x14>[B] (+0) +0.5875<x15>[B] (+1) -0.5875<x16>[B] (+0) -0.5875<x17>[B] (+0) -0.5875<x18>[B] (+1) -0.5875<x19>[B] (+1) -0.5875<x20>[B] (+1) -0.5875<x21>[B] (+1) -0.5875<x22>[B] (+0) +0.5875<x23>[B] (+1) -0.5875<x24>[B] (+1) -0.5875<x25>[B] (+1) -0.5875<x26>[B] (+0) -0.5875<x27>[B] (+0) +0.5875<x28>[B] (+0) -0.5875<x29>[B] (+1) -0.5875<x30>[B] (+1) -0.5875<x31>[B] (+1) -0.5875<x32>[B] (+1) -0.5875<x33>[B] (+1) +0.5875<x34>[B] (+1) -0.5875<x35>[B] (+0) +0.5875<x36>[B] (+1) +0.5875<x37>[B] (+1) -0.5875<x38>[B] (+1) -0.5875<x39>[B] (+1) -0.5875<x40>[B] (+1) +0.5875<x41>[B] (+1) -0.5875<x42>[B] (+1) -0.5875<x43>[B] (+1) -0.5875<x44>[B] (+1) -0.5875<x45>[B] (+1) +0.5875<x46>[B] (+1) -0.5875<x47>[B] (+0) +0.5875<x48>[B] (+1) +0.5875<x49>[B] (+1) -0.5875<x50>[B] (+1) -0.5875<x51>[B] (+0) -0.5875<x52>[B] (+0) +0.5875<x53>[B] (+0) -0.5875<x54>[B] (+1) +0.5875<x55>[B] (+0) -0.5875<x56>[B] (+0) +0.5875<x57>[B] (+0) +0.5875<x58>[B] (+0) +0.5875<x59>[B] (+0) +0.5875<x60>[B] (+0) +0.5875<x61>[B] (+0) -0.5875<x62>[B] (+0) +0.5875<x63>[B] (+0) +0.5875<x64>[B] (+0) +0.5875<x65>[B] (+1) -0.5875<x66>[B] (+1) +0.5875<x67>[B] (+0) -0.5875<x68>[B] (+0) +0.5875<x69>[B] (+0) +0.5875<x70>[B] (+0) -0.5875<x71>[B] (+1) -0.5875<x72>[B] (+0) -0.5875<x73>[B] (+0) +0.5875<x74>[B] (+0) -0.5875<x75>[B] (+1) +0.5875<x76>[B] (-2.400391e-11) +0.5875<x77>[B] (+0) +0.5875<x78>[B] (-2.400391e-11) +0.5875<x79>[B] (+0) +0.5875<x80>[B] (+0) +0.5875<x81>[B] (+0) +0.5875<x82>[B] (+0) +0.5875<x83>[B] (+0) +0.5875<x84>[B] (+1) -0.5875<x85>[B] (+0) +0.5875<x86>[B] (+0) +0.5875<x87>[B] (+0) -0.5875<x88>[B] (+1) -0.5875<x89>[B] (+0) -0.5875<x90>[B] (+0) +0.5875<x91>[B] (+0) -0.5875<x92>[B] (+1) +0.5875<x93>[B] (+1) +0.5875<x94>[B] (+1) +0.5875<x95>[B] (+1) -0.5875<x96>[B] (+1) -0.5875<x97>[B] (+1) +0.5875<x98>[B] (+1) -0.5875<x99>[B] (+1) -0.5875<x100>[B] (+1) -0.5875<x101>[B] (+1) -0.5875<x102>[B] (+0) -0.5875<x103>[B] (+0) -0.5875<x104>[B] (+0) -0.5875<x105>[B] (+1) -0.5875<x106>[B] (+1) -0.5875<x107>[B] (+0) -0.5875<x108>[B] (+0) +0.5875<x109>[B] (+0) -0.5875<x110>[B] (+1) -0.5875<x111>[B] (+0) -0.5875<x112>[B] (+0) +0.5875<x113>[B] (+0) -0.5875<x114>[B] (+1) +0.5875<x115>[B] (+0) +0.5875<x116>[B] (+1) +0.5875<x117>[B] (+1) +0.5875<x118>[B] (+1) +0.5875<x119>[B] (+1) -0.5875<x120>[B] (+1) >= 13.3666666666667;
;
violation: left hand side is violated by 0.0249999999985793
  [linear] <c1142>: <x126>[C] (+22.1541667) +0.5875<x1>[B] (+0) +0.5875<x2>[B] (+0) +0.5875<x3>[B] (+0) -0.5875<x4>[B] (+1) +0.5875<x5>[B] (+1) -0.5875<x6>[B] (+1) +0.5875<x7>[B] (+1) +0.5875<x8>[B] (+0) +0.5875<x9>[B] (+0) +0.5875<x10>[B] (+0) +0.5875<x11>[B] (+1) -0.5875<x12>[B] (+0) +0.5875<x13>[B] (+0) +0.5875<x14>[B] (+0) +0.5875<x15>[B] (+1) -0.5875<x16>[B] (+0) -0.5875<x17>[B] (+0) -0.5875<x18>[B] (+1) -0.5875<x19>[B] (+1) -0.5875<x20>[B] (+1) -0.5875<x21>[B] (+1) -0.5875<x22>[B] (+0) +0.5875<x23>[B] (+1) -0.5875<x24>[B] (+1) -0.5875<x25>[B] (+1) -0.5875<x26>[B] (+0) -0.5875<x27>[B] (+0) +0.5875<x28>[B] (+0) -0.5875<x29>[B] (+1) -0.5875<x30>[B] (+1) -0.5875<x31>[B] (+1) -0.5875<x32>[B] (+1) -0.5875<x33>[B] (+1) +0.5875<x34>[B] (+1) -0.5875<x35>[B] (+0) +0.5875<x36>[B] (+1) +0.5875<x37>[B] (+1) -0.5875<x38>[B] (+1) -0.5875<x39>[B] (+1) -0.5875<x40>[B] (+1) +0.5875<x41>[B] (+1) -0.5875<x42>[B] (+1) -0.5875<x43>[B] (+1) -0.5875<x44>[B] (+1) -0.5875<x45>[B] (+1) +0.5875<x46>[B] (+1) -0.5875<x47>[B] (+0) +0.5875<x48>[B] (+1) +0.5875<x49>[B] (+1) -0.5875<x50>[B] (+1) -0.5875<x51>[B] (+0) -0.5875<x52>[B] (+0) +0.5875<x53>[B] (+0) -0.5875<x54>[B] (+1) +0.5875<x55>[B] (+0) -0.5875<x56>[B] (+0) +0.5875<x57>[B] (+0) +0.5875<x58>[B] (+0) +0.5875<x59>[B] (+0) +0.5875<x60>[B] (+0) +0.5875<x61>[B] (+0) -0.5875<x62>[B] (+0) +0.5875<x63>[B] (+0) +0.5875<x64>[B] (+0) +0.5875<x65>[B] (+1) -0.5875<x66>[B] (+1) +0.5875<x67>[B] (+0) -0.5875<x68>[B] (+0) +0.5875<x69>[B] (+0) +0.5875<x70>[B] (+0) -0.5875<x71>[B] (+1) -0.5875<x72>[B] (+0) -0.5875<x73>[B] (+0) +0.5875<x74>[B] (+0) -0.5875<x75>[B] (+1) +0.5875<x76>[B] (-2.40143461e-11) +0.5875<x77>[B] (+0) +0.5875<x78>[B] (-2.40143461e-11) +0.5875<x79>[B] (+0) +0.5875<x80>[B] (+0) +0.5875<x81>[B] (+0) +0.5875<x82>[B] (+0) +0.5875<x83>[B] (+0) +0.5875<x84>[B] (+1) -0.5875<x85>[B] (+0) +0.5875<x86>[B] (+0) +0.5875<x87>[B] (+0) -0.5875<x88>[B] (+1) -0.5875<x89>[B] (+0) -0.5875<x90>[B] (+0) +0.5875<x91>[B] (+0) -0.5875<x92>[B] (+1) +0.5875<x93>[B] (+1) +0.5875<x94>[B] (+1) +0.5875<x95>[B] (+1) -0.5875<x96>[B] (+1) -0.5875<x97>[B] (+1) +0.5875<x98>[B] (+1) -0.5875<x99>[B] (+1) -0.5875<x100>[B] (+1) -0.5875<x101>[B] (+1) -0.5875<x102>[B] (+0) -0.5875<x103>[B] (+0) -0.5875<x104>[B] (+0) -0.5875<x105>[B] (+1) -0.5875<x106>[B] (+1) -0.5875<x107>[B] (+0) -0.5875<x108>[B] (+0) +0.5875<x109>[B] (+0) -0.5875<x110>[B] (+1) -0.5875<x111>[B] (+0) -0.5875<x112>[B] (+0) +0.5875<x113>[B] (+0) -0.5875<x114>[B] (+1) +0.5875<x115>[B] (+0) +0.5875<x116>[B] (+1) +0.5875<x117>[B] (+1) +0.5875<x118>[B] (+1) +0.5875<x119>[B] (+1) -0.5875<x120>[B] (+1) >= 13.3666666666667;
;
violation: left hand side is violated by 0.0249999999985651
  [linear] <c1142>: <x126>[C] (+22.1541667) +0.5875<x1>[B] (+0) +0.5875<x2>[B] (+0) +0.5875<x3>[B] (+0) -0.5875<x4>[B] (+1) +0.5875<x5>[B] (+1) -0.5875<x6>[B] (+1) +0.5875<x7>[B] (+1) +0.5875<x8>[B] (+0) +0.5875<x9>[B] (+0) +0.5875<x10>[B] (+0) +0.5875<x11>[B] (+1) -0.5875<x12>[B] (+0) +0.5875<x13>[B] (+0) +0.5875<x14>[B] (+0) +0.5875<x15>[B] (+1) -0.5875<x16>[B] (+0) -0.5875<x17>[B] (+0) -0.5875<x18>[B] (+1) -0.5875<x19>[B] (+1) -0.5875<x20>[B] (+1) -0.5875<x21>[B] (+1) -0.5875<x22>[B] (+0) +0.5875<x23>[B] (+1) -0.5875<x24>[B] (+1) -0.5875<x25>[B] (+1) -0.5875<x26>[B] (+0) -0.5875<x27>[B] (+0) +0.5875<x28>[B] (+0) -0.5875<x29>[B] (+1) -0.5875<x30>[B] (+1) -0.5875<x31>[B] (+1) -0.5875<x32>[B] (+1) -0.5875<x33>[B] (+1) +0.5875<x34>[B] (+1) -0.5875<x35>[B] (+0) +0.5875<x36>[B] (+1) +0.5875<x37>[B] (+1) -0.5875<x38>[B] (+1) -0.5875<x39>[B] (+1) -0.5875<x40>[B] (+1) +0.5875<x41>[B] (+1) -0.5875<x42>[B] (+1) -0.5875<x43>[B] (+1) -0.5875<x44>[B] (+1) -0.5875<x45>[B] (+1) +0.5875<x46>[B] (+1) -0.5875<x47>[B] (+0) +0.5875<x48>[B] (+1) +0.5875<x49>[B] (+1) -0.5875<x50>[B] (+1) -0.5875<x51>[B] (+0) -0.5875<x52>[B] (+0) +0.5875<x53>[B] (+0) -0.5875<x54>[B] (+1) +0.5875<x55>[B] (+0) -0.5875<x56>[B] (+0) +0.5875<x57>[B] (+0) +0.5875<x58>[B] (+0) +0.5875<x59>[B] (+0) +0.5875<x60>[B] (+0) +0.5875<x61>[B] (+0) -0.5875<x62>[B] (+0) +0.5875<x63>[B] (+0) +0.5875<x64>[B] (+0) +0.5875<x65>[B] (+1) -0.5875<x66>[B] (+1) +0.5875<x67>[B] (+0) -0.5875<x68>[B] (+0) +0.5875<x69>[B] (+0) +0.5875<x70>[B] (+0) -0.5875<x71>[B] (+1) -0.5875<x72>[B] (+0) -0.5875<x73>[B] (+0) +0.5875<x74>[B] (+0) -0.5875<x75>[B] (+1) +0.5875<x76>[B] (-2.40143461e-11) +0.5875<x77>[B] (+0) +0.5875<x78>[B] (-2.40143461e-11) +0.5875<x79>[B] (+0) +0.5875<x80>[B] (+0) +0.5875<x81>[B] (+0) +0.5875<x82>[B] (+0) +0.5875<x83>[B] (+0) +0.5875<x84>[B] (+1) -0.5875<x85>[B] (+0) +0.5875<x86>[B] (+0) +0.5875<x87>[B] (+0) -0.5875<x88>[B] (+1) -0.5875<x89>[B] (+0) -0.5875<x90>[B] (+0) +0.5875<x91>[B] (+0) -0.5875<x92>[B] (+1) +0.5875<x93>[B] (+1) +0.5875<x94>[B] (+1) +0.5875<x95>[B] (+1) -0.5875<x96>[B] (+1) -0.5875<x97>[B] (+1) +0.5875<x98>[B] (+1) -0.5875<x99>[B] (+1) -0.5875<x100>[B] (+1) -0.5875<x101>[B] (+1) -0.5875<x102>[B] (+0) -0.5875<x103>[B] (+0) -0.5875<x104>[B] (+0) -0.5875<x105>[B] (+1) -0.5875<x106>[B] (+1) -0.5875<x107>[B] (+0) -0.5875<x108>[B] (+0) +0.5875<x109>[B] (+0) -0.5875<x110>[B] (+1) -0.5875<x111>[B] (+0) -0.5875<x112>[B] (+0) +0.5875<x113>[B] (+0) -0.5875<x114>[B] (+1) +0.5875<x115>[B] (+0) +0.5875<x116>[B] (+1) +0.5875<x117>[B] (+1) +0.5875<x118>[B] (+1) +0.5875<x119>[B] (+1) -0.5875<x120>[B] (+1) >= 13.3666666666667;
;
violation: left hand side is violated by 0.0249999999985651
  [linear] <c1142>: <x126>[C] (+22.1541667) +0.5875<x1>[B] (+0) +0.5875<x2>[B] (+0) +0.5875<x3>[B] (+0) -0.5875<x4>[B] (+1) +0.5875<x5>[B] (+1) -0.5875<x6>[B] (+1) +0.5875<x7>[B] (+1) +0.5875<x8>[B] (+0) +0.5875<x9>[B] (+0) +0.5875<x10>[B] (+0) +0.5875<x11>[B] (+1) -0.5875<x12>[B] (+0) +0.5875<x13>[B] (+0) +0.5875<x14>[B] (+0) +0.5875<x15>[B] (+1) -0.5875<x16>[B] (+0) -0.5875<x17>[B] (+0) -0.5875<x18>[B] (+1) -0.5875<x19>[B] (+1) -0.5875<x20>[B] (+1) -0.5875<x21>[B] (+1) -0.5875<x22>[B] (+0) +0.5875<x23>[B] (+1) -0.5875<x24>[B] (+1) -0.5875<x25>[B] (+1) -0.5875<x26>[B] (+0) -0.5875<x27>[B] (+0) +0.5875<x28>[B] (+0) -0.5875<x29>[B] (+1) -0.5875<x30>[B] (+1) -0.5875<x31>[B] (+1) -0.5875<x32>[B] (+1) -0.5875<x33>[B] (+1) +0.5875<x34>[B] (+1) -0.5875<x35>[B] (+0) +0.5875<x36>[B] (+1) +0.5875<x37>[B] (+1) -0.5875<x38>[B] (+1) -0.5875<x39>[B] (+1) -0.5875<x40>[B] (+1) +0.5875<x41>[B] (+1) -0.5875<x42>[B] (+1) -0.5875<x43>[B] (+1) -0.5875<x44>[B] (+1) -0.5875<x45>[B] (+1) +0.5875<x46>[B] (+1) -0.5875<x47>[B] (+0) +0.5875<x48>[B] (+1) +0.5875<x49>[B] (+1) -0.5875<x50>[B] (+1) -0.5875<x51>[B] (+0) -0.5875<x52>[B] (+0) +0.5875<x53>[B] (+0) -0.5875<x54>[B] (+1) +0.5875<x55>[B] (+0) -0.5875<x56>[B] (+0) +0.5875<x57>[B] (+0) +0.5875<x58>[B] (+0) +0.5875<x59>[B] (+0) +0.5875<x60>[B] (+0) +0.5875<x61>[B] (+0) -0.5875<x62>[B] (+0) +0.5875<x63>[B] (+0) +0.5875<x64>[B] (+0) +0.5875<x65>[B] (+1) -0.5875<x66>[B] (+1) +0.5875<x67>[B] (+0) -0.5875<x68>[B] (+0) +0.5875<x69>[B] (+0) +0.5875<x70>[B] (+0) -0.5875<x71>[B] (+1) -0.5875<x72>[B] (+0) -0.5875<x73>[B] (+0) +0.5875<x74>[B] (+0) -0.5875<x75>[B] (+1) +0.5875<x76>[B] (-2.40143461e-11) +0.5875<x77>[B] (+0) +0.5875<x78>[B] (-2.40143461e-11) +0.5875<x79>[B] (+0) +0.5875<x80>[B] (+0) +0.5875<x81>[B] (+0) +0.5875<x82>[B] (+0) +0.5875<x83>[B] (+0) +0.5875<x84>[B] (+1) -0.5875<x85>[B] (+0) +0.5875<x86>[B] (+0) +0.5875<x87>[B] (+0) -0.5875<x88>[B] (+1) -0.5875<x89>[B] (+0) -0.5875<x90>[B] (+0) +0.5875<x91>[B] (+0) -0.5875<x92>[B] (+1) +0.5875<x93>[B] (+1) +0.5875<x94>[B] (+1) +0.5875<x95>[B] (+1) -0.5875<x96>[B] (+1) -0.5875<x97>[B] (+1) +0.5875<x98>[B] (+1) -0.5875<x99>[B] (+1) -0.5875<x100>[B] (+1) -0.5875<x101>[B] (+1) -0.5875<x102>[B] (+0) -0.5875<x103>[B] (+0) -0.5875<x104>[B] (+0) -0.5875<x105>[B] (+1) -0.5875<x106>[B] (+1) -0.5875<x107>[B] (+0) -0.5875<x108>[B] (+0) +0.5875<x109>[B] (+0) -0.5875<x110>[B] (+1) -0.5875<x111>[B] (+0) -0.5875<x112>[B] (+0) +0.5875<x113>[B] (+0) -0.5875<x114>[B] (+1) +0.5875<x115>[B] (+0) +0.5875<x116>[B] (+1) +0.5875<x117>[B] (+1) +0.5875<x118>[B] (+1) +0.5875<x119>[B] (+1) -0.5875<x120>[B] (+1) >= 13.3666666666667;
;
violation: left hand side is violated by 0.0249999999985651
  [linear] <c1142>: <x126>[C] (+21.5166667) +0.5875<x1>[B] (+0) +0.5875<x2>[B] (+0) +0.5875<x3>[B] (+0) -0.5875<x4>[B] (+1) +0.5875<x5>[B] (+1) -0.5875<x6>[B] (+1) +0.5875<x7>[B] (+1) +0.5875<x8>[B] (+0) +0.5875<x9>[B] (+0) +0.5875<x10>[B] (+0) +0.5875<x11>[B] (+1) -0.5875<x12>[B] (+0) +0.5875<x13>[B] (+0) +0.5875<x14>[B] (+0) +0.5875<x15>[B] (+1) -0.5875<x16>[B] (+0) -0.5875<x17>[B] (+0) -0.5875<x18>[B] (+1) -0.5875<x19>[B] (+1) -0.5875<x20>[B] (+1) -0.5875<x21>[B] (+1) -0.5875<x22>[B] (+0) +0.5875<x23>[B] (+1) -0.5875<x24>[B] (+1) -0.5875<x25>[B] (+1) -0.5875<x26>[B] (+0) -0.5875<x27>[B] (+0) +0.5875<x28>[B] (+0) -0.5875<x29>[B] (+1) -0.5875<x30>[B] (+1) -0.5875<x31>[B] (+1) -0.5875<x32>[B] (+1) -0.5875<x33>[B] (+1) +0.5875<x34>[B] (+1) -0.5875<x35>[B] (+0) +0.5875<x36>[B] (+1) +0.5875<x37>[B] (+1) -0.5875<x38>[B] (+1) -0.5875<x39>[B] (+1) -0.5875<x40>[B] (+1) +0.5875<x41>[B] (+1) -0.5875<x42>[B] (+1) -0.5875<x43>[B] (+1) -0.5875<x44>[B] (+1) -0.5875<x45>[B] (+1) +0.5875<x46>[B] (+1) -0.5875<x47>[B] (+0) +0.5875<x48>[B] (+1) +0.5875<x49>[B] (+1) -0.5875<x50>[B] (+1) -0.5875<x51>[B] (+0) -0.5875<x52>[B] (+0) +0.5875<x53>[B] (+0) -0.5875<x54>[B] (+1) +0.5875<x55>[B] (+0) -0.5875<x56>[B] (+0) +0.5875<x57>[B] (+0) +0.5875<x58>[B] (+0) +0.5875<x59>[B] (+0) +0.5875<x60>[B] (+0) +0.5875<x61>[B] (+0) -0.5875<x62>[B] (+0) +0.5875<x63>[B] (+0) +0.5875<x64>[B] (+0) +0.5875<x65>[B] (+1) -0.5875<x66>[B] (+1) +0.5875<x67>[B] (+0) -0.5875<x68>[B] (+0) +0.5875<x69>[B] (+0) +0.5875<x70>[B] (+0) -0.5875<x71>[B] (+1) -0.5875<x72>[B] (+0) -0.5875<x73>[B] (+0) +0.5875<x74>[B] (+0) -0.5875<x75>[B] (+1) +0.5875<x76>[B] (+0) +0.5875<x77>[B] (+0) +0.5875<x78>[B] (+0) +0.5875<x79>[B] (+0) +0.5875<x80>[B] (+0) +0.5875<x81>[B] (+0) +0.5875<x82>[B] (+0) +0.5875<x83>[B] (+0) +0.5875<x84>[B] (+1) -0.5875<x85>[B] (+0) +0.5875<x86>[B] (+0) +0.5875<x87>[B] (+0) -0.5875<x88>[B] (+1) -0.5875<x89>[B] (+0) -0.5875<x90>[B] (+0) +0.5875<x91>[B] (+0) -0.5875<x92>[B] (+1) +0.5875<x93>[B] (+1) +0.5875<x94>[B] (+1) +0.5875<x95>[B] (+1) -0.5875<x96>[B] (+1) -0.5875<x97>[B] (+1) +0.5875<x98>[B] (+1) -0.5875<x99>[B] (+1) -0.5875<x100>[B] (+0) -0.5875<x101>[B] (+1) -0.5875<x102>[B] (+0) -0.5875<x103>[B] (+0) -0.5875<x104>[B] (+0) -0.5875<x105>[B] (+1) -0.5875<x106>[B] (+1) -0.5875<x107>[B] (+0) -0.5875<x108>[B] (+0) +0.5875<x109>[B] (+0) -0.5875<x110>[B] (+1) -0.5875<x111>[B] (+0) -0.5875<x112>[B] (+0) +0.5875<x113>[B] (+0) -0.5875<x114>[B] (+1) +0.5875<x115>[B] (+0) +0.5875<x116>[B] (+1) +0.5875<x117>[B] (+1) +0.5875<x118>[B] (+1) +0.5875<x119>[B] (+1) -0.5875<x120>[B] (+1) >= 13.3666666666667;
;
violation: left hand side is violated by 0.0749999999999975
  [linear] <c1143>: <x128>[C] (+27.2875) +0.6625<x1>[B] (+0) +0.6625<x2>[B] (+0) +0.6625<x3>[B] (+0) +0.6625<x4>[B] (+1) +0.6625<x5>[B] (+1) -0.6625<x6>[B] (+1) +0.6625<x7>[B] (+1) +0.6625<x8>[B] (+0) -0.6625<x9>[B] (+1) +0.6625<x10>[B] (+0) -0.6625<x11>[B] (+1) +0.6625<x12>[B] (+0) +0.6625<x13>[B] (+0) +0.6625<x14>[B] (+0) -0.6625<x15>[B] (+1) +0.6625<x16>[B] (+0) -0.6625<x17>[B] (+0) -0.6625<x18>[B] (+1) +0.6625<x19>[B] (+1) -0.6625<x20>[B] (+1) +0.6625<x21>[B] (+1) +0.6625<x22>[B] (+0) -0.6625<x23>[B] (+1) +0.6625<x24>[B] (+1) -0.6625<x25>[B] (+1) -0.6625<x26>[B] (+0) +0.6625<x27>[B] (+0) +0.6625<x28>[B] (+0) -0.6625<x29>[B] (+1) -0.6625<x30>[B] (+1) -0.6625<x31>[B] (+1) +0.6625<x32>[B] (+1) -0.6625<x33>[B] (+1) +0.6625<x34>[B] (+1) +0.6625<x35>[B] (+0) -0.6625<x36>[B] (+1) +0.6625<x37>[B] (+1) -0.6625<x38>[B] (+1) -0.6625<x39>[B] (+1) +0.6625<x40>[B] (+1) +0.6625<x41>[B] (+1) -0.6625<x42>[B] (+1) +0.6625<x43>[B] (+1) +0.6625<x44>[B] (+1) -0.6625<x45>[B] (+1) +0.6625<x46>[B] (+1) +0.6625<x47>[B] (+0) -0.6625<x48>[B] (+1) +0.6625<x49>[B] (+1) -0.6625<x50>[B] (+1) +0.6625<x51>[B] (+0) +0.6625<x52>[B] (+0) +0.6625<x53>[B] (+0) -0.6625<x54>[B] (+1) +0.6625<x55>[B] (+0) -0.6625<x56>[B] (+0) +0.6625<x57>[B] (+0) +0.6625<x58>[B] (+0) -0.6625<x59>[B] (+0) +0.6625<x60>[B] (+0) -0.6625<x61>[B] (+0) +0.6625<x62>[B] (+0) +0.6625<x63>[B] (+0) +0.6625<x64>[B] (+0) -0.6625<x65>[B] (+1) -0.6625<x66>[B] (+1) -0.6625<x67>[B] (+0) -0.6625<x68>[B] (+0) -0.6625<x69>[B] (+0) -0.6625<x70>[B] (+0) -0.6625<x71>[B] (+0) -0.6625<x72>[B] (+0) -0.6625<x73>[B] (+0) -0.6625<x74>[B] (+0) -0.6625<x75>[B] (+1) +0.6625<x76>[B] (+0) +0.6625<x77>[B] (+0) -0.6625<x78>[B] (+0) +0.6625<x79>[B] (+0) +0.6625<x80>[B] (+0) +0.6625<x81>[B] (+0) +0.6625<x82>[B] (+0) +0.6625<x83>[B] (+0) -0.6625<x84>[B] (+1) +0.6625<x85>[B] (+0) -0.6625<x86>[B] (+0) +0.6625<x87>[B] (+0) -0.6625<x88>[B] (+1) -0.6625<x89>[B] (+0) +0.6625<x90>[B] (+0) +0.6625<x91>[B] (+0) -0.6625<x92>[B] (+1) -0.6625<x93>[B] (+1) +0.6625<x94>[B] (+1) -0.6625<x95>[B] (+1) -0.6625<x96>[B] (+1) -0.6625<x97>[B] (+1) -0.6625<x98>[B] (+1) -0.6625<x99>[B] (+1) +0.6625<x100>[B] (+0) +0.6625<x101>[B] (+1) +0.6625<x102>[B] (+0) +0.6625<x103>[B] (+0) +0.6625<x104>[B] (+0) +0.6625<x105>[B] (+1) -0.6625<x106>[B] (+1) -0.6625<x107>[B] (+0) -0.6625<x108>[B] (+0) -0.6625<x109>[B] (+0) -0.6625<x110>[B] (+1) +0.6625<x111>[B] (+0) +0.6625<x112>[B] (+0) +0.6625<x113>[B] (+0) -0.6625<x114>[B] (+1) +0.6625<x115>[B] (+0) +0.6625<x116>[B] (+1) -0.6625<x117>[B] (+1) +0.6625<x118>[B] (+1) -0.6625<x119>[B] (+1) -0.6625<x120>[B] (+1) >= 15.4041666666667;
;
violation: left hand side is violated by 0.0416666666666838
  [linear] <c1141>: <x123>[C] (+25.9958333) +0.654166667<x1>[B] (+0) +0.654166667<x2>[B] (+0) +0.654166667<x3>[B] (+0) +0.654166667<x4>[B] (+1) +0.654166667<x5>[B] (+1) +0.654166667<x6>[B] (+1) +0.654166667<x7>[B] (+1) -0.654166667<x8>[B] (+0) +0.654166667<x9>[B] (+1) +0.654166667<x10>[B] (+0) +0.654166667<x11>[B] (+1) +0.654166667<x12>[B] (+0) +0.654166667<x13>[B] (+0) +0.654166667<x14>[B] (+0) -0.654166667<x15>[B] (+1) -0.654166667<x16>[B] (+0) +0.654166667<x17>[B] (+0) -0.654166667<x18>[B] (+1) +0.654166667<x19>[B] (+1) -0.654166667<x20>[B] (+1) +0.654166667<x21>[B] (+1) -0.654166667<x22>[B] (+0) +0.654166667<x23>[B] (+1) -0.654166667<x24>[B] (+1) +0.654166667<x25>[B] (+1) +0.654166667<x26>[B] (+0) +0.654166667<x27>[B] (+0) +0.654166667<x28>[B] (+0) -0.654166667<x29>[B] (+1) +0.654166667<x30>[B] (+1) -0.654166667<x31>[B] (+1) +0.654166667<x32>[B] (+1) -0.654166667<x33>[B] (+1) +0.654166667<x34>[B] (+1) -0.654166667<x35>[B] (+0) +0.654166667<x36>[B] (+1) +0.654166667<x37>[B] (+1) +0.654166667<x38>[B] (+1) +0.654166667<x39>[B] (+1) +0.654166667<x40>[B] (+1) +0.654166667<x41>[B] (+1) -0.654166667<x42>[B] (+1) -0.654166667<x43>[B] (+1) -0.654166667<x44>[B] (+1) -0.654166667<x45>[B] (+1) -0.654166667<x46>[B] (+1) -0.654166667<x47>[B] (+0) +0.654166667<x48>[B] (+1) -0.654166667<x49>[B] (+1) -0.654166667<x50>[B] (+1) +0.654166667<x51>[B] (+0) +0.654166667<x52>[B] (+0) +0.654166667<x53>[B] (+0) -0.654166667<x54>[B] (+1) +0.654166667<x55>[B] (+0) +0.654166667<x56>[B] (+0) +0.654166667<x57>[B] (+0) -0.654166667<x58>[B] (+0) +0.654166667<x59>[B] (+0) +0.654166667<x60>[B] (+0) +0.654166667<x61>[B] (+0) +0.654166667<x62>[B] (+0) +0.654166667<x63>[B] (+0) +0.654166667<x64>[B] (+0) -0.654166667<x65>[B] (+1) -0.654166667<x66>[B] (+1) -0.654166667<x67>[B] (+0) -0.654166667<x68>[B] (+0) +0.654166667<x69>[B] (+0) -0.654166667<x70>[B] (+0) -0.654166667<x71>[B] (+1) +0.654166667<x72>[B] (+0) +0.654166667<x73>[B] (+0) +0.654166667<x74>[B] (+0) -0.654166667<x75>[B] (+1) +0.654166667<x76>[B] (+0) -0.654166667<x77>[B] (+0) +0.654166667<x78>[B] (+0) +0.654166667<x79>[B] (+0) +0.654166667<x80>[B] (+0) +0.654166667<x81>[B] (+0) +0.654166667<x82>[B] (+0) +0.654166667<x83>[B] (+0) -0.654166667<x84>[B] (+1) -0.654166667<x85>[B] (+0) +0.654166667<x86>[B] (+0) -0.654166667<x87>[B] (+0) -0.654166667<x88>[B] (+1) +0.654166667<x89>[B] (+0) +0.654166667<x90>[B] (+0) +0.654166667<x91>[B] (+0) -0.654166667<x92>[B] (+1) +0.654166667<x93>[B] (+1) +0.654166667<x94>[B] (+1) +0.654166667<x95>[B] (+1) +0.654166667<x96>[B] (+1) +0.654166667<x97>[B] (+1) +0.654166667<x98>[B] (+1) -0.654166667<x99>[B] (+1) -0.654166667<x100>[B] (+0) -0.654166667<x101>[B] (+1) +0.654166667<x102>[B] (+0) +0.654166667<x103>[B] (+0) +0.654166667<x104>[B] (+0) -0.654166667<x105>[B] (+1) +0.654166667<x106>[B] (+1) +0.654166667<x107>[B] (+0) +0.654166667<x108>[B] (+0) +0.654166667<x109>[B] (+0) -0.654166667<x110>[B] (+1) +0.654166667<x111>[B] (+0) +0.654166667<x112>[B] (+0) +0.654166667<x113>[B] (+0) -0.654166667<x114>[B] (+1) +0.654166667<x115>[B] (+0) +0.654166667<x116>[B] (+1) -0.654166667<x117>[B] (+1) -0.654166667<x118>[B] (+1) -0.654166667<x119>[B] (+1) -0.654166667<x120>[B] (+1) >= 24.0416666666667;
;
violation: left hand side is violated by 0.00833333333333997
  [linear] <c1143>: <x128>[C] (+27.2875) +0.6625<x1>[B] (+0) +0.6625<x2>[B] (+0) +0.6625<x3>[B] (+0) +0.6625<x4>[B] (+1) +0.6625<x5>[B] (+1) -0.6625<x6>[B] (+1) +0.6625<x7>[B] (+1) +0.6625<x8>[B] (+0) -0.6625<x9>[B] (+1) +0.6625<x10>[B] (+0) -0.6625<x11>[B] (+1) +0.6625<x12>[B] (+0) +0.6625<x13>[B] (+0) +0.6625<x14>[B] (+0) -0.6625<x15>[B] (+1) +0.6625<x16>[B] (+0) -0.6625<x17>[B] (+0) -0.6625<x18>[B] (+1) +0.6625<x19>[B] (+1) -0.6625<x20>[B] (+1) +0.6625<x21>[B] (+1) +0.6625<x22>[B] (+0) -0.6625<x23>[B] (+1) +0.6625<x24>[B] (+1) -0.6625<x25>[B] (+1) -0.6625<x26>[B] (+0) +0.6625<x27>[B] (+0) +0.6625<x28>[B] (+0) -0.6625<x29>[B] (+1) -0.6625<x30>[B] (+1) -0.6625<x31>[B] (+1) +0.6625<x32>[B] (+1) -0.6625<x33>[B] (+1) +0.6625<x34>[B] (+1) +0.6625<x35>[B] (+0) -0.6625<x36>[B] (+1) +0.6625<x37>[B] (+1) -0.6625<x38>[B] (+1) -0.6625<x39>[B] (+1) +0.6625<x40>[B] (+1) +0.6625<x41>[B] (+1) -0.6625<x42>[B] (+1) +0.6625<x43>[B] (+1) +0.6625<x44>[B] (+1) -0.6625<x45>[B] (+1) +0.6625<x46>[B] (+1) +0.6625<x47>[B] (+0) -0.6625<x48>[B] (+1) +0.6625<x49>[B] (+1) -0.6625<x50>[B] (+1) +0.6625<x51>[B] (+0) +0.6625<x52>[B] (+0) +0.6625<x53>[B] (+0) -0.6625<x54>[B] (+1) +0.6625<x55>[B] (+0) -0.6625<x56>[B] (+0) +0.6625<x57>[B] (+0) +0.6625<x58>[B] (+0) -0.6625<x59>[B] (+0) +0.6625<x60>[B] (+0) -0.6625<x61>[B] (+0) +0.6625<x62>[B] (+0) +0.6625<x63>[B] (+0) +0.6625<x64>[B] (+0) -0.6625<x65>[B] (+1) -0.6625<x66>[B] (+1) -0.6625<x67>[B] (+0) -0.6625<x68>[B] (+0) -0.6625<x69>[B] (+0) -0.6625<x70>[B] (+0) -0.6625<x71>[B] (+0) -0.6625<x72>[B] (+0) -0.6625<x73>[B] (+0) -0.6625<x74>[B] (+0) -0.6625<x75>[B] (+1) +0.6625<x76>[B] (+0) +0.6625<x77>[B] (+0) -0.6625<x78>[B] (+0) +0.6625<x79>[B] (+0) +0.6625<x80>[B] (+0) +0.6625<x81>[B] (+0) +0.6625<x82>[B] (+0) +0.6625<x83>[B] (+0) -0.6625<x84>[B] (+1) +0.6625<x85>[B] (+0) -0.6625<x86>[B] (+0) +0.6625<x87>[B] (+0) -0.6625<x88>[B] (+1) -0.6625<x89>[B] (+0) +0.6625<x90>[B] (+0) +0.6625<x91>[B] (+0) -0.6625<x92>[B] (+1) -0.6625<x93>[B] (+1) +0.6625<x94>[B] (+1) -0.6625<x95>[B] (+1) -0.6625<x96>[B] (+1) -0.6625<x97>[B] (+1) -0.6625<x98>[B] (+1) -0.6625<x99>[B] (+1) +0.6625<x100>[B] (+0) +0.6625<x101>[B] (+1) +0.6625<x102>[B] (+0) +0.6625<x103>[B] (+0) +0.6625<x104>[B] (+0) +0.6625<x105>[B] (+1) -0.6625<x106>[B] (+1) -0.6625<x107>[B] (+0) -0.6625<x108>[B] (+0) -0.6625<x109>[B] (+0) -0.6625<x110>[B] (+1) +0.6625<x111>[B] (+0) +0.6625<x112>[B] (+0) +0.6625<x113>[B] (+0) -0.6625<x114>[B] (+1) +0.6625<x115>[B] (+0) +0.6625<x116>[B] (+1) -0.6625<x117>[B] (+1) +0.6625<x118>[B] (+1) -0.6625<x119>[B] (+1) -0.6625<x120>[B] (+1) >= 15.4041666666667;
;
violation: left hand side is violated by 0.0416666666666838
all 10 solutions given by solution candidate storage are infeasible

feasible solution found by trivial heuristic after 0.0 seconds, objective value -9.999340e+05
presolving:
   (0.0s) symmetry computation started: requiring (bin +, int +, cont +), (fixed: bin -, int -, cont -)
   (0.0s) no symmetry present (symcode time: 0.00)
presolving (0 rounds: 0 fast, 0 medium, 0 exhaustive):
 0 deleted vars, 0 deleted constraints, 0 added constraints, 0 tightened bounds, 0 added holes, 0 changed sides, 0 changed coefficients
 0 implications, 0 cliques, 0 implied integral variables (0 bin, 0 int, 0 cont)
presolved problem has 130 variables (120 bin, 0 int, 10 cont) and 1145 constraints
   1145 constraints of type <linear>
Presolving Time: 0.00
transformed 1/1 original solutions to the transformed problem space

 time | node  | left  |LP iter|LP it/n|mem/heur|mdpt |vars |cons |rows |cuts |sepa|confs|strbr|  dualbound   | primalbound  |  gap   | compl. 
p 0.0s|     1 |     0 |     1 |     - |   locks|   0 | 130 |1145 |1145 |   0 |  0 |   0 |   0 | 1.960000e+02 |-1.630167e+02 |    Inf | unknown
  0.0s|     1 |     0 |   112 |     - |    10M |   0 | 130 |1145 |1145 |   0 |  0 |   0 |   0 |-5.181333e+01 |-1.630167e+02 | 214.62%| unknown
r 0.0s|     1 |     0 |   112 |     - |shifting|   0 | 130 |1145 |1145 |   0 |  0 |   0 |   0 |-5.181333e+01 |-5.995667e+01 |  15.72%| unknown
  0.0s|     1 |     0 |   121 |     - |    10M |   0 | 130 |1145 |1148 |   3 |  1 |   0 |   0 |-5.183914e+01 |-5.995667e+01 |  15.66%| unknown
  0.0s|     1 |     0 |   121 |     - |    10M |   0 | 130 |1145 |1148 |   3 |  1 |   0 |   0 |-5.183914e+01 |-5.995667e+01 |  15.66%| unknown
  0.0s|     1 |     0 |   129 |     - |    10M |   0 | 130 |1145 |1150 |   5 |  2 |   0 |   0 |-5.186537e+01 |-5.995667e+01 |  15.60%| unknown
r 0.0s|     1 |     0 |   129 |     - |shifting|   0 | 130 |1146 |1150 |   5 |  2 |   1 |   0 |-5.186537e+01 |-5.815503e+01 |  12.13%| unknown
  0.1s|     1 |     0 |   135 |     - |    10M |   0 | 130 |1146 |1151 |   6 |  3 |   1 |   0 |-5.188855e+01 |-5.815503e+01 |  12.08%| unknown
  0.1s|     1 |     0 |   139 |     - |    10M |   0 | 130 |1146 |1153 |   8 |  4 |   1 |   0 |-5.188948e+01 |-5.815503e+01 |  12.07%| unknown
  0.1s|     1 |     0 |   142 |     - |    11M |   0 | 130 |1146 |1154 |   9 |  5 |   1 |   0 |-5.189251e+01 |-5.815503e+01 |  12.07%| unknown
  0.1s|     1 |     0 |   151 |     - |    11M |   0 | 130 |1146 |1155 |  10 |  6 |   1 |   0 |-5.189345e+01 |-5.815503e+01 |  12.07%| unknown
  0.1s|     1 |     0 |   156 |     - |    11M |   0 | 130 |1146 |1156 |  11 |  7 |   1 |   0 |-5.189398e+01 |-5.815503e+01 |  12.07%| unknown
  0.1s|     1 |     0 |   158 |     - |    11M |   0 | 130 |1146 |1157 |  12 |  8 |   1 |   0 |-5.189557e+01 |-5.815503e+01 |  12.06%| unknown
r 0.1s|     1 |     0 |   158 |     - |shifting|   0 | 130 |1146 |1157 |  12 |  8 |   1 |   0 |-5.189557e+01 |-5.685786e+01 |   9.56%| unknown
r 0.1s|     1 |     0 |   164 |     - |intshift|   0 | 130 |1146 |1157 |  12 |  9 |   1 |   0 |-5.189557e+01 |-5.189583e+01 |   0.00%| unknown
 time | node  | left  |LP iter|LP it/n|mem/heur|mdpt |vars |cons |rows |cuts |sepa|confs|strbr|  dualbound   | primalbound  |  gap   | compl. 
  0.1s|     1 |     0 |   174 |     - |    11M |   0 | 130 |1147 |1157 |  12 |  9 |  92 |   0 |-5.189583e+01 |-5.189583e+01 |   0.00%| unknown

SCIP Status        : problem is solved [optimal solution found]
Solving Time (sec) : 0.14
Solving Nodes      : 1
Primal Bound       : -5.18958333333333e+01 (13 solutions)
Dual Bound         : -5.18958333333333e+01
Gap                : 0.00 %
  [linear] <c1146>: <x124>[C] (+30.7916667) +0.7125<x1>[B] (+0) +0.7125<x2>[B] (+0) +0.7125<x3>[B] (+0) +0.7125<x4>[B] (+1) +0.7125<x5>[B] (+1) +0.7125<x6>[B] (+1) -0.7125<x7>[B] (+1) +0.7125<x8>[B] (+0) +0.7125<x9>[B] (+0) +0.7125<x10>[B] (+0) +0.7125<x11>[B] (+1) +0.7125<x12>[B] (+0) +0.7125<x13>[B] (+0) +0.7125<x14>[B] (+0) -0.7125<x15>[B] (+1) +0.7125<x16>[B] (+0) +0.7125<x17>[B] (+0) -0.7125<x18>[B] (+1) -0.7125<x19>[B] (+1) +0.7125<x20>[B] (+1) -0.7125<x21>[B] (+1) +0.7125<x22>[B] (+0) +0.7125<x23>[B] (+1) +0.7125<x24>[B] (+1) +0.7125<x25>[B] (+1) +0.7125<x26>[B] (+0) +0.7125<x27>[B] (+0) +0.7125<x28>[B] (+0) -0.7125<x29>[B] (+1) +0.7125<x30>[B] (+1) -0.7125<x31>[B] (+1) -0.7125<x32>[B] (+1) -0.7125<x33>[B] (+1) -0.7125<x34>[B] (+1) +0.7125<x35>[B] (+0) -0.7125<x36>[B] (+1) +0.7125<x37>[B] (+1) -0.7125<x38>[B] (+1) +0.7125<x39>[B] (+1) -0.7125<x40>[B] (+1) -0.7125<x41>[B] (+1) -0.7125<x42>[B] (+1) -0.7125<x43>[B] (+1) -0.7125<x44>[B] (+1) -0.7125<x45>[B] (+1) -0.7125<x46>[B] (+1) +0.7125<x47>[B] (+0) -0.7125<x48>[B] (+1) -0.7125<x49>[B] (+1) -0.7125<x50>[B] (+1) -0.7125<x51>[B] (+0) -0.7125<x52>[B] (+0) -0.7125<x53>[B] (+0) -0.7125<x54>[B] (+1) -0.7125<x55>[B] (+0) +0.7125<x56>[B] (+0) -0.7125<x57>[B] (+0) +0.7125<x58>[B] (+0) +0.7125<x59>[B] (+0) +0.7125<x60>[B] (+0) +0.7125<x61>[B] (+0) +0.7125<x62>[B] (+0) +0.7125<x63>[B] (+0) +0.7125<x64>[B] (+0) -0.7125<x65>[B] (+1) +0.7125<x66>[B] (+1) -0.7125<x67>[B] (+0) +0.7125<x68>[B] (+0) +0.7125<x69>[B] (+0) +0.7125<x70>[B] (+0) +0.7125<x71>[B] (+1) +0.7125<x72>[B] (+0) +0.7125<x73>[B] (+0) +0.7125<x74>[B] (+0) -0.7125<x75>[B] (+1) -0.7125<x76>[B] (+0) +0.7125<x77>[B] (+0) -0.7125<x78>[B] (+0) +0.7125<x79>[B] (+0) -0.7125<x80>[B] (+0) +0.7125<x81>[B] (+0) -0.7125<x82>[B] (+0) -0.7125<x83>[B] (+0) -0.7125<x84>[B] (+1) +0.7125<x85>[B] (+0) +0.7125<x86>[B] (+0) +0.7125<x87>[B] (+0) +0.7125<x88>[B] (+1) +0.7125<x89>[B] (+0) +0.7125<x90>[B] (+0) +0.7125<x91>[B] (+0) +0.7125<x92>[B] (+1) -0.7125<x93>[B] (+1) -0.7125<x94>[B] (+1) -0.7125<x95>[B] (+1) -0.7125<x96>[B] (+1) -0.7125<x97>[B] (+1) -0.7125<x98>[B] (+1) -0.7125<x99>[B] (+1) +0.7125<x100>[B] (+1) +0.7125<x101>[B] (+1) +0.7125<x102>[B] (+0) +0.7125<x103>[B] (+0) +0.7125<x104>[B] (+0) -0.7125<x105>[B] (+1) -0.7125<x106>[B] (+1) -0.7125<x107>[B] (+0) -0.7125<x108>[B] (+0) -0.7125<x109>[B] (+0) -0.7125<x110>[B] (+1) +0.7125<x111>[B] (+0) -0.7125<x112>[B] (+0) -0.7125<x113>[B] (+0) -0.7125<x114>[B] (+1) -0.7125<x115>[B] (+0) -0.7125<x116>[B] (+1) -0.7125<x117>[B] (+1) -0.7125<x118>[B] (+1) -0.7125<x119>[B] (+1) -0.7125<x120>[B] (+1) >= 13.0041666666667;
;
violation: left hand side is violated by 0.0249999999999826
  [linear] <c1146>: <x124>[C] (+30.7916667) +0.7125<x1>[B] (+0) +0.7125<x2>[B] (+0) +0.7125<x3>[B] (+0) +0.7125<x4>[B] (+1) +0.7125<x5>[B] (+1) +0.7125<x6>[B] (+1) -0.7125<x7>[B] (+1) +0.7125<x8>[B] (+0) +0.7125<x9>[B] (+4.36648313e-13) +0.7125<x10>[B] (+2.28972331e-12) +0.7125<x11>[B] (+1) +0.7125<x12>[B] (+0) +0.7125<x13>[B] (+0) +0.7125<x14>[B] (+0) -0.7125<x15>[B] (+1) +0.7125<x16>[B] (+0) +0.7125<x17>[B] (+0) -0.7125<x18>[B] (+1) -0.7125<x19>[B] (+1) +0.7125<x20>[B] (+1) -0.7125<x21>[B] (+1) +0.7125<x22>[B] (+0) +0.7125<x23>[B] (+0) +0.7125<x24>[B] (+1) +0.7125<x25>[B] (+1) +0.7125<x26>[B] (+0) +0.7125<x27>[B] (+0) +0.7125<x28>[B] (+0) -0.7125<x29>[B] (+1) +0.7125<x30>[B] (+1) -0.7125<x31>[B] (+1) -0.7125<x32>[B] (+1) -0.7125<x33>[B] (+1) -0.7125<x34>[B] (+1) +0.7125<x35>[B] (+0) -0.7125<x36>[B] (+1) +0.7125<x37>[B] (+1) -0.7125<x38>[B] (+1) +0.7125<x39>[B] (+1) -0.7125<x40>[B] (+1) -0.7125<x41>[B] (+1) -0.7125<x42>[B] (+1) -0.7125<x43>[B] (+1) -0.7125<x44>[B] (+1) -0.7125<x45>[B] (+1) -0.7125<x46>[B] (+1) +0.7125<x47>[B] (+0) -0.7125<x48>[B] (+0) -0.7125<x49>[B] (+1) -0.7125<x50>[B] (+1) -0.7125<x51>[B] (+0) -0.7125<x52>[B] (+0) -0.7125<x53>[B] (+0) -0.7125<x54>[B] (+1) -0.7125<x55>[B] (+0) +0.7125<x56>[B] (+0) -0.7125<x57>[B] (+0) +0.7125<x58>[B] (+0) +0.7125<x59>[B] (+0) +0.7125<x60>[B] (+0) +0.7125<x61>[B] (+0) +0.7125<x62>[B] (+0) +0.7125<x63>[B] (+0) +0.7125<x64>[B] (+0) -0.7125<x65>[B] (+1) +0.7125<x66>[B] (+1) -0.7125<x67>[B] (+0) +0.7125<x68>[B] (+0) +0.7125<x69>[B] (+0) +0.7125<x70>[B] (+0) +0.7125<x71>[B] (+1) +0.7125<x72>[B] (+0) +0.7125<x73>[B] (+0) +0.7125<x74>[B] (+0) -0.7125<x75>[B] (+1) -0.7125<x76>[B] (+4.36650716e-13) +0.7125<x77>[B] (+0) -0.7125<x78>[B] (+4.36648313e-13) +0.7125<x79>[B] (+0) -0.7125<x80>[B] (+0) +0.7125<x81>[B] (+0) -0.7125<x82>[B] (+0) -0.7125<x83>[B] (+0) -0.7125<x84>[B] (+1) +0.7125<x85>[B] (+0) +0.7125<x86>[B] (+0) +0.7125<x87>[B] (+0) +0.7125<x88>[B] (+1) +0.7125<x89>[B] (+0) +0.7125<x90>[B] (+0) +0.7125<x91>[B] (+0) +0.7125<x92>[B] (+1) -0.7125<x93>[B] (+1) -0.7125<x94>[B] (+1) -0.7125<x95>[B] (+1) -0.7125<x96>[B] (+1) -0.7125<x97>[B] (+1) -0.7125<x98>[B] (+1) -0.7125<x99>[B] (+1) +0.7125<x100>[B] (+1) +0.7125<x101>[B] (+1) +0.7125<x102>[B] (+0) +0.7125<x103>[B] (+0) +0.7125<x104>[B] (+0) -0.7125<x105>[B] (+1) -0.7125<x106>[B] (+1) -0.7125<x107>[B] (+0) -0.7125<x108>[B] (+0) -0.7125<x109>[B] (+0) -0.7125<x110>[B] (+1) +0.7125<x111>[B] (+0) -0.7125<x112>[B] (+0) -0.7125<x113>[B] (+0) -0.7125<x114>[B] (+1) -0.7125<x115>[B] (+0) -0.7125<x116>[B] (+1) -0.7125<x117>[B] (+1) -0.7125<x118>[B] (+1) -0.7125<x119>[B] (+1) -0.7125<x120>[B] (+1) >= 13.0041666666667;
;
violation: left hand side is violated by 0.0249999999999719
8/10 feasible solutions given by solution candidate storage, new primal bound -5.815503e+01

presolving:
   (0.0s) symmetry computation started: requiring (bin +, int +, cont +), (fixed: bin -, int -, cont -)
   (0.0s) no symmetry present (symcode time: 0.00)
presolving (0 rounds: 0 fast, 0 medium, 0 exhaustive):
 0 deleted vars, 0 deleted constraints, 0 added constraints, 0 tightened bounds, 0 added holes, 0 changed sides, 0 changed coefficients
 0 implications, 0 cliques, 0 implied integral variables (0 bin, 0 int, 0 cont)
presolved problem has 130 variables (120 bin, 0 int, 10 cont) and 1148 constraints
   1148 constraints of type <linear>
Presolving Time: 0.00
transformed 9/9 original solutions to the transformed problem space

 time | node  | left  |LP iter|LP it/n|mem/heur|mdpt |vars |cons |rows |cuts |sepa|confs|strbr|  dualbound   | primalbound  |  gap   | compl. 
  0.0s|     1 |     0 |   102 |     - |    11M |   0 | 130 |1148 |1148 |   0 |  0 |   0 |   0 |-5.186250e+01 |-5.815503e+01 |  12.13%| unknown
  0.0s|     1 |     0 |   113 |     - |    11M |   0 | 130 |1148 |1151 |   3 |  1 |   0 |   0 |-5.187917e+01 |-5.815503e+01 |  12.10%| unknown
  0.0s|     1 |     0 |   129 |     - |    11M |   0 | 130 |1148 |1153 |   5 |  2 |   0 |   0 |-5.191458e+01 |-5.815503e+01 |  12.02%| unknown
  0.0s|     1 |     0 |   130 |     - |    11M |   0 | 130 |1148 |1154 |   6 |  3 |   0 |   0 |-5.192083e+01 |-5.815503e+01 |  12.01%| unknown
d 0.0s|     1 |     0 |   130 |     - |farkasdi|   0 | 130 |1148 |1154 |   0 |  4 |   0 |   0 |-5.192083e+01 |-5.192083e+01 |   0.00%| unknown
  0.0s|     1 |     0 |   130 |     - |    11M |   0 | 130 |1148 |1154 |   6 |  4 |   0 |   0 |-5.192083e+01 |-5.192083e+01 |   0.00%| unknown

SCIP Status        : problem is solved [optimal solution found]
Solving Time (sec) : 0.05
Solving Nodes      : 1
Primal Bound       : -5.19208333333333e+01 (14 solutions)
Dual Bound         : -5.19208333333333e+01
Gap                : 0.00 %
  [linear] <c1149>: <x121>[C] (+24.6958333) +0.6375<x1>[B] (+0) +0.6375<x2>[B] (+0) +0.6375<x3>[B] (+0) +0.6375<x4>[B] (+1) -0.6375<x5>[B] (+1) -0.6375<x6>[B] (+1) -0.6375<x7>[B] (+1) +0.6375<x8>[B] (+0) +0.6375<x9>[B] (-5.4489746e-13) -0.6375<x10>[B] (+1) +0.6375<x11>[B] (+1) +0.6375<x12>[B] (+0) +0.6375<x13>[B] (+0) +0.6375<x14>[B] (+0) +0.6375<x15>[B] (+1) -0.6375<x16>[B] (+0) -0.6375<x17>[B] (+0) +0.6375<x18>[B] (+1) -0.6375<x19>[B] (+1) -0.6375<x20>[B] (+1) -0.6375<x21>[B] (+1) +0.6375<x22>[B] (+0) -0.6375<x23>[B] (+1) -0.6375<x24>[B] (+1) -0.6375<x25>[B] (+1) -0.6375<x26>[B] (+0) -0.6375<x27>[B] (+0) -0.6375<x28>[B] (+0) -0.6375<x29>[B] (+1) -0.6375<x30>[B] (+1) +0.6375<x31>[B] (+1) -0.6375<x32>[B] (+1) -0.6375<x33>[B] (+1) -0.6375<x34>[B] (+1) +0.6375<x35>[B] (+0) -0.6375<x36>[B] (+1) -0.6375<x37>[B] (+1) -0.6375<x38>[B] (+1) -0.6375<x39>[B] (+1) -0.6375<x40>[B] (+1) +0.6375<x41>[B] (+1) -0.6375<x42>[B] (+1) +0.6375<x43>[B] (+1) -0.6375<x44>[B] (+1) -0.6375<x45>[B] (+1) -0.6375<x46>[B] (+1) +0.6375<x47>[B] (+0) +0.6375<x48>[B] (+1) -0.6375<x49>[B] (+1) +0.6375<x50>[B] (+1) -0.6375<x51>[B] (+0) +0.6375<x52>[B] (+0) +0.6375<x53>[B] (+0) +0.6375<x54>[B] (+1) -0.6375<x55>[B] (+0) -0.6375<x56>[B] (+0) -0.6375<x57>[B] (+0) +0.6375<x58>[B] (+0) -0.6375<x59>[B] (+0) -0.6375<x60>[B] (+0) -0.6375<x61>[B] (+0) -0.6375<x62>[B] (+0) -0.6375<x63>[B] (+0) -0.6375<x64>[B] (+0) -0.6375<x65>[B] (+1) +0.6375<x66>[B] (+1) +0.6375<x67>[B] (+0) +0.6375<x68>[B] (+0) +0.6375<x69>[B] (+0) +0.6375<x70>[B] (+0) +0.6375<x71>[B] (+1) +0.6375<x72>[B] (+0) +0.6375<x73>[B] (+0) +0.6375<x74>[B] (+0) +0.6375<x75>[B] (+1) -0.6375<x76>[B] (-5.4489746e-13) +0.6375<x77>[B] (+0) +0.6375<x78>[B] (-5.4489746e-13) +0.6375<x79>[B] (+0) +0.6375<x80>[B] (+0) +0.6375<x81>[B] (+0) +0.6375<x82>[B] (+0) +0.6375<x83>[B] (+0) +0.6375<x84>[B] (+1) +0.6375<x85>[B] (+0) +0.6375<x86>[B] (+0) +0.6375<x87>[B] (+0) +0.6375<x88>[B] (+1) +0.6375<x89>[B] (+0) +0.6375<x90>[B] (+0) +0.6375<x91>[B] (+0) +0.6375<x92>[B] (+1) -0.6375<x93>[B] (+1) -0.6375<x94>[B] (+1) -0.6375<x95>[B] (+1) -0.6375<x96>[B] (+1) -0.6375<x97>[B] (+1) -0.6375<x98>[B] (+1) -0.6375<x99>[B] (+1) -0.6375<x100>[B] (+1) +0.6375<x101>[B] (+1) -0.6375<x102>[B] (+0) -0.6375<x103>[B] (+0) +0.6375<x104>[B] (+0) -0.6375<x105>[B] (+1) +0.6375<x106>[B] (+1) +0.6375<x107>[B] (+0) +0.6375<x108>[B] (+0) +0.6375<x109>[B] (+0) +0.6375<x110>[B] (+1) -0.6375<x111>[B] (+0) -0.6375<x112>[B] (+0) +0.6375<x113>[B] (+0) -0.6375<x114>[B] (+1) +0.6375<x115>[B] (+0) +0.6375<x116>[B] (+1) +0.6375<x117>[B] (+1) +0.6375<x118>[B] (+1) +0.6375<x119>[B] (+1) -0.6375<x120>[B] (+1) >= 15.7791666666667;
;
violation: left hand side is violated by 0.0083333333333222
9/10 feasible solutions given by solution candidate storage, new primal bound -5.815503e+01

presolving:
   (0.0s) symmetry computation started: requiring (bin +, int +, cont +), (fixed: bin -, int -, cont -)
   (0.0s) no symmetry present (symcode time: 0.00)
presolving (0 rounds: 0 fast, 0 medium, 0 exhaustive):
 0 deleted vars, 0 deleted constraints, 0 added constraints, 0 tightened bounds, 0 added holes, 0 changed sides, 0 changed coefficients
 0 implications, 0 cliques, 0 implied integral variables (0 bin, 0 int, 0 cont)
presolved problem has 130 variables (120 bin, 0 int, 10 cont) and 1150 constraints
   1150 constraints of type <linear>
Presolving Time: 0.00
transformed 10/10 original solutions to the transformed problem space

 time | node  | left  |LP iter|LP it/n|mem/heur|mdpt |vars |cons |rows |cuts |sepa|confs|strbr|  dualbound   | primalbound  |  gap   | compl. 
  0.0s|     1 |     0 |   110 |     - |    12M |   0 | 130 |1150 |1150 |   0 |  0 |   0 |   0 |-5.187083e+01 |-5.815503e+01 |  12.12%| unknown
  0.0s|     1 |     0 |   117 |     - |    12M |   0 | 130 |1150 |1152 |   2 |  1 |   0 |   0 |-5.190163e+01 |-5.815503e+01 |  12.05%| unknown
r 0.0s|     1 |     0 |   117 |     - |shifting|   0 | 130 |1150 |1152 |   2 |  1 |   0 |   0 |-5.190163e+01 |-5.749846e+01 |  10.78%| unknown
  0.0s|     1 |     0 |   120 |     - |    12M |   0 | 130 |1150 |1153 |   3 |  2 |   0 |   0 |-5.190833e+01 |-5.749846e+01 |  10.77%| unknown
  0.0s|     1 |     0 |   131 |     - |    12M |   0 | 130 |1150 |1155 |   5 |  3 |   0 |   0 |-5.192577e+01 |-5.749846e+01 |  10.73%| unknown
  0.1s|     1 |     0 |   134 |     - |    12M |   0 | 130 |1150 |1156 |   6 |  4 |   0 |   0 |-5.192812e+01 |-5.749846e+01 |  10.73%| unknown
  0.1s|     1 |     0 |   136 |     - |    12M |   0 | 130 |1150 |1157 |   7 |  5 |   0 |   0 |-5.192889e+01 |-5.749846e+01 |  10.73%| unknown
  0.1s|     1 |     0 |   148 |     - |    12M |   0 | 130 |1150 |1158 |   8 |  6 |   0 |   0 |-5.193527e+01 |-5.749846e+01 |  10.71%| unknown
  0.1s|     1 |     0 |   150 |     - |    12M |   0 | 130 |1150 |1159 |   9 |  7 |   0 |   0 |-5.193598e+01 |-5.749846e+01 |  10.71%| unknown
  0.1s|     1 |     0 |   158 |     - |    12M |   0 | 130 |1150 |1160 |  10 |  8 |   0 |   0 |-5.193694e+01 |-5.749846e+01 |  10.71%| unknown
  0.1s|     1 |     0 |   160 |     - |    12M |   0 | 130 |1150 |1161 |  11 |  9 |   0 |   0 |-5.193720e+01 |-5.749846e+01 |  10.71%| unknown
  0.2s|     1 |     0 |   162 |     - |    12M |   0 | 130 |1150 |1162 |  12 | 10 |   0 |   0 |-5.193731e+01 |-5.749846e+01 |  10.71%| unknown
r 0.2s|     1 |     0 |   188 |     - |intshift|   0 | 130 |1150 |1162 |  12 | 11 |   0 |   0 |-5.193731e+01 |-5.332083e+01 |   2.66%| unknown
d 0.2s|     1 |     0 |   239 |     - |farkasdi|   0 | 130 |1150 |1162 |   0 | 11 |   0 |   0 |-5.193731e+01 |-5.241250e+01 |   0.91%| unknown
L 0.2s|     1 |     0 |   239 |     - |    rens|   0 | 130 |1150 |1162 |  12 | 11 |   0 |   0 |-5.193731e+01 |-5.193750e+01 |   0.00%| unknown
 time | node  | left  |LP iter|LP it/n|mem/heur|mdpt |vars |cons |rows |cuts |sepa|confs|strbr|  dualbound   | primalbound  |  gap   | compl. 
  0.2s|     1 |     0 |   239 |     - |    13M |   0 | 130 |1150 |1162 |  12 | 11 |   0 |   0 |-5.193731e+01 |-5.193750e+01 |   0.00%| unknown
  0.2s|     1 |     0 |   240 |     - |    13M |   0 | 130 |1150 | 168 |  12 | 11 |   0 |   0 |-5.193750e+01 |-5.193750e+01 |   0.00%| unknown
  0.2s|     1 |     0 |   240 |     - |    13M |   0 | 130 |1150 | 168 |  12 | 11 |   0 |   0 |-5.193750e+01 |-5.193750e+01 |   0.00%| unknown

SCIP Status        : problem is solved [optimal solution found]
Solving Time (sec) : 0.18
Solving Nodes      : 1
Primal Bound       : -5.19374999999999e+01 (25 solutions)
Dual Bound         : -5.19374999999999e+01
Gap                : 0.00 %
