Loading instance...
Median ranking: [12, 9, 5, 10, 4, 2, 13, 11, 8, 3, 14, 1, 15, 6, 16, 7]
Mean ranking: [9, 4, 12, 5, 10, 2, 11, 13, 8, 3, 14, 1, 15, 6, 7, 16]
Actual error: 0.000889125214109221
Weighted Kendall distance: 72.0
Normalized distance: 0.052941176470588235
 add conss, 0 chg bounds, 0 chg sides, 0 chg coeffs, 0 upgd conss, 0 impls, 0 clqs, 0 implints
   (0.0s) symmetry computation started: requiring (bin +, int +, cont +), (fixed: bin -, int -, cont -)
   (0.0s) no symmetry present (symcode time: 0.00)
presolving (2 rounds: 2 fast, 2 medium, 1 exhaustive):
 0 deleted vars, 1120 deleted constraints, 560 added constraints, 0 tightened bounds, 0 added holes, 0 changed sides, 0 changed coefficients
 0 implications, 0 cliques, 0 implied integral variables (0 bin, 0 int, 0 cont)
presolved problem has 120 variables (0 bin, 0 int, 120 cont) and 560 constraints
    560 constraints of type <linear>
Presolving Time: 0.01
transformed 3/3 original solutions to the transformed problem space

 time | node  | left  |LP iter|LP it/n|mem/heur|mdpt |vars |cons |rows |cuts |sepa|confs|strbr|  dualbound   | primalbound  |  gap   | compl. 
* 0.0s|     1 |     0 |    22 |     - |    LP  |   0 | 120 | 560 | 560 |   0 |  0 |   0 |   0 | 3.220000e+02 | 3.220000e+02 |   0.00%| unknown
  0.0s|     1 |     0 |    22 |     - |  4088k |   0 | 120 | 560 | 560 |   0 |  0 |   0 |   0 | 3.220000e+02 | 3.220000e+02 |   0.00%| unknown

SCIP Status        : problem is solved [optimal solution found]
Solving Time (sec) : 0.01
Solving Nodes      : 1
Primal Bound       : +3.22000000000000e+02 (4 solutions)
Dual Bound         : +3.22000000000000e+02
Gap                : 0.00 %
feasible solution found by trivial heuristic after 0.0 seconds, objective value 9.200000e+01
presolving:
   (0.0s) running MILP presolver
   (0.0s) MILP presolver (2 rounds): 0 aggregations, 0 fixings, 0 bound changes
(round 1, medium)     0 del vars, 1120 del conss, 560 add conss, 0 chg bounds, 0 chg sides, 0 chg coeffs, 0 upgd conss, 0 impls, 0 clqs, 0 implints
   (0.0s) probing: 51/120 (42.5%) - 0 fixings, 0 aggregations, 0 implications, 0 bound changes
   (0.0s) probing aborted: 50/50 successive totally useless probings
   (0.0s) symmetry computation started: requiring (bin +, int +, cont +), (fixed: bin -, int -, cont -)
   (0.0s) no symmetry present (symcode time: 0.00)
presolving (2 rounds: 2 fast, 2 medium, 1 exhaustive):
 0 deleted vars, 1120 deleted constraints, 560 added constraints, 0 tightened bounds, 0 added holes, 0 changed sides, 0 changed coefficients
 0 implications, 0 cliques, 0 implied integral variables (0 bin, 0 int, 0 cont)
presolved problem has 120 variables (120 bin, 0 int, 0 cont) and 560 constraints
    560 constraints of type <linear>
transformed objective value is always integral (scale: 2)
Presolving Time: 0.01
transformed 2/2 original solutions to the transformed problem space

 time | node  | left  |LP iter|LP it/n|mem/heur|mdpt |vars |cons |rows |cuts |sepa|confs|strbr|  dualbound   | primalbound  |  gap   | compl. 
p 0.0s|     1 |     0 |     0 |     - |   locks|   0 | 120 | 560 | 560 |   0 |  0 |   0 |   0 | 3.520000e+02 | 1.800000e+02 |  95.56%| unknown
i 0.0s|     1 |     0 |     0 |     - |  oneopt|   0 | 120 | 560 | 560 |   0 |  0 |   0 |   0 | 3.520000e+02 | 2.740000e+02 |  28.47%| unknown
* 0.0s|     1 |     0 |    21 |     - |    LP  |   0 | 120 | 560 | 560 |   0 |  0 |   0 |   0 | 3.220000e+02 | 3.220000e+02 |   0.00%| unknown
  0.0s|     1 |     0 |    21 |     - |  4180k |   0 | 120 | 560 | 560 |   0 |  0 |   0 |   0 | 3.220000e+02 | 3.220000e+02 |   0.00%| unknown

SCIP Status        : problem is solved [optimal solution found]
Solving Time (sec) : 0.01
Solving Nodes      : 1
Primal Bound       : +3.22000000000000e+02 (5 solutions)
Dual Bound         : +3.22000000000000e+02
Gap                : 0.00 %
feasible solution found by trivial heuristic after 0.1 seconds, objective value -3.999908e+06
presolving:
(round 1, fast)       0 del vars, 0 del conss, 0 add conss, 80 chg bounds, 0 chg sides, 0 chg coeffs, 0 upgd conss, 0 impls, 0 clqs, 0 implints
   (0.4s) running MILP presolver
   (0.5s) MILP presolver (2 rounds): 0 aggregations, 0 fixings, 0 bound changes
(round 2, exhaustive) 0 del vars, 560 del conss, 0 add conss, 80 chg bounds, 0 chg sides, 0 chg coeffs, 0 upgd conss, 0 impls, 0 clqs, 0 implints
   (0.9s) symmetry computation started: requiring (bin +, int +, cont +), (fixed: bin -, int -, cont -)
   (1.0s) no symmetry present (symcode time: 0.01)
presolving (3 rounds: 3 fast, 2 medium, 2 exhaustive):
 0 deleted vars, 560 deleted constraints, 0 added constraints, 80 tightened bounds, 0 added holes, 0 changed sides, 0 changed coefficients
 0 implications, 0 cliques, 0 implied integral variables (0 bin, 0 int, 0 cont)
presolved problem has 160 variables (0 bin, 0 int, 160 cont) and 5360 constraints
   5360 constraints of type <linear>
Presolving Time: 0.99

 time | node  | left  |LP iter|LP it/n|mem/heur|mdpt |vars |cons |rows |cuts |sepa|confs|strbr|  dualbound   | primalbound  |  gap   | compl. 
t 1.1s|     1 |     0 |     0 |     - | trivial|   0 | 160 |5360 |   0 |   0 |  0 |   0 |   0 | 3.520000e+02 |-2.308000e+03 |    Inf | unknown
* 1.3s|     1 |     0 |   651 |     - |    LP  |   0 | 160 |5360 |5360 |   0 |  0 |   0 |   0 |-4.414392e+02 |-4.414392e+02 |   0.00%| unknown
  1.3s|     1 |     0 |   651 |     - |   328M |   0 | 160 |5360 |5360 |   0 |  0 |   0 |   0 |-4.414392e+02 |-4.414392e+02 |   0.00%| unknown

SCIP Status        : problem is solved [optimal solution found]
Solving Time (sec) : 1.34
Solving Nodes      : 1
Primal Bound       : -4.41439174578059e+02 (3 solutions)
Dual Bound         : -4.41439174578059e+02
Gap                : 0.00 %
feasible solution found by trivial heuristic after 0.0 seconds, objective value -3.999908e+06
presolving:
(round 1, fast)       0 del vars, 0 del conss, 0 add conss, 80 chg bounds, 0 chg sides, 0 chg coeffs, 0 upgd conss, 0 impls, 0 clqs, 0 implints
   (0.3s) running MILP presolver
   (0.4s) MILP presolver (2 rounds): 0 aggregations, 0 fixings, 0 bound changes
(round 2, exhaustive) 0 del vars, 560 del conss, 0 add conss, 80 chg bounds, 0 chg sides, 0 chg coeffs, 0 upgd conss, 0 impls, 0 clqs, 0 implints
   (0.9s) probing: 51/120 (42.5%) - 0 fixings, 0 aggregations, 0 implications, 0 bound changes
   (0.9s) probing aborted: 50/50 successive totally useless probings
   (1.0s) symmetry computation started: requiring (bin +, int +, cont +), (fixed: bin -, int -, cont -)
   (1.1s) no symmetry present (symcode time: 0.01)
presolving (3 rounds: 3 fast, 2 medium, 2 exhaustive):
 0 deleted vars, 560 deleted constraints, 0 added constraints, 80 tightened bounds, 0 added holes, 0 changed sides, 0 changed coefficients
 0 implications, 0 cliques, 0 implied integral variables (0 bin, 0 int, 0 cont)
presolved problem has 160 variables (120 bin, 0 int, 40 cont) and 5360 constraints
   5360 constraints of type <linear>
Presolving Time: 1.09

 time | node  | left  |LP iter|LP it/n|mem/heur|mdpt |vars |cons |rows |cuts |sepa|confs|strbr|  dualbound   | primalbound  |  gap   | compl. 
t 1.1s|     1 |     0 |     0 |     - | trivial|   0 | 160 |5360 |   0 |   0 |  0 |   0 |   0 | 3.520000e+02 |-2.308000e+03 |    Inf | unknown
p 1.4s|     1 |     0 |    40 |     - |   locks|   0 | 160 |5360 |5360 |   0 |  0 |   0 |   0 | 3.520000e+02 |-7.057083e+02 |    Inf | unknown
  1.6s|     1 |     0 |   691 |     - |   329M |   0 | 160 |5360 |5360 |   0 |  0 |   0 |   0 |-4.414392e+02 |-7.057083e+02 |  59.87%| unknown
r 1.7s|     1 |     0 |   691 |     - |shifting|   0 | 160 |5360 |5360 |   0 |  0 |   0 |   0 |-4.414392e+02 |-5.014165e+02 |  13.59%| unknown
  1.8s|     1 |     0 |   693 |     - |   330M |   0 | 160 |5360 |5361 |   1 |  1 |   0 |   0 |-4.414504e+02 |-5.014165e+02 |  13.58%| unknown
r 1.9s|     1 |     0 |   693 |     - |shifting|   0 | 160 |5360 |5361 |   1 |  1 |   0 |   0 |-4.414504e+02 |-4.950657e+02 |  12.15%| unknown
  2.0s|     1 |     0 |   701 |     - |   330M |   0 | 160 |5360 |5362 |   2 |  2 |   0 |   0 |-4.414556e+02 |-4.950657e+02 |  12.14%| unknown
  2.1s|     1 |     0 |   712 |     - |   331M |   0 | 160 |5360 |5364 |   4 |  3 |   0 |   0 |-4.414826e+02 |-4.950657e+02 |  12.14%| unknown
  2.3s|     1 |     0 |   722 |     - |   331M |   0 | 160 |5360 |5366 |   6 |  4 |   0 |   0 |-4.415079e+02 |-4.950657e+02 |  12.13%| unknown
r 2.4s|     1 |     0 |   722 |     - |shifting|   0 | 160 |5360 |5366 |   6 |  4 |   0 |   0 |-4.415079e+02 |-4.905714e+02 |  11.11%| unknown
  2.5s|     1 |     0 |   738 |     - |   332M |   0 | 160 |5360 |5368 |   8 |  5 |   0 |   0 |-4.415152e+02 |-4.905714e+02 |  11.11%| unknown
  2.6s|     1 |     0 |   761 |     - |   333M |   0 | 160 |5361 |5370 |  10 |  6 |   1 |   0 |-4.415278e+02 |-4.905714e+02 |  11.11%| unknown
  2.8s|     1 |     0 |   783 |     - |   333M |   0 | 160 |5361 |5373 |  13 |  7 |   1 |   0 |-4.415388e+02 |-4.905714e+02 |  11.10%| unknown
  3.0s|     1 |     0 |   809 |     - |   334M |   0 | 160 |5361 |5376 |  16 |  8 |   1 |   0 |-4.415483e+02 |-4.905714e+02 |  11.10%| unknown
  3.2s|     1 |     0 |   816 |     - |   335M |   0 | 160 |5361 |5379 |  19 |  9 |   1 |   0 |-4.415485e+02 |-4.905714e+02 |  11.10%| unknown
 time | node  | left  |LP iter|LP it/n|mem/heur|mdpt |vars |cons |rows |cuts |sepa|confs|strbr|  dualbound   | primalbound  |  gap   | compl. 
  3.4s|     1 |     0 |   822 |     - |   335M |   0 | 160 |5361 |5381 |  21 | 10 |   1 |   0 |-4.415490e+02 |-4.905714e+02 |  11.10%| unknown
  3.5s|     1 |     0 |   838 |     - |   336M |   0 | 160 |5361 |5384 |  24 | 11 |   1 |   0 |-4.415564e+02 |-4.905714e+02 |  11.10%| unknown
r 3.6s|     1 |     0 |   931 |     - |intshift|   0 | 160 |5361 |5384 |  24 | 11 |   1 |   0 |-4.415564e+02 |-4.602917e+02 |   4.24%| unknown
d 3.8s|     1 |     0 |  1250 |     - |farkasdi|   0 | 160 |5361 |5384 |   0 | 11 |   1 |   0 |-4.415564e+02 |-4.423417e+02 |   0.18%| unknown
d 3.9s|     1 |     0 |  1416 |     - |conflict|   0 | 160 |5361 |5384 |   0 | 11 |   1 |   0 |-4.415564e+02 |-4.420083e+02 |   0.10%| unknown
  4.5s|     1 |     0 |  1416 |     - |   336M |   0 | 160 |5361 |5384 |  24 | 11 |   1 |   0 |-4.415564e+02 |-4.420083e+02 |   0.10%| unknown
  4.7s|     1 |     0 |  1416 |     - |   336M |   0 | 160 |5361 |5050 |  24 | 11 |   1 |   0 |-4.415564e+02 |-4.420083e+02 |   0.10%| unknown
  4.7s|     1 |     0 |  1427 |     - |   337M |   0 | 160 |5361 |5051 |  25 | 12 |   1 |   0 |-4.415570e+02 |-4.420083e+02 |   0.10%| unknown
  4.8s|     1 |     0 |  1434 |     - |   337M |   0 | 160 |5361 |5052 |  26 | 13 |   1 |   0 |-4.415583e+02 |-4.420083e+02 |   0.10%| unknown
  4.9s|     1 |     0 |  1434 |     - |   337M |   0 | 160 |4492 |5052 |  26 | 13 |   1 |   0 |-4.415583e+02 |-4.420083e+02 |   0.10%| unknown
(run 1, node 1) restarting after 75 global fixings of integer variables

(restart) converted 26 cuts from the global cut pool into linear constraints

presolving:
(round 1, fast)       75 del vars, 0 del conss, 0 add conss, 0 chg bounds, 157 chg sides, 90 chg coeffs, 0 upgd conss, 0 impls, 95 clqs, 0 implints
(round 2, fast)       75 del vars, 0 del conss, 0 add conss, 40 chg bounds, 157 chg sides, 90 chg coeffs, 0 upgd conss, 0 impls, 95 clqs, 0 implints
   (5.1s) running MILP presolver
   (5.2s) MILP presolver (3 rounds): 0 aggregations, 0 fixings, 40 bound changes
(round 3, medium)     75 del vars, 0 del conss, 0 add conss, 80 chg bounds, 157 chg sides, 90 chg coeffs, 0 upgd conss, 0 impls, 95 clqs, 0 implints
(round 4, fast)       75 del vars, 9 del conss, 0 add conss, 80 chg bounds, 300 chg sides, 360 chg coeffs, 0 upgd conss, 0 impls, 95 clqs, 0 implints
(round 5, exhaustive) 75 del vars, 9 del conss, 0 add conss, 80 chg bounds, 300 chg sides, 360 chg coeffs, 95 upgd conss, 0 impls, 95 clqs, 0 implints
presolving (6 rounds: 6 fast, 3 medium, 2 exhaustive):
 75 deleted vars, 9 deleted constraints, 0 added constraints, 80 tightened bounds, 0 added holes, 300 changed sides, 360 changed coefficients
 0 implications, 95 cliques, 0 implied integral variables (0 bin, 0 int, 0 cont)
presolved problem has 85 variables (45 bin, 0 int, 40 cont) and 4509 constraints
     95 constraints of type <setppc>
   4413 constraints of type <linear>
      1 constraints of type <logicor>
Presolving Time: 1.41
transformed 18/22 original solutions to the transformed problem space

 time | node  | left  |LP iter|LP it/n|mem/heur|mdpt |vars |cons |rows |cuts |sepa|confs|strbr|  dualbound   | primalbound  |  gap   | compl. 
  5.7s|     1 |     0 |  2025 |     - |   355M |   0 |  85 |4513 |4508 |   0 |  0 |   4 |   0 |-4.415583e+02 |-4.420083e+02 |   0.10%| unknown
  5.8s|     1 |     0 |  2055 |     - |   355M |   0 |  85 |4513 |4509 |   1 |  1 |   4 |   0 |-4.415666e+02 |-4.420083e+02 |   0.10%| unknown
  6.0s|     1 |     0 |  2079 |     - |   356M |   0 |  85 |4513 |4511 |   3 |  2 |   4 |   0 |-4.415718e+02 |-4.420083e+02 |   0.10%| unknown
  6.1s|     1 |     0 |  2129 |     - |   356M |   0 |  85 |4513 |4514 |   6 |  3 |   4 |   0 |-4.415892e+02 |-4.420083e+02 |   0.09%| unknown
  6.2s|     1 |     0 |  2137 |     - |   357M |   0 |  85 |4513 |4516 |   8 |  4 |   4 |   0 |-4.415907e+02 |-4.420083e+02 |   0.09%| unknown
  6.4s|     1 |     0 |  2148 |     - |   357M |   0 |  85 |4513 |4518 |  10 |  5 |   4 |   0 |-4.415932e+02 |-4.420083e+02 |   0.09%| unknown
  6.5s|     1 |     0 |  2162 |     - |   358M |   0 |  85 |4513 |4519 |  11 |  6 |   4 |   0 |-4.415956e+02 |-4.420083e+02 |   0.09%| unknown
  6.6s|     1 |     0 |  2186 |     - |   358M |   0 |  85 |4513 |4521 |  13 |  7 |   4 |   0 |-4.415985e+02 |-4.420083e+02 |   0.09%| unknown
  6.8s|     1 |     0 |  2216 |     - |   359M |   0 |  85 |4513 |4524 |  16 |  8 |   4 |   0 |-4.416057e+02 |-4.420083e+02 |   0.09%| unknown
  6.9s|     1 |     0 |  2254 |     - |   359M |   0 |  85 |4513 |4526 |  18 |  9 |   4 |   0 |-4.416170e+02 |-4.420083e+02 |   0.09%| unknown
  7.1s|     1 |     0 |  2261 |     - |   360M |   0 |  85 |4513 |4528 |  20 | 10 |   4 |   0 |-4.416172e+02 |-4.420083e+02 |   0.09%| unknown
  7.2s|     1 |     0 |  2282 |     - |   360M |   0 |  85 |4513 |4520 |  22 | 11 |   4 |   0 |-4.416199e+02 |-4.420083e+02 |   0.09%| unknown
  7.5s|     1 |     0 |  2842 |     - |   360M |   0 |  85 |4520 |4520 |  22 | 11 |  12 |   1 |-4.417057e+02 |-4.420083e+02 |   0.07%| unknown
(run 2, node 1) restarting after 3 global fixings of integer variables

(restart) converted 22 cuts from the global cut pool into linear constraints

presolving:
(round 1, fast)       3 del vars, 54 del conss, 0 add conss, 0 chg bounds, 128 chg sides, 221 chg coeffs, 0 upgd conss, 0 impls, 86 clqs, 0 implints
(round 2, fast)       3 del vars, 54 del conss, 0 add conss, 18 chg bounds, 128 chg sides, 221 chg coeffs, 0 upgd conss, 0 impls, 86 clqs, 0 implints
(round 3, exhaustive) 3 del vars, 54 del conss, 0 add conss, 18 chg bounds, 128 chg sides, 221 chg coeffs, 7 upgd conss, 0 impls, 86 clqs, 0 implints
presolving (4 rounds: 4 fast, 2 medium, 2 exhaustive):
 3 deleted vars, 55 deleted constraints, 0 added constraints, 18 tightened bounds, 0 added holes, 128 changed sides, 222 changed coefficients
 0 implications, 86 cliques, 0 implied integral variables (0 bin, 0 int, 0 cont)
presolved problem has 82 variables (42 bin, 0 int, 40 cont) and 4487 constraints
     86 constraints of type <setppc>
   4399 constraints of type <linear>
      2 constraints of type <logicor>
Presolving Time: 1.55
transformed 21/34 original solutions to the transformed problem space

 time | node  | left  |LP iter|LP it/n|mem/heur|mdpt |vars |cons |rows |cuts |sepa|confs|strbr|  dualbound   | primalbound  |  gap   | compl. 
  7.8s|     1 |     0 |  3233 |     - |   380M |   0 |  82 |4487 |4478 |   0 |  0 |  12 |   1 |-4.417057e+02 |-4.420083e+02 |   0.07%| unknown
  7.8s|     1 |     0 |  3233 |     - |   381M |   0 |  82 |4487 |4476 |   0 |  0 |  12 |   1 |-4.417057e+02 |-4.420083e+02 |   0.07%| unknown
  7.9s|     1 |     0 |  3289 |     - |   381M |   0 |  82 |4487 |4458 |   2 |  1 |  12 |   1 |-4.417703e+02 |-4.420083e+02 |   0.05%| unknown
  7.9s|     1 |     0 |  3289 |     - |   381M |   0 |  82 |4487 |4449 |   2 |  1 |  12 |   1 |-4.417703e+02 |-4.420083e+02 |   0.05%| unknown
  8.0s|     1 |     0 |  3305 |     - |   381M |   0 |  82 |4472 |4451 |   4 |  2 |  12 |   1 |-4.417854e+02 |-4.420083e+02 |   0.05%| unknown
  8.1s|     1 |     0 |  3313 |     - |   382M |   0 |  82 |4473 |4453 |   6 |  3 |  13 |   1 |-4.417860e+02 |-4.420083e+02 |   0.05%| unknown
  8.2s|     1 |     0 |  3327 |     - |   382M |   0 |  82 |4473 |4455 |   8 |  4 |  13 |   1 |-4.417884e+02 |-4.420083e+02 |   0.05%| unknown
  8.3s|     1 |     0 |  3337 |     - |   383M |   0 |  82 |4473 |4458 |  11 |  5 |  13 |   1 |-4.417907e+02 |-4.420083e+02 |   0.05%| unknown
  8.4s|     1 |     0 |  3361 |     - |   384M |   0 |  82 |4473 |4461 |  14 |  6 |  13 |   1 |-4.418070e+02 |-4.420083e+02 |   0.05%| unknown
  8.5s|     1 |     0 |  3388 |     - |   384M |   0 |  82 |4473 |4463 |  16 |  7 |  13 |   1 |-4.418219e+02 |-4.420083e+02 |   0.04%| unknown
  8.6s|     1 |     0 |  3414 |     - |   384M |   0 |  82 |4473 |4467 |  20 |  8 |  13 |   1 |-4.418299e+02 |-4.420083e+02 |   0.04%| unknown
  8.8s|     1 |     0 |  3436 |     - |   385M |   0 |  82 |4473 |4470 |  23 |  9 |  13 |   1 |-4.418335e+02 |-4.420083e+02 |   0.04%| unknown
  8.9s|     1 |     0 |  3451 |     - |   385M |   0 |  82 |4473 |4472 |  25 | 10 |  13 |   1 |-4.418351e+02 |-4.420083e+02 |   0.04%| unknown
  9.0s|     1 |     0 |  3456 |     - |   386M |   0 |  82 |4474 |4474 |  27 | 11 |  14 |   1 |-4.418353e+02 |-4.420083e+02 |   0.04%| unknown
  9.0s|     1 |     0 |  3456 |     - |   386M |   0 |  82 |4407 |4474 |  27 | 11 |  14 |   1 |-4.418353e+02 |-4.420083e+02 |   0.04%| unknown
 time | node  | left  |LP iter|LP it/n|mem/heur|mdpt |vars |cons |rows |cuts |sepa|confs|strbr|  dualbound   | primalbound  |  gap   | compl. 
  9.1s|     1 |     0 |  3463 |     - |   386M |   0 |  82 |4407 |4475 |  28 | 12 |  14 |   1 |-4.418357e+02 |-4.420083e+02 |   0.04%| unknown
  9.2s|     1 |     0 |  3471 |     - |   387M |   0 |  82 |4407 |4437 |  29 | 13 |  14 |   1 |-4.418359e+02 |-4.420083e+02 |   0.04%| unknown
  9.3s|     1 |     0 |  3473 |     - |   387M |   0 |  82 |4407 |4438 |  30 | 14 |  14 |   1 |-4.418360e+02 |-4.420083e+02 |   0.04%| unknown
  9.4s|     1 |     0 |  3478 |     - |   388M |   0 |  82 |4407 |4439 |  31 | 15 |  14 |   1 |-4.418364e+02 |-4.420083e+02 |   0.04%| unknown
  9.5s|     1 |     0 |  3485 |     - |   388M |   0 |  82 |4407 |4441 |  33 | 16 |  14 |   1 |-4.418374e+02 |-4.420083e+02 |   0.04%| unknown
  9.6s|     1 |     0 |  3486 |     - |   389M |   0 |  82 |4407 |4442 |  34 | 17 |  14 |   1 |-4.418374e+02 |-4.420083e+02 |   0.04%| unknown
  9.7s|     1 |     0 |  3487 |     - |   389M |   0 |  82 |4407 |4443 |  35 | 18 |  14 |   1 |-4.418376e+02 |-4.420083e+02 |   0.04%| unknown
 10.0s|     1 |     0 |  3785 |     - |   390M |   0 |  82 |4334 |4443 |  35 | 19 |  24 |   2 |-4.419246e+02 |-4.420083e+02 |   0.02%| unknown
 10.0s|     1 |     0 |  3785 |     - |   390M |   0 |  82 |4335 |4263 |  35 | 19 |  25 |   2 |-4.419246e+02 |-4.420083e+02 |   0.02%| unknown
 10.1s|     1 |     0 |  3785 |     - |   390M |   0 |  82 |4256 |4263 |  35 | 20 |  25 |   2 |-4.419246e+02 |-4.420083e+02 |   0.02%| unknown
 10.2s|     1 |     0 |  3807 |     - |   390M |   0 |  82 |4259 |4263 |  35 | 21 |  30 |   7 |-4.420083e+02 |-4.420083e+02 |   0.00%| unknown

SCIP Status        : problem is solved [optimal solution found]
Solving Time (sec) : 10.15
Solving Nodes      : 1 (total of 3 nodes in 3 runs)
Primal Bound       : -4.42008333333333e+02 (54 solutions)
Dual Bound         : -4.42008333333333e+02
Gap                : 0.00 %
feasible solution found by trivial heuristic after 0.0 seconds, objective value 0.000000e+00
presolving:
   (0.0s) symmetry computation started: requiring (bin +, int +, cont +), (fixed: bin -, int -, cont -)
   (0.0s) symmetry computation finished: 39 generators found (max: 1500, log10 of symmetry group size: 47.91) (symcode time: 0.00)
dynamic symmetry handling statistics:
   orbitopal reduction:       no components
   orbital reduction:         no components
   lexicographic reduction:   no permutations
handled 1 out of 1 symmetry components
presolving (0 rounds: 0 fast, 0 medium, 0 exhaustive):
 0 deleted vars, 0 deleted constraints, 0 added constraints, 0 tightened bounds, 0 added holes, 0 changed sides, 0 changed coefficients
 0 implications, 0 cliques, 0 implied integral variables (0 bin, 0 int, 0 cont)
presolved problem has 160 variables (120 bin, 0 int, 40 cont) and 1159 constraints
   1159 constraints of type <linear>
Presolving Time: 0.00
transformed 2/2 original solutions to the transformed problem space

 time | node  | left  |LP iter|LP it/n|mem/heur|mdpt |vars |cons |rows |cuts |sepa|confs|strbr|  dualbound   | primalbound  |  gap   | compl. 
t 0.0s|     1 |     0 |     0 |     - | trivial|   0 | 160 |1120 |   0 |   0 |  0 |   0 |   0 | 3.520000e+02 | 9.200000e+01 | 282.61%| unknown
i 0.0s|     1 |     0 |     0 |     - |  oneopt|   0 | 160 |1120 |1120 |   0 |  0 |   0 |   0 | 3.520000e+02 | 2.600000e+02 |  35.38%| unknown
* 0.0s|     1 |     0 |    21 |     - |    LP  |   0 | 160 |1120 |1120 |   0 |  0 |   0 |   0 | 3.220000e+02 | 3.220000e+02 |   0.00%| unknown
  0.0s|     1 |     0 |    21 |     - |  6372k |   0 | 160 |1120 |1120 |   0 |  0 |   0 |   0 | 3.220000e+02 | 3.220000e+02 |   0.00%| unknown

SCIP Status        : problem is solved [optimal solution found]
Solving Time (sec) : 0.00
Solving Nodes      : 1
Primal Bound       : +3.22000000000000e+02 (5 solutions)
Dual Bound         : +3.22000000000000e+02
Gap                : 0.00 %
  [linear] <c1121>: <x121>[C] (+0) +0.604166667<x1>[B] (+0) +0.604166667<x2>[B] (+0) +0.604166667<x3>[B] (+0) +0.604166667<x4>[B] (+0) +0.604166667<x5>[B] (+1) +0.604166667<x6>[B] (+1) +0.604166667<x7>[B] (+0) +0.604166667<x8>[B] (+0) +0.604166667<x9>[B] (+0) +0.604166667<x10>[B] (+0) +0.604166667<x11>[B] (+0) +0.604166667<x12>[B] (+0) +0.604166667<x13>[B] (+0) +0.604166667<x14>[B] (+1) +0.604166667<x15>[B] (+1) +0.604166667<x16>[B] (+1) +0.604166667<x17>[B] (+0) +0.604166667<x18>[B] (+0) +0.604166667<x19>[B] (+1) +0.604166667<x20>[B] (+1) -0.604166667<x21>[B] (+1) +0.604166667<x22>[B] (+0) +0.604166667<x23>[B] (+0) +0.604166667<x24>[B] (+1) +0.604166667<x25>[B] (+0) +0.604166667<x26>[B] (+1) +0.604166667<x27>[B] (+1) +0.604166667<x28>[B] (+1) -0.604166667<x29>[B] (+1) +0.604166667<x30>[B] (+0) +0.604166667<x31>[B] (+0) +0.604166667<x32>[B] (+1) +0.604166667<x33>[B] (+1) -0.604166667<x34>[B] (+0) +0.604166667<x35>[B] (+0) +0.604166667<x36>[B] (+0) +0.604166667<x37>[B] (+0) +0.604166667<x38>[B] (+0) +0.604166667<x39>[B] (+0) +0.604166667<x40>[B] (+1) +0.604166667<x41>[B] (+1) -0.604166667<x42>[B] (+1) -0.604166667<x43>[B] (+0) -0.604166667<x44>[B] (+1) -0.604166667<x45>[B] (+1) -0.604166667<x46>[B] (+1) -0.604166667<x47>[B] (+0) -0.604166667<x48>[B] (+0) +0.604166667<x49>[B] (+1) -0.604166667<x50>[B] (+0) +0.604166667<x51>[B] (+1) -0.604166667<x52>[B] (+1) -0.604166667<x53>[B] (+1) -0.604166667<x54>[B] (+1) -0.604166667<x55>[B] (+1) -0.604166667<x56>[B] (+1) -0.604166667<x57>[B] (+1) +0.604166667<x58>[B] (+0) +0.604166667<x59>[B] (+1) +0.604166667<x60>[B] (+1) -0.604166667<x61>[B] (+0) +0.604166667<x62>[B] (+1) +0.604166667<x63>[B] (+1) -0.604166667<x64>[B] (+1) -0.604166667<x65>[B] (+1) -0.604166667<x66>[B] (+1) -0.604166667<x67>[B] (+0) +0.604166667<x68>[B] (+0) +0.604166667<x69>[B] (+0) +0.604166667<x70>[B] (+0) -0.604166667<x71>[B] (+0) +0.604166667<x72>[B] (+0) +0.604166667<x73>[B] (+0) -0.604166667<x74>[B] (+0) -0.604166667<x75>[B] (+1) -0.604166667<x76>[B] (+0) +0.604166667<x77>[B] (+0) +0.604166667<x78>[B] (+0) +0.604166667<x79>[B] (+0) -0.604166667<x80>[B] (+0) +0.604166667<x81>[B] (+0) +0.604166667<x82>[B] (+0) +0.604166667<x83>[B] (+0) -0.604166667<x84>[B] (+0) +0.604166667<x85>[B] (+0) +0.604166667<x86>[B] (+0) +0.604166667<x87>[B] (+0) +0.604166667<x88>[B] (+0) +0.604166667<x89>[B] (+0) +0.604166667<x90>[B] (+1) +0.604166667<x91>[B] (+1) -0.604166667<x92>[B] (+1) -0.604166667<x93>[B] (+1) +0.604166667<x94>[B] (+1) -0.604166667<x95>[B] (+0) +0.604166667<x96>[B] (+1) +0.604166667<x97>[B] (+1) -0.604166667<x98>[B] (+1) -0.604166667<x99>[B] (+1) +0.604166667<x100>[B] (+1) -0.604166667<x101>[B] (+0) +0.604166667<x102>[B] (+1) +0.604166667<x103>[B] (+1) -0.604166667<x104>[B] (+1) -0.604166667<x105>[B] (+1) -0.604166667<x106>[B] (+0) +0.604166667<x107>[B] (+0) -0.604166667<x108>[B] (+1) -0.604166667<x109>[B] (+1) -0.604166667<x110>[B] (+1) +0.604166667<x111>[B] (+1) +0.604166667<x112>[B] (+1) +0.604166667<x113>[B] (+1) -0.604166667<x114>[B] (+1) -0.604166667<x115>[B] (+1) -0.604166667<x116>[B] (+1) -0.604166667<x117>[B] (+1) -0.604166667<x118>[B] (+1) -0.604166667<x119>[B] (+1) -0.604166667<x120>[B] (+1) >= 22.2041666666667;
;
violation: left hand side is violated by 22.2041666666667
  [linear] <c1121>: <x121>[C] (+0) +0.604166667<x1>[B] (+0) +0.604166667<x2>[B] (+0) +0.604166667<x3>[B] (+0) +0.604166667<x4>[B] (+0) +0.604166667<x5>[B] (+1) +0.604166667<x6>[B] (+1) +0.604166667<x7>[B] (+1) +0.604166667<x8>[B] (+1) +0.604166667<x9>[B] (+1) +0.604166667<x10>[B] (+1) +0.604166667<x11>[B] (+0) +0.604166667<x12>[B] (+1) +0.604166667<x13>[B] (+1) +0.604166667<x14>[B] (+1) +0.604166667<x15>[B] (+1) +0.604166667<x16>[B] (+1) +0.604166667<x17>[B] (+0) +0.604166667<x18>[B] (+1) +0.604166667<x19>[B] (+1) +0.604166667<x20>[B] (+1) -0.604166667<x21>[B] (+1) +0.604166667<x22>[B] (+1) +0.604166667<x23>[B] (+1) +0.604166667<x24>[B] (+1) +0.604166667<x25>[B] (+0) +0.604166667<x26>[B] (+1) +0.604166667<x27>[B] (+1) +0.604166667<x28>[B] (+1) -0.604166667<x29>[B] (+1) +0.604166667<x30>[B] (+0) +0.604166667<x31>[B] (+1) +0.604166667<x32>[B] (+1) +0.604166667<x33>[B] (+1) -0.604166667<x34>[B] (+1) +0.604166667<x35>[B] (+1) +0.604166667<x36>[B] (+1) +0.604166667<x37>[B] (+1) +0.604166667<x38>[B] (+0) +0.604166667<x39>[B] (+1) +0.604166667<x40>[B] (+1) +0.604166667<x41>[B] (+1) -0.604166667<x42>[B] (+1) -0.604166667<x43>[B] (+1) -0.604166667<x44>[B] (+1) -0.604166667<x45>[B] (+1) -0.604166667<x46>[B] (+1) -0.604166667<x47>[B] (+1) -0.604166667<x48>[B] (+1) +0.604166667<x49>[B] (+1) -0.604166667<x50>[B] (+1) +0.604166667<x51>[B] (+1) -0.604166667<x52>[B] (+1) -0.604166667<x53>[B] (+1) -0.604166667<x54>[B] (+1) -0.604166667<x55>[B] (+1) -0.604166667<x56>[B] (+1) -0.604166667<x57>[B] (+1) +0.604166667<x58>[B] (+1) +0.604166667<x59>[B] (+1) +0.604166667<x60>[B] (+1) -0.604166667<x61>[B] (+0) +0.604166667<x62>[B] (+1) +0.604166667<x63>[B] (+1) -0.604166667<x64>[B] (+1) -0.604166667<x65>[B] (+1) -0.604166667<x66>[B] (+1) -0.604166667<x67>[B] (+0) +0.604166667<x68>[B] (+0) +0.604166667<x69>[B] (+0) +0.604166667<x70>[B] (+0) -0.604166667<x71>[B] (+0) +0.604166667<x72>[B] (+1) +0.604166667<x73>[B] (+1) -0.604166667<x74>[B] (+1) -0.604166667<x75>[B] (+1) -0.604166667<x76>[B] (+0) +0.604166667<x77>[B] (+0) +0.604166667<x78>[B] (+0) +0.604166667<x79>[B] (+0) -0.604166667<x80>[B] (+0) +0.604166667<x81>[B] (+0) +0.604166667<x82>[B] (+0) +0.604166667<x83>[B] (+0) -0.604166667<x84>[B] (+1) +0.604166667<x85>[B] (+0) +0.604166667<x86>[B] (+1) +0.604166667<x87>[B] (+1) +0.604166667<x88>[B] (+0) +0.604166667<x89>[B] (+1) +0.604166667<x90>[B] (+1) +0.604166667<x91>[B] (+1) -0.604166667<x92>[B] (+1) -0.604166667<x93>[B] (+1) +0.604166667<x94>[B] (+1) -0.604166667<x95>[B] (+0) +0.604166667<x96>[B] (+1) +0.604166667<x97>[B] (+1) -0.604166667<x98>[B] (+1) -0.604166667<x99>[B] (+1) +0.604166667<x100>[B] (+1) -0.604166667<x101>[B] (+0) +0.604166667<x102>[B] (+1) +0.604166667<x103>[B] (+1) -0.604166667<x104>[B] (+1) -0.604166667<x105>[B] (+1) -0.604166667<x106>[B] (+0) +0.604166667<x107>[B] (+1) -0.604166667<x108>[B] (+1) -0.604166667<x109>[B] (+1) -0.604166667<x110>[B] (+1) +0.604166667<x111>[B] (+1) +0.604166667<x112>[B] (+1) +0.604166667<x113>[B] (+1) -0.604166667<x114>[B] (+1) -0.604166667<x115>[B] (+1) -0.604166667<x116>[B] (+1) -0.604166667<x117>[B] (+1) -0.604166667<x118>[B] (+1) -0.604166667<x119>[B] (+1) -0.604166667<x120>[B] (+1) >= 22.2041666666667;
;
violation: left hand side is violated by 13.7458333333333
  [linear] <c1121>: <x121>[C] (+0) +0.604166667<x1>[B] (+1) +0.604166667<x2>[B] (+1) +0.604166667<x3>[B] (+1) +0.604166667<x4>[B] (+1) +0.604166667<x5>[B] (+1) +0.604166667<x6>[B] (+1) +0.604166667<x7>[B] (+1) +0.604166667<x8>[B] (+1) +0.604166667<x9>[B] (+1) +0.604166667<x10>[B] (+1) +0.604166667<x11>[B] (+1) +0.604166667<x12>[B] (+1) +0.604166667<x13>[B] (+1) +0.604166667<x14>[B] (+1) +0.604166667<x15>[B] (+1) +0.604166667<x16>[B] (+1) +0.604166667<x17>[B] (+1) +0.604166667<x18>[B] (+1) +0.604166667<x19>[B] (+1) +0.604166667<x20>[B] (+1) -0.604166667<x21>[B] (+1) +0.604166667<x22>[B] (+1) +0.604166667<x23>[B] (+1) +0.604166667<x24>[B] (+1) +0.604166667<x25>[B] (+1) +0.604166667<x26>[B] (+1) +0.604166667<x27>[B] (+1) +0.604166667<x28>[B] (+1) -0.604166667<x29>[B] (+1) +0.604166667<x30>[B] (+1) +0.604166667<x31>[B] (+1) +0.604166667<x32>[B] (+1) +0.604166667<x33>[B] (+1) -0.604166667<x34>[B] (+1) +0.604166667<x35>[B] (+1) +0.604166667<x36>[B] (+1) +0.604166667<x37>[B] (+1) +0.604166667<x38>[B] (+1) +0.604166667<x39>[B] (+1) +0.604166667<x40>[B] (+1) +0.604166667<x41>[B] (+1) -0.604166667<x42>[B] (+1) -0.604166667<x43>[B] (+1) -0.604166667<x44>[B] (+1) -0.604166667<x45>[B] (+1) -0.604166667<x46>[B] (+1) -0.604166667<x47>[B] (+1) -0.604166667<x48>[B] (+1) +0.604166667<x49>[B] (+1) -0.604166667<x50>[B] (+1) +0.604166667<x51>[B] (+1) -0.604166667<x52>[B] (+1) -0.604166667<x53>[B] (+1) -0.604166667<x54>[B] (+1) -0.604166667<x55>[B] (+1) -0.604166667<x56>[B] (+1) -0.604166667<x57>[B] (+1) +0.604166667<x58>[B] (+1) +0.604166667<x59>[B] (+1) +0.604166667<x60>[B] (+1) -0.604166667<x61>[B] (+1) +0.604166667<x62>[B] (+1) +0.604166667<x63>[B] (+1) -0.604166667<x64>[B] (+1) -0.604166667<x65>[B] (+1) -0.604166667<x66>[B] (+1) -0.604166667<x67>[B] (+1) +0.604166667<x68>[B] (+1) +0.604166667<x69>[B] (+1) +0.604166667<x70>[B] (+1) -0.604166667<x71>[B] (+1) +0.604166667<x72>[B] (+1) +0.604166667<x73>[B] (+1) -0.604166667<x74>[B] (+1) -0.604166667<x75>[B] (+1) -0.604166667<x76>[B] (+1) +0.604166667<x77>[B] (+1) +0.604166667<x78>[B] (+1) +0.604166667<x79>[B] (+1) -0.604166667<x80>[B] (+1) +0.604166667<x81>[B] (+1) +0.604166667<x82>[B] (+1) +0.604166667<x83>[B] (+1) -0.604166667<x84>[B] (+1) +0.604166667<x85>[B] (+1) +0.604166667<x86>[B] (+1) +0.604166667<x87>[B] (+1) +0.604166667<x88>[B] (+1) +0.604166667<x89>[B] (+1) +0.604166667<x90>[B] (+1) +0.604166667<x91>[B] (+1) -0.604166667<x92>[B] (+1) -0.604166667<x93>[B] (+1) +0.604166667<x94>[B] (+1) -0.604166667<x95>[B] (+1) +0.604166667<x96>[B] (+1) +0.604166667<x97>[B] (+1) -0.604166667<x98>[B] (+1) -0.604166667<x99>[B] (+1) +0.604166667<x100>[B] (+1) -0.604166667<x101>[B] (+1) +0.604166667<x102>[B] (+1) +0.604166667<x103>[B] (+1) -0.604166667<x104>[B] (+1) -0.604166667<x105>[B] (+1) -0.604166667<x106>[B] (+1) +0.604166667<x107>[B] (+1) -0.604166667<x108>[B] (+1) -0.604166667<x109>[B] (+1) -0.604166667<x110>[B] (+1) +0.604166667<x111>[B] (+1) +0.604166667<x112>[B] (+1) +0.604166667<x113>[B] (+1) -0.604166667<x114>[B] (+1) -0.604166667<x115>[B] (+1) -0.604166667<x116>[B] (+1) -0.604166667<x117>[B] (+1) -0.604166667<x118>[B] (+1) -0.604166667<x119>[B] (+1) -0.604166667<x120>[B] (+1) >= 22.2041666666667;
;
violation: left hand side is violated by 6.49583333333334
  [linear] <c1121>: <x121>[C] (+0) +0.604166667<x1>[B] (+0) +0.604166667<x2>[B] (+0) +0.604166667<x3>[B] (+0) +0.604166667<x4>[B] (+0) +0.604166667<x5>[B] (+0) +0.604166667<x6>[B] (+0) +0.604166667<x7>[B] (+0) +0.604166667<x8>[B] (+0) +0.604166667<x9>[B] (+0) +0.604166667<x10>[B] (+0) +0.604166667<x11>[B] (+0) +0.604166667<x12>[B] (+0) +0.604166667<x13>[B] (+0) +0.604166667<x14>[B] (+0) +0.604166667<x15>[B] (+0) +0.604166667<x16>[B] (+0) +0.604166667<x17>[B] (+0) +0.604166667<x18>[B] (+0) +0.604166667<x19>[B] (+0) +0.604166667<x20>[B] (+0) -0.604166667<x21>[B] (+0) +0.604166667<x22>[B] (+0) +0.604166667<x23>[B] (+0) +0.604166667<x24>[B] (+0) +0.604166667<x25>[B] (+0) +0.604166667<x26>[B] (+0) +0.604166667<x27>[B] (+0) +0.604166667<x28>[B] (+0) -0.604166667<x29>[B] (+0) +0.604166667<x30>[B] (+0) +0.604166667<x31>[B] (+0) +0.604166667<x32>[B] (+0) +0.604166667<x33>[B] (+0) -0.604166667<x34>[B] (+0) +0.604166667<x35>[B] (+0) +0.604166667<x36>[B] (+0) +0.604166667<x37>[B] (+0) +0.604166667<x38>[B] (+0) +0.604166667<x39>[B] (+0) +0.604166667<x40>[B] (+0) +0.604166667<x41>[B] (+0) -0.604166667<x42>[B] (+0) -0.604166667<x43>[B] (+0) -0.604166667<x44>[B] (+0) -0.604166667<x45>[B] (+0) -0.604166667<x46>[B] (+0) -0.604166667<x47>[B] (+0) -0.604166667<x48>[B] (+0) +0.604166667<x49>[B] (+0) -0.604166667<x50>[B] (+0) +0.604166667<x51>[B] (+0) -0.604166667<x52>[B] (+0) -0.604166667<x53>[B] (+0) -0.604166667<x54>[B] (+0) -0.604166667<x55>[B] (+0) -0.604166667<x56>[B] (+0) -0.604166667<x57>[B] (+0) +0.604166667<x58>[B] (+0) +0.604166667<x59>[B] (+0) +0.604166667<x60>[B] (+0) -0.604166667<x61>[B] (+0) +0.604166667<x62>[B] (+0) +0.604166667<x63>[B] (+0) -0.604166667<x64>[B] (+0) -0.604166667<x65>[B] (+0) -0.604166667<x66>[B] (+0) -0.604166667<x67>[B] (+0) +0.604166667<x68>[B] (+0) +0.604166667<x69>[B] (+0) +0.604166667<x70>[B] (+0) -0.604166667<x71>[B] (+0) +0.604166667<x72>[B] (+0) +0.604166667<x73>[B] (+0) -0.604166667<x74>[B] (+0) -0.604166667<x75>[B] (+0) -0.604166667<x76>[B] (+0) +0.604166667<x77>[B] (+0) +0.604166667<x78>[B] (+0) +0.604166667<x79>[B] (+0) -0.604166667<x80>[B] (+0) +0.604166667<x81>[B] (+0) +0.604166667<x82>[B] (+0) +0.604166667<x83>[B] (+0) -0.604166667<x84>[B] (+0) +0.604166667<x85>[B] (+0) +0.604166667<x86>[B] (+0) +0.604166667<x87>[B] (+0) +0.604166667<x88>[B] (+0) +0.604166667<x89>[B] (+0) +0.604166667<x90>[B] (+0) +0.604166667<x91>[B] (+0) -0.604166667<x92>[B] (+0) -0.604166667<x93>[B] (+0) +0.604166667<x94>[B] (+0) -0.604166667<x95>[B] (+0) +0.604166667<x96>[B] (+0) +0.604166667<x97>[B] (+0) -0.604166667<x98>[B] (+0) -0.604166667<x99>[B] (+0) +0.604166667<x100>[B] (+0) -0.604166667<x101>[B] (+0) +0.604166667<x102>[B] (+0) +0.604166667<x103>[B] (+0) -0.604166667<x104>[B] (+0) -0.604166667<x105>[B] (+0) -0.604166667<x106>[B] (+0) +0.604166667<x107>[B] (+0) -0.604166667<x108>[B] (+0) -0.604166667<x109>[B] (+0) -0.604166667<x110>[B] (+0) +0.604166667<x111>[B] (+0) +0.604166667<x112>[B] (+0) +0.604166667<x113>[B] (+0) -0.604166667<x114>[B] (+0) -0.604166667<x115>[B] (+0) -0.604166667<x116>[B] (+0) -0.604166667<x117>[B] (+0) -0.604166667<x118>[B] (+0) -0.604166667<x119>[B] (+0) -0.604166667<x120>[B] (+0) >= 22.2041666666667;
;
violation: left hand side is violated by 22.2041666666667
1/5 feasible solution given by solution candidate storage, new primal bound -3.999908e+06

presolving:
   (0.0s) symmetry computation started: requiring (bin +, int +, cont +), (fixed: bin -, int -, cont -)
   (0.0s) no symmetry present (symcode time: 0.00)
presolving (0 rounds: 0 fast, 0 medium, 0 exhaustive):
 0 deleted vars, 0 deleted constraints, 0 added constraints, 0 tightened bounds, 0 added holes, 0 changed sides, 0 changed coefficients
 0 implications, 0 cliques, 0 implied integral variables (0 bin, 0 int, 0 cont)
presolved problem has 160 variables (120 bin, 0 int, 40 cont) and 1160 constraints
   1160 constraints of type <linear>
Presolving Time: 0.00
transformed 1/1 original solutions to the transformed problem space

 time | node  | left  |LP iter|LP it/n|mem/heur|mdpt |vars |cons |rows |cuts |sepa|confs|strbr|  dualbound   | primalbound  |  gap   | compl. 
p 0.0s|     1 |     0 |     6 |     - |   locks|   0 | 160 |1160 |1160 |   0 |  0 |   0 |   0 | 3.520000e+02 |-6.422417e+02 |    Inf | unknown
* 0.0s|     1 |     0 |   243 |     - |    LP  |   0 | 160 |1160 |1160 |   0 |  0 |   0 |   0 |-4.348917e+02 |-4.348917e+02 |   0.00%| unknown
  0.0s|     1 |     0 |   243 |     - |  8588k |   0 | 160 |1160 |1160 |   0 |  0 |   0 |   0 |-4.348917e+02 |-4.348917e+02 |   0.00%| unknown

SCIP Status        : problem is solved [optimal solution found]
Solving Time (sec) : 0.02
Solving Nodes      : 1
Primal Bound       : -4.34891666666667e+02 (4 solutions)
Dual Bound         : -4.34891666666667e+02
Gap                : 0.00 %
  [linear] <c1161>: <x122>[C] (+12.4166667) -0.4625<x1>[B] (+0) -0.4625<x2>[B] (+1) -0.4625<x3>[B] (+0) +0.4625<x4>[B] (+0) +0.4625<x5>[B] (+1) -0.4625<x6>[B] (+1) +0.4625<x7>[B] (+1) -0.4625<x8>[B] (+0) +0.4625<x9>[B] (+1) -0.4625<x10>[B] (+1) +0.4625<x11>[B] (+0) +0.4625<x12>[B] (+1) -0.4625<x13>[B] (+0) -0.4625<x14>[B] (+1) +0.4625<x15>[B] (+1) +0.4625<x16>[B] (+1) +0.4625<x17>[B] (+0) +0.4625<x18>[B] (+0) +0.4625<x19>[B] (+1) +0.4625<x20>[B] (+1) +0.4625<x21>[B] (+1) +0.4625<x22>[B] (+0) +0.4625<x23>[B] (+1) +0.4625<x24>[B] (+1) +0.4625<x25>[B] (+0) +0.4625<x26>[B] (+1) -0.4625<x27>[B] (+1) -0.4625<x28>[B] (+1) +0.4625<x29>[B] (+1) -0.4625<x30>[B] (+0) +0.4625<x31>[B] (+0) +0.4625<x32>[B] (+0) +0.4625<x33>[B] (+1) +0.4625<x34>[B] (+0) +0.4625<x35>[B] (+0) +0.4625<x36>[B] (+0) +0.4625<x37>[B] (+0) +0.4625<x38>[B] (+0) +0.4625<x39>[B] (+0) -0.4625<x40>[B] (+0) -0.4625<x41>[B] (+0) +0.4625<x42>[B] (+1) +0.4625<x43>[B] (+1) +0.4625<x44>[B] (+1) +0.4625<x45>[B] (+1) +0.4625<x46>[B] (+1) +0.4625<x47>[B] (+0) +0.4625<x48>[B] (+1) +0.4625<x49>[B] (+1) +0.4625<x50>[B] (+1) +0.4625<x51>[B] (+1) -0.4625<x52>[B] (+1) -0.4625<x53>[B] (+1) +0.4625<x54>[B] (+1) -0.4625<x55>[B] (+1) -0.4625<x56>[B] (+1) -0.4625<x57>[B] (+1) -0.4625<x58>[B] (+0) -0.4625<x59>[B] (+1) -0.4625<x60>[B] (+1) -0.4625<x61>[B] (+0) -0.4625<x62>[B] (+1) -0.4625<x63>[B] (+1) -0.4625<x64>[B] (+1) -0.4625<x65>[B] (+1) -0.4625<x66>[B] (+1) -0.4625<x67>[B] (+1) -0.4625<x68>[B] (+0) -0.4625<x69>[B] (+0) -0.4625<x70>[B] (+1) -0.4625<x71>[B] (+0) -0.4625<x72>[B] (+1) -0.4625<x73>[B] (+0) -0.4625<x74>[B] (+0) -0.4625<x75>[B] (+1) +0.4625<x76>[B] (+0) +0.4625<x77>[B] (+0) +0.4625<x78>[B] (+0) -0.4625<x79>[B] (+0) +0.4625<x80>[B] (+0) +0.4625<x81>[B] (+0) -0.4625<x82>[B] (+0) -0.4625<x83>[B] (+0) +0.4625<x84>[B] (+1) -0.4625<x85>[B] (+0) +0.4625<x86>[B] (+0) -0.4625<x87>[B] (+0) +0.4625<x88>[B] (+0) -0.4625<x89>[B] (+0) -0.4625<x90>[B] (+0) -0.4625<x91>[B] (+0) +0.4625<x92>[B] (+1) +0.4625<x93>[B] (+1) -0.4625<x94>[B] (+1) +0.4625<x95>[B] (+1) +0.4625<x96>[B] (+1) -0.4625<x97>[B] (+1) -0.4625<x98>[B] (+1) +0.4625<x99>[B] (+1) -0.4625<x100>[B] (+1) -0.4625<x101>[B] (+0) -0.4625<x102>[B] (+1) -0.4625<x103>[B] (+0) -0.4625<x104>[B] (+1) -0.4625<x105>[B] (+1) +0.4625<x106>[B] (+0) +0.4625<x107>[B] (+1) -0.4625<x108>[B] (+0) -0.4625<x109>[B] (+0) +0.4625<x110>[B] (+1) -0.4625<x111>[B] (+1) -0.4625<x112>[B] (+1) -0.4625<x113>[B] (+1) +0.4625<x114>[B] (+1) -0.4625<x115>[B] (+0) -0.4625<x116>[B] (+0) +0.4625<x117>[B] (+1) -0.4625<x118>[B] (+1) +0.4625<x119>[B] (+1) +0.4625<x120>[B] (+1) >= 14.4541666666667;
;
violation: left hand side is violated by 0.649999999999999
  [linear] <c1161>: <x122>[C] (+8.99166667) -0.4625<x1>[B] (+1) -0.4625<x2>[B] (+0) -0.4625<x3>[B] (+1) +0.4625<x4>[B] (+1) +0.4625<x5>[B] (+0) -0.4625<x6>[B] (+0) +0.4625<x7>[B] (+1) -0.4625<x8>[B] (+1) +0.4625<x9>[B] (+1) -0.4625<x10>[B] (+0) +0.4625<x11>[B] (+1) +0.4625<x12>[B] (+1) -0.4625<x13>[B] (+1) -0.4625<x14>[B] (+0) +0.4625<x15>[B] (+0) +0.4625<x16>[B] (+0) +0.4625<x17>[B] (+1) +0.4625<x18>[B] (+1) +0.4625<x19>[B] (+0) +0.4625<x20>[B] (+0) +0.4625<x21>[B] (+1) +0.4625<x22>[B] (+1) +0.4625<x23>[B] (+1) +0.4625<x24>[B] (+0) +0.4625<x25>[B] (+1) +0.4625<x26>[B] (+1) -0.4625<x27>[B] (+1) -0.4625<x28>[B] (+0) +0.4625<x29>[B] (+0) -0.4625<x30>[B] (+1) +0.4625<x31>[B] (+1) +0.4625<x32>[B] (+0) +0.4625<x33>[B] (+0) +0.4625<x34>[B] (+1) +0.4625<x35>[B] (+1) +0.4625<x36>[B] (+1) +0.4625<x37>[B] (+0) +0.4625<x38>[B] (+1) +0.4625<x39>[B] (+1) -0.4625<x40>[B] (+1) -0.4625<x41>[B] (+1) +0.4625<x42>[B] (+0) +0.4625<x43>[B] (+1) +0.4625<x44>[B] (+0) +0.4625<x45>[B] (+0) +0.4625<x46>[B] (+0) +0.4625<x47>[B] (+1) +0.4625<x48>[B] (+1) +0.4625<x49>[B] (+0) +0.4625<x50>[B] (+1) +0.4625<x51>[B] (+1) -0.4625<x52>[B] (+0) -0.4625<x53>[B] (+0) +0.4625<x54>[B] (+0) -0.4625<x55>[B] (+0) -0.4625<x56>[B] (+0) -0.4625<x57>[B] (+0) -0.4625<x58>[B] (+1) -0.4625<x59>[B] (+0) -0.4625<x60>[B] (+0) -0.4625<x61>[B] (+1) -0.4625<x62>[B] (+0) -0.4625<x63>[B] (+0) -0.4625<x64>[B] (+0) -0.4625<x65>[B] (+0) -0.4625<x66>[B] (+0) -0.4625<x67>[B] (+1) -0.4625<x68>[B] (+1) -0.4625<x69>[B] (+1) -0.4625<x70>[B] (+0) -0.4625<x71>[B] (+1) -0.4625<x72>[B] (+1) -0.4625<x73>[B] (+1) -0.4625<x74>[B] (+1) -0.4625<x75>[B] (+0) +0.4625<x76>[B] (+1) +0.4625<x77>[B] (+1) +0.4625<x78>[B] (+1) -0.4625<x79>[B] (+1) +0.4625<x80>[B] (+1) +0.4625<x81>[B] (+1) -0.4625<x82>[B] (+1) -0.4625<x83>[B] (+1) +0.4625<x84>[B] (+1) -0.4625<x85>[B] (+1) +0.4625<x86>[B] (+1) -0.4625<x87>[B] (+0) +0.4625<x88>[B] (+1) -0.4625<x89>[B] (+1) -0.4625<x90>[B] (+1) -0.4625<x91>[B] (+0) +0.4625<x92>[B] (+0) +0.4625<x93>[B] (+0) -0.4625<x94>[B] (+0) +0.4625<x95>[B] (+1) +0.4625<x96>[B] (+0) -0.4625<x97>[B] (+0) -0.4625<x98>[B] (+0) +0.4625<x99>[B] (+0) -0.4625<x100>[B] (+0) -0.4625<x101>[B] (+1) -0.4625<x102>[B] (+0) -0.4625<x103>[B] (+0) -0.4625<x104>[B] (+0) -0.4625<x105>[B] (+0) +0.4625<x106>[B] (+1) +0.4625<x107>[B] (+1) -0.4625<x108>[B] (+1) -0.4625<x109>[B] (+1) +0.4625<x110>[B] (+1) -0.4625<x111>[B] (+0) -0.4625<x112>[B] (+0) -0.4625<x113>[B] (+0) +0.4625<x114>[B] (+0) -0.4625<x115>[B] (+0) -0.4625<x116>[B] (+0) +0.4625<x117>[B] (+0) -0.4625<x118>[B] (+0) +0.4625<x119>[B] (+0) +0.4625<x120>[B] (+0) >= 14.4541666666667;
;
violation: left hand side is violated by 1.3
2/4 feasible solutions given by solution candidate storage, new primal bound -3.999908e+06

presolving:
   (0.0s) symmetry computation started: requiring (bin +, int +, cont +), (fixed: bin -, int -, cont -)
   (0.0s) no symmetry present (symcode time: 0.00)
presolving (0 rounds: 0 fast, 0 medium, 0 exhaustive):
 0 deleted vars, 0 deleted constraints, 0 added constraints, 0 tightened bounds, 0 added holes, 0 changed sides, 0 changed coefficients
 0 implications, 0 cliques, 0 implied integral variables (0 bin, 0 int, 0 cont)
presolved problem has 160 variables (120 bin, 0 int, 40 cont) and 1197 constraints
   1197 constraints of type <linear>
Presolving Time: 0.00
transformed 2/2 original solutions to the transformed problem space

 time | node  | left  |LP iter|LP it/n|mem/heur|mdpt |vars |cons |rows |cuts |sepa|confs|strbr|  dualbound   | primalbound  |  gap   | compl. 
p 0.0s|     1 |     0 |    14 |     - |   locks|   0 | 160 |1197 |1197 |   0 |  0 |   0 |   0 | 3.520000e+02 |-6.508708e+02 |    Inf | unknown
  0.0s|     1 |     0 |   434 |     - |    10M |   0 | 160 |1197 |1197 |   0 |  0 |   0 |   0 |-4.391804e+02 |-6.508708e+02 |  48.20%| unknown
r 0.0s|     1 |     0 |   434 |     - |shifting|   0 | 160 |1197 |1197 |   0 |  0 |   0 |   0 |-4.391804e+02 |-4.970888e+02 |  13.19%| unknown
  0.1s|     1 |     0 |   438 |     - |    11M |   0 | 160 |1197 |1198 |   1 |  1 |   0 |   0 |-4.392275e+02 |-4.970888e+02 |  13.17%| unknown
  0.1s|     1 |     0 |   438 |     - |    11M |   0 | 160 |1197 |1198 |   1 |  1 |   0 |   0 |-4.392275e+02 |-4.970888e+02 |  13.17%| unknown
  0.1s|     1 |     0 |   460 |     - |    12M |   0 | 160 |1197 |1199 |   2 |  2 |   0 |   0 |-4.393105e+02 |-4.970888e+02 |  13.15%| unknown
  0.2s|     1 |     0 |   492 |     - |    12M |   0 | 160 |1197 |1200 |   3 |  3 |   0 |   0 |-4.394107e+02 |-4.970888e+02 |  13.13%| unknown
  0.2s|     1 |     0 |   503 |     - |    13M |   0 | 160 |1197 |1201 |   4 |  4 |   0 |   0 |-4.394392e+02 |-4.970888e+02 |  13.12%| unknown
r 0.2s|     1 |     0 |   503 |     - |shifting|   0 | 160 |1197 |1201 |   4 |  4 |   0 |   0 |-4.394392e+02 |-4.876542e+02 |  10.97%| unknown
  0.3s|     1 |     0 |   520 |     - |    14M |   0 | 160 |1197 |1202 |   5 |  5 |   0 |   0 |-4.394550e+02 |-4.876542e+02 |  10.97%| unknown
  0.4s|     1 |     0 |   541 |     - |    15M |   0 | 160 |1197 |1203 |   6 |  6 |   0 |   0 |-4.394897e+02 |-4.876542e+02 |  10.96%| unknown
  0.4s|     1 |     0 |   562 |     - |    16M |   0 | 160 |1197 |1204 |   7 |  7 |   0 |   0 |-4.395131e+02 |-4.876542e+02 |  10.95%| unknown
  0.5s|     1 |     0 |   596 |     - |    17M |   0 | 160 |1197 |1205 |   8 |  8 |   0 |   0 |-4.395514e+02 |-4.876542e+02 |  10.94%| unknown
  0.6s|     1 |     0 |   622 |     - |    17M |   0 | 160 |1197 |1206 |   9 |  9 |   0 |   0 |-4.395884e+02 |-4.876542e+02 |  10.93%| unknown
  0.6s|     1 |     0 |   633 |     - |    18M |   0 | 160 |1197 |1208 |  11 | 10 |   0 |   0 |-4.395947e+02 |-4.876542e+02 |  10.93%| unknown
 time | node  | left  |LP iter|LP it/n|mem/heur|mdpt |vars |cons |rows |cuts |sepa|confs|strbr|  dualbound   | primalbound  |  gap   | compl. 
  0.7s|     1 |     0 |   643 |     - |    18M |   0 | 160 |1197 |1209 |  12 | 11 |   0 |   0 |-4.395959e+02 |-4.876542e+02 |  10.93%| unknown
  0.7s|     1 |     0 |   666 |     - |    19M |   0 | 160 |1198 |1210 |  13 | 12 |   1 |   0 |-4.396043e+02 |-4.876542e+02 |  10.93%| unknown
  0.7s|     1 |     0 |   683 |     - |    19M |   0 | 160 |1198 |1211 |  14 | 13 |   1 |   0 |-4.396089e+02 |-4.876542e+02 |  10.93%| unknown
r 0.7s|     1 |     0 |   745 |     - |intshift|   0 | 160 |1198 |1211 |  14 | 13 |   1 |   0 |-4.396089e+02 |-4.609167e+02 |   4.85%| unknown
d 0.7s|     1 |     0 |   980 |     - |farkasdi|   0 | 160 |1198 |1211 |   0 | 13 |   1 |   0 |-4.396089e+02 |-4.451417e+02 |   1.26%| unknown
d 0.7s|     1 |     0 |  1116 |     - |conflict|   0 | 160 |1198 |1211 |   0 | 13 |   1 |   0 |-4.396089e+02 |-4.439917e+02 |   1.00%| unknown
L 0.8s|     1 |     0 |  1116 |     - |    rens|   0 | 160 |1198 |1211 |  14 | 13 |   1 |   0 |-4.396089e+02 |-4.406500e+02 |   0.24%| unknown
  0.8s|     1 |     0 |  1116 |     - |    19M |   0 | 160 |1198 |1211 |  14 | 13 |   1 |   0 |-4.396089e+02 |-4.406500e+02 |   0.24%| unknown
  0.8s|     1 |     0 |  1116 |     - |    19M |   0 | 160 |1198 | 593 |  14 | 13 |   1 |   0 |-4.396089e+02 |-4.406500e+02 |   0.24%| unknown
  0.8s|     1 |     0 |  1150 |     - |    19M |   0 | 160 |1198 | 595 |  16 | 14 |   1 |   0 |-4.396362e+02 |-4.406500e+02 |   0.23%| unknown
  0.8s|     1 |     0 |  1160 |     - |    19M |   0 | 160 |1198 | 597 |  18 | 15 |   1 |   0 |-4.396406e+02 |-4.406500e+02 |   0.23%| unknown
  0.8s|     1 |     0 |  1160 |     - |    19M |   0 | 160 | 493 | 597 |  18 | 15 |   1 |   0 |-4.396406e+02 |-4.406500e+02 |   0.23%| unknown
  0.8s|     1 |     0 |  1171 |     - |    19M |   0 | 160 | 493 | 598 |  19 | 16 |   1 |   0 |-4.396446e+02 |-4.406500e+02 |   0.23%| unknown
  0.8s|     1 |     0 |  1191 |     - |    19M |   0 | 160 | 493 | 601 |  22 | 17 |   1 |   0 |-4.396521e+02 |-4.406500e+02 |   0.23%| unknown
(run 1, node 1) restarting after 54 global fixings of integer variables

(restart) converted 22 cuts from the global cut pool into linear constraints

presolving:
presolving (0 rounds: 0 fast, 0 medium, 0 exhaustive):
 0 deleted vars, 0 deleted constraints, 0 added constraints, 0 tightened bounds, 0 added holes, 0 changed sides, 0 changed coefficients
 0 implications, 0 cliques, 0 implied integral variables (0 bin, 0 int, 0 cont)
presolved problem has 160 variables (120 bin, 0 int, 40 cont) and 515 constraints
    514 constraints of type <linear>
      1 constraints of type <logicor>
Presolving Time: 0.00
transformed 23/26 original solutions to the transformed problem space

 time | node  | left  |LP iter|LP it/n|mem/heur|mdpt |vars |cons |rows |cuts |sepa|confs|strbr|  dualbound   | primalbound  |  gap   | compl. 
  0.8s|     1 |     0 |  1574 |     - |    19M |   0 | 160 | 515 | 514 |   0 |  0 |   1 |   0 |-4.396521e+02 |-4.406500e+02 |   0.23%| unknown
  0.8s|     1 |     0 |  1574 |     - |    19M |   0 | 160 | 515 | 495 |   0 |  0 |   1 |   0 |-4.396521e+02 |-4.406500e+02 |   0.23%| unknown
  0.9s|     1 |     0 |  1595 |     - |    19M |   0 | 160 | 515 | 496 |   1 |  1 |   1 |   0 |-4.396800e+02 |-4.406500e+02 |   0.22%| unknown
  1.0s|     1 |     0 |  1630 |     - |    19M |   0 | 160 | 515 | 497 |   2 |  2 |   1 |   0 |-4.397077e+02 |-4.406500e+02 |   0.21%| unknown
  1.0s|     1 |     0 |  1646 |     - |    19M |   0 | 160 | 515 | 498 |   3 |  3 |   1 |   0 |-4.397172e+02 |-4.406500e+02 |   0.21%| unknown
  1.1s|     1 |     0 |  1661 |     - |    20M |   0 | 160 | 515 | 499 |   4 |  4 |   1 |   0 |-4.397186e+02 |-4.406500e+02 |   0.21%| unknown
  1.2s|     1 |     0 |  1687 |     - |    20M |   0 | 160 | 515 | 500 |   5 |  5 |   1 |   0 |-4.397251e+02 |-4.406500e+02 |   0.21%| unknown
  1.3s|     1 |     0 |  1722 |     - |    20M |   0 | 160 | 515 | 501 |   6 |  6 |   1 |   0 |-4.397323e+02 |-4.406500e+02 |   0.21%| unknown
  1.3s|     1 |     0 |  1722 |     - |    20M |   0 | 160 | 515 | 478 |   6 |  6 |   1 |   0 |-4.397323e+02 |-4.406500e+02 |   0.21%| unknown
  1.4s|     1 |     0 |  1746 |     - |    20M |   0 | 160 | 515 | 479 |   7 |  7 |   1 |   0 |-4.397334e+02 |-4.406500e+02 |   0.21%| unknown
  1.5s|     1 |     0 |  1777 |     - |    20M |   0 | 160 | 515 | 480 |   8 |  8 |   1 |   0 |-4.397356e+02 |-4.406500e+02 |   0.21%| unknown
  1.6s|     1 |     0 |  1791 |     - |    21M |   0 | 160 | 515 | 481 |   9 |  9 |   1 |   0 |-4.397363e+02 |-4.406500e+02 |   0.21%| unknown
  1.7s|     1 |     0 |  1813 |     - |    22M |   0 | 160 | 515 | 482 |  10 | 10 |   1 |   0 |-4.397382e+02 |-4.406500e+02 |   0.21%| unknown
  1.7s|     1 |     0 |  1829 |     - |    22M |   0 | 160 | 515 | 483 |  11 | 11 |   1 |   0 |-4.397392e+02 |-4.406500e+02 |   0.21%| unknown
  1.7s|     1 |     0 |  1829 |     - |    22M |   0 | 160 | 473 | 483 |  11 | 11 |   1 |   0 |-4.397392e+02 |-4.406500e+02 |   0.21%| unknown
 time | node  | left  |LP iter|LP it/n|mem/heur|mdpt |vars |cons |rows |cuts |sepa|confs|strbr|  dualbound   | primalbound  |  gap   | compl. 
  1.8s|     1 |     0 |  1830 |     - |    22M |   0 | 160 | 473 | 476 |  12 | 12 |   1 |   0 |-4.397393e+02 |-4.406500e+02 |   0.21%| unknown
  1.9s|     1 |     0 |  1838 |     - |    22M |   0 | 160 | 473 | 477 |  13 | 13 |   1 |   0 |-4.397395e+02 |-4.406500e+02 |   0.21%| unknown
  1.9s|     1 |     0 |  1851 |     - |    22M |   0 | 160 | 473 | 478 |  14 | 14 |   1 |   0 |-4.397404e+02 |-4.406500e+02 |   0.21%| unknown
  2.0s|     1 |     0 |  1863 |     - |    22M |   0 | 160 | 473 | 479 |  15 | 15 |   1 |   0 |-4.397415e+02 |-4.406500e+02 |   0.21%| unknown
  2.1s|     1 |     0 |  1867 |     - |    22M |   0 | 160 | 473 | 480 |  16 | 16 |   1 |   0 |-4.397416e+02 |-4.406500e+02 |   0.21%| unknown
  2.2s|     1 |     0 |  1869 |     - |    22M |   0 | 160 | 473 | 481 |  17 | 17 |   1 |   0 |-4.397417e+02 |-4.406500e+02 |   0.21%| unknown
  2.2s|     1 |     0 |  1870 |     - |    22M |   0 | 160 | 473 | 478 |  18 | 18 |   1 |   0 |-4.397417e+02 |-4.406500e+02 |   0.21%| unknown
  2.3s|     1 |     0 |  1873 |     - |    22M |   0 | 160 | 474 | 479 |  19 | 19 |   2 |   0 |-4.397417e+02 |-4.406500e+02 |   0.21%| unknown
  2.4s|     1 |     0 |  1885 |     - |    22M |   0 | 160 | 474 | 480 |  20 | 20 |   2 |   0 |-4.397420e+02 |-4.406500e+02 |   0.21%| unknown
  2.4s|     1 |     0 |  1893 |     - |    22M |   0 | 160 | 474 | 481 |  21 | 21 |   2 |   0 |-4.397422e+02 |-4.406500e+02 |   0.21%| unknown
  2.5s|     1 |     0 |  1897 |     - |    22M |   0 | 160 | 474 | 482 |  22 | 22 |   2 |   0 |-4.397423e+02 |-4.406500e+02 |   0.21%| unknown
  2.6s|     1 |     0 |  2218 |     - |    22M |   0 | 160 | 470 | 482 |  22 | 22 |   9 |   1 |-4.397427e+02 |-4.406500e+02 |   0.21%| unknown
  2.7s|     1 |     0 |  2230 |     - |    22M |   0 | 160 | 470 | 483 |  23 | 23 |   9 |   1 |-4.397431e+02 |-4.406500e+02 |   0.21%| unknown
  2.7s|     1 |     0 |  2234 |     - |    22M |   0 | 160 | 470 | 484 |  24 | 24 |   9 |   1 |-4.397432e+02 |-4.406500e+02 |   0.21%| unknown
  2.7s|     1 |     0 |  2287 |     - |    22M |   0 | 160 | 437 | 484 |  24 | 24 |  11 |   2 |-4.397876e+02 |-4.406500e+02 |   0.20%| unknown
 time | node  | left  |LP iter|LP it/n|mem/heur|mdpt |vars |cons |rows |cuts |sepa|confs|strbr|  dualbound   | primalbound  |  gap   | compl. 
  2.7s|     1 |     0 |  2287 |     - |    22M |   0 | 160 | 437 | 420 |  24 | 24 |  11 |   2 |-4.397876e+02 |-4.406500e+02 |   0.20%| unknown
  2.7s|     1 |     0 |  2287 |     - |    22M |   0 | 160 | 397 | 420 |  24 | 25 |  11 |   2 |-4.397876e+02 |-4.406500e+02 |   0.20%| unknown
  2.8s|     1 |     0 |  2287 |     - |    22M |   0 | 160 | 397 | 420 |  24 | 26 |  11 |   3 |-4.400430e+02 |-4.406500e+02 |   0.14%| unknown
  2.8s|     1 |     0 |  2331 |     - |    22M |   0 | 160 | 371 | 420 |  24 | 27 |  13 |   4 |-4.400724e+02 |-4.406500e+02 |   0.13%| unknown
  2.8s|     1 |     0 |  2331 |     - |    22M |   0 | 160 | 371 | 315 |  24 | 27 |  13 |   4 |-4.400724e+02 |-4.406500e+02 |   0.13%| unknown
  2.9s|     1 |     0 |  2331 |     - |    22M |   0 | 160 | 280 | 315 |  24 | 28 |  13 |   4 |-4.400724e+02 |-4.406500e+02 |   0.13%| unknown
  2.9s|     1 |     0 |  2357 |     - |    22M |   0 | 160 | 200 | 315 |  24 | 29 |  19 |   9 |-4.406500e+02 |-4.406500e+02 |   0.00%| unknown
  2.9s|     1 |     0 |  2357 |     - |    22M |   0 | 160 | 200 | 315 |  24 | 29 |  19 |   9 |-4.406500e+02 |-4.406500e+02 |   0.00%| unknown

SCIP Status        : problem is solved [optimal solution found]
Solving Time (sec) : 2.90
Solving Nodes      : 1 (total of 2 nodes in 2 runs)
Primal Bound       : -4.40650000000000e+02 (55 solutions)
Dual Bound         : -4.40650000000000e+02
Gap                : 0.00 %
  [linear] <c1198>: <x121>[C] (+24.6208333) +0.6375<x1>[B] (+0) +0.6375<x2>[B] (+0) +0.6375<x3>[B] (+0) +0.6375<x4>[B] (+0) +0.6375<x5>[B] (+1) +0.6375<x6>[B] (+1) +0.6375<x7>[B] (+0) +0.6375<x8>[B] (+0) +0.6375<x9>[B] (+0) +0.6375<x10>[B] (+0) +0.6375<x11>[B] (+0) +0.6375<x12>[B] (+0) +0.6375<x13>[B] (+0) +0.6375<x14>[B] (+1) +0.6375<x15>[B] (+1) +0.6375<x16>[B] (+1) +0.6375<x17>[B] (+0) +0.6375<x18>[B] (+0) +0.6375<x19>[B] (+1) +0.6375<x20>[B] (+1) -0.6375<x21>[B] (+1) +0.6375<x22>[B] (+0) +0.6375<x23>[B] (+6.09036631e-14) +0.6375<x24>[B] (+1) +0.6375<x25>[B] (+0) +0.6375<x26>[B] (+1) +0.6375<x27>[B] (+1) +0.6375<x28>[B] (+1) -0.6375<x29>[B] (+1) +0.6375<x30>[B] (+0) +0.6375<x31>[B] (+0) +0.6375<x32>[B] (+1) +0.6375<x33>[B] (+1) -0.6375<x34>[B] (+0) +0.6375<x35>[B] (+0) +0.6375<x36>[B] (+0) +0.6375<x37>[B] (+0) +0.6375<x38>[B] (+0) +0.6375<x39>[B] (+0) +0.6375<x40>[B] (+1) +0.6375<x41>[B] (+1) -0.6375<x42>[B] (+1) -0.6375<x43>[B] (+1) -0.6375<x44>[B] (+1) -0.6375<x45>[B] (+1) -0.6375<x46>[B] (+1) -0.6375<x47>[B] (+0) -0.6375<x48>[B] (+1) +0.6375<x49>[B] (+1) -0.6375<x50>[B] (+1) +0.6375<x51>[B] (+1) -0.6375<x52>[B] (+1) -0.6375<x53>[B] (+1) -0.6375<x54>[B] (+1) -0.6375<x55>[B] (+1) -0.6375<x56>[B] (+1) -0.6375<x57>[B] (+1) +0.6375<x58>[B] (+0) +0.6375<x59>[B] (+1) +0.6375<x60>[B] (+1) -0.6375<x61>[B] (+0) +0.6375<x62>[B] (+1) +0.6375<x63>[B] (+1) -0.6375<x64>[B] (+1) -0.6375<x65>[B] (+1) -0.6375<x66>[B] (+1) -0.6375<x67>[B] (+0) +0.6375<x68>[B] (+0) +0.6375<x69>[B] (+0) +0.6375<x70>[B] (+0) -0.6375<x71>[B] (+0) +0.6375<x72>[B] (+0) +0.6375<x73>[B] (+0) -0.6375<x74>[B] (+0) -0.6375<x75>[B] (+1) -0.6375<x76>[B] (+0) +0.6375<x77>[B] (+0) +0.6375<x78>[B] (+0) +0.6375<x79>[B] (+0) -0.6375<x80>[B] (+0) +0.6375<x81>[B] (+0) +0.6375<x82>[B] (+0) +0.6375<x83>[B] (+0) -0.6375<x84>[B] (+1) +0.6375<x85>[B] (+0) +0.6375<x86>[B] (+0) +0.6375<x87>[B] (+0) +0.6375<x88>[B] (+0) +0.6375<x89>[B] (+0) +0.6375<x90>[B] (+1) +0.6375<x91>[B] (+1) -0.6375<x92>[B] (+1) -0.6375<x93>[B] (+1) +0.6375<x94>[B] (+1) -0.6375<x95>[B] (+1) +0.6375<x96>[B] (+1) +0.6375<x97>[B] (+1) -0.6375<x98>[B] (+1) -0.6375<x99>[B] (+1) +0.6375<x100>[B] (+1) -0.6375<x101>[B] (+0) +0.6375<x102>[B] (+1) +0.6375<x103>[B] (+1) -0.6375<x104>[B] (+1) -0.6375<x105>[B] (+1) -0.6375<x106>[B] (+0) +0.6375<x107>[B] (+1) -0.6375<x108>[B] (+1) -0.6375<x109>[B] (+1) -0.6375<x110>[B] (+1) +0.6375<x111>[B] (+1) +0.6375<x112>[B] (+1) +0.6375<x113>[B] (+1) -0.6375<x114>[B] (+1) -0.6375<x115>[B] (+1) -0.6375<x116>[B] (+1) -0.6375<x117>[B] (+1) -0.6375<x118>[B] (+1) -0.6375<x119>[B] (+1) -0.6375<x120>[B] (+1) >= 22.1541666666667;
;
violation: left hand side is violated by 0.0833333333333215
  [linear] <c1199>: <x122>[C] (+16.9833333) -0.520833333<x1>[B] (+0) -0.520833333<x2>[B] (+0) -0.520833333<x3>[B] (+0) +0.520833333<x4>[B] (+0) +0.520833333<x5>[B] (+1) -0.520833333<x6>[B] (+1) +0.520833333<x7>[B] (+0) -0.520833333<x8>[B] (+0) +0.520833333<x9>[B] (+0) -0.520833333<x10>[B] (+1) +0.520833333<x11>[B] (+0) +0.520833333<x12>[B] (+0) -0.520833333<x13>[B] (+0) -0.520833333<x14>[B] (+1) +0.520833333<x15>[B] (+1) +0.520833333<x16>[B] (+1) +0.520833333<x17>[B] (+0) +0.520833333<x18>[B] (+0) +0.520833333<x19>[B] (+1) +0.520833333<x20>[B] (+1) +0.520833333<x21>[B] (+1) +0.520833333<x22>[B] (+0) +0.520833333<x23>[B] (+0) +0.520833333<x24>[B] (+1) +0.520833333<x25>[B] (+0) +0.520833333<x26>[B] (+1) -0.520833333<x27>[B] (+1) -0.520833333<x28>[B] (+1) +0.520833333<x29>[B] (+1) -0.520833333<x30>[B] (+0) +0.520833333<x31>[B] (+0) +0.520833333<x32>[B] (+1) +0.520833333<x33>[B] (+1) +0.520833333<x34>[B] (+0) +0.520833333<x35>[B] (+0) +0.520833333<x36>[B] (+0) +0.520833333<x37>[B] (+1) +0.520833333<x38>[B] (+0) +0.520833333<x39>[B] (+0) -0.520833333<x40>[B] (+1) -0.520833333<x41>[B] (+1) +0.520833333<x42>[B] (+1) +0.520833333<x43>[B] (+1) +0.520833333<x44>[B] (+1) +0.520833333<x45>[B] (+1) +0.520833333<x46>[B] (+1) +0.520833333<x47>[B] (+1) +0.520833333<x48>[B] (+1) +0.520833333<x49>[B] (+1) +0.520833333<x50>[B] (+1) +0.520833333<x51>[B] (+1) -0.520833333<x52>[B] (+1) -0.520833333<x53>[B] (+1) +0.520833333<x54>[B] (+1) -0.520833333<x55>[B] (+1) -0.520833333<x56>[B] (+1) -0.520833333<x57>[B] (+1) -0.520833333<x58>[B] (+0) -0.520833333<x59>[B] (+1) -0.520833333<x60>[B] (+1) -0.520833333<x61>[B] (+0) -0.520833333<x62>[B] (+1) -0.520833333<x63>[B] (+1) -0.520833333<x64>[B] (+1) -0.520833333<x65>[B] (+1) -0.520833333<x66>[B] (+1) -0.520833333<x67>[B] (+0) -0.520833333<x68>[B] (+0) -0.520833333<x69>[B] (+0) -0.520833333<x70>[B] (+0) -0.520833333<x71>[B] (+0) -0.520833333<x72>[B] (+0) -0.520833333<x73>[B] (+0) -0.520833333<x74>[B] (+0) -0.520833333<x75>[B] (+0) +0.520833333<x76>[B] (+0) +0.520833333<x77>[B] (+0) +0.520833333<x78>[B] (+0) -0.520833333<x79>[B] (+0) +0.520833333<x80>[B] (+0) +0.520833333<x81>[B] (+0) -0.520833333<x82>[B] (+0) -0.520833333<x83>[B] (+0) +0.520833333<x84>[B] (+0) -0.520833333<x85>[B] (+0) +0.520833333<x86>[B] (+0) -0.520833333<x87>[B] (+1) +0.520833333<x88>[B] (+0) -0.520833333<x89>[B] (+0) -0.520833333<x90>[B] (+1) -0.520833333<x91>[B] (+1) +0.520833333<x92>[B] (+1) +0.520833333<x93>[B] (+1) -0.520833333<x94>[B] (+1) +0.520833333<x95>[B] (+0) +0.520833333<x96>[B] (+1) -0.520833333<x97>[B] (+1) -0.520833333<x98>[B] (+1) +0.520833333<x99>[B] (+1) -0.520833333<x100>[B] (+1) -0.520833333<x101>[B] (+0) -0.520833333<x102>[B] (+1) -0.520833333<x103>[B] (+1) -0.520833333<x104>[B] (+1) -0.520833333<x105>[B] (+1) +0.520833333<x106>[B] (+0) +0.520833333<x107>[B] (+0) -0.520833333<x108>[B] (+0) -0.520833333<x109>[B] (+0) +0.520833333<x110>[B] (+0) -0.520833333<x111>[B] (+1) -0.520833333<x112>[B] (+1) -0.520833333<x113>[B] (+1) +0.520833333<x114>[B] (+1) -0.520833333<x115>[B] (+1) -0.520833333<x116>[B] (+1) +0.520833333<x117>[B] (+1) -0.520833333<x118>[B] (+1) +0.520833333<x119>[B] (+1) +0.520833333<x120>[B] (+1) >= 14.4541666666667;
;
violation: left hand side is violated by 0.0750000000000064
  [linear] <c1198>: <x121>[C] (+24.0166667) +0.6375<x1>[B] (+0) +0.6375<x2>[B] (+0) +0.6375<x3>[B] (+0) +0.6375<x4>[B] (+0) +0.6375<x5>[B] (+1) +0.6375<x6>[B] (+1) +0.6375<x7>[B] (+1) +0.6375<x8>[B] (+0) +0.6375<x9>[B] (+0) +0.6375<x10>[B] (+0) +0.6375<x11>[B] (+0) +0.6375<x12>[B] (+0) +0.6375<x13>[B] (+0) +0.6375<x14>[B] (+1) +0.6375<x15>[B] (+1) +0.6375<x16>[B] (+1) +0.6375<x17>[B] (+0) +0.6375<x18>[B] (+0) +0.6375<x19>[B] (+1) +0.6375<x20>[B] (+1) -0.6375<x21>[B] (+1) +0.6375<x22>[B] (+0) +0.6375<x23>[B] (+1) +0.6375<x24>[B] (+1) +0.6375<x25>[B] (+0) +0.6375<x26>[B] (+1) +0.6375<x27>[B] (+1) +0.6375<x28>[B] (+1) -0.6375<x29>[B] (+1) +0.6375<x30>[B] (+0) +0.6375<x31>[B] (+0) +0.6375<x32>[B] (+1) +0.6375<x33>[B] (+1) -0.6375<x34>[B] (+1) +0.6375<x35>[B] (+0) +0.6375<x36>[B] (+1) +0.6375<x37>[B] (+0) +0.6375<x38>[B] (+0) +0.6375<x39>[B] (+1) +0.6375<x40>[B] (+1) +0.6375<x41>[B] (+1) -0.6375<x42>[B] (+1) -0.6375<x43>[B] (+1) -0.6375<x44>[B] (+1) -0.6375<x45>[B] (+1) -0.6375<x46>[B] (+1) -0.6375<x47>[B] (+1) -0.6375<x48>[B] (+1) +0.6375<x49>[B] (+1) -0.6375<x50>[B] (+1) +0.6375<x51>[B] (+1) -0.6375<x52>[B] (+1) -0.6375<x53>[B] (+1) -0.6375<x54>[B] (+1) -0.6375<x55>[B] (+1) -0.6375<x56>[B] (+1) -0.6375<x57>[B] (+1) +0.6375<x58>[B] (+0) +0.6375<x59>[B] (+1) +0.6375<x60>[B] (+1) -0.6375<x61>[B] (+0) +0.6375<x62>[B] (+1) +0.6375<x63>[B] (+1) -0.6375<x64>[B] (+1) -0.6375<x65>[B] (+1) -0.6375<x66>[B] (+1) -0.6375<x67>[B] (+0) +0.6375<x68>[B] (+0) +0.6375<x69>[B] (+0) +0.6375<x70>[B] (+0) -0.6375<x71>[B] (+0) +0.6375<x72>[B] (+0) +0.6375<x73>[B] (+0) -0.6375<x74>[B] (+0) -0.6375<x75>[B] (+1) -0.6375<x76>[B] (+0) +0.6375<x77>[B] (+0) +0.6375<x78>[B] (+0) +0.6375<x79>[B] (+0) -0.6375<x80>[B] (+0) +0.6375<x81>[B] (+0) +0.6375<x82>[B] (+0) +0.6375<x83>[B] (+0) -0.6375<x84>[B] (+0) +0.6375<x85>[B] (+0) +0.6375<x86>[B] (+0) +0.6375<x87>[B] (+0) +0.6375<x88>[B] (+0) +0.6375<x89>[B] (+0) +0.6375<x90>[B] (+0) +0.6375<x91>[B] (+0) -0.6375<x92>[B] (+1) -0.6375<x93>[B] (+1) +0.6375<x94>[B] (+1) -0.6375<x95>[B] (+0) +0.6375<x96>[B] (+1) +0.6375<x97>[B] (+1) -0.6375<x98>[B] (+1) -0.6375<x99>[B] (+1) +0.6375<x100>[B] (+0) -0.6375<x101>[B] (+0) +0.6375<x102>[B] (+1) +0.6375<x103>[B] (+0) -0.6375<x104>[B] (+1) -0.6375<x105>[B] (+1) -0.6375<x106>[B] (+0) +0.6375<x107>[B] (+1) -0.6375<x108>[B] (+1) -0.6375<x109>[B] (+1) -0.6375<x110>[B] (+1) +0.6375<x111>[B] (+1) +0.6375<x112>[B] (+1) +0.6375<x113>[B] (+1) -0.6375<x114>[B] (+1) -0.6375<x115>[B] (+0) -0.6375<x116>[B] (+1) -0.6375<x117>[B] (+1) -0.6375<x118>[B] (+1) -0.6375<x119>[B] (+1) -0.6375<x120>[B] (+1) >= 22.1541666666667;
;
violation: left hand side is violated by 0.0499999999999901
  [linear] <c1199>: <x122>[C] (+15.3791667) -0.520833333<x1>[B] (+0) -0.520833333<x2>[B] (+1) -0.520833333<x3>[B] (+0) +0.520833333<x4>[B] (+0) +0.520833333<x5>[B] (+0) -0.520833333<x6>[B] (+1) +0.520833333<x7>[B] (+1) -0.520833333<x8>[B] (+0) +0.520833333<x9>[B] (+0) -0.520833333<x10>[B] (+0) +0.520833333<x11>[B] (+0) +0.520833333<x12>[B] (+1) -0.520833333<x13>[B] (+0) -0.520833333<x14>[B] (+0) +0.520833333<x15>[B] (+1) +0.520833333<x16>[B] (+1) +0.520833333<x17>[B] (+0) +0.520833333<x18>[B] (+0) +0.520833333<x19>[B] (+1) +0.520833333<x20>[B] (+1) +0.520833333<x21>[B] (+1) +0.520833333<x22>[B] (+0) +0.520833333<x23>[B] (+1) +0.520833333<x24>[B] (+1) +0.520833333<x25>[B] (+0) +0.520833333<x26>[B] (+1) -0.520833333<x27>[B] (+1) -0.520833333<x28>[B] (+1) +0.520833333<x29>[B] (+1) -0.520833333<x30>[B] (+0) +0.520833333<x31>[B] (+0) +0.520833333<x32>[B] (+0) +0.520833333<x33>[B] (+1) +0.520833333<x34>[B] (+0) +0.520833333<x35>[B] (+0) +0.520833333<x36>[B] (+0) +0.520833333<x37>[B] (+0) +0.520833333<x38>[B] (+0) +0.520833333<x39>[B] (+1) -0.520833333<x40>[B] (+0) -0.520833333<x41>[B] (+0) +0.520833333<x42>[B] (+1) +0.520833333<x43>[B] (+0) +0.520833333<x44>[B] (+1) +0.520833333<x45>[B] (+1) +0.520833333<x46>[B] (+1) +0.520833333<x47>[B] (+0) +0.520833333<x48>[B] (+1) +0.520833333<x49>[B] (+1) +0.520833333<x50>[B] (+0) +0.520833333<x51>[B] (+1) -0.520833333<x52>[B] (+1) -0.520833333<x53>[B] (+1) +0.520833333<x54>[B] (+1) -0.520833333<x55>[B] (+1) -0.520833333<x56>[B] (+1) -0.520833333<x57>[B] (+1) -0.520833333<x58>[B] (+1) -0.520833333<x59>[B] (+1) -0.520833333<x60>[B] (+1) -0.520833333<x61>[B] (+1) -0.520833333<x62>[B] (+1) -0.520833333<x63>[B] (+1) -0.520833333<x64>[B] (+1) -0.520833333<x65>[B] (+1) -0.520833333<x66>[B] (+1) -0.520833333<x67>[B] (+1) -0.520833333<x68>[B] (+0) -0.520833333<x69>[B] (+0) -0.520833333<x70>[B] (+0) -0.520833333<x71>[B] (+0) -0.520833333<x72>[B] (+1) -0.520833333<x73>[B] (+0) -0.520833333<x74>[B] (+0) -0.520833333<x75>[B] (+1) +0.520833333<x76>[B] (+0) +0.520833333<x77>[B] (+0) +0.520833333<x78>[B] (+0) -0.520833333<x79>[B] (+0) +0.520833333<x80>[B] (+0) +0.520833333<x81>[B] (+0) -0.520833333<x82>[B] (+0) -0.520833333<x83>[B] (+0) +0.520833333<x84>[B] (+1) -0.520833333<x85>[B] (+0) +0.520833333<x86>[B] (+0) -0.520833333<x87>[B] (+0) +0.520833333<x88>[B] (+0) -0.520833333<x89>[B] (+1) -0.520833333<x90>[B] (+0) -0.520833333<x91>[B] (+0) +0.520833333<x92>[B] (+1) +0.520833333<x93>[B] (+1) -0.520833333<x94>[B] (+1) +0.520833333<x95>[B] (+1) +0.520833333<x96>[B] (+1) -0.520833333<x97>[B] (+1) -0.520833333<x98>[B] (+1) +0.520833333<x99>[B] (+1) -0.520833333<x100>[B] (+1) -0.520833333<x101>[B] (+0) -0.520833333<x102>[B] (+1) -0.520833333<x103>[B] (+1) -0.520833333<x104>[B] (+1) -0.520833333<x105>[B] (+1) +0.520833333<x106>[B] (+0) +0.520833333<x107>[B] (+1) -0.520833333<x108>[B] (+1) -0.520833333<x109>[B] (+1) +0.520833333<x110>[B] (+1) -0.520833333<x111>[B] (+1) -0.520833333<x112>[B] (+1) -0.520833333<x113>[B] (+1) +0.520833333<x114>[B] (+1) -0.520833333<x115>[B] (+0) -0.520833333<x116>[B] (+0) +0.520833333<x117>[B] (+1) -0.520833333<x118>[B] (+0) +0.520833333<x119>[B] (+1) +0.520833333<x120>[B] (+1) >= 14.4541666666667;
;
violation: left hand side is violated by 0.116666666666671
  [linear] <c1200>: <x125>[C] (+22.8083333) -0.6125<x1>[B] (+0) -0.6125<x2>[B] (+0) -0.6125<x3>[B] (+0) +0.6125<x4>[B] (+0) -0.6125<x5>[B] (+1) -0.6125<x6>[B] (+1) +0.6125<x7>[B] (+0) +0.6125<x8>[B] (+0) -0.6125<x9>[B] (+0) +0.6125<x10>[B] (+0) +0.6125<x11>[B] (+0) -0.6125<x12>[B] (+0) -0.6125<x13>[B] (+0) -0.6125<x14>[B] (+0) -0.6125<x15>[B] (+1) -0.6125<x16>[B] (+1) -0.6125<x17>[B] (+0) +0.6125<x18>[B] (+0) +0.6125<x19>[B] (+1) -0.6125<x20>[B] (+1) +0.6125<x21>[B] (+1) +0.6125<x22>[B] (+0) -0.6125<x23>[B] (+1) +0.6125<x24>[B] (+1) +0.6125<x25>[B] (+0) -0.6125<x26>[B] (+1) -0.6125<x27>[B] (+1) -0.6125<x28>[B] (+1) -0.6125<x29>[B] (+1) -0.6125<x30>[B] (+0) +0.6125<x31>[B] (+0) +0.6125<x32>[B] (+1) -0.6125<x33>[B] (+1) +0.6125<x34>[B] (+0) +0.6125<x35>[B] (+0) +0.6125<x36>[B] (+0) +0.6125<x37>[B] (+0) +0.6125<x38>[B] (+0) -0.6125<x39>[B] (+0) +0.6125<x40>[B] (+1) -0.6125<x41>[B] (+1) -0.6125<x42>[B] (+1) +0.6125<x43>[B] (+1) +0.6125<x44>[B] (+1) -0.6125<x45>[B] (+1) +0.6125<x46>[B] (+1) +0.6125<x47>[B] (+0) +0.6125<x48>[B] (+1) +0.6125<x49>[B] (+1) +0.6125<x50>[B] (+1) -0.6125<x51>[B] (+1) +0.6125<x52>[B] (+1) -0.6125<x53>[B] (+1) +0.6125<x54>[B] (+1) -0.6125<x55>[B] (+1) -0.6125<x56>[B] (+1) +0.6125<x57>[B] (+1) -0.6125<x58>[B] (+0) -0.6125<x59>[B] (+1) +0.6125<x60>[B] (+1) -0.6125<x61>[B] (+0) -0.6125<x62>[B] (+1) -0.6125<x63>[B] (+1) -0.6125<x64>[B] (+1) -0.6125<x65>[B] (+1) -0.6125<x66>[B] (+1) +0.6125<x67>[B] (+0) +0.6125<x68>[B] (+0) -0.6125<x69>[B] (+0) +0.6125<x70>[B] (+0) +0.6125<x71>[B] (+0) -0.6125<x72>[B] (+0) -0.6125<x73>[B] (+0) -0.6125<x74>[B] (+0) -0.6125<x75>[B] (+1) +0.6125<x76>[B] (+0) +0.6125<x77>[B] (+0) +0.6125<x78>[B] (+0) +0.6125<x79>[B] (+0) +0.6125<x80>[B] (+0) -0.6125<x81>[B] (+0) +0.6125<x82>[B] (+0) -0.6125<x83>[B] (+0) +0.6125<x84>[B] (+1) -0.6125<x85>[B] (+0) -0.6125<x86>[B] (+0) +0.6125<x87>[B] (+0) -0.6125<x88>[B] (+0) -0.6125<x89>[B] (+0) -0.6125<x90>[B] (+1) -0.6125<x91>[B] (+1) -0.6125<x92>[B] (+1) -0.6125<x93>[B] (+1) +0.6125<x94>[B] (+1) -0.6125<x95>[B] (+1) -0.6125<x96>[B] (+1) -0.6125<x97>[B] (+1) -0.6125<x98>[B] (+1) -0.6125<x99>[B] (+1) +0.6125<x100>[B] (+1) +0.6125<x101>[B] (+0) -0.6125<x102>[B] (+1) +0.6125<x103>[B] (+1) -0.6125<x104>[B] (+1) -0.6125<x105>[B] (+1) -0.6125<x106>[B] (+0) -0.6125<x107>[B] (+1) -0.6125<x108>[B] (+1) -0.6125<x109>[B] (+1) -0.6125<x110>[B] (+1) -0.6125<x111>[B] (+1) -0.6125<x112>[B] (+1) -0.6125<x113>[B] (+1) -0.6125<x114>[B] (+1) +0.6125<x115>[B] (+1) +0.6125<x116>[B] (+1) +0.6125<x117>[B] (+1) -0.6125<x118>[B] (+1) -0.6125<x119>[B] (+1) +0.6125<x120>[B] (+1) >= 8.11666666666667;
;
violation: left hand side is violated by 0.00833333333335773
  [linear] <c1198>: <x121>[C] (+24.6208333) +0.6375<x1>[B] (+0) +0.6375<x2>[B] (+1) +0.6375<x3>[B] (+0) +0.6375<x4>[B] (+0) +0.6375<x5>[B] (+1) +0.6375<x6>[B] (+1) +0.6375<x7>[B] (+0) +0.6375<x8>[B] (+0) +0.6375<x9>[B] (+0) +0.6375<x10>[B] (+0) +0.6375<x11>[B] (+0) +0.6375<x12>[B] (+0) +0.6375<x13>[B] (+0) +0.6375<x14>[B] (+1) +0.6375<x15>[B] (+1) +0.6375<x16>[B] (+1) +0.6375<x17>[B] (+0) +0.6375<x18>[B] (+0) +0.6375<x19>[B] (+1) +0.6375<x20>[B] (+1) -0.6375<x21>[B] (+1) +0.6375<x22>[B] (+0) +0.6375<x23>[B] (+1) +0.6375<x24>[B] (+1) +0.6375<x25>[B] (+0) +0.6375<x26>[B] (+1) +0.6375<x27>[B] (+1) +0.6375<x28>[B] (+1) -0.6375<x29>[B] (+1) +0.6375<x30>[B] (+0) +0.6375<x31>[B] (+0) +0.6375<x32>[B] (+1) +0.6375<x33>[B] (+1) -0.6375<x34>[B] (+0) +0.6375<x35>[B] (+0) +0.6375<x36>[B] (+0) +0.6375<x37>[B] (+0) +0.6375<x38>[B] (+0) +0.6375<x39>[B] (+0) +0.6375<x40>[B] (+0) +0.6375<x41>[B] (+1) -0.6375<x42>[B] (+1) -0.6375<x43>[B] (+1) -0.6375<x44>[B] (+1) -0.6375<x45>[B] (+1) -0.6375<x46>[B] (+1) -0.6375<x47>[B] (+1) -0.6375<x48>[B] (+1) +0.6375<x49>[B] (+1) -0.6375<x50>[B] (+1) +0.6375<x51>[B] (+1) -0.6375<x52>[B] (+1) -0.6375<x53>[B] (+1) -0.6375<x54>[B] (+1) -0.6375<x55>[B] (+1) -0.6375<x56>[B] (+1) -0.6375<x57>[B] (+1) +0.6375<x58>[B] (+0) +0.6375<x59>[B] (+1) +0.6375<x60>[B] (+1) -0.6375<x61>[B] (+0) +0.6375<x62>[B] (+1) +0.6375<x63>[B] (+1) -0.6375<x64>[B] (+1) -0.6375<x65>[B] (+1) -0.6375<x66>[B] (+1) -0.6375<x67>[B] (+0) +0.6375<x68>[B] (+0) +0.6375<x69>[B] (+0) +0.6375<x70>[B] (+0) -0.6375<x71>[B] (+0) +0.6375<x72>[B] (+0) +0.6375<x73>[B] (+0) -0.6375<x74>[B] (+0) -0.6375<x75>[B] (+1) -0.6375<x76>[B] (+0) +0.6375<x77>[B] (+0) +0.6375<x78>[B] (+0) +0.6375<x79>[B] (+0) -0.6375<x80>[B] (+0) +0.6375<x81>[B] (+0) +0.6375<x82>[B] (+0) +0.6375<x83>[B] (+0) -0.6375<x84>[B] (+1) +0.6375<x85>[B] (+0) +0.6375<x86>[B] (+0) +0.6375<x87>[B] (+0) +0.6375<x88>[B] (+0) +0.6375<x89>[B] (+0) +0.6375<x90>[B] (+0) +0.6375<x91>[B] (+1) -0.6375<x92>[B] (+1) -0.6375<x93>[B] (+1) +0.6375<x94>[B] (+1) -0.6375<x95>[B] (+1) +0.6375<x96>[B] (+1) +0.6375<x97>[B] (+1) -0.6375<x98>[B] (+1) -0.6375<x99>[B] (+1) +0.6375<x100>[B] (+1) -0.6375<x101>[B] (+0) +0.6375<x102>[B] (+1) +0.6375<x103>[B] (+1) -0.6375<x104>[B] (+1) -0.6375<x105>[B] (+1) -0.6375<x106>[B] (+0) +0.6375<x107>[B] (+1) -0.6375<x108>[B] (+1) -0.6375<x109>[B] (+1) -0.6375<x110>[B] (+1) +0.6375<x111>[B] (+1) +0.6375<x112>[B] (+1) +0.6375<x113>[B] (+1) -0.6375<x114>[B] (+1) -0.6375<x115>[B] (+0) -0.6375<x116>[B] (+1) -0.6375<x117>[B] (+1) -0.6375<x118>[B] (+1) -0.6375<x119>[B] (+1) -0.6375<x120>[B] (+1) >= 22.1541666666667;
;
violation: left hand side is violated by 0.0833333333333286
  [linear] <c1198>: <x121>[C] (+24.0166667) +0.6375<x1>[B] (+0) +0.6375<x2>[B] (+0) +0.6375<x3>[B] (+0) +0.6375<x4>[B] (+0) +0.6375<x5>[B] (+1) +0.6375<x6>[B] (+1) +0.6375<x7>[B] (+0) +0.6375<x8>[B] (+0) +0.6375<x9>[B] (+0) +0.6375<x10>[B] (+0) +0.6375<x11>[B] (+0) +0.6375<x12>[B] (+0) +0.6375<x13>[B] (+0) +0.6375<x14>[B] (+1) +0.6375<x15>[B] (+1) +0.6375<x16>[B] (+1) +0.6375<x17>[B] (+0) +0.6375<x18>[B] (+0) +0.6375<x19>[B] (+1) +0.6375<x20>[B] (+1) -0.6375<x21>[B] (+1) +0.6375<x22>[B] (+0) +0.6375<x23>[B] (+1) +0.6375<x24>[B] (+1) +0.6375<x25>[B] (+0) +0.6375<x26>[B] (+1) +0.6375<x27>[B] (+1) +0.6375<x28>[B] (+1) -0.6375<x29>[B] (+1) +0.6375<x30>[B] (+0) +0.6375<x31>[B] (+0) +0.6375<x32>[B] (+1) +0.6375<x33>[B] (+1) -0.6375<x34>[B] (+0) +0.6375<x35>[B] (+0) +0.6375<x36>[B] (+0) +0.6375<x37>[B] (+0) +0.6375<x38>[B] (+0) +0.6375<x39>[B] (+0) +0.6375<x40>[B] (+1) +0.6375<x41>[B] (+1) -0.6375<x42>[B] (+1) -0.6375<x43>[B] (+0) -0.6375<x44>[B] (+1) -0.6375<x45>[B] (+1) -0.6375<x46>[B] (+1) -0.6375<x47>[B] (+0) -0.6375<x48>[B] (+1) +0.6375<x49>[B] (+1) -0.6375<x50>[B] (+0) +0.6375<x51>[B] (+1) -0.6375<x52>[B] (+1) -0.6375<x53>[B] (+1) -0.6375<x54>[B] (+1) -0.6375<x55>[B] (+1) -0.6375<x56>[B] (+1) -0.6375<x57>[B] (+1) +0.6375<x58>[B] (+0) +0.6375<x59>[B] (+1) +0.6375<x60>[B] (+1) -0.6375<x61>[B] (+1) +0.6375<x62>[B] (+1) +0.6375<x63>[B] (+1) -0.6375<x64>[B] (+1) -0.6375<x65>[B] (+1) -0.6375<x66>[B] (+1) -0.6375<x67>[B] (+0) +0.6375<x68>[B] (+0) +0.6375<x69>[B] (+0) +0.6375<x70>[B] (+0) -0.6375<x71>[B] (+0) +0.6375<x72>[B] (+0) +0.6375<x73>[B] (+0) -0.6375<x74>[B] (+0) -0.6375<x75>[B] (+1) -0.6375<x76>[B] (+0) +0.6375<x77>[B] (+0) +0.6375<x78>[B] (+0) +0.6375<x79>[B] (+0) -0.6375<x80>[B] (+0) +0.6375<x81>[B] (+0) +0.6375<x82>[B] (+0) +0.6375<x83>[B] (+0) -0.6375<x84>[B] (+1) +0.6375<x85>[B] (+0) +0.6375<x86>[B] (+0) +0.6375<x87>[B] (+1) +0.6375<x88>[B] (+0) +0.6375<x89>[B] (+0) +0.6375<x90>[B] (+1) +0.6375<x91>[B] (+1) -0.6375<x92>[B] (+1) -0.6375<x93>[B] (+1) +0.6375<x94>[B] (+1) -0.6375<x95>[B] (+1) +0.6375<x96>[B] (+1) +0.6375<x97>[B] (+1) -0.6375<x98>[B] (+1) -0.6375<x99>[B] (+1) +0.6375<x100>[B] (+1) -0.6375<x101>[B] (+0) +0.6375<x102>[B] (+0) +0.6375<x103>[B] (+1) -0.6375<x104>[B] (+1) -0.6375<x105>[B] (+1) -0.6375<x106>[B] (+0) +0.6375<x107>[B] (+0) -0.6375<x108>[B] (+1) -0.6375<x109>[B] (+1) -0.6375<x110>[B] (+1) +0.6375<x111>[B] (+1) +0.6375<x112>[B] (+1) +0.6375<x113>[B] (+1) -0.6375<x114>[B] (+1) -0.6375<x115>[B] (+1) -0.6375<x116>[B] (+1) -0.6375<x117>[B] (+1) -0.6375<x118>[B] (+1) -0.6375<x119>[B] (+1) -0.6375<x120>[B] (+1) >= 22.1541666666667;
;
violation: left hand side is violated by 0.0499999999999901
  [linear] <c1211>: <x140>[C] (+24.0166667) +0.620833333<x1>[B] (+0) +0.620833333<x2>[B] (+0) +0.620833333<x3>[B] (+0) +0.620833333<x4>[B] (+0) +0.620833333<x5>[B] (+1) +0.620833333<x6>[B] (+1) +0.620833333<x7>[B] (+0) +0.620833333<x8>[B] (+0) -0.620833333<x9>[B] (+0) +0.620833333<x10>[B] (+0) +0.620833333<x11>[B] (+0) +0.620833333<x12>[B] (+0) +0.620833333<x13>[B] (+0) +0.620833333<x14>[B] (+1) +0.620833333<x15>[B] (+1) +0.620833333<x16>[B] (+1) +0.620833333<x17>[B] (+0) -0.620833333<x18>[B] (+0) -0.620833333<x19>[B] (+1) -0.620833333<x20>[B] (+1) -0.620833333<x21>[B] (+1) -0.620833333<x22>[B] (+0) -0.620833333<x23>[B] (+1) -0.620833333<x24>[B] (+1) -0.620833333<x25>[B] (+0) -0.620833333<x26>[B] (+1) -0.620833333<x27>[B] (+1) -0.620833333<x28>[B] (+1) -0.620833333<x29>[B] (+1) -0.620833333<x30>[B] (+0) -0.620833333<x31>[B] (+0) -0.620833333<x32>[B] (+1) -0.620833333<x33>[B] (+1) -0.620833333<x34>[B] (+0) -0.620833333<x35>[B] (+0) -0.620833333<x36>[B] (+0) -0.620833333<x37>[B] (+0) -0.620833333<x38>[B] (+0) -0.620833333<x39>[B] (+0) -0.620833333<x40>[B] (+1) -0.620833333<x41>[B] (+1) -0.620833333<x42>[B] (+1) -0.620833333<x43>[B] (+1) -0.620833333<x44>[B] (+1) -0.620833333<x45>[B] (+1) -0.620833333<x46>[B] (+1) -0.620833333<x47>[B] (+1) -0.620833333<x48>[B] (+1) -0.620833333<x49>[B] (+1) -0.620833333<x50>[B] (+0) -0.620833333<x51>[B] (+1) -0.620833333<x52>[B] (+1) -0.620833333<x53>[B] (+1) -0.620833333<x54>[B] (+1) -0.620833333<x55>[B] (+1) -0.620833333<x56>[B] (+1) -0.620833333<x57>[B] (+1) +0.620833333<x58>[B] (+1) -0.620833333<x59>[B] (+1) -0.620833333<x60>[B] (+1) +0.620833333<x61>[B] (+0) +0.620833333<x62>[B] (+1) -0.620833333<x63>[B] (+1) +0.620833333<x64>[B] (+1) +0.620833333<x65>[B] (+1) +0.620833333<x66>[B] (+1) +0.620833333<x67>[B] (+0) +0.620833333<x68>[B] (+0) -0.620833333<x69>[B] (+0) +0.620833333<x70>[B] (+0) +0.620833333<x71>[B] (+0) +0.620833333<x72>[B] (+0) +0.620833333<x73>[B] (+0) +0.620833333<x74>[B] (+0) +0.620833333<x75>[B] (+1) +0.620833333<x76>[B] (+0) +0.620833333<x77>[B] (+0) -0.620833333<x78>[B] (+0) +0.620833333<x79>[B] (+0) +0.620833333<x80>[B] (+0) +0.620833333<x81>[B] (+0) +0.620833333<x82>[B] (+0) +0.620833333<x83>[B] (+0) +0.620833333<x84>[B] (+0) +0.620833333<x85>[B] (+0) -0.620833333<x86>[B] (+0) -0.620833333<x87>[B] (+0) +0.620833333<x88>[B] (+0) +0.620833333<x89>[B] (+0) -0.620833333<x90>[B] (+1) +0.620833333<x91>[B] (+1) +0.620833333<x92>[B] (+1) -0.620833333<x93>[B] (+1) -0.620833333<x94>[B] (+1) -0.620833333<x95>[B] (+0) +0.620833333<x96>[B] (+1) -0.620833333<x97>[B] (+1) -0.620833333<x98>[B] (+1) -0.620833333<x99>[B] (+1) +0.620833333<x100>[B] (+1) +0.620833333<x101>[B] (+0) +0.620833333<x102>[B] (+1) +0.620833333<x103>[B] (+1) +0.620833333<x104>[B] (+1) +0.620833333<x105>[B] (+1) +0.620833333<x106>[B] (+0) +0.620833333<x107>[B] (+0) +0.620833333<x108>[B] (+1) +0.620833333<x109>[B] (+1) +0.620833333<x110>[B] (+1) +0.620833333<x111>[B] (+1) -0.620833333<x112>[B] (+1) -0.620833333<x113>[B] (+1) -0.620833333<x114>[B] (+1) -0.620833333<x115>[B] (+1) -0.620833333<x116>[B] (+1) -0.620833333<x117>[B] (+1) +0.620833333<x118>[B] (+1) +0.620833333<x119>[B] (+1) +0.620833333<x120>[B] (+1) >= 13.5041666666667;
;
violation: left hand side is violated by 0.041666666666675
  [linear] <c1199>: <x122>[C] (+15.8416667) -0.520833333<x1>[B] (+0) -0.520833333<x2>[B] (+1) -0.520833333<x3>[B] (+0) +0.520833333<x4>[B] (+0) +0.520833333<x5>[B] (+1) -0.520833333<x6>[B] (+1) +0.520833333<x7>[B] (+1) -0.520833333<x8>[B] (+0) +0.520833333<x9>[B] (+0) -0.520833333<x10>[B] (+0) +0.520833333<x11>[B] (+0) +0.520833333<x12>[B] (+0) -0.520833333<x13>[B] (+1) -0.520833333<x14>[B] (+1) +0.520833333<x15>[B] (+1) +0.520833333<x16>[B] (+1) +0.520833333<x17>[B] (+0) +0.520833333<x18>[B] (+0) +0.520833333<x19>[B] (+1) +0.520833333<x20>[B] (+1) +0.520833333<x21>[B] (+1) +0.520833333<x22>[B] (+0) +0.520833333<x23>[B] (+1) +0.520833333<x24>[B] (+1) +0.520833333<x25>[B] (+0) +0.520833333<x26>[B] (+1) -0.520833333<x27>[B] (+1) -0.520833333<x28>[B] (+1) +0.520833333<x29>[B] (+1) -0.520833333<x30>[B] (+0) +0.520833333<x31>[B] (+0) +0.520833333<x32>[B] (+1) +0.520833333<x33>[B] (+1) +0.520833333<x34>[B] (+0) +0.520833333<x35>[B] (+0) +0.520833333<x36>[B] (+0) +0.520833333<x37>[B] (+0) +0.520833333<x38>[B] (+0) +0.520833333<x39>[B] (+0) -0.520833333<x40>[B] (+0) -0.520833333<x41>[B] (+0) +0.520833333<x42>[B] (+1) +0.520833333<x43>[B] (+1) +0.520833333<x44>[B] (+1) +0.520833333<x45>[B] (+1) +0.520833333<x46>[B] (+1) +0.520833333<x47>[B] (+0) +0.520833333<x48>[B] (+1) +0.520833333<x49>[B] (+1) +0.520833333<x50>[B] (+0) +0.520833333<x51>[B] (+1) -0.520833333<x52>[B] (+1) -0.520833333<x53>[B] (+1) +0.520833333<x54>[B] (+1) -0.520833333<x55>[B] (+1) -0.520833333<x56>[B] (+1) -0.520833333<x57>[B] (+1) -0.520833333<x58>[B] (+0) -0.520833333<x59>[B] (+1) -0.520833333<x60>[B] (+1) -0.520833333<x61>[B] (+0) -0.520833333<x62>[B] (+1) -0.520833333<x63>[B] (+1) -0.520833333<x64>[B] (+1) -0.520833333<x65>[B] (+1) -0.520833333<x66>[B] (+1) -0.520833333<x67>[B] (+0) -0.520833333<x68>[B] (+0) -0.520833333<x69>[B] (+0) -0.520833333<x70>[B] (+0) -0.520833333<x71>[B] (+0) -0.520833333<x72>[B] (+0) -0.520833333<x73>[B] (+0) -0.520833333<x74>[B] (+0) -0.520833333<x75>[B] (+1) +0.520833333<x76>[B] (+0) +0.520833333<x77>[B] (+0) +0.520833333<x78>[B] (+0) -0.520833333<x79>[B] (+0) +0.520833333<x80>[B] (+0) +0.520833333<x81>[B] (+0) -0.520833333<x82>[B] (+0) -0.520833333<x83>[B] (+0) +0.520833333<x84>[B] (+0) -0.520833333<x85>[B] (+0) +0.520833333<x86>[B] (+0) -0.520833333<x87>[B] (+0) +0.520833333<x88>[B] (+0) -0.520833333<x89>[B] (+0) -0.520833333<x90>[B] (+1) -0.520833333<x91>[B] (+1) +0.520833333<x92>[B] (+1) +0.520833333<x93>[B] (+1) -0.520833333<x94>[B] (+1) +0.520833333<x95>[B] (+1) +0.520833333<x96>[B] (+1) -0.520833333<x97>[B] (+1) -0.520833333<x98>[B] (+1) +0.520833333<x99>[B] (+1) -0.520833333<x100>[B] (+1) -0.520833333<x101>[B] (+0) -0.520833333<x102>[B] (+1) -0.520833333<x103>[B] (+1) -0.520833333<x104>[B] (+1) -0.520833333<x105>[B] (+1) +0.520833333<x106>[B] (+0) +0.520833333<x107>[B] (+1) -0.520833333<x108>[B] (+1) -0.520833333<x109>[B] (+1) +0.520833333<x110>[B] (+1) -0.520833333<x111>[B] (+1) -0.520833333<x112>[B] (+1) -0.520833333<x113>[B] (+1) +0.520833333<x114>[B] (+1) -0.520833333<x115>[B] (+1) -0.520833333<x116>[B] (+1) +0.520833333<x117>[B] (+1) -0.520833333<x118>[B] (+0) +0.520833333<x119>[B] (+1) +0.520833333<x120>[B] (+1) >= 14.4541666666667;
;
violation: left hand side is violated by 0.175000000000008
  [linear] <c1198>: <x121>[C] (+24.0166667) +0.6375<x1>[B] (+0) +0.6375<x2>[B] (+1) +0.6375<x3>[B] (+0) +0.6375<x4>[B] (+0) +0.6375<x5>[B] (+1) +0.6375<x6>[B] (+1) +0.6375<x7>[B] (+1) +0.6375<x8>[B] (+0) +0.6375<x9>[B] (+0) +0.6375<x10>[B] (+0) +0.6375<x11>[B] (+0) +0.6375<x12>[B] (+0) +0.6375<x13>[B] (+1) +0.6375<x14>[B] (+1) +0.6375<x15>[B] (+1) +0.6375<x16>[B] (+1) +0.6375<x17>[B] (+0) +0.6375<x18>[B] (+0) +0.6375<x19>[B] (+1) +0.6375<x20>[B] (+1) -0.6375<x21>[B] (+1) +0.6375<x22>[B] (+0) +0.6375<x23>[B] (+1) +0.6375<x24>[B] (+1) +0.6375<x25>[B] (+0) +0.6375<x26>[B] (+1) +0.6375<x27>[B] (+1) +0.6375<x28>[B] (+1) -0.6375<x29>[B] (+1) +0.6375<x30>[B] (+0) +0.6375<x31>[B] (+0) +0.6375<x32>[B] (+0) +0.6375<x33>[B] (+1) -0.6375<x34>[B] (+0) +0.6375<x35>[B] (+0) +0.6375<x36>[B] (+0) +0.6375<x37>[B] (+0) +0.6375<x38>[B] (+0) +0.6375<x39>[B] (+0) +0.6375<x40>[B] (+0) +0.6375<x41>[B] (+0) -0.6375<x42>[B] (+1) -0.6375<x43>[B] (+0) -0.6375<x44>[B] (+1) -0.6375<x45>[B] (+1) -0.6375<x46>[B] (+1) -0.6375<x47>[B] (+0) -0.6375<x48>[B] (+1) +0.6375<x49>[B] (+1) -0.6375<x50>[B] (+0) +0.6375<x51>[B] (+1) -0.6375<x52>[B] (+1) -0.6375<x53>[B] (+1) -0.6375<x54>[B] (+1) -0.6375<x55>[B] (+1) -0.6375<x56>[B] (+1) -0.6375<x57>[B] (+1) +0.6375<x58>[B] (+0) +0.6375<x59>[B] (+1) +0.6375<x60>[B] (+1) -0.6375<x61>[B] (+0) +0.6375<x62>[B] (+1) +0.6375<x63>[B] (+1) -0.6375<x64>[B] (+1) -0.6375<x65>[B] (+1) -0.6375<x66>[B] (+1) -0.6375<x67>[B] (+1) +0.6375<x68>[B] (+0) +0.6375<x69>[B] (+0) +0.6375<x70>[B] (+0) -0.6375<x71>[B] (+0) +0.6375<x72>[B] (+0) +0.6375<x73>[B] (+0) -0.6375<x74>[B] (+0) -0.6375<x75>[B] (+1) -0.6375<x76>[B] (+0) +0.6375<x77>[B] (+0) +0.6375<x78>[B] (+0) +0.6375<x79>[B] (+0) -0.6375<x80>[B] (+0) +0.6375<x81>[B] (+0) +0.6375<x82>[B] (+0) +0.6375<x83>[B] (+0) -0.6375<x84>[B] (+0) +0.6375<x85>[B] (+0) +0.6375<x86>[B] (+0) +0.6375<x87>[B] (+0) +0.6375<x88>[B] (+0) +0.6375<x89>[B] (+0) +0.6375<x90>[B] (+0) +0.6375<x91>[B] (+0) -0.6375<x92>[B] (+1) -0.6375<x93>[B] (+1) +0.6375<x94>[B] (+1) -0.6375<x95>[B] (+1) +0.6375<x96>[B] (+1) +0.6375<x97>[B] (+1) -0.6375<x98>[B] (+1) -0.6375<x99>[B] (+1) +0.6375<x100>[B] (+1) -0.6375<x101>[B] (+0) +0.6375<x102>[B] (+1) +0.6375<x103>[B] (+1) -0.6375<x104>[B] (+1) -0.6375<x105>[B] (+1) -0.6375<x106>[B] (+0) +0.6375<x107>[B] (+1) -0.6375<x108>[B] (+1) -0.6375<x109>[B] (+1) -0.6375<x110>[B] (+1) +0.6375<x111>[B] (+1) +0.6375<x112>[B] (+1) +0.6375<x113>[B] (+1) -0.6375<x114>[B] (+1) -0.6375<x115>[B] (+1) -0.6375<x116>[B] (+1) -0.6375<x117>[B] (+1) -0.6375<x118>[B] (+1) -0.6375<x119>[B] (+1) -0.6375<x120>[B] (+1) >= 22.1541666666667;
;
violation: left hand side is violated by 0.0499999999999901
all 10 solutions given by solution candidate storage are infeasible

feasible solution found by trivial heuristic after 0.0 seconds, objective value -3.999908e+06
presolving:
   (0.0s) symmetry computation started: requiring (bin +, int +, cont +), (fixed: bin -, int -, cont -)
   (0.0s) no symmetry present (symcode time: 0.00)
presolving (0 rounds: 0 fast, 0 medium, 0 exhaustive):
 0 deleted vars, 0 deleted constraints, 0 added constraints, 0 tightened bounds, 0 added holes, 0 changed sides, 0 changed coefficients
 0 implications, 0 cliques, 0 implied integral variables (0 bin, 0 int, 0 cont)
presolved problem has 160 variables (120 bin, 0 int, 40 cont) and 1227 constraints
   1227 constraints of type <linear>
Presolving Time: 0.01
transformed 1/1 original solutions to the transformed problem space

 time | node  | left  |LP iter|LP it/n|mem/heur|mdpt |vars |cons |rows |cuts |sepa|confs|strbr|  dualbound   | primalbound  |  gap   | compl. 
p 0.0s|     1 |     0 |    17 |     - |   locks|   0 | 160 |1227 |1227 |   0 |  0 |   0 |   0 | 3.520000e+02 |-6.565500e+02 |    Inf | unknown
  0.0s|     1 |     0 |   332 |     - |    24M |   0 | 160 |1227 |1227 |   0 |  0 |   0 |   0 |-4.409297e+02 |-6.565500e+02 |  48.90%| unknown
r 0.0s|     1 |     0 |   332 |     - |shifting|   0 | 160 |1227 |1227 |   0 |  0 |   0 |   0 |-4.409297e+02 |-4.856763e+02 |  10.15%| unknown
  0.1s|     1 |     0 |   344 |     - |    24M |   0 | 160 |1227 |1230 |   3 |  1 |   0 |   0 |-4.409561e+02 |-4.856763e+02 |  10.14%| unknown
  0.1s|     1 |     0 |   344 |     - |    24M |   0 | 160 |1227 |1230 |   3 |  1 |   0 |   0 |-4.409561e+02 |-4.856763e+02 |  10.14%| unknown
  0.1s|     1 |     0 |   357 |     - |    24M |   0 | 160 |1227 |1234 |   7 |  2 |   0 |   0 |-4.411089e+02 |-4.856763e+02 |  10.10%| unknown
  0.2s|     1 |     0 |   387 |     - |    24M |   0 | 160 |1227 |1236 |   9 |  3 |   0 |   0 |-4.411757e+02 |-4.856763e+02 |  10.09%| unknown
  0.2s|     1 |     0 |   401 |     - |    24M |   0 | 160 |1227 |1239 |  12 |  4 |   0 |   0 |-4.411993e+02 |-4.856763e+02 |  10.08%| unknown
  0.3s|     1 |     0 |   410 |     - |    24M |   0 | 160 |1227 |1242 |  15 |  5 |   0 |   0 |-4.412086e+02 |-4.856763e+02 |  10.08%| unknown
  0.3s|     1 |     0 |   433 |     - |    24M |   0 | 160 |1227 |1245 |  18 |  6 |   0 |   0 |-4.412347e+02 |-4.856763e+02 |  10.07%| unknown
  0.4s|     1 |     0 |   441 |     - |    24M |   0 | 160 |1227 |1247 |  20 |  7 |   0 |   0 |-4.412444e+02 |-4.856763e+02 |  10.07%| unknown
  0.5s|     1 |     0 |   490 |     - |    25M |   0 | 160 |1227 |1249 |  22 |  8 |   0 |   0 |-4.412806e+02 |-4.856763e+02 |  10.06%| unknown
  0.6s|     1 |     0 |   524 |     - |    25M |   0 | 160 |1227 |1251 |  24 |  9 |   0 |   0 |-4.412954e+02 |-4.856763e+02 |  10.06%| unknown
  0.7s|     1 |     0 |   548 |     - |    25M |   0 | 160 |1227 |1253 |  26 | 10 |   0 |   0 |-4.413110e+02 |-4.856763e+02 |  10.05%| unknown
  0.7s|     1 |     0 |   555 |     - |    25M |   0 | 160 |1227 |1254 |  27 | 11 |   0 |   0 |-4.413120e+02 |-4.856763e+02 |  10.05%| unknown
 time | node  | left  |LP iter|LP it/n|mem/heur|mdpt |vars |cons |rows |cuts |sepa|confs|strbr|  dualbound   | primalbound  |  gap   | compl. 
  0.7s|     1 |     0 |   564 |     - |    25M |   0 | 160 |1227 |1255 |  28 | 12 |   0 |   0 |-4.413136e+02 |-4.856763e+02 |  10.05%| unknown
  0.8s|     1 |     0 |   566 |     - |    25M |   0 | 160 |1227 |1256 |  29 | 13 |   0 |   0 |-4.413137e+02 |-4.856763e+02 |  10.05%| unknown
  0.8s|     1 |     0 |   574 |     - |    25M |   0 | 160 |1228 |1257 |  30 | 14 |   1 |   0 |-4.413141e+02 |-4.856763e+02 |  10.05%| unknown
r 0.8s|     1 |     0 |   645 |     - |intshift|   0 | 160 |1228 |1257 |  30 | 14 |   1 |   0 |-4.413141e+02 |-4.603250e+02 |   4.31%| unknown
d 0.8s|     1 |     0 |   763 |     - |farkasdi|   0 | 160 |1228 |1257 |   0 | 14 |   1 |   0 |-4.413141e+02 |-4.420083e+02 |   0.16%| unknown
(run 1, node 1) restarting after 57 global fixings of integer variables

(restart) converted 30 cuts from the global cut pool into linear constraints

presolving:
presolving (0 rounds: 0 fast, 0 medium, 0 exhaustive):
 0 deleted vars, 0 deleted constraints, 0 added constraints, 0 tightened bounds, 0 added holes, 0 changed sides, 0 changed coefficients
 0 implications, 0 cliques, 0 implied integral variables (0 bin, 0 int, 0 cont)
presolved problem has 160 variables (120 bin, 0 int, 40 cont) and 1257 constraints
   1257 constraints of type <linear>
Presolving Time: 0.01
transformed 18/21 original solutions to the transformed problem space

 time | node  | left  |LP iter|LP it/n|mem/heur|mdpt |vars |cons |rows |cuts |sepa|confs|strbr|  dualbound   | primalbound  |  gap   | compl. 
  0.9s|     1 |     0 |  1146 |     - |    26M |   0 | 160 | 622 | 464 |   0 |  0 |  58 |   0 |-4.413141e+02 |-4.420083e+02 |   0.16%| unknown
  0.9s|     1 |     0 |  1159 |     - |    27M |   0 | 160 | 622 | 465 |   1 |  1 |  58 |   0 |-4.413178e+02 |-4.420083e+02 |   0.16%| unknown
  1.0s|     1 |     0 |  1189 |     - |    27M |   0 | 160 | 622 | 466 |   2 |  2 |  58 |   0 |-4.413251e+02 |-4.420083e+02 |   0.15%| unknown
  1.1s|     1 |     0 |  1195 |     - |    27M |   0 | 160 | 623 | 467 |   3 |  3 |  59 |   0 |-4.413254e+02 |-4.420083e+02 |   0.15%| unknown
  1.2s|     1 |     0 |  1201 |     - |    27M |   0 | 160 | 623 | 468 |   4 |  4 |  59 |   0 |-4.413258e+02 |-4.420083e+02 |   0.15%| unknown
  1.3s|     1 |     0 |  1216 |     - |    27M |   0 | 160 | 623 | 469 |   5 |  5 |  59 |   0 |-4.413264e+02 |-4.420083e+02 |   0.15%| unknown
  1.4s|     1 |     0 |  1227 |     - |    27M |   0 | 160 | 623 | 470 |   6 |  6 |  59 |   0 |-4.413277e+02 |-4.420083e+02 |   0.15%| unknown
  1.5s|     1 |     0 |  1258 |     - |    27M |   0 | 160 | 623 | 472 |   8 |  7 |  59 |   0 |-4.413307e+02 |-4.420083e+02 |   0.15%| unknown
  1.6s|     1 |     0 |  1277 |     - |    27M |   0 | 160 | 623 | 473 |   9 |  8 |  59 |   0 |-4.413328e+02 |-4.420083e+02 |   0.15%| unknown
  1.7s|     1 |     0 |  1300 |     - |    27M |   0 | 160 | 623 | 474 |  10 |  9 |  59 |   0 |-4.413355e+02 |-4.420083e+02 |   0.15%| unknown
  1.8s|     1 |     0 |  1321 |     - |    27M |   0 | 160 | 623 | 475 |  11 | 10 |  59 |   0 |-4.413376e+02 |-4.420083e+02 |   0.15%| unknown
  1.8s|     1 |     0 |  1337 |     - |    27M |   0 | 160 | 623 | 468 |  12 | 11 |  59 |   0 |-4.413385e+02 |-4.420083e+02 |   0.15%| unknown
  1.9s|     1 |     0 |  1647 |     - |    27M |   0 | 160 | 595 | 468 |  12 | 11 |  66 |   1 |-4.413415e+02 |-4.420083e+02 |   0.15%| unknown
  1.9s|     1 |     0 |  1647 |     - |    27M |   0 | 160 | 595 | 434 |  12 | 11 |  66 |   1 |-4.413415e+02 |-4.420083e+02 |   0.15%| unknown
  2.0s|     1 |     0 |  1662 |     - |    27M |   0 | 160 | 595 | 436 |  14 | 12 |  66 |   1 |-4.413427e+02 |-4.420083e+02 |   0.15%| unknown
 time | node  | left  |LP iter|LP it/n|mem/heur|mdpt |vars |cons |rows |cuts |sepa|confs|strbr|  dualbound   | primalbound  |  gap   | compl. 
  2.0s|     1 |     0 |  1662 |     - |    27M |   0 | 160 | 584 | 436 |  14 | 13 |  66 |   1 |-4.413427e+02 |-4.420083e+02 |   0.15%| unknown
  2.1s|     1 |     0 |  1725 |     - |    27M |   0 | 160 | 557 | 436 |  14 | 14 |  68 |   2 |-4.414810e+02 |-4.420083e+02 |   0.12%| unknown
  2.1s|     1 |     0 |  1725 |     - |    27M |   0 | 160 | 557 | 387 |  14 | 14 |  68 |   2 |-4.414810e+02 |-4.420083e+02 |   0.12%| unknown
  2.1s|     1 |     0 |  1728 |     - |    27M |   0 | 160 | 557 | 388 |  15 | 15 |  68 |   2 |-4.414849e+02 |-4.420083e+02 |   0.12%| unknown
  2.1s|     1 |     0 |  1728 |     - |    27M |   0 | 160 | 557 | 366 |  15 | 15 |  68 |   2 |-4.414849e+02 |-4.420083e+02 |   0.12%| unknown
  2.1s|     1 |     0 |  1728 |     - |    27M |   0 | 160 | 485 | 366 |  15 | 16 |  68 |   2 |-4.414849e+02 |-4.420083e+02 |   0.12%| unknown
  2.2s|     1 |     0 |  1775 |     - |    27M |   0 | 160 | 406 | 366 |  15 | 17 |  70 |   3 |-4.417125e+02 |-4.420083e+02 |   0.07%| unknown
  2.2s|     1 |     0 |  1775 |     - |    27M |   0 | 160 | 406 | 313 |  15 | 17 |  70 |   3 |-4.417125e+02 |-4.420083e+02 |   0.07%| unknown
  2.2s|     1 |     0 |  1775 |     - |    27M |   0 | 160 | 392 | 313 |  15 | 18 |  70 |   3 |-4.417125e+02 |-4.420083e+02 |   0.07%| unknown
  2.2s|     1 |     0 |  1802 |     - |    27M |   0 | 160 | 394 | 313 |  15 | 19 |  74 |   7 |-4.420083e+02 |-4.420083e+02 |   0.00%| unknown

SCIP Status        : problem is solved [optimal solution found]
Solving Time (sec) : 2.24
Solving Nodes      : 1 (total of 2 nodes in 2 runs)
Primal Bound       : -4.42008333333333e+02 (39 solutions)
Dual Bound         : -4.42008333333333e+02
Gap                : 0.00 %
