Loading instance...
Median ranking: [12, 7, 6, 8, 4, 13, 5, 15, 1, 10, 14, 16, 2, 11, 9, 3]
Mean ranking: [12, 7, 6, 8, 4, 5, 1, 15, 10, 16, 2, 13, 3, 11, 14, 9]
Actual error: 0.0032802909187339413
Weighted Kendall distance: 96.5
Normalized distance: 0.07095588235294117
 add conss, 0 chg bounds, 0 chg sides, 0 chg coeffs, 0 upgd conss, 0 impls, 0 clqs, 0 implints
   (0.0s) symmetry computation started: requiring (bin +, int +, cont +), (fixed: bin -, int -, cont -)
   (0.0s) no symmetry present (symcode time: 0.00)
presolving (2 rounds: 2 fast, 2 medium, 1 exhaustive):
 0 deleted vars, 1120 deleted constraints, 560 added constraints, 0 tightened bounds, 0 added holes, 0 changed sides, 0 changed coefficients
 0 implications, 0 cliques, 0 implied integral variables (0 bin, 0 int, 0 cont)
presolved problem has 120 variables (0 bin, 0 int, 120 cont) and 560 constraints
    560 constraints of type <linear>
Presolving Time: 0.01
transformed 3/3 original solutions to the transformed problem space

 time | node  | left  |LP iter|LP it/n|mem/heur|mdpt |vars |cons |rows |cuts |sepa|confs|strbr|  dualbound   | primalbound  |  gap   | compl. 
* 0.0s|     1 |     0 |    25 |     - |    LP  |   0 | 120 | 560 | 560 |   0 |  0 |   0 |   0 | 1.460000e+02 | 1.460000e+02 |   0.00%| unknown
  0.0s|     1 |     0 |    25 |     - |  4088k |   0 | 120 | 560 | 560 |   0 |  0 |   0 |   0 | 1.460000e+02 | 1.460000e+02 |   0.00%| unknown

SCIP Status        : problem is solved [optimal solution found]
Solving Time (sec) : 0.01
Solving Nodes      : 1
Primal Bound       : +1.46000000000000e+02 (4 solutions)
Dual Bound         : +1.46000000000000e+02
Gap                : 0.00 %
feasible solution found by trivial heuristic after 0.0 seconds, objective value 2.200000e+01
presolving:
   (0.0s) running MILP presolver
   (0.0s) MILP presolver (2 rounds): 0 aggregations, 0 fixings, 0 bound changes
(round 1, medium)     0 del vars, 1120 del conss, 560 add conss, 0 chg bounds, 0 chg sides, 0 chg coeffs, 0 upgd conss, 0 impls, 0 clqs, 0 implints
   (0.0s) probing: 51/120 (42.5%) - 0 fixings, 0 aggregations, 0 implications, 0 bound changes
   (0.0s) probing aborted: 50/50 successive totally useless probings
   (0.0s) symmetry computation started: requiring (bin +, int +, cont +), (fixed: bin -, int -, cont -)
   (0.0s) no symmetry present (symcode time: 0.00)
presolving (2 rounds: 2 fast, 2 medium, 1 exhaustive):
 0 deleted vars, 1120 deleted constraints, 560 added constraints, 0 tightened bounds, 0 added holes, 0 changed sides, 0 changed coefficients
 0 implications, 0 cliques, 0 implied integral variables (0 bin, 0 int, 0 cont)
presolved problem has 120 variables (120 bin, 0 int, 0 cont) and 560 constraints
    560 constraints of type <linear>
transformed objective value is always integral (scale: 2)
Presolving Time: 0.01
transformed 2/2 original solutions to the transformed problem space

 time | node  | left  |LP iter|LP it/n|mem/heur|mdpt |vars |cons |rows |cuts |sepa|confs|strbr|  dualbound   | primalbound  |  gap   | compl. 
p 0.0s|     1 |     0 |     0 |     - |   locks|   0 | 120 | 560 | 560 |   0 |  0 |   0 |   0 | 1.520000e+02 | 5.000000e+01 | 204.00%| unknown
i 0.0s|     1 |     0 |     0 |     - |  oneopt|   0 | 120 | 560 | 560 |   0 |  0 |   0 |   0 | 1.520000e+02 | 1.020000e+02 |  49.02%| unknown
* 0.0s|     1 |     0 |    24 |     - |    LP  |   0 | 120 | 560 | 560 |   0 |  0 |   0 |   0 | 1.460000e+02 | 1.460000e+02 |   0.00%| unknown
  0.0s|     1 |     0 |    24 |     - |  4196k |   0 | 120 | 560 | 560 |   0 |  0 |   0 |   0 | 1.460000e+02 | 1.460000e+02 |   0.00%| unknown

SCIP Status        : problem is solved [optimal solution found]
Solving Time (sec) : 0.01
Solving Nodes      : 1
Primal Bound       : +1.46000000000000e+02 (5 solutions)
Dual Bound         : +1.46000000000000e+02
Gap                : 0.00 %
feasible solution found by trivial heuristic after 0.0 seconds, objective value -9.999780e+05
presolving:
(round 1, fast)       0 del vars, 0 del conss, 0 add conss, 20 chg bounds, 0 chg sides, 0 chg coeffs, 0 upgd conss, 0 impls, 0 clqs, 0 implints
   (0.1s) running MILP presolver
   (0.1s) MILP presolver (2 rounds): 0 aggregations, 0 fixings, 0 bound changes
(round 2, medium)     0 del vars, 2320 del conss, 1760 add conss, 20 chg bounds, 0 chg sides, 0 chg coeffs, 0 upgd conss, 0 impls, 0 clqs, 0 implints
   (0.2s) symmetry computation started: requiring (bin +, int +, cont +), (fixed: bin -, int -, cont -)
   (0.3s) no symmetry present (symcode time: 0.00)
presolving (3 rounds: 3 fast, 2 medium, 1 exhaustive):
 0 deleted vars, 2320 deleted constraints, 1760 added constraints, 20 tightened bounds, 0 added holes, 0 changed sides, 0 changed coefficients
 0 implications, 0 cliques, 0 implied integral variables (0 bin, 0 int, 0 cont)
presolved problem has 130 variables (0 bin, 0 int, 130 cont) and 1760 constraints
   1760 constraints of type <linear>
Presolving Time: 0.27

 time | node  | left  |LP iter|LP it/n|mem/heur|mdpt |vars |cons |rows |cuts |sepa|confs|strbr|  dualbound   | primalbound  |  gap   | compl. 
t 0.3s|     1 |     0 |     0 |     - | trivial|   0 | 130 |1760 |   0 |   0 |  0 |   0 |   0 | 1.520000e+02 |-5.780000e+02 |    Inf | unknown
* 0.3s|     1 |     0 |   196 |     - |    LP  |   0 | 130 |1760 |1760 |   0 |  0 |   0 |   0 |-8.597917e+01 |-8.597917e+01 |   0.00%| unknown
  0.3s|     1 |     0 |   196 |     - |   107M |   0 | 130 |1760 |1760 |   0 |  0 |   0 |   0 |-8.597917e+01 |-8.597917e+01 |   0.00%| unknown

SCIP Status        : problem is solved [optimal solution found]
Solving Time (sec) : 0.34
Solving Nodes      : 1
Primal Bound       : -8.59791666666666e+01 (3 solutions)
Dual Bound         : -8.59791666666666e+01
Gap                : 0.00 %
feasible solution found by trivial heuristic after 0.0 seconds, objective value -9.999780e+05
presolving:
(round 1, fast)       0 del vars, 0 del conss, 0 add conss, 20 chg bounds, 0 chg sides, 0 chg coeffs, 0 upgd conss, 0 impls, 0 clqs, 0 implints
   (0.1s) running MILP presolver
   (0.1s) MILP presolver (2 rounds): 0 aggregations, 0 fixings, 0 bound changes
(round 2, medium)     0 del vars, 2320 del conss, 1760 add conss, 20 chg bounds, 0 chg sides, 0 chg coeffs, 0 upgd conss, 0 impls, 0 clqs, 0 implints
   (0.2s) probing: 51/120 (42.5%) - 0 fixings, 0 aggregations, 0 implications, 0 bound changes
   (0.2s) probing aborted: 50/50 successive totally useless probings
   (0.3s) symmetry computation started: requiring (bin +, int +, cont +), (fixed: bin -, int -, cont -)
   (0.3s) no symmetry present (symcode time: 0.00)
presolving (3 rounds: 3 fast, 2 medium, 1 exhaustive):
 0 deleted vars, 2320 deleted constraints, 1760 added constraints, 20 tightened bounds, 0 added holes, 0 changed sides, 0 changed coefficients
 0 implications, 0 cliques, 0 implied integral variables (0 bin, 0 int, 0 cont)
presolved problem has 130 variables (120 bin, 0 int, 10 cont) and 1760 constraints
   1760 constraints of type <linear>
Presolving Time: 0.29

 time | node  | left  |LP iter|LP it/n|mem/heur|mdpt |vars |cons |rows |cuts |sepa|confs|strbr|  dualbound   | primalbound  |  gap   | compl. 
t 0.3s|     1 |     0 |     0 |     - | trivial|   0 | 130 |1760 |   0 |   0 |  0 |   0 |   0 | 1.520000e+02 |-5.780000e+02 |    Inf | unknown
p 0.4s|     1 |     0 |    10 |     - |   locks|   0 | 130 |1760 |1760 |   0 |  0 |   0 |   0 | 1.520000e+02 |-2.061792e+02 |    Inf | unknown
  0.4s|     1 |     0 |   206 |     - |   107M |   0 | 130 |1760 |1760 |   0 |  0 |   0 |   0 |-8.597917e+01 |-2.061792e+02 | 139.80%| unknown
r 0.4s|     1 |     0 |   206 |     - |shifting|   0 | 130 |1760 |1760 |   0 |  0 |   0 |   0 |-8.597917e+01 |-8.868750e+01 |   3.15%| unknown
  0.4s|     1 |     0 |   211 |     - |   107M |   0 | 130 |1760 |1761 |   1 |  1 |   0 |   0 |-8.598472e+01 |-8.868750e+01 |   3.14%| unknown
  0.4s|     1 |     0 |   211 |     - |   107M |   0 | 130 |1760 |1761 |   1 |  1 |   0 |   0 |-8.598472e+01 |-8.868750e+01 |   3.14%| unknown
  0.4s|     1 |     0 |   216 |     - |   108M |   0 | 130 |1760 |1762 |   2 |  2 |   0 |   0 |-8.599028e+01 |-8.868750e+01 |   3.14%| unknown
r 0.4s|     1 |     0 |   216 |     - |shifting|   0 | 130 |1760 |1762 |   2 |  2 |   0 |   0 |-8.599028e+01 |-8.797361e+01 |   2.31%| unknown
  0.4s|     1 |     0 |   217 |     - |   108M |   0 | 130 |1760 |1763 |   3 |  3 |   0 |   0 |-8.599583e+01 |-8.797361e+01 |   2.30%| unknown
  0.4s|     1 |     0 |   217 |     - |   108M |   0 | 130 |1760 |1759 |   3 |  3 |   0 |   0 |-8.599583e+01 |-8.797361e+01 |   2.30%| unknown
  0.4s|     1 |     0 |   217 |     - |   108M |   0 | 130 |1756 |1759 |   3 |  4 |   0 |   0 |-8.599583e+01 |-8.797361e+01 |   2.30%| unknown
d 0.4s|     1 |     0 |   217 |     - |farkasdi|   0 | 130 |1756 |1759 |   0 |  5 |   0 |   0 |-8.599583e+01 |-8.599583e+01 |   0.00%| unknown
  0.4s|     1 |     0 |   217 |     - |   108M |   0 | 130 |1756 |1759 |   3 |  5 |   0 |   0 |-8.599583e+01 |-8.599583e+01 |   0.00%| unknown

SCIP Status        : problem is solved [optimal solution found]
Solving Time (sec) : 0.45
Solving Nodes      : 1
Primal Bound       : -8.59958333333333e+01 (7 solutions)
Dual Bound         : -8.59958333333333e+01
Gap                : 0.00 %
feasible solution found by trivial heuristic after 0.0 seconds, objective value 0.000000e+00
presolving:
   (0.0s) symmetry computation started: requiring (bin +, int +, cont +), (fixed: bin -, int -, cont -)
   (0.0s) symmetry computation finished: 9 generators found (max: 1500, log10 of symmetry group size: 6.56) (symcode time: 0.00)
dynamic symmetry handling statistics:
   orbitopal reduction:       no components
   orbital reduction:         no components
   lexicographic reduction:   no permutations
handled 1 out of 1 symmetry components
presolving (0 rounds: 0 fast, 0 medium, 0 exhaustive):
 0 deleted vars, 0 deleted constraints, 0 added constraints, 0 tightened bounds, 0 added holes, 0 changed sides, 0 changed coefficients
 0 implications, 0 cliques, 0 implied integral variables (0 bin, 0 int, 0 cont)
presolved problem has 130 variables (120 bin, 0 int, 10 cont) and 1129 constraints
   1129 constraints of type <linear>
Presolving Time: 0.00
transformed 2/2 original solutions to the transformed problem space

 time | node  | left  |LP iter|LP it/n|mem/heur|mdpt |vars |cons |rows |cuts |sepa|confs|strbr|  dualbound   | primalbound  |  gap   | compl. 
t 0.0s|     1 |     0 |     0 |     - | trivial|   0 | 130 |1120 |   0 |   0 |  0 |   0 |   0 | 1.520000e+02 | 2.200000e+01 | 590.91%| unknown
p 0.0s|     1 |     0 |     0 |     - |   locks|   0 | 130 |1120 |1120 |   0 |  0 |   0 |   0 | 1.520000e+02 | 5.200000e+01 | 192.31%| unknown
i 0.0s|     1 |     0 |     0 |     - |  oneopt|   0 | 130 |1120 |1120 |   0 |  0 |   0 |   0 | 1.520000e+02 | 1.180000e+02 |  28.81%| unknown
* 0.0s|     1 |     0 |    24 |     - |    LP  |   0 | 130 |1120 |1120 |   0 |  0 |   0 |   0 | 1.460000e+02 | 1.460000e+02 |   0.00%| unknown
  0.0s|     1 |     0 |    24 |     - |  6170k |   0 | 130 |1120 |1120 |   0 |  0 |   0 |   0 | 1.460000e+02 | 1.460000e+02 |   0.00%| unknown

SCIP Status        : problem is solved [optimal solution found]
Solving Time (sec) : 0.00
Solving Nodes      : 1
Primal Bound       : +1.46000000000000e+02 (6 solutions)
Dual Bound         : +1.46000000000000e+02
Gap                : 0.00 %
  [linear] <c1121>: <x121>[C] (+0) -0.5875<x1>[B] (+1) -0.5875<x2>[B] (+1) -0.5875<x3>[B] (+0) +0.5875<x4>[B] (+0) -0.5875<x5>[B] (+0) -0.5875<x6>[B] (+0) -0.5875<x7>[B] (+0) -0.5875<x8>[B] (+1) -0.5875<x9>[B] (+1) -0.5875<x10>[B] (+1) -0.5875<x11>[B] (+0) -0.5875<x12>[B] (+0) -0.5875<x13>[B] (+1) -0.5875<x14>[B] (+0) -0.5875<x15>[B] (+1) -0.5875<x16>[B] (+1) -0.5875<x17>[B] (+0) +0.5875<x18>[B] (+0) -0.5875<x19>[B] (+0) +0.5875<x20>[B] (+0) -0.5875<x21>[B] (+0) -0.5875<x22>[B] (+1) +0.5875<x23>[B] (+0) -0.5875<x24>[B] (+1) -0.5875<x25>[B] (+0) -0.5875<x26>[B] (+0) +0.5875<x27>[B] (+0) +0.5875<x28>[B] (+0) +0.5875<x29>[B] (+0) +0.5875<x30>[B] (+0) +0.5875<x31>[B] (+0) +0.5875<x32>[B] (+0) +0.5875<x33>[B] (+0) +0.5875<x34>[B] (+0) +0.5875<x35>[B] (+0) +0.5875<x36>[B] (+0) -0.5875<x37>[B] (+0) +0.5875<x38>[B] (+0) -0.5875<x39>[B] (+0) +0.5875<x40>[B] (+0) +0.5875<x41>[B] (+0) +0.5875<x42>[B] (+0) +0.5875<x43>[B] (+1) +0.5875<x44>[B] (+0) +0.5875<x45>[B] (+0) +0.5875<x46>[B] (+0) +0.5875<x47>[B] (+1) +0.5875<x48>[B] (+1) -0.5875<x49>[B] (+1) +0.5875<x50>[B] (+0) -0.5875<x51>[B] (+1) +0.5875<x52>[B] (+1) +0.5875<x53>[B] (+1) +0.5875<x54>[B] (+1) -0.5875<x55>[B] (+0) -0.5875<x56>[B] (+0) -0.5875<x57>[B] (+0) -0.5875<x58>[B] (+1) -0.5875<x59>[B] (+1) -0.5875<x60>[B] (+1) -0.5875<x61>[B] (+0) -0.5875<x62>[B] (+0) -0.5875<x63>[B] (+1) -0.5875<x64>[B] (+1) -0.5875<x65>[B] (+1) +0.5875<x66>[B] (+0) -0.5875<x67>[B] (+1) +0.5875<x68>[B] (+1) +0.5875<x69>[B] (+1) -0.5875<x70>[B] (+1) +0.5875<x71>[B] (+0) -0.5875<x72>[B] (+1) +0.5875<x73>[B] (+1) +0.5875<x74>[B] (+1) +0.5875<x75>[B] (+1) -0.5875<x76>[B] (+1) -0.5875<x77>[B] (+1) +0.5875<x78>[B] (+1) -0.5875<x79>[B] (+1) -0.5875<x80>[B] (+0) -0.5875<x81>[B] (+1) -0.5875<x82>[B] (+1) +0.5875<x83>[B] (+1) -0.5875<x84>[B] (+1) +0.5875<x85>[B] (+1) +0.5875<x86>[B] (+1) -0.5875<x87>[B] (+1) +0.5875<x88>[B] (+0) -0.5875<x89>[B] (+1) +0.5875<x90>[B] (+1) +0.5875<x91>[B] (+1) +0.5875<x92>[B] (+1) +0.5875<x93>[B] (+0) -0.5875<x94>[B] (+0) -0.5875<x95>[B] (+0) -0.5875<x96>[B] (+0) +0.5875<x97>[B] (+0) +0.5875<x98>[B] (+0) +0.5875<x99>[B] (+0) -0.5875<x100>[B] (+1) -0.5875<x101>[B] (+0) -0.5875<x102>[B] (+0) -0.5875<x103>[B] (+1) +0.5875<x104>[B] (+0) -0.5875<x105>[B] (+1) +0.5875<x106>[B] (+0) +0.5875<x107>[B] (+0) +0.5875<x108>[B] (+0) +0.5875<x109>[B] (+0) +0.5875<x110>[B] (+0) -0.5875<x111>[B] (+1) +0.5875<x112>[B] (+1) +0.5875<x113>[B] (+1) +0.5875<x114>[B] (+1) +0.5875<x115>[B] (+1) +0.5875<x116>[B] (+1) +0.5875<x117>[B] (+1) +0.5875<x118>[B] (+0) -0.5875<x119>[B] (+1) -0.5875<x120>[B] (+1) >= 14.5416666666667;
;
violation: left hand side is violated by 21.0041666666667
  [linear] <c1121>: <x121>[C] (+0) -0.5875<x1>[B] (+1) -0.5875<x2>[B] (+0) -0.5875<x3>[B] (+1) +0.5875<x4>[B] (+0) -0.5875<x5>[B] (+1) -0.5875<x6>[B] (+0) -0.5875<x7>[B] (+0) -0.5875<x8>[B] (+1) -0.5875<x9>[B] (+1) -0.5875<x10>[B] (+1) -0.5875<x11>[B] (+0) -0.5875<x12>[B] (+1) -0.5875<x13>[B] (+1) -0.5875<x14>[B] (+1) -0.5875<x15>[B] (+1) -0.5875<x16>[B] (+0) -0.5875<x17>[B] (+0) +0.5875<x18>[B] (+0) -0.5875<x19>[B] (+0) +0.5875<x20>[B] (+0) -0.5875<x21>[B] (+0) -0.5875<x22>[B] (+1) +0.5875<x23>[B] (+0) -0.5875<x24>[B] (+0) -0.5875<x25>[B] (+0) -0.5875<x26>[B] (+0) +0.5875<x27>[B] (+0) +0.5875<x28>[B] (+0) +0.5875<x29>[B] (+0) +0.5875<x30>[B] (+1) +0.5875<x31>[B] (+0) +0.5875<x32>[B] (+1) +0.5875<x33>[B] (+0) +0.5875<x34>[B] (+0) +0.5875<x35>[B] (+1) +0.5875<x36>[B] (+1) -0.5875<x37>[B] (+1) +0.5875<x38>[B] (+0) -0.5875<x39>[B] (+1) +0.5875<x40>[B] (+1) +0.5875<x41>[B] (+1) +0.5875<x42>[B] (+1) +0.5875<x43>[B] (+0) +0.5875<x44>[B] (+0) +0.5875<x45>[B] (+0) +0.5875<x46>[B] (+0) +0.5875<x47>[B] (+1) +0.5875<x48>[B] (+0) -0.5875<x49>[B] (+0) +0.5875<x50>[B] (+0) -0.5875<x51>[B] (+1) +0.5875<x52>[B] (+1) +0.5875<x53>[B] (+0) +0.5875<x54>[B] (+1) -0.5875<x55>[B] (+1) -0.5875<x56>[B] (+0) -0.5875<x57>[B] (+0) -0.5875<x58>[B] (+1) -0.5875<x59>[B] (+1) -0.5875<x60>[B] (+1) -0.5875<x61>[B] (+0) -0.5875<x62>[B] (+1) -0.5875<x63>[B] (+1) -0.5875<x64>[B] (+1) -0.5875<x65>[B] (+1) +0.5875<x66>[B] (+0) -0.5875<x67>[B] (+0) +0.5875<x68>[B] (+1) +0.5875<x69>[B] (+1) -0.5875<x70>[B] (+1) +0.5875<x71>[B] (+0) -0.5875<x72>[B] (+1) +0.5875<x73>[B] (+1) +0.5875<x74>[B] (+1) +0.5875<x75>[B] (+1) -0.5875<x76>[B] (+1) -0.5875<x77>[B] (+1) +0.5875<x78>[B] (+1) -0.5875<x79>[B] (+1) -0.5875<x80>[B] (+1) -0.5875<x81>[B] (+1) -0.5875<x82>[B] (+1) +0.5875<x83>[B] (+1) -0.5875<x84>[B] (+1) +0.5875<x85>[B] (+1) +0.5875<x86>[B] (+1) -0.5875<x87>[B] (+1) +0.5875<x88>[B] (+1) -0.5875<x89>[B] (+1) +0.5875<x90>[B] (+1) +0.5875<x91>[B] (+1) +0.5875<x92>[B] (+1) +0.5875<x93>[B] (+0) -0.5875<x94>[B] (+0) -0.5875<x95>[B] (+0) -0.5875<x96>[B] (+0) +0.5875<x97>[B] (+0) +0.5875<x98>[B] (+0) +0.5875<x99>[B] (+0) -0.5875<x100>[B] (+1) -0.5875<x101>[B] (+0) -0.5875<x102>[B] (+1) -0.5875<x103>[B] (+1) +0.5875<x104>[B] (+0) -0.5875<x105>[B] (+1) +0.5875<x106>[B] (+0) +0.5875<x107>[B] (+1) +0.5875<x108>[B] (+1) +0.5875<x109>[B] (+0) +0.5875<x110>[B] (+1) -0.5875<x111>[B] (+1) +0.5875<x112>[B] (+1) +0.5875<x113>[B] (+1) +0.5875<x114>[B] (+1) +0.5875<x115>[B] (+1) +0.5875<x116>[B] (+0) +0.5875<x117>[B] (+1) +0.5875<x118>[B] (+0) -0.5875<x119>[B] (+1) -0.5875<x120>[B] (+1) >= 14.5416666666667;
;
violation: left hand side is violated by 19.8291666666667
  [linear] <c1121>: <x121>[C] (+0) -0.5875<x1>[B] (+1) -0.5875<x2>[B] (+0) -0.5875<x3>[B] (+1) +0.5875<x4>[B] (+0) -0.5875<x5>[B] (+1) -0.5875<x6>[B] (+1) -0.5875<x7>[B] (+1) -0.5875<x8>[B] (+1) -0.5875<x9>[B] (+1) -0.5875<x10>[B] (+1) -0.5875<x11>[B] (+1) -0.5875<x12>[B] (+1) -0.5875<x13>[B] (+1) -0.5875<x14>[B] (+1) -0.5875<x15>[B] (+1) -0.5875<x16>[B] (+0) -0.5875<x17>[B] (+0) +0.5875<x18>[B] (+0) -0.5875<x19>[B] (+0) +0.5875<x20>[B] (+0) -0.5875<x21>[B] (+0) -0.5875<x22>[B] (+1) +0.5875<x23>[B] (+0) -0.5875<x24>[B] (+0) -0.5875<x25>[B] (+0) -0.5875<x26>[B] (+0) +0.5875<x27>[B] (+0) +0.5875<x28>[B] (+0) +0.5875<x29>[B] (+0) +0.5875<x30>[B] (+1) +0.5875<x31>[B] (+1) +0.5875<x32>[B] (+1) +0.5875<x33>[B] (+1) +0.5875<x34>[B] (+1) +0.5875<x35>[B] (+1) +0.5875<x36>[B] (+1) -0.5875<x37>[B] (+1) +0.5875<x38>[B] (+1) -0.5875<x39>[B] (+1) +0.5875<x40>[B] (+1) +0.5875<x41>[B] (+1) +0.5875<x42>[B] (+1) +0.5875<x43>[B] (+0) +0.5875<x44>[B] (+1) +0.5875<x45>[B] (+0) +0.5875<x46>[B] (+0) +0.5875<x47>[B] (+1) +0.5875<x48>[B] (+0) -0.5875<x49>[B] (+0) +0.5875<x50>[B] (+1) -0.5875<x51>[B] (+1) +0.5875<x52>[B] (+1) +0.5875<x53>[B] (+0) +0.5875<x54>[B] (+1) -0.5875<x55>[B] (+1) -0.5875<x56>[B] (+1) -0.5875<x57>[B] (+1) -0.5875<x58>[B] (+1) -0.5875<x59>[B] (+1) -0.5875<x60>[B] (+1) -0.5875<x61>[B] (+1) -0.5875<x62>[B] (+1) -0.5875<x63>[B] (+1) -0.5875<x64>[B] (+1) -0.5875<x65>[B] (+1) +0.5875<x66>[B] (+0) -0.5875<x67>[B] (+0) +0.5875<x68>[B] (+1) +0.5875<x69>[B] (+0) -0.5875<x70>[B] (+0) +0.5875<x71>[B] (+1) -0.5875<x72>[B] (+1) +0.5875<x73>[B] (+1) +0.5875<x74>[B] (+0) +0.5875<x75>[B] (+1) -0.5875<x76>[B] (+1) -0.5875<x77>[B] (+1) +0.5875<x78>[B] (+1) -0.5875<x79>[B] (+1) -0.5875<x80>[B] (+1) -0.5875<x81>[B] (+1) -0.5875<x82>[B] (+1) +0.5875<x83>[B] (+1) -0.5875<x84>[B] (+1) +0.5875<x85>[B] (+1) +0.5875<x86>[B] (+1) -0.5875<x87>[B] (+1) +0.5875<x88>[B] (+1) -0.5875<x89>[B] (+1) +0.5875<x90>[B] (+1) +0.5875<x91>[B] (+1) +0.5875<x92>[B] (+1) +0.5875<x93>[B] (+0) -0.5875<x94>[B] (+0) -0.5875<x95>[B] (+0) -0.5875<x96>[B] (+0) +0.5875<x97>[B] (+0) +0.5875<x98>[B] (+0) +0.5875<x99>[B] (+0) -0.5875<x100>[B] (+1) -0.5875<x101>[B] (+1) -0.5875<x102>[B] (+1) -0.5875<x103>[B] (+1) +0.5875<x104>[B] (+1) -0.5875<x105>[B] (+1) +0.5875<x106>[B] (+1) +0.5875<x107>[B] (+1) +0.5875<x108>[B] (+1) +0.5875<x109>[B] (+0) +0.5875<x110>[B] (+1) -0.5875<x111>[B] (+1) +0.5875<x112>[B] (+1) +0.5875<x113>[B] (+0) +0.5875<x114>[B] (+1) +0.5875<x115>[B] (+1) +0.5875<x116>[B] (+0) +0.5875<x117>[B] (+1) +0.5875<x118>[B] (+0) -0.5875<x119>[B] (+1) -0.5875<x120>[B] (+1) >= 14.5416666666667;
;
violation: left hand side is violated by 19.8291666666667
  [linear] <c1121>: <x121>[C] (+0) -0.5875<x1>[B] (+1) -0.5875<x2>[B] (+1) -0.5875<x3>[B] (+1) +0.5875<x4>[B] (+1) -0.5875<x5>[B] (+1) -0.5875<x6>[B] (+1) -0.5875<x7>[B] (+1) -0.5875<x8>[B] (+1) -0.5875<x9>[B] (+1) -0.5875<x10>[B] (+1) -0.5875<x11>[B] (+1) -0.5875<x12>[B] (+1) -0.5875<x13>[B] (+1) -0.5875<x14>[B] (+1) -0.5875<x15>[B] (+1) -0.5875<x16>[B] (+1) -0.5875<x17>[B] (+1) +0.5875<x18>[B] (+1) -0.5875<x19>[B] (+1) +0.5875<x20>[B] (+1) -0.5875<x21>[B] (+1) -0.5875<x22>[B] (+1) +0.5875<x23>[B] (+1) -0.5875<x24>[B] (+1) -0.5875<x25>[B] (+1) -0.5875<x26>[B] (+1) +0.5875<x27>[B] (+1) +0.5875<x28>[B] (+1) +0.5875<x29>[B] (+1) +0.5875<x30>[B] (+1) +0.5875<x31>[B] (+1) +0.5875<x32>[B] (+1) +0.5875<x33>[B] (+1) +0.5875<x34>[B] (+1) +0.5875<x35>[B] (+1) +0.5875<x36>[B] (+1) -0.5875<x37>[B] (+1) +0.5875<x38>[B] (+1) -0.5875<x39>[B] (+1) +0.5875<x40>[B] (+1) +0.5875<x41>[B] (+1) +0.5875<x42>[B] (+1) +0.5875<x43>[B] (+1) +0.5875<x44>[B] (+1) +0.5875<x45>[B] (+1) +0.5875<x46>[B] (+1) +0.5875<x47>[B] (+1) +0.5875<x48>[B] (+1) -0.5875<x49>[B] (+1) +0.5875<x50>[B] (+1) -0.5875<x51>[B] (+1) +0.5875<x52>[B] (+1) +0.5875<x53>[B] (+1) +0.5875<x54>[B] (+1) -0.5875<x55>[B] (+1) -0.5875<x56>[B] (+1) -0.5875<x57>[B] (+1) -0.5875<x58>[B] (+1) -0.5875<x59>[B] (+1) -0.5875<x60>[B] (+1) -0.5875<x61>[B] (+1) -0.5875<x62>[B] (+1) -0.5875<x63>[B] (+1) -0.5875<x64>[B] (+1) -0.5875<x65>[B] (+1) +0.5875<x66>[B] (+1) -0.5875<x67>[B] (+1) +0.5875<x68>[B] (+1) +0.5875<x69>[B] (+1) -0.5875<x70>[B] (+1) +0.5875<x71>[B] (+1) -0.5875<x72>[B] (+1) +0.5875<x73>[B] (+1) +0.5875<x74>[B] (+1) +0.5875<x75>[B] (+1) -0.5875<x76>[B] (+1) -0.5875<x77>[B] (+1) +0.5875<x78>[B] (+1) -0.5875<x79>[B] (+1) -0.5875<x80>[B] (+1) -0.5875<x81>[B] (+1) -0.5875<x82>[B] (+1) +0.5875<x83>[B] (+1) -0.5875<x84>[B] (+1) +0.5875<x85>[B] (+1) +0.5875<x86>[B] (+1) -0.5875<x87>[B] (+1) +0.5875<x88>[B] (+1) -0.5875<x89>[B] (+1) +0.5875<x90>[B] (+1) +0.5875<x91>[B] (+1) +0.5875<x92>[B] (+1) +0.5875<x93>[B] (+1) -0.5875<x94>[B] (+1) -0.5875<x95>[B] (+1) -0.5875<x96>[B] (+1) +0.5875<x97>[B] (+1) +0.5875<x98>[B] (+1) +0.5875<x99>[B] (+1) -0.5875<x100>[B] (+1) -0.5875<x101>[B] (+1) -0.5875<x102>[B] (+1) -0.5875<x103>[B] (+1) +0.5875<x104>[B] (+1) -0.5875<x105>[B] (+1) +0.5875<x106>[B] (+1) +0.5875<x107>[B] (+1) +0.5875<x108>[B] (+1) +0.5875<x109>[B] (+1) +0.5875<x110>[B] (+1) -0.5875<x111>[B] (+1) +0.5875<x112>[B] (+1) +0.5875<x113>[B] (+1) +0.5875<x114>[B] (+1) +0.5875<x115>[B] (+1) +0.5875<x116>[B] (+1) +0.5875<x117>[B] (+1) +0.5875<x118>[B] (+1) -0.5875<x119>[B] (+1) -0.5875<x120>[B] (+1) >= 14.5416666666667;
;
violation: left hand side is violated by 14.5416666666667
  [linear] <c1121>: <x121>[C] (+0) -0.5875<x1>[B] (+0) -0.5875<x2>[B] (+0) -0.5875<x3>[B] (+0) +0.5875<x4>[B] (+0) -0.5875<x5>[B] (+0) -0.5875<x6>[B] (+0) -0.5875<x7>[B] (+0) -0.5875<x8>[B] (+0) -0.5875<x9>[B] (+0) -0.5875<x10>[B] (+0) -0.5875<x11>[B] (+0) -0.5875<x12>[B] (+0) -0.5875<x13>[B] (+0) -0.5875<x14>[B] (+0) -0.5875<x15>[B] (+0) -0.5875<x16>[B] (+0) -0.5875<x17>[B] (+0) +0.5875<x18>[B] (+0) -0.5875<x19>[B] (+0) +0.5875<x20>[B] (+0) -0.5875<x21>[B] (+0) -0.5875<x22>[B] (+0) +0.5875<x23>[B] (+0) -0.5875<x24>[B] (+0) -0.5875<x25>[B] (+0) -0.5875<x26>[B] (+0) +0.5875<x27>[B] (+0) +0.5875<x28>[B] (+0) +0.5875<x29>[B] (+0) +0.5875<x30>[B] (+0) +0.5875<x31>[B] (+0) +0.5875<x32>[B] (+0) +0.5875<x33>[B] (+0) +0.5875<x34>[B] (+0) +0.5875<x35>[B] (+0) +0.5875<x36>[B] (+0) -0.5875<x37>[B] (+0) +0.5875<x38>[B] (+0) -0.5875<x39>[B] (+0) +0.5875<x40>[B] (+0) +0.5875<x41>[B] (+0) +0.5875<x42>[B] (+0) +0.5875<x43>[B] (+0) +0.5875<x44>[B] (+0) +0.5875<x45>[B] (+0) +0.5875<x46>[B] (+0) +0.5875<x47>[B] (+0) +0.5875<x48>[B] (+0) -0.5875<x49>[B] (+0) +0.5875<x50>[B] (+0) -0.5875<x51>[B] (+0) +0.5875<x52>[B] (+0) +0.5875<x53>[B] (+0) +0.5875<x54>[B] (+0) -0.5875<x55>[B] (+0) -0.5875<x56>[B] (+0) -0.5875<x57>[B] (+0) -0.5875<x58>[B] (+0) -0.5875<x59>[B] (+0) -0.5875<x60>[B] (+0) -0.5875<x61>[B] (+0) -0.5875<x62>[B] (+0) -0.5875<x63>[B] (+0) -0.5875<x64>[B] (+0) -0.5875<x65>[B] (+0) +0.5875<x66>[B] (+0) -0.5875<x67>[B] (+0) +0.5875<x68>[B] (+0) +0.5875<x69>[B] (+0) -0.5875<x70>[B] (+0) +0.5875<x71>[B] (+0) -0.5875<x72>[B] (+0) +0.5875<x73>[B] (+0) +0.5875<x74>[B] (+0) +0.5875<x75>[B] (+0) -0.5875<x76>[B] (+0) -0.5875<x77>[B] (+0) +0.5875<x78>[B] (+0) -0.5875<x79>[B] (+0) -0.5875<x80>[B] (+0) -0.5875<x81>[B] (+0) -0.5875<x82>[B] (+0) +0.5875<x83>[B] (+0) -0.5875<x84>[B] (+0) +0.5875<x85>[B] (+0) +0.5875<x86>[B] (+0) -0.5875<x87>[B] (+0) +0.5875<x88>[B] (+0) -0.5875<x89>[B] (+0) +0.5875<x90>[B] (+0) +0.5875<x91>[B] (+0) +0.5875<x92>[B] (+0) +0.5875<x93>[B] (+0) -0.5875<x94>[B] (+0) -0.5875<x95>[B] (+0) -0.5875<x96>[B] (+0) +0.5875<x97>[B] (+0) +0.5875<x98>[B] (+0) +0.5875<x99>[B] (+0) -0.5875<x100>[B] (+0) -0.5875<x101>[B] (+0) -0.5875<x102>[B] (+0) -0.5875<x103>[B] (+0) +0.5875<x104>[B] (+0) -0.5875<x105>[B] (+0) +0.5875<x106>[B] (+0) +0.5875<x107>[B] (+0) +0.5875<x108>[B] (+0) +0.5875<x109>[B] (+0) +0.5875<x110>[B] (+0) -0.5875<x111>[B] (+0) +0.5875<x112>[B] (+0) +0.5875<x113>[B] (+0) +0.5875<x114>[B] (+0) +0.5875<x115>[B] (+0) +0.5875<x116>[B] (+0) +0.5875<x117>[B] (+0) +0.5875<x118>[B] (+0) -0.5875<x119>[B] (+0) -0.5875<x120>[B] (+0) >= 14.5416666666667;
;
violation: left hand side is violated by 14.5416666666667
1/6 feasible solution given by solution candidate storage, new primal bound -9.999780e+05

presolving:
   (0.0s) symmetry computation started: requiring (bin +, int +, cont +), (fixed: bin -, int -, cont -)
   (0.0s) no symmetry present (symcode time: 0.00)
presolving (0 rounds: 0 fast, 0 medium, 0 exhaustive):
 0 deleted vars, 0 deleted constraints, 0 added constraints, 0 tightened bounds, 0 added holes, 0 changed sides, 0 changed coefficients
 0 implications, 0 cliques, 0 implied integral variables (0 bin, 0 int, 0 cont)
presolved problem has 130 variables (120 bin, 0 int, 10 cont) and 1130 constraints
   1130 constraints of type <linear>
Presolving Time: 0.00
transformed 1/1 original solutions to the transformed problem space

 time | node  | left  |LP iter|LP it/n|mem/heur|mdpt |vars |cons |rows |cuts |sepa|confs|strbr|  dualbound   | primalbound  |  gap   | compl. 
p 0.0s|     1 |     0 |     2 |     - |   locks|   0 | 130 |1130 |1130 |   0 |  0 |   0 |   0 | 1.520000e+02 |-1.727958e+02 |    Inf | unknown
* 0.0s|     1 |     0 |   134 |     - |    LP  |   0 | 130 |1130 |1130 |   0 |  0 |   0 |   0 |-8.470417e+01 |-8.470417e+01 |   0.00%| unknown
  0.0s|     1 |     0 |   134 |     - |  6884k |   0 | 130 |1130 |1130 |   0 |  0 |   0 |   0 |-8.470417e+01 |-8.470417e+01 |   0.00%| unknown

SCIP Status        : problem is solved [optimal solution found]
Solving Time (sec) : 0.01
Solving Nodes      : 1
Primal Bound       : -8.47041666666667e+01 (4 solutions)
Dual Bound         : -8.47041666666667e+01
Gap                : 0.00 %
  [linear] <c1131>: <x121>[C] (+22.7666667) -0.6125<x1>[B] (+1) -0.6125<x2>[B] (+1) -0.6125<x3>[B] (+0) +0.6125<x4>[B] (+0) -0.6125<x5>[B] (+0) -0.6125<x6>[B] (+0) -0.6125<x7>[B] (+0) -0.6125<x8>[B] (+1) -0.6125<x9>[B] (+1) -0.6125<x10>[B] (+1) -0.6125<x11>[B] (+0) -0.6125<x12>[B] (+1) -0.6125<x13>[B] (+1) -0.6125<x14>[B] (+1) -0.6125<x15>[B] (+1) -0.6125<x16>[B] (+1) -0.6125<x17>[B] (+0) +0.6125<x18>[B] (+0) -0.6125<x19>[B] (+0) +0.6125<x20>[B] (+0) -0.6125<x21>[B] (+0) -0.6125<x22>[B] (+1) +0.6125<x23>[B] (+0) -0.6125<x24>[B] (+1) -0.6125<x25>[B] (+0) -0.6125<x26>[B] (+1) +0.6125<x27>[B] (+1) +0.6125<x28>[B] (+0) +0.6125<x29>[B] (+0) +0.6125<x30>[B] (+0) +0.6125<x31>[B] (+0) +0.6125<x32>[B] (+0) +0.6125<x33>[B] (+0) +0.6125<x34>[B] (+0) +0.6125<x35>[B] (+1) +0.6125<x36>[B] (+0) -0.6125<x37>[B] (+1) +0.6125<x38>[B] (+0) -0.6125<x39>[B] (+0) +0.6125<x40>[B] (+1) +0.6125<x41>[B] (+0) +0.6125<x42>[B] (+0) +0.6125<x43>[B] (+1) +0.6125<x44>[B] (+0) +0.6125<x45>[B] (+0) +0.6125<x46>[B] (+0) +0.6125<x47>[B] (+1) +0.6125<x48>[B] (+1) -0.6125<x49>[B] (+1) +0.6125<x50>[B] (+0) -0.6125<x51>[B] (+1) +0.6125<x52>[B] (+1) +0.6125<x53>[B] (+1) +0.6125<x54>[B] (+1) -0.6125<x55>[B] (+0) -0.6125<x56>[B] (+0) -0.6125<x57>[B] (+0) -0.6125<x58>[B] (+1) -0.6125<x59>[B] (+1) -0.6125<x60>[B] (+1) -0.6125<x61>[B] (+0) -0.6125<x62>[B] (+1) -0.6125<x63>[B] (+1) -0.6125<x64>[B] (+1) -0.6125<x65>[B] (+1) +0.6125<x66>[B] (+0) -0.6125<x67>[B] (+1) +0.6125<x68>[B] (+1) +0.6125<x69>[B] (+1) -0.6125<x70>[B] (+1) +0.6125<x71>[B] (+0) -0.6125<x72>[B] (+1) +0.6125<x73>[B] (+1) +0.6125<x74>[B] (+1) +0.6125<x75>[B] (+1) -0.6125<x76>[B] (+1) -0.6125<x77>[B] (+1) +0.6125<x78>[B] (+1) -0.6125<x79>[B] (+1) -0.6125<x80>[B] (+0) -0.6125<x81>[B] (+1) -0.6125<x82>[B] (+1) +0.6125<x83>[B] (+1) -0.6125<x84>[B] (+1) +0.6125<x85>[B] (+1) +0.6125<x86>[B] (+1) -0.6125<x87>[B] (+1) +0.6125<x88>[B] (+0) -0.6125<x89>[B] (+1) +0.6125<x90>[B] (+1) +0.6125<x91>[B] (+1) +0.6125<x92>[B] (+1) +0.6125<x93>[B] (+0) -0.6125<x94>[B] (+0) -0.6125<x95>[B] (+0) -0.6125<x96>[B] (+0) +0.6125<x97>[B] (+0) +0.6125<x98>[B] (+0) +0.6125<x99>[B] (+0) -0.6125<x100>[B] (+1) -0.6125<x101>[B] (+0) -0.6125<x102>[B] (+1) -0.6125<x103>[B] (+1) +0.6125<x104>[B] (+0) -0.6125<x105>[B] (+1) +0.6125<x106>[B] (+0) +0.6125<x107>[B] (+0) +0.6125<x108>[B] (+1) +0.6125<x109>[B] (+0) +0.6125<x110>[B] (+0) -0.6125<x111>[B] (+1) +0.6125<x112>[B] (+1) +0.6125<x113>[B] (+1) +0.6125<x114>[B] (+1) +0.6125<x115>[B] (+1) +0.6125<x116>[B] (+0) +0.6125<x117>[B] (+0) +0.6125<x118>[B] (+0) -0.6125<x119>[B] (+0) -0.6125<x120>[B] (+1) >= 14.2416666666667;
;
violation: left hand side is violated by 0.0500000000000256
  [linear] <c1133>: <x123>[C] (+2.57916667) -0.629166667<x1>[B] (+0) +0.629166667<x2>[B] (+0) -0.629166667<x3>[B] (+1) +0.629166667<x4>[B] (+0) +0.629166667<x5>[B] (+1) +0.629166667<x6>[B] (+1) +0.629166667<x7>[B] (+1) +0.629166667<x8>[B] (+0) -0.629166667<x9>[B] (+0) +0.629166667<x10>[B] (+0) +0.629166667<x11>[B] (+1) +0.629166667<x12>[B] (+1) +0.629166667<x13>[B] (+0) +0.629166667<x14>[B] (+1) +0.629166667<x15>[B] (+0) +0.629166667<x16>[B] (+0) +0.629166667<x17>[B] (+1) +0.629166667<x18>[B] (+1) +0.629166667<x19>[B] (+1) +0.629166667<x20>[B] (+1) +0.629166667<x21>[B] (+1) +0.629166667<x22>[B] (+0) +0.629166667<x23>[B] (+1) +0.629166667<x24>[B] (+0) +0.629166667<x25>[B] (+1) +0.629166667<x26>[B] (+1) +0.629166667<x27>[B] (+1) +0.629166667<x28>[B] (+1) +0.629166667<x29>[B] (+1) -0.629166667<x30>[B] (+1) +0.629166667<x31>[B] (+1) +0.629166667<x32>[B] (+1) +0.629166667<x33>[B] (+1) +0.629166667<x34>[B] (+1) +0.629166667<x35>[B] (+1) -0.629166667<x36>[B] (+1) +0.629166667<x37>[B] (+1) +0.629166667<x38>[B] (+1) +0.629166667<x39>[B] (+1) -0.629166667<x40>[B] (+1) +0.629166667<x41>[B] (+1) -0.629166667<x42>[B] (+1) +0.629166667<x43>[B] (+0) +0.629166667<x44>[B] (+1) +0.629166667<x45>[B] (+1) +0.629166667<x46>[B] (+1) +0.629166667<x47>[B] (+0) +0.629166667<x48>[B] (+0) +0.629166667<x49>[B] (+0) +0.629166667<x50>[B] (+1) +0.629166667<x51>[B] (+0) +0.629166667<x52>[B] (+0) +0.629166667<x53>[B] (+1) +0.629166667<x54>[B] (+0) -0.629166667<x55>[B] (+1) +0.629166667<x56>[B] (+1) +0.629166667<x57>[B] (+1) -0.629166667<x58>[B] (+0) -0.629166667<x59>[B] (+1) -0.629166667<x60>[B] (+0) -0.629166667<x61>[B] (+1) -0.629166667<x62>[B] (+1) -0.629166667<x63>[B] (+1) -0.629166667<x64>[B] (+1) -0.629166667<x65>[B] (+1) +0.629166667<x66>[B] (+1) +0.629166667<x67>[B] (+0) -0.629166667<x68>[B] (+0) -0.629166667<x69>[B] (+0) -0.629166667<x70>[B] (+0) +0.629166667<x71>[B] (+1) -0.629166667<x72>[B] (+0) -0.629166667<x73>[B] (+0) -0.629166667<x74>[B] (+1) -0.629166667<x75>[B] (+0) +0.629166667<x76>[B] (+0) -0.629166667<x77>[B] (+0) -0.629166667<x78>[B] (+0) -0.629166667<x79>[B] (+0) -0.629166667<x80>[B] (+1) -0.629166667<x81>[B] (+0) -0.629166667<x82>[B] (+0) -0.629166667<x83>[B] (+1) -0.629166667<x84>[B] (+0) -0.629166667<x85>[B] (+0) -0.629166667<x86>[B] (+0) -0.629166667<x87>[B] (+0) -0.629166667<x88>[B] (+1) -0.629166667<x89>[B] (+0) -0.629166667<x90>[B] (+0) -0.629166667<x91>[B] (+1) -0.629166667<x92>[B] (+0) -0.629166667<x93>[B] (+1) +0.629166667<x94>[B] (+1) +0.629166667<x95>[B] (+1) +0.629166667<x96>[B] (+1) -0.629166667<x97>[B] (+1) +0.629166667<x98>[B] (+1) -0.629166667<x99>[B] (+1) +0.629166667<x100>[B] (+0) +0.629166667<x101>[B] (+1) +0.629166667<x102>[B] (+1) +0.629166667<x103>[B] (+0) +0.629166667<x104>[B] (+1) +0.629166667<x105>[B] (+0) +0.629166667<x106>[B] (+1) +0.629166667<x107>[B] (+1) -0.629166667<x108>[B] (+1) -0.629166667<x109>[B] (+1) -0.629166667<x110>[B] (+1) -0.629166667<x111>[B] (+0) -0.629166667<x112>[B] (+0) -0.629166667<x113>[B] (+0) -0.629166667<x114>[B] (+0) -0.629166667<x115>[B] (+0) -0.629166667<x116>[B] (+1) -0.629166667<x117>[B] (+0) +0.629166667<x118>[B] (+1) -0.629166667<x119>[B] (+0) -0.629166667<x120>[B] (+0) >= 17.775;
;
violation: left hand side is violated by 1.98333333333334
2/4 feasible solutions given by solution candidate storage, new primal bound -9.999780e+05

presolving:
   (0.0s) symmetry computation started: requiring (bin +, int +, cont +), (fixed: bin -, int -, cont -)
   (0.0s) no symmetry present (symcode time: 0.00)
presolving (0 rounds: 0 fast, 0 medium, 0 exhaustive):
 0 deleted vars, 0 deleted constraints, 0 added constraints, 0 tightened bounds, 0 added holes, 0 changed sides, 0 changed coefficients
 0 implications, 0 cliques, 0 implied integral variables (0 bin, 0 int, 0 cont)
presolved problem has 130 variables (120 bin, 0 int, 10 cont) and 1139 constraints
   1139 constraints of type <linear>
Presolving Time: 0.00
transformed 2/2 original solutions to the transformed problem space

 time | node  | left  |LP iter|LP it/n|mem/heur|mdpt |vars |cons |rows |cuts |sepa|confs|strbr|  dualbound   | primalbound  |  gap   | compl. 
p 0.0s|     1 |     0 |     3 |     - |   locks|   0 | 130 |1139 |1139 |   0 |  0 |   0 |   0 | 1.520000e+02 |-1.859083e+02 |    Inf | unknown
* 0.0s|     1 |     0 |   120 |     - |    LP  |   0 | 130 |1139 |1139 |   0 |  0 |   0 |   0 |-8.593750e+01 |-8.593750e+01 |   0.00%| unknown
  0.0s|     1 |     0 |   120 |     - |  7647k |   0 | 130 |1139 |1139 |   0 |  0 |   0 |   0 |-8.593750e+01 |-8.593750e+01 |   0.00%| unknown

SCIP Status        : problem is solved [optimal solution found]
Solving Time (sec) : 0.01
Solving Nodes      : 1
Primal Bound       : -8.59375000000000e+01 (4 solutions)
Dual Bound         : -8.59375000000000e+01
Gap                : 0.00 %
  [linear] <c1140>: <x121>[C] (+23.4291667) -0.620833333<x1>[B] (+1) -0.620833333<x2>[B] (+1) -0.620833333<x3>[B] (+0) +0.620833333<x4>[B] (+0) -0.620833333<x5>[B] (+0) -0.620833333<x6>[B] (+0) -0.620833333<x7>[B] (+0) -0.620833333<x8>[B] (+1) -0.620833333<x9>[B] (+1) -0.620833333<x10>[B] (+1) -0.620833333<x11>[B] (+0) -0.620833333<x12>[B] (+1) -0.620833333<x13>[B] (+1) -0.620833333<x14>[B] (+1) -0.620833333<x15>[B] (+1) -0.620833333<x16>[B] (+1) -0.620833333<x17>[B] (+0) +0.620833333<x18>[B] (+0) -0.620833333<x19>[B] (+0) +0.620833333<x20>[B] (+0) -0.620833333<x21>[B] (+0) -0.620833333<x22>[B] (+1) +0.620833333<x23>[B] (+0) -0.620833333<x24>[B] (+1) -0.620833333<x25>[B] (+0) -0.620833333<x26>[B] (+1) +0.620833333<x27>[B] (+1) +0.620833333<x28>[B] (+0) +0.620833333<x29>[B] (+0) +0.620833333<x30>[B] (+0) +0.620833333<x31>[B] (+0) +0.620833333<x32>[B] (+0) +0.620833333<x33>[B] (+0) +0.620833333<x34>[B] (+0) +0.620833333<x35>[B] (+1.42108547e-13) +0.620833333<x36>[B] (+0) -0.620833333<x37>[B] (+1.42108547e-13) +0.620833333<x38>[B] (+0) -0.620833333<x39>[B] (+0) +0.620833333<x40>[B] (+1.42108547e-13) +0.620833333<x41>[B] (+0) +0.620833333<x42>[B] (+0) +0.620833333<x43>[B] (+1) +0.620833333<x44>[B] (+0) +0.620833333<x45>[B] (+0) +0.620833333<x46>[B] (+0) +0.620833333<x47>[B] (+1) +0.620833333<x48>[B] (+1) -0.620833333<x49>[B] (+1) +0.620833333<x50>[B] (+0) -0.620833333<x51>[B] (+1) +0.620833333<x52>[B] (+1) +0.620833333<x53>[B] (+1) +0.620833333<x54>[B] (+1) -0.620833333<x55>[B] (+0) -0.620833333<x56>[B] (+0) -0.620833333<x57>[B] (+0) -0.620833333<x58>[B] (+1) -0.620833333<x59>[B] (+1) -0.620833333<x60>[B] (+1) -0.620833333<x61>[B] (+0) -0.620833333<x62>[B] (+1) -0.620833333<x63>[B] (+1) -0.620833333<x64>[B] (+1) -0.620833333<x65>[B] (+1) +0.620833333<x66>[B] (+0) -0.620833333<x67>[B] (+1) +0.620833333<x68>[B] (+1) +0.620833333<x69>[B] (+1) -0.620833333<x70>[B] (+1) +0.620833333<x71>[B] (+0) -0.620833333<x72>[B] (+1) +0.620833333<x73>[B] (+1) +0.620833333<x74>[B] (+1) +0.620833333<x75>[B] (+1) -0.620833333<x76>[B] (+1) -0.620833333<x77>[B] (+1) +0.620833333<x78>[B] (+1) -0.620833333<x79>[B] (+1) -0.620833333<x80>[B] (+0) -0.620833333<x81>[B] (+1) -0.620833333<x82>[B] (+1) +0.620833333<x83>[B] (+1) -0.620833333<x84>[B] (+1) +0.620833333<x85>[B] (+1) +0.620833333<x86>[B] (+1) -0.620833333<x87>[B] (+1) +0.620833333<x88>[B] (+0) -0.620833333<x89>[B] (+1) +0.620833333<x90>[B] (+1) +0.620833333<x91>[B] (+1) +0.620833333<x92>[B] (+1) +0.620833333<x93>[B] (+0) -0.620833333<x94>[B] (+0) -0.620833333<x95>[B] (+0) -0.620833333<x96>[B] (+0) +0.620833333<x97>[B] (+0) +0.620833333<x98>[B] (+0) +0.620833333<x99>[B] (+0) -0.620833333<x100>[B] (+1) -0.620833333<x101>[B] (+0) -0.620833333<x102>[B] (+1) -0.620833333<x103>[B] (+1) +0.620833333<x104>[B] (+0) -0.620833333<x105>[B] (+1) +0.620833333<x106>[B] (+0) +0.620833333<x107>[B] (+0) +0.620833333<x108>[B] (+1) +0.620833333<x109>[B] (+0) +0.620833333<x110>[B] (+0) -0.620833333<x111>[B] (+1) +0.620833333<x112>[B] (+1) +0.620833333<x113>[B] (+1) +0.620833333<x114>[B] (+1) +0.620833333<x115>[B] (+1) +0.620833333<x116>[B] (+0) +0.620833333<x117>[B] (+0) +0.620833333<x118>[B] (+0) -0.620833333<x119>[B] (+0) -0.620833333<x120>[B] (+1) >= 14.125;
;
violation: left hand side is violated by 0.00833333333332575
  [linear] <c1145>: <x127>[C] (+13.9333333) -0.504166667<x1>[B] (+0) -0.504166667<x2>[B] (+0) -0.504166667<x3>[B] (+1) -0.504166667<x4>[B] (+1) -0.504166667<x5>[B] (+1) -0.504166667<x6>[B] (+1) +0.504166667<x7>[B] (+1) -0.504166667<x8>[B] (+0) -0.504166667<x9>[B] (+0) -0.504166667<x10>[B] (+0) -0.504166667<x11>[B] (+1) +0.504166667<x12>[B] (+1) -0.504166667<x13>[B] (+0) -0.504166667<x14>[B] (+0) -0.504166667<x15>[B] (+0) +0.504166667<x16>[B] (+0) +0.504166667<x17>[B] (+1) +0.504166667<x18>[B] (+1) +0.504166667<x19>[B] (+1) -0.504166667<x20>[B] (+1) +0.504166667<x21>[B] (+1) +0.504166667<x22>[B] (+0) -0.504166667<x23>[B] (+1) +0.504166667<x24>[B] (+0) +0.504166667<x25>[B] (+1) +0.504166667<x26>[B] (+1) -0.504166667<x27>[B] (+1) +0.504166667<x28>[B] (+1) +0.504166667<x29>[B] (+1) -0.504166667<x30>[B] (+1) -0.504166667<x31>[B] (+1) -0.504166667<x32>[B] (+1) -0.504166667<x33>[B] (+1) +0.504166667<x34>[B] (+1) -0.504166667<x35>[B] (+1) -0.504166667<x36>[B] (+1) -0.504166667<x37>[B] (+1) -0.504166667<x38>[B] (+1) +0.504166667<x39>[B] (+1) -0.504166667<x40>[B] (+1) -0.504166667<x41>[B] (+1) -0.504166667<x42>[B] (+1) -0.504166667<x43>[B] (+0) +0.504166667<x44>[B] (+0) -0.504166667<x45>[B] (+1) +0.504166667<x46>[B] (+1) +0.504166667<x47>[B] (+0) -0.504166667<x48>[B] (+0) +0.504166667<x49>[B] (+0) +0.504166667<x50>[B] (+1) +0.504166667<x51>[B] (+0) -0.504166667<x52>[B] (+0) -0.504166667<x53>[B] (+0) -0.504166667<x54>[B] (+0) +0.504166667<x55>[B] (+0) -0.504166667<x56>[B] (+1) +0.504166667<x57>[B] (+1) +0.504166667<x58>[B] (+0) -0.504166667<x59>[B] (+0) +0.504166667<x60>[B] (+0) +0.504166667<x61>[B] (+1) +0.504166667<x62>[B] (+0) -0.504166667<x63>[B] (+0) -0.504166667<x64>[B] (+0) -0.504166667<x65>[B] (+0) -0.504166667<x66>[B] (+1) +0.504166667<x67>[B] (+1) +0.504166667<x68>[B] (+0) -0.504166667<x69>[B] (+0) +0.504166667<x70>[B] (+0) +0.504166667<x71>[B] (+1) +0.504166667<x72>[B] (+0) -0.504166667<x73>[B] (+0) -0.504166667<x74>[B] (+0) -0.504166667<x75>[B] (+0) +0.504166667<x76>[B] (+0) +0.504166667<x77>[B] (+0) +0.504166667<x78>[B] (+0) +0.504166667<x79>[B] (+0) +0.504166667<x80>[B] (+1) +0.504166667<x81>[B] (+0) -0.504166667<x82>[B] (+0) +0.504166667<x83>[B] (+0) +0.504166667<x84>[B] (+0) -0.504166667<x85>[B] (+0) -0.504166667<x86>[B] (+0) -0.504166667<x87>[B] (+0) -0.504166667<x88>[B] (+1) -0.504166667<x89>[B] (+0) -0.504166667<x90>[B] (+0) -0.504166667<x91>[B] (+0) -0.504166667<x92>[B] (+0) -0.504166667<x93>[B] (+1) +0.504166667<x94>[B] (+1) -0.504166667<x95>[B] (+1) +0.504166667<x96>[B] (+1) -0.504166667<x97>[B] (+1) -0.504166667<x98>[B] (+1) -0.504166667<x99>[B] (+1) +0.504166667<x100>[B] (+0) +0.504166667<x101>[B] (+1) +0.504166667<x102>[B] (+1) -0.504166667<x103>[B] (+0) +0.504166667<x104>[B] (+1) +0.504166667<x105>[B] (+0) -0.504166667<x106>[B] (+1) +0.504166667<x107>[B] (+1) -0.504166667<x108>[B] (+1) -0.504166667<x109>[B] (+1) -0.504166667<x110>[B] (+1) +0.504166667<x111>[B] (+0) -0.504166667<x112>[B] (+0) -0.504166667<x113>[B] (+0) -0.504166667<x114>[B] (+0) -0.504166667<x115>[B] (+0) -0.504166667<x116>[B] (+0) -0.504166667<x117>[B] (+0) +0.504166667<x118>[B] (+1) +0.504166667<x119>[B] (+0) +0.504166667<x120>[B] (+0) >= 10.9666666666667;
;
violation: left hand side is violated by 0.0583333333333229
2/4 feasible solutions given by solution candidate storage, new primal bound -9.999780e+05

presolving:
   (0.0s) symmetry computation started: requiring (bin +, int +, cont +), (fixed: bin -, int -, cont -)
   (0.0s) no symmetry present (symcode time: 0.00)
presolving (0 rounds: 0 fast, 0 medium, 0 exhaustive):
 0 deleted vars, 0 deleted constraints, 0 added constraints, 0 tightened bounds, 0 added holes, 0 changed sides, 0 changed coefficients
 0 implications, 0 cliques, 0 implied integral variables (0 bin, 0 int, 0 cont)
presolved problem has 130 variables (120 bin, 0 int, 10 cont) and 1147 constraints
   1147 constraints of type <linear>
Presolving Time: 0.00
transformed 2/2 original solutions to the transformed problem space

 time | node  | left  |LP iter|LP it/n|mem/heur|mdpt |vars |cons |rows |cuts |sepa|confs|strbr|  dualbound   | primalbound  |  gap   | compl. 
p 0.0s|     1 |     0 |     2 |     - |   locks|   0 | 130 |1147 |1147 |   0 |  0 |   0 |   0 | 1.520000e+02 |-1.831292e+02 |    Inf | unknown
  0.0s|     1 |     0 |   142 |     - |  8018k |   0 | 130 |1147 |1147 |   0 |  0 |   0 |   0 |-8.596250e+01 |-1.831292e+02 | 113.03%| unknown
r 0.0s|     1 |     0 |   142 |     - |shifting|   0 | 130 |1147 |1147 |   0 |  0 |   0 |   0 |-8.596250e+01 |-8.868750e+01 |   3.17%| unknown
  0.0s|     1 |     0 |   150 |     - |  8291k |   0 | 130 |1147 |1148 |   1 |  1 |   0 |   0 |-8.597917e+01 |-8.868750e+01 |   3.15%| unknown
r 0.0s|     1 |     0 |   150 |     - |shifting|   0 | 130 |1147 |1148 |   1 |  1 |   0 |   0 |-8.597917e+01 |-8.795417e+01 |   2.30%| unknown
  0.0s|     1 |     0 |   150 |     - |  8301k |   0 | 130 |1147 |1148 |   1 |  1 |   0 |   0 |-8.597917e+01 |-8.795417e+01 |   2.30%| unknown
  0.0s|     1 |     0 |   150 |     - |  8301k |   0 | 130 |1147 |1078 |   1 |  1 |   0 |   0 |-8.597917e+01 |-8.795417e+01 |   2.30%| unknown
  0.0s|     1 |     0 |   154 |     - |  8512k |   0 | 130 |1147 |1079 |   2 |  2 |   0 |   0 |-8.599583e+01 |-8.795417e+01 |   2.28%| unknown
d 0.0s|     1 |     0 |   154 |     - |farkasdi|   0 | 130 |1077 |1079 |   0 |  3 |   0 |   0 |-8.599583e+01 |-8.599583e+01 |   0.00%| unknown
  0.0s|     1 |     0 |   154 |     - |  8523k |   0 | 130 |1077 |1079 |   2 |  3 |   0 |   0 |-8.599583e+01 |-8.599583e+01 |   0.00%| unknown

SCIP Status        : problem is solved [optimal solution found]
Solving Time (sec) : 0.02
Solving Nodes      : 1
Primal Bound       : -8.59958333333333e+01 (6 solutions)
Dual Bound         : -8.59958333333333e+01
Gap                : 0.00 %
