Loading instance...
Median ranking: [15, 11, 13, 9, 4, 3, 8, 10, 16, 1, 7, 12, 5, 14, 2, 6]
Mean ranking: [15, 11, 4, 13, 8, 9, 3, 10, 16, 1, 7, 12, 5, 14, 2, 6]
Actual error: 0.0019304216140654251
Weighted Kendall distance: 51.5
Normalized distance: 0.03786764705882353
 add conss, 0 chg bounds, 0 chg sides, 0 chg coeffs, 0 upgd conss, 0 impls, 0 clqs, 0 implints
   (0.0s) symmetry computation started: requiring (bin +, int +, cont +), (fixed: bin -, int -, cont -)
   (0.0s) no symmetry present (symcode time: 0.00)
presolving (2 rounds: 2 fast, 2 medium, 1 exhaustive):
 0 deleted vars, 1120 deleted constraints, 560 added constraints, 0 tightened bounds, 0 added holes, 0 changed sides, 0 changed coefficients
 0 implications, 0 cliques, 0 implied integral variables (0 bin, 0 int, 0 cont)
presolved problem has 120 variables (0 bin, 0 int, 120 cont) and 560 constraints
    560 constraints of type <linear>
Presolving Time: 0.01
transformed 3/3 original solutions to the transformed problem space

 time | node  | left  |LP iter|LP it/n|mem/heur|mdpt |vars |cons |rows |cuts |sepa|confs|strbr|  dualbound   | primalbound  |  gap   | compl. 
* 0.0s|     1 |     0 |    44 |     - |    LP  |   0 | 120 | 560 | 560 |   0 |  0 |   0 |   0 | 7.200000e+01 | 7.200000e+01 |   0.00%| unknown
  0.0s|     1 |     0 |    44 |     - |  4088k |   0 | 120 | 560 | 560 |   0 |  0 |   0 |   0 | 7.200000e+01 | 7.200000e+01 |   0.00%| unknown

SCIP Status        : problem is solved [optimal solution found]
Solving Time (sec) : 0.01
Solving Nodes      : 1
Primal Bound       : +7.20000000000000e+01 (4 solutions)
Dual Bound         : +7.20000000000000e+01
Gap                : 0.00 %
feasible solution found by trivial heuristic after 0.0 seconds, objective value 0.000000e+00
presolving:
   (0.0s) running MILP presolver
   (0.0s) MILP presolver (2 rounds): 0 aggregations, 0 fixings, 0 bound changes
(round 1, medium)     0 del vars, 1120 del conss, 560 add conss, 0 chg bounds, 0 chg sides, 0 chg coeffs, 0 upgd conss, 0 impls, 0 clqs, 0 implints
   (0.0s) probing: 51/120 (42.5%) - 0 fixings, 0 aggregations, 0 implications, 0 bound changes
   (0.0s) probing aborted: 50/50 successive totally useless probings
   (0.0s) symmetry computation started: requiring (bin +, int +, cont +), (fixed: bin -, int -, cont -)
   (0.0s) no symmetry present (symcode time: 0.00)
presolving (2 rounds: 2 fast, 2 medium, 1 exhaustive):
 0 deleted vars, 1120 deleted constraints, 560 added constraints, 0 tightened bounds, 0 added holes, 0 changed sides, 0 changed coefficients
 0 implications, 0 cliques, 0 implied integral variables (0 bin, 0 int, 0 cont)
presolved problem has 120 variables (120 bin, 0 int, 0 cont) and 560 constraints
    560 constraints of type <linear>
transformed objective value is always integral (scale: 2)
Presolving Time: 0.01
transformed 2/2 original solutions to the transformed problem space

 time | node  | left  |LP iter|LP it/n|mem/heur|mdpt |vars |cons |rows |cuts |sepa|confs|strbr|  dualbound   | primalbound  |  gap   | compl. 
i 0.0s|     1 |     0 |     0 |     - |  oneopt|   0 | 120 | 560 | 560 |   0 |  0 |   0 |   0 | 8.800000e+01 | 5.600000e+01 |  57.14%| unknown
* 0.0s|     1 |     0 |    37 |     - |    LP  |   0 | 120 | 560 | 560 |   0 |  0 |   0 |   0 | 7.200000e+01 | 7.200000e+01 |   0.00%| unknown
  0.0s|     1 |     0 |    37 |     - |  4212k |   0 | 120 | 560 | 560 |   0 |  0 |   0 |   0 | 7.200000e+01 | 7.200000e+01 |   0.00%| unknown

SCIP Status        : problem is solved [optimal solution found]
Solving Time (sec) : 0.01
Solving Nodes      : 1
Primal Bound       : +7.20000000000000e+01 (4 solutions)
Dual Bound         : +7.20000000000000e+01
Gap                : 0.00 %
feasible solution found by trivial heuristic after 0.0 seconds, objective value -1.000086e+06
presolving:
(round 1, fast)       0 del vars, 0 del conss, 0 add conss, 20 chg bounds, 0 chg sides, 0 chg coeffs, 0 upgd conss, 0 impls, 0 clqs, 0 implints
   (0.1s) running MILP presolver
   (0.1s) MILP presolver (2 rounds): 0 aggregations, 0 fixings, 0 bound changes
(round 2, medium)     0 del vars, 2320 del conss, 1760 add conss, 20 chg bounds, 0 chg sides, 0 chg coeffs, 0 upgd conss, 0 impls, 0 clqs, 0 implints
   (0.2s) symmetry computation started: requiring (bin +, int +, cont +), (fixed: bin -, int -, cont -)
   (0.3s) no symmetry present (symcode time: 0.00)
presolving (3 rounds: 3 fast, 2 medium, 1 exhaustive):
 0 deleted vars, 2320 deleted constraints, 1760 added constraints, 20 tightened bounds, 0 added holes, 0 changed sides, 0 changed coefficients
 0 implications, 0 cliques, 0 implied integral variables (0 bin, 0 int, 0 cont)
presolved problem has 130 variables (0 bin, 0 int, 130 cont) and 1760 constraints
   1760 constraints of type <linear>
Presolving Time: 0.27

 time | node  | left  |LP iter|LP it/n|mem/heur|mdpt |vars |cons |rows |cuts |sepa|confs|strbr|  dualbound   | primalbound  |  gap   | compl. 
t 0.3s|     1 |     0 |     0 |     - | trivial|   0 | 130 |1760 |   0 |   0 |  0 |   0 |   0 | 8.800000e+01 |-6.860000e+02 |    Inf | unknown
* 0.3s|     1 |     0 |   186 |     - |    LP  |   0 | 130 |1760 |1760 |   0 |  0 |   0 |   0 |-1.422458e+02 |-1.422458e+02 |   0.00%| unknown
  0.3s|     1 |     0 |   186 |     - |   107M |   0 | 130 |1760 |1760 |   0 |  0 |   0 |   0 |-1.422458e+02 |-1.422458e+02 |   0.00%| unknown

SCIP Status        : problem is solved [optimal solution found]
Solving Time (sec) : 0.33
Solving Nodes      : 1
Primal Bound       : -1.42245833333333e+02 (3 solutions)
Dual Bound         : -1.42245833333333e+02
Gap                : 0.00 %
feasible solution found by trivial heuristic after 0.0 seconds, objective value -1.000086e+06
presolving:
(round 1, fast)       0 del vars, 0 del conss, 0 add conss, 20 chg bounds, 0 chg sides, 0 chg coeffs, 0 upgd conss, 0 impls, 0 clqs, 0 implints
   (0.1s) running MILP presolver
   (0.1s) MILP presolver (2 rounds): 0 aggregations, 0 fixings, 0 bound changes
(round 2, medium)     0 del vars, 2320 del conss, 1760 add conss, 20 chg bounds, 0 chg sides, 0 chg coeffs, 0 upgd conss, 0 impls, 0 clqs, 0 implints
   (0.2s) probing: 51/120 (42.5%) - 0 fixings, 0 aggregations, 0 implications, 0 bound changes
   (0.2s) probing aborted: 50/50 successive totally useless probings
   (0.2s) symmetry computation started: requiring (bin +, int +, cont +), (fixed: bin -, int -, cont -)
   (0.3s) no symmetry present (symcode time: 0.00)
presolving (3 rounds: 3 fast, 2 medium, 1 exhaustive):
 0 deleted vars, 2320 deleted constraints, 1760 added constraints, 20 tightened bounds, 0 added holes, 0 changed sides, 0 changed coefficients
 0 implications, 0 cliques, 0 implied integral variables (0 bin, 0 int, 0 cont)
presolved problem has 130 variables (120 bin, 0 int, 10 cont) and 1760 constraints
   1760 constraints of type <linear>
Presolving Time: 0.29

 time | node  | left  |LP iter|LP it/n|mem/heur|mdpt |vars |cons |rows |cuts |sepa|confs|strbr|  dualbound   | primalbound  |  gap   | compl. 
t 0.3s|     1 |     0 |     0 |     - | trivial|   0 | 130 |1760 |   0 |   0 |  0 |   0 |   0 | 8.800000e+01 |-6.860000e+02 |    Inf | unknown
p 0.4s|     1 |     0 |    10 |     - |   locks|   0 | 130 |1760 |1760 |   0 |  0 |   0 |   0 | 8.800000e+01 |-2.445792e+02 |    Inf | unknown
* 0.4s|     1 |     0 |   196 |     - |    LP  |   0 | 130 |1760 |1760 |   0 |  0 |   0 |   0 |-1.422458e+02 |-1.422458e+02 |   0.00%| unknown
  0.4s|     1 |     0 |   196 |     - |   107M |   0 | 130 |1760 |1760 |   0 |  0 |   0 |   0 |-1.422458e+02 |-1.422458e+02 |   0.00%| unknown

SCIP Status        : problem is solved [optimal solution found]
Solving Time (sec) : 0.37
Solving Nodes      : 1
Primal Bound       : -1.42245833333333e+02 (4 solutions)
Dual Bound         : -1.42245833333333e+02
Gap                : 0.00 %
feasible solution found by trivial heuristic after 0.0 seconds, objective value 0.000000e+00
presolving:
   (0.0s) symmetry computation started: requiring (bin +, int +, cont +), (fixed: bin -, int -, cont -)
   (0.0s) symmetry computation finished: 9 generators found (max: 1500, log10 of symmetry group size: 6.56) (symcode time: 0.00)
dynamic symmetry handling statistics:
   orbitopal reduction:       no components
   orbital reduction:         no components
   lexicographic reduction:   no permutations
handled 1 out of 1 symmetry components
presolving (0 rounds: 0 fast, 0 medium, 0 exhaustive):
 0 deleted vars, 0 deleted constraints, 0 added constraints, 0 tightened bounds, 0 added holes, 0 changed sides, 0 changed coefficients
 0 implications, 0 cliques, 0 implied integral variables (0 bin, 0 int, 0 cont)
presolved problem has 130 variables (120 bin, 0 int, 10 cont) and 1129 constraints
   1129 constraints of type <linear>
Presolving Time: 0.00
transformed 2/2 original solutions to the transformed problem space

 time | node  | left  |LP iter|LP it/n|mem/heur|mdpt |vars |cons |rows |cuts |sepa|confs|strbr|  dualbound   | primalbound  |  gap   | compl. 
i 0.0s|     1 |     0 |     0 |     - |  oneopt|   0 | 130 |1120 |1120 |   0 |  0 |   1 |   0 | 8.800000e+01 | 5.600000e+01 |  57.14%| unknown
* 0.0s|     1 |     0 |    37 |     - |    LP  |   0 | 130 |1120 |1120 |   0 |  0 |   1 |   0 | 7.200000e+01 | 7.200000e+01 |   0.00%| unknown
  0.0s|     1 |     0 |    37 |     - |  6285k |   0 | 130 |1120 |1120 |   0 |  0 |   1 |   0 | 7.200000e+01 | 7.200000e+01 |   0.00%| unknown

SCIP Status        : problem is solved [optimal solution found]
Solving Time (sec) : 0.00
Solving Nodes      : 1
Primal Bound       : +7.20000000000000e+01 (5 solutions)
Dual Bound         : +7.20000000000000e+01
Gap                : 0.00 %
  [linear] <c1121>: <x121>[C] (+0) -0.5625<x1>[B] (+1) -0.5625<x2>[B] (+0) +0.5625<x3>[B] (+0) +0.5625<x4>[B] (+1) +0.5625<x5>[B] (+1) +0.5625<x6>[B] (+1) +0.5625<x7>[B] (+0) +0.5625<x8>[B] (+0) +0.5625<x9>[B] (+0) -0.5625<x10>[B] (+0) +0.5625<x11>[B] (+1) +0.5625<x12>[B] (+0) +0.5625<x13>[B] (+1) +0.5625<x14>[B] (+0) +0.5625<x15>[B] (+0) -0.5625<x16>[B] (+0) +0.5625<x17>[B] (+0) +0.5625<x18>[B] (+0) +0.5625<x19>[B] (+1) +0.5625<x20>[B] (+0) +0.5625<x21>[B] (+0) +0.5625<x22>[B] (+0) +0.5625<x23>[B] (+0) -0.5625<x24>[B] (+0) +0.5625<x25>[B] (+0) +0.5625<x26>[B] (+0) +0.5625<x27>[B] (+0) +0.5625<x28>[B] (+0) +0.5625<x29>[B] (+0) +0.5625<x30>[B] (+0) +0.5625<x31>[B] (+1) +0.5625<x32>[B] (+1) +0.5625<x33>[B] (+1) +0.5625<x34>[B] (+1) +0.5625<x35>[B] (+0) +0.5625<x36>[B] (+1) -0.5625<x37>[B] (+0) +0.5625<x38>[B] (+1) +0.5625<x39>[B] (+0) +0.5625<x40>[B] (+1) +0.5625<x41>[B] (+0) +0.5625<x42>[B] (+1) +0.5625<x43>[B] (+1) +0.5625<x44>[B] (+1) +0.5625<x45>[B] (+1) +0.5625<x46>[B] (+1) +0.5625<x47>[B] (+0) +0.5625<x48>[B] (+1) -0.5625<x49>[B] (+0) +0.5625<x50>[B] (+1) +0.5625<x51>[B] (+0) +0.5625<x52>[B] (+1) +0.5625<x53>[B] (+0) +0.5625<x54>[B] (+1) -0.5625<x55>[B] (+1) +0.5625<x56>[B] (+0) +0.5625<x57>[B] (+0) +0.5625<x58>[B] (+0) -0.5625<x59>[B] (+0) -0.5625<x60>[B] (+0) +0.5625<x61>[B] (+0) +0.5625<x62>[B] (+0) -0.5625<x63>[B] (+1) +0.5625<x64>[B] (+0) +0.5625<x65>[B] (+0) +0.5625<x66>[B] (+0) +0.5625<x67>[B] (+0) +0.5625<x68>[B] (+0) -0.5625<x69>[B] (+0) -0.5625<x70>[B] (+0) +0.5625<x71>[B] (+0) +0.5625<x72>[B] (+0) +0.5625<x73>[B] (+0) +0.5625<x74>[B] (+0) +0.5625<x75>[B] (+0) +0.5625<x76>[B] (+0) -0.5625<x77>[B] (+0) -0.5625<x78>[B] (+0) -0.5625<x79>[B] (+0) -0.5625<x80>[B] (+1) -0.5625<x81>[B] (+0) -0.5625<x82>[B] (+1) +0.5625<x83>[B] (+0) +0.5625<x84>[B] (+0) -0.5625<x85>[B] (+0) -0.5625<x86>[B] (+1) -0.5625<x87>[B] (+0) -0.5625<x88>[B] (+1) -0.5625<x89>[B] (+0) -0.5625<x90>[B] (+1) +0.5625<x91>[B] (+0) +0.5625<x92>[B] (+1) -0.5625<x93>[B] (+1) -0.5625<x94>[B] (+0) +0.5625<x95>[B] (+1) +0.5625<x96>[B] (+0) -0.5625<x97>[B] (+1) +0.5625<x98>[B] (+0) +0.5625<x99>[B] (+1) -0.5625<x100>[B] (+0) +0.5625<x101>[B] (+1) +0.5625<x102>[B] (+0) +0.5625<x103>[B] (+1) +0.5625<x104>[B] (+0) +0.5625<x105>[B] (+1) +0.5625<x106>[B] (+1) +0.5625<x107>[B] (+1) +0.5625<x108>[B] (+1) +0.5625<x109>[B] (+0) +0.5625<x110>[B] (+1) +0.5625<x111>[B] (+0) -0.5625<x112>[B] (+1) +0.5625<x113>[B] (+0) +0.5625<x114>[B] (+0) -0.5625<x115>[B] (+1) +0.5625<x116>[B] (+0) +0.5625<x117>[B] (+1) +0.5625<x118>[B] (+0) +0.5625<x119>[B] (+0) -0.5625<x120>[B] (+1) >= 30.5166666666667;
;
violation: left hand side is violated by 19.2666666666667
  [linear] <c1121>: <x121>[C] (+0) -0.5625<x1>[B] (+0) -0.5625<x2>[B] (+0) +0.5625<x3>[B] (+0) +0.5625<x4>[B] (+0) +0.5625<x5>[B] (+1) +0.5625<x6>[B] (+0) +0.5625<x7>[B] (+0) +0.5625<x8>[B] (+0) +0.5625<x9>[B] (+0) -0.5625<x10>[B] (+0) +0.5625<x11>[B] (+0) +0.5625<x12>[B] (+0) +0.5625<x13>[B] (+0) +0.5625<x14>[B] (+0) +0.5625<x15>[B] (+0) -0.5625<x16>[B] (+0) +0.5625<x17>[B] (+0) +0.5625<x18>[B] (+0) +0.5625<x19>[B] (+1) +0.5625<x20>[B] (+0) +0.5625<x21>[B] (+0) +0.5625<x22>[B] (+0) +0.5625<x23>[B] (+0) -0.5625<x24>[B] (+0) +0.5625<x25>[B] (+0) +0.5625<x26>[B] (+0) +0.5625<x27>[B] (+0) +0.5625<x28>[B] (+0) +0.5625<x29>[B] (+0) +0.5625<x30>[B] (+0) +0.5625<x31>[B] (+1) +0.5625<x32>[B] (+1) +0.5625<x33>[B] (+1) +0.5625<x34>[B] (+0) +0.5625<x35>[B] (+0) +0.5625<x36>[B] (+1) -0.5625<x37>[B] (+0) +0.5625<x38>[B] (+0) +0.5625<x39>[B] (+0) +0.5625<x40>[B] (+0) +0.5625<x41>[B] (+0) +0.5625<x42>[B] (+0) +0.5625<x43>[B] (+1) +0.5625<x44>[B] (+1) +0.5625<x45>[B] (+1) +0.5625<x46>[B] (+0) +0.5625<x47>[B] (+0) +0.5625<x48>[B] (+1) -0.5625<x49>[B] (+0) +0.5625<x50>[B] (+0) +0.5625<x51>[B] (+0) +0.5625<x52>[B] (+0) +0.5625<x53>[B] (+0) +0.5625<x54>[B] (+0) -0.5625<x55>[B] (+1) +0.5625<x56>[B] (+0) +0.5625<x57>[B] (+0) +0.5625<x58>[B] (+0) -0.5625<x59>[B] (+0) -0.5625<x60>[B] (+0) +0.5625<x61>[B] (+0) +0.5625<x62>[B] (+0) -0.5625<x63>[B] (+0) +0.5625<x64>[B] (+0) +0.5625<x65>[B] (+0) +0.5625<x66>[B] (+0) +0.5625<x67>[B] (+0) +0.5625<x68>[B] (+0) -0.5625<x69>[B] (+0) -0.5625<x70>[B] (+0) +0.5625<x71>[B] (+0) +0.5625<x72>[B] (+0) +0.5625<x73>[B] (+0) +0.5625<x74>[B] (+0) +0.5625<x75>[B] (+0) +0.5625<x76>[B] (+0) -0.5625<x77>[B] (+0) -0.5625<x78>[B] (+0) -0.5625<x79>[B] (+0) -0.5625<x80>[B] (+0) -0.5625<x81>[B] (+0) -0.5625<x82>[B] (+0) +0.5625<x83>[B] (+0) +0.5625<x84>[B] (+0) -0.5625<x85>[B] (+1) -0.5625<x86>[B] (+1) -0.5625<x87>[B] (+0) -0.5625<x88>[B] (+0) -0.5625<x89>[B] (+0) -0.5625<x90>[B] (+0) +0.5625<x91>[B] (+0) +0.5625<x92>[B] (+0) -0.5625<x93>[B] (+1) -0.5625<x94>[B] (+0) +0.5625<x95>[B] (+0) +0.5625<x96>[B] (+0) -0.5625<x97>[B] (+0) +0.5625<x98>[B] (+0) +0.5625<x99>[B] (+0) -0.5625<x100>[B] (+0) +0.5625<x101>[B] (+0) +0.5625<x102>[B] (+0) +0.5625<x103>[B] (+0) +0.5625<x104>[B] (+0) +0.5625<x105>[B] (+0) +0.5625<x106>[B] (+0) +0.5625<x107>[B] (+1) +0.5625<x108>[B] (+1) +0.5625<x109>[B] (+0) +0.5625<x110>[B] (+0) +0.5625<x111>[B] (+1) -0.5625<x112>[B] (+1) +0.5625<x113>[B] (+0) +0.5625<x114>[B] (+0) -0.5625<x115>[B] (+1) +0.5625<x116>[B] (+0) +0.5625<x117>[B] (+0) +0.5625<x118>[B] (+0) +0.5625<x119>[B] (+0) -0.5625<x120>[B] (+1) >= 30.5166666666667;
;
violation: left hand side is violated by 27.1416666666667
  [linear] <c1121>: <x121>[C] (+0) -0.5625<x1>[B] (+0) -0.5625<x2>[B] (+0) +0.5625<x3>[B] (+0) +0.5625<x4>[B] (+0) +0.5625<x5>[B] (+0) +0.5625<x6>[B] (+0) +0.5625<x7>[B] (+0) +0.5625<x8>[B] (+0) +0.5625<x9>[B] (+0) -0.5625<x10>[B] (+0) +0.5625<x11>[B] (+0) +0.5625<x12>[B] (+0) +0.5625<x13>[B] (+0) +0.5625<x14>[B] (+0) +0.5625<x15>[B] (+0) -0.5625<x16>[B] (+0) +0.5625<x17>[B] (+0) +0.5625<x18>[B] (+0) +0.5625<x19>[B] (+0) +0.5625<x20>[B] (+0) +0.5625<x21>[B] (+0) +0.5625<x22>[B] (+0) +0.5625<x23>[B] (+0) -0.5625<x24>[B] (+0) +0.5625<x25>[B] (+0) +0.5625<x26>[B] (+0) +0.5625<x27>[B] (+0) +0.5625<x28>[B] (+0) +0.5625<x29>[B] (+0) +0.5625<x30>[B] (+0) +0.5625<x31>[B] (+0) +0.5625<x32>[B] (+0) +0.5625<x33>[B] (+0) +0.5625<x34>[B] (+0) +0.5625<x35>[B] (+0) +0.5625<x36>[B] (+0) -0.5625<x37>[B] (+0) +0.5625<x38>[B] (+0) +0.5625<x39>[B] (+0) +0.5625<x40>[B] (+0) +0.5625<x41>[B] (+0) +0.5625<x42>[B] (+0) +0.5625<x43>[B] (+0) +0.5625<x44>[B] (+0) +0.5625<x45>[B] (+0) +0.5625<x46>[B] (+0) +0.5625<x47>[B] (+0) +0.5625<x48>[B] (+0) -0.5625<x49>[B] (+0) +0.5625<x50>[B] (+0) +0.5625<x51>[B] (+0) +0.5625<x52>[B] (+0) +0.5625<x53>[B] (+0) +0.5625<x54>[B] (+0) -0.5625<x55>[B] (+0) +0.5625<x56>[B] (+0) +0.5625<x57>[B] (+0) +0.5625<x58>[B] (+0) -0.5625<x59>[B] (+0) -0.5625<x60>[B] (+0) +0.5625<x61>[B] (+0) +0.5625<x62>[B] (+0) -0.5625<x63>[B] (+0) +0.5625<x64>[B] (+0) +0.5625<x65>[B] (+0) +0.5625<x66>[B] (+0) +0.5625<x67>[B] (+0) +0.5625<x68>[B] (+0) -0.5625<x69>[B] (+0) -0.5625<x70>[B] (+0) +0.5625<x71>[B] (+0) +0.5625<x72>[B] (+0) +0.5625<x73>[B] (+0) +0.5625<x74>[B] (+0) +0.5625<x75>[B] (+0) +0.5625<x76>[B] (+0) -0.5625<x77>[B] (+0) -0.5625<x78>[B] (+0) -0.5625<x79>[B] (+0) -0.5625<x80>[B] (+0) -0.5625<x81>[B] (+0) -0.5625<x82>[B] (+0) +0.5625<x83>[B] (+0) +0.5625<x84>[B] (+0) -0.5625<x85>[B] (+0) -0.5625<x86>[B] (+0) -0.5625<x87>[B] (+0) -0.5625<x88>[B] (+0) -0.5625<x89>[B] (+0) -0.5625<x90>[B] (+0) +0.5625<x91>[B] (+0) +0.5625<x92>[B] (+0) -0.5625<x93>[B] (+0) -0.5625<x94>[B] (+0) +0.5625<x95>[B] (+0) +0.5625<x96>[B] (+0) -0.5625<x97>[B] (+0) +0.5625<x98>[B] (+0) +0.5625<x99>[B] (+0) -0.5625<x100>[B] (+0) +0.5625<x101>[B] (+0) +0.5625<x102>[B] (+0) +0.5625<x103>[B] (+0) +0.5625<x104>[B] (+0) +0.5625<x105>[B] (+0) +0.5625<x106>[B] (+0) +0.5625<x107>[B] (+0) +0.5625<x108>[B] (+0) +0.5625<x109>[B] (+0) +0.5625<x110>[B] (+0) +0.5625<x111>[B] (+0) -0.5625<x112>[B] (+0) +0.5625<x113>[B] (+0) +0.5625<x114>[B] (+0) -0.5625<x115>[B] (+0) +0.5625<x116>[B] (+0) +0.5625<x117>[B] (+0) +0.5625<x118>[B] (+0) +0.5625<x119>[B] (+0) -0.5625<x120>[B] (+0) >= 30.5166666666667;
;
violation: left hand side is violated by 30.5166666666667
  [linear] <c1122>: <x122>[C] (+0) -0.6125<x1>[B] (+1) -0.6125<x2>[B] (+1) -0.6125<x3>[B] (+1) -0.6125<x4>[B] (+1) -0.6125<x5>[B] (+1) -0.6125<x6>[B] (+1) -0.6125<x7>[B] (+1) +0.6125<x8>[B] (+1) -0.6125<x9>[B] (+1) +0.6125<x10>[B] (+1) -0.6125<x11>[B] (+1) -0.6125<x12>[B] (+1) -0.6125<x13>[B] (+1) +0.6125<x14>[B] (+1) -0.6125<x15>[B] (+1) -0.6125<x16>[B] (+1) +0.6125<x17>[B] (+1) +0.6125<x18>[B] (+1) +0.6125<x19>[B] (+1) +0.6125<x20>[B] (+1) -0.6125<x21>[B] (+1) +0.6125<x22>[B] (+1) +0.6125<x23>[B] (+1) +0.6125<x24>[B] (+1) +0.6125<x25>[B] (+1) +0.6125<x26>[B] (+1) +0.6125<x27>[B] (+1) +0.6125<x28>[B] (+1) -0.6125<x29>[B] (+1) +0.6125<x30>[B] (+1) +0.6125<x31>[B] (+1) +0.6125<x32>[B] (+1) +0.6125<x33>[B] (+1) -0.6125<x34>[B] (+1) +0.6125<x35>[B] (+1) +0.6125<x36>[B] (+1) +0.6125<x37>[B] (+1) +0.6125<x38>[B] (+1) +0.6125<x39>[B] (+1) +0.6125<x40>[B] (+1) +0.6125<x41>[B] (+1) -0.6125<x42>[B] (+1) -0.6125<x43>[B] (+1) -0.6125<x44>[B] (+1) -0.6125<x45>[B] (+1) -0.6125<x46>[B] (+1) +0.6125<x47>[B] (+1) -0.6125<x48>[B] (+1) +0.6125<x49>[B] (+1) -0.6125<x50>[B] (+1) -0.6125<x51>[B] (+1) -0.6125<x52>[B] (+1) +0.6125<x53>[B] (+1) -0.6125<x54>[B] (+1) +0.6125<x55>[B] (+1) -0.6125<x56>[B] (+1) -0.6125<x57>[B] (+1) +0.6125<x58>[B] (+1) +0.6125<x59>[B] (+1) +0.6125<x60>[B] (+1) +0.6125<x61>[B] (+1) +0.6125<x62>[B] (+1) +0.6125<x63>[B] (+1) +0.6125<x64>[B] (+1) -0.6125<x65>[B] (+1) -0.6125<x66>[B] (+1) -0.6125<x67>[B] (+1) +0.6125<x68>[B] (+1) -0.6125<x69>[B] (+1) +0.6125<x70>[B] (+1) -0.6125<x71>[B] (+1) -0.6125<x72>[B] (+1) -0.6125<x73>[B] (+1) +0.6125<x74>[B] (+1) -0.6125<x75>[B] (+1) -0.6125<x76>[B] (+1) +0.6125<x77>[B] (+1) +0.6125<x78>[B] (+1) +0.6125<x79>[B] (+1) +0.6125<x80>[B] (+1) +0.6125<x81>[B] (+1) +0.6125<x82>[B] (+1) +0.6125<x83>[B] (+1) -0.6125<x84>[B] (+1) +0.6125<x85>[B] (+1) +0.6125<x86>[B] (+1) +0.6125<x87>[B] (+1) +0.6125<x88>[B] (+1) +0.6125<x89>[B] (+1) +0.6125<x90>[B] (+1) +0.6125<x91>[B] (+1) -0.6125<x92>[B] (+1) -0.6125<x93>[B] (+1) -0.6125<x94>[B] (+1) -0.6125<x95>[B] (+1) -0.6125<x96>[B] (+1) -0.6125<x97>[B] (+1) -0.6125<x98>[B] (+1) -0.6125<x99>[B] (+1) +0.6125<x100>[B] (+1) +0.6125<x101>[B] (+1) -0.6125<x102>[B] (+1) +0.6125<x103>[B] (+1) +0.6125<x104>[B] (+1) -0.6125<x105>[B] (+1) -0.6125<x106>[B] (+1) -0.6125<x107>[B] (+1) -0.6125<x108>[B] (+1) +0.6125<x109>[B] (+1) -0.6125<x110>[B] (+1) -0.6125<x111>[B] (+1) -0.6125<x112>[B] (+1) +0.6125<x113>[B] (+1) -0.6125<x114>[B] (+1) +0.6125<x115>[B] (+1) +0.6125<x116>[B] (+1) -0.6125<x117>[B] (+1) +0.6125<x118>[B] (+1) -0.6125<x119>[B] (+1) -0.6125<x120>[B] (+1) >= 15.4666666666667;
;
violation: left hand side is violated by 13.0166666666667
1/5 feasible solution given by solution candidate storage, new primal bound -1.000086e+06

presolving:
   (0.0s) symmetry computation started: requiring (bin +, int +, cont +), (fixed: bin -, int -, cont -)
   (0.0s) no symmetry present (symcode time: 0.00)
presolving (0 rounds: 0 fast, 0 medium, 0 exhaustive):
 0 deleted vars, 0 deleted constraints, 0 added constraints, 0 tightened bounds, 0 added holes, 0 changed sides, 0 changed coefficients
 0 implications, 0 cliques, 0 implied integral variables (0 bin, 0 int, 0 cont)
presolved problem has 130 variables (120 bin, 0 int, 10 cont) and 1130 constraints
   1130 constraints of type <linear>
Presolving Time: 0.00
transformed 1/1 original solutions to the transformed problem space

 time | node  | left  |LP iter|LP it/n|mem/heur|mdpt |vars |cons |rows |cuts |sepa|confs|strbr|  dualbound   | primalbound  |  gap   | compl. 
p 0.0s|     1 |     0 |     1 |     - |   locks|   0 | 130 |1130 |1130 |   0 |  0 |   0 |   0 | 8.800000e+01 |-2.204042e+02 |    Inf | unknown
* 0.0s|     1 |     0 |    97 |     - |    LP  |   0 | 130 |1130 |1130 |   0 |  0 |   0 |   0 |-1.419958e+02 |-1.419958e+02 |   0.00%| unknown
  0.0s|     1 |     0 |    97 |     - |  6984k |   0 | 130 |1130 |1130 |   0 |  0 |   0 |   0 |-1.419958e+02 |-1.419958e+02 |   0.00%| unknown

SCIP Status        : problem is solved [optimal solution found]
Solving Time (sec) : 0.01
Solving Nodes      : 1
Primal Bound       : -1.41995833333333e+02 (4 solutions)
Dual Bound         : -1.41995833333333e+02
Gap                : 0.00 %
  [linear] <c1131>: <x121>[C] (+22.0791667) -0.604166667<x1>[B] (+1) -0.604166667<x2>[B] (+1) +0.604166667<x3>[B] (+0) +0.604166667<x4>[B] (+1) +0.604166667<x5>[B] (+1) +0.604166667<x6>[B] (+1) +0.604166667<x7>[B] (+0) +0.604166667<x8>[B] (+1) +0.604166667<x9>[B] (+1) -0.604166667<x10>[B] (+0) +0.604166667<x11>[B] (+1) +0.604166667<x12>[B] (+0) +0.604166667<x13>[B] (+1) +0.604166667<x14>[B] (+0) +0.604166667<x15>[B] (+1) -0.604166667<x16>[B] (+0) +0.604166667<x17>[B] (+0) +0.604166667<x18>[B] (+0) +0.604166667<x19>[B] (+0) +0.604166667<x20>[B] (+0) +0.604166667<x21>[B] (+0) +0.604166667<x22>[B] (+0) +0.604166667<x23>[B] (+0) -0.604166667<x24>[B] (+0) +0.604166667<x25>[B] (+0) +0.604166667<x26>[B] (+0) +0.604166667<x27>[B] (+0) +0.604166667<x28>[B] (+0) +0.604166667<x29>[B] (+0) +0.604166667<x30>[B] (+0) +0.604166667<x31>[B] (+1) +0.604166667<x32>[B] (+1) +0.604166667<x33>[B] (+1) +0.604166667<x34>[B] (+0) +0.604166667<x35>[B] (+0) +0.604166667<x36>[B] (+1) -0.604166667<x37>[B] (+0) +0.604166667<x38>[B] (+1) +0.604166667<x39>[B] (+0) +0.604166667<x40>[B] (+1) +0.604166667<x41>[B] (+0) +0.604166667<x42>[B] (+1) +0.604166667<x43>[B] (+1) +0.604166667<x44>[B] (+1) +0.604166667<x45>[B] (+1) +0.604166667<x46>[B] (+1) +0.604166667<x47>[B] (+1) +0.604166667<x48>[B] (+1) -0.604166667<x49>[B] (+0) +0.604166667<x50>[B] (+1) +0.604166667<x51>[B] (+1) +0.604166667<x52>[B] (+1) +0.604166667<x53>[B] (+0) +0.604166667<x54>[B] (+1) -0.604166667<x55>[B] (+1) +0.604166667<x56>[B] (+0) +0.604166667<x57>[B] (+0) +0.604166667<x58>[B] (+0) -0.604166667<x59>[B] (+1) -0.604166667<x60>[B] (+0) +0.604166667<x61>[B] (+0) +0.604166667<x62>[B] (+0) -0.604166667<x63>[B] (+1) +0.604166667<x64>[B] (+0) +0.604166667<x65>[B] (+0) +0.604166667<x66>[B] (+0) +0.604166667<x67>[B] (+0) +0.604166667<x68>[B] (+0) -0.604166667<x69>[B] (+1) -0.604166667<x70>[B] (+0) +0.604166667<x71>[B] (+0) +0.604166667<x72>[B] (+0) +0.604166667<x73>[B] (+0) +0.604166667<x74>[B] (+0) +0.604166667<x75>[B] (+0) +0.604166667<x76>[B] (+0) -0.604166667<x77>[B] (+0) -0.604166667<x78>[B] (+1) -0.604166667<x79>[B] (+0) -0.604166667<x80>[B] (+1) -0.604166667<x81>[B] (+0) -0.604166667<x82>[B] (+1) +0.604166667<x83>[B] (+0) +0.604166667<x84>[B] (+0) -0.604166667<x85>[B] (+1) -0.604166667<x86>[B] (+1) -0.604166667<x87>[B] (+0) -0.604166667<x88>[B] (+1) -0.604166667<x89>[B] (+0) -0.604166667<x90>[B] (+1) +0.604166667<x91>[B] (+0) +0.604166667<x92>[B] (+1) -0.604166667<x93>[B] (+1) -0.604166667<x94>[B] (+0) +0.604166667<x95>[B] (+1) +0.604166667<x96>[B] (+0) -0.604166667<x97>[B] (+1) +0.604166667<x98>[B] (+0) +0.604166667<x99>[B] (+1) -0.604166667<x100>[B] (+0) +0.604166667<x101>[B] (+0) +0.604166667<x102>[B] (+0) +0.604166667<x103>[B] (+0) +0.604166667<x104>[B] (+0) +0.604166667<x105>[B] (+0) +0.604166667<x106>[B] (+1) +0.604166667<x107>[B] (+1) +0.604166667<x108>[B] (+1) +0.604166667<x109>[B] (+0) +0.604166667<x110>[B] (+1) +0.604166667<x111>[B] (+0) -0.604166667<x112>[B] (+1) +0.604166667<x113>[B] (+0) +0.604166667<x114>[B] (+0) -0.604166667<x115>[B] (+1) +0.604166667<x116>[B] (+0) +0.604166667<x117>[B] (+1) +0.604166667<x118>[B] (+0) +0.604166667<x119>[B] (+0) -0.604166667<x120>[B] (+1) >= 31.2666666666667;
;
violation: left hand side is violated by 0.124999999999986
  [linear] <c1133>: <x123>[C] (+14.4958333) +0.4875<x1>[B] (+1) -0.4875<x2>[B] (+1) +0.4875<x3>[B] (+1) +0.4875<x4>[B] (+0) -0.4875<x5>[B] (+0) -0.4875<x6>[B] (+0) +0.4875<x7>[B] (+1) -0.4875<x8>[B] (+1) +0.4875<x9>[B] (+1) -0.4875<x10>[B] (+1) -0.4875<x11>[B] (+1) +0.4875<x12>[B] (+1) +0.4875<x13>[B] (+1) -0.4875<x14>[B] (+1) -0.4875<x15>[B] (+1) -0.4875<x16>[B] (+0) +0.4875<x17>[B] (+1) +0.4875<x18>[B] (+0) -0.4875<x19>[B] (+0) -0.4875<x20>[B] (+0) +0.4875<x21>[B] (+1) -0.4875<x22>[B] (+1) +0.4875<x23>[B] (+0) -0.4875<x24>[B] (+1) -0.4875<x25>[B] (+1) +0.4875<x26>[B] (+1) +0.4875<x27>[B] (+1) -0.4875<x28>[B] (+1) -0.4875<x29>[B] (+1) +0.4875<x30>[B] (+1) +0.4875<x31>[B] (+0) -0.4875<x32>[B] (+0) -0.4875<x33>[B] (+0) +0.4875<x34>[B] (+1) +0.4875<x35>[B] (+1) +0.4875<x36>[B] (+0) -0.4875<x37>[B] (+1) -0.4875<x38>[B] (+1) +0.4875<x39>[B] (+1) +0.4875<x40>[B] (+1) -0.4875<x41>[B] (+1) -0.4875<x42>[B] (+1) +0.4875<x43>[B] (+0) -0.4875<x44>[B] (+0) -0.4875<x45>[B] (+0) +0.4875<x46>[B] (+0) -0.4875<x47>[B] (+0) +0.4875<x48>[B] (+0) -0.4875<x49>[B] (+0) -0.4875<x50>[B] (+0) -0.4875<x51>[B] (+0) -0.4875<x52>[B] (+0) -0.4875<x53>[B] (+1) -0.4875<x54>[B] (+0) -0.4875<x55>[B] (+0) -0.4875<x56>[B] (+1) +0.4875<x57>[B] (+1) -0.4875<x58>[B] (+1) -0.4875<x59>[B] (+1) -0.4875<x60>[B] (+1) -0.4875<x61>[B] (+1) -0.4875<x62>[B] (+1) -0.4875<x63>[B] (+1) -0.4875<x64>[B] (+1) -0.4875<x65>[B] (+1) +0.4875<x66>[B] (+1) +0.4875<x67>[B] (+1) +0.4875<x68>[B] (+1) +0.4875<x69>[B] (+1) -0.4875<x70>[B] (+1) +0.4875<x71>[B] (+1) +0.4875<x72>[B] (+1) +0.4875<x73>[B] (+1) +0.4875<x74>[B] (+1) +0.4875<x75>[B] (+1) +0.4875<x76>[B] (+1) +0.4875<x77>[B] (+1) +0.4875<x78>[B] (+1) -0.4875<x79>[B] (+1) -0.4875<x80>[B] (+1) +0.4875<x81>[B] (+1) +0.4875<x82>[B] (+1) -0.4875<x83>[B] (+1) +0.4875<x84>[B] (+1) -0.4875<x85>[B] (+0) -0.4875<x86>[B] (+0) -0.4875<x87>[B] (+0) -0.4875<x88>[B] (+0) -0.4875<x89>[B] (+0) -0.4875<x90>[B] (+0) -0.4875<x91>[B] (+1) -0.4875<x92>[B] (+0) +0.4875<x93>[B] (+0) -0.4875<x94>[B] (+0) -0.4875<x95>[B] (+0) +0.4875<x96>[B] (+0) +0.4875<x97>[B] (+0) -0.4875<x98>[B] (+1) -0.4875<x99>[B] (+0) -0.4875<x100>[B] (+1) -0.4875<x101>[B] (+1) -0.4875<x102>[B] (+1) -0.4875<x103>[B] (+1) -0.4875<x104>[B] (+1) -0.4875<x105>[B] (+1) +0.4875<x106>[B] (+1) +0.4875<x107>[B] (+0) +0.4875<x108>[B] (+0) +0.4875<x109>[B] (+1) +0.4875<x110>[B] (+1) +0.4875<x111>[B] (+0) +0.4875<x112>[B] (+0) -0.4875<x113>[B] (+1) +0.4875<x114>[B] (+1) +0.4875<x115>[B] (+0) -0.4875<x116>[B] (+1) -0.4875<x117>[B] (+1) -0.4875<x118>[B] (+1) -0.4875<x119>[B] (+1) +0.4875<x120>[B] (+0) >= 11.0916666666667;
;
violation: left hand side is violated by 0.00833333333333641
2/4 feasible solutions given by solution candidate storage, new primal bound -1.000086e+06

presolving:
   (0.0s) symmetry computation started: requiring (bin +, int +, cont +), (fixed: bin -, int -, cont -)
   (0.0s) no symmetry present (symcode time: 0.00)
presolving (0 rounds: 0 fast, 0 medium, 0 exhaustive):
 0 deleted vars, 0 deleted constraints, 0 added constraints, 0 tightened bounds, 0 added holes, 0 changed sides, 0 changed coefficients
 0 implications, 0 cliques, 0 implied integral variables (0 bin, 0 int, 0 cont)
presolved problem has 130 variables (120 bin, 0 int, 10 cont) and 1140 constraints
   1140 constraints of type <linear>
Presolving Time: 0.00
transformed 2/2 original solutions to the transformed problem space

 time | node  | left  |LP iter|LP it/n|mem/heur|mdpt |vars |cons |rows |cuts |sepa|confs|strbr|  dualbound   | primalbound  |  gap   | compl. 
p 0.0s|     1 |     0 |     1 |     - |   locks|   0 | 130 |1140 |1140 |   0 |  0 |   0 |   0 | 8.800000e+01 |-2.296708e+02 |    Inf | unknown
  0.0s|     1 |     0 |   102 |     - |  7879k |   0 | 130 |1140 |1140 |   0 |  0 |   0 |   0 |-1.420583e+02 |-2.296708e+02 |  61.67%| unknown
r 0.0s|     1 |     0 |   102 |     - |shifting|   0 | 130 |1140 |1140 |   0 |  0 |   0 |   0 |-1.420583e+02 |-1.521935e+02 |   7.13%| unknown
  0.0s|     1 |     0 |   111 |     - |  8079k |   0 | 130 |1140 |1141 |   1 |  1 |   0 |   0 |-1.420847e+02 |-1.521935e+02 |   7.11%| unknown
r 0.0s|     1 |     0 |   111 |     - |shifting|   0 | 130 |1140 |1141 |   1 |  1 |   0 |   0 |-1.420847e+02 |-1.502236e+02 |   5.73%| unknown
  0.0s|     1 |     0 |   111 |     - |  8089k |   0 | 130 |1140 |1141 |   1 |  1 |   0 |   0 |-1.420847e+02 |-1.502236e+02 |   5.73%| unknown
  0.0s|     1 |     0 |   112 |     - |  8199k |   0 | 130 |1140 |1142 |   2 |  2 |   0 |   0 |-1.420875e+02 |-1.502236e+02 |   5.73%| unknown
d 0.0s|     1 |     0 |   112 |     - |farkasdi|   0 | 130 |1140 |1142 |   0 |  3 |   0 |   0 |-1.420875e+02 |-1.420875e+02 |   0.00%| unknown
  0.0s|     1 |     0 |   112 |     - |  8209k |   0 | 130 |1140 |1142 |   2 |  3 |   0 |   0 |-1.420875e+02 |-1.420875e+02 |   0.00%| unknown

SCIP Status        : problem is solved [optimal solution found]
Solving Time (sec) : 0.04
Solving Nodes      : 1
Primal Bound       : -1.42087500000000e+02 (6 solutions)
Dual Bound         : -1.42087500000000e+02
Gap                : 0.00 %
  [linear] <c1141>: <x122>[C] (+21.5916667) -0.595833333<x1>[B] (+1) -0.595833333<x2>[B] (+3.42392781e-13) -0.595833333<x3>[B] (+0) -0.595833333<x4>[B] (+1) -0.595833333<x5>[B] (+1) -0.595833333<x6>[B] (+1) -0.595833333<x7>[B] (+0) +0.595833333<x8>[B] (+3.42392781e-13) -0.595833333<x9>[B] (+3.42392781e-13) +0.595833333<x10>[B] (+0) -0.595833333<x11>[B] (+1) -0.595833333<x12>[B] (+0) -0.595833333<x13>[B] (+1) +0.595833333<x14>[B] (+0) -0.595833333<x15>[B] (+3.42392781e-13) -0.595833333<x16>[B] (+0) +0.595833333<x17>[B] (+0) +0.595833333<x18>[B] (+0) +0.595833333<x19>[B] (+1) +0.595833333<x20>[B] (+0) -0.595833333<x21>[B] (+0) +0.595833333<x22>[B] (+0) +0.595833333<x23>[B] (+0) +0.595833333<x24>[B] (+0) +0.595833333<x25>[B] (+0) +0.595833333<x26>[B] (+0) +0.595833333<x27>[B] (+0) +0.595833333<x28>[B] (+0) -0.595833333<x29>[B] (+0) +0.595833333<x30>[B] (+0) +0.595833333<x31>[B] (+1) +0.595833333<x32>[B] (+1) +0.595833333<x33>[B] (+1) -0.595833333<x34>[B] (+0) +0.595833333<x35>[B] (+0) +0.595833333<x36>[B] (+1) +0.595833333<x37>[B] (+0) +0.595833333<x38>[B] (+1) +0.595833333<x39>[B] (+0) +0.595833333<x40>[B] (+1) +0.595833333<x41>[B] (+0) -0.595833333<x42>[B] (+1) -0.595833333<x43>[B] (+1) -0.595833333<x44>[B] (+1) -0.595833333<x45>[B] (+1) -0.595833333<x46>[B] (+1) +0.595833333<x47>[B] (+1) -0.595833333<x48>[B] (+1) +0.595833333<x49>[B] (+0) -0.595833333<x50>[B] (+1) -0.595833333<x51>[B] (+1) -0.595833333<x52>[B] (+1) +0.595833333<x53>[B] (+0) -0.595833333<x54>[B] (+1) +0.595833333<x55>[B] (+1) -0.595833333<x56>[B] (+3.42392781e-13) -0.595833333<x57>[B] (+0) +0.595833333<x58>[B] (+0) +0.595833333<x59>[B] (+3.42392781e-13) +0.595833333<x60>[B] (+0) +0.595833333<x61>[B] (+0) +0.595833333<x62>[B] (+0) +0.595833333<x63>[B] (+1) +0.595833333<x64>[B] (+0) -0.595833333<x65>[B] (+0) -0.595833333<x66>[B] (+0) -0.595833333<x67>[B] (+0) +0.595833333<x68>[B] (+0) -0.595833333<x69>[B] (+0) +0.595833333<x70>[B] (+0) -0.595833333<x71>[B] (+0) -0.595833333<x72>[B] (+0) -0.595833333<x73>[B] (+0) +0.595833333<x74>[B] (+0) -0.595833333<x75>[B] (+0) -0.595833333<x76>[B] (+0) +0.595833333<x77>[B] (+0) +0.595833333<x78>[B] (+0) +0.595833333<x79>[B] (+0) +0.595833333<x80>[B] (+1) +0.595833333<x81>[B] (+0) +0.595833333<x82>[B] (+1) +0.595833333<x83>[B] (+0) -0.595833333<x84>[B] (+0) +0.595833333<x85>[B] (+1) +0.595833333<x86>[B] (+1) +0.595833333<x87>[B] (+0) +0.595833333<x88>[B] (+1) +0.595833333<x89>[B] (+0) +0.595833333<x90>[B] (+1) +0.595833333<x91>[B] (+0) -0.595833333<x92>[B] (+1) -0.595833333<x93>[B] (+1) -0.595833333<x94>[B] (+0) -0.595833333<x95>[B] (+1) -0.595833333<x96>[B] (+0) -0.595833333<x97>[B] (+1) -0.595833333<x98>[B] (+0) -0.595833333<x99>[B] (+1) +0.595833333<x100>[B] (+0) +0.595833333<x101>[B] (+1) -0.595833333<x102>[B] (+0) +0.595833333<x103>[B] (+1) +0.595833333<x104>[B] (+0) -0.595833333<x105>[B] (+1) -0.595833333<x106>[B] (+1) -0.595833333<x107>[B] (+1) -0.595833333<x108>[B] (+1) +0.595833333<x109>[B] (+0) -0.595833333<x110>[B] (+1) -0.595833333<x111>[B] (+0) -0.595833333<x112>[B] (+1) +0.595833333<x113>[B] (+0) -0.595833333<x114>[B] (+0) +0.595833333<x115>[B] (+1) +0.595833333<x116>[B] (+0) -0.595833333<x117>[B] (+1) +0.595833333<x118>[B] (+0) -0.595833333<x119>[B] (+0) -0.595833333<x120>[B] (+1) >= 15.6416666666667;
;
violation: left hand side is violated by 0.0083333333332849
  [linear] <c1144>: <x127>[C] (+21.55) +0.6125<x1>[B] (+1) +0.6125<x2>[B] (+0) +0.6125<x3>[B] (+0) +0.6125<x4>[B] (+1) +0.6125<x5>[B] (+1) -0.6125<x6>[B] (+1) +0.6125<x7>[B] (+0) +0.6125<x8>[B] (+0) +0.6125<x9>[B] (+1) +0.6125<x10>[B] (+0) -0.6125<x11>[B] (+1) +0.6125<x12>[B] (+0) -0.6125<x13>[B] (+1) -0.6125<x14>[B] (+0) +0.6125<x15>[B] (+0) -0.6125<x16>[B] (+0) -0.6125<x17>[B] (+0) -0.6125<x18>[B] (+0) -0.6125<x19>[B] (+1) -0.6125<x20>[B] (+0) -0.6125<x21>[B] (+0) +0.6125<x22>[B] (+0) -0.6125<x23>[B] (+0) -0.6125<x24>[B] (+0) -0.6125<x25>[B] (+0) -0.6125<x26>[B] (+0) -0.6125<x27>[B] (+0) -0.6125<x28>[B] (+0) -0.6125<x29>[B] (+0) +0.6125<x30>[B] (+0) -0.6125<x31>[B] (+1) +0.6125<x32>[B] (+1) -0.6125<x33>[B] (+1) +0.6125<x34>[B] (+0) +0.6125<x35>[B] (+0) -0.6125<x36>[B] (+1) +0.6125<x37>[B] (+0) -0.6125<x38>[B] (+1) +0.6125<x39>[B] (+0) -0.6125<x40>[B] (+1) -0.6125<x41>[B] (+0) -0.6125<x42>[B] (+1) -0.6125<x43>[B] (+1) +0.6125<x44>[B] (+1) -0.6125<x45>[B] (+1) +0.6125<x46>[B] (+1) +0.6125<x47>[B] (+1) -0.6125<x48>[B] (+1) +0.6125<x49>[B] (+0) -0.6125<x50>[B] (+1) +0.6125<x51>[B] (+1) -0.6125<x52>[B] (+1) -0.6125<x53>[B] (+0) -0.6125<x54>[B] (+1) +0.6125<x55>[B] (+1) -0.6125<x56>[B] (+1) +0.6125<x57>[B] (+0) +0.6125<x58>[B] (+0) -0.6125<x59>[B] (+0) +0.6125<x60>[B] (+0) -0.6125<x61>[B] (+0) +0.6125<x62>[B] (+0) -0.6125<x63>[B] (+1) -0.6125<x64>[B] (+0) -0.6125<x65>[B] (+0) -0.6125<x66>[B] (+0) +0.6125<x67>[B] (+0) +0.6125<x68>[B] (+0) -0.6125<x69>[B] (+0) +0.6125<x70>[B] (+0) -0.6125<x71>[B] (+0) +0.6125<x72>[B] (+0) -0.6125<x73>[B] (+0) -0.6125<x74>[B] (+0) -0.6125<x75>[B] (+0) +0.6125<x76>[B] (+0) +0.6125<x77>[B] (+0) +0.6125<x78>[B] (+0) +0.6125<x79>[B] (+0) -0.6125<x80>[B] (+0) +0.6125<x81>[B] (+0) -0.6125<x82>[B] (+1) -0.6125<x83>[B] (+0) +0.6125<x84>[B] (+0) +0.6125<x85>[B] (+1) -0.6125<x86>[B] (+1) +0.6125<x87>[B] (+0) -0.6125<x88>[B] (+1) +0.6125<x89>[B] (+0) -0.6125<x90>[B] (+1) -0.6125<x91>[B] (+0) -0.6125<x92>[B] (+1) -0.6125<x93>[B] (+1) -0.6125<x94>[B] (+0) -0.6125<x95>[B] (+1) -0.6125<x96>[B] (+0) -0.6125<x97>[B] (+1) -0.6125<x98>[B] (+0) -0.6125<x99>[B] (+1) +0.6125<x100>[B] (+0) -0.6125<x101>[B] (+1) +0.6125<x102>[B] (+0) -0.6125<x103>[B] (+1) -0.6125<x104>[B] (+0) -0.6125<x105>[B] (+0) -0.6125<x106>[B] (+1) -0.6125<x107>[B] (+1) -0.6125<x108>[B] (+1) -0.6125<x109>[B] (+0) -0.6125<x110>[B] (+1) +0.6125<x111>[B] (+0) +0.6125<x112>[B] (+1) +0.6125<x113>[B] (+0) +0.6125<x114>[B] (+0) -0.6125<x115>[B] (+1) -0.6125<x116>[B] (+0) -0.6125<x117>[B] (+1) +0.6125<x118>[B] (+0) +0.6125<x119>[B] (+0) +0.6125<x120>[B] (+1) >= 8.11666666666667;
;
violation: left hand side is violated by 0.0416666666666892
  [linear] <c1141>: <x122>[C] (+9.95416667) -0.595833333<x1>[B] (+1) -0.595833333<x2>[B] (+1) -0.595833333<x3>[B] (+1) -0.595833333<x4>[B] (+1) -0.595833333<x5>[B] (+0) -0.595833333<x6>[B] (+0) -0.595833333<x7>[B] (+1) +0.595833333<x8>[B] (+1) -0.595833333<x9>[B] (+1) +0.595833333<x10>[B] (+1) -0.595833333<x11>[B] (+1) -0.595833333<x12>[B] (+1) -0.595833333<x13>[B] (+1) +0.595833333<x14>[B] (+1) -0.595833333<x15>[B] (+1) -0.595833333<x16>[B] (+0) +0.595833333<x17>[B] (+1) +0.595833333<x18>[B] (+1) +0.595833333<x19>[B] (+0) +0.595833333<x20>[B] (+0) -0.595833333<x21>[B] (+1) +0.595833333<x22>[B] (+1) +0.595833333<x23>[B] (+0) +0.595833333<x24>[B] (+1) +0.595833333<x25>[B] (+1) +0.595833333<x26>[B] (+1) +0.595833333<x27>[B] (+1) +0.595833333<x28>[B] (+1) -0.595833333<x29>[B] (+1) +0.595833333<x30>[B] (+1) +0.595833333<x31>[B] (+1) +0.595833333<x32>[B] (+0) +0.595833333<x33>[B] (+0) -0.595833333<x34>[B] (+1) +0.595833333<x35>[B] (+1) +0.595833333<x36>[B] (+0) +0.595833333<x37>[B] (+1) +0.595833333<x38>[B] (+1) +0.595833333<x39>[B] (+1) +0.595833333<x40>[B] (+1) +0.595833333<x41>[B] (+1) -0.595833333<x42>[B] (+1) -0.595833333<x43>[B] (+0) -0.595833333<x44>[B] (+0) -0.595833333<x45>[B] (+0) -0.595833333<x46>[B] (+0) +0.595833333<x47>[B] (+0) -0.595833333<x48>[B] (+0) +0.595833333<x49>[B] (+0) -0.595833333<x50>[B] (+0) -0.595833333<x51>[B] (+0) -0.595833333<x52>[B] (+0) +0.595833333<x53>[B] (+1) -0.595833333<x54>[B] (+0) +0.595833333<x55>[B] (+0) -0.595833333<x56>[B] (+0) -0.595833333<x57>[B] (+1) +0.595833333<x58>[B] (+1) +0.595833333<x59>[B] (+0) +0.595833333<x60>[B] (+1) +0.595833333<x61>[B] (+1) +0.595833333<x62>[B] (+1) +0.595833333<x63>[B] (+0) +0.595833333<x64>[B] (+1) -0.595833333<x65>[B] (+1) -0.595833333<x66>[B] (+1) -0.595833333<x67>[B] (+1) +0.595833333<x68>[B] (+1) -0.595833333<x69>[B] (+1) +0.595833333<x70>[B] (+1) -0.595833333<x71>[B] (+1) -0.595833333<x72>[B] (+1) -0.595833333<x73>[B] (+1) +0.595833333<x74>[B] (+1) -0.595833333<x75>[B] (+1) -0.595833333<x76>[B] (+1) +0.595833333<x77>[B] (+1) +0.595833333<x78>[B] (+1) +0.595833333<x79>[B] (+1) +0.595833333<x80>[B] (+1) +0.595833333<x81>[B] (+1) +0.595833333<x82>[B] (+1) +0.595833333<x83>[B] (+1) -0.595833333<x84>[B] (+1) +0.595833333<x85>[B] (+0) +0.595833333<x86>[B] (+0) +0.595833333<x87>[B] (+0) +0.595833333<x88>[B] (+1) +0.595833333<x89>[B] (+0) +0.595833333<x90>[B] (+0) +0.595833333<x91>[B] (+1) -0.595833333<x92>[B] (+1) -0.595833333<x93>[B] (+0) -0.595833333<x94>[B] (+0) -0.595833333<x95>[B] (+1) -0.595833333<x96>[B] (+0) -0.595833333<x97>[B] (+0) -0.595833333<x98>[B] (+1) -0.595833333<x99>[B] (+1) +0.595833333<x100>[B] (+1) +0.595833333<x101>[B] (+1) -0.595833333<x102>[B] (+1) +0.595833333<x103>[B] (+1) +0.595833333<x104>[B] (+1) -0.595833333<x105>[B] (+1) -0.595833333<x106>[B] (+1) -0.595833333<x107>[B] (+0) -0.595833333<x108>[B] (+0) +0.595833333<x109>[B] (+1) -0.595833333<x110>[B] (+1) -0.595833333<x111>[B] (+0) -0.595833333<x112>[B] (+0) +0.595833333<x113>[B] (+1) -0.595833333<x114>[B] (+1) +0.595833333<x115>[B] (+0) +0.595833333<x116>[B] (+1) -0.595833333<x117>[B] (+1) +0.595833333<x118>[B] (+1) -0.595833333<x119>[B] (+1) -0.595833333<x120>[B] (+0) >= 15.6416666666667;
;
violation: left hand side is violated by 0.324999999999992
3/6 feasible solutions given by solution candidate storage, new primal bound -1.521935e+02

presolving:
   (0.0s) symmetry computation started: requiring (bin +, int +, cont +), (fixed: bin -, int -, cont -)
   (0.0s) no symmetry present (symcode time: 0.00)
presolving (0 rounds: 0 fast, 0 medium, 0 exhaustive):
 0 deleted vars, 0 deleted constraints, 0 added constraints, 0 tightened bounds, 0 added holes, 0 changed sides, 0 changed coefficients
 0 implications, 0 cliques, 0 implied integral variables (0 bin, 0 int, 0 cont)
presolved problem has 130 variables (120 bin, 0 int, 10 cont) and 1145 constraints
   1145 constraints of type <linear>
Presolving Time: 0.00
transformed 3/3 original solutions to the transformed problem space

 time | node  | left  |LP iter|LP it/n|mem/heur|mdpt |vars |cons |rows |cuts |sepa|confs|strbr|  dualbound   | primalbound  |  gap   | compl. 
* 0.0s|     1 |     0 |   117 |     - |    LP  |   0 | 130 |1145 |1145 |   0 |  0 |   0 |   0 |-1.422458e+02 |-1.422458e+02 |   0.00%| unknown
  0.0s|     1 |     0 |   117 |     - |  8288k |   0 | 130 |1145 |1145 |   0 |  0 |   0 |   0 |-1.422458e+02 |-1.422458e+02 |   0.00%| unknown

SCIP Status        : problem is solved [optimal solution found]
Solving Time (sec) : 0.01
Solving Nodes      : 1
Primal Bound       : -1.42245833333333e+02 (5 solutions)
Dual Bound         : -1.42245833333333e+02
Gap                : 0.00 %
