Loading instance...
Median ranking: [2, 10, 1, 6, 3, 7, 14, 11, 16, 13, 5, 15, 4, 8, 12, 9]
Mean ranking: [2, 10, 1, 3, 7, 11, 6, 16, 14, 13, 5, 8, 15, 4, 12, 9]
Actual error: 0.0008714486352945361
Weighted Kendall distance: 67.0
Normalized distance: 0.04926470588235294
 add conss, 0 chg bounds, 0 chg sides, 0 chg coeffs, 0 upgd conss, 0 impls, 0 clqs, 0 implints
   (0.0s) symmetry computation started: requiring (bin +, int +, cont +), (fixed: bin -, int -, cont -)
   (0.0s) no symmetry present (symcode time: 0.00)
presolving (2 rounds: 2 fast, 2 medium, 1 exhaustive):
 0 deleted vars, 1120 deleted constraints, 560 added constraints, 0 tightened bounds, 0 added holes, 0 changed sides, 0 changed coefficients
 0 implications, 0 cliques, 0 implied integral variables (0 bin, 0 int, 0 cont)
presolved problem has 120 variables (0 bin, 0 int, 120 cont) and 560 constraints
    560 constraints of type <linear>
Presolving Time: 0.01
transformed 3/3 original solutions to the transformed problem space

 time | node  | left  |LP iter|LP it/n|mem/heur|mdpt |vars |cons |rows |cuts |sepa|confs|strbr|  dualbound   | primalbound  |  gap   | compl. 
* 0.0s|     1 |     0 |    16 |     - |    LP  |   0 | 120 | 560 | 560 |   0 |  0 |   0 |   0 | 5.640000e+02 | 5.640000e+02 |   0.00%| unknown
  0.0s|     1 |     0 |    16 |     - |  4088k |   0 | 120 | 560 | 560 |   0 |  0 |   0 |   0 | 5.640000e+02 | 5.640000e+02 |   0.00%| unknown

SCIP Status        : problem is solved [optimal solution found]
Solving Time (sec) : 0.01
Solving Nodes      : 1
Primal Bound       : +5.64000000000000e+02 (4 solutions)
Dual Bound         : +5.64000000000000e+02
Gap                : 0.00 %
feasible solution found by trivial heuristic after 0.0 seconds, objective value 3.280000e+02
presolving:
   (0.0s) running MILP presolver
   (0.0s) MILP presolver (2 rounds): 0 aggregations, 0 fixings, 0 bound changes
(round 1, medium)     0 del vars, 1120 del conss, 560 add conss, 0 chg bounds, 0 chg sides, 0 chg coeffs, 0 upgd conss, 0 impls, 0 clqs, 0 implints
   (0.0s) probing: 51/120 (42.5%) - 0 fixings, 0 aggregations, 0 implications, 0 bound changes
   (0.0s) probing aborted: 50/50 successive totally useless probings
   (0.0s) symmetry computation started: requiring (bin +, int +, cont +), (fixed: bin -, int -, cont -)
   (0.0s) no symmetry present (symcode time: 0.00)
presolving (2 rounds: 2 fast, 2 medium, 1 exhaustive):
 0 deleted vars, 1120 deleted constraints, 560 added constraints, 0 tightened bounds, 0 added holes, 0 changed sides, 0 changed coefficients
 0 implications, 0 cliques, 0 implied integral variables (0 bin, 0 int, 0 cont)
presolved problem has 120 variables (120 bin, 0 int, 0 cont) and 560 constraints
    560 constraints of type <linear>
transformed objective value is always integral (scale: 2)
Presolving Time: 0.01
transformed 2/2 original solutions to the transformed problem space

 time | node  | left  |LP iter|LP it/n|mem/heur|mdpt |vars |cons |rows |cuts |sepa|confs|strbr|  dualbound   | primalbound  |  gap   | compl. 
p 0.0s|     1 |     0 |     0 |     - |   locks|   0 | 120 | 560 | 560 |   0 |  0 |   0 |   0 | 5.840000e+02 | 4.280000e+02 |  36.45%| unknown
i 0.0s|     1 |     0 |     0 |     - |  oneopt|   0 | 120 | 560 | 560 |   0 |  0 |   0 |   0 | 5.840000e+02 | 5.560000e+02 |   5.04%| unknown
* 0.0s|     1 |     0 |    15 |     - |    LP  |   0 | 120 | 560 | 560 |   0 |  0 |   0 |   0 | 5.640000e+02 | 5.640000e+02 |   0.00%| unknown
  0.0s|     1 |     0 |    15 |     - |  4199k |   0 | 120 | 560 | 560 |   0 |  0 |   0 |   0 | 5.640000e+02 | 5.640000e+02 |   0.00%| unknown

SCIP Status        : problem is solved [optimal solution found]
Solving Time (sec) : 0.01
Solving Nodes      : 1
Primal Bound       : +5.64000000000000e+02 (5 solutions)
Dual Bound         : +5.64000000000000e+02
Gap                : 0.00 %
feasible solution found by trivial heuristic after 0.1 seconds, objective value -3.999672e+06
presolving:
(round 1, fast)       0 del vars, 0 del conss, 0 add conss, 80 chg bounds, 0 chg sides, 0 chg coeffs, 0 upgd conss, 0 impls, 0 clqs, 0 implints
   (0.5s) running MILP presolver
   (0.5s) MILP presolver (2 rounds): 0 aggregations, 0 fixings, 0 bound changes
(round 2, exhaustive) 0 del vars, 560 del conss, 0 add conss, 80 chg bounds, 0 chg sides, 0 chg coeffs, 0 upgd conss, 0 impls, 0 clqs, 0 implints
   (0.9s) symmetry computation started: requiring (bin +, int +, cont +), (fixed: bin -, int -, cont -)
   (1.1s) no symmetry present (symcode time: 0.01)
presolving (3 rounds: 3 fast, 2 medium, 2 exhaustive):
 0 deleted vars, 560 deleted constraints, 0 added constraints, 80 tightened bounds, 0 added holes, 0 changed sides, 0 changed coefficients
 0 implications, 0 cliques, 0 implied integral variables (0 bin, 0 int, 0 cont)
presolved problem has 160 variables (0 bin, 0 int, 160 cont) and 5360 constraints
   5360 constraints of type <linear>
Presolving Time: 1.03

 time | node  | left  |LP iter|LP it/n|mem/heur|mdpt |vars |cons |rows |cuts |sepa|confs|strbr|  dualbound   | primalbound  |  gap   | compl. 
t 1.1s|     1 |     0 |     0 |     - | trivial|   0 | 160 |5360 |   0 |   0 |  0 |   0 |   0 | 5.840000e+02 |-2.072000e+03 |    Inf | unknown
* 1.3s|     1 |     0 |   464 |     - |    LP  |   0 | 160 |5360 |5360 |   0 |  0 |   0 |   0 |-2.657964e+02 |-2.657964e+02 |   0.00%| unknown
  1.3s|     1 |     0 |   464 |     - |   328M |   0 | 160 |5360 |5360 |   0 |  0 |   0 |   0 |-2.657964e+02 |-2.657964e+02 |   0.00%| unknown

SCIP Status        : problem is solved [optimal solution found]
Solving Time (sec) : 1.33
Solving Nodes      : 1
Primal Bound       : -2.65796384297521e+02 (3 solutions)
Dual Bound         : -2.65796384297521e+02
Gap                : 0.00 %
feasible solution found by trivial heuristic after 0.0 seconds, objective value -3.999672e+06
presolving:
(round 1, fast)       0 del vars, 0 del conss, 0 add conss, 80 chg bounds, 0 chg sides, 0 chg coeffs, 0 upgd conss, 0 impls, 0 clqs, 0 implints
   (0.3s) running MILP presolver
   (0.4s) MILP presolver (2 rounds): 0 aggregations, 0 fixings, 0 bound changes
(round 2, exhaustive) 0 del vars, 560 del conss, 0 add conss, 80 chg bounds, 0 chg sides, 0 chg coeffs, 0 upgd conss, 0 impls, 0 clqs, 0 implints
   (0.9s) probing: 51/120 (42.5%) - 0 fixings, 0 aggregations, 0 implications, 0 bound changes
   (0.9s) probing aborted: 50/50 successive totally useless probings
   (1.0s) symmetry computation started: requiring (bin +, int +, cont +), (fixed: bin -, int -, cont -)
   (1.1s) no symmetry present (symcode time: 0.01)
presolving (3 rounds: 3 fast, 2 medium, 2 exhaustive):
 0 deleted vars, 560 deleted constraints, 0 added constraints, 80 tightened bounds, 0 added holes, 0 changed sides, 0 changed coefficients
 0 implications, 0 cliques, 0 implied integral variables (0 bin, 0 int, 0 cont)
presolved problem has 160 variables (120 bin, 0 int, 40 cont) and 5360 constraints
   5360 constraints of type <linear>
Presolving Time: 1.10

 time | node  | left  |LP iter|LP it/n|mem/heur|mdpt |vars |cons |rows |cuts |sepa|confs|strbr|  dualbound   | primalbound  |  gap   | compl. 
t 1.1s|     1 |     0 |     0 |     - | trivial|   0 | 160 |5360 |   0 |   0 |  0 |   0 |   0 | 5.840000e+02 |-2.072000e+03 |    Inf | unknown
p 1.4s|     1 |     0 |    39 |     - |   locks|   0 | 160 |5360 |5360 |   0 |  0 |   0 |   0 | 5.840000e+02 |-6.425667e+02 |    Inf | unknown
  1.5s|     1 |     0 |   503 |     - |   329M |   0 | 160 |5360 |5360 |   0 |  0 |   0 |   0 |-2.657964e+02 |-6.425667e+02 | 141.75%| unknown
r 1.6s|     1 |     0 |   503 |     - |shifting|   0 | 160 |5360 |5360 |   0 |  0 |   0 |   0 |-2.657964e+02 |-3.350848e+02 |  26.07%| unknown
  1.7s|     1 |     0 |   516 |     - |   330M |   0 | 160 |5360 |5361 |   1 |  1 |   0 |   0 |-2.657999e+02 |-3.350848e+02 |  26.07%| unknown
r 1.8s|     1 |     0 |   516 |     - |shifting|   0 | 160 |5360 |5361 |   1 |  1 |   0 |   0 |-2.657999e+02 |-3.283904e+02 |  23.55%| unknown
  1.8s|     1 |     0 |   530 |     - |   330M |   0 | 160 |5360 |5362 |   2 |  2 |   0 |   0 |-2.658020e+02 |-3.283904e+02 |  23.55%| unknown
r 1.9s|     1 |     0 |   530 |     - |shifting|   0 | 160 |5360 |5362 |   2 |  2 |   0 |   0 |-2.658020e+02 |-3.246524e+02 |  22.14%| unknown
  2.0s|     1 |     0 |   550 |     - |   331M |   0 | 160 |5360 |5365 |   5 |  3 |   0 |   0 |-2.658088e+02 |-3.246524e+02 |  22.14%| unknown
r 2.1s|     1 |     0 |   550 |     - |shifting|   0 | 160 |5360 |5365 |   5 |  3 |   0 |   0 |-2.658088e+02 |-3.174380e+02 |  19.42%| unknown
  2.1s|     1 |     0 |   557 |     - |   331M |   0 | 160 |5360 |5366 |   6 |  4 |   0 |   0 |-2.658119e+02 |-3.174380e+02 |  19.42%| unknown
  2.3s|     1 |     0 |   582 |     - |   332M |   0 | 160 |5360 |5368 |   8 |  5 |   0 |   0 |-2.658284e+02 |-3.174380e+02 |  19.41%| unknown
r 2.3s|     1 |     0 |   582 |     - |shifting|   0 | 160 |5360 |5368 |   8 |  5 |   0 |   0 |-2.658284e+02 |-3.076583e+02 |  15.74%| unknown
  2.4s|     1 |     0 |   598 |     - |   332M |   0 | 160 |5360 |5370 |  10 |  6 |   0 |   0 |-2.658355e+02 |-3.076583e+02 |  15.73%| unknown
  2.5s|     1 |     0 |   609 |     - |   333M |   0 | 160 |5360 |5372 |  12 |  7 |   0 |   0 |-2.658380e+02 |-3.076583e+02 |  15.73%| unknown
 time | node  | left  |LP iter|LP it/n|mem/heur|mdpt |vars |cons |rows |cuts |sepa|confs|strbr|  dualbound   | primalbound  |  gap   | compl. 
  2.7s|     1 |     0 |   625 |     - |   334M |   0 | 160 |5360 |5374 |  14 |  8 |   0 |   0 |-2.658434e+02 |-3.076583e+02 |  15.73%| unknown
  2.8s|     1 |     0 |   635 |     - |   334M |   0 | 160 |5360 |5377 |  17 |  9 |   0 |   0 |-2.658460e+02 |-3.076583e+02 |  15.73%| unknown
  2.9s|     1 |     0 |   643 |     - |   335M |   0 | 160 |5360 |5379 |  19 | 10 |   0 |   0 |-2.658472e+02 |-3.076583e+02 |  15.73%| unknown
  3.1s|     1 |     0 |   648 |     - |   335M |   0 | 160 |5360 |5380 |  20 | 11 |   0 |   0 |-2.658479e+02 |-3.076583e+02 |  15.73%| unknown
  3.2s|     1 |     0 |   649 |     - |   336M |   0 | 160 |5360 |5381 |  21 | 12 |   0 |   0 |-2.658482e+02 |-3.076583e+02 |  15.73%| unknown
  3.3s|     1 |     0 |   658 |     - |   336M |   0 | 160 |5360 |5383 |  23 | 13 |   0 |   0 |-2.658511e+02 |-3.076583e+02 |  15.73%| unknown
  3.5s|     1 |     0 |   681 |     - |   337M |   0 | 160 |5360 |5384 |  24 | 14 |   0 |   0 |-2.658549e+02 |-3.076583e+02 |  15.72%| unknown
r 3.6s|     1 |     0 |   748 |     - |intshift|   0 | 160 |5360 |5384 |  24 | 14 |   0 |   0 |-2.658549e+02 |-2.802167e+02 |   5.40%| unknown
d 3.6s|     1 |     0 |   838 |     - |farkasdi|   0 | 160 |5360 |5384 |   0 | 14 |   0 |   0 |-2.658549e+02 |-2.661000e+02 |   0.09%| unknown
  4.1s|     1 |     0 |   838 |     - |   337M |   0 | 160 |5360 |5384 |  24 | 14 |   0 |   0 |-2.658549e+02 |-2.661000e+02 |   0.09%| unknown
  4.2s|     1 |     0 |   838 |     - |   337M |   0 | 160 |5360 |4912 |  24 | 14 |   0 |   0 |-2.658549e+02 |-2.661000e+02 |   0.09%| unknown
  4.2s|     1 |     0 |   846 |     - |   338M |   0 | 160 |5360 |4914 |  26 | 15 |   0 |   0 |-2.658561e+02 |-2.661000e+02 |   0.09%| unknown
  4.3s|     1 |     0 |   849 |     - |   338M |   0 | 160 |5360 |4915 |  27 | 16 |   0 |   0 |-2.658562e+02 |-2.661000e+02 |   0.09%| unknown
  4.4s|     1 |     0 |   849 |     - |   338M |   0 | 160 |4040 |4915 |  27 | 16 |   1 |   0 |-2.658562e+02 |-2.661000e+02 |   0.09%| unknown
(run 1, node 1) restarting after 92 global fixings of integer variables

(restart) converted 27 cuts from the global cut pool into linear constraints

presolving:
(round 1, fast)       92 del vars, 0 del conss, 0 add conss, 0 chg bounds, 147 chg sides, 168 chg coeffs, 0 upgd conss, 0 impls, 63 clqs, 0 implints
(round 2, fast)       92 del vars, 0 del conss, 0 add conss, 40 chg bounds, 147 chg sides, 168 chg coeffs, 0 upgd conss, 0 impls, 63 clqs, 0 implints
   (4.5s) running MILP presolver
   (4.6s) MILP presolver (3 rounds): 0 aggregations, 0 fixings, 40 bound changes
(round 3, medium)     92 del vars, 0 del conss, 0 add conss, 80 chg bounds, 147 chg sides, 168 chg coeffs, 0 upgd conss, 0 impls, 63 clqs, 0 implints
(round 4, fast)       92 del vars, 20 del conss, 0 add conss, 80 chg bounds, 273 chg sides, 420 chg coeffs, 0 upgd conss, 0 impls, 63 clqs, 0 implints
(round 5, exhaustive) 92 del vars, 20 del conss, 0 add conss, 80 chg bounds, 273 chg sides, 420 chg coeffs, 62 upgd conss, 0 impls, 63 clqs, 0 implints
presolving (6 rounds: 6 fast, 3 medium, 2 exhaustive):
 92 deleted vars, 20 deleted constraints, 0 added constraints, 80 tightened bounds, 0 added holes, 273 changed sides, 420 changed coefficients
 0 implications, 63 cliques, 0 implied integral variables (0 bin, 0 int, 0 cont)
presolved problem has 68 variables (28 bin, 0 int, 40 cont) and 4047 constraints
     63 constraints of type <setppc>
   3984 constraints of type <linear>
Presolving Time: 1.30
transformed 19/24 original solutions to the transformed problem space

 time | node  | left  |LP iter|LP it/n|mem/heur|mdpt |vars |cons |rows |cuts |sepa|confs|strbr|  dualbound   | primalbound  |  gap   | compl. 
  4.9s|     1 |     0 |  1292 |     - |   348M |   0 |  68 |4049 |4046 |   0 |  0 |   2 |   0 |-2.658562e+02 |-2.661000e+02 |   0.09%| unknown
  4.9s|     1 |     0 |  1292 |     - |   348M |   0 |  68 |4049 |4038 |   0 |  0 |   2 |   0 |-2.658562e+02 |-2.661000e+02 |   0.09%| unknown
  4.9s|     1 |     0 |  1319 |     - |   348M |   0 |  68 |4047 |4039 |   1 |  1 |   2 |   0 |-2.658674e+02 |-2.661000e+02 |   0.09%| unknown
  5.0s|     1 |     0 |  1330 |     - |   349M |   0 |  68 |4047 |4040 |   2 |  2 |   2 |   0 |-2.658719e+02 |-2.661000e+02 |   0.09%| unknown
  5.1s|     1 |     0 |  1343 |     - |   349M |   0 |  68 |4047 |4042 |   4 |  3 |   2 |   0 |-2.658740e+02 |-2.661000e+02 |   0.09%| unknown
  5.1s|     1 |     0 |  1372 |     - |   350M |   0 |  68 |4047 |4044 |   6 |  4 |   2 |   0 |-2.658804e+02 |-2.661000e+02 |   0.08%| unknown
  5.2s|     1 |     0 |  1391 |     - |   350M |   0 |  68 |4047 |4046 |   8 |  5 |   2 |   0 |-2.658834e+02 |-2.661000e+02 |   0.08%| unknown
  5.3s|     1 |     0 |  1421 |     - |   351M |   0 |  68 |4046 |4048 |  10 |  6 |   2 |   0 |-2.658916e+02 |-2.661000e+02 |   0.08%| unknown
  5.4s|     1 |     0 |  1429 |     - |   351M |   0 |  68 |4046 |4050 |  12 |  7 |   2 |   0 |-2.658921e+02 |-2.661000e+02 |   0.08%| unknown
  5.4s|     1 |     0 |  1440 |     - |   351M |   0 |  68 |4046 |4052 |  14 |  8 |   2 |   0 |-2.658930e+02 |-2.661000e+02 |   0.08%| unknown
  5.5s|     1 |     0 |  1463 |     - |   352M |   0 |  68 |4046 |4054 |  16 |  9 |   2 |   0 |-2.658985e+02 |-2.661000e+02 |   0.08%| unknown
  5.6s|     1 |     0 |  1479 |     - |   352M |   0 |  68 |4046 |4044 |  19 | 10 |   2 |   0 |-2.658997e+02 |-2.661000e+02 |   0.08%| unknown
  5.6s|     1 |     0 |  1491 |     - |   352M |   0 |  68 |4046 |4046 |  21 | 11 |   2 |   0 |-2.659011e+02 |-2.661000e+02 |   0.07%| unknown
  5.7s|     1 |     0 |  1498 |     - |   352M |   0 |  68 |4046 |4049 |  24 | 12 |   2 |   0 |-2.659022e+02 |-2.661000e+02 |   0.07%| unknown
  5.8s|     1 |     0 |  1510 |     - |   353M |   0 |  68 |4046 |4051 |  26 | 13 |   2 |   0 |-2.659029e+02 |-2.661000e+02 |   0.07%| unknown
 time | node  | left  |LP iter|LP it/n|mem/heur|mdpt |vars |cons |rows |cuts |sepa|confs|strbr|  dualbound   | primalbound  |  gap   | compl. 
  5.8s|     1 |     0 |  1512 |     - |   353M |   0 |  68 |4046 |4052 |  27 | 14 |   2 |   0 |-2.659029e+02 |-2.661000e+02 |   0.07%| unknown
  5.9s|     1 |     0 |  1512 |     - |   353M |   0 |  68 |4038 |4052 |  27 | 14 |   2 |   0 |-2.659029e+02 |-2.661000e+02 |   0.07%| unknown
  5.9s|     1 |     0 |  1533 |     - |   353M |   0 |  68 |4038 |4054 |  29 | 15 |   2 |   0 |-2.659063e+02 |-2.661000e+02 |   0.07%| unknown
  6.1s|     1 |     0 |  1862 |     - |   353M |   0 |  68 |4043 |4054 |  29 | 16 |   8 |   1 |-2.660367e+02 |-2.661000e+02 |   0.02%| unknown
(run 2, node 1) restarting after 3 global fixings of integer variables

(restart) converted 29 cuts from the global cut pool into linear constraints

presolving:
(round 1, fast)       3 del vars, 72 del conss, 0 add conss, 0 chg bounds, 224 chg sides, 426 chg coeffs, 0 upgd conss, 0 impls, 54 clqs, 0 implints
(round 2, fast)       3 del vars, 72 del conss, 0 add conss, 20 chg bounds, 224 chg sides, 426 chg coeffs, 0 upgd conss, 0 impls, 54 clqs, 0 implints
(round 3, exhaustive) 3 del vars, 75 del conss, 0 add conss, 20 chg bounds, 224 chg sides, 426 chg coeffs, 6 upgd conss, 0 impls, 54 clqs, 0 implints
presolving (4 rounds: 4 fast, 2 medium, 2 exhaustive):
 3 deleted vars, 75 deleted constraints, 0 added constraints, 20 tightened bounds, 0 added holes, 224 changed sides, 426 changed coefficients
 0 implications, 54 cliques, 0 implied integral variables (0 bin, 0 int, 0 cont)
presolved problem has 65 variables (25 bin, 0 int, 40 cont) and 3997 constraints
     54 constraints of type <setppc>
   3942 constraints of type <linear>
      1 constraints of type <logicor>
Presolving Time: 1.38
transformed 24/40 original solutions to the transformed problem space

 time | node  | left  |LP iter|LP it/n|mem/heur|mdpt |vars |cons |rows |cuts |sepa|confs|strbr|  dualbound   | primalbound  |  gap   | compl. 
  6.2s|     1 |     0 |  2156 |     - |   366M |   0 |  65 |3997 |3993 |   0 |  0 |   8 |   1 |-2.660367e+02 |-2.661000e+02 |   0.02%| unknown
  6.3s|     1 |     0 |  2156 |     - |   366M |   0 |  65 |3997 |3980 |   0 |  0 |   8 |   1 |-2.660367e+02 |-2.661000e+02 |   0.02%| unknown
  6.3s|     1 |     0 |  2176 |     - |   366M |   0 |  65 |3993 |3981 |   1 |  1 |   8 |   1 |-2.660519e+02 |-2.661000e+02 |   0.02%| unknown
  6.4s|     1 |     0 |  2186 |     - |   367M |   0 |  65 |3993 |3983 |   3 |  2 |   8 |   1 |-2.660566e+02 |-2.661000e+02 |   0.02%| unknown
  6.4s|     1 |     0 |  2197 |     - |   367M |   0 |  65 |3993 |3987 |   7 |  3 |   8 |   1 |-2.660669e+02 |-2.661000e+02 |   0.01%| unknown
  6.5s|     1 |     0 |  2211 |     - |   367M |   0 |  65 |3993 |3988 |   8 |  4 |   8 |   1 |-2.660686e+02 |-2.661000e+02 |   0.01%| unknown
  6.6s|     1 |     0 |  2231 |     - |   368M |   0 |  65 |3993 |3990 |  10 |  5 |   8 |   1 |-2.660704e+02 |-2.661000e+02 |   0.01%| unknown
  6.6s|     1 |     0 |  2235 |     - |   368M |   0 |  65 |3993 |3991 |  11 |  6 |   8 |   1 |-2.660705e+02 |-2.661000e+02 |   0.01%| unknown
  6.7s|     1 |     0 |  2245 |     - |   369M |   0 |  65 |3993 |3992 |  12 |  7 |   8 |   1 |-2.660713e+02 |-2.661000e+02 |   0.01%| unknown
  6.8s|     1 |     0 |  2270 |     - |   369M |   0 |  65 |3993 |3996 |  16 |  8 |   8 |   1 |-2.660733e+02 |-2.661000e+02 |   0.01%| unknown
  6.8s|     1 |     0 |  2280 |     - |   370M |   0 |  65 |3993 |3997 |  17 |  9 |   9 |   1 |-2.660736e+02 |-2.661000e+02 |   0.01%| unknown
  6.9s|     1 |     0 |  2287 |     - |   370M |   0 |  65 |3993 |3998 |  18 | 10 |   9 |   1 |-2.660737e+02 |-2.661000e+02 |   0.01%| unknown
  7.0s|     1 |     0 |  2295 |     - |   370M |   0 |  65 |3993 |3999 |  19 | 11 |   9 |   1 |-2.660749e+02 |-2.661000e+02 |   0.01%| unknown
  7.1s|     1 |     0 |  2305 |     - |   371M |   0 |  65 |3993 |4000 |  20 | 12 |   9 |   1 |-2.660753e+02 |-2.661000e+02 |   0.01%| unknown
  7.1s|     1 |     0 |  2306 |     - |   371M |   0 |  65 |3993 |4001 |  21 | 13 |   9 |   1 |-2.660755e+02 |-2.661000e+02 |   0.01%| unknown
 time | node  | left  |LP iter|LP it/n|mem/heur|mdpt |vars |cons |rows |cuts |sepa|confs|strbr|  dualbound   | primalbound  |  gap   | compl. 
  7.2s|     1 |     0 |  2308 |     - |   372M |   0 |  65 |3993 |3951 |  23 | 14 |   9 |   1 |-2.660756e+02 |-2.661000e+02 |   0.01%| unknown
  7.2s|     1 |     0 |  2308 |     - |   372M |   0 |  65 |3968 |3951 |  23 | 14 |   9 |   1 |-2.660756e+02 |-2.661000e+02 |   0.01%| unknown
  7.3s|     1 |     0 |  2310 |     - |   372M |   0 |  65 |3968 |3952 |  24 | 15 |   9 |   1 |-2.660756e+02 |-2.661000e+02 |   0.01%| unknown
  7.3s|     1 |     0 |  2311 |     - |   372M |   0 |  65 |3968 |3953 |  25 | 16 |   9 |   1 |-2.660758e+02 |-2.661000e+02 |   0.01%| unknown
  7.4s|     1 |     0 |  2312 |     - |   373M |   0 |  65 |3968 |3954 |  26 | 17 |   9 |   1 |-2.660759e+02 |-2.661000e+02 |   0.01%| unknown
  7.5s|     1 |     0 |  2313 |     - |   373M |   0 |  65 |3968 |3955 |  27 | 18 |   9 |   1 |-2.660760e+02 |-2.661000e+02 |   0.01%| unknown
  7.5s|     1 |     0 |  2315 |     - |   374M |   0 |  65 |3968 |3956 |  28 | 19 |   9 |   1 |-2.660760e+02 |-2.661000e+02 |   0.01%| unknown
  7.7s|     1 |     0 |  2431 |     - |   374M |   0 |  65 |3971 |3956 |  28 | 20 |  13 |   1 |-2.661000e+02 |-2.661000e+02 |   0.00%| unknown

SCIP Status        : problem is solved [optimal solution found]
Solving Time (sec) : 7.65
Solving Nodes      : 1 (total of 3 nodes in 3 runs)
Primal Bound       : -2.66100000000000e+02 (60 solutions)
Dual Bound         : -2.66100000000000e+02
Gap                : 0.00 %
feasible solution found by trivial heuristic after 0.0 seconds, objective value 0.000000e+00
presolving:
   (0.0s) symmetry computation started: requiring (bin +, int +, cont +), (fixed: bin -, int -, cont -)
   (0.0s) symmetry computation finished: 39 generators found (max: 1500, log10 of symmetry group size: 47.91) (symcode time: 0.00)
dynamic symmetry handling statistics:
   orbitopal reduction:       no components
   orbital reduction:         no components
   lexicographic reduction:   no permutations
handled 1 out of 1 symmetry components
presolving (0 rounds: 0 fast, 0 medium, 0 exhaustive):
 0 deleted vars, 0 deleted constraints, 0 added constraints, 0 tightened bounds, 0 added holes, 0 changed sides, 0 changed coefficients
 0 implications, 0 cliques, 0 implied integral variables (0 bin, 0 int, 0 cont)
presolved problem has 160 variables (120 bin, 0 int, 40 cont) and 1159 constraints
   1159 constraints of type <linear>
Presolving Time: 0.00
transformed 2/2 original solutions to the transformed problem space

 time | node  | left  |LP iter|LP it/n|mem/heur|mdpt |vars |cons |rows |cuts |sepa|confs|strbr|  dualbound   | primalbound  |  gap   | compl. 
t 0.0s|     1 |     0 |     0 |     - | trivial|   0 | 160 |1120 |   0 |   0 |  0 |   0 |   0 | 5.840000e+02 | 3.280000e+02 |  78.05%| unknown
i 0.0s|     1 |     0 |     0 |     - |  oneopt|   0 | 160 |1120 |1120 |   0 |  0 |   0 |   0 | 5.840000e+02 | 5.540000e+02 |   5.42%| unknown
* 0.0s|     1 |     0 |    15 |     - |    LP  |   0 | 160 |1120 |1120 |   0 |  0 |   0 |   0 | 5.640000e+02 | 5.640000e+02 |   0.00%| unknown
  0.0s|     1 |     0 |    15 |     - |  6367k |   0 | 160 |1120 |1120 |   0 |  0 |   0 |   0 | 5.640000e+02 | 5.640000e+02 |   0.00%| unknown

SCIP Status        : problem is solved [optimal solution found]
Solving Time (sec) : 0.00
Solving Nodes      : 1
Primal Bound       : +5.64000000000000e+02 (5 solutions)
Dual Bound         : +5.64000000000000e+02
Gap                : 0.00 %
  [linear] <c1121>: <x121>[C] (+0) +0.654166667<x1>[B] (+0) -0.654166667<x2>[B] (+1) -0.654166667<x3>[B] (+1) +0.654166667<x4>[B] (+1) -0.654166667<x5>[B] (+1) +0.654166667<x6>[B] (+1) -0.654166667<x7>[B] (+1) -0.654166667<x8>[B] (+1) -0.654166667<x9>[B] (+0) -0.654166667<x10>[B] (+1) -0.654166667<x11>[B] (+1) -0.654166667<x12>[B] (+1) +0.654166667<x13>[B] (+1) +0.654166667<x14>[B] (+1) -0.654166667<x15>[B] (+1) -0.654166667<x16>[B] (+1) -0.654166667<x17>[B] (+1) +0.654166667<x18>[B] (+1) -0.654166667<x19>[B] (+1) +0.654166667<x20>[B] (+1) -0.654166667<x21>[B] (+1) -0.654166667<x22>[B] (+1) -0.654166667<x23>[B] (+1) -0.654166667<x24>[B] (+1) -0.654166667<x25>[B] (+1) -0.654166667<x26>[B] (+1) +0.654166667<x27>[B] (+1) -0.654166667<x28>[B] (+1) -0.654166667<x29>[B] (+1) -0.654166667<x30>[B] (+1) +0.654166667<x31>[B] (+1) +0.654166667<x32>[B] (+0) +0.654166667<x33>[B] (+1) +0.654166667<x34>[B] (+1) -0.654166667<x35>[B] (+1) -0.654166667<x36>[B] (+0) -0.654166667<x37>[B] (+1) -0.654166667<x38>[B] (+1) -0.654166667<x39>[B] (+1) +0.654166667<x40>[B] (+1) +0.654166667<x41>[B] (+1) -0.654166667<x42>[B] (+1) +0.654166667<x43>[B] (+0) +0.654166667<x44>[B] (+0) +0.654166667<x45>[B] (+0) +0.654166667<x46>[B] (+1) -0.654166667<x47>[B] (+1) +0.654166667<x48>[B] (+0) +0.654166667<x49>[B] (+0) +0.654166667<x50>[B] (+1) +0.654166667<x51>[B] (+0) +0.654166667<x52>[B] (+0) +0.654166667<x53>[B] (+0) +0.654166667<x54>[B] (+0) -0.654166667<x55>[B] (+0) -0.654166667<x56>[B] (+0) -0.654166667<x57>[B] (+1) -0.654166667<x58>[B] (+1) -0.654166667<x59>[B] (+0) -0.654166667<x60>[B] (+0) -0.654166667<x61>[B] (+1) -0.654166667<x62>[B] (+0) -0.654166667<x63>[B] (+0) -0.654166667<x64>[B] (+1) -0.654166667<x65>[B] (+0) +0.654166667<x66>[B] (+1) +0.654166667<x67>[B] (+1) -0.654166667<x68>[B] (+1) -0.654166667<x69>[B] (+0) -0.654166667<x70>[B] (+1) -0.654166667<x71>[B] (+1) -0.654166667<x72>[B] (+1) +0.654166667<x73>[B] (+1) +0.654166667<x74>[B] (+1) -0.654166667<x75>[B] (+1) -0.654166667<x76>[B] (+1) -0.654166667<x77>[B] (+1) -0.654166667<x78>[B] (+0) -0.654166667<x79>[B] (+1) -0.654166667<x80>[B] (+1) -0.654166667<x81>[B] (+1) +0.654166667<x82>[B] (+1) -0.654166667<x83>[B] (+1) -0.654166667<x84>[B] (+1) -0.654166667<x85>[B] (+1) -0.654166667<x86>[B] (+0) -0.654166667<x87>[B] (+0) -0.654166667<x88>[B] (+1) -0.654166667<x89>[B] (+0) +0.654166667<x90>[B] (+0) +0.654166667<x91>[B] (+0) -0.654166667<x92>[B] (+0) +0.654166667<x93>[B] (+0) +0.654166667<x94>[B] (+0) +0.654166667<x95>[B] (+0) +0.654166667<x96>[B] (+0) +0.654166667<x97>[B] (+0) +0.654166667<x98>[B] (+0) +0.654166667<x99>[B] (+0) +0.654166667<x100>[B] (+1) -0.654166667<x101>[B] (+1) -0.654166667<x102>[B] (+1) +0.654166667<x103>[B] (+1) +0.654166667<x104>[B] (+1) +0.654166667<x105>[B] (+1) -0.654166667<x106>[B] (+1) -0.654166667<x107>[B] (+1) +0.654166667<x108>[B] (+0) +0.654166667<x109>[B] (+1) -0.654166667<x110>[B] (+1) +0.654166667<x111>[B] (+0) +0.654166667<x112>[B] (+0) +0.654166667<x113>[B] (+0) +0.654166667<x114>[B] (+0) +0.654166667<x115>[B] (+0) +0.654166667<x116>[B] (+1) +0.654166667<x117>[B] (+0) -0.654166667<x118>[B] (+1) -0.654166667<x119>[B] (+1) -0.654166667<x120>[B] (+0) >= 8.34166666666667;
;
violation: left hand side is violated by 26.0041666666667
  [linear] <c1121>: <x121>[C] (+0) +0.654166667<x1>[B] (+0) -0.654166667<x2>[B] (+1) -0.654166667<x3>[B] (+1) +0.654166667<x4>[B] (+1) -0.654166667<x5>[B] (+1) +0.654166667<x6>[B] (+1) -0.654166667<x7>[B] (+1) -0.654166667<x8>[B] (+1) -0.654166667<x9>[B] (+1) -0.654166667<x10>[B] (+1) -0.654166667<x11>[B] (+1) -0.654166667<x12>[B] (+1) +0.654166667<x13>[B] (+1) +0.654166667<x14>[B] (+1) -0.654166667<x15>[B] (+1) -0.654166667<x16>[B] (+1) -0.654166667<x17>[B] (+1) +0.654166667<x18>[B] (+1) -0.654166667<x19>[B] (+1) +0.654166667<x20>[B] (+1) -0.654166667<x21>[B] (+1) -0.654166667<x22>[B] (+1) -0.654166667<x23>[B] (+1) -0.654166667<x24>[B] (+1) -0.654166667<x25>[B] (+1) -0.654166667<x26>[B] (+1) +0.654166667<x27>[B] (+1) -0.654166667<x28>[B] (+1) -0.654166667<x29>[B] (+1) -0.654166667<x30>[B] (+1) +0.654166667<x31>[B] (+1) +0.654166667<x32>[B] (+1) +0.654166667<x33>[B] (+1) +0.654166667<x34>[B] (+1) -0.654166667<x35>[B] (+1) -0.654166667<x36>[B] (+1) -0.654166667<x37>[B] (+1) -0.654166667<x38>[B] (+1) -0.654166667<x39>[B] (+1) +0.654166667<x40>[B] (+1) +0.654166667<x41>[B] (+1) -0.654166667<x42>[B] (+1) +0.654166667<x43>[B] (+0) +0.654166667<x44>[B] (+0) +0.654166667<x45>[B] (+0) +0.654166667<x46>[B] (+1) -0.654166667<x47>[B] (+1) +0.654166667<x48>[B] (+0) +0.654166667<x49>[B] (+0) +0.654166667<x50>[B] (+1) +0.654166667<x51>[B] (+0) +0.654166667<x52>[B] (+0) +0.654166667<x53>[B] (+1) +0.654166667<x54>[B] (+0) -0.654166667<x55>[B] (+1) -0.654166667<x56>[B] (+1) -0.654166667<x57>[B] (+1) -0.654166667<x58>[B] (+1) -0.654166667<x59>[B] (+1) -0.654166667<x60>[B] (+1) -0.654166667<x61>[B] (+1) -0.654166667<x62>[B] (+1) -0.654166667<x63>[B] (+1) -0.654166667<x64>[B] (+1) -0.654166667<x65>[B] (+1) +0.654166667<x66>[B] (+1) +0.654166667<x67>[B] (+1) -0.654166667<x68>[B] (+1) -0.654166667<x69>[B] (+1) -0.654166667<x70>[B] (+1) -0.654166667<x71>[B] (+1) -0.654166667<x72>[B] (+1) +0.654166667<x73>[B] (+1) +0.654166667<x74>[B] (+1) -0.654166667<x75>[B] (+1) -0.654166667<x76>[B] (+1) -0.654166667<x77>[B] (+1) -0.654166667<x78>[B] (+0) -0.654166667<x79>[B] (+1) -0.654166667<x80>[B] (+1) -0.654166667<x81>[B] (+1) +0.654166667<x82>[B] (+1) -0.654166667<x83>[B] (+1) -0.654166667<x84>[B] (+1) -0.654166667<x85>[B] (+1) -0.654166667<x86>[B] (+0) -0.654166667<x87>[B] (+0) -0.654166667<x88>[B] (+1) -0.654166667<x89>[B] (+0) +0.654166667<x90>[B] (+0) +0.654166667<x91>[B] (+1) -0.654166667<x92>[B] (+0) +0.654166667<x93>[B] (+0) +0.654166667<x94>[B] (+0) +0.654166667<x95>[B] (+0) +0.654166667<x96>[B] (+0) +0.654166667<x97>[B] (+0) +0.654166667<x98>[B] (+0) +0.654166667<x99>[B] (+0) +0.654166667<x100>[B] (+1) -0.654166667<x101>[B] (+1) -0.654166667<x102>[B] (+1) +0.654166667<x103>[B] (+1) +0.654166667<x104>[B] (+1) +0.654166667<x105>[B] (+1) -0.654166667<x106>[B] (+1) -0.654166667<x107>[B] (+1) +0.654166667<x108>[B] (+0) +0.654166667<x109>[B] (+1) -0.654166667<x110>[B] (+1) +0.654166667<x111>[B] (+0) +0.654166667<x112>[B] (+0) +0.654166667<x113>[B] (+0) +0.654166667<x114>[B] (+0) +0.654166667<x115>[B] (+0) +0.654166667<x116>[B] (+1) +0.654166667<x117>[B] (+1) -0.654166667<x118>[B] (+1) -0.654166667<x119>[B] (+1) -0.654166667<x120>[B] (+0) >= 8.34166666666667;
;
violation: left hand side is violated by 29.9291666666667
  [linear] <c1121>: <x121>[C] (+0) +0.654166667<x1>[B] (+1) -0.654166667<x2>[B] (+1) -0.654166667<x3>[B] (+1) +0.654166667<x4>[B] (+1) -0.654166667<x5>[B] (+1) +0.654166667<x6>[B] (+1) -0.654166667<x7>[B] (+1) -0.654166667<x8>[B] (+1) -0.654166667<x9>[B] (+1) -0.654166667<x10>[B] (+1) -0.654166667<x11>[B] (+1) -0.654166667<x12>[B] (+1) +0.654166667<x13>[B] (+1) +0.654166667<x14>[B] (+1) -0.654166667<x15>[B] (+1) -0.654166667<x16>[B] (+1) -0.654166667<x17>[B] (+1) +0.654166667<x18>[B] (+1) -0.654166667<x19>[B] (+1) +0.654166667<x20>[B] (+1) -0.654166667<x21>[B] (+1) -0.654166667<x22>[B] (+1) -0.654166667<x23>[B] (+1) -0.654166667<x24>[B] (+1) -0.654166667<x25>[B] (+1) -0.654166667<x26>[B] (+1) +0.654166667<x27>[B] (+1) -0.654166667<x28>[B] (+1) -0.654166667<x29>[B] (+1) -0.654166667<x30>[B] (+1) +0.654166667<x31>[B] (+1) +0.654166667<x32>[B] (+1) +0.654166667<x33>[B] (+1) +0.654166667<x34>[B] (+1) -0.654166667<x35>[B] (+1) -0.654166667<x36>[B] (+1) -0.654166667<x37>[B] (+1) -0.654166667<x38>[B] (+1) -0.654166667<x39>[B] (+1) +0.654166667<x40>[B] (+1) +0.654166667<x41>[B] (+1) -0.654166667<x42>[B] (+1) +0.654166667<x43>[B] (+1) +0.654166667<x44>[B] (+1) +0.654166667<x45>[B] (+1) +0.654166667<x46>[B] (+1) -0.654166667<x47>[B] (+1) +0.654166667<x48>[B] (+1) +0.654166667<x49>[B] (+1) +0.654166667<x50>[B] (+1) +0.654166667<x51>[B] (+1) +0.654166667<x52>[B] (+1) +0.654166667<x53>[B] (+1) +0.654166667<x54>[B] (+1) -0.654166667<x55>[B] (+1) -0.654166667<x56>[B] (+1) -0.654166667<x57>[B] (+1) -0.654166667<x58>[B] (+1) -0.654166667<x59>[B] (+1) -0.654166667<x60>[B] (+1) -0.654166667<x61>[B] (+1) -0.654166667<x62>[B] (+1) -0.654166667<x63>[B] (+1) -0.654166667<x64>[B] (+1) -0.654166667<x65>[B] (+1) +0.654166667<x66>[B] (+1) +0.654166667<x67>[B] (+1) -0.654166667<x68>[B] (+1) -0.654166667<x69>[B] (+1) -0.654166667<x70>[B] (+1) -0.654166667<x71>[B] (+1) -0.654166667<x72>[B] (+1) +0.654166667<x73>[B] (+1) +0.654166667<x74>[B] (+1) -0.654166667<x75>[B] (+1) -0.654166667<x76>[B] (+1) -0.654166667<x77>[B] (+1) -0.654166667<x78>[B] (+1) -0.654166667<x79>[B] (+1) -0.654166667<x80>[B] (+1) -0.654166667<x81>[B] (+1) +0.654166667<x82>[B] (+1) -0.654166667<x83>[B] (+1) -0.654166667<x84>[B] (+1) -0.654166667<x85>[B] (+1) -0.654166667<x86>[B] (+1) -0.654166667<x87>[B] (+1) -0.654166667<x88>[B] (+1) -0.654166667<x89>[B] (+1) +0.654166667<x90>[B] (+1) +0.654166667<x91>[B] (+1) -0.654166667<x92>[B] (+1) +0.654166667<x93>[B] (+1) +0.654166667<x94>[B] (+1) +0.654166667<x95>[B] (+1) +0.654166667<x96>[B] (+1) +0.654166667<x97>[B] (+1) +0.654166667<x98>[B] (+1) +0.654166667<x99>[B] (+1) +0.654166667<x100>[B] (+1) -0.654166667<x101>[B] (+1) -0.654166667<x102>[B] (+1) +0.654166667<x103>[B] (+1) +0.654166667<x104>[B] (+1) +0.654166667<x105>[B] (+1) -0.654166667<x106>[B] (+1) -0.654166667<x107>[B] (+1) +0.654166667<x108>[B] (+1) +0.654166667<x109>[B] (+1) -0.654166667<x110>[B] (+1) +0.654166667<x111>[B] (+1) +0.654166667<x112>[B] (+1) +0.654166667<x113>[B] (+1) +0.654166667<x114>[B] (+1) +0.654166667<x115>[B] (+1) +0.654166667<x116>[B] (+1) +0.654166667<x117>[B] (+1) -0.654166667<x118>[B] (+1) -0.654166667<x119>[B] (+1) -0.654166667<x120>[B] (+1) >= 8.34166666666667;
;
violation: left hand side is violated by 18.8083333333333
  [linear] <c1121>: <x121>[C] (+0) +0.654166667<x1>[B] (+0) -0.654166667<x2>[B] (+0) -0.654166667<x3>[B] (+0) +0.654166667<x4>[B] (+0) -0.654166667<x5>[B] (+0) +0.654166667<x6>[B] (+0) -0.654166667<x7>[B] (+0) -0.654166667<x8>[B] (+0) -0.654166667<x9>[B] (+0) -0.654166667<x10>[B] (+0) -0.654166667<x11>[B] (+0) -0.654166667<x12>[B] (+0) +0.654166667<x13>[B] (+0) +0.654166667<x14>[B] (+0) -0.654166667<x15>[B] (+0) -0.654166667<x16>[B] (+0) -0.654166667<x17>[B] (+0) +0.654166667<x18>[B] (+0) -0.654166667<x19>[B] (+0) +0.654166667<x20>[B] (+0) -0.654166667<x21>[B] (+0) -0.654166667<x22>[B] (+0) -0.654166667<x23>[B] (+0) -0.654166667<x24>[B] (+0) -0.654166667<x25>[B] (+0) -0.654166667<x26>[B] (+0) +0.654166667<x27>[B] (+0) -0.654166667<x28>[B] (+0) -0.654166667<x29>[B] (+0) -0.654166667<x30>[B] (+0) +0.654166667<x31>[B] (+0) +0.654166667<x32>[B] (+0) +0.654166667<x33>[B] (+0) +0.654166667<x34>[B] (+0) -0.654166667<x35>[B] (+0) -0.654166667<x36>[B] (+0) -0.654166667<x37>[B] (+0) -0.654166667<x38>[B] (+0) -0.654166667<x39>[B] (+0) +0.654166667<x40>[B] (+0) +0.654166667<x41>[B] (+0) -0.654166667<x42>[B] (+0) +0.654166667<x43>[B] (+0) +0.654166667<x44>[B] (+0) +0.654166667<x45>[B] (+0) +0.654166667<x46>[B] (+0) -0.654166667<x47>[B] (+0) +0.654166667<x48>[B] (+0) +0.654166667<x49>[B] (+0) +0.654166667<x50>[B] (+0) +0.654166667<x51>[B] (+0) +0.654166667<x52>[B] (+0) +0.654166667<x53>[B] (+0) +0.654166667<x54>[B] (+0) -0.654166667<x55>[B] (+0) -0.654166667<x56>[B] (+0) -0.654166667<x57>[B] (+0) -0.654166667<x58>[B] (+0) -0.654166667<x59>[B] (+0) -0.654166667<x60>[B] (+0) -0.654166667<x61>[B] (+0) -0.654166667<x62>[B] (+0) -0.654166667<x63>[B] (+0) -0.654166667<x64>[B] (+0) -0.654166667<x65>[B] (+0) +0.654166667<x66>[B] (+0) +0.654166667<x67>[B] (+0) -0.654166667<x68>[B] (+0) -0.654166667<x69>[B] (+0) -0.654166667<x70>[B] (+0) -0.654166667<x71>[B] (+0) -0.654166667<x72>[B] (+0) +0.654166667<x73>[B] (+0) +0.654166667<x74>[B] (+0) -0.654166667<x75>[B] (+0) -0.654166667<x76>[B] (+0) -0.654166667<x77>[B] (+0) -0.654166667<x78>[B] (+0) -0.654166667<x79>[B] (+0) -0.654166667<x80>[B] (+0) -0.654166667<x81>[B] (+0) +0.654166667<x82>[B] (+0) -0.654166667<x83>[B] (+0) -0.654166667<x84>[B] (+0) -0.654166667<x85>[B] (+0) -0.654166667<x86>[B] (+0) -0.654166667<x87>[B] (+0) -0.654166667<x88>[B] (+0) -0.654166667<x89>[B] (+0) +0.654166667<x90>[B] (+0) +0.654166667<x91>[B] (+0) -0.654166667<x92>[B] (+0) +0.654166667<x93>[B] (+0) +0.654166667<x94>[B] (+0) +0.654166667<x95>[B] (+0) +0.654166667<x96>[B] (+0) +0.654166667<x97>[B] (+0) +0.654166667<x98>[B] (+0) +0.654166667<x99>[B] (+0) +0.654166667<x100>[B] (+0) -0.654166667<x101>[B] (+0) -0.654166667<x102>[B] (+0) +0.654166667<x103>[B] (+0) +0.654166667<x104>[B] (+0) +0.654166667<x105>[B] (+0) -0.654166667<x106>[B] (+0) -0.654166667<x107>[B] (+0) +0.654166667<x108>[B] (+0) +0.654166667<x109>[B] (+0) -0.654166667<x110>[B] (+0) +0.654166667<x111>[B] (+0) +0.654166667<x112>[B] (+0) +0.654166667<x113>[B] (+0) +0.654166667<x114>[B] (+0) +0.654166667<x115>[B] (+0) +0.654166667<x116>[B] (+0) +0.654166667<x117>[B] (+0) -0.654166667<x118>[B] (+0) -0.654166667<x119>[B] (+0) -0.654166667<x120>[B] (+0) >= 8.34166666666667;
;
violation: left hand side is violated by 8.34166666666667
1/5 feasible solution given by solution candidate storage, new primal bound -3.999672e+06

presolving:
   (0.0s) symmetry computation started: requiring (bin +, int +, cont +), (fixed: bin -, int -, cont -)
   (0.0s) no symmetry present (symcode time: 0.00)
presolving (0 rounds: 0 fast, 0 medium, 0 exhaustive):
 0 deleted vars, 0 deleted constraints, 0 added constraints, 0 tightened bounds, 0 added holes, 0 changed sides, 0 changed coefficients
 0 implications, 0 cliques, 0 implied integral variables (0 bin, 0 int, 0 cont)
presolved problem has 160 variables (120 bin, 0 int, 40 cont) and 1160 constraints
   1160 constraints of type <linear>
Presolving Time: 0.00
transformed 1/1 original solutions to the transformed problem space

 time | node  | left  |LP iter|LP it/n|mem/heur|mdpt |vars |cons |rows |cuts |sepa|confs|strbr|  dualbound   | primalbound  |  gap   | compl. 
p 0.0s|     1 |     0 |     9 |     - |   locks|   0 | 160 |1160 |1160 |   0 |  0 |   0 |   0 | 5.840000e+02 |-5.711208e+02 |    Inf | unknown
* 0.0s|     1 |     0 |   174 |     - |    LP  |   0 | 160 |1160 |1160 |   0 |  0 |   0 |   0 |-2.620333e+02 |-2.620333e+02 |   0.00%| unknown
  0.0s|     1 |     0 |   174 |     - |  8555k |   0 | 160 |1160 |1160 |   0 |  0 |   0 |   0 |-2.620333e+02 |-2.620333e+02 |   0.00%| unknown

SCIP Status        : problem is solved [optimal solution found]
Solving Time (sec) : 0.01
Solving Nodes      : 1
Primal Bound       : -2.62033333333333e+02 (4 solutions)
Dual Bound         : -2.62033333333333e+02
Gap                : 0.00 %
  [linear] <c1161>: <x121>[C] (+24.0416667) +0.629166667<x1>[B] (+0) -0.629166667<x2>[B] (+0) -0.629166667<x3>[B] (+1) +0.629166667<x4>[B] (+1) -0.629166667<x5>[B] (+1) +0.629166667<x6>[B] (+0) -0.629166667<x7>[B] (+1) -0.629166667<x8>[B] (+1) -0.629166667<x9>[B] (+0) -0.629166667<x10>[B] (+0) -0.629166667<x11>[B] (+1) -0.629166667<x12>[B] (+1) +0.629166667<x13>[B] (+1) +0.629166667<x14>[B] (+1) -0.629166667<x15>[B] (+0) -0.629166667<x16>[B] (+1) -0.629166667<x17>[B] (+1) +0.629166667<x18>[B] (+1) -0.629166667<x19>[B] (+1) +0.629166667<x20>[B] (+1) -0.629166667<x21>[B] (+1) -0.629166667<x22>[B] (+1) -0.629166667<x23>[B] (+1) -0.629166667<x24>[B] (+1) -0.629166667<x25>[B] (+1) -0.629166667<x26>[B] (+1) +0.629166667<x27>[B] (+1) -0.629166667<x28>[B] (+1) -0.629166667<x29>[B] (+1) -0.629166667<x30>[B] (+1) +0.629166667<x31>[B] (+1) +0.629166667<x32>[B] (+1) +0.629166667<x33>[B] (+1) +0.629166667<x34>[B] (+1) -0.629166667<x35>[B] (+1) -0.629166667<x36>[B] (+1) -0.629166667<x37>[B] (+1) -0.629166667<x38>[B] (+1) -0.629166667<x39>[B] (+1) +0.629166667<x40>[B] (+1) +0.629166667<x41>[B] (+1) -0.629166667<x42>[B] (+1) +0.629166667<x43>[B] (+0) +0.629166667<x44>[B] (+0) +0.629166667<x45>[B] (+0) +0.629166667<x46>[B] (+0) -0.629166667<x47>[B] (+1) +0.629166667<x48>[B] (+0) +0.629166667<x49>[B] (+0) +0.629166667<x50>[B] (+1) +0.629166667<x51>[B] (+0) +0.629166667<x52>[B] (+0) +0.629166667<x53>[B] (+0) +0.629166667<x54>[B] (+0) -0.629166667<x55>[B] (+1) -0.629166667<x56>[B] (+0) -0.629166667<x57>[B] (+1) -0.629166667<x58>[B] (+1) -0.629166667<x59>[B] (+0) -0.629166667<x60>[B] (+0) -0.629166667<x61>[B] (+1) -0.629166667<x62>[B] (+0) -0.629166667<x63>[B] (+0) -0.629166667<x64>[B] (+1) -0.629166667<x65>[B] (+0) +0.629166667<x66>[B] (+0) +0.629166667<x67>[B] (+0) -0.629166667<x68>[B] (+1) -0.629166667<x69>[B] (+0) -0.629166667<x70>[B] (+0) -0.629166667<x71>[B] (+1) -0.629166667<x72>[B] (+0) +0.629166667<x73>[B] (+0) +0.629166667<x74>[B] (+1) -0.629166667<x75>[B] (+0) -0.629166667<x76>[B] (+1) -0.629166667<x77>[B] (+1) -0.629166667<x78>[B] (+0) -0.629166667<x79>[B] (+1) -0.629166667<x80>[B] (+1) -0.629166667<x81>[B] (+1) +0.629166667<x82>[B] (+1) -0.629166667<x83>[B] (+1) -0.629166667<x84>[B] (+1) -0.629166667<x85>[B] (+1) -0.629166667<x86>[B] (+0) -0.629166667<x87>[B] (+0) -0.629166667<x88>[B] (+1) -0.629166667<x89>[B] (+0) +0.629166667<x90>[B] (+0) +0.629166667<x91>[B] (+1) -0.629166667<x92>[B] (+0) +0.629166667<x93>[B] (+0) +0.629166667<x94>[B] (+0) +0.629166667<x95>[B] (+0) +0.629166667<x96>[B] (+0) +0.629166667<x97>[B] (+0) +0.629166667<x98>[B] (+0) +0.629166667<x99>[B] (+0) +0.629166667<x100>[B] (+1) -0.629166667<x101>[B] (+1) -0.629166667<x102>[B] (+1) +0.629166667<x103>[B] (+1) +0.629166667<x104>[B] (+1) +0.629166667<x105>[B] (+1) -0.629166667<x106>[B] (+1) -0.629166667<x107>[B] (+1) +0.629166667<x108>[B] (+1) +0.629166667<x109>[B] (+1) -0.629166667<x110>[B] (+1) +0.629166667<x111>[B] (+0) +0.629166667<x112>[B] (+0) +0.629166667<x113>[B] (+0) +0.629166667<x114>[B] (+0) +0.629166667<x115>[B] (+0) +0.629166667<x116>[B] (+1) +0.629166667<x117>[B] (+0) -0.629166667<x118>[B] (+1) -0.629166667<x119>[B] (+0) -0.629166667<x120>[B] (+0) >= 8.96666666666667;
;
violation: left hand side is violated by 0.0250000000000163
  [linear] <c1161>: <x121>[C] (+4.41666667) +0.629166667<x1>[B] (+1) -0.629166667<x2>[B] (+0) -0.629166667<x3>[B] (+0) +0.629166667<x4>[B] (+0) -0.629166667<x5>[B] (+1) +0.629166667<x6>[B] (+0) -0.629166667<x7>[B] (+0) -0.629166667<x8>[B] (+0) -0.629166667<x9>[B] (+1) -0.629166667<x10>[B] (+1) -0.629166667<x11>[B] (+0) -0.629166667<x12>[B] (+0) +0.629166667<x13>[B] (+0) +0.629166667<x14>[B] (+0) -0.629166667<x15>[B] (+0) -0.629166667<x16>[B] (+0) -0.629166667<x17>[B] (+0) +0.629166667<x18>[B] (+0) -0.629166667<x19>[B] (+0) +0.629166667<x20>[B] (+0) -0.629166667<x21>[B] (+0) -0.629166667<x22>[B] (+0) -0.629166667<x23>[B] (+0) -0.629166667<x24>[B] (+0) -0.629166667<x25>[B] (+0) -0.629166667<x26>[B] (+0) +0.629166667<x27>[B] (+0) -0.629166667<x28>[B] (+0) -0.629166667<x29>[B] (+0) -0.629166667<x30>[B] (+0) +0.629166667<x31>[B] (+0) +0.629166667<x32>[B] (+1) +0.629166667<x33>[B] (+0) +0.629166667<x34>[B] (+0) -0.629166667<x35>[B] (+0) -0.629166667<x36>[B] (+1) -0.629166667<x37>[B] (+1) -0.629166667<x38>[B] (+0) -0.629166667<x39>[B] (+0) +0.629166667<x40>[B] (+0) +0.629166667<x41>[B] (+0) -0.629166667<x42>[B] (+0) +0.629166667<x43>[B] (+1) +0.629166667<x44>[B] (+1) +0.629166667<x45>[B] (+1) +0.629166667<x46>[B] (+1) -0.629166667<x47>[B] (+0) +0.629166667<x48>[B] (+1) +0.629166667<x49>[B] (+1) +0.629166667<x50>[B] (+0) +0.629166667<x51>[B] (+1) +0.629166667<x52>[B] (+1) +0.629166667<x53>[B] (+1) +0.629166667<x54>[B] (+1) -0.629166667<x55>[B] (+1) -0.629166667<x56>[B] (+1) -0.629166667<x57>[B] (+0) -0.629166667<x58>[B] (+0) -0.629166667<x59>[B] (+1) -0.629166667<x60>[B] (+1) -0.629166667<x61>[B] (+0) -0.629166667<x62>[B] (+1) -0.629166667<x63>[B] (+1) -0.629166667<x64>[B] (+0) -0.629166667<x65>[B] (+1) +0.629166667<x66>[B] (+0) +0.629166667<x67>[B] (+0) -0.629166667<x68>[B] (+0) -0.629166667<x69>[B] (+0) -0.629166667<x70>[B] (+1) -0.629166667<x71>[B] (+0) -0.629166667<x72>[B] (+0) +0.629166667<x73>[B] (+0) +0.629166667<x74>[B] (+0) -0.629166667<x75>[B] (+0) -0.629166667<x76>[B] (+0) -0.629166667<x77>[B] (+0) -0.629166667<x78>[B] (+1) -0.629166667<x79>[B] (+1) -0.629166667<x80>[B] (+0) -0.629166667<x81>[B] (+0) +0.629166667<x82>[B] (+0) -0.629166667<x83>[B] (+0) -0.629166667<x84>[B] (+0) -0.629166667<x85>[B] (+0) -0.629166667<x86>[B] (+1) -0.629166667<x87>[B] (+1) -0.629166667<x88>[B] (+0) -0.629166667<x89>[B] (+1) +0.629166667<x90>[B] (+1) +0.629166667<x91>[B] (+0) -0.629166667<x92>[B] (+1) +0.629166667<x93>[B] (+1) +0.629166667<x94>[B] (+1) +0.629166667<x95>[B] (+1) +0.629166667<x96>[B] (+1) +0.629166667<x97>[B] (+1) +0.629166667<x98>[B] (+1) +0.629166667<x99>[B] (+1) +0.629166667<x100>[B] (+1) -0.629166667<x101>[B] (+0) -0.629166667<x102>[B] (+0) +0.629166667<x103>[B] (+0) +0.629166667<x104>[B] (+0) +0.629166667<x105>[B] (+0) -0.629166667<x106>[B] (+0) -0.629166667<x107>[B] (+0) +0.629166667<x108>[B] (+0) +0.629166667<x109>[B] (+0) -0.629166667<x110>[B] (+0) +0.629166667<x111>[B] (+1) +0.629166667<x112>[B] (+1) +0.629166667<x113>[B] (+1) +0.629166667<x114>[B] (+1) +0.629166667<x115>[B] (+1) +0.629166667<x116>[B] (+0) +0.629166667<x117>[B] (+1) -0.629166667<x118>[B] (+0) -0.629166667<x119>[B] (+1) -0.629166667<x120>[B] (+1) >= 8.96666666666667;
;
violation: left hand side is violated by 0.775000000000006
2/4 feasible solutions given by solution candidate storage, new primal bound -3.999672e+06

presolving:
   (0.0s) symmetry computation started: requiring (bin +, int +, cont +), (fixed: bin -, int -, cont -)
   (0.0s) no symmetry present (symcode time: 0.00)
presolving (0 rounds: 0 fast, 0 medium, 0 exhaustive):
 0 deleted vars, 0 deleted constraints, 0 added constraints, 0 tightened bounds, 0 added holes, 0 changed sides, 0 changed coefficients
 0 implications, 0 cliques, 0 implied integral variables (0 bin, 0 int, 0 cont)
presolved problem has 160 variables (120 bin, 0 int, 40 cont) and 1199 constraints
   1199 constraints of type <linear>
Presolving Time: 0.00
transformed 2/2 original solutions to the transformed problem space

 time | node  | left  |LP iter|LP it/n|mem/heur|mdpt |vars |cons |rows |cuts |sepa|confs|strbr|  dualbound   | primalbound  |  gap   | compl. 
p 0.0s|     1 |     0 |     9 |     - |   locks|   0 | 160 |1199 |1199 |   0 |  0 |   0 |   0 | 5.840000e+02 |-5.817375e+02 |    Inf | unknown
  0.0s|     1 |     0 |   288 |     - |    10M |   0 | 160 |1199 |1199 |   0 |  0 |   0 |   0 |-2.646199e+02 |-5.817375e+02 | 119.84%| unknown
r 0.0s|     1 |     0 |   288 |     - |shifting|   0 | 160 |1199 |1199 |   0 |  0 |   0 |   0 |-2.646199e+02 |-3.180109e+02 |  20.18%| unknown
  0.1s|     1 |     0 |   295 |     - |    11M |   0 | 160 |1199 |1200 |   1 |  1 |   0 |   0 |-2.647819e+02 |-3.180109e+02 |  20.10%| unknown
r 0.1s|     1 |     0 |   295 |     - |shifting|   0 | 160 |1199 |1200 |   1 |  1 |   0 |   0 |-2.647819e+02 |-3.080077e+02 |  16.33%| unknown
  0.1s|     1 |     0 |   295 |     - |    11M |   0 | 160 |1199 |1200 |   1 |  1 |   0 |   0 |-2.647819e+02 |-3.080077e+02 |  16.33%| unknown
  0.1s|     1 |     0 |   311 |     - |    11M |   0 | 160 |1199 |1201 |   2 |  2 |   0 |   0 |-2.648326e+02 |-3.080077e+02 |  16.30%| unknown
r 0.1s|     1 |     0 |   311 |     - |shifting|   0 | 160 |1199 |1201 |   2 |  2 |   0 |   0 |-2.648326e+02 |-3.063782e+02 |  15.69%| unknown
  0.1s|     1 |     0 |   326 |     - |    12M |   0 | 160 |1199 |1202 |   3 |  3 |   0 |   0 |-2.648570e+02 |-3.063782e+02 |  15.68%| unknown
  0.2s|     1 |     0 |   337 |     - |    12M |   0 | 160 |1199 |1203 |   4 |  4 |   0 |   0 |-2.648842e+02 |-3.063782e+02 |  15.66%| unknown
  0.2s|     1 |     0 |   346 |     - |    13M |   0 | 160 |1199 |1205 |   6 |  5 |   0 |   0 |-2.649029e+02 |-3.063782e+02 |  15.66%| unknown
  0.2s|     1 |     0 |   371 |     - |    13M |   0 | 160 |1199 |1206 |   7 |  6 |   0 |   0 |-2.649318e+02 |-3.063782e+02 |  15.64%| unknown
  0.3s|     1 |     0 |   379 |     - |    13M |   0 | 160 |1199 |1207 |   8 |  7 |   0 |   0 |-2.649344e+02 |-3.063782e+02 |  15.64%| unknown
r 0.3s|     1 |     0 |   379 |     - |shifting|   0 | 160 |1199 |1207 |   8 |  7 |   0 |   0 |-2.649344e+02 |-3.011986e+02 |  13.69%| unknown
  0.3s|     1 |     0 |   389 |     - |    14M |   0 | 160 |1199 |1209 |  10 |  8 |   0 |   0 |-2.649365e+02 |-3.011986e+02 |  13.69%| unknown
 time | node  | left  |LP iter|LP it/n|mem/heur|mdpt |vars |cons |rows |cuts |sepa|confs|strbr|  dualbound   | primalbound  |  gap   | compl. 
  0.4s|     1 |     0 |   400 |     - |    15M |   0 | 160 |1199 |1210 |  11 |  9 |   0 |   0 |-2.649494e+02 |-3.011986e+02 |  13.68%| unknown
  0.4s|     1 |     0 |   411 |     - |    15M |   0 | 160 |1199 |1211 |  12 | 10 |   0 |   0 |-2.649585e+02 |-3.011986e+02 |  13.68%| unknown
  0.4s|     1 |     0 |   415 |     - |    16M |   0 | 160 |1199 |1212 |  13 | 11 |   0 |   0 |-2.649623e+02 |-3.011986e+02 |  13.68%| unknown
r 0.4s|     1 |     0 |   415 |     - |shifting|   0 | 160 |1199 |1212 |  13 | 11 |   0 |   0 |-2.649623e+02 |-3.004706e+02 |  13.40%| unknown
  0.4s|     1 |     0 |   428 |     - |    16M |   0 | 160 |1199 |1214 |  15 | 12 |   0 |   0 |-2.649718e+02 |-3.004706e+02 |  13.40%| unknown
  0.4s|     1 |     0 |   432 |     - |    16M |   0 | 160 |1199 |1216 |  17 | 13 |   0 |   0 |-2.649719e+02 |-3.004706e+02 |  13.40%| unknown
  0.5s|     1 |     0 |   440 |     - |    16M |   0 | 160 |1200 |1217 |  18 | 14 |   1 |   0 |-2.649730e+02 |-3.004706e+02 |  13.40%| unknown
  0.5s|     1 |     0 |   445 |     - |    16M |   0 | 160 |1200 |1219 |  20 | 15 |   1 |   0 |-2.649738e+02 |-3.004706e+02 |  13.40%| unknown
  0.5s|     1 |     0 |   452 |     - |    16M |   0 | 160 |1200 |1221 |  22 | 16 |   1 |   0 |-2.649752e+02 |-3.004706e+02 |  13.40%| unknown
  0.5s|     1 |     0 |   455 |     - |    17M |   0 | 160 |1200 |1223 |  24 | 17 |   1 |   0 |-2.649764e+02 |-3.004706e+02 |  13.40%| unknown
  0.5s|     1 |     0 |   461 |     - |    17M |   0 | 160 |1200 |1225 |  26 | 18 |   1 |   0 |-2.649777e+02 |-3.004706e+02 |  13.39%| unknown
  0.6s|     1 |     0 |   476 |     - |    17M |   0 | 160 |1200 |1228 |  29 | 19 |   1 |   0 |-2.649864e+02 |-3.004706e+02 |  13.39%| unknown
r 0.6s|     1 |     0 |   523 |     - |intshift|   0 | 160 |1200 |1228 |  29 | 19 |   1 |   0 |-2.649864e+02 |-2.778833e+02 |   4.87%| unknown
d 0.6s|     1 |     0 |   584 |     - |farkasdi|   0 | 160 |1200 |1228 |   0 | 19 |   1 |   0 |-2.649864e+02 |-2.652750e+02 |   0.11%| unknown
(run 1, node 1) restarting after 83 global fixings of integer variables

(restart) converted 29 cuts from the global cut pool into linear constraints

presolving:
presolving (0 rounds: 0 fast, 0 medium, 0 exhaustive):
 0 deleted vars, 0 deleted constraints, 0 added constraints, 0 tightened bounds, 0 added holes, 0 changed sides, 0 changed coefficients
 0 implications, 0 cliques, 0 implied integral variables (0 bin, 0 int, 0 cont)
presolved problem has 160 variables (120 bin, 0 int, 40 cont) and 1229 constraints
   1228 constraints of type <linear>
      1 constraints of type <logicor>
Presolving Time: 0.01
transformed 22/26 original solutions to the transformed problem space

 time | node  | left  |LP iter|LP it/n|mem/heur|mdpt |vars |cons |rows |cuts |sepa|confs|strbr|  dualbound   | primalbound  |  gap   | compl. 
  0.6s|     1 |     0 |   851 |     - |    17M |   0 | 160 | 437 | 263 |   0 |  0 |  84 |   0 |-2.649864e+02 |-2.652750e+02 |   0.11%| unknown
  0.6s|     1 |     0 |   851 |     - |    17M |   0 | 160 | 437 | 249 |   0 |  0 |  84 |   0 |-2.649864e+02 |-2.652750e+02 |   0.11%| unknown
  0.6s|     1 |     0 |   871 |     - |    17M |   0 | 160 | 437 | 250 |   1 |  1 |  84 |   0 |-2.650076e+02 |-2.652750e+02 |   0.10%| unknown
  0.7s|     1 |     0 |   886 |     - |    17M |   0 | 160 | 437 | 251 |   2 |  2 |  84 |   0 |-2.650115e+02 |-2.652750e+02 |   0.10%| unknown
  0.7s|     1 |     0 |   914 |     - |    18M |   0 | 160 | 437 | 252 |   3 |  3 |  84 |   0 |-2.650322e+02 |-2.652750e+02 |   0.09%| unknown
  0.8s|     1 |     0 |   925 |     - |    18M |   0 | 160 | 437 | 254 |   5 |  4 |  84 |   0 |-2.650384e+02 |-2.652750e+02 |   0.09%| unknown
  0.8s|     1 |     0 |   925 |     - |    18M |   0 | 160 | 437 | 248 |   5 |  4 |  84 |   0 |-2.650384e+02 |-2.652750e+02 |   0.09%| unknown
  0.8s|     1 |     0 |   948 |     - |    18M |   0 | 160 | 437 | 250 |   7 |  5 |  84 |   0 |-2.650472e+02 |-2.652750e+02 |   0.09%| unknown
  0.8s|     1 |     0 |   973 |     - |    18M |   0 | 160 | 437 | 251 |   8 |  6 |  84 |   0 |-2.650533e+02 |-2.652750e+02 |   0.08%| unknown
  0.9s|     1 |     0 |   997 |     - |    18M |   0 | 160 | 437 | 253 |  10 |  7 |  84 |   0 |-2.650666e+02 |-2.652750e+02 |   0.08%| unknown
  0.9s|     1 |     0 |  1005 |     - |    18M |   0 | 160 | 437 | 255 |  12 |  8 |  84 |   0 |-2.650673e+02 |-2.652750e+02 |   0.08%| unknown
  0.9s|     1 |     0 |  1023 |     - |    18M |   0 | 160 | 437 | 257 |  14 |  9 |  84 |   0 |-2.650742e+02 |-2.652750e+02 |   0.08%| unknown
  1.0s|     1 |     0 |  1039 |     - |    19M |   0 | 160 | 437 | 258 |  15 | 10 |  84 |   0 |-2.650767e+02 |-2.652750e+02 |   0.07%| unknown
  1.0s|     1 |     0 |  1057 |     - |    19M |   0 | 160 | 437 | 260 |  17 | 11 |  84 |   0 |-2.650804e+02 |-2.652750e+02 |   0.07%| unknown
  1.0s|     1 |     0 |  1057 |     - |    19M |   0 | 160 | 412 | 260 |  17 | 11 |  84 |   0 |-2.650804e+02 |-2.652750e+02 |   0.07%| unknown
 time | node  | left  |LP iter|LP it/n|mem/heur|mdpt |vars |cons |rows |cuts |sepa|confs|strbr|  dualbound   | primalbound  |  gap   | compl. 
  1.1s|     1 |     0 |  1075 |     - |    19M |   0 | 160 | 412 | 262 |  19 | 12 |  84 |   0 |-2.650849e+02 |-2.652750e+02 |   0.07%| unknown
  1.1s|     1 |     0 |  1081 |     - |    19M |   0 | 160 | 412 | 263 |  20 | 13 |  84 |   0 |-2.650853e+02 |-2.652750e+02 |   0.07%| unknown
  1.1s|     1 |     0 |  1091 |     - |    19M |   0 | 160 | 412 | 264 |  21 | 14 |  84 |   0 |-2.650859e+02 |-2.652750e+02 |   0.07%| unknown
  1.2s|     1 |     0 |  1268 |     - |    19M |   0 | 160 | 412 | 264 |  21 | 15 |  92 |   1 |-2.651385e+02 |-2.652750e+02 |   0.05%| unknown
  1.3s|     1 |     0 |  1318 |     - |    19M |   0 | 160 | 387 | 264 |  21 | 16 |  94 |   2 |-2.651667e+02 |-2.652750e+02 |   0.04%| unknown
  1.3s|     1 |     0 |  1318 |     - |    19M |   0 | 160 | 387 | 207 |  21 | 16 |  94 |   2 |-2.651667e+02 |-2.652750e+02 |   0.04%| unknown
  1.3s|     1 |     0 |  1318 |     - |    19M |   0 | 160 | 322 | 207 |  21 | 17 |  94 |   2 |-2.651667e+02 |-2.652750e+02 |   0.04%| unknown
  1.3s|     1 |     0 |  1327 |     - |    19M |   0 | 160 | 326 | 207 |  21 | 18 | 101 |   7 |-2.652750e+02 |-2.652750e+02 |   0.00%| unknown

SCIP Status        : problem is solved [optimal solution found]
Solving Time (sec) : 1.33
Solving Nodes      : 1 (total of 2 nodes in 2 runs)
Primal Bound       : -2.65275000000000e+02 (44 solutions)
Dual Bound         : -2.65275000000000e+02
Gap                : 0.00 %
  [linear] <c1200>: <x124>[C] (+20.3916667) +0.579166667<x1>[B] (+0) -0.579166667<x2>[B] (+1) -0.579166667<x3>[B] (+1) +0.579166667<x4>[B] (+1) +0.579166667<x5>[B] (+1) +0.579166667<x6>[B] (+1) -0.579166667<x7>[B] (+1) +0.579166667<x8>[B] (+1) +0.579166667<x9>[B] (+0) +0.579166667<x10>[B] (+1) +0.579166667<x11>[B] (+1) -0.579166667<x12>[B] (+1) +0.579166667<x13>[B] (+1) +0.579166667<x14>[B] (+1) -0.579166667<x15>[B] (+1) -0.579166667<x16>[B] (+1) -0.579166667<x17>[B] (+1) -0.579166667<x18>[B] (+1) +0.579166667<x19>[B] (+1) -0.579166667<x20>[B] (+1) -0.579166667<x21>[B] (+1) -0.579166667<x22>[B] (+1) +0.579166667<x23>[B] (+1) -0.579166667<x24>[B] (+1) +0.579166667<x25>[B] (+1) -0.579166667<x26>[B] (+1) -0.579166667<x27>[B] (+1) -0.579166667<x28>[B] (+1) -0.579166667<x29>[B] (+1) -0.579166667<x30>[B] (+1) +0.579166667<x31>[B] (+1) +0.579166667<x32>[B] (+1) +0.579166667<x33>[B] (+1) -0.579166667<x34>[B] (+1) +0.579166667<x35>[B] (+1) +0.579166667<x36>[B] (+0) +0.579166667<x37>[B] (+1) +0.579166667<x38>[B] (+1) -0.579166667<x39>[B] (+1) +0.579166667<x40>[B] (+1) +0.579166667<x41>[B] (+1) -0.579166667<x42>[B] (+1) +0.579166667<x43>[B] (+0) +0.579166667<x44>[B] (+0) +0.579166667<x45>[B] (+0) +0.579166667<x46>[B] (+0) +0.579166667<x47>[B] (+1) +0.579166667<x48>[B] (+0) +0.579166667<x49>[B] (+0) +0.579166667<x50>[B] (+1) -0.579166667<x51>[B] (+0) +0.579166667<x52>[B] (+0) +0.579166667<x53>[B] (+0) -0.579166667<x54>[B] (+0) +0.579166667<x55>[B] (-6.37268016e-14) +0.579166667<x56>[B] (-6.37268016e-14) -0.579166667<x57>[B] (+1) +0.579166667<x58>[B] (+1) +0.579166667<x59>[B] (+0) +0.579166667<x60>[B] (-6.37268016e-14) +0.579166667<x61>[B] (+1) -0.579166667<x62>[B] (-6.37268016e-14) -0.579166667<x63>[B] (-6.37268016e-14) -0.579166667<x64>[B] (+1) -0.579166667<x65>[B] (-6.37268016e-14) -0.579166667<x66>[B] (+0) -0.579166667<x67>[B] (+1) -0.579166667<x68>[B] (+1) +0.579166667<x69>[B] (+0) -0.579166667<x70>[B] (+0) -0.579166667<x71>[B] (+1) -0.579166667<x72>[B] (+1) -0.579166667<x73>[B] (+1) -0.579166667<x74>[B] (+1) -0.579166667<x75>[B] (+1) -0.579166667<x76>[B] (+1) -0.579166667<x77>[B] (+1) +0.579166667<x78>[B] (+0) -0.579166667<x79>[B] (+1) +0.579166667<x80>[B] (+1) -0.579166667<x81>[B] (+1) -0.579166667<x82>[B] (+1) -0.579166667<x83>[B] (+1) -0.579166667<x84>[B] (+1) +0.579166667<x85>[B] (+1) +0.579166667<x86>[B] (+0) +0.579166667<x87>[B] (+0) +0.579166667<x88>[B] (+1) -0.579166667<x89>[B] (+0) +0.579166667<x90>[B] (+0) +0.579166667<x91>[B] (+1) -0.579166667<x92>[B] (+0) +0.579166667<x93>[B] (+0) -0.579166667<x94>[B] (+0) +0.579166667<x95>[B] (+0) -0.579166667<x96>[B] (+0) -0.579166667<x97>[B] (+0) -0.579166667<x98>[B] (+0) -0.579166667<x99>[B] (+0) -0.579166667<x100>[B] (+1) -0.579166667<x101>[B] (+1) -0.579166667<x102>[B] (+1) -0.579166667<x103>[B] (+1) -0.579166667<x104>[B] (+1) -0.579166667<x105>[B] (+1) +0.579166667<x106>[B] (+1) -0.579166667<x107>[B] (+1) -0.579166667<x108>[B] (+1) -0.579166667<x109>[B] (+1) -0.579166667<x110>[B] (+1) -0.579166667<x111>[B] (+0) -0.579166667<x112>[B] (+0) -0.579166667<x113>[B] (+0) -0.579166667<x114>[B] (+0) +0.579166667<x115>[B] (+0) +0.579166667<x116>[B] (+1) +0.579166667<x117>[B] (+0) +0.579166667<x118>[B] (+1) -0.579166667<x119>[B] (+0) -0.579166667<x120>[B] (+0) >= 11.15;
;
violation: left hand side is violated by 0.0249999999999968
  [linear] <c1200>: <x124>[C] (+19.7875) +0.579166667<x1>[B] (+0) -0.579166667<x2>[B] (+1) -0.579166667<x3>[B] (+1) +0.579166667<x4>[B] (+1) +0.579166667<x5>[B] (+1) +0.579166667<x6>[B] (+1) -0.579166667<x7>[B] (+1) +0.579166667<x8>[B] (+1) +0.579166667<x9>[B] (+0) +0.579166667<x10>[B] (+1) +0.579166667<x11>[B] (+1) -0.579166667<x12>[B] (+1) +0.579166667<x13>[B] (+1) +0.579166667<x14>[B] (+1) -0.579166667<x15>[B] (+1) -0.579166667<x16>[B] (+1) -0.579166667<x17>[B] (+1) -0.579166667<x18>[B] (+1) +0.579166667<x19>[B] (+1) -0.579166667<x20>[B] (+1) -0.579166667<x21>[B] (+1) -0.579166667<x22>[B] (+1) +0.579166667<x23>[B] (+1) -0.579166667<x24>[B] (+1) +0.579166667<x25>[B] (+1) -0.579166667<x26>[B] (+1) -0.579166667<x27>[B] (+1) -0.579166667<x28>[B] (+1) -0.579166667<x29>[B] (+1) -0.579166667<x30>[B] (+1) +0.579166667<x31>[B] (+1) +0.579166667<x32>[B] (+1) +0.579166667<x33>[B] (+1) -0.579166667<x34>[B] (+1) +0.579166667<x35>[B] (+1) +0.579166667<x36>[B] (+0) +0.579166667<x37>[B] (+1) +0.579166667<x38>[B] (+1) -0.579166667<x39>[B] (+1) +0.579166667<x40>[B] (+1) +0.579166667<x41>[B] (+1) -0.579166667<x42>[B] (+1) +0.579166667<x43>[B] (+0) +0.579166667<x44>[B] (+0) +0.579166667<x45>[B] (+0) +0.579166667<x46>[B] (+0) +0.579166667<x47>[B] (+1) +0.579166667<x48>[B] (+0) +0.579166667<x49>[B] (+0) +0.579166667<x50>[B] (+1) -0.579166667<x51>[B] (+0) +0.579166667<x52>[B] (+0) +0.579166667<x53>[B] (+0) -0.579166667<x54>[B] (+0) +0.579166667<x55>[B] (+0) +0.579166667<x56>[B] (+0) -0.579166667<x57>[B] (+1) +0.579166667<x58>[B] (+1) +0.579166667<x59>[B] (+0) +0.579166667<x60>[B] (+0) +0.579166667<x61>[B] (+1) -0.579166667<x62>[B] (+0) -0.579166667<x63>[B] (+0) -0.579166667<x64>[B] (+1) -0.579166667<x65>[B] (+0) -0.579166667<x66>[B] (+0) -0.579166667<x67>[B] (+1) -0.579166667<x68>[B] (+1) +0.579166667<x69>[B] (+0) -0.579166667<x70>[B] (+0) -0.579166667<x71>[B] (+1) -0.579166667<x72>[B] (+1) -0.579166667<x73>[B] (+1) -0.579166667<x74>[B] (+1) -0.579166667<x75>[B] (+0) -0.579166667<x76>[B] (+1) -0.579166667<x77>[B] (+1) +0.579166667<x78>[B] (+0) -0.579166667<x79>[B] (+1) +0.579166667<x80>[B] (+1) -0.579166667<x81>[B] (+1) -0.579166667<x82>[B] (+1) -0.579166667<x83>[B] (+1) -0.579166667<x84>[B] (+1) +0.579166667<x85>[B] (+1) +0.579166667<x86>[B] (+0) +0.579166667<x87>[B] (+0) +0.579166667<x88>[B] (+1) -0.579166667<x89>[B] (+0) +0.579166667<x90>[B] (+0) +0.579166667<x91>[B] (+1) -0.579166667<x92>[B] (+0) +0.579166667<x93>[B] (+0) -0.579166667<x94>[B] (+0) +0.579166667<x95>[B] (+0) -0.579166667<x96>[B] (+0) -0.579166667<x97>[B] (+0) -0.579166667<x98>[B] (+0) -0.579166667<x99>[B] (+0) -0.579166667<x100>[B] (+1) -0.579166667<x101>[B] (+1) -0.579166667<x102>[B] (+1) -0.579166667<x103>[B] (+1) -0.579166667<x104>[B] (+1) -0.579166667<x105>[B] (+1) +0.579166667<x106>[B] (+1) -0.579166667<x107>[B] (+1) -0.579166667<x108>[B] (+1) -0.579166667<x109>[B] (+1) -0.579166667<x110>[B] (+1) -0.579166667<x111>[B] (+0) -0.579166667<x112>[B] (+0) -0.579166667<x113>[B] (+0) -0.579166667<x114>[B] (+0) +0.579166667<x115>[B] (+0) +0.579166667<x116>[B] (+1) +0.579166667<x117>[B] (+0) +0.579166667<x118>[B] (+1) -0.579166667<x119>[B] (+0) -0.579166667<x120>[B] (+0) >= 11.15;
;
violation: left hand side is violated by 0.0499999999999954
  [linear] <c1200>: <x124>[C] (+18.6541667) +0.579166667<x1>[B] (+0) -0.579166667<x2>[B] (+0) -0.579166667<x3>[B] (+1) +0.579166667<x4>[B] (+1) +0.579166667<x5>[B] (+1) +0.579166667<x6>[B] (+1) -0.579166667<x7>[B] (+1) +0.579166667<x8>[B] (+1) +0.579166667<x9>[B] (+1) +0.579166667<x10>[B] (+1) +0.579166667<x11>[B] (+1) -0.579166667<x12>[B] (+1) +0.579166667<x13>[B] (+1) +0.579166667<x14>[B] (+1) -0.579166667<x15>[B] (+1) -0.579166667<x16>[B] (+1) -0.579166667<x17>[B] (+1) -0.579166667<x18>[B] (+1) +0.579166667<x19>[B] (+1) -0.579166667<x20>[B] (+1) -0.579166667<x21>[B] (+1) -0.579166667<x22>[B] (+1) +0.579166667<x23>[B] (+1) -0.579166667<x24>[B] (+1) +0.579166667<x25>[B] (+1) -0.579166667<x26>[B] (+1) -0.579166667<x27>[B] (+1) -0.579166667<x28>[B] (+1) -0.579166667<x29>[B] (+1) -0.579166667<x30>[B] (+1) +0.579166667<x31>[B] (+1) +0.579166667<x32>[B] (+1) +0.579166667<x33>[B] (+1) -0.579166667<x34>[B] (+1) +0.579166667<x35>[B] (+1) +0.579166667<x36>[B] (+1) +0.579166667<x37>[B] (+1) +0.579166667<x38>[B] (+1) -0.579166667<x39>[B] (+1) +0.579166667<x40>[B] (+1) +0.579166667<x41>[B] (+1) -0.579166667<x42>[B] (+1) +0.579166667<x43>[B] (+0) +0.579166667<x44>[B] (+0) +0.579166667<x45>[B] (+0) +0.579166667<x46>[B] (+0) +0.579166667<x47>[B] (+1) +0.579166667<x48>[B] (+0) +0.579166667<x49>[B] (+0) +0.579166667<x50>[B] (+1) -0.579166667<x51>[B] (+0) +0.579166667<x52>[B] (+0) +0.579166667<x53>[B] (+0) -0.579166667<x54>[B] (+0) +0.579166667<x55>[B] (+0) +0.579166667<x56>[B] (+0) -0.579166667<x57>[B] (+1) +0.579166667<x58>[B] (+1) +0.579166667<x59>[B] (+0) +0.579166667<x60>[B] (+0) +0.579166667<x61>[B] (+1) -0.579166667<x62>[B] (+0) -0.579166667<x63>[B] (+0) -0.579166667<x64>[B] (+1) -0.579166667<x65>[B] (+0) -0.579166667<x66>[B] (+1) -0.579166667<x67>[B] (+1) -0.579166667<x68>[B] (+1) +0.579166667<x69>[B] (+0) -0.579166667<x70>[B] (+1) -0.579166667<x71>[B] (+1) -0.579166667<x72>[B] (+1) -0.579166667<x73>[B] (+1) -0.579166667<x74>[B] (+1) -0.579166667<x75>[B] (+1) -0.579166667<x76>[B] (+1) -0.579166667<x77>[B] (+1) +0.579166667<x78>[B] (+0) -0.579166667<x79>[B] (+0) +0.579166667<x80>[B] (+1) -0.579166667<x81>[B] (+0) -0.579166667<x82>[B] (+1) -0.579166667<x83>[B] (+1) -0.579166667<x84>[B] (+1) +0.579166667<x85>[B] (+1) +0.579166667<x86>[B] (+0) +0.579166667<x87>[B] (+0) +0.579166667<x88>[B] (+1) -0.579166667<x89>[B] (+0) +0.579166667<x90>[B] (+0) +0.579166667<x91>[B] (+0) -0.579166667<x92>[B] (+0) +0.579166667<x93>[B] (+0) -0.579166667<x94>[B] (+0) +0.579166667<x95>[B] (+0) -0.579166667<x96>[B] (+0) -0.579166667<x97>[B] (+0) -0.579166667<x98>[B] (+0) -0.579166667<x99>[B] (+0) -0.579166667<x100>[B] (+1) -0.579166667<x101>[B] (+1) -0.579166667<x102>[B] (+1) -0.579166667<x103>[B] (+1) -0.579166667<x104>[B] (+1) -0.579166667<x105>[B] (+1) +0.579166667<x106>[B] (+1) -0.579166667<x107>[B] (+1) -0.579166667<x108>[B] (+1) -0.579166667<x109>[B] (+1) -0.579166667<x110>[B] (+1) -0.579166667<x111>[B] (+0) -0.579166667<x112>[B] (+0) -0.579166667<x113>[B] (+0) -0.579166667<x114>[B] (+0) +0.579166667<x115>[B] (+1) +0.579166667<x116>[B] (+1) +0.579166667<x117>[B] (+1) +0.579166667<x118>[B] (+1) -0.579166667<x119>[B] (+1) -0.579166667<x120>[B] (+0) >= 11.15;
;
violation: left hand side is violated by 0.0250000000000146
  [linear] <c1204>: <x130>[C] (+24.0416667) +0.629166667<x1>[B] (+0) -0.629166667<x2>[B] (+0) +0.629166667<x3>[B] (+1) -0.629166667<x4>[B] (+1) +0.629166667<x5>[B] (+1) +0.629166667<x6>[B] (+0) +0.629166667<x7>[B] (+1) -0.629166667<x8>[B] (+1) +0.629166667<x9>[B] (+0) +0.629166667<x10>[B] (+0) +0.629166667<x11>[B] (+1) +0.629166667<x12>[B] (+1) +0.629166667<x13>[B] (+1) +0.629166667<x14>[B] (+1) +0.629166667<x15>[B] (+1) -0.629166667<x16>[B] (+1) -0.629166667<x17>[B] (+1) -0.629166667<x18>[B] (+1) +0.629166667<x19>[B] (+1) +0.629166667<x20>[B] (+1) +0.629166667<x21>[B] (+1) -0.629166667<x22>[B] (+1) +0.629166667<x23>[B] (+1) +0.629166667<x24>[B] (+1) -0.629166667<x25>[B] (+1) +0.629166667<x26>[B] (+1) +0.629166667<x27>[B] (+1) +0.629166667<x28>[B] (+1) +0.629166667<x29>[B] (+1) +0.629166667<x30>[B] (+1) -0.629166667<x31>[B] (+1) +0.629166667<x32>[B] (+1) +0.629166667<x33>[B] (+1) +0.629166667<x34>[B] (+1) -0.629166667<x35>[B] (+1) +0.629166667<x36>[B] (+0) +0.629166667<x37>[B] (+1) +0.629166667<x38>[B] (+1) +0.629166667<x39>[B] (+1) +0.629166667<x40>[B] (+1) +0.629166667<x41>[B] (+1) +0.629166667<x42>[B] (+1) -0.629166667<x43>[B] (+0) +0.629166667<x44>[B] (+0) +0.629166667<x45>[B] (+0) +0.629166667<x46>[B] (+0) -0.629166667<x47>[B] (+1) +0.629166667<x48>[B] (+0) +0.629166667<x49>[B] (+0) +0.629166667<x50>[B] (+1) +0.629166667<x51>[B] (+0) +0.629166667<x52>[B] (+0) +0.629166667<x53>[B] (+0) +0.629166667<x54>[B] (+0) +0.629166667<x55>[B] (+0) +0.629166667<x56>[B] (+0) +0.629166667<x57>[B] (+1) -0.629166667<x58>[B] (+1) +0.629166667<x59>[B] (+0) +0.629166667<x60>[B] (+0) +0.629166667<x61>[B] (+1) +0.629166667<x62>[B] (+0) +0.629166667<x63>[B] (+0) +0.629166667<x64>[B] (+1) +0.629166667<x65>[B] (+0) +0.629166667<x66>[B] (+0) -0.629166667<x67>[B] (+1) -0.629166667<x68>[B] (+1) -0.629166667<x69>[B] (+0) +0.629166667<x70>[B] (+0) -0.629166667<x71>[B] (+1) -0.629166667<x72>[B] (+1) -0.629166667<x73>[B] (+1) -0.629166667<x74>[B] (+1) +0.629166667<x75>[B] (+1) -0.629166667<x76>[B] (+1) -0.629166667<x77>[B] (+1) -0.629166667<x78>[B] (+0) -0.629166667<x79>[B] (+1) -0.629166667<x80>[B] (+1) -0.629166667<x81>[B] (+1) -0.629166667<x82>[B] (+1) -0.629166667<x83>[B] (+1) -0.629166667<x84>[B] (+1) -0.629166667<x85>[B] (+1) -0.629166667<x86>[B] (+0) +0.629166667<x87>[B] (+0) -0.629166667<x88>[B] (+1) -0.629166667<x89>[B] (+0) +0.629166667<x90>[B] (+0) -0.629166667<x91>[B] (+1) +0.629166667<x92>[B] (+0) +0.629166667<x93>[B] (+0) +0.629166667<x94>[B] (+0) +0.629166667<x95>[B] (+0) +0.629166667<x96>[B] (+0) +0.629166667<x97>[B] (+0) +0.629166667<x98>[B] (+0) +0.629166667<x99>[B] (+0) +0.629166667<x100>[B] (+1) -0.629166667<x101>[B] (+1) -0.629166667<x102>[B] (+1) +0.629166667<x103>[B] (+1) -0.629166667<x104>[B] (+1) +0.629166667<x105>[B] (+1) -0.629166667<x106>[B] (+1) -0.629166667<x107>[B] (+1) -0.629166667<x108>[B] (+1) -0.629166667<x109>[B] (+1) +0.629166667<x110>[B] (+1) +0.629166667<x111>[B] (+0) +0.629166667<x112>[B] (+0) +0.629166667<x113>[B] (+0) +0.629166667<x114>[B] (+0) +0.629166667<x115>[B] (+0) +0.629166667<x116>[B] (+1) +0.629166667<x117>[B] (+0) -0.629166667<x118>[B] (+1) +0.629166667<x119>[B] (+1) +0.629166667<x120>[B] (+0) >= 25.325;
;
violation: left hand side is violated by 0.0250000000022759
  [linear] <c1202>: <x127>[C] (+18.125) +0.5375<x1>[B] (+0) +0.5375<x2>[B] (+1) +0.5375<x3>[B] (+1) +0.5375<x4>[B] (+1) +0.5375<x5>[B] (+1) +0.5375<x6>[B] (+1) +0.5375<x7>[B] (+1) +0.5375<x8>[B] (+1) +0.5375<x9>[B] (+1) +0.5375<x10>[B] (+1) -0.5375<x11>[B] (+1) -0.5375<x12>[B] (+1) +0.5375<x13>[B] (+1) +0.5375<x14>[B] (+1) -0.5375<x15>[B] (+1) +0.5375<x16>[B] (+1) -0.5375<x17>[B] (+1) -0.5375<x18>[B] (+1) -0.5375<x19>[B] (+1) +0.5375<x20>[B] (+1) -0.5375<x21>[B] (+1) -0.5375<x22>[B] (+1) -0.5375<x23>[B] (+1) -0.5375<x24>[B] (+1) -0.5375<x25>[B] (+1) -0.5375<x26>[B] (+1) -0.5375<x27>[B] (+1) -0.5375<x28>[B] (+1) -0.5375<x29>[B] (+1) -0.5375<x30>[B] (+1) -0.5375<x31>[B] (+1) -0.5375<x32>[B] (+1) +0.5375<x33>[B] (+1) -0.5375<x34>[B] (+1) -0.5375<x35>[B] (+1) -0.5375<x36>[B] (+0) -0.5375<x37>[B] (+1) -0.5375<x38>[B] (+1) -0.5375<x39>[B] (+1) -0.5375<x40>[B] (+1) -0.5375<x41>[B] (+1) -0.5375<x42>[B] (+1) -0.5375<x43>[B] (+0) -0.5375<x44>[B] (+0) +0.5375<x45>[B] (+0) -0.5375<x46>[B] (+0) +0.5375<x47>[B] (+1) -0.5375<x48>[B] (+0) +0.5375<x49>[B] (+0) -0.5375<x50>[B] (+1) -0.5375<x51>[B] (+0) -0.5375<x52>[B] (+0) +0.5375<x53>[B] (+0) -0.5375<x54>[B] (+0) -0.5375<x55>[B] (+0) +0.5375<x56>[B] (+0) +0.5375<x57>[B] (+1) +0.5375<x58>[B] (+1) -0.5375<x59>[B] (+0) +0.5375<x60>[B] (+0) -0.5375<x61>[B] (+1) -0.5375<x62>[B] (+0) +0.5375<x63>[B] (+0) +0.5375<x64>[B] (+1) -0.5375<x65>[B] (+0) +0.5375<x66>[B] (+0) +0.5375<x67>[B] (+1) +0.5375<x68>[B] (+1) -0.5375<x69>[B] (+0) +0.5375<x70>[B] (+0) -0.5375<x71>[B] (+1) -0.5375<x72>[B] (+1) +0.5375<x73>[B] (+1) +0.5375<x74>[B] (+1) -0.5375<x75>[B] (+1) -0.5375<x76>[B] (+1) -0.5375<x77>[B] (+1) -0.5375<x78>[B] (+0) -0.5375<x79>[B] (+1) -0.5375<x80>[B] (+1) -0.5375<x81>[B] (+1) -0.5375<x82>[B] (+1) -0.5375<x83>[B] (+1) -0.5375<x84>[B] (+1) +0.5375<x85>[B] (+1) -0.5375<x86>[B] (+0) +0.5375<x87>[B] (+0) -0.5375<x88>[B] (+1) -0.5375<x89>[B] (+0) +0.5375<x90>[B] (+0) +0.5375<x91>[B] (+1) -0.5375<x92>[B] (+0) -0.5375<x93>[B] (+0) +0.5375<x94>[B] (+0) -0.5375<x95>[B] (+0) -0.5375<x96>[B] (+0) -0.5375<x97>[B] (+0) +0.5375<x98>[B] (+0) -0.5375<x99>[B] (+0) +0.5375<x100>[B] (+1) -0.5375<x101>[B] (+1) -0.5375<x102>[B] (+1) +0.5375<x103>[B] (+1) +0.5375<x104>[B] (+1) -0.5375<x105>[B] (+1) -0.5375<x106>[B] (+1) -0.5375<x107>[B] (+1) -0.5375<x108>[B] (+1) -0.5375<x109>[B] (+1) -0.5375<x110>[B] (+1) -0.5375<x111>[B] (+0) +0.5375<x112>[B] (+0) +0.5375<x113>[B] (+0) -0.5375<x114>[B] (+0) +0.5375<x115>[B] (+0) +0.5375<x116>[B] (+1) -0.5375<x117>[B] (+1) +0.5375<x118>[B] (+1) -0.5375<x119>[B] (+1) -0.5375<x120>[B] (+0) >= 6.85416666666667;
;
violation: left hand side is violated by 0.0166666666666728
  [linear] <c1204>: <x130>[C] (+23.4291667) +0.629166667<x1>[B] (+0) -0.629166667<x2>[B] (+0) +0.629166667<x3>[B] (+1) -0.629166667<x4>[B] (+1) +0.629166667<x5>[B] (+1) +0.629166667<x6>[B] (+0) +0.629166667<x7>[B] (+1) -0.629166667<x8>[B] (+1) +0.629166667<x9>[B] (+0) +0.629166667<x10>[B] (+0) +0.629166667<x11>[B] (+1) +0.629166667<x12>[B] (+1) +0.629166667<x13>[B] (+1) +0.629166667<x14>[B] (+1) +0.629166667<x15>[B] (+1) -0.629166667<x16>[B] (+1) -0.629166667<x17>[B] (+1) -0.629166667<x18>[B] (+1) +0.629166667<x19>[B] (+1) +0.629166667<x20>[B] (+1) +0.629166667<x21>[B] (+1) -0.629166667<x22>[B] (+1) +0.629166667<x23>[B] (+1) +0.629166667<x24>[B] (+1) -0.629166667<x25>[B] (+1) +0.629166667<x26>[B] (+1) +0.629166667<x27>[B] (+1) +0.629166667<x28>[B] (+1) +0.629166667<x29>[B] (+1) +0.629166667<x30>[B] (+1) -0.629166667<x31>[B] (+1) +0.629166667<x32>[B] (+1) +0.629166667<x33>[B] (+1) +0.629166667<x34>[B] (+1) -0.629166667<x35>[B] (+1) +0.629166667<x36>[B] (+0) +0.629166667<x37>[B] (+1) +0.629166667<x38>[B] (+1) +0.629166667<x39>[B] (+1) +0.629166667<x40>[B] (+1) +0.629166667<x41>[B] (+1) +0.629166667<x42>[B] (+1) -0.629166667<x43>[B] (+0) +0.629166667<x44>[B] (+0) +0.629166667<x45>[B] (+0) +0.629166667<x46>[B] (+0) -0.629166667<x47>[B] (+1) +0.629166667<x48>[B] (+0) +0.629166667<x49>[B] (+0) +0.629166667<x50>[B] (+1) +0.629166667<x51>[B] (+0) +0.629166667<x52>[B] (+0) +0.629166667<x53>[B] (+0) +0.629166667<x54>[B] (+0) +0.629166667<x55>[B] (+0) +0.629166667<x56>[B] (+0) +0.629166667<x57>[B] (+1) -0.629166667<x58>[B] (+1) +0.629166667<x59>[B] (+0) +0.629166667<x60>[B] (+0) +0.629166667<x61>[B] (+1) +0.629166667<x62>[B] (+0) +0.629166667<x63>[B] (+0) +0.629166667<x64>[B] (+1) +0.629166667<x65>[B] (+0) +0.629166667<x66>[B] (+0) -0.629166667<x67>[B] (+1) -0.629166667<x68>[B] (+1) -0.629166667<x69>[B] (+0) +0.629166667<x70>[B] (+0) -0.629166667<x71>[B] (+1) -0.629166667<x72>[B] (+1) -0.629166667<x73>[B] (+0) -0.629166667<x74>[B] (+1) +0.629166667<x75>[B] (+1) -0.629166667<x76>[B] (+1) -0.629166667<x77>[B] (+1) -0.629166667<x78>[B] (+0) -0.629166667<x79>[B] (+1) -0.629166667<x80>[B] (+1) -0.629166667<x81>[B] (+1) -0.629166667<x82>[B] (+1) -0.629166667<x83>[B] (+1) -0.629166667<x84>[B] (+1) -0.629166667<x85>[B] (+1) -0.629166667<x86>[B] (+0) +0.629166667<x87>[B] (+0) -0.629166667<x88>[B] (+1) -0.629166667<x89>[B] (+0) +0.629166667<x90>[B] (+0) -0.629166667<x91>[B] (+1) +0.629166667<x92>[B] (+0) +0.629166667<x93>[B] (+0) +0.629166667<x94>[B] (+0) +0.629166667<x95>[B] (+0) +0.629166667<x96>[B] (+0) +0.629166667<x97>[B] (+0) +0.629166667<x98>[B] (+0) +0.629166667<x99>[B] (+0) +0.629166667<x100>[B] (+1) -0.629166667<x101>[B] (+1) -0.629166667<x102>[B] (+1) +0.629166667<x103>[B] (+1) -0.629166667<x104>[B] (+1) +0.629166667<x105>[B] (+1) -0.629166667<x106>[B] (+1) -0.629166667<x107>[B] (+1) -0.629166667<x108>[B] (+1) -0.629166667<x109>[B] (+1) +0.629166667<x110>[B] (+1) +0.629166667<x111>[B] (+0) +0.629166667<x112>[B] (+0) +0.629166667<x113>[B] (+0) +0.629166667<x114>[B] (+0) +0.629166667<x115>[B] (+0) +0.629166667<x116>[B] (+1) +0.629166667<x117>[B] (+0) -0.629166667<x118>[B] (+1) +0.629166667<x119>[B] (+1) +0.629166667<x120>[B] (+0) >= 25.325;
;
violation: left hand side is violated by 0.00833333333332931
  [linear] <c1209>: <x139>[C] (+17.5208333) +0.529166667<x1>[B] (+0) +0.529166667<x2>[B] (+1) -0.529166667<x3>[B] (+1) +0.529166667<x4>[B] (+1) -0.529166667<x5>[B] (+1) +0.529166667<x6>[B] (+1) +0.529166667<x7>[B] (+1) +0.529166667<x8>[B] (+1) +0.529166667<x9>[B] (+1) +0.529166667<x10>[B] (+1) +0.529166667<x11>[B] (+1) -0.529166667<x12>[B] (+1) +0.529166667<x13>[B] (+1) +0.529166667<x14>[B] (+1) +0.529166667<x15>[B] (+1) +0.529166667<x16>[B] (+1) -0.529166667<x17>[B] (+1) +0.529166667<x18>[B] (+1) -0.529166667<x19>[B] (+1) +0.529166667<x20>[B] (+1) -0.529166667<x21>[B] (+1) +0.529166667<x22>[B] (+1) -0.529166667<x23>[B] (+1) -0.529166667<x24>[B] (+1) -0.529166667<x25>[B] (+1) -0.529166667<x26>[B] (+1) -0.529166667<x27>[B] (+1) +0.529166667<x28>[B] (+1) -0.529166667<x29>[B] (+1) -0.529166667<x30>[B] (+1) -0.529166667<x31>[B] (+1) -0.529166667<x32>[B] (+1) -0.529166667<x33>[B] (+1) -0.529166667<x34>[B] (+1) -0.529166667<x35>[B] (+1) -0.529166667<x36>[B] (+1) -0.529166667<x37>[B] (+1) -0.529166667<x38>[B] (+1) -0.529166667<x39>[B] (+1) -0.529166667<x40>[B] (+1) -0.529166667<x41>[B] (+1) -0.529166667<x42>[B] (+1) +0.529166667<x43>[B] (+0) -0.529166667<x44>[B] (+0) +0.529166667<x45>[B] (+0) +0.529166667<x46>[B] (+0) +0.529166667<x47>[B] (+1) +0.529166667<x48>[B] (+0) +0.529166667<x49>[B] (+0) +0.529166667<x50>[B] (+1) +0.529166667<x51>[B] (+0) +0.529166667<x52>[B] (+0) +0.529166667<x53>[B] (+0) +0.529166667<x54>[B] (+0) -0.529166667<x55>[B] (+0) -0.529166667<x56>[B] (+0) -0.529166667<x57>[B] (+1) -0.529166667<x58>[B] (+1) -0.529166667<x59>[B] (+0) -0.529166667<x60>[B] (+0) -0.529166667<x61>[B] (+1) -0.529166667<x62>[B] (+0) -0.529166667<x63>[B] (+0) -0.529166667<x64>[B] (+1) -0.529166667<x65>[B] (+0) +0.529166667<x66>[B] (+0) +0.529166667<x67>[B] (+1) +0.529166667<x68>[B] (+1) +0.529166667<x69>[B] (+0) +0.529166667<x70>[B] (+0) +0.529166667<x71>[B] (+1) +0.529166667<x72>[B] (+1) +0.529166667<x73>[B] (+1) +0.529166667<x74>[B] (+1) +0.529166667<x75>[B] (+0) -0.529166667<x76>[B] (+1) -0.529166667<x77>[B] (+1) -0.529166667<x78>[B] (+0) -0.529166667<x79>[B] (+1) -0.529166667<x80>[B] (+1) -0.529166667<x81>[B] (+1) -0.529166667<x82>[B] (+1) -0.529166667<x83>[B] (+1) -0.529166667<x84>[B] (+1) +0.529166667<x85>[B] (+1) +0.529166667<x86>[B] (+0) +0.529166667<x87>[B] (+0) +0.529166667<x88>[B] (+1) -0.529166667<x89>[B] (+0) -0.529166667<x90>[B] (+0) +0.529166667<x91>[B] (+0) -0.529166667<x92>[B] (+0) -0.529166667<x93>[B] (+0) -0.529166667<x94>[B] (+0) -0.529166667<x95>[B] (+0) -0.529166667<x96>[B] (+0) -0.529166667<x97>[B] (+0) +0.529166667<x98>[B] (+0) -0.529166667<x99>[B] (+0) +0.529166667<x100>[B] (+1) -0.529166667<x101>[B] (+1) -0.529166667<x102>[B] (+1) -0.529166667<x103>[B] (+1) +0.529166667<x104>[B] (+1) -0.529166667<x105>[B] (+1) -0.529166667<x106>[B] (+1) -0.529166667<x107>[B] (+1) -0.529166667<x108>[B] (+1) +0.529166667<x109>[B] (+1) -0.529166667<x110>[B] (+1) -0.529166667<x111>[B] (+0) -0.529166667<x112>[B] (+0) +0.529166667<x113>[B] (+0) -0.529166667<x114>[B] (+0) +0.529166667<x115>[B] (+1) +0.529166667<x116>[B] (+1) +0.529166667<x117>[B] (+0) +0.529166667<x118>[B] (+1) -0.529166667<x119>[B] (+0) -0.529166667<x120>[B] (+0) >= 10.7166666666667;
;
violation: left hand side is violated by 0.0750000000000082
  [linear] <c1200>: <x124>[C] (+19.7875) +0.579166667<x1>[B] (+0) -0.579166667<x2>[B] (+0) -0.579166667<x3>[B] (+1) +0.579166667<x4>[B] (+1) +0.579166667<x5>[B] (+1) +0.579166667<x6>[B] (+0) -0.579166667<x7>[B] (+1) +0.579166667<x8>[B] (+1) +0.579166667<x9>[B] (+0) +0.579166667<x10>[B] (+1) +0.579166667<x11>[B] (+1) -0.579166667<x12>[B] (+1) +0.579166667<x13>[B] (+1) +0.579166667<x14>[B] (+1) -0.579166667<x15>[B] (+1) -0.579166667<x16>[B] (+1) -0.579166667<x17>[B] (+1) -0.579166667<x18>[B] (+1) +0.579166667<x19>[B] (+1) -0.579166667<x20>[B] (+1) -0.579166667<x21>[B] (+1) -0.579166667<x22>[B] (+1) +0.579166667<x23>[B] (+1) -0.579166667<x24>[B] (+1) +0.579166667<x25>[B] (+1) -0.579166667<x26>[B] (+1) -0.579166667<x27>[B] (+1) -0.579166667<x28>[B] (+1) -0.579166667<x29>[B] (+1) -0.579166667<x30>[B] (+1) +0.579166667<x31>[B] (+1) +0.579166667<x32>[B] (+1) +0.579166667<x33>[B] (+1) -0.579166667<x34>[B] (+1) +0.579166667<x35>[B] (+1) +0.579166667<x36>[B] (+1) +0.579166667<x37>[B] (+1) +0.579166667<x38>[B] (+1) -0.579166667<x39>[B] (+1) +0.579166667<x40>[B] (+1) +0.579166667<x41>[B] (+1) -0.579166667<x42>[B] (+1) +0.579166667<x43>[B] (+0) +0.579166667<x44>[B] (+0) +0.579166667<x45>[B] (+0) +0.579166667<x46>[B] (+0) +0.579166667<x47>[B] (+1) +0.579166667<x48>[B] (+0) +0.579166667<x49>[B] (+0) +0.579166667<x50>[B] (+1) -0.579166667<x51>[B] (+0) +0.579166667<x52>[B] (+0) +0.579166667<x53>[B] (+0) -0.579166667<x54>[B] (+0) +0.579166667<x55>[B] (+0) +0.579166667<x56>[B] (+0) -0.579166667<x57>[B] (+1) +0.579166667<x58>[B] (+1) +0.579166667<x59>[B] (+0) +0.579166667<x60>[B] (+0) +0.579166667<x61>[B] (+1) -0.579166667<x62>[B] (+0) -0.579166667<x63>[B] (+0) -0.579166667<x64>[B] (+1) -0.579166667<x65>[B] (+0) -0.579166667<x66>[B] (+0) -0.579166667<x67>[B] (+1) -0.579166667<x68>[B] (+1) +0.579166667<x69>[B] (+0) -0.579166667<x70>[B] (+0) -0.579166667<x71>[B] (+1) -0.579166667<x72>[B] (+1) -0.579166667<x73>[B] (+0) -0.579166667<x74>[B] (+1) -0.579166667<x75>[B] (+0) -0.579166667<x76>[B] (+1) -0.579166667<x77>[B] (+1) +0.579166667<x78>[B] (+0) -0.579166667<x79>[B] (+1) +0.579166667<x80>[B] (+1) -0.579166667<x81>[B] (+1) -0.579166667<x82>[B] (+1) -0.579166667<x83>[B] (+1) -0.579166667<x84>[B] (+1) +0.579166667<x85>[B] (+1) +0.579166667<x86>[B] (+0) +0.579166667<x87>[B] (+0) +0.579166667<x88>[B] (+1) -0.579166667<x89>[B] (+0) +0.579166667<x90>[B] (+0) +0.579166667<x91>[B] (+0) -0.579166667<x92>[B] (+0) +0.579166667<x93>[B] (+0) -0.579166667<x94>[B] (+0) +0.579166667<x95>[B] (+0) -0.579166667<x96>[B] (+0) -0.579166667<x97>[B] (+0) -0.579166667<x98>[B] (+0) -0.579166667<x99>[B] (+0) -0.579166667<x100>[B] (+1) -0.579166667<x101>[B] (+1) -0.579166667<x102>[B] (+1) -0.579166667<x103>[B] (+1) -0.579166667<x104>[B] (+1) -0.579166667<x105>[B] (+1) +0.579166667<x106>[B] (+1) -0.579166667<x107>[B] (+1) -0.579166667<x108>[B] (+1) -0.579166667<x109>[B] (+1) -0.579166667<x110>[B] (+1) -0.579166667<x111>[B] (+0) -0.579166667<x112>[B] (+0) -0.579166667<x113>[B] (+0) -0.579166667<x114>[B] (+0) +0.579166667<x115>[B] (+0) +0.579166667<x116>[B] (+1) +0.579166667<x117>[B] (+0) +0.579166667<x118>[B] (+1) -0.579166667<x119>[B] (+1) -0.579166667<x120>[B] (+0) >= 11.15;
;
violation: left hand side is violated by 0.0499999999999954
  [linear] <c1204>: <x130>[C] (+24.0416667) +0.629166667<x1>[B] (+0) -0.629166667<x2>[B] (+0) +0.629166667<x3>[B] (+1) -0.629166667<x4>[B] (+1) +0.629166667<x5>[B] (+1) +0.629166667<x6>[B] (+0) +0.629166667<x7>[B] (+1) -0.629166667<x8>[B] (+1) +0.629166667<x9>[B] (+0) +0.629166667<x10>[B] (+0) +0.629166667<x11>[B] (+1) +0.629166667<x12>[B] (+1) +0.629166667<x13>[B] (+1) +0.629166667<x14>[B] (+1) +0.629166667<x15>[B] (+1) -0.629166667<x16>[B] (+1) -0.629166667<x17>[B] (+1) -0.629166667<x18>[B] (+1) +0.629166667<x19>[B] (+1) +0.629166667<x20>[B] (+1) +0.629166667<x21>[B] (+1) -0.629166667<x22>[B] (+1) +0.629166667<x23>[B] (+1) +0.629166667<x24>[B] (+1) -0.629166667<x25>[B] (+1) +0.629166667<x26>[B] (+1) +0.629166667<x27>[B] (+1) +0.629166667<x28>[B] (+1) +0.629166667<x29>[B] (+1) +0.629166667<x30>[B] (+1) -0.629166667<x31>[B] (+1) +0.629166667<x32>[B] (+1) +0.629166667<x33>[B] (+1) +0.629166667<x34>[B] (+1) -0.629166667<x35>[B] (+1) +0.629166667<x36>[B] (+0) +0.629166667<x37>[B] (+1) +0.629166667<x38>[B] (+1) +0.629166667<x39>[B] (+1) +0.629166667<x40>[B] (+1) +0.629166667<x41>[B] (+1) +0.629166667<x42>[B] (+1) -0.629166667<x43>[B] (+0) +0.629166667<x44>[B] (+0) +0.629166667<x45>[B] (+0) +0.629166667<x46>[B] (+0) -0.629166667<x47>[B] (+1) +0.629166667<x48>[B] (+0) +0.629166667<x49>[B] (+0) +0.629166667<x50>[B] (+1) +0.629166667<x51>[B] (+0) +0.629166667<x52>[B] (+0) +0.629166667<x53>[B] (+0) +0.629166667<x54>[B] (+0) +0.629166667<x55>[B] (+0) +0.629166667<x56>[B] (+0) +0.629166667<x57>[B] (+1) -0.629166667<x58>[B] (+1) +0.629166667<x59>[B] (+0) +0.629166667<x60>[B] (+0) +0.629166667<x61>[B] (+1) +0.629166667<x62>[B] (+0) +0.629166667<x63>[B] (+0) +0.629166667<x64>[B] (+1) +0.629166667<x65>[B] (+0) +0.629166667<x66>[B] (+0) -0.629166667<x67>[B] (+1) -0.629166667<x68>[B] (+1) -0.629166667<x69>[B] (+0) +0.629166667<x70>[B] (+0) -0.629166667<x71>[B] (+1) -0.629166667<x72>[B] (+1) -0.629166667<x73>[B] (+1) -0.629166667<x74>[B] (+1) +0.629166667<x75>[B] (+1) -0.629166667<x76>[B] (+1) -0.629166667<x77>[B] (+1) -0.629166667<x78>[B] (+0) -0.629166667<x79>[B] (+1) -0.629166667<x80>[B] (+1) -0.629166667<x81>[B] (+1) -0.629166667<x82>[B] (+1) -0.629166667<x83>[B] (+1) -0.629166667<x84>[B] (+1) -0.629166667<x85>[B] (+1) -0.629166667<x86>[B] (+0) +0.629166667<x87>[B] (+0) -0.629166667<x88>[B] (+1) -0.629166667<x89>[B] (+0) +0.629166667<x90>[B] (+0) -0.629166667<x91>[B] (+1) +0.629166667<x92>[B] (+0) +0.629166667<x93>[B] (+0) +0.629166667<x94>[B] (+0) +0.629166667<x95>[B] (+0) +0.629166667<x96>[B] (+0) +0.629166667<x97>[B] (+0) +0.629166667<x98>[B] (+0) +0.629166667<x99>[B] (+0) +0.629166667<x100>[B] (+1) -0.629166667<x101>[B] (+1) -0.629166667<x102>[B] (+1) +0.629166667<x103>[B] (+1) -0.629166667<x104>[B] (+1) +0.629166667<x105>[B] (+1) -0.629166667<x106>[B] (+1) -0.629166667<x107>[B] (+1) -0.629166667<x108>[B] (+1) -0.629166667<x109>[B] (+1) +0.629166667<x110>[B] (+1) +0.629166667<x111>[B] (+0) +0.629166667<x112>[B] (+0) +0.629166667<x113>[B] (+0) +0.629166667<x114>[B] (+0) +0.629166667<x115>[B] (+0) +0.629166667<x116>[B] (+1) +0.629166667<x117>[B] (+0) -0.629166667<x118>[B] (+1) +0.629166667<x119>[B] (+1) +0.629166667<x120>[B] (+0) >= 25.325;
;
violation: left hand side is violated by 0.0249999999999808
  [linear] <c1204>: <x130>[C] (+23.4291667) +0.629166667<x1>[B] (+0) -0.629166667<x2>[B] (+1) +0.629166667<x3>[B] (+1) -0.629166667<x4>[B] (+1) +0.629166667<x5>[B] (+1) +0.629166667<x6>[B] (+1) +0.629166667<x7>[B] (+1) -0.629166667<x8>[B] (+1) +0.629166667<x9>[B] (+0) +0.629166667<x10>[B] (+0) +0.629166667<x11>[B] (+1) +0.629166667<x12>[B] (+1) +0.629166667<x13>[B] (+1) +0.629166667<x14>[B] (+1) +0.629166667<x15>[B] (+1) -0.629166667<x16>[B] (+1) -0.629166667<x17>[B] (+1) -0.629166667<x18>[B] (+1) +0.629166667<x19>[B] (+1) +0.629166667<x20>[B] (+1) +0.629166667<x21>[B] (+1) -0.629166667<x22>[B] (+1) +0.629166667<x23>[B] (+1) +0.629166667<x24>[B] (+1) -0.629166667<x25>[B] (+1) +0.629166667<x26>[B] (+1) +0.629166667<x27>[B] (+1) +0.629166667<x28>[B] (+1) +0.629166667<x29>[B] (+1) +0.629166667<x30>[B] (+1) -0.629166667<x31>[B] (+1) +0.629166667<x32>[B] (+1) +0.629166667<x33>[B] (+1) +0.629166667<x34>[B] (+1) -0.629166667<x35>[B] (+1) +0.629166667<x36>[B] (+0) +0.629166667<x37>[B] (+0) +0.629166667<x38>[B] (+1) +0.629166667<x39>[B] (+1) +0.629166667<x40>[B] (+1) +0.629166667<x41>[B] (+1) +0.629166667<x42>[B] (+1) -0.629166667<x43>[B] (+0) +0.629166667<x44>[B] (+0) +0.629166667<x45>[B] (+0) +0.629166667<x46>[B] (+0) -0.629166667<x47>[B] (+1) +0.629166667<x48>[B] (+0) +0.629166667<x49>[B] (+0) +0.629166667<x50>[B] (+1) +0.629166667<x51>[B] (+0) +0.629166667<x52>[B] (+0) +0.629166667<x53>[B] (+0) +0.629166667<x54>[B] (+0) +0.629166667<x55>[B] (+0) +0.629166667<x56>[B] (+0) +0.629166667<x57>[B] (+1) -0.629166667<x58>[B] (+1) +0.629166667<x59>[B] (+0) +0.629166667<x60>[B] (+0) +0.629166667<x61>[B] (+1) +0.629166667<x62>[B] (+0) +0.629166667<x63>[B] (+0) +0.629166667<x64>[B] (+1) +0.629166667<x65>[B] (+0) +0.629166667<x66>[B] (+0) -0.629166667<x67>[B] (+1) -0.629166667<x68>[B] (+1) -0.629166667<x69>[B] (+0) +0.629166667<x70>[B] (+0) -0.629166667<x71>[B] (+1) -0.629166667<x72>[B] (+1) -0.629166667<x73>[B] (+0) -0.629166667<x74>[B] (+1) +0.629166667<x75>[B] (+1) -0.629166667<x76>[B] (+1) -0.629166667<x77>[B] (+1) -0.629166667<x78>[B] (+0) -0.629166667<x79>[B] (+0) -0.629166667<x80>[B] (+1) -0.629166667<x81>[B] (+1) -0.629166667<x82>[B] (+1) -0.629166667<x83>[B] (+1) -0.629166667<x84>[B] (+1) -0.629166667<x85>[B] (+1) -0.629166667<x86>[B] (+0) +0.629166667<x87>[B] (+0) -0.629166667<x88>[B] (+1) -0.629166667<x89>[B] (+0) +0.629166667<x90>[B] (+0) -0.629166667<x91>[B] (+1) +0.629166667<x92>[B] (+0) +0.629166667<x93>[B] (+0) +0.629166667<x94>[B] (+0) +0.629166667<x95>[B] (+0) +0.629166667<x96>[B] (+0) +0.629166667<x97>[B] (+0) +0.629166667<x98>[B] (+0) +0.629166667<x99>[B] (+0) +0.629166667<x100>[B] (+1) -0.629166667<x101>[B] (+1) -0.629166667<x102>[B] (+1) +0.629166667<x103>[B] (+1) -0.629166667<x104>[B] (+1) +0.629166667<x105>[B] (+1) -0.629166667<x106>[B] (+1) -0.629166667<x107>[B] (+1) -0.629166667<x108>[B] (+1) -0.629166667<x109>[B] (+1) +0.629166667<x110>[B] (+1) +0.629166667<x111>[B] (+0) +0.629166667<x112>[B] (+0) +0.629166667<x113>[B] (+0) +0.629166667<x114>[B] (+0) +0.629166667<x115>[B] (+0) +0.629166667<x116>[B] (+1) +0.629166667<x117>[B] (+0) -0.629166667<x118>[B] (+1) +0.629166667<x119>[B] (+1) +0.629166667<x120>[B] (+0) >= 25.325;
;
violation: left hand side is violated by 0.0083333333333151
all 10 solutions given by solution candidate storage are infeasible

feasible solution found by trivial heuristic after 0.0 seconds, objective value -3.999672e+06
presolving:
   (0.0s) symmetry computation started: requiring (bin +, int +, cont +), (fixed: bin -, int -, cont -)
   (0.0s) no symmetry present (symcode time: 0.00)
presolving (0 rounds: 0 fast, 0 medium, 0 exhaustive):
 0 deleted vars, 0 deleted constraints, 0 added constraints, 0 tightened bounds, 0 added holes, 0 changed sides, 0 changed coefficients
 0 implications, 0 cliques, 0 implied integral variables (0 bin, 0 int, 0 cont)
presolved problem has 160 variables (120 bin, 0 int, 40 cont) and 1224 constraints
   1224 constraints of type <linear>
Presolving Time: 0.01
transformed 1/1 original solutions to the transformed problem space

 time | node  | left  |LP iter|LP it/n|mem/heur|mdpt |vars |cons |rows |cuts |sepa|confs|strbr|  dualbound   | primalbound  |  gap   | compl. 
p 0.0s|     1 |     0 |     8 |     - |   locks|   0 | 160 |1224 |1224 |   0 |  0 |   0 |   0 | 5.840000e+02 |-5.928833e+02 |    Inf | unknown
  0.0s|     1 |     0 |   249 |     - |    20M |   0 | 160 |1224 |1224 |   0 |  0 |   0 |   0 |-2.654433e+02 |-5.928833e+02 | 123.36%| unknown
r 0.0s|     1 |     0 |   249 |     - |shifting|   0 | 160 |1224 |1224 |   0 |  0 |   0 |   0 |-2.654433e+02 |-3.609677e+02 |  35.99%| unknown
  0.0s|     1 |     0 |   256 |     - |    20M |   0 | 160 |1224 |1226 |   2 |  1 |   0 |   0 |-2.655810e+02 |-3.609677e+02 |  35.92%| unknown
r 0.1s|     1 |     0 |   256 |     - |shifting|   0 | 160 |1224 |1226 |   2 |  1 |   0 |   0 |-2.655810e+02 |-3.202611e+02 |  20.59%| unknown
  0.1s|     1 |     0 |   256 |     - |    20M |   0 | 160 |1224 |1226 |   2 |  1 |   0 |   0 |-2.655810e+02 |-3.202611e+02 |  20.59%| unknown
  0.1s|     1 |     0 |   262 |     - |    20M |   0 | 160 |1224 |1227 |   3 |  2 |   0 |   0 |-2.656020e+02 |-3.202611e+02 |  20.58%| unknown
  0.1s|     1 |     0 |   270 |     - |    20M |   0 | 160 |1224 |1228 |   4 |  3 |   0 |   0 |-2.656046e+02 |-3.202611e+02 |  20.58%| unknown
r 0.1s|     1 |     0 |   270 |     - |shifting|   0 | 160 |1225 |1228 |   4 |  3 |   1 |   0 |-2.656046e+02 |-3.065207e+02 |  15.40%| unknown
  0.1s|     1 |     0 |   291 |     - |    20M |   0 | 160 |1225 |1230 |   6 |  4 |   1 |   0 |-2.656625e+02 |-3.065207e+02 |  15.38%| unknown
  0.1s|     1 |     0 |   291 |     - |    20M |   0 | 160 |1225 |1230 |   6 |  4 |   1 |   0 |-2.656625e+02 |-3.065207e+02 |  15.38%| unknown
  0.2s|     1 |     0 |   316 |     - |    20M |   0 | 160 |1225 |1232 |   8 |  5 |   1 |   0 |-2.656985e+02 |-3.065207e+02 |  15.36%| unknown
  0.2s|     1 |     0 |   329 |     - |    20M |   0 | 160 |1225 |1233 |   9 |  6 |   1 |   0 |-2.657060e+02 |-3.065207e+02 |  15.36%| unknown
  0.2s|     1 |     0 |   338 |     - |    20M |   0 | 160 |1225 |1234 |  10 |  7 |   1 |   0 |-2.657266e+02 |-3.065207e+02 |  15.35%| unknown
  0.3s|     1 |     0 |   353 |     - |    21M |   0 | 160 |1225 |1236 |  12 |  8 |   1 |   0 |-2.657478e+02 |-3.065207e+02 |  15.34%| unknown
 time | node  | left  |LP iter|LP it/n|mem/heur|mdpt |vars |cons |rows |cuts |sepa|confs|strbr|  dualbound   | primalbound  |  gap   | compl. 
  0.3s|     1 |     0 |   364 |     - |    21M |   0 | 160 |1225 |1237 |  13 |  9 |   1 |   0 |-2.657550e+02 |-3.065207e+02 |  15.34%| unknown
  0.4s|     1 |     0 |   383 |     - |    21M |   0 | 160 |1225 |1238 |  14 | 10 |   1 |   0 |-2.657685e+02 |-3.065207e+02 |  15.33%| unknown
  0.4s|     1 |     0 |   386 |     - |    21M |   0 | 160 |1225 |1239 |  15 | 11 |   1 |   0 |-2.657689e+02 |-3.065207e+02 |  15.33%| unknown
  0.4s|     1 |     0 |   388 |     - |    21M |   0 | 160 |1225 |1240 |  16 | 12 |   1 |   0 |-2.657692e+02 |-3.065207e+02 |  15.33%| unknown
  0.4s|     1 |     0 |   395 |     - |    21M |   0 | 160 |1225 |1242 |  18 | 13 |   1 |   0 |-2.657733e+02 |-3.065207e+02 |  15.33%| unknown
  0.5s|     1 |     0 |   399 |     - |    21M |   0 | 160 |1225 |1243 |  19 | 14 |   1 |   0 |-2.657743e+02 |-3.065207e+02 |  15.33%| unknown
  0.5s|     1 |     0 |   411 |     - |    21M |   0 | 160 |1225 |1244 |  20 | 15 |   1 |   0 |-2.657849e+02 |-3.065207e+02 |  15.33%| unknown
r 0.5s|     1 |     0 |   461 |     - |intshift|   0 | 160 |1225 |1244 |  20 | 15 |   1 |   0 |-2.657849e+02 |-2.787583e+02 |   4.88%| unknown
d 0.5s|     1 |     0 |   574 |     - |farkasdi|   0 | 160 |1225 |1244 |   0 | 15 |   1 |   0 |-2.657849e+02 |-2.663833e+02 |   0.23%| unknown
L 0.5s|     1 |     0 |   574 |     - |    rens|   0 | 160 |1225 |1244 |  20 | 15 |  82 |   0 |-2.657849e+02 |-2.661000e+02 |   0.12%| unknown
(run 1, node 1) restarting after 81 global fixings of integer variables

(restart) converted 20 cuts from the global cut pool into linear constraints

presolving:
presolving (0 rounds: 0 fast, 0 medium, 0 exhaustive):
 0 deleted vars, 0 deleted constraints, 0 added constraints, 0 tightened bounds, 0 added holes, 0 changed sides, 0 changed coefficients
 0 implications, 0 cliques, 0 implied integral variables (0 bin, 0 int, 0 cont)
presolved problem has 160 variables (120 bin, 0 int, 40 cont) and 1245 constraints
   1244 constraints of type <linear>
      1 constraints of type <logicor>
Presolving Time: 0.01
transformed 17/22 original solutions to the transformed problem space

 time | node  | left  |LP iter|LP it/n|mem/heur|mdpt |vars |cons |rows |cuts |sepa|confs|strbr|  dualbound   | primalbound  |  gap   | compl. 
  0.5s|     1 |     0 |   828 |     - |    22M |   0 | 160 | 443 | 295 |   0 |  0 |  82 |   0 |-2.657849e+02 |-2.661000e+02 |   0.12%| unknown
  0.5s|     1 |     0 |   828 |     - |    22M |   0 | 160 | 443 | 258 |   0 |  0 |  82 |   0 |-2.657849e+02 |-2.661000e+02 |   0.12%| unknown
  0.6s|     1 |     0 |   832 |     - |    22M |   0 | 160 | 443 | 262 |   4 |  1 |  82 |   0 |-2.657898e+02 |-2.661000e+02 |   0.12%| unknown
  0.6s|     1 |     0 |   850 |     - |    22M |   0 | 160 | 443 | 264 |   6 |  2 |  82 |   0 |-2.657994e+02 |-2.661000e+02 |   0.11%| unknown
  0.6s|     1 |     0 |   851 |     - |    22M |   0 | 160 | 444 | 266 |   8 |  3 |  83 |   0 |-2.657996e+02 |-2.661000e+02 |   0.11%| unknown
  0.6s|     1 |     0 |   875 |     - |    22M |   0 | 160 | 444 | 268 |  10 |  4 |  83 |   0 |-2.658145e+02 |-2.661000e+02 |   0.11%| unknown
  0.7s|     1 |     0 |   892 |     - |    22M |   0 | 160 | 444 | 270 |  12 |  5 |  83 |   0 |-2.658176e+02 |-2.661000e+02 |   0.11%| unknown
  0.7s|     1 |     0 |   899 |     - |    22M |   0 | 160 | 444 | 272 |  14 |  6 |  83 |   0 |-2.658188e+02 |-2.661000e+02 |   0.11%| unknown
  0.8s|     1 |     0 |   918 |     - |    22M |   0 | 160 | 444 | 274 |  16 |  7 |  83 |   0 |-2.658204e+02 |-2.661000e+02 |   0.11%| unknown
  0.8s|     1 |     0 |   921 |     - |    22M |   0 | 160 | 444 | 276 |  18 |  8 |  83 |   0 |-2.658204e+02 |-2.661000e+02 |   0.11%| unknown
  0.8s|     1 |     0 |   948 |     - |    22M |   0 | 160 | 444 | 278 |  20 |  9 |  83 |   0 |-2.658230e+02 |-2.661000e+02 |   0.10%| unknown
  0.9s|     1 |     0 |   952 |     - |    22M |   0 | 160 | 444 | 272 |  21 | 10 |  83 |   0 |-2.658235e+02 |-2.661000e+02 |   0.10%| unknown
  0.9s|     1 |     0 |   962 |     - |    22M |   0 | 160 | 444 | 273 |  22 | 11 |  83 |   0 |-2.658244e+02 |-2.661000e+02 |   0.10%| unknown
  1.0s|     1 |     0 |   981 |     - |    22M |   0 | 160 | 444 | 274 |  23 | 12 |  83 |   0 |-2.658264e+02 |-2.661000e+02 |   0.10%| unknown
  1.0s|     1 |     0 |   981 |     - |    22M |   0 | 160 | 395 | 274 |  23 | 12 |  83 |   0 |-2.658264e+02 |-2.661000e+02 |   0.10%| unknown
 time | node  | left  |LP iter|LP it/n|mem/heur|mdpt |vars |cons |rows |cuts |sepa|confs|strbr|  dualbound   | primalbound  |  gap   | compl. 
  1.0s|     1 |     0 |   984 |     - |    22M |   0 | 160 | 395 | 275 |  24 | 13 |  83 |   0 |-2.658267e+02 |-2.661000e+02 |   0.10%| unknown
  1.0s|     1 |     0 |   990 |     - |    22M |   0 | 160 | 395 | 276 |  25 | 14 |  83 |   0 |-2.658269e+02 |-2.661000e+02 |   0.10%| unknown
  1.1s|     1 |     0 |  1001 |     - |    22M |   0 | 160 | 395 | 277 |  26 | 15 |  83 |   0 |-2.658274e+02 |-2.661000e+02 |   0.10%| unknown
  1.1s|     1 |     0 |  1002 |     - |    22M |   0 | 160 | 395 | 273 |  27 | 16 |  83 |   0 |-2.658274e+02 |-2.661000e+02 |   0.10%| unknown
  1.2s|     1 |     0 |  1017 |     - |    22M |   0 | 160 | 395 | 274 |  28 | 17 |  83 |   0 |-2.658284e+02 |-2.661000e+02 |   0.10%| unknown
  1.2s|     1 |     0 |  1030 |     - |    22M |   0 | 160 | 395 | 275 |  29 | 18 |  83 |   0 |-2.658292e+02 |-2.661000e+02 |   0.10%| unknown
  1.2s|     1 |     0 |  1037 |     - |    22M |   0 | 160 | 395 | 276 |  30 | 19 |  83 |   0 |-2.658296e+02 |-2.661000e+02 |   0.10%| unknown
  1.3s|     1 |     0 |  1039 |     - |    22M |   0 | 160 | 395 | 277 |  31 | 20 |  83 |   0 |-2.658297e+02 |-2.661000e+02 |   0.10%| unknown
  1.3s|     1 |     0 |  1170 |     - |    22M |   0 | 160 | 402 | 277 |  31 | 21 |  90 |   1 |-2.658626e+02 |-2.661000e+02 |   0.09%| unknown
  1.4s|     1 |     0 |  1183 |     - |    22M |   0 | 160 | 377 | 277 |  31 | 22 |  93 |   2 |-2.658626e+02 |-2.661000e+02 |   0.09%| unknown
  1.4s|     1 |     0 |  1184 |     - |    22M |   0 | 160 | 377 | 278 |  32 | 23 |  93 |   2 |-2.658626e+02 |-2.661000e+02 |   0.09%| unknown
  1.4s|     1 |     0 |  1186 |     - |    22M |   0 | 160 | 377 | 279 |  33 | 24 |  93 |   2 |-2.658626e+02 |-2.661000e+02 |   0.09%| unknown
  1.4s|     1 |     0 |  1224 |     - |    22M |   0 | 160 | 339 | 279 |  33 | 24 |  98 |   5 |-2.659171e+02 |-2.661000e+02 |   0.07%| unknown
  1.5s|     1 |     0 |  1256 |     - |    22M |   0 | 160 | 338 | 281 |  35 | 25 |  98 |   5 |-2.661000e+02 |-2.661000e+02 |   0.00%| unknown
  1.5s|     1 |     0 |  1256 |     - |    22M |   0 | 160 | 338 | 281 |  35 | 25 |  98 |   5 |-2.661000e+02 |-2.661000e+02 |   0.00%| unknown

SCIP Status        : problem is solved [optimal solution found]
Solving Time (sec) : 1.45
Solving Nodes      : 1 (total of 2 nodes in 2 runs)
Primal Bound       : -2.66100000000000e+02 (49 solutions)
Dual Bound         : -2.66100000000000e+02
Gap                : 0.00 %
