Loading instance...
Median ranking: [12, 16, 10, 8, 6, 1, 13, 7, 15, 11, 9, 2, 14, 4, 3, 5]
Mean ranking: [12, 10, 16, 8, 6, 1, 13, 7, 15, 9, 11, 2, 3, 5, 14, 4]
Actual error: 0.0017176916514458629
Weighted Kendall distance: 36.0
Normalized distance: 0.026470588235294117
add conss, 0 chg bounds, 0 chg sides, 0 chg coeffs, 0 upgd conss, 0 impls, 0 clqs, 0 implints
   (0.0s) symmetry computation started: requiring (bin +, int +, cont +), (fixed: bin -, int -, cont -)
   (0.0s) no symmetry present (symcode time: 0.00)
presolving (2 rounds: 2 fast, 2 medium, 1 exhaustive):
 0 deleted vars, 1120 deleted constraints, 560 added constraints, 0 tightened bounds, 0 added holes, 0 changed sides, 0 changed coefficients
 0 implications, 0 cliques, 0 implied integral variables (0 bin, 0 int, 0 cont)
presolved problem has 120 variables (0 bin, 0 int, 120 cont) and 560 constraints
    560 constraints of type <linear>
Presolving Time: 0.01
transformed 3/3 original solutions to the transformed problem space

 time | node  | left  |LP iter|LP it/n|mem/heur|mdpt |vars |cons |rows |cuts |sepa|confs|strbr|  dualbound   | primalbound  |  gap   | compl. 
* 0.0s|     1 |     0 |    12 |     - |    LP  |   0 | 120 | 560 | 560 |   0 |  0 |   0 |   0 | 1.560000e+02 | 1.560000e+02 |   0.00%| unknown
  0.0s|     1 |     0 |    12 |     - |  4088k |   0 | 120 | 560 | 560 |   0 |  0 |   0 |   0 | 1.560000e+02 | 1.560000e+02 |   0.00%| unknown

SCIP Status        : problem is solved [optimal solution found]
Solving Time (sec) : 0.01
Solving Nodes      : 1
Primal Bound       : +1.56000000000000e+02 (4 solutions)
Dual Bound         : +1.56000000000000e+02
Gap                : 0.00 %
feasible solution found by trivial heuristic after 0.0 seconds, objective value 0.000000e+00
presolving:
   (0.0s) running MILP presolver
   (0.0s) MILP presolver (2 rounds): 0 aggregations, 0 fixings, 0 bound changes
(round 1, medium)     0 del vars, 1120 del conss, 560 add conss, 0 chg bounds, 0 chg sides, 0 chg coeffs, 0 upgd conss, 0 impls, 0 clqs, 0 implints
   (0.0s) probing: 51/120 (42.5%) - 0 fixings, 0 aggregations, 0 implications, 0 bound changes
   (0.0s) probing aborted: 50/50 successive totally useless probings
   (0.0s) symmetry computation started: requiring (bin +, int +, cont +), (fixed: bin -, int -, cont -)
   (0.0s) no symmetry present (symcode time: 0.00)
presolving (2 rounds: 2 fast, 2 medium, 1 exhaustive):
 0 deleted vars, 1120 deleted constraints, 560 added constraints, 0 tightened bounds, 0 added holes, 0 changed sides, 0 changed coefficients
 0 implications, 0 cliques, 0 implied integral variables (0 bin, 0 int, 0 cont)
presolved problem has 120 variables (120 bin, 0 int, 0 cont) and 560 constraints
    560 constraints of type <linear>
transformed objective value is always integral (scale: 2)
Presolving Time: 0.01
transformed 2/2 original solutions to the transformed problem space

 time | node  | left  |LP iter|LP it/n|mem/heur|mdpt |vars |cons |rows |cuts |sepa|confs|strbr|  dualbound   | primalbound  |  gap   | compl. 
i 0.0s|     1 |     0 |     0 |     - |  oneopt|   0 | 120 | 560 | 560 |   0 |  0 |   0 |   0 | 1.700000e+02 | 8.000000e+01 | 112.50%| unknown
* 0.0s|     1 |     0 |    11 |     - |    LP  |   0 | 120 | 560 | 560 |   0 |  0 |   0 |   0 | 1.560000e+02 | 1.560000e+02 |   0.00%| unknown
  0.0s|     1 |     0 |    11 |     - |  4194k |   0 | 120 | 560 | 560 |   0 |  0 |   0 |   0 | 1.560000e+02 | 1.560000e+02 |   0.00%| unknown

SCIP Status        : problem is solved [optimal solution found]
Solving Time (sec) : 0.01
Solving Nodes      : 1
Primal Bound       : +1.56000000000000e+02 (4 solutions)
Dual Bound         : +1.56000000000000e+02
Gap                : 0.00 %
feasible solution found by trivial heuristic after 0.1 seconds, objective value -3.000188e+06
presolving:
(round 1, fast)       0 del vars, 0 del conss, 0 add conss, 60 chg bounds, 0 chg sides, 0 chg coeffs, 0 upgd conss, 0 impls, 0 clqs, 0 implints
   (0.3s) running MILP presolver
   (0.4s) MILP presolver (2 rounds): 0 aggregations, 0 fixings, 0 bound changes
(round 2, exhaustive) 0 del vars, 560 del conss, 0 add conss, 60 chg bounds, 0 chg sides, 0 chg coeffs, 0 upgd conss, 0 impls, 0 clqs, 0 implints
   (0.7s) symmetry computation started: requiring (bin +, int +, cont +), (fixed: bin -, int -, cont -)
   (0.8s) no symmetry present (symcode time: 0.01)
presolving (3 rounds: 3 fast, 2 medium, 2 exhaustive):
 0 deleted vars, 560 deleted constraints, 0 added constraints, 60 tightened bounds, 0 added holes, 0 changed sides, 0 changed coefficients
 0 implications, 0 cliques, 0 implied integral variables (0 bin, 0 int, 0 cont)
presolved problem has 150 variables (0 bin, 0 int, 150 cont) and 4160 constraints
   4160 constraints of type <linear>
Presolving Time: 0.74

 time | node  | left  |LP iter|LP it/n|mem/heur|mdpt |vars |cons |rows |cuts |sepa|confs|strbr|  dualbound   | primalbound  |  gap   | compl. 
t 0.8s|     1 |     0 |     0 |     - | trivial|   0 | 150 |4160 |   0 |   0 |  0 |   0 |   0 | 1.700000e+02 |-1.988000e+03 |    Inf | unknown
* 0.9s|     1 |     0 |   388 |     - |    LP  |   0 | 150 |4160 |4160 |   0 |  0 |   0 |   0 |-4.385583e+02 |-4.385583e+02 |   0.00%| unknown
  0.9s|     1 |     0 |   388 |     - |   259M |   0 | 150 |4160 |4160 |   0 |  0 |   0 |   0 |-4.385583e+02 |-4.385583e+02 |   0.00%| unknown

SCIP Status        : problem is solved [optimal solution found]
Solving Time (sec) : 0.94
Solving Nodes      : 1
Primal Bound       : -4.38558333333333e+02 (3 solutions)
Dual Bound         : -4.38558333333333e+02
Gap                : 0.00 %
feasible solution found by trivial heuristic after 0.0 seconds, objective value -3.000188e+06
presolving:
(round 1, fast)       0 del vars, 0 del conss, 0 add conss, 60 chg bounds, 0 chg sides, 0 chg coeffs, 0 upgd conss, 0 impls, 0 clqs, 0 implints
   (0.2s) running MILP presolver
   (0.3s) MILP presolver (2 rounds): 0 aggregations, 0 fixings, 0 bound changes
(round 2, exhaustive) 0 del vars, 560 del conss, 0 add conss, 60 chg bounds, 0 chg sides, 0 chg coeffs, 0 upgd conss, 0 impls, 0 clqs, 0 implints
   (0.7s) probing: 51/120 (42.5%) - 0 fixings, 0 aggregations, 0 implications, 0 bound changes
   (0.7s) probing aborted: 50/50 successive totally useless probings
   (0.7s) symmetry computation started: requiring (bin +, int +, cont +), (fixed: bin -, int -, cont -)
   (0.8s) no symmetry present (symcode time: 0.01)
presolving (3 rounds: 3 fast, 2 medium, 2 exhaustive):
 0 deleted vars, 560 deleted constraints, 0 added constraints, 60 tightened bounds, 0 added holes, 0 changed sides, 0 changed coefficients
 0 implications, 0 cliques, 0 implied integral variables (0 bin, 0 int, 0 cont)
presolved problem has 150 variables (120 bin, 0 int, 30 cont) and 4160 constraints
   4160 constraints of type <linear>
Presolving Time: 0.80

 time | node  | left  |LP iter|LP it/n|mem/heur|mdpt |vars |cons |rows |cuts |sepa|confs|strbr|  dualbound   | primalbound  |  gap   | compl. 
t 0.8s|     1 |     0 |     0 |     - | trivial|   0 | 150 |4160 |   0 |   0 |  0 |   0 |   0 | 1.700000e+02 |-1.988000e+03 |    Inf | unknown
p 1.0s|     1 |     0 |    28 |     - |   locks|   0 | 150 |4160 |4160 |   0 |  0 |   0 |   0 | 1.700000e+02 |-6.858250e+02 |    Inf | unknown
* 1.1s|     1 |     0 |   416 |     - |    LP  |   0 | 150 |4160 |4160 |   0 |  0 |   0 |   0 |-4.385583e+02 |-4.385583e+02 |   0.00%| unknown
  1.1s|     1 |     0 |   416 |     - |   260M |   0 | 150 |4160 |4160 |   0 |  0 |   0 |   0 |-4.385583e+02 |-4.385583e+02 |   0.00%| unknown

SCIP Status        : problem is solved [optimal solution found]
Solving Time (sec) : 1.12
Solving Nodes      : 1
Primal Bound       : -4.38558333333333e+02 (4 solutions)
Dual Bound         : -4.38558333333333e+02
Gap                : 0.00 %
feasible solution found by trivial heuristic after 0.0 seconds, objective value 0.000000e+00
presolving:
   (0.0s) symmetry computation started: requiring (bin +, int +, cont +), (fixed: bin -, int -, cont -)
   (0.0s) symmetry computation finished: 29 generators found (max: 1500, log10 of symmetry group size: 32.42) (symcode time: 0.00)
dynamic symmetry handling statistics:
   orbitopal reduction:       no components
   orbital reduction:         no components
   lexicographic reduction:   no permutations
handled 1 out of 1 symmetry components
presolving (0 rounds: 0 fast, 0 medium, 0 exhaustive):
 0 deleted vars, 0 deleted constraints, 0 added constraints, 0 tightened bounds, 0 added holes, 0 changed sides, 0 changed coefficients
 0 implications, 0 cliques, 0 implied integral variables (0 bin, 0 int, 0 cont)
presolved problem has 150 variables (120 bin, 0 int, 30 cont) and 1149 constraints
   1149 constraints of type <linear>
Presolving Time: 0.00
transformed 2/2 original solutions to the transformed problem space

 time | node  | left  |LP iter|LP it/n|mem/heur|mdpt |vars |cons |rows |cuts |sepa|confs|strbr|  dualbound   | primalbound  |  gap   | compl. 
i 0.0s|     1 |     0 |     0 |     - |  oneopt|   0 | 150 |1120 |1120 |   0 |  0 |   0 |   0 | 1.700000e+02 | 8.000000e+01 | 112.50%| unknown
* 0.0s|     1 |     0 |    11 |     - |    LP  |   0 | 150 |1120 |1120 |   0 |  0 |   0 |   0 | 1.560000e+02 | 1.560000e+02 |   0.00%| unknown
  0.0s|     1 |     0 |    11 |     - |  6348k |   0 | 150 |1120 |1120 |   0 |  0 |   0 |   0 | 1.560000e+02 | 1.560000e+02 |   0.00%| unknown

SCIP Status        : problem is solved [optimal solution found]
Solving Time (sec) : 0.00
Solving Nodes      : 1
Primal Bound       : +1.56000000000000e+02 (5 solutions)
Dual Bound         : +1.56000000000000e+02
Gap                : 0.00 %
  [linear] <c1121>: <x121>[C] (+0) +0.520833333<x1>[B] (+1) +0.520833333<x2>[B] (+1) +0.520833333<x3>[B] (+1) -0.520833333<x4>[B] (+1) +0.520833333<x5>[B] (+0) +0.520833333<x6>[B] (+1) +0.520833333<x7>[B] (+0) -0.520833333<x8>[B] (+1) +0.520833333<x9>[B] (+0) -0.520833333<x10>[B] (+1) +0.520833333<x11>[B] (+0) +0.520833333<x12>[B] (+1) +0.520833333<x13>[B] (+1) +0.520833333<x14>[B] (+1) +0.520833333<x15>[B] (+0) -0.520833333<x16>[B] (+1) -0.520833333<x17>[B] (+1) -0.520833333<x18>[B] (+1) -0.520833333<x19>[B] (+0) -0.520833333<x20>[B] (+0) -0.520833333<x21>[B] (+0) -0.520833333<x22>[B] (+0) -0.520833333<x23>[B] (+0) -0.520833333<x24>[B] (+0) -0.520833333<x25>[B] (+0) -0.520833333<x26>[B] (+0) -0.520833333<x27>[B] (+1) -0.520833333<x28>[B] (+0) -0.520833333<x29>[B] (+0) -0.520833333<x30>[B] (+0) -0.520833333<x31>[B] (+1) -0.520833333<x32>[B] (+0) -0.520833333<x33>[B] (+0) -0.520833333<x34>[B] (+0) -0.520833333<x35>[B] (+0) -0.520833333<x36>[B] (+0) -0.520833333<x37>[B] (+0) -0.520833333<x38>[B] (+0) -0.520833333<x39>[B] (+0) -0.520833333<x40>[B] (+0) -0.520833333<x41>[B] (+0) -0.520833333<x42>[B] (+0) -0.520833333<x43>[B] (+1) +0.520833333<x44>[B] (+0) -0.520833333<x45>[B] (+0) -0.520833333<x46>[B] (+0) -0.520833333<x47>[B] (+0) +0.520833333<x48>[B] (+0) -0.520833333<x49>[B] (+0) -0.520833333<x50>[B] (+0) +0.520833333<x51>[B] (+0) +0.520833333<x52>[B] (+0) -0.520833333<x53>[B] (+0) -0.520833333<x54>[B] (+0) +0.520833333<x55>[B] (+0) +0.520833333<x56>[B] (+0) +0.520833333<x57>[B] (+0) +0.520833333<x58>[B] (+0) +0.520833333<x59>[B] (+0) +0.520833333<x60>[B] (+0) +0.520833333<x61>[B] (+0) +0.520833333<x62>[B] (+0) +0.520833333<x63>[B] (+0) +0.520833333<x64>[B] (+0) +0.520833333<x65>[B] (+0) -0.520833333<x66>[B] (+1) -0.520833333<x67>[B] (+0) -0.520833333<x68>[B] (+1) -0.520833333<x69>[B] (+0) -0.520833333<x70>[B] (+1) -0.520833333<x71>[B] (+0) -0.520833333<x72>[B] (+1) -0.520833333<x73>[B] (+1) -0.520833333<x74>[B] (+1) -0.520833333<x75>[B] (+0) +0.520833333<x76>[B] (+0) -0.520833333<x77>[B] (+1) +0.520833333<x78>[B] (+0) -0.520833333<x79>[B] (+1) +0.520833333<x80>[B] (+0) +0.520833333<x81>[B] (+0) +0.520833333<x82>[B] (+1) +0.520833333<x83>[B] (+1) -0.520833333<x84>[B] (+0) -0.520833333<x85>[B] (+1) +0.520833333<x86>[B] (+0) -0.520833333<x87>[B] (+1) +0.520833333<x88>[B] (+0) +0.520833333<x89>[B] (+1) +0.520833333<x90>[B] (+1) +0.520833333<x91>[B] (+1) -0.520833333<x92>[B] (+0) +0.520833333<x93>[B] (+0) +0.520833333<x94>[B] (+0) +0.520833333<x95>[B] (+0) +0.520833333<x96>[B] (+0) +0.520833333<x97>[B] (+1) +0.520833333<x98>[B] (+0) +0.520833333<x99>[B] (+0) -0.520833333<x100>[B] (+1) -0.520833333<x101>[B] (+0) -0.520833333<x102>[B] (+1) -0.520833333<x103>[B] (+1) -0.520833333<x104>[B] (+1) -0.520833333<x105>[B] (+0) +0.520833333<x106>[B] (+0) +0.520833333<x107>[B] (+0) +0.520833333<x108>[B] (+1) +0.520833333<x109>[B] (+0) +0.520833333<x110>[B] (+0) +0.520833333<x111>[B] (+1) +0.520833333<x112>[B] (+1) -0.520833333<x113>[B] (+1) -0.520833333<x114>[B] (+1) -0.520833333<x115>[B] (+1) -0.520833333<x116>[B] (+1) -0.520833333<x117>[B] (+0) -0.520833333<x118>[B] (+0) -0.520833333<x119>[B] (+0) -0.520833333<x120>[B] (+0) >= 10.8083333333333;
;
violation: left hand side is violated by 16.5375
  [linear] <c1121>: <x121>[C] (+0) +0.520833333<x1>[B] (+1) +0.520833333<x2>[B] (+1) +0.520833333<x3>[B] (+1) -0.520833333<x4>[B] (+1) +0.520833333<x5>[B] (+0) +0.520833333<x6>[B] (+1) +0.520833333<x7>[B] (+0) -0.520833333<x8>[B] (+1) +0.520833333<x9>[B] (+0) -0.520833333<x10>[B] (+0) +0.520833333<x11>[B] (+0) +0.520833333<x12>[B] (+0) +0.520833333<x13>[B] (+0) +0.520833333<x14>[B] (+0) +0.520833333<x15>[B] (+0) -0.520833333<x16>[B] (+1) -0.520833333<x17>[B] (+1) -0.520833333<x18>[B] (+0) -0.520833333<x19>[B] (+0) -0.520833333<x20>[B] (+0) -0.520833333<x21>[B] (+0) -0.520833333<x22>[B] (+0) -0.520833333<x23>[B] (+0) -0.520833333<x24>[B] (+0) -0.520833333<x25>[B] (+0) -0.520833333<x26>[B] (+0) -0.520833333<x27>[B] (+0) -0.520833333<x28>[B] (+0) -0.520833333<x29>[B] (+0) -0.520833333<x30>[B] (+0) -0.520833333<x31>[B] (+0) -0.520833333<x32>[B] (+0) -0.520833333<x33>[B] (+0) -0.520833333<x34>[B] (+0) -0.520833333<x35>[B] (+0) -0.520833333<x36>[B] (+0) -0.520833333<x37>[B] (+0) -0.520833333<x38>[B] (+0) -0.520833333<x39>[B] (+0) -0.520833333<x40>[B] (+0) -0.520833333<x41>[B] (+0) -0.520833333<x42>[B] (+0) -0.520833333<x43>[B] (+0) +0.520833333<x44>[B] (+0) -0.520833333<x45>[B] (+0) -0.520833333<x46>[B] (+0) -0.520833333<x47>[B] (+0) +0.520833333<x48>[B] (+0) -0.520833333<x49>[B] (+0) -0.520833333<x50>[B] (+0) +0.520833333<x51>[B] (+0) +0.520833333<x52>[B] (+0) -0.520833333<x53>[B] (+0) -0.520833333<x54>[B] (+0) +0.520833333<x55>[B] (+0) +0.520833333<x56>[B] (+1) +0.520833333<x57>[B] (+0) +0.520833333<x58>[B] (+0) +0.520833333<x59>[B] (+0) +0.520833333<x60>[B] (+0) +0.520833333<x61>[B] (+0) +0.520833333<x62>[B] (+0) +0.520833333<x63>[B] (+0) +0.520833333<x64>[B] (+0) +0.520833333<x65>[B] (+0) -0.520833333<x66>[B] (+1) -0.520833333<x67>[B] (+0) -0.520833333<x68>[B] (+1) -0.520833333<x69>[B] (+0) -0.520833333<x70>[B] (+0) -0.520833333<x71>[B] (+0) -0.520833333<x72>[B] (+0) -0.520833333<x73>[B] (+0) -0.520833333<x74>[B] (+0) -0.520833333<x75>[B] (+0) +0.520833333<x76>[B] (+0) -0.520833333<x77>[B] (+0) +0.520833333<x78>[B] (+0) -0.520833333<x79>[B] (+0) +0.520833333<x80>[B] (+0) +0.520833333<x81>[B] (+0) +0.520833333<x82>[B] (+0) +0.520833333<x83>[B] (+0) -0.520833333<x84>[B] (+0) -0.520833333<x85>[B] (+1) +0.520833333<x86>[B] (+0) -0.520833333<x87>[B] (+0) +0.520833333<x88>[B] (+0) +0.520833333<x89>[B] (+0) +0.520833333<x90>[B] (+0) +0.520833333<x91>[B] (+0) -0.520833333<x92>[B] (+0) +0.520833333<x93>[B] (+0) +0.520833333<x94>[B] (+0) +0.520833333<x95>[B] (+0) +0.520833333<x96>[B] (+0) +0.520833333<x97>[B] (+0) +0.520833333<x98>[B] (+0) +0.520833333<x99>[B] (+0) -0.520833333<x100>[B] (+0) -0.520833333<x101>[B] (+0) -0.520833333<x102>[B] (+0) -0.520833333<x103>[B] (+0) -0.520833333<x104>[B] (+0) -0.520833333<x105>[B] (+0) +0.520833333<x106>[B] (+0) +0.520833333<x107>[B] (+0) +0.520833333<x108>[B] (+0) +0.520833333<x109>[B] (+0) +0.520833333<x110>[B] (+0) +0.520833333<x111>[B] (+1) +0.520833333<x112>[B] (+1) -0.520833333<x113>[B] (+1) -0.520833333<x114>[B] (+1) -0.520833333<x115>[B] (+1) -0.520833333<x116>[B] (+1) -0.520833333<x117>[B] (+0) -0.520833333<x118>[B] (+0) -0.520833333<x119>[B] (+0) -0.520833333<x120>[B] (+0) >= 10.8083333333333;
;
violation: left hand side is violated by 12.8916666666667
  [linear] <c1121>: <x121>[C] (+0) +0.520833333<x1>[B] (+0) +0.520833333<x2>[B] (+0) +0.520833333<x3>[B] (+0) -0.520833333<x4>[B] (+0) +0.520833333<x5>[B] (+0) +0.520833333<x6>[B] (+0) +0.520833333<x7>[B] (+0) -0.520833333<x8>[B] (+0) +0.520833333<x9>[B] (+0) -0.520833333<x10>[B] (+0) +0.520833333<x11>[B] (+0) +0.520833333<x12>[B] (+0) +0.520833333<x13>[B] (+0) +0.520833333<x14>[B] (+0) +0.520833333<x15>[B] (+0) -0.520833333<x16>[B] (+0) -0.520833333<x17>[B] (+0) -0.520833333<x18>[B] (+0) -0.520833333<x19>[B] (+0) -0.520833333<x20>[B] (+0) -0.520833333<x21>[B] (+0) -0.520833333<x22>[B] (+0) -0.520833333<x23>[B] (+0) -0.520833333<x24>[B] (+0) -0.520833333<x25>[B] (+0) -0.520833333<x26>[B] (+0) -0.520833333<x27>[B] (+0) -0.520833333<x28>[B] (+0) -0.520833333<x29>[B] (+0) -0.520833333<x30>[B] (+0) -0.520833333<x31>[B] (+0) -0.520833333<x32>[B] (+0) -0.520833333<x33>[B] (+0) -0.520833333<x34>[B] (+0) -0.520833333<x35>[B] (+0) -0.520833333<x36>[B] (+0) -0.520833333<x37>[B] (+0) -0.520833333<x38>[B] (+0) -0.520833333<x39>[B] (+0) -0.520833333<x40>[B] (+0) -0.520833333<x41>[B] (+0) -0.520833333<x42>[B] (+0) -0.520833333<x43>[B] (+0) +0.520833333<x44>[B] (+0) -0.520833333<x45>[B] (+0) -0.520833333<x46>[B] (+0) -0.520833333<x47>[B] (+0) +0.520833333<x48>[B] (+0) -0.520833333<x49>[B] (+0) -0.520833333<x50>[B] (+0) +0.520833333<x51>[B] (+0) +0.520833333<x52>[B] (+0) -0.520833333<x53>[B] (+0) -0.520833333<x54>[B] (+0) +0.520833333<x55>[B] (+0) +0.520833333<x56>[B] (+0) +0.520833333<x57>[B] (+0) +0.520833333<x58>[B] (+0) +0.520833333<x59>[B] (+0) +0.520833333<x60>[B] (+0) +0.520833333<x61>[B] (+0) +0.520833333<x62>[B] (+0) +0.520833333<x63>[B] (+0) +0.520833333<x64>[B] (+0) +0.520833333<x65>[B] (+0) -0.520833333<x66>[B] (+0) -0.520833333<x67>[B] (+0) -0.520833333<x68>[B] (+0) -0.520833333<x69>[B] (+0) -0.520833333<x70>[B] (+0) -0.520833333<x71>[B] (+0) -0.520833333<x72>[B] (+0) -0.520833333<x73>[B] (+0) -0.520833333<x74>[B] (+0) -0.520833333<x75>[B] (+0) +0.520833333<x76>[B] (+0) -0.520833333<x77>[B] (+0) +0.520833333<x78>[B] (+0) -0.520833333<x79>[B] (+0) +0.520833333<x80>[B] (+0) +0.520833333<x81>[B] (+0) +0.520833333<x82>[B] (+0) +0.520833333<x83>[B] (+0) -0.520833333<x84>[B] (+0) -0.520833333<x85>[B] (+0) +0.520833333<x86>[B] (+0) -0.520833333<x87>[B] (+0) +0.520833333<x88>[B] (+0) +0.520833333<x89>[B] (+0) +0.520833333<x90>[B] (+0) +0.520833333<x91>[B] (+0) -0.520833333<x92>[B] (+0) +0.520833333<x93>[B] (+0) +0.520833333<x94>[B] (+0) +0.520833333<x95>[B] (+0) +0.520833333<x96>[B] (+0) +0.520833333<x97>[B] (+0) +0.520833333<x98>[B] (+0) +0.520833333<x99>[B] (+0) -0.520833333<x100>[B] (+0) -0.520833333<x101>[B] (+0) -0.520833333<x102>[B] (+0) -0.520833333<x103>[B] (+0) -0.520833333<x104>[B] (+0) -0.520833333<x105>[B] (+0) +0.520833333<x106>[B] (+0) +0.520833333<x107>[B] (+0) +0.520833333<x108>[B] (+0) +0.520833333<x109>[B] (+0) +0.520833333<x110>[B] (+0) +0.520833333<x111>[B] (+0) +0.520833333<x112>[B] (+0) -0.520833333<x113>[B] (+0) -0.520833333<x114>[B] (+0) -0.520833333<x115>[B] (+0) -0.520833333<x116>[B] (+0) -0.520833333<x117>[B] (+0) -0.520833333<x118>[B] (+0) -0.520833333<x119>[B] (+0) -0.520833333<x120>[B] (+0) >= 10.8083333333333;
;
violation: left hand side is violated by 10.8083333333333
  [linear] <c1121>: <x121>[C] (+0) +0.520833333<x1>[B] (+1) +0.520833333<x2>[B] (+1) +0.520833333<x3>[B] (+1) -0.520833333<x4>[B] (+1) +0.520833333<x5>[B] (+1) +0.520833333<x6>[B] (+1) +0.520833333<x7>[B] (+1) -0.520833333<x8>[B] (+1) +0.520833333<x9>[B] (+1) -0.520833333<x10>[B] (+1) +0.520833333<x11>[B] (+1) +0.520833333<x12>[B] (+1) +0.520833333<x13>[B] (+1) +0.520833333<x14>[B] (+1) +0.520833333<x15>[B] (+1) -0.520833333<x16>[B] (+1) -0.520833333<x17>[B] (+1) -0.520833333<x18>[B] (+1) -0.520833333<x19>[B] (+1) -0.520833333<x20>[B] (+1) -0.520833333<x21>[B] (+1) -0.520833333<x22>[B] (+1) -0.520833333<x23>[B] (+1) -0.520833333<x24>[B] (+1) -0.520833333<x25>[B] (+1) -0.520833333<x26>[B] (+1) -0.520833333<x27>[B] (+1) -0.520833333<x28>[B] (+1) -0.520833333<x29>[B] (+1) -0.520833333<x30>[B] (+1) -0.520833333<x31>[B] (+1) -0.520833333<x32>[B] (+1) -0.520833333<x33>[B] (+1) -0.520833333<x34>[B] (+1) -0.520833333<x35>[B] (+1) -0.520833333<x36>[B] (+1) -0.520833333<x37>[B] (+1) -0.520833333<x38>[B] (+1) -0.520833333<x39>[B] (+1) -0.520833333<x40>[B] (+1) -0.520833333<x41>[B] (+1) -0.520833333<x42>[B] (+1) -0.520833333<x43>[B] (+1) +0.520833333<x44>[B] (+1) -0.520833333<x45>[B] (+1) -0.520833333<x46>[B] (+1) -0.520833333<x47>[B] (+1) +0.520833333<x48>[B] (+1) -0.520833333<x49>[B] (+1) -0.520833333<x50>[B] (+1) +0.520833333<x51>[B] (+1) +0.520833333<x52>[B] (+1) -0.520833333<x53>[B] (+1) -0.520833333<x54>[B] (+1) +0.520833333<x55>[B] (+1) +0.520833333<x56>[B] (+1) +0.520833333<x57>[B] (+1) +0.520833333<x58>[B] (+1) +0.520833333<x59>[B] (+1) +0.520833333<x60>[B] (+1) +0.520833333<x61>[B] (+1) +0.520833333<x62>[B] (+1) +0.520833333<x63>[B] (+1) +0.520833333<x64>[B] (+1) +0.520833333<x65>[B] (+1) -0.520833333<x66>[B] (+1) -0.520833333<x67>[B] (+1) -0.520833333<x68>[B] (+1) -0.520833333<x69>[B] (+1) -0.520833333<x70>[B] (+1) -0.520833333<x71>[B] (+1) -0.520833333<x72>[B] (+1) -0.520833333<x73>[B] (+1) -0.520833333<x74>[B] (+1) -0.520833333<x75>[B] (+1) +0.520833333<x76>[B] (+1) -0.520833333<x77>[B] (+1) +0.520833333<x78>[B] (+1) -0.520833333<x79>[B] (+1) +0.520833333<x80>[B] (+1) +0.520833333<x81>[B] (+1) +0.520833333<x82>[B] (+1) +0.520833333<x83>[B] (+1) -0.520833333<x84>[B] (+1) -0.520833333<x85>[B] (+1) +0.520833333<x86>[B] (+1) -0.520833333<x87>[B] (+1) +0.520833333<x88>[B] (+1) +0.520833333<x89>[B] (+1) +0.520833333<x90>[B] (+1) +0.520833333<x91>[B] (+1) -0.520833333<x92>[B] (+1) +0.520833333<x93>[B] (+1) +0.520833333<x94>[B] (+1) +0.520833333<x95>[B] (+1) +0.520833333<x96>[B] (+1) +0.520833333<x97>[B] (+1) +0.520833333<x98>[B] (+1) +0.520833333<x99>[B] (+1) -0.520833333<x100>[B] (+1) -0.520833333<x101>[B] (+1) -0.520833333<x102>[B] (+1) -0.520833333<x103>[B] (+1) -0.520833333<x104>[B] (+1) -0.520833333<x105>[B] (+1) +0.520833333<x106>[B] (+1) +0.520833333<x107>[B] (+1) +0.520833333<x108>[B] (+1) +0.520833333<x109>[B] (+1) +0.520833333<x110>[B] (+1) +0.520833333<x111>[B] (+1) +0.520833333<x112>[B] (+1) -0.520833333<x113>[B] (+1) -0.520833333<x114>[B] (+1) -0.520833333<x115>[B] (+1) -0.520833333<x116>[B] (+1) -0.520833333<x117>[B] (+1) -0.520833333<x118>[B] (+1) -0.520833333<x119>[B] (+1) -0.520833333<x120>[B] (+1) >= 10.8083333333333;
;
violation: left hand side is violated by 19.1416666666667
1/5 feasible solution given by solution candidate storage, new primal bound -3.000188e+06

presolving:
   (0.0s) symmetry computation started: requiring (bin +, int +, cont +), (fixed: bin -, int -, cont -)
   (0.0s) no symmetry present (symcode time: 0.00)
presolving (0 rounds: 0 fast, 0 medium, 0 exhaustive):
 0 deleted vars, 0 deleted constraints, 0 added constraints, 0 tightened bounds, 0 added holes, 0 changed sides, 0 changed coefficients
 0 implications, 0 cliques, 0 implied integral variables (0 bin, 0 int, 0 cont)
presolved problem has 150 variables (120 bin, 0 int, 30 cont) and 1150 constraints
   1150 constraints of type <linear>
Presolving Time: 0.00
transformed 1/1 original solutions to the transformed problem space

 time | node  | left  |LP iter|LP it/n|mem/heur|mdpt |vars |cons |rows |cuts |sepa|confs|strbr|  dualbound   | primalbound  |  gap   | compl. 
p 0.0s|     1 |     0 |     4 |     - |   locks|   0 | 150 |1150 |1150 |   0 |  0 |   0 |   0 | 1.700000e+02 |-5.977292e+02 |    Inf | unknown
* 0.0s|     1 |     0 |   140 |     - |    LP  |   0 | 150 |1150 |1150 |   0 |  0 |   0 |   0 |-4.367917e+02 |-4.367917e+02 |   0.00%| unknown
  0.0s|     1 |     0 |   140 |     - |  7994k |   0 | 150 |1150 |1150 |   0 |  0 |   0 |   0 |-4.367917e+02 |-4.367917e+02 |   0.00%| unknown

SCIP Status        : problem is solved [optimal solution found]
Solving Time (sec) : 0.01
Solving Nodes      : 1
Primal Bound       : -4.36791666666667e+02 (4 solutions)
Dual Bound         : -4.36791666666667e+02
Gap                : 0.00 %
  [linear] <c1151>: <x122>[C] (+19.8125) -0.570833333<x1>[B] (+1) -0.570833333<x2>[B] (+1) +0.570833333<x3>[B] (+1) +0.570833333<x4>[B] (+1) +0.570833333<x5>[B] (+0) +0.570833333<x6>[B] (+1) +0.570833333<x7>[B] (+0) +0.570833333<x8>[B] (+1) +0.570833333<x9>[B] (+0) -0.570833333<x10>[B] (+1) +0.570833333<x11>[B] (+0) -0.570833333<x12>[B] (+1) +0.570833333<x13>[B] (+1) +0.570833333<x14>[B] (+1) -0.570833333<x15>[B] (+0) -0.570833333<x16>[B] (+1) +0.570833333<x17>[B] (+1) +0.570833333<x18>[B] (+1) +0.570833333<x19>[B] (+0) +0.570833333<x20>[B] (+0) +0.570833333<x21>[B] (+0) +0.570833333<x22>[B] (+0) +0.570833333<x23>[B] (+0) +0.570833333<x24>[B] (+0) +0.570833333<x25>[B] (+0) +0.570833333<x26>[B] (+0) +0.570833333<x27>[B] (+1) +0.570833333<x28>[B] (+0) +0.570833333<x29>[B] (+0) +0.570833333<x30>[B] (+1) +0.570833333<x31>[B] (+1) +0.570833333<x32>[B] (+0) +0.570833333<x33>[B] (+0) +0.570833333<x34>[B] (+0) +0.570833333<x35>[B] (+0) +0.570833333<x36>[B] (+0) +0.570833333<x37>[B] (+0) +0.570833333<x38>[B] (+0) +0.570833333<x39>[B] (+0) +0.570833333<x40>[B] (+1) +0.570833333<x41>[B] (+0) +0.570833333<x42>[B] (+0) +0.570833333<x43>[B] (+0) +0.570833333<x44>[B] (+0) +0.570833333<x45>[B] (+0) +0.570833333<x46>[B] (+0) -0.570833333<x47>[B] (+0) +0.570833333<x48>[B] (+0) -0.570833333<x49>[B] (+0) +0.570833333<x50>[B] (+0) -0.570833333<x51>[B] (+0) -0.570833333<x52>[B] (+0) +0.570833333<x53>[B] (+0) -0.570833333<x54>[B] (+0) -0.570833333<x55>[B] (+0) -0.570833333<x56>[B] (+0) -0.570833333<x57>[B] (+0) -0.570833333<x58>[B] (+0) -0.570833333<x59>[B] (+0) -0.570833333<x60>[B] (+0) -0.570833333<x61>[B] (+0) -0.570833333<x62>[B] (+0) -0.570833333<x63>[B] (+1) -0.570833333<x64>[B] (+0) -0.570833333<x65>[B] (+0) +0.570833333<x66>[B] (+1) +0.570833333<x67>[B] (+0) -0.570833333<x68>[B] (+1) +0.570833333<x69>[B] (+0) -0.570833333<x70>[B] (+1) +0.570833333<x71>[B] (+0) -0.570833333<x72>[B] (+1) -0.570833333<x73>[B] (+1) +0.570833333<x74>[B] (+1) -0.570833333<x75>[B] (+0) -0.570833333<x76>[B] (+0) -0.570833333<x77>[B] (+1) -0.570833333<x78>[B] (+0) -0.570833333<x79>[B] (+1) -0.570833333<x80>[B] (+0) -0.570833333<x81>[B] (+0) -0.570833333<x82>[B] (+1) -0.570833333<x83>[B] (+1) -0.570833333<x84>[B] (+0) -0.570833333<x85>[B] (+1) -0.570833333<x86>[B] (+0) -0.570833333<x87>[B] (+1) -0.570833333<x88>[B] (+0) -0.570833333<x89>[B] (+1) -0.570833333<x90>[B] (+1) +0.570833333<x91>[B] (+1) -0.570833333<x92>[B] (+0) +0.570833333<x93>[B] (+0) -0.570833333<x94>[B] (+1) +0.570833333<x95>[B] (+0) -0.570833333<x96>[B] (+0) +0.570833333<x97>[B] (+1) +0.570833333<x98>[B] (+0) -0.570833333<x99>[B] (+0) -0.570833333<x100>[B] (+1) +0.570833333<x101>[B] (+0) -0.570833333<x102>[B] (+1) -0.570833333<x103>[B] (+1) +0.570833333<x104>[B] (+1) -0.570833333<x105>[B] (+1) +0.570833333<x106>[B] (+0) +0.570833333<x107>[B] (+0) +0.570833333<x108>[B] (+1) +0.570833333<x109>[B] (+0) +0.570833333<x110>[B] (+0) -0.570833333<x111>[B] (+1) -0.570833333<x112>[B] (+1) +0.570833333<x113>[B] (+1) -0.570833333<x114>[B] (+1) +0.570833333<x115>[B] (+1) +0.570833333<x116>[B] (+1) -0.570833333<x117>[B] (+0) +0.570833333<x118>[B] (+0) -0.570833333<x119>[B] (+0) -0.570833333<x120>[B] (+0) >= 16.9833333333333;
;
violation: left hand side is violated by 0.0249999999999915
  [linear] <c1152>: <x123>[C] (+3.34583333) -0.654166667<x1>[B] (+0) -0.654166667<x2>[B] (+0) -0.654166667<x3>[B] (+0) -0.654166667<x4>[B] (+0) -0.654166667<x5>[B] (+1) -0.654166667<x6>[B] (+0) +0.654166667<x7>[B] (+1) -0.654166667<x8>[B] (+0) -0.654166667<x9>[B] (+1) -0.654166667<x10>[B] (+0) -0.654166667<x11>[B] (+1) -0.654166667<x12>[B] (+1) -0.654166667<x13>[B] (+0) -0.654166667<x14>[B] (+0) -0.654166667<x15>[B] (+1) +0.654166667<x16>[B] (+0) +0.654166667<x17>[B] (+0) -0.654166667<x18>[B] (+1) +0.654166667<x19>[B] (+1) +0.654166667<x20>[B] (+0) +0.654166667<x21>[B] (+1) +0.654166667<x22>[B] (+1) +0.654166667<x23>[B] (+1) +0.654166667<x24>[B] (+0) +0.654166667<x25>[B] (+1) +0.654166667<x26>[B] (+1) +0.654166667<x27>[B] (+0) +0.654166667<x28>[B] (+1) +0.654166667<x29>[B] (+1) +0.654166667<x30>[B] (+1) -0.654166667<x31>[B] (+1) +0.654166667<x32>[B] (+1) +0.654166667<x33>[B] (+1) +0.654166667<x34>[B] (+1) +0.654166667<x35>[B] (+1) +0.654166667<x36>[B] (+1) +0.654166667<x37>[B] (+1) +0.654166667<x38>[B] (+1) +0.654166667<x39>[B] (+1) +0.654166667<x40>[B] (+1) +0.654166667<x41>[B] (+1) +0.654166667<x42>[B] (+1) -0.654166667<x43>[B] (+1) -0.654166667<x44>[B] (+1) +0.654166667<x45>[B] (+1) +0.654166667<x46>[B] (+1) -0.654166667<x47>[B] (+1) -0.654166667<x48>[B] (+1) +0.654166667<x49>[B] (+1) +0.654166667<x50>[B] (+1) +0.654166667<x51>[B] (+1) -0.654166667<x52>[B] (+1) +0.654166667<x53>[B] (+1) +0.654166667<x54>[B] (+1) +0.654166667<x55>[B] (+1) +0.654166667<x56>[B] (+0) +0.654166667<x57>[B] (+1) +0.654166667<x58>[B] (+1) +0.654166667<x59>[B] (+1) +0.654166667<x60>[B] (+0) +0.654166667<x61>[B] (+1) +0.654166667<x62>[B] (+1) +0.654166667<x63>[B] (+0) +0.654166667<x64>[B] (+0) +0.654166667<x65>[B] (+1) +0.654166667<x66>[B] (+0) +0.654166667<x67>[B] (+1) -0.654166667<x68>[B] (+0) -0.654166667<x69>[B] (+1) +0.654166667<x70>[B] (+0) +0.654166667<x71>[B] (+1) +0.654166667<x72>[B] (+1) -0.654166667<x73>[B] (+0) +0.654166667<x74>[B] (+0) +0.654166667<x75>[B] (+1) +0.654166667<x76>[B] (+1) -0.654166667<x77>[B] (+1) -0.654166667<x78>[B] (+1) +0.654166667<x79>[B] (+1) -0.654166667<x80>[B] (+1) +0.654166667<x81>[B] (+1) -0.654166667<x82>[B] (+1) +0.654166667<x83>[B] (+1) +0.654166667<x84>[B] (+1) -0.654166667<x85>[B] (+0) -0.654166667<x86>[B] (+1) -0.654166667<x87>[B] (+0) -0.654166667<x88>[B] (+1) -0.654166667<x89>[B] (+1) -0.654166667<x90>[B] (+0) -0.654166667<x91>[B] (+0) -0.654166667<x92>[B] (+1) -0.654166667<x93>[B] (+1) +0.654166667<x94>[B] (+0) +0.654166667<x95>[B] (+1) +0.654166667<x96>[B] (+1) +0.654166667<x97>[B] (+0) +0.654166667<x98>[B] (+0) +0.654166667<x99>[B] (+1) +0.654166667<x100>[B] (+0) +0.654166667<x101>[B] (+1) +0.654166667<x102>[B] (+1) +0.654166667<x103>[B] (+0) +0.654166667<x104>[B] (+0) +0.654166667<x105>[B] (+1) -0.654166667<x106>[B] (+1) +0.654166667<x107>[B] (+1) -0.654166667<x108>[B] (+1) -0.654166667<x109>[B] (+1) +0.654166667<x110>[B] (+1) +0.654166667<x111>[B] (+0) -0.654166667<x112>[B] (+0) +0.654166667<x113>[B] (+0) +0.654166667<x114>[B] (+0) -0.654166667<x115>[B] (+0) -0.654166667<x116>[B] (+0) -0.654166667<x117>[B] (+1) +0.654166667<x118>[B] (+1) +0.654166667<x119>[B] (+1) +0.654166667<x120>[B] (+1) >= 24.0416666666667;
;
violation: left hand side is violated by 1.72500000000001
2/4 feasible solutions given by solution candidate storage, new primal bound -3.000188e+06

presolving:
   (0.0s) symmetry computation started: requiring (bin +, int +, cont +), (fixed: bin -, int -, cont -)
   (0.0s) no symmetry present (symcode time: 0.00)
presolving (0 rounds: 0 fast, 0 medium, 0 exhaustive):
 0 deleted vars, 0 deleted constraints, 0 added constraints, 0 tightened bounds, 0 added holes, 0 changed sides, 0 changed coefficients
 0 implications, 0 cliques, 0 implied integral variables (0 bin, 0 int, 0 cont)
presolved problem has 150 variables (120 bin, 0 int, 30 cont) and 1173 constraints
   1173 constraints of type <linear>
Presolving Time: 0.00
transformed 2/2 original solutions to the transformed problem space

 time | node  | left  |LP iter|LP it/n|mem/heur|mdpt |vars |cons |rows |cuts |sepa|confs|strbr|  dualbound   | primalbound  |  gap   | compl. 
p 0.0s|     1 |     0 |    10 |     - |   locks|   0 | 150 |1173 |1173 |   0 |  0 |   0 |   0 | 1.700000e+02 |-6.122500e+02 |    Inf | unknown
  0.0s|     1 |     0 |   258 |     - |  9317k |   0 | 150 |1173 |1173 |   0 |  0 |   0 |   0 |-4.385083e+02 |-6.122500e+02 |  39.62%| unknown
r 0.0s|     1 |     0 |   258 |     - |shifting|   0 | 150 |1173 |1173 |   0 |  0 |   0 |   0 |-4.385083e+02 |-4.471083e+02 |   1.96%| unknown
  0.0s|     1 |     0 |   260 |     - |  9567k |   0 | 150 |1173 |1175 |   2 |  1 |   0 |   0 |-4.385131e+02 |-4.471083e+02 |   1.96%| unknown
  0.0s|     1 |     0 |   260 |     - |  9578k |   0 | 150 |1173 |1175 |   2 |  1 |   0 |   0 |-4.385131e+02 |-4.471083e+02 |   1.96%| unknown
  0.0s|     1 |     0 |   261 |     - |  9906k |   0 | 150 |1173 |1176 |   3 |  2 |   0 |   0 |-4.385167e+02 |-4.471083e+02 |   1.96%| unknown
r 0.0s|     1 |     0 |   261 |     - |shifting|   0 | 150 |1173 |1176 |   3 |  2 |   0 |   0 |-4.385167e+02 |-4.461094e+02 |   1.73%| unknown
  0.0s|     1 |     0 |   264 |     - |    10M |   0 | 150 |1173 |1177 |   4 |  3 |   0 |   0 |-4.385222e+02 |-4.461094e+02 |   1.73%| unknown
  0.1s|     1 |     0 |   266 |     - |    10M |   0 | 150 |1173 |1178 |   5 |  4 |   0 |   0 |-4.385301e+02 |-4.461094e+02 |   1.73%| unknown
r 0.1s|     1 |     0 |   266 |     - |shifting|   0 | 150 |1173 |1178 |   5 |  4 |   0 |   0 |-4.385301e+02 |-4.429393e+02 |   1.01%| unknown
  0.1s|     1 |     0 |   270 |     - |    10M |   0 | 150 |1173 |1179 |   6 |  5 |   0 |   0 |-4.385333e+02 |-4.429393e+02 |   1.00%| unknown
r 0.1s|     1 |     0 |   270 |     - |shifting|   0 | 150 |1173 |1095 |   6 |  5 |   0 |   0 |-4.385333e+02 |-4.428729e+02 |   0.99%| unknown
  0.1s|     1 |     0 |   270 |     - |    10M |   0 | 150 |1173 |1095 |   6 |  5 |   0 |   0 |-4.385333e+02 |-4.428729e+02 |   0.99%| unknown
  0.1s|     1 |     0 |   272 |     - |    11M |   0 | 150 |1173 |1098 |   9 |  6 |   0 |   0 |-4.385354e+02 |-4.428729e+02 |   0.99%| unknown
  0.1s|     1 |     0 |   275 |     - |    11M |   0 | 150 |1173 |1100 |  11 |  7 |   0 |   0 |-4.385417e+02 |-4.428729e+02 |   0.99%| unknown
 time | node  | left  |LP iter|LP it/n|mem/heur|mdpt |vars |cons |rows |cuts |sepa|confs|strbr|  dualbound   | primalbound  |  gap   | compl. 
d 0.1s|     1 |     0 |   275 |     - |farkasdi|   0 | 150 |1089 |1100 |   0 |  8 |   0 |   0 |-4.385417e+02 |-4.385417e+02 |   0.00%| unknown
  0.1s|     1 |     0 |   275 |     - |    11M |   0 | 150 |1089 |1100 |  11 |  8 |   0 |   0 |-4.385417e+02 |-4.385417e+02 |   0.00%| unknown

SCIP Status        : problem is solved [optimal solution found]
Solving Time (sec) : 0.08
Solving Nodes      : 1
Primal Bound       : -4.38541666666667e+02 (11 solutions)
Dual Bound         : -4.38541666666667e+02
Gap                : 0.00 %
  [linear] <c1174>: <x121>[C] (+17.0583333) +0.529166667<x1>[B] (+1) +0.529166667<x2>[B] (+1) +0.529166667<x3>[B] (+1) -0.529166667<x4>[B] (+1) +0.529166667<x5>[B] (+0) +0.529166667<x6>[B] (+1) +0.529166667<x7>[B] (+0) -0.529166667<x8>[B] (+1) +0.529166667<x9>[B] (+0) -0.529166667<x10>[B] (+1) +0.529166667<x11>[B] (+0) +0.529166667<x12>[B] (+1) +0.529166667<x13>[B] (+1) +0.529166667<x14>[B] (+1) +0.529166667<x15>[B] (+0) -0.529166667<x16>[B] (+1) -0.529166667<x17>[B] (+1) -0.529166667<x18>[B] (+1) -0.529166667<x19>[B] (+0) -0.529166667<x20>[B] (+0) -0.529166667<x21>[B] (+0) -0.529166667<x22>[B] (+0) -0.529166667<x23>[B] (+0) -0.529166667<x24>[B] (+0) -0.529166667<x25>[B] (+0) -0.529166667<x26>[B] (+0) -0.529166667<x27>[B] (+1) -0.529166667<x28>[B] (+0) -0.529166667<x29>[B] (+0) -0.529166667<x30>[B] (+1) -0.529166667<x31>[B] (+1) -0.529166667<x32>[B] (+0) -0.529166667<x33>[B] (+0) -0.529166667<x34>[B] (+0) -0.529166667<x35>[B] (+0) -0.529166667<x36>[B] (+0) -0.529166667<x37>[B] (+0) -0.529166667<x38>[B] (+0) -0.529166667<x39>[B] (+0) -0.529166667<x40>[B] (+1) -0.529166667<x41>[B] (+0) -0.529166667<x42>[B] (+0) -0.529166667<x43>[B] (+0) +0.529166667<x44>[B] (+0) -0.529166667<x45>[B] (+0) -0.529166667<x46>[B] (+0) -0.529166667<x47>[B] (+0) +0.529166667<x48>[B] (+0) -0.529166667<x49>[B] (+0) -0.529166667<x50>[B] (+0) +0.529166667<x51>[B] (+0) +0.529166667<x52>[B] (+0) -0.529166667<x53>[B] (+0) -0.529166667<x54>[B] (+0) +0.529166667<x55>[B] (+0) +0.529166667<x56>[B] (+0) +0.529166667<x57>[B] (+0) +0.529166667<x58>[B] (+0) +0.529166667<x59>[B] (+0) +0.529166667<x60>[B] (+0) +0.529166667<x61>[B] (+0) +0.529166667<x62>[B] (+0) +0.529166667<x63>[B] (+1) +0.529166667<x64>[B] (+0) +0.529166667<x65>[B] (+0) -0.529166667<x66>[B] (+1) -0.529166667<x67>[B] (+0) -0.529166667<x68>[B] (+1) -0.529166667<x69>[B] (+0) -0.529166667<x70>[B] (+1) -0.529166667<x71>[B] (+0) -0.529166667<x72>[B] (+1) -0.529166667<x73>[B] (+1) -0.529166667<x74>[B] (+1) -0.529166667<x75>[B] (+0) +0.529166667<x76>[B] (+0) -0.529166667<x77>[B] (+1) +0.529166667<x78>[B] (+0) -0.529166667<x79>[B] (+1) +0.529166667<x80>[B] (+0) +0.529166667<x81>[B] (+0) +0.529166667<x82>[B] (+1) +0.529166667<x83>[B] (+1) -0.529166667<x84>[B] (+0) -0.529166667<x85>[B] (+1) +0.529166667<x86>[B] (+0) -0.529166667<x87>[B] (+1) +0.529166667<x88>[B] (+0) +0.529166667<x89>[B] (+1) +0.529166667<x90>[B] (+1) +0.529166667<x91>[B] (+1) -0.529166667<x92>[B] (+0) +0.529166667<x93>[B] (+0) +0.529166667<x94>[B] (+0) +0.529166667<x95>[B] (+0) +0.529166667<x96>[B] (+0) +0.529166667<x97>[B] (+1) +0.529166667<x98>[B] (+0) +0.529166667<x99>[B] (+0) -0.529166667<x100>[B] (+1) -0.529166667<x101>[B] (+0) -0.529166667<x102>[B] (+1) -0.529166667<x103>[B] (+1) -0.529166667<x104>[B] (+1) -0.529166667<x105>[B] (+1) +0.529166667<x106>[B] (+0) +0.529166667<x107>[B] (+0) +0.529166667<x108>[B] (+1) +0.529166667<x109>[B] (+0) +0.529166667<x110>[B] (+0) +0.529166667<x111>[B] (+1) +0.529166667<x112>[B] (+1) -0.529166667<x113>[B] (+1) -0.529166667<x114>[B] (+1) -0.529166667<x115>[B] (+1) -0.529166667<x116>[B] (+1) -0.529166667<x117>[B] (+0) -0.529166667<x118>[B] (+0) -0.529166667<x119>[B] (+0) -0.529166667<x120>[B] (+0) >= 10.7166666666667;
;
violation: left hand side is violated by 0.00833333333331865
  [linear] <c1174>: <x121>[C] (+17.0583333) +0.529166667<x1>[B] (+1) +0.529166667<x2>[B] (+1) +0.529166667<x3>[B] (+1) -0.529166667<x4>[B] (+1) +0.529166667<x5>[B] (+0) +0.529166667<x6>[B] (+1) +0.529166667<x7>[B] (+0) -0.529166667<x8>[B] (+1) +0.529166667<x9>[B] (+0) -0.529166667<x10>[B] (+1) +0.529166667<x11>[B] (+0) +0.529166667<x12>[B] (+1) +0.529166667<x13>[B] (+1) +0.529166667<x14>[B] (+1) +0.529166667<x15>[B] (+0) -0.529166667<x16>[B] (+1) -0.529166667<x17>[B] (+1) -0.529166667<x18>[B] (+1) -0.529166667<x19>[B] (+0) -0.529166667<x20>[B] (+0) -0.529166667<x21>[B] (+0) -0.529166667<x22>[B] (+0) -0.529166667<x23>[B] (+0) -0.529166667<x24>[B] (+0) -0.529166667<x25>[B] (+0) -0.529166667<x26>[B] (+0) -0.529166667<x27>[B] (+1) -0.529166667<x28>[B] (+0) -0.529166667<x29>[B] (+0) -0.529166667<x30>[B] (+1) -0.529166667<x31>[B] (+1) -0.529166667<x32>[B] (+0) -0.529166667<x33>[B] (+0) -0.529166667<x34>[B] (+0) -0.529166667<x35>[B] (+0) -0.529166667<x36>[B] (+0) -0.529166667<x37>[B] (+0) -0.529166667<x38>[B] (+0) -0.529166667<x39>[B] (+0) -0.529166667<x40>[B] (+2.33529862e-12) -0.529166667<x41>[B] (+0) -0.529166667<x42>[B] (+0) -0.529166667<x43>[B] (+0) +0.529166667<x44>[B] (+0) -0.529166667<x45>[B] (+0) -0.529166667<x46>[B] (+0) -0.529166667<x47>[B] (+0) +0.529166667<x48>[B] (+0) -0.529166667<x49>[B] (+0) -0.529166667<x50>[B] (+0) +0.529166667<x51>[B] (+0) +0.529166667<x52>[B] (+0) -0.529166667<x53>[B] (+0) -0.529166667<x54>[B] (+0) +0.529166667<x55>[B] (+0) +0.529166667<x56>[B] (+0) +0.529166667<x57>[B] (+0) +0.529166667<x58>[B] (+0) +0.529166667<x59>[B] (+0) +0.529166667<x60>[B] (+0) +0.529166667<x61>[B] (+0) +0.529166667<x62>[B] (+0) +0.529166667<x63>[B] (+2.33529862e-12) +0.529166667<x64>[B] (+0) +0.529166667<x65>[B] (+0) -0.529166667<x66>[B] (+1) -0.529166667<x67>[B] (+0) -0.529166667<x68>[B] (+1) -0.529166667<x69>[B] (+0) -0.529166667<x70>[B] (+1) -0.529166667<x71>[B] (+0) -0.529166667<x72>[B] (+1) -0.529166667<x73>[B] (+1) -0.529166667<x74>[B] (+1) -0.529166667<x75>[B] (+0) +0.529166667<x76>[B] (+0) -0.529166667<x77>[B] (+1) +0.529166667<x78>[B] (+0) -0.529166667<x79>[B] (+1) +0.529166667<x80>[B] (+0) +0.529166667<x81>[B] (+0) +0.529166667<x82>[B] (+1) +0.529166667<x83>[B] (+1) -0.529166667<x84>[B] (+0) -0.529166667<x85>[B] (+1) +0.529166667<x86>[B] (+0) -0.529166667<x87>[B] (+1) +0.529166667<x88>[B] (+0) +0.529166667<x89>[B] (+1) +0.529166667<x90>[B] (+1) +0.529166667<x91>[B] (+1) -0.529166667<x92>[B] (+0) +0.529166667<x93>[B] (+0) +0.529166667<x94>[B] (+0) +0.529166667<x95>[B] (+0) +0.529166667<x96>[B] (+0) +0.529166667<x97>[B] (+1) +0.529166667<x98>[B] (+0) +0.529166667<x99>[B] (+0) -0.529166667<x100>[B] (+1) -0.529166667<x101>[B] (+0) -0.529166667<x102>[B] (+1) -0.529166667<x103>[B] (+1) -0.529166667<x104>[B] (+1) -0.529166667<x105>[B] (+1) +0.529166667<x106>[B] (+0) +0.529166667<x107>[B] (+0) +0.529166667<x108>[B] (+1) +0.529166667<x109>[B] (+0) +0.529166667<x110>[B] (+0) +0.529166667<x111>[B] (+1) +0.529166667<x112>[B] (+1) -0.529166667<x113>[B] (+1) -0.529166667<x114>[B] (+1) -0.529166667<x115>[B] (+1) -0.529166667<x116>[B] (+1) -0.529166667<x117>[B] (+0) -0.529166667<x118>[B] (+0) -0.529166667<x119>[B] (+0) -0.529166667<x120>[B] (+0) >= 10.7166666666667;
;
violation: left hand side is violated by 0.00833333333332575
  [linear] <c1174>: <x121>[C] (+17.0583333) +0.529166667<x1>[B] (+1) +0.529166667<x2>[B] (+1) +0.529166667<x3>[B] (+1) -0.529166667<x4>[B] (+1) +0.529166667<x5>[B] (+0) +0.529166667<x6>[B] (+1) +0.529166667<x7>[B] (+0) -0.529166667<x8>[B] (+1) +0.529166667<x9>[B] (+0) -0.529166667<x10>[B] (+1) +0.529166667<x11>[B] (+0) +0.529166667<x12>[B] (+1) +0.529166667<x13>[B] (+1) +0.529166667<x14>[B] (+1) +0.529166667<x15>[B] (+0) -0.529166667<x16>[B] (+1) -0.529166667<x17>[B] (+1) -0.529166667<x18>[B] (+1) -0.529166667<x19>[B] (+0) -0.529166667<x20>[B] (+0) -0.529166667<x21>[B] (+0) -0.529166667<x22>[B] (+0) -0.529166667<x23>[B] (+0) -0.529166667<x24>[B] (+0) -0.529166667<x25>[B] (+0) -0.529166667<x26>[B] (+0) -0.529166667<x27>[B] (+1) -0.529166667<x28>[B] (+0) -0.529166667<x29>[B] (+0) -0.529166667<x30>[B] (+1) -0.529166667<x31>[B] (+1) -0.529166667<x32>[B] (+0) -0.529166667<x33>[B] (+0) -0.529166667<x34>[B] (+0) -0.529166667<x35>[B] (+0) -0.529166667<x36>[B] (+0) -0.529166667<x37>[B] (+0) -0.529166667<x38>[B] (+0) -0.529166667<x39>[B] (+0) -0.529166667<x40>[B] (+1) -0.529166667<x41>[B] (+0) -0.529166667<x42>[B] (+0) -0.529166667<x43>[B] (+0) +0.529166667<x44>[B] (+0) -0.529166667<x45>[B] (+0) -0.529166667<x46>[B] (+0) -0.529166667<x47>[B] (+0) +0.529166667<x48>[B] (+0) -0.529166667<x49>[B] (+0) -0.529166667<x50>[B] (+0) +0.529166667<x51>[B] (+0) +0.529166667<x52>[B] (+0) -0.529166667<x53>[B] (+0) -0.529166667<x54>[B] (+0) +0.529166667<x55>[B] (+0) +0.529166667<x56>[B] (+0) +0.529166667<x57>[B] (+0) +0.529166667<x58>[B] (+0) +0.529166667<x59>[B] (+0) +0.529166667<x60>[B] (+0) +0.529166667<x61>[B] (+0) +0.529166667<x62>[B] (+0) +0.529166667<x63>[B] (+1) +0.529166667<x64>[B] (+0) +0.529166667<x65>[B] (+0) -0.529166667<x66>[B] (+1) -0.529166667<x67>[B] (+0) -0.529166667<x68>[B] (+1) -0.529166667<x69>[B] (+0) -0.529166667<x70>[B] (+1) -0.529166667<x71>[B] (+0) -0.529166667<x72>[B] (+1) -0.529166667<x73>[B] (+1) -0.529166667<x74>[B] (+1) -0.529166667<x75>[B] (+0) +0.529166667<x76>[B] (+0) -0.529166667<x77>[B] (+1) +0.529166667<x78>[B] (+0) -0.529166667<x79>[B] (+1) +0.529166667<x80>[B] (+0) +0.529166667<x81>[B] (+0) +0.529166667<x82>[B] (+1) +0.529166667<x83>[B] (+1) -0.529166667<x84>[B] (+0) -0.529166667<x85>[B] (+1) +0.529166667<x86>[B] (+0) -0.529166667<x87>[B] (+1) +0.529166667<x88>[B] (+0) +0.529166667<x89>[B] (+1) +0.529166667<x90>[B] (+1) +0.529166667<x91>[B] (+1) -0.529166667<x92>[B] (+0) +0.529166667<x93>[B] (+0) +0.529166667<x94>[B] (+0) +0.529166667<x95>[B] (+0) +0.529166667<x96>[B] (+0) +0.529166667<x97>[B] (+1) +0.529166667<x98>[B] (+0) +0.529166667<x99>[B] (+0) -0.529166667<x100>[B] (+1) -0.529166667<x101>[B] (+0) -0.529166667<x102>[B] (+1) -0.529166667<x103>[B] (+1) -0.529166667<x104>[B] (+1) -0.529166667<x105>[B] (+1) +0.529166667<x106>[B] (+0) +0.529166667<x107>[B] (+0) +0.529166667<x108>[B] (+1) +0.529166667<x109>[B] (+0) +0.529166667<x110>[B] (+0) +0.529166667<x111>[B] (+1) +0.529166667<x112>[B] (+1) -0.529166667<x113>[B] (+1) -0.529166667<x114>[B] (+1) -0.529166667<x115>[B] (+1) -0.529166667<x116>[B] (+1) -0.529166667<x117>[B] (+0) -0.529166667<x118>[B] (+0) -0.529166667<x119>[B] (+0) -0.529166667<x120>[B] (+0) >= 10.7166666666667;
;
violation: left hand side is violated by 0.00833333333332575
  [linear] <c1174>: <x121>[C] (+17.0583333) +0.529166667<x1>[B] (+1) +0.529166667<x2>[B] (+1) +0.529166667<x3>[B] (+1) -0.529166667<x4>[B] (+1) +0.529166667<x5>[B] (+0) +0.529166667<x6>[B] (+1) +0.529166667<x7>[B] (+0) -0.529166667<x8>[B] (+1) +0.529166667<x9>[B] (+0) -0.529166667<x10>[B] (+1) +0.529166667<x11>[B] (+0) +0.529166667<x12>[B] (+1) +0.529166667<x13>[B] (+1) +0.529166667<x14>[B] (+1) +0.529166667<x15>[B] (+0) -0.529166667<x16>[B] (+1) -0.529166667<x17>[B] (+1) -0.529166667<x18>[B] (+1) -0.529166667<x19>[B] (+0) -0.529166667<x20>[B] (+0) -0.529166667<x21>[B] (+0) -0.529166667<x22>[B] (+0) -0.529166667<x23>[B] (+0) -0.529166667<x24>[B] (+0) -0.529166667<x25>[B] (+0) -0.529166667<x26>[B] (+0) -0.529166667<x27>[B] (+1) -0.529166667<x28>[B] (+0) -0.529166667<x29>[B] (+0) -0.529166667<x30>[B] (+1) -0.529166667<x31>[B] (+1) -0.529166667<x32>[B] (+0) -0.529166667<x33>[B] (+0) -0.529166667<x34>[B] (+0) -0.529166667<x35>[B] (+0) -0.529166667<x36>[B] (+0) -0.529166667<x37>[B] (+0) -0.529166667<x38>[B] (+0) -0.529166667<x39>[B] (+0) -0.529166667<x40>[B] (+1) -0.529166667<x41>[B] (+0) -0.529166667<x42>[B] (+0) -0.529166667<x43>[B] (+0) +0.529166667<x44>[B] (+0) -0.529166667<x45>[B] (+0) -0.529166667<x46>[B] (+0) -0.529166667<x47>[B] (+0) +0.529166667<x48>[B] (+0) -0.529166667<x49>[B] (+0) -0.529166667<x50>[B] (+0) +0.529166667<x51>[B] (+0) +0.529166667<x52>[B] (+0) -0.529166667<x53>[B] (+0) -0.529166667<x54>[B] (+0) +0.529166667<x55>[B] (+0) +0.529166667<x56>[B] (+0) +0.529166667<x57>[B] (+0) +0.529166667<x58>[B] (+0) +0.529166667<x59>[B] (+0) +0.529166667<x60>[B] (+0) +0.529166667<x61>[B] (+0) +0.529166667<x62>[B] (+0) +0.529166667<x63>[B] (+1) +0.529166667<x64>[B] (+0) +0.529166667<x65>[B] (+0) -0.529166667<x66>[B] (+1) -0.529166667<x67>[B] (+0) -0.529166667<x68>[B] (+1) -0.529166667<x69>[B] (+0) -0.529166667<x70>[B] (+1) -0.529166667<x71>[B] (+0) -0.529166667<x72>[B] (+1) -0.529166667<x73>[B] (+1) -0.529166667<x74>[B] (+1) -0.529166667<x75>[B] (+0) +0.529166667<x76>[B] (+0) -0.529166667<x77>[B] (+1) +0.529166667<x78>[B] (+0) -0.529166667<x79>[B] (+1) +0.529166667<x80>[B] (+0) +0.529166667<x81>[B] (+0) +0.529166667<x82>[B] (+1) +0.529166667<x83>[B] (+1) -0.529166667<x84>[B] (+0) -0.529166667<x85>[B] (+1) +0.529166667<x86>[B] (+0) -0.529166667<x87>[B] (+1) +0.529166667<x88>[B] (+0) +0.529166667<x89>[B] (+1) +0.529166667<x90>[B] (+1) +0.529166667<x91>[B] (+1) -0.529166667<x92>[B] (+0) +0.529166667<x93>[B] (+0) +0.529166667<x94>[B] (+0) +0.529166667<x95>[B] (+0) +0.529166667<x96>[B] (+0) +0.529166667<x97>[B] (+1) +0.529166667<x98>[B] (+0) +0.529166667<x99>[B] (+0) -0.529166667<x100>[B] (+1) -0.529166667<x101>[B] (+0) -0.529166667<x102>[B] (+1) -0.529166667<x103>[B] (+1) -0.529166667<x104>[B] (+1) -0.529166667<x105>[B] (+1) +0.529166667<x106>[B] (+0) +0.529166667<x107>[B] (+0) +0.529166667<x108>[B] (+1) +0.529166667<x109>[B] (+0) +0.529166667<x110>[B] (+0) +0.529166667<x111>[B] (+1) +0.529166667<x112>[B] (+1) -0.529166667<x113>[B] (+1) -0.529166667<x114>[B] (+1) -0.529166667<x115>[B] (+1) -0.529166667<x116>[B] (+1) -0.529166667<x117>[B] (+0) -0.529166667<x118>[B] (+0) -0.529166667<x119>[B] (+0) -0.529166667<x120>[B] (+0) >= 10.7166666666667;
;
violation: left hand side is violated by 0.00833333333332575
  [linear] <c1174>: <x121>[C] (+17.0583333) +0.529166667<x1>[B] (+1) +0.529166667<x2>[B] (+1) +0.529166667<x3>[B] (+1) -0.529166667<x4>[B] (+1) +0.529166667<x5>[B] (+0) +0.529166667<x6>[B] (+1) +0.529166667<x7>[B] (+0) -0.529166667<x8>[B] (+1) +0.529166667<x9>[B] (+0) -0.529166667<x10>[B] (+1) +0.529166667<x11>[B] (+0) +0.529166667<x12>[B] (+1) +0.529166667<x13>[B] (+1) +0.529166667<x14>[B] (+1) +0.529166667<x15>[B] (+0) -0.529166667<x16>[B] (+1) -0.529166667<x17>[B] (+1) -0.529166667<x18>[B] (+1) -0.529166667<x19>[B] (+0) -0.529166667<x20>[B] (+0) -0.529166667<x21>[B] (+0) -0.529166667<x22>[B] (+0) -0.529166667<x23>[B] (+0) -0.529166667<x24>[B] (+0) -0.529166667<x25>[B] (+0) -0.529166667<x26>[B] (+0) -0.529166667<x27>[B] (+1) -0.529166667<x28>[B] (+0) -0.529166667<x29>[B] (+0) -0.529166667<x30>[B] (+1) -0.529166667<x31>[B] (+1) -0.529166667<x32>[B] (+0) -0.529166667<x33>[B] (+0) -0.529166667<x34>[B] (+0) -0.529166667<x35>[B] (+0) -0.529166667<x36>[B] (+0) -0.529166667<x37>[B] (+0) -0.529166667<x38>[B] (+0) -0.529166667<x39>[B] (+0) -0.529166667<x40>[B] (+1) -0.529166667<x41>[B] (+0) -0.529166667<x42>[B] (+0) -0.529166667<x43>[B] (+0) +0.529166667<x44>[B] (+0) -0.529166667<x45>[B] (+0) -0.529166667<x46>[B] (+0) -0.529166667<x47>[B] (+0) +0.529166667<x48>[B] (+0) -0.529166667<x49>[B] (+0) -0.529166667<x50>[B] (+0) +0.529166667<x51>[B] (+0) +0.529166667<x52>[B] (+0) -0.529166667<x53>[B] (+0) -0.529166667<x54>[B] (+0) +0.529166667<x55>[B] (+0) +0.529166667<x56>[B] (+0) +0.529166667<x57>[B] (+0) +0.529166667<x58>[B] (+0) +0.529166667<x59>[B] (+0) +0.529166667<x60>[B] (+0) +0.529166667<x61>[B] (+0) +0.529166667<x62>[B] (+0) +0.529166667<x63>[B] (+1) +0.529166667<x64>[B] (+0) +0.529166667<x65>[B] (+0) -0.529166667<x66>[B] (+1) -0.529166667<x67>[B] (+0) -0.529166667<x68>[B] (+1) -0.529166667<x69>[B] (+0) -0.529166667<x70>[B] (+1) -0.529166667<x71>[B] (+0) -0.529166667<x72>[B] (+1) -0.529166667<x73>[B] (+1) -0.529166667<x74>[B] (+1) -0.529166667<x75>[B] (+0) +0.529166667<x76>[B] (+0) -0.529166667<x77>[B] (+1) +0.529166667<x78>[B] (+0) -0.529166667<x79>[B] (+1) +0.529166667<x80>[B] (+0) +0.529166667<x81>[B] (+0) +0.529166667<x82>[B] (+1) +0.529166667<x83>[B] (+1) -0.529166667<x84>[B] (+0) -0.529166667<x85>[B] (+1) +0.529166667<x86>[B] (+0) -0.529166667<x87>[B] (+1) +0.529166667<x88>[B] (+0) +0.529166667<x89>[B] (+1) +0.529166667<x90>[B] (+1) +0.529166667<x91>[B] (+1) -0.529166667<x92>[B] (+0) +0.529166667<x93>[B] (+0) +0.529166667<x94>[B] (+0) +0.529166667<x95>[B] (+0) +0.529166667<x96>[B] (+0) +0.529166667<x97>[B] (+1) +0.529166667<x98>[B] (+0) +0.529166667<x99>[B] (+0) -0.529166667<x100>[B] (+1) -0.529166667<x101>[B] (+0) -0.529166667<x102>[B] (+1) -0.529166667<x103>[B] (+1) -0.529166667<x104>[B] (+1) -0.529166667<x105>[B] (+1) +0.529166667<x106>[B] (+0) +0.529166667<x107>[B] (+0) +0.529166667<x108>[B] (+1) +0.529166667<x109>[B] (+0) +0.529166667<x110>[B] (+0) +0.529166667<x111>[B] (+1) +0.529166667<x112>[B] (+1) -0.529166667<x113>[B] (+1) -0.529166667<x114>[B] (+1) -0.529166667<x115>[B] (+1) -0.529166667<x116>[B] (+1) -0.529166667<x117>[B] (+0) -0.529166667<x118>[B] (+0) -0.529166667<x119>[B] (+0) -0.529166667<x120>[B] (+0) >= 10.7166666666667;
;
violation: left hand side is violated by 0.00833333333332575
  [linear] <c1174>: <x121>[C] (+17.0583333) +0.529166667<x1>[B] (+1) +0.529166667<x2>[B] (+1) +0.529166667<x3>[B] (+1) -0.529166667<x4>[B] (+1) +0.529166667<x5>[B] (+0) +0.529166667<x6>[B] (+1) +0.529166667<x7>[B] (+0) -0.529166667<x8>[B] (+1) +0.529166667<x9>[B] (+0) -0.529166667<x10>[B] (+1) +0.529166667<x11>[B] (+0) +0.529166667<x12>[B] (+1) +0.529166667<x13>[B] (+1) +0.529166667<x14>[B] (+1) +0.529166667<x15>[B] (+0) -0.529166667<x16>[B] (+1) -0.529166667<x17>[B] (+1) -0.529166667<x18>[B] (+1) -0.529166667<x19>[B] (+0) -0.529166667<x20>[B] (+0) -0.529166667<x21>[B] (+0) -0.529166667<x22>[B] (+0) -0.529166667<x23>[B] (+0) -0.529166667<x24>[B] (+0) -0.529166667<x25>[B] (+0) -0.529166667<x26>[B] (+0) -0.529166667<x27>[B] (+1) -0.529166667<x28>[B] (+0) -0.529166667<x29>[B] (+0) -0.529166667<x30>[B] (+1) -0.529166667<x31>[B] (+1) -0.529166667<x32>[B] (+0) -0.529166667<x33>[B] (+0) -0.529166667<x34>[B] (+0) -0.529166667<x35>[B] (+0) -0.529166667<x36>[B] (+0) -0.529166667<x37>[B] (+0) -0.529166667<x38>[B] (+0) -0.529166667<x39>[B] (+0) -0.529166667<x40>[B] (+1) -0.529166667<x41>[B] (+0) -0.529166667<x42>[B] (+0) -0.529166667<x43>[B] (+0) +0.529166667<x44>[B] (+0) -0.529166667<x45>[B] (+0) -0.529166667<x46>[B] (+0) -0.529166667<x47>[B] (+0) +0.529166667<x48>[B] (+0) -0.529166667<x49>[B] (+0) -0.529166667<x50>[B] (+0) +0.529166667<x51>[B] (+0) +0.529166667<x52>[B] (+0) -0.529166667<x53>[B] (+0) -0.529166667<x54>[B] (+0) +0.529166667<x55>[B] (+0) +0.529166667<x56>[B] (+0) +0.529166667<x57>[B] (+0) +0.529166667<x58>[B] (+0) +0.529166667<x59>[B] (+0) +0.529166667<x60>[B] (+0) +0.529166667<x61>[B] (+0) +0.529166667<x62>[B] (+0) +0.529166667<x63>[B] (+1) +0.529166667<x64>[B] (+0) +0.529166667<x65>[B] (+0) -0.529166667<x66>[B] (+1) -0.529166667<x67>[B] (+0) -0.529166667<x68>[B] (+1) -0.529166667<x69>[B] (+0) -0.529166667<x70>[B] (+1) -0.529166667<x71>[B] (+0) -0.529166667<x72>[B] (+1) -0.529166667<x73>[B] (+1) -0.529166667<x74>[B] (+1) -0.529166667<x75>[B] (+0) +0.529166667<x76>[B] (+0) -0.529166667<x77>[B] (+1) +0.529166667<x78>[B] (+0) -0.529166667<x79>[B] (+1) +0.529166667<x80>[B] (+0) +0.529166667<x81>[B] (+0) +0.529166667<x82>[B] (+1) +0.529166667<x83>[B] (+1) -0.529166667<x84>[B] (+0) -0.529166667<x85>[B] (+1) +0.529166667<x86>[B] (+0) -0.529166667<x87>[B] (+1) +0.529166667<x88>[B] (+0) +0.529166667<x89>[B] (+1) +0.529166667<x90>[B] (+1) +0.529166667<x91>[B] (+1) -0.529166667<x92>[B] (+0) +0.529166667<x93>[B] (+0) +0.529166667<x94>[B] (+0) +0.529166667<x95>[B] (+0) +0.529166667<x96>[B] (+0) +0.529166667<x97>[B] (+1) +0.529166667<x98>[B] (+0) +0.529166667<x99>[B] (+0) -0.529166667<x100>[B] (+1) -0.529166667<x101>[B] (+0) -0.529166667<x102>[B] (+1) -0.529166667<x103>[B] (+1) -0.529166667<x104>[B] (+1) -0.529166667<x105>[B] (+1) +0.529166667<x106>[B] (+0) +0.529166667<x107>[B] (+0) +0.529166667<x108>[B] (+1) +0.529166667<x109>[B] (+0) +0.529166667<x110>[B] (+0) +0.529166667<x111>[B] (+1) +0.529166667<x112>[B] (+1) -0.529166667<x113>[B] (+1) -0.529166667<x114>[B] (+1) -0.529166667<x115>[B] (+1) -0.529166667<x116>[B] (+1) -0.529166667<x117>[B] (+0) -0.529166667<x118>[B] (+0) -0.529166667<x119>[B] (+0) -0.529166667<x120>[B] (+0) >= 10.7166666666667;
;
violation: left hand side is violated by 0.00833333333332575
  [linear] <c1174>: <x121>[C] (+17.0583333) +0.529166667<x1>[B] (+1) +0.529166667<x2>[B] (+1) +0.529166667<x3>[B] (+1) -0.529166667<x4>[B] (+1) +0.529166667<x5>[B] (+0) +0.529166667<x6>[B] (+1) +0.529166667<x7>[B] (+0) -0.529166667<x8>[B] (+1) +0.529166667<x9>[B] (+0) -0.529166667<x10>[B] (+1) +0.529166667<x11>[B] (+0) +0.529166667<x12>[B] (+1) +0.529166667<x13>[B] (+1) +0.529166667<x14>[B] (+1) +0.529166667<x15>[B] (+0) -0.529166667<x16>[B] (+1) -0.529166667<x17>[B] (+1) -0.529166667<x18>[B] (+1) -0.529166667<x19>[B] (+0) -0.529166667<x20>[B] (+0) -0.529166667<x21>[B] (+0) -0.529166667<x22>[B] (+0) -0.529166667<x23>[B] (+0) -0.529166667<x24>[B] (+0) -0.529166667<x25>[B] (+0) -0.529166667<x26>[B] (+0) -0.529166667<x27>[B] (+1) -0.529166667<x28>[B] (+0) -0.529166667<x29>[B] (+0) -0.529166667<x30>[B] (+1) -0.529166667<x31>[B] (+1) -0.529166667<x32>[B] (+0) -0.529166667<x33>[B] (+0) -0.529166667<x34>[B] (+0) -0.529166667<x35>[B] (+0) -0.529166667<x36>[B] (+0) -0.529166667<x37>[B] (+0) -0.529166667<x38>[B] (+0) -0.529166667<x39>[B] (+0) -0.529166667<x40>[B] (+1) -0.529166667<x41>[B] (+0) -0.529166667<x42>[B] (+0) -0.529166667<x43>[B] (+0) +0.529166667<x44>[B] (+0) -0.529166667<x45>[B] (+0) -0.529166667<x46>[B] (+0) -0.529166667<x47>[B] (+0) +0.529166667<x48>[B] (+0) -0.529166667<x49>[B] (+0) -0.529166667<x50>[B] (+0) +0.529166667<x51>[B] (+0) +0.529166667<x52>[B] (+0) -0.529166667<x53>[B] (+0) -0.529166667<x54>[B] (+0) +0.529166667<x55>[B] (+0) +0.529166667<x56>[B] (+0) +0.529166667<x57>[B] (+0) +0.529166667<x58>[B] (+0) +0.529166667<x59>[B] (+0) +0.529166667<x60>[B] (+0) +0.529166667<x61>[B] (+0) +0.529166667<x62>[B] (+0) +0.529166667<x63>[B] (+1) +0.529166667<x64>[B] (+0) +0.529166667<x65>[B] (+0) -0.529166667<x66>[B] (+1) -0.529166667<x67>[B] (+0) -0.529166667<x68>[B] (+1) -0.529166667<x69>[B] (+0) -0.529166667<x70>[B] (+1) -0.529166667<x71>[B] (+0) -0.529166667<x72>[B] (+1) -0.529166667<x73>[B] (+1) -0.529166667<x74>[B] (+1) -0.529166667<x75>[B] (+0) +0.529166667<x76>[B] (+0) -0.529166667<x77>[B] (+1) +0.529166667<x78>[B] (+0) -0.529166667<x79>[B] (+1) +0.529166667<x80>[B] (+0) +0.529166667<x81>[B] (+0) +0.529166667<x82>[B] (+1) +0.529166667<x83>[B] (+1) -0.529166667<x84>[B] (+0) -0.529166667<x85>[B] (+1) +0.529166667<x86>[B] (+0) -0.529166667<x87>[B] (+1) +0.529166667<x88>[B] (+0) +0.529166667<x89>[B] (+1) +0.529166667<x90>[B] (+1) +0.529166667<x91>[B] (+1) -0.529166667<x92>[B] (+0) +0.529166667<x93>[B] (+0) +0.529166667<x94>[B] (+0) +0.529166667<x95>[B] (+0) +0.529166667<x96>[B] (+0) +0.529166667<x97>[B] (+1) +0.529166667<x98>[B] (+0) +0.529166667<x99>[B] (+0) -0.529166667<x100>[B] (+1) -0.529166667<x101>[B] (+0) -0.529166667<x102>[B] (+1) -0.529166667<x103>[B] (+1) -0.529166667<x104>[B] (+1) -0.529166667<x105>[B] (+1) +0.529166667<x106>[B] (+0) +0.529166667<x107>[B] (+0) +0.529166667<x108>[B] (+1) +0.529166667<x109>[B] (+0) +0.529166667<x110>[B] (+0) +0.529166667<x111>[B] (+1) +0.529166667<x112>[B] (+1) -0.529166667<x113>[B] (+1) -0.529166667<x114>[B] (+1) -0.529166667<x115>[B] (+1) -0.529166667<x116>[B] (+1) -0.529166667<x117>[B] (+0) -0.529166667<x118>[B] (+0) -0.529166667<x119>[B] (+0) -0.529166667<x120>[B] (+0) >= 10.7166666666667;
;
violation: left hand side is violated by 0.00833333333332575
  [linear] <c1174>: <x121>[C] (+17.5791667) +0.529166667<x1>[B] (+0) +0.529166667<x2>[B] (+0) +0.529166667<x3>[B] (+0) -0.529166667<x4>[B] (+0) +0.529166667<x5>[B] (+0) +0.529166667<x6>[B] (+0) +0.529166667<x7>[B] (+1) -0.529166667<x8>[B] (+0) +0.529166667<x9>[B] (+1) -0.529166667<x10>[B] (+0) +0.529166667<x11>[B] (+0) +0.529166667<x12>[B] (+0) +0.529166667<x13>[B] (+0) +0.529166667<x14>[B] (+0) +0.529166667<x15>[B] (+0) -0.529166667<x16>[B] (+0) -0.529166667<x17>[B] (+1) -0.529166667<x18>[B] (+1) -0.529166667<x19>[B] (+1) -0.529166667<x20>[B] (+1) -0.529166667<x21>[B] (+1) -0.529166667<x22>[B] (+1) -0.529166667<x23>[B] (+1) -0.529166667<x24>[B] (+1) -0.529166667<x25>[B] (+1) -0.529166667<x26>[B] (+1) -0.529166667<x27>[B] (+1) -0.529166667<x28>[B] (+1) -0.529166667<x29>[B] (+1) -0.529166667<x30>[B] (+1) -0.529166667<x31>[B] (+1) -0.529166667<x32>[B] (+1) -0.529166667<x33>[B] (+1) -0.529166667<x34>[B] (+1) -0.529166667<x35>[B] (+1) -0.529166667<x36>[B] (+1) -0.529166667<x37>[B] (+1) -0.529166667<x38>[B] (+1) -0.529166667<x39>[B] (+1) -0.529166667<x40>[B] (+1) -0.529166667<x41>[B] (+1) -0.529166667<x42>[B] (+1) -0.529166667<x43>[B] (+1) +0.529166667<x44>[B] (+1) -0.529166667<x45>[B] (+1) -0.529166667<x46>[B] (+1) -0.529166667<x47>[B] (+1) +0.529166667<x48>[B] (+1) -0.529166667<x49>[B] (+1) -0.529166667<x50>[B] (+1) +0.529166667<x51>[B] (+1) +0.529166667<x52>[B] (+1) -0.529166667<x53>[B] (+1) -0.529166667<x54>[B] (+1) +0.529166667<x55>[B] (+1) +0.529166667<x56>[B] (+1) +0.529166667<x57>[B] (+1) +0.529166667<x58>[B] (+1) +0.529166667<x59>[B] (+1) +0.529166667<x60>[B] (+1) +0.529166667<x61>[B] (+1) +0.529166667<x62>[B] (+1) +0.529166667<x63>[B] (+1) +0.529166667<x64>[B] (+1) +0.529166667<x65>[B] (+1) -0.529166667<x66>[B] (+0) -0.529166667<x67>[B] (+1) -0.529166667<x68>[B] (+0) -0.529166667<x69>[B] (+1) -0.529166667<x70>[B] (+0) -0.529166667<x71>[B] (+0) -0.529166667<x72>[B] (+1) -0.529166667<x73>[B] (+0) -0.529166667<x74>[B] (+1) -0.529166667<x75>[B] (+1) +0.529166667<x76>[B] (+1) -0.529166667<x77>[B] (+0) +0.529166667<x78>[B] (+1) -0.529166667<x79>[B] (+1) +0.529166667<x80>[B] (+1) +0.529166667<x81>[B] (+1) +0.529166667<x82>[B] (+0) +0.529166667<x83>[B] (+1) -0.529166667<x84>[B] (+1) -0.529166667<x85>[B] (+0) +0.529166667<x86>[B] (+1) -0.529166667<x87>[B] (+0) +0.529166667<x88>[B] (+0) +0.529166667<x89>[B] (+0) +0.529166667<x90>[B] (+0) +0.529166667<x91>[B] (+0) -0.529166667<x92>[B] (+0) +0.529166667<x93>[B] (+1) +0.529166667<x94>[B] (+1) +0.529166667<x95>[B] (+1) +0.529166667<x96>[B] (+1) +0.529166667<x97>[B] (+1) +0.529166667<x98>[B] (+1) +0.529166667<x99>[B] (+1) -0.529166667<x100>[B] (+0) -0.529166667<x101>[B] (+0) -0.529166667<x102>[B] (+0) -0.529166667<x103>[B] (+0) -0.529166667<x104>[B] (+0) -0.529166667<x105>[B] (+0) +0.529166667<x106>[B] (+0) +0.529166667<x107>[B] (+1) +0.529166667<x108>[B] (+0) +0.529166667<x109>[B] (+1) +0.529166667<x110>[B] (+1) +0.529166667<x111>[B] (+1) +0.529166667<x112>[B] (+0) -0.529166667<x113>[B] (+1) -0.529166667<x114>[B] (+1) -0.529166667<x115>[B] (+0) -0.529166667<x116>[B] (+0) -0.529166667<x117>[B] (+1) -0.529166667<x118>[B] (+1) -0.529166667<x119>[B] (+1) -0.529166667<x120>[B] (+1) >= 10.7166666666667;
;
violation: left hand side is violated by 0.0166666666666568
2/10 feasible solutions given by solution candidate storage, new primal bound -4.471083e+02

presolving:
   (0.0s) symmetry computation started: requiring (bin +, int +, cont +), (fixed: bin -, int -, cont -)
   (0.0s) no symmetry present (symcode time: 0.00)
presolving (0 rounds: 0 fast, 0 medium, 0 exhaustive):
 0 deleted vars, 0 deleted constraints, 0 added constraints, 0 tightened bounds, 0 added holes, 0 changed sides, 0 changed coefficients
 0 implications, 0 cliques, 0 implied integral variables (0 bin, 0 int, 0 cont)
presolved problem has 150 variables (120 bin, 0 int, 30 cont) and 1186 constraints
   1186 constraints of type <linear>
Presolving Time: 0.00
transformed 2/2 original solutions to the transformed problem space

 time | node  | left  |LP iter|LP it/n|mem/heur|mdpt |vars |cons |rows |cuts |sepa|confs|strbr|  dualbound   | primalbound  |  gap   | compl. 
  0.0s|     1 |     0 |   226 |     - |    12M |   0 | 150 |1186 |1186 |   0 |  0 |   0 |   0 |-4.385417e+02 |-4.471083e+02 |   1.95%| unknown
  0.0s|     1 |     0 |   229 |     - |    12M |   0 | 150 |1186 |1188 |   2 |  1 |   0 |   0 |-4.385521e+02 |-4.471083e+02 |   1.95%| unknown
r 0.0s|     1 |     0 |   229 |     - |shifting|   0 | 150 |1186 |1188 |   2 |  1 |   0 |   0 |-4.385521e+02 |-4.450604e+02 |   1.48%| unknown
  0.0s|     1 |     0 |   230 |     - |    12M |   0 | 150 |1186 |1189 |   3 |  2 |   0 |   0 |-4.385583e+02 |-4.450604e+02 |   1.48%| unknown
d 0.0s|     1 |     0 |   230 |     - |farkasdi|   0 | 150 |1186 |1189 |   0 |  3 |   0 |   0 |-4.385583e+02 |-4.385583e+02 |   0.00%| unknown
  0.0s|     1 |     0 |   230 |     - |    12M |   0 | 150 |1186 |1189 |   3 |  3 |   0 |   0 |-4.385583e+02 |-4.385583e+02 |   0.00%| unknown

SCIP Status        : problem is solved [optimal solution found]
Solving Time (sec) : 0.04
Solving Nodes      : 1
Primal Bound       : -4.38558333333333e+02 (6 solutions)
Dual Bound         : -4.38558333333333e+02
Gap                : 0.00 %
