Loading instance...
Median ranking: [14, 13, 6, 3, 4, 15, 2, 8, 9, 11, 5, 1, 12, 16, 10, 7]
Mean ranking: [14, 13, 3, 6, 4, 15, 2, 8, 9, 1, 11, 12, 5, 16, 10, 7]
Actual error: 0.0009523107707481993
Weighted Kendall distance: 33.0
Normalized distance: 0.02426470588235294
 add conss, 0 chg bounds, 0 chg sides, 0 chg coeffs, 0 upgd conss, 0 impls, 0 clqs, 0 implints
   (0.0s) symmetry computation started: requiring (bin +, int +, cont +), (fixed: bin -, int -, cont -)
   (0.0s) no symmetry present (symcode time: 0.00)
presolving (2 rounds: 2 fast, 2 medium, 1 exhaustive):
 0 deleted vars, 1120 deleted constraints, 560 added constraints, 0 tightened bounds, 0 added holes, 0 changed sides, 0 changed coefficients
 0 implications, 0 cliques, 0 implied integral variables (0 bin, 0 int, 0 cont)
presolved problem has 120 variables (0 bin, 0 int, 120 cont) and 560 constraints
    560 constraints of type <linear>
Presolving Time: 0.01
transformed 3/3 original solutions to the transformed problem space

 time | node  | left  |LP iter|LP it/n|mem/heur|mdpt |vars |cons |rows |cuts |sepa|confs|strbr|  dualbound   | primalbound  |  gap   | compl. 
* 0.0s|     1 |     0 |    18 |     - |    LP  |   0 | 120 | 560 | 560 |   0 |  0 |   0 |   0 | 2.520000e+02 | 2.520000e+02 |   0.00%| unknown
  0.0s|     1 |     0 |    18 |     - |  4088k |   0 | 120 | 560 | 560 |   0 |  0 |   0 |   0 | 2.520000e+02 | 2.520000e+02 |   0.00%| unknown

SCIP Status        : problem is solved [optimal solution found]
Solving Time (sec) : 0.01
Solving Nodes      : 1
Primal Bound       : +2.52000000000000e+02 (4 solutions)
Dual Bound         : +2.52000000000000e+02
Gap                : 0.00 %
feasible solution found by trivial heuristic after 0.0 seconds, objective value 0.000000e+00
presolving:
   (0.0s) running MILP presolver
   (0.0s) MILP presolver (2 rounds): 0 aggregations, 0 fixings, 0 bound changes
(round 1, medium)     0 del vars, 1120 del conss, 560 add conss, 0 chg bounds, 0 chg sides, 0 chg coeffs, 0 upgd conss, 0 impls, 0 clqs, 0 implints
   (0.0s) probing: 51/120 (42.5%) - 0 fixings, 0 aggregations, 0 implications, 0 bound changes
   (0.0s) probing aborted: 50/50 successive totally useless probings
   (0.0s) symmetry computation started: requiring (bin +, int +, cont +), (fixed: bin -, int -, cont -)
   (0.0s) no symmetry present (symcode time: 0.00)
presolving (2 rounds: 2 fast, 2 medium, 1 exhaustive):
 0 deleted vars, 1120 deleted constraints, 560 added constraints, 0 tightened bounds, 0 added holes, 0 changed sides, 0 changed coefficients
 0 implications, 0 cliques, 0 implied integral variables (0 bin, 0 int, 0 cont)
presolved problem has 120 variables (120 bin, 0 int, 0 cont) and 560 constraints
    560 constraints of type <linear>
transformed objective value is always integral (scale: 2)
Presolving Time: 0.01
transformed 2/2 original solutions to the transformed problem space

 time | node  | left  |LP iter|LP it/n|mem/heur|mdpt |vars |cons |rows |cuts |sepa|confs|strbr|  dualbound   | primalbound  |  gap   | compl. 
p 0.0s|     1 |     0 |     0 |     - |   locks|   0 | 120 | 560 | 560 |   0 |  0 |   0 |   0 | 2.640000e+02 | 1.060000e+02 | 149.06%| unknown
i 0.0s|     1 |     0 |     0 |     - |  oneopt|   0 | 120 | 560 | 560 |   0 |  0 |   0 |   0 | 2.640000e+02 | 2.080000e+02 |  26.92%| unknown
* 0.0s|     1 |     0 |    17 |     - |    LP  |   0 | 120 | 560 | 560 |   0 |  0 |   0 |   0 | 2.520000e+02 | 2.520000e+02 |   0.00%| unknown
  0.0s|     1 |     0 |    17 |     - |  4197k |   0 | 120 | 560 | 560 |   0 |  0 |   0 |   0 | 2.520000e+02 | 2.520000e+02 |   0.00%| unknown

SCIP Status        : problem is solved [optimal solution found]
Solving Time (sec) : 0.01
Solving Nodes      : 1
Primal Bound       : +2.52000000000000e+02 (5 solutions)
Dual Bound         : +2.52000000000000e+02
Gap                : 0.00 %
feasible solution found by trivial heuristic after 0.1 seconds, objective value -3.000044e+06
presolving:
(round 1, fast)       0 del vars, 0 del conss, 0 add conss, 60 chg bounds, 0 chg sides, 0 chg coeffs, 0 upgd conss, 0 impls, 0 clqs, 0 implints
   (0.3s) running MILP presolver
   (0.4s) MILP presolver (2 rounds): 0 aggregations, 0 fixings, 0 bound changes
(round 2, exhaustive) 0 del vars, 560 del conss, 0 add conss, 60 chg bounds, 0 chg sides, 0 chg coeffs, 0 upgd conss, 0 impls, 0 clqs, 0 implints
   (0.7s) symmetry computation started: requiring (bin +, int +, cont +), (fixed: bin -, int -, cont -)
   (0.8s) no symmetry present (symcode time: 0.01)
presolving (3 rounds: 3 fast, 2 medium, 2 exhaustive):
 0 deleted vars, 560 deleted constraints, 0 added constraints, 60 tightened bounds, 0 added holes, 0 changed sides, 0 changed coefficients
 0 implications, 0 cliques, 0 implied integral variables (0 bin, 0 int, 0 cont)
presolved problem has 150 variables (0 bin, 0 int, 150 cont) and 4160 constraints
   4160 constraints of type <linear>
Presolving Time: 0.74

 time | node  | left  |LP iter|LP it/n|mem/heur|mdpt |vars |cons |rows |cuts |sepa|confs|strbr|  dualbound   | primalbound  |  gap   | compl. 
t 0.8s|     1 |     0 |     0 |     - | trivial|   0 | 150 |4160 |   0 |   0 |  0 |   0 |   0 | 2.640000e+02 |-1.844000e+03 |    Inf | unknown
* 0.9s|     1 |     0 |   412 |     - |    LP  |   0 | 150 |4160 |4160 |   0 |  0 |   0 |   0 |-3.518917e+02 |-3.518917e+02 |   0.00%| unknown
  1.0s|     1 |     0 |   412 |     - |   259M |   0 | 150 |4160 |4160 |   0 |  0 |   0 |   0 |-3.518917e+02 |-3.518917e+02 |   0.00%| unknown

SCIP Status        : problem is solved [optimal solution found]
Solving Time (sec) : 0.95
Solving Nodes      : 1
Primal Bound       : -3.51891666666667e+02 (3 solutions)
Dual Bound         : -3.51891666666667e+02
Gap                : 0.00 %
feasible solution found by trivial heuristic after 0.0 seconds, objective value -3.000044e+06
presolving:
(round 1, fast)       0 del vars, 0 del conss, 0 add conss, 60 chg bounds, 0 chg sides, 0 chg coeffs, 0 upgd conss, 0 impls, 0 clqs, 0 implints
   (0.2s) running MILP presolver
   (0.3s) MILP presolver (2 rounds): 0 aggregations, 0 fixings, 0 bound changes
(round 2, exhaustive) 0 del vars, 560 del conss, 0 add conss, 60 chg bounds, 0 chg sides, 0 chg coeffs, 0 upgd conss, 0 impls, 0 clqs, 0 implints
   (0.7s) probing: 51/120 (42.5%) - 0 fixings, 0 aggregations, 0 implications, 0 bound changes
   (0.7s) probing aborted: 50/50 successive totally useless probings
   (0.7s) symmetry computation started: requiring (bin +, int +, cont +), (fixed: bin -, int -, cont -)
   (0.8s) no symmetry present (symcode time: 0.01)
presolving (3 rounds: 3 fast, 2 medium, 2 exhaustive):
 0 deleted vars, 560 deleted constraints, 0 added constraints, 60 tightened bounds, 0 added holes, 0 changed sides, 0 changed coefficients
 0 implications, 0 cliques, 0 implied integral variables (0 bin, 0 int, 0 cont)
presolved problem has 150 variables (120 bin, 0 int, 30 cont) and 4160 constraints
   4160 constraints of type <linear>
Presolving Time: 0.80

 time | node  | left  |LP iter|LP it/n|mem/heur|mdpt |vars |cons |rows |cuts |sepa|confs|strbr|  dualbound   | primalbound  |  gap   | compl. 
t 0.8s|     1 |     0 |     0 |     - | trivial|   0 | 150 |4160 |   0 |   0 |  0 |   0 |   0 | 2.640000e+02 |-1.844000e+03 |    Inf | unknown
p 1.0s|     1 |     0 |    29 |     - |   locks|   0 | 150 |4160 |4160 |   0 |  0 |   0 |   0 | 2.640000e+02 |-6.200250e+02 |    Inf | unknown
* 1.1s|     1 |     0 |   441 |     - |    LP  |   0 | 150 |4160 |4160 |   0 |  0 |   0 |   0 |-3.518917e+02 |-3.518917e+02 |   0.00%| unknown
  1.1s|     1 |     0 |   441 |     - |   260M |   0 | 150 |4160 |4160 |   0 |  0 |   0 |   0 |-3.518917e+02 |-3.518917e+02 |   0.00%| unknown

SCIP Status        : problem is solved [optimal solution found]
Solving Time (sec) : 1.13
Solving Nodes      : 1
Primal Bound       : -3.51891666666667e+02 (4 solutions)
Dual Bound         : -3.51891666666667e+02
Gap                : 0.00 %
feasible solution found by trivial heuristic after 0.0 seconds, objective value 0.000000e+00
presolving:
   (0.0s) symmetry computation started: requiring (bin +, int +, cont +), (fixed: bin -, int -, cont -)
   (0.0s) symmetry computation finished: 29 generators found (max: 1500, log10 of symmetry group size: 32.42) (symcode time: 0.00)
dynamic symmetry handling statistics:
   orbitopal reduction:       no components
   orbital reduction:         no components
   lexicographic reduction:   no permutations
handled 1 out of 1 symmetry components
presolving (0 rounds: 0 fast, 0 medium, 0 exhaustive):
 0 deleted vars, 0 deleted constraints, 0 added constraints, 0 tightened bounds, 0 added holes, 0 changed sides, 0 changed coefficients
 0 implications, 0 cliques, 0 implied integral variables (0 bin, 0 int, 0 cont)
presolved problem has 150 variables (120 bin, 0 int, 30 cont) and 1149 constraints
   1149 constraints of type <linear>
Presolving Time: 0.00
transformed 2/2 original solutions to the transformed problem space

 time | node  | left  |LP iter|LP it/n|mem/heur|mdpt |vars |cons |rows |cuts |sepa|confs|strbr|  dualbound   | primalbound  |  gap   | compl. 
i 0.0s|     1 |     0 |     0 |     - |  oneopt|   0 | 150 |1120 |1120 |   0 |  0 |   0 |   0 | 2.640000e+02 | 2.180000e+02 |  21.10%| unknown
* 0.0s|     1 |     0 |    17 |     - |    LP  |   0 | 150 |1120 |1120 |   0 |  0 |   0 |   0 | 2.520000e+02 | 2.520000e+02 |   0.00%| unknown
  0.0s|     1 |     0 |    17 |     - |  6342k |   0 | 150 |1120 |1120 |   0 |  0 |   0 |   0 | 2.520000e+02 | 2.520000e+02 |   0.00%| unknown

SCIP Status        : problem is solved [optimal solution found]
Solving Time (sec) : 0.01
Solving Nodes      : 1
Primal Bound       : +2.52000000000000e+02 (5 solutions)
Dual Bound         : +2.52000000000000e+02
Gap                : 0.00 %
  [linear] <c1121>: <x121>[C] (+0) -0.570833333<x1>[B] (+0) -0.570833333<x2>[B] (+0) +0.570833333<x3>[B] (+0) -0.570833333<x4>[B] (+0) +0.570833333<x5>[B] (+0) -0.570833333<x6>[B] (+1) +0.570833333<x7>[B] (+0) -0.570833333<x8>[B] (+0) +0.570833333<x9>[B] (+1) -0.570833333<x10>[B] (+0) +0.570833333<x11>[B] (+1) -0.570833333<x12>[B] (+0) +0.570833333<x13>[B] (+0) -0.570833333<x14>[B] (+0) -0.570833333<x15>[B] (+1) +0.570833333<x16>[B] (+0) +0.570833333<x17>[B] (+0) +0.570833333<x18>[B] (+1) +0.570833333<x19>[B] (+0) +0.570833333<x20>[B] (+1) +0.570833333<x21>[B] (+1) +0.570833333<x22>[B] (+1) +0.570833333<x23>[B] (+1) +0.570833333<x24>[B] (+1) +0.570833333<x25>[B] (+1) +0.570833333<x26>[B] (+0) +0.570833333<x27>[B] (+0) +0.570833333<x28>[B] (+0) +0.570833333<x29>[B] (+1) +0.570833333<x30>[B] (+1) -0.570833333<x31>[B] (+1) +0.570833333<x32>[B] (+0) +0.570833333<x33>[B] (+1) +0.570833333<x34>[B] (+1) +0.570833333<x35>[B] (+1) +0.570833333<x36>[B] (+1) -0.570833333<x37>[B] (+1) +0.570833333<x38>[B] (+1) +0.570833333<x39>[B] (+0) +0.570833333<x40>[B] (+0) +0.570833333<x41>[B] (+1) -0.570833333<x42>[B] (+1) -0.570833333<x43>[B] (+1) +0.570833333<x44>[B] (+0) -0.570833333<x45>[B] (+1) +0.570833333<x46>[B] (+1) -0.570833333<x47>[B] (+1) +0.570833333<x48>[B] (+1) -0.570833333<x49>[B] (+1) +0.570833333<x50>[B] (+1) -0.570833333<x51>[B] (+0) +0.570833333<x52>[B] (+0) -0.570833333<x53>[B] (+1) -0.570833333<x54>[B] (+1) +0.570833333<x55>[B] (+0) +0.570833333<x56>[B] (+1) +0.570833333<x57>[B] (+0) +0.570833333<x58>[B] (+0) +0.570833333<x59>[B] (+1) -0.570833333<x60>[B] (+0) +0.570833333<x61>[B] (+1) +0.570833333<x62>[B] (+0) +0.570833333<x63>[B] (+0) +0.570833333<x64>[B] (+0) -0.570833333<x65>[B] (+1) -0.570833333<x66>[B] (+1) +0.570833333<x67>[B] (+1) -0.570833333<x68>[B] (+1) +0.570833333<x69>[B] (+1) -0.570833333<x70>[B] (+1) -0.570833333<x71>[B] (+1) -0.570833333<x72>[B] (+0) +0.570833333<x73>[B] (+0) -0.570833333<x74>[B] (+1) -0.570833333<x75>[B] (+1) +0.570833333<x76>[B] (+0) +0.570833333<x77>[B] (+0) +0.570833333<x78>[B] (+0) -0.570833333<x79>[B] (+0) +0.570833333<x80>[B] (+0) +0.570833333<x81>[B] (+0) +0.570833333<x82>[B] (+0) +0.570833333<x83>[B] (+0) -0.570833333<x84>[B] (+0) -0.570833333<x85>[B] (+1) -0.570833333<x86>[B] (+1) -0.570833333<x87>[B] (+1) -0.570833333<x88>[B] (+1) -0.570833333<x89>[B] (+0) -0.570833333<x90>[B] (+0) -0.570833333<x91>[B] (+0) -0.570833333<x92>[B] (+1) +0.570833333<x93>[B] (+1) -0.570833333<x94>[B] (+1) +0.570833333<x95>[B] (+1) +0.570833333<x96>[B] (+0) +0.570833333<x97>[B] (+0) +0.570833333<x98>[B] (+0) -0.570833333<x99>[B] (+1) -0.570833333<x100>[B] (+0) -0.570833333<x101>[B] (+0) -0.570833333<x102>[B] (+0) +0.570833333<x103>[B] (+0) -0.570833333<x104>[B] (+0) -0.570833333<x105>[B] (+0) +0.570833333<x106>[B] (+1) +0.570833333<x107>[B] (+0) +0.570833333<x108>[B] (+0) +0.570833333<x109>[B] (+0) +0.570833333<x110>[B] (+1) -0.570833333<x111>[B] (+0) +0.570833333<x112>[B] (+0) -0.570833333<x113>[B] (+0) -0.570833333<x114>[B] (+1) +0.570833333<x115>[B] (+0) -0.570833333<x116>[B] (+1) -0.570833333<x117>[B] (+1) -0.570833333<x118>[B] (+1) -0.570833333<x119>[B] (+1) -0.570833333<x120>[B] (+1) >= 18.6958333333333;
;
violation: left hand side is violated by 19.8375
  [linear] <c1121>: <x121>[C] (+0) -0.570833333<x1>[B] (+0) -0.570833333<x2>[B] (+0) +0.570833333<x3>[B] (+0) -0.570833333<x4>[B] (+0) +0.570833333<x5>[B] (+0) -0.570833333<x6>[B] (+1) +0.570833333<x7>[B] (+0) -0.570833333<x8>[B] (+0) +0.570833333<x9>[B] (+1) -0.570833333<x10>[B] (+0) +0.570833333<x11>[B] (+0) -0.570833333<x12>[B] (+0) +0.570833333<x13>[B] (+0) -0.570833333<x14>[B] (+0) -0.570833333<x15>[B] (+1) +0.570833333<x16>[B] (+0) +0.570833333<x17>[B] (+0) +0.570833333<x18>[B] (+0) +0.570833333<x19>[B] (+0) +0.570833333<x20>[B] (+1) +0.570833333<x21>[B] (+0) +0.570833333<x22>[B] (+0) +0.570833333<x23>[B] (+1) +0.570833333<x24>[B] (+0) +0.570833333<x25>[B] (+0) +0.570833333<x26>[B] (+0) +0.570833333<x27>[B] (+0) +0.570833333<x28>[B] (+0) +0.570833333<x29>[B] (+1) +0.570833333<x30>[B] (+1) -0.570833333<x31>[B] (+1) +0.570833333<x32>[B] (+0) +0.570833333<x33>[B] (+1) +0.570833333<x34>[B] (+1) +0.570833333<x35>[B] (+0) +0.570833333<x36>[B] (+1) -0.570833333<x37>[B] (+0) +0.570833333<x38>[B] (+0) +0.570833333<x39>[B] (+0) +0.570833333<x40>[B] (+0) +0.570833333<x41>[B] (+0) -0.570833333<x42>[B] (+1) -0.570833333<x43>[B] (+0) +0.570833333<x44>[B] (+0) -0.570833333<x45>[B] (+1) +0.570833333<x46>[B] (+0) -0.570833333<x47>[B] (+0) +0.570833333<x48>[B] (+1) -0.570833333<x49>[B] (+0) +0.570833333<x50>[B] (+0) -0.570833333<x51>[B] (+0) +0.570833333<x52>[B] (+0) -0.570833333<x53>[B] (+0) -0.570833333<x54>[B] (+1) +0.570833333<x55>[B] (+0) +0.570833333<x56>[B] (+1) +0.570833333<x57>[B] (+0) +0.570833333<x58>[B] (+0) +0.570833333<x59>[B] (+1) -0.570833333<x60>[B] (+0) +0.570833333<x61>[B] (+0) +0.570833333<x62>[B] (+0) +0.570833333<x63>[B] (+0) +0.570833333<x64>[B] (+0) -0.570833333<x65>[B] (+1) -0.570833333<x66>[B] (+1) +0.570833333<x67>[B] (+1) -0.570833333<x68>[B] (+0) +0.570833333<x69>[B] (+1) -0.570833333<x70>[B] (+0) -0.570833333<x71>[B] (+0) -0.570833333<x72>[B] (+0) +0.570833333<x73>[B] (+0) -0.570833333<x74>[B] (+0) -0.570833333<x75>[B] (+1) +0.570833333<x76>[B] (+0) +0.570833333<x77>[B] (+0) +0.570833333<x78>[B] (+0) -0.570833333<x79>[B] (+0) +0.570833333<x80>[B] (+0) +0.570833333<x81>[B] (+0) +0.570833333<x82>[B] (+0) +0.570833333<x83>[B] (+0) -0.570833333<x84>[B] (+0) -0.570833333<x85>[B] (+0) -0.570833333<x86>[B] (+1) -0.570833333<x87>[B] (+0) -0.570833333<x88>[B] (+0) -0.570833333<x89>[B] (+0) -0.570833333<x90>[B] (+0) -0.570833333<x91>[B] (+0) -0.570833333<x92>[B] (+1) +0.570833333<x93>[B] (+1) -0.570833333<x94>[B] (+1) +0.570833333<x95>[B] (+1) +0.570833333<x96>[B] (+0) +0.570833333<x97>[B] (+0) +0.570833333<x98>[B] (+0) -0.570833333<x99>[B] (+1) -0.570833333<x100>[B] (+0) -0.570833333<x101>[B] (+0) -0.570833333<x102>[B] (+0) +0.570833333<x103>[B] (+0) -0.570833333<x104>[B] (+0) -0.570833333<x105>[B] (+0) +0.570833333<x106>[B] (+1) +0.570833333<x107>[B] (+0) +0.570833333<x108>[B] (+0) +0.570833333<x109>[B] (+0) +0.570833333<x110>[B] (+1) -0.570833333<x111>[B] (+0) +0.570833333<x112>[B] (+0) -0.570833333<x113>[B] (+0) -0.570833333<x114>[B] (+1) +0.570833333<x115>[B] (+0) -0.570833333<x116>[B] (+1) -0.570833333<x117>[B] (+1) -0.570833333<x118>[B] (+1) -0.570833333<x119>[B] (+1) -0.570833333<x120>[B] (+1) >= 18.6958333333333;
;
violation: left hand side is violated by 19.8375
  [linear] <c1121>: <x121>[C] (+0) -0.570833333<x1>[B] (+0) -0.570833333<x2>[B] (+0) +0.570833333<x3>[B] (+0) -0.570833333<x4>[B] (+0) +0.570833333<x5>[B] (+0) -0.570833333<x6>[B] (+0) +0.570833333<x7>[B] (+0) -0.570833333<x8>[B] (+0) +0.570833333<x9>[B] (+0) -0.570833333<x10>[B] (+0) +0.570833333<x11>[B] (+0) -0.570833333<x12>[B] (+0) +0.570833333<x13>[B] (+0) -0.570833333<x14>[B] (+0) -0.570833333<x15>[B] (+0) +0.570833333<x16>[B] (+0) +0.570833333<x17>[B] (+0) +0.570833333<x18>[B] (+0) +0.570833333<x19>[B] (+0) +0.570833333<x20>[B] (+0) +0.570833333<x21>[B] (+0) +0.570833333<x22>[B] (+0) +0.570833333<x23>[B] (+0) +0.570833333<x24>[B] (+0) +0.570833333<x25>[B] (+0) +0.570833333<x26>[B] (+0) +0.570833333<x27>[B] (+0) +0.570833333<x28>[B] (+0) +0.570833333<x29>[B] (+0) +0.570833333<x30>[B] (+0) -0.570833333<x31>[B] (+0) +0.570833333<x32>[B] (+0) +0.570833333<x33>[B] (+0) +0.570833333<x34>[B] (+0) +0.570833333<x35>[B] (+0) +0.570833333<x36>[B] (+0) -0.570833333<x37>[B] (+0) +0.570833333<x38>[B] (+0) +0.570833333<x39>[B] (+0) +0.570833333<x40>[B] (+0) +0.570833333<x41>[B] (+0) -0.570833333<x42>[B] (+0) -0.570833333<x43>[B] (+0) +0.570833333<x44>[B] (+0) -0.570833333<x45>[B] (+0) +0.570833333<x46>[B] (+0) -0.570833333<x47>[B] (+0) +0.570833333<x48>[B] (+0) -0.570833333<x49>[B] (+0) +0.570833333<x50>[B] (+0) -0.570833333<x51>[B] (+0) +0.570833333<x52>[B] (+0) -0.570833333<x53>[B] (+0) -0.570833333<x54>[B] (+0) +0.570833333<x55>[B] (+0) +0.570833333<x56>[B] (+0) +0.570833333<x57>[B] (+0) +0.570833333<x58>[B] (+0) +0.570833333<x59>[B] (+0) -0.570833333<x60>[B] (+0) +0.570833333<x61>[B] (+0) +0.570833333<x62>[B] (+0) +0.570833333<x63>[B] (+0) +0.570833333<x64>[B] (+0) -0.570833333<x65>[B] (+0) -0.570833333<x66>[B] (+0) +0.570833333<x67>[B] (+0) -0.570833333<x68>[B] (+0) +0.570833333<x69>[B] (+0) -0.570833333<x70>[B] (+0) -0.570833333<x71>[B] (+0) -0.570833333<x72>[B] (+0) +0.570833333<x73>[B] (+0) -0.570833333<x74>[B] (+0) -0.570833333<x75>[B] (+0) +0.570833333<x76>[B] (+0) +0.570833333<x77>[B] (+0) +0.570833333<x78>[B] (+0) -0.570833333<x79>[B] (+0) +0.570833333<x80>[B] (+0) +0.570833333<x81>[B] (+0) +0.570833333<x82>[B] (+0) +0.570833333<x83>[B] (+0) -0.570833333<x84>[B] (+0) -0.570833333<x85>[B] (+0) -0.570833333<x86>[B] (+0) -0.570833333<x87>[B] (+0) -0.570833333<x88>[B] (+0) -0.570833333<x89>[B] (+0) -0.570833333<x90>[B] (+0) -0.570833333<x91>[B] (+0) -0.570833333<x92>[B] (+0) +0.570833333<x93>[B] (+0) -0.570833333<x94>[B] (+0) +0.570833333<x95>[B] (+0) +0.570833333<x96>[B] (+0) +0.570833333<x97>[B] (+0) +0.570833333<x98>[B] (+0) -0.570833333<x99>[B] (+0) -0.570833333<x100>[B] (+0) -0.570833333<x101>[B] (+0) -0.570833333<x102>[B] (+0) +0.570833333<x103>[B] (+0) -0.570833333<x104>[B] (+0) -0.570833333<x105>[B] (+0) +0.570833333<x106>[B] (+0) +0.570833333<x107>[B] (+0) +0.570833333<x108>[B] (+0) +0.570833333<x109>[B] (+0) +0.570833333<x110>[B] (+0) -0.570833333<x111>[B] (+0) +0.570833333<x112>[B] (+0) -0.570833333<x113>[B] (+0) -0.570833333<x114>[B] (+0) +0.570833333<x115>[B] (+0) -0.570833333<x116>[B] (+0) -0.570833333<x117>[B] (+0) -0.570833333<x118>[B] (+0) -0.570833333<x119>[B] (+0) -0.570833333<x120>[B] (+0) >= 18.6958333333333;
;
violation: left hand side is violated by 18.6958333333333
  [linear] <c1121>: <x121>[C] (+0) -0.570833333<x1>[B] (+1) -0.570833333<x2>[B] (+1) +0.570833333<x3>[B] (+1) -0.570833333<x4>[B] (+1) +0.570833333<x5>[B] (+1) -0.570833333<x6>[B] (+1) +0.570833333<x7>[B] (+1) -0.570833333<x8>[B] (+1) +0.570833333<x9>[B] (+1) -0.570833333<x10>[B] (+1) +0.570833333<x11>[B] (+1) -0.570833333<x12>[B] (+1) +0.570833333<x13>[B] (+1) -0.570833333<x14>[B] (+1) -0.570833333<x15>[B] (+1) +0.570833333<x16>[B] (+1) +0.570833333<x17>[B] (+1) +0.570833333<x18>[B] (+1) +0.570833333<x19>[B] (+1) +0.570833333<x20>[B] (+1) +0.570833333<x21>[B] (+1) +0.570833333<x22>[B] (+1) +0.570833333<x23>[B] (+1) +0.570833333<x24>[B] (+1) +0.570833333<x25>[B] (+1) +0.570833333<x26>[B] (+1) +0.570833333<x27>[B] (+1) +0.570833333<x28>[B] (+1) +0.570833333<x29>[B] (+1) +0.570833333<x30>[B] (+1) -0.570833333<x31>[B] (+1) +0.570833333<x32>[B] (+1) +0.570833333<x33>[B] (+1) +0.570833333<x34>[B] (+1) +0.570833333<x35>[B] (+1) +0.570833333<x36>[B] (+1) -0.570833333<x37>[B] (+1) +0.570833333<x38>[B] (+1) +0.570833333<x39>[B] (+1) +0.570833333<x40>[B] (+1) +0.570833333<x41>[B] (+1) -0.570833333<x42>[B] (+1) -0.570833333<x43>[B] (+1) +0.570833333<x44>[B] (+1) -0.570833333<x45>[B] (+1) +0.570833333<x46>[B] (+1) -0.570833333<x47>[B] (+1) +0.570833333<x48>[B] (+1) -0.570833333<x49>[B] (+1) +0.570833333<x50>[B] (+1) -0.570833333<x51>[B] (+1) +0.570833333<x52>[B] (+1) -0.570833333<x53>[B] (+1) -0.570833333<x54>[B] (+1) +0.570833333<x55>[B] (+1) +0.570833333<x56>[B] (+1) +0.570833333<x57>[B] (+1) +0.570833333<x58>[B] (+1) +0.570833333<x59>[B] (+1) -0.570833333<x60>[B] (+1) +0.570833333<x61>[B] (+1) +0.570833333<x62>[B] (+1) +0.570833333<x63>[B] (+1) +0.570833333<x64>[B] (+1) -0.570833333<x65>[B] (+1) -0.570833333<x66>[B] (+1) +0.570833333<x67>[B] (+1) -0.570833333<x68>[B] (+1) +0.570833333<x69>[B] (+1) -0.570833333<x70>[B] (+1) -0.570833333<x71>[B] (+1) -0.570833333<x72>[B] (+1) +0.570833333<x73>[B] (+1) -0.570833333<x74>[B] (+1) -0.570833333<x75>[B] (+1) +0.570833333<x76>[B] (+1) +0.570833333<x77>[B] (+1) +0.570833333<x78>[B] (+1) -0.570833333<x79>[B] (+1) +0.570833333<x80>[B] (+1) +0.570833333<x81>[B] (+1) +0.570833333<x82>[B] (+1) +0.570833333<x83>[B] (+1) -0.570833333<x84>[B] (+1) -0.570833333<x85>[B] (+1) -0.570833333<x86>[B] (+1) -0.570833333<x87>[B] (+1) -0.570833333<x88>[B] (+1) -0.570833333<x89>[B] (+1) -0.570833333<x90>[B] (+1) -0.570833333<x91>[B] (+1) -0.570833333<x92>[B] (+1) +0.570833333<x93>[B] (+1) -0.570833333<x94>[B] (+1) +0.570833333<x95>[B] (+1) +0.570833333<x96>[B] (+1) +0.570833333<x97>[B] (+1) +0.570833333<x98>[B] (+1) -0.570833333<x99>[B] (+1) -0.570833333<x100>[B] (+1) -0.570833333<x101>[B] (+1) -0.570833333<x102>[B] (+1) +0.570833333<x103>[B] (+1) -0.570833333<x104>[B] (+1) -0.570833333<x105>[B] (+1) +0.570833333<x106>[B] (+1) +0.570833333<x107>[B] (+1) +0.570833333<x108>[B] (+1) +0.570833333<x109>[B] (+1) +0.570833333<x110>[B] (+1) -0.570833333<x111>[B] (+1) +0.570833333<x112>[B] (+1) -0.570833333<x113>[B] (+1) -0.570833333<x114>[B] (+1) +0.570833333<x115>[B] (+1) -0.570833333<x116>[B] (+1) -0.570833333<x117>[B] (+1) -0.570833333<x118>[B] (+1) -0.570833333<x119>[B] (+1) -0.570833333<x120>[B] (+1) >= 18.6958333333333;
;
violation: left hand side is violated by 10.7041666666667
1/5 feasible solution given by solution candidate storage, new primal bound -3.000044e+06

presolving:
   (0.0s) symmetry computation started: requiring (bin +, int +, cont +), (fixed: bin -, int -, cont -)
   (0.0s) no symmetry present (symcode time: 0.00)
presolving (0 rounds: 0 fast, 0 medium, 0 exhaustive):
 0 deleted vars, 0 deleted constraints, 0 added constraints, 0 tightened bounds, 0 added holes, 0 changed sides, 0 changed coefficients
 0 implications, 0 cliques, 0 implied integral variables (0 bin, 0 int, 0 cont)
presolved problem has 150 variables (120 bin, 0 int, 30 cont) and 1150 constraints
   1150 constraints of type <linear>
Presolving Time: 0.00
transformed 1/1 original solutions to the transformed problem space

 time | node  | left  |LP iter|LP it/n|mem/heur|mdpt |vars |cons |rows |cuts |sepa|confs|strbr|  dualbound   | primalbound  |  gap   | compl. 
p 0.0s|     1 |     0 |     3 |     - |   locks|   0 | 150 |1150 |1150 |   0 |  0 |   0 |   0 | 2.640000e+02 |-5.547583e+02 |    Inf | unknown
* 0.0s|     1 |     0 |   175 |     - |    LP  |   0 | 150 |1150 |1150 |   0 |  0 |   0 |   0 |-3.501583e+02 |-3.501583e+02 |   0.00%| unknown
  0.0s|     1 |     0 |   175 |     - |  7991k |   0 | 150 |1150 |1150 |   0 |  0 |   0 |   0 |-3.501583e+02 |-3.501583e+02 |   0.00%| unknown

SCIP Status        : problem is solved [optimal solution found]
Solving Time (sec) : 0.01
Solving Nodes      : 1
Primal Bound       : -3.50158333333333e+02 (4 solutions)
Dual Bound         : -3.50158333333333e+02
Gap                : 0.00 %
  [linear] <c1151>: <x122>[C] (+18.1416667) +0.545833333<x1>[B] (+0) +0.545833333<x2>[B] (+0) -0.545833333<x3>[B] (+0) +0.545833333<x4>[B] (+1) +0.545833333<x5>[B] (+0) +0.545833333<x6>[B] (+1) +0.545833333<x7>[B] (+0) +0.545833333<x8>[B] (+0) +0.545833333<x9>[B] (+1) +0.545833333<x10>[B] (+1) +0.545833333<x11>[B] (+1) +0.545833333<x12>[B] (+0) +0.545833333<x13>[B] (+0) +0.545833333<x14>[B] (+0) -0.545833333<x15>[B] (+1) -0.545833333<x16>[B] (+0) -0.545833333<x17>[B] (+0) -0.545833333<x18>[B] (+1) -0.545833333<x19>[B] (+0) -0.545833333<x20>[B] (+1) -0.545833333<x21>[B] (+1) -0.545833333<x22>[B] (+0) -0.545833333<x23>[B] (+1) -0.545833333<x24>[B] (+1) +0.545833333<x25>[B] (+1) -0.545833333<x26>[B] (+0) -0.545833333<x27>[B] (+0) +0.545833333<x28>[B] (+0) -0.545833333<x29>[B] (+1) -0.545833333<x30>[B] (+1) -0.545833333<x31>[B] (+1) -0.545833333<x32>[B] (+1) +0.545833333<x33>[B] (+1) -0.545833333<x34>[B] (+1) +0.545833333<x35>[B] (+1) -0.545833333<x36>[B] (+1) -0.545833333<x37>[B] (+1) +0.545833333<x38>[B] (+1) +0.545833333<x39>[B] (+0) -0.545833333<x40>[B] (+0) +0.545833333<x41>[B] (+1) -0.545833333<x42>[B] (+1) +0.545833333<x43>[B] (+1) +0.545833333<x44>[B] (+0) +0.545833333<x45>[B] (+1) +0.545833333<x46>[B] (+1) +0.545833333<x47>[B] (+0) +0.545833333<x48>[B] (+1) +0.545833333<x49>[B] (+1) +0.545833333<x50>[B] (+1) +0.545833333<x51>[B] (+0) +0.545833333<x52>[B] (+0) +0.545833333<x53>[B] (+1) +0.545833333<x54>[B] (+1) -0.545833333<x55>[B] (+0) +0.545833333<x56>[B] (+1) +0.545833333<x57>[B] (+0) +0.545833333<x58>[B] (+0) -0.545833333<x59>[B] (+1) +0.545833333<x60>[B] (+0) +0.545833333<x61>[B] (+0) +0.545833333<x62>[B] (+0) +0.545833333<x63>[B] (+0) +0.545833333<x64>[B] (+0) -0.545833333<x65>[B] (+1) +0.545833333<x66>[B] (+1) +0.545833333<x67>[B] (+1) +0.545833333<x68>[B] (+0) -0.545833333<x69>[B] (+1) +0.545833333<x70>[B] (+1) +0.545833333<x71>[B] (+1) +0.545833333<x72>[B] (+0) +0.545833333<x73>[B] (+0) +0.545833333<x74>[B] (+1) -0.545833333<x75>[B] (+1) -0.545833333<x76>[B] (+0) -0.545833333<x77>[B] (+0) -0.545833333<x78>[B] (+0) -0.545833333<x79>[B] (+0) +0.545833333<x80>[B] (+0) -0.545833333<x81>[B] (+0) -0.545833333<x82>[B] (+0) +0.545833333<x83>[B] (+0) -0.545833333<x84>[B] (+0) +0.545833333<x85>[B] (+0) -0.545833333<x86>[B] (+1) -0.545833333<x87>[B] (+1) +0.545833333<x88>[B] (+1) +0.545833333<x89>[B] (+0) -0.545833333<x90>[B] (+0) +0.545833333<x91>[B] (+0) -0.545833333<x92>[B] (+1) -0.545833333<x93>[B] (+1) -0.545833333<x94>[B] (+1) +0.545833333<x95>[B] (+1) +0.545833333<x96>[B] (+0) -0.545833333<x97>[B] (+0) +0.545833333<x98>[B] (+1) -0.545833333<x99>[B] (+1) +0.545833333<x100>[B] (+0) +0.545833333<x101>[B] (+0) +0.545833333<x102>[B] (+0) +0.545833333<x103>[B] (+0) +0.545833333<x104>[B] (+0) -0.545833333<x105>[B] (+0) +0.545833333<x106>[B] (+1) +0.545833333<x107>[B] (+0) -0.545833333<x108>[B] (+0) +0.545833333<x109>[B] (+0) -0.545833333<x110>[B] (+1) -0.545833333<x111>[B] (+0) -0.545833333<x112>[B] (+0) -0.545833333<x113>[B] (+0) -0.545833333<x114>[B] (+1) -0.545833333<x115>[B] (+0) +0.545833333<x116>[B] (+1) -0.545833333<x117>[B] (+1) +0.545833333<x118>[B] (+1) -0.545833333<x119>[B] (+1) -0.545833333<x120>[B] (+1) >= 18.6958333333333;
;
violation: left hand side is violated by 0.00833333333333641
  [linear] <c1154>: <x125>[C] (+5.32916667) +0.604166667<x1>[B] (+1) -0.604166667<x2>[B] (+1) +0.604166667<x3>[B] (+0) +0.604166667<x4>[B] (+0) +0.604166667<x5>[B] (+1) +0.604166667<x6>[B] (+0) +0.604166667<x7>[B] (+1) +0.604166667<x8>[B] (+1) +0.604166667<x9>[B] (+0) +0.604166667<x10>[B] (+1) +0.604166667<x11>[B] (+0) +0.604166667<x12>[B] (+1) +0.604166667<x13>[B] (+1) +0.604166667<x14>[B] (+1) +0.604166667<x15>[B] (+0) -0.604166667<x16>[B] (+1) +0.604166667<x17>[B] (+0) -0.604166667<x18>[B] (+0) +0.604166667<x19>[B] (+1) -0.604166667<x20>[B] (+0) +0.604166667<x21>[B] (+0) -0.604166667<x22>[B] (+0) -0.604166667<x23>[B] (+0) -0.604166667<x24>[B] (+0) -0.604166667<x25>[B] (+0) -0.604166667<x26>[B] (+0) -0.604166667<x27>[B] (+1) -0.604166667<x28>[B] (+1) -0.604166667<x29>[B] (+0) +0.604166667<x30>[B] (+0) +0.604166667<x31>[B] (+0) +0.604166667<x32>[B] (+1) +0.604166667<x33>[B] (+0) +0.604166667<x34>[B] (+0) +0.604166667<x35>[B] (+0) +0.604166667<x36>[B] (+0) +0.604166667<x37>[B] (+0) +0.604166667<x38>[B] (+0) +0.604166667<x39>[B] (+0) +0.604166667<x40>[B] (+1) +0.604166667<x41>[B] (+1) +0.604166667<x42>[B] (+0) -0.604166667<x43>[B] (+1) +0.604166667<x44>[B] (+1) -0.604166667<x45>[B] (+0) +0.604166667<x46>[B] (+1) -0.604166667<x47>[B] (+1) -0.604166667<x48>[B] (+0) -0.604166667<x49>[B] (+1) -0.604166667<x50>[B] (+1) -0.604166667<x51>[B] (+1) -0.604166667<x52>[B] (+1) -0.604166667<x53>[B] (+1) -0.604166667<x54>[B] (+0) +0.604166667<x55>[B] (+1) +0.604166667<x56>[B] (+0) +0.604166667<x57>[B] (+1) +0.604166667<x58>[B] (+1) +0.604166667<x59>[B] (+0) +0.604166667<x60>[B] (+1) +0.604166667<x61>[B] (+1) +0.604166667<x62>[B] (+1) +0.604166667<x63>[B] (+1) +0.604166667<x64>[B] (+1) +0.604166667<x65>[B] (+0) -0.604166667<x66>[B] (+0) -0.604166667<x67>[B] (+0) -0.604166667<x68>[B] (+0) -0.604166667<x69>[B] (+0) -0.604166667<x70>[B] (+0) -0.604166667<x71>[B] (+0) -0.604166667<x72>[B] (+0) -0.604166667<x73>[B] (+1) -0.604166667<x74>[B] (+1) -0.604166667<x75>[B] (+0) +0.604166667<x76>[B] (+1) +0.604166667<x77>[B] (+1) -0.604166667<x78>[B] (+1) +0.604166667<x79>[B] (+1) -0.604166667<x80>[B] (+1) +0.604166667<x81>[B] (+1) +0.604166667<x82>[B] (+1) -0.604166667<x83>[B] (+1) -0.604166667<x84>[B] (+1) -0.604166667<x85>[B] (+0) -0.604166667<x86>[B] (+0) -0.604166667<x87>[B] (+0) -0.604166667<x88>[B] (+0) -0.604166667<x89>[B] (+0) -0.604166667<x90>[B] (+1) -0.604166667<x91>[B] (+1) -0.604166667<x92>[B] (+0) -0.604166667<x93>[B] (+0) +0.604166667<x94>[B] (+0) -0.604166667<x95>[B] (+0) +0.604166667<x96>[B] (+1) +0.604166667<x97>[B] (+1) -0.604166667<x98>[B] (+1) -0.604166667<x99>[B] (+0) +0.604166667<x100>[B] (+1) -0.604166667<x101>[B] (+1) +0.604166667<x102>[B] (+1) +0.604166667<x103>[B] (+1) -0.604166667<x104>[B] (+1) -0.604166667<x105>[B] (+1) -0.604166667<x106>[B] (+0) +0.604166667<x107>[B] (+1) +0.604166667<x108>[B] (+1) -0.604166667<x109>[B] (+1) -0.604166667<x110>[B] (+0) +0.604166667<x111>[B] (+1) +0.604166667<x112>[B] (+1) +0.604166667<x113>[B] (+1) -0.604166667<x114>[B] (+0) +0.604166667<x115>[B] (+1) -0.604166667<x116>[B] (+1) -0.604166667<x117>[B] (+0) -0.604166667<x118>[B] (+0) -0.604166667<x119>[B] (+0) -0.604166667<x120>[B] (+0) >= 14.35;
;
violation: left hand side is violated by 1.16666666666667
2/4 feasible solutions given by solution candidate storage, new primal bound -3.000044e+06

presolving:
   (0.0s) symmetry computation started: requiring (bin +, int +, cont +), (fixed: bin -, int -, cont -)
   (0.0s) no symmetry present (symcode time: 0.00)
presolving (0 rounds: 0 fast, 0 medium, 0 exhaustive):
 0 deleted vars, 0 deleted constraints, 0 added constraints, 0 tightened bounds, 0 added holes, 0 changed sides, 0 changed coefficients
 0 implications, 0 cliques, 0 implied integral variables (0 bin, 0 int, 0 cont)
presolved problem has 150 variables (120 bin, 0 int, 30 cont) and 1175 constraints
   1175 constraints of type <linear>
Presolving Time: 0.00
transformed 2/2 original solutions to the transformed problem space

 time | node  | left  |LP iter|LP it/n|mem/heur|mdpt |vars |cons |rows |cuts |sepa|confs|strbr|  dualbound   | primalbound  |  gap   | compl. 
p 0.0s|     1 |     0 |     5 |     - |   locks|   0 | 150 |1175 |1175 |   0 |  0 |   0 |   0 | 2.640000e+02 |-5.646750e+02 |    Inf | unknown
  0.0s|     1 |     0 |   196 |     - |  9330k |   0 | 150 |1175 |1175 |   0 |  0 |   0 |   0 |-3.514017e+02 |-5.646750e+02 |  60.69%| unknown
r 0.0s|     1 |     0 |   196 |     - |shifting|   0 | 150 |1175 |1175 |   0 |  0 |   0 |   0 |-3.514017e+02 |-3.705558e+02 |   5.45%| unknown
  0.0s|     1 |     0 |   197 |     - |  9575k |   0 | 150 |1175 |1176 |   1 |  1 |   0 |   0 |-3.514083e+02 |-3.705558e+02 |   5.45%| unknown
  0.0s|     1 |     0 |   197 |     - |  9575k |   0 | 150 |1175 |1176 |   1 |  1 |   0 |   0 |-3.514083e+02 |-3.705558e+02 |   5.45%| unknown
d 0.0s|     1 |     0 |   197 |     - |farkasdi|   0 | 150 |1175 |1176 |   0 |  2 |   0 |   0 |-3.514083e+02 |-3.514083e+02 |   0.00%| unknown
  0.0s|     1 |     0 |   197 |     - |  9586k |   0 | 150 |1175 |1176 |   1 |  2 |   0 |   0 |-3.514083e+02 |-3.514083e+02 |   0.00%| unknown

SCIP Status        : problem is solved [optimal solution found]
Solving Time (sec) : 0.03
Solving Nodes      : 1
Primal Bound       : -3.51408333333333e+02 (5 solutions)
Dual Bound         : -3.51408333333333e+02
Gap                : 0.00 %
  [linear] <c1176>: <x121>[C] (+20.9791667) -0.5875<x1>[B] (+0) -0.5875<x2>[B] (+0) +0.5875<x3>[B] (+0) -0.5875<x4>[B] (+1) +0.5875<x5>[B] (+0) -0.5875<x6>[B] (+1) +0.5875<x7>[B] (+0) -0.5875<x8>[B] (+0) +0.5875<x9>[B] (+1) -0.5875<x10>[B] (+1) +0.5875<x11>[B] (+1) -0.5875<x12>[B] (+0) +0.5875<x13>[B] (+0) -0.5875<x14>[B] (+0) -0.5875<x15>[B] (+1) +0.5875<x16>[B] (+0) +0.5875<x17>[B] (+0) +0.5875<x18>[B] (+1) +0.5875<x19>[B] (+0) +0.5875<x20>[B] (+1) +0.5875<x21>[B] (+1) +0.5875<x22>[B] (+1) +0.5875<x23>[B] (+1) +0.5875<x24>[B] (+1) +0.5875<x25>[B] (+1) +0.5875<x26>[B] (+0) +0.5875<x27>[B] (+0) +0.5875<x28>[B] (+0) +0.5875<x29>[B] (+1) +0.5875<x30>[B] (+1) -0.5875<x31>[B] (+1) +0.5875<x32>[B] (+1) +0.5875<x33>[B] (+1) +0.5875<x34>[B] (+1) +0.5875<x35>[B] (+1) +0.5875<x36>[B] (+1) -0.5875<x37>[B] (+1) +0.5875<x38>[B] (+1) +0.5875<x39>[B] (+0) +0.5875<x40>[B] (+0) +0.5875<x41>[B] (+1) -0.5875<x42>[B] (+1) -0.5875<x43>[B] (+1) +0.5875<x44>[B] (+0) -0.5875<x45>[B] (+1) +0.5875<x46>[B] (+1) -0.5875<x47>[B] (+1) +0.5875<x48>[B] (+1) -0.5875<x49>[B] (+1) +0.5875<x50>[B] (+1) -0.5875<x51>[B] (+0) +0.5875<x52>[B] (+0) -0.5875<x53>[B] (+1) -0.5875<x54>[B] (+1) +0.5875<x55>[B] (+0) +0.5875<x56>[B] (+1) +0.5875<x57>[B] (+0) +0.5875<x58>[B] (+0) +0.5875<x59>[B] (+1) -0.5875<x60>[B] (+0) +0.5875<x61>[B] (+0) +0.5875<x62>[B] (+0) +0.5875<x63>[B] (+0) +0.5875<x64>[B] (+0) -0.5875<x65>[B] (+1) -0.5875<x66>[B] (+1) +0.5875<x67>[B] (+1) -0.5875<x68>[B] (+1) +0.5875<x69>[B] (+1) -0.5875<x70>[B] (+1) -0.5875<x71>[B] (+1) -0.5875<x72>[B] (+0) +0.5875<x73>[B] (+0) -0.5875<x74>[B] (+1) -0.5875<x75>[B] (+1) +0.5875<x76>[B] (+0) +0.5875<x77>[B] (+0) +0.5875<x78>[B] (+0) -0.5875<x79>[B] (+0) +0.5875<x80>[B] (+0) +0.5875<x81>[B] (+0) +0.5875<x82>[B] (+0) +0.5875<x83>[B] (+0) -0.5875<x84>[B] (+0) -0.5875<x85>[B] (+1) -0.5875<x86>[B] (+1) -0.5875<x87>[B] (+1) -0.5875<x88>[B] (+1) -0.5875<x89>[B] (+0) -0.5875<x90>[B] (+0) -0.5875<x91>[B] (+0) -0.5875<x92>[B] (+1) +0.5875<x93>[B] (+1) -0.5875<x94>[B] (+1) +0.5875<x95>[B] (+1) +0.5875<x96>[B] (+0) +0.5875<x97>[B] (+0) +0.5875<x98>[B] (+4.21884749e-14) -0.5875<x99>[B] (+1) -0.5875<x100>[B] (+0) -0.5875<x101>[B] (+0) -0.5875<x102>[B] (+0) +0.5875<x103>[B] (+0) -0.5875<x104>[B] (+0) -0.5875<x105>[B] (+0) +0.5875<x106>[B] (+1) +0.5875<x107>[B] (+0) +0.5875<x108>[B] (+0) +0.5875<x109>[B] (+0) +0.5875<x110>[B] (+1) -0.5875<x111>[B] (+0) +0.5875<x112>[B] (+0) -0.5875<x113>[B] (+0) -0.5875<x114>[B] (+1) +0.5875<x115>[B] (+0) -0.5875<x116>[B] (+1) -0.5875<x117>[B] (+1) -0.5875<x118>[B] (+1) -0.5875<x119>[B] (+1) -0.5875<x120>[B] (+1) >= 18.6541666666667;
;
violation: left hand side is violated by 0.0250000000000057
  [linear] <c1189>: <x140>[C] (+20.4083333) -0.579166667<x1>[B] (+0) +0.579166667<x2>[B] (+0) +0.579166667<x3>[B] (+0) +0.579166667<x4>[B] (+1) +0.579166667<x5>[B] (+0) +0.579166667<x6>[B] (+1) +0.579166667<x7>[B] (+0) +0.579166667<x8>[B] (+0) +0.579166667<x9>[B] (+1) +0.579166667<x10>[B] (+1) -0.579166667<x11>[B] (+1) +0.579166667<x12>[B] (+0) +0.579166667<x13>[B] (+0) -0.579166667<x14>[B] (+0) -0.579166667<x15>[B] (+1) +0.579166667<x16>[B] (+0) +0.579166667<x17>[B] (+0) +0.579166667<x18>[B] (+1) +0.579166667<x19>[B] (+0) +0.579166667<x20>[B] (+1) +0.579166667<x21>[B] (+1) +0.579166667<x22>[B] (+0) +0.579166667<x23>[B] (+1) +0.579166667<x24>[B] (+1) -0.579166667<x25>[B] (+1) +0.579166667<x26>[B] (+0) +0.579166667<x27>[B] (+0) +0.579166667<x28>[B] (+0) +0.579166667<x29>[B] (+1) +0.579166667<x30>[B] (+1) +0.579166667<x31>[B] (+1) +0.579166667<x32>[B] (+1) +0.579166667<x33>[B] (+1) +0.579166667<x34>[B] (+1) -0.579166667<x35>[B] (+1) +0.579166667<x36>[B] (+1) -0.579166667<x37>[B] (+1) -0.579166667<x38>[B] (+1) +0.579166667<x39>[B] (+0) +0.579166667<x40>[B] (+0) -0.579166667<x41>[B] (+1) -0.579166667<x42>[B] (+1) -0.579166667<x43>[B] (+1) +0.579166667<x44>[B] (+0) +0.579166667<x45>[B] (+1) +0.579166667<x46>[B] (+1) -0.579166667<x47>[B] (+0) +0.579166667<x48>[B] (+1) -0.579166667<x49>[B] (+1) -0.579166667<x50>[B] (+1) +0.579166667<x51>[B] (+0) +0.579166667<x52>[B] (+0) -0.579166667<x53>[B] (+1) -0.579166667<x54>[B] (+1) +0.579166667<x55>[B] (+0) +0.579166667<x56>[B] (+1) +0.579166667<x57>[B] (+0) -0.579166667<x58>[B] (+0) +0.579166667<x59>[B] (+1) -0.579166667<x60>[B] (+0) -0.579166667<x61>[B] (+0) +0.579166667<x62>[B] (+0) +0.579166667<x63>[B] (+0) -0.579166667<x64>[B] (+0) -0.579166667<x65>[B] (+1) -0.579166667<x66>[B] (+1) -0.579166667<x67>[B] (+1) -0.579166667<x68>[B] (+1) -0.579166667<x69>[B] (+1) -0.579166667<x70>[B] (+1) -0.579166667<x71>[B] (+1) -0.579166667<x72>[B] (+0) -0.579166667<x73>[B] (+0) -0.579166667<x74>[B] (+1) -0.579166667<x75>[B] (+1) +0.579166667<x76>[B] (+0) -0.579166667<x77>[B] (+0) +0.579166667<x78>[B] (+0) -0.579166667<x79>[B] (+0) -0.579166667<x80>[B] (+0) +0.579166667<x81>[B] (+0) -0.579166667<x82>[B] (+0) -0.579166667<x83>[B] (+0) -0.579166667<x84>[B] (+0) -0.579166667<x85>[B] (+0) +0.579166667<x86>[B] (+1) -0.579166667<x87>[B] (+1) -0.579166667<x88>[B] (+1) +0.579166667<x89>[B] (+0) -0.579166667<x90>[B] (+0) -0.579166667<x91>[B] (+0) -0.579166667<x92>[B] (+1) +0.579166667<x93>[B] (+1) -0.579166667<x94>[B] (+1) -0.579166667<x95>[B] (+1) +0.579166667<x96>[B] (+0) +0.579166667<x97>[B] (+0) -0.579166667<x98>[B] (+1) -0.579166667<x99>[B] (+1) -0.579166667<x100>[B] (+0) -0.579166667<x101>[B] (+0) -0.579166667<x102>[B] (+0) -0.579166667<x103>[B] (+0) -0.579166667<x104>[B] (+0) -0.579166667<x105>[B] (+0) -0.579166667<x106>[B] (+1) +0.579166667<x107>[B] (+0) +0.579166667<x108>[B] (+0) -0.579166667<x109>[B] (+0) -0.579166667<x110>[B] (+1) +0.579166667<x111>[B] (+0) +0.579166667<x112>[B] (+0) +0.579166667<x113>[B] (+0) +0.579166667<x114>[B] (+1) -0.579166667<x115>[B] (+0) -0.579166667<x116>[B] (+1) -0.579166667<x117>[B] (+1) -0.579166667<x118>[B] (+1) -0.579166667<x119>[B] (+1) -0.579166667<x120>[B] (+1) >= 13.4666666666667;
;
violation: left hand side is violated by 0.00833333333333464
  [linear] <c1178>: <x124>[C] (+9.70416667) -0.529166667<x1>[B] (+1) +0.529166667<x2>[B] (+1) +0.529166667<x3>[B] (+0) +0.529166667<x4>[B] (+0) +0.529166667<x5>[B] (+1) -0.529166667<x6>[B] (+0) -0.529166667<x7>[B] (+1) +0.529166667<x8>[B] (+1) -0.529166667<x9>[B] (+0) +0.529166667<x10>[B] (+0) +0.529166667<x11>[B] (+0) -0.529166667<x12>[B] (+0) +0.529166667<x13>[B] (+1) +0.529166667<x14>[B] (+0) +0.529166667<x15>[B] (+0) +0.529166667<x16>[B] (+1) +0.529166667<x17>[B] (+0) +0.529166667<x18>[B] (+0) +0.529166667<x19>[B] (+1) -0.529166667<x20>[B] (+0) -0.529166667<x21>[B] (+0) +0.529166667<x22>[B] (+0) +0.529166667<x23>[B] (+0) +0.529166667<x24>[B] (+0) +0.529166667<x25>[B] (+0) -0.529166667<x26>[B] (+0) +0.529166667<x27>[B] (+1) +0.529166667<x28>[B] (+0) +0.529166667<x29>[B] (+0) -0.529166667<x30>[B] (+0) +0.529166667<x31>[B] (+0) +0.529166667<x32>[B] (+0) -0.529166667<x33>[B] (+0) -0.529166667<x34>[B] (+0) +0.529166667<x35>[B] (+0) -0.529166667<x36>[B] (+0) +0.529166667<x37>[B] (+0) -0.529166667<x38>[B] (+0) -0.529166667<x39>[B] (+0) +0.529166667<x40>[B] (+1) +0.529166667<x41>[B] (+0) +0.529166667<x42>[B] (+0) +0.529166667<x43>[B] (+1) +0.529166667<x44>[B] (+1) -0.529166667<x45>[B] (+0) -0.529166667<x46>[B] (+1) +0.529166667<x47>[B] (+1) -0.529166667<x48>[B] (+0) +0.529166667<x49>[B] (+1) -0.529166667<x50>[B] (+0) -0.529166667<x51>[B] (+1) +0.529166667<x52>[B] (+1) +0.529166667<x53>[B] (+0) +0.529166667<x54>[B] (+0) -0.529166667<x55>[B] (+1) -0.529166667<x56>[B] (+0) -0.529166667<x57>[B] (+1) -0.529166667<x58>[B] (+1) -0.529166667<x59>[B] (+0) -0.529166667<x60>[B] (+1) -0.529166667<x61>[B] (+0) -0.529166667<x62>[B] (+1) -0.529166667<x63>[B] (+1) -0.529166667<x64>[B] (+0) -0.529166667<x65>[B] (+0) -0.529166667<x66>[B] (+0) -0.529166667<x67>[B] (+0) +0.529166667<x68>[B] (+0) -0.529166667<x69>[B] (+0) +0.529166667<x70>[B] (+0) -0.529166667<x71>[B] (+0) -0.529166667<x72>[B] (+0) +0.529166667<x73>[B] (+1) +0.529166667<x74>[B] (+0) +0.529166667<x75>[B] (+0) +0.529166667<x76>[B] (+1) +0.529166667<x77>[B] (+1) +0.529166667<x78>[B] (+1) +0.529166667<x79>[B] (+1) +0.529166667<x80>[B] (+1) -0.529166667<x81>[B] (+1) +0.529166667<x82>[B] (+1) +0.529166667<x83>[B] (+1) +0.529166667<x84>[B] (+1) +0.529166667<x85>[B] (+0) +0.529166667<x86>[B] (+0) +0.529166667<x87>[B] (+0) +0.529166667<x88>[B] (+0) -0.529166667<x89>[B] (+0) +0.529166667<x90>[B] (+1) +0.529166667<x91>[B] (+0) +0.529166667<x92>[B] (+0) -0.529166667<x93>[B] (+0) -0.529166667<x94>[B] (+0) -0.529166667<x95>[B] (+0) -0.529166667<x96>[B] (+0) +0.529166667<x97>[B] (+1) -0.529166667<x98>[B] (+0) -0.529166667<x99>[B] (+0) +0.529166667<x100>[B] (+1) +0.529166667<x101>[B] (+1) -0.529166667<x102>[B] (+1) +0.529166667<x103>[B] (+1) +0.529166667<x104>[B] (+1) +0.529166667<x105>[B] (+1) -0.529166667<x106>[B] (+0) -0.529166667<x107>[B] (+1) +0.529166667<x108>[B] (+1) +0.529166667<x109>[B] (+0) +0.529166667<x110>[B] (+0) -0.529166667<x111>[B] (+1) +0.529166667<x112>[B] (+1) +0.529166667<x113>[B] (+1) +0.529166667<x114>[B] (+0) +0.529166667<x115>[B] (+1) +0.529166667<x116>[B] (+0) +0.529166667<x117>[B] (+0) -0.529166667<x118>[B] (+0) -0.529166667<x119>[B] (+0) -0.529166667<x120>[B] (+0) >= 20.2416666666667;
;
violation: left hand side is violated by 0.483333333333341
2/5 feasible solutions given by solution candidate storage, new primal bound -3.000044e+06

presolving:
   (0.0s) symmetry computation started: requiring (bin +, int +, cont +), (fixed: bin -, int -, cont -)
   (0.0s) no symmetry present (symcode time: 0.00)
presolving (0 rounds: 0 fast, 0 medium, 0 exhaustive):
 0 deleted vars, 0 deleted constraints, 0 added constraints, 0 tightened bounds, 0 added holes, 0 changed sides, 0 changed coefficients
 0 implications, 0 cliques, 0 implied integral variables (0 bin, 0 int, 0 cont)
presolved problem has 150 variables (120 bin, 0 int, 30 cont) and 1194 constraints
   1194 constraints of type <linear>
Presolving Time: 0.00
transformed 2/2 original solutions to the transformed problem space

 time | node  | left  |LP iter|LP it/n|mem/heur|mdpt |vars |cons |rows |cuts |sepa|confs|strbr|  dualbound   | primalbound  |  gap   | compl. 
p 0.0s|     1 |     0 |     6 |     - |   locks|   0 | 150 |1194 |1194 |   0 |  0 |   0 |   0 | 2.640000e+02 |-5.755167e+02 |    Inf | unknown
  0.0s|     1 |     0 |   249 |     - |    11M |   0 | 150 |1194 |1194 |   0 |  0 |   0 |   0 |-3.518861e+02 |-5.755167e+02 |  63.55%| unknown
r 0.0s|     1 |     0 |   249 |     - |shifting|   0 | 150 |1194 |1194 |   0 |  0 |   0 |   0 |-3.518861e+02 |-3.930535e+02 |  11.70%| unknown
  0.0s|     1 |     0 |   250 |     - |    11M |   0 | 150 |1194 |1195 |   1 |  1 |   0 |   0 |-3.518917e+02 |-3.930535e+02 |  11.70%| unknown
  0.0s|     1 |     0 |   250 |     - |    11M |   0 | 150 |1194 |1195 |   1 |  1 |   0 |   0 |-3.518917e+02 |-3.930535e+02 |  11.70%| unknown
d 0.0s|     1 |     0 |   250 |     - |farkasdi|   0 | 150 |1194 |1195 |   0 |  2 |   0 |   0 |-3.518917e+02 |-3.518917e+02 |   0.00%| unknown
  0.0s|     1 |     0 |   250 |     - |    11M |   0 | 150 |1194 |1195 |   1 |  2 |   0 |   0 |-3.518917e+02 |-3.518917e+02 |   0.00%| unknown

SCIP Status        : problem is solved [optimal solution found]
Solving Time (sec) : 0.03
Solving Nodes      : 1
Primal Bound       : -3.51891666666667e+02 (5 solutions)
Dual Bound         : -3.51891666666667e+02
Gap                : 0.00 %
