Loading instance...
Median ranking: [15, 10, 3, 4, 13, 1, 7, 11, 14, 6, 2, 17, 5, 9, 16, 8, 12]
Mean ranking: [15, 10, 3, 4, 13, 1, 7, 11, 14, 16, 6, 2, 17, 5, 9, 8, 12]
Actual error: 0.0014344343945491556
Weighted Kendall distance: 35.0
Normalized distance: 0.02144607843137255
ss, 0 chg bounds, 0 chg sides, 0 chg coeffs, 0 upgd conss, 0 impls, 0 clqs, 0 implints
   (0.0s) symmetry computation started: requiring (bin +, int +, cont +), (fixed: bin -, int -, cont -)
   (0.0s) no symmetry present (symcode time: 0.00)
presolving (2 rounds: 2 fast, 2 medium, 1 exhaustive):
 0 deleted vars, 1360 deleted constraints, 680 added constraints, 0 tightened bounds, 0 added holes, 0 changed sides, 0 changed coefficients
 0 implications, 0 cliques, 0 implied integral variables (0 bin, 0 int, 0 cont)
presolved problem has 136 variables (0 bin, 0 int, 136 cont) and 680 constraints
    680 constraints of type <linear>
Presolving Time: 0.01
transformed 3/3 original solutions to the transformed problem space

 time | node  | left  |LP iter|LP it/n|mem/heur|mdpt |vars |cons |rows |cuts |sepa|confs|strbr|  dualbound   | primalbound  |  gap   | compl. 
* 0.0s|     1 |     0 |    26 |     - |    LP  |   0 | 136 | 680 | 680 |   0 |  0 |   0 |   0 | 2.040000e+02 | 2.040000e+02 |   0.00%| unknown
  0.0s|     1 |     0 |    26 |     - |  5552k |   0 | 136 | 680 | 680 |   0 |  0 |   0 |   0 | 2.040000e+02 | 2.040000e+02 |   0.00%| unknown

SCIP Status        : problem is solved [optimal solution found]
Solving Time (sec) : 0.01
Solving Nodes      : 1
Primal Bound       : +2.04000000000000e+02 (4 solutions)
Dual Bound         : +2.04000000000000e+02
Gap                : 0.00 %
feasible solution found by trivial heuristic after 0.0 seconds, objective value 0.000000e+00
presolving:
   (0.0s) running MILP presolver
   (0.0s) MILP presolver (2 rounds): 0 aggregations, 0 fixings, 0 bound changes
(round 1, medium)     0 del vars, 1360 del conss, 680 add conss, 0 chg bounds, 0 chg sides, 0 chg coeffs, 0 upgd conss, 0 impls, 0 clqs, 0 implints
   (0.0s) probing: 51/136 (37.5%) - 0 fixings, 0 aggregations, 0 implications, 0 bound changes
   (0.0s) probing aborted: 50/50 successive totally useless probings
   (0.0s) symmetry computation started: requiring (bin +, int +, cont +), (fixed: bin -, int -, cont -)
   (0.0s) no symmetry present (symcode time: 0.00)
presolving (2 rounds: 2 fast, 2 medium, 1 exhaustive):
 0 deleted vars, 1360 deleted constraints, 680 added constraints, 0 tightened bounds, 0 added holes, 0 changed sides, 0 changed coefficients
 0 implications, 0 cliques, 0 implied integral variables (0 bin, 0 int, 0 cont)
presolved problem has 136 variables (136 bin, 0 int, 0 cont) and 680 constraints
    680 constraints of type <linear>
transformed objective value is always integral (scale: 2)
Presolving Time: 0.01
transformed 2/2 original solutions to the transformed problem space

 time | node  | left  |LP iter|LP it/n|mem/heur|mdpt |vars |cons |rows |cuts |sepa|confs|strbr|  dualbound   | primalbound  |  gap   | compl. 
p 0.0s|     1 |     0 |     0 |     - |   locks|   0 | 136 | 680 | 680 |   0 |  0 |   0 |   0 | 2.140000e+02 | 1.000000e+02 | 114.00%| unknown
i 0.0s|     1 |     0 |     0 |     - |  oneopt|   0 | 136 | 680 | 680 |   0 |  0 |   0 |   0 | 2.140000e+02 | 1.400000e+02 |  52.86%| unknown
* 0.0s|     1 |     0 |    26 |     - |    LP  |   0 | 136 | 680 | 680 |   0 |  0 |   0 |   0 | 2.040000e+02 | 2.040000e+02 |   0.00%| unknown
  0.0s|     1 |     0 |    26 |     - |  5736k |   0 | 136 | 680 | 680 |   0 |  0 |   0 |   0 | 2.040000e+02 | 2.040000e+02 |   0.00%| unknown

SCIP Status        : problem is solved [optimal solution found]
Solving Time (sec) : 0.01
Solving Nodes      : 1
Primal Bound       : +2.04000000000000e+02 (5 solutions)
Dual Bound         : +2.04000000000000e+02
Gap                : 0.00 %
feasible solution found by trivial heuristic after 0.1 seconds, objective value -2.000000e+06
presolving:
(round 1, fast)       0 del vars, 0 del conss, 0 add conss, 40 chg bounds, 0 chg sides, 0 chg coeffs, 0 upgd conss, 0 impls, 0 clqs, 0 implints
   (0.3s) running MILP presolver
   (0.3s) MILP presolver (2 rounds): 0 aggregations, 0 fixings, 0 bound changes
(round 2, exhaustive) 0 del vars, 680 del conss, 0 add conss, 40 chg bounds, 0 chg sides, 0 chg coeffs, 0 upgd conss, 0 impls, 0 clqs, 0 implints
   (0.6s) symmetry computation started: requiring (bin +, int +, cont +), (fixed: bin -, int -, cont -)
   (0.7s) no symmetry present (symcode time: 0.01)
presolving (3 rounds: 3 fast, 2 medium, 2 exhaustive):
 0 deleted vars, 680 deleted constraints, 0 added constraints, 40 tightened bounds, 0 added holes, 0 changed sides, 0 changed coefficients
 0 implications, 0 cliques, 0 implied integral variables (0 bin, 0 int, 0 cont)
presolved problem has 156 variables (0 bin, 0 int, 156 cont) and 3400 constraints
   3400 constraints of type <linear>
Presolving Time: 0.71

 time | node  | left  |LP iter|LP it/n|mem/heur|mdpt |vars |cons |rows |cuts |sepa|confs|strbr|  dualbound   | primalbound  |  gap   | compl. 
t 0.8s|     1 |     0 |     0 |     - | trivial|   0 | 156 |3400 |   0 |   0 |  0 |   0 |   0 | 2.140000e+02 |-1.360000e+03 |    Inf | unknown
* 0.9s|     1 |     0 |   377 |     - |    LP  |   0 | 156 |3400 |3400 |   0 |  0 |   0 |   0 |-2.527794e+02 |-2.527794e+02 |   0.00%| unknown
  0.9s|     1 |     0 |   377 |     - |   232M |   0 | 156 |3400 |3400 |   0 |  0 |   0 |   0 |-2.527794e+02 |-2.527794e+02 |   0.00%| unknown

SCIP Status        : problem is solved [optimal solution found]
Solving Time (sec) : 0.90
Solving Nodes      : 1
Primal Bound       : -2.52779411764706e+02 (3 solutions)
Dual Bound         : -2.52779411764706e+02
Gap                : 0.00 %
feasible solution found by trivial heuristic after 0.0 seconds, objective value -2.000000e+06
presolving:
(round 1, fast)       0 del vars, 0 del conss, 0 add conss, 40 chg bounds, 0 chg sides, 0 chg coeffs, 0 upgd conss, 0 impls, 0 clqs, 0 implints
   (0.2s) running MILP presolver
   (0.3s) MILP presolver (2 rounds): 0 aggregations, 0 fixings, 0 bound changes
(round 2, exhaustive) 0 del vars, 680 del conss, 0 add conss, 40 chg bounds, 0 chg sides, 0 chg coeffs, 0 upgd conss, 0 impls, 0 clqs, 0 implints
   (0.6s) probing: 51/136 (37.5%) - 0 fixings, 0 aggregations, 0 implications, 0 bound changes
   (0.6s) probing aborted: 50/50 successive totally useless probings
   (0.7s) symmetry computation started: requiring (bin +, int +, cont +), (fixed: bin -, int -, cont -)
   (0.8s) no symmetry present (symcode time: 0.01)
presolving (3 rounds: 3 fast, 2 medium, 2 exhaustive):
 0 deleted vars, 680 deleted constraints, 0 added constraints, 40 tightened bounds, 0 added holes, 0 changed sides, 0 changed coefficients
 0 implications, 0 cliques, 0 implied integral variables (0 bin, 0 int, 0 cont)
presolved problem has 156 variables (136 bin, 0 int, 20 cont) and 3400 constraints
   3400 constraints of type <linear>
Presolving Time: 0.75

 time | node  | left  |LP iter|LP it/n|mem/heur|mdpt |vars |cons |rows |cuts |sepa|confs|strbr|  dualbound   | primalbound  |  gap   | compl. 
t 0.8s|     1 |     0 |     0 |     - | trivial|   0 | 156 |3400 |   0 |   0 |  0 |   0 |   0 | 2.140000e+02 |-1.360000e+03 |    Inf | unknown
p 0.9s|     1 |     0 |    20 |     - |   locks|   0 | 156 |3400 |3400 |   0 |  0 |   0 |   0 | 2.140000e+02 |-4.390294e+02 |    Inf | unknown
* 1.0s|     1 |     0 |   397 |     - |    LP  |   0 | 156 |3400 |3400 |   0 |  0 |   0 |   0 |-2.527794e+02 |-2.527794e+02 |   0.00%| unknown
  1.0s|     1 |     0 |   397 |     - |   232M |   0 | 156 |3400 |3400 |   0 |  0 |   0 |   0 |-2.527794e+02 |-2.527794e+02 |   0.00%| unknown

SCIP Status        : problem is solved [optimal solution found]
Solving Time (sec) : 1.02
Solving Nodes      : 1
Primal Bound       : -2.52779411764706e+02 (4 solutions)
Dual Bound         : -2.52779411764706e+02
Gap                : 0.00 %
feasible solution found by trivial heuristic after 0.0 seconds, objective value 0.000000e+00
presolving:
   (0.0s) symmetry computation started: requiring (bin +, int +, cont +), (fixed: bin -, int -, cont -)
   (0.0s) symmetry computation finished: 19 generators found (max: 1500, log10 of symmetry group size: 18.39) (symcode time: 0.00)
dynamic symmetry handling statistics:
   orbitopal reduction:       no components
   orbital reduction:         no components
   lexicographic reduction:   no permutations
handled 1 out of 1 symmetry components
presolving (0 rounds: 0 fast, 0 medium, 0 exhaustive):
 0 deleted vars, 0 deleted constraints, 0 added constraints, 0 tightened bounds, 0 added holes, 0 changed sides, 0 changed coefficients
 0 implications, 0 cliques, 0 implied integral variables (0 bin, 0 int, 0 cont)
presolved problem has 156 variables (136 bin, 0 int, 20 cont) and 1379 constraints
   1379 constraints of type <linear>
Presolving Time: 0.00
transformed 2/2 original solutions to the transformed problem space

 time | node  | left  |LP iter|LP it/n|mem/heur|mdpt |vars |cons |rows |cuts |sepa|confs|strbr|  dualbound   | primalbound  |  gap   | compl. 
p 0.0s|     1 |     0 |     0 |     - |   locks|   0 | 156 |1360 |1360 |   0 |  0 |   0 |   0 | 2.140000e+02 | 7.600000e+01 | 181.58%| unknown
i 0.0s|     1 |     0 |     0 |     - |  oneopt|   0 | 156 |1360 |1360 |   0 |  0 |   0 |   0 | 2.140000e+02 | 1.840000e+02 |  16.30%| unknown
* 0.0s|     1 |     0 |    26 |     - |    LP  |   0 | 156 |1360 |1360 |   0 |  0 |   0 |   0 | 2.040000e+02 | 2.040000e+02 |   0.00%| unknown
  0.0s|     1 |     0 |    26 |     - |  7205k |   0 | 156 |1360 |1360 |   0 |  0 |   0 |   0 | 2.040000e+02 | 2.040000e+02 |   0.00%| unknown

SCIP Status        : problem is solved [optimal solution found]
Solving Time (sec) : 0.01
Solving Nodes      : 1
Primal Bound       : +2.04000000000000e+02 (6 solutions)
Dual Bound         : +2.04000000000000e+02
Gap                : 0.00 %
  [linear] <c1361>: <x137>[C] (+0) +0.452205882<x1>[B] (+1) +0.452205882<x2>[B] (+0) +0.452205882<x3>[B] (+0) +0.452205882<x4>[B] (+1) -0.452205882<x5>[B] (+1) -0.452205882<x6>[B] (+1) +0.452205882<x7>[B] (+1) +0.452205882<x8>[B] (+1) +0.452205882<x9>[B] (+0) -0.452205882<x10>[B] (+1) +0.452205882<x11>[B] (+1) +0.452205882<x12>[B] (+0) -0.452205882<x13>[B] (+1) +0.452205882<x14>[B] (+0) +0.452205882<x15>[B] (+1) +0.452205882<x16>[B] (+1) -0.452205882<x17>[B] (+0) -0.452205882<x18>[B] (+0) -0.452205882<x19>[B] (+1) -0.452205882<x20>[B] (+0) -0.452205882<x21>[B] (+0) +0.452205882<x22>[B] (+1) -0.452205882<x23>[B] (+1) +0.452205882<x24>[B] (+0) -0.452205882<x25>[B] (+0) +0.452205882<x26>[B] (+1) -0.452205882<x27>[B] (+0) -0.452205882<x28>[B] (+0) -0.452205882<x29>[B] (+0) -0.452205882<x30>[B] (+1) -0.452205882<x31>[B] (+1) -0.452205882<x32>[B] (+1) +0.452205882<x33>[B] (+1) -0.452205882<x34>[B] (+1) -0.452205882<x35>[B] (+1) +0.452205882<x36>[B] (+1) -0.452205882<x37>[B] (+1) +0.452205882<x38>[B] (+0) -0.452205882<x39>[B] (+1) +0.452205882<x40>[B] (+1) -0.452205882<x41>[B] (+1) -0.452205882<x42>[B] (+1) -0.452205882<x43>[B] (+0) -0.452205882<x44>[B] (+1) -0.452205882<x45>[B] (+1) +0.452205882<x46>[B] (+1) -0.452205882<x47>[B] (+1) -0.452205882<x48>[B] (+1) +0.452205882<x49>[B] (+1) -0.452205882<x50>[B] (+1) +0.452205882<x51>[B] (+0) -0.452205882<x52>[B] (+1) +0.452205882<x53>[B] (+1) -0.452205882<x54>[B] (+1) -0.452205882<x55>[B] (+1) +0.452205882<x56>[B] (+0) +0.452205882<x57>[B] (+1) +0.452205882<x58>[B] (+1) -0.452205882<x59>[B] (+0) -0.452205882<x60>[B] (+0) +0.452205882<x61>[B] (+1) -0.452205882<x62>[B] (+1) +0.452205882<x63>[B] (+0) -0.452205882<x64>[B] (+0) +0.452205882<x65>[B] (+1) -0.452205882<x66>[B] (+0) -0.452205882<x67>[B] (+0) -0.452205882<x68>[B] (+0) -0.452205882<x69>[B] (+1) -0.452205882<x70>[B] (+0) +0.452205882<x71>[B] (+0) +0.452205882<x72>[B] (+1) +0.452205882<x73>[B] (+1) +0.452205882<x74>[B] (+0) +0.452205882<x75>[B] (+0) +0.452205882<x76>[B] (+1) +0.452205882<x77>[B] (+0) -0.452205882<x78>[B] (+0) +0.452205882<x79>[B] (+0) +0.452205882<x80>[B] (+1) +0.452205882<x81>[B] (+1) +0.452205882<x82>[B] (+1) +0.452205882<x83>[B] (+1) +0.452205882<x84>[B] (+0) -0.452205882<x85>[B] (+1) +0.452205882<x86>[B] (+1) +0.452205882<x87>[B] (+0) -0.452205882<x88>[B] (+1) +0.452205882<x89>[B] (+0) +0.452205882<x90>[B] (+1) +0.452205882<x91>[B] (+1) -0.452205882<x92>[B] (+0) -0.452205882<x93>[B] (+0) -0.452205882<x94>[B] (+0) -0.452205882<x95>[B] (+1) -0.452205882<x96>[B] (+0) -0.452205882<x97>[B] (+0) -0.452205882<x98>[B] (+0) -0.452205882<x99>[B] (+0) -0.452205882<x100>[B] (+0) +0.452205882<x101>[B] (+0) -0.452205882<x102>[B] (+0) +0.452205882<x103>[B] (+1) +0.452205882<x104>[B] (+0) -0.452205882<x105>[B] (+0) +0.452205882<x106>[B] (+0) +0.452205882<x107>[B] (+1) +0.452205882<x108>[B] (+0) -0.452205882<x109>[B] (+1) +0.452205882<x110>[B] (+1) -0.452205882<x111>[B] (+1) -0.452205882<x112>[B] (+1) -0.452205882<x113>[B] (+0) -0.452205882<x114>[B] (+1) -0.452205882<x115>[B] (+1) +0.452205882<x116>[B] (+1) +0.452205882<x117>[B] (+0) -0.452205882<x118>[B] (+1) +0.452205882<x119>[B] (+0) +0.452205882<x120>[B] (+1) +0.452205882<x121>[B] (+1) -0.452205882<x122>[B] (+0) -0.452205882<x123>[B] (+0) -0.452205882<x124>[B] (+0) -0.452205882<x125>[B] (+0) -0.452205882<x126>[B] (+0) -0.452205882<x127>[B] (+1) +0.452205882<x128>[B] (+0) +0.452205882<x129>[B] (+1) +0.452205882<x130>[B] (+1) +0.452205882<x131>[B] (+0) +0.452205882<x132>[B] (+1) +0.452205882<x133>[B] (+1) +0.452205882<x134>[B] (+1) +0.452205882<x135>[B] (+1) +0.452205882<x136>[B] (+0) >= 16.8455882352941;
;
violation: left hand side is violated by 14.1323529411765
  [linear] <c1361>: <x137>[C] (+0) +0.452205882<x1>[B] (+1) +0.452205882<x2>[B] (+1) +0.452205882<x3>[B] (+1) +0.452205882<x4>[B] (+1) -0.452205882<x5>[B] (+1) -0.452205882<x6>[B] (+1) +0.452205882<x7>[B] (+1) +0.452205882<x8>[B] (+1) +0.452205882<x9>[B] (+1) -0.452205882<x10>[B] (+1) +0.452205882<x11>[B] (+1) +0.452205882<x12>[B] (+1) -0.452205882<x13>[B] (+1) +0.452205882<x14>[B] (+0) +0.452205882<x15>[B] (+1) +0.452205882<x16>[B] (+1) -0.452205882<x17>[B] (+0) -0.452205882<x18>[B] (+0) -0.452205882<x19>[B] (+0) -0.452205882<x20>[B] (+1) -0.452205882<x21>[B] (+0) +0.452205882<x22>[B] (+1) -0.452205882<x23>[B] (+1) +0.452205882<x24>[B] (+0) -0.452205882<x25>[B] (+0) +0.452205882<x26>[B] (+1) -0.452205882<x27>[B] (+0) -0.452205882<x28>[B] (+1) -0.452205882<x29>[B] (+0) -0.452205882<x30>[B] (+1) -0.452205882<x31>[B] (+1) -0.452205882<x32>[B] (+1) +0.452205882<x33>[B] (+1) -0.452205882<x34>[B] (+1) -0.452205882<x35>[B] (+0) +0.452205882<x36>[B] (+1) -0.452205882<x37>[B] (+1) +0.452205882<x38>[B] (+0) -0.452205882<x39>[B] (+0) +0.452205882<x40>[B] (+1) -0.452205882<x41>[B] (+1) -0.452205882<x42>[B] (+1) -0.452205882<x43>[B] (+0) -0.452205882<x44>[B] (+1) -0.452205882<x45>[B] (+1) +0.452205882<x46>[B] (+1) -0.452205882<x47>[B] (+1) -0.452205882<x48>[B] (+0) +0.452205882<x49>[B] (+1) -0.452205882<x50>[B] (+1) +0.452205882<x51>[B] (+0) -0.452205882<x52>[B] (+0) +0.452205882<x53>[B] (+1) -0.452205882<x54>[B] (+1) -0.452205882<x55>[B] (+1) +0.452205882<x56>[B] (+0) +0.452205882<x57>[B] (+1) +0.452205882<x58>[B] (+1) -0.452205882<x59>[B] (+1) -0.452205882<x60>[B] (+0) +0.452205882<x61>[B] (+1) -0.452205882<x62>[B] (+1) +0.452205882<x63>[B] (+0) -0.452205882<x64>[B] (+0) +0.452205882<x65>[B] (+1) -0.452205882<x66>[B] (+0) -0.452205882<x67>[B] (+1) -0.452205882<x68>[B] (+0) -0.452205882<x69>[B] (+1) -0.452205882<x70>[B] (+1) +0.452205882<x71>[B] (+0) +0.452205882<x72>[B] (+1) +0.452205882<x73>[B] (+1) +0.452205882<x74>[B] (+0) +0.452205882<x75>[B] (+0) +0.452205882<x76>[B] (+1) +0.452205882<x77>[B] (+0) -0.452205882<x78>[B] (+0) +0.452205882<x79>[B] (+0) +0.452205882<x80>[B] (+0) +0.452205882<x81>[B] (+1) +0.452205882<x82>[B] (+1) +0.452205882<x83>[B] (+1) +0.452205882<x84>[B] (+1) -0.452205882<x85>[B] (+1) +0.452205882<x86>[B] (+1) +0.452205882<x87>[B] (+1) -0.452205882<x88>[B] (+1) +0.452205882<x89>[B] (+0) +0.452205882<x90>[B] (+1) +0.452205882<x91>[B] (+1) -0.452205882<x92>[B] (+0) -0.452205882<x93>[B] (+0) -0.452205882<x94>[B] (+0) -0.452205882<x95>[B] (+1) -0.452205882<x96>[B] (+0) -0.452205882<x97>[B] (+0) -0.452205882<x98>[B] (+0) -0.452205882<x99>[B] (+0) -0.452205882<x100>[B] (+0) +0.452205882<x101>[B] (+0) -0.452205882<x102>[B] (+0) +0.452205882<x103>[B] (+1) +0.452205882<x104>[B] (+0) -0.452205882<x105>[B] (+0) +0.452205882<x106>[B] (+0) +0.452205882<x107>[B] (+0) +0.452205882<x108>[B] (+0) -0.452205882<x109>[B] (+1) +0.452205882<x110>[B] (+1) -0.452205882<x111>[B] (+1) -0.452205882<x112>[B] (+1) -0.452205882<x113>[B] (+0) -0.452205882<x114>[B] (+1) -0.452205882<x115>[B] (+1) +0.452205882<x116>[B] (+1) +0.452205882<x117>[B] (+1) -0.452205882<x118>[B] (+1) +0.452205882<x119>[B] (+0) +0.452205882<x120>[B] (+1) +0.452205882<x121>[B] (+1) -0.452205882<x122>[B] (+0) -0.452205882<x123>[B] (+0) -0.452205882<x124>[B] (+0) -0.452205882<x125>[B] (+0) -0.452205882<x126>[B] (+0) -0.452205882<x127>[B] (+1) +0.452205882<x128>[B] (+0) +0.452205882<x129>[B] (+1) +0.452205882<x130>[B] (+1) +0.452205882<x131>[B] (+0) +0.452205882<x132>[B] (+1) +0.452205882<x133>[B] (+1) +0.452205882<x134>[B] (+1) +0.452205882<x135>[B] (+1) +0.452205882<x136>[B] (+1) >= 16.8455882352941;
;
violation: left hand side is violated by 11.4191176470588
  [linear] <c1361>: <x137>[C] (+0) +0.452205882<x1>[B] (+1) +0.452205882<x2>[B] (+1) +0.452205882<x3>[B] (+1) +0.452205882<x4>[B] (+1) -0.452205882<x5>[B] (+1) -0.452205882<x6>[B] (+1) +0.452205882<x7>[B] (+1) +0.452205882<x8>[B] (+1) +0.452205882<x9>[B] (+1) -0.452205882<x10>[B] (+1) +0.452205882<x11>[B] (+1) +0.452205882<x12>[B] (+1) -0.452205882<x13>[B] (+1) +0.452205882<x14>[B] (+1) +0.452205882<x15>[B] (+1) +0.452205882<x16>[B] (+1) -0.452205882<x17>[B] (+0) -0.452205882<x18>[B] (+1) -0.452205882<x19>[B] (+0) -0.452205882<x20>[B] (+1) -0.452205882<x21>[B] (+0) +0.452205882<x22>[B] (+1) -0.452205882<x23>[B] (+1) +0.452205882<x24>[B] (+0) -0.452205882<x25>[B] (+0) +0.452205882<x26>[B] (+1) -0.452205882<x27>[B] (+1) -0.452205882<x28>[B] (+1) -0.452205882<x29>[B] (+0) -0.452205882<x30>[B] (+1) -0.452205882<x31>[B] (+1) -0.452205882<x32>[B] (+1) +0.452205882<x33>[B] (+0) -0.452205882<x34>[B] (+1) -0.452205882<x35>[B] (+0) +0.452205882<x36>[B] (+1) -0.452205882<x37>[B] (+1) +0.452205882<x38>[B] (+0) -0.452205882<x39>[B] (+0) +0.452205882<x40>[B] (+1) -0.452205882<x41>[B] (+1) -0.452205882<x42>[B] (+1) -0.452205882<x43>[B] (+0) -0.452205882<x44>[B] (+1) -0.452205882<x45>[B] (+1) +0.452205882<x46>[B] (+0) -0.452205882<x47>[B] (+1) -0.452205882<x48>[B] (+0) +0.452205882<x49>[B] (+1) -0.452205882<x50>[B] (+1) +0.452205882<x51>[B] (+0) -0.452205882<x52>[B] (+0) +0.452205882<x53>[B] (+1) -0.452205882<x54>[B] (+1) -0.452205882<x55>[B] (+1) +0.452205882<x56>[B] (+0) +0.452205882<x57>[B] (+0) +0.452205882<x58>[B] (+0) -0.452205882<x59>[B] (+1) -0.452205882<x60>[B] (+1) +0.452205882<x61>[B] (+1) -0.452205882<x62>[B] (+1) +0.452205882<x63>[B] (+1) -0.452205882<x64>[B] (+1) +0.452205882<x65>[B] (+1) -0.452205882<x66>[B] (+1) -0.452205882<x67>[B] (+1) -0.452205882<x68>[B] (+1) -0.452205882<x69>[B] (+1) -0.452205882<x70>[B] (+1) +0.452205882<x71>[B] (+0) +0.452205882<x72>[B] (+0) +0.452205882<x73>[B] (+1) +0.452205882<x74>[B] (+0) +0.452205882<x75>[B] (+0) +0.452205882<x76>[B] (+1) +0.452205882<x77>[B] (+0) -0.452205882<x78>[B] (+1) +0.452205882<x79>[B] (+0) +0.452205882<x80>[B] (+0) +0.452205882<x81>[B] (+0) +0.452205882<x82>[B] (+1) +0.452205882<x83>[B] (+1) +0.452205882<x84>[B] (+1) -0.452205882<x85>[B] (+1) +0.452205882<x86>[B] (+1) +0.452205882<x87>[B] (+1) -0.452205882<x88>[B] (+1) +0.452205882<x89>[B] (+1) +0.452205882<x90>[B] (+1) +0.452205882<x91>[B] (+1) -0.452205882<x92>[B] (+1) -0.452205882<x93>[B] (+0) -0.452205882<x94>[B] (+0) -0.452205882<x95>[B] (+1) -0.452205882<x96>[B] (+0) -0.452205882<x97>[B] (+1) -0.452205882<x98>[B] (+0) -0.452205882<x99>[B] (+0) -0.452205882<x100>[B] (+0) +0.452205882<x101>[B] (+0) -0.452205882<x102>[B] (+0) +0.452205882<x103>[B] (+0) +0.452205882<x104>[B] (+0) -0.452205882<x105>[B] (+0) +0.452205882<x106>[B] (+0) +0.452205882<x107>[B] (+0) +0.452205882<x108>[B] (+0) -0.452205882<x109>[B] (+1) +0.452205882<x110>[B] (+1) -0.452205882<x111>[B] (+1) -0.452205882<x112>[B] (+1) -0.452205882<x113>[B] (+1) -0.452205882<x114>[B] (+1) -0.452205882<x115>[B] (+1) +0.452205882<x116>[B] (+1) +0.452205882<x117>[B] (+1) -0.452205882<x118>[B] (+1) +0.452205882<x119>[B] (+1) +0.452205882<x120>[B] (+1) +0.452205882<x121>[B] (+1) -0.452205882<x122>[B] (+0) -0.452205882<x123>[B] (+1) -0.452205882<x124>[B] (+0) -0.452205882<x125>[B] (+0) -0.452205882<x126>[B] (+0) -0.452205882<x127>[B] (+1) +0.452205882<x128>[B] (+0) +0.452205882<x129>[B] (+0) +0.452205882<x130>[B] (+0) +0.452205882<x131>[B] (+0) +0.452205882<x132>[B] (+0) +0.452205882<x133>[B] (+0) +0.452205882<x134>[B] (+1) +0.452205882<x135>[B] (+1) +0.452205882<x136>[B] (+1) >= 16.8455882352941;
;
violation: left hand side is violated by 19.5588235294118
  [linear] <c1361>: <x137>[C] (+0) +0.452205882<x1>[B] (+1) +0.452205882<x2>[B] (+1) +0.452205882<x3>[B] (+1) +0.452205882<x4>[B] (+1) -0.452205882<x5>[B] (+1) -0.452205882<x6>[B] (+1) +0.452205882<x7>[B] (+1) +0.452205882<x8>[B] (+1) +0.452205882<x9>[B] (+1) -0.452205882<x10>[B] (+1) +0.452205882<x11>[B] (+1) +0.452205882<x12>[B] (+1) -0.452205882<x13>[B] (+1) +0.452205882<x14>[B] (+1) +0.452205882<x15>[B] (+1) +0.452205882<x16>[B] (+1) -0.452205882<x17>[B] (+1) -0.452205882<x18>[B] (+1) -0.452205882<x19>[B] (+1) -0.452205882<x20>[B] (+1) -0.452205882<x21>[B] (+1) +0.452205882<x22>[B] (+1) -0.452205882<x23>[B] (+1) +0.452205882<x24>[B] (+1) -0.452205882<x25>[B] (+1) +0.452205882<x26>[B] (+1) -0.452205882<x27>[B] (+1) -0.452205882<x28>[B] (+1) -0.452205882<x29>[B] (+1) -0.452205882<x30>[B] (+1) -0.452205882<x31>[B] (+1) -0.452205882<x32>[B] (+1) +0.452205882<x33>[B] (+1) -0.452205882<x34>[B] (+1) -0.452205882<x35>[B] (+1) +0.452205882<x36>[B] (+1) -0.452205882<x37>[B] (+1) +0.452205882<x38>[B] (+1) -0.452205882<x39>[B] (+1) +0.452205882<x40>[B] (+1) -0.452205882<x41>[B] (+1) -0.452205882<x42>[B] (+1) -0.452205882<x43>[B] (+1) -0.452205882<x44>[B] (+1) -0.452205882<x45>[B] (+1) +0.452205882<x46>[B] (+1) -0.452205882<x47>[B] (+1) -0.452205882<x48>[B] (+1) +0.452205882<x49>[B] (+1) -0.452205882<x50>[B] (+1) +0.452205882<x51>[B] (+1) -0.452205882<x52>[B] (+1) +0.452205882<x53>[B] (+1) -0.452205882<x54>[B] (+1) -0.452205882<x55>[B] (+1) +0.452205882<x56>[B] (+1) +0.452205882<x57>[B] (+1) +0.452205882<x58>[B] (+1) -0.452205882<x59>[B] (+1) -0.452205882<x60>[B] (+1) +0.452205882<x61>[B] (+1) -0.452205882<x62>[B] (+1) +0.452205882<x63>[B] (+1) -0.452205882<x64>[B] (+1) +0.452205882<x65>[B] (+1) -0.452205882<x66>[B] (+1) -0.452205882<x67>[B] (+1) -0.452205882<x68>[B] (+1) -0.452205882<x69>[B] (+1) -0.452205882<x70>[B] (+1) +0.452205882<x71>[B] (+1) +0.452205882<x72>[B] (+1) +0.452205882<x73>[B] (+1) +0.452205882<x74>[B] (+1) +0.452205882<x75>[B] (+1) +0.452205882<x76>[B] (+1) +0.452205882<x77>[B] (+1) -0.452205882<x78>[B] (+1) +0.452205882<x79>[B] (+1) +0.452205882<x80>[B] (+1) +0.452205882<x81>[B] (+1) +0.452205882<x82>[B] (+1) +0.452205882<x83>[B] (+1) +0.452205882<x84>[B] (+1) -0.452205882<x85>[B] (+1) +0.452205882<x86>[B] (+1) +0.452205882<x87>[B] (+1) -0.452205882<x88>[B] (+1) +0.452205882<x89>[B] (+1) +0.452205882<x90>[B] (+1) +0.452205882<x91>[B] (+1) -0.452205882<x92>[B] (+1) -0.452205882<x93>[B] (+1) -0.452205882<x94>[B] (+1) -0.452205882<x95>[B] (+1) -0.452205882<x96>[B] (+1) -0.452205882<x97>[B] (+1) -0.452205882<x98>[B] (+1) -0.452205882<x99>[B] (+1) -0.452205882<x100>[B] (+1) +0.452205882<x101>[B] (+1) -0.452205882<x102>[B] (+1) +0.452205882<x103>[B] (+1) +0.452205882<x104>[B] (+1) -0.452205882<x105>[B] (+1) +0.452205882<x106>[B] (+1) +0.452205882<x107>[B] (+1) +0.452205882<x108>[B] (+1) -0.452205882<x109>[B] (+1) +0.452205882<x110>[B] (+1) -0.452205882<x111>[B] (+1) -0.452205882<x112>[B] (+1) -0.452205882<x113>[B] (+1) -0.452205882<x114>[B] (+1) -0.452205882<x115>[B] (+1) +0.452205882<x116>[B] (+1) +0.452205882<x117>[B] (+1) -0.452205882<x118>[B] (+1) +0.452205882<x119>[B] (+1) +0.452205882<x120>[B] (+1) +0.452205882<x121>[B] (+1) -0.452205882<x122>[B] (+1) -0.452205882<x123>[B] (+1) -0.452205882<x124>[B] (+1) -0.452205882<x125>[B] (+1) -0.452205882<x126>[B] (+1) -0.452205882<x127>[B] (+1) +0.452205882<x128>[B] (+1) +0.452205882<x129>[B] (+1) +0.452205882<x130>[B] (+1) +0.452205882<x131>[B] (+1) +0.452205882<x132>[B] (+1) +0.452205882<x133>[B] (+1) +0.452205882<x134>[B] (+1) +0.452205882<x135>[B] (+1) +0.452205882<x136>[B] (+1) >= 16.8455882352941;
;
violation: left hand side is violated by 16.8455882352941
  [linear] <c1361>: <x137>[C] (+0) +0.452205882<x1>[B] (+0) +0.452205882<x2>[B] (+0) +0.452205882<x3>[B] (+0) +0.452205882<x4>[B] (+0) -0.452205882<x5>[B] (+0) -0.452205882<x6>[B] (+0) +0.452205882<x7>[B] (+0) +0.452205882<x8>[B] (+0) +0.452205882<x9>[B] (+0) -0.452205882<x10>[B] (+0) +0.452205882<x11>[B] (+0) +0.452205882<x12>[B] (+0) -0.452205882<x13>[B] (+0) +0.452205882<x14>[B] (+0) +0.452205882<x15>[B] (+0) +0.452205882<x16>[B] (+0) -0.452205882<x17>[B] (+0) -0.452205882<x18>[B] (+0) -0.452205882<x19>[B] (+0) -0.452205882<x20>[B] (+0) -0.452205882<x21>[B] (+0) +0.452205882<x22>[B] (+0) -0.452205882<x23>[B] (+0) +0.452205882<x24>[B] (+0) -0.452205882<x25>[B] (+0) +0.452205882<x26>[B] (+0) -0.452205882<x27>[B] (+0) -0.452205882<x28>[B] (+0) -0.452205882<x29>[B] (+0) -0.452205882<x30>[B] (+0) -0.452205882<x31>[B] (+0) -0.452205882<x32>[B] (+0) +0.452205882<x33>[B] (+0) -0.452205882<x34>[B] (+0) -0.452205882<x35>[B] (+0) +0.452205882<x36>[B] (+0) -0.452205882<x37>[B] (+0) +0.452205882<x38>[B] (+0) -0.452205882<x39>[B] (+0) +0.452205882<x40>[B] (+0) -0.452205882<x41>[B] (+0) -0.452205882<x42>[B] (+0) -0.452205882<x43>[B] (+0) -0.452205882<x44>[B] (+0) -0.452205882<x45>[B] (+0) +0.452205882<x46>[B] (+0) -0.452205882<x47>[B] (+0) -0.452205882<x48>[B] (+0) +0.452205882<x49>[B] (+0) -0.452205882<x50>[B] (+0) +0.452205882<x51>[B] (+0) -0.452205882<x52>[B] (+0) +0.452205882<x53>[B] (+0) -0.452205882<x54>[B] (+0) -0.452205882<x55>[B] (+0) +0.452205882<x56>[B] (+0) +0.452205882<x57>[B] (+0) +0.452205882<x58>[B] (+0) -0.452205882<x59>[B] (+0) -0.452205882<x60>[B] (+0) +0.452205882<x61>[B] (+0) -0.452205882<x62>[B] (+0) +0.452205882<x63>[B] (+0) -0.452205882<x64>[B] (+0) +0.452205882<x65>[B] (+0) -0.452205882<x66>[B] (+0) -0.452205882<x67>[B] (+0) -0.452205882<x68>[B] (+0) -0.452205882<x69>[B] (+0) -0.452205882<x70>[B] (+0) +0.452205882<x71>[B] (+0) +0.452205882<x72>[B] (+0) +0.452205882<x73>[B] (+0) +0.452205882<x74>[B] (+0) +0.452205882<x75>[B] (+0) +0.452205882<x76>[B] (+0) +0.452205882<x77>[B] (+0) -0.452205882<x78>[B] (+0) +0.452205882<x79>[B] (+0) +0.452205882<x80>[B] (+0) +0.452205882<x81>[B] (+0) +0.452205882<x82>[B] (+0) +0.452205882<x83>[B] (+0) +0.452205882<x84>[B] (+0) -0.452205882<x85>[B] (+0) +0.452205882<x86>[B] (+0) +0.452205882<x87>[B] (+0) -0.452205882<x88>[B] (+0) +0.452205882<x89>[B] (+0) +0.452205882<x90>[B] (+0) +0.452205882<x91>[B] (+0) -0.452205882<x92>[B] (+0) -0.452205882<x93>[B] (+0) -0.452205882<x94>[B] (+0) -0.452205882<x95>[B] (+0) -0.452205882<x96>[B] (+0) -0.452205882<x97>[B] (+0) -0.452205882<x98>[B] (+0) -0.452205882<x99>[B] (+0) -0.452205882<x100>[B] (+0) +0.452205882<x101>[B] (+0) -0.452205882<x102>[B] (+0) +0.452205882<x103>[B] (+0) +0.452205882<x104>[B] (+0) -0.452205882<x105>[B] (+0) +0.452205882<x106>[B] (+0) +0.452205882<x107>[B] (+0) +0.452205882<x108>[B] (+0) -0.452205882<x109>[B] (+0) +0.452205882<x110>[B] (+0) -0.452205882<x111>[B] (+0) -0.452205882<x112>[B] (+0) -0.452205882<x113>[B] (+0) -0.452205882<x114>[B] (+0) -0.452205882<x115>[B] (+0) +0.452205882<x116>[B] (+0) +0.452205882<x117>[B] (+0) -0.452205882<x118>[B] (+0) +0.452205882<x119>[B] (+0) +0.452205882<x120>[B] (+0) +0.452205882<x121>[B] (+0) -0.452205882<x122>[B] (+0) -0.452205882<x123>[B] (+0) -0.452205882<x124>[B] (+0) -0.452205882<x125>[B] (+0) -0.452205882<x126>[B] (+0) -0.452205882<x127>[B] (+0) +0.452205882<x128>[B] (+0) +0.452205882<x129>[B] (+0) +0.452205882<x130>[B] (+0) +0.452205882<x131>[B] (+0) +0.452205882<x132>[B] (+0) +0.452205882<x133>[B] (+0) +0.452205882<x134>[B] (+0) +0.452205882<x135>[B] (+0) +0.452205882<x136>[B] (+0) >= 16.8455882352941;
;
violation: left hand side is violated by 16.8455882352941
1/6 feasible solution given by solution candidate storage, new primal bound -2.000000e+06

presolving:
   (0.0s) symmetry computation started: requiring (bin +, int +, cont +), (fixed: bin -, int -, cont -)
   (0.0s) no symmetry present (symcode time: 0.00)
presolving (0 rounds: 0 fast, 0 medium, 0 exhaustive):
 0 deleted vars, 0 deleted constraints, 0 added constraints, 0 tightened bounds, 0 added holes, 0 changed sides, 0 changed coefficients
 0 implications, 0 cliques, 0 implied integral variables (0 bin, 0 int, 0 cont)
presolved problem has 156 variables (136 bin, 0 int, 20 cont) and 1380 constraints
   1380 constraints of type <linear>
Presolving Time: 0.00
transformed 1/1 original solutions to the transformed problem space

 time | node  | left  |LP iter|LP it/n|mem/heur|mdpt |vars |cons |rows |cuts |sepa|confs|strbr|  dualbound   | primalbound  |  gap   | compl. 
p 0.0s|     1 |     0 |     0 |     - |   locks|   0 | 156 |1380 |1380 |   0 |  0 |   0 |   0 | 2.140000e+02 |-3.894412e+02 |    Inf | unknown
* 0.0s|     1 |     0 |   185 |     - |    LP  |   0 | 156 |1380 |1380 |   0 |  0 |   0 |   0 |-2.501838e+02 |-2.501838e+02 |   0.00%| unknown
  0.0s|     1 |     0 |   185 |     - |  8594k |   0 | 156 |1380 |1380 |   0 |  0 |   0 |   0 |-2.501838e+02 |-2.501838e+02 |   0.00%| unknown

SCIP Status        : problem is solved [optimal solution found]
Solving Time (sec) : 0.01
Solving Nodes      : 1
Primal Bound       : -2.50183823529412e+02 (4 solutions)
Dual Bound         : -2.50183823529412e+02
Gap                : 0.00 %
  [linear] <c1381>: <x137>[C] (+15.0367647) +0.466911765<x1>[B] (+1) +0.466911765<x2>[B] (+0) +0.466911765<x3>[B] (+0) +0.466911765<x4>[B] (+1) -0.466911765<x5>[B] (+1) -0.466911765<x6>[B] (+1) +0.466911765<x7>[B] (+1) +0.466911765<x8>[B] (+1) +0.466911765<x9>[B] (+0) -0.466911765<x10>[B] (+1) +0.466911765<x11>[B] (+1) +0.466911765<x12>[B] (+1) -0.466911765<x13>[B] (+1) +0.466911765<x14>[B] (+0) +0.466911765<x15>[B] (+0) +0.466911765<x16>[B] (+1) -0.466911765<x17>[B] (+0) -0.466911765<x18>[B] (+0) -0.466911765<x19>[B] (+1) -0.466911765<x20>[B] (+0) -0.466911765<x21>[B] (+0) +0.466911765<x22>[B] (+1) -0.466911765<x23>[B] (+1) +0.466911765<x24>[B] (+0) -0.466911765<x25>[B] (+0) +0.466911765<x26>[B] (+1) -0.466911765<x27>[B] (+0) -0.466911765<x28>[B] (+0) -0.466911765<x29>[B] (+0) -0.466911765<x30>[B] (+0) -0.466911765<x31>[B] (+1) -0.466911765<x32>[B] (+1) +0.466911765<x33>[B] (+1) -0.466911765<x34>[B] (+1) -0.466911765<x35>[B] (+1) +0.466911765<x36>[B] (+1) -0.466911765<x37>[B] (+1) +0.466911765<x38>[B] (+0) -0.466911765<x39>[B] (+1) +0.466911765<x40>[B] (+1) -0.466911765<x41>[B] (+1) -0.466911765<x42>[B] (+1) -0.466911765<x43>[B] (+0) -0.466911765<x44>[B] (+1) -0.466911765<x45>[B] (+1) +0.466911765<x46>[B] (+1) -0.466911765<x47>[B] (+1) -0.466911765<x48>[B] (+1) +0.466911765<x49>[B] (+1) -0.466911765<x50>[B] (+1) +0.466911765<x51>[B] (+0) -0.466911765<x52>[B] (+1) +0.466911765<x53>[B] (+1) -0.466911765<x54>[B] (+1) -0.466911765<x55>[B] (+1) +0.466911765<x56>[B] (+0) +0.466911765<x57>[B] (+1) +0.466911765<x58>[B] (+1) -0.466911765<x59>[B] (+0) -0.466911765<x60>[B] (+0) +0.466911765<x61>[B] (+1) -0.466911765<x62>[B] (+1) +0.466911765<x63>[B] (+0) -0.466911765<x64>[B] (+0) +0.466911765<x65>[B] (+1) -0.466911765<x66>[B] (+0) -0.466911765<x67>[B] (+0) -0.466911765<x68>[B] (+0) -0.466911765<x69>[B] (+0) -0.466911765<x70>[B] (+0) +0.466911765<x71>[B] (+0) +0.466911765<x72>[B] (+1) +0.466911765<x73>[B] (+1) +0.466911765<x74>[B] (+0) +0.466911765<x75>[B] (+0) +0.466911765<x76>[B] (+1) +0.466911765<x77>[B] (+0) -0.466911765<x78>[B] (+0) +0.466911765<x79>[B] (+0) +0.466911765<x80>[B] (+0) +0.466911765<x81>[B] (+1) +0.466911765<x82>[B] (+1) +0.466911765<x83>[B] (+1) +0.466911765<x84>[B] (+0) -0.466911765<x85>[B] (+1) +0.466911765<x86>[B] (+1) +0.466911765<x87>[B] (+1) -0.466911765<x88>[B] (+1) +0.466911765<x89>[B] (+0) +0.466911765<x90>[B] (+0) +0.466911765<x91>[B] (+1) -0.466911765<x92>[B] (+0) -0.466911765<x93>[B] (+0) -0.466911765<x94>[B] (+0) -0.466911765<x95>[B] (+1) -0.466911765<x96>[B] (+0) -0.466911765<x97>[B] (+0) -0.466911765<x98>[B] (+0) -0.466911765<x99>[B] (+0) -0.466911765<x100>[B] (+0) +0.466911765<x101>[B] (+0) -0.466911765<x102>[B] (+0) +0.466911765<x103>[B] (+1) +0.466911765<x104>[B] (+0) -0.466911765<x105>[B] (+0) +0.466911765<x106>[B] (+0) +0.466911765<x107>[B] (+0) +0.466911765<x108>[B] (+0) -0.466911765<x109>[B] (+1) +0.466911765<x110>[B] (+1) -0.466911765<x111>[B] (+1) -0.466911765<x112>[B] (+1) -0.466911765<x113>[B] (+0) -0.466911765<x114>[B] (+1) -0.466911765<x115>[B] (+1) +0.466911765<x116>[B] (+1) +0.466911765<x117>[B] (+0) -0.466911765<x118>[B] (+1) +0.466911765<x119>[B] (+0) +0.466911765<x120>[B] (+0) +0.466911765<x121>[B] (+1) -0.466911765<x122>[B] (+0) -0.466911765<x123>[B] (+0) -0.466911765<x124>[B] (+0) -0.466911765<x125>[B] (+0) -0.466911765<x126>[B] (+0) -0.466911765<x127>[B] (+1) +0.466911765<x128>[B] (+0) +0.466911765<x129>[B] (+0) +0.466911765<x130>[B] (+1) +0.466911765<x131>[B] (+0) +0.466911765<x132>[B] (+0) +0.466911765<x133>[B] (+1) +0.466911765<x134>[B] (+1) +0.466911765<x135>[B] (+1) +0.466911765<x136>[B] (+1) >= 16.9264705882353;
;
violation: left hand side is violated by 0.022058823529413
  [linear] <c1381>: <x137>[C] (+24.9852941) +0.466911765<x1>[B] (+0) +0.466911765<x2>[B] (+1) +0.466911765<x3>[B] (+1) +0.466911765<x4>[B] (+0) -0.466911765<x5>[B] (+0) -0.466911765<x6>[B] (+1) +0.466911765<x7>[B] (+0) +0.466911765<x8>[B] (+0) +0.466911765<x9>[B] (+1) -0.466911765<x10>[B] (+1) +0.466911765<x11>[B] (+0) +0.466911765<x12>[B] (+1) -0.466911765<x13>[B] (+1) +0.466911765<x14>[B] (+1) +0.466911765<x15>[B] (+1) +0.466911765<x16>[B] (+0) -0.466911765<x17>[B] (+1) -0.466911765<x18>[B] (+1) -0.466911765<x19>[B] (+1) -0.466911765<x20>[B] (+1) -0.466911765<x21>[B] (+1) +0.466911765<x22>[B] (+0) -0.466911765<x23>[B] (+1) +0.466911765<x24>[B] (+1) -0.466911765<x25>[B] (+1) +0.466911765<x26>[B] (+0) -0.466911765<x27>[B] (+1) -0.466911765<x28>[B] (+1) -0.466911765<x29>[B] (+1) -0.466911765<x30>[B] (+1) -0.466911765<x31>[B] (+1) -0.466911765<x32>[B] (+0) +0.466911765<x33>[B] (+0) -0.466911765<x34>[B] (+0) -0.466911765<x35>[B] (+0) +0.466911765<x36>[B] (+0) -0.466911765<x37>[B] (+0) +0.466911765<x38>[B] (+1) -0.466911765<x39>[B] (+1) +0.466911765<x40>[B] (+0) -0.466911765<x41>[B] (+0) -0.466911765<x42>[B] (+0) -0.466911765<x43>[B] (+1) -0.466911765<x44>[B] (+0) -0.466911765<x45>[B] (+0) +0.466911765<x46>[B] (+0) -0.466911765<x47>[B] (+0) -0.466911765<x48>[B] (+0) +0.466911765<x49>[B] (+0) -0.466911765<x50>[B] (+0) +0.466911765<x51>[B] (+1) -0.466911765<x52>[B] (+1) +0.466911765<x53>[B] (+0) -0.466911765<x54>[B] (+0) -0.466911765<x55>[B] (+1) +0.466911765<x56>[B] (+1) +0.466911765<x57>[B] (+0) +0.466911765<x58>[B] (+0) -0.466911765<x59>[B] (+1) -0.466911765<x60>[B] (+1) +0.466911765<x61>[B] (+0) -0.466911765<x62>[B] (+0) +0.466911765<x63>[B] (+1) -0.466911765<x64>[B] (+1) +0.466911765<x65>[B] (+0) -0.466911765<x66>[B] (+1) -0.466911765<x67>[B] (+1) -0.466911765<x68>[B] (+1) -0.466911765<x69>[B] (+1) -0.466911765<x70>[B] (+1) +0.466911765<x71>[B] (+1) +0.466911765<x72>[B] (+0) +0.466911765<x73>[B] (+0) +0.466911765<x74>[B] (+1) +0.466911765<x75>[B] (+1) +0.466911765<x76>[B] (+0) +0.466911765<x77>[B] (+1) -0.466911765<x78>[B] (+1) +0.466911765<x79>[B] (+1) +0.466911765<x80>[B] (+1) +0.466911765<x81>[B] (+0) +0.466911765<x82>[B] (+0) +0.466911765<x83>[B] (+0) +0.466911765<x84>[B] (+1) -0.466911765<x85>[B] (+1) +0.466911765<x86>[B] (+0) +0.466911765<x87>[B] (+0) -0.466911765<x88>[B] (+1) +0.466911765<x89>[B] (+1) +0.466911765<x90>[B] (+1) +0.466911765<x91>[B] (+0) -0.466911765<x92>[B] (+1) -0.466911765<x93>[B] (+1) -0.466911765<x94>[B] (+1) -0.466911765<x95>[B] (+0) -0.466911765<x96>[B] (+1) -0.466911765<x97>[B] (+1) -0.466911765<x98>[B] (+1) -0.466911765<x99>[B] (+1) -0.466911765<x100>[B] (+1) +0.466911765<x101>[B] (+1) -0.466911765<x102>[B] (+1) +0.466911765<x103>[B] (+0) +0.466911765<x104>[B] (+1) -0.466911765<x105>[B] (+1) +0.466911765<x106>[B] (+1) +0.466911765<x107>[B] (+1) +0.466911765<x108>[B] (+1) -0.466911765<x109>[B] (+0) +0.466911765<x110>[B] (+0) -0.466911765<x111>[B] (+0) -0.466911765<x112>[B] (+0) -0.466911765<x113>[B] (+1) -0.466911765<x114>[B] (+0) -0.466911765<x115>[B] (+0) +0.466911765<x116>[B] (+0) +0.466911765<x117>[B] (+0) -0.466911765<x118>[B] (+0) +0.466911765<x119>[B] (+1) +0.466911765<x120>[B] (+0) +0.466911765<x121>[B] (+0) -0.466911765<x122>[B] (+1) -0.466911765<x123>[B] (+1) -0.466911765<x124>[B] (+1) -0.466911765<x125>[B] (+1) -0.466911765<x126>[B] (+1) -0.466911765<x127>[B] (+1) +0.466911765<x128>[B] (+1) +0.466911765<x129>[B] (+1) +0.466911765<x130>[B] (+0) +0.466911765<x131>[B] (+1) +0.466911765<x132>[B] (+0) +0.466911765<x133>[B] (+0) +0.466911765<x134>[B] (+0) +0.466911765<x135>[B] (+0) +0.466911765<x136>[B] (+0) >= 16.9264705882353;
;
violation: left hand side is violated by 0.345588235294148
2/4 feasible solutions given by solution candidate storage, new primal bound -2.000000e+06

presolving:
   (0.0s) symmetry computation started: requiring (bin +, int +, cont +), (fixed: bin -, int -, cont -)
   (0.0s) no symmetry present (symcode time: 0.00)
presolving (0 rounds: 0 fast, 0 medium, 0 exhaustive):
 0 deleted vars, 0 deleted constraints, 0 added constraints, 0 tightened bounds, 0 added holes, 0 changed sides, 0 changed coefficients
 0 implications, 0 cliques, 0 implied integral variables (0 bin, 0 int, 0 cont)
presolved problem has 156 variables (136 bin, 0 int, 20 cont) and 1400 constraints
   1400 constraints of type <linear>
Presolving Time: 0.00
transformed 2/2 original solutions to the transformed problem space

 time | node  | left  |LP iter|LP it/n|mem/heur|mdpt |vars |cons |rows |cuts |sepa|confs|strbr|  dualbound   | primalbound  |  gap   | compl. 
p 0.0s|     1 |     0 |     3 |     - |   locks|   0 | 156 |1400 |1400 |   0 |  0 |   0 |   0 | 2.140000e+02 |-4.097500e+02 |    Inf | unknown
  0.0s|     1 |     0 |   259 |     - |  9780k |   0 | 156 |1400 |1400 |   0 |  0 |   0 |   0 |-2.519145e+02 |-4.097500e+02 |  62.65%| unknown
r 0.0s|     1 |     0 |   259 |     - |shifting|   0 | 156 |1400 |1400 |   0 |  0 |   0 |   0 |-2.519145e+02 |-2.561847e+02 |   1.70%| unknown
  0.0s|     1 |     0 |   260 |     - |    10M |   0 | 156 |1400 |1401 |   1 |  1 |   0 |   0 |-2.519246e+02 |-2.561847e+02 |   1.69%| unknown
  0.0s|     1 |     0 |   260 |     - |    10M |   0 | 156 |1400 |1401 |   1 |  1 |   0 |   0 |-2.519246e+02 |-2.561847e+02 |   1.69%| unknown
  0.0s|     1 |     0 |   278 |     - |    10M |   0 | 156 |1400 |1402 |   2 |  2 |   0 |   0 |-2.519521e+02 |-2.561847e+02 |   1.68%| unknown
  0.0s|     1 |     0 |   293 |     - |    10M |   0 | 156 |1400 |1403 |   3 |  3 |   0 |   0 |-2.519801e+02 |-2.561847e+02 |   1.67%| unknown
  0.1s|     1 |     0 |   295 |     - |    10M |   0 | 156 |1400 |1404 |   4 |  4 |   0 |   0 |-2.519810e+02 |-2.561847e+02 |   1.67%| unknown
  0.1s|     1 |     0 |   312 |     - |    11M |   0 | 156 |1400 |1405 |   5 |  5 |   0 |   0 |-2.519926e+02 |-2.561847e+02 |   1.66%| unknown
d 0.1s|     1 |     0 |   312 |     - |farkasdi|   0 | 156 |1400 |1405 |   0 |  6 |   0 |   0 |-2.519926e+02 |-2.519926e+02 |   0.00%| unknown
  0.1s|     1 |     0 |   312 |     - |    11M |   0 | 156 |1400 |1405 |   5 |  6 |   0 |   0 |-2.519926e+02 |-2.519926e+02 |   0.00%| unknown

SCIP Status        : problem is solved [optimal solution found]
Solving Time (sec) : 0.06
Solving Nodes      : 1
Primal Bound       : -2.51992647058824e+02 (9 solutions)
Dual Bound         : -2.51992647058824e+02
Gap                : 0.00 %
  [linear] <c1401>: <x138>[C] (+10.7132353) +0.393382353<x1>[B] (+1) -0.393382353<x2>[B] (+0) -0.393382353<x3>[B] (+0) +0.393382353<x4>[B] (+1) +0.393382353<x5>[B] (+1) +0.393382353<x6>[B] (+1) -0.393382353<x7>[B] (+1) -0.393382353<x8>[B] (+1) +0.393382353<x9>[B] (+0) -0.393382353<x10>[B] (+1) +0.393382353<x11>[B] (+1) -0.393382353<x12>[B] (+0) -0.393382353<x13>[B] (+1) +0.393382353<x14>[B] (+0) +0.393382353<x15>[B] (+1) +0.393382353<x16>[B] (+1) -0.393382353<x17>[B] (+0) -0.393382353<x18>[B] (+0) +0.393382353<x19>[B] (+1) +0.393382353<x20>[B] (+0) -0.393382353<x21>[B] (+0) -0.393382353<x22>[B] (+1) -0.393382353<x23>[B] (+1) -0.393382353<x24>[B] (+0) -0.393382353<x25>[B] (+0) +0.393382353<x26>[B] (+1) -0.393382353<x27>[B] (+0) -0.393382353<x28>[B] (+6.93678346e-14) -0.393382353<x29>[B] (+0) +0.393382353<x30>[B] (+0) +0.393382353<x31>[B] (+1) -0.393382353<x32>[B] (+1) +0.393382353<x33>[B] (+1) +0.393382353<x34>[B] (+1) +0.393382353<x35>[B] (+1) -0.393382353<x36>[B] (+1) -0.393382353<x37>[B] (+1) +0.393382353<x38>[B] (+0) -0.393382353<x39>[B] (+1) +0.393382353<x40>[B] (+1) +0.393382353<x41>[B] (+1) -0.393382353<x42>[B] (+1) +0.393382353<x43>[B] (+0) +0.393382353<x44>[B] (+1) +0.393382353<x45>[B] (+1) +0.393382353<x46>[B] (+1) +0.393382353<x47>[B] (+1) +0.393382353<x48>[B] (+1) +0.393382353<x49>[B] (+1) +0.393382353<x50>[B] (+1) +0.393382353<x51>[B] (+0) +0.393382353<x52>[B] (+1) +0.393382353<x53>[B] (+1) +0.393382353<x54>[B] (+1) +0.393382353<x55>[B] (+1) +0.393382353<x56>[B] (+0) +0.393382353<x57>[B] (+1) +0.393382353<x58>[B] (+1) -0.393382353<x59>[B] (+0) -0.393382353<x60>[B] (+0) -0.393382353<x61>[B] (+1) -0.393382353<x62>[B] (+1) -0.393382353<x63>[B] (+0) -0.393382353<x64>[B] (+0) -0.393382353<x65>[B] (+1) -0.393382353<x66>[B] (+0) -0.393382353<x67>[B] (+6.93678346e-14) -0.393382353<x68>[B] (+0) -0.393382353<x69>[B] (+0) -0.393382353<x70>[B] (+0) -0.393382353<x71>[B] (+0) -0.393382353<x72>[B] (+1) -0.393382353<x73>[B] (+1) -0.393382353<x74>[B] (+0) -0.393382353<x75>[B] (+0) -0.393382353<x76>[B] (+1) -0.393382353<x77>[B] (+0) -0.393382353<x78>[B] (+6.93678346e-14) -0.393382353<x79>[B] (+0) -0.393382353<x80>[B] (+0) -0.393382353<x81>[B] (+1) -0.393382353<x82>[B] (+1) -0.393382353<x83>[B] (+1) -0.393382353<x84>[B] (+0) -0.393382353<x85>[B] (+1) +0.393382353<x86>[B] (+1) -0.393382353<x87>[B] (+0) -0.393382353<x88>[B] (+1) +0.393382353<x89>[B] (+0) +0.393382353<x90>[B] (+1) +0.393382353<x91>[B] (+1) +0.393382353<x92>[B] (+0) +0.393382353<x93>[B] (+0) -0.393382353<x94>[B] (+0) +0.393382353<x95>[B] (+1) +0.393382353<x96>[B] (+0) -0.393382353<x97>[B] (+0) +0.393382353<x98>[B] (+0) +0.393382353<x99>[B] (+0) +0.393382353<x100>[B] (+0) +0.393382353<x101>[B] (+0) -0.393382353<x102>[B] (+0) +0.393382353<x103>[B] (+1) +0.393382353<x104>[B] (+0) -0.393382353<x105>[B] (+6.93678346e-14) +0.393382353<x106>[B] (+0) +0.393382353<x107>[B] (+0) +0.393382353<x108>[B] (+0) -0.393382353<x109>[B] (+1) +0.393382353<x110>[B] (+1) -0.393382353<x111>[B] (+1) -0.393382353<x112>[B] (+1) +0.393382353<x113>[B] (+0) +0.393382353<x114>[B] (+1) +0.393382353<x115>[B] (+1) +0.393382353<x116>[B] (+1) +0.393382353<x117>[B] (+0) -0.393382353<x118>[B] (+1) +0.393382353<x119>[B] (+0) +0.393382353<x120>[B] (+1) +0.393382353<x121>[B] (+1) -0.393382353<x122>[B] (+0) -0.393382353<x123>[B] (+0) -0.393382353<x124>[B] (+0) +0.393382353<x125>[B] (+0) -0.393382353<x126>[B] (+0) -0.393382353<x127>[B] (+1) +0.393382353<x128>[B] (+0) +0.393382353<x129>[B] (+1) +0.393382353<x130>[B] (+1) +0.393382353<x131>[B] (+0) +0.393382353<x132>[B] (+1) +0.393382353<x133>[B] (+1) +0.393382353<x134>[B] (+1) +0.393382353<x135>[B] (+1) -0.393382353<x136>[B] (+1) >= 17.4080882352941;
;
violation: left hand side is violated by 0.00735294117648877
  [linear] <c1405>: <x143>[C] (+29.7573529) +0.658088235<x1>[B] (+1) -0.658088235<x2>[B] (+0) -0.658088235<x3>[B] (+0) -0.658088235<x4>[B] (+1) +0.658088235<x5>[B] (+1) -0.658088235<x6>[B] (+1) -0.658088235<x7>[B] (+1) -0.658088235<x8>[B] (+1) -0.658088235<x9>[B] (+0) +0.658088235<x10>[B] (+1) -0.658088235<x11>[B] (+1) +0.658088235<x12>[B] (-1.00808251e-13) -0.658088235<x13>[B] (+1) +0.658088235<x14>[B] (+0) -0.658088235<x15>[B] (+1) -0.658088235<x16>[B] (+1) -0.658088235<x17>[B] (+0) -0.658088235<x18>[B] (+0) -0.658088235<x19>[B] (+1) +0.658088235<x20>[B] (+0) -0.658088235<x21>[B] (+0) -0.658088235<x22>[B] (+1) -0.658088235<x23>[B] (+1) -0.658088235<x24>[B] (+0) +0.658088235<x25>[B] (+0) -0.658088235<x26>[B] (+1) +0.658088235<x27>[B] (-2.01320442e-14) -0.658088235<x28>[B] (-2.01320442e-14) +0.658088235<x29>[B] (+0) -0.658088235<x30>[B] (+0) -0.658088235<x31>[B] (+1) -0.658088235<x32>[B] (+1) -0.658088235<x33>[B] (+1) +0.658088235<x34>[B] (+1) -0.658088235<x35>[B] (+1) -0.658088235<x36>[B] (+1) -0.658088235<x37>[B] (+1) -0.658088235<x38>[B] (+0) +0.658088235<x39>[B] (+1) -0.658088235<x40>[B] (+1) +0.658088235<x41>[B] (+1) -0.658088235<x42>[B] (+1) +0.658088235<x43>[B] (+0) -0.658088235<x44>[B] (+1) -0.658088235<x45>[B] (+1) +0.658088235<x46>[B] (+1) +0.658088235<x47>[B] (+1) +0.658088235<x48>[B] (+1) +0.658088235<x49>[B] (+1) +0.658088235<x50>[B] (+1) +0.658088235<x51>[B] (+0) +0.658088235<x52>[B] (+1) -0.658088235<x53>[B] (+1) +0.658088235<x54>[B] (+1) +0.658088235<x55>[B] (+1) +0.658088235<x56>[B] (+0) +0.658088235<x57>[B] (+1) +0.658088235<x58>[B] (+1) +0.658088235<x59>[B] (+0) -0.658088235<x60>[B] (+0) -0.658088235<x61>[B] (+1) -0.658088235<x62>[B] (+1) +0.658088235<x63>[B] (+0) +0.658088235<x64>[B] (+0) -0.658088235<x65>[B] (+1) +0.658088235<x66>[B] (+0) -0.658088235<x67>[B] (-2.01320442e-14) +0.658088235<x68>[B] (+0) -0.658088235<x69>[B] (+0) -0.658088235<x70>[B] (+0) -0.658088235<x71>[B] (+0) -0.658088235<x72>[B] (+1) -0.658088235<x73>[B] (+1) -0.658088235<x74>[B] (+0) +0.658088235<x75>[B] (+0) -0.658088235<x76>[B] (+1) +0.658088235<x77>[B] (+0) -0.658088235<x78>[B] (-2.01320442e-14) -0.658088235<x79>[B] (+0) -0.658088235<x80>[B] (+0) -0.658088235<x81>[B] (+1) -0.658088235<x82>[B] (+1) +0.658088235<x83>[B] (+1) +0.658088235<x84>[B] (+0) +0.658088235<x85>[B] (+1) -0.658088235<x86>[B] (+1) +0.658088235<x87>[B] (-1.00808251e-13) +0.658088235<x88>[B] (+1) +0.658088235<x89>[B] (+0) +0.658088235<x90>[B] (+1) -0.658088235<x91>[B] (+1) +0.658088235<x92>[B] (+0) +0.658088235<x93>[B] (+0) +0.658088235<x94>[B] (+0) -0.658088235<x95>[B] (+1) +0.658088235<x96>[B] (+0) +0.658088235<x97>[B] (+0) +0.658088235<x98>[B] (+0) +0.658088235<x99>[B] (+0) +0.658088235<x100>[B] (+0) +0.658088235<x101>[B] (+0) +0.658088235<x102>[B] (+0) -0.658088235<x103>[B] (+1) +0.658088235<x104>[B] (+0) -0.658088235<x105>[B] (-2.01320442e-14) +0.658088235<x106>[B] (+0) -0.658088235<x107>[B] (+0) -0.658088235<x108>[B] (+0) +0.658088235<x109>[B] (+1) -0.658088235<x110>[B] (+1) +0.658088235<x111>[B] (+1) -0.658088235<x112>[B] (+1) +0.658088235<x113>[B] (+0) -0.658088235<x114>[B] (+1) -0.658088235<x115>[B] (+1) -0.658088235<x116>[B] (+1) +0.658088235<x117>[B] (+0) -0.658088235<x118>[B] (+1) -0.658088235<x119>[B] (+0) -0.658088235<x120>[B] (+1) -0.658088235<x121>[B] (+1) +0.658088235<x122>[B] (+0) +0.658088235<x123>[B] (+0) +0.658088235<x124>[B] (+0) +0.658088235<x125>[B] (+0) +0.658088235<x126>[B] (+0) -0.658088235<x127>[B] (+1) -0.658088235<x128>[B] (+0) -0.658088235<x129>[B] (+1) -0.658088235<x130>[B] (+1) +0.658088235<x131>[B] (+0) -0.658088235<x132>[B] (+1) -0.658088235<x133>[B] (+1) -0.658088235<x134>[B] (+1) -0.658088235<x135>[B] (+1) -0.658088235<x136>[B] (+1) >= 10.6948529411765;
;
violation: left hand side is violated by 0.0220588235293704
  [linear] <c1405>: <x143>[C] (+29.7573529) +0.658088235<x1>[B] (+1) -0.658088235<x2>[B] (+0) -0.658088235<x3>[B] (+0) -0.658088235<x4>[B] (+1) +0.658088235<x5>[B] (+1) -0.658088235<x6>[B] (+1) -0.658088235<x7>[B] (+1) -0.658088235<x8>[B] (+1) -0.658088235<x9>[B] (+0) +0.658088235<x10>[B] (+1) -0.658088235<x11>[B] (+1) +0.658088235<x12>[B] (+0) -0.658088235<x13>[B] (+1) +0.658088235<x14>[B] (+0) -0.658088235<x15>[B] (+1) -0.658088235<x16>[B] (+1) -0.658088235<x17>[B] (+0) -0.658088235<x18>[B] (+0) -0.658088235<x19>[B] (+1) +0.658088235<x20>[B] (+0) -0.658088235<x21>[B] (+0) -0.658088235<x22>[B] (+1) -0.658088235<x23>[B] (+1) -0.658088235<x24>[B] (+0) +0.658088235<x25>[B] (+0) -0.658088235<x26>[B] (+1) +0.658088235<x27>[B] (+0) -0.658088235<x28>[B] (+0) +0.658088235<x29>[B] (+0) -0.658088235<x30>[B] (+0) -0.658088235<x31>[B] (+1) -0.658088235<x32>[B] (+1) -0.658088235<x33>[B] (+1) +0.658088235<x34>[B] (+1) -0.658088235<x35>[B] (+1) -0.658088235<x36>[B] (+1) -0.658088235<x37>[B] (+1) -0.658088235<x38>[B] (+0) +0.658088235<x39>[B] (+1) -0.658088235<x40>[B] (+1) +0.658088235<x41>[B] (+1) -0.658088235<x42>[B] (+1) +0.658088235<x43>[B] (+0) -0.658088235<x44>[B] (+1) -0.658088235<x45>[B] (+1) +0.658088235<x46>[B] (+1) +0.658088235<x47>[B] (+1) +0.658088235<x48>[B] (+1) +0.658088235<x49>[B] (+1) +0.658088235<x50>[B] (+1) +0.658088235<x51>[B] (+0) +0.658088235<x52>[B] (+1) -0.658088235<x53>[B] (+1) +0.658088235<x54>[B] (+1) +0.658088235<x55>[B] (+1) +0.658088235<x56>[B] (+0) +0.658088235<x57>[B] (+1) +0.658088235<x58>[B] (+1) +0.658088235<x59>[B] (+0) -0.658088235<x60>[B] (+0) -0.658088235<x61>[B] (+1) -0.658088235<x62>[B] (+1) +0.658088235<x63>[B] (+0) +0.658088235<x64>[B] (+0) -0.658088235<x65>[B] (+1) +0.658088235<x66>[B] (+0) -0.658088235<x67>[B] (+0) +0.658088235<x68>[B] (+0) -0.658088235<x69>[B] (+0) -0.658088235<x70>[B] (+0) -0.658088235<x71>[B] (+0) -0.658088235<x72>[B] (+1) -0.658088235<x73>[B] (+1) -0.658088235<x74>[B] (+0) +0.658088235<x75>[B] (+0) -0.658088235<x76>[B] (+1) +0.658088235<x77>[B] (+0) -0.658088235<x78>[B] (+0) -0.658088235<x79>[B] (+0) -0.658088235<x80>[B] (+0) -0.658088235<x81>[B] (+1) -0.658088235<x82>[B] (+1) +0.658088235<x83>[B] (+1) +0.658088235<x84>[B] (+0) +0.658088235<x85>[B] (+1) -0.658088235<x86>[B] (+1) +0.658088235<x87>[B] (+0) +0.658088235<x88>[B] (+1) +0.658088235<x89>[B] (+0) +0.658088235<x90>[B] (+1) -0.658088235<x91>[B] (+1) +0.658088235<x92>[B] (+0) +0.658088235<x93>[B] (+0) +0.658088235<x94>[B] (+0) -0.658088235<x95>[B] (+1) +0.658088235<x96>[B] (+0) +0.658088235<x97>[B] (+0) +0.658088235<x98>[B] (+0) +0.658088235<x99>[B] (+0) +0.658088235<x100>[B] (+0) +0.658088235<x101>[B] (+0) +0.658088235<x102>[B] (+0) -0.658088235<x103>[B] (+1) +0.658088235<x104>[B] (+0) -0.658088235<x105>[B] (+0) +0.658088235<x106>[B] (+0) -0.658088235<x107>[B] (+0) -0.658088235<x108>[B] (+0) +0.658088235<x109>[B] (+1) -0.658088235<x110>[B] (+1) +0.658088235<x111>[B] (+1) -0.658088235<x112>[B] (+1) +0.658088235<x113>[B] (+0) -0.658088235<x114>[B] (+1) -0.658088235<x115>[B] (+1) -0.658088235<x116>[B] (+1) +0.658088235<x117>[B] (+0) -0.658088235<x118>[B] (+1) -0.658088235<x119>[B] (+0) -0.658088235<x120>[B] (+1) -0.658088235<x121>[B] (+1) +0.658088235<x122>[B] (+0) +0.658088235<x123>[B] (+0) +0.658088235<x124>[B] (+0) +0.658088235<x125>[B] (+0) +0.658088235<x126>[B] (+2.81885626e-13) -0.658088235<x127>[B] (+1) -0.658088235<x128>[B] (+0) -0.658088235<x129>[B] (+1) -0.658088235<x130>[B] (+1) +0.658088235<x131>[B] (+0) -0.658088235<x132>[B] (+1) -0.658088235<x133>[B] (+1) -0.658088235<x134>[B] (+1) -0.658088235<x135>[B] (+1) -0.658088235<x136>[B] (+1) >= 10.6948529411765;
;
violation: left hand side is violated by 0.0220588235294148
  [linear] <c1401>: <x138>[C] (+11.0992647) +0.393382353<x1>[B] (+1) -0.393382353<x2>[B] (+0) -0.393382353<x3>[B] (+0) +0.393382353<x4>[B] (+1) +0.393382353<x5>[B] (+1) +0.393382353<x6>[B] (+1) -0.393382353<x7>[B] (+1) -0.393382353<x8>[B] (+1) +0.393382353<x9>[B] (+0) -0.393382353<x10>[B] (+1) +0.393382353<x11>[B] (+1) -0.393382353<x12>[B] (+1) -0.393382353<x13>[B] (+1) +0.393382353<x14>[B] (+0) +0.393382353<x15>[B] (+1) +0.393382353<x16>[B] (+1) -0.393382353<x17>[B] (+0) -0.393382353<x18>[B] (+0) +0.393382353<x19>[B] (+1) +0.393382353<x20>[B] (+0) -0.393382353<x21>[B] (+0) -0.393382353<x22>[B] (+1) -0.393382353<x23>[B] (+1) -0.393382353<x24>[B] (+0) -0.393382353<x25>[B] (+0) +0.393382353<x26>[B] (+1) -0.393382353<x27>[B] (-2.01320442e-14) -0.393382353<x28>[B] (-2.01320442e-14) -0.393382353<x29>[B] (+0) +0.393382353<x30>[B] (+0) +0.393382353<x31>[B] (+1) -0.393382353<x32>[B] (+1) +0.393382353<x33>[B] (+1) +0.393382353<x34>[B] (+1) +0.393382353<x35>[B] (+1) -0.393382353<x36>[B] (+1) -0.393382353<x37>[B] (+1) +0.393382353<x38>[B] (+0) -0.393382353<x39>[B] (+1) +0.393382353<x40>[B] (+1) +0.393382353<x41>[B] (+1) -0.393382353<x42>[B] (+1) +0.393382353<x43>[B] (+0) +0.393382353<x44>[B] (+1) +0.393382353<x45>[B] (+1) +0.393382353<x46>[B] (+1) +0.393382353<x47>[B] (+1) +0.393382353<x48>[B] (+1) +0.393382353<x49>[B] (+1) +0.393382353<x50>[B] (+1) +0.393382353<x51>[B] (+0) +0.393382353<x52>[B] (+1) +0.393382353<x53>[B] (+1) +0.393382353<x54>[B] (+1) +0.393382353<x55>[B] (+1) +0.393382353<x56>[B] (+0) +0.393382353<x57>[B] (+1) +0.393382353<x58>[B] (+1) -0.393382353<x59>[B] (+0) -0.393382353<x60>[B] (+0) -0.393382353<x61>[B] (+1) -0.393382353<x62>[B] (+1) -0.393382353<x63>[B] (+0) -0.393382353<x64>[B] (+0) -0.393382353<x65>[B] (+1) -0.393382353<x66>[B] (+0) -0.393382353<x67>[B] (-2.01320442e-14) -0.393382353<x68>[B] (+0) -0.393382353<x69>[B] (+0) -0.393382353<x70>[B] (+0) -0.393382353<x71>[B] (+0) -0.393382353<x72>[B] (+1) -0.393382353<x73>[B] (+1) -0.393382353<x74>[B] (+0) -0.393382353<x75>[B] (+0) -0.393382353<x76>[B] (+1) -0.393382353<x77>[B] (+0) -0.393382353<x78>[B] (-2.01320442e-14) -0.393382353<x79>[B] (+0) -0.393382353<x80>[B] (+0) -0.393382353<x81>[B] (+1) -0.393382353<x82>[B] (+1) -0.393382353<x83>[B] (+1) -0.393382353<x84>[B] (+0) -0.393382353<x85>[B] (+1) +0.393382353<x86>[B] (+1) -0.393382353<x87>[B] (+0) -0.393382353<x88>[B] (+1) +0.393382353<x89>[B] (+0) +0.393382353<x90>[B] (+1) +0.393382353<x91>[B] (+1) +0.393382353<x92>[B] (+0) +0.393382353<x93>[B] (+0) -0.393382353<x94>[B] (+0) +0.393382353<x95>[B] (+1) +0.393382353<x96>[B] (+0) -0.393382353<x97>[B] (+0) +0.393382353<x98>[B] (+0) +0.393382353<x99>[B] (+0) +0.393382353<x100>[B] (+0) +0.393382353<x101>[B] (+0) -0.393382353<x102>[B] (+0) +0.393382353<x103>[B] (+1) +0.393382353<x104>[B] (+0) -0.393382353<x105>[B] (-2.01320442e-14) +0.393382353<x106>[B] (+0) +0.393382353<x107>[B] (+0) +0.393382353<x108>[B] (+0) -0.393382353<x109>[B] (+1) +0.393382353<x110>[B] (+1) -0.393382353<x111>[B] (+1) -0.393382353<x112>[B] (+1) +0.393382353<x113>[B] (+0) +0.393382353<x114>[B] (+1) +0.393382353<x115>[B] (+1) +0.393382353<x116>[B] (+1) +0.393382353<x117>[B] (+0) -0.393382353<x118>[B] (+1) +0.393382353<x119>[B] (+0) +0.393382353<x120>[B] (+1) +0.393382353<x121>[B] (+1) -0.393382353<x122>[B] (+0) -0.393382353<x123>[B] (+0) -0.393382353<x124>[B] (+0) +0.393382353<x125>[B] (+0) -0.393382353<x126>[B] (+0) -0.393382353<x127>[B] (+1) +0.393382353<x128>[B] (+0) +0.393382353<x129>[B] (+1) +0.393382353<x130>[B] (+1) +0.393382353<x131>[B] (+0) +0.393382353<x132>[B] (+1) +0.393382353<x133>[B] (+1) +0.393382353<x134>[B] (+1) +0.393382353<x135>[B] (+1) -0.393382353<x136>[B] (+1) >= 17.4080882352941;
;
violation: left hand side is violated by 0.0147058823529527
  [linear] <c1406>: <x144>[C] (+16.8897059) +0.488970588<x1>[B] (+1) -0.488970588<x2>[B] (+0) +0.488970588<x3>[B] (+0) +0.488970588<x4>[B] (+1) -0.488970588<x5>[B] (+1) -0.488970588<x6>[B] (+1) -0.488970588<x7>[B] (+1) -0.488970588<x8>[B] (+1) -0.488970588<x9>[B] (+0) -0.488970588<x10>[B] (+1) -0.488970588<x11>[B] (+1) -0.488970588<x12>[B] (+1) -0.488970588<x13>[B] (+1) -0.488970588<x14>[B] (+0) +0.488970588<x15>[B] (+1) +0.488970588<x16>[B] (+1) -0.488970588<x17>[B] (+0) +0.488970588<x18>[B] (+0) -0.488970588<x19>[B] (+1) -0.488970588<x20>[B] (+0) -0.488970588<x21>[B] (+0) -0.488970588<x22>[B] (+1) -0.488970588<x23>[B] (+1) -0.488970588<x24>[B] (+0) -0.488970588<x25>[B] (+0) -0.488970588<x26>[B] (+1) -0.488970588<x27>[B] (+0) -0.488970588<x28>[B] (+0) -0.488970588<x29>[B] (+0) +0.488970588<x30>[B] (+0) +0.488970588<x31>[B] (+1) +0.488970588<x32>[B] (+1) +0.488970588<x33>[B] (+1) +0.488970588<x34>[B] (+1) -0.488970588<x35>[B] (+1) -0.488970588<x36>[B] (+1) -0.488970588<x37>[B] (+1) -0.488970588<x38>[B] (+0) -0.488970588<x39>[B] (+1) -0.488970588<x40>[B] (+1) -0.488970588<x41>[B] (+1) -0.488970588<x42>[B] (+1) -0.488970588<x43>[B] (+0) +0.488970588<x44>[B] (+1) +0.488970588<x45>[B] (+1) -0.488970588<x46>[B] (+1) -0.488970588<x47>[B] (+1) -0.488970588<x48>[B] (+1) -0.488970588<x49>[B] (+1) -0.488970588<x50>[B] (+1) -0.488970588<x51>[B] (+0) -0.488970588<x52>[B] (+1) -0.488970588<x53>[B] (+1) -0.488970588<x54>[B] (+1) -0.488970588<x55>[B] (+1) -0.488970588<x56>[B] (+0) -0.488970588<x57>[B] (+1) -0.488970588<x58>[B] (+1) -0.488970588<x59>[B] (+0) -0.488970588<x60>[B] (+0) -0.488970588<x61>[B] (+1) -0.488970588<x62>[B] (+1) -0.488970588<x63>[B] (+0) -0.488970588<x64>[B] (+0) -0.488970588<x65>[B] (+1) -0.488970588<x66>[B] (+0) -0.488970588<x67>[B] (+0) -0.488970588<x68>[B] (+0) +0.488970588<x69>[B] (+0) +0.488970588<x70>[B] (+0) -0.488970588<x71>[B] (+0) -0.488970588<x72>[B] (+1) -0.488970588<x73>[B] (+1) -0.488970588<x74>[B] (+0) -0.488970588<x75>[B] (+0) -0.488970588<x76>[B] (+1) -0.488970588<x77>[B] (+0) -0.488970588<x78>[B] (+0) -0.488970588<x79>[B] (+0) +0.488970588<x80>[B] (+0) +0.488970588<x81>[B] (+1) -0.488970588<x82>[B] (+1) -0.488970588<x83>[B] (+1) -0.488970588<x84>[B] (+0) +0.488970588<x85>[B] (+1) -0.488970588<x86>[B] (+1) -0.488970588<x87>[B] (+0) -0.488970588<x88>[B] (+1) -0.488970588<x89>[B] (+0) +0.488970588<x90>[B] (+1) +0.488970588<x91>[B] (+1) +0.488970588<x92>[B] (+0) +0.488970588<x93>[B] (+0) +0.488970588<x94>[B] (+0) +0.488970588<x95>[B] (+0) +0.488970588<x96>[B] (+0) +0.488970588<x97>[B] (+0) +0.488970588<x98>[B] (+0) +0.488970588<x99>[B] (+0) +0.488970588<x100>[B] (+0) -0.488970588<x101>[B] (+0) +0.488970588<x102>[B] (+0) -0.488970588<x103>[B] (+0) -0.488970588<x104>[B] (+0) -0.488970588<x105>[B] (+0) -0.488970588<x106>[B] (+0) +0.488970588<x107>[B] (+0) +0.488970588<x108>[B] (+0) +0.488970588<x109>[B] (+1) -0.488970588<x110>[B] (+1) -0.488970588<x111>[B] (+1) -0.488970588<x112>[B] (+1) -0.488970588<x113>[B] (+0) +0.488970588<x114>[B] (+1) +0.488970588<x115>[B] (+1) -0.488970588<x116>[B] (+1) -0.488970588<x117>[B] (+0) -0.488970588<x118>[B] (+1) -0.488970588<x119>[B] (+0) +0.488970588<x120>[B] (+1) +0.488970588<x121>[B] (+1) +0.488970588<x122>[B] (+0) +0.488970588<x123>[B] (+0) -0.488970588<x124>[B] (+0) +0.488970588<x125>[B] (+0) +0.488970588<x126>[B] (+0) +0.488970588<x127>[B] (+1) -0.488970588<x128>[B] (+0) +0.488970588<x129>[B] (+1) +0.488970588<x130>[B] (+1) -0.488970588<x131>[B] (+0) +0.488970588<x132>[B] (+1) +0.488970588<x133>[B] (+1) +0.488970588<x134>[B] (+1) +0.488970588<x135>[B] (+1) -0.488970588<x136>[B] (+1) >= 7.21323529411764;
;
violation: left hand side is violated by 0.102941176470575
  [linear] <c1401>: <x138>[C] (+11.0992647) +0.393382353<x1>[B] (+1) -0.393382353<x2>[B] (+0) -0.393382353<x3>[B] (+0) +0.393382353<x4>[B] (+1) +0.393382353<x5>[B] (+1) +0.393382353<x6>[B] (+1) -0.393382353<x7>[B] (+1) -0.393382353<x8>[B] (+1) +0.393382353<x9>[B] (+0) -0.393382353<x10>[B] (+1) +0.393382353<x11>[B] (+1) -0.393382353<x12>[B] (+0) -0.393382353<x13>[B] (+1) +0.393382353<x14>[B] (+0) +0.393382353<x15>[B] (+1) +0.393382353<x16>[B] (+1) -0.393382353<x17>[B] (+0) -0.393382353<x18>[B] (+0) +0.393382353<x19>[B] (+1) +0.393382353<x20>[B] (+1) -0.393382353<x21>[B] (+0) -0.393382353<x22>[B] (+1) -0.393382353<x23>[B] (+1) -0.393382353<x24>[B] (+0) -0.393382353<x25>[B] (+0) +0.393382353<x26>[B] (+1) -0.393382353<x27>[B] (+0) -0.393382353<x28>[B] (+0) -0.393382353<x29>[B] (+0) +0.393382353<x30>[B] (+0) +0.393382353<x31>[B] (+1) -0.393382353<x32>[B] (+1) +0.393382353<x33>[B] (+1) +0.393382353<x34>[B] (+1) +0.393382353<x35>[B] (+1) -0.393382353<x36>[B] (+1) -0.393382353<x37>[B] (+1) +0.393382353<x38>[B] (+0) -0.393382353<x39>[B] (+1) +0.393382353<x40>[B] (+1) +0.393382353<x41>[B] (+1) -0.393382353<x42>[B] (+1) +0.393382353<x43>[B] (+0) +0.393382353<x44>[B] (+1) +0.393382353<x45>[B] (+1) +0.393382353<x46>[B] (+1) +0.393382353<x47>[B] (+1) +0.393382353<x48>[B] (+1) +0.393382353<x49>[B] (+1) +0.393382353<x50>[B] (+1) +0.393382353<x51>[B] (+0) +0.393382353<x52>[B] (+1) +0.393382353<x53>[B] (+1) +0.393382353<x54>[B] (+1) +0.393382353<x55>[B] (+1) +0.393382353<x56>[B] (+0) +0.393382353<x57>[B] (+1) +0.393382353<x58>[B] (+1) -0.393382353<x59>[B] (+0) -0.393382353<x60>[B] (+0) -0.393382353<x61>[B] (+1) -0.393382353<x62>[B] (+1) -0.393382353<x63>[B] (+0) -0.393382353<x64>[B] (+0) -0.393382353<x65>[B] (+1) -0.393382353<x66>[B] (+0) -0.393382353<x67>[B] (+0) -0.393382353<x68>[B] (+0) -0.393382353<x69>[B] (+0) -0.393382353<x70>[B] (+0) -0.393382353<x71>[B] (+0) -0.393382353<x72>[B] (+1) -0.393382353<x73>[B] (+1) -0.393382353<x74>[B] (+0) -0.393382353<x75>[B] (+0) -0.393382353<x76>[B] (+1) -0.393382353<x77>[B] (+0) -0.393382353<x78>[B] (+0) -0.393382353<x79>[B] (+0) -0.393382353<x80>[B] (+0) -0.393382353<x81>[B] (+1) -0.393382353<x82>[B] (+1) -0.393382353<x83>[B] (+1) -0.393382353<x84>[B] (+0) -0.393382353<x85>[B] (+1) +0.393382353<x86>[B] (+1) -0.393382353<x87>[B] (+0) -0.393382353<x88>[B] (+1) +0.393382353<x89>[B] (+0) +0.393382353<x90>[B] (+1) +0.393382353<x91>[B] (+1) +0.393382353<x92>[B] (+0) +0.393382353<x93>[B] (+0) -0.393382353<x94>[B] (+0) +0.393382353<x95>[B] (+1) +0.393382353<x96>[B] (+0) -0.393382353<x97>[B] (+0) +0.393382353<x98>[B] (+0) +0.393382353<x99>[B] (+0) +0.393382353<x100>[B] (+0) +0.393382353<x101>[B] (+0) -0.393382353<x102>[B] (+0) +0.393382353<x103>[B] (+1) +0.393382353<x104>[B] (+0) -0.393382353<x105>[B] (+0) +0.393382353<x106>[B] (+0) +0.393382353<x107>[B] (+0) +0.393382353<x108>[B] (+0) -0.393382353<x109>[B] (+1) +0.393382353<x110>[B] (+1) -0.393382353<x111>[B] (+1) -0.393382353<x112>[B] (+1) +0.393382353<x113>[B] (+0) +0.393382353<x114>[B] (+1) +0.393382353<x115>[B] (+1) +0.393382353<x116>[B] (+1) +0.393382353<x117>[B] (+0) -0.393382353<x118>[B] (+1) +0.393382353<x119>[B] (+0) +0.393382353<x120>[B] (+0) +0.393382353<x121>[B] (+1) -0.393382353<x122>[B] (+0) -0.393382353<x123>[B] (+0) -0.393382353<x124>[B] (+0) +0.393382353<x125>[B] (+0) -0.393382353<x126>[B] (+0) -0.393382353<x127>[B] (+1) +0.393382353<x128>[B] (+0) +0.393382353<x129>[B] (+1) +0.393382353<x130>[B] (+1) +0.393382353<x131>[B] (+0) +0.393382353<x132>[B] (+0) +0.393382353<x133>[B] (+1) +0.393382353<x134>[B] (+1) +0.393382353<x135>[B] (+1) -0.393382353<x136>[B] (+1) >= 17.4080882352941;
;
violation: left hand side is violated by 0.0147058823529385
3/9 feasible solutions given by solution candidate storage, new primal bound -4.097500e+02

presolving:
   (0.0s) symmetry computation started: requiring (bin +, int +, cont +), (fixed: bin -, int -, cont -)
   (0.0s) no symmetry present (symcode time: 0.00)
presolving (0 rounds: 0 fast, 0 medium, 0 exhaustive):
 0 deleted vars, 0 deleted constraints, 0 added constraints, 0 tightened bounds, 0 added holes, 0 changed sides, 0 changed coefficients
 0 implications, 0 cliques, 0 implied integral variables (0 bin, 0 int, 0 cont)
presolved problem has 156 variables (136 bin, 0 int, 20 cont) and 1417 constraints
   1417 constraints of type <linear>
Presolving Time: 0.00
transformed 3/3 original solutions to the transformed problem space

 time | node  | left  |LP iter|LP it/n|mem/heur|mdpt |vars |cons |rows |cuts |sepa|confs|strbr|  dualbound   | primalbound  |  gap   | compl. 
p 0.0s|     1 |     0 |     8 |     - |   locks|   0 | 156 |1417 |1417 |   0 |  0 |   0 |   0 | 2.140000e+02 |-4.089779e+02 |    Inf | unknown
* 0.0s|     1 |     0 |   266 |     - |    LP  |   0 | 156 |1417 |1417 |   0 |  0 |   0 |   0 |-2.527794e+02 |-2.527794e+02 |   0.00%| unknown
  0.0s|     1 |     0 |   266 |     - |    12M |   0 | 156 |1417 |1417 |   0 |  0 |   0 |   0 |-2.527794e+02 |-2.527794e+02 |   0.00%| unknown

SCIP Status        : problem is solved [optimal solution found]
Solving Time (sec) : 0.02
Solving Nodes      : 1
Primal Bound       : -2.52779411764706e+02 (6 solutions)
Dual Bound         : -2.52779411764706e+02
Gap                : 0.00 %
