Loading instance...
Median ranking: [16, 6, 1, 7, 15, 17, 11, 14, 2, 10, 5, 12, 9, 8, 3, 4, 13]
Mean ranking: [16, 6, 1, 7, 15, 17, 11, 14, 2, 10, 5, 12, 9, 3, 4, 8, 13]
Actual error: 0.0005461598138090107
Weighted Kendall distance: 7.5
Normalized distance: 0.004595588235294118
ss, 0 chg bounds, 0 chg sides, 0 chg coeffs, 0 upgd conss, 0 impls, 0 clqs, 0 implints
   (0.0s) symmetry computation started: requiring (bin +, int +, cont +), (fixed: bin -, int -, cont -)
   (0.0s) no symmetry present (symcode time: 0.00)
presolving (2 rounds: 2 fast, 2 medium, 1 exhaustive):
 0 deleted vars, 1360 deleted constraints, 680 added constraints, 0 tightened bounds, 0 added holes, 0 changed sides, 0 changed coefficients
 0 implications, 0 cliques, 0 implied integral variables (0 bin, 0 int, 0 cont)
presolved problem has 136 variables (0 bin, 0 int, 136 cont) and 680 constraints
    680 constraints of type <linear>
Presolving Time: 0.01
transformed 3/3 original solutions to the transformed problem space

 time | node  | left  |LP iter|LP it/n|mem/heur|mdpt |vars |cons |rows |cuts |sepa|confs|strbr|  dualbound   | primalbound  |  gap   | compl. 
* 0.0s|     1 |     0 |    11 |     - |    LP  |   0 | 136 | 680 | 680 |   0 |  0 |   0 |   0 | 1.560000e+02 | 1.560000e+02 |   0.00%| unknown
  0.0s|     1 |     0 |    11 |     - |  5552k |   0 | 136 | 680 | 680 |   0 |  0 |   0 |   0 | 1.560000e+02 | 1.560000e+02 |   0.00%| unknown

SCIP Status        : problem is solved [optimal solution found]
Solving Time (sec) : 0.01
Solving Nodes      : 1
Primal Bound       : +1.56000000000000e+02 (4 solutions)
Dual Bound         : +1.56000000000000e+02
Gap                : 0.00 %
feasible solution found by trivial heuristic after 0.0 seconds, objective value 0.000000e+00
presolving:
   (0.0s) running MILP presolver
   (0.0s) MILP presolver (2 rounds): 0 aggregations, 0 fixings, 0 bound changes
(round 1, medium)     0 del vars, 1360 del conss, 680 add conss, 0 chg bounds, 0 chg sides, 0 chg coeffs, 0 upgd conss, 0 impls, 0 clqs, 0 implints
   (0.0s) probing: 51/136 (37.5%) - 0 fixings, 0 aggregations, 0 implications, 0 bound changes
   (0.0s) probing aborted: 50/50 successive totally useless probings
   (0.0s) symmetry computation started: requiring (bin +, int +, cont +), (fixed: bin -, int -, cont -)
   (0.0s) no symmetry present (symcode time: 0.00)
presolving (2 rounds: 2 fast, 2 medium, 1 exhaustive):
 0 deleted vars, 1360 deleted constraints, 680 added constraints, 0 tightened bounds, 0 added holes, 0 changed sides, 0 changed coefficients
 0 implications, 0 cliques, 0 implied integral variables (0 bin, 0 int, 0 cont)
presolved problem has 136 variables (136 bin, 0 int, 0 cont) and 680 constraints
    680 constraints of type <linear>
transformed objective value is always integral (scale: 2)
Presolving Time: 0.01
transformed 2/2 original solutions to the transformed problem space

 time | node  | left  |LP iter|LP it/n|mem/heur|mdpt |vars |cons |rows |cuts |sepa|confs|strbr|  dualbound   | primalbound  |  gap   | compl. 
p 0.0s|     1 |     0 |     0 |     - |   locks|   0 | 136 | 680 | 680 |   0 |  0 |   0 |   0 | 1.580000e+02 | 1.200000e+01 |1216.67%| unknown
i 0.0s|     1 |     0 |     0 |     - |  oneopt|   0 | 136 | 680 | 680 |   0 |  0 |   0 |   0 | 1.580000e+02 | 1.360000e+02 |  16.18%| unknown
* 0.0s|     1 |     0 |    10 |     - |    LP  |   0 | 136 | 680 | 680 |   0 |  0 |   0 |   0 | 1.560000e+02 | 1.560000e+02 |   0.00%| unknown
  0.0s|     1 |     0 |    10 |     - |  5737k |   0 | 136 | 680 | 680 |   0 |  0 |   0 |   0 | 1.560000e+02 | 1.560000e+02 |   0.00%| unknown

SCIP Status        : problem is solved [optimal solution found]
Solving Time (sec) : 0.01
Solving Nodes      : 1
Primal Bound       : +1.56000000000000e+02 (5 solutions)
Dual Bound         : +1.56000000000000e+02
Gap                : 0.00 %
feasible solution found by trivial heuristic after 0.0 seconds, objective value -1.000082e+06
presolving:
(round 1, fast)       0 del vars, 0 del conss, 0 add conss, 20 chg bounds, 0 chg sides, 0 chg coeffs, 0 upgd conss, 0 impls, 0 clqs, 0 implints
   (0.2s) running MILP presolver
   (0.2s) MILP presolver (2 rounds): 0 aggregations, 0 fixings, 0 bound changes
(round 2, medium)     0 del vars, 2720 del conss, 2040 add conss, 20 chg bounds, 0 chg sides, 0 chg coeffs, 0 upgd conss, 0 impls, 0 clqs, 0 implints
   (0.3s) symmetry computation started: requiring (bin +, int +, cont +), (fixed: bin -, int -, cont -)
   (0.4s) no symmetry present (symcode time: 0.01)
presolving (3 rounds: 3 fast, 2 medium, 1 exhaustive):
 0 deleted vars, 2720 deleted constraints, 2040 added constraints, 20 tightened bounds, 0 added holes, 0 changed sides, 0 changed coefficients
 0 implications, 0 cliques, 0 implied integral variables (0 bin, 0 int, 0 cont)
presolved problem has 146 variables (0 bin, 0 int, 146 cont) and 2040 constraints
   2040 constraints of type <linear>
Presolving Time: 0.34

 time | node  | left  |LP iter|LP it/n|mem/heur|mdpt |vars |cons |rows |cuts |sepa|confs|strbr|  dualbound   | primalbound  |  gap   | compl. 
t 0.4s|     1 |     0 |     0 |     - | trivial|   0 | 146 |2040 |   0 |   0 |  0 |   0 |   0 | 1.580000e+02 |-7.620000e+02 |    Inf | unknown
* 0.4s|     1 |     0 |   155 |     - |    LP  |   0 | 146 |2040 |2040 |   0 |  0 |   0 |   0 |-1.286287e+02 |-1.286287e+02 |   0.00%| unknown
  0.4s|     1 |     0 |   155 |     - |   130M |   0 | 146 |2040 |2040 |   0 |  0 |   0 |   0 |-1.286287e+02 |-1.286287e+02 |   0.00%| unknown

SCIP Status        : problem is solved [optimal solution found]
Solving Time (sec) : 0.41
Solving Nodes      : 1
Primal Bound       : -1.28628676470588e+02 (3 solutions)
Dual Bound         : -1.28628676470588e+02
Gap                : 0.00 %
feasible solution found by trivial heuristic after 0.0 seconds, objective value -1.000082e+06
presolving:
(round 1, fast)       0 del vars, 0 del conss, 0 add conss, 20 chg bounds, 0 chg sides, 0 chg coeffs, 0 upgd conss, 0 impls, 0 clqs, 0 implints
   (0.1s) running MILP presolver
   (0.1s) MILP presolver (2 rounds): 0 aggregations, 0 fixings, 0 bound changes
(round 2, medium)     0 del vars, 2720 del conss, 2040 add conss, 20 chg bounds, 0 chg sides, 0 chg coeffs, 0 upgd conss, 0 impls, 0 clqs, 0 implints
   (0.3s) probing: 51/136 (37.5%) - 0 fixings, 0 aggregations, 0 implications, 0 bound changes
   (0.3s) probing aborted: 50/50 successive totally useless probings
   (0.3s) symmetry computation started: requiring (bin +, int +, cont +), (fixed: bin -, int -, cont -)
   (0.3s) no symmetry present (symcode time: 0.00)
presolving (3 rounds: 3 fast, 2 medium, 1 exhaustive):
 0 deleted vars, 2720 deleted constraints, 2040 added constraints, 20 tightened bounds, 0 added holes, 0 changed sides, 0 changed coefficients
 0 implications, 0 cliques, 0 implied integral variables (0 bin, 0 int, 0 cont)
presolved problem has 146 variables (136 bin, 0 int, 10 cont) and 2040 constraints
   2040 constraints of type <linear>
Presolving Time: 0.35

 time | node  | left  |LP iter|LP it/n|mem/heur|mdpt |vars |cons |rows |cuts |sepa|confs|strbr|  dualbound   | primalbound  |  gap   | compl. 
t 0.4s|     1 |     0 |     0 |     - | trivial|   0 | 146 |2040 |   0 |   0 |  0 |   0 |   0 | 1.580000e+02 |-7.620000e+02 |    Inf | unknown
p 0.4s|     1 |     0 |    10 |     - |   locks|   0 | 146 |2040 |2040 |   0 |  0 |   0 |   0 | 1.580000e+02 |-3.105699e+02 |    Inf | unknown
* 0.5s|     1 |     0 |   165 |     - |    LP  |   0 | 146 |2040 |2040 |   0 |  0 |   0 |   0 |-1.286287e+02 |-1.286287e+02 |   0.00%| unknown
  0.5s|     1 |     0 |   165 |     - |   131M |   0 | 146 |2040 |2040 |   0 |  0 |   0 |   0 |-1.286287e+02 |-1.286287e+02 |   0.00%| unknown

SCIP Status        : problem is solved [optimal solution found]
Solving Time (sec) : 0.46
Solving Nodes      : 1
Primal Bound       : -1.28628676470588e+02 (4 solutions)
Dual Bound         : -1.28628676470588e+02
Gap                : 0.00 %
feasible solution found by trivial heuristic after 0.0 seconds, objective value 0.000000e+00
presolving:
   (0.0s) symmetry computation started: requiring (bin +, int +, cont +), (fixed: bin -, int -, cont -)
   (0.0s) symmetry computation finished: 9 generators found (max: 1500, log10 of symmetry group size: 6.56) (symcode time: 0.00)
dynamic symmetry handling statistics:
   orbitopal reduction:       no components
   orbital reduction:         no components
   lexicographic reduction:   no permutations
handled 1 out of 1 symmetry components
presolving (0 rounds: 0 fast, 0 medium, 0 exhaustive):
 0 deleted vars, 0 deleted constraints, 0 added constraints, 0 tightened bounds, 0 added holes, 0 changed sides, 0 changed coefficients
 0 implications, 0 cliques, 0 implied integral variables (0 bin, 0 int, 0 cont)
presolved problem has 146 variables (136 bin, 0 int, 10 cont) and 1369 constraints
   1369 constraints of type <linear>
Presolving Time: 0.00
transformed 2/2 original solutions to the transformed problem space

 time | node  | left  |LP iter|LP it/n|mem/heur|mdpt |vars |cons |rows |cuts |sepa|confs|strbr|  dualbound   | primalbound  |  gap   | compl. 
p 0.0s|     1 |     0 |     0 |     - |   locks|   0 | 146 |1360 |1360 |   0 |  0 |   0 |   0 | 1.580000e+02 | 1.800000e+01 | 777.78%| unknown
i 0.0s|     1 |     0 |     0 |     - |  oneopt|   0 | 146 |1360 |1360 |   0 |  0 |   0 |   0 | 1.580000e+02 | 9.400000e+01 |  68.09%| unknown
* 0.0s|     1 |     0 |    10 |     - |    LP  |   0 | 146 |1360 |1360 |   0 |  0 |   0 |   0 | 1.560000e+02 | 1.560000e+02 |   0.00%| unknown
  0.0s|     1 |     0 |    10 |     - |  7173k |   0 | 146 |1360 |1360 |   0 |  0 |   0 |   0 | 1.560000e+02 | 1.560000e+02 |   0.00%| unknown

SCIP Status        : problem is solved [optimal solution found]
Solving Time (sec) : 0.01
Solving Nodes      : 1
Primal Bound       : +1.56000000000000e+02 (6 solutions)
Dual Bound         : +1.56000000000000e+02
Gap                : 0.00 %
  [linear] <c1361>: <x137>[C] (+0) -0.650735294<x1>[B] (+1) -0.650735294<x2>[B] (+1) +0.650735294<x3>[B] (+1) +0.650735294<x4>[B] (+1) +0.650735294<x5>[B] (+0) +0.650735294<x6>[B] (+1) -0.650735294<x7>[B] (+1) -0.650735294<x8>[B] (+1) -0.650735294<x9>[B] (+1) +0.650735294<x10>[B] (+1) -0.650735294<x11>[B] (+1) -0.650735294<x12>[B] (+1) +0.650735294<x13>[B] (+1) -0.650735294<x14>[B] (+1) +0.650735294<x15>[B] (+0) +0.650735294<x16>[B] (+1) -0.650735294<x17>[B] (+1) +0.650735294<x18>[B] (+1) +0.650735294<x19>[B] (+1) +0.650735294<x20>[B] (+0) +0.650735294<x21>[B] (+0) +0.650735294<x22>[B] (+1) -0.650735294<x23>[B] (+1) -0.650735294<x24>[B] (+1) +0.650735294<x25>[B] (+0) +0.650735294<x26>[B] (+1) +0.650735294<x27>[B] (+1) +0.650735294<x28>[B] (+0) -0.650735294<x29>[B] (+0) +0.650735294<x30>[B] (+0) +0.650735294<x31>[B] (+0) +0.650735294<x32>[B] (+1) +0.650735294<x33>[B] (+0) +0.650735294<x34>[B] (+0) +0.650735294<x35>[B] (+0) +0.650735294<x36>[B] (+0) +0.650735294<x37>[B] (+0) -0.650735294<x38>[B] (+0) +0.650735294<x39>[B] (+0) +0.650735294<x40>[B] (+0) +0.650735294<x41>[B] (+1) +0.650735294<x42>[B] (+0) -0.650735294<x43>[B] (+0) +0.650735294<x44>[B] (+0) +0.650735294<x45>[B] (+0) +0.650735294<x46>[B] (+0) +0.650735294<x47>[B] (+0) +0.650735294<x48>[B] (+0) -0.650735294<x49>[B] (+0) -0.650735294<x50>[B] (+0) -0.650735294<x51>[B] (+0) +0.650735294<x52>[B] (+0) -0.650735294<x53>[B] (+0) -0.650735294<x54>[B] (+1) +0.650735294<x55>[B] (+0) -0.650735294<x56>[B] (+0) +0.650735294<x57>[B] (+0) +0.650735294<x58>[B] (+0) +0.650735294<x59>[B] (+0) +0.650735294<x60>[B] (+0) -0.650735294<x61>[B] (+1) -0.650735294<x62>[B] (+1) -0.650735294<x63>[B] (+0) +0.650735294<x64>[B] (+0) -0.650735294<x65>[B] (+1) -0.650735294<x66>[B] (+1) -0.650735294<x67>[B] (+0) -0.650735294<x68>[B] (+0) +0.650735294<x69>[B] (+0) +0.650735294<x70>[B] (+0) -0.650735294<x71>[B] (+1) -0.650735294<x72>[B] (+1) -0.650735294<x73>[B] (+1) -0.650735294<x74>[B] (+1) +0.650735294<x75>[B] (+1) -0.650735294<x76>[B] (+1) -0.650735294<x77>[B] (+1) -0.650735294<x78>[B] (+1) -0.650735294<x79>[B] (+1) -0.650735294<x80>[B] (+0) +0.650735294<x81>[B] (+1) -0.650735294<x82>[B] (+1) -0.650735294<x83>[B] (+1) -0.650735294<x84>[B] (+1) +0.650735294<x85>[B] (+1) -0.650735294<x86>[B] (+1) -0.650735294<x87>[B] (+1) -0.650735294<x88>[B] (+1) -0.650735294<x89>[B] (+1) -0.650735294<x90>[B] (+0) +0.650735294<x91>[B] (+1) -0.650735294<x92>[B] (+0) -0.650735294<x93>[B] (+0) +0.650735294<x94>[B] (+0) +0.650735294<x95>[B] (+0) +0.650735294<x96>[B] (+1) +0.650735294<x97>[B] (+0) -0.650735294<x98>[B] (+0) +0.650735294<x99>[B] (+0) +0.650735294<x100>[B] (+0) -0.650735294<x101>[B] (+0) +0.650735294<x102>[B] (+0) +0.650735294<x103>[B] (+0) +0.650735294<x104>[B] (+1) +0.650735294<x105>[B] (+0) -0.650735294<x106>[B] (+0) +0.650735294<x107>[B] (+0) +0.650735294<x108>[B] (+0) +0.650735294<x109>[B] (+0) +0.650735294<x110>[B] (+1) +0.650735294<x111>[B] (+1) +0.650735294<x112>[B] (+0) +0.650735294<x113>[B] (+0) +0.650735294<x114>[B] (+0) +0.650735294<x115>[B] (+0) -0.650735294<x116>[B] (+1) -0.650735294<x117>[B] (+1) -0.650735294<x118>[B] (+1) -0.650735294<x119>[B] (+0) -0.650735294<x120>[B] (+0) +0.650735294<x121>[B] (+0) +0.650735294<x122>[B] (+1) +0.650735294<x123>[B] (+0) -0.650735294<x124>[B] (+0) +0.650735294<x125>[B] (+0) +0.650735294<x126>[B] (+0) +0.650735294<x127>[B] (+0) -0.650735294<x128>[B] (+0) +0.650735294<x129>[B] (+0) +0.650735294<x130>[B] (+0) -0.650735294<x131>[B] (+0) +0.650735294<x132>[B] (+0) +0.650735294<x133>[B] (+0) +0.650735294<x134>[B] (+0) +0.650735294<x135>[B] (+1) +0.650735294<x136>[B] (+1) >= 22.6139705882353;
;
violation: left hand side is violated by 29.1213235294118
  [linear] <c1361>: <x137>[C] (+0) -0.650735294<x1>[B] (+1) -0.650735294<x2>[B] (+1) +0.650735294<x3>[B] (+1) +0.650735294<x4>[B] (+1) +0.650735294<x5>[B] (+1) +0.650735294<x6>[B] (+1) -0.650735294<x7>[B] (+1) -0.650735294<x8>[B] (+1) -0.650735294<x9>[B] (+1) +0.650735294<x10>[B] (+1) -0.650735294<x11>[B] (+1) -0.650735294<x12>[B] (+1) +0.650735294<x13>[B] (+1) -0.650735294<x14>[B] (+1) +0.650735294<x15>[B] (+1) +0.650735294<x16>[B] (+1) -0.650735294<x17>[B] (+1) +0.650735294<x18>[B] (+1) +0.650735294<x19>[B] (+0) +0.650735294<x20>[B] (+1) +0.650735294<x21>[B] (+0) +0.650735294<x22>[B] (+1) -0.650735294<x23>[B] (+0) -0.650735294<x24>[B] (+1) +0.650735294<x25>[B] (+1) +0.650735294<x26>[B] (+1) +0.650735294<x27>[B] (+1) +0.650735294<x28>[B] (+0) -0.650735294<x29>[B] (+1) +0.650735294<x30>[B] (+0) +0.650735294<x31>[B] (+1) +0.650735294<x32>[B] (+1) +0.650735294<x33>[B] (+0) +0.650735294<x34>[B] (+0) +0.650735294<x35>[B] (+0) +0.650735294<x36>[B] (+1) +0.650735294<x37>[B] (+0) -0.650735294<x38>[B] (+1) +0.650735294<x39>[B] (+0) +0.650735294<x40>[B] (+1) +0.650735294<x41>[B] (+1) +0.650735294<x42>[B] (+0) -0.650735294<x43>[B] (+0) +0.650735294<x44>[B] (+0) +0.650735294<x45>[B] (+1) +0.650735294<x46>[B] (+0) +0.650735294<x47>[B] (+0) +0.650735294<x48>[B] (+0) -0.650735294<x49>[B] (+1) -0.650735294<x50>[B] (+0) -0.650735294<x51>[B] (+0) +0.650735294<x52>[B] (+0) -0.650735294<x53>[B] (+0) -0.650735294<x54>[B] (+1) +0.650735294<x55>[B] (+0) -0.650735294<x56>[B] (+0) +0.650735294<x57>[B] (+0) +0.650735294<x58>[B] (+0) +0.650735294<x59>[B] (+1) +0.650735294<x60>[B] (+0) -0.650735294<x61>[B] (+1) -0.650735294<x62>[B] (+1) -0.650735294<x63>[B] (+1) +0.650735294<x64>[B] (+1) -0.650735294<x65>[B] (+1) -0.650735294<x66>[B] (+1) -0.650735294<x67>[B] (+1) -0.650735294<x68>[B] (+1) +0.650735294<x69>[B] (+0) +0.650735294<x70>[B] (+1) -0.650735294<x71>[B] (+0) -0.650735294<x72>[B] (+1) -0.650735294<x73>[B] (+0) -0.650735294<x74>[B] (+1) +0.650735294<x75>[B] (+1) -0.650735294<x76>[B] (+1) -0.650735294<x77>[B] (+1) -0.650735294<x78>[B] (+0) -0.650735294<x79>[B] (+0) -0.650735294<x80>[B] (+0) +0.650735294<x81>[B] (+1) -0.650735294<x82>[B] (+1) -0.650735294<x83>[B] (+1) -0.650735294<x84>[B] (+1) +0.650735294<x85>[B] (+1) -0.650735294<x86>[B] (+1) -0.650735294<x87>[B] (+1) -0.650735294<x88>[B] (+1) -0.650735294<x89>[B] (+1) -0.650735294<x90>[B] (+1) +0.650735294<x91>[B] (+1) -0.650735294<x92>[B] (+0) -0.650735294<x93>[B] (+0) +0.650735294<x94>[B] (+0) +0.650735294<x95>[B] (+0) +0.650735294<x96>[B] (+1) +0.650735294<x97>[B] (+0) -0.650735294<x98>[B] (+0) +0.650735294<x99>[B] (+0) +0.650735294<x100>[B] (+0) -0.650735294<x101>[B] (+1) +0.650735294<x102>[B] (+1) +0.650735294<x103>[B] (+1) +0.650735294<x104>[B] (+1) +0.650735294<x105>[B] (+1) -0.650735294<x106>[B] (+1) +0.650735294<x107>[B] (+0) +0.650735294<x108>[B] (+1) +0.650735294<x109>[B] (+0) +0.650735294<x110>[B] (+1) +0.650735294<x111>[B] (+1) +0.650735294<x112>[B] (+0) +0.650735294<x113>[B] (+0) +0.650735294<x114>[B] (+0) +0.650735294<x115>[B] (+1) -0.650735294<x116>[B] (+1) -0.650735294<x117>[B] (+1) -0.650735294<x118>[B] (+0) -0.650735294<x119>[B] (+0) -0.650735294<x120>[B] (+0) +0.650735294<x121>[B] (+1) +0.650735294<x122>[B] (+1) +0.650735294<x123>[B] (+0) -0.650735294<x124>[B] (+0) +0.650735294<x125>[B] (+0) +0.650735294<x126>[B] (+0) +0.650735294<x127>[B] (+0) -0.650735294<x128>[B] (+0) +0.650735294<x129>[B] (+0) +0.650735294<x130>[B] (+0) -0.650735294<x131>[B] (+1) +0.650735294<x132>[B] (+0) +0.650735294<x133>[B] (+1) +0.650735294<x134>[B] (+0) +0.650735294<x135>[B] (+1) +0.650735294<x136>[B] (+1) >= 22.6139705882353;
;
violation: left hand side is violated by 20.6617647058824
  [linear] <c1361>: <x137>[C] (+0) -0.650735294<x1>[B] (+1) -0.650735294<x2>[B] (+1) +0.650735294<x3>[B] (+1) +0.650735294<x4>[B] (+0) +0.650735294<x5>[B] (+1) +0.650735294<x6>[B] (+1) -0.650735294<x7>[B] (+1) -0.650735294<x8>[B] (+1) -0.650735294<x9>[B] (+1) +0.650735294<x10>[B] (+1) -0.650735294<x11>[B] (+1) -0.650735294<x12>[B] (+1) +0.650735294<x13>[B] (+1) -0.650735294<x14>[B] (+1) +0.650735294<x15>[B] (+1) +0.650735294<x16>[B] (+1) -0.650735294<x17>[B] (+0) +0.650735294<x18>[B] (+1) +0.650735294<x19>[B] (+0) +0.650735294<x20>[B] (+1) +0.650735294<x21>[B] (+0) +0.650735294<x22>[B] (+1) -0.650735294<x23>[B] (+0) -0.650735294<x24>[B] (+1) +0.650735294<x25>[B] (+1) +0.650735294<x26>[B] (+1) +0.650735294<x27>[B] (+1) +0.650735294<x28>[B] (+0) -0.650735294<x29>[B] (+1) +0.650735294<x30>[B] (+1) +0.650735294<x31>[B] (+1) +0.650735294<x32>[B] (+1) +0.650735294<x33>[B] (+0) +0.650735294<x34>[B] (+1) +0.650735294<x35>[B] (+0) +0.650735294<x36>[B] (+1) +0.650735294<x37>[B] (+0) -0.650735294<x38>[B] (+1) +0.650735294<x39>[B] (+1) +0.650735294<x40>[B] (+1) +0.650735294<x41>[B] (+1) +0.650735294<x42>[B] (+0) -0.650735294<x43>[B] (+1) +0.650735294<x44>[B] (+1) +0.650735294<x45>[B] (+1) +0.650735294<x46>[B] (+0) +0.650735294<x47>[B] (+0) +0.650735294<x48>[B] (+0) -0.650735294<x49>[B] (+1) -0.650735294<x50>[B] (+0) -0.650735294<x51>[B] (+0) +0.650735294<x52>[B] (+0) -0.650735294<x53>[B] (+0) -0.650735294<x54>[B] (+1) +0.650735294<x55>[B] (+0) -0.650735294<x56>[B] (+0) +0.650735294<x57>[B] (+0) +0.650735294<x58>[B] (+1) +0.650735294<x59>[B] (+1) +0.650735294<x60>[B] (+1) -0.650735294<x61>[B] (+1) -0.650735294<x62>[B] (+1) -0.650735294<x63>[B] (+1) +0.650735294<x64>[B] (+1) -0.650735294<x65>[B] (+1) -0.650735294<x66>[B] (+1) -0.650735294<x67>[B] (+1) -0.650735294<x68>[B] (+1) +0.650735294<x69>[B] (+1) +0.650735294<x70>[B] (+1) -0.650735294<x71>[B] (+0) -0.650735294<x72>[B] (+1) -0.650735294<x73>[B] (+0) -0.650735294<x74>[B] (+0) +0.650735294<x75>[B] (+0) -0.650735294<x76>[B] (+0) -0.650735294<x77>[B] (+1) -0.650735294<x78>[B] (+0) -0.650735294<x79>[B] (+0) -0.650735294<x80>[B] (+0) +0.650735294<x81>[B] (+1) -0.650735294<x82>[B] (+1) -0.650735294<x83>[B] (+1) -0.650735294<x84>[B] (+1) +0.650735294<x85>[B] (+1) -0.650735294<x86>[B] (+1) -0.650735294<x87>[B] (+1) -0.650735294<x88>[B] (+1) -0.650735294<x89>[B] (+1) -0.650735294<x90>[B] (+1) +0.650735294<x91>[B] (+1) -0.650735294<x92>[B] (+0) -0.650735294<x93>[B] (+0) +0.650735294<x94>[B] (+0) +0.650735294<x95>[B] (+0) +0.650735294<x96>[B] (+0) +0.650735294<x97>[B] (+0) -0.650735294<x98>[B] (+0) +0.650735294<x99>[B] (+0) +0.650735294<x100>[B] (+0) -0.650735294<x101>[B] (+1) +0.650735294<x102>[B] (+1) +0.650735294<x103>[B] (+1) +0.650735294<x104>[B] (+1) +0.650735294<x105>[B] (+1) -0.650735294<x106>[B] (+1) +0.650735294<x107>[B] (+1) +0.650735294<x108>[B] (+1) +0.650735294<x109>[B] (+0) +0.650735294<x110>[B] (+0) +0.650735294<x111>[B] (+1) +0.650735294<x112>[B] (+0) +0.650735294<x113>[B] (+0) +0.650735294<x114>[B] (+0) +0.650735294<x115>[B] (+1) -0.650735294<x116>[B] (+1) -0.650735294<x117>[B] (+1) -0.650735294<x118>[B] (+0) -0.650735294<x119>[B] (+0) -0.650735294<x120>[B] (+0) +0.650735294<x121>[B] (+1) +0.650735294<x122>[B] (+1) +0.650735294<x123>[B] (+0) -0.650735294<x124>[B] (+0) +0.650735294<x125>[B] (+0) +0.650735294<x126>[B] (+1) +0.650735294<x127>[B] (+0) -0.650735294<x128>[B] (+0) +0.650735294<x129>[B] (+0) +0.650735294<x130>[B] (+1) -0.650735294<x131>[B] (+1) +0.650735294<x132>[B] (+1) +0.650735294<x133>[B] (+1) +0.650735294<x134>[B] (+1) +0.650735294<x135>[B] (+1) +0.650735294<x136>[B] (+1) >= 22.6139705882353;
;
violation: left hand side is violated by 14.1544117647059
  [linear] <c1361>: <x137>[C] (+0) -0.650735294<x1>[B] (+0) -0.650735294<x2>[B] (+0) +0.650735294<x3>[B] (+0) +0.650735294<x4>[B] (+0) +0.650735294<x5>[B] (+0) +0.650735294<x6>[B] (+0) -0.650735294<x7>[B] (+0) -0.650735294<x8>[B] (+0) -0.650735294<x9>[B] (+0) +0.650735294<x10>[B] (+0) -0.650735294<x11>[B] (+0) -0.650735294<x12>[B] (+0) +0.650735294<x13>[B] (+0) -0.650735294<x14>[B] (+0) +0.650735294<x15>[B] (+0) +0.650735294<x16>[B] (+0) -0.650735294<x17>[B] (+0) +0.650735294<x18>[B] (+0) +0.650735294<x19>[B] (+0) +0.650735294<x20>[B] (+0) +0.650735294<x21>[B] (+0) +0.650735294<x22>[B] (+0) -0.650735294<x23>[B] (+0) -0.650735294<x24>[B] (+0) +0.650735294<x25>[B] (+0) +0.650735294<x26>[B] (+0) +0.650735294<x27>[B] (+0) +0.650735294<x28>[B] (+0) -0.650735294<x29>[B] (+0) +0.650735294<x30>[B] (+0) +0.650735294<x31>[B] (+0) +0.650735294<x32>[B] (+0) +0.650735294<x33>[B] (+0) +0.650735294<x34>[B] (+0) +0.650735294<x35>[B] (+0) +0.650735294<x36>[B] (+0) +0.650735294<x37>[B] (+0) -0.650735294<x38>[B] (+0) +0.650735294<x39>[B] (+0) +0.650735294<x40>[B] (+0) +0.650735294<x41>[B] (+0) +0.650735294<x42>[B] (+0) -0.650735294<x43>[B] (+0) +0.650735294<x44>[B] (+0) +0.650735294<x45>[B] (+0) +0.650735294<x46>[B] (+0) +0.650735294<x47>[B] (+0) +0.650735294<x48>[B] (+0) -0.650735294<x49>[B] (+0) -0.650735294<x50>[B] (+0) -0.650735294<x51>[B] (+0) +0.650735294<x52>[B] (+0) -0.650735294<x53>[B] (+0) -0.650735294<x54>[B] (+0) +0.650735294<x55>[B] (+0) -0.650735294<x56>[B] (+0) +0.650735294<x57>[B] (+0) +0.650735294<x58>[B] (+0) +0.650735294<x59>[B] (+0) +0.650735294<x60>[B] (+0) -0.650735294<x61>[B] (+0) -0.650735294<x62>[B] (+0) -0.650735294<x63>[B] (+0) +0.650735294<x64>[B] (+0) -0.650735294<x65>[B] (+0) -0.650735294<x66>[B] (+0) -0.650735294<x67>[B] (+0) -0.650735294<x68>[B] (+0) +0.650735294<x69>[B] (+0) +0.650735294<x70>[B] (+0) -0.650735294<x71>[B] (+0) -0.650735294<x72>[B] (+0) -0.650735294<x73>[B] (+0) -0.650735294<x74>[B] (+0) +0.650735294<x75>[B] (+0) -0.650735294<x76>[B] (+0) -0.650735294<x77>[B] (+0) -0.650735294<x78>[B] (+0) -0.650735294<x79>[B] (+0) -0.650735294<x80>[B] (+0) +0.650735294<x81>[B] (+0) -0.650735294<x82>[B] (+0) -0.650735294<x83>[B] (+0) -0.650735294<x84>[B] (+0) +0.650735294<x85>[B] (+0) -0.650735294<x86>[B] (+0) -0.650735294<x87>[B] (+0) -0.650735294<x88>[B] (+0) -0.650735294<x89>[B] (+0) -0.650735294<x90>[B] (+0) +0.650735294<x91>[B] (+0) -0.650735294<x92>[B] (+0) -0.650735294<x93>[B] (+0) +0.650735294<x94>[B] (+0) +0.650735294<x95>[B] (+0) +0.650735294<x96>[B] (+0) +0.650735294<x97>[B] (+0) -0.650735294<x98>[B] (+0) +0.650735294<x99>[B] (+0) +0.650735294<x100>[B] (+0) -0.650735294<x101>[B] (+0) +0.650735294<x102>[B] (+0) +0.650735294<x103>[B] (+0) +0.650735294<x104>[B] (+0) +0.650735294<x105>[B] (+0) -0.650735294<x106>[B] (+0) +0.650735294<x107>[B] (+0) +0.650735294<x108>[B] (+0) +0.650735294<x109>[B] (+0) +0.650735294<x110>[B] (+0) +0.650735294<x111>[B] (+0) +0.650735294<x112>[B] (+0) +0.650735294<x113>[B] (+0) +0.650735294<x114>[B] (+0) +0.650735294<x115>[B] (+0) -0.650735294<x116>[B] (+0) -0.650735294<x117>[B] (+0) -0.650735294<x118>[B] (+0) -0.650735294<x119>[B] (+0) -0.650735294<x120>[B] (+0) +0.650735294<x121>[B] (+0) +0.650735294<x122>[B] (+0) +0.650735294<x123>[B] (+0) -0.650735294<x124>[B] (+0) +0.650735294<x125>[B] (+0) +0.650735294<x126>[B] (+0) +0.650735294<x127>[B] (+0) -0.650735294<x128>[B] (+0) +0.650735294<x129>[B] (+0) +0.650735294<x130>[B] (+0) -0.650735294<x131>[B] (+0) +0.650735294<x132>[B] (+0) +0.650735294<x133>[B] (+0) +0.650735294<x134>[B] (+0) +0.650735294<x135>[B] (+0) +0.650735294<x136>[B] (+0) >= 22.6139705882353;
;
violation: left hand side is violated by 22.6139705882353
  [linear] <c1361>: <x137>[C] (+0) -0.650735294<x1>[B] (+1) -0.650735294<x2>[B] (+1) +0.650735294<x3>[B] (+1) +0.650735294<x4>[B] (+1) +0.650735294<x5>[B] (+1) +0.650735294<x6>[B] (+1) -0.650735294<x7>[B] (+1) -0.650735294<x8>[B] (+1) -0.650735294<x9>[B] (+1) +0.650735294<x10>[B] (+1) -0.650735294<x11>[B] (+1) -0.650735294<x12>[B] (+1) +0.650735294<x13>[B] (+1) -0.650735294<x14>[B] (+1) +0.650735294<x15>[B] (+1) +0.650735294<x16>[B] (+1) -0.650735294<x17>[B] (+1) +0.650735294<x18>[B] (+1) +0.650735294<x19>[B] (+1) +0.650735294<x20>[B] (+1) +0.650735294<x21>[B] (+1) +0.650735294<x22>[B] (+1) -0.650735294<x23>[B] (+1) -0.650735294<x24>[B] (+1) +0.650735294<x25>[B] (+1) +0.650735294<x26>[B] (+1) +0.650735294<x27>[B] (+1) +0.650735294<x28>[B] (+1) -0.650735294<x29>[B] (+1) +0.650735294<x30>[B] (+1) +0.650735294<x31>[B] (+1) +0.650735294<x32>[B] (+1) +0.650735294<x33>[B] (+1) +0.650735294<x34>[B] (+1) +0.650735294<x35>[B] (+1) +0.650735294<x36>[B] (+1) +0.650735294<x37>[B] (+1) -0.650735294<x38>[B] (+1) +0.650735294<x39>[B] (+1) +0.650735294<x40>[B] (+1) +0.650735294<x41>[B] (+1) +0.650735294<x42>[B] (+1) -0.650735294<x43>[B] (+1) +0.650735294<x44>[B] (+1) +0.650735294<x45>[B] (+1) +0.650735294<x46>[B] (+1) +0.650735294<x47>[B] (+1) +0.650735294<x48>[B] (+1) -0.650735294<x49>[B] (+1) -0.650735294<x50>[B] (+1) -0.650735294<x51>[B] (+1) +0.650735294<x52>[B] (+1) -0.650735294<x53>[B] (+1) -0.650735294<x54>[B] (+1) +0.650735294<x55>[B] (+1) -0.650735294<x56>[B] (+1) +0.650735294<x57>[B] (+1) +0.650735294<x58>[B] (+1) +0.650735294<x59>[B] (+1) +0.650735294<x60>[B] (+1) -0.650735294<x61>[B] (+1) -0.650735294<x62>[B] (+1) -0.650735294<x63>[B] (+1) +0.650735294<x64>[B] (+1) -0.650735294<x65>[B] (+1) -0.650735294<x66>[B] (+1) -0.650735294<x67>[B] (+1) -0.650735294<x68>[B] (+1) +0.650735294<x69>[B] (+1) +0.650735294<x70>[B] (+1) -0.650735294<x71>[B] (+1) -0.650735294<x72>[B] (+1) -0.650735294<x73>[B] (+1) -0.650735294<x74>[B] (+1) +0.650735294<x75>[B] (+1) -0.650735294<x76>[B] (+1) -0.650735294<x77>[B] (+1) -0.650735294<x78>[B] (+1) -0.650735294<x79>[B] (+1) -0.650735294<x80>[B] (+1) +0.650735294<x81>[B] (+1) -0.650735294<x82>[B] (+1) -0.650735294<x83>[B] (+1) -0.650735294<x84>[B] (+1) +0.650735294<x85>[B] (+1) -0.650735294<x86>[B] (+1) -0.650735294<x87>[B] (+1) -0.650735294<x88>[B] (+1) -0.650735294<x89>[B] (+1) -0.650735294<x90>[B] (+1) +0.650735294<x91>[B] (+1) -0.650735294<x92>[B] (+1) -0.650735294<x93>[B] (+1) +0.650735294<x94>[B] (+1) +0.650735294<x95>[B] (+1) +0.650735294<x96>[B] (+1) +0.650735294<x97>[B] (+1) -0.650735294<x98>[B] (+1) +0.650735294<x99>[B] (+1) +0.650735294<x100>[B] (+1) -0.650735294<x101>[B] (+1) +0.650735294<x102>[B] (+1) +0.650735294<x103>[B] (+1) +0.650735294<x104>[B] (+1) +0.650735294<x105>[B] (+1) -0.650735294<x106>[B] (+1) +0.650735294<x107>[B] (+1) +0.650735294<x108>[B] (+1) +0.650735294<x109>[B] (+1) +0.650735294<x110>[B] (+1) +0.650735294<x111>[B] (+1) +0.650735294<x112>[B] (+1) +0.650735294<x113>[B] (+1) +0.650735294<x114>[B] (+1) +0.650735294<x115>[B] (+1) -0.650735294<x116>[B] (+1) -0.650735294<x117>[B] (+1) -0.650735294<x118>[B] (+1) -0.650735294<x119>[B] (+1) -0.650735294<x120>[B] (+1) +0.650735294<x121>[B] (+1) +0.650735294<x122>[B] (+1) +0.650735294<x123>[B] (+1) -0.650735294<x124>[B] (+1) +0.650735294<x125>[B] (+1) +0.650735294<x126>[B] (+1) +0.650735294<x127>[B] (+1) -0.650735294<x128>[B] (+1) +0.650735294<x129>[B] (+1) +0.650735294<x130>[B] (+1) -0.650735294<x131>[B] (+1) +0.650735294<x132>[B] (+1) +0.650735294<x133>[B] (+1) +0.650735294<x134>[B] (+1) +0.650735294<x135>[B] (+1) +0.650735294<x136>[B] (+1) >= 22.6139705882353;
;
violation: left hand side is violated by 8.29779411764706
1/6 feasible solution given by solution candidate storage, new primal bound -1.000082e+06

presolving:
   (0.0s) symmetry computation started: requiring (bin +, int +, cont +), (fixed: bin -, int -, cont -)
   (0.0s) no symmetry present (symcode time: 0.00)
presolving (0 rounds: 0 fast, 0 medium, 0 exhaustive):
 0 deleted vars, 0 deleted constraints, 0 added constraints, 0 tightened bounds, 0 added holes, 0 changed sides, 0 changed coefficients
 0 implications, 0 cliques, 0 implied integral variables (0 bin, 0 int, 0 cont)
presolved problem has 146 variables (136 bin, 0 int, 10 cont) and 1370 constraints
   1370 constraints of type <linear>
Presolving Time: 0.00
transformed 1/1 original solutions to the transformed problem space

 time | node  | left  |LP iter|LP it/n|mem/heur|mdpt |vars |cons |rows |cuts |sepa|confs|strbr|  dualbound   | primalbound  |  gap   | compl. 
p 0.0s|     1 |     0 |     0 |     - |   locks|   0 | 146 |1370 |1370 |   0 |  0 |   0 |   0 | 1.580000e+02 |-2.801654e+02 |    Inf | unknown
* 0.0s|     1 |     0 |   107 |     - |    LP  |   0 | 146 |1370 |1370 |   0 |  0 |   0 |   0 |-1.284816e+02 |-1.284816e+02 |   0.00%| unknown
  0.0s|     1 |     0 |   107 |     - |  8030k |   0 | 146 |1370 |1370 |   0 |  0 |   0 |   0 |-1.284816e+02 |-1.284816e+02 |   0.00%| unknown

SCIP Status        : problem is solved [optimal solution found]
Solving Time (sec) : 0.01
Solving Nodes      : 1
Primal Bound       : -1.28481617647059e+02 (4 solutions)
Dual Bound         : -1.28481617647059e+02
Gap                : 0.00 %
  [linear] <c1371>: <x138>[C] (+21.7757353) -0.5625<x1>[B] (+1) +0.5625<x2>[B] (+1) +0.5625<x3>[B] (+1) -0.5625<x4>[B] (+1) -0.5625<x5>[B] (+1) -0.5625<x6>[B] (+1) -0.5625<x7>[B] (+1) -0.5625<x8>[B] (+1) +0.5625<x9>[B] (+1) -0.5625<x10>[B] (+1) -0.5625<x11>[B] (+1) -0.5625<x12>[B] (+1) -0.5625<x13>[B] (+1) -0.5625<x14>[B] (+1) -0.5625<x15>[B] (+0) -0.5625<x16>[B] (+1) +0.5625<x17>[B] (+1) +0.5625<x18>[B] (+1) -0.5625<x19>[B] (+1) -0.5625<x20>[B] (+0) -0.5625<x21>[B] (+0) -0.5625<x22>[B] (+1) -0.5625<x23>[B] (+1) +0.5625<x24>[B] (+1) +0.5625<x25>[B] (+0) -0.5625<x26>[B] (+1) -0.5625<x27>[B] (+1) -0.5625<x28>[B] (+0) -0.5625<x29>[B] (+0) -0.5625<x30>[B] (+0) -0.5625<x31>[B] (+0) -0.5625<x32>[B] (+1) -0.5625<x33>[B] (+0) -0.5625<x34>[B] (+0) -0.5625<x35>[B] (+0) -0.5625<x36>[B] (+1) -0.5625<x37>[B] (+0) -0.5625<x38>[B] (+0) -0.5625<x39>[B] (+0) -0.5625<x40>[B] (+0) -0.5625<x41>[B] (+1) -0.5625<x42>[B] (+0) -0.5625<x43>[B] (+0) -0.5625<x44>[B] (+0) -0.5625<x45>[B] (+0) -0.5625<x46>[B] (+0) -0.5625<x47>[B] (+0) -0.5625<x48>[B] (+0) -0.5625<x49>[B] (+1) -0.5625<x50>[B] (+0) +0.5625<x51>[B] (+0) -0.5625<x52>[B] (+0) -0.5625<x53>[B] (+0) -0.5625<x54>[B] (+1) -0.5625<x55>[B] (+0) -0.5625<x56>[B] (+0) -0.5625<x57>[B] (+0) -0.5625<x58>[B] (+0) +0.5625<x59>[B] (+0) +0.5625<x60>[B] (+0) +0.5625<x61>[B] (+1) -0.5625<x62>[B] (+1) +0.5625<x63>[B] (+1) +0.5625<x64>[B] (+0) +0.5625<x65>[B] (+1) +0.5625<x66>[B] (+1) +0.5625<x67>[B] (+0) +0.5625<x68>[B] (+0) +0.5625<x69>[B] (+0) +0.5625<x70>[B] (+0) +0.5625<x71>[B] (+1) -0.5625<x72>[B] (+1) -0.5625<x73>[B] (+1) +0.5625<x74>[B] (+1) +0.5625<x75>[B] (+1) -0.5625<x76>[B] (+1) -0.5625<x77>[B] (+1) -0.5625<x78>[B] (+1) +0.5625<x79>[B] (+1) +0.5625<x80>[B] (+0) -0.5625<x81>[B] (+1) -0.5625<x82>[B] (+1) -0.5625<x83>[B] (+1) +0.5625<x84>[B] (+1) +0.5625<x85>[B] (+1) -0.5625<x86>[B] (+1) -0.5625<x87>[B] (+1) -0.5625<x88>[B] (+1) +0.5625<x89>[B] (+1) -0.5625<x90>[B] (+0) -0.5625<x91>[B] (+1) -0.5625<x92>[B] (+0) +0.5625<x93>[B] (+0) +0.5625<x94>[B] (+0) -0.5625<x95>[B] (+0) -0.5625<x96>[B] (+1) -0.5625<x97>[B] (+0) +0.5625<x98>[B] (+0) +0.5625<x99>[B] (+0) +0.5625<x100>[B] (+0) +0.5625<x101>[B] (+0) +0.5625<x102>[B] (+0) +0.5625<x103>[B] (+0) +0.5625<x104>[B] (+1) +0.5625<x105>[B] (+0) +0.5625<x106>[B] (+0) +0.5625<x107>[B] (+0) +0.5625<x108>[B] (+0) -0.5625<x109>[B] (+0) -0.5625<x110>[B] (+1) -0.5625<x111>[B] (+1) -0.5625<x112>[B] (+0) -0.5625<x113>[B] (+0) -0.5625<x114>[B] (+0) -0.5625<x115>[B] (+0) -0.5625<x116>[B] (+1) -0.5625<x117>[B] (+1) -0.5625<x118>[B] (+1) -0.5625<x119>[B] (+0) -0.5625<x120>[B] (+0) -0.5625<x121>[B] (+0) -0.5625<x122>[B] (+1) +0.5625<x123>[B] (+0) +0.5625<x124>[B] (+0) +0.5625<x125>[B] (+0) +0.5625<x126>[B] (+0) +0.5625<x127>[B] (+0) +0.5625<x128>[B] (+0) +0.5625<x129>[B] (+0) +0.5625<x130>[B] (+0) +0.5625<x131>[B] (+0) +0.5625<x132>[B] (+0) +0.5625<x133>[B] (+0) -0.5625<x134>[B] (+0) -0.5625<x135>[B] (+1) -0.5625<x136>[B] (+1) >= 7.17279411764706;
;
violation: left hand side is violated by 0.0220588235294308
  [linear] <c1372>: <x140>[C] (+0.522058824) -0.665441176<x1>[B] (+0) -0.665441176<x2>[B] (+0) -0.665441176<x3>[B] (+0) -0.665441176<x4>[B] (+0) +0.665441176<x5>[B] (+0) -0.665441176<x6>[B] (+0) -0.665441176<x7>[B] (+0) -0.665441176<x8>[B] (+0) -0.665441176<x9>[B] (+0) -0.665441176<x10>[B] (+0) -0.665441176<x11>[B] (+0) -0.665441176<x12>[B] (+0) -0.665441176<x13>[B] (+0) -0.665441176<x14>[B] (+0) -0.665441176<x15>[B] (+0) -0.665441176<x16>[B] (+0) -0.665441176<x17>[B] (+1) -0.665441176<x18>[B] (+0) -0.665441176<x19>[B] (+1) +0.665441176<x20>[B] (+1) -0.665441176<x21>[B] (+1) -0.665441176<x22>[B] (+0) +0.665441176<x23>[B] (+0) +0.665441176<x24>[B] (+0) -0.665441176<x25>[B] (+1) -0.665441176<x26>[B] (+0) -0.665441176<x27>[B] (+0) -0.665441176<x28>[B] (+1) +0.665441176<x29>[B] (+1) -0.665441176<x30>[B] (+1) -0.665441176<x31>[B] (+1) -0.665441176<x32>[B] (+0) +0.665441176<x33>[B] (+1) +0.665441176<x34>[B] (+1) +0.665441176<x35>[B] (+1) +0.665441176<x36>[B] (+0) +0.665441176<x37>[B] (+0) +0.665441176<x38>[B] (+0) +0.665441176<x39>[B] (+1) -0.665441176<x40>[B] (+0) +0.665441176<x41>[B] (+0) +0.665441176<x42>[B] (+1) +0.665441176<x43>[B] (+1) +0.665441176<x44>[B] (+1) +0.665441176<x45>[B] (+1) +0.665441176<x46>[B] (+1) +0.665441176<x47>[B] (+1) +0.665441176<x48>[B] (+1) +0.665441176<x49>[B] (+1) +0.665441176<x50>[B] (+1) +0.665441176<x51>[B] (+1) +0.665441176<x52>[B] (+1) +0.665441176<x53>[B] (+1) +0.665441176<x54>[B] (+0) +0.665441176<x55>[B] (+1) +0.665441176<x56>[B] (+1) +0.665441176<x57>[B] (+1) +0.665441176<x58>[B] (+1) +0.665441176<x59>[B] (+1) +0.665441176<x60>[B] (+1) +0.665441176<x61>[B] (+0) +0.665441176<x62>[B] (+0) +0.665441176<x63>[B] (+0) +0.665441176<x64>[B] (+1) -0.665441176<x65>[B] (+0) +0.665441176<x66>[B] (+0) +0.665441176<x67>[B] (+1) +0.665441176<x68>[B] (+1) +0.665441176<x69>[B] (+1) +0.665441176<x70>[B] (+1) -0.665441176<x71>[B] (+0) -0.665441176<x72>[B] (+0) -0.665441176<x73>[B] (+0) -0.665441176<x74>[B] (+0) -0.665441176<x75>[B] (+0) -0.665441176<x76>[B] (+0) -0.665441176<x77>[B] (+0) -0.665441176<x78>[B] (+0) -0.665441176<x79>[B] (+0) -0.665441176<x80>[B] (+0) -0.665441176<x81>[B] (+0) +0.665441176<x82>[B] (+0) +0.665441176<x83>[B] (+0) +0.665441176<x84>[B] (+0) -0.665441176<x85>[B] (+1) -0.665441176<x86>[B] (+0) -0.665441176<x87>[B] (+0) +0.665441176<x88>[B] (+0) +0.665441176<x89>[B] (+0) +0.665441176<x90>[B] (+1) +0.665441176<x91>[B] (+0) +0.665441176<x92>[B] (+1) +0.665441176<x93>[B] (+1) -0.665441176<x94>[B] (+1) -0.665441176<x95>[B] (+1) -0.665441176<x96>[B] (+0) +0.665441176<x97>[B] (+1) +0.665441176<x98>[B] (+1) +0.665441176<x99>[B] (+1) +0.665441176<x100>[B] (+1) +0.665441176<x101>[B] (+1) -0.665441176<x102>[B] (+1) -0.665441176<x103>[B] (+1) -0.665441176<x104>[B] (+0) -0.665441176<x105>[B] (+1) -0.665441176<x106>[B] (+1) -0.665441176<x107>[B] (+1) -0.665441176<x108>[B] (+1) -0.665441176<x109>[B] (+1) -0.665441176<x110>[B] (+0) -0.665441176<x111>[B] (+0) -0.665441176<x112>[B] (+1) -0.665441176<x113>[B] (+1) -0.665441176<x114>[B] (+1) -0.665441176<x115>[B] (+1) -0.665441176<x116>[B] (+0) +0.665441176<x117>[B] (+0) +0.665441176<x118>[B] (+0) +0.665441176<x119>[B] (+0) +0.665441176<x120>[B] (+1) +0.665441176<x121>[B] (+0) +0.665441176<x122>[B] (+0) +0.665441176<x123>[B] (+1) +0.665441176<x124>[B] (+1) +0.665441176<x125>[B] (+1) +0.665441176<x126>[B] (+1) +0.665441176<x127>[B] (+1) +0.665441176<x128>[B] (+1) +0.665441176<x129>[B] (+1) +0.665441176<x130>[B] (+1) +0.665441176<x131>[B] (+1) -0.665441176<x132>[B] (+1) -0.665441176<x133>[B] (+1) -0.665441176<x134>[B] (+1) -0.665441176<x135>[B] (+0) +0.665441176<x136>[B] (+0) >= 17.1360294117647;
;
violation: left hand side is violated by 1.30882352941175
2/4 feasible solutions given by solution candidate storage, new primal bound -1.000082e+06

presolving:
   (0.0s) symmetry computation started: requiring (bin +, int +, cont +), (fixed: bin -, int -, cont -)
   (0.0s) no symmetry present (symcode time: 0.00)
presolving (0 rounds: 0 fast, 0 medium, 0 exhaustive):
 0 deleted vars, 0 deleted constraints, 0 added constraints, 0 tightened bounds, 0 added holes, 0 changed sides, 0 changed coefficients
 0 implications, 0 cliques, 0 implied integral variables (0 bin, 0 int, 0 cont)
presolved problem has 146 variables (136 bin, 0 int, 10 cont) and 1376 constraints
   1376 constraints of type <linear>
Presolving Time: 0.00
transformed 2/2 original solutions to the transformed problem space

 time | node  | left  |LP iter|LP it/n|mem/heur|mdpt |vars |cons |rows |cuts |sepa|confs|strbr|  dualbound   | primalbound  |  gap   | compl. 
p 0.0s|     1 |     0 |     1 |     - |   locks|   0 | 146 |1376 |1376 |   0 |  0 |   0 |   0 | 1.580000e+02 |-2.816213e+02 |    Inf | unknown
  0.0s|     1 |     0 |   106 |     - |  8521k |   0 | 146 |1376 |1376 |   0 |  0 |   0 |   0 |-1.285956e+02 |-2.816213e+02 | 119.00%| unknown
r 0.0s|     1 |     0 |   106 |     - |shifting|   0 | 146 |1376 |1376 |   0 |  0 |   0 |   0 |-1.285956e+02 |-1.302040e+02 |   1.25%| unknown
  0.0s|     1 |     0 |   107 |     - |  9333k |   0 | 146 |1376 |1377 |   1 |  1 |   0 |   0 |-1.285993e+02 |-1.302040e+02 |   1.25%| unknown
  0.0s|     1 |     0 |   107 |     - |  9333k |   0 | 146 |1376 |1377 |   1 |  1 |   0 |   0 |-1.285993e+02 |-1.302040e+02 |   1.25%| unknown
  0.0s|     1 |     0 |   107 |     - |  9333k |   0 | 146 |1376 | 976 |   1 |  1 |   0 |   0 |-1.285993e+02 |-1.302040e+02 |   1.25%| unknown
  0.0s|     1 |     0 |   107 |     - |  9333k |   0 | 146 | 945 | 976 |   1 |  2 |   0 |   0 |-1.285993e+02 |-1.302040e+02 |   1.25%| unknown
d 0.0s|     1 |     0 |   107 |     - |farkasdi|   0 | 146 | 945 | 976 |   0 |  3 |   0 |   0 |-1.285993e+02 |-1.285993e+02 |   0.00%| unknown
  0.0s|     1 |     0 |   107 |     - |  9343k |   0 | 146 | 945 | 976 |   1 |  3 |   0 |   0 |-1.285993e+02 |-1.285993e+02 |   0.00%| unknown

SCIP Status        : problem is solved [optimal solution found]
Solving Time (sec) : 0.01
Solving Nodes      : 1
Primal Bound       : -1.28599264705882e+02 (5 solutions)
Dual Bound         : -1.28599264705882e+02
Gap                : 0.00 %
  [linear] <c1377>: <x137>[C] (+29.7720588) -0.658088235<x1>[B] (+1) -0.658088235<x2>[B] (+1) +0.658088235<x3>[B] (+1) +0.658088235<x4>[B] (+1) +0.658088235<x5>[B] (+0) +0.658088235<x6>[B] (+1) -0.658088235<x7>[B] (+1) -0.658088235<x8>[B] (+1) -0.658088235<x9>[B] (+1) +0.658088235<x10>[B] (+1) -0.658088235<x11>[B] (+1) -0.658088235<x12>[B] (+1) +0.658088235<x13>[B] (+1) -0.658088235<x14>[B] (+1) +0.658088235<x15>[B] (+0) +0.658088235<x16>[B] (+1) -0.658088235<x17>[B] (+1) +0.658088235<x18>[B] (+1) +0.658088235<x19>[B] (+1) +0.658088235<x20>[B] (+0) +0.658088235<x21>[B] (+0) +0.658088235<x22>[B] (+1) -0.658088235<x23>[B] (+1) -0.658088235<x24>[B] (+1) +0.658088235<x25>[B] (+0) +0.658088235<x26>[B] (+1) +0.658088235<x27>[B] (+1) +0.658088235<x28>[B] (+0) -0.658088235<x29>[B] (+0) +0.658088235<x30>[B] (+0) +0.658088235<x31>[B] (+0) +0.658088235<x32>[B] (+1) +0.658088235<x33>[B] (+0) +0.658088235<x34>[B] (+0) +0.658088235<x35>[B] (+0) +0.658088235<x36>[B] (+1) +0.658088235<x37>[B] (+0) -0.658088235<x38>[B] (+0) +0.658088235<x39>[B] (+0) +0.658088235<x40>[B] (+0) +0.658088235<x41>[B] (+1) +0.658088235<x42>[B] (+0) -0.658088235<x43>[B] (+0) +0.658088235<x44>[B] (+0) +0.658088235<x45>[B] (+0) +0.658088235<x46>[B] (+0) +0.658088235<x47>[B] (+0) +0.658088235<x48>[B] (+0) -0.658088235<x49>[B] (+1) -0.658088235<x50>[B] (+0) -0.658088235<x51>[B] (+0) +0.658088235<x52>[B] (+0) -0.658088235<x53>[B] (+0) -0.658088235<x54>[B] (+1) +0.658088235<x55>[B] (+0) -0.658088235<x56>[B] (+0) +0.658088235<x57>[B] (+0) +0.658088235<x58>[B] (+0) +0.658088235<x59>[B] (+0) +0.658088235<x60>[B] (+0) -0.658088235<x61>[B] (+1) -0.658088235<x62>[B] (+1) -0.658088235<x63>[B] (+1) +0.658088235<x64>[B] (+0) -0.658088235<x65>[B] (+1) -0.658088235<x66>[B] (+1) -0.658088235<x67>[B] (+0) -0.658088235<x68>[B] (+0) +0.658088235<x69>[B] (+0) +0.658088235<x70>[B] (+0) -0.658088235<x71>[B] (+1) -0.658088235<x72>[B] (+1) -0.658088235<x73>[B] (+1) -0.658088235<x74>[B] (+1) +0.658088235<x75>[B] (+1) -0.658088235<x76>[B] (+1) -0.658088235<x77>[B] (+1) -0.658088235<x78>[B] (+1) -0.658088235<x79>[B] (+1) -0.658088235<x80>[B] (+0) +0.658088235<x81>[B] (+1) -0.658088235<x82>[B] (+1) -0.658088235<x83>[B] (+1) -0.658088235<x84>[B] (+1) +0.658088235<x85>[B] (+1) -0.658088235<x86>[B] (+1) -0.658088235<x87>[B] (+1) -0.658088235<x88>[B] (+1) -0.658088235<x89>[B] (+1) -0.658088235<x90>[B] (+0) +0.658088235<x91>[B] (+1) -0.658088235<x92>[B] (+0) -0.658088235<x93>[B] (+0) +0.658088235<x94>[B] (+0) +0.658088235<x95>[B] (+0) +0.658088235<x96>[B] (+1) +0.658088235<x97>[B] (+0) -0.658088235<x98>[B] (+0) +0.658088235<x99>[B] (+0) +0.658088235<x100>[B] (+0) -0.658088235<x101>[B] (+0) +0.658088235<x102>[B] (+0) +0.658088235<x103>[B] (+0) +0.658088235<x104>[B] (+1) +0.658088235<x105>[B] (+0) -0.658088235<x106>[B] (+0) +0.658088235<x107>[B] (+0) +0.658088235<x108>[B] (+0) +0.658088235<x109>[B] (+0) +0.658088235<x110>[B] (+1) +0.658088235<x111>[B] (+1) +0.658088235<x112>[B] (+0) +0.658088235<x113>[B] (+0) +0.658088235<x114>[B] (+0) +0.658088235<x115>[B] (+0) -0.658088235<x116>[B] (+1) -0.658088235<x117>[B] (+1) -0.658088235<x118>[B] (+1) -0.658088235<x119>[B] (+0) -0.658088235<x120>[B] (+0) +0.658088235<x121>[B] (+0) +0.658088235<x122>[B] (+1) +0.658088235<x123>[B] (+0) -0.658088235<x124>[B] (+0) +0.658088235<x125>[B] (+0) +0.658088235<x126>[B] (+0) +0.658088235<x127>[B] (+0) -0.658088235<x128>[B] (+0) +0.658088235<x129>[B] (+0) +0.658088235<x130>[B] (+0) -0.658088235<x131>[B] (+0) +0.658088235<x132>[B] (+0) +0.658088235<x133>[B] (+0) +0.658088235<x134>[B] (+0) +0.658088235<x135>[B] (+1) +0.658088235<x136>[B] (+1) >= 22.5404411764706;
;
violation: left hand side is violated by 0.00735294117645324
  [linear] <c1377>: <x137>[C] (+29.7720588) -0.658088235<x1>[B] (+1) -0.658088235<x2>[B] (+1) +0.658088235<x3>[B] (+1) +0.658088235<x4>[B] (+1) +0.658088235<x5>[B] (+0) +0.658088235<x6>[B] (+1) -0.658088235<x7>[B] (+1) -0.658088235<x8>[B] (+1) -0.658088235<x9>[B] (+1) +0.658088235<x10>[B] (+1) -0.658088235<x11>[B] (+1) -0.658088235<x12>[B] (+1) +0.658088235<x13>[B] (+1) -0.658088235<x14>[B] (+1) +0.658088235<x15>[B] (+0) +0.658088235<x16>[B] (+1) -0.658088235<x17>[B] (+1) +0.658088235<x18>[B] (+1) +0.658088235<x19>[B] (+1) +0.658088235<x20>[B] (+0) +0.658088235<x21>[B] (+0) +0.658088235<x22>[B] (+1) -0.658088235<x23>[B] (+1) -0.658088235<x24>[B] (+1) +0.658088235<x25>[B] (+0) +0.658088235<x26>[B] (+1) +0.658088235<x27>[B] (+1) +0.658088235<x28>[B] (+0) -0.658088235<x29>[B] (+0) +0.658088235<x30>[B] (+0) +0.658088235<x31>[B] (+0) +0.658088235<x32>[B] (+1) +0.658088235<x33>[B] (+0) +0.658088235<x34>[B] (+0) +0.658088235<x35>[B] (+0) +0.658088235<x36>[B] (+1) +0.658088235<x37>[B] (+0) -0.658088235<x38>[B] (+0) +0.658088235<x39>[B] (+0) +0.658088235<x40>[B] (+0) +0.658088235<x41>[B] (+1) +0.658088235<x42>[B] (+0) -0.658088235<x43>[B] (+0) +0.658088235<x44>[B] (+0) +0.658088235<x45>[B] (+0) +0.658088235<x46>[B] (+0) +0.658088235<x47>[B] (+0) +0.658088235<x48>[B] (+0) -0.658088235<x49>[B] (+1) -0.658088235<x50>[B] (+0) -0.658088235<x51>[B] (+0) +0.658088235<x52>[B] (+0) -0.658088235<x53>[B] (+0) -0.658088235<x54>[B] (+1) +0.658088235<x55>[B] (+0) -0.658088235<x56>[B] (+0) +0.658088235<x57>[B] (+0) +0.658088235<x58>[B] (+0) +0.658088235<x59>[B] (+0) +0.658088235<x60>[B] (+0) -0.658088235<x61>[B] (+1) -0.658088235<x62>[B] (+1) -0.658088235<x63>[B] (+1) +0.658088235<x64>[B] (+0) -0.658088235<x65>[B] (+1) -0.658088235<x66>[B] (+1) -0.658088235<x67>[B] (+0) -0.658088235<x68>[B] (+0) +0.658088235<x69>[B] (+0) +0.658088235<x70>[B] (+0) -0.658088235<x71>[B] (+1) -0.658088235<x72>[B] (+1) -0.658088235<x73>[B] (+1) -0.658088235<x74>[B] (+1) +0.658088235<x75>[B] (+1) -0.658088235<x76>[B] (+1) -0.658088235<x77>[B] (+1) -0.658088235<x78>[B] (+1) -0.658088235<x79>[B] (+1) -0.658088235<x80>[B] (+0) +0.658088235<x81>[B] (+1) -0.658088235<x82>[B] (+1) -0.658088235<x83>[B] (+1) -0.658088235<x84>[B] (+1) +0.658088235<x85>[B] (+1) -0.658088235<x86>[B] (+1) -0.658088235<x87>[B] (+1) -0.658088235<x88>[B] (+1) -0.658088235<x89>[B] (+1) -0.658088235<x90>[B] (+0) +0.658088235<x91>[B] (+1) -0.658088235<x92>[B] (+0) -0.658088235<x93>[B] (+0) +0.658088235<x94>[B] (+0) +0.658088235<x95>[B] (+0) +0.658088235<x96>[B] (+1) +0.658088235<x97>[B] (+0) -0.658088235<x98>[B] (+0) +0.658088235<x99>[B] (+0) +0.658088235<x100>[B] (+0) -0.658088235<x101>[B] (+0) +0.658088235<x102>[B] (+0) +0.658088235<x103>[B] (+0) +0.658088235<x104>[B] (+1) +0.658088235<x105>[B] (+0) -0.658088235<x106>[B] (+0) +0.658088235<x107>[B] (+0) +0.658088235<x108>[B] (+0) +0.658088235<x109>[B] (+0) +0.658088235<x110>[B] (+1) +0.658088235<x111>[B] (+1) +0.658088235<x112>[B] (+0) +0.658088235<x113>[B] (+0) +0.658088235<x114>[B] (+0) +0.658088235<x115>[B] (+0) -0.658088235<x116>[B] (+1) -0.658088235<x117>[B] (+1) -0.658088235<x118>[B] (+1) -0.658088235<x119>[B] (+0) -0.658088235<x120>[B] (+0) +0.658088235<x121>[B] (+0) +0.658088235<x122>[B] (+1) +0.658088235<x123>[B] (+0) -0.658088235<x124>[B] (+0) +0.658088235<x125>[B] (+0) +0.658088235<x126>[B] (+0) +0.658088235<x127>[B] (+0) -0.658088235<x128>[B] (+0) +0.658088235<x129>[B] (+0) +0.658088235<x130>[B] (+0) -0.658088235<x131>[B] (+0) +0.658088235<x132>[B] (+0) +0.658088235<x133>[B] (+0) +0.658088235<x134>[B] (+0) +0.658088235<x135>[B] (+1) +0.658088235<x136>[B] (+1) >= 22.5404411764706;
;
violation: left hand side is violated by 0.0073529411764568
3/5 feasible solutions given by solution candidate storage, new primal bound -2.816213e+02

presolving:
   (0.0s) symmetry computation started: requiring (bin +, int +, cont +), (fixed: bin -, int -, cont -)
   (0.0s) no symmetry present (symcode time: 0.00)
presolving (0 rounds: 0 fast, 0 medium, 0 exhaustive):
 0 deleted vars, 0 deleted constraints, 0 added constraints, 0 tightened bounds, 0 added holes, 0 changed sides, 0 changed coefficients
 0 implications, 0 cliques, 0 implied integral variables (0 bin, 0 int, 0 cont)
presolved problem has 146 variables (136 bin, 0 int, 10 cont) and 1380 constraints
   1380 constraints of type <linear>
Presolving Time: 0.00
transformed 3/3 original solutions to the transformed problem space

 time | node  | left  |LP iter|LP it/n|mem/heur|mdpt |vars |cons |rows |cuts |sepa|confs|strbr|  dualbound   | primalbound  |  gap   | compl. 
* 0.0s|     1 |     0 |    81 |     - |    LP  |   0 | 146 |1380 |1380 |   0 |  0 |   0 |   0 |-1.286066e+02 |-1.286066e+02 |   0.00%| unknown
  0.0s|     1 |     0 |    81 |     - |  9526k |   0 | 146 |1380 |1380 |   0 |  0 |   0 |   0 |-1.286066e+02 |-1.286066e+02 |   0.00%| unknown

SCIP Status        : problem is solved [optimal solution found]
Solving Time (sec) : 0.01
Solving Nodes      : 1
Primal Bound       : -1.28606617647059e+02 (5 solutions)
Dual Bound         : -1.28606617647059e+02
Gap                : 0.00 %
  [linear] <c1381>: <x139>[C] (+22.9375) +0.577205882<x1>[B] (+1) -0.577205882<x2>[B] (+1) -0.577205882<x3>[B] (+1) +0.577205882<x4>[B] (+1) -0.577205882<x5>[B] (+0) +0.577205882<x6>[B] (+1) +0.577205882<x7>[B] (+1) +0.577205882<x8>[B] (+1) -0.577205882<x9>[B] (+1) +0.577205882<x10>[B] (+1) -0.577205882<x11>[B] (+1) -0.577205882<x12>[B] (+1) +0.577205882<x13>[B] (+1) +0.577205882<x14>[B] (+1) +0.577205882<x15>[B] (+0) +0.577205882<x16>[B] (+1) -0.577205882<x17>[B] (+1) -0.577205882<x18>[B] (+1) +0.577205882<x19>[B] (+1) -0.577205882<x20>[B] (+0) +0.577205882<x21>[B] (+0) +0.577205882<x22>[B] (+1) +0.577205882<x23>[B] (+1) -0.577205882<x24>[B] (+1) +0.577205882<x25>[B] (+0) -0.577205882<x26>[B] (+1) -0.577205882<x27>[B] (+1) -0.577205882<x28>[B] (+0) +0.577205882<x29>[B] (+0) +0.577205882<x30>[B] (+0) -0.577205882<x31>[B] (+0) -0.577205882<x32>[B] (+1) +0.577205882<x33>[B] (+0) -0.577205882<x34>[B] (+0) +0.577205882<x35>[B] (+0) +0.577205882<x36>[B] (+1) +0.577205882<x37>[B] (+0) -0.577205882<x38>[B] (+0) +0.577205882<x39>[B] (+0) -0.577205882<x40>[B] (+0) -0.577205882<x41>[B] (+1) +0.577205882<x42>[B] (+0) +0.577205882<x43>[B] (+0) +0.577205882<x44>[B] (+0) +0.577205882<x45>[B] (+0) +0.577205882<x46>[B] (+0) -0.577205882<x47>[B] (+0) +0.577205882<x48>[B] (+0) +0.577205882<x49>[B] (+1) +0.577205882<x50>[B] (+0) -0.577205882<x51>[B] (+0) +0.577205882<x52>[B] (+0) -0.577205882<x53>[B] (+0) -0.577205882<x54>[B] (+1) +0.577205882<x55>[B] (+0) +0.577205882<x56>[B] (+0) +0.577205882<x57>[B] (+0) +0.577205882<x58>[B] (+0) -0.577205882<x59>[B] (+0) -0.577205882<x60>[B] (+0) -0.577205882<x61>[B] (+1) -0.577205882<x62>[B] (+1) -0.577205882<x63>[B] (+0) -0.577205882<x64>[B] (+0) -0.577205882<x65>[B] (+1) -0.577205882<x66>[B] (+1) -0.577205882<x67>[B] (+0) -0.577205882<x68>[B] (+0) -0.577205882<x69>[B] (+0) -0.577205882<x70>[B] (+0) +0.577205882<x71>[B] (+1) +0.577205882<x72>[B] (+1) +0.577205882<x73>[B] (+1) +0.577205882<x74>[B] (+1) +0.577205882<x75>[B] (+1) +0.577205882<x76>[B] (+1) +0.577205882<x77>[B] (+1) +0.577205882<x78>[B] (+1) +0.577205882<x79>[B] (+1) +0.577205882<x80>[B] (+0) +0.577205882<x81>[B] (+1) -0.577205882<x82>[B] (+1) +0.577205882<x83>[B] (+1) -0.577205882<x84>[B] (+1) -0.577205882<x85>[B] (+1) -0.577205882<x86>[B] (+1) -0.577205882<x87>[B] (+1) -0.577205882<x88>[B] (+1) -0.577205882<x89>[B] (+1) +0.577205882<x90>[B] (+0) -0.577205882<x91>[B] (+1) +0.577205882<x92>[B] (+0) -0.577205882<x93>[B] (+0) +0.577205882<x94>[B] (+0) -0.577205882<x95>[B] (+0) -0.577205882<x96>[B] (+1) -0.577205882<x97>[B] (+0) +0.577205882<x98>[B] (+0) +0.577205882<x99>[B] (+0) -0.577205882<x100>[B] (+0) -0.577205882<x101>[B] (+0) -0.577205882<x102>[B] (+0) -0.577205882<x103>[B] (+0) -0.577205882<x104>[B] (+1) -0.577205882<x105>[B] (+0) -0.577205882<x106>[B] (+0) -0.577205882<x107>[B] (+0) -0.577205882<x108>[B] (+0) +0.577205882<x109>[B] (+0) -0.577205882<x110>[B] (+1) +0.577205882<x111>[B] (+1) +0.577205882<x112>[B] (+0) +0.577205882<x113>[B] (+0) +0.577205882<x114>[B] (+0) +0.577205882<x115>[B] (+0) -0.577205882<x116>[B] (+1) -0.577205882<x117>[B] (+1) -0.577205882<x118>[B] (+1) +0.577205882<x119>[B] (+0) +0.577205882<x120>[B] (+0) -0.577205882<x121>[B] (+0) +0.577205882<x122>[B] (+1) +0.577205882<x123>[B] (+0) +0.577205882<x124>[B] (+0) +0.577205882<x125>[B] (+0) +0.577205882<x126>[B] (+0) +0.577205882<x127>[B] (+0) +0.577205882<x128>[B] (+0) +0.577205882<x129>[B] (+0) +0.577205882<x130>[B] (+0) +0.577205882<x131>[B] (+0) +0.577205882<x132>[B] (+0) +0.577205882<x133>[B] (+0) +0.577205882<x134>[B] (+0) -0.577205882<x135>[B] (+1) -0.577205882<x136>[B] (+1) >= 19.4816176470588;
;
violation: left hand side is violated by 0.00735294117646035
  [linear] <c1381>: <x139>[C] (+15.2426471) +0.577205882<x1>[B] (+0) -0.577205882<x2>[B] (+0) -0.577205882<x3>[B] (+0) +0.577205882<x4>[B] (+0) -0.577205882<x5>[B] (+0) +0.577205882<x6>[B] (+0) +0.577205882<x7>[B] (+0) +0.577205882<x8>[B] (+0) -0.577205882<x9>[B] (+0) +0.577205882<x10>[B] (+0) -0.577205882<x11>[B] (+0) -0.577205882<x12>[B] (+0) +0.577205882<x13>[B] (+0) +0.577205882<x14>[B] (+0) +0.577205882<x15>[B] (+0) +0.577205882<x16>[B] (+0) -0.577205882<x17>[B] (+1) -0.577205882<x18>[B] (+0) +0.577205882<x19>[B] (+0) -0.577205882<x20>[B] (+1) +0.577205882<x21>[B] (+0) +0.577205882<x22>[B] (+0) +0.577205882<x23>[B] (+0) -0.577205882<x24>[B] (+1) +0.577205882<x25>[B] (+1) -0.577205882<x26>[B] (+0) -0.577205882<x27>[B] (+0) -0.577205882<x28>[B] (+0) +0.577205882<x29>[B] (+1) +0.577205882<x30>[B] (+1) -0.577205882<x31>[B] (+0) -0.577205882<x32>[B] (+0) +0.577205882<x33>[B] (+0) -0.577205882<x34>[B] (+1) +0.577205882<x35>[B] (+0) +0.577205882<x36>[B] (+0) +0.577205882<x37>[B] (+0) -0.577205882<x38>[B] (+1) +0.577205882<x39>[B] (+1) -0.577205882<x40>[B] (+0) -0.577205882<x41>[B] (+0) +0.577205882<x42>[B] (+0) +0.577205882<x43>[B] (+1) +0.577205882<x44>[B] (+1) +0.577205882<x45>[B] (+0) +0.577205882<x46>[B] (+1) -0.577205882<x47>[B] (+1) +0.577205882<x48>[B] (+1) +0.577205882<x49>[B] (+1) +0.577205882<x50>[B] (+1) -0.577205882<x51>[B] (+1) +0.577205882<x52>[B] (+1) -0.577205882<x53>[B] (+1) -0.577205882<x54>[B] (+0) +0.577205882<x55>[B] (+1) +0.577205882<x56>[B] (+1) +0.577205882<x57>[B] (+1) +0.577205882<x58>[B] (+1) -0.577205882<x59>[B] (+1) -0.577205882<x60>[B] (+1) -0.577205882<x61>[B] (+0) -0.577205882<x62>[B] (+1) -0.577205882<x63>[B] (+1) -0.577205882<x64>[B] (+1) -0.577205882<x65>[B] (+0) -0.577205882<x66>[B] (+0) -0.577205882<x67>[B] (+1) -0.577205882<x68>[B] (+1) -0.577205882<x69>[B] (+1) -0.577205882<x70>[B] (+1) +0.577205882<x71>[B] (+0) +0.577205882<x72>[B] (+0) +0.577205882<x73>[B] (+0) +0.577205882<x74>[B] (+0) +0.577205882<x75>[B] (+0) +0.577205882<x76>[B] (+0) +0.577205882<x77>[B] (+0) +0.577205882<x78>[B] (+0) +0.577205882<x79>[B] (+0) +0.577205882<x80>[B] (+0) +0.577205882<x81>[B] (+0) -0.577205882<x82>[B] (+0) +0.577205882<x83>[B] (+0) -0.577205882<x84>[B] (+1) -0.577205882<x85>[B] (+1) -0.577205882<x86>[B] (+0) -0.577205882<x87>[B] (+0) -0.577205882<x88>[B] (+0) -0.577205882<x89>[B] (+1) +0.577205882<x90>[B] (+1) -0.577205882<x91>[B] (+0) +0.577205882<x92>[B] (+1) -0.577205882<x93>[B] (+1) +0.577205882<x94>[B] (+1) -0.577205882<x95>[B] (+1) -0.577205882<x96>[B] (+0) -0.577205882<x97>[B] (+1) +0.577205882<x98>[B] (+1) +0.577205882<x99>[B] (+1) -0.577205882<x100>[B] (+1) -0.577205882<x101>[B] (+1) -0.577205882<x102>[B] (+1) -0.577205882<x103>[B] (+0) -0.577205882<x104>[B] (+0) -0.577205882<x105>[B] (+0) -0.577205882<x106>[B] (+1) -0.577205882<x107>[B] (+1) -0.577205882<x108>[B] (+0) +0.577205882<x109>[B] (+1) -0.577205882<x110>[B] (+0) +0.577205882<x111>[B] (+0) +0.577205882<x112>[B] (+0) +0.577205882<x113>[B] (+0) +0.577205882<x114>[B] (+1) +0.577205882<x115>[B] (+0) -0.577205882<x116>[B] (+0) -0.577205882<x117>[B] (+0) -0.577205882<x118>[B] (+0) +0.577205882<x119>[B] (+0) +0.577205882<x120>[B] (+1) -0.577205882<x121>[B] (+0) +0.577205882<x122>[B] (+0) +0.577205882<x123>[B] (+1) +0.577205882<x124>[B] (+1) +0.577205882<x125>[B] (+1) +0.577205882<x126>[B] (+1) +0.577205882<x127>[B] (+1) +0.577205882<x128>[B] (+1) +0.577205882<x129>[B] (+1) +0.577205882<x130>[B] (+1) +0.577205882<x131>[B] (+1) +0.577205882<x132>[B] (+1) +0.577205882<x133>[B] (+1) +0.577205882<x134>[B] (+1) -0.577205882<x135>[B] (+0) -0.577205882<x136>[B] (+0) >= 19.4816176470588;
;
violation: left hand side is violated by 0.198529411764703
3/5 feasible solutions given by solution candidate storage, new primal bound -4.478213e+03

presolving:
   (0.0s) symmetry computation started: requiring (bin +, int +, cont +), (fixed: bin -, int -, cont -)
   (0.0s) no symmetry present (symcode time: 0.00)
presolving (0 rounds: 0 fast, 0 medium, 0 exhaustive):
 0 deleted vars, 0 deleted constraints, 0 added constraints, 0 tightened bounds, 0 added holes, 0 changed sides, 0 changed coefficients
 0 implications, 0 cliques, 0 implied integral variables (0 bin, 0 int, 0 cont)
presolved problem has 146 variables (136 bin, 0 int, 10 cont) and 1383 constraints
   1383 constraints of type <linear>
Presolving Time: 0.00
transformed 3/3 original solutions to the transformed problem space

 time | node  | left  |LP iter|LP it/n|mem/heur|mdpt |vars |cons |rows |cuts |sepa|confs|strbr|  dualbound   | primalbound  |  gap   | compl. 
p 0.0s|     1 |     0 |     1 |     - |   locks|   0 | 146 |1383 |1383 |   0 |  0 |   0 |   0 | 1.580000e+02 |-2.898346e+02 |    Inf | unknown
  0.0s|     1 |     0 |    88 |     - |  9629k |   0 | 146 |1383 |1383 |   0 |  0 |   0 |   0 |-1.286213e+02 |-2.898346e+02 | 125.34%| unknown
r 0.0s|     1 |     0 |    88 |     - |shifting|   0 | 146 |1383 |1383 |   0 |  0 |   0 |   0 |-1.286213e+02 |-1.302408e+02 |   1.26%| unknown
  0.0s|     1 |     0 |    90 |     - |  9774k |   0 | 146 |1383 |1384 |   1 |  1 |   0 |   0 |-1.286250e+02 |-1.302408e+02 |   1.26%| unknown
  0.0s|     1 |     0 |    90 |     - |  9786k |   0 | 146 |1383 |1384 |   1 |  1 |   0 |   0 |-1.286250e+02 |-1.302408e+02 |   1.26%| unknown
  0.0s|     1 |     0 |    90 |     - |  9786k |   0 | 146 |1383 | 983 |   1 |  1 |   0 |   0 |-1.286250e+02 |-1.302408e+02 |   1.26%| unknown
  0.0s|     1 |     0 |    91 |     - |  9888k |   0 | 146 |1383 | 984 |   2 |  2 |   0 |   0 |-1.286287e+02 |-1.302408e+02 |   1.25%| unknown
  0.0s|     1 |     0 |    91 |     - |  9888k |   0 | 146 | 952 | 984 |   2 |  3 |   0 |   0 |-1.286287e+02 |-1.302408e+02 |   1.25%| unknown
d 0.0s|     1 |     0 |    91 |     - |farkasdi|   0 | 146 | 952 | 984 |   0 |  4 |   0 |   0 |-1.286287e+02 |-1.286287e+02 |   0.00%| unknown
  0.0s|     1 |     0 |    91 |     - |  9897k |   0 | 146 | 952 | 984 |   2 |  4 |   0 |   0 |-1.286287e+02 |-1.286287e+02 |   0.00%| unknown

SCIP Status        : problem is solved [optimal solution found]
Solving Time (sec) : 0.02
Solving Nodes      : 1
Primal Bound       : -1.28628676470588e+02 (7 solutions)
Dual Bound         : -1.28628676470588e+02
Gap                : 0.00 %
