Loading instance...
Median ranking: [8, 6, 1, 10, 12, 5, 2, 16, 3, 17, 13, 7, 14, 9, 15, 11, 4]
Mean ranking: [8, 6, 1, 10, 2, 5, 16, 3, 12, 17, 13, 7, 14, 9, 15, 11, 4]
Actual error: 0.001274115613868032
Weighted Kendall distance: 61.5
Normalized distance: 0.03768382352941176
nss, 0 chg bounds, 0 chg sides, 0 chg coeffs, 0 upgd conss, 0 impls, 0 clqs, 0 implints
   (0.0s) symmetry computation started: requiring (bin +, int +, cont +), (fixed: bin -, int -, cont -)
   (0.0s) no symmetry present (symcode time: 0.00)
presolving (2 rounds: 2 fast, 2 medium, 1 exhaustive):
 0 deleted vars, 1360 deleted constraints, 680 added constraints, 0 tightened bounds, 0 added holes, 0 changed sides, 0 changed coefficients
 0 implications, 0 cliques, 0 implied integral variables (0 bin, 0 int, 0 cont)
presolved problem has 136 variables (0 bin, 0 int, 136 cont) and 680 constraints
    680 constraints of type <linear>
Presolving Time: 0.01
transformed 3/3 original solutions to the transformed problem space

 time | node  | left  |LP iter|LP it/n|mem/heur|mdpt |vars |cons |rows |cuts |sepa|confs|strbr|  dualbound   | primalbound  |  gap   | compl. 
* 0.0s|     1 |     0 |    19 |     - |    LP  |   0 | 136 | 680 | 680 |   0 |  0 |   0 |   0 | 3.820000e+02 | 3.820000e+02 |   0.00%| unknown
  0.0s|     1 |     0 |    19 |     - |  5553k |   0 | 136 | 680 | 680 |   0 |  0 |   0 |   0 | 3.820000e+02 | 3.820000e+02 |   0.00%| unknown

SCIP Status        : problem is solved [optimal solution found]
Solving Time (sec) : 0.01
Solving Nodes      : 1
Primal Bound       : +3.82000000000000e+02 (4 solutions)
Dual Bound         : +3.82000000000000e+02
Gap                : 0.00 %
feasible solution found by trivial heuristic after 0.0 seconds, objective value 1.120000e+02
presolving:
   (0.0s) running MILP presolver
   (0.0s) MILP presolver (2 rounds): 0 aggregations, 0 fixings, 0 bound changes
(round 1, medium)     0 del vars, 1360 del conss, 680 add conss, 0 chg bounds, 0 chg sides, 0 chg coeffs, 0 upgd conss, 0 impls, 0 clqs, 0 implints
   (0.0s) probing: 51/136 (37.5%) - 0 fixings, 0 aggregations, 0 implications, 0 bound changes
   (0.0s) probing aborted: 50/50 successive totally useless probings
   (0.0s) symmetry computation started: requiring (bin +, int +, cont +), (fixed: bin -, int -, cont -)
   (0.0s) no symmetry present (symcode time: 0.00)
presolving (2 rounds: 2 fast, 2 medium, 1 exhaustive):
 0 deleted vars, 1360 deleted constraints, 680 added constraints, 0 tightened bounds, 0 added holes, 0 changed sides, 0 changed coefficients
 0 implications, 0 cliques, 0 implied integral variables (0 bin, 0 int, 0 cont)
presolved problem has 136 variables (136 bin, 0 int, 0 cont) and 680 constraints
    680 constraints of type <linear>
transformed objective value is always integral (scale: 2)
Presolving Time: 0.01
transformed 2/2 original solutions to the transformed problem space

 time | node  | left  |LP iter|LP it/n|mem/heur|mdpt |vars |cons |rows |cuts |sepa|confs|strbr|  dualbound   | primalbound  |  gap   | compl. 
p 0.0s|     1 |     0 |     0 |     - |   locks|   0 | 136 | 680 | 680 |   0 |  0 |   0 |   0 | 3.940000e+02 | 2.120000e+02 |  85.85%| unknown
i 0.0s|     1 |     0 |     0 |     - |  oneopt|   0 | 136 | 680 | 680 |   0 |  0 |   0 |   0 | 3.940000e+02 | 3.760000e+02 |   4.79%| unknown
* 0.0s|     1 |     0 |    16 |     - |    LP  |   0 | 136 | 680 | 680 |   0 |  0 |   0 |   0 | 3.820000e+02 | 3.820000e+02 |   0.00%| unknown
  0.0s|     1 |     0 |    16 |     - |  5736k |   0 | 136 | 680 | 680 |   0 |  0 |   0 |   0 | 3.820000e+02 | 3.820000e+02 |   0.00%| unknown

SCIP Status        : problem is solved [optimal solution found]
Solving Time (sec) : 0.01
Solving Nodes      : 1
Primal Bound       : +3.82000000000000e+02 (5 solutions)
Dual Bound         : +3.82000000000000e+02
Gap                : 0.00 %
feasible solution found by trivial heuristic after 0.1 seconds, objective value -2.999888e+06
presolving:
(round 1, fast)       0 del vars, 0 del conss, 0 add conss, 60 chg bounds, 0 chg sides, 0 chg coeffs, 0 upgd conss, 0 impls, 0 clqs, 0 implints
   (0.5s) running MILP presolver
   (0.5s) MILP presolver (2 rounds): 0 aggregations, 0 fixings, 0 bound changes
(round 2, exhaustive) 0 del vars, 680 del conss, 0 add conss, 60 chg bounds, 0 chg sides, 0 chg coeffs, 0 upgd conss, 0 impls, 0 clqs, 0 implints
   (0.9s) symmetry computation started: requiring (bin +, int +, cont +), (fixed: bin -, int -, cont -)
   (1.1s) no symmetry present (symcode time: 0.01)
presolving (3 rounds: 3 fast, 2 medium, 2 exhaustive):
 0 deleted vars, 680 deleted constraints, 0 added constraints, 60 tightened bounds, 0 added holes, 0 changed sides, 0 changed coefficients
 0 implications, 0 cliques, 0 implied integral variables (0 bin, 0 int, 0 cont)
presolved problem has 166 variables (0 bin, 0 int, 166 cont) and 4760 constraints
   4760 constraints of type <linear>
Presolving Time: 1.03

 time | node  | left  |LP iter|LP it/n|mem/heur|mdpt |vars |cons |rows |cuts |sepa|confs|strbr|  dualbound   | primalbound  |  gap   | compl. 
t 1.1s|     1 |     0 |     0 |     - | trivial|   0 | 166 |4760 |   0 |   0 |  0 |   0 |   0 | 3.940000e+02 |-1.928000e+03 |    Inf | unknown
* 1.3s|     1 |     0 |   364 |     - |    LP  |   0 | 166 |4760 |4760 |   0 |  0 |   0 |   0 |-3.158009e+02 |-3.158009e+02 |   0.00%| unknown
  1.3s|     1 |     0 |   364 |     - |   323M |   0 | 166 |4760 |4760 |   0 |  0 |   0 |   0 |-3.158009e+02 |-3.158009e+02 |   0.00%| unknown

SCIP Status        : problem is solved [optimal solution found]
Solving Time (sec) : 1.28
Solving Nodes      : 1
Primal Bound       : -3.15800945378151e+02 (3 solutions)
Dual Bound         : -3.15800945378151e+02
Gap                : 0.00 %
feasible solution found by trivial heuristic after 0.0 seconds, objective value -2.999888e+06
presolving:
(round 1, fast)       0 del vars, 0 del conss, 0 add conss, 60 chg bounds, 0 chg sides, 0 chg coeffs, 0 upgd conss, 0 impls, 0 clqs, 0 implints
   (0.3s) running MILP presolver
   (0.4s) MILP presolver (2 rounds): 0 aggregations, 0 fixings, 0 bound changes
(round 2, exhaustive) 0 del vars, 680 del conss, 0 add conss, 60 chg bounds, 0 chg sides, 0 chg coeffs, 0 upgd conss, 0 impls, 0 clqs, 0 implints
   (0.9s) probing: 51/136 (37.5%) - 0 fixings, 0 aggregations, 0 implications, 0 bound changes
   (0.9s) probing aborted: 50/50 successive totally useless probings
   (0.9s) symmetry computation started: requiring (bin +, int +, cont +), (fixed: bin -, int -, cont -)
   (1.1s) no symmetry present (symcode time: 0.01)
presolving (3 rounds: 3 fast, 2 medium, 2 exhaustive):
 0 deleted vars, 680 deleted constraints, 0 added constraints, 60 tightened bounds, 0 added holes, 0 changed sides, 0 changed coefficients
 0 implications, 0 cliques, 0 implied integral variables (0 bin, 0 int, 0 cont)
presolved problem has 166 variables (136 bin, 0 int, 30 cont) and 4760 constraints
   4760 constraints of type <linear>
Presolving Time: 1.06

 time | node  | left  |LP iter|LP it/n|mem/heur|mdpt |vars |cons |rows |cuts |sepa|confs|strbr|  dualbound   | primalbound  |  gap   | compl. 
t 1.1s|     1 |     0 |     0 |     - | trivial|   0 | 166 |4760 |   0 |   0 |  0 |   0 |   0 | 3.940000e+02 |-1.928000e+03 |    Inf | unknown
p 1.4s|     1 |     0 |    29 |     - |   locks|   0 | 166 |4760 |4760 |   0 |  0 |   0 |   0 | 3.940000e+02 |-6.470368e+02 |    Inf | unknown
  1.5s|     1 |     0 |   393 |     - |   324M |   0 | 166 |4760 |4760 |   0 |  0 |   0 |   0 |-3.158009e+02 |-6.470368e+02 | 104.89%| unknown
r 1.5s|     1 |     0 |   393 |     - |shifting|   0 | 166 |4760 |4760 |   0 |  0 |   0 |   0 |-3.158009e+02 |-3.512794e+02 |  11.23%| unknown
  1.6s|     1 |     0 |   395 |     - |   325M |   0 | 166 |4760 |4761 |   1 |  1 |   0 |   0 |-3.158183e+02 |-3.512794e+02 |  11.23%| unknown
r 1.7s|     1 |     0 |   395 |     - |shifting|   0 | 166 |4760 |4761 |   1 |  1 |   0 |   0 |-3.158183e+02 |-3.478571e+02 |  10.14%| unknown
  1.7s|     1 |     0 |   399 |     - |   326M |   0 | 166 |4760 |4762 |   2 |  2 |   0 |   0 |-3.158356e+02 |-3.478571e+02 |  10.14%| unknown
r 1.7s|     1 |     0 |   399 |     - |shifting|   0 | 166 |4760 |4762 |   2 |  2 |   0 |   0 |-3.158356e+02 |-3.470084e+02 |   9.87%| unknown
  1.8s|     1 |     0 |   401 |     - |   326M |   0 | 166 |4760 |4763 |   3 |  3 |   0 |   0 |-3.158529e+02 |-3.470084e+02 |   9.86%| unknown
  1.9s|     1 |     0 |   404 |     - |   327M |   0 | 166 |4760 |4764 |   4 |  4 |   0 |   0 |-3.158703e+02 |-3.470084e+02 |   9.86%| unknown
  2.0s|     1 |     0 |   412 |     - |   327M |   0 | 166 |4760 |4765 |   5 |  5 |   0 |   0 |-3.158868e+02 |-3.470084e+02 |   9.85%| unknown
  2.1s|     1 |     0 |   414 |     - |   328M |   0 | 166 |4760 |4766 |   6 |  6 |   0 |   0 |-3.158985e+02 |-3.470084e+02 |   9.85%| unknown
r 2.1s|     1 |     0 |   414 |     - |shifting|   0 | 166 |4760 |4766 |   6 |  6 |   0 |   0 |-3.158985e+02 |-3.448434e+02 |   9.16%| unknown
  2.2s|     1 |     0 |   418 |     - |   328M |   0 | 166 |4760 |4767 |   7 |  7 |   0 |   0 |-3.159093e+02 |-3.448434e+02 |   9.16%| unknown
  2.3s|     1 |     0 |   422 |     - |   329M |   0 | 166 |4760 |4768 |   8 |  8 |   0 |   0 |-3.159277e+02 |-3.448434e+02 |   9.15%| unknown
 time | node  | left  |LP iter|LP it/n|mem/heur|mdpt |vars |cons |rows |cuts |sepa|confs|strbr|  dualbound   | primalbound  |  gap   | compl. 
  2.4s|     1 |     0 |   437 |     - |   329M |   0 | 166 |4760 |4769 |   9 |  9 |   0 |   0 |-3.159393e+02 |-3.448434e+02 |   9.15%| unknown
  2.5s|     1 |     0 |   454 |     - |   330M |   0 | 166 |4760 |4770 |  10 | 10 |   0 |   0 |-3.159547e+02 |-3.448434e+02 |   9.14%| unknown
r 2.6s|     1 |     0 |   527 |     - |intshift|   0 | 166 |4760 |4770 |  10 | 11 |   0 |   0 |-3.159547e+02 |-3.218015e+02 |   1.85%| unknown
d 2.6s|     1 |     0 |   569 |     - |farkasdi|   0 | 166 |4760 |4770 |   0 | 11 |   0 |   0 |-3.159547e+02 |-3.161765e+02 |   0.07%| unknown
  2.8s|     1 |     0 |   569 |     - |   330M |   0 | 166 |4760 |4770 |  10 | 11 |   0 |   0 |-3.159547e+02 |-3.161765e+02 |   0.07%| unknown
  2.9s|     1 |     0 |   569 |     - |   330M |   0 | 166 |4760 |4255 |  10 | 11 |   0 |   0 |-3.159547e+02 |-3.161765e+02 |   0.07%| unknown
  2.9s|     1 |     0 |   569 |     - |   331M |   0 | 166 |3483 |4255 |  10 | 12 |   0 |   0 |-3.159547e+02 |-3.161765e+02 |   0.07%| unknown
(run 1, node 1) restarting after 105 global fixings of integer variables

(restart) converted 10 cuts from the global cut pool into linear constraints

presolving:
(round 1, fast)       105 del vars, 0 del conss, 0 add conss, 0 chg bounds, 189 chg sides, 217 chg coeffs, 0 upgd conss, 0 impls, 83 clqs, 0 implints
(round 2, fast)       105 del vars, 0 del conss, 0 add conss, 30 chg bounds, 189 chg sides, 217 chg coeffs, 0 upgd conss, 0 impls, 83 clqs, 0 implints
   (3.0s) running MILP presolver
   (3.1s) MILP presolver (3 rounds): 0 aggregations, 0 fixings, 30 bound changes
(round 3, medium)     105 del vars, 0 del conss, 0 add conss, 60 chg bounds, 189 chg sides, 217 chg coeffs, 0 upgd conss, 0 impls, 83 clqs, 0 implints
(round 4, fast)       105 del vars, 24 del conss, 0 add conss, 60 chg bounds, 386 chg sides, 620 chg coeffs, 0 upgd conss, 0 impls, 83 clqs, 0 implints
(round 5, exhaustive) 105 del vars, 24 del conss, 0 add conss, 60 chg bounds, 386 chg sides, 620 chg coeffs, 83 upgd conss, 0 impls, 83 clqs, 0 implints
presolving (6 rounds: 6 fast, 3 medium, 2 exhaustive):
 105 deleted vars, 24 deleted constraints, 0 added constraints, 60 tightened bounds, 0 added holes, 386 changed sides, 620 changed coefficients
 0 implications, 83 cliques, 0 implied integral variables (0 bin, 0 int, 0 cont)
presolved problem has 61 variables (31 bin, 0 int, 30 cont) and 3469 constraints
     83 constraints of type <setppc>
   3386 constraints of type <linear>
Presolving Time: 1.27
transformed 15/18 original solutions to the transformed problem space

 time | node  | left  |LP iter|LP it/n|mem/heur|mdpt |vars |cons |rows |cuts |sepa|confs|strbr|  dualbound   | primalbound  |  gap   | compl. 
  3.4s|     1 |     0 |   849 |     - |   330M |   0 |  61 |3473 |3469 |   0 |  0 |   3 |   0 |-3.159547e+02 |-3.161765e+02 |   0.07%| unknown
  3.4s|     1 |     0 |   849 |     - |   330M |   0 |  61 |3473 |3427 |   0 |  0 |   3 |   0 |-3.159547e+02 |-3.161765e+02 |   0.07%| unknown
  3.4s|     1 |     0 |   856 |     - |   330M |   0 |  61 |3457 |3394 |   1 |  1 |   3 |   0 |-3.159608e+02 |-3.161765e+02 |   0.07%| unknown
  3.4s|     1 |     0 |   863 |     - |   330M |   0 |  61 |3448 |3395 |   2 |  2 |   3 |   0 |-3.159727e+02 |-3.161765e+02 |   0.06%| unknown
  3.5s|     1 |     0 |   867 |     - |   331M |   0 |  61 |3448 |3396 |   3 |  3 |   3 |   0 |-3.159853e+02 |-3.161765e+02 |   0.06%| unknown
  3.5s|     1 |     0 |   882 |     - |   331M |   0 |  61 |3448 |3397 |   4 |  4 |   3 |   0 |-3.159914e+02 |-3.161765e+02 |   0.06%| unknown
  3.5s|     1 |     0 |   891 |     - |   331M |   0 |  61 |3448 |3398 |   5 |  5 |   3 |   0 |-3.159963e+02 |-3.161765e+02 |   0.06%| unknown
  3.5s|     1 |     0 |   897 |     - |   332M |   0 |  61 |3448 |3399 |   6 |  6 |   3 |   0 |-3.159977e+02 |-3.161765e+02 |   0.06%| unknown
  3.6s|     1 |     0 |   900 |     - |   332M |   0 |  61 |3448 |3401 |   8 |  7 |   3 |   0 |-3.160028e+02 |-3.161765e+02 |   0.05%| unknown
  3.6s|     1 |     0 |   909 |     - |   332M |   0 |  61 |3448 |3403 |  10 |  8 |   3 |   0 |-3.160119e+02 |-3.161765e+02 |   0.05%| unknown
  3.6s|     1 |     0 |   915 |     - |   333M |   0 |  61 |3448 |3404 |  11 |  9 |   3 |   0 |-3.160165e+02 |-3.161765e+02 |   0.05%| unknown
  3.7s|     1 |     0 |   925 |     - |   333M |   0 |  61 |3448 |3405 |  12 | 10 |   3 |   0 |-3.160229e+02 |-3.161765e+02 |   0.05%| unknown
  3.7s|     1 |     0 |   929 |     - |   333M |   0 |  61 |3448 |3406 |  13 | 11 |   3 |   0 |-3.160232e+02 |-3.161765e+02 |   0.05%| unknown
  3.7s|     1 |     0 |   929 |     - |   334M |   0 |  61 |3222 |3406 |  13 | 11 |   3 |   0 |-3.160232e+02 |-3.161765e+02 |   0.05%| unknown
  3.8s|     1 |     0 |   969 |     - |   334M |   0 |  61 |3223 |3406 |  13 | 12 |   5 |   0 |-3.161765e+02 |-3.161765e+02 |   0.00%| unknown

SCIP Status        : problem is solved [optimal solution found]
Solving Time (sec) : 3.76
Solving Nodes      : 1 (total of 2 nodes in 2 runs)
Primal Bound       : -3.16176470588235e+02 (30 solutions)
Dual Bound         : -3.16176470588235e+02
Gap                : 0.00 %
feasible solution found by trivial heuristic after 0.0 seconds, objective value 0.000000e+00
presolving:
   (0.0s) symmetry computation started: requiring (bin +, int +, cont +), (fixed: bin -, int -, cont -)
   (0.0s) symmetry computation finished: 29 generators found (max: 1500, log10 of symmetry group size: 32.42) (symcode time: 0.00)
dynamic symmetry handling statistics:
   orbitopal reduction:       no components
   orbital reduction:         no components
   lexicographic reduction:   no permutations
handled 1 out of 1 symmetry components
presolving (0 rounds: 0 fast, 0 medium, 0 exhaustive):
 0 deleted vars, 0 deleted constraints, 0 added constraints, 0 tightened bounds, 0 added holes, 0 changed sides, 0 changed coefficients
 0 implications, 0 cliques, 0 implied integral variables (0 bin, 0 int, 0 cont)
presolved problem has 166 variables (136 bin, 0 int, 30 cont) and 1389 constraints
   1389 constraints of type <linear>
Presolving Time: 0.00
transformed 2/2 original solutions to the transformed problem space

 time | node  | left  |LP iter|LP it/n|mem/heur|mdpt |vars |cons |rows |cuts |sepa|confs|strbr|  dualbound   | primalbound  |  gap   | compl. 
t 0.0s|     1 |     0 |     0 |     - | trivial|   0 | 166 |1360 |   0 |   0 |  0 |   0 |   0 | 3.940000e+02 | 1.120000e+02 | 251.79%| unknown
p 0.0s|     1 |     0 |     0 |     - |   locks|   0 | 166 |1360 |1360 |   0 |  0 |   0 |   0 | 3.940000e+02 | 1.660000e+02 | 137.35%| unknown
i 0.0s|     1 |     0 |     0 |     - |  oneopt|   0 | 166 |1360 |1360 |   0 |  0 |   0 |   0 | 3.940000e+02 | 2.420000e+02 |  62.81%| unknown
* 0.0s|     1 |     0 |    16 |     - |    LP  |   0 | 166 |1360 |1360 |   0 |  0 |   0 |   0 | 3.820000e+02 | 3.820000e+02 |   0.00%| unknown
  0.0s|     1 |     0 |    16 |     - |  7244k |   0 | 166 |1360 |1360 |   0 |  0 |   0 |   0 | 3.820000e+02 | 3.820000e+02 |   0.00%| unknown

SCIP Status        : problem is solved [optimal solution found]
Solving Time (sec) : 0.01
Solving Nodes      : 1
Primal Bound       : +3.82000000000000e+02 (6 solutions)
Dual Bound         : +3.82000000000000e+02
Gap                : 0.00 %
  [linear] <c1361>: <x137>[C] (+0) -0.584558824<x1>[B] (+1) -0.584558824<x2>[B] (+1) -0.584558824<x3>[B] (+1) -0.584558824<x4>[B] (+1) -0.584558824<x5>[B] (+0) -0.584558824<x6>[B] (+1) -0.584558824<x7>[B] (+0) -0.584558824<x8>[B] (+1) -0.584558824<x9>[B] (+1) -0.584558824<x10>[B] (+1) -0.584558824<x11>[B] (+1) -0.584558824<x12>[B] (+1) -0.584558824<x13>[B] (+1) -0.584558824<x14>[B] (+1) -0.584558824<x15>[B] (+1) -0.584558824<x16>[B] (+1) -0.584558824<x17>[B] (+1) -0.584558824<x18>[B] (+1) -0.584558824<x19>[B] (+0) -0.584558824<x20>[B] (+0) -0.584558824<x21>[B] (+1) -0.584558824<x22>[B] (+0) -0.584558824<x23>[B] (+1) -0.584558824<x24>[B] (+0) -0.584558824<x25>[B] (+1) -0.584558824<x26>[B] (+0) -0.584558824<x27>[B] (+1) -0.584558824<x28>[B] (+1) -0.584558824<x29>[B] (+1) -0.584558824<x30>[B] (+1) -0.584558824<x31>[B] (+1) -0.584558824<x32>[B] (+1) -0.584558824<x33>[B] (+0) -0.584558824<x34>[B] (+0) -0.584558824<x35>[B] (+1) -0.584558824<x36>[B] (+0) -0.584558824<x37>[B] (+1) -0.584558824<x38>[B] (+0) -0.584558824<x39>[B] (+1) -0.584558824<x40>[B] (+0) -0.584558824<x41>[B] (+1) -0.584558824<x42>[B] (+1) -0.584558824<x43>[B] (+1) -0.584558824<x44>[B] (+0) -0.584558824<x45>[B] (+1) +0.584558824<x46>[B] (+0) -0.584558824<x47>[B] (+0) +0.584558824<x48>[B] (+0) -0.584558824<x49>[B] (+0) +0.584558824<x50>[B] (+0) +0.584558824<x51>[B] (+0) +0.584558824<x52>[B] (+0) +0.584558824<x53>[B] (+0) +0.584558824<x54>[B] (+0) +0.584558824<x55>[B] (+0) +0.584558824<x56>[B] (+0) +0.584558824<x57>[B] (+0) +0.584558824<x58>[B] (+0) -0.584558824<x59>[B] (+0) +0.584558824<x60>[B] (+1) -0.584558824<x61>[B] (+0) +0.584558824<x62>[B] (+1) +0.584558824<x63>[B] (+0) +0.584558824<x64>[B] (+1) +0.584558824<x65>[B] (+0) +0.584558824<x66>[B] (+1) +0.584558824<x67>[B] (+1) +0.584558824<x68>[B] (+1) +0.584558824<x69>[B] (+1) +0.584558824<x70>[B] (+1) +0.584558824<x71>[B] (+1) +0.584558824<x72>[B] (+0) +0.584558824<x73>[B] (+1) +0.584558824<x74>[B] (+1) +0.584558824<x75>[B] (+1) +0.584558824<x76>[B] (+1) +0.584558824<x77>[B] (+1) +0.584558824<x78>[B] (+1) +0.584558824<x79>[B] (+1) +0.584558824<x80>[B] (+1) +0.584558824<x81>[B] (+1) -0.584558824<x82>[B] (+0) +0.584558824<x83>[B] (+1) +0.584558824<x84>[B] (+0) -0.584558824<x85>[B] (+1) +0.584558824<x86>[B] (+0) +0.584558824<x87>[B] (+0) +0.584558824<x88>[B] (+1) -0.584558824<x89>[B] (+1) +0.584558824<x90>[B] (+0) +0.584558824<x91>[B] (+0) +0.584558824<x92>[B] (+1) +0.584558824<x93>[B] (+1) +0.584558824<x94>[B] (+1) +0.584558824<x95>[B] (+1) +0.584558824<x96>[B] (+1) +0.584558824<x97>[B] (+1) +0.584558824<x98>[B] (+1) +0.584558824<x99>[B] (+1) +0.584558824<x100>[B] (+1) +0.584558824<x101>[B] (+0) -0.584558824<x102>[B] (+1) -0.584558824<x103>[B] (+0) +0.584558824<x104>[B] (+0) +0.584558824<x105>[B] (+0) -0.584558824<x106>[B] (+1) +0.584558824<x107>[B] (+0) +0.584558824<x108>[B] (+0) -0.584558824<x109>[B] (+1) -0.584558824<x110>[B] (+1) +0.584558824<x111>[B] (+1) -0.584558824<x112>[B] (+1) -0.584558824<x113>[B] (+1) +0.584558824<x114>[B] (+1) -0.584558824<x115>[B] (+1) +0.584558824<x116>[B] (+0) +0.584558824<x117>[B] (+0) +0.584558824<x118>[B] (+0) +0.584558824<x119>[B] (+0) +0.584558824<x120>[B] (+0) +0.584558824<x121>[B] (+0) +0.584558824<x122>[B] (+1) +0.584558824<x123>[B] (+1) -0.584558824<x124>[B] (+1) +0.584558824<x125>[B] (+1) +0.584558824<x126>[B] (+1) -0.584558824<x127>[B] (+1) -0.584558824<x128>[B] (+1) -0.584558824<x129>[B] (+0) -0.584558824<x130>[B] (+0) -0.584558824<x131>[B] (+1) +0.584558824<x132>[B] (+0) +0.584558824<x133>[B] (+0) +0.584558824<x134>[B] (+0) +0.584558824<x135>[B] (+0) -0.584558824<x136>[B] (+1) >= 17.0992647058824;
;
violation: left hand side is violated by 23.5294117647059
  [linear] <c1361>: <x137>[C] (+0) -0.584558824<x1>[B] (+1) -0.584558824<x2>[B] (+1) -0.584558824<x3>[B] (+1) -0.584558824<x4>[B] (+1) -0.584558824<x5>[B] (+0) -0.584558824<x6>[B] (+1) -0.584558824<x7>[B] (+1) -0.584558824<x8>[B] (+1) -0.584558824<x9>[B] (+1) -0.584558824<x10>[B] (+1) -0.584558824<x11>[B] (+1) -0.584558824<x12>[B] (+1) -0.584558824<x13>[B] (+1) -0.584558824<x14>[B] (+1) -0.584558824<x15>[B] (+1) -0.584558824<x16>[B] (+1) -0.584558824<x17>[B] (+0) -0.584558824<x18>[B] (+1) -0.584558824<x19>[B] (+0) -0.584558824<x20>[B] (+0) -0.584558824<x21>[B] (+1) -0.584558824<x22>[B] (+0) -0.584558824<x23>[B] (+1) -0.584558824<x24>[B] (+0) -0.584558824<x25>[B] (+0) -0.584558824<x26>[B] (+1) -0.584558824<x27>[B] (+0) -0.584558824<x28>[B] (+1) -0.584558824<x29>[B] (+0) -0.584558824<x30>[B] (+1) -0.584558824<x31>[B] (+1) -0.584558824<x32>[B] (+1) -0.584558824<x33>[B] (+0) -0.584558824<x34>[B] (+0) -0.584558824<x35>[B] (+1) -0.584558824<x36>[B] (+1) -0.584558824<x37>[B] (+1) -0.584558824<x38>[B] (+1) -0.584558824<x39>[B] (+1) -0.584558824<x40>[B] (+1) -0.584558824<x41>[B] (+1) -0.584558824<x42>[B] (+1) -0.584558824<x43>[B] (+1) -0.584558824<x44>[B] (+1) -0.584558824<x45>[B] (+1) +0.584558824<x46>[B] (+0) -0.584558824<x47>[B] (+0) +0.584558824<x48>[B] (+0) -0.584558824<x49>[B] (+0) +0.584558824<x50>[B] (+0) +0.584558824<x51>[B] (+0) +0.584558824<x52>[B] (+0) +0.584558824<x53>[B] (+0) +0.584558824<x54>[B] (+0) +0.584558824<x55>[B] (+0) +0.584558824<x56>[B] (+0) +0.584558824<x57>[B] (+0) +0.584558824<x58>[B] (+0) -0.584558824<x59>[B] (+0) +0.584558824<x60>[B] (+1) -0.584558824<x61>[B] (+1) +0.584558824<x62>[B] (+1) +0.584558824<x63>[B] (+1) +0.584558824<x64>[B] (+1) +0.584558824<x65>[B] (+1) +0.584558824<x66>[B] (+1) +0.584558824<x67>[B] (+1) +0.584558824<x68>[B] (+1) +0.584558824<x69>[B] (+1) +0.584558824<x70>[B] (+1) +0.584558824<x71>[B] (+1) +0.584558824<x72>[B] (+1) +0.584558824<x73>[B] (+1) +0.584558824<x74>[B] (+1) +0.584558824<x75>[B] (+1) +0.584558824<x76>[B] (+1) +0.584558824<x77>[B] (+1) +0.584558824<x78>[B] (+1) +0.584558824<x79>[B] (+1) +0.584558824<x80>[B] (+1) +0.584558824<x81>[B] (+1) -0.584558824<x82>[B] (+0) +0.584558824<x83>[B] (+1) +0.584558824<x84>[B] (+0) -0.584558824<x85>[B] (+0) +0.584558824<x86>[B] (+0) +0.584558824<x87>[B] (+0) +0.584558824<x88>[B] (+1) -0.584558824<x89>[B] (+0) +0.584558824<x90>[B] (+0) +0.584558824<x91>[B] (+1) +0.584558824<x92>[B] (+1) +0.584558824<x93>[B] (+1) +0.584558824<x94>[B] (+0) +0.584558824<x95>[B] (+1) +0.584558824<x96>[B] (+0) +0.584558824<x97>[B] (+1) +0.584558824<x98>[B] (+0) +0.584558824<x99>[B] (+1) +0.584558824<x100>[B] (+1) +0.584558824<x101>[B] (+0) -0.584558824<x102>[B] (+0) -0.584558824<x103>[B] (+0) +0.584558824<x104>[B] (+0) +0.584558824<x105>[B] (+0) -0.584558824<x106>[B] (+0) +0.584558824<x107>[B] (+0) +0.584558824<x108>[B] (+0) -0.584558824<x109>[B] (+0) -0.584558824<x110>[B] (+1) +0.584558824<x111>[B] (+0) -0.584558824<x112>[B] (+1) -0.584558824<x113>[B] (+0) +0.584558824<x114>[B] (+1) -0.584558824<x115>[B] (+1) +0.584558824<x116>[B] (+1) +0.584558824<x117>[B] (+1) +0.584558824<x118>[B] (+1) +0.584558824<x119>[B] (+1) +0.584558824<x120>[B] (+1) +0.584558824<x121>[B] (+1) +0.584558824<x122>[B] (+0) +0.584558824<x123>[B] (+1) -0.584558824<x124>[B] (+0) +0.584558824<x125>[B] (+0) +0.584558824<x126>[B] (+1) -0.584558824<x127>[B] (+1) -0.584558824<x128>[B] (+1) -0.584558824<x129>[B] (+1) -0.584558824<x130>[B] (+1) -0.584558824<x131>[B] (+0) +0.584558824<x132>[B] (+0) +0.584558824<x133>[B] (+0) +0.584558824<x134>[B] (+1) +0.584558824<x135>[B] (+1) -0.584558824<x136>[B] (+1) >= 17.0992647058824;
;
violation: left hand side is violated by 18.2683823529412
  [linear] <c1361>: <x137>[C] (+0) -0.584558824<x1>[B] (+1) -0.584558824<x2>[B] (+1) -0.584558824<x3>[B] (+1) -0.584558824<x4>[B] (+1) -0.584558824<x5>[B] (+1) -0.584558824<x6>[B] (+1) -0.584558824<x7>[B] (+1) -0.584558824<x8>[B] (+1) -0.584558824<x9>[B] (+1) -0.584558824<x10>[B] (+1) -0.584558824<x11>[B] (+1) -0.584558824<x12>[B] (+1) -0.584558824<x13>[B] (+1) -0.584558824<x14>[B] (+1) -0.584558824<x15>[B] (+1) -0.584558824<x16>[B] (+1) -0.584558824<x17>[B] (+0) -0.584558824<x18>[B] (+1) -0.584558824<x19>[B] (+0) -0.584558824<x20>[B] (+0) -0.584558824<x21>[B] (+1) -0.584558824<x22>[B] (+0) -0.584558824<x23>[B] (+0) -0.584558824<x24>[B] (+0) -0.584558824<x25>[B] (+0) -0.584558824<x26>[B] (+1) -0.584558824<x27>[B] (+0) -0.584558824<x28>[B] (+1) -0.584558824<x29>[B] (+0) -0.584558824<x30>[B] (+0) -0.584558824<x31>[B] (+1) -0.584558824<x32>[B] (+1) -0.584558824<x33>[B] (+1) -0.584558824<x34>[B] (+1) -0.584558824<x35>[B] (+1) -0.584558824<x36>[B] (+1) -0.584558824<x37>[B] (+1) -0.584558824<x38>[B] (+1) -0.584558824<x39>[B] (+1) -0.584558824<x40>[B] (+1) -0.584558824<x41>[B] (+1) -0.584558824<x42>[B] (+1) -0.584558824<x43>[B] (+1) -0.584558824<x44>[B] (+1) -0.584558824<x45>[B] (+1) +0.584558824<x46>[B] (+0) -0.584558824<x47>[B] (+0) +0.584558824<x48>[B] (+1) -0.584558824<x49>[B] (+0) +0.584558824<x50>[B] (+0) +0.584558824<x51>[B] (+0) +0.584558824<x52>[B] (+0) +0.584558824<x53>[B] (+1) +0.584558824<x54>[B] (+0) +0.584558824<x55>[B] (+0) +0.584558824<x56>[B] (+0) +0.584558824<x57>[B] (+0) +0.584558824<x58>[B] (+1) -0.584558824<x59>[B] (+1) +0.584558824<x60>[B] (+1) -0.584558824<x61>[B] (+1) +0.584558824<x62>[B] (+1) +0.584558824<x63>[B] (+1) +0.584558824<x64>[B] (+1) +0.584558824<x65>[B] (+1) +0.584558824<x66>[B] (+1) +0.584558824<x67>[B] (+1) +0.584558824<x68>[B] (+1) +0.584558824<x69>[B] (+1) +0.584558824<x70>[B] (+1) +0.584558824<x71>[B] (+1) +0.584558824<x72>[B] (+1) +0.584558824<x73>[B] (+1) +0.584558824<x74>[B] (+1) +0.584558824<x75>[B] (+1) +0.584558824<x76>[B] (+1) +0.584558824<x77>[B] (+1) +0.584558824<x78>[B] (+1) +0.584558824<x79>[B] (+1) +0.584558824<x80>[B] (+1) +0.584558824<x81>[B] (+1) -0.584558824<x82>[B] (+0) +0.584558824<x83>[B] (+0) +0.584558824<x84>[B] (+0) -0.584558824<x85>[B] (+0) +0.584558824<x86>[B] (+1) +0.584558824<x87>[B] (+0) +0.584558824<x88>[B] (+0) -0.584558824<x89>[B] (+0) +0.584558824<x90>[B] (+0) +0.584558824<x91>[B] (+1) +0.584558824<x92>[B] (+1) +0.584558824<x93>[B] (+1) +0.584558824<x94>[B] (+0) +0.584558824<x95>[B] (+1) +0.584558824<x96>[B] (+0) +0.584558824<x97>[B] (+1) +0.584558824<x98>[B] (+0) +0.584558824<x99>[B] (+0) +0.584558824<x100>[B] (+1) +0.584558824<x101>[B] (+1) -0.584558824<x102>[B] (+0) -0.584558824<x103>[B] (+1) +0.584558824<x104>[B] (+0) +0.584558824<x105>[B] (+1) -0.584558824<x106>[B] (+0) +0.584558824<x107>[B] (+0) +0.584558824<x108>[B] (+1) -0.584558824<x109>[B] (+0) -0.584558824<x110>[B] (+1) +0.584558824<x111>[B] (+0) -0.584558824<x112>[B] (+1) -0.584558824<x113>[B] (+0) +0.584558824<x114>[B] (+0) -0.584558824<x115>[B] (+1) +0.584558824<x116>[B] (+1) +0.584558824<x117>[B] (+1) +0.584558824<x118>[B] (+1) +0.584558824<x119>[B] (+1) +0.584558824<x120>[B] (+1) +0.584558824<x121>[B] (+1) +0.584558824<x122>[B] (+0) +0.584558824<x123>[B] (+0) -0.584558824<x124>[B] (+0) +0.584558824<x125>[B] (+0) +0.584558824<x126>[B] (+1) -0.584558824<x127>[B] (+1) -0.584558824<x128>[B] (+1) -0.584558824<x129>[B] (+1) -0.584558824<x130>[B] (+1) -0.584558824<x131>[B] (+0) +0.584558824<x132>[B] (+0) +0.584558824<x133>[B] (+1) +0.584558824<x134>[B] (+1) +0.584558824<x135>[B] (+1) -0.584558824<x136>[B] (+1) >= 17.0992647058824;
;
violation: left hand side is violated by 18.2683823529412
  [linear] <c1361>: <x137>[C] (+0) -0.584558824<x1>[B] (+1) -0.584558824<x2>[B] (+1) -0.584558824<x3>[B] (+1) -0.584558824<x4>[B] (+1) -0.584558824<x5>[B] (+1) -0.584558824<x6>[B] (+1) -0.584558824<x7>[B] (+1) -0.584558824<x8>[B] (+1) -0.584558824<x9>[B] (+1) -0.584558824<x10>[B] (+1) -0.584558824<x11>[B] (+1) -0.584558824<x12>[B] (+1) -0.584558824<x13>[B] (+1) -0.584558824<x14>[B] (+1) -0.584558824<x15>[B] (+1) -0.584558824<x16>[B] (+1) -0.584558824<x17>[B] (+1) -0.584558824<x18>[B] (+1) -0.584558824<x19>[B] (+1) -0.584558824<x20>[B] (+1) -0.584558824<x21>[B] (+1) -0.584558824<x22>[B] (+1) -0.584558824<x23>[B] (+1) -0.584558824<x24>[B] (+1) -0.584558824<x25>[B] (+1) -0.584558824<x26>[B] (+1) -0.584558824<x27>[B] (+1) -0.584558824<x28>[B] (+1) -0.584558824<x29>[B] (+1) -0.584558824<x30>[B] (+1) -0.584558824<x31>[B] (+1) -0.584558824<x32>[B] (+1) -0.584558824<x33>[B] (+1) -0.584558824<x34>[B] (+1) -0.584558824<x35>[B] (+1) -0.584558824<x36>[B] (+1) -0.584558824<x37>[B] (+1) -0.584558824<x38>[B] (+1) -0.584558824<x39>[B] (+1) -0.584558824<x40>[B] (+1) -0.584558824<x41>[B] (+1) -0.584558824<x42>[B] (+1) -0.584558824<x43>[B] (+1) -0.584558824<x44>[B] (+1) -0.584558824<x45>[B] (+1) +0.584558824<x46>[B] (+1) -0.584558824<x47>[B] (+1) +0.584558824<x48>[B] (+1) -0.584558824<x49>[B] (+1) +0.584558824<x50>[B] (+1) +0.584558824<x51>[B] (+1) +0.584558824<x52>[B] (+1) +0.584558824<x53>[B] (+1) +0.584558824<x54>[B] (+1) +0.584558824<x55>[B] (+1) +0.584558824<x56>[B] (+1) +0.584558824<x57>[B] (+1) +0.584558824<x58>[B] (+1) -0.584558824<x59>[B] (+1) +0.584558824<x60>[B] (+1) -0.584558824<x61>[B] (+1) +0.584558824<x62>[B] (+1) +0.584558824<x63>[B] (+1) +0.584558824<x64>[B] (+1) +0.584558824<x65>[B] (+1) +0.584558824<x66>[B] (+1) +0.584558824<x67>[B] (+1) +0.584558824<x68>[B] (+1) +0.584558824<x69>[B] (+1) +0.584558824<x70>[B] (+1) +0.584558824<x71>[B] (+1) +0.584558824<x72>[B] (+1) +0.584558824<x73>[B] (+1) +0.584558824<x74>[B] (+1) +0.584558824<x75>[B] (+1) +0.584558824<x76>[B] (+1) +0.584558824<x77>[B] (+1) +0.584558824<x78>[B] (+1) +0.584558824<x79>[B] (+1) +0.584558824<x80>[B] (+1) +0.584558824<x81>[B] (+1) -0.584558824<x82>[B] (+1) +0.584558824<x83>[B] (+1) +0.584558824<x84>[B] (+1) -0.584558824<x85>[B] (+1) +0.584558824<x86>[B] (+1) +0.584558824<x87>[B] (+1) +0.584558824<x88>[B] (+1) -0.584558824<x89>[B] (+1) +0.584558824<x90>[B] (+1) +0.584558824<x91>[B] (+1) +0.584558824<x92>[B] (+1) +0.584558824<x93>[B] (+1) +0.584558824<x94>[B] (+1) +0.584558824<x95>[B] (+1) +0.584558824<x96>[B] (+1) +0.584558824<x97>[B] (+1) +0.584558824<x98>[B] (+1) +0.584558824<x99>[B] (+1) +0.584558824<x100>[B] (+1) +0.584558824<x101>[B] (+1) -0.584558824<x102>[B] (+1) -0.584558824<x103>[B] (+1) +0.584558824<x104>[B] (+1) +0.584558824<x105>[B] (+1) -0.584558824<x106>[B] (+1) +0.584558824<x107>[B] (+1) +0.584558824<x108>[B] (+1) -0.584558824<x109>[B] (+1) -0.584558824<x110>[B] (+1) +0.584558824<x111>[B] (+1) -0.584558824<x112>[B] (+1) -0.584558824<x113>[B] (+1) +0.584558824<x114>[B] (+1) -0.584558824<x115>[B] (+1) +0.584558824<x116>[B] (+1) +0.584558824<x117>[B] (+1) +0.584558824<x118>[B] (+1) +0.584558824<x119>[B] (+1) +0.584558824<x120>[B] (+1) +0.584558824<x121>[B] (+1) +0.584558824<x122>[B] (+1) +0.584558824<x123>[B] (+1) -0.584558824<x124>[B] (+1) +0.584558824<x125>[B] (+1) +0.584558824<x126>[B] (+1) -0.584558824<x127>[B] (+1) -0.584558824<x128>[B] (+1) -0.584558824<x129>[B] (+1) -0.584558824<x130>[B] (+1) -0.584558824<x131>[B] (+1) +0.584558824<x132>[B] (+1) +0.584558824<x133>[B] (+1) +0.584558824<x134>[B] (+1) +0.584558824<x135>[B] (+1) -0.584558824<x136>[B] (+1) >= 17.0992647058824;
;
violation: left hand side is violated by 15.9301470588235
  [linear] <c1361>: <x137>[C] (+0) -0.584558824<x1>[B] (+0) -0.584558824<x2>[B] (+0) -0.584558824<x3>[B] (+0) -0.584558824<x4>[B] (+0) -0.584558824<x5>[B] (+0) -0.584558824<x6>[B] (+0) -0.584558824<x7>[B] (+0) -0.584558824<x8>[B] (+0) -0.584558824<x9>[B] (+0) -0.584558824<x10>[B] (+0) -0.584558824<x11>[B] (+0) -0.584558824<x12>[B] (+0) -0.584558824<x13>[B] (+0) -0.584558824<x14>[B] (+0) -0.584558824<x15>[B] (+0) -0.584558824<x16>[B] (+0) -0.584558824<x17>[B] (+0) -0.584558824<x18>[B] (+0) -0.584558824<x19>[B] (+0) -0.584558824<x20>[B] (+0) -0.584558824<x21>[B] (+0) -0.584558824<x22>[B] (+0) -0.584558824<x23>[B] (+0) -0.584558824<x24>[B] (+0) -0.584558824<x25>[B] (+0) -0.584558824<x26>[B] (+0) -0.584558824<x27>[B] (+0) -0.584558824<x28>[B] (+0) -0.584558824<x29>[B] (+0) -0.584558824<x30>[B] (+0) -0.584558824<x31>[B] (+0) -0.584558824<x32>[B] (+0) -0.584558824<x33>[B] (+0) -0.584558824<x34>[B] (+0) -0.584558824<x35>[B] (+0) -0.584558824<x36>[B] (+0) -0.584558824<x37>[B] (+0) -0.584558824<x38>[B] (+0) -0.584558824<x39>[B] (+0) -0.584558824<x40>[B] (+0) -0.584558824<x41>[B] (+0) -0.584558824<x42>[B] (+0) -0.584558824<x43>[B] (+0) -0.584558824<x44>[B] (+0) -0.584558824<x45>[B] (+0) +0.584558824<x46>[B] (+0) -0.584558824<x47>[B] (+0) +0.584558824<x48>[B] (+0) -0.584558824<x49>[B] (+0) +0.584558824<x50>[B] (+0) +0.584558824<x51>[B] (+0) +0.584558824<x52>[B] (+0) +0.584558824<x53>[B] (+0) +0.584558824<x54>[B] (+0) +0.584558824<x55>[B] (+0) +0.584558824<x56>[B] (+0) +0.584558824<x57>[B] (+0) +0.584558824<x58>[B] (+0) -0.584558824<x59>[B] (+0) +0.584558824<x60>[B] (+0) -0.584558824<x61>[B] (+0) +0.584558824<x62>[B] (+0) +0.584558824<x63>[B] (+0) +0.584558824<x64>[B] (+0) +0.584558824<x65>[B] (+0) +0.584558824<x66>[B] (+0) +0.584558824<x67>[B] (+0) +0.584558824<x68>[B] (+0) +0.584558824<x69>[B] (+0) +0.584558824<x70>[B] (+0) +0.584558824<x71>[B] (+0) +0.584558824<x72>[B] (+0) +0.584558824<x73>[B] (+0) +0.584558824<x74>[B] (+0) +0.584558824<x75>[B] (+0) +0.584558824<x76>[B] (+0) +0.584558824<x77>[B] (+0) +0.584558824<x78>[B] (+0) +0.584558824<x79>[B] (+0) +0.584558824<x80>[B] (+0) +0.584558824<x81>[B] (+0) -0.584558824<x82>[B] (+0) +0.584558824<x83>[B] (+0) +0.584558824<x84>[B] (+0) -0.584558824<x85>[B] (+0) +0.584558824<x86>[B] (+0) +0.584558824<x87>[B] (+0) +0.584558824<x88>[B] (+0) -0.584558824<x89>[B] (+0) +0.584558824<x90>[B] (+0) +0.584558824<x91>[B] (+0) +0.584558824<x92>[B] (+0) +0.584558824<x93>[B] (+0) +0.584558824<x94>[B] (+0) +0.584558824<x95>[B] (+0) +0.584558824<x96>[B] (+0) +0.584558824<x97>[B] (+0) +0.584558824<x98>[B] (+0) +0.584558824<x99>[B] (+0) +0.584558824<x100>[B] (+0) +0.584558824<x101>[B] (+0) -0.584558824<x102>[B] (+0) -0.584558824<x103>[B] (+0) +0.584558824<x104>[B] (+0) +0.584558824<x105>[B] (+0) -0.584558824<x106>[B] (+0) +0.584558824<x107>[B] (+0) +0.584558824<x108>[B] (+0) -0.584558824<x109>[B] (+0) -0.584558824<x110>[B] (+0) +0.584558824<x111>[B] (+0) -0.584558824<x112>[B] (+0) -0.584558824<x113>[B] (+0) +0.584558824<x114>[B] (+0) -0.584558824<x115>[B] (+0) +0.584558824<x116>[B] (+0) +0.584558824<x117>[B] (+0) +0.584558824<x118>[B] (+0) +0.584558824<x119>[B] (+0) +0.584558824<x120>[B] (+0) +0.584558824<x121>[B] (+0) +0.584558824<x122>[B] (+0) +0.584558824<x123>[B] (+0) -0.584558824<x124>[B] (+0) +0.584558824<x125>[B] (+0) +0.584558824<x126>[B] (+0) -0.584558824<x127>[B] (+0) -0.584558824<x128>[B] (+0) -0.584558824<x129>[B] (+0) -0.584558824<x130>[B] (+0) -0.584558824<x131>[B] (+0) +0.584558824<x132>[B] (+0) +0.584558824<x133>[B] (+0) +0.584558824<x134>[B] (+0) +0.584558824<x135>[B] (+0) -0.584558824<x136>[B] (+0) >= 17.0992647058824;
;
violation: left hand side is violated by 17.0992647058824
1/6 feasible solution given by solution candidate storage, new primal bound -2.999888e+06

presolving:
   (0.0s) symmetry computation started: requiring (bin +, int +, cont +), (fixed: bin -, int -, cont -)
   (0.0s) no symmetry present (symcode time: 0.00)
presolving (0 rounds: 0 fast, 0 medium, 0 exhaustive):
 0 deleted vars, 0 deleted constraints, 0 added constraints, 0 tightened bounds, 0 added holes, 0 changed sides, 0 changed coefficients
 0 implications, 0 cliques, 0 implied integral variables (0 bin, 0 int, 0 cont)
presolved problem has 166 variables (136 bin, 0 int, 30 cont) and 1390 constraints
   1390 constraints of type <linear>
Presolving Time: 0.00
transformed 1/1 original solutions to the transformed problem space

 time | node  | left  |LP iter|LP it/n|mem/heur|mdpt |vars |cons |rows |cuts |sepa|confs|strbr|  dualbound   | primalbound  |  gap   | compl. 
p 0.0s|     1 |     0 |     8 |     - |   locks|   0 | 166 |1390 |1390 |   0 |  0 |   0 |   0 | 3.940000e+02 |-5.662610e+02 |    Inf | unknown
* 0.0s|     1 |     0 |   180 |     - |    LP  |   0 | 166 |1390 |1390 |   0 |  0 |   0 |   0 |-3.090441e+02 |-3.090441e+02 |   0.00%| unknown
  0.0s|     1 |     0 |   180 |     - |  9341k |   0 | 166 |1390 |1390 |   0 |  0 |   0 |   0 |-3.090441e+02 |-3.090441e+02 |   0.00%| unknown

SCIP Status        : problem is solved [optimal solution found]
Solving Time (sec) : 0.01
Solving Nodes      : 1
Primal Bound       : -3.09044117647059e+02 (4 solutions)
Dual Bound         : -3.09044117647059e+02
Gap                : 0.00 %
  [linear] <c1391>: <x137>[C] (+19.4375) -0.533088235<x1>[B] (+1) -0.533088235<x2>[B] (+1) -0.533088235<x3>[B] (+1) -0.533088235<x4>[B] (+1) -0.533088235<x5>[B] (+0) -0.533088235<x6>[B] (+1) -0.533088235<x7>[B] (+1) -0.533088235<x8>[B] (+1) -0.533088235<x9>[B] (+1) -0.533088235<x10>[B] (+1) -0.533088235<x11>[B] (+1) -0.533088235<x12>[B] (+1) -0.533088235<x13>[B] (+1) -0.533088235<x14>[B] (+1) -0.533088235<x15>[B] (+1) -0.533088235<x16>[B] (+1) -0.533088235<x17>[B] (+1) -0.533088235<x18>[B] (+1) -0.533088235<x19>[B] (+1) -0.533088235<x20>[B] (+0) -0.533088235<x21>[B] (+1) -0.533088235<x22>[B] (+0) -0.533088235<x23>[B] (+1) -0.533088235<x24>[B] (+0) -0.533088235<x25>[B] (+1) -0.533088235<x26>[B] (+1) -0.533088235<x27>[B] (+1) -0.533088235<x28>[B] (+1) -0.533088235<x29>[B] (+0) -0.533088235<x30>[B] (+1) -0.533088235<x31>[B] (+1) -0.533088235<x32>[B] (+1) -0.533088235<x33>[B] (+0) -0.533088235<x34>[B] (+0) -0.533088235<x35>[B] (+1) -0.533088235<x36>[B] (+0) -0.533088235<x37>[B] (+1) -0.533088235<x38>[B] (+0) -0.533088235<x39>[B] (+1) -0.533088235<x40>[B] (+1) -0.533088235<x41>[B] (+1) -0.533088235<x42>[B] (+1) -0.533088235<x43>[B] (+0) -0.533088235<x44>[B] (+0) -0.533088235<x45>[B] (+1) +0.533088235<x46>[B] (+0) -0.533088235<x47>[B] (+0) +0.533088235<x48>[B] (+0) -0.533088235<x49>[B] (+0) +0.533088235<x50>[B] (+0) +0.533088235<x51>[B] (+0) +0.533088235<x52>[B] (+0) +0.533088235<x53>[B] (+0) +0.533088235<x54>[B] (+0) +0.533088235<x55>[B] (+0) +0.533088235<x56>[B] (+0) +0.533088235<x57>[B] (+0) +0.533088235<x58>[B] (+0) -0.533088235<x59>[B] (+0) +0.533088235<x60>[B] (+1) -0.533088235<x61>[B] (+0) +0.533088235<x62>[B] (+1) +0.533088235<x63>[B] (+0) +0.533088235<x64>[B] (+1) +0.533088235<x65>[B] (+1) +0.533088235<x66>[B] (+1) +0.533088235<x67>[B] (+1) +0.533088235<x68>[B] (+0) +0.533088235<x69>[B] (+1) +0.533088235<x70>[B] (+1) +0.533088235<x71>[B] (+1) +0.533088235<x72>[B] (+1) +0.533088235<x73>[B] (+1) +0.533088235<x74>[B] (+1) +0.533088235<x75>[B] (+1) +0.533088235<x76>[B] (+1) +0.533088235<x77>[B] (+1) +0.533088235<x78>[B] (+1) +0.533088235<x79>[B] (+1) +0.533088235<x80>[B] (+1) +0.533088235<x81>[B] (+1) -0.533088235<x82>[B] (+0) +0.533088235<x83>[B] (+1) +0.533088235<x84>[B] (+0) -0.533088235<x85>[B] (+1) +0.533088235<x86>[B] (+0) +0.533088235<x87>[B] (+1) +0.533088235<x88>[B] (+1) -0.533088235<x89>[B] (+0) +0.533088235<x90>[B] (+0) +0.533088235<x91>[B] (+1) +0.533088235<x92>[B] (+1) +0.533088235<x93>[B] (+0) +0.533088235<x94>[B] (+1) +0.533088235<x95>[B] (+1) +0.533088235<x96>[B] (+1) +0.533088235<x97>[B] (+1) +0.533088235<x98>[B] (+0) +0.533088235<x99>[B] (+1) +0.533088235<x100>[B] (+1) +0.533088235<x101>[B] (+0) -0.533088235<x102>[B] (+1) -0.533088235<x103>[B] (+0) +0.533088235<x104>[B] (+1) +0.533088235<x105>[B] (+0) -0.533088235<x106>[B] (+0) +0.533088235<x107>[B] (+0) +0.533088235<x108>[B] (+0) -0.533088235<x109>[B] (+1) -0.533088235<x110>[B] (+1) +0.533088235<x111>[B] (+1) -0.533088235<x112>[B] (+1) -0.533088235<x113>[B] (+1) +0.533088235<x114>[B] (+1) -0.533088235<x115>[B] (+1) +0.533088235<x116>[B] (+0) +0.533088235<x117>[B] (+0) +0.533088235<x118>[B] (+0) +0.533088235<x119>[B] (+0) +0.533088235<x120>[B] (+0) +0.533088235<x121>[B] (+0) +0.533088235<x122>[B] (+1) +0.533088235<x123>[B] (+1) -0.533088235<x124>[B] (+0) +0.533088235<x125>[B] (+0) +0.533088235<x126>[B] (+1) -0.533088235<x127>[B] (+0) -0.533088235<x128>[B] (+0) -0.533088235<x129>[B] (+0) -0.533088235<x130>[B] (+0) -0.533088235<x131>[B] (+0) +0.533088235<x132>[B] (+0) +0.533088235<x133>[B] (+0) +0.533088235<x134>[B] (+1) +0.533088235<x135>[B] (+1) -0.533088235<x136>[B] (+1) >= 17.4595588235294;
;
violation: left hand side is violated by 0.154411764705866
  [linear] <c1391>: <x137>[C] (+8.91544118) -0.533088235<x1>[B] (+0) -0.533088235<x2>[B] (+0) -0.533088235<x3>[B] (+0) -0.533088235<x4>[B] (+0) -0.533088235<x5>[B] (+0) -0.533088235<x6>[B] (+0) -0.533088235<x7>[B] (+1) -0.533088235<x8>[B] (+0) -0.533088235<x9>[B] (+0) -0.533088235<x10>[B] (+0) -0.533088235<x11>[B] (+0) -0.533088235<x12>[B] (+0) -0.533088235<x13>[B] (+0) -0.533088235<x14>[B] (+0) -0.533088235<x15>[B] (+0) -0.533088235<x16>[B] (+0) -0.533088235<x17>[B] (+1) -0.533088235<x18>[B] (+0) -0.533088235<x19>[B] (+1) -0.533088235<x20>[B] (+1) -0.533088235<x21>[B] (+0) -0.533088235<x22>[B] (+1) -0.533088235<x23>[B] (+0) -0.533088235<x24>[B] (+1) -0.533088235<x25>[B] (+0) -0.533088235<x26>[B] (+0) -0.533088235<x27>[B] (+0) -0.533088235<x28>[B] (+0) -0.533088235<x29>[B] (+0) -0.533088235<x30>[B] (+0) -0.533088235<x31>[B] (+0) -0.533088235<x32>[B] (+0) -0.533088235<x33>[B] (+1) -0.533088235<x34>[B] (+1) -0.533088235<x35>[B] (+0) -0.533088235<x36>[B] (+1) -0.533088235<x37>[B] (+0) -0.533088235<x38>[B] (+1) -0.533088235<x39>[B] (+0) -0.533088235<x40>[B] (+0) -0.533088235<x41>[B] (+0) -0.533088235<x42>[B] (+0) -0.533088235<x43>[B] (+0) -0.533088235<x44>[B] (+0) -0.533088235<x45>[B] (+0) +0.533088235<x46>[B] (+1) -0.533088235<x47>[B] (+1) +0.533088235<x48>[B] (+1) -0.533088235<x49>[B] (+1) +0.533088235<x50>[B] (+1) +0.533088235<x51>[B] (+1) +0.533088235<x52>[B] (+1) +0.533088235<x53>[B] (+1) +0.533088235<x54>[B] (+1) +0.533088235<x55>[B] (+1) +0.533088235<x56>[B] (+1) +0.533088235<x57>[B] (+1) +0.533088235<x58>[B] (+1) -0.533088235<x59>[B] (+1) +0.533088235<x60>[B] (+0) -0.533088235<x61>[B] (+1) +0.533088235<x62>[B] (+0) +0.533088235<x63>[B] (+1) +0.533088235<x64>[B] (+0) +0.533088235<x65>[B] (+0) +0.533088235<x66>[B] (+0) +0.533088235<x67>[B] (+0) +0.533088235<x68>[B] (+0) +0.533088235<x69>[B] (+0) +0.533088235<x70>[B] (+0) +0.533088235<x71>[B] (+0) +0.533088235<x72>[B] (+1) +0.533088235<x73>[B] (+0) +0.533088235<x74>[B] (+1) +0.533088235<x75>[B] (+0) +0.533088235<x76>[B] (+0) +0.533088235<x77>[B] (+0) +0.533088235<x78>[B] (+0) +0.533088235<x79>[B] (+0) +0.533088235<x80>[B] (+0) +0.533088235<x81>[B] (+0) -0.533088235<x82>[B] (+1) +0.533088235<x83>[B] (+1) +0.533088235<x84>[B] (+1) -0.533088235<x85>[B] (+1) +0.533088235<x86>[B] (+1) +0.533088235<x87>[B] (+1) +0.533088235<x88>[B] (+1) -0.533088235<x89>[B] (+0) +0.533088235<x90>[B] (+1) +0.533088235<x91>[B] (+1) +0.533088235<x92>[B] (+0) +0.533088235<x93>[B] (+0) +0.533088235<x94>[B] (+0) +0.533088235<x95>[B] (+0) +0.533088235<x96>[B] (+0) +0.533088235<x97>[B] (+0) +0.533088235<x98>[B] (+0) +0.533088235<x99>[B] (+0) +0.533088235<x100>[B] (+0) +0.533088235<x101>[B] (+1) -0.533088235<x102>[B] (+1) -0.533088235<x103>[B] (+1) +0.533088235<x104>[B] (+0) +0.533088235<x105>[B] (+1) -0.533088235<x106>[B] (+0) +0.533088235<x107>[B] (+1) +0.533088235<x108>[B] (+1) -0.533088235<x109>[B] (+0) -0.533088235<x110>[B] (+0) +0.533088235<x111>[B] (+0) -0.533088235<x112>[B] (+0) -0.533088235<x113>[B] (+0) +0.533088235<x114>[B] (+0) -0.533088235<x115>[B] (+0) +0.533088235<x116>[B] (+1) +0.533088235<x117>[B] (+0) +0.533088235<x118>[B] (+1) +0.533088235<x119>[B] (+0) +0.533088235<x120>[B] (+1) +0.533088235<x121>[B] (+1) +0.533088235<x122>[B] (+0) +0.533088235<x123>[B] (+1) -0.533088235<x124>[B] (+0) +0.533088235<x125>[B] (+1) +0.533088235<x126>[B] (+1) -0.533088235<x127>[B] (+1) -0.533088235<x128>[B] (+0) -0.533088235<x129>[B] (+1) -0.533088235<x130>[B] (+1) -0.533088235<x131>[B] (+0) +0.533088235<x132>[B] (+1) +0.533088235<x133>[B] (+1) +0.533088235<x134>[B] (+1) +0.533088235<x135>[B] (+1) -0.533088235<x136>[B] (+1) >= 17.4595588235294;
;
violation: left hand side is violated by 1.08088235294117
2/4 feasible solutions given by solution candidate storage, new primal bound -2.999888e+06

presolving:
   (0.0s) symmetry computation started: requiring (bin +, int +, cont +), (fixed: bin -, int -, cont -)
   (0.0s) no symmetry present (symcode time: 0.00)
presolving (0 rounds: 0 fast, 0 medium, 0 exhaustive):
 0 deleted vars, 0 deleted constraints, 0 added constraints, 0 tightened bounds, 0 added holes, 0 changed sides, 0 changed coefficients
 0 implications, 0 cliques, 0 implied integral variables (0 bin, 0 int, 0 cont)
presolved problem has 166 variables (136 bin, 0 int, 30 cont) and 1417 constraints
   1417 constraints of type <linear>
Presolving Time: 0.00
transformed 2/2 original solutions to the transformed problem space

 time | node  | left  |LP iter|LP it/n|mem/heur|mdpt |vars |cons |rows |cuts |sepa|confs|strbr|  dualbound   | primalbound  |  gap   | compl. 
p 0.0s|     1 |     0 |    12 |     - |   locks|   0 | 166 |1417 |1417 |   0 |  0 |   0 |   0 | 3.940000e+02 |-5.793162e+02 |    Inf | unknown
  0.0s|     1 |     0 |   212 |     - |    10M |   0 | 166 |1417 |1417 |   0 |  0 |   0 |   0 |-3.135222e+02 |-5.793162e+02 |  84.78%| unknown
r 0.0s|     1 |     0 |   212 |     - |shifting|   0 | 166 |1417 |1417 |   0 |  0 |   0 |   0 |-3.135222e+02 |-3.500113e+02 |  11.64%| unknown
  0.0s|     1 |     0 |   224 |     - |    11M |   0 | 166 |1417 |1418 |   1 |  1 |   0 |   0 |-3.137118e+02 |-3.500113e+02 |  11.57%| unknown
r 0.0s|     1 |     0 |   224 |     - |shifting|   0 | 166 |1417 |1418 |   1 |  1 |   0 |   0 |-3.137118e+02 |-3.459763e+02 |  10.28%| unknown
  0.0s|     1 |     0 |   224 |     - |    11M |   0 | 166 |1417 |1418 |   1 |  1 |   0 |   0 |-3.137118e+02 |-3.459763e+02 |  10.28%| unknown
  0.1s|     1 |     0 |   253 |     - |    12M |   0 | 166 |1417 |1419 |   2 |  2 |   0 |   0 |-3.138965e+02 |-3.459763e+02 |  10.22%| unknown
  0.1s|     1 |     0 |   266 |     - |    12M |   0 | 166 |1417 |1420 |   3 |  3 |   0 |   0 |-3.139753e+02 |-3.459763e+02 |  10.19%| unknown
  0.1s|     1 |     0 |   289 |     - |    12M |   0 | 166 |1417 |1421 |   4 |  4 |   0 |   0 |-3.140309e+02 |-3.459763e+02 |  10.17%| unknown
r 0.1s|     1 |     0 |   289 |     - |shifting|   0 | 166 |1417 |1421 |   4 |  4 |   0 |   0 |-3.140309e+02 |-3.400721e+02 |   8.29%| unknown
  0.1s|     1 |     0 |   319 |     - |    13M |   0 | 166 |1417 |1422 |   5 |  5 |   0 |   0 |-3.141491e+02 |-3.400721e+02 |   8.25%| unknown
  0.2s|     1 |     0 |   332 |     - |    13M |   0 | 166 |1417 |1423 |   6 |  6 |   0 |   0 |-3.142362e+02 |-3.400721e+02 |   8.22%| unknown
  0.2s|     1 |     0 |   353 |     - |    14M |   0 | 166 |1417 |1424 |   7 |  7 |   0 |   0 |-3.142851e+02 |-3.400721e+02 |   8.20%| unknown
  0.2s|     1 |     0 |   376 |     - |    14M |   0 | 166 |1417 |1425 |   8 |  8 |   0 |   0 |-3.142989e+02 |-3.400721e+02 |   8.20%| unknown
  0.3s|     1 |     0 |   384 |     - |    15M |   0 | 166 |1417 |1426 |   9 |  9 |   0 |   0 |-3.143023e+02 |-3.400721e+02 |   8.20%| unknown
 time | node  | left  |LP iter|LP it/n|mem/heur|mdpt |vars |cons |rows |cuts |sepa|confs|strbr|  dualbound   | primalbound  |  gap   | compl. 
  0.3s|     1 |     0 |   438 |     - |    15M |   0 | 166 |1417 |1428 |  11 | 10 |   0 |   0 |-3.143430e+02 |-3.400721e+02 |   8.19%| unknown
  0.3s|     1 |     0 |   456 |     - |    16M |   0 | 166 |1417 |1430 |  13 | 11 |   0 |   0 |-3.143982e+02 |-3.400721e+02 |   8.17%| unknown
  0.3s|     1 |     0 |   463 |     - |    16M |   0 | 166 |1417 |1431 |  14 | 12 |   0 |   0 |-3.143987e+02 |-3.400721e+02 |   8.17%| unknown
r 0.3s|     1 |     0 |   518 |     - |intshift|   0 | 166 |1417 |1431 |  14 | 13 |   0 |   0 |-3.143987e+02 |-3.293456e+02 |   4.75%| unknown
d 0.4s|     1 |     0 |   625 |     - |farkasdi|   0 | 166 |1417 |1431 |   0 | 13 |   0 |   0 |-3.143987e+02 |-3.151765e+02 |   0.25%| unknown
  0.4s|     1 |     0 |   625 |     - |    16M |   0 | 166 |1417 |1431 |  14 | 13 |   0 |   0 |-3.143987e+02 |-3.151765e+02 |   0.25%| unknown
  0.4s|     1 |     0 |   625 |     - |    16M |   0 | 166 |1418 | 490 |  14 | 13 |   1 |   0 |-3.143987e+02 |-3.151765e+02 |   0.25%| unknown
  0.4s|     1 |     0 |   625 |     - |    16M |   0 | 166 | 425 | 490 |  14 | 14 |   1 |   0 |-3.143987e+02 |-3.151765e+02 |   0.25%| unknown
(run 1, node 1) restarting after 73 global fixings of integer variables

(restart) converted 14 cuts from the global cut pool into linear constraints

presolving:
presolving (0 rounds: 0 fast, 0 medium, 0 exhaustive):
 0 deleted vars, 0 deleted constraints, 0 added constraints, 0 tightened bounds, 0 added holes, 0 changed sides, 0 changed coefficients
 0 implications, 0 cliques, 0 implied integral variables (0 bin, 0 int, 0 cont)
presolved problem has 166 variables (136 bin, 0 int, 30 cont) and 439 constraints
    438 constraints of type <linear>
      1 constraints of type <logicor>
Presolving Time: 0.00
transformed 17/20 original solutions to the transformed problem space

 time | node  | left  |LP iter|LP it/n|mem/heur|mdpt |vars |cons |rows |cuts |sepa|confs|strbr|  dualbound   | primalbound  |  gap   | compl. 
  0.4s|     1 |     0 |   887 |     - |    17M |   0 | 166 | 439 | 438 |   0 |  0 |   1 |   0 |-3.143987e+02 |-3.151765e+02 |   0.25%| unknown
  0.4s|     1 |     0 |   887 |     - |    17M |   0 | 166 | 439 | 429 |   0 |  0 |   1 |   0 |-3.143987e+02 |-3.151765e+02 |   0.25%| unknown
  0.4s|     1 |     0 |   912 |     - |    17M |   0 | 166 | 439 | 430 |   1 |  1 |   1 |   0 |-3.144492e+02 |-3.151765e+02 |   0.23%| unknown
  0.4s|     1 |     0 |   912 |     - |    17M |   0 | 166 | 439 | 424 |   1 |  1 |   1 |   0 |-3.144492e+02 |-3.151765e+02 |   0.23%| unknown
  0.5s|     1 |     0 |   935 |     - |    17M |   0 | 166 | 439 | 425 |   2 |  2 |   1 |   0 |-3.144577e+02 |-3.151765e+02 |   0.23%| unknown
  0.5s|     1 |     0 |   968 |     - |    17M |   0 | 166 | 439 | 426 |   3 |  3 |   1 |   0 |-3.144679e+02 |-3.151765e+02 |   0.23%| unknown
  0.6s|     1 |     0 |   983 |     - |    17M |   0 | 166 | 439 | 427 |   4 |  4 |   1 |   0 |-3.144778e+02 |-3.151765e+02 |   0.22%| unknown
  0.6s|     1 |     0 |   995 |     - |    17M |   0 | 166 | 439 | 428 |   5 |  5 |   1 |   0 |-3.144821e+02 |-3.151765e+02 |   0.22%| unknown
  0.7s|     1 |     0 |  1052 |     - |    17M |   0 | 166 | 439 | 429 |   6 |  6 |   1 |   0 |-3.145283e+02 |-3.151765e+02 |   0.21%| unknown
  0.7s|     1 |     0 |  1066 |     - |    17M |   0 | 166 | 439 | 430 |   7 |  7 |   1 |   0 |-3.145314e+02 |-3.151765e+02 |   0.21%| unknown
  0.7s|     1 |     0 |  1077 |     - |    18M |   0 | 166 | 439 | 431 |   8 |  8 |   1 |   0 |-3.145359e+02 |-3.151765e+02 |   0.20%| unknown
  0.8s|     1 |     0 |  1099 |     - |    18M |   0 | 166 | 439 | 432 |   9 |  9 |   1 |   0 |-3.145390e+02 |-3.151765e+02 |   0.20%| unknown
  0.8s|     1 |     0 |  1105 |     - |    18M |   0 | 166 | 439 | 433 |  10 | 10 |   1 |   0 |-3.145396e+02 |-3.151765e+02 |   0.20%| unknown
  0.9s|     1 |     0 |  1124 |     - |    18M |   0 | 166 | 439 | 434 |  11 | 11 |   1 |   0 |-3.145449e+02 |-3.151765e+02 |   0.20%| unknown
  0.9s|     1 |     0 |  1135 |     - |    18M |   0 | 166 | 439 | 431 |  12 | 12 |   1 |   0 |-3.145463e+02 |-3.151765e+02 |   0.20%| unknown
 time | node  | left  |LP iter|LP it/n|mem/heur|mdpt |vars |cons |rows |cuts |sepa|confs|strbr|  dualbound   | primalbound  |  gap   | compl. 
  1.0s|     1 |     0 |  1138 |     - |    18M |   0 | 166 | 439 | 432 |  13 | 13 |   1 |   0 |-3.145464e+02 |-3.151765e+02 |   0.20%| unknown
  1.0s|     1 |     0 |  1142 |     - |    18M |   0 | 166 | 439 | 433 |  14 | 14 |   1 |   0 |-3.145464e+02 |-3.151765e+02 |   0.20%| unknown
  1.1s|     1 |     0 |  1148 |     - |    18M |   0 | 166 | 439 | 434 |  15 | 15 |   1 |   0 |-3.145467e+02 |-3.151765e+02 |   0.20%| unknown
  1.1s|     1 |     0 |  1156 |     - |    18M |   0 | 166 | 439 | 435 |  16 | 16 |   1 |   0 |-3.145470e+02 |-3.151765e+02 |   0.20%| unknown
  1.1s|     1 |     0 |  1159 |     - |    18M |   0 | 166 | 439 | 436 |  17 | 17 |   1 |   0 |-3.145471e+02 |-3.151765e+02 |   0.20%| unknown
  1.1s|     1 |     0 |  1159 |     - |    18M |   0 | 166 | 424 | 436 |  17 | 17 |   1 |   0 |-3.145471e+02 |-3.151765e+02 |   0.20%| unknown
  1.2s|     1 |     0 |  1313 |     - |    18M |   0 | 166 | 424 | 436 |  17 | 18 |   3 |   0 |-3.151765e+02 |-3.151765e+02 |   0.00%| unknown

SCIP Status        : problem is solved [optimal solution found]
Solving Time (sec) : 1.19
Solving Nodes      : 1 (total of 2 nodes in 2 runs)
Primal Bound       : -3.15176470588235e+02 (38 solutions)
Dual Bound         : -3.15176470588235e+02
Gap                : 0.00 %
  [linear] <c1418>: <x137>[C] (+25.2830882) -0.606617647<x1>[B] (+1) -0.606617647<x2>[B] (+1) -0.606617647<x3>[B] (+1) -0.606617647<x4>[B] (+1) -0.606617647<x5>[B] (+4.21884749e-15) -0.606617647<x6>[B] (+1) -0.606617647<x7>[B] (+4.21884749e-15) -0.606617647<x8>[B] (+1) -0.606617647<x9>[B] (+1) -0.606617647<x10>[B] (+1) -0.606617647<x11>[B] (+1) -0.606617647<x12>[B] (+1) -0.606617647<x13>[B] (+1) -0.606617647<x14>[B] (+1) -0.606617647<x15>[B] (+1) -0.606617647<x16>[B] (+1) -0.606617647<x17>[B] (+1) -0.606617647<x18>[B] (+1) -0.606617647<x19>[B] (+1) -0.606617647<x20>[B] (+4.16333634e-15) -0.606617647<x21>[B] (+1) -0.606617647<x22>[B] (+4.16333634e-15) -0.606617647<x23>[B] (+1) -0.606617647<x24>[B] (+0) -0.606617647<x25>[B] (+1) -0.606617647<x26>[B] (+1) -0.606617647<x27>[B] (+1) -0.606617647<x28>[B] (+1) -0.606617647<x29>[B] (+1) -0.606617647<x30>[B] (+1) -0.606617647<x31>[B] (+1) -0.606617647<x32>[B] (+1) -0.606617647<x33>[B] (+0) -0.606617647<x34>[B] (+0) -0.606617647<x35>[B] (+1) -0.606617647<x36>[B] (+0) -0.606617647<x37>[B] (+1) -0.606617647<x38>[B] (+0) -0.606617647<x39>[B] (+1) -0.606617647<x40>[B] (+1) -0.606617647<x41>[B] (+1) -0.606617647<x42>[B] (+1) -0.606617647<x43>[B] (+1) -0.606617647<x44>[B] (+0) -0.606617647<x45>[B] (+1) +0.606617647<x46>[B] (+0) -0.606617647<x47>[B] (+0) +0.606617647<x48>[B] (+0) -0.606617647<x49>[B] (+0) +0.606617647<x50>[B] (+0) +0.606617647<x51>[B] (+0) +0.606617647<x52>[B] (+0) +0.606617647<x53>[B] (+0) +0.606617647<x54>[B] (+0) +0.606617647<x55>[B] (+0) +0.606617647<x56>[B] (+0) +0.606617647<x57>[B] (+0) +0.606617647<x58>[B] (+0) -0.606617647<x59>[B] (+0) +0.606617647<x60>[B] (+1) -0.606617647<x61>[B] (+0) +0.606617647<x62>[B] (+1) +0.606617647<x63>[B] (+0) +0.606617647<x64>[B] (+1) +0.606617647<x65>[B] (+1) +0.606617647<x66>[B] (+1) +0.606617647<x67>[B] (+1) +0.606617647<x68>[B] (+1) +0.606617647<x69>[B] (+1) +0.606617647<x70>[B] (+1) +0.606617647<x71>[B] (+1) +0.606617647<x72>[B] (+0) +0.606617647<x73>[B] (+1) +0.606617647<x74>[B] (+1) +0.606617647<x75>[B] (+1) +0.606617647<x76>[B] (+1) +0.606617647<x77>[B] (+1) +0.606617647<x78>[B] (+1) +0.606617647<x79>[B] (+1) +0.606617647<x80>[B] (+1) +0.606617647<x81>[B] (+1) -0.606617647<x82>[B] (+0) +0.606617647<x83>[B] (+1) +0.606617647<x84>[B] (+0) -0.606617647<x85>[B] (+1) +0.606617647<x86>[B] (+0) +0.606617647<x87>[B] (+0) +0.606617647<x88>[B] (+1) -0.606617647<x89>[B] (+1) +0.606617647<x90>[B] (+0) +0.606617647<x91>[B] (+0) +0.606617647<x92>[B] (+1) +0.606617647<x93>[B] (+1) +0.606617647<x94>[B] (+1) +0.606617647<x95>[B] (+1) +0.606617647<x96>[B] (+1) +0.606617647<x97>[B] (+1) +0.606617647<x98>[B] (+1) +0.606617647<x99>[B] (+1) +0.606617647<x100>[B] (+1) +0.606617647<x101>[B] (+0) -0.606617647<x102>[B] (+1) -0.606617647<x103>[B] (+0) +0.606617647<x104>[B] (+0) +0.606617647<x105>[B] (+0) -0.606617647<x106>[B] (+1) +0.606617647<x107>[B] (+0) +0.606617647<x108>[B] (+0) -0.606617647<x109>[B] (+1) -0.606617647<x110>[B] (+1) +0.606617647<x111>[B] (+1) -0.606617647<x112>[B] (+1) -0.606617647<x113>[B] (+1) +0.606617647<x114>[B] (+1) -0.606617647<x115>[B] (+1) +0.606617647<x116>[B] (+0) +0.606617647<x117>[B] (+0) +0.606617647<x118>[B] (+0) +0.606617647<x119>[B] (+0) +0.606617647<x120>[B] (+0) +0.606617647<x121>[B] (+0) +0.606617647<x122>[B] (+1) +0.606617647<x123>[B] (+1) -0.606617647<x124>[B] (+1) +0.606617647<x125>[B] (+0) +0.606617647<x126>[B] (+1) -0.606617647<x127>[B] (+1) -0.606617647<x128>[B] (+1) -0.606617647<x129>[B] (+0) -0.606617647<x130>[B] (+0) -0.606617647<x131>[B] (+1) +0.606617647<x132>[B] (+0) +0.606617647<x133>[B] (+0) +0.606617647<x134>[B] (+0) +0.606617647<x135>[B] (+0) -0.606617647<x136>[B] (+1) >= 16.8345588235294;
;
violation: left hand side is violated by 0.0441176470587799
  [linear] <c1418>: <x137>[C] (+25.8676471) -0.606617647<x1>[B] (+1) -0.606617647<x2>[B] (+1) -0.606617647<x3>[B] (+1) -0.606617647<x4>[B] (+1) -0.606617647<x5>[B] (+0) -0.606617647<x6>[B] (+1) -0.606617647<x7>[B] (+1) -0.606617647<x8>[B] (+1) -0.606617647<x9>[B] (+1) -0.606617647<x10>[B] (+1) -0.606617647<x11>[B] (+1) -0.606617647<x12>[B] (+1) -0.606617647<x13>[B] (+1) -0.606617647<x14>[B] (+1) -0.606617647<x15>[B] (+1) -0.606617647<x16>[B] (+1) -0.606617647<x17>[B] (+1) -0.606617647<x18>[B] (+1) -0.606617647<x19>[B] (+1) -0.606617647<x20>[B] (+0) -0.606617647<x21>[B] (+1) -0.606617647<x22>[B] (+0) -0.606617647<x23>[B] (+1) -0.606617647<x24>[B] (+0) -0.606617647<x25>[B] (+1) -0.606617647<x26>[B] (+1) -0.606617647<x27>[B] (+1) -0.606617647<x28>[B] (+1) -0.606617647<x29>[B] (+1) -0.606617647<x30>[B] (+1) -0.606617647<x31>[B] (+1) -0.606617647<x32>[B] (+1) -0.606617647<x33>[B] (+0) -0.606617647<x34>[B] (+0) -0.606617647<x35>[B] (+1) -0.606617647<x36>[B] (+0) -0.606617647<x37>[B] (+1) -0.606617647<x38>[B] (+0) -0.606617647<x39>[B] (+1) -0.606617647<x40>[B] (+1) -0.606617647<x41>[B] (+1) -0.606617647<x42>[B] (+1) -0.606617647<x43>[B] (+1) -0.606617647<x44>[B] (+0) -0.606617647<x45>[B] (+1) +0.606617647<x46>[B] (+0) -0.606617647<x47>[B] (+0) +0.606617647<x48>[B] (+0) -0.606617647<x49>[B] (+0) +0.606617647<x50>[B] (+0) +0.606617647<x51>[B] (+0) +0.606617647<x52>[B] (+0) +0.606617647<x53>[B] (+0) +0.606617647<x54>[B] (+0) +0.606617647<x55>[B] (+0) +0.606617647<x56>[B] (+0) +0.606617647<x57>[B] (+0) +0.606617647<x58>[B] (+0) -0.606617647<x59>[B] (+0) +0.606617647<x60>[B] (+1) -0.606617647<x61>[B] (+0) +0.606617647<x62>[B] (+1) +0.606617647<x63>[B] (+0) +0.606617647<x64>[B] (+1) +0.606617647<x65>[B] (+1) +0.606617647<x66>[B] (+1) +0.606617647<x67>[B] (+1) +0.606617647<x68>[B] (+1) +0.606617647<x69>[B] (+1) +0.606617647<x70>[B] (+1) +0.606617647<x71>[B] (+1) +0.606617647<x72>[B] (+1) +0.606617647<x73>[B] (+1) +0.606617647<x74>[B] (+1) +0.606617647<x75>[B] (+1) +0.606617647<x76>[B] (+1) +0.606617647<x77>[B] (+1) +0.606617647<x78>[B] (+1) +0.606617647<x79>[B] (+1) +0.606617647<x80>[B] (+1) +0.606617647<x81>[B] (+1) -0.606617647<x82>[B] (+0) +0.606617647<x83>[B] (+1) +0.606617647<x84>[B] (+0) -0.606617647<x85>[B] (+1) +0.606617647<x86>[B] (+0) +0.606617647<x87>[B] (+0) +0.606617647<x88>[B] (+1) -0.606617647<x89>[B] (+1) +0.606617647<x90>[B] (+0) +0.606617647<x91>[B] (+0) +0.606617647<x92>[B] (+1) +0.606617647<x93>[B] (+0) +0.606617647<x94>[B] (+1) +0.606617647<x95>[B] (+1) +0.606617647<x96>[B] (+1) +0.606617647<x97>[B] (+1) +0.606617647<x98>[B] (+1) +0.606617647<x99>[B] (+1) +0.606617647<x100>[B] (+1) +0.606617647<x101>[B] (+0) -0.606617647<x102>[B] (+1) -0.606617647<x103>[B] (+0) +0.606617647<x104>[B] (+0) +0.606617647<x105>[B] (+0) -0.606617647<x106>[B] (+1) +0.606617647<x107>[B] (+0) +0.606617647<x108>[B] (+0) -0.606617647<x109>[B] (+1) -0.606617647<x110>[B] (+1) +0.606617647<x111>[B] (+1) -0.606617647<x112>[B] (+1) -0.606617647<x113>[B] (+1) +0.606617647<x114>[B] (+1) -0.606617647<x115>[B] (+1) +0.606617647<x116>[B] (+0) +0.606617647<x117>[B] (+0) +0.606617647<x118>[B] (+0) +0.606617647<x119>[B] (+0) +0.606617647<x120>[B] (+0) +0.606617647<x121>[B] (+0) +0.606617647<x122>[B] (+1) +0.606617647<x123>[B] (+1) -0.606617647<x124>[B] (+1) +0.606617647<x125>[B] (+0) +0.606617647<x126>[B] (+1) -0.606617647<x127>[B] (+1) -0.606617647<x128>[B] (+1) -0.606617647<x129>[B] (+0) -0.606617647<x130>[B] (+0) -0.606617647<x131>[B] (+1) +0.606617647<x132>[B] (+0) +0.606617647<x133>[B] (+0) +0.606617647<x134>[B] (+0) +0.606617647<x135>[B] (+0) -0.606617647<x136>[B] (+1) >= 16.8345588235294;
;
violation: left hand side is violated by 0.0661764705882035
  [linear] <c1431>: <x151>[C] (+23.4852941) -0.584558824<x1>[B] (+1) -0.584558824<x2>[B] (+1) -0.584558824<x3>[B] (+1) -0.584558824<x4>[B] (+1) -0.584558824<x5>[B] (+1) -0.584558824<x6>[B] (+1) -0.584558824<x7>[B] (+1) -0.584558824<x8>[B] (+1) -0.584558824<x9>[B] (+0) -0.584558824<x10>[B] (+1) -0.584558824<x11>[B] (+1) -0.584558824<x12>[B] (+1) -0.584558824<x13>[B] (+1) -0.584558824<x14>[B] (+1) -0.584558824<x15>[B] (+1) -0.584558824<x16>[B] (+1) -0.584558824<x17>[B] (+1) -0.584558824<x18>[B] (+1) +0.584558824<x19>[B] (+1) -0.584558824<x20>[B] (+0) +0.584558824<x21>[B] (+1) +0.584558824<x22>[B] (+0) -0.584558824<x23>[B] (+1) +0.584558824<x24>[B] (+0) +0.584558824<x25>[B] (+1) -0.584558824<x26>[B] (+1) +0.584558824<x27>[B] (+1) +0.584558824<x28>[B] (+1) +0.584558824<x29>[B] (+0) +0.584558824<x30>[B] (+1) +0.584558824<x31>[B] (+1) -0.584558824<x32>[B] (+1) +0.584558824<x33>[B] (+0) +0.584558824<x34>[B] (+0) +0.584558824<x35>[B] (+1) +0.584558824<x36>[B] (+0) -0.584558824<x37>[B] (+1) +0.584558824<x38>[B] (+0) +0.584558824<x39>[B] (+1) -0.584558824<x40>[B] (+1) +0.584558824<x41>[B] (+1) +0.584558824<x42>[B] (+1) +0.584558824<x43>[B] (+0) +0.584558824<x44>[B] (+0) +0.584558824<x45>[B] (+1) +0.584558824<x46>[B] (+0) +0.584558824<x47>[B] (+0) +0.584558824<x48>[B] (+0) +0.584558824<x49>[B] (+0) -0.584558824<x50>[B] (+0) +0.584558824<x51>[B] (+0) +0.584558824<x52>[B] (+0) -0.584558824<x53>[B] (+0) +0.584558824<x54>[B] (+0) +0.584558824<x55>[B] (+0) +0.584558824<x56>[B] (+0) +0.584558824<x57>[B] (+0) +0.584558824<x58>[B] (+0) -0.584558824<x59>[B] (+0) -0.584558824<x60>[B] (+1) -0.584558824<x61>[B] (+0) -0.584558824<x62>[B] (+1) -0.584558824<x63>[B] (+0) -0.584558824<x64>[B] (+1) -0.584558824<x65>[B] (+1) -0.584558824<x66>[B] (+1) +0.584558824<x67>[B] (+1) -0.584558824<x68>[B] (+0) -0.584558824<x69>[B] (+1) -0.584558824<x70>[B] (+1) +0.584558824<x71>[B] (+1) +0.584558824<x72>[B] (+1) -0.584558824<x73>[B] (+1) +0.584558824<x74>[B] (+0) +0.584558824<x75>[B] (+1) -0.584558824<x76>[B] (+1) +0.584558824<x77>[B] (+1) +0.584558824<x78>[B] (+1) +0.584558824<x79>[B] (+1) +0.584558824<x80>[B] (+1) +0.584558824<x81>[B] (+1) +0.584558824<x82>[B] (+0) -0.584558824<x83>[B] (+1) +0.584558824<x84>[B] (+0) +0.584558824<x85>[B] (+1) -0.584558824<x86>[B] (+0) +0.584558824<x87>[B] (+1) +0.584558824<x88>[B] (+1) -0.584558824<x89>[B] (+0) -0.584558824<x90>[B] (+0) +0.584558824<x91>[B] (+1) -0.584558824<x92>[B] (+1) +0.584558824<x93>[B] (+0) +0.584558824<x94>[B] (+1) -0.584558824<x95>[B] (+1) -0.584558824<x96>[B] (+1) +0.584558824<x97>[B] (+1) -0.584558824<x98>[B] (+1) -0.584558824<x99>[B] (+1) +0.584558824<x100>[B] (+1) +0.584558824<x101>[B] (+0) +0.584558824<x102>[B] (+1) +0.584558824<x103>[B] (+0) +0.584558824<x104>[B] (+1) +0.584558824<x105>[B] (+0) +0.584558824<x106>[B] (+0) +0.584558824<x107>[B] (+0) +0.584558824<x108>[B] (+0) -0.584558824<x109>[B] (+1) -0.584558824<x110>[B] (+1) -0.584558824<x111>[B] (+1) +0.584558824<x112>[B] (+1) -0.584558824<x113>[B] (+1) -0.584558824<x114>[B] (+1) +0.584558824<x115>[B] (+1) -0.584558824<x116>[B] (+0) -0.584558824<x117>[B] (+1) +0.584558824<x118>[B] (+0) -0.584558824<x119>[B] (+0) -0.584558824<x120>[B] (+0) +0.584558824<x121>[B] (+0) +0.584558824<x122>[B] (+1) +0.584558824<x123>[B] (+1) +0.584558824<x124>[B] (+0) +0.584558824<x125>[B] (+0) +0.584558824<x126>[B] (+1) +0.584558824<x127>[B] (+0) -0.584558824<x128>[B] (+0) -0.584558824<x129>[B] (+0) +0.584558824<x130>[B] (+0) -0.584558824<x131>[B] (+0) -0.584558824<x132>[B] (+0) -0.584558824<x133>[B] (+1) +0.584558824<x134>[B] (+1) +0.584558824<x135>[B] (+1) +0.584558824<x136>[B] (+1) >= 20.0220588235294;
;
violation: left hand side is violated by 0.0441176470588331
  [linear] <c1426>: <x146>[C] (+27.1470588) -0.628676471<x1>[B] (+1) +0.628676471<x2>[B] (+1) -0.628676471<x3>[B] (+1) +0.628676471<x4>[B] (+1) +0.628676471<x5>[B] (+0) -0.628676471<x6>[B] (+1) +0.628676471<x7>[B] (+1) -0.628676471<x8>[B] (+1) +0.628676471<x9>[B] (+1) +0.628676471<x10>[B] (+1) -0.628676471<x11>[B] (+1) -0.628676471<x12>[B] (+1) -0.628676471<x13>[B] (+1) -0.628676471<x14>[B] (+1) -0.628676471<x15>[B] (+1) -0.628676471<x16>[B] (+1) +0.628676471<x17>[B] (+1) +0.628676471<x18>[B] (+1) +0.628676471<x19>[B] (+0) +0.628676471<x20>[B] (+0) -0.628676471<x21>[B] (+1) +0.628676471<x22>[B] (+0) +0.628676471<x23>[B] (+1) +0.628676471<x24>[B] (+0) +0.628676471<x25>[B] (+1) -0.628676471<x26>[B] (+1) -0.628676471<x27>[B] (+1) -0.628676471<x28>[B] (+1) +0.628676471<x29>[B] (+1) +0.628676471<x30>[B] (+1) -0.628676471<x31>[B] (+1) -0.628676471<x32>[B] (+1) +0.628676471<x33>[B] (+0) +0.628676471<x34>[B] (+0) -0.628676471<x35>[B] (+1) +0.628676471<x36>[B] (+0) -0.628676471<x37>[B] (+1) +0.628676471<x38>[B] (+0) +0.628676471<x39>[B] (+1) -0.628676471<x40>[B] (+1) -0.628676471<x41>[B] (+1) -0.628676471<x42>[B] (+1) -0.628676471<x43>[B] (+1) -0.628676471<x44>[B] (+0) -0.628676471<x45>[B] (+1) +0.628676471<x46>[B] (+0) +0.628676471<x47>[B] (+0) -0.628676471<x48>[B] (+0) +0.628676471<x49>[B] (+0) -0.628676471<x50>[B] (+0) +0.628676471<x51>[B] (+0) +0.628676471<x52>[B] (+0) -0.628676471<x53>[B] (+0) -0.628676471<x54>[B] (+0) -0.628676471<x55>[B] (+0) -0.628676471<x56>[B] (+0) -0.628676471<x57>[B] (+0) -0.628676471<x58>[B] (+0) -0.628676471<x59>[B] (+0) -0.628676471<x60>[B] (+1) +0.628676471<x61>[B] (-3.35287353e-14) -0.628676471<x62>[B] (+1) +0.628676471<x63>[B] (+0) -0.628676471<x64>[B] (+1) -0.628676471<x65>[B] (+1) -0.628676471<x66>[B] (+1) -0.628676471<x67>[B] (+1) -0.628676471<x68>[B] (+1) -0.628676471<x69>[B] (+1) -0.628676471<x70>[B] (+1) -0.628676471<x71>[B] (+1) +0.628676471<x72>[B] (+1) -0.628676471<x73>[B] (+1) +0.628676471<x74>[B] (+1) -0.628676471<x75>[B] (+1) -0.628676471<x76>[B] (+1) -0.628676471<x77>[B] (+1) -0.628676471<x78>[B] (+1) -0.628676471<x79>[B] (+1) -0.628676471<x80>[B] (+1) -0.628676471<x81>[B] (+1) +0.628676471<x82>[B] (+0) +0.628676471<x83>[B] (+1) +0.628676471<x84>[B] (+0) +0.628676471<x85>[B] (+1) -0.628676471<x86>[B] (+0) -0.628676471<x87>[B] (+0) -0.628676471<x88>[B] (+1) +0.628676471<x89>[B] (+0) +0.628676471<x90>[B] (+0) -0.628676471<x91>[B] (+0) -0.628676471<x92>[B] (+1) -0.628676471<x93>[B] (+0) -0.628676471<x94>[B] (+1) -0.628676471<x95>[B] (+1) -0.628676471<x96>[B] (+1) -0.628676471<x97>[B] (+1) -0.628676471<x98>[B] (+1) -0.628676471<x99>[B] (+1) -0.628676471<x100>[B] (+1) +0.628676471<x101>[B] (+0) +0.628676471<x102>[B] (+1) -0.628676471<x103>[B] (+0) -0.628676471<x104>[B] (+0) -0.628676471<x105>[B] (+0) -0.628676471<x106>[B] (+0) -0.628676471<x107>[B] (+0) -0.628676471<x108>[B] (+0) -0.628676471<x109>[B] (+1) -0.628676471<x110>[B] (+1) -0.628676471<x111>[B] (+1) -0.628676471<x112>[B] (+1) -0.628676471<x113>[B] (+1) -0.628676471<x114>[B] (+1) -0.628676471<x115>[B] (+1) -0.628676471<x116>[B] (+0) -0.628676471<x117>[B] (+0) -0.628676471<x118>[B] (+0) -0.628676471<x119>[B] (+0) -0.628676471<x120>[B] (+0) -0.628676471<x121>[B] (+0) +0.628676471<x122>[B] (+1) +0.628676471<x123>[B] (+1) +0.628676471<x124>[B] (+1) +0.628676471<x125>[B] (+0) +0.628676471<x126>[B] (+1) +0.628676471<x127>[B] (+1) +0.628676471<x128>[B] (+0) +0.628676471<x129>[B] (+0) +0.628676471<x130>[B] (+0) +0.628676471<x131>[B] (+0) +0.628676471<x132>[B] (+0) +0.628676471<x133>[B] (+0) -0.628676471<x134>[B] (+0) -0.628676471<x135>[B] (+0) -0.628676471<x136>[B] (+1) >= 4.55882352941176;
;
violation: left hand side is violated by 0.0441176470587372
  [linear] <c1429>: <x149>[C] (+32.9742647) -0.731617647<x1>[B] (+1) -0.731617647<x2>[B] (+1) -0.731617647<x3>[B] (+1) -0.731617647<x4>[B] (+1) -0.731617647<x5>[B] (+1) -0.731617647<x6>[B] (+1) +0.731617647<x7>[B] (+1) -0.731617647<x8>[B] (+1) -0.731617647<x9>[B] (+1) -0.731617647<x10>[B] (+1) -0.731617647<x11>[B] (+1) -0.731617647<x12>[B] (+1) -0.731617647<x13>[B] (+1) -0.731617647<x14>[B] (+1) -0.731617647<x15>[B] (+1) +0.731617647<x16>[B] (+1) -0.731617647<x17>[B] (+1) -0.731617647<x18>[B] (+1) +0.731617647<x19>[B] (+1) +0.731617647<x20>[B] (+0) -0.731617647<x21>[B] (+1) +0.731617647<x22>[B] (+0) -0.731617647<x23>[B] (+1) -0.731617647<x24>[B] (+0) -0.731617647<x25>[B] (+1) +0.731617647<x26>[B] (+1) -0.731617647<x27>[B] (+1) -0.731617647<x28>[B] (+1) -0.731617647<x29>[B] (+1) -0.731617647<x30>[B] (+1) +0.731617647<x31>[B] (+1) +0.731617647<x32>[B] (+1) +0.731617647<x33>[B] (+0) +0.731617647<x34>[B] (+0) -0.731617647<x35>[B] (+1) +0.731617647<x36>[B] (+0) -0.731617647<x37>[B] (+1) +0.731617647<x38>[B] (+0) +0.731617647<x39>[B] (+1) +0.731617647<x40>[B] (+1) +0.731617647<x41>[B] (+1) +0.731617647<x42>[B] (+1) -0.731617647<x43>[B] (+1) +0.731617647<x44>[B] (+0) +0.731617647<x45>[B] (+1) +0.731617647<x46>[B] (+0) +0.731617647<x47>[B] (+0) -0.731617647<x48>[B] (+0) +0.731617647<x49>[B] (+0) -0.731617647<x50>[B] (+0) +0.731617647<x51>[B] (+0) +0.731617647<x52>[B] (+0) +0.731617647<x53>[B] (+0) +0.731617647<x54>[B] (+0) +0.731617647<x55>[B] (+0) -0.731617647<x56>[B] (+0) +0.731617647<x57>[B] (+0) +0.731617647<x58>[B] (+0) -0.731617647<x59>[B] (+0) -0.731617647<x60>[B] (+1) +0.731617647<x61>[B] (+0) -0.731617647<x62>[B] (+1) -0.731617647<x63>[B] (+0) -0.731617647<x64>[B] (+1) -0.731617647<x65>[B] (+1) -0.731617647<x66>[B] (+1) -0.731617647<x67>[B] (+1) -0.731617647<x68>[B] (+1) -0.731617647<x69>[B] (+1) +0.731617647<x70>[B] (+1) -0.731617647<x71>[B] (+1) +0.731617647<x72>[B] (+0) -0.731617647<x73>[B] (+1) -0.731617647<x74>[B] (+0) -0.731617647<x75>[B] (+1) -0.731617647<x76>[B] (+1) -0.731617647<x77>[B] (+1) -0.731617647<x78>[B] (+1) -0.731617647<x79>[B] (+1) -0.731617647<x80>[B] (+1) +0.731617647<x81>[B] (+1) +0.731617647<x82>[B] (+0) -0.731617647<x83>[B] (+1) +0.731617647<x84>[B] (+0) +0.731617647<x85>[B] (+1) +0.731617647<x86>[B] (+0) +0.731617647<x87>[B] (+1) +0.731617647<x88>[B] (+1) -0.731617647<x89>[B] (+0) +0.731617647<x90>[B] (+0) +0.731617647<x91>[B] (+0) -0.731617647<x92>[B] (+1) -0.731617647<x93>[B] (+1) -0.731617647<x94>[B] (+1) -0.731617647<x95>[B] (+1) -0.731617647<x96>[B] (+1) -0.731617647<x97>[B] (+1) -0.731617647<x98>[B] (+1) -0.731617647<x99>[B] (+1) -0.731617647<x100>[B] (+1) +0.731617647<x101>[B] (+0) +0.731617647<x102>[B] (+1) +0.731617647<x103>[B] (+0) +0.731617647<x104>[B] (+0) +0.731617647<x105>[B] (+0) -0.731617647<x106>[B] (+0) +0.731617647<x107>[B] (+0) +0.731617647<x108>[B] (+0) +0.731617647<x109>[B] (+1) +0.731617647<x110>[B] (+1) +0.731617647<x111>[B] (+1) +0.731617647<x112>[B] (+1) -0.731617647<x113>[B] (+1) +0.731617647<x114>[B] (+1) +0.731617647<x115>[B] (+1) +0.731617647<x116>[B] (+0) +0.731617647<x117>[B] (+0) +0.731617647<x118>[B] (+0) -0.731617647<x119>[B] (+0) -0.731617647<x120>[B] (+0) +0.731617647<x121>[B] (+0) -0.731617647<x122>[B] (+1) -0.731617647<x123>[B] (+1) -0.731617647<x124>[B] (+1) -0.731617647<x125>[B] (+0) +0.731617647<x126>[B] (+1) +0.731617647<x127>[B] (+0) -0.731617647<x128>[B] (+0) -0.731617647<x129>[B] (+0) +0.731617647<x130>[B] (+0) -0.731617647<x131>[B] (+0) -0.731617647<x132>[B] (+0) +0.731617647<x133>[B] (+0) +0.731617647<x134>[B] (+0) +0.731617647<x135>[B] (+0) +0.731617647<x136>[B] (+1) >= 10.4264705882353;
;
violation: left hand side is violated by 0.132352941176471
  [linear] <c1426>: <x146>[C] (+27.8051471) -0.628676471<x1>[B] (+1) +0.628676471<x2>[B] (+1) -0.628676471<x3>[B] (+1) +0.628676471<x4>[B] (+1) +0.628676471<x5>[B] (+0) -0.628676471<x6>[B] (+1) +0.628676471<x7>[B] (+1) -0.628676471<x8>[B] (+1) +0.628676471<x9>[B] (+1) +0.628676471<x10>[B] (+1) -0.628676471<x11>[B] (+1) -0.628676471<x12>[B] (+1) -0.628676471<x13>[B] (+1) -0.628676471<x14>[B] (+1) -0.628676471<x15>[B] (+1) -0.628676471<x16>[B] (+1) +0.628676471<x17>[B] (+1) +0.628676471<x18>[B] (+1) +0.628676471<x19>[B] (+0) +0.628676471<x20>[B] (+0) -0.628676471<x21>[B] (+1) +0.628676471<x22>[B] (+0) +0.628676471<x23>[B] (+1) +0.628676471<x24>[B] (+0) +0.628676471<x25>[B] (+1) -0.628676471<x26>[B] (+1) -0.628676471<x27>[B] (+1) -0.628676471<x28>[B] (+1) +0.628676471<x29>[B] (+1) +0.628676471<x30>[B] (+1) -0.628676471<x31>[B] (+1) -0.628676471<x32>[B] (+1) +0.628676471<x33>[B] (+0) +0.628676471<x34>[B] (+0) -0.628676471<x35>[B] (+1) +0.628676471<x36>[B] (+0) -0.628676471<x37>[B] (+1) +0.628676471<x38>[B] (+0) +0.628676471<x39>[B] (+1) -0.628676471<x40>[B] (+1) -0.628676471<x41>[B] (+1) -0.628676471<x42>[B] (+1) -0.628676471<x43>[B] (+1) -0.628676471<x44>[B] (+0) -0.628676471<x45>[B] (+1) +0.628676471<x46>[B] (+0) +0.628676471<x47>[B] (+0) -0.628676471<x48>[B] (+0) +0.628676471<x49>[B] (+0) -0.628676471<x50>[B] (+0) +0.628676471<x51>[B] (+0) +0.628676471<x52>[B] (+0) -0.628676471<x53>[B] (+0) -0.628676471<x54>[B] (+0) -0.628676471<x55>[B] (+0) -0.628676471<x56>[B] (+0) -0.628676471<x57>[B] (+0) -0.628676471<x58>[B] (+0) -0.628676471<x59>[B] (+0) -0.628676471<x60>[B] (+1) +0.628676471<x61>[B] (+0) -0.628676471<x62>[B] (+1) +0.628676471<x63>[B] (+0) -0.628676471<x64>[B] (+1) -0.628676471<x65>[B] (+1) -0.628676471<x66>[B] (+1) -0.628676471<x67>[B] (+1) -0.628676471<x68>[B] (+1) -0.628676471<x69>[B] (+1) -0.628676471<x70>[B] (+1) -0.628676471<x71>[B] (+1) +0.628676471<x72>[B] (+1) -0.628676471<x73>[B] (+1) +0.628676471<x74>[B] (+1) -0.628676471<x75>[B] (+1) -0.628676471<x76>[B] (+1) -0.628676471<x77>[B] (+1) -0.628676471<x78>[B] (+1) -0.628676471<x79>[B] (+1) -0.628676471<x80>[B] (+1) -0.628676471<x81>[B] (+1) +0.628676471<x82>[B] (+0) +0.628676471<x83>[B] (+1) +0.628676471<x84>[B] (+0) +0.628676471<x85>[B] (+1) -0.628676471<x86>[B] (+0) -0.628676471<x87>[B] (+0) -0.628676471<x88>[B] (+1) +0.628676471<x89>[B] (+0) +0.628676471<x90>[B] (+0) -0.628676471<x91>[B] (+0) -0.628676471<x92>[B] (+1) -0.628676471<x93>[B] (+0) -0.628676471<x94>[B] (+1) -0.628676471<x95>[B] (+1) -0.628676471<x96>[B] (+1) -0.628676471<x97>[B] (+1) -0.628676471<x98>[B] (+1) -0.628676471<x99>[B] (+1) -0.628676471<x100>[B] (+1) +0.628676471<x101>[B] (+0) +0.628676471<x102>[B] (+1) -0.628676471<x103>[B] (+0) -0.628676471<x104>[B] (+0) -0.628676471<x105>[B] (+0) -0.628676471<x106>[B] (+0) -0.628676471<x107>[B] (+0) -0.628676471<x108>[B] (+0) -0.628676471<x109>[B] (+1) -0.628676471<x110>[B] (+1) -0.628676471<x111>[B] (+1) -0.628676471<x112>[B] (+1) -0.628676471<x113>[B] (+1) -0.628676471<x114>[B] (+1) -0.628676471<x115>[B] (+1) -0.628676471<x116>[B] (+0) -0.628676471<x117>[B] (+0) -0.628676471<x118>[B] (+0) -0.628676471<x119>[B] (+0) -0.628676471<x120>[B] (+0) -0.628676471<x121>[B] (+0) +0.628676471<x122>[B] (+1) +0.628676471<x123>[B] (+1) +0.628676471<x124>[B] (+1) +0.628676471<x125>[B] (+0) +0.628676471<x126>[B] (+1) +0.628676471<x127>[B] (+1) +0.628676471<x128>[B] (+0) +0.628676471<x129>[B] (+0) +0.628676471<x130>[B] (+0) +0.628676471<x131>[B] (+0) +0.628676471<x132>[B] (+0) +0.628676471<x133>[B] (+0) -0.628676471<x134>[B] (+0) -0.628676471<x135>[B] (+1) -0.628676471<x136>[B] (+1) >= 4.55882352941176;
;
violation: left hand side is violated by 0.0147058823529633
  [linear] <c1429>: <x149>[C] (+32.9742647) -0.731617647<x1>[B] (+1) -0.731617647<x2>[B] (+1) -0.731617647<x3>[B] (+1) -0.731617647<x4>[B] (+1) -0.731617647<x5>[B] (+0) -0.731617647<x6>[B] (+1) +0.731617647<x7>[B] (+1) -0.731617647<x8>[B] (+1) -0.731617647<x9>[B] (+1) -0.731617647<x10>[B] (+1) -0.731617647<x11>[B] (+1) -0.731617647<x12>[B] (+1) -0.731617647<x13>[B] (+1) -0.731617647<x14>[B] (+1) -0.731617647<x15>[B] (+1) +0.731617647<x16>[B] (+1) -0.731617647<x17>[B] (+1) -0.731617647<x18>[B] (+1) +0.731617647<x19>[B] (+1) +0.731617647<x20>[B] (+0) -0.731617647<x21>[B] (+1) +0.731617647<x22>[B] (+0) -0.731617647<x23>[B] (+1) -0.731617647<x24>[B] (+0) -0.731617647<x25>[B] (+1) +0.731617647<x26>[B] (+1) -0.731617647<x27>[B] (+1) -0.731617647<x28>[B] (+1) -0.731617647<x29>[B] (+1) -0.731617647<x30>[B] (+1) +0.731617647<x31>[B] (+1) +0.731617647<x32>[B] (+1) +0.731617647<x33>[B] (+0) +0.731617647<x34>[B] (+0) -0.731617647<x35>[B] (+1) +0.731617647<x36>[B] (+0) -0.731617647<x37>[B] (+1) +0.731617647<x38>[B] (+0) +0.731617647<x39>[B] (+1) +0.731617647<x40>[B] (+1) +0.731617647<x41>[B] (+1) +0.731617647<x42>[B] (+1) -0.731617647<x43>[B] (+1) +0.731617647<x44>[B] (+0) +0.731617647<x45>[B] (+1) +0.731617647<x46>[B] (+0) +0.731617647<x47>[B] (+0) -0.731617647<x48>[B] (+0) +0.731617647<x49>[B] (+0) -0.731617647<x50>[B] (+0) +0.731617647<x51>[B] (+0) +0.731617647<x52>[B] (+0) +0.731617647<x53>[B] (+0) +0.731617647<x54>[B] (+0) +0.731617647<x55>[B] (+0) -0.731617647<x56>[B] (+0) +0.731617647<x57>[B] (+0) +0.731617647<x58>[B] (+0) -0.731617647<x59>[B] (+0) -0.731617647<x60>[B] (+1) +0.731617647<x61>[B] (+0) -0.731617647<x62>[B] (+1) -0.731617647<x63>[B] (+0) -0.731617647<x64>[B] (+1) -0.731617647<x65>[B] (+1) -0.731617647<x66>[B] (+1) -0.731617647<x67>[B] (+1) -0.731617647<x68>[B] (+1) -0.731617647<x69>[B] (+1) +0.731617647<x70>[B] (+1) -0.731617647<x71>[B] (+1) +0.731617647<x72>[B] (+1) -0.731617647<x73>[B] (+1) -0.731617647<x74>[B] (+1) -0.731617647<x75>[B] (+1) -0.731617647<x76>[B] (+1) -0.731617647<x77>[B] (+1) -0.731617647<x78>[B] (+1) -0.731617647<x79>[B] (+1) -0.731617647<x80>[B] (+1) +0.731617647<x81>[B] (+1) +0.731617647<x82>[B] (+0) -0.731617647<x83>[B] (+1) +0.731617647<x84>[B] (+0) +0.731617647<x85>[B] (+1) +0.731617647<x86>[B] (+0) +0.731617647<x87>[B] (+1) +0.731617647<x88>[B] (+1) -0.731617647<x89>[B] (+1) +0.731617647<x90>[B] (+0) +0.731617647<x91>[B] (+0) -0.731617647<x92>[B] (+1) -0.731617647<x93>[B] (+0) -0.731617647<x94>[B] (+1) -0.731617647<x95>[B] (+1) -0.731617647<x96>[B] (+1) -0.731617647<x97>[B] (+1) -0.731617647<x98>[B] (+1) -0.731617647<x99>[B] (+1) -0.731617647<x100>[B] (+1) +0.731617647<x101>[B] (+0) +0.731617647<x102>[B] (+1) +0.731617647<x103>[B] (+0) +0.731617647<x104>[B] (+0) +0.731617647<x105>[B] (+0) -0.731617647<x106>[B] (+0) +0.731617647<x107>[B] (+0) +0.731617647<x108>[B] (+0) +0.731617647<x109>[B] (+1) +0.731617647<x110>[B] (+1) +0.731617647<x111>[B] (+1) +0.731617647<x112>[B] (+1) -0.731617647<x113>[B] (+1) +0.731617647<x114>[B] (+1) +0.731617647<x115>[B] (+1) +0.731617647<x116>[B] (+0) +0.731617647<x117>[B] (+0) +0.731617647<x118>[B] (+0) -0.731617647<x119>[B] (+0) -0.731617647<x120>[B] (+0) +0.731617647<x121>[B] (+0) -0.731617647<x122>[B] (+1) -0.731617647<x123>[B] (+1) -0.731617647<x124>[B] (+1) -0.731617647<x125>[B] (+0) +0.731617647<x126>[B] (+1) +0.731617647<x127>[B] (+0) -0.731617647<x128>[B] (+0) -0.731617647<x129>[B] (+0) +0.731617647<x130>[B] (+0) -0.731617647<x131>[B] (+1) -0.731617647<x132>[B] (+0) +0.731617647<x133>[B] (+0) +0.731617647<x134>[B] (+0) +0.731617647<x135>[B] (+0) +0.731617647<x136>[B] (+1) >= 10.4264705882353;
;
violation: left hand side is violated by 0.132352941176471
  [linear] <c1426>: <x146>[C] (+27.1895161) -0.628676471<x1>[B] (+1) +0.628676471<x2>[B] (+1) -0.628676471<x3>[B] (+1) +0.628676471<x4>[B] (+1) +0.628676471<x5>[B] (+1) -0.628676471<x6>[B] (+1) +0.628676471<x7>[B] (+1) -0.628676471<x8>[B] (+1) +0.628676471<x9>[B] (+1) +0.628676471<x10>[B] (+1) -0.628676471<x11>[B] (+1) -0.628676471<x12>[B] (+1) -0.628676471<x13>[B] (+1) -0.628676471<x14>[B] (+1) -0.628676471<x15>[B] (+1) -0.628676471<x16>[B] (+1) +0.628676471<x17>[B] (+1) +0.628676471<x18>[B] (+1) +0.628676471<x19>[B] (+0) +0.628676471<x20>[B] (+0) -0.628676471<x21>[B] (+1) +0.628676471<x22>[B] (+0) +0.628676471<x23>[B] (+1) +0.628676471<x24>[B] (+0) +0.628676471<x25>[B] (+1) -0.628676471<x26>[B] (+1) -0.628676471<x27>[B] (+1) -0.628676471<x28>[B] (+1) +0.628676471<x29>[B] (+1) +0.628676471<x30>[B] (+1) -0.628676471<x31>[B] (+1) -0.628676471<x32>[B] (+1) +0.628676471<x33>[B] (+0) +0.628676471<x34>[B] (+0) -0.628676471<x35>[B] (+1) +0.628676471<x36>[B] (+0) -0.628676471<x37>[B] (+1) +0.628676471<x38>[B] (+0) +0.628676471<x39>[B] (+1) -0.628676471<x40>[B] (+1) -0.628676471<x41>[B] (+1) -0.628676471<x42>[B] (+1) -0.628676471<x43>[B] (+1) -0.628676471<x44>[B] (+0) -0.628676471<x45>[B] (+1) +0.628676471<x46>[B] (+0) +0.628676471<x47>[B] (+0) -0.628676471<x48>[B] (+0) +0.628676471<x49>[B] (+0) -0.628676471<x50>[B] (+0) +0.628676471<x51>[B] (+0) +0.628676471<x52>[B] (+0) -0.628676471<x53>[B] (+0) -0.628676471<x54>[B] (+0) -0.628676471<x55>[B] (+0) -0.628676471<x56>[B] (+0) -0.628676471<x57>[B] (+0) -0.628676471<x58>[B] (+0) -0.628676471<x59>[B] (+0) -0.628676471<x60>[B] (+1) +0.628676471<x61>[B] (+0) -0.628676471<x62>[B] (+1) +0.628676471<x63>[B] (+0) -0.628676471<x64>[B] (+1) -0.628676471<x65>[B] (+1) -0.628676471<x66>[B] (+1) -0.628676471<x67>[B] (+1) -0.628676471<x68>[B] (+1) -0.628676471<x69>[B] (+1) -0.628676471<x70>[B] (+1) -0.628676471<x71>[B] (+1) +0.628676471<x72>[B] (+1) -0.628676471<x73>[B] (+1) +0.628676471<x74>[B] (+0) -0.628676471<x75>[B] (+1) -0.628676471<x76>[B] (+1) -0.628676471<x77>[B] (+1) -0.628676471<x78>[B] (+1) -0.628676471<x79>[B] (+1) -0.628676471<x80>[B] (+1) -0.628676471<x81>[B] (+1) +0.628676471<x82>[B] (+0) +0.628676471<x83>[B] (+1) +0.628676471<x84>[B] (+0) +0.628676471<x85>[B] (+1) -0.628676471<x86>[B] (+0) -0.628676471<x87>[B] (+0) -0.628676471<x88>[B] (+1) +0.628676471<x89>[B] (+0) +0.628676471<x90>[B] (+0) -0.628676471<x91>[B] (+0) -0.628676471<x92>[B] (+1) -0.628676471<x93>[B] (+0) -0.628676471<x94>[B] (+1) -0.628676471<x95>[B] (+1) -0.628676471<x96>[B] (+1) -0.628676471<x97>[B] (+1) -0.628676471<x98>[B] (+1) -0.628676471<x99>[B] (+1) -0.628676471<x100>[B] (+1) +0.628676471<x101>[B] (+0) +0.628676471<x102>[B] (+1) -0.628676471<x103>[B] (+0) -0.628676471<x104>[B] (+0) -0.628676471<x105>[B] (+0) -0.628676471<x106>[B] (+0) -0.628676471<x107>[B] (+0) -0.628676471<x108>[B] (+0) -0.628676471<x109>[B] (+1) -0.628676471<x110>[B] (+1) -0.628676471<x111>[B] (+1) -0.628676471<x112>[B] (+1) -0.628676471<x113>[B] (+1) -0.628676471<x114>[B] (+1) -0.628676471<x115>[B] (+1) -0.628676471<x116>[B] (+0) -0.628676471<x117>[B] (+0) -0.628676471<x118>[B] (+0) -0.628676471<x119>[B] (+0) -0.628676471<x120>[B] (+0) -0.628676471<x121>[B] (+0) +0.628676471<x122>[B] (+1) +0.628676471<x123>[B] (+1) +0.628676471<x124>[B] (+1) +0.628676471<x125>[B] (+0) +0.628676471<x126>[B] (+1) +0.628676471<x127>[B] (+1) +0.628676471<x128>[B] (+0) +0.628676471<x129>[B] (+0) +0.628676471<x130>[B] (+0) +0.628676471<x131>[B] (+0) +0.628676471<x132>[B] (+0) +0.628676471<x133>[B] (+0) -0.628676471<x134>[B] (+0) -0.628676471<x135>[B] (+0) -0.628676471<x136>[B] (+1) >= 4.55882352941176;
;
violation: left hand side is violated by 0.00166034155578743
  [linear] <c1427>: <x147>[C] (+21.7242647) -0.577205882<x1>[B] (+1) -0.577205882<x2>[B] (+1) -0.577205882<x3>[B] (+1) -0.577205882<x4>[B] (+1) -0.577205882<x5>[B] (+1) +0.577205882<x6>[B] (+1) +0.577205882<x7>[B] (+1) -0.577205882<x8>[B] (+1) -0.577205882<x9>[B] (+0) -0.577205882<x10>[B] (+1) +0.577205882<x11>[B] (+1) -0.577205882<x12>[B] (+1) -0.577205882<x13>[B] (+1) -0.577205882<x14>[B] (+1) -0.577205882<x15>[B] (+1) -0.577205882<x16>[B] (+1) -0.577205882<x17>[B] (+1) -0.577205882<x18>[B] (+1) -0.577205882<x19>[B] (+1) -0.577205882<x20>[B] (+0) +0.577205882<x21>[B] (+1) +0.577205882<x22>[B] (+0) -0.577205882<x23>[B] (+1) -0.577205882<x24>[B] (+0) -0.577205882<x25>[B] (+1) +0.577205882<x26>[B] (+1) -0.577205882<x27>[B] (+1) -0.577205882<x28>[B] (+1) -0.577205882<x29>[B] (+1) -0.577205882<x30>[B] (+1) -0.577205882<x31>[B] (+1) +0.577205882<x32>[B] (+1) -0.577205882<x33>[B] (+0) +0.577205882<x34>[B] (+0) +0.577205882<x35>[B] (+1) +0.577205882<x36>[B] (+0) -0.577205882<x37>[B] (+1) -0.577205882<x38>[B] (+0) +0.577205882<x39>[B] (+1) +0.577205882<x40>[B] (+1) -0.577205882<x41>[B] (+1) -0.577205882<x42>[B] (+1) -0.577205882<x43>[B] (+1) -0.577205882<x44>[B] (+0) +0.577205882<x45>[B] (+1) -0.577205882<x46>[B] (+0) -0.577205882<x47>[B] (+0) +0.577205882<x48>[B] (+0) +0.577205882<x49>[B] (+0) -0.577205882<x50>[B] (+0) -0.577205882<x51>[B] (+0) -0.577205882<x52>[B] (+0) +0.577205882<x53>[B] (+0) -0.577205882<x54>[B] (+0) -0.577205882<x55>[B] (+0) -0.577205882<x56>[B] (+0) -0.577205882<x57>[B] (+0) +0.577205882<x58>[B] (+0) +0.577205882<x59>[B] (+0) +0.577205882<x60>[B] (+1) +0.577205882<x61>[B] (+0) -0.577205882<x62>[B] (+1) -0.577205882<x63>[B] (+0) +0.577205882<x64>[B] (+1) +0.577205882<x65>[B] (+1) -0.577205882<x66>[B] (+1) +0.577205882<x67>[B] (+1) +0.577205882<x68>[B] (+1) +0.577205882<x69>[B] (+1) +0.577205882<x70>[B] (+1) +0.577205882<x71>[B] (+1) +0.577205882<x72>[B] (+1) -0.577205882<x73>[B] (+1) -0.577205882<x74>[B] (+0) -0.577205882<x75>[B] (+1) +0.577205882<x76>[B] (+1) -0.577205882<x77>[B] (+1) -0.577205882<x78>[B] (+1) -0.577205882<x79>[B] (+1) -0.577205882<x80>[B] (+1) +0.577205882<x81>[B] (+1) +0.577205882<x82>[B] (+0) -0.577205882<x83>[B] (+1) -0.577205882<x84>[B] (+0) -0.577205882<x85>[B] (+1) -0.577205882<x86>[B] (+0) -0.577205882<x87>[B] (+1) -0.577205882<x88>[B] (+1) -0.577205882<x89>[B] (+0) -0.577205882<x90>[B] (+0) -0.577205882<x91>[B] (+0) -0.577205882<x92>[B] (+1) -0.577205882<x93>[B] (+0) -0.577205882<x94>[B] (+1) -0.577205882<x95>[B] (+1) -0.577205882<x96>[B] (+1) -0.577205882<x97>[B] (+1) -0.577205882<x98>[B] (+1) -0.577205882<x99>[B] (+1) -0.577205882<x100>[B] (+1) +0.577205882<x101>[B] (+0) +0.577205882<x102>[B] (+1) +0.577205882<x103>[B] (+0) +0.577205882<x104>[B] (+0) +0.577205882<x105>[B] (+0) +0.577205882<x106>[B] (+0) +0.577205882<x107>[B] (+0) +0.577205882<x108>[B] (+0) +0.577205882<x109>[B] (+1) +0.577205882<x110>[B] (+1) -0.577205882<x111>[B] (+1) +0.577205882<x112>[B] (+1) +0.577205882<x113>[B] (+1) +0.577205882<x114>[B] (+1) +0.577205882<x115>[B] (+1) +0.577205882<x116>[B] (+0) -0.577205882<x117>[B] (+0) -0.577205882<x118>[B] (+0) -0.577205882<x119>[B] (+0) -0.577205882<x120>[B] (+0) +0.577205882<x121>[B] (+0) -0.577205882<x122>[B] (+1) -0.577205882<x123>[B] (+1) -0.577205882<x124>[B] (+1) -0.577205882<x125>[B] (+0) -0.577205882<x126>[B] (+1) +0.577205882<x127>[B] (+0) +0.577205882<x128>[B] (+0) +0.577205882<x129>[B] (+0) +0.577205882<x130>[B] (+0) -0.577205882<x131>[B] (+0) -0.577205882<x132>[B] (+0) +0.577205882<x133>[B] (+0) +0.577205882<x134>[B] (+0) +0.577205882<x135>[B] (+0) +0.577205882<x136>[B] (+1) >= 9.09191176470588;
;
violation: left hand side is violated by 0.0661764705882462
  [linear] <c1426>: <x146>[C] (+27.1470588) -0.628676471<x1>[B] (+1) +0.628676471<x2>[B] (+1) -0.628676471<x3>[B] (+1) +0.628676471<x4>[B] (+1) +0.628676471<x5>[B] (+1) -0.628676471<x6>[B] (+1) +0.628676471<x7>[B] (+1) -0.628676471<x8>[B] (+1) +0.628676471<x9>[B] (+0) +0.628676471<x10>[B] (+1) -0.628676471<x11>[B] (+1) -0.628676471<x12>[B] (+1) -0.628676471<x13>[B] (+1) -0.628676471<x14>[B] (+1) -0.628676471<x15>[B] (+1) -0.628676471<x16>[B] (+1) +0.628676471<x17>[B] (+1) +0.628676471<x18>[B] (+1) +0.628676471<x19>[B] (+1) +0.628676471<x20>[B] (+0) -0.628676471<x21>[B] (+1) +0.628676471<x22>[B] (+1) +0.628676471<x23>[B] (+1) +0.628676471<x24>[B] (+0) +0.628676471<x25>[B] (+1) -0.628676471<x26>[B] (+1) -0.628676471<x27>[B] (+1) -0.628676471<x28>[B] (+1) +0.628676471<x29>[B] (+1) +0.628676471<x30>[B] (+1) -0.628676471<x31>[B] (+1) -0.628676471<x32>[B] (+1) +0.628676471<x33>[B] (+0) +0.628676471<x34>[B] (+0) -0.628676471<x35>[B] (+1) +0.628676471<x36>[B] (+0) -0.628676471<x37>[B] (+1) +0.628676471<x38>[B] (+0) +0.628676471<x39>[B] (+1) -0.628676471<x40>[B] (+0) -0.628676471<x41>[B] (+1) -0.628676471<x42>[B] (+1) -0.628676471<x43>[B] (+1) -0.628676471<x44>[B] (+0) -0.628676471<x45>[B] (+1) +0.628676471<x46>[B] (+0) +0.628676471<x47>[B] (+0) -0.628676471<x48>[B] (+0) +0.628676471<x49>[B] (+0) -0.628676471<x50>[B] (+0) +0.628676471<x51>[B] (+0) +0.628676471<x52>[B] (+0) -0.628676471<x53>[B] (+0) -0.628676471<x54>[B] (+0) -0.628676471<x55>[B] (+0) -0.628676471<x56>[B] (+0) -0.628676471<x57>[B] (+0) -0.628676471<x58>[B] (+0) -0.628676471<x59>[B] (+0) -0.628676471<x60>[B] (+1) +0.628676471<x61>[B] (+0) -0.628676471<x62>[B] (+1) +0.628676471<x63>[B] (+0) -0.628676471<x64>[B] (+1) -0.628676471<x65>[B] (+1) -0.628676471<x66>[B] (+1) -0.628676471<x67>[B] (+1) -0.628676471<x68>[B] (+1) -0.628676471<x69>[B] (+1) -0.628676471<x70>[B] (+1) -0.628676471<x71>[B] (+1) +0.628676471<x72>[B] (+1) -0.628676471<x73>[B] (+1) +0.628676471<x74>[B] (+0) -0.628676471<x75>[B] (+1) -0.628676471<x76>[B] (+1) -0.628676471<x77>[B] (+1) -0.628676471<x78>[B] (+1) -0.628676471<x79>[B] (+1) -0.628676471<x80>[B] (+1) -0.628676471<x81>[B] (+1) +0.628676471<x82>[B] (+0) +0.628676471<x83>[B] (+1) +0.628676471<x84>[B] (+0) +0.628676471<x85>[B] (+1) -0.628676471<x86>[B] (+0) -0.628676471<x87>[B] (+1) -0.628676471<x88>[B] (+1) +0.628676471<x89>[B] (+0) +0.628676471<x90>[B] (+0) -0.628676471<x91>[B] (+0) -0.628676471<x92>[B] (+1) -0.628676471<x93>[B] (+0) -0.628676471<x94>[B] (+1) -0.628676471<x95>[B] (+1) -0.628676471<x96>[B] (+1) -0.628676471<x97>[B] (+1) -0.628676471<x98>[B] (+1) -0.628676471<x99>[B] (+1) -0.628676471<x100>[B] (+1) +0.628676471<x101>[B] (+0) +0.628676471<x102>[B] (+1) -0.628676471<x103>[B] (+0) -0.628676471<x104>[B] (+0) -0.628676471<x105>[B] (+0) -0.628676471<x106>[B] (+0) -0.628676471<x107>[B] (+0) -0.628676471<x108>[B] (+0) -0.628676471<x109>[B] (+1) -0.628676471<x110>[B] (+1) -0.628676471<x111>[B] (+1) -0.628676471<x112>[B] (+1) -0.628676471<x113>[B] (+1) -0.628676471<x114>[B] (+1) -0.628676471<x115>[B] (+1) -0.628676471<x116>[B] (+0) -0.628676471<x117>[B] (+0) -0.628676471<x118>[B] (+0) -0.628676471<x119>[B] (+0) -0.628676471<x120>[B] (+0) -0.628676471<x121>[B] (+0) +0.628676471<x122>[B] (+1) +0.628676471<x123>[B] (+1) +0.628676471<x124>[B] (+1) +0.628676471<x125>[B] (+0) +0.628676471<x126>[B] (+1) +0.628676471<x127>[B] (+0) +0.628676471<x128>[B] (+0) +0.628676471<x129>[B] (+0) +0.628676471<x130>[B] (+0) +0.628676471<x131>[B] (+0) +0.628676471<x132>[B] (+0) +0.628676471<x133>[B] (+0) -0.628676471<x134>[B] (+0) -0.628676471<x135>[B] (+0) -0.628676471<x136>[B] (+1) >= 4.55882352941176;
;
violation: left hand side is violated by 0.0441176470586981
all 10 solutions given by solution candidate storage are infeasible

feasible solution found by trivial heuristic after 0.0 seconds, objective value -2.999888e+06
presolving:
   (0.0s) symmetry computation started: requiring (bin +, int +, cont +), (fixed: bin -, int -, cont -)
   (0.0s) no symmetry present (symcode time: 0.00)
presolving (0 rounds: 0 fast, 0 medium, 0 exhaustive):
 0 deleted vars, 0 deleted constraints, 0 added constraints, 0 tightened bounds, 0 added holes, 0 changed sides, 0 changed coefficients
 0 implications, 0 cliques, 0 implied integral variables (0 bin, 0 int, 0 cont)
presolved problem has 166 variables (136 bin, 0 int, 30 cont) and 1440 constraints
   1440 constraints of type <linear>
Presolving Time: 0.01
transformed 1/1 original solutions to the transformed problem space

 time | node  | left  |LP iter|LP it/n|mem/heur|mdpt |vars |cons |rows |cuts |sepa|confs|strbr|  dualbound   | primalbound  |  gap   | compl. 
p 0.0s|     1 |     0 |     6 |     - |   locks|   0 | 166 |1440 |1440 |   0 |  0 |   0 |   0 | 3.940000e+02 |-5.907610e+02 |    Inf | unknown
  0.0s|     1 |     0 |   273 |     - |    19M |   0 | 166 |1440 |1440 |   0 |  0 |   0 |   0 |-3.148700e+02 |-5.907610e+02 |  87.62%| unknown
r 0.0s|     1 |     0 |   273 |     - |shifting|   0 | 166 |1440 |1440 |   0 |  0 |   0 |   0 |-3.148700e+02 |-3.374202e+02 |   7.16%| unknown
  0.0s|     1 |     0 |   294 |     - |    19M |   0 | 166 |1440 |1441 |   1 |  1 |   0 |   0 |-3.152423e+02 |-3.374202e+02 |   7.04%| unknown
  0.0s|     1 |     0 |   294 |     - |    19M |   0 | 166 |1440 |1441 |   1 |  1 |   0 |   0 |-3.152423e+02 |-3.374202e+02 |   7.04%| unknown
  0.1s|     1 |     0 |   302 |     - |    19M |   0 | 166 |1440 |1442 |   2 |  2 |   0 |   0 |-3.152846e+02 |-3.374202e+02 |   7.02%| unknown
  0.1s|     1 |     0 |   314 |     - |    20M |   0 | 166 |1440 |1443 |   3 |  3 |   0 |   0 |-3.153242e+02 |-3.374202e+02 |   7.01%| unknown
  0.1s|     1 |     0 |   334 |     - |    20M |   0 | 166 |1440 |1445 |   5 |  4 |   0 |   0 |-3.154195e+02 |-3.374202e+02 |   6.98%| unknown
  0.1s|     1 |     0 |   369 |     - |    20M |   0 | 166 |1440 |1446 |   6 |  5 |   0 |   0 |-3.155940e+02 |-3.374202e+02 |   6.92%| unknown
  0.2s|     1 |     0 |   380 |     - |    20M |   0 | 166 |1440 |1447 |   7 |  6 |   0 |   0 |-3.156176e+02 |-3.374202e+02 |   6.91%| unknown
  0.2s|     1 |     0 |   397 |     - |    20M |   0 | 166 |1440 |1449 |   9 |  7 |   0 |   0 |-3.156410e+02 |-3.374202e+02 |   6.90%| unknown
  0.2s|     1 |     0 |   405 |     - |    20M |   0 | 166 |1440 |1450 |  10 |  8 |   0 |   0 |-3.156522e+02 |-3.374202e+02 |   6.90%| unknown
  0.3s|     1 |     0 |   413 |     - |    20M |   0 | 166 |1440 |1451 |  11 |  9 |   0 |   0 |-3.156567e+02 |-3.374202e+02 |   6.89%| unknown
  0.3s|     1 |     0 |   430 |     - |    21M |   0 | 166 |1440 |1452 |  12 | 10 |   0 |   0 |-3.156813e+02 |-3.374202e+02 |   6.89%| unknown
  0.3s|     1 |     0 |   448 |     - |    21M |   0 | 166 |1440 |1455 |  15 | 11 |   0 |   0 |-3.157029e+02 |-3.374202e+02 |   6.88%| unknown
 time | node  | left  |LP iter|LP it/n|mem/heur|mdpt |vars |cons |rows |cuts |sepa|confs|strbr|  dualbound   | primalbound  |  gap   | compl. 
  0.3s|     1 |     0 |   450 |     - |    21M |   0 | 166 |1440 |1457 |  17 | 12 |   0 |   0 |-3.157029e+02 |-3.374202e+02 |   6.88%| unknown
  0.3s|     1 |     0 |   451 |     - |    21M |   0 | 166 |1440 |1458 |  18 | 13 |   0 |   0 |-3.157031e+02 |-3.374202e+02 |   6.88%| unknown
r 0.3s|     1 |     0 |   504 |     - |intshift|   0 | 166 |1440 |1458 |  18 | 14 |   0 |   0 |-3.157031e+02 |-3.250441e+02 |   2.96%| unknown
d 0.3s|     1 |     0 |   549 |     - |farkasdi|   0 | 166 |1440 |1458 |   0 | 14 |   0 |   0 |-3.157031e+02 |-3.161765e+02 |   0.15%| unknown
  0.4s|     1 |     0 |   549 |     - |    21M |   0 | 166 |1440 |1458 |  18 | 14 |   0 |   0 |-3.157031e+02 |-3.161765e+02 |   0.15%| unknown
  0.4s|     1 |     0 |   549 |     - |    21M |   0 | 166 |1440 | 437 |  18 | 14 |   0 |   0 |-3.157031e+02 |-3.161765e+02 |   0.15%| unknown
  0.4s|     1 |     0 |   549 |     - |    21M |   0 | 166 | 326 | 437 |  18 | 15 |   0 |   0 |-3.157031e+02 |-3.161765e+02 |   0.15%| unknown
(run 1, node 1) restarting after 86 global fixings of integer variables

(restart) converted 18 cuts from the global cut pool into linear constraints

presolving:
presolving (0 rounds: 0 fast, 0 medium, 0 exhaustive):
 0 deleted vars, 0 deleted constraints, 0 added constraints, 0 tightened bounds, 0 added holes, 0 changed sides, 0 changed coefficients
 0 implications, 0 cliques, 0 implied integral variables (0 bin, 0 int, 0 cont)
presolved problem has 166 variables (136 bin, 0 int, 30 cont) and 344 constraints
    344 constraints of type <linear>
Presolving Time: 0.01
transformed 17/21 original solutions to the transformed problem space

 time | node  | left  |LP iter|LP it/n|mem/heur|mdpt |vars |cons |rows |cuts |sepa|confs|strbr|  dualbound   | primalbound  |  gap   | compl. 
  0.4s|     1 |     0 |   804 |     - |    21M |   0 | 166 | 344 | 344 |   0 |  0 |   0 |   0 |-3.157031e+02 |-3.161765e+02 |   0.15%| unknown
  0.4s|     1 |     0 |   804 |     - |    21M |   0 | 166 | 344 | 340 |   0 |  0 |   0 |   0 |-3.157031e+02 |-3.161765e+02 |   0.15%| unknown
  0.4s|     1 |     0 |   812 |     - |    21M |   0 | 166 | 344 | 344 |   4 |  1 |   0 |   0 |-3.157092e+02 |-3.161765e+02 |   0.15%| unknown
  0.4s|     1 |     0 |   812 |     - |    21M |   0 | 166 | 344 | 333 |   4 |  1 |   0 |   0 |-3.157092e+02 |-3.161765e+02 |   0.15%| unknown
  0.5s|     1 |     0 |   819 |     - |    21M |   0 | 166 | 344 | 335 |   6 |  2 |   0 |   0 |-3.157129e+02 |-3.161765e+02 |   0.15%| unknown
  0.5s|     1 |     0 |   836 |     - |    21M |   0 | 166 | 344 | 336 |   7 |  3 |   0 |   0 |-3.157245e+02 |-3.161765e+02 |   0.14%| unknown
  0.5s|     1 |     0 |   864 |     - |    22M |   0 | 166 | 344 | 339 |  10 |  4 |   0 |   0 |-3.157470e+02 |-3.161765e+02 |   0.14%| unknown
  0.6s|     1 |     0 |   877 |     - |    22M |   0 | 166 | 344 | 342 |  13 |  5 |   0 |   0 |-3.157662e+02 |-3.161765e+02 |   0.13%| unknown
  0.6s|     1 |     0 |   877 |     - |    22M |   0 | 166 | 344 | 329 |  13 |  5 |   0 |   0 |-3.157662e+02 |-3.161765e+02 |   0.13%| unknown
  0.6s|     1 |     0 |   882 |     - |    22M |   0 | 166 | 344 | 331 |  15 |  6 |   0 |   0 |-3.157684e+02 |-3.161765e+02 |   0.13%| unknown
  0.7s|     1 |     0 |   905 |     - |    22M |   0 | 166 | 344 | 332 |  16 |  7 |   0 |   0 |-3.157947e+02 |-3.161765e+02 |   0.12%| unknown
  0.7s|     1 |     0 |   920 |     - |    22M |   0 | 166 | 344 | 333 |  17 |  8 |   0 |   0 |-3.158015e+02 |-3.161765e+02 |   0.12%| unknown
  0.8s|     1 |     0 |   925 |     - |    22M |   0 | 166 | 344 | 334 |  18 |  9 |   0 |   0 |-3.158019e+02 |-3.161765e+02 |   0.12%| unknown
  0.8s|     1 |     0 |   930 |     - |    22M |   0 | 166 | 344 | 336 |  20 | 10 |   0 |   0 |-3.158032e+02 |-3.161765e+02 |   0.12%| unknown
  0.9s|     1 |     0 |   931 |     - |    22M |   0 | 166 | 344 | 337 |  21 | 11 |   0 |   0 |-3.158032e+02 |-3.161765e+02 |   0.12%| unknown
 time | node  | left  |LP iter|LP it/n|mem/heur|mdpt |vars |cons |rows |cuts |sepa|confs|strbr|  dualbound   | primalbound  |  gap   | compl. 
  0.9s|     1 |     0 |   931 |     - |    22M |   0 | 166 | 307 | 337 |  21 | 11 |   0 |   0 |-3.158032e+02 |-3.161765e+02 |   0.12%| unknown
  0.9s|     1 |     0 |   944 |     - |    22M |   0 | 166 | 307 | 333 |  23 | 12 |   0 |   0 |-3.158036e+02 |-3.161765e+02 |   0.12%| unknown
  1.0s|     1 |     0 |   951 |     - |    22M |   0 | 166 | 307 | 334 |  24 | 13 |   0 |   0 |-3.158040e+02 |-3.161765e+02 |   0.12%| unknown
  1.0s|     1 |     0 |   953 |     - |    22M |   0 | 166 | 307 | 335 |  25 | 14 |   0 |   0 |-3.158040e+02 |-3.161765e+02 |   0.12%| unknown
  1.0s|     1 |     0 |   954 |     - |    22M |   0 | 166 | 307 | 336 |  26 | 15 |   0 |   0 |-3.158040e+02 |-3.161765e+02 |   0.12%| unknown
  1.1s|     1 |     0 |  1111 |     - |    22M |   0 | 166 | 308 | 336 |  26 | 16 |   2 |   0 |-3.161765e+02 |-3.161765e+02 |   0.00%| unknown

SCIP Status        : problem is solved [optimal solution found]
Solving Time (sec) : 1.09
Solving Nodes      : 1 (total of 2 nodes in 2 runs)
Primal Bound       : -3.16176470588235e+02 (37 solutions)
Dual Bound         : -3.16176470588235e+02
Gap                : 0.00 %
