Loading instance...
Median ranking: [6, 5, 3, 1, 8, 16, 2, 15, 11, 17, 4, 7, 9, 13, 10, 14, 12]
Mean ranking: [6, 5, 3, 1, 8, 16, 2, 4, 15, 11, 17, 7, 9, 13, 10, 14, 12]
Actual error: 0.0007188474479365992
Weighted Kendall distance: 28.5
Normalized distance: 0.017463235294117647
s, 0 chg bounds, 0 chg sides, 0 chg coeffs, 0 upgd conss, 0 impls, 0 clqs, 0 implints
   (0.0s) symmetry computation started: requiring (bin +, int +, cont +), (fixed: bin -, int -, cont -)
   (0.0s) no symmetry present (symcode time: 0.00)
presolving (2 rounds: 2 fast, 2 medium, 1 exhaustive):
 0 deleted vars, 1360 deleted constraints, 680 added constraints, 0 tightened bounds, 0 added holes, 0 changed sides, 0 changed coefficients
 0 implications, 0 cliques, 0 implied integral variables (0 bin, 0 int, 0 cont)
presolved problem has 136 variables (0 bin, 0 int, 136 cont) and 680 constraints
    680 constraints of type <linear>
Presolving Time: 0.01
transformed 3/3 original solutions to the transformed problem space

 time | node  | left  |LP iter|LP it/n|mem/heur|mdpt |vars |cons |rows |cuts |sepa|confs|strbr|  dualbound   | primalbound  |  gap   | compl. 
* 0.0s|     1 |     0 |    25 |     - |    LP  |   0 | 136 | 680 | 680 |   0 |  0 |   0 |   0 | 5.220000e+02 | 5.220000e+02 |   0.00%| unknown
  0.0s|     1 |     0 |    25 |     - |  5553k |   0 | 136 | 680 | 680 |   0 |  0 |   0 |   0 | 5.220000e+02 | 5.220000e+02 |   0.00%| unknown

SCIP Status        : problem is solved [optimal solution found]
Solving Time (sec) : 0.01
Solving Nodes      : 1
Primal Bound       : +5.22000000000000e+02 (4 solutions)
Dual Bound         : +5.22000000000000e+02
Gap                : 0.00 %
feasible solution found by trivial heuristic after 0.0 seconds, objective value 2.120000e+02
presolving:
   (0.0s) running MILP presolver
   (0.0s) MILP presolver (2 rounds): 0 aggregations, 0 fixings, 0 bound changes
(round 1, medium)     0 del vars, 1360 del conss, 680 add conss, 0 chg bounds, 0 chg sides, 0 chg coeffs, 0 upgd conss, 0 impls, 0 clqs, 0 implints
   (0.0s) probing: 51/136 (37.5%) - 0 fixings, 0 aggregations, 0 implications, 0 bound changes
   (0.0s) probing aborted: 50/50 successive totally useless probings
   (0.0s) symmetry computation started: requiring (bin +, int +, cont +), (fixed: bin -, int -, cont -)
   (0.0s) no symmetry present (symcode time: 0.00)
presolving (2 rounds: 2 fast, 2 medium, 1 exhaustive):
 0 deleted vars, 1360 deleted constraints, 680 added constraints, 0 tightened bounds, 0 added holes, 0 changed sides, 0 changed coefficients
 0 implications, 0 cliques, 0 implied integral variables (0 bin, 0 int, 0 cont)
presolved problem has 136 variables (136 bin, 0 int, 0 cont) and 680 constraints
    680 constraints of type <linear>
transformed objective value is always integral (scale: 2)
Presolving Time: 0.01
transformed 2/2 original solutions to the transformed problem space

 time | node  | left  |LP iter|LP it/n|mem/heur|mdpt |vars |cons |rows |cuts |sepa|confs|strbr|  dualbound   | primalbound  |  gap   | compl. 
p 0.0s|     1 |     0 |     0 |     - |   locks|   0 | 136 | 680 | 680 |   0 |  0 |   0 |   0 | 5.480000e+02 | 4.160000e+02 |  31.73%| unknown
i 0.0s|     1 |     0 |     0 |     - |  oneopt|   0 | 136 | 680 | 680 |   0 |  0 |   0 |   0 | 5.480000e+02 | 4.720000e+02 |  16.10%| unknown
* 0.0s|     1 |     0 |    19 |     - |    LP  |   0 | 136 | 680 | 680 |   0 |  0 |   0 |   0 | 5.220000e+02 | 5.220000e+02 |   0.00%| unknown
  0.0s|     1 |     0 |    19 |     - |  5738k |   0 | 136 | 680 | 680 |   0 |  0 |   0 |   0 | 5.220000e+02 | 5.220000e+02 |   0.00%| unknown

SCIP Status        : problem is solved [optimal solution found]
Solving Time (sec) : 0.01
Solving Nodes      : 1
Primal Bound       : +5.22000000000000e+02 (5 solutions)
Dual Bound         : +5.22000000000000e+02
Gap                : 0.00 %
feasible solution found by trivial heuristic after 0.1 seconds, objective value -3.999788e+06
presolving:
(round 1, fast)       0 del vars, 0 del conss, 0 add conss, 80 chg bounds, 0 chg sides, 0 chg coeffs, 0 upgd conss, 0 impls, 0 clqs, 0 implints
   (0.6s) running MILP presolver
   (0.7s) MILP presolver (2 rounds): 0 aggregations, 0 fixings, 0 bound changes
(round 2, exhaustive) 0 del vars, 680 del conss, 0 add conss, 80 chg bounds, 0 chg sides, 0 chg coeffs, 0 upgd conss, 0 impls, 0 clqs, 0 implints
   (1.2s) symmetry computation started: requiring (bin +, int +, cont +), (fixed: bin -, int -, cont -)
   (1.4s) no symmetry present (symcode time: 0.01)
presolving (3 rounds: 3 fast, 2 medium, 2 exhaustive):
 0 deleted vars, 680 deleted constraints, 0 added constraints, 80 tightened bounds, 0 added holes, 0 changed sides, 0 changed coefficients
 0 implications, 0 cliques, 0 implied integral variables (0 bin, 0 int, 0 cont)
presolved problem has 176 variables (0 bin, 0 int, 176 cont) and 6120 constraints
   6120 constraints of type <linear>
Presolving Time: 1.34

 time | node  | left  |LP iter|LP it/n|mem/heur|mdpt |vars |cons |rows |cuts |sepa|confs|strbr|  dualbound   | primalbound  |  gap   | compl. 
t 1.4s|     1 |     0 |     0 |     - | trivial|   0 | 176 |6120 |   0 |   0 |  0 |   0 |   0 | 5.480000e+02 |-2.508000e+03 |    Inf | unknown
* 1.8s|     1 |     0 |   607 |     - |    LP  |   0 | 176 |6120 |6120 |   0 |  0 |   0 |   0 |-4.045319e+02 |-4.045319e+02 |   0.00%| unknown
  1.8s|     1 |     0 |   607 |     - |   416M |   0 | 176 |6120 |6120 |   0 |  0 |   0 |   0 |-4.045319e+02 |-4.045319e+02 |   0.00%| unknown

SCIP Status        : problem is solved [optimal solution found]
Solving Time (sec) : 1.75
Solving Nodes      : 1
Primal Bound       : -4.04531862745098e+02 (3 solutions)
Dual Bound         : -4.04531862745098e+02
Gap                : 0.00 %
feasible solution found by trivial heuristic after 0.0 seconds, objective value -3.999788e+06
presolving:
(round 1, fast)       0 del vars, 0 del conss, 0 add conss, 80 chg bounds, 0 chg sides, 0 chg coeffs, 0 upgd conss, 0 impls, 0 clqs, 0 implints
   (0.4s) running MILP presolver
   (0.5s) MILP presolver (2 rounds): 0 aggregations, 0 fixings, 0 bound changes
(round 2, exhaustive) 0 del vars, 680 del conss, 0 add conss, 80 chg bounds, 0 chg sides, 0 chg coeffs, 0 upgd conss, 0 impls, 0 clqs, 0 implints
   (1.3s) probing: 51/136 (37.5%) - 0 fixings, 0 aggregations, 0 implications, 0 bound changes
   (1.3s) probing aborted: 50/50 successive totally useless probings
   (1.3s) symmetry computation started: requiring (bin +, int +, cont +), (fixed: bin -, int -, cont -)
   (1.5s) no symmetry present (symcode time: 0.01)
presolving (3 rounds: 3 fast, 2 medium, 2 exhaustive):
 0 deleted vars, 680 deleted constraints, 0 added constraints, 80 tightened bounds, 0 added holes, 0 changed sides, 0 changed coefficients
 0 implications, 0 cliques, 0 implied integral variables (0 bin, 0 int, 0 cont)
presolved problem has 176 variables (136 bin, 0 int, 40 cont) and 6120 constraints
   6120 constraints of type <linear>
Presolving Time: 1.47

 time | node  | left  |LP iter|LP it/n|mem/heur|mdpt |vars |cons |rows |cuts |sepa|confs|strbr|  dualbound   | primalbound  |  gap   | compl. 
t 1.5s|     1 |     0 |     0 |     - | trivial|   0 | 176 |6120 |   0 |   0 |  0 |   0 |   0 | 5.480000e+02 |-2.508000e+03 |    Inf | unknown
p 1.9s|     1 |     0 |    38 |     - |   locks|   0 | 176 |6120 |6120 |   0 |  0 |   0 |   0 | 5.480000e+02 |-7.936838e+02 |    Inf | unknown
  2.1s|     1 |     0 |   645 |     - |   417M |   0 | 176 |6120 |6120 |   0 |  0 |   0 |   0 |-4.045319e+02 |-7.936838e+02 |  96.20%| unknown
r 2.2s|     1 |     0 |   645 |     - |shifting|   0 | 176 |6120 |6120 |   0 |  0 |   0 |   0 |-4.045319e+02 |-4.321895e+02 |   6.84%| unknown
  2.2s|     1 |     0 |   647 |     - |   418M |   0 | 176 |6120 |6121 |   1 |  1 |   0 |   0 |-4.045384e+02 |-4.321895e+02 |   6.84%| unknown
  2.3s|     1 |     0 |   649 |     - |   419M |   0 | 176 |6120 |6122 |   2 |  2 |   0 |   0 |-4.045449e+02 |-4.321895e+02 |   6.83%| unknown
  2.4s|     1 |     0 |   651 |     - |   419M |   0 | 176 |6120 |6123 |   3 |  3 |   0 |   0 |-4.045515e+02 |-4.321895e+02 |   6.83%| unknown
  2.5s|     1 |     0 |   653 |     - |   420M |   0 | 176 |6120 |6124 |   4 |  4 |   0 |   0 |-4.045580e+02 |-4.321895e+02 |   6.83%| unknown
  2.5s|     1 |     0 |   656 |     - |   421M |   0 | 176 |6120 |6125 |   5 |  5 |   0 |   0 |-4.045645e+02 |-4.321895e+02 |   6.83%| unknown
  2.6s|     1 |     0 |   658 |     - |   421M |   0 | 176 |6120 |6126 |   6 |  6 |   0 |   0 |-4.045711e+02 |-4.321895e+02 |   6.83%| unknown
  2.7s|     1 |     0 |   660 |     - |   422M |   0 | 176 |6120 |6127 |   7 |  7 |   0 |   0 |-4.045776e+02 |-4.321895e+02 |   6.82%| unknown
  2.8s|     1 |     0 |   661 |     - |   423M |   0 | 176 |6120 |6128 |   8 |  8 |   0 |   0 |-4.045809e+02 |-4.321895e+02 |   6.82%| unknown
d 2.8s|     1 |     0 |   661 |     - |farkasdi|   0 | 176 |6120 |6128 |   0 |  9 |   0 |   0 |-4.045809e+02 |-4.045809e+02 |   0.00%| unknown
  2.8s|     1 |     0 |   661 |     - |   423M |   0 | 176 |6120 |6128 |   8 |  9 |   0 |   0 |-4.045809e+02 |-4.045809e+02 |   0.00%| unknown

SCIP Status        : problem is solved [optimal solution found]
Solving Time (sec) : 2.78
Solving Nodes      : 1
Primal Bound       : -4.04580882352941e+02 (12 solutions)
Dual Bound         : -4.04580882352941e+02
Gap                : 0.00 %
feasible solution found by trivial heuristic after 0.0 seconds, objective value 0.000000e+00
presolving:
   (0.0s) symmetry computation started: requiring (bin +, int +, cont +), (fixed: bin -, int -, cont -)
   (0.0s) symmetry computation finished: 39 generators found (max: 1500, log10 of symmetry group size: 47.91) (symcode time: 0.00)
dynamic symmetry handling statistics:
   orbitopal reduction:       no components
   orbital reduction:         no components
   lexicographic reduction:   no permutations
handled 1 out of 1 symmetry components
presolving (0 rounds: 0 fast, 0 medium, 0 exhaustive):
 0 deleted vars, 0 deleted constraints, 0 added constraints, 0 tightened bounds, 0 added holes, 0 changed sides, 0 changed coefficients
 0 implications, 0 cliques, 0 implied integral variables (0 bin, 0 int, 0 cont)
presolved problem has 176 variables (136 bin, 0 int, 40 cont) and 1399 constraints
   1399 constraints of type <linear>
Presolving Time: 0.00
transformed 2/2 original solutions to the transformed problem space

 time | node  | left  |LP iter|LP it/n|mem/heur|mdpt |vars |cons |rows |cuts |sepa|confs|strbr|  dualbound   | primalbound  |  gap   | compl. 
t 0.0s|     1 |     0 |     0 |     - | trivial|   0 | 176 |1360 |   0 |   0 |  0 |   0 |   0 | 5.480000e+02 | 2.120000e+02 | 158.49%| unknown
p 0.0s|     1 |     0 |     0 |     - |   locks|   0 | 176 |1360 |1360 |   0 |  0 |   0 |   0 | 5.480000e+02 | 2.920000e+02 |  87.67%| unknown
i 0.0s|     1 |     0 |     0 |     - |  oneopt|   0 | 176 |1360 |1360 |   0 |  0 |   0 |   0 | 5.480000e+02 | 4.440000e+02 |  23.42%| unknown
* 0.0s|     1 |     0 |    19 |     - |    LP  |   0 | 176 |1360 |1360 |   0 |  0 |   0 |   0 | 5.220000e+02 | 5.220000e+02 |   0.00%| unknown
  0.0s|     1 |     0 |    19 |     - |  7286k |   0 | 176 |1360 |1360 |   0 |  0 |   0 |   0 | 5.220000e+02 | 5.220000e+02 |   0.00%| unknown

SCIP Status        : problem is solved [optimal solution found]
Solving Time (sec) : 0.01
Solving Nodes      : 1
Primal Bound       : +5.22000000000000e+02 (6 solutions)
Dual Bound         : +5.22000000000000e+02
Gap                : 0.00 %
  [linear] <c1361>: <x137>[C] (+0) -0.716911765<x1>[B] (+1) -0.716911765<x2>[B] (+0) -0.716911765<x3>[B] (+1) -0.716911765<x4>[B] (+0) +0.716911765<x5>[B] (+0) -0.716911765<x6>[B] (+1) -0.716911765<x7>[B] (+1) -0.716911765<x8>[B] (+1) -0.716911765<x9>[B] (+1) -0.716911765<x10>[B] (+1) -0.716911765<x11>[B] (+1) -0.716911765<x12>[B] (+1) -0.716911765<x13>[B] (+1) -0.716911765<x14>[B] (+1) -0.716911765<x15>[B] (+1) -0.716911765<x16>[B] (+1) -0.716911765<x17>[B] (+0) -0.716911765<x18>[B] (+1) -0.716911765<x19>[B] (+0) +0.716911765<x20>[B] (+0) +0.716911765<x21>[B] (+1) +0.716911765<x22>[B] (+0) -0.716911765<x23>[B] (+1) +0.716911765<x24>[B] (+1) -0.716911765<x25>[B] (+1) -0.716911765<x26>[B] (+1) -0.716911765<x27>[B] (+1) -0.716911765<x28>[B] (+1) -0.716911765<x29>[B] (+1) +0.716911765<x30>[B] (+0) -0.716911765<x31>[B] (+1) -0.716911765<x32>[B] (+1) +0.716911765<x33>[B] (+0) +0.716911765<x34>[B] (+0) +0.716911765<x35>[B] (+1) +0.716911765<x36>[B] (+1) -0.716911765<x37>[B] (+1) +0.716911765<x38>[B] (+1) -0.716911765<x39>[B] (+1) -0.716911765<x40>[B] (+1) -0.716911765<x41>[B] (+1) -0.716911765<x42>[B] (+1) -0.716911765<x43>[B] (+1) +0.716911765<x44>[B] (+1) -0.716911765<x45>[B] (+1) +0.716911765<x46>[B] (+0) +0.716911765<x47>[B] (+0) +0.716911765<x48>[B] (+1) +0.716911765<x49>[B] (+0) -0.716911765<x50>[B] (+1) +0.716911765<x51>[B] (+1) +0.716911765<x52>[B] (+0) +0.716911765<x53>[B] (+1) -0.716911765<x54>[B] (+1) -0.716911765<x55>[B] (+1) +0.716911765<x56>[B] (+0) +0.716911765<x57>[B] (+0) +0.716911765<x58>[B] (+0) +0.716911765<x59>[B] (+0) +0.716911765<x60>[B] (+1) +0.716911765<x61>[B] (+1) -0.716911765<x62>[B] (+1) +0.716911765<x63>[B] (+1) -0.716911765<x64>[B] (+1) -0.716911765<x65>[B] (+1) -0.716911765<x66>[B] (+1) -0.716911765<x67>[B] (+1) -0.716911765<x68>[B] (+1) +0.716911765<x69>[B] (+1) -0.716911765<x70>[B] (+1) -0.716911765<x71>[B] (+1) -0.716911765<x72>[B] (+1) -0.716911765<x73>[B] (+1) -0.716911765<x74>[B] (+1) -0.716911765<x75>[B] (+1) -0.716911765<x76>[B] (+1) -0.716911765<x77>[B] (+1) -0.716911765<x78>[B] (+1) -0.716911765<x79>[B] (+1) -0.716911765<x80>[B] (+1) -0.716911765<x81>[B] (+1) -0.716911765<x82>[B] (+0) -0.716911765<x83>[B] (+1) +0.716911765<x84>[B] (+1) -0.716911765<x85>[B] (+0) -0.716911765<x86>[B] (+1) -0.716911765<x87>[B] (+1) -0.716911765<x88>[B] (+1) -0.716911765<x89>[B] (+0) +0.716911765<x90>[B] (+0) -0.716911765<x91>[B] (+0) -0.716911765<x92>[B] (+1) +0.716911765<x93>[B] (+1) -0.716911765<x94>[B] (+1) -0.716911765<x95>[B] (+1) -0.716911765<x96>[B] (+1) -0.716911765<x97>[B] (+1) -0.716911765<x98>[B] (+1) +0.716911765<x99>[B] (+1) -0.716911765<x100>[B] (+1) +0.716911765<x101>[B] (+1) +0.716911765<x102>[B] (+0) +0.716911765<x103>[B] (+1) +0.716911765<x104>[B] (+1) +0.716911765<x105>[B] (+1) +0.716911765<x106>[B] (+0) +0.716911765<x107>[B] (+0) +0.716911765<x108>[B] (+0) -0.716911765<x109>[B] (+0) -0.716911765<x110>[B] (+1) -0.716911765<x111>[B] (+0) -0.716911765<x112>[B] (+1) -0.716911765<x113>[B] (+0) +0.716911765<x114>[B] (+0) -0.716911765<x115>[B] (+0) +0.716911765<x116>[B] (+1) -0.716911765<x117>[B] (+1) -0.716911765<x118>[B] (+1) +0.716911765<x119>[B] (+0) +0.716911765<x120>[B] (+0) +0.716911765<x121>[B] (+1) -0.716911765<x122>[B] (+0) -0.716911765<x123>[B] (+0) -0.716911765<x124>[B] (+0) +0.716911765<x125>[B] (+0) -0.716911765<x126>[B] (+0) -0.716911765<x127>[B] (+1) +0.716911765<x128>[B] (+0) +0.716911765<x129>[B] (+0) +0.716911765<x130>[B] (+0) +0.716911765<x131>[B] (+0) +0.716911765<x132>[B] (+0) +0.716911765<x133>[B] (+0) +0.716911765<x134>[B] (+0) -0.716911765<x135>[B] (+1) -0.716911765<x136>[B] (+1) >= 2.33088235294118;
;
violation: left hand side is violated by 35.3088235294118
  [linear] <c1361>: <x137>[C] (+0) -0.716911765<x1>[B] (+1) -0.716911765<x2>[B] (+1) -0.716911765<x3>[B] (+1) -0.716911765<x4>[B] (+0) +0.716911765<x5>[B] (+0) -0.716911765<x6>[B] (+1) -0.716911765<x7>[B] (+1) -0.716911765<x8>[B] (+1) -0.716911765<x9>[B] (+1) -0.716911765<x10>[B] (+1) -0.716911765<x11>[B] (+1) -0.716911765<x12>[B] (+1) -0.716911765<x13>[B] (+1) -0.716911765<x14>[B] (+1) -0.716911765<x15>[B] (+1) -0.716911765<x16>[B] (+1) -0.716911765<x17>[B] (+0) -0.716911765<x18>[B] (+1) -0.716911765<x19>[B] (+0) +0.716911765<x20>[B] (+0) +0.716911765<x21>[B] (+1) +0.716911765<x22>[B] (+0) -0.716911765<x23>[B] (+0) +0.716911765<x24>[B] (+1) -0.716911765<x25>[B] (+0) -0.716911765<x26>[B] (+1) -0.716911765<x27>[B] (+1) -0.716911765<x28>[B] (+1) -0.716911765<x29>[B] (+0) +0.716911765<x30>[B] (+0) -0.716911765<x31>[B] (+1) -0.716911765<x32>[B] (+1) +0.716911765<x33>[B] (+0) +0.716911765<x34>[B] (+0) +0.716911765<x35>[B] (+1) +0.716911765<x36>[B] (+1) -0.716911765<x37>[B] (+1) +0.716911765<x38>[B] (+1) -0.716911765<x39>[B] (+1) -0.716911765<x40>[B] (+1) -0.716911765<x41>[B] (+1) -0.716911765<x42>[B] (+1) -0.716911765<x43>[B] (+1) +0.716911765<x44>[B] (+1) -0.716911765<x45>[B] (+1) +0.716911765<x46>[B] (+0) +0.716911765<x47>[B] (+0) +0.716911765<x48>[B] (+1) +0.716911765<x49>[B] (+0) -0.716911765<x50>[B] (+0) +0.716911765<x51>[B] (+0) +0.716911765<x52>[B] (+0) +0.716911765<x53>[B] (+1) -0.716911765<x54>[B] (+0) -0.716911765<x55>[B] (+0) +0.716911765<x56>[B] (+0) +0.716911765<x57>[B] (+0) +0.716911765<x58>[B] (+1) +0.716911765<x59>[B] (+0) +0.716911765<x60>[B] (+1) +0.716911765<x61>[B] (+1) -0.716911765<x62>[B] (+1) +0.716911765<x63>[B] (+1) -0.716911765<x64>[B] (+1) -0.716911765<x65>[B] (+1) -0.716911765<x66>[B] (+1) -0.716911765<x67>[B] (+1) -0.716911765<x68>[B] (+1) +0.716911765<x69>[B] (+1) -0.716911765<x70>[B] (+1) -0.716911765<x71>[B] (+1) -0.716911765<x72>[B] (+1) -0.716911765<x73>[B] (+1) -0.716911765<x74>[B] (+1) -0.716911765<x75>[B] (+1) -0.716911765<x76>[B] (+1) -0.716911765<x77>[B] (+1) -0.716911765<x78>[B] (+1) -0.716911765<x79>[B] (+1) -0.716911765<x80>[B] (+1) -0.716911765<x81>[B] (+1) -0.716911765<x82>[B] (+0) -0.716911765<x83>[B] (+0) +0.716911765<x84>[B] (+0) -0.716911765<x85>[B] (+0) -0.716911765<x86>[B] (+1) -0.716911765<x87>[B] (+0) -0.716911765<x88>[B] (+0) -0.716911765<x89>[B] (+0) +0.716911765<x90>[B] (+0) -0.716911765<x91>[B] (+1) -0.716911765<x92>[B] (+1) +0.716911765<x93>[B] (+1) -0.716911765<x94>[B] (+1) -0.716911765<x95>[B] (+1) -0.716911765<x96>[B] (+1) -0.716911765<x97>[B] (+1) -0.716911765<x98>[B] (+0) +0.716911765<x99>[B] (+1) -0.716911765<x100>[B] (+1) +0.716911765<x101>[B] (+1) +0.716911765<x102>[B] (+0) +0.716911765<x103>[B] (+1) +0.716911765<x104>[B] (+1) +0.716911765<x105>[B] (+1) +0.716911765<x106>[B] (+0) +0.716911765<x107>[B] (+0) +0.716911765<x108>[B] (+1) -0.716911765<x109>[B] (+0) -0.716911765<x110>[B] (+1) -0.716911765<x111>[B] (+0) -0.716911765<x112>[B] (+1) -0.716911765<x113>[B] (+0) +0.716911765<x114>[B] (+0) -0.716911765<x115>[B] (+1) +0.716911765<x116>[B] (+1) -0.716911765<x117>[B] (+1) -0.716911765<x118>[B] (+1) +0.716911765<x119>[B] (+0) +0.716911765<x120>[B] (+0) +0.716911765<x121>[B] (+1) -0.716911765<x122>[B] (+0) -0.716911765<x123>[B] (+0) -0.716911765<x124>[B] (+0) +0.716911765<x125>[B] (+0) -0.716911765<x126>[B] (+1) -0.716911765<x127>[B] (+1) +0.716911765<x128>[B] (+0) +0.716911765<x129>[B] (+0) +0.716911765<x130>[B] (+1) +0.716911765<x131>[B] (+0) +0.716911765<x132>[B] (+0) +0.716911765<x133>[B] (+1) +0.716911765<x134>[B] (+1) -0.716911765<x135>[B] (+1) -0.716911765<x136>[B] (+1) >= 2.33088235294118;
;
violation: left hand side is violated by 28.8566176470589
  [linear] <c1361>: <x137>[C] (+0) -0.716911765<x1>[B] (+1) -0.716911765<x2>[B] (+1) -0.716911765<x3>[B] (+1) -0.716911765<x4>[B] (+1) +0.716911765<x5>[B] (+1) -0.716911765<x6>[B] (+1) -0.716911765<x7>[B] (+1) -0.716911765<x8>[B] (+1) -0.716911765<x9>[B] (+1) -0.716911765<x10>[B] (+1) -0.716911765<x11>[B] (+1) -0.716911765<x12>[B] (+1) -0.716911765<x13>[B] (+1) -0.716911765<x14>[B] (+1) -0.716911765<x15>[B] (+1) -0.716911765<x16>[B] (+1) -0.716911765<x17>[B] (+0) -0.716911765<x18>[B] (+1) -0.716911765<x19>[B] (+0) +0.716911765<x20>[B] (+0) +0.716911765<x21>[B] (+1) +0.716911765<x22>[B] (+0) -0.716911765<x23>[B] (+0) +0.716911765<x24>[B] (+0) -0.716911765<x25>[B] (+0) -0.716911765<x26>[B] (+1) -0.716911765<x27>[B] (+0) -0.716911765<x28>[B] (+0) -0.716911765<x29>[B] (+0) +0.716911765<x30>[B] (+0) -0.716911765<x31>[B] (+1) -0.716911765<x32>[B] (+1) +0.716911765<x33>[B] (+0) +0.716911765<x34>[B] (+1) +0.716911765<x35>[B] (+1) +0.716911765<x36>[B] (+1) -0.716911765<x37>[B] (+1) +0.716911765<x38>[B] (+1) -0.716911765<x39>[B] (+0) -0.716911765<x40>[B] (+1) -0.716911765<x41>[B] (+1) -0.716911765<x42>[B] (+1) -0.716911765<x43>[B] (+1) +0.716911765<x44>[B] (+1) -0.716911765<x45>[B] (+1) +0.716911765<x46>[B] (+0) +0.716911765<x47>[B] (+0) +0.716911765<x48>[B] (+1) +0.716911765<x49>[B] (+0) -0.716911765<x50>[B] (+0) +0.716911765<x51>[B] (+0) +0.716911765<x52>[B] (+0) +0.716911765<x53>[B] (+1) -0.716911765<x54>[B] (+0) -0.716911765<x55>[B] (+0) +0.716911765<x56>[B] (+0) +0.716911765<x57>[B] (+0) +0.716911765<x58>[B] (+1) +0.716911765<x59>[B] (+1) +0.716911765<x60>[B] (+1) +0.716911765<x61>[B] (+1) -0.716911765<x62>[B] (+1) +0.716911765<x63>[B] (+1) -0.716911765<x64>[B] (+1) -0.716911765<x65>[B] (+1) -0.716911765<x66>[B] (+1) -0.716911765<x67>[B] (+1) -0.716911765<x68>[B] (+1) +0.716911765<x69>[B] (+1) -0.716911765<x70>[B] (+1) -0.716911765<x71>[B] (+1) -0.716911765<x72>[B] (+1) -0.716911765<x73>[B] (+1) -0.716911765<x74>[B] (+1) -0.716911765<x75>[B] (+0) -0.716911765<x76>[B] (+1) -0.716911765<x77>[B] (+1) -0.716911765<x78>[B] (+1) -0.716911765<x79>[B] (+1) -0.716911765<x80>[B] (+1) -0.716911765<x81>[B] (+1) -0.716911765<x82>[B] (+0) -0.716911765<x83>[B] (+0) +0.716911765<x84>[B] (+0) -0.716911765<x85>[B] (+0) -0.716911765<x86>[B] (+1) -0.716911765<x87>[B] (+0) -0.716911765<x88>[B] (+0) -0.716911765<x89>[B] (+0) +0.716911765<x90>[B] (+0) -0.716911765<x91>[B] (+1) -0.716911765<x92>[B] (+1) +0.716911765<x93>[B] (+1) -0.716911765<x94>[B] (+0) -0.716911765<x95>[B] (+1) -0.716911765<x96>[B] (+0) -0.716911765<x97>[B] (+1) -0.716911765<x98>[B] (+0) +0.716911765<x99>[B] (+1) -0.716911765<x100>[B] (+1) +0.716911765<x101>[B] (+1) +0.716911765<x102>[B] (+0) +0.716911765<x103>[B] (+1) +0.716911765<x104>[B] (+0) +0.716911765<x105>[B] (+1) +0.716911765<x106>[B] (+0) +0.716911765<x107>[B] (+1) +0.716911765<x108>[B] (+1) -0.716911765<x109>[B] (+0) -0.716911765<x110>[B] (+1) -0.716911765<x111>[B] (+0) -0.716911765<x112>[B] (+1) -0.716911765<x113>[B] (+0) +0.716911765<x114>[B] (+1) -0.716911765<x115>[B] (+1) +0.716911765<x116>[B] (+1) -0.716911765<x117>[B] (+1) -0.716911765<x118>[B] (+1) +0.716911765<x119>[B] (+1) +0.716911765<x120>[B] (+1) +0.716911765<x121>[B] (+1) -0.716911765<x122>[B] (+0) -0.716911765<x123>[B] (+0) -0.716911765<x124>[B] (+0) +0.716911765<x125>[B] (+0) -0.716911765<x126>[B] (+1) -0.716911765<x127>[B] (+1) +0.716911765<x128>[B] (+1) +0.716911765<x129>[B] (+1) +0.716911765<x130>[B] (+1) +0.716911765<x131>[B] (+0) +0.716911765<x132>[B] (+0) +0.716911765<x133>[B] (+1) +0.716911765<x134>[B] (+1) -0.716911765<x135>[B] (+1) -0.716911765<x136>[B] (+1) >= 2.33088235294118;
;
violation: left hand side is violated by 20.2536764705882
  [linear] <c1361>: <x137>[C] (+0) -0.716911765<x1>[B] (+1) -0.716911765<x2>[B] (+1) -0.716911765<x3>[B] (+1) -0.716911765<x4>[B] (+1) +0.716911765<x5>[B] (+1) -0.716911765<x6>[B] (+1) -0.716911765<x7>[B] (+1) -0.716911765<x8>[B] (+1) -0.716911765<x9>[B] (+1) -0.716911765<x10>[B] (+1) -0.716911765<x11>[B] (+1) -0.716911765<x12>[B] (+1) -0.716911765<x13>[B] (+1) -0.716911765<x14>[B] (+1) -0.716911765<x15>[B] (+1) -0.716911765<x16>[B] (+1) -0.716911765<x17>[B] (+1) -0.716911765<x18>[B] (+1) -0.716911765<x19>[B] (+1) +0.716911765<x20>[B] (+1) +0.716911765<x21>[B] (+1) +0.716911765<x22>[B] (+1) -0.716911765<x23>[B] (+1) +0.716911765<x24>[B] (+1) -0.716911765<x25>[B] (+1) -0.716911765<x26>[B] (+1) -0.716911765<x27>[B] (+1) -0.716911765<x28>[B] (+1) -0.716911765<x29>[B] (+1) +0.716911765<x30>[B] (+1) -0.716911765<x31>[B] (+1) -0.716911765<x32>[B] (+1) +0.716911765<x33>[B] (+1) +0.716911765<x34>[B] (+1) +0.716911765<x35>[B] (+1) +0.716911765<x36>[B] (+1) -0.716911765<x37>[B] (+1) +0.716911765<x38>[B] (+1) -0.716911765<x39>[B] (+1) -0.716911765<x40>[B] (+1) -0.716911765<x41>[B] (+1) -0.716911765<x42>[B] (+1) -0.716911765<x43>[B] (+1) +0.716911765<x44>[B] (+1) -0.716911765<x45>[B] (+1) +0.716911765<x46>[B] (+1) +0.716911765<x47>[B] (+1) +0.716911765<x48>[B] (+1) +0.716911765<x49>[B] (+1) -0.716911765<x50>[B] (+1) +0.716911765<x51>[B] (+1) +0.716911765<x52>[B] (+1) +0.716911765<x53>[B] (+1) -0.716911765<x54>[B] (+1) -0.716911765<x55>[B] (+1) +0.716911765<x56>[B] (+1) +0.716911765<x57>[B] (+1) +0.716911765<x58>[B] (+1) +0.716911765<x59>[B] (+1) +0.716911765<x60>[B] (+1) +0.716911765<x61>[B] (+1) -0.716911765<x62>[B] (+1) +0.716911765<x63>[B] (+1) -0.716911765<x64>[B] (+1) -0.716911765<x65>[B] (+1) -0.716911765<x66>[B] (+1) -0.716911765<x67>[B] (+1) -0.716911765<x68>[B] (+1) +0.716911765<x69>[B] (+1) -0.716911765<x70>[B] (+1) -0.716911765<x71>[B] (+1) -0.716911765<x72>[B] (+1) -0.716911765<x73>[B] (+1) -0.716911765<x74>[B] (+1) -0.716911765<x75>[B] (+1) -0.716911765<x76>[B] (+1) -0.716911765<x77>[B] (+1) -0.716911765<x78>[B] (+1) -0.716911765<x79>[B] (+1) -0.716911765<x80>[B] (+1) -0.716911765<x81>[B] (+1) -0.716911765<x82>[B] (+1) -0.716911765<x83>[B] (+1) +0.716911765<x84>[B] (+1) -0.716911765<x85>[B] (+1) -0.716911765<x86>[B] (+1) -0.716911765<x87>[B] (+1) -0.716911765<x88>[B] (+1) -0.716911765<x89>[B] (+1) +0.716911765<x90>[B] (+1) -0.716911765<x91>[B] (+1) -0.716911765<x92>[B] (+1) +0.716911765<x93>[B] (+1) -0.716911765<x94>[B] (+1) -0.716911765<x95>[B] (+1) -0.716911765<x96>[B] (+1) -0.716911765<x97>[B] (+1) -0.716911765<x98>[B] (+1) +0.716911765<x99>[B] (+1) -0.716911765<x100>[B] (+1) +0.716911765<x101>[B] (+1) +0.716911765<x102>[B] (+1) +0.716911765<x103>[B] (+1) +0.716911765<x104>[B] (+1) +0.716911765<x105>[B] (+1) +0.716911765<x106>[B] (+1) +0.716911765<x107>[B] (+1) +0.716911765<x108>[B] (+1) -0.716911765<x109>[B] (+1) -0.716911765<x110>[B] (+1) -0.716911765<x111>[B] (+1) -0.716911765<x112>[B] (+1) -0.716911765<x113>[B] (+1) +0.716911765<x114>[B] (+1) -0.716911765<x115>[B] (+1) +0.716911765<x116>[B] (+1) -0.716911765<x117>[B] (+1) -0.716911765<x118>[B] (+1) +0.716911765<x119>[B] (+1) +0.716911765<x120>[B] (+1) +0.716911765<x121>[B] (+1) -0.716911765<x122>[B] (+1) -0.716911765<x123>[B] (+1) -0.716911765<x124>[B] (+1) +0.716911765<x125>[B] (+1) -0.716911765<x126>[B] (+1) -0.716911765<x127>[B] (+1) +0.716911765<x128>[B] (+1) +0.716911765<x129>[B] (+1) +0.716911765<x130>[B] (+1) +0.716911765<x131>[B] (+1) +0.716911765<x132>[B] (+1) +0.716911765<x133>[B] (+1) +0.716911765<x134>[B] (+1) -0.716911765<x135>[B] (+1) -0.716911765<x136>[B] (+1) >= 2.33088235294118;
;
violation: left hand side is violated by 25.2720588235294
  [linear] <c1361>: <x137>[C] (+0) -0.716911765<x1>[B] (+0) -0.716911765<x2>[B] (+0) -0.716911765<x3>[B] (+0) -0.716911765<x4>[B] (+0) +0.716911765<x5>[B] (+0) -0.716911765<x6>[B] (+0) -0.716911765<x7>[B] (+0) -0.716911765<x8>[B] (+0) -0.716911765<x9>[B] (+0) -0.716911765<x10>[B] (+0) -0.716911765<x11>[B] (+0) -0.716911765<x12>[B] (+0) -0.716911765<x13>[B] (+0) -0.716911765<x14>[B] (+0) -0.716911765<x15>[B] (+0) -0.716911765<x16>[B] (+0) -0.716911765<x17>[B] (+0) -0.716911765<x18>[B] (+0) -0.716911765<x19>[B] (+0) +0.716911765<x20>[B] (+0) +0.716911765<x21>[B] (+0) +0.716911765<x22>[B] (+0) -0.716911765<x23>[B] (+0) +0.716911765<x24>[B] (+0) -0.716911765<x25>[B] (+0) -0.716911765<x26>[B] (+0) -0.716911765<x27>[B] (+0) -0.716911765<x28>[B] (+0) -0.716911765<x29>[B] (+0) +0.716911765<x30>[B] (+0) -0.716911765<x31>[B] (+0) -0.716911765<x32>[B] (+0) +0.716911765<x33>[B] (+0) +0.716911765<x34>[B] (+0) +0.716911765<x35>[B] (+0) +0.716911765<x36>[B] (+0) -0.716911765<x37>[B] (+0) +0.716911765<x38>[B] (+0) -0.716911765<x39>[B] (+0) -0.716911765<x40>[B] (+0) -0.716911765<x41>[B] (+0) -0.716911765<x42>[B] (+0) -0.716911765<x43>[B] (+0) +0.716911765<x44>[B] (+0) -0.716911765<x45>[B] (+0) +0.716911765<x46>[B] (+0) +0.716911765<x47>[B] (+0) +0.716911765<x48>[B] (+0) +0.716911765<x49>[B] (+0) -0.716911765<x50>[B] (+0) +0.716911765<x51>[B] (+0) +0.716911765<x52>[B] (+0) +0.716911765<x53>[B] (+0) -0.716911765<x54>[B] (+0) -0.716911765<x55>[B] (+0) +0.716911765<x56>[B] (+0) +0.716911765<x57>[B] (+0) +0.716911765<x58>[B] (+0) +0.716911765<x59>[B] (+0) +0.716911765<x60>[B] (+0) +0.716911765<x61>[B] (+0) -0.716911765<x62>[B] (+0) +0.716911765<x63>[B] (+0) -0.716911765<x64>[B] (+0) -0.716911765<x65>[B] (+0) -0.716911765<x66>[B] (+0) -0.716911765<x67>[B] (+0) -0.716911765<x68>[B] (+0) +0.716911765<x69>[B] (+0) -0.716911765<x70>[B] (+0) -0.716911765<x71>[B] (+0) -0.716911765<x72>[B] (+0) -0.716911765<x73>[B] (+0) -0.716911765<x74>[B] (+0) -0.716911765<x75>[B] (+0) -0.716911765<x76>[B] (+0) -0.716911765<x77>[B] (+0) -0.716911765<x78>[B] (+0) -0.716911765<x79>[B] (+0) -0.716911765<x80>[B] (+0) -0.716911765<x81>[B] (+0) -0.716911765<x82>[B] (+0) -0.716911765<x83>[B] (+0) +0.716911765<x84>[B] (+0) -0.716911765<x85>[B] (+0) -0.716911765<x86>[B] (+0) -0.716911765<x87>[B] (+0) -0.716911765<x88>[B] (+0) -0.716911765<x89>[B] (+0) +0.716911765<x90>[B] (+0) -0.716911765<x91>[B] (+0) -0.716911765<x92>[B] (+0) +0.716911765<x93>[B] (+0) -0.716911765<x94>[B] (+0) -0.716911765<x95>[B] (+0) -0.716911765<x96>[B] (+0) -0.716911765<x97>[B] (+0) -0.716911765<x98>[B] (+0) +0.716911765<x99>[B] (+0) -0.716911765<x100>[B] (+0) +0.716911765<x101>[B] (+0) +0.716911765<x102>[B] (+0) +0.716911765<x103>[B] (+0) +0.716911765<x104>[B] (+0) +0.716911765<x105>[B] (+0) +0.716911765<x106>[B] (+0) +0.716911765<x107>[B] (+0) +0.716911765<x108>[B] (+0) -0.716911765<x109>[B] (+0) -0.716911765<x110>[B] (+0) -0.716911765<x111>[B] (+0) -0.716911765<x112>[B] (+0) -0.716911765<x113>[B] (+0) +0.716911765<x114>[B] (+0) -0.716911765<x115>[B] (+0) +0.716911765<x116>[B] (+0) -0.716911765<x117>[B] (+0) -0.716911765<x118>[B] (+0) +0.716911765<x119>[B] (+0) +0.716911765<x120>[B] (+0) +0.716911765<x121>[B] (+0) -0.716911765<x122>[B] (+0) -0.716911765<x123>[B] (+0) -0.716911765<x124>[B] (+0) +0.716911765<x125>[B] (+0) -0.716911765<x126>[B] (+0) -0.716911765<x127>[B] (+0) +0.716911765<x128>[B] (+0) +0.716911765<x129>[B] (+0) +0.716911765<x130>[B] (+0) +0.716911765<x131>[B] (+0) +0.716911765<x132>[B] (+0) +0.716911765<x133>[B] (+0) +0.716911765<x134>[B] (+0) -0.716911765<x135>[B] (+0) -0.716911765<x136>[B] (+0) >= 2.33088235294118;
;
violation: left hand side is violated by 2.33088235294118
1/6 feasible solution given by solution candidate storage, new primal bound -3.999788e+06

presolving:
   (0.0s) symmetry computation started: requiring (bin +, int +, cont +), (fixed: bin -, int -, cont -)
   (0.0s) no symmetry present (symcode time: 0.00)
presolving (0 rounds: 0 fast, 0 medium, 0 exhaustive):
 0 deleted vars, 0 deleted constraints, 0 added constraints, 0 tightened bounds, 0 added holes, 0 changed sides, 0 changed coefficients
 0 implications, 0 cliques, 0 implied integral variables (0 bin, 0 int, 0 cont)
presolved problem has 176 variables (136 bin, 0 int, 40 cont) and 1400 constraints
   1400 constraints of type <linear>
Presolving Time: 0.00
transformed 1/1 original solutions to the transformed problem space

 time | node  | left  |LP iter|LP it/n|mem/heur|mdpt |vars |cons |rows |cuts |sepa|confs|strbr|  dualbound   | primalbound  |  gap   | compl. 
p 0.0s|     1 |     0 |     7 |     - |   locks|   0 | 176 |1400 |1400 |   0 |  0 |   0 |   0 | 5.480000e+02 |-6.842279e+02 |    Inf | unknown
* 0.0s|     1 |     0 |   187 |     - |    LP  |   0 | 176 |1400 |1400 |   0 |  0 |   0 |   0 |-4.030956e+02 |-4.030956e+02 |   0.00%| unknown
  0.0s|     1 |     0 |   187 |     - |  9582k |   0 | 176 |1400 |1400 |   0 |  0 |   0 |   0 |-4.030956e+02 |-4.030956e+02 |   0.00%| unknown

SCIP Status        : problem is solved [optimal solution found]
Solving Time (sec) : 0.02
Solving Nodes      : 1
Primal Bound       : -4.03095588235294e+02 (4 solutions)
Dual Bound         : -4.03095588235294e+02
Gap                : 0.00 %
  [linear] <c1401>: <x137>[C] (+23.8382353) -0.599264706<x1>[B] (+1) -0.599264706<x2>[B] (+0) -0.599264706<x3>[B] (+1) -0.599264706<x4>[B] (+0) +0.599264706<x5>[B] (+0) -0.599264706<x6>[B] (+1) -0.599264706<x7>[B] (+1) -0.599264706<x8>[B] (+1) -0.599264706<x9>[B] (+1) -0.599264706<x10>[B] (+1) -0.599264706<x11>[B] (+1) -0.599264706<x12>[B] (+1) -0.599264706<x13>[B] (+1) -0.599264706<x14>[B] (+1) -0.599264706<x15>[B] (+0) -0.599264706<x16>[B] (+0) -0.599264706<x17>[B] (+0) -0.599264706<x18>[B] (+1) -0.599264706<x19>[B] (+0) +0.599264706<x20>[B] (+0) +0.599264706<x21>[B] (+1) +0.599264706<x22>[B] (+0) -0.599264706<x23>[B] (+1) +0.599264706<x24>[B] (+1) -0.599264706<x25>[B] (+1) -0.599264706<x26>[B] (+1) -0.599264706<x27>[B] (+1) -0.599264706<x28>[B] (+1) -0.599264706<x29>[B] (+1) +0.599264706<x30>[B] (+0) -0.599264706<x31>[B] (+0) -0.599264706<x32>[B] (+1) +0.599264706<x33>[B] (+1) +0.599264706<x34>[B] (+0) +0.599264706<x35>[B] (+1) +0.599264706<x36>[B] (+1) -0.599264706<x37>[B] (+1) +0.599264706<x38>[B] (+1) -0.599264706<x39>[B] (+1) -0.599264706<x40>[B] (+1) -0.599264706<x41>[B] (+1) -0.599264706<x42>[B] (+1) -0.599264706<x43>[B] (+1) +0.599264706<x44>[B] (+1) -0.599264706<x45>[B] (+0) +0.599264706<x46>[B] (+0) +0.599264706<x47>[B] (+0) +0.599264706<x48>[B] (+1) +0.599264706<x49>[B] (+0) -0.599264706<x50>[B] (+1) +0.599264706<x51>[B] (+1) +0.599264706<x52>[B] (+1) +0.599264706<x53>[B] (+1) -0.599264706<x54>[B] (+1) -0.599264706<x55>[B] (+1) +0.599264706<x56>[B] (+1) +0.599264706<x57>[B] (+0) +0.599264706<x58>[B] (+0) +0.599264706<x59>[B] (+0) +0.599264706<x60>[B] (+1) +0.599264706<x61>[B] (+1) -0.599264706<x62>[B] (+1) +0.599264706<x63>[B] (+1) -0.599264706<x64>[B] (+1) -0.599264706<x65>[B] (+1) -0.599264706<x66>[B] (+1) -0.599264706<x67>[B] (+1) -0.599264706<x68>[B] (+1) +0.599264706<x69>[B] (+0) -0.599264706<x70>[B] (+0) -0.599264706<x71>[B] (+1) -0.599264706<x72>[B] (+1) -0.599264706<x73>[B] (+1) -0.599264706<x74>[B] (+1) -0.599264706<x75>[B] (+1) -0.599264706<x76>[B] (+1) -0.599264706<x77>[B] (+1) -0.599264706<x78>[B] (+1) -0.599264706<x79>[B] (+1) -0.599264706<x80>[B] (+1) -0.599264706<x81>[B] (+1) -0.599264706<x82>[B] (+0) -0.599264706<x83>[B] (+0) +0.599264706<x84>[B] (+1) -0.599264706<x85>[B] (+0) -0.599264706<x86>[B] (+0) -0.599264706<x87>[B] (+0) -0.599264706<x88>[B] (+0) -0.599264706<x89>[B] (+0) +0.599264706<x90>[B] (+0) -0.599264706<x91>[B] (+0) -0.599264706<x92>[B] (+1) +0.599264706<x93>[B] (+1) -0.599264706<x94>[B] (+1) -0.599264706<x95>[B] (+1) -0.599264706<x96>[B] (+1) -0.599264706<x97>[B] (+1) -0.599264706<x98>[B] (+1) +0.599264706<x99>[B] (+0) -0.599264706<x100>[B] (+0) +0.599264706<x101>[B] (+1) +0.599264706<x102>[B] (+1) +0.599264706<x103>[B] (+1) +0.599264706<x104>[B] (+1) +0.599264706<x105>[B] (+1) +0.599264706<x106>[B] (+0) +0.599264706<x107>[B] (+0) +0.599264706<x108>[B] (+0) -0.599264706<x109>[B] (+0) -0.599264706<x110>[B] (+0) -0.599264706<x111>[B] (+0) -0.599264706<x112>[B] (+0) -0.599264706<x113>[B] (+0) +0.599264706<x114>[B] (+0) -0.599264706<x115>[B] (+0) +0.599264706<x116>[B] (+1) -0.599264706<x117>[B] (+0) -0.599264706<x118>[B] (+1) +0.599264706<x119>[B] (+0) +0.599264706<x120>[B] (+0) +0.599264706<x121>[B] (+0) -0.599264706<x122>[B] (+0) -0.599264706<x123>[B] (+0) -0.599264706<x124>[B] (+0) +0.599264706<x125>[B] (+0) -0.599264706<x126>[B] (+0) -0.599264706<x127>[B] (+1) +0.599264706<x128>[B] (+0) +0.599264706<x129>[B] (+0) +0.599264706<x130>[B] (+0) +0.599264706<x131>[B] (+0) +0.599264706<x132>[B] (+0) +0.599264706<x133>[B] (+0) +0.599264706<x134>[B] (+0) -0.599264706<x135>[B] (+0) -0.599264706<x136>[B] (+0) >= 6.74264705882353;
;
violation: left hand side is violated by 0.882352941176437
  [linear] <c1401>: <x137>[C] (+0) -0.599264706<x1>[B] (+0) -0.599264706<x2>[B] (+1) -0.599264706<x3>[B] (+0) -0.599264706<x4>[B] (+1) +0.599264706<x5>[B] (+1) -0.599264706<x6>[B] (+0) -0.599264706<x7>[B] (+0) -0.599264706<x8>[B] (+0) -0.599264706<x9>[B] (+0) -0.599264706<x10>[B] (+0) -0.599264706<x11>[B] (+0) -0.599264706<x12>[B] (+0) -0.599264706<x13>[B] (+0) -0.599264706<x14>[B] (+0) -0.599264706<x15>[B] (+1) -0.599264706<x16>[B] (+0) -0.599264706<x17>[B] (+1) -0.599264706<x18>[B] (+1) -0.599264706<x19>[B] (+1) +0.599264706<x20>[B] (+1) +0.599264706<x21>[B] (+1) +0.599264706<x22>[B] (+1) -0.599264706<x23>[B] (+1) +0.599264706<x24>[B] (+0) -0.599264706<x25>[B] (+1) -0.599264706<x26>[B] (+0) -0.599264706<x27>[B] (+1) -0.599264706<x28>[B] (+1) -0.599264706<x29>[B] (+1) +0.599264706<x30>[B] (+1) -0.599264706<x31>[B] (+1) -0.599264706<x32>[B] (+0) +0.599264706<x33>[B] (+0) +0.599264706<x34>[B] (+1) +0.599264706<x35>[B] (+0) +0.599264706<x36>[B] (+0) -0.599264706<x37>[B] (+0) +0.599264706<x38>[B] (+0) -0.599264706<x39>[B] (+0) -0.599264706<x40>[B] (+0) -0.599264706<x41>[B] (+0) -0.599264706<x42>[B] (+0) -0.599264706<x43>[B] (+0) +0.599264706<x44>[B] (+0) -0.599264706<x45>[B] (+0) +0.599264706<x46>[B] (+1) +0.599264706<x47>[B] (+1) +0.599264706<x48>[B] (+0) +0.599264706<x49>[B] (+1) -0.599264706<x50>[B] (+0) +0.599264706<x51>[B] (+0) +0.599264706<x52>[B] (+1) +0.599264706<x53>[B] (+0) -0.599264706<x54>[B] (+1) -0.599264706<x55>[B] (+1) +0.599264706<x56>[B] (+1) +0.599264706<x57>[B] (+1) +0.599264706<x58>[B] (+1) +0.599264706<x59>[B] (+1) +0.599264706<x60>[B] (+0) +0.599264706<x61>[B] (+0) -0.599264706<x62>[B] (+0) +0.599264706<x63>[B] (+0) -0.599264706<x64>[B] (+0) -0.599264706<x65>[B] (+0) -0.599264706<x66>[B] (+0) -0.599264706<x67>[B] (+0) -0.599264706<x68>[B] (+0) +0.599264706<x69>[B] (+1) -0.599264706<x70>[B] (+0) -0.599264706<x71>[B] (+0) -0.599264706<x72>[B] (+0) -0.599264706<x73>[B] (+0) -0.599264706<x74>[B] (+0) -0.599264706<x75>[B] (+0) -0.599264706<x76>[B] (+0) -0.599264706<x77>[B] (+0) -0.599264706<x78>[B] (+0) -0.599264706<x79>[B] (+0) -0.599264706<x80>[B] (+0) -0.599264706<x81>[B] (+0) -0.599264706<x82>[B] (+1) -0.599264706<x83>[B] (+0) +0.599264706<x84>[B] (+0) -0.599264706<x85>[B] (+1) -0.599264706<x86>[B] (+0) -0.599264706<x87>[B] (+1) -0.599264706<x88>[B] (+1) -0.599264706<x89>[B] (+1) +0.599264706<x90>[B] (+1) -0.599264706<x91>[B] (+1) -0.599264706<x92>[B] (+0) +0.599264706<x93>[B] (+0) -0.599264706<x94>[B] (+0) -0.599264706<x95>[B] (+0) -0.599264706<x96>[B] (+0) -0.599264706<x97>[B] (+0) -0.599264706<x98>[B] (+1) +0.599264706<x99>[B] (+1) -0.599264706<x100>[B] (+0) +0.599264706<x101>[B] (+0) +0.599264706<x102>[B] (+1) +0.599264706<x103>[B] (+0) +0.599264706<x104>[B] (+1) +0.599264706<x105>[B] (+1) +0.599264706<x106>[B] (+1) +0.599264706<x107>[B] (+1) +0.599264706<x108>[B] (+1) -0.599264706<x109>[B] (+1) -0.599264706<x110>[B] (+0) -0.599264706<x111>[B] (+1) -0.599264706<x112>[B] (+1) -0.599264706<x113>[B] (+1) +0.599264706<x114>[B] (+1) -0.599264706<x115>[B] (+1) +0.599264706<x116>[B] (+0) -0.599264706<x117>[B] (+1) -0.599264706<x118>[B] (+0) +0.599264706<x119>[B] (+1) +0.599264706<x120>[B] (+1) +0.599264706<x121>[B] (+1) -0.599264706<x122>[B] (+1) -0.599264706<x123>[B] (+1) -0.599264706<x124>[B] (+1) +0.599264706<x125>[B] (+1) -0.599264706<x126>[B] (+1) -0.599264706<x127>[B] (+0) +0.599264706<x128>[B] (+1) +0.599264706<x129>[B] (+1) +0.599264706<x130>[B] (+1) +0.599264706<x131>[B] (+1) +0.599264706<x132>[B] (+1) +0.599264706<x133>[B] (+1) +0.599264706<x134>[B] (+1) -0.599264706<x135>[B] (+0) -0.599264706<x136>[B] (+0) >= 6.74264705882353;
;
violation: left hand side is violated by 4.34558823529412
2/4 feasible solutions given by solution candidate storage, new primal bound -3.999788e+06

presolving:
   (0.0s) symmetry computation started: requiring (bin +, int +, cont +), (fixed: bin -, int -, cont -)
   (0.0s) no symmetry present (symcode time: 0.00)
presolving (0 rounds: 0 fast, 0 medium, 0 exhaustive):
 0 deleted vars, 0 deleted constraints, 0 added constraints, 0 tightened bounds, 0 added holes, 0 changed sides, 0 changed coefficients
 0 implications, 0 cliques, 0 implied integral variables (0 bin, 0 int, 0 cont)
presolved problem has 176 variables (136 bin, 0 int, 40 cont) and 1436 constraints
   1436 constraints of type <linear>
Presolving Time: 0.01
transformed 2/2 original solutions to the transformed problem space

 time | node  | left  |LP iter|LP it/n|mem/heur|mdpt |vars |cons |rows |cuts |sepa|confs|strbr|  dualbound   | primalbound  |  gap   | compl. 
p 0.0s|     1 |     0 |    11 |     - |   locks|   0 | 176 |1436 |1436 |   0 |  0 |   0 |   0 | 5.480000e+02 |-6.890441e+02 |    Inf | unknown
  0.0s|     1 |     0 |   335 |     - |    12M |   0 | 176 |1436 |1436 |   0 |  0 |   0 |   0 |-4.038290e+02 |-6.890441e+02 |  70.63%| unknown
r 0.0s|     1 |     0 |   335 |     - |shifting|   0 | 176 |1436 |1436 |   0 |  0 |   0 |   0 |-4.038290e+02 |-4.471885e+02 |  10.74%| unknown
  0.0s|     1 |     0 |   340 |     - |    12M |   0 | 176 |1436 |1437 |   1 |  1 |   0 |   0 |-4.038775e+02 |-4.471885e+02 |  10.72%| unknown
  0.1s|     1 |     0 |   340 |     - |    12M |   0 | 176 |1436 |1437 |   1 |  1 |   0 |   0 |-4.038775e+02 |-4.471885e+02 |  10.72%| unknown
  0.1s|     1 |     0 |   344 |     - |    12M |   0 | 176 |1436 |1439 |   3 |  2 |   0 |   0 |-4.039190e+02 |-4.471885e+02 |  10.71%| unknown
  0.1s|     1 |     0 |   351 |     - |    13M |   0 | 176 |1436 |1440 |   4 |  3 |   0 |   0 |-4.039232e+02 |-4.471885e+02 |  10.71%| unknown
  0.1s|     1 |     0 |   352 |     - |    13M |   0 | 176 |1436 |1441 |   5 |  4 |   0 |   0 |-4.039265e+02 |-4.471885e+02 |  10.71%| unknown
d 0.1s|     1 |     0 |   352 |     - |farkasdi|   0 | 176 |1436 |1441 |   0 |  5 |   0 |   0 |-4.039265e+02 |-4.039265e+02 |   0.00%| unknown
  0.1s|     1 |     0 |   352 |     - |    13M |   0 | 176 |1436 |1441 |   5 |  5 |   0 |   0 |-4.039265e+02 |-4.039265e+02 |   0.00%| unknown

SCIP Status        : problem is solved [optimal solution found]
Solving Time (sec) : 0.12
Solving Nodes      : 1
Primal Bound       : -4.03926470588235e+02 (8 solutions)
Dual Bound         : -4.03926470588235e+02
Gap                : 0.00 %
  [linear] <c1437>: <x137>[C] (+33.1580882) -0.694852941<x1>[B] (+1) -0.694852941<x2>[B] (+0) -0.694852941<x3>[B] (+1) -0.694852941<x4>[B] (+0) +0.694852941<x5>[B] (+0) -0.694852941<x6>[B] (+1) -0.694852941<x7>[B] (+1) -0.694852941<x8>[B] (+1) -0.694852941<x9>[B] (+1) -0.694852941<x10>[B] (+1) -0.694852941<x11>[B] (+1) -0.694852941<x12>[B] (+1) -0.694852941<x13>[B] (+1) -0.694852941<x14>[B] (+1) -0.694852941<x15>[B] (+1) -0.694852941<x16>[B] (+1) -0.694852941<x17>[B] (+0) -0.694852941<x18>[B] (+1) -0.694852941<x19>[B] (+0) +0.694852941<x20>[B] (+0) +0.694852941<x21>[B] (+1) +0.694852941<x22>[B] (+0) -0.694852941<x23>[B] (+1) +0.694852941<x24>[B] (+1) -0.694852941<x25>[B] (+1) -0.694852941<x26>[B] (+1) -0.694852941<x27>[B] (+1) -0.694852941<x28>[B] (+1) -0.694852941<x29>[B] (+1) +0.694852941<x30>[B] (+0) -0.694852941<x31>[B] (+1) -0.694852941<x32>[B] (+1) +0.694852941<x33>[B] (+0) +0.694852941<x34>[B] (+0) +0.694852941<x35>[B] (+1) +0.694852941<x36>[B] (+1) -0.694852941<x37>[B] (+1) +0.694852941<x38>[B] (+1) -0.694852941<x39>[B] (+1) -0.694852941<x40>[B] (+1) -0.694852941<x41>[B] (+1) -0.694852941<x42>[B] (+1) -0.694852941<x43>[B] (+1) +0.694852941<x44>[B] (+1) -0.694852941<x45>[B] (+1) +0.694852941<x46>[B] (+0) +0.694852941<x47>[B] (+0) +0.694852941<x48>[B] (+1) +0.694852941<x49>[B] (+0) -0.694852941<x50>[B] (+1) +0.694852941<x51>[B] (+1) +0.694852941<x52>[B] (+1) +0.694852941<x53>[B] (+1) -0.694852941<x54>[B] (+1) -0.694852941<x55>[B] (+1) +0.694852941<x56>[B] (+1) +0.694852941<x57>[B] (+0) +0.694852941<x58>[B] (+1) +0.694852941<x59>[B] (+0) +0.694852941<x60>[B] (+1) +0.694852941<x61>[B] (+1) -0.694852941<x62>[B] (+1) +0.694852941<x63>[B] (+1) -0.694852941<x64>[B] (+1) -0.694852941<x65>[B] (+1) -0.694852941<x66>[B] (+1) -0.694852941<x67>[B] (+1) -0.694852941<x68>[B] (+1) +0.694852941<x69>[B] (+1) -0.694852941<x70>[B] (+1) -0.694852941<x71>[B] (+1) -0.694852941<x72>[B] (+1) -0.694852941<x73>[B] (+1) -0.694852941<x74>[B] (+1) -0.694852941<x75>[B] (+1) -0.694852941<x76>[B] (+1) -0.694852941<x77>[B] (+1) -0.694852941<x78>[B] (+1) -0.694852941<x79>[B] (+1) -0.694852941<x80>[B] (+1) -0.694852941<x81>[B] (+1) -0.694852941<x82>[B] (+0) -0.694852941<x83>[B] (+1) +0.694852941<x84>[B] (+1) -0.694852941<x85>[B] (+0) -0.694852941<x86>[B] (+1) -0.694852941<x87>[B] (+1) -0.694852941<x88>[B] (+1) -0.694852941<x89>[B] (+0) +0.694852941<x90>[B] (+0) -0.694852941<x91>[B] (+0) -0.694852941<x92>[B] (+1) +0.694852941<x93>[B] (+1) -0.694852941<x94>[B] (+1) -0.694852941<x95>[B] (+1) -0.694852941<x96>[B] (+1) -0.694852941<x97>[B] (+1) -0.694852941<x98>[B] (+1) +0.694852941<x99>[B] (+1) -0.694852941<x100>[B] (+1) +0.694852941<x101>[B] (+1) +0.694852941<x102>[B] (-1.06470388e-12) +0.694852941<x103>[B] (+1) +0.694852941<x104>[B] (+1) +0.694852941<x105>[B] (+1) +0.694852941<x106>[B] (+0) +0.694852941<x107>[B] (+0) +0.694852941<x108>[B] (+0) -0.694852941<x109>[B] (+0) -0.694852941<x110>[B] (+1) -0.694852941<x111>[B] (+0) -0.694852941<x112>[B] (+1) -0.694852941<x113>[B] (+0) +0.694852941<x114>[B] (+0) -0.694852941<x115>[B] (+0) +0.694852941<x116>[B] (+1) -0.694852941<x117>[B] (+1) -0.694852941<x118>[B] (+1) +0.694852941<x119>[B] (+0) +0.694852941<x120>[B] (+0) +0.694852941<x121>[B] (+1) -0.694852941<x122>[B] (+0) -0.694852941<x123>[B] (+0) -0.694852941<x124>[B] (+0) +0.694852941<x125>[B] (+0) -0.694852941<x126>[B] (+0) -0.694852941<x127>[B] (+1) +0.694852941<x128>[B] (+0) +0.694852941<x129>[B] (+0) +0.694852941<x130>[B] (+0) +0.694852941<x131>[B] (+0) +0.694852941<x132>[B] (+0) +0.694852941<x133>[B] (+0) +0.694852941<x134>[B] (+0) -0.694852941<x135>[B] (+1) -0.694852941<x136>[B] (+1) >= 3.3014705882353;
;
violation: left hand side is violated by 0.0220588235290933
  [linear] <c1438>: <x139>[C] (+30.4375) +0.665441176<x1>[B] (+1) +0.665441176<x2>[B] (+0) +0.665441176<x3>[B] (+1) +0.665441176<x4>[B] (+0) +0.665441176<x5>[B] (+0) -0.665441176<x6>[B] (+1) +0.665441176<x7>[B] (+1) +0.665441176<x8>[B] (+1) -0.665441176<x9>[B] (+1) +0.665441176<x10>[B] (+1) +0.665441176<x11>[B] (+1) +0.665441176<x12>[B] (+1) +0.665441176<x13>[B] (+1) +0.665441176<x14>[B] (+1) +0.665441176<x15>[B] (+1) -0.665441176<x16>[B] (+1) -0.665441176<x17>[B] (+0) +0.665441176<x18>[B] (+1) +0.665441176<x19>[B] (+0) +0.665441176<x20>[B] (+0) -0.665441176<x21>[B] (+1) +0.665441176<x22>[B] (+8.8817842e-16) +0.665441176<x23>[B] (+1) -0.665441176<x24>[B] (+1) -0.665441176<x25>[B] (+1) -0.665441176<x26>[B] (+1) -0.665441176<x27>[B] (+1) -0.665441176<x28>[B] (+1) -0.665441176<x29>[B] (+1) +0.665441176<x30>[B] (+0) -0.665441176<x31>[B] (+0) +0.665441176<x32>[B] (+1) +0.665441176<x33>[B] (+0) +0.665441176<x34>[B] (+0) -0.665441176<x35>[B] (+1) +0.665441176<x36>[B] (+1) +0.665441176<x37>[B] (+1) -0.665441176<x38>[B] (+1) -0.665441176<x39>[B] (+1) +0.665441176<x40>[B] (+1) +0.665441176<x41>[B] (+1) +0.665441176<x42>[B] (+1) +0.665441176<x43>[B] (+1) +0.665441176<x44>[B] (+1) -0.665441176<x45>[B] (+1) +0.665441176<x46>[B] (+0) +0.665441176<x47>[B] (+0) -0.665441176<x48>[B] (+1) +0.665441176<x49>[B] (+0) +0.665441176<x50>[B] (+1) -0.665441176<x51>[B] (+1) -0.665441176<x52>[B] (+1) -0.665441176<x53>[B] (+1) -0.665441176<x54>[B] (+1) -0.665441176<x55>[B] (+1) -0.665441176<x56>[B] (+1) +0.665441176<x57>[B] (+0) -0.665441176<x58>[B] (+0) +0.665441176<x59>[B] (+0) -0.665441176<x60>[B] (+1) +0.665441176<x61>[B] (+1) +0.665441176<x62>[B] (+1) -0.665441176<x63>[B] (+1) -0.665441176<x64>[B] (+1) -0.665441176<x65>[B] (+1) -0.665441176<x66>[B] (+1) -0.665441176<x67>[B] (+1) -0.665441176<x68>[B] (+1) +0.665441176<x69>[B] (+1) -0.665441176<x70>[B] (+1) -0.665441176<x71>[B] (+1) +0.665441176<x72>[B] (+1) -0.665441176<x73>[B] (+1) -0.665441176<x74>[B] (+1) -0.665441176<x75>[B] (+1) -0.665441176<x76>[B] (+1) -0.665441176<x77>[B] (+1) -0.665441176<x78>[B] (+1) -0.665441176<x79>[B] (+1) +0.665441176<x80>[B] (+1) -0.665441176<x81>[B] (+1) +0.665441176<x82>[B] (+0) +0.665441176<x83>[B] (+0) -0.665441176<x84>[B] (+1) +0.665441176<x85>[B] (+0) +0.665441176<x86>[B] (+1) +0.665441176<x87>[B] (+0) +0.665441176<x88>[B] (+1) +0.665441176<x89>[B] (-1.77635684e-15) +0.665441176<x90>[B] (+0) -0.665441176<x91>[B] (+0) -0.665441176<x92>[B] (+1) -0.665441176<x93>[B] (+1) -0.665441176<x94>[B] (+1) -0.665441176<x95>[B] (+1) -0.665441176<x96>[B] (+1) -0.665441176<x97>[B] (+1) -0.665441176<x98>[B] (+1) -0.665441176<x99>[B] (+1) -0.665441176<x100>[B] (+1) -0.665441176<x101>[B] (+1) -0.665441176<x102>[B] (+1) -0.665441176<x103>[B] (+1) -0.665441176<x104>[B] (+1) -0.665441176<x105>[B] (+1) -0.665441176<x106>[B] (+0) +0.665441176<x107>[B] (+0) -0.665441176<x108>[B] (+0) +0.665441176<x109>[B] (+0) +0.665441176<x110>[B] (+0) +0.665441176<x111>[B] (+0) +0.665441176<x112>[B] (+0) +0.665441176<x113>[B] (+0) +0.665441176<x114>[B] (+0) -0.665441176<x115>[B] (+0) +0.665441176<x116>[B] (+1) +0.665441176<x117>[B] (+1) +0.665441176<x118>[B] (+1) +0.665441176<x119>[B] (-1.77635684e-15) +0.665441176<x120>[B] (+0) -0.665441176<x121>[B] (+0) +0.665441176<x122>[B] (+0) +0.665441176<x123>[B] (+0) +0.665441176<x124>[B] (+0) +0.665441176<x125>[B] (+0) -0.665441176<x126>[B] (+0) +0.665441176<x127>[B] (+1) +0.665441176<x128>[B] (+0) +0.665441176<x129>[B] (+0) -0.665441176<x130>[B] (+0) +0.665441176<x131>[B] (-1.77635684e-15) +0.665441176<x132>[B] (+0) -0.665441176<x133>[B] (+0) +0.665441176<x134>[B] (+0) -0.665441176<x135>[B] (+0) -0.665441176<x136>[B] (+0) >= 16.4705882352941;
;
violation: left hand side is violated by 0.00735294117644614
  [linear] <c1438>: <x139>[C] (+30.4375) +0.665441176<x1>[B] (+1) +0.665441176<x2>[B] (+0) +0.665441176<x3>[B] (+1) +0.665441176<x4>[B] (+0) +0.665441176<x5>[B] (+0) -0.665441176<x6>[B] (+1) +0.665441176<x7>[B] (+1) +0.665441176<x8>[B] (+1) -0.665441176<x9>[B] (+1) +0.665441176<x10>[B] (+1) +0.665441176<x11>[B] (+1) +0.665441176<x12>[B] (+1) +0.665441176<x13>[B] (+1) +0.665441176<x14>[B] (+1) +0.665441176<x15>[B] (+1) -0.665441176<x16>[B] (+1) -0.665441176<x17>[B] (+0) +0.665441176<x18>[B] (+1) +0.665441176<x19>[B] (+0) +0.665441176<x20>[B] (+0) -0.665441176<x21>[B] (+1) +0.665441176<x22>[B] (+0) +0.665441176<x23>[B] (+1) -0.665441176<x24>[B] (+1) -0.665441176<x25>[B] (+1) -0.665441176<x26>[B] (+1) -0.665441176<x27>[B] (+1) -0.665441176<x28>[B] (+1) -0.665441176<x29>[B] (+1) +0.665441176<x30>[B] (+0) -0.665441176<x31>[B] (+0) +0.665441176<x32>[B] (+1) +0.665441176<x33>[B] (+0) +0.665441176<x34>[B] (+0) -0.665441176<x35>[B] (+1) +0.665441176<x36>[B] (+1) +0.665441176<x37>[B] (+1) -0.665441176<x38>[B] (+1) -0.665441176<x39>[B] (+1) +0.665441176<x40>[B] (+1) +0.665441176<x41>[B] (+1) +0.665441176<x42>[B] (+1) +0.665441176<x43>[B] (+1) +0.665441176<x44>[B] (+1) -0.665441176<x45>[B] (+1) +0.665441176<x46>[B] (+0) +0.665441176<x47>[B] (+0) -0.665441176<x48>[B] (+1) +0.665441176<x49>[B] (+0) +0.665441176<x50>[B] (+1) -0.665441176<x51>[B] (+1) -0.665441176<x52>[B] (+1) -0.665441176<x53>[B] (+1) -0.665441176<x54>[B] (+1) -0.665441176<x55>[B] (+1) -0.665441176<x56>[B] (+1) +0.665441176<x57>[B] (+0) -0.665441176<x58>[B] (+0) +0.665441176<x59>[B] (+0) -0.665441176<x60>[B] (+1) +0.665441176<x61>[B] (+1) +0.665441176<x62>[B] (+1) -0.665441176<x63>[B] (+1) -0.665441176<x64>[B] (+1) -0.665441176<x65>[B] (+1) -0.665441176<x66>[B] (+1) -0.665441176<x67>[B] (+1) -0.665441176<x68>[B] (+1) +0.665441176<x69>[B] (+1) -0.665441176<x70>[B] (+1) -0.665441176<x71>[B] (+1) +0.665441176<x72>[B] (+1) -0.665441176<x73>[B] (+1) -0.665441176<x74>[B] (+1) -0.665441176<x75>[B] (+1) -0.665441176<x76>[B] (+1) -0.665441176<x77>[B] (+1) -0.665441176<x78>[B] (+1) -0.665441176<x79>[B] (+1) +0.665441176<x80>[B] (+1) -0.665441176<x81>[B] (+1) +0.665441176<x82>[B] (+0) +0.665441176<x83>[B] (+0) -0.665441176<x84>[B] (+1) +0.665441176<x85>[B] (+0) +0.665441176<x86>[B] (+1) +0.665441176<x87>[B] (+0) +0.665441176<x88>[B] (+1) +0.665441176<x89>[B] (+0) +0.665441176<x90>[B] (+0) -0.665441176<x91>[B] (+0) -0.665441176<x92>[B] (+1) -0.665441176<x93>[B] (+1) -0.665441176<x94>[B] (+1) -0.665441176<x95>[B] (+1) -0.665441176<x96>[B] (+1) -0.665441176<x97>[B] (+1) -0.665441176<x98>[B] (+1) -0.665441176<x99>[B] (+1) -0.665441176<x100>[B] (+1) -0.665441176<x101>[B] (+1) -0.665441176<x102>[B] (+1) -0.665441176<x103>[B] (+1) -0.665441176<x104>[B] (+1) -0.665441176<x105>[B] (+1) -0.665441176<x106>[B] (+0) +0.665441176<x107>[B] (+0) -0.665441176<x108>[B] (+0) +0.665441176<x109>[B] (+0) +0.665441176<x110>[B] (+0) +0.665441176<x111>[B] (+0) +0.665441176<x112>[B] (+0) +0.665441176<x113>[B] (+0) +0.665441176<x114>[B] (+0) -0.665441176<x115>[B] (+0) +0.665441176<x116>[B] (+1) +0.665441176<x117>[B] (+1) +0.665441176<x118>[B] (+1) +0.665441176<x119>[B] (+0) +0.665441176<x120>[B] (+0) -0.665441176<x121>[B] (+0) +0.665441176<x122>[B] (+0) +0.665441176<x123>[B] (+0) +0.665441176<x124>[B] (+0) +0.665441176<x125>[B] (+0) -0.665441176<x126>[B] (+0) +0.665441176<x127>[B] (+1) +0.665441176<x128>[B] (+0) +0.665441176<x129>[B] (+0) -0.665441176<x130>[B] (+0) +0.665441176<x131>[B] (+0) +0.665441176<x132>[B] (+0) -0.665441176<x133>[B] (+0) +0.665441176<x134>[B] (+0) -0.665441176<x135>[B] (+0) -0.665441176<x136>[B] (+0) >= 16.4705882352941;
;
violation: left hand side is violated by 0.00735294117644258
  [linear] <c1445>: <x148>[C] (+12.7536765) -0.430147059<x1>[B] (+1) -0.430147059<x2>[B] (+0) -0.430147059<x3>[B] (+1) -0.430147059<x4>[B] (+0) -0.430147059<x5>[B] (+0) -0.430147059<x6>[B] (+1) -0.430147059<x7>[B] (+1) -0.430147059<x8>[B] (+1) -0.430147059<x9>[B] (+1) -0.430147059<x10>[B] (+1) -0.430147059<x11>[B] (+1) -0.430147059<x12>[B] (+1) -0.430147059<x13>[B] (+1) -0.430147059<x14>[B] (+1) -0.430147059<x15>[B] (+1) -0.430147059<x16>[B] (+0) -0.430147059<x17>[B] (+0) +0.430147059<x18>[B] (+1) -0.430147059<x19>[B] (+0) -0.430147059<x20>[B] (+0) -0.430147059<x21>[B] (+1) -0.430147059<x22>[B] (+0) +0.430147059<x23>[B] (+1) -0.430147059<x24>[B] (+1) -0.430147059<x25>[B] (+1) -0.430147059<x26>[B] (+1) +0.430147059<x27>[B] (+1) +0.430147059<x28>[B] (+1) -0.430147059<x29>[B] (+1) +0.430147059<x30>[B] (+0) -0.430147059<x31>[B] (+0) +0.430147059<x32>[B] (+1) -0.430147059<x33>[B] (+0) +0.430147059<x34>[B] (+0) +0.430147059<x35>[B] (+1) -0.430147059<x36>[B] (+1) +0.430147059<x37>[B] (+1) +0.430147059<x38>[B] (+1) -0.430147059<x39>[B] (+1) +0.430147059<x40>[B] (+1) +0.430147059<x41>[B] (+1) +0.430147059<x42>[B] (+1) +0.430147059<x43>[B] (+1) +0.430147059<x44>[B] (+1) +0.430147059<x45>[B] (+1) -0.430147059<x46>[B] (+0) -0.430147059<x47>[B] (+0) -0.430147059<x48>[B] (+1) -0.430147059<x49>[B] (+0) -0.430147059<x50>[B] (+1) -0.430147059<x51>[B] (+1) -0.430147059<x52>[B] (+1) -0.430147059<x53>[B] (+1) -0.430147059<x54>[B] (+1) +0.430147059<x55>[B] (+1) -0.430147059<x56>[B] (+1) +0.430147059<x57>[B] (+0) -0.430147059<x58>[B] (+0) +0.430147059<x59>[B] (+0) +0.430147059<x60>[B] (+1) -0.430147059<x61>[B] (+1) +0.430147059<x62>[B] (+1) +0.430147059<x63>[B] (+1) -0.430147059<x64>[B] (+1) +0.430147059<x65>[B] (+1) +0.430147059<x66>[B] (+1) +0.430147059<x67>[B] (+1) +0.430147059<x68>[B] (+1) +0.430147059<x69>[B] (+1) +0.430147059<x70>[B] (+1) +0.430147059<x71>[B] (+1) -0.430147059<x72>[B] (+1) +0.430147059<x73>[B] (+1) +0.430147059<x74>[B] (+1) -0.430147059<x75>[B] (+1) +0.430147059<x76>[B] (+1) +0.430147059<x77>[B] (+1) +0.430147059<x78>[B] (+1) +0.430147059<x79>[B] (+1) +0.430147059<x80>[B] (+1) -0.430147059<x81>[B] (+1) -0.430147059<x82>[B] (+0) +0.430147059<x83>[B] (+0) -0.430147059<x84>[B] (+1) -0.430147059<x85>[B] (+0) -0.430147059<x86>[B] (+1) +0.430147059<x87>[B] (+0) +0.430147059<x88>[B] (+1) -0.430147059<x89>[B] (+0) +0.430147059<x90>[B] (+0) -0.430147059<x91>[B] (+0) +0.430147059<x92>[B] (+1) +0.430147059<x93>[B] (+1) -0.430147059<x94>[B] (+1) +0.430147059<x95>[B] (+1) +0.430147059<x96>[B] (+1) +0.430147059<x97>[B] (+1) +0.430147059<x98>[B] (+1) +0.430147059<x99>[B] (+1) +0.430147059<x100>[B] (+0) -0.430147059<x101>[B] (+1) -0.430147059<x102>[B] (+1) -0.430147059<x103>[B] (+1) -0.430147059<x104>[B] (+1) +0.430147059<x105>[B] (+1) -0.430147059<x106>[B] (+0) +0.430147059<x107>[B] (+0) -0.430147059<x108>[B] (+0) -0.430147059<x109>[B] (+0) -0.430147059<x110>[B] (+0) +0.430147059<x111>[B] (+0) +0.430147059<x112>[B] (+0) -0.430147059<x113>[B] (+0) +0.430147059<x114>[B] (+0) -0.430147059<x115>[B] (+0) +0.430147059<x116>[B] (+1) +0.430147059<x117>[B] (+1) +0.430147059<x118>[B] (+1) +0.430147059<x119>[B] (+0) +0.430147059<x120>[B] (+0) +0.430147059<x121>[B] (+0) +0.430147059<x122>[B] (+0) +0.430147059<x123>[B] (+0) -0.430147059<x124>[B] (+0) +0.430147059<x125>[B] (+0) -0.430147059<x126>[B] (+0) +0.430147059<x127>[B] (+1) -0.430147059<x128>[B] (+0) +0.430147059<x129>[B] (+0) -0.430147059<x130>[B] (+0) -0.430147059<x131>[B] (+0) +0.430147059<x132>[B] (+0) -0.430147059<x133>[B] (+0) +0.430147059<x134>[B] (+0) -0.430147059<x135>[B] (+0) -0.430147059<x136>[B] (+0) >= 15.8088235294118;
;
violation: left hand side is violated by 0.0441176470588331
  [linear] <c1438>: <x139>[C] (+31.7536765) +0.665441176<x1>[B] (+1) +0.665441176<x2>[B] (+0) +0.665441176<x3>[B] (+1) +0.665441176<x4>[B] (+0) +0.665441176<x5>[B] (+0) -0.665441176<x6>[B] (+1) +0.665441176<x7>[B] (+1) +0.665441176<x8>[B] (+1) -0.665441176<x9>[B] (+1) +0.665441176<x10>[B] (+1) +0.665441176<x11>[B] (+1) +0.665441176<x12>[B] (+1) +0.665441176<x13>[B] (+1) +0.665441176<x14>[B] (+1) +0.665441176<x15>[B] (+1) -0.665441176<x16>[B] (+1) -0.665441176<x17>[B] (+0) +0.665441176<x18>[B] (+1) +0.665441176<x19>[B] (+0) +0.665441176<x20>[B] (+0) -0.665441176<x21>[B] (+1) +0.665441176<x22>[B] (+0) +0.665441176<x23>[B] (+1) -0.665441176<x24>[B] (+1) -0.665441176<x25>[B] (+1) -0.665441176<x26>[B] (+1) -0.665441176<x27>[B] (+1) -0.665441176<x28>[B] (+1) -0.665441176<x29>[B] (+1) +0.665441176<x30>[B] (+0) -0.665441176<x31>[B] (+0) +0.665441176<x32>[B] (+1) +0.665441176<x33>[B] (+0) +0.665441176<x34>[B] (+0) -0.665441176<x35>[B] (+1) +0.665441176<x36>[B] (+1) +0.665441176<x37>[B] (+1) -0.665441176<x38>[B] (+1) -0.665441176<x39>[B] (+1) +0.665441176<x40>[B] (+1) +0.665441176<x41>[B] (+1) +0.665441176<x42>[B] (+1) +0.665441176<x43>[B] (+1) +0.665441176<x44>[B] (+1) -0.665441176<x45>[B] (+1) +0.665441176<x46>[B] (+0) +0.665441176<x47>[B] (+0) -0.665441176<x48>[B] (+1) +0.665441176<x49>[B] (+0) +0.665441176<x50>[B] (+1) -0.665441176<x51>[B] (+1) -0.665441176<x52>[B] (+1) -0.665441176<x53>[B] (+1) -0.665441176<x54>[B] (+1) -0.665441176<x55>[B] (+1) -0.665441176<x56>[B] (+1) +0.665441176<x57>[B] (+0) -0.665441176<x58>[B] (+0) +0.665441176<x59>[B] (+0) -0.665441176<x60>[B] (+1) +0.665441176<x61>[B] (+1) +0.665441176<x62>[B] (+1) -0.665441176<x63>[B] (+1) -0.665441176<x64>[B] (+1) -0.665441176<x65>[B] (+1) -0.665441176<x66>[B] (+1) -0.665441176<x67>[B] (+1) -0.665441176<x68>[B] (+1) +0.665441176<x69>[B] (+1) -0.665441176<x70>[B] (+1) -0.665441176<x71>[B] (+1) +0.665441176<x72>[B] (+1) -0.665441176<x73>[B] (+1) -0.665441176<x74>[B] (+1) -0.665441176<x75>[B] (+1) -0.665441176<x76>[B] (+1) -0.665441176<x77>[B] (+1) -0.665441176<x78>[B] (+1) -0.665441176<x79>[B] (+1) +0.665441176<x80>[B] (+1) -0.665441176<x81>[B] (+1) +0.665441176<x82>[B] (+0) +0.665441176<x83>[B] (+0) -0.665441176<x84>[B] (+1) +0.665441176<x85>[B] (+0) +0.665441176<x86>[B] (+0) +0.665441176<x87>[B] (+0) +0.665441176<x88>[B] (+0) +0.665441176<x89>[B] (+0) +0.665441176<x90>[B] (+0) -0.665441176<x91>[B] (+0) -0.665441176<x92>[B] (+1) -0.665441176<x93>[B] (+1) -0.665441176<x94>[B] (+1) -0.665441176<x95>[B] (+1) -0.665441176<x96>[B] (+1) -0.665441176<x97>[B] (+1) -0.665441176<x98>[B] (+1) -0.665441176<x99>[B] (+1) -0.665441176<x100>[B] (+1) -0.665441176<x101>[B] (+1) -0.665441176<x102>[B] (+1) -0.665441176<x103>[B] (+1) -0.665441176<x104>[B] (+1) -0.665441176<x105>[B] (+1) -0.665441176<x106>[B] (+0) +0.665441176<x107>[B] (+0) -0.665441176<x108>[B] (+0) +0.665441176<x109>[B] (+0) +0.665441176<x110>[B] (+0) +0.665441176<x111>[B] (+0) +0.665441176<x112>[B] (+0) +0.665441176<x113>[B] (+0) +0.665441176<x114>[B] (+0) -0.665441176<x115>[B] (+0) +0.665441176<x116>[B] (+1) +0.665441176<x117>[B] (+1) +0.665441176<x118>[B] (+1) +0.665441176<x119>[B] (+0) +0.665441176<x120>[B] (+0) -0.665441176<x121>[B] (+0) +0.665441176<x122>[B] (+0) +0.665441176<x123>[B] (+0) +0.665441176<x124>[B] (+0) +0.665441176<x125>[B] (+0) -0.665441176<x126>[B] (+0) +0.665441176<x127>[B] (+1) +0.665441176<x128>[B] (+0) +0.665441176<x129>[B] (+0) -0.665441176<x130>[B] (+0) +0.665441176<x131>[B] (+0) +0.665441176<x132>[B] (+0) -0.665441176<x133>[B] (+0) +0.665441176<x134>[B] (+0) -0.665441176<x135>[B] (+0) -0.665441176<x136>[B] (+0) >= 16.4705882352941;
;
violation: left hand side is violated by 0.0220588235293775
  [linear] <c1448>: <x151>[C] (+9.97794118) -0.591911765<x1>[B] (+1) -0.591911765<x2>[B] (+1) -0.591911765<x3>[B] (+1) -0.591911765<x4>[B] (+1) +0.591911765<x5>[B] (+1) +0.591911765<x6>[B] (+1) -0.591911765<x7>[B] (+1) -0.591911765<x8>[B] (+1) -0.591911765<x9>[B] (+0) -0.591911765<x10>[B] (+1) -0.591911765<x11>[B] (+0) -0.591911765<x12>[B] (+0) -0.591911765<x13>[B] (+0) -0.591911765<x14>[B] (+1) -0.591911765<x15>[B] (+1) +0.591911765<x16>[B] (+1) -0.591911765<x17>[B] (+1) -0.591911765<x18>[B] (+1) -0.591911765<x19>[B] (+1) +0.591911765<x20>[B] (+1) +0.591911765<x21>[B] (+1) -0.591911765<x22>[B] (+1) +0.591911765<x23>[B] (+1) -0.591911765<x24>[B] (+0) -0.591911765<x25>[B] (+1) -0.591911765<x26>[B] (+0) -0.591911765<x27>[B] (+0) -0.591911765<x28>[B] (+0) -0.591911765<x29>[B] (+1) -0.591911765<x30>[B] (+1) +0.591911765<x31>[B] (+1) -0.591911765<x32>[B] (+0) -0.591911765<x33>[B] (+1) +0.591911765<x34>[B] (+1) +0.591911765<x35>[B] (+0) -0.591911765<x36>[B] (+1) +0.591911765<x37>[B] (+0) -0.591911765<x38>[B] (+0) -0.591911765<x39>[B] (+0) -0.591911765<x40>[B] (+0) -0.591911765<x41>[B] (+0) -0.591911765<x42>[B] (+0) -0.591911765<x43>[B] (+0) -0.591911765<x44>[B] (+0) +0.591911765<x45>[B] (+0) +0.591911765<x46>[B] (+1) +0.591911765<x47>[B] (+1) +0.591911765<x48>[B] (+0) +0.591911765<x49>[B] (+1) +0.591911765<x50>[B] (+0) +0.591911765<x51>[B] (+0) +0.591911765<x52>[B] (+1) +0.591911765<x53>[B] (+0) +0.591911765<x54>[B] (+0) +0.591911765<x55>[B] (+0) +0.591911765<x56>[B] (+1) +0.591911765<x57>[B] (+1) +0.591911765<x58>[B] (+1) +0.591911765<x59>[B] (+1) +0.591911765<x60>[B] (+0) -0.591911765<x61>[B] (+0) +0.591911765<x62>[B] (+0) -0.591911765<x63>[B] (+0) -0.591911765<x64>[B] (+0) -0.591911765<x65>[B] (+0) -0.591911765<x66>[B] (+0) -0.591911765<x67>[B] (+0) -0.591911765<x68>[B] (+0) -0.591911765<x69>[B] (+0) +0.591911765<x70>[B] (+0) -0.591911765<x71>[B] (+0) -0.591911765<x72>[B] (+0) -0.591911765<x73>[B] (+0) -0.591911765<x74>[B] (+0) -0.591911765<x75>[B] (+0) -0.591911765<x76>[B] (+0) -0.591911765<x77>[B] (+0) -0.591911765<x78>[B] (+0) -0.591911765<x79>[B] (+0) -0.591911765<x80>[B] (+0) +0.591911765<x81>[B] (+0) -0.591911765<x82>[B] (+1) -0.591911765<x83>[B] (+0) -0.591911765<x84>[B] (+0) -0.591911765<x85>[B] (+1) -0.591911765<x86>[B] (+0) -0.591911765<x87>[B] (+0) -0.591911765<x88>[B] (+0) -0.591911765<x89>[B] (+1) -0.591911765<x90>[B] (+1) +0.591911765<x91>[B] (+1) +0.591911765<x92>[B] (+0) +0.591911765<x93>[B] (+0) -0.591911765<x94>[B] (+0) -0.591911765<x95>[B] (+0) +0.591911765<x96>[B] (+0) +0.591911765<x97>[B] (+0) +0.591911765<x98>[B] (+0) -0.591911765<x99>[B] (+0) +0.591911765<x100>[B] (+0) -0.591911765<x101>[B] (+0) -0.591911765<x102>[B] (+1) -0.591911765<x103>[B] (+0) -0.591911765<x104>[B] (+0) -0.591911765<x105>[B] (+0) -0.591911765<x106>[B] (+1) -0.591911765<x107>[B] (+1) +0.591911765<x108>[B] (+1) -0.591911765<x109>[B] (+1) -0.591911765<x110>[B] (+0) -0.591911765<x111>[B] (+1) -0.591911765<x112>[B] (+0) +0.591911765<x113>[B] (+1) -0.591911765<x114>[B] (+1) +0.591911765<x115>[B] (+1) -0.591911765<x116>[B] (+0) +0.591911765<x117>[B] (+0) +0.591911765<x118>[B] (+0) +0.591911765<x119>[B] (+1) -0.591911765<x120>[B] (+1) +0.591911765<x121>[B] (+0) +0.591911765<x122>[B] (+1) +0.591911765<x123>[B] (+1) +0.591911765<x124>[B] (+1) -0.591911765<x125>[B] (+1) +0.591911765<x126>[B] (+1) +0.591911765<x127>[B] (+0) +0.591911765<x128>[B] (+1) -0.591911765<x129>[B] (+1) +0.591911765<x130>[B] (+1) +0.591911765<x131>[B] (+1) -0.591911765<x132>[B] (+1) +0.591911765<x133>[B] (+1) -0.591911765<x134>[B] (+1) +0.591911765<x135>[B] (+0) +0.591911765<x136>[B] (+0) >= 8.13970588235294;
;
violation: left hand side is violated by 0.52941176470588
2/8 feasible solutions given by solution candidate storage, new primal bound -3.999788e+06

presolving:
   (0.0s) symmetry computation started: requiring (bin +, int +, cont +), (fixed: bin -, int -, cont -)
   (0.0s) no symmetry present (symcode time: 0.00)
presolving (0 rounds: 0 fast, 0 medium, 0 exhaustive):
 0 deleted vars, 0 deleted constraints, 0 added constraints, 0 tightened bounds, 0 added holes, 0 changed sides, 0 changed coefficients
 0 implications, 0 cliques, 0 implied integral variables (0 bin, 0 int, 0 cont)
presolved problem has 176 variables (136 bin, 0 int, 40 cont) and 1469 constraints
   1469 constraints of type <linear>
Presolving Time: 0.01
transformed 2/2 original solutions to the transformed problem space

 time | node  | left  |LP iter|LP it/n|mem/heur|mdpt |vars |cons |rows |cuts |sepa|confs|strbr|  dualbound   | primalbound  |  gap   | compl. 
p 0.0s|     1 |     0 |    14 |     - |   locks|   0 | 176 |1469 |1469 |   0 |  0 |   0 |   0 | 5.480000e+02 |-6.917757e+02 |    Inf | unknown
  0.0s|     1 |     0 |   342 |     - |    16M |   0 | 176 |1469 |1469 |   0 |  0 |   0 |   0 |-4.044382e+02 |-6.917757e+02 |  71.05%| unknown
r 0.0s|     1 |     0 |   342 |     - |shifting|   0 | 176 |1469 |1469 |   0 |  0 |   0 |   0 |-4.044382e+02 |-4.728228e+02 |  16.91%| unknown
  0.0s|     1 |     0 |   347 |     - |    17M |   0 | 176 |1469 |1470 |   1 |  1 |   0 |   0 |-4.044559e+02 |-4.728228e+02 |  16.90%| unknown
r 0.0s|     1 |     0 |   347 |     - |shifting|   0 | 176 |1469 |1470 |   1 |  1 |   0 |   0 |-4.044559e+02 |-4.710483e+02 |  16.46%| unknown
  0.0s|     1 |     0 |   347 |     - |    17M |   0 | 176 |1469 |1470 |   1 |  1 |   0 |   0 |-4.044559e+02 |-4.710483e+02 |  16.46%| unknown
  0.1s|     1 |     0 |   353 |     - |    17M |   0 | 176 |1469 |1471 |   2 |  2 |   0 |   0 |-4.044735e+02 |-4.710483e+02 |  16.46%| unknown
r 0.1s|     1 |     0 |   353 |     - |shifting|   0 | 176 |1469 |1471 |   2 |  2 |   0 |   0 |-4.044735e+02 |-4.303162e+02 |   6.39%| unknown
  0.1s|     1 |     0 |   363 |     - |    17M |   0 | 176 |1469 |1472 |   3 |  3 |   0 |   0 |-4.044874e+02 |-4.303162e+02 |   6.39%| unknown
  0.1s|     1 |     0 |   368 |     - |    18M |   0 | 176 |1469 |1473 |   4 |  4 |   0 |   0 |-4.045063e+02 |-4.303162e+02 |   6.38%| unknown
  0.1s|     1 |     0 |   373 |     - |    18M |   0 | 176 |1469 |1474 |   5 |  5 |   0 |   0 |-4.045126e+02 |-4.303162e+02 |   6.38%| unknown
  0.1s|     1 |     0 |   377 |     - |    18M |   0 | 176 |1469 |1475 |   6 |  6 |   0 |   0 |-4.045221e+02 |-4.303162e+02 |   6.38%| unknown
  0.1s|     1 |     0 |   380 |     - |    18M |   0 | 176 |1469 |1476 |   7 |  7 |   0 |   0 |-4.045277e+02 |-4.303162e+02 |   6.37%| unknown
  0.2s|     1 |     0 |   383 |     - |    18M |   0 | 176 |1469 |1477 |   8 |  8 |   0 |   0 |-4.045336e+02 |-4.303162e+02 |   6.37%| unknown
  0.2s|     1 |     0 |   385 |     - |    18M |   0 | 176 |1469 |1478 |   9 |  9 |   0 |   0 |-4.045366e+02 |-4.303162e+02 |   6.37%| unknown
 time | node  | left  |LP iter|LP it/n|mem/heur|mdpt |vars |cons |rows |cuts |sepa|confs|strbr|  dualbound   | primalbound  |  gap   | compl. 
  0.2s|     1 |     0 |   389 |     - |    19M |   0 | 176 |1469 |1479 |  10 | 10 |   0 |   0 |-4.045542e+02 |-4.303162e+02 |   6.37%| unknown
r 0.2s|     1 |     0 |   389 |     - |shifting|   0 | 176 |1469 |1479 |  10 | 10 |   0 |   0 |-4.045542e+02 |-4.301911e+02 |   6.34%| unknown
r 0.2s|     1 |     0 |   430 |     - |intshift|   0 | 176 |1469 |1479 |  10 | 11 |   0 |   0 |-4.045542e+02 |-4.095809e+02 |   1.24%| unknown
d 0.2s|     1 |     0 |   443 |     - |farkasdi|   0 | 176 |1469 |1479 |   0 | 11 |   0 |   0 |-4.045542e+02 |-4.045809e+02 |   0.01%| unknown
  0.2s|     1 |     0 |   443 |     - |    19M |   0 | 176 |1469 |1479 |  10 | 11 |   0 |   0 |-4.045542e+02 |-4.045809e+02 |   0.01%| unknown
  0.2s|     1 |     0 |   443 |     - |    19M |   0 | 176 |1469 | 362 |  10 | 11 |   0 |   0 |-4.045542e+02 |-4.045809e+02 |   0.01%| unknown
  0.2s|     1 |     0 |   445 |     - |    19M |   0 | 176 |1469 | 364 |  12 | 12 |   0 |   0 |-4.045544e+02 |-4.045809e+02 |   0.01%| unknown
  0.2s|     1 |     0 |   445 |     - |    19M |   0 | 176 | 240 | 364 |  12 | 13 |   0 |   0 |-4.045544e+02 |-4.045809e+02 |   0.01%| unknown
(run 1, node 1) restarting after 101 global fixings of integer variables

(restart) converted 12 cuts from the global cut pool into linear constraints

presolving:
presolving (0 rounds: 0 fast, 0 medium, 0 exhaustive):
 0 deleted vars, 0 deleted constraints, 0 added constraints, 0 tightened bounds, 0 added holes, 0 changed sides, 0 changed coefficients
 0 implications, 0 cliques, 0 implied integral variables (0 bin, 0 int, 0 cont)
presolved problem has 176 variables (136 bin, 0 int, 40 cont) and 252 constraints
    252 constraints of type <linear>
Presolving Time: 0.01
transformed 14/19 original solutions to the transformed problem space

 time | node  | left  |LP iter|LP it/n|mem/heur|mdpt |vars |cons |rows |cuts |sepa|confs|strbr|  dualbound   | primalbound  |  gap   | compl. 
  0.3s|     1 |     0 |   636 |     - |    19M |   0 | 176 | 252 | 252 |   0 |  0 |   0 |   0 |-4.045544e+02 |-4.045809e+02 |   0.01%| unknown
  0.3s|     1 |     0 |   636 |     - |    19M |   0 | 176 | 252 | 205 |   0 |  0 |   0 |   0 |-4.045544e+02 |-4.045809e+02 |   0.01%| unknown
  0.3s|     1 |     0 |   641 |     - |    19M |   0 | 176 | 252 | 207 |   2 |  1 |   0 |   0 |-4.045717e+02 |-4.045809e+02 |   0.00%| unknown
  0.3s|     1 |     0 |   646 |     - |    19M |   0 | 176 | 252 | 209 |   4 |  2 |   0 |   0 |-4.045807e+02 |-4.045809e+02 |   0.00%| unknown
  0.3s|     1 |     0 |   646 |     - |    19M |   0 | 176 | 252 | 208 |   4 |  2 |   0 |   0 |-4.045807e+02 |-4.045809e+02 |   0.00%| unknown
  0.3s|     1 |     0 |   647 |     - |    19M |   0 | 176 | 252 | 209 |   5 |  3 |   0 |   0 |-4.045809e+02 |-4.045809e+02 |   0.00%| unknown
  0.3s|     1 |     0 |   647 |     - |    19M |   0 | 176 | 252 | 209 |   5 |  3 |   0 |   0 |-4.045809e+02 |-4.045809e+02 |   0.00%| unknown

SCIP Status        : problem is solved [optimal solution found]
Solving Time (sec) : 0.29
Solving Nodes      : 1 (total of 2 nodes in 2 runs)
Primal Bound       : -4.04580882352941e+02 (22 solutions)
Dual Bound         : -4.04580882352941e+02
Gap                : 0.00 %
