Loading instance...
Median ranking: [4, 2, 10, 8, 14, 15, 13, 6, 5, 1, 12, 9, 7, 16, 17, 11, 3]
Mean ranking: [14, 4, 2, 10, 13, 6, 8, 15, 16, 5, 1, 12, 9, 7, 17, 11, 3]
Actual error: 0.001887841184537331
Weighted Kendall distance: 156.0
Normalized distance: 0.09558823529411764
ss, 0 chg bounds, 0 chg sides, 0 chg coeffs, 0 upgd conss, 0 impls, 0 clqs, 0 implints
   (0.0s) symmetry computation started: requiring (bin +, int +, cont +), (fixed: bin -, int -, cont -)
   (0.0s) no symmetry present (symcode time: 0.00)
presolving (2 rounds: 2 fast, 2 medium, 1 exhaustive):
 0 deleted vars, 1360 deleted constraints, 680 added constraints, 0 tightened bounds, 0 added holes, 0 changed sides, 0 changed coefficients
 0 implications, 0 cliques, 0 implied integral variables (0 bin, 0 int, 0 cont)
presolved problem has 136 variables (0 bin, 0 int, 136 cont) and 680 constraints
    680 constraints of type <linear>
Presolving Time: 0.01
transformed 3/3 original solutions to the transformed problem space

 time | node  | left  |LP iter|LP it/n|mem/heur|mdpt |vars |cons |rows |cuts |sepa|confs|strbr|  dualbound   | primalbound  |  gap   | compl. 
* 0.0s|     1 |     0 |    27 |     - |    LP  |   0 | 136 | 680 | 680 |   0 |  0 |   0 |   0 | 2.340000e+02 | 2.340000e+02 |   0.00%| unknown
  0.0s|     1 |     0 |    27 |     - |  5552k |   0 | 136 | 680 | 680 |   0 |  0 |   0 |   0 | 2.340000e+02 | 2.340000e+02 |   0.00%| unknown

SCIP Status        : problem is solved [optimal solution found]
Solving Time (sec) : 0.01
Solving Nodes      : 1
Primal Bound       : +2.34000000000000e+02 (4 solutions)
Dual Bound         : +2.34000000000000e+02
Gap                : 0.00 %
feasible solution found by trivial heuristic after 0.0 seconds, objective value 6.000000e+00
presolving:
   (0.0s) running MILP presolver
   (0.0s) MILP presolver (2 rounds): 0 aggregations, 0 fixings, 0 bound changes
(round 1, medium)     0 del vars, 1360 del conss, 680 add conss, 0 chg bounds, 0 chg sides, 0 chg coeffs, 0 upgd conss, 0 impls, 0 clqs, 0 implints
   (0.0s) probing: 51/136 (37.5%) - 0 fixings, 0 aggregations, 0 implications, 0 bound changes
   (0.0s) probing aborted: 50/50 successive totally useless probings
   (0.0s) symmetry computation started: requiring (bin +, int +, cont +), (fixed: bin -, int -, cont -)
   (0.0s) no symmetry present (symcode time: 0.00)
presolving (2 rounds: 2 fast, 2 medium, 1 exhaustive):
 0 deleted vars, 1360 deleted constraints, 680 added constraints, 0 tightened bounds, 0 added holes, 0 changed sides, 0 changed coefficients
 0 implications, 0 cliques, 0 implied integral variables (0 bin, 0 int, 0 cont)
presolved problem has 136 variables (136 bin, 0 int, 0 cont) and 680 constraints
    680 constraints of type <linear>
transformed objective value is always integral (scale: 2)
Presolving Time: 0.01
transformed 2/2 original solutions to the transformed problem space

 time | node  | left  |LP iter|LP it/n|mem/heur|mdpt |vars |cons |rows |cuts |sepa|confs|strbr|  dualbound   | primalbound  |  gap   | compl. 
p 0.0s|     1 |     0 |     0 |     - |   locks|   0 | 136 | 680 | 680 |   0 |  0 |   0 |   0 | 2.460000e+02 | 5.200000e+01 | 373.08%| unknown
i 0.0s|     1 |     0 |     0 |     - |  oneopt|   0 | 136 | 680 | 680 |   0 |  0 |   0 |   0 | 2.460000e+02 | 1.860000e+02 |  32.26%| unknown
* 0.0s|     1 |     0 |    24 |     - |    LP  |   0 | 136 | 680 | 680 |   0 |  0 |   0 |   0 | 2.340000e+02 | 2.340000e+02 |   0.00%| unknown
  0.0s|     1 |     0 |    24 |     - |  5735k |   0 | 136 | 680 | 680 |   0 |  0 |   0 |   0 | 2.340000e+02 | 2.340000e+02 |   0.00%| unknown

SCIP Status        : problem is solved [optimal solution found]
Solving Time (sec) : 0.01
Solving Nodes      : 1
Primal Bound       : +2.34000000000000e+02 (5 solutions)
Dual Bound         : +2.34000000000000e+02
Gap                : 0.00 %
feasible solution found by trivial heuristic after 0.0 seconds, objective value -1.999994e+06
presolving:
(round 1, fast)       0 del vars, 0 del conss, 0 add conss, 40 chg bounds, 0 chg sides, 0 chg coeffs, 0 upgd conss, 0 impls, 0 clqs, 0 implints
   (0.3s) running MILP presolver
   (0.3s) MILP presolver (2 rounds): 0 aggregations, 0 fixings, 0 bound changes
(round 2, exhaustive) 0 del vars, 680 del conss, 0 add conss, 40 chg bounds, 0 chg sides, 0 chg coeffs, 0 upgd conss, 0 impls, 0 clqs, 0 implints
   (0.6s) symmetry computation started: requiring (bin +, int +, cont +), (fixed: bin -, int -, cont -)
   (0.7s) no symmetry present (symcode time: 0.01)
presolving (3 rounds: 3 fast, 2 medium, 2 exhaustive):
 0 deleted vars, 680 deleted constraints, 0 added constraints, 40 tightened bounds, 0 added holes, 0 changed sides, 0 changed coefficients
 0 implications, 0 cliques, 0 implied integral variables (0 bin, 0 int, 0 cont)
presolved problem has 156 variables (0 bin, 0 int, 156 cont) and 3400 constraints
   3400 constraints of type <linear>
Presolving Time: 0.68

 time | node  | left  |LP iter|LP it/n|mem/heur|mdpt |vars |cons |rows |cuts |sepa|confs|strbr|  dualbound   | primalbound  |  gap   | compl. 
t 0.7s|     1 |     0 |     0 |     - | trivial|   0 | 156 |3400 |   0 |   0 |  0 |   0 |   0 | 2.460000e+02 |-1.354000e+03 |    Inf | unknown
* 0.8s|     1 |     0 |   337 |     - |    LP  |   0 | 156 |3400 |3400 |   0 |  0 |   0 |   0 |-2.391654e+02 |-2.391654e+02 |   0.00%| unknown
  0.8s|     1 |     0 |   337 |     - |   232M |   0 | 156 |3400 |3400 |   0 |  0 |   0 |   0 |-2.391654e+02 |-2.391654e+02 |   0.00%| unknown

SCIP Status        : problem is solved [optimal solution found]
Solving Time (sec) : 0.85
Solving Nodes      : 1
Primal Bound       : -2.39165441176471e+02 (3 solutions)
Dual Bound         : -2.39165441176471e+02
Gap                : 0.00 %
feasible solution found by trivial heuristic after 0.0 seconds, objective value -1.999994e+06
presolving:
(round 1, fast)       0 del vars, 0 del conss, 0 add conss, 40 chg bounds, 0 chg sides, 0 chg coeffs, 0 upgd conss, 0 impls, 0 clqs, 0 implints
   (0.2s) running MILP presolver
   (0.3s) MILP presolver (2 rounds): 0 aggregations, 0 fixings, 0 bound changes
(round 2, exhaustive) 0 del vars, 680 del conss, 0 add conss, 40 chg bounds, 0 chg sides, 0 chg coeffs, 0 upgd conss, 0 impls, 0 clqs, 0 implints
   (0.6s) probing: 51/136 (37.5%) - 0 fixings, 0 aggregations, 0 implications, 0 bound changes
   (0.6s) probing aborted: 50/50 successive totally useless probings
   (0.6s) symmetry computation started: requiring (bin +, int +, cont +), (fixed: bin -, int -, cont -)
   (0.7s) no symmetry present (symcode time: 0.01)
presolving (3 rounds: 3 fast, 2 medium, 2 exhaustive):
 0 deleted vars, 680 deleted constraints, 0 added constraints, 40 tightened bounds, 0 added holes, 0 changed sides, 0 changed coefficients
 0 implications, 0 cliques, 0 implied integral variables (0 bin, 0 int, 0 cont)
presolved problem has 156 variables (136 bin, 0 int, 20 cont) and 3400 constraints
   3400 constraints of type <linear>
Presolving Time: 0.71

 time | node  | left  |LP iter|LP it/n|mem/heur|mdpt |vars |cons |rows |cuts |sepa|confs|strbr|  dualbound   | primalbound  |  gap   | compl. 
t 0.7s|     1 |     0 |     0 |     - | trivial|   0 | 156 |3400 |   0 |   0 |  0 |   0 |   0 | 2.460000e+02 |-1.354000e+03 |    Inf | unknown
p 0.9s|     1 |     0 |    20 |     - |   locks|   0 | 156 |3400 |3400 |   0 |  0 |   0 |   0 | 2.460000e+02 |-4.631654e+02 |    Inf | unknown
* 1.0s|     1 |     0 |   357 |     - |    LP  |   0 | 156 |3400 |3400 |   0 |  0 |   0 |   0 |-2.391654e+02 |-2.391654e+02 |   0.00%| unknown
  1.0s|     1 |     0 |   357 |     - |   232M |   0 | 156 |3400 |3400 |   0 |  0 |   0 |   0 |-2.391654e+02 |-2.391654e+02 |   0.00%| unknown

SCIP Status        : problem is solved [optimal solution found]
Solving Time (sec) : 0.98
Solving Nodes      : 1
Primal Bound       : -2.39165441176471e+02 (4 solutions)
Dual Bound         : -2.39165441176471e+02
Gap                : 0.00 %
feasible solution found by trivial heuristic after 0.0 seconds, objective value 0.000000e+00
presolving:
   (0.0s) symmetry computation started: requiring (bin +, int +, cont +), (fixed: bin -, int -, cont -)
   (0.0s) symmetry computation finished: 19 generators found (max: 1500, log10 of symmetry group size: 18.39) (symcode time: 0.00)
dynamic symmetry handling statistics:
   orbitopal reduction:       no components
   orbital reduction:         no components
   lexicographic reduction:   no permutations
handled 1 out of 1 symmetry components
presolving (0 rounds: 0 fast, 0 medium, 0 exhaustive):
 0 deleted vars, 0 deleted constraints, 0 added constraints, 0 tightened bounds, 0 added holes, 0 changed sides, 0 changed coefficients
 0 implications, 0 cliques, 0 implied integral variables (0 bin, 0 int, 0 cont)
presolved problem has 156 variables (136 bin, 0 int, 20 cont) and 1379 constraints
   1379 constraints of type <linear>
Presolving Time: 0.00
transformed 2/2 original solutions to the transformed problem space

 time | node  | left  |LP iter|LP it/n|mem/heur|mdpt |vars |cons |rows |cuts |sepa|confs|strbr|  dualbound   | primalbound  |  gap   | compl. 
t 0.0s|     1 |     0 |     0 |     - | trivial|   0 | 156 |1360 |   0 |   0 |  0 |   0 |   0 | 2.460000e+02 | 6.000000e+00 |4000.00%| unknown
i 0.0s|     1 |     0 |     0 |     - |  oneopt|   0 | 156 |1360 |1360 |   0 |  0 |   0 |   0 | 2.460000e+02 | 2.180000e+02 |  12.84%| unknown
* 0.0s|     1 |     0 |    24 |     - |    LP  |   0 | 156 |1360 |1360 |   0 |  0 |   0 |   0 | 2.340000e+02 | 2.340000e+02 |   0.00%| unknown
  0.0s|     1 |     0 |    24 |     - |  7327k |   0 | 156 |1360 |1360 |   0 |  0 |   0 |   0 | 2.340000e+02 | 2.340000e+02 |   0.00%| unknown

SCIP Status        : problem is solved [optimal solution found]
Solving Time (sec) : 0.01
Solving Nodes      : 1
Primal Bound       : +2.34000000000000e+02 (5 solutions)
Dual Bound         : +2.34000000000000e+02
Gap                : 0.00 %
  [linear] <c1361>: <x137>[C] (+0) -0.591911765<x1>[B] (+0) -0.591911765<x2>[B] (+1) -0.591911765<x3>[B] (+0) -0.591911765<x4>[B] (+0) -0.591911765<x5>[B] (+0) -0.591911765<x6>[B] (+1) -0.591911765<x7>[B] (+0) -0.591911765<x8>[B] (+1) -0.591911765<x9>[B] (+0) -0.591911765<x10>[B] (+1) -0.591911765<x11>[B] (+1) +0.591911765<x12>[B] (+0) -0.591911765<x13>[B] (+0) -0.591911765<x14>[B] (+0) -0.591911765<x15>[B] (+1) -0.591911765<x16>[B] (+1) -0.591911765<x17>[B] (+1) +0.591911765<x18>[B] (+0) +0.591911765<x19>[B] (+1) +0.591911765<x20>[B] (+1) +0.591911765<x21>[B] (+1) -0.591911765<x22>[B] (+1) +0.591911765<x23>[B] (+1) +0.591911765<x24>[B] (+1) -0.591911765<x25>[B] (+1) -0.591911765<x26>[B] (+1) +0.591911765<x27>[B] (+1) -0.591911765<x28>[B] (+1) -0.591911765<x29>[B] (+1) -0.591911765<x30>[B] (+1) -0.591911765<x31>[B] (+1) +0.591911765<x32>[B] (+0) +0.591911765<x33>[B] (+0) +0.591911765<x34>[B] (+0) +0.591911765<x35>[B] (+0) -0.591911765<x36>[B] (+0) +0.591911765<x37>[B] (+0) +0.591911765<x38>[B] (+0) +0.591911765<x39>[B] (+0) -0.591911765<x40>[B] (+0) +0.591911765<x41>[B] (+0) +0.591911765<x42>[B] (+0) -0.591911765<x43>[B] (+0) +0.591911765<x44>[B] (+0) -0.591911765<x45>[B] (+0) -0.591911765<x46>[B] (+1) +0.591911765<x47>[B] (+1) -0.591911765<x48>[B] (+1) -0.591911765<x49>[B] (+1) -0.591911765<x50>[B] (+1) -0.591911765<x51>[B] (+1) -0.591911765<x52>[B] (+1) -0.591911765<x53>[B] (+1) +0.591911765<x54>[B] (+1) -0.591911765<x55>[B] (+1) -0.591911765<x56>[B] (+1) -0.591911765<x57>[B] (+1) -0.591911765<x58>[B] (+1) +0.591911765<x59>[B] (+0) +0.591911765<x60>[B] (+1) -0.591911765<x61>[B] (+0) +0.591911765<x62>[B] (+1) -0.591911765<x63>[B] (+0) -0.591911765<x64>[B] (+1) -0.591911765<x65>[B] (+1) +0.591911765<x66>[B] (+0) -0.591911765<x67>[B] (+0) -0.591911765<x68>[B] (+0) -0.591911765<x69>[B] (+1) -0.591911765<x70>[B] (+1) -0.591911765<x71>[B] (+1) -0.591911765<x72>[B] (+0) -0.591911765<x73>[B] (+1) -0.591911765<x74>[B] (+0) -0.591911765<x75>[B] (+1) -0.591911765<x76>[B] (+1) +0.591911765<x77>[B] (+0) -0.591911765<x78>[B] (+0) -0.591911765<x79>[B] (+0) -0.591911765<x80>[B] (+1) -0.591911765<x81>[B] (+1) -0.591911765<x82>[B] (+0) +0.591911765<x83>[B] (+0) -0.591911765<x84>[B] (+0) -0.591911765<x85>[B] (+1) -0.591911765<x86>[B] (+0) +0.591911765<x87>[B] (+0) -0.591911765<x88>[B] (+0) -0.591911765<x89>[B] (+0) -0.591911765<x90>[B] (+1) -0.591911765<x91>[B] (+1) +0.591911765<x92>[B] (+1) +0.591911765<x93>[B] (+0) +0.591911765<x94>[B] (+1) +0.591911765<x95>[B] (+1) +0.591911765<x96>[B] (+1) +0.591911765<x97>[B] (+1) +0.591911765<x98>[B] (+1) +0.591911765<x99>[B] (+1) -0.591911765<x100>[B] (+1) -0.591911765<x101>[B] (+0) -0.591911765<x102>[B] (+1) -0.591911765<x103>[B] (+0) +0.591911765<x104>[B] (+0) -0.591911765<x105>[B] (+0) -0.591911765<x106>[B] (+0) -0.591911765<x107>[B] (+1) -0.591911765<x108>[B] (+1) -0.591911765<x109>[B] (+1) -0.591911765<x110>[B] (+1) +0.591911765<x111>[B] (+1) -0.591911765<x112>[B] (+1) -0.591911765<x113>[B] (+1) -0.591911765<x114>[B] (+1) -0.591911765<x115>[B] (+1) -0.591911765<x116>[B] (+0) +0.591911765<x117>[B] (+0) +0.591911765<x118>[B] (+0) -0.591911765<x119>[B] (+0) -0.591911765<x120>[B] (+0) -0.591911765<x121>[B] (+0) +0.591911765<x122>[B] (+0) +0.591911765<x123>[B] (+0) +0.591911765<x124>[B] (+0) +0.591911765<x125>[B] (+1) -0.591911765<x126>[B] (+1) -0.591911765<x127>[B] (+0) -0.591911765<x128>[B] (+0) -0.591911765<x129>[B] (+1) -0.591911765<x130>[B] (+1) -0.591911765<x131>[B] (+1) -0.591911765<x132>[B] (+1) -0.591911765<x133>[B] (+1) +0.591911765<x134>[B] (+1) -0.591911765<x135>[B] (+1) -0.591911765<x136>[B] (+1) >= 2.22058823529412;
;
violation: left hand side is violated by 24.1213235294118
  [linear] <c1361>: <x137>[C] (+0) -0.591911765<x1>[B] (+0) -0.591911765<x2>[B] (+1) -0.591911765<x3>[B] (+0) -0.591911765<x4>[B] (+0) -0.591911765<x5>[B] (+0) -0.591911765<x6>[B] (+1) -0.591911765<x7>[B] (+0) -0.591911765<x8>[B] (+1) -0.591911765<x9>[B] (+0) -0.591911765<x10>[B] (+1) -0.591911765<x11>[B] (+1) +0.591911765<x12>[B] (+1) -0.591911765<x13>[B] (+0) -0.591911765<x14>[B] (+1) -0.591911765<x15>[B] (+1) -0.591911765<x16>[B] (+1) -0.591911765<x17>[B] (+1) +0.591911765<x18>[B] (+0) +0.591911765<x19>[B] (+1) +0.591911765<x20>[B] (+1) +0.591911765<x21>[B] (+1) -0.591911765<x22>[B] (+1) +0.591911765<x23>[B] (+1) +0.591911765<x24>[B] (+1) -0.591911765<x25>[B] (+1) -0.591911765<x26>[B] (+1) +0.591911765<x27>[B] (+1) -0.591911765<x28>[B] (+1) -0.591911765<x29>[B] (+1) -0.591911765<x30>[B] (+1) -0.591911765<x31>[B] (+1) +0.591911765<x32>[B] (+0) +0.591911765<x33>[B] (+0) +0.591911765<x34>[B] (+0) +0.591911765<x35>[B] (+0) -0.591911765<x36>[B] (+0) +0.591911765<x37>[B] (+0) +0.591911765<x38>[B] (+0) +0.591911765<x39>[B] (+0) -0.591911765<x40>[B] (+1) +0.591911765<x41>[B] (+0) +0.591911765<x42>[B] (+0) -0.591911765<x43>[B] (+0) +0.591911765<x44>[B] (+1) -0.591911765<x45>[B] (+1) -0.591911765<x46>[B] (+1) +0.591911765<x47>[B] (+1) -0.591911765<x48>[B] (+1) -0.591911765<x49>[B] (+1) -0.591911765<x50>[B] (+1) -0.591911765<x51>[B] (+1) -0.591911765<x52>[B] (+1) -0.591911765<x53>[B] (+1) +0.591911765<x54>[B] (+1) -0.591911765<x55>[B] (+1) -0.591911765<x56>[B] (+1) -0.591911765<x57>[B] (+1) -0.591911765<x58>[B] (+1) +0.591911765<x59>[B] (+0) +0.591911765<x60>[B] (+1) -0.591911765<x61>[B] (+0) +0.591911765<x62>[B] (+1) -0.591911765<x63>[B] (+0) -0.591911765<x64>[B] (+1) -0.591911765<x65>[B] (+1) +0.591911765<x66>[B] (+1) -0.591911765<x67>[B] (+0) -0.591911765<x68>[B] (+1) -0.591911765<x69>[B] (+1) -0.591911765<x70>[B] (+1) -0.591911765<x71>[B] (+1) -0.591911765<x72>[B] (+1) -0.591911765<x73>[B] (+1) -0.591911765<x74>[B] (+0) -0.591911765<x75>[B] (+1) -0.591911765<x76>[B] (+1) +0.591911765<x77>[B] (+1) -0.591911765<x78>[B] (+1) -0.591911765<x79>[B] (+1) -0.591911765<x80>[B] (+1) -0.591911765<x81>[B] (+1) -0.591911765<x82>[B] (+0) +0.591911765<x83>[B] (+0) -0.591911765<x84>[B] (+0) -0.591911765<x85>[B] (+1) -0.591911765<x86>[B] (+1) +0.591911765<x87>[B] (+0) -0.591911765<x88>[B] (+0) -0.591911765<x89>[B] (+0) -0.591911765<x90>[B] (+1) -0.591911765<x91>[B] (+1) +0.591911765<x92>[B] (+1) +0.591911765<x93>[B] (+0) +0.591911765<x94>[B] (+1) +0.591911765<x95>[B] (+1) +0.591911765<x96>[B] (+1) +0.591911765<x97>[B] (+1) +0.591911765<x98>[B] (+1) +0.591911765<x99>[B] (+1) -0.591911765<x100>[B] (+1) -0.591911765<x101>[B] (+0) -0.591911765<x102>[B] (+1) -0.591911765<x103>[B] (+1) +0.591911765<x104>[B] (+0) -0.591911765<x105>[B] (+0) -0.591911765<x106>[B] (+0) -0.591911765<x107>[B] (+1) -0.591911765<x108>[B] (+1) -0.591911765<x109>[B] (+1) -0.591911765<x110>[B] (+1) +0.591911765<x111>[B] (+1) -0.591911765<x112>[B] (+1) -0.591911765<x113>[B] (+1) -0.591911765<x114>[B] (+1) -0.591911765<x115>[B] (+1) -0.591911765<x116>[B] (+1) +0.591911765<x117>[B] (+0) +0.591911765<x118>[B] (+0) -0.591911765<x119>[B] (+0) -0.591911765<x120>[B] (+1) -0.591911765<x121>[B] (+1) +0.591911765<x122>[B] (+0) +0.591911765<x123>[B] (+0) +0.591911765<x124>[B] (+0) +0.591911765<x125>[B] (+1) -0.591911765<x126>[B] (+1) -0.591911765<x127>[B] (+0) -0.591911765<x128>[B] (+0) -0.591911765<x129>[B] (+1) -0.591911765<x130>[B] (+1) -0.591911765<x131>[B] (+1) -0.591911765<x132>[B] (+1) -0.591911765<x133>[B] (+1) +0.591911765<x134>[B] (+1) -0.591911765<x135>[B] (+1) -0.591911765<x136>[B] (+1) >= 2.22058823529412;
;
violation: left hand side is violated by 28.8566176470589
  [linear] <c1361>: <x137>[C] (+0) -0.591911765<x1>[B] (+1) -0.591911765<x2>[B] (+1) -0.591911765<x3>[B] (+1) -0.591911765<x4>[B] (+1) -0.591911765<x5>[B] (+1) -0.591911765<x6>[B] (+1) -0.591911765<x7>[B] (+1) -0.591911765<x8>[B] (+1) -0.591911765<x9>[B] (+1) -0.591911765<x10>[B] (+1) -0.591911765<x11>[B] (+1) +0.591911765<x12>[B] (+1) -0.591911765<x13>[B] (+1) -0.591911765<x14>[B] (+1) -0.591911765<x15>[B] (+1) -0.591911765<x16>[B] (+1) -0.591911765<x17>[B] (+1) +0.591911765<x18>[B] (+1) +0.591911765<x19>[B] (+1) +0.591911765<x20>[B] (+1) +0.591911765<x21>[B] (+1) -0.591911765<x22>[B] (+1) +0.591911765<x23>[B] (+1) +0.591911765<x24>[B] (+1) -0.591911765<x25>[B] (+1) -0.591911765<x26>[B] (+1) +0.591911765<x27>[B] (+1) -0.591911765<x28>[B] (+1) -0.591911765<x29>[B] (+1) -0.591911765<x30>[B] (+1) -0.591911765<x31>[B] (+1) +0.591911765<x32>[B] (+1) +0.591911765<x33>[B] (+1) +0.591911765<x34>[B] (+1) +0.591911765<x35>[B] (+1) -0.591911765<x36>[B] (+1) +0.591911765<x37>[B] (+1) +0.591911765<x38>[B] (+1) +0.591911765<x39>[B] (+1) -0.591911765<x40>[B] (+1) +0.591911765<x41>[B] (+1) +0.591911765<x42>[B] (+1) -0.591911765<x43>[B] (+1) +0.591911765<x44>[B] (+1) -0.591911765<x45>[B] (+1) -0.591911765<x46>[B] (+1) +0.591911765<x47>[B] (+1) -0.591911765<x48>[B] (+1) -0.591911765<x49>[B] (+1) -0.591911765<x50>[B] (+1) -0.591911765<x51>[B] (+1) -0.591911765<x52>[B] (+1) -0.591911765<x53>[B] (+1) +0.591911765<x54>[B] (+1) -0.591911765<x55>[B] (+1) -0.591911765<x56>[B] (+1) -0.591911765<x57>[B] (+1) -0.591911765<x58>[B] (+1) +0.591911765<x59>[B] (+1) +0.591911765<x60>[B] (+1) -0.591911765<x61>[B] (+1) +0.591911765<x62>[B] (+1) -0.591911765<x63>[B] (+1) -0.591911765<x64>[B] (+1) -0.591911765<x65>[B] (+1) +0.591911765<x66>[B] (+1) -0.591911765<x67>[B] (+1) -0.591911765<x68>[B] (+1) -0.591911765<x69>[B] (+1) -0.591911765<x70>[B] (+1) -0.591911765<x71>[B] (+1) -0.591911765<x72>[B] (+1) -0.591911765<x73>[B] (+1) -0.591911765<x74>[B] (+1) -0.591911765<x75>[B] (+1) -0.591911765<x76>[B] (+1) +0.591911765<x77>[B] (+1) -0.591911765<x78>[B] (+1) -0.591911765<x79>[B] (+1) -0.591911765<x80>[B] (+1) -0.591911765<x81>[B] (+1) -0.591911765<x82>[B] (+1) +0.591911765<x83>[B] (+1) -0.591911765<x84>[B] (+1) -0.591911765<x85>[B] (+1) -0.591911765<x86>[B] (+1) +0.591911765<x87>[B] (+1) -0.591911765<x88>[B] (+1) -0.591911765<x89>[B] (+1) -0.591911765<x90>[B] (+1) -0.591911765<x91>[B] (+1) +0.591911765<x92>[B] (+1) +0.591911765<x93>[B] (+1) +0.591911765<x94>[B] (+1) +0.591911765<x95>[B] (+1) +0.591911765<x96>[B] (+1) +0.591911765<x97>[B] (+1) +0.591911765<x98>[B] (+1) +0.591911765<x99>[B] (+1) -0.591911765<x100>[B] (+1) -0.591911765<x101>[B] (+1) -0.591911765<x102>[B] (+1) -0.591911765<x103>[B] (+1) +0.591911765<x104>[B] (+1) -0.591911765<x105>[B] (+1) -0.591911765<x106>[B] (+1) -0.591911765<x107>[B] (+1) -0.591911765<x108>[B] (+1) -0.591911765<x109>[B] (+1) -0.591911765<x110>[B] (+1) +0.591911765<x111>[B] (+1) -0.591911765<x112>[B] (+1) -0.591911765<x113>[B] (+1) -0.591911765<x114>[B] (+1) -0.591911765<x115>[B] (+1) -0.591911765<x116>[B] (+1) +0.591911765<x117>[B] (+1) +0.591911765<x118>[B] (+1) -0.591911765<x119>[B] (+1) -0.591911765<x120>[B] (+1) -0.591911765<x121>[B] (+1) +0.591911765<x122>[B] (+1) +0.591911765<x123>[B] (+1) +0.591911765<x124>[B] (+1) +0.591911765<x125>[B] (+1) -0.591911765<x126>[B] (+1) -0.591911765<x127>[B] (+1) -0.591911765<x128>[B] (+1) -0.591911765<x129>[B] (+1) -0.591911765<x130>[B] (+1) -0.591911765<x131>[B] (+1) -0.591911765<x132>[B] (+1) -0.591911765<x133>[B] (+1) +0.591911765<x134>[B] (+1) -0.591911765<x135>[B] (+1) -0.591911765<x136>[B] (+1) >= 2.22058823529412;
;
violation: left hand side is violated by 30.6323529411765
  [linear] <c1361>: <x137>[C] (+0) -0.591911765<x1>[B] (+0) -0.591911765<x2>[B] (+0) -0.591911765<x3>[B] (+0) -0.591911765<x4>[B] (+0) -0.591911765<x5>[B] (+0) -0.591911765<x6>[B] (+0) -0.591911765<x7>[B] (+0) -0.591911765<x8>[B] (+0) -0.591911765<x9>[B] (+0) -0.591911765<x10>[B] (+0) -0.591911765<x11>[B] (+0) +0.591911765<x12>[B] (+0) -0.591911765<x13>[B] (+0) -0.591911765<x14>[B] (+0) -0.591911765<x15>[B] (+0) -0.591911765<x16>[B] (+0) -0.591911765<x17>[B] (+0) +0.591911765<x18>[B] (+0) +0.591911765<x19>[B] (+0) +0.591911765<x20>[B] (+0) +0.591911765<x21>[B] (+0) -0.591911765<x22>[B] (+0) +0.591911765<x23>[B] (+0) +0.591911765<x24>[B] (+0) -0.591911765<x25>[B] (+0) -0.591911765<x26>[B] (+0) +0.591911765<x27>[B] (+0) -0.591911765<x28>[B] (+0) -0.591911765<x29>[B] (+0) -0.591911765<x30>[B] (+0) -0.591911765<x31>[B] (+0) +0.591911765<x32>[B] (+0) +0.591911765<x33>[B] (+0) +0.591911765<x34>[B] (+0) +0.591911765<x35>[B] (+0) -0.591911765<x36>[B] (+0) +0.591911765<x37>[B] (+0) +0.591911765<x38>[B] (+0) +0.591911765<x39>[B] (+0) -0.591911765<x40>[B] (+0) +0.591911765<x41>[B] (+0) +0.591911765<x42>[B] (+0) -0.591911765<x43>[B] (+0) +0.591911765<x44>[B] (+0) -0.591911765<x45>[B] (+0) -0.591911765<x46>[B] (+0) +0.591911765<x47>[B] (+0) -0.591911765<x48>[B] (+0) -0.591911765<x49>[B] (+0) -0.591911765<x50>[B] (+0) -0.591911765<x51>[B] (+0) -0.591911765<x52>[B] (+0) -0.591911765<x53>[B] (+0) +0.591911765<x54>[B] (+0) -0.591911765<x55>[B] (+0) -0.591911765<x56>[B] (+0) -0.591911765<x57>[B] (+0) -0.591911765<x58>[B] (+0) +0.591911765<x59>[B] (+0) +0.591911765<x60>[B] (+0) -0.591911765<x61>[B] (+0) +0.591911765<x62>[B] (+0) -0.591911765<x63>[B] (+0) -0.591911765<x64>[B] (+0) -0.591911765<x65>[B] (+0) +0.591911765<x66>[B] (+0) -0.591911765<x67>[B] (+0) -0.591911765<x68>[B] (+0) -0.591911765<x69>[B] (+0) -0.591911765<x70>[B] (+0) -0.591911765<x71>[B] (+0) -0.591911765<x72>[B] (+0) -0.591911765<x73>[B] (+0) -0.591911765<x74>[B] (+0) -0.591911765<x75>[B] (+0) -0.591911765<x76>[B] (+0) +0.591911765<x77>[B] (+0) -0.591911765<x78>[B] (+0) -0.591911765<x79>[B] (+0) -0.591911765<x80>[B] (+0) -0.591911765<x81>[B] (+0) -0.591911765<x82>[B] (+0) +0.591911765<x83>[B] (+0) -0.591911765<x84>[B] (+0) -0.591911765<x85>[B] (+0) -0.591911765<x86>[B] (+0) +0.591911765<x87>[B] (+0) -0.591911765<x88>[B] (+0) -0.591911765<x89>[B] (+0) -0.591911765<x90>[B] (+0) -0.591911765<x91>[B] (+0) +0.591911765<x92>[B] (+0) +0.591911765<x93>[B] (+0) +0.591911765<x94>[B] (+0) +0.591911765<x95>[B] (+0) +0.591911765<x96>[B] (+0) +0.591911765<x97>[B] (+0) +0.591911765<x98>[B] (+0) +0.591911765<x99>[B] (+0) -0.591911765<x100>[B] (+0) -0.591911765<x101>[B] (+0) -0.591911765<x102>[B] (+0) -0.591911765<x103>[B] (+0) +0.591911765<x104>[B] (+0) -0.591911765<x105>[B] (+0) -0.591911765<x106>[B] (+0) -0.591911765<x107>[B] (+0) -0.591911765<x108>[B] (+0) -0.591911765<x109>[B] (+0) -0.591911765<x110>[B] (+0) +0.591911765<x111>[B] (+0) -0.591911765<x112>[B] (+0) -0.591911765<x113>[B] (+0) -0.591911765<x114>[B] (+0) -0.591911765<x115>[B] (+0) -0.591911765<x116>[B] (+0) +0.591911765<x117>[B] (+0) +0.591911765<x118>[B] (+0) -0.591911765<x119>[B] (+0) -0.591911765<x120>[B] (+0) -0.591911765<x121>[B] (+0) +0.591911765<x122>[B] (+0) +0.591911765<x123>[B] (+0) +0.591911765<x124>[B] (+0) +0.591911765<x125>[B] (+0) -0.591911765<x126>[B] (+0) -0.591911765<x127>[B] (+0) -0.591911765<x128>[B] (+0) -0.591911765<x129>[B] (+0) -0.591911765<x130>[B] (+0) -0.591911765<x131>[B] (+0) -0.591911765<x132>[B] (+0) -0.591911765<x133>[B] (+0) +0.591911765<x134>[B] (+0) -0.591911765<x135>[B] (+0) -0.591911765<x136>[B] (+0) >= 2.22058823529412;
;
violation: left hand side is violated by 2.22058823529412
1/5 feasible solution given by solution candidate storage, new primal bound -1.999994e+06

presolving:
   (0.0s) symmetry computation started: requiring (bin +, int +, cont +), (fixed: bin -, int -, cont -)
   (0.0s) no symmetry present (symcode time: 0.00)
presolving (0 rounds: 0 fast, 0 medium, 0 exhaustive):
 0 deleted vars, 0 deleted constraints, 0 added constraints, 0 tightened bounds, 0 added holes, 0 changed sides, 0 changed coefficients
 0 implications, 0 cliques, 0 implied integral variables (0 bin, 0 int, 0 cont)
presolved problem has 156 variables (136 bin, 0 int, 20 cont) and 1380 constraints
   1380 constraints of type <linear>
Presolving Time: 0.00
transformed 1/1 original solutions to the transformed problem space

 time | node  | left  |LP iter|LP it/n|mem/heur|mdpt |vars |cons |rows |cuts |sepa|confs|strbr|  dualbound   | primalbound  |  gap   | compl. 
p 0.0s|     1 |     0 |     7 |     - |   locks|   0 | 156 |1380 |1380 |   0 |  0 |   0 |   0 | 2.460000e+02 |-4.291213e+02 |    Inf | unknown
* 0.0s|     1 |     0 |   112 |     - |    LP  |   0 | 156 |1380 |1380 |   0 |  0 |   0 |   0 |-2.374890e+02 |-2.374890e+02 |   0.00%| unknown
  0.0s|     1 |     0 |   112 |     - |  8675k |   0 | 156 |1380 |1380 |   0 |  0 |   0 |   0 |-2.374890e+02 |-2.374890e+02 |   0.00%| unknown

SCIP Status        : problem is solved [optimal solution found]
Solving Time (sec) : 0.01
Solving Nodes      : 1
Primal Bound       : -2.37488970588235e+02 (4 solutions)
Dual Bound         : -2.37488970588235e+02
Gap                : 0.00 %
  [linear] <c1381>: <x137>[C] (+22.9375) -0.577205882<x1>[B] (+0) -0.577205882<x2>[B] (+1) -0.577205882<x3>[B] (+0) -0.577205882<x4>[B] (+0) -0.577205882<x5>[B] (+0) -0.577205882<x6>[B] (+1) -0.577205882<x7>[B] (+0) -0.577205882<x8>[B] (+1) -0.577205882<x9>[B] (+0) -0.577205882<x10>[B] (+1) -0.577205882<x11>[B] (+1) +0.577205882<x12>[B] (+0) -0.577205882<x13>[B] (+0) -0.577205882<x14>[B] (+0) -0.577205882<x15>[B] (+0) -0.577205882<x16>[B] (+1) -0.577205882<x17>[B] (+1) +0.577205882<x18>[B] (+0) +0.577205882<x19>[B] (+1) +0.577205882<x20>[B] (+1) +0.577205882<x21>[B] (+1) -0.577205882<x22>[B] (+1) +0.577205882<x23>[B] (+1) +0.577205882<x24>[B] (+1) -0.577205882<x25>[B] (+1) -0.577205882<x26>[B] (+1) +0.577205882<x27>[B] (+1) -0.577205882<x28>[B] (+0) -0.577205882<x29>[B] (+1) -0.577205882<x30>[B] (+1) -0.577205882<x31>[B] (+1) +0.577205882<x32>[B] (+0) +0.577205882<x33>[B] (+0) +0.577205882<x34>[B] (+0) +0.577205882<x35>[B] (+0) -0.577205882<x36>[B] (+0) +0.577205882<x37>[B] (+0) +0.577205882<x38>[B] (+0) +0.577205882<x39>[B] (+0) -0.577205882<x40>[B] (+0) +0.577205882<x41>[B] (+0) +0.577205882<x42>[B] (+0) -0.577205882<x43>[B] (+0) +0.577205882<x44>[B] (+0) -0.577205882<x45>[B] (+0) -0.577205882<x46>[B] (+1) +0.577205882<x47>[B] (+1) -0.577205882<x48>[B] (+1) -0.577205882<x49>[B] (+1) -0.577205882<x50>[B] (+1) -0.577205882<x51>[B] (+1) -0.577205882<x52>[B] (+1) -0.577205882<x53>[B] (+1) +0.577205882<x54>[B] (+1) -0.577205882<x55>[B] (+0) -0.577205882<x56>[B] (+1) -0.577205882<x57>[B] (+1) -0.577205882<x58>[B] (+1) +0.577205882<x59>[B] (+0) +0.577205882<x60>[B] (+1) -0.577205882<x61>[B] (+0) +0.577205882<x62>[B] (+1) -0.577205882<x63>[B] (+0) -0.577205882<x64>[B] (+1) -0.577205882<x65>[B] (+1) +0.577205882<x66>[B] (+0) -0.577205882<x67>[B] (+0) -0.577205882<x68>[B] (+0) -0.577205882<x69>[B] (+0) -0.577205882<x70>[B] (+1) -0.577205882<x71>[B] (+1) -0.577205882<x72>[B] (+1) -0.577205882<x73>[B] (+1) -0.577205882<x74>[B] (+0) -0.577205882<x75>[B] (+1) -0.577205882<x76>[B] (+1) +0.577205882<x77>[B] (+0) -0.577205882<x78>[B] (+0) -0.577205882<x79>[B] (+0) -0.577205882<x80>[B] (+1) -0.577205882<x81>[B] (+1) -0.577205882<x82>[B] (+0) +0.577205882<x83>[B] (+0) -0.577205882<x84>[B] (+0) -0.577205882<x85>[B] (+1) -0.577205882<x86>[B] (+0) +0.577205882<x87>[B] (+0) -0.577205882<x88>[B] (+0) -0.577205882<x89>[B] (+0) -0.577205882<x90>[B] (+0) -0.577205882<x91>[B] (+1) +0.577205882<x92>[B] (+1) +0.577205882<x93>[B] (+0) +0.577205882<x94>[B] (+1) +0.577205882<x95>[B] (+1) +0.577205882<x96>[B] (+0) +0.577205882<x97>[B] (+0) +0.577205882<x98>[B] (+0) +0.577205882<x99>[B] (+1) -0.577205882<x100>[B] (+1) -0.577205882<x101>[B] (+0) -0.577205882<x102>[B] (+1) -0.577205882<x103>[B] (+0) +0.577205882<x104>[B] (+0) -0.577205882<x105>[B] (+0) -0.577205882<x106>[B] (+0) -0.577205882<x107>[B] (+0) -0.577205882<x108>[B] (+1) -0.577205882<x109>[B] (+1) -0.577205882<x110>[B] (+1) +0.577205882<x111>[B] (+1) -0.577205882<x112>[B] (+0) -0.577205882<x113>[B] (+1) -0.577205882<x114>[B] (+1) -0.577205882<x115>[B] (+1) -0.577205882<x116>[B] (+0) +0.577205882<x117>[B] (+0) +0.577205882<x118>[B] (+0) -0.577205882<x119>[B] (+0) -0.577205882<x120>[B] (+0) -0.577205882<x121>[B] (+0) +0.577205882<x122>[B] (+0) +0.577205882<x123>[B] (+0) +0.577205882<x124>[B] (+0) +0.577205882<x125>[B] (+0) -0.577205882<x126>[B] (+1) -0.577205882<x127>[B] (+0) -0.577205882<x128>[B] (+0) -0.577205882<x129>[B] (+1) -0.577205882<x130>[B] (+1) -0.577205882<x131>[B] (+1) -0.577205882<x132>[B] (+1) -0.577205882<x133>[B] (+1) +0.577205882<x134>[B] (+1) -0.577205882<x135>[B] (+1) -0.577205882<x136>[B] (+1) >= 2.74264705882353;
;
violation: left hand side is violated by 0.00735294117647278
  [linear] <c1381>: <x137>[C] (+17.6102941) -0.577205882<x1>[B] (+1) -0.577205882<x2>[B] (+0) -0.577205882<x3>[B] (+1) -0.577205882<x4>[B] (+1) -0.577205882<x5>[B] (+1) -0.577205882<x6>[B] (+0) -0.577205882<x7>[B] (+1) -0.577205882<x8>[B] (+0) -0.577205882<x9>[B] (+1) -0.577205882<x10>[B] (+0) -0.577205882<x11>[B] (+0) +0.577205882<x12>[B] (+1) -0.577205882<x13>[B] (+1) -0.577205882<x14>[B] (+1) -0.577205882<x15>[B] (+1) -0.577205882<x16>[B] (+1) -0.577205882<x17>[B] (+0) +0.577205882<x18>[B] (+0) +0.577205882<x19>[B] (+0) +0.577205882<x20>[B] (+0) +0.577205882<x21>[B] (+0) -0.577205882<x22>[B] (+0) +0.577205882<x23>[B] (+0) +0.577205882<x24>[B] (+0) -0.577205882<x25>[B] (+0) -0.577205882<x26>[B] (+0) +0.577205882<x27>[B] (+0) -0.577205882<x28>[B] (+0) -0.577205882<x29>[B] (+0) -0.577205882<x30>[B] (+0) -0.577205882<x31>[B] (+0) +0.577205882<x32>[B] (+1) +0.577205882<x33>[B] (+1) +0.577205882<x34>[B] (+1) +0.577205882<x35>[B] (+1) -0.577205882<x36>[B] (+1) +0.577205882<x37>[B] (+1) +0.577205882<x38>[B] (+1) +0.577205882<x39>[B] (+1) -0.577205882<x40>[B] (+1) +0.577205882<x41>[B] (+1) +0.577205882<x42>[B] (+1) -0.577205882<x43>[B] (+1) +0.577205882<x44>[B] (+1) -0.577205882<x45>[B] (+1) -0.577205882<x46>[B] (+0) +0.577205882<x47>[B] (+0) -0.577205882<x48>[B] (+0) -0.577205882<x49>[B] (+1) -0.577205882<x50>[B] (+0) -0.577205882<x51>[B] (+1) -0.577205882<x52>[B] (+0) -0.577205882<x53>[B] (+0) +0.577205882<x54>[B] (+0) -0.577205882<x55>[B] (+1) -0.577205882<x56>[B] (+0) -0.577205882<x57>[B] (+0) -0.577205882<x58>[B] (+0) +0.577205882<x59>[B] (+1) +0.577205882<x60>[B] (+0) -0.577205882<x61>[B] (+1) +0.577205882<x62>[B] (+0) -0.577205882<x63>[B] (+1) -0.577205882<x64>[B] (+0) -0.577205882<x65>[B] (+0) +0.577205882<x66>[B] (+0) -0.577205882<x67>[B] (+1) -0.577205882<x68>[B] (+1) -0.577205882<x69>[B] (+1) -0.577205882<x70>[B] (+0) -0.577205882<x71>[B] (+0) -0.577205882<x72>[B] (+1) -0.577205882<x73>[B] (+0) -0.577205882<x74>[B] (+1) -0.577205882<x75>[B] (+0) -0.577205882<x76>[B] (+0) +0.577205882<x77>[B] (+0) -0.577205882<x78>[B] (+1) -0.577205882<x79>[B] (+1) -0.577205882<x80>[B] (+0) -0.577205882<x81>[B] (+0) -0.577205882<x82>[B] (+1) +0.577205882<x83>[B] (+1) -0.577205882<x84>[B] (+1) -0.577205882<x85>[B] (+0) -0.577205882<x86>[B] (+1) +0.577205882<x87>[B] (+1) -0.577205882<x88>[B] (+1) -0.577205882<x89>[B] (+1) -0.577205882<x90>[B] (+1) -0.577205882<x91>[B] (+1) +0.577205882<x92>[B] (+0) +0.577205882<x93>[B] (+1) +0.577205882<x94>[B] (+0) +0.577205882<x95>[B] (+0) +0.577205882<x96>[B] (+0) +0.577205882<x97>[B] (+0) +0.577205882<x98>[B] (+0) +0.577205882<x99>[B] (+0) -0.577205882<x100>[B] (+0) -0.577205882<x101>[B] (+1) -0.577205882<x102>[B] (+0) -0.577205882<x103>[B] (+1) +0.577205882<x104>[B] (+1) -0.577205882<x105>[B] (+1) -0.577205882<x106>[B] (+1) -0.577205882<x107>[B] (+1) -0.577205882<x108>[B] (+1) -0.577205882<x109>[B] (+0) -0.577205882<x110>[B] (+0) +0.577205882<x111>[B] (+0) -0.577205882<x112>[B] (+0) -0.577205882<x113>[B] (+0) -0.577205882<x114>[B] (+0) -0.577205882<x115>[B] (+0) -0.577205882<x116>[B] (+1) +0.577205882<x117>[B] (+1) +0.577205882<x118>[B] (+1) -0.577205882<x119>[B] (+1) -0.577205882<x120>[B] (+1) -0.577205882<x121>[B] (+1) +0.577205882<x122>[B] (+1) +0.577205882<x123>[B] (+1) +0.577205882<x124>[B] (+1) +0.577205882<x125>[B] (+1) -0.577205882<x126>[B] (+1) -0.577205882<x127>[B] (+1) -0.577205882<x128>[B] (+1) -0.577205882<x129>[B] (+1) -0.577205882<x130>[B] (+1) -0.577205882<x131>[B] (+0) -0.577205882<x132>[B] (+0) -0.577205882<x133>[B] (+0) +0.577205882<x134>[B] (+0) -0.577205882<x135>[B] (+0) -0.577205882<x136>[B] (+0) >= 2.74264705882353;
;
violation: left hand side is violated by 0.139705882352951
2/4 feasible solutions given by solution candidate storage, new primal bound -1.999994e+06

presolving:
   (0.0s) symmetry computation started: requiring (bin +, int +, cont +), (fixed: bin -, int -, cont -)
   (0.0s) no symmetry present (symcode time: 0.00)
presolving (0 rounds: 0 fast, 0 medium, 0 exhaustive):
 0 deleted vars, 0 deleted constraints, 0 added constraints, 0 tightened bounds, 0 added holes, 0 changed sides, 0 changed coefficients
 0 implications, 0 cliques, 0 implied integral variables (0 bin, 0 int, 0 cont)
presolved problem has 156 variables (136 bin, 0 int, 20 cont) and 1398 constraints
   1398 constraints of type <linear>
Presolving Time: 0.00
transformed 2/2 original solutions to the transformed problem space

 time | node  | left  |LP iter|LP it/n|mem/heur|mdpt |vars |cons |rows |cuts |sepa|confs|strbr|  dualbound   | primalbound  |  gap   | compl. 
p 0.0s|     1 |     0 |     6 |     - |   locks|   0 | 156 |1398 |1398 |   0 |  0 |   0 |   0 | 2.460000e+02 |-4.332978e+02 |    Inf | unknown
  0.0s|     1 |     0 |   170 |     - |  9831k |   0 | 156 |1398 |1398 |   0 |  0 |   0 |   0 |-2.388676e+02 |-4.332978e+02 |  81.40%| unknown
r 0.0s|     1 |     0 |   170 |     - |shifting|   0 | 156 |1398 |1398 |   0 |  0 |   0 |   0 |-2.388676e+02 |-2.648779e+02 |  10.89%| unknown
  0.0s|     1 |     0 |   176 |     - |    10M |   0 | 156 |1398 |1399 |   1 |  1 |   0 |   0 |-2.388759e+02 |-2.648779e+02 |  10.89%| unknown
r 0.0s|     1 |     0 |   176 |     - |shifting|   0 | 156 |1398 |1399 |   1 |  1 |   0 |   0 |-2.388759e+02 |-2.489936e+02 |   4.24%| unknown
  0.0s|     1 |     0 |   176 |     - |    10M |   0 | 156 |1398 |1399 |   1 |  1 |   0 |   0 |-2.388759e+02 |-2.489936e+02 |   4.24%| unknown
  0.0s|     1 |     0 |   181 |     - |    10M |   0 | 156 |1398 |1400 |   2 |  2 |   0 |   0 |-2.388817e+02 |-2.489936e+02 |   4.23%| unknown
  0.1s|     1 |     0 |   186 |     - |    10M |   0 | 156 |1398 |1401 |   3 |  3 |   0 |   0 |-2.388869e+02 |-2.489936e+02 |   4.23%| unknown
  0.1s|     1 |     0 |   189 |     - |    10M |   0 | 156 |1398 |1402 |   4 |  4 |   0 |   0 |-2.388928e+02 |-2.489936e+02 |   4.23%| unknown
  0.1s|     1 |     0 |   191 |     - |    11M |   0 | 156 |1398 |1403 |   5 |  5 |   0 |   0 |-2.388998e+02 |-2.489936e+02 |   4.23%| unknown
  0.1s|     1 |     0 |   193 |     - |    11M |   0 | 156 |1398 |1404 |   6 |  6 |   0 |   0 |-2.389088e+02 |-2.489936e+02 |   4.22%| unknown
  0.1s|     1 |     0 |   197 |     - |    11M |   0 | 156 |1398 |1405 |   7 |  7 |   0 |   0 |-2.389154e+02 |-2.489936e+02 |   4.22%| unknown
d 0.1s|     1 |     0 |   197 |     - |farkasdi|   0 | 156 |1398 |1405 |   0 |  8 |   0 |   0 |-2.389154e+02 |-2.389154e+02 |   0.00%| unknown
  0.1s|     1 |     0 |   197 |     - |    11M |   0 | 156 |1398 |1405 |   7 |  8 |   0 |   0 |-2.389154e+02 |-2.389154e+02 |   0.00%| unknown

SCIP Status        : problem is solved [optimal solution found]
Solving Time (sec) : 0.14
Solving Nodes      : 1
Primal Bound       : -2.38915441176471e+02 (11 solutions)
Dual Bound         : -2.38915441176471e+02
Gap                : 0.00 %
  [linear] <c1399>: <x139>[C] (+22.3602941) +0.569852941<x1>[B] (+0) +0.569852941<x2>[B] (+1) +0.569852941<x3>[B] (+0) +0.569852941<x4>[B] (+0) +0.569852941<x5>[B] (+0) +0.569852941<x6>[B] (+1) +0.569852941<x7>[B] (+0) +0.569852941<x8>[B] (+1) +0.569852941<x9>[B] (+0) +0.569852941<x10>[B] (+1) +0.569852941<x11>[B] (+1) +0.569852941<x12>[B] (+1.58392714e-13) -0.569852941<x13>[B] (+0) +0.569852941<x14>[B] (+0) +0.569852941<x15>[B] (+1.58392714e-13) +0.569852941<x16>[B] (+1) -0.569852941<x17>[B] (+1) -0.569852941<x18>[B] (+0) -0.569852941<x19>[B] (+1) +0.569852941<x20>[B] (+1) -0.569852941<x21>[B] (+1) -0.569852941<x22>[B] (+1) +0.569852941<x23>[B] (+1) -0.569852941<x24>[B] (+1) -0.569852941<x25>[B] (+1) -0.569852941<x26>[B] (+1) +0.569852941<x27>[B] (+1) -0.569852941<x28>[B] (+1.58392714e-13) +0.569852941<x29>[B] (+1) +0.569852941<x30>[B] (+1) -0.569852941<x31>[B] (+1) +0.569852941<x32>[B] (+0) +0.569852941<x33>[B] (+0) +0.569852941<x34>[B] (+0) +0.569852941<x35>[B] (+0) +0.569852941<x36>[B] (+0) +0.569852941<x37>[B] (+0) +0.569852941<x38>[B] (+0) +0.569852941<x39>[B] (+0) +0.569852941<x40>[B] (+0) +0.569852941<x41>[B] (+0) -0.569852941<x42>[B] (+0) +0.569852941<x43>[B] (+0) +0.569852941<x44>[B] (+0) +0.569852941<x45>[B] (+0) -0.569852941<x46>[B] (+1) +0.569852941<x47>[B] (+1) -0.569852941<x48>[B] (+1) -0.569852941<x49>[B] (+1) +0.569852941<x50>[B] (+1) -0.569852941<x51>[B] (+1) -0.569852941<x52>[B] (+1) -0.569852941<x53>[B] (+1) +0.569852941<x54>[B] (+1) -0.569852941<x55>[B] (+1.58392714e-13) +0.569852941<x56>[B] (+1) +0.569852941<x57>[B] (+1) -0.569852941<x58>[B] (+1) +0.569852941<x59>[B] (+0) -0.569852941<x60>[B] (+1) -0.569852941<x61>[B] (+0) +0.569852941<x62>[B] (+1) -0.569852941<x63>[B] (+0) -0.569852941<x64>[B] (+1) +0.569852941<x65>[B] (+1) +0.569852941<x66>[B] (+1.58392714e-13) -0.569852941<x67>[B] (+0) +0.569852941<x68>[B] (+0) +0.569852941<x69>[B] (+1.58392714e-13) -0.569852941<x70>[B] (+1) -0.569852941<x71>[B] (+1) -0.569852941<x72>[B] (+1) -0.569852941<x73>[B] (+1) -0.569852941<x74>[B] (+0) -0.569852941<x75>[B] (+1) -0.569852941<x76>[B] (+1) -0.569852941<x77>[B] (+1.58392714e-13) -0.569852941<x78>[B] (+1.58392714e-13) +0.569852941<x79>[B] (+1) +0.569852941<x80>[B] (+1) -0.569852941<x81>[B] (+1) -0.569852941<x82>[B] (+0) +0.569852941<x83>[B] (+0) -0.569852941<x84>[B] (+0) -0.569852941<x85>[B] (+1) +0.569852941<x86>[B] (+0) +0.569852941<x87>[B] (+0) -0.569852941<x88>[B] (+0) +0.569852941<x89>[B] (+0) +0.569852941<x90>[B] (+1.58392714e-13) -0.569852941<x91>[B] (+1) +0.569852941<x92>[B] (+1) -0.569852941<x93>[B] (+0) -0.569852941<x94>[B] (+1) +0.569852941<x95>[B] (+1) +0.569852941<x96>[B] (+1.58392714e-13) -0.569852941<x97>[B] (+1.58392714e-13) +0.569852941<x98>[B] (+1) +0.569852941<x99>[B] (+1) -0.569852941<x100>[B] (+1) -0.569852941<x101>[B] (+0) -0.569852941<x102>[B] (+1) -0.569852941<x103>[B] (+0) -0.569852941<x104>[B] (+0) -0.569852941<x105>[B] (+0) +0.569852941<x106>[B] (+0) +0.569852941<x107>[B] (+1.58392714e-13) -0.569852941<x108>[B] (+1) -0.569852941<x109>[B] (+1) +0.569852941<x110>[B] (+1) +0.569852941<x111>[B] (+1) -0.569852941<x112>[B] (+1.58392714e-13) +0.569852941<x113>[B] (+1) +0.569852941<x114>[B] (+1) -0.569852941<x115>[B] (+1) +0.569852941<x116>[B] (+0) +0.569852941<x117>[B] (+0) -0.569852941<x118>[B] (+0) +0.569852941<x119>[B] (+0) +0.569852941<x120>[B] (+0) +0.569852941<x121>[B] (+0) +0.569852941<x122>[B] (+0) -0.569852941<x123>[B] (+0) +0.569852941<x124>[B] (+0) +0.569852941<x125>[B] (+1.58392714e-13) -0.569852941<x126>[B] (+1) -0.569852941<x127>[B] (+0) +0.569852941<x128>[B] (+1) +0.569852941<x129>[B] (+1) -0.569852941<x130>[B] (+1) +0.569852941<x131>[B] (+1) +0.569852941<x132>[B] (+1) +0.569852941<x133>[B] (+1) +0.569852941<x134>[B] (+1) -0.569852941<x135>[B] (+1) -0.569852941<x136>[B] (+1) >= 21.2279411764706;
;
violation: left hand side is violated by 0.00735294117647101
  [linear] <c1403>: <x146>[C] (+36.7205882) +0.716911765<x1>[B] (+0) -0.716911765<x2>[B] (+1) +0.716911765<x3>[B] (+0) +0.716911765<x4>[B] (+0) +0.716911765<x5>[B] (+0) +0.716911765<x6>[B] (+1) +0.716911765<x7>[B] (+0) -0.716911765<x8>[B] (+1) +0.716911765<x9>[B] (+0) +0.716911765<x10>[B] (+1) +0.716911765<x11>[B] (+1) +0.716911765<x12>[B] (+5.43775094e-14) +0.716911765<x13>[B] (+0) +0.716911765<x14>[B] (+0) -0.716911765<x15>[B] (+5.43775094e-14) +0.716911765<x16>[B] (+1) -0.716911765<x17>[B] (+1) +0.716911765<x18>[B] (+0) +0.716911765<x19>[B] (+1) +0.716911765<x20>[B] (+1) -0.716911765<x21>[B] (+1) +0.716911765<x22>[B] (+1) -0.716911765<x23>[B] (+1) +0.716911765<x24>[B] (+1) -0.716911765<x25>[B] (+1) -0.716911765<x26>[B] (+1) -0.716911765<x27>[B] (+1) +0.716911765<x28>[B] (+1) -0.716911765<x29>[B] (+1) -0.716911765<x30>[B] (+1) +0.716911765<x31>[B] (+1) +0.716911765<x32>[B] (+0) +0.716911765<x33>[B] (+0) +0.716911765<x34>[B] (+0) +0.716911765<x35>[B] (+0) +0.716911765<x36>[B] (+0) +0.716911765<x37>[B] (+0) +0.716911765<x38>[B] (+0) +0.716911765<x39>[B] (+0) +0.716911765<x40>[B] (+0) +0.716911765<x41>[B] (+0) +0.716911765<x42>[B] (+0) +0.716911765<x43>[B] (+0) -0.716911765<x44>[B] (+0) +0.716911765<x45>[B] (+0) -0.716911765<x46>[B] (+1) -0.716911765<x47>[B] (+1) -0.716911765<x48>[B] (+1) -0.716911765<x49>[B] (+1) -0.716911765<x50>[B] (+1) +0.716911765<x51>[B] (+1) -0.716911765<x52>[B] (+1) -0.716911765<x53>[B] (+1) -0.716911765<x54>[B] (+1) -0.716911765<x55>[B] (+1) -0.716911765<x56>[B] (+1) -0.716911765<x57>[B] (+1) -0.716911765<x58>[B] (+1) +0.716911765<x59>[B] (+0) -0.716911765<x60>[B] (+1) +0.716911765<x61>[B] (+0) -0.716911765<x62>[B] (+1) +0.716911765<x63>[B] (+0) -0.716911765<x64>[B] (+1) -0.716911765<x65>[B] (+1) -0.716911765<x66>[B] (+5.43775094e-14) +0.716911765<x67>[B] (+0) -0.716911765<x68>[B] (+0) -0.716911765<x69>[B] (+5.43775094e-14) +0.716911765<x70>[B] (+1) -0.716911765<x71>[B] (+1) +0.716911765<x72>[B] (+1) -0.716911765<x73>[B] (+1) +0.716911765<x74>[B] (+0) -0.716911765<x75>[B] (+1) -0.716911765<x76>[B] (+1) -0.716911765<x77>[B] (+1) +0.716911765<x78>[B] (+0) -0.716911765<x79>[B] (+1) -0.716911765<x80>[B] (+1) +0.716911765<x81>[B] (+1) +0.716911765<x82>[B] (+0) -0.716911765<x83>[B] (+0) +0.716911765<x84>[B] (+0) +0.716911765<x85>[B] (+1) +0.716911765<x86>[B] (+0) +0.716911765<x87>[B] (+0) +0.716911765<x88>[B] (+0) +0.716911765<x89>[B] (+0) -0.716911765<x90>[B] (+5.43775094e-14) +0.716911765<x91>[B] (+1) -0.716911765<x92>[B] (+1) +0.716911765<x93>[B] (+0) -0.716911765<x94>[B] (+1) -0.716911765<x95>[B] (+1) -0.716911765<x96>[B] (+1) -0.716911765<x97>[B] (+0) -0.716911765<x98>[B] (+1) -0.716911765<x99>[B] (+1) -0.716911765<x100>[B] (+1) +0.716911765<x101>[B] (+0) +0.716911765<x102>[B] (+1) +0.716911765<x103>[B] (+0) +0.716911765<x104>[B] (+0) +0.716911765<x105>[B] (+0) +0.716911765<x106>[B] (+0) -0.716911765<x107>[B] (+5.43775094e-14) +0.716911765<x108>[B] (+1) -0.716911765<x109>[B] (+1) -0.716911765<x110>[B] (+1) -0.716911765<x111>[B] (+1) -0.716911765<x112>[B] (+0) -0.716911765<x113>[B] (+1) -0.716911765<x114>[B] (+1) -0.716911765<x115>[B] (+1) +0.716911765<x116>[B] (+0) +0.716911765<x117>[B] (+0) +0.716911765<x118>[B] (+0) +0.716911765<x119>[B] (+0) -0.716911765<x120>[B] (+0) +0.716911765<x121>[B] (+0) -0.716911765<x122>[B] (+0) +0.716911765<x123>[B] (+0) +0.716911765<x124>[B] (+0) -0.716911765<x125>[B] (+5.43775094e-14) +0.716911765<x126>[B] (+1) +0.716911765<x127>[B] (+0) +0.716911765<x128>[B] (+1) -0.716911765<x129>[B] (+1) +0.716911765<x130>[B] (+1) -0.716911765<x131>[B] (+1) -0.716911765<x132>[B] (+1) -0.716911765<x133>[B] (+1) -0.716911765<x134>[B] (+1) +0.716911765<x135>[B] (+1) +0.716911765<x136>[B] (+1) >= 16.6691176470588;
;
violation: left hand side is violated by 0.0220588235294521
  [linear] <c1403>: <x146>[C] (+36.7205882) +0.716911765<x1>[B] (+0) -0.716911765<x2>[B] (+1) +0.716911765<x3>[B] (+0) +0.716911765<x4>[B] (+1.85311498e-13) +0.716911765<x5>[B] (+0) +0.716911765<x6>[B] (+1) +0.716911765<x7>[B] (+0) -0.716911765<x8>[B] (+1) +0.716911765<x9>[B] (+0) +0.716911765<x10>[B] (+1) +0.716911765<x11>[B] (+1) +0.716911765<x12>[B] (+1.85311498e-13) +0.716911765<x13>[B] (+0) +0.716911765<x14>[B] (+1.85311498e-13) -0.716911765<x15>[B] (+1.85311498e-13) +0.716911765<x16>[B] (+1) -0.716911765<x17>[B] (+1) +0.716911765<x18>[B] (+0) +0.716911765<x19>[B] (+1) +0.716911765<x20>[B] (+1) -0.716911765<x21>[B] (+1) +0.716911765<x22>[B] (+1) -0.716911765<x23>[B] (+1) +0.716911765<x24>[B] (+1) -0.716911765<x25>[B] (+1) -0.716911765<x26>[B] (+1) -0.716911765<x27>[B] (+1) +0.716911765<x28>[B] (+1) -0.716911765<x29>[B] (+1) -0.716911765<x30>[B] (+1) +0.716911765<x31>[B] (+1) +0.716911765<x32>[B] (+0) +0.716911765<x33>[B] (+0) +0.716911765<x34>[B] (+0) +0.716911765<x35>[B] (+0) +0.716911765<x36>[B] (+0) +0.716911765<x37>[B] (+0) +0.716911765<x38>[B] (+0) +0.716911765<x39>[B] (+0) +0.716911765<x40>[B] (+0) +0.716911765<x41>[B] (+0) +0.716911765<x42>[B] (+0) +0.716911765<x43>[B] (+0) -0.716911765<x44>[B] (+0) +0.716911765<x45>[B] (+0) -0.716911765<x46>[B] (+1) -0.716911765<x47>[B] (+1) -0.716911765<x48>[B] (+1) -0.716911765<x49>[B] (+1) -0.716911765<x50>[B] (+1) +0.716911765<x51>[B] (+1) -0.716911765<x52>[B] (+1) -0.716911765<x53>[B] (+1) -0.716911765<x54>[B] (+1) -0.716911765<x55>[B] (+1) -0.716911765<x56>[B] (+1) -0.716911765<x57>[B] (+1) -0.716911765<x58>[B] (+1) +0.716911765<x59>[B] (+0) -0.716911765<x60>[B] (+1) +0.716911765<x61>[B] (+0) -0.716911765<x62>[B] (+1) +0.716911765<x63>[B] (+0) -0.716911765<x64>[B] (+1) -0.716911765<x65>[B] (+1) -0.716911765<x66>[B] (+0) +0.716911765<x67>[B] (+0) -0.716911765<x68>[B] (+0) -0.716911765<x69>[B] (+1.85311498e-13) +0.716911765<x70>[B] (+1) -0.716911765<x71>[B] (+1) +0.716911765<x72>[B] (+1) -0.716911765<x73>[B] (+1) +0.716911765<x74>[B] (+0) -0.716911765<x75>[B] (+1) -0.716911765<x76>[B] (+1) -0.716911765<x77>[B] (+1) +0.716911765<x78>[B] (+0) -0.716911765<x79>[B] (+1) -0.716911765<x80>[B] (+1) +0.716911765<x81>[B] (+1) +0.716911765<x82>[B] (+0) -0.716911765<x83>[B] (+0) +0.716911765<x84>[B] (+0) +0.716911765<x85>[B] (+1) +0.716911765<x86>[B] (+0) +0.716911765<x87>[B] (+0) +0.716911765<x88>[B] (+0) +0.716911765<x89>[B] (+0) -0.716911765<x90>[B] (+1.85311498e-13) +0.716911765<x91>[B] (+1) -0.716911765<x92>[B] (+1) +0.716911765<x93>[B] (+0) -0.716911765<x94>[B] (+1) -0.716911765<x95>[B] (+1) -0.716911765<x96>[B] (+1) -0.716911765<x97>[B] (+0) -0.716911765<x98>[B] (+1) -0.716911765<x99>[B] (+1) -0.716911765<x100>[B] (+1) +0.716911765<x101>[B] (+0) +0.716911765<x102>[B] (+1) +0.716911765<x103>[B] (+0) +0.716911765<x104>[B] (+0) +0.716911765<x105>[B] (+0) +0.716911765<x106>[B] (+0) -0.716911765<x107>[B] (+1.85311498e-13) +0.716911765<x108>[B] (+1) -0.716911765<x109>[B] (+1) -0.716911765<x110>[B] (+1) -0.716911765<x111>[B] (+1) -0.716911765<x112>[B] (+0) -0.716911765<x113>[B] (+1) -0.716911765<x114>[B] (+1) -0.716911765<x115>[B] (+1) +0.716911765<x116>[B] (+0) +0.716911765<x117>[B] (+0) +0.716911765<x118>[B] (+0) +0.716911765<x119>[B] (+0) -0.716911765<x120>[B] (+0) +0.716911765<x121>[B] (+0) -0.716911765<x122>[B] (+0) +0.716911765<x123>[B] (+0) +0.716911765<x124>[B] (+0) -0.716911765<x125>[B] (+1.85311498e-13) +0.716911765<x126>[B] (+1) +0.716911765<x127>[B] (+0) +0.716911765<x128>[B] (+1) -0.716911765<x129>[B] (+1) +0.716911765<x130>[B] (+1) -0.716911765<x131>[B] (+1) -0.716911765<x132>[B] (+1) -0.716911765<x133>[B] (+1) -0.716911765<x134>[B] (+1) +0.716911765<x135>[B] (+1) +0.716911765<x136>[B] (+1) >= 16.6691176470588;
;
violation: left hand side is violated by 0.0220588235294414
  [linear] <c1401>: <x141>[C] (+38.2058824) +0.731617647<x1>[B] (+0) -0.731617647<x2>[B] (+1) +0.731617647<x3>[B] (+0) +0.731617647<x4>[B] (+0) +0.731617647<x5>[B] (+0) -0.731617647<x6>[B] (+1) +0.731617647<x7>[B] (+0) +0.731617647<x8>[B] (+1) +0.731617647<x9>[B] (+0) -0.731617647<x10>[B] (+1) -0.731617647<x11>[B] (+1) -0.731617647<x12>[B] (+9.17460552e-14) +0.731617647<x13>[B] (+0) -0.731617647<x14>[B] (+0) -0.731617647<x15>[B] (+9.17460552e-14) +0.731617647<x16>[B] (+1) -0.731617647<x17>[B] (+1) +0.731617647<x18>[B] (+0) -0.731617647<x19>[B] (+1) -0.731617647<x20>[B] (+1) -0.731617647<x21>[B] (+1) -0.731617647<x22>[B] (+1) -0.731617647<x23>[B] (+1) -0.731617647<x24>[B] (+1) -0.731617647<x25>[B] (+1) -0.731617647<x26>[B] (+1) -0.731617647<x27>[B] (+1) -0.731617647<x28>[B] (+1) -0.731617647<x29>[B] (+1) -0.731617647<x30>[B] (+1) -0.731617647<x31>[B] (+1) +0.731617647<x32>[B] (+0) +0.731617647<x33>[B] (+0) +0.731617647<x34>[B] (+0) -0.731617647<x35>[B] (+0) +0.731617647<x36>[B] (+0) +0.731617647<x37>[B] (+0) +0.731617647<x38>[B] (+0) -0.731617647<x39>[B] (+0) -0.731617647<x40>[B] (+0) -0.731617647<x41>[B] (+0) +0.731617647<x42>[B] (+0) +0.731617647<x43>[B] (+0) -0.731617647<x44>[B] (+0) +0.731617647<x45>[B] (+0) -0.731617647<x46>[B] (+1) -0.731617647<x47>[B] (+1) -0.731617647<x48>[B] (+1) -0.731617647<x49>[B] (+1) -0.731617647<x50>[B] (+1) -0.731617647<x51>[B] (+1) -0.731617647<x52>[B] (+1) -0.731617647<x53>[B] (+1) -0.731617647<x54>[B] (+1) -0.731617647<x55>[B] (+1) -0.731617647<x56>[B] (+1) -0.731617647<x57>[B] (+1) -0.731617647<x58>[B] (+1) +0.731617647<x59>[B] (+0) -0.731617647<x60>[B] (+1) +0.731617647<x61>[B] (+0) +0.731617647<x62>[B] (+1) +0.731617647<x63>[B] (+0) -0.731617647<x64>[B] (+1) -0.731617647<x65>[B] (+1) -0.731617647<x66>[B] (+9.17460552e-14) +0.731617647<x67>[B] (+0) -0.731617647<x68>[B] (+0) -0.731617647<x69>[B] (+9.17460552e-14) +0.731617647<x70>[B] (+1) -0.731617647<x71>[B] (+1) +0.731617647<x72>[B] (+1) -0.731617647<x73>[B] (+1) +0.731617647<x74>[B] (+0) -0.731617647<x75>[B] (+1) -0.731617647<x76>[B] (+1) -0.731617647<x77>[B] (+0) +0.731617647<x78>[B] (+0) -0.731617647<x79>[B] (+1) -0.731617647<x80>[B] (+1) +0.731617647<x81>[B] (+1) +0.731617647<x82>[B] (+0) +0.731617647<x83>[B] (+0) +0.731617647<x84>[B] (+0) -0.731617647<x85>[B] (+1) -0.731617647<x86>[B] (+0) +0.731617647<x87>[B] (+0) +0.731617647<x88>[B] (+0) +0.731617647<x89>[B] (+0) -0.731617647<x90>[B] (+9.17460552e-14) +0.731617647<x91>[B] (+1) -0.731617647<x92>[B] (+1) +0.731617647<x93>[B] (+0) -0.731617647<x94>[B] (+1) -0.731617647<x95>[B] (+1) -0.731617647<x96>[B] (+0) +0.731617647<x97>[B] (+0) -0.731617647<x98>[B] (+1) -0.731617647<x99>[B] (+1) +0.731617647<x100>[B] (+1) +0.731617647<x101>[B] (+0) -0.731617647<x102>[B] (+1) -0.731617647<x103>[B] (+0) -0.731617647<x104>[B] (+0) +0.731617647<x105>[B] (+0) -0.731617647<x106>[B] (+0) -0.731617647<x107>[B] (+9.17460552e-14) +0.731617647<x108>[B] (+1) -0.731617647<x109>[B] (+1) -0.731617647<x110>[B] (+1) -0.731617647<x111>[B] (+1) +0.731617647<x112>[B] (+0) -0.731617647<x113>[B] (+1) -0.731617647<x114>[B] (+1) -0.731617647<x115>[B] (+1) +0.731617647<x116>[B] (+0) +0.731617647<x117>[B] (+0) +0.731617647<x118>[B] (+0) +0.731617647<x119>[B] (+0) +0.731617647<x120>[B] (+0) +0.731617647<x121>[B] (+0) +0.731617647<x122>[B] (+0) +0.731617647<x123>[B] (+0) +0.731617647<x124>[B] (+0) -0.731617647<x125>[B] (+9.17460552e-14) +0.731617647<x126>[B] (+1) +0.731617647<x127>[B] (+0) +0.731617647<x128>[B] (+1) -0.731617647<x129>[B] (+1) +0.731617647<x130>[B] (+1) -0.731617647<x131>[B] (+1) -0.731617647<x132>[B] (+1) -0.731617647<x133>[B] (+1) -0.731617647<x134>[B] (+1) +0.731617647<x135>[B] (+1) +0.731617647<x136>[B] (+1) >= 6.03676470588235;
;
violation: left hand side is violated by 0.0220588235294317
  [linear] <c1399>: <x139>[C] (+22.3602941) +0.569852941<x1>[B] (+0) +0.569852941<x2>[B] (+1) +0.569852941<x3>[B] (+0) +0.569852941<x4>[B] (+0) +0.569852941<x5>[B] (+0) +0.569852941<x6>[B] (+1) +0.569852941<x7>[B] (+0) +0.569852941<x8>[B] (+1) +0.569852941<x9>[B] (+0) +0.569852941<x10>[B] (+1) +0.569852941<x11>[B] (+1) +0.569852941<x12>[B] (+0) -0.569852941<x13>[B] (+0) +0.569852941<x14>[B] (+0) +0.569852941<x15>[B] (+1) +0.569852941<x16>[B] (+1) -0.569852941<x17>[B] (+1) -0.569852941<x18>[B] (+0) -0.569852941<x19>[B] (+1) +0.569852941<x20>[B] (+1) -0.569852941<x21>[B] (+1) -0.569852941<x22>[B] (+1) +0.569852941<x23>[B] (+1) -0.569852941<x24>[B] (+1) -0.569852941<x25>[B] (+1) -0.569852941<x26>[B] (+1) +0.569852941<x27>[B] (+1) -0.569852941<x28>[B] (+1) +0.569852941<x29>[B] (+1) +0.569852941<x30>[B] (+1) -0.569852941<x31>[B] (+1) +0.569852941<x32>[B] (+0) +0.569852941<x33>[B] (+0) +0.569852941<x34>[B] (+0) +0.569852941<x35>[B] (+0) +0.569852941<x36>[B] (+0) +0.569852941<x37>[B] (+0) +0.569852941<x38>[B] (+0) +0.569852941<x39>[B] (+0) +0.569852941<x40>[B] (+0) +0.569852941<x41>[B] (+0) -0.569852941<x42>[B] (+0) +0.569852941<x43>[B] (+0) +0.569852941<x44>[B] (+0) +0.569852941<x45>[B] (+0) -0.569852941<x46>[B] (+1) +0.569852941<x47>[B] (+1) -0.569852941<x48>[B] (+1) -0.569852941<x49>[B] (+1) +0.569852941<x50>[B] (+1) -0.569852941<x51>[B] (+1) -0.569852941<x52>[B] (+1) -0.569852941<x53>[B] (+1) +0.569852941<x54>[B] (+1) -0.569852941<x55>[B] (+1) +0.569852941<x56>[B] (+1) +0.569852941<x57>[B] (+1) -0.569852941<x58>[B] (+1) +0.569852941<x59>[B] (+0) -0.569852941<x60>[B] (+1) -0.569852941<x61>[B] (+0) +0.569852941<x62>[B] (+1) -0.569852941<x63>[B] (+0) -0.569852941<x64>[B] (+1) +0.569852941<x65>[B] (+1) +0.569852941<x66>[B] (+0) -0.569852941<x67>[B] (+0) +0.569852941<x68>[B] (+0) +0.569852941<x69>[B] (+1) -0.569852941<x70>[B] (+1) -0.569852941<x71>[B] (+1) -0.569852941<x72>[B] (+1) -0.569852941<x73>[B] (+1) -0.569852941<x74>[B] (+0) -0.569852941<x75>[B] (+1) -0.569852941<x76>[B] (+1) -0.569852941<x77>[B] (+0) -0.569852941<x78>[B] (+0) +0.569852941<x79>[B] (+1) +0.569852941<x80>[B] (+1) -0.569852941<x81>[B] (+1) -0.569852941<x82>[B] (+0) +0.569852941<x83>[B] (+0) -0.569852941<x84>[B] (+0) -0.569852941<x85>[B] (+1) +0.569852941<x86>[B] (+0) +0.569852941<x87>[B] (+0) -0.569852941<x88>[B] (+0) +0.569852941<x89>[B] (+0) +0.569852941<x90>[B] (+0) -0.569852941<x91>[B] (+1) +0.569852941<x92>[B] (+1) -0.569852941<x93>[B] (+0) -0.569852941<x94>[B] (+1) +0.569852941<x95>[B] (+1) +0.569852941<x96>[B] (+0) -0.569852941<x97>[B] (+0) +0.569852941<x98>[B] (+1) +0.569852941<x99>[B] (+1) -0.569852941<x100>[B] (+1) -0.569852941<x101>[B] (+0) -0.569852941<x102>[B] (+1) -0.569852941<x103>[B] (+0) -0.569852941<x104>[B] (+0) -0.569852941<x105>[B] (+0) +0.569852941<x106>[B] (+0) +0.569852941<x107>[B] (+0) -0.569852941<x108>[B] (+1) -0.569852941<x109>[B] (+1) +0.569852941<x110>[B] (+1) +0.569852941<x111>[B] (+1) -0.569852941<x112>[B] (+0) +0.569852941<x113>[B] (+1) +0.569852941<x114>[B] (+1) -0.569852941<x115>[B] (+1) +0.569852941<x116>[B] (+0) +0.569852941<x117>[B] (+0) -0.569852941<x118>[B] (+0) +0.569852941<x119>[B] (+0) +0.569852941<x120>[B] (+0) +0.569852941<x121>[B] (+0) +0.569852941<x122>[B] (+0) -0.569852941<x123>[B] (+0) +0.569852941<x124>[B] (+0) +0.569852941<x125>[B] (+0) -0.569852941<x126>[B] (+1) -0.569852941<x127>[B] (+0) +0.569852941<x128>[B] (+1) +0.569852941<x129>[B] (+1) -0.569852941<x130>[B] (+1) +0.569852941<x131>[B] (+1) +0.569852941<x132>[B] (+1) +0.569852941<x133>[B] (+1) +0.569852941<x134>[B] (+1) -0.569852941<x135>[B] (+1) -0.569852941<x136>[B] (+1) >= 21.2279411764706;
;
violation: left hand side is violated by 0.00735294117646745
  [linear] <c1403>: <x146>[C] (+37.4301471) +0.716911765<x1>[B] (+0) -0.716911765<x2>[B] (+1) +0.716911765<x3>[B] (+0) +0.716911765<x4>[B] (+1) +0.716911765<x5>[B] (+0) +0.716911765<x6>[B] (+1) +0.716911765<x7>[B] (+0) -0.716911765<x8>[B] (+1) +0.716911765<x9>[B] (+0) +0.716911765<x10>[B] (+1) +0.716911765<x11>[B] (+1) +0.716911765<x12>[B] (+0) +0.716911765<x13>[B] (+0) +0.716911765<x14>[B] (+0) -0.716911765<x15>[B] (+1) +0.716911765<x16>[B] (+1) -0.716911765<x17>[B] (+1) +0.716911765<x18>[B] (+0) +0.716911765<x19>[B] (+1) +0.716911765<x20>[B] (+1) -0.716911765<x21>[B] (+1) +0.716911765<x22>[B] (+1) -0.716911765<x23>[B] (+1) +0.716911765<x24>[B] (+1) -0.716911765<x25>[B] (+1) -0.716911765<x26>[B] (+1) -0.716911765<x27>[B] (+1) +0.716911765<x28>[B] (+1) -0.716911765<x29>[B] (+1) -0.716911765<x30>[B] (+1) +0.716911765<x31>[B] (+1) +0.716911765<x32>[B] (+0) +0.716911765<x33>[B] (+0) +0.716911765<x34>[B] (+0) +0.716911765<x35>[B] (+0) +0.716911765<x36>[B] (+0) +0.716911765<x37>[B] (+0) +0.716911765<x38>[B] (+0) +0.716911765<x39>[B] (+0) +0.716911765<x40>[B] (+0) +0.716911765<x41>[B] (+0) +0.716911765<x42>[B] (+0) +0.716911765<x43>[B] (+0) -0.716911765<x44>[B] (+0) +0.716911765<x45>[B] (+0) -0.716911765<x46>[B] (+1) -0.716911765<x47>[B] (+1) -0.716911765<x48>[B] (+1) -0.716911765<x49>[B] (+1) -0.716911765<x50>[B] (+1) +0.716911765<x51>[B] (+1) -0.716911765<x52>[B] (+1) -0.716911765<x53>[B] (+1) -0.716911765<x54>[B] (+1) -0.716911765<x55>[B] (+1) -0.716911765<x56>[B] (+1) -0.716911765<x57>[B] (+1) -0.716911765<x58>[B] (+1) +0.716911765<x59>[B] (+0) -0.716911765<x60>[B] (+1) +0.716911765<x61>[B] (+0) -0.716911765<x62>[B] (+1) +0.716911765<x63>[B] (+0) -0.716911765<x64>[B] (+1) -0.716911765<x65>[B] (+1) -0.716911765<x66>[B] (+0) +0.716911765<x67>[B] (+0) -0.716911765<x68>[B] (+0) -0.716911765<x69>[B] (+1) +0.716911765<x70>[B] (+1) -0.716911765<x71>[B] (+1) +0.716911765<x72>[B] (+1) -0.716911765<x73>[B] (+1) +0.716911765<x74>[B] (+0) -0.716911765<x75>[B] (+1) -0.716911765<x76>[B] (+1) -0.716911765<x77>[B] (+1) +0.716911765<x78>[B] (+0) -0.716911765<x79>[B] (+1) -0.716911765<x80>[B] (+1) +0.716911765<x81>[B] (+1) +0.716911765<x82>[B] (+0) -0.716911765<x83>[B] (+0) +0.716911765<x84>[B] (+0) +0.716911765<x85>[B] (+1) +0.716911765<x86>[B] (+0) +0.716911765<x87>[B] (+0) +0.716911765<x88>[B] (+0) +0.716911765<x89>[B] (+0) -0.716911765<x90>[B] (+0) +0.716911765<x91>[B] (+1) -0.716911765<x92>[B] (+1) +0.716911765<x93>[B] (+0) -0.716911765<x94>[B] (+1) -0.716911765<x95>[B] (+1) -0.716911765<x96>[B] (+1) -0.716911765<x97>[B] (+0) -0.716911765<x98>[B] (+1) -0.716911765<x99>[B] (+1) -0.716911765<x100>[B] (+1) +0.716911765<x101>[B] (+0) +0.716911765<x102>[B] (+1) +0.716911765<x103>[B] (+0) +0.716911765<x104>[B] (+0) +0.716911765<x105>[B] (+0) +0.716911765<x106>[B] (+0) -0.716911765<x107>[B] (+0) +0.716911765<x108>[B] (+1) -0.716911765<x109>[B] (+1) -0.716911765<x110>[B] (+1) -0.716911765<x111>[B] (+1) -0.716911765<x112>[B] (+0) -0.716911765<x113>[B] (+1) -0.716911765<x114>[B] (+1) -0.716911765<x115>[B] (+1) +0.716911765<x116>[B] (+0) +0.716911765<x117>[B] (+0) +0.716911765<x118>[B] (+0) +0.716911765<x119>[B] (+0) -0.716911765<x120>[B] (+0) +0.716911765<x121>[B] (+0) -0.716911765<x122>[B] (+0) +0.716911765<x123>[B] (+0) +0.716911765<x124>[B] (+0) -0.716911765<x125>[B] (+0) +0.716911765<x126>[B] (+1) +0.716911765<x127>[B] (+0) +0.716911765<x128>[B] (+1) -0.716911765<x129>[B] (+1) +0.716911765<x130>[B] (+1) -0.716911765<x131>[B] (+1) -0.716911765<x132>[B] (+1) -0.716911765<x133>[B] (+1) -0.716911765<x134>[B] (+1) +0.716911765<x135>[B] (+1) +0.716911765<x136>[B] (+1) >= 16.6691176470588;
;
violation: left hand side is violated by 0.0294117647059267
  [linear] <c1408>: <x152>[C] (+21.7242647) +0.540441176<x1>[B] (+0) +0.540441176<x2>[B] (+1) -0.540441176<x3>[B] (+0) +0.540441176<x4>[B] (+0) +0.540441176<x5>[B] (+0) -0.540441176<x6>[B] (+1) -0.540441176<x7>[B] (+0) +0.540441176<x8>[B] (+1) +0.540441176<x9>[B] (+0) +0.540441176<x10>[B] (+1) +0.540441176<x11>[B] (+1) +0.540441176<x12>[B] (+0) +0.540441176<x13>[B] (+0) +0.540441176<x14>[B] (+0) -0.540441176<x15>[B] (+1) -0.540441176<x16>[B] (+1) -0.540441176<x17>[B] (+1) -0.540441176<x18>[B] (+0) +0.540441176<x19>[B] (+1) -0.540441176<x20>[B] (+1) -0.540441176<x21>[B] (+1) -0.540441176<x22>[B] (+1) -0.540441176<x23>[B] (+1) -0.540441176<x24>[B] (+1) -0.540441176<x25>[B] (+1) -0.540441176<x26>[B] (+1) -0.540441176<x27>[B] (+1) -0.540441176<x28>[B] (+1) -0.540441176<x29>[B] (+1) -0.540441176<x30>[B] (+1) -0.540441176<x31>[B] (+1) -0.540441176<x32>[B] (+0) +0.540441176<x33>[B] (+0) +0.540441176<x34>[B] (+0) -0.540441176<x35>[B] (+0) -0.540441176<x36>[B] (+0) +0.540441176<x37>[B] (+0) -0.540441176<x38>[B] (+0) +0.540441176<x39>[B] (+0) +0.540441176<x40>[B] (+0) +0.540441176<x41>[B] (+0) +0.540441176<x42>[B] (+0) +0.540441176<x43>[B] (+0) -0.540441176<x44>[B] (+0) -0.540441176<x45>[B] (+0) +0.540441176<x46>[B] (+1) +0.540441176<x47>[B] (+1) +0.540441176<x48>[B] (+1) +0.540441176<x49>[B] (+1) +0.540441176<x50>[B] (+1) +0.540441176<x51>[B] (+1) +0.540441176<x52>[B] (+1) +0.540441176<x53>[B] (+1) +0.540441176<x54>[B] (+1) +0.540441176<x55>[B] (+1) +0.540441176<x56>[B] (+1) +0.540441176<x57>[B] (+1) +0.540441176<x58>[B] (+1) -0.540441176<x59>[B] (+0) -0.540441176<x60>[B] (+1) -0.540441176<x61>[B] (+0) -0.540441176<x62>[B] (+1) -0.540441176<x63>[B] (+0) -0.540441176<x64>[B] (+1) -0.540441176<x65>[B] (+1) -0.540441176<x66>[B] (+0) -0.540441176<x67>[B] (+0) -0.540441176<x68>[B] (+0) -0.540441176<x69>[B] (+1) -0.540441176<x70>[B] (+1) -0.540441176<x71>[B] (+1) -0.540441176<x72>[B] (+1) -0.540441176<x73>[B] (+1) -0.540441176<x74>[B] (+0) -0.540441176<x75>[B] (+1) -0.540441176<x76>[B] (+1) -0.540441176<x77>[B] (+1) -0.540441176<x78>[B] (+0) -0.540441176<x79>[B] (+1) -0.540441176<x80>[B] (+1) -0.540441176<x81>[B] (+1) -0.540441176<x82>[B] (+0) +0.540441176<x83>[B] (+0) +0.540441176<x84>[B] (+0) +0.540441176<x85>[B] (+1) +0.540441176<x86>[B] (+0) +0.540441176<x87>[B] (+0) +0.540441176<x88>[B] (+0) +0.540441176<x89>[B] (+0) -0.540441176<x90>[B] (+0) +0.540441176<x91>[B] (+1) +0.540441176<x92>[B] (+1) +0.540441176<x93>[B] (+0) +0.540441176<x94>[B] (+1) +0.540441176<x95>[B] (+1) +0.540441176<x96>[B] (+0) +0.540441176<x97>[B] (+0) +0.540441176<x98>[B] (+0) +0.540441176<x99>[B] (+1) +0.540441176<x100>[B] (+1) -0.540441176<x101>[B] (+0) +0.540441176<x102>[B] (+1) +0.540441176<x103>[B] (+0) +0.540441176<x104>[B] (+0) +0.540441176<x105>[B] (+0) +0.540441176<x106>[B] (+0) -0.540441176<x107>[B] (+0) -0.540441176<x108>[B] (+1) +0.540441176<x109>[B] (+1) +0.540441176<x110>[B] (+1) +0.540441176<x111>[B] (+1) +0.540441176<x112>[B] (+0) +0.540441176<x113>[B] (+1) -0.540441176<x114>[B] (+1) -0.540441176<x115>[B] (+1) -0.540441176<x116>[B] (+0) +0.540441176<x117>[B] (+0) +0.540441176<x118>[B] (+0) -0.540441176<x119>[B] (+0) -0.540441176<x120>[B] (+0) -0.540441176<x121>[B] (+0) +0.540441176<x122>[B] (+0) +0.540441176<x123>[B] (+0) -0.540441176<x124>[B] (+0) -0.540441176<x125>[B] (+0) -0.540441176<x126>[B] (+1) +0.540441176<x127>[B] (+0) -0.540441176<x128>[B] (+0) -0.540441176<x129>[B] (+1) -0.540441176<x130>[B] (+1) -0.540441176<x131>[B] (+1) -0.540441176<x132>[B] (+1) -0.540441176<x133>[B] (+1) -0.540441176<x134>[B] (+1) -0.540441176<x135>[B] (+1) +0.540441176<x136>[B] (+1) >= 15.8088235294118;
;
violation: left hand side is violated by 0.0294117647058716
  [linear] <c1403>: <x146>[C] (+37.4301471) +0.716911765<x1>[B] (+0) -0.716911765<x2>[B] (+1) +0.716911765<x3>[B] (+0) +0.716911765<x4>[B] (+1) +0.716911765<x5>[B] (+0) +0.716911765<x6>[B] (+1) +0.716911765<x7>[B] (+0) -0.716911765<x8>[B] (+1) +0.716911765<x9>[B] (+0) +0.716911765<x10>[B] (+1) +0.716911765<x11>[B] (+1) +0.716911765<x12>[B] (+0) +0.716911765<x13>[B] (+0) +0.716911765<x14>[B] (+0) -0.716911765<x15>[B] (+1) +0.716911765<x16>[B] (+1) -0.716911765<x17>[B] (+1) +0.716911765<x18>[B] (+0) +0.716911765<x19>[B] (+1) +0.716911765<x20>[B] (+1) -0.716911765<x21>[B] (+1) +0.716911765<x22>[B] (+1) -0.716911765<x23>[B] (+1) +0.716911765<x24>[B] (+1) -0.716911765<x25>[B] (+1) -0.716911765<x26>[B] (+1) -0.716911765<x27>[B] (+1) +0.716911765<x28>[B] (+1) -0.716911765<x29>[B] (+1) -0.716911765<x30>[B] (+1) +0.716911765<x31>[B] (+1) +0.716911765<x32>[B] (+0) +0.716911765<x33>[B] (+0) +0.716911765<x34>[B] (+0) +0.716911765<x35>[B] (+0) +0.716911765<x36>[B] (+0) +0.716911765<x37>[B] (+0) +0.716911765<x38>[B] (+0) +0.716911765<x39>[B] (+0) +0.716911765<x40>[B] (+0) +0.716911765<x41>[B] (+0) +0.716911765<x42>[B] (+0) +0.716911765<x43>[B] (+0) -0.716911765<x44>[B] (+0) +0.716911765<x45>[B] (+0) -0.716911765<x46>[B] (+1) -0.716911765<x47>[B] (+1) -0.716911765<x48>[B] (+1) -0.716911765<x49>[B] (+1) -0.716911765<x50>[B] (+1) +0.716911765<x51>[B] (+1) -0.716911765<x52>[B] (+1) -0.716911765<x53>[B] (+1) -0.716911765<x54>[B] (+1) -0.716911765<x55>[B] (+1) -0.716911765<x56>[B] (+1) -0.716911765<x57>[B] (+1) -0.716911765<x58>[B] (+1) +0.716911765<x59>[B] (+0) -0.716911765<x60>[B] (+1) +0.716911765<x61>[B] (+0) -0.716911765<x62>[B] (+1) +0.716911765<x63>[B] (+0) -0.716911765<x64>[B] (+1) -0.716911765<x65>[B] (+1) -0.716911765<x66>[B] (+0) +0.716911765<x67>[B] (+0) -0.716911765<x68>[B] (+0) -0.716911765<x69>[B] (+1) +0.716911765<x70>[B] (+1) -0.716911765<x71>[B] (+1) +0.716911765<x72>[B] (+1) -0.716911765<x73>[B] (+1) +0.716911765<x74>[B] (+0) -0.716911765<x75>[B] (+1) -0.716911765<x76>[B] (+1) -0.716911765<x77>[B] (+1) +0.716911765<x78>[B] (+1) -0.716911765<x79>[B] (+1) -0.716911765<x80>[B] (+1) +0.716911765<x81>[B] (+1) +0.716911765<x82>[B] (+0) -0.716911765<x83>[B] (+0) +0.716911765<x84>[B] (+0) +0.716911765<x85>[B] (+1) +0.716911765<x86>[B] (+0) +0.716911765<x87>[B] (+0) +0.716911765<x88>[B] (+0) +0.716911765<x89>[B] (+0) -0.716911765<x90>[B] (+0) +0.716911765<x91>[B] (+1) -0.716911765<x92>[B] (+1) +0.716911765<x93>[B] (+0) -0.716911765<x94>[B] (+1) -0.716911765<x95>[B] (+1) -0.716911765<x96>[B] (+1) -0.716911765<x97>[B] (+0) -0.716911765<x98>[B] (+1) -0.716911765<x99>[B] (+1) -0.716911765<x100>[B] (+1) +0.716911765<x101>[B] (+0) +0.716911765<x102>[B] (+1) +0.716911765<x103>[B] (+0) +0.716911765<x104>[B] (+0) +0.716911765<x105>[B] (+0) +0.716911765<x106>[B] (+0) -0.716911765<x107>[B] (+0) +0.716911765<x108>[B] (+1) -0.716911765<x109>[B] (+1) -0.716911765<x110>[B] (+1) -0.716911765<x111>[B] (+1) -0.716911765<x112>[B] (+1) -0.716911765<x113>[B] (+1) -0.716911765<x114>[B] (+1) -0.716911765<x115>[B] (+1) +0.716911765<x116>[B] (+0) +0.716911765<x117>[B] (+0) +0.716911765<x118>[B] (+0) +0.716911765<x119>[B] (+0) -0.716911765<x120>[B] (+0) +0.716911765<x121>[B] (+0) -0.716911765<x122>[B] (+0) +0.716911765<x123>[B] (+0) +0.716911765<x124>[B] (+0) -0.716911765<x125>[B] (+0) +0.716911765<x126>[B] (+1) +0.716911765<x127>[B] (+0) +0.716911765<x128>[B] (+1) -0.716911765<x129>[B] (+1) +0.716911765<x130>[B] (+1) -0.716911765<x131>[B] (+1) -0.716911765<x132>[B] (+1) -0.716911765<x133>[B] (+1) -0.716911765<x134>[B] (+1) +0.716911765<x135>[B] (+1) +0.716911765<x136>[B] (+1) >= 16.6691176470588;
;
violation: left hand side is violated by 0.0294117647059267
2/10 feasible solutions given by solution candidate storage, new primal bound -4.332978e+02

presolving:
   (0.0s) symmetry computation started: requiring (bin +, int +, cont +), (fixed: bin -, int -, cont -)
   (0.0s) no symmetry present (symcode time: 0.00)
presolving (0 rounds: 0 fast, 0 medium, 0 exhaustive):
 0 deleted vars, 0 deleted constraints, 0 added constraints, 0 tightened bounds, 0 added holes, 0 changed sides, 0 changed coefficients
 0 implications, 0 cliques, 0 implied integral variables (0 bin, 0 int, 0 cont)
presolved problem has 156 variables (136 bin, 0 int, 20 cont) and 1410 constraints
   1410 constraints of type <linear>
Presolving Time: 0.00
transformed 2/2 original solutions to the transformed problem space

 time | node  | left  |LP iter|LP it/n|mem/heur|mdpt |vars |cons |rows |cuts |sepa|confs|strbr|  dualbound   | primalbound  |  gap   | compl. 
  0.0s|     1 |     0 |   228 |     - |    12M |   0 | 156 |1410 |1410 |   0 |  0 |  15 |   0 |-2.391483e+02 |-4.332978e+02 |  81.18%| unknown
r 0.0s|     1 |     0 |   228 |     - |shifting|   0 | 156 |1410 |1410 |   0 |  0 |  15 |   0 |-2.391483e+02 |-2.573658e+02 |   7.62%| unknown
  0.0s|     1 |     0 |   231 |     - |    12M |   0 | 156 |1410 |1411 |   1 |  1 |  15 |   0 |-2.391535e+02 |-2.573658e+02 |   7.62%| unknown
r 0.0s|     1 |     0 |   231 |     - |shifting|   0 | 156 |1410 |1411 |   1 |  1 |  15 |   0 |-2.391535e+02 |-2.509945e+02 |   4.95%| unknown
  0.0s|     1 |     0 |   231 |     - |    12M |   0 | 156 |1410 |1411 |   1 |  1 |  15 |   0 |-2.391535e+02 |-2.509945e+02 |   4.95%| unknown
  0.1s|     1 |     0 |   239 |     - |    12M |   0 | 156 |1410 |1412 |   2 |  2 |  15 |   0 |-2.391640e+02 |-2.509945e+02 |   4.95%| unknown
  0.1s|     1 |     0 |   240 |     - |    12M |   0 | 156 |1410 |1413 |   3 |  3 |  15 |   0 |-2.391654e+02 |-2.509945e+02 |   4.95%| unknown
d 0.1s|     1 |     0 |   240 |     - |farkasdi|   0 | 156 |1410 |1413 |   0 |  4 |  15 |   0 |-2.391654e+02 |-2.391654e+02 |   0.00%| unknown
  0.1s|     1 |     0 |   240 |     - |    12M |   0 | 156 |1410 |1413 |   3 |  4 |  15 |   0 |-2.391654e+02 |-2.391654e+02 |   0.00%| unknown

SCIP Status        : problem is solved [optimal solution found]
Solving Time (sec) : 0.07
Solving Nodes      : 1
Primal Bound       : -2.39165441176471e+02 (7 solutions)
Dual Bound         : -2.39165441176471e+02
Gap                : 0.00 %
