Loading instance...
Median ranking: [12, 10, 6, 9, 1, 4, 2, 7, 17, 13, 15, 5, 16, 8, 11, 14, 3]
Mean ranking: [12, 10, 1, 6, 9, 4, 2, 7, 17, 13, 15, 5, 16, 8, 11, 14, 3]
Actual error: 0.00016497748057231476
Weighted Kendall distance: 29.5
Normalized distance: 0.018075980392156864
, 0 chg bounds, 0 chg sides, 0 chg coeffs, 0 upgd conss, 0 impls, 0 clqs, 0 implints
   (0.0s) symmetry computation started: requiring (bin +, int +, cont +), (fixed: bin -, int -, cont -)
   (0.0s) no symmetry present (symcode time: 0.00)
presolving (2 rounds: 2 fast, 2 medium, 1 exhaustive):
 0 deleted vars, 1360 deleted constraints, 680 added constraints, 0 tightened bounds, 0 added holes, 0 changed sides, 0 changed coefficients
 0 implications, 0 cliques, 0 implied integral variables (0 bin, 0 int, 0 cont)
presolved problem has 136 variables (0 bin, 0 int, 136 cont) and 680 constraints
    680 constraints of type <linear>
Presolving Time: 0.01
transformed 3/3 original solutions to the transformed problem space

 time | node  | left  |LP iter|LP it/n|mem/heur|mdpt |vars |cons |rows |cuts |sepa|confs|strbr|  dualbound   | primalbound  |  gap   | compl. 
* 0.0s|     1 |     0 |    22 |     - |    LP  |   0 | 136 | 680 | 680 |   0 |  0 |   0 |   0 | 3.340000e+02 | 3.340000e+02 |   0.00%| unknown
  0.0s|     1 |     0 |    22 |     - |  5553k |   0 | 136 | 680 | 680 |   0 |  0 |   0 |   0 | 3.340000e+02 | 3.340000e+02 |   0.00%| unknown

SCIP Status        : problem is solved [optimal solution found]
Solving Time (sec) : 0.01
Solving Nodes      : 1
Primal Bound       : +3.34000000000000e+02 (4 solutions)
Dual Bound         : +3.34000000000000e+02
Gap                : 0.00 %
feasible solution found by trivial heuristic after 0.0 seconds, objective value 5.600000e+01
presolving:
   (0.0s) running MILP presolver
   (0.0s) MILP presolver (2 rounds): 0 aggregations, 0 fixings, 0 bound changes
(round 1, medium)     0 del vars, 1360 del conss, 680 add conss, 0 chg bounds, 0 chg sides, 0 chg coeffs, 0 upgd conss, 0 impls, 0 clqs, 0 implints
   (0.0s) probing: 51/136 (37.5%) - 0 fixings, 0 aggregations, 0 implications, 0 bound changes
   (0.0s) probing aborted: 50/50 successive totally useless probings
   (0.0s) symmetry computation started: requiring (bin +, int +, cont +), (fixed: bin -, int -, cont -)
   (0.0s) no symmetry present (symcode time: 0.00)
presolving (2 rounds: 2 fast, 2 medium, 1 exhaustive):
 0 deleted vars, 1360 deleted constraints, 680 added constraints, 0 tightened bounds, 0 added holes, 0 changed sides, 0 changed coefficients
 0 implications, 0 cliques, 0 implied integral variables (0 bin, 0 int, 0 cont)
presolved problem has 136 variables (136 bin, 0 int, 0 cont) and 680 constraints
    680 constraints of type <linear>
transformed objective value is always integral (scale: 2)
Presolving Time: 0.01
transformed 2/2 original solutions to the transformed problem space

 time | node  | left  |LP iter|LP it/n|mem/heur|mdpt |vars |cons |rows |cuts |sepa|confs|strbr|  dualbound   | primalbound  |  gap   | compl. 
p 0.0s|     1 |     0 |     0 |     - |   locks|   0 | 136 | 680 | 680 |   0 |  0 |   0 |   0 | 3.640000e+02 | 1.580000e+02 | 130.38%| unknown
i 0.0s|     1 |     0 |     0 |     - |  oneopt|   0 | 136 | 680 | 680 |   0 |  0 |   0 |   0 | 3.640000e+02 | 2.400000e+02 |  51.67%| unknown
* 0.0s|     1 |     0 |    19 |     - |    LP  |   0 | 136 | 680 | 680 |   0 |  0 |   0 |   0 | 3.340000e+02 | 3.340000e+02 |   0.00%| unknown
  0.0s|     1 |     0 |    19 |     - |  5723k |   0 | 136 | 680 | 680 |   0 |  0 |   0 |   0 | 3.340000e+02 | 3.340000e+02 |   0.00%| unknown

SCIP Status        : problem is solved [optimal solution found]
Solving Time (sec) : 0.01
Solving Nodes      : 1
Primal Bound       : +3.34000000000000e+02 (5 solutions)
Dual Bound         : +3.34000000000000e+02
Gap                : 0.00 %
feasible solution found by trivial heuristic after 0.1 seconds, objective value -4.999944e+06
presolving:
(round 1, fast)       0 del vars, 0 del conss, 0 add conss, 100 chg bounds, 0 chg sides, 0 chg coeffs, 0 upgd conss, 0 impls, 0 clqs, 0 implints
   (0.7s) running MILP presolver
   (0.8s) MILP presolver (2 rounds): 0 aggregations, 0 fixings, 0 bound changes
(round 2, exhaustive) 0 del vars, 680 del conss, 0 add conss, 100 chg bounds, 0 chg sides, 0 chg coeffs, 0 upgd conss, 0 impls, 0 clqs, 0 implints
   (1.5s) symmetry computation started: requiring (bin +, int +, cont +), (fixed: bin -, int -, cont -)
   (1.7s) no symmetry present (symcode time: 0.01)
presolving (3 rounds: 3 fast, 2 medium, 2 exhaustive):
 0 deleted vars, 680 deleted constraints, 0 added constraints, 100 tightened bounds, 0 added holes, 0 changed sides, 0 changed coefficients
 0 implications, 0 cliques, 0 implied integral variables (0 bin, 0 int, 0 cont)
presolved problem has 186 variables (0 bin, 0 int, 186 cont) and 7480 constraints
   7480 constraints of type <linear>
Presolving Time: 1.62

 time | node  | left  |LP iter|LP it/n|mem/heur|mdpt |vars |cons |rows |cuts |sepa|confs|strbr|  dualbound   | primalbound  |  gap   | compl. 
t 1.7s|     1 |     0 |     0 |     - | trivial|   0 | 186 |7480 |   0 |   0 |  0 |   0 |   0 | 3.640000e+02 |-3.344000e+03 |    Inf | unknown
* 2.2s|     1 |     0 |   636 |     - |    LP  |   0 | 186 |7480 |7480 |   0 |  0 |   0 |   0 |-6.978382e+02 |-6.978382e+02 |   0.00%| unknown
  2.2s|     1 |     0 |   636 |     - |   499M |   0 | 186 |7480 |7480 |   0 |  0 |   0 |   0 |-6.978382e+02 |-6.978382e+02 |   0.00%| unknown

SCIP Status        : problem is solved [optimal solution found]
Solving Time (sec) : 2.16
Solving Nodes      : 1
Primal Bound       : -6.97838235294117e+02 (3 solutions)
Dual Bound         : -6.97838235294117e+02
Gap                : 0.00 %
feasible solution found by trivial heuristic after 0.1 seconds, objective value -4.999944e+06
presolving:
(round 1, fast)       0 del vars, 0 del conss, 0 add conss, 100 chg bounds, 0 chg sides, 0 chg coeffs, 0 upgd conss, 0 impls, 0 clqs, 0 implints
   (0.5s) running MILP presolver
   (0.7s) MILP presolver (2 rounds): 0 aggregations, 0 fixings, 0 bound changes
(round 2, exhaustive) 0 del vars, 680 del conss, 0 add conss, 100 chg bounds, 0 chg sides, 0 chg coeffs, 0 upgd conss, 0 impls, 0 clqs, 0 implints
   (1.6s) probing: 51/136 (37.5%) - 0 fixings, 0 aggregations, 0 implications, 0 bound changes
   (1.6s) probing aborted: 50/50 successive totally useless probings
   (1.6s) symmetry computation started: requiring (bin +, int +, cont +), (fixed: bin -, int -, cont -)
   (1.8s) no symmetry present (symcode time: 0.01)
presolving (3 rounds: 3 fast, 2 medium, 2 exhaustive):
 0 deleted vars, 680 deleted constraints, 0 added constraints, 100 tightened bounds, 0 added holes, 0 changed sides, 0 changed coefficients
 0 implications, 0 cliques, 0 implied integral variables (0 bin, 0 int, 0 cont)
presolved problem has 186 variables (136 bin, 0 int, 50 cont) and 7480 constraints
   7480 constraints of type <linear>
Presolving Time: 1.81

 time | node  | left  |LP iter|LP it/n|mem/heur|mdpt |vars |cons |rows |cuts |sepa|confs|strbr|  dualbound   | primalbound  |  gap   | compl. 
t 1.9s|     1 |     0 |     0 |     - | trivial|   0 | 186 |7480 |   0 |   0 |  0 |   0 |   0 | 3.640000e+02 |-3.344000e+03 |    Inf | unknown
p 2.3s|     1 |     0 |    48 |     - |   locks|   0 | 186 |7480 |7480 |   0 |  0 |   0 |   0 | 3.640000e+02 |-9.712206e+02 |    Inf | unknown
* 2.7s|     1 |     0 |   684 |     - |    LP  |   0 | 186 |7480 |7480 |   0 |  0 |   0 |   0 |-6.978382e+02 |-6.978382e+02 |   0.00%| unknown
  2.7s|     1 |     0 |   684 |     - |   500M |   0 | 186 |7480 |7480 |   0 |  0 |   0 |   0 |-6.978382e+02 |-6.978382e+02 |   0.00%| unknown

SCIP Status        : problem is solved [optimal solution found]
Solving Time (sec) : 2.67
Solving Nodes      : 1
Primal Bound       : -6.97838235294117e+02 (4 solutions)
Dual Bound         : -6.97838235294117e+02
Gap                : 0.00 %
feasible solution found by trivial heuristic after 0.0 seconds, objective value 0.000000e+00
presolving:
   (0.0s) symmetry computation started: requiring (bin +, int +, cont +), (fixed: bin -, int -, cont -)
   (0.0s) symmetry computation finished: 49 generators found (max: 1500, log10 of symmetry group size: 64.48) (symcode time: 0.00)
dynamic symmetry handling statistics:
   orbitopal reduction:       no components
   orbital reduction:         no components
   lexicographic reduction:   no permutations
handled 1 out of 1 symmetry components
presolving (0 rounds: 0 fast, 0 medium, 0 exhaustive):
 0 deleted vars, 0 deleted constraints, 0 added constraints, 0 tightened bounds, 0 added holes, 0 changed sides, 0 changed coefficients
 0 implications, 0 cliques, 0 implied integral variables (0 bin, 0 int, 0 cont)
presolved problem has 186 variables (136 bin, 0 int, 50 cont) and 1409 constraints
   1409 constraints of type <linear>
Presolving Time: 0.00
transformed 2/2 original solutions to the transformed problem space

 time | node  | left  |LP iter|LP it/n|mem/heur|mdpt |vars |cons |rows |cuts |sepa|confs|strbr|  dualbound   | primalbound  |  gap   | compl. 
t 0.0s|     1 |     0 |     0 |     - | trivial|   0 | 186 |1360 |   0 |   0 |  0 |   0 |   0 | 3.640000e+02 | 5.600000e+01 | 550.00%| unknown
p 0.0s|     1 |     0 |     0 |     - |   locks|   0 | 186 |1360 |1360 |   0 |  0 |   0 |   0 | 3.640000e+02 | 9.400000e+01 | 287.23%| unknown
i 0.0s|     1 |     0 |     0 |     - |  oneopt|   0 | 186 |1360 |1360 |   0 |  0 |   0 |   0 | 3.640000e+02 | 1.940000e+02 |  87.63%| unknown
* 0.0s|     1 |     0 |    19 |     - |    LP  |   0 | 186 |1360 |1360 |   0 |  0 |   0 |   0 | 3.340000e+02 | 3.340000e+02 |   0.00%| unknown
  0.0s|     1 |     0 |    19 |     - |  7310k |   0 | 186 |1360 |1360 |   0 |  0 |   0 |   0 | 3.340000e+02 | 3.340000e+02 |   0.00%| unknown

SCIP Status        : problem is solved [optimal solution found]
Solving Time (sec) : 0.01
Solving Nodes      : 1
Primal Bound       : +3.34000000000000e+02 (6 solutions)
Dual Bound         : +3.34000000000000e+02
Gap                : 0.00 %
  [linear] <c1361>: <x137>[C] (+0) -0.599264706<x1>[B] (+1) +0.599264706<x2>[B] (+1) -0.599264706<x3>[B] (+1) -0.599264706<x4>[B] (+1) -0.599264706<x5>[B] (+0) -0.599264706<x6>[B] (+1) -0.599264706<x7>[B] (+1) -0.599264706<x8>[B] (+0) -0.599264706<x9>[B] (+0) -0.599264706<x10>[B] (+1) +0.599264706<x11>[B] (+0) -0.599264706<x12>[B] (+1) -0.599264706<x13>[B] (+1) -0.599264706<x14>[B] (+1) -0.599264706<x15>[B] (+1) -0.599264706<x16>[B] (+1) +0.599264706<x17>[B] (+1) +0.599264706<x18>[B] (+0) +0.599264706<x19>[B] (+1) +0.599264706<x20>[B] (+0) +0.599264706<x21>[B] (+1) +0.599264706<x22>[B] (+1) +0.599264706<x23>[B] (+0) +0.599264706<x24>[B] (+0) +0.599264706<x25>[B] (+1) +0.599264706<x26>[B] (+0) +0.599264706<x27>[B] (+1) -0.599264706<x28>[B] (+1) -0.599264706<x29>[B] (+1) +0.599264706<x30>[B] (+1) -0.599264706<x31>[B] (+1) -0.599264706<x32>[B] (+0) -0.599264706<x33>[B] (+0) -0.599264706<x34>[B] (+0) -0.599264706<x35>[B] (+0) -0.599264706<x36>[B] (+0) -0.599264706<x37>[B] (+0) -0.599264706<x38>[B] (+0) -0.599264706<x39>[B] (+0) -0.599264706<x40>[B] (+0) -0.599264706<x41>[B] (+0) -0.599264706<x42>[B] (+0) -0.599264706<x43>[B] (+0) -0.599264706<x44>[B] (+0) -0.599264706<x45>[B] (+0) -0.599264706<x46>[B] (+1) +0.599264706<x47>[B] (+0) -0.599264706<x48>[B] (+1) -0.599264706<x49>[B] (+1) -0.599264706<x50>[B] (+0) +0.599264706<x51>[B] (+0) -0.599264706<x52>[B] (+1) +0.599264706<x53>[B] (+0) -0.599264706<x54>[B] (+1) -0.599264706<x55>[B] (+1) -0.599264706<x56>[B] (+1) +0.599264706<x57>[B] (+1) -0.599264706<x58>[B] (+1) +0.599264706<x59>[B] (+0) -0.599264706<x60>[B] (+0) -0.599264706<x61>[B] (+1) -0.599264706<x62>[B] (+0) +0.599264706<x63>[B] (+0) -0.599264706<x64>[B] (+1) +0.599264706<x65>[B] (+0) -0.599264706<x66>[B] (+0) -0.599264706<x67>[B] (+1) -0.599264706<x68>[B] (+0) +0.599264706<x69>[B] (+1) -0.599264706<x70>[B] (+0) -0.599264706<x71>[B] (+1) -0.599264706<x72>[B] (+1) -0.599264706<x73>[B] (+1) -0.599264706<x74>[B] (+0) -0.599264706<x75>[B] (+1) +0.599264706<x76>[B] (+0) -0.599264706<x77>[B] (+1) -0.599264706<x78>[B] (+1) -0.599264706<x79>[B] (+1) +0.599264706<x80>[B] (+1) -0.599264706<x81>[B] (+1) +0.599264706<x82>[B] (+1) +0.599264706<x83>[B] (+0) +0.599264706<x84>[B] (+0) +0.599264706<x85>[B] (+1) +0.599264706<x86>[B] (+0) +0.599264706<x87>[B] (+1) -0.599264706<x88>[B] (+1) -0.599264706<x89>[B] (+1) +0.599264706<x90>[B] (+1) -0.599264706<x91>[B] (+1) +0.599264706<x92>[B] (+0) +0.599264706<x93>[B] (+0) +0.599264706<x94>[B] (+1) +0.599264706<x95>[B] (+0) +0.599264706<x96>[B] (+0) -0.599264706<x97>[B] (+1) -0.599264706<x98>[B] (+0) +0.599264706<x99>[B] (+0) -0.599264706<x100>[B] (+0) +0.599264706<x101>[B] (+0) +0.599264706<x102>[B] (+1) +0.599264706<x103>[B] (+0) +0.599264706<x104>[B] (+1) -0.599264706<x105>[B] (+1) -0.599264706<x106>[B] (+1) +0.599264706<x107>[B] (+1) -0.599264706<x108>[B] (+1) -0.599264706<x109>[B] (+1) +0.599264706<x110>[B] (+0) -0.599264706<x111>[B] (+1) -0.599264706<x112>[B] (+1) -0.599264706<x113>[B] (+1) +0.599264706<x114>[B] (+1) -0.599264706<x115>[B] (+1) +0.599264706<x116>[B] (+0) -0.599264706<x117>[B] (+0) -0.599264706<x118>[B] (+1) -0.599264706<x119>[B] (+0) +0.599264706<x120>[B] (+0) -0.599264706<x121>[B] (+0) -0.599264706<x122>[B] (+1) -0.599264706<x123>[B] (+1) -0.599264706<x124>[B] (+1) -0.599264706<x125>[B] (+1) -0.599264706<x126>[B] (+1) -0.599264706<x127>[B] (+1) -0.599264706<x128>[B] (+1) +0.599264706<x129>[B] (+1) -0.599264706<x130>[B] (+0) +0.599264706<x131>[B] (+0) +0.599264706<x132>[B] (+0) +0.599264706<x133>[B] (+0) +0.599264706<x134>[B] (+1) -0.599264706<x135>[B] (+0) -0.599264706<x136>[B] (+0) >= 6.14338235294118;
;
violation: left hand side is violated by 24.7205882352941
  [linear] <c1361>: <x137>[C] (+0) -0.599264706<x1>[B] (+1) +0.599264706<x2>[B] (+1) -0.599264706<x3>[B] (+1) -0.599264706<x4>[B] (+1) -0.599264706<x5>[B] (+0) -0.599264706<x6>[B] (+1) -0.599264706<x7>[B] (+1) -0.599264706<x8>[B] (+0) -0.599264706<x9>[B] (+1) -0.599264706<x10>[B] (+1) +0.599264706<x11>[B] (+1) -0.599264706<x12>[B] (+0) -0.599264706<x13>[B] (+1) -0.599264706<x14>[B] (+0) -0.599264706<x15>[B] (+1) -0.599264706<x16>[B] (+1) +0.599264706<x17>[B] (+0) +0.599264706<x18>[B] (+0) +0.599264706<x19>[B] (+0) +0.599264706<x20>[B] (+0) +0.599264706<x21>[B] (+0) +0.599264706<x22>[B] (+1) +0.599264706<x23>[B] (+0) +0.599264706<x24>[B] (+0) +0.599264706<x25>[B] (+0) +0.599264706<x26>[B] (+0) +0.599264706<x27>[B] (+0) -0.599264706<x28>[B] (+1) -0.599264706<x29>[B] (+0) +0.599264706<x30>[B] (+1) -0.599264706<x31>[B] (+1) -0.599264706<x32>[B] (+0) -0.599264706<x33>[B] (+1) -0.599264706<x34>[B] (+0) -0.599264706<x35>[B] (+1) -0.599264706<x36>[B] (+1) -0.599264706<x37>[B] (+0) -0.599264706<x38>[B] (+0) -0.599264706<x39>[B] (+0) -0.599264706<x40>[B] (+1) -0.599264706<x41>[B] (+0) -0.599264706<x42>[B] (+1) -0.599264706<x43>[B] (+0) -0.599264706<x44>[B] (+1) -0.599264706<x45>[B] (+1) -0.599264706<x46>[B] (+1) +0.599264706<x47>[B] (+0) -0.599264706<x48>[B] (+1) -0.599264706<x49>[B] (+1) -0.599264706<x50>[B] (+0) +0.599264706<x51>[B] (+1) -0.599264706<x52>[B] (+1) +0.599264706<x53>[B] (+1) -0.599264706<x54>[B] (+0) -0.599264706<x55>[B] (+1) -0.599264706<x56>[B] (+0) +0.599264706<x57>[B] (+1) -0.599264706<x58>[B] (+1) +0.599264706<x59>[B] (+0) -0.599264706<x60>[B] (+0) -0.599264706<x61>[B] (+1) -0.599264706<x62>[B] (+0) +0.599264706<x63>[B] (+0) -0.599264706<x64>[B] (+0) +0.599264706<x65>[B] (+0) -0.599264706<x66>[B] (+0) -0.599264706<x67>[B] (+1) -0.599264706<x68>[B] (+0) +0.599264706<x69>[B] (+1) -0.599264706<x70>[B] (+1) -0.599264706<x71>[B] (+1) -0.599264706<x72>[B] (+1) -0.599264706<x73>[B] (+1) -0.599264706<x74>[B] (+1) -0.599264706<x75>[B] (+1) +0.599264706<x76>[B] (+1) -0.599264706<x77>[B] (+1) -0.599264706<x78>[B] (+1) -0.599264706<x79>[B] (+1) +0.599264706<x80>[B] (+1) -0.599264706<x81>[B] (+1) +0.599264706<x82>[B] (+1) +0.599264706<x83>[B] (+0) +0.599264706<x84>[B] (+0) +0.599264706<x85>[B] (+0) +0.599264706<x86>[B] (+1) +0.599264706<x87>[B] (+0) -0.599264706<x88>[B] (+1) -0.599264706<x89>[B] (+0) +0.599264706<x90>[B] (+1) -0.599264706<x91>[B] (+1) +0.599264706<x92>[B] (+0) +0.599264706<x93>[B] (+0) +0.599264706<x94>[B] (+0) +0.599264706<x95>[B] (+0) +0.599264706<x96>[B] (+0) -0.599264706<x97>[B] (+1) -0.599264706<x98>[B] (+0) +0.599264706<x99>[B] (+0) -0.599264706<x100>[B] (+1) +0.599264706<x101>[B] (+1) +0.599264706<x102>[B] (+1) +0.599264706<x103>[B] (+1) +0.599264706<x104>[B] (+1) -0.599264706<x105>[B] (+1) -0.599264706<x106>[B] (+1) +0.599264706<x107>[B] (+1) -0.599264706<x108>[B] (+1) -0.599264706<x109>[B] (+1) +0.599264706<x110>[B] (+1) -0.599264706<x111>[B] (+0) -0.599264706<x112>[B] (+1) -0.599264706<x113>[B] (+0) +0.599264706<x114>[B] (+1) -0.599264706<x115>[B] (+1) +0.599264706<x116>[B] (+1) -0.599264706<x117>[B] (+0) -0.599264706<x118>[B] (+1) -0.599264706<x119>[B] (+0) +0.599264706<x120>[B] (+1) -0.599264706<x121>[B] (+1) -0.599264706<x122>[B] (+0) -0.599264706<x123>[B] (+1) -0.599264706<x124>[B] (+0) -0.599264706<x125>[B] (+1) -0.599264706<x126>[B] (+1) -0.599264706<x127>[B] (+1) -0.599264706<x128>[B] (+1) +0.599264706<x129>[B] (+1) -0.599264706<x130>[B] (+1) +0.599264706<x131>[B] (+0) +0.599264706<x132>[B] (+0) +0.599264706<x133>[B] (+0) +0.599264706<x134>[B] (+1) -0.599264706<x135>[B] (+1) -0.599264706<x136>[B] (+1) >= 6.14338235294118;
;
violation: left hand side is violated by 25.9191176470588
  [linear] <c1361>: <x137>[C] (+0) -0.599264706<x1>[B] (+1) +0.599264706<x2>[B] (+1) -0.599264706<x3>[B] (+1) -0.599264706<x4>[B] (+1) -0.599264706<x5>[B] (+0) -0.599264706<x6>[B] (+1) -0.599264706<x7>[B] (+1) -0.599264706<x8>[B] (+0) -0.599264706<x9>[B] (+1) -0.599264706<x10>[B] (+1) +0.599264706<x11>[B] (+1) -0.599264706<x12>[B] (+0) -0.599264706<x13>[B] (+1) -0.599264706<x14>[B] (+0) -0.599264706<x15>[B] (+1) -0.599264706<x16>[B] (+1) +0.599264706<x17>[B] (+0) +0.599264706<x18>[B] (+0) +0.599264706<x19>[B] (+0) +0.599264706<x20>[B] (+0) +0.599264706<x21>[B] (+0) +0.599264706<x22>[B] (+0) +0.599264706<x23>[B] (+0) +0.599264706<x24>[B] (+0) +0.599264706<x25>[B] (+0) +0.599264706<x26>[B] (+0) +0.599264706<x27>[B] (+0) -0.599264706<x28>[B] (+0) -0.599264706<x29>[B] (+0) +0.599264706<x30>[B] (+0) -0.599264706<x31>[B] (+1) -0.599264706<x32>[B] (+1) -0.599264706<x33>[B] (+1) -0.599264706<x34>[B] (+0) -0.599264706<x35>[B] (+1) -0.599264706<x36>[B] (+1) -0.599264706<x37>[B] (+0) -0.599264706<x38>[B] (+1) -0.599264706<x39>[B] (+1) -0.599264706<x40>[B] (+1) -0.599264706<x41>[B] (+0) -0.599264706<x42>[B] (+1) -0.599264706<x43>[B] (+0) -0.599264706<x44>[B] (+1) -0.599264706<x45>[B] (+1) -0.599264706<x46>[B] (+1) +0.599264706<x47>[B] (+0) -0.599264706<x48>[B] (+1) -0.599264706<x49>[B] (+1) -0.599264706<x50>[B] (+0) +0.599264706<x51>[B] (+1) -0.599264706<x52>[B] (+1) +0.599264706<x53>[B] (+1) -0.599264706<x54>[B] (+0) -0.599264706<x55>[B] (+1) -0.599264706<x56>[B] (+0) +0.599264706<x57>[B] (+1) -0.599264706<x58>[B] (+1) +0.599264706<x59>[B] (+0) -0.599264706<x60>[B] (+1) -0.599264706<x61>[B] (+1) -0.599264706<x62>[B] (+0) +0.599264706<x63>[B] (+0) -0.599264706<x64>[B] (+0) +0.599264706<x65>[B] (+1) -0.599264706<x66>[B] (+0) -0.599264706<x67>[B] (+1) -0.599264706<x68>[B] (+0) +0.599264706<x69>[B] (+0) -0.599264706<x70>[B] (+1) -0.599264706<x71>[B] (+1) -0.599264706<x72>[B] (+1) -0.599264706<x73>[B] (+1) -0.599264706<x74>[B] (+1) -0.599264706<x75>[B] (+1) +0.599264706<x76>[B] (+1) -0.599264706<x77>[B] (+1) -0.599264706<x78>[B] (+1) -0.599264706<x79>[B] (+1) +0.599264706<x80>[B] (+1) -0.599264706<x81>[B] (+1) +0.599264706<x82>[B] (+1) +0.599264706<x83>[B] (+0) +0.599264706<x84>[B] (+0) +0.599264706<x85>[B] (+0) +0.599264706<x86>[B] (+1) +0.599264706<x87>[B] (+0) -0.599264706<x88>[B] (+1) -0.599264706<x89>[B] (+0) +0.599264706<x90>[B] (+0) -0.599264706<x91>[B] (+1) +0.599264706<x92>[B] (+0) +0.599264706<x93>[B] (+0) +0.599264706<x94>[B] (+0) +0.599264706<x95>[B] (+0) +0.599264706<x96>[B] (+0) -0.599264706<x97>[B] (+1) -0.599264706<x98>[B] (+0) +0.599264706<x99>[B] (+0) -0.599264706<x100>[B] (+1) +0.599264706<x101>[B] (+1) +0.599264706<x102>[B] (+1) +0.599264706<x103>[B] (+1) +0.599264706<x104>[B] (+1) -0.599264706<x105>[B] (+1) -0.599264706<x106>[B] (+1) +0.599264706<x107>[B] (+1) -0.599264706<x108>[B] (+1) -0.599264706<x109>[B] (+0) +0.599264706<x110>[B] (+1) -0.599264706<x111>[B] (+0) -0.599264706<x112>[B] (+1) -0.599264706<x113>[B] (+0) +0.599264706<x114>[B] (+1) -0.599264706<x115>[B] (+1) +0.599264706<x116>[B] (+1) -0.599264706<x117>[B] (+0) -0.599264706<x118>[B] (+1) -0.599264706<x119>[B] (+0) +0.599264706<x120>[B] (+1) -0.599264706<x121>[B] (+1) -0.599264706<x122>[B] (+0) -0.599264706<x123>[B] (+1) -0.599264706<x124>[B] (+0) -0.599264706<x125>[B] (+0) -0.599264706<x126>[B] (+1) -0.599264706<x127>[B] (+1) -0.599264706<x128>[B] (+1) +0.599264706<x129>[B] (+1) -0.599264706<x130>[B] (+1) +0.599264706<x131>[B] (+0) +0.599264706<x132>[B] (+0) +0.599264706<x133>[B] (+1) +0.599264706<x134>[B] (+1) -0.599264706<x135>[B] (+1) -0.599264706<x136>[B] (+1) >= 6.14338235294118;
;
violation: left hand side is violated by 27.7169117647059
  [linear] <c1361>: <x137>[C] (+0) -0.599264706<x1>[B] (+1) +0.599264706<x2>[B] (+1) -0.599264706<x3>[B] (+1) -0.599264706<x4>[B] (+1) -0.599264706<x5>[B] (+1) -0.599264706<x6>[B] (+1) -0.599264706<x7>[B] (+1) -0.599264706<x8>[B] (+1) -0.599264706<x9>[B] (+1) -0.599264706<x10>[B] (+1) +0.599264706<x11>[B] (+1) -0.599264706<x12>[B] (+1) -0.599264706<x13>[B] (+1) -0.599264706<x14>[B] (+1) -0.599264706<x15>[B] (+1) -0.599264706<x16>[B] (+1) +0.599264706<x17>[B] (+1) +0.599264706<x18>[B] (+1) +0.599264706<x19>[B] (+1) +0.599264706<x20>[B] (+1) +0.599264706<x21>[B] (+1) +0.599264706<x22>[B] (+1) +0.599264706<x23>[B] (+1) +0.599264706<x24>[B] (+1) +0.599264706<x25>[B] (+1) +0.599264706<x26>[B] (+1) +0.599264706<x27>[B] (+1) -0.599264706<x28>[B] (+1) -0.599264706<x29>[B] (+1) +0.599264706<x30>[B] (+1) -0.599264706<x31>[B] (+1) -0.599264706<x32>[B] (+1) -0.599264706<x33>[B] (+1) -0.599264706<x34>[B] (+1) -0.599264706<x35>[B] (+1) -0.599264706<x36>[B] (+1) -0.599264706<x37>[B] (+1) -0.599264706<x38>[B] (+1) -0.599264706<x39>[B] (+1) -0.599264706<x40>[B] (+1) -0.599264706<x41>[B] (+1) -0.599264706<x42>[B] (+1) -0.599264706<x43>[B] (+1) -0.599264706<x44>[B] (+1) -0.599264706<x45>[B] (+1) -0.599264706<x46>[B] (+1) +0.599264706<x47>[B] (+1) -0.599264706<x48>[B] (+1) -0.599264706<x49>[B] (+1) -0.599264706<x50>[B] (+1) +0.599264706<x51>[B] (+1) -0.599264706<x52>[B] (+1) +0.599264706<x53>[B] (+1) -0.599264706<x54>[B] (+1) -0.599264706<x55>[B] (+1) -0.599264706<x56>[B] (+1) +0.599264706<x57>[B] (+1) -0.599264706<x58>[B] (+1) +0.599264706<x59>[B] (+1) -0.599264706<x60>[B] (+1) -0.599264706<x61>[B] (+1) -0.599264706<x62>[B] (+1) +0.599264706<x63>[B] (+1) -0.599264706<x64>[B] (+1) +0.599264706<x65>[B] (+1) -0.599264706<x66>[B] (+1) -0.599264706<x67>[B] (+1) -0.599264706<x68>[B] (+1) +0.599264706<x69>[B] (+1) -0.599264706<x70>[B] (+1) -0.599264706<x71>[B] (+1) -0.599264706<x72>[B] (+1) -0.599264706<x73>[B] (+1) -0.599264706<x74>[B] (+1) -0.599264706<x75>[B] (+1) +0.599264706<x76>[B] (+1) -0.599264706<x77>[B] (+1) -0.599264706<x78>[B] (+1) -0.599264706<x79>[B] (+1) +0.599264706<x80>[B] (+1) -0.599264706<x81>[B] (+1) +0.599264706<x82>[B] (+1) +0.599264706<x83>[B] (+1) +0.599264706<x84>[B] (+1) +0.599264706<x85>[B] (+1) +0.599264706<x86>[B] (+1) +0.599264706<x87>[B] (+1) -0.599264706<x88>[B] (+1) -0.599264706<x89>[B] (+1) +0.599264706<x90>[B] (+1) -0.599264706<x91>[B] (+1) +0.599264706<x92>[B] (+1) +0.599264706<x93>[B] (+1) +0.599264706<x94>[B] (+1) +0.599264706<x95>[B] (+1) +0.599264706<x96>[B] (+1) -0.599264706<x97>[B] (+1) -0.599264706<x98>[B] (+1) +0.599264706<x99>[B] (+1) -0.599264706<x100>[B] (+1) +0.599264706<x101>[B] (+1) +0.599264706<x102>[B] (+1) +0.599264706<x103>[B] (+1) +0.599264706<x104>[B] (+1) -0.599264706<x105>[B] (+1) -0.599264706<x106>[B] (+1) +0.599264706<x107>[B] (+1) -0.599264706<x108>[B] (+1) -0.599264706<x109>[B] (+1) +0.599264706<x110>[B] (+1) -0.599264706<x111>[B] (+1) -0.599264706<x112>[B] (+1) -0.599264706<x113>[B] (+1) +0.599264706<x114>[B] (+1) -0.599264706<x115>[B] (+1) +0.599264706<x116>[B] (+1) -0.599264706<x117>[B] (+1) -0.599264706<x118>[B] (+1) -0.599264706<x119>[B] (+1) +0.599264706<x120>[B] (+1) -0.599264706<x121>[B] (+1) -0.599264706<x122>[B] (+1) -0.599264706<x123>[B] (+1) -0.599264706<x124>[B] (+1) -0.599264706<x125>[B] (+1) -0.599264706<x126>[B] (+1) -0.599264706<x127>[B] (+1) -0.599264706<x128>[B] (+1) +0.599264706<x129>[B] (+1) -0.599264706<x130>[B] (+1) +0.599264706<x131>[B] (+1) +0.599264706<x132>[B] (+1) +0.599264706<x133>[B] (+1) +0.599264706<x134>[B] (+1) -0.599264706<x135>[B] (+1) -0.599264706<x136>[B] (+1) >= 6.14338235294118;
;
violation: left hand side is violated by 26.5183823529412
  [linear] <c1361>: <x137>[C] (+0) -0.599264706<x1>[B] (+0) +0.599264706<x2>[B] (+0) -0.599264706<x3>[B] (+0) -0.599264706<x4>[B] (+0) -0.599264706<x5>[B] (+0) -0.599264706<x6>[B] (+0) -0.599264706<x7>[B] (+0) -0.599264706<x8>[B] (+0) -0.599264706<x9>[B] (+0) -0.599264706<x10>[B] (+0) +0.599264706<x11>[B] (+0) -0.599264706<x12>[B] (+0) -0.599264706<x13>[B] (+0) -0.599264706<x14>[B] (+0) -0.599264706<x15>[B] (+0) -0.599264706<x16>[B] (+0) +0.599264706<x17>[B] (+0) +0.599264706<x18>[B] (+0) +0.599264706<x19>[B] (+0) +0.599264706<x20>[B] (+0) +0.599264706<x21>[B] (+0) +0.599264706<x22>[B] (+0) +0.599264706<x23>[B] (+0) +0.599264706<x24>[B] (+0) +0.599264706<x25>[B] (+0) +0.599264706<x26>[B] (+0) +0.599264706<x27>[B] (+0) -0.599264706<x28>[B] (+0) -0.599264706<x29>[B] (+0) +0.599264706<x30>[B] (+0) -0.599264706<x31>[B] (+0) -0.599264706<x32>[B] (+0) -0.599264706<x33>[B] (+0) -0.599264706<x34>[B] (+0) -0.599264706<x35>[B] (+0) -0.599264706<x36>[B] (+0) -0.599264706<x37>[B] (+0) -0.599264706<x38>[B] (+0) -0.599264706<x39>[B] (+0) -0.599264706<x40>[B] (+0) -0.599264706<x41>[B] (+0) -0.599264706<x42>[B] (+0) -0.599264706<x43>[B] (+0) -0.599264706<x44>[B] (+0) -0.599264706<x45>[B] (+0) -0.599264706<x46>[B] (+0) +0.599264706<x47>[B] (+0) -0.599264706<x48>[B] (+0) -0.599264706<x49>[B] (+0) -0.599264706<x50>[B] (+0) +0.599264706<x51>[B] (+0) -0.599264706<x52>[B] (+0) +0.599264706<x53>[B] (+0) -0.599264706<x54>[B] (+0) -0.599264706<x55>[B] (+0) -0.599264706<x56>[B] (+0) +0.599264706<x57>[B] (+0) -0.599264706<x58>[B] (+0) +0.599264706<x59>[B] (+0) -0.599264706<x60>[B] (+0) -0.599264706<x61>[B] (+0) -0.599264706<x62>[B] (+0) +0.599264706<x63>[B] (+0) -0.599264706<x64>[B] (+0) +0.599264706<x65>[B] (+0) -0.599264706<x66>[B] (+0) -0.599264706<x67>[B] (+0) -0.599264706<x68>[B] (+0) +0.599264706<x69>[B] (+0) -0.599264706<x70>[B] (+0) -0.599264706<x71>[B] (+0) -0.599264706<x72>[B] (+0) -0.599264706<x73>[B] (+0) -0.599264706<x74>[B] (+0) -0.599264706<x75>[B] (+0) +0.599264706<x76>[B] (+0) -0.599264706<x77>[B] (+0) -0.599264706<x78>[B] (+0) -0.599264706<x79>[B] (+0) +0.599264706<x80>[B] (+0) -0.599264706<x81>[B] (+0) +0.599264706<x82>[B] (+0) +0.599264706<x83>[B] (+0) +0.599264706<x84>[B] (+0) +0.599264706<x85>[B] (+0) +0.599264706<x86>[B] (+0) +0.599264706<x87>[B] (+0) -0.599264706<x88>[B] (+0) -0.599264706<x89>[B] (+0) +0.599264706<x90>[B] (+0) -0.599264706<x91>[B] (+0) +0.599264706<x92>[B] (+0) +0.599264706<x93>[B] (+0) +0.599264706<x94>[B] (+0) +0.599264706<x95>[B] (+0) +0.599264706<x96>[B] (+0) -0.599264706<x97>[B] (+0) -0.599264706<x98>[B] (+0) +0.599264706<x99>[B] (+0) -0.599264706<x100>[B] (+0) +0.599264706<x101>[B] (+0) +0.599264706<x102>[B] (+0) +0.599264706<x103>[B] (+0) +0.599264706<x104>[B] (+0) -0.599264706<x105>[B] (+0) -0.599264706<x106>[B] (+0) +0.599264706<x107>[B] (+0) -0.599264706<x108>[B] (+0) -0.599264706<x109>[B] (+0) +0.599264706<x110>[B] (+0) -0.599264706<x111>[B] (+0) -0.599264706<x112>[B] (+0) -0.599264706<x113>[B] (+0) +0.599264706<x114>[B] (+0) -0.599264706<x115>[B] (+0) +0.599264706<x116>[B] (+0) -0.599264706<x117>[B] (+0) -0.599264706<x118>[B] (+0) -0.599264706<x119>[B] (+0) +0.599264706<x120>[B] (+0) -0.599264706<x121>[B] (+0) -0.599264706<x122>[B] (+0) -0.599264706<x123>[B] (+0) -0.599264706<x124>[B] (+0) -0.599264706<x125>[B] (+0) -0.599264706<x126>[B] (+0) -0.599264706<x127>[B] (+0) -0.599264706<x128>[B] (+0) +0.599264706<x129>[B] (+0) -0.599264706<x130>[B] (+0) +0.599264706<x131>[B] (+0) +0.599264706<x132>[B] (+0) +0.599264706<x133>[B] (+0) +0.599264706<x134>[B] (+0) -0.599264706<x135>[B] (+0) -0.599264706<x136>[B] (+0) >= 6.14338235294118;
;
violation: left hand side is violated by 6.14338235294118
1/6 feasible solution given by solution candidate storage, new primal bound -4.999944e+06

presolving:
   (0.0s) symmetry computation started: requiring (bin +, int +, cont +), (fixed: bin -, int -, cont -)
   (0.0s) no symmetry present (symcode time: 0.00)
presolving (0 rounds: 0 fast, 0 medium, 0 exhaustive):
 0 deleted vars, 0 deleted constraints, 0 added constraints, 0 tightened bounds, 0 added holes, 0 changed sides, 0 changed coefficients
 0 implications, 0 cliques, 0 implied integral variables (0 bin, 0 int, 0 cont)
presolved problem has 186 variables (136 bin, 0 int, 50 cont) and 1410 constraints
   1410 constraints of type <linear>
Presolving Time: 0.00
transformed 1/1 original solutions to the transformed problem space

 time | node  | left  |LP iter|LP it/n|mem/heur|mdpt |vars |cons |rows |cuts |sepa|confs|strbr|  dualbound   | primalbound  |  gap   | compl. 
p 0.0s|     1 |     0 |    14 |     - |   locks|   0 | 186 |1410 |1410 |   0 |  0 |   0 |   0 | 3.640000e+02 |-8.807757e+02 |    Inf | unknown
* 0.0s|     1 |     0 |   349 |     - |    LP  |   0 | 186 |1410 |1410 |   0 |  0 |   0 |   0 |-6.968824e+02 |-6.968824e+02 |   0.00%| unknown
  0.0s|     1 |     0 |   349 |     - |    10M |   0 | 186 |1410 |1410 |   0 |  0 |   0 |   0 |-6.968824e+02 |-6.968824e+02 |   0.00%| unknown

SCIP Status        : problem is solved [optimal solution found]
Solving Time (sec) : 0.03
Solving Nodes      : 1
Primal Bound       : -6.96882352941176e+02 (4 solutions)
Dual Bound         : -6.96882352941176e+02
Gap                : 0.00 %
  [linear] <c1411>: <x137>[C] (+28.3161765) -0.643382353<x1>[B] (+1) +0.643382353<x2>[B] (+1) -0.643382353<x3>[B] (+1) -0.643382353<x4>[B] (+1) -0.643382353<x5>[B] (+1) -0.643382353<x6>[B] (+1) -0.643382353<x7>[B] (+1) -0.643382353<x8>[B] (+1) -0.643382353<x9>[B] (+0) -0.643382353<x10>[B] (+1) +0.643382353<x11>[B] (+0) -0.643382353<x12>[B] (+1) -0.643382353<x13>[B] (+1) -0.643382353<x14>[B] (+1) -0.643382353<x15>[B] (+1) -0.643382353<x16>[B] (+1) +0.643382353<x17>[B] (+1) +0.643382353<x18>[B] (+0) +0.643382353<x19>[B] (+1) +0.643382353<x20>[B] (+0) +0.643382353<x21>[B] (+1) +0.643382353<x22>[B] (+1) +0.643382353<x23>[B] (+0) +0.643382353<x24>[B] (+0) +0.643382353<x25>[B] (+1) +0.643382353<x26>[B] (+0) +0.643382353<x27>[B] (+1) -0.643382353<x28>[B] (+1) -0.643382353<x29>[B] (+1) +0.643382353<x30>[B] (+1) -0.643382353<x31>[B] (+1) -0.643382353<x32>[B] (+0) -0.643382353<x33>[B] (+0) -0.643382353<x34>[B] (+0) -0.643382353<x35>[B] (+0) -0.643382353<x36>[B] (+0) -0.643382353<x37>[B] (+0) -0.643382353<x38>[B] (+0) -0.643382353<x39>[B] (+0) -0.643382353<x40>[B] (+0) -0.643382353<x41>[B] (+0) -0.643382353<x42>[B] (+0) -0.643382353<x43>[B] (+0) -0.643382353<x44>[B] (+0) -0.643382353<x45>[B] (+0) -0.643382353<x46>[B] (+1) +0.643382353<x47>[B] (+0) -0.643382353<x48>[B] (+1) -0.643382353<x49>[B] (+1) -0.643382353<x50>[B] (+0) +0.643382353<x51>[B] (+0) -0.643382353<x52>[B] (+1) +0.643382353<x53>[B] (+0) -0.643382353<x54>[B] (+1) -0.643382353<x55>[B] (+1) -0.643382353<x56>[B] (+1) +0.643382353<x57>[B] (+1) -0.643382353<x58>[B] (+1) +0.643382353<x59>[B] (+0) -0.643382353<x60>[B] (+0) -0.643382353<x61>[B] (+1) -0.643382353<x62>[B] (+0) +0.643382353<x63>[B] (+0) -0.643382353<x64>[B] (+1) +0.643382353<x65>[B] (+0) -0.643382353<x66>[B] (+0) -0.643382353<x67>[B] (+1) -0.643382353<x68>[B] (+0) +0.643382353<x69>[B] (+1) -0.643382353<x70>[B] (+1) -0.643382353<x71>[B] (+1) -0.643382353<x72>[B] (+1) -0.643382353<x73>[B] (+1) -0.643382353<x74>[B] (+0) -0.643382353<x75>[B] (+1) +0.643382353<x76>[B] (+0) -0.643382353<x77>[B] (+1) -0.643382353<x78>[B] (+1) -0.643382353<x79>[B] (+1) +0.643382353<x80>[B] (+1) -0.643382353<x81>[B] (+1) +0.643382353<x82>[B] (+1) +0.643382353<x83>[B] (+0) +0.643382353<x84>[B] (+0) +0.643382353<x85>[B] (+1) +0.643382353<x86>[B] (+0) +0.643382353<x87>[B] (+0) -0.643382353<x88>[B] (+1) -0.643382353<x89>[B] (+1) +0.643382353<x90>[B] (+1) -0.643382353<x91>[B] (+1) +0.643382353<x92>[B] (+0) +0.643382353<x93>[B] (+0) +0.643382353<x94>[B] (+1) +0.643382353<x95>[B] (+0) +0.643382353<x96>[B] (+0) -0.643382353<x97>[B] (+1) -0.643382353<x98>[B] (+0) +0.643382353<x99>[B] (+1) -0.643382353<x100>[B] (+1) +0.643382353<x101>[B] (+0) +0.643382353<x102>[B] (+1) +0.643382353<x103>[B] (+0) +0.643382353<x104>[B] (+1) -0.643382353<x105>[B] (+1) -0.643382353<x106>[B] (+1) +0.643382353<x107>[B] (+1) -0.643382353<x108>[B] (+1) -0.643382353<x109>[B] (+1) +0.643382353<x110>[B] (+0) -0.643382353<x111>[B] (+1) -0.643382353<x112>[B] (+1) -0.643382353<x113>[B] (+1) +0.643382353<x114>[B] (+1) -0.643382353<x115>[B] (+1) +0.643382353<x116>[B] (+0) -0.643382353<x117>[B] (+0) -0.643382353<x118>[B] (+1) -0.643382353<x119>[B] (+0) +0.643382353<x120>[B] (+0) -0.643382353<x121>[B] (+0) -0.643382353<x122>[B] (+1) -0.643382353<x123>[B] (+1) -0.643382353<x124>[B] (+1) -0.643382353<x125>[B] (+1) -0.643382353<x126>[B] (+1) -0.643382353<x127>[B] (+1) -0.643382353<x128>[B] (+1) +0.643382353<x129>[B] (+1) -0.643382353<x130>[B] (+1) +0.643382353<x131>[B] (+0) +0.643382353<x132>[B] (+0) +0.643382353<x133>[B] (+0) +0.643382353<x134>[B] (+1) -0.643382353<x135>[B] (+1) -0.643382353<x136>[B] (+0) >= 4.66544117647059;
;
violation: left hand side is violated by 0.154411764705918
  [linear] <c1413>: <x140>[C] (+20.0588235) +0.525735294<x1>[B] (+0) +0.525735294<x2>[B] (+0) +0.525735294<x3>[B] (+1) +0.525735294<x4>[B] (+0) +0.525735294<x5>[B] (+1) +0.525735294<x6>[B] (+0) +0.525735294<x7>[B] (+0) +0.525735294<x8>[B] (+0) +0.525735294<x9>[B] (+1) +0.525735294<x10>[B] (+0) +0.525735294<x11>[B] (+1) +0.525735294<x12>[B] (+0) +0.525735294<x13>[B] (+0) +0.525735294<x14>[B] (+0) +0.525735294<x15>[B] (+0) -0.525735294<x16>[B] (+1) -0.525735294<x17>[B] (+0) -0.525735294<x18>[B] (+1) -0.525735294<x19>[B] (+0) -0.525735294<x20>[B] (+1) -0.525735294<x21>[B] (+0) -0.525735294<x22>[B] (+0) -0.525735294<x23>[B] (+0) -0.525735294<x24>[B] (+1) -0.525735294<x25>[B] (+0) -0.525735294<x26>[B] (+1) -0.525735294<x27>[B] (+0) -0.525735294<x28>[B] (+0) -0.525735294<x29>[B] (+0) -0.525735294<x30>[B] (+0) -0.525735294<x31>[B] (+1) -0.525735294<x32>[B] (+1) +0.525735294<x33>[B] (+1) -0.525735294<x34>[B] (+1) -0.525735294<x35>[B] (+1) -0.525735294<x36>[B] (+1) -0.525735294<x37>[B] (+1) +0.525735294<x38>[B] (+1) +0.525735294<x39>[B] (+1) +0.525735294<x40>[B] (+1) +0.525735294<x41>[B] (+1) -0.525735294<x42>[B] (+1) +0.525735294<x43>[B] (+1) -0.525735294<x44>[B] (+1) -0.525735294<x45>[B] (+1) +0.525735294<x46>[B] (+0) -0.525735294<x47>[B] (+1) -0.525735294<x48>[B] (+0) -0.525735294<x49>[B] (+0) +0.525735294<x50>[B] (+0) +0.525735294<x51>[B] (+0) +0.525735294<x52>[B] (+0) +0.525735294<x53>[B] (+1) +0.525735294<x54>[B] (+0) -0.525735294<x55>[B] (+0) +0.525735294<x56>[B] (+0) -0.525735294<x57>[B] (+0) -0.525735294<x58>[B] (+0) -0.525735294<x59>[B] (+1) -0.525735294<x60>[B] (+1) -0.525735294<x61>[B] (+1) -0.525735294<x62>[B] (+1) +0.525735294<x63>[B] (+1) +0.525735294<x64>[B] (+0) -0.525735294<x65>[B] (+1) -0.525735294<x66>[B] (+1) -0.525735294<x67>[B] (+0) -0.525735294<x68>[B] (+1) -0.525735294<x69>[B] (+0) -0.525735294<x70>[B] (+1) -0.525735294<x71>[B] (+0) -0.525735294<x72>[B] (+0) +0.525735294<x73>[B] (+0) +0.525735294<x74>[B] (+0) +0.525735294<x75>[B] (+0) +0.525735294<x76>[B] (+1) +0.525735294<x77>[B] (+0) -0.525735294<x78>[B] (+0) +0.525735294<x79>[B] (+0) +0.525735294<x80>[B] (+0) -0.525735294<x81>[B] (+0) +0.525735294<x82>[B] (+1) +0.525735294<x83>[B] (+1) +0.525735294<x84>[B] (+1) +0.525735294<x85>[B] (+0) +0.525735294<x86>[B] (+1) +0.525735294<x87>[B] (+1) +0.525735294<x88>[B] (+0) +0.525735294<x89>[B] (+0) +0.525735294<x90>[B] (+0) -0.525735294<x91>[B] (+1) +0.525735294<x92>[B] (+1) +0.525735294<x93>[B] (+1) +0.525735294<x94>[B] (+0) +0.525735294<x95>[B] (+1) +0.525735294<x96>[B] (+1) +0.525735294<x97>[B] (+0) +0.525735294<x98>[B] (+0) +0.525735294<x99>[B] (+0) -0.525735294<x100>[B] (+1) +0.525735294<x101>[B] (+1) +0.525735294<x102>[B] (+0) +0.525735294<x103>[B] (+1) +0.525735294<x104>[B] (+0) -0.525735294<x105>[B] (+0) +0.525735294<x106>[B] (+0) -0.525735294<x107>[B] (+0) -0.525735294<x108>[B] (+1) +0.525735294<x109>[B] (+0) -0.525735294<x110>[B] (+1) -0.525735294<x111>[B] (+0) -0.525735294<x112>[B] (+0) -0.525735294<x113>[B] (+0) -0.525735294<x114>[B] (+0) -0.525735294<x115>[B] (+1) -0.525735294<x116>[B] (+1) -0.525735294<x117>[B] (+1) -0.525735294<x118>[B] (+0) -0.525735294<x119>[B] (+1) -0.525735294<x120>[B] (+1) -0.525735294<x121>[B] (+1) +0.525735294<x122>[B] (+0) -0.525735294<x123>[B] (+0) -0.525735294<x124>[B] (+0) -0.525735294<x125>[B] (+0) -0.525735294<x126>[B] (+0) -0.525735294<x127>[B] (+0) -0.525735294<x128>[B] (+0) -0.525735294<x129>[B] (+0) -0.525735294<x130>[B] (+1) +0.525735294<x131>[B] (+1) +0.525735294<x132>[B] (+1) -0.525735294<x133>[B] (+1) -0.525735294<x134>[B] (+0) -0.525735294<x135>[B] (+1) -0.525735294<x136>[B] (+1) >= 14.3272058823529;
;
violation: left hand side is violated by 0.0514705882353006
2/4 feasible solutions given by solution candidate storage, new primal bound -4.999944e+06

presolving:
   (0.0s) symmetry computation started: requiring (bin +, int +, cont +), (fixed: bin -, int -, cont -)
   (0.0s) no symmetry present (symcode time: 0.00)
presolving (0 rounds: 0 fast, 0 medium, 0 exhaustive):
 0 deleted vars, 0 deleted constraints, 0 added constraints, 0 tightened bounds, 0 added holes, 0 changed sides, 0 changed coefficients
 0 implications, 0 cliques, 0 implied integral variables (0 bin, 0 int, 0 cont)
presolved problem has 186 variables (136 bin, 0 int, 50 cont) and 1452 constraints
   1452 constraints of type <linear>
Presolving Time: 0.01
transformed 2/2 original solutions to the transformed problem space

 time | node  | left  |LP iter|LP it/n|mem/heur|mdpt |vars |cons |rows |cuts |sepa|confs|strbr|  dualbound   | primalbound  |  gap   | compl. 
p 0.0s|     1 |     0 |    19 |     - |   locks|   0 | 186 |1452 |1452 |   0 |  0 |   0 |   0 | 3.640000e+02 |-8.948529e+02 |    Inf | unknown
  0.0s|     1 |     0 |   422 |     - |    12M |   0 | 186 |1452 |1452 |   0 |  0 |   0 |   0 |-6.973888e+02 |-8.948529e+02 |  28.31%| unknown
r 0.0s|     1 |     0 |   422 |     - |shifting|   0 | 186 |1452 |1452 |   0 |  0 |   0 |   0 |-6.973888e+02 |-7.223612e+02 |   3.58%| unknown
  0.1s|     1 |     0 |   428 |     - |    14M |   0 | 186 |1452 |1456 |   4 |  1 |   0 |   0 |-6.973980e+02 |-7.223612e+02 |   3.58%| unknown
  0.1s|     1 |     0 |   428 |     - |    14M |   0 | 186 |1452 |1456 |   4 |  1 |   0 |   0 |-6.973980e+02 |-7.223612e+02 |   3.58%| unknown
  0.1s|     1 |     0 |   434 |     - |    14M |   0 | 186 |1452 |1463 |  11 |  2 |   0 |   0 |-6.974338e+02 |-7.223612e+02 |   3.57%| unknown
d 0.1s|     1 |     0 |   434 |     - |farkasdi|   0 | 186 |1452 |1463 |   0 |  3 |   0 |   0 |-6.974338e+02 |-6.974338e+02 |   0.00%| unknown
  0.1s|     1 |     0 |   434 |     - |    14M |   0 | 186 |1452 |1463 |  11 |  3 |   0 |   0 |-6.974338e+02 |-6.974338e+02 |   0.00%| unknown

SCIP Status        : problem is solved [optimal solution found]
Solving Time (sec) : 0.07
Solving Nodes      : 1
Primal Bound       : -6.97433823529412e+02 (6 solutions)
Dual Bound         : -6.97433823529412e+02
Gap                : 0.00 %
  [linear] <c1453>: <x137>[C] (+25.9191176) -0.613970588<x1>[B] (+1) +0.613970588<x2>[B] (+1) -0.613970588<x3>[B] (+1) -0.613970588<x4>[B] (+1) -0.613970588<x5>[B] (+1) -0.613970588<x6>[B] (+1) -0.613970588<x7>[B] (+1) -0.613970588<x8>[B] (+1) -0.613970588<x9>[B] (+0) -0.613970588<x10>[B] (+1) +0.613970588<x11>[B] (+0) -0.613970588<x12>[B] (+1) -0.613970588<x13>[B] (+1) -0.613970588<x14>[B] (+1) -0.613970588<x15>[B] (+1) -0.613970588<x16>[B] (+1) +0.613970588<x17>[B] (+1) +0.613970588<x18>[B] (+0) +0.613970588<x19>[B] (+1) +0.613970588<x20>[B] (-3.15303339e-14) +0.613970588<x21>[B] (+1) +0.613970588<x22>[B] (+1) +0.613970588<x23>[B] (+0) +0.613970588<x24>[B] (+1.57096558e-14) +0.613970588<x25>[B] (+1) +0.613970588<x26>[B] (-1.57096558e-14) +0.613970588<x27>[B] (+1) -0.613970588<x28>[B] (+1) -0.613970588<x29>[B] (+1) +0.613970588<x30>[B] (+1) -0.613970588<x31>[B] (+1) -0.613970588<x32>[B] (+0) -0.613970588<x33>[B] (+0) -0.613970588<x34>[B] (+0) -0.613970588<x35>[B] (+0) -0.613970588<x36>[B] (+0) -0.613970588<x37>[B] (+0) -0.613970588<x38>[B] (+0) -0.613970588<x39>[B] (+0) -0.613970588<x40>[B] (+0) -0.613970588<x41>[B] (+0) -0.613970588<x42>[B] (+0) -0.613970588<x43>[B] (+0) -0.613970588<x44>[B] (+0) -0.613970588<x45>[B] (+0) -0.613970588<x46>[B] (+1) +0.613970588<x47>[B] (-1.57651669e-14) -0.613970588<x48>[B] (+1) -0.613970588<x49>[B] (+1) -0.613970588<x50>[B] (+0) +0.613970588<x51>[B] (+0) -0.613970588<x52>[B] (+1) +0.613970588<x53>[B] (-1.57651669e-14) -0.613970588<x54>[B] (+1) -0.613970588<x55>[B] (+1) -0.613970588<x56>[B] (+1) +0.613970588<x57>[B] (+1) -0.613970588<x58>[B] (+1) +0.613970588<x59>[B] (+0) -0.613970588<x60>[B] (+0) -0.613970588<x61>[B] (+1) -0.613970588<x62>[B] (+0) +0.613970588<x63>[B] (+0) -0.613970588<x64>[B] (+1) +0.613970588<x65>[B] (+0) -0.613970588<x66>[B] (+0) -0.613970588<x67>[B] (+1) -0.613970588<x68>[B] (+0) +0.613970588<x69>[B] (+1) -0.613970588<x70>[B] (-3.06699111e-14) -0.613970588<x71>[B] (+1) -0.613970588<x72>[B] (+1) -0.613970588<x73>[B] (+1) -0.613970588<x74>[B] (+1.57096558e-14) -0.613970588<x75>[B] (+1) +0.613970588<x76>[B] (+0) -0.613970588<x77>[B] (+1) -0.613970588<x78>[B] (+1) -0.613970588<x79>[B] (+1) +0.613970588<x80>[B] (+1) -0.613970588<x81>[B] (+1) +0.613970588<x82>[B] (+1) +0.613970588<x83>[B] (+0) +0.613970588<x84>[B] (+0) +0.613970588<x85>[B] (+1) +0.613970588<x86>[B] (-3.15303339e-14) +0.613970588<x87>[B] (+1) -0.613970588<x88>[B] (+1) -0.613970588<x89>[B] (+1) +0.613970588<x90>[B] (+1) -0.613970588<x91>[B] (+1) +0.613970588<x92>[B] (+0) +0.613970588<x93>[B] (+0) +0.613970588<x94>[B] (+1) +0.613970588<x95>[B] (+0) +0.613970588<x96>[B] (+0) -0.613970588<x97>[B] (+1) -0.613970588<x98>[B] (+0) +0.613970588<x99>[B] (-3.06699111e-14) -0.613970588<x100>[B] (-3.06699111e-14) +0.613970588<x101>[B] (+1.57096558e-14) +0.613970588<x102>[B] (+1) +0.613970588<x103>[B] (-3.15303339e-14) +0.613970588<x104>[B] (+1) -0.613970588<x105>[B] (+1) -0.613970588<x106>[B] (+1) +0.613970588<x107>[B] (+1) -0.613970588<x108>[B] (+1) -0.613970588<x109>[B] (+1) +0.613970588<x110>[B] (-3.15303339e-14) -0.613970588<x111>[B] (+1) -0.613970588<x112>[B] (+1) -0.613970588<x113>[B] (+1) +0.613970588<x114>[B] (+1) -0.613970588<x115>[B] (+1) +0.613970588<x116>[B] (+0) -0.613970588<x117>[B] (+0) -0.613970588<x118>[B] (+1) -0.613970588<x119>[B] (+0) +0.613970588<x120>[B] (+0) -0.613970588<x121>[B] (+0) -0.613970588<x122>[B] (+1) -0.613970588<x123>[B] (+1) -0.613970588<x124>[B] (+1) -0.613970588<x125>[B] (+1) -0.613970588<x126>[B] (+1) -0.613970588<x127>[B] (+1) -0.613970588<x128>[B] (+1) +0.613970588<x129>[B] (+1) -0.613970588<x130>[B] (-3.06699111e-14) +0.613970588<x131>[B] (+0) +0.613970588<x132>[B] (+0) +0.613970588<x133>[B] (+0) +0.613970588<x134>[B] (+1) -0.613970588<x135>[B] (-3.06699111e-14) -0.613970588<x136>[B] (+0) >= 5.68014705882353;
;
violation: left hand side is violated by 0.0220588235293855
  [linear] <c1453>: <x137>[C] (+26.5404412) -0.613970588<x1>[B] (+1) +0.613970588<x2>[B] (+1) -0.613970588<x3>[B] (+1) -0.613970588<x4>[B] (+1) -0.613970588<x5>[B] (+1) -0.613970588<x6>[B] (+1) -0.613970588<x7>[B] (+1) -0.613970588<x8>[B] (+1) -0.613970588<x9>[B] (+0) -0.613970588<x10>[B] (+1) +0.613970588<x11>[B] (+0) -0.613970588<x12>[B] (+1) -0.613970588<x13>[B] (+1) -0.613970588<x14>[B] (+1) -0.613970588<x15>[B] (+1) -0.613970588<x16>[B] (+1) +0.613970588<x17>[B] (+1) +0.613970588<x18>[B] (-1.98803936e-14) +0.613970588<x19>[B] (+1) +0.613970588<x20>[B] (+2.14273044e-14) +0.613970588<x21>[B] (+1) +0.613970588<x22>[B] (+1) +0.613970588<x23>[B] (+0) +0.613970588<x24>[B] (-2.06353453e-14) +0.613970588<x25>[B] (+1) +0.613970588<x26>[B] (+7.54951657e-16) +0.613970588<x27>[B] (+1) -0.613970588<x28>[B] (+1) -0.613970588<x29>[B] (+1) +0.613970588<x30>[B] (+1) -0.613970588<x31>[B] (+1) -0.613970588<x32>[B] (+0) -0.613970588<x33>[B] (+0) -0.613970588<x34>[B] (+0) -0.613970588<x35>[B] (+0) -0.613970588<x36>[B] (+0) -0.613970588<x37>[B] (+0) -0.613970588<x38>[B] (+0) -0.613970588<x39>[B] (+0) -0.613970588<x40>[B] (+0) -0.613970588<x41>[B] (+0) -0.613970588<x42>[B] (+0) -0.613970588<x43>[B] (+0) -0.613970588<x44>[B] (+0) -0.613970588<x45>[B] (+0) -0.613970588<x46>[B] (+1) +0.613970588<x47>[B] (+2.06501483e-14) -0.613970588<x48>[B] (+1) -0.613970588<x49>[B] (+1) -0.613970588<x50>[B] (+0) +0.613970588<x51>[B] (+0) -0.613970588<x52>[B] (+1) +0.613970588<x53>[B] (+2.06501483e-14) -0.613970588<x54>[B] (+1) -0.613970588<x55>[B] (+1) -0.613970588<x56>[B] (+1) +0.613970588<x57>[B] (+1) -0.613970588<x58>[B] (+1) +0.613970588<x59>[B] (+0) -0.613970588<x60>[B] (+0) -0.613970588<x61>[B] (+1) -0.613970588<x62>[B] (+0) +0.613970588<x63>[B] (+0) -0.613970588<x64>[B] (+1) +0.613970588<x65>[B] (+0) -0.613970588<x66>[B] (+0) -0.613970588<x67>[B] (+1) -0.613970588<x68>[B] (+0) +0.613970588<x69>[B] (+1) -0.613970588<x70>[B] (+0) -0.613970588<x71>[B] (+1) -0.613970588<x72>[B] (+1) -0.613970588<x73>[B] (+1) -0.613970588<x74>[B] (-2.06501483e-14) -0.613970588<x75>[B] (+1) +0.613970588<x76>[B] (+0) -0.613970588<x77>[B] (+1) -0.613970588<x78>[B] (+1) -0.613970588<x79>[B] (+1) +0.613970588<x80>[B] (+1) -0.613970588<x81>[B] (+1) +0.613970588<x82>[B] (+1) +0.613970588<x83>[B] (+0) +0.613970588<x84>[B] (+0) +0.613970588<x85>[B] (+1) +0.613970588<x86>[B] (+2.14273044e-14) +0.613970588<x87>[B] (+1) -0.613970588<x88>[B] (+1) -0.613970588<x89>[B] (+1) +0.613970588<x90>[B] (+1) -0.613970588<x91>[B] (+1) +0.613970588<x92>[B] (+0) +0.613970588<x93>[B] (+0) +0.613970588<x94>[B] (+1) +0.613970588<x95>[B] (+0) +0.613970588<x96>[B] (+0) -0.613970588<x97>[B] (+1) -0.613970588<x98>[B] (+0) +0.613970588<x99>[B] (+1) -0.613970588<x100>[B] (+0) +0.613970588<x101>[B] (-2.06353453e-14) +0.613970588<x102>[B] (+1) +0.613970588<x103>[B] (+2.14273044e-14) +0.613970588<x104>[B] (+1) -0.613970588<x105>[B] (+1) -0.613970588<x106>[B] (+1) +0.613970588<x107>[B] (+1) -0.613970588<x108>[B] (+1) -0.613970588<x109>[B] (+1) +0.613970588<x110>[B] (+2.14273044e-14) -0.613970588<x111>[B] (+1) -0.613970588<x112>[B] (+1) -0.613970588<x113>[B] (+1) +0.613970588<x114>[B] (+1) -0.613970588<x115>[B] (+1) +0.613970588<x116>[B] (+0) -0.613970588<x117>[B] (+0) -0.613970588<x118>[B] (+1) -0.613970588<x119>[B] (+0) +0.613970588<x120>[B] (+0) -0.613970588<x121>[B] (+0) -0.613970588<x122>[B] (+1) -0.613970588<x123>[B] (+1) -0.613970588<x124>[B] (+1) -0.613970588<x125>[B] (+1) -0.613970588<x126>[B] (+1) -0.613970588<x127>[B] (+1) -0.613970588<x128>[B] (+1) +0.613970588<x129>[B] (+1) -0.613970588<x130>[B] (+1) +0.613970588<x131>[B] (+0) +0.613970588<x132>[B] (+0) +0.613970588<x133>[B] (+0) +0.613970588<x134>[B] (+1) -0.613970588<x135>[B] (+1) -0.613970588<x136>[B] (+0) >= 5.68014705882353;
;
violation: left hand side is violated by 0.0147058823529402
  [linear] <c1456>: <x140>[C] (+9.83823529) +0.496323529<x1>[B] (+0) +0.496323529<x2>[B] (+0) +0.496323529<x3>[B] (+0) +0.496323529<x4>[B] (+1) +0.496323529<x5>[B] (+1) +0.496323529<x6>[B] (+0) +0.496323529<x7>[B] (+0) +0.496323529<x8>[B] (+1) +0.496323529<x9>[B] (+1) +0.496323529<x10>[B] (+0) +0.496323529<x11>[B] (+1) +0.496323529<x12>[B] (+0) +0.496323529<x13>[B] (+0) +0.496323529<x14>[B] (+1) +0.496323529<x15>[B] (+0) -0.496323529<x16>[B] (+1) -0.496323529<x17>[B] (+0) -0.496323529<x18>[B] (+0) -0.496323529<x19>[B] (+1) -0.496323529<x20>[B] (+1) -0.496323529<x21>[B] (+0) -0.496323529<x22>[B] (+0) -0.496323529<x23>[B] (+1) -0.496323529<x24>[B] (+1) -0.496323529<x25>[B] (+0) -0.496323529<x26>[B] (+1) -0.496323529<x27>[B] (+0) -0.496323529<x28>[B] (+0) -0.496323529<x29>[B] (+1) -0.496323529<x30>[B] (+0) -0.496323529<x31>[B] (+1) -0.496323529<x32>[B] (+1) +0.496323529<x33>[B] (+1) -0.496323529<x34>[B] (+1) -0.496323529<x35>[B] (+0) -0.496323529<x36>[B] (+0) -0.496323529<x37>[B] (+1) +0.496323529<x38>[B] (+1) +0.496323529<x39>[B] (+1) +0.496323529<x40>[B] (+1) +0.496323529<x41>[B] (+1) -0.496323529<x42>[B] (+0) +0.496323529<x43>[B] (+1) -0.496323529<x44>[B] (+0) -0.496323529<x45>[B] (+1) +0.496323529<x46>[B] (+1) -0.496323529<x47>[B] (+1) -0.496323529<x48>[B] (+0) -0.496323529<x49>[B] (+0) +0.496323529<x50>[B] (+1) +0.496323529<x51>[B] (+1) +0.496323529<x52>[B] (+0) +0.496323529<x53>[B] (+1) +0.496323529<x54>[B] (+0) -0.496323529<x55>[B] (+0) +0.496323529<x56>[B] (+1) -0.496323529<x57>[B] (+0) -0.496323529<x58>[B] (+1) -0.496323529<x59>[B] (+1) -0.496323529<x60>[B] (+0) -0.496323529<x61>[B] (+0) -0.496323529<x62>[B] (+1) +0.496323529<x63>[B] (+1) +0.496323529<x64>[B] (+0) -0.496323529<x65>[B] (+1) -0.496323529<x66>[B] (+0) -0.496323529<x67>[B] (+0) -0.496323529<x68>[B] (+0) -0.496323529<x69>[B] (+0) -0.496323529<x70>[B] (+0) -0.496323529<x71>[B] (+0) -0.496323529<x72>[B] (+0) +0.496323529<x73>[B] (+0) +0.496323529<x74>[B] (+1) +0.496323529<x75>[B] (+0) +0.496323529<x76>[B] (+1) +0.496323529<x77>[B] (+0) -0.496323529<x78>[B] (+0) +0.496323529<x79>[B] (+0) +0.496323529<x80>[B] (+0) -0.496323529<x81>[B] (+0) +0.496323529<x82>[B] (+0) +0.496323529<x83>[B] (+1) +0.496323529<x84>[B] (+1) +0.496323529<x85>[B] (+1) +0.496323529<x86>[B] (+1) +0.496323529<x87>[B] (+1) +0.496323529<x88>[B] (+0) +0.496323529<x89>[B] (+1) +0.496323529<x90>[B] (+0) -0.496323529<x91>[B] (+1) +0.496323529<x92>[B] (+1) +0.496323529<x93>[B] (+1) +0.496323529<x94>[B] (+1) +0.496323529<x95>[B] (+1) +0.496323529<x96>[B] (+1) +0.496323529<x97>[B] (+0) +0.496323529<x98>[B] (+1) +0.496323529<x99>[B] (+1) -0.496323529<x100>[B] (+1) +0.496323529<x101>[B] (+1) +0.496323529<x102>[B] (+0) +0.496323529<x103>[B] (+1) +0.496323529<x104>[B] (+0) -0.496323529<x105>[B] (+0) +0.496323529<x106>[B] (+0) -0.496323529<x107>[B] (+0) -0.496323529<x108>[B] (+0) +0.496323529<x109>[B] (+0) -0.496323529<x110>[B] (+0) -0.496323529<x111>[B] (+0) -0.496323529<x112>[B] (+0) -0.496323529<x113>[B] (+0) -0.496323529<x114>[B] (+0) -0.496323529<x115>[B] (+0) -0.496323529<x116>[B] (+1) -0.496323529<x117>[B] (+1) -0.496323529<x118>[B] (+0) -0.496323529<x119>[B] (+1) -0.496323529<x120>[B] (+0) -0.496323529<x121>[B] (+1) +0.496323529<x122>[B] (+0) -0.496323529<x123>[B] (+0) -0.496323529<x124>[B] (+0) -0.496323529<x125>[B] (+0) -0.496323529<x126>[B] (+0) -0.496323529<x127>[B] (+0) -0.496323529<x128>[B] (+1) -0.496323529<x129>[B] (+0) -0.496323529<x130>[B] (+1) +0.496323529<x131>[B] (+1) +0.496323529<x132>[B] (+1) -0.496323529<x133>[B] (+1) -0.496323529<x134>[B] (+0) -0.496323529<x135>[B] (+1) -0.496323529<x136>[B] (+1) >= 14.5183823529412;
;
violation: left hand side is violated by 0.213235294117649
3/6 feasible solutions given by solution candidate storage, new primal bound -7.400956e+02

presolving:
   (0.0s) symmetry computation started: requiring (bin +, int +, cont +), (fixed: bin -, int -, cont -)
   (0.0s) no symmetry present (symcode time: 0.00)
presolving (0 rounds: 0 fast, 0 medium, 0 exhaustive):
 0 deleted vars, 0 deleted constraints, 0 added constraints, 0 tightened bounds, 0 added holes, 0 changed sides, 0 changed coefficients
 0 implications, 0 cliques, 0 implied integral variables (0 bin, 0 int, 0 cont)
presolved problem has 186 variables (136 bin, 0 int, 50 cont) and 1481 constraints
   1481 constraints of type <linear>
Presolving Time: 0.01
transformed 3/3 original solutions to the transformed problem space

 time | node  | left  |LP iter|LP it/n|mem/heur|mdpt |vars |cons |rows |cuts |sepa|confs|strbr|  dualbound   | primalbound  |  gap   | compl. 
  0.0s|     1 |     0 |   412 |     - |    16M |   0 | 186 |1481 |1481 |   0 |  0 |   0 |   0 |-6.978254e+02 |-7.400956e+02 |   6.06%| unknown
r 0.0s|     1 |     0 |   412 |     - |shifting|   0 | 186 |1481 |1481 |   0 |  0 |   0 |   0 |-6.978254e+02 |-7.105257e+02 |   1.82%| unknown
  0.1s|     1 |     0 |   422 |     - |    17M |   0 | 186 |1481 |1488 |   7 |  1 |   0 |   0 |-6.978382e+02 |-7.105257e+02 |   1.82%| unknown
d 0.1s|     1 |     0 |   422 |     - |farkasdi|   0 | 186 |1481 |1488 |   0 |  2 |   0 |   0 |-6.978382e+02 |-6.978382e+02 |   0.00%| unknown
  0.1s|     1 |     0 |   422 |     - |    17M |   0 | 186 |1481 |1488 |   7 |  2 |   0 |   0 |-6.978382e+02 |-6.978382e+02 |   0.00%| unknown

SCIP Status        : problem is solved [optimal solution found]
Solving Time (sec) : 0.06
Solving Nodes      : 1
Primal Bound       : -6.97838235294117e+02 (6 solutions)
Dual Bound         : -6.97838235294117e+02
Gap                : 0.00 %
