Loading instance...
Median ranking: [18, 17, 12, 2, 3, 8, 6, 4, 9, 7, 11, 10, 15, 14, 13, 1, 16, 5]
Mean ranking: [18, 8, 17, 2, 12, 10, 3, 6, 4, 9, 7, 15, 14, 13, 1, 16, 11, 5]
Actual error: 0.0046393991262827505
Weighted Kendall distance: 184.0
Normalized distance: 0.09494324045407637
 bounds, 0 chg sides, 0 chg coeffs, 0 upgd conss, 0 impls, 0 clqs, 0 implints
   (0.0s) symmetry computation started: requiring (bin +, int +, cont +), (fixed: bin -, int -, cont -)
   (0.0s) no symmetry present (symcode time: 0.00)
presolving (2 rounds: 2 fast, 2 medium, 1 exhaustive):
 0 deleted vars, 1632 deleted constraints, 816 added constraints, 0 tightened bounds, 0 added holes, 0 changed sides, 0 changed coefficients
 0 implications, 0 cliques, 0 implied integral variables (0 bin, 0 int, 0 cont)
presolved problem has 153 variables (0 bin, 0 int, 153 cont) and 816 constraints
    816 constraints of type <linear>
Presolving Time: 0.01
transformed 3/3 original solutions to the transformed problem space

 time | node  | left  |LP iter|LP it/n|mem/heur|mdpt |vars |cons |rows |cuts |sepa|confs|strbr|  dualbound   | primalbound  |  gap   | compl. 
* 0.0s|     1 |     0 |    30 |     - |    LP  |   0 | 153 | 816 | 816 |   0 |  0 |   0 |   0 | 1.660000e+02 | 1.660000e+02 |   0.00%| unknown
  0.0s|     1 |     0 |    30 |     - |  6057k |   0 | 153 | 816 | 816 |   0 |  0 |   0 |   0 | 1.660000e+02 | 1.660000e+02 |   0.00%| unknown

SCIP Status        : problem is solved [optimal solution found]
Solving Time (sec) : 0.01
Solving Nodes      : 1
Primal Bound       : +1.66000000000000e+02 (4 solutions)
Dual Bound         : +1.66000000000000e+02
Gap                : 0.00 %
feasible solution found by trivial heuristic after 0.0 seconds, objective value 8.000000e+00
presolving:
   (0.0s) running MILP presolver
   (0.0s) MILP presolver (2 rounds): 0 aggregations, 0 fixings, 0 bound changes
(round 1, medium)     0 del vars, 1632 del conss, 816 add conss, 0 chg bounds, 0 chg sides, 0 chg coeffs, 0 upgd conss, 0 impls, 0 clqs, 0 implints
   (0.0s) probing: 51/153 (33.3%) - 0 fixings, 0 aggregations, 0 implications, 0 bound changes
   (0.0s) probing aborted: 50/50 successive totally useless probings
   (0.0s) symmetry computation started: requiring (bin +, int +, cont +), (fixed: bin -, int -, cont -)
   (0.0s) no symmetry present (symcode time: 0.00)
presolving (2 rounds: 2 fast, 2 medium, 1 exhaustive):
 0 deleted vars, 1632 deleted constraints, 816 added constraints, 0 tightened bounds, 0 added holes, 0 changed sides, 0 changed coefficients
 0 implications, 0 cliques, 0 implied integral variables (0 bin, 0 int, 0 cont)
presolved problem has 153 variables (153 bin, 0 int, 0 cont) and 816 constraints
    816 constraints of type <linear>
transformed objective value is always integral (scale: 2)
Presolving Time: 0.01
transformed 2/2 original solutions to the transformed problem space

 time | node  | left  |LP iter|LP it/n|mem/heur|mdpt |vars |cons |rows |cuts |sepa|confs|strbr|  dualbound   | primalbound  |  gap   | compl. 
p 0.0s|     1 |     0 |     0 |     - |   locks|   0 | 153 | 816 | 816 |   0 |  0 |   0 |   0 | 1.720000e+02 | 7.200000e+01 | 138.89%| unknown
i 0.0s|     1 |     0 |     0 |     - |  oneopt|   0 | 153 | 816 | 816 |   0 |  0 |   0 |   0 | 1.720000e+02 | 9.600000e+01 |  79.17%| unknown
* 0.0s|     1 |     0 |    26 |     - |    LP  |   0 | 153 | 816 | 816 |   0 |  0 |   0 |   0 | 1.660000e+02 | 1.660000e+02 |   0.00%| unknown
  0.0s|     1 |     0 |    26 |     - |  6239k |   0 | 153 | 816 | 816 |   0 |  0 |   0 |   0 | 1.660000e+02 | 1.660000e+02 |   0.00%| unknown

SCIP Status        : problem is solved [optimal solution found]
Solving Time (sec) : 0.01
Solving Nodes      : 1
Primal Bound       : +1.66000000000000e+02 (5 solutions)
Dual Bound         : +1.66000000000000e+02
Gap                : 0.00 %
feasible solution found by trivial heuristic after 0.0 seconds, objective value -9.999920e+05
presolving:
(round 1, fast)       0 del vars, 0 del conss, 0 add conss, 20 chg bounds, 0 chg sides, 0 chg coeffs, 0 upgd conss, 0 impls, 0 clqs, 0 implints
   (0.2s) running MILP presolver
   (0.2s) MILP presolver (2 rounds): 0 aggregations, 0 fixings, 0 bound changes
(round 2, medium)     0 del vars, 3162 del conss, 2346 add conss, 20 chg bounds, 0 chg sides, 0 chg coeffs, 0 upgd conss, 0 impls, 0 clqs, 0 implints
   (0.4s) symmetry computation started: requiring (bin +, int +, cont +), (fixed: bin -, int -, cont -)
   (0.5s) no symmetry present (symcode time: 0.01)
presolving (3 rounds: 3 fast, 2 medium, 1 exhaustive):
 0 deleted vars, 3162 deleted constraints, 2346 added constraints, 20 tightened bounds, 0 added holes, 0 changed sides, 0 changed coefficients
 0 implications, 0 cliques, 0 implied integral variables (0 bin, 0 int, 0 cont)
presolved problem has 163 variables (0 bin, 0 int, 163 cont) and 2346 constraints
   2346 constraints of type <linear>
Presolving Time: 0.44

 time | node  | left  |LP iter|LP it/n|mem/heur|mdpt |vars |cons |rows |cuts |sepa|confs|strbr|  dualbound   | primalbound  |  gap   | compl. 
t 0.5s|     1 |     0 |     0 |     - | trivial|   0 | 163 |2346 |   0 |   0 |  0 |   0 |   0 | 1.720000e+02 |-7.570000e+02 |    Inf | unknown
* 0.5s|     1 |     0 |   311 |     - |    LP  |   0 | 163 |2346 |2346 |   0 |  0 |   0 |   0 |-1.213660e+02 |-1.213660e+02 |   0.00%| unknown
  0.5s|     1 |     0 |   311 |     - |   160M |   0 | 163 |2346 |2346 |   0 |  0 |   0 |   0 |-1.213660e+02 |-1.213660e+02 |   0.00%| unknown

SCIP Status        : problem is solved [optimal solution found]
Solving Time (sec) : 0.54
Solving Nodes      : 1
Primal Bound       : -1.21366013071895e+02 (3 solutions)
Dual Bound         : -1.21366013071895e+02
Gap                : 0.00 %
feasible solution found by trivial heuristic after 0.0 seconds, objective value -9.999920e+05
presolving:
(round 1, fast)       0 del vars, 0 del conss, 0 add conss, 20 chg bounds, 0 chg sides, 0 chg coeffs, 0 upgd conss, 0 impls, 0 clqs, 0 implints
   (0.1s) running MILP presolver
   (0.2s) MILP presolver (2 rounds): 0 aggregations, 0 fixings, 0 bound changes
(round 2, medium)     0 del vars, 3162 del conss, 2346 add conss, 20 chg bounds, 0 chg sides, 0 chg coeffs, 0 upgd conss, 0 impls, 0 clqs, 0 implints
   (0.4s) probing: 51/153 (33.3%) - 0 fixings, 0 aggregations, 0 implications, 0 bound changes
   (0.4s) probing aborted: 50/50 successive totally useless probings
   (0.4s) symmetry computation started: requiring (bin +, int +, cont +), (fixed: bin -, int -, cont -)
   (0.4s) no symmetry present (symcode time: 0.01)
presolving (3 rounds: 3 fast, 2 medium, 1 exhaustive):
 0 deleted vars, 3162 deleted constraints, 2346 added constraints, 20 tightened bounds, 0 added holes, 0 changed sides, 0 changed coefficients
 0 implications, 0 cliques, 0 implied integral variables (0 bin, 0 int, 0 cont)
presolved problem has 163 variables (153 bin, 0 int, 10 cont) and 2346 constraints
   2346 constraints of type <linear>
Presolving Time: 0.44

 time | node  | left  |LP iter|LP it/n|mem/heur|mdpt |vars |cons |rows |cuts |sepa|confs|strbr|  dualbound   | primalbound  |  gap   | compl. 
t 0.5s|     1 |     0 |     0 |     - | trivial|   0 | 163 |2346 |   0 |   0 |  0 |   0 |   0 | 1.720000e+02 |-7.570000e+02 |    Inf | unknown
p 0.6s|     1 |     0 |    10 |     - |   locks|   0 | 163 |2346 |2346 |   0 |  0 |   0 |   0 | 1.720000e+02 |-2.666242e+02 |    Inf | unknown
  0.6s|     1 |     0 |   321 |     - |   161M |   0 | 163 |2346 |2346 |   0 |  0 |   0 |   0 |-1.213660e+02 |-2.666242e+02 | 119.69%| unknown
r 0.6s|     1 |     0 |   321 |     - |shifting|   0 | 163 |2346 |2346 |   0 |  0 |   0 |   0 |-1.213660e+02 |-1.257843e+02 |   3.64%| unknown
  0.6s|     1 |     0 |   323 |     - |   161M |   0 | 163 |2346 |2347 |   1 |  1 |   0 |   0 |-1.213709e+02 |-1.257843e+02 |   3.64%| unknown
  0.7s|     1 |     0 |   325 |     - |   161M |   0 | 163 |2346 |2348 |   2 |  2 |   0 |   0 |-1.213758e+02 |-1.257843e+02 |   3.63%| unknown
r 0.7s|     1 |     0 |   325 |     - |shifting|   0 | 163 |2346 |2348 |   2 |  2 |   0 |   0 |-1.213758e+02 |-1.239303e+02 |   2.10%| unknown
  0.7s|     1 |     0 |   328 |     - |   162M |   0 | 163 |2346 |2349 |   3 |  3 |   0 |   0 |-1.213802e+02 |-1.239303e+02 |   2.10%| unknown
  0.7s|     1 |     0 |   335 |     - |   162M |   0 | 163 |2346 |2350 |   4 |  4 |   0 |   0 |-1.213852e+02 |-1.239303e+02 |   2.10%| unknown
  0.7s|     1 |     0 |   337 |     - |   162M |   0 | 163 |2346 |2351 |   5 |  5 |   0 |   0 |-1.213908e+02 |-1.239303e+02 |   2.09%| unknown
  0.8s|     1 |     0 |   341 |     - |   162M |   0 | 163 |2346 |2352 |   6 |  6 |   0 |   0 |-1.213964e+02 |-1.239303e+02 |   2.09%| unknown
  0.8s|     1 |     0 |   343 |     - |   163M |   0 | 163 |2346 |2353 |   7 |  7 |   0 |   0 |-1.214020e+02 |-1.239303e+02 |   2.08%| unknown
  0.8s|     1 |     0 |   350 |     - |   163M |   0 | 163 |2346 |2354 |   8 |  8 |   0 |   0 |-1.214057e+02 |-1.239303e+02 |   2.08%| unknown
  0.8s|     1 |     0 |   351 |     - |   163M |   0 | 163 |2346 |2355 |   9 |  9 |   0 |   0 |-1.214085e+02 |-1.239303e+02 |   2.08%| unknown
d 0.8s|     1 |     0 |   351 |     - |farkasdi|   0 | 163 |2346 |2355 |   0 | 10 |   0 |   0 |-1.214085e+02 |-1.214085e+02 |   0.00%| unknown
 time | node  | left  |LP iter|LP it/n|mem/heur|mdpt |vars |cons |rows |cuts |sepa|confs|strbr|  dualbound   | primalbound  |  gap   | compl. 
  0.8s|     1 |     0 |   351 |     - |   163M |   0 | 163 |2346 |2355 |   9 | 10 |   0 |   0 |-1.214085e+02 |-1.214085e+02 |   0.00%| unknown

SCIP Status        : problem is solved [optimal solution found]
Solving Time (sec) : 0.83
Solving Nodes      : 1
Primal Bound       : -1.21408496732026e+02 (13 solutions)
Dual Bound         : -1.21408496732026e+02
Gap                : 0.00 %
feasible solution found by trivial heuristic after 0.0 seconds, objective value 0.000000e+00
presolving:
   (0.0s) symmetry computation started: requiring (bin +, int +, cont +), (fixed: bin -, int -, cont -)
   (0.0s) symmetry computation finished: 9 generators found (max: 1500, log10 of symmetry group size: 6.56) (symcode time: 0.00)
dynamic symmetry handling statistics:
   orbitopal reduction:       no components
   orbital reduction:         no components
   lexicographic reduction:   no permutations
handled 1 out of 1 symmetry components
presolving (0 rounds: 0 fast, 0 medium, 0 exhaustive):
 0 deleted vars, 0 deleted constraints, 0 added constraints, 0 tightened bounds, 0 added holes, 0 changed sides, 0 changed coefficients
 0 implications, 0 cliques, 0 implied integral variables (0 bin, 0 int, 0 cont)
presolved problem has 163 variables (153 bin, 0 int, 10 cont) and 1641 constraints
   1641 constraints of type <linear>
Presolving Time: 0.00
transformed 2/2 original solutions to the transformed problem space

 time | node  | left  |LP iter|LP it/n|mem/heur|mdpt |vars |cons |rows |cuts |sepa|confs|strbr|  dualbound   | primalbound  |  gap   | compl. 
t 0.0s|     1 |     0 |     0 |     - | trivial|   0 | 163 |1632 |   0 |   0 |  0 |   0 |   0 | 1.720000e+02 | 8.000000e+00 |2050.00%| unknown
i 0.0s|     1 |     0 |     0 |     - |  oneopt|   0 | 163 |1632 |1632 |   0 |  0 |   0 |   0 | 1.720000e+02 | 8.400000e+01 | 104.76%| unknown
* 0.0s|     1 |     0 |    26 |     - |    LP  |   0 | 163 |1632 |1632 |   0 |  0 |   0 |   0 | 1.660000e+02 | 1.660000e+02 |   0.00%| unknown
  0.0s|     1 |     0 |    26 |     - |  8146k |   0 | 163 |1632 |1632 |   0 |  0 |   0 |   0 | 1.660000e+02 | 1.660000e+02 |   0.00%| unknown

SCIP Status        : problem is solved [optimal solution found]
Solving Time (sec) : 0.01
Solving Nodes      : 1
Primal Bound       : +1.66000000000000e+02 (5 solutions)
Dual Bound         : +1.66000000000000e+02
Gap                : 0.00 %
  [linear] <c1633>: <x154>[C] (+0) +0.545751634<x1>[B] (+0) +0.545751634<x2>[B] (+0) +0.545751634<x3>[B] (+0) +0.545751634<x4>[B] (+1) +0.545751634<x5>[B] (+0) +0.545751634<x6>[B] (+0) +0.545751634<x7>[B] (+0) +0.545751634<x8>[B] (+0) +0.545751634<x9>[B] (+0) +0.545751634<x10>[B] (+0) +0.545751634<x11>[B] (+0) -0.545751634<x12>[B] (+0) +0.545751634<x13>[B] (+0) +0.545751634<x14>[B] (+0) -0.545751634<x15>[B] (+1) +0.545751634<x16>[B] (+0) +0.545751634<x17>[B] (+0) -0.545751634<x18>[B] (+1) -0.545751634<x19>[B] (+1) +0.545751634<x20>[B] (+1) -0.545751634<x21>[B] (+1) -0.545751634<x22>[B] (+1) +0.545751634<x23>[B] (+1) -0.545751634<x24>[B] (+1) +0.545751634<x25>[B] (+1) -0.545751634<x26>[B] (+1) -0.545751634<x27>[B] (+0) -0.545751634<x28>[B] (+1) +0.545751634<x29>[B] (+1) -0.545751634<x30>[B] (+1) -0.545751634<x31>[B] (+1) -0.545751634<x32>[B] (+0) -0.545751634<x33>[B] (+0) -0.545751634<x34>[B] (+1) +0.545751634<x35>[B] (+1) -0.545751634<x36>[B] (+1) -0.545751634<x37>[B] (+1) +0.545751634<x38>[B] (+1) -0.545751634<x39>[B] (+1) +0.545751634<x40>[B] (+1) -0.545751634<x41>[B] (+1) -0.545751634<x42>[B] (+0) -0.545751634<x43>[B] (+1) +0.545751634<x44>[B] (+1) -0.545751634<x45>[B] (+1) -0.545751634<x46>[B] (+1) -0.545751634<x47>[B] (+0) -0.545751634<x48>[B] (+0) +0.545751634<x49>[B] (+1) -0.545751634<x50>[B] (+0) -0.545751634<x51>[B] (+1) +0.545751634<x52>[B] (+0) -0.545751634<x53>[B] (+1) +0.545751634<x54>[B] (+1) -0.545751634<x55>[B] (+1) -0.545751634<x56>[B] (+0) -0.545751634<x57>[B] (+1) +0.545751634<x58>[B] (+1) -0.545751634<x59>[B] (+1) -0.545751634<x60>[B] (+1) -0.545751634<x61>[B] (+0) -0.545751634<x62>[B] (+0) -0.545751634<x63>[B] (+0) -0.545751634<x64>[B] (+0) -0.545751634<x65>[B] (+0) -0.545751634<x66>[B] (+0) -0.545751634<x67>[B] (+0) -0.545751634<x68>[B] (+0) -0.545751634<x69>[B] (+0) -0.545751634<x70>[B] (+0) -0.545751634<x71>[B] (+0) -0.545751634<x72>[B] (+0) -0.545751634<x73>[B] (+0) -0.545751634<x74>[B] (+0) -0.545751634<x75>[B] (+0) +0.545751634<x76>[B] (+1) +0.545751634<x77>[B] (+0) -0.545751634<x78>[B] (+1) +0.545751634<x79>[B] (+1) +0.545751634<x80>[B] (+1) -0.545751634<x81>[B] (+0) -0.545751634<x82>[B] (+1) +0.545751634<x83>[B] (+1) -0.545751634<x84>[B] (+1) -0.545751634<x85>[B] (+1) -0.545751634<x86>[B] (+0) +0.545751634<x87>[B] (+0) +0.545751634<x88>[B] (+0) -0.545751634<x89>[B] (+0) +0.545751634<x90>[B] (+1) +0.545751634<x91>[B] (+1) -0.545751634<x92>[B] (+0) -0.545751634<x93>[B] (+1) +0.545751634<x94>[B] (+1) -0.545751634<x95>[B] (+1) -0.545751634<x96>[B] (+1) -0.545751634<x97>[B] (+0) +0.545751634<x98>[B] (+0) -0.545751634<x99>[B] (+1) -0.545751634<x100>[B] (+1) -0.545751634<x101>[B] (+1) -0.545751634<x102>[B] (+0) -0.545751634<x103>[B] (+1) -0.545751634<x104>[B] (+1) -0.545751634<x105>[B] (+1) -0.545751634<x106>[B] (+1) -0.545751634<x107>[B] (+0) -0.545751634<x108>[B] (+0) +0.545751634<x109>[B] (+1) +0.545751634<x110>[B] (+1) -0.545751634<x111>[B] (+0) -0.545751634<x112>[B] (+1) +0.545751634<x113>[B] (+1) +0.545751634<x114>[B] (+1) -0.545751634<x115>[B] (+1) +0.545751634<x116>[B] (+0) +0.545751634<x117>[B] (+0) -0.545751634<x118>[B] (+0) -0.545751634<x119>[B] (+0) -0.545751634<x120>[B] (+1) -0.545751634<x121>[B] (+1) -0.545751634<x122>[B] (+1) -0.545751634<x123>[B] (+1) -0.545751634<x124>[B] (+0) -0.545751634<x125>[B] (+0) -0.545751634<x126>[B] (+0) -0.545751634<x127>[B] (+1) +0.545751634<x128>[B] (+1) -0.545751634<x129>[B] (+1) -0.545751634<x130>[B] (+1) -0.545751634<x131>[B] (+0) +0.545751634<x132>[B] (+0) -0.545751634<x133>[B] (+1) +0.545751634<x134>[B] (+1) +0.545751634<x135>[B] (+1) -0.545751634<x136>[B] (+1) +0.545751634<x137>[B] (+0) +0.545751634<x138>[B] (+0) +0.545751634<x139>[B] (+0) +0.545751634<x140>[B] (+0) -0.545751634<x141>[B] (+1) +0.545751634<x142>[B] (+0) +0.545751634<x143>[B] (+0) -0.545751634<x144>[B] (+0) -0.545751634<x145>[B] (+1) -0.545751634<x146>[B] (+0) -0.545751634<x147>[B] (+0) -0.545751634<x148>[B] (+1) -0.545751634<x149>[B] (+0) +0.545751634<x150>[B] (+0) +0.545751634<x151>[B] (+0) +0.545751634<x152>[B] (+0) +0.545751634<x153>[B] (+0) >= 8.86928104575163;
;
violation: left hand side is violated by 23.0588235294118
  [linear] <c1633>: <x154>[C] (+0) +0.545751634<x1>[B] (+0) +0.545751634<x2>[B] (+0) +0.545751634<x3>[B] (+0) +0.545751634<x4>[B] (+1) +0.545751634<x5>[B] (+0) +0.545751634<x6>[B] (+0) +0.545751634<x7>[B] (+1) +0.545751634<x8>[B] (+1) +0.545751634<x9>[B] (+1) +0.545751634<x10>[B] (+1) +0.545751634<x11>[B] (+0) -0.545751634<x12>[B] (+1) +0.545751634<x13>[B] (+1) +0.545751634<x14>[B] (+1) -0.545751634<x15>[B] (+1) +0.545751634<x16>[B] (+1) +0.545751634<x17>[B] (+1) -0.545751634<x18>[B] (+1) -0.545751634<x19>[B] (+1) +0.545751634<x20>[B] (+1) -0.545751634<x21>[B] (+1) -0.545751634<x22>[B] (+1) +0.545751634<x23>[B] (+1) -0.545751634<x24>[B] (+1) +0.545751634<x25>[B] (+1) -0.545751634<x26>[B] (+1) -0.545751634<x27>[B] (+1) -0.545751634<x28>[B] (+1) +0.545751634<x29>[B] (+1) -0.545751634<x30>[B] (+1) -0.545751634<x31>[B] (+1) -0.545751634<x32>[B] (+1) -0.545751634<x33>[B] (+1) -0.545751634<x34>[B] (+1) +0.545751634<x35>[B] (+1) -0.545751634<x36>[B] (+1) -0.545751634<x37>[B] (+1) +0.545751634<x38>[B] (+1) -0.545751634<x39>[B] (+1) +0.545751634<x40>[B] (+1) -0.545751634<x41>[B] (+1) -0.545751634<x42>[B] (+1) -0.545751634<x43>[B] (+1) +0.545751634<x44>[B] (+1) -0.545751634<x45>[B] (+1) -0.545751634<x46>[B] (+1) -0.545751634<x47>[B] (+1) -0.545751634<x48>[B] (+1) +0.545751634<x49>[B] (+1) -0.545751634<x50>[B] (+0) -0.545751634<x51>[B] (+1) +0.545751634<x52>[B] (+1) -0.545751634<x53>[B] (+1) +0.545751634<x54>[B] (+1) -0.545751634<x55>[B] (+1) -0.545751634<x56>[B] (+1) -0.545751634<x57>[B] (+1) +0.545751634<x58>[B] (+1) -0.545751634<x59>[B] (+1) -0.545751634<x60>[B] (+1) -0.545751634<x61>[B] (+1) -0.545751634<x62>[B] (+1) -0.545751634<x63>[B] (+0) -0.545751634<x64>[B] (+0) -0.545751634<x65>[B] (+1) -0.545751634<x66>[B] (+1) -0.545751634<x67>[B] (+1) -0.545751634<x68>[B] (+1) -0.545751634<x69>[B] (+0) -0.545751634<x70>[B] (+1) -0.545751634<x71>[B] (+1) -0.545751634<x72>[B] (+1) -0.545751634<x73>[B] (+1) -0.545751634<x74>[B] (+1) -0.545751634<x75>[B] (+1) +0.545751634<x76>[B] (+1) +0.545751634<x77>[B] (+1) -0.545751634<x78>[B] (+1) +0.545751634<x79>[B] (+1) +0.545751634<x80>[B] (+1) -0.545751634<x81>[B] (+1) -0.545751634<x82>[B] (+1) +0.545751634<x83>[B] (+1) -0.545751634<x84>[B] (+1) -0.545751634<x85>[B] (+1) -0.545751634<x86>[B] (+1) +0.545751634<x87>[B] (+1) +0.545751634<x88>[B] (+1) -0.545751634<x89>[B] (+1) +0.545751634<x90>[B] (+1) +0.545751634<x91>[B] (+1) -0.545751634<x92>[B] (+0) -0.545751634<x93>[B] (+1) +0.545751634<x94>[B] (+1) -0.545751634<x95>[B] (+1) -0.545751634<x96>[B] (+1) -0.545751634<x97>[B] (+1) +0.545751634<x98>[B] (+1) -0.545751634<x99>[B] (+1) -0.545751634<x100>[B] (+1) -0.545751634<x101>[B] (+1) -0.545751634<x102>[B] (+0) -0.545751634<x103>[B] (+1) -0.545751634<x104>[B] (+1) -0.545751634<x105>[B] (+1) -0.545751634<x106>[B] (+1) -0.545751634<x107>[B] (+1) -0.545751634<x108>[B] (+1) +0.545751634<x109>[B] (+1) +0.545751634<x110>[B] (+1) -0.545751634<x111>[B] (+0) -0.545751634<x112>[B] (+1) +0.545751634<x113>[B] (+1) +0.545751634<x114>[B] (+1) -0.545751634<x115>[B] (+1) +0.545751634<x116>[B] (+1) +0.545751634<x117>[B] (+1) -0.545751634<x118>[B] (+0) -0.545751634<x119>[B] (+0) -0.545751634<x120>[B] (+1) -0.545751634<x121>[B] (+1) -0.545751634<x122>[B] (+1) -0.545751634<x123>[B] (+1) -0.545751634<x124>[B] (+1) -0.545751634<x125>[B] (+1) -0.545751634<x126>[B] (+0) -0.545751634<x127>[B] (+1) +0.545751634<x128>[B] (+1) -0.545751634<x129>[B] (+1) -0.545751634<x130>[B] (+1) -0.545751634<x131>[B] (+1) +0.545751634<x132>[B] (+1) -0.545751634<x133>[B] (+1) +0.545751634<x134>[B] (+1) +0.545751634<x135>[B] (+1) -0.545751634<x136>[B] (+1) +0.545751634<x137>[B] (+1) +0.545751634<x138>[B] (+1) +0.545751634<x139>[B] (+0) +0.545751634<x140>[B] (+0) -0.545751634<x141>[B] (+1) +0.545751634<x142>[B] (+0) +0.545751634<x143>[B] (+0) -0.545751634<x144>[B] (+0) -0.545751634<x145>[B] (+1) -0.545751634<x146>[B] (+1) -0.545751634<x147>[B] (+1) -0.545751634<x148>[B] (+1) -0.545751634<x149>[B] (+1) +0.545751634<x150>[B] (+1) +0.545751634<x151>[B] (+0) +0.545751634<x152>[B] (+0) +0.545751634<x153>[B] (+0) >= 8.86928104575163;
;
violation: left hand side is violated by 30.1535947712418
  [linear] <c1633>: <x154>[C] (+0) +0.545751634<x1>[B] (+1) +0.545751634<x2>[B] (+1) +0.545751634<x3>[B] (+1) +0.545751634<x4>[B] (+1) +0.545751634<x5>[B] (+1) +0.545751634<x6>[B] (+1) +0.545751634<x7>[B] (+1) +0.545751634<x8>[B] (+1) +0.545751634<x9>[B] (+1) +0.545751634<x10>[B] (+1) +0.545751634<x11>[B] (+1) -0.545751634<x12>[B] (+1) +0.545751634<x13>[B] (+1) +0.545751634<x14>[B] (+1) -0.545751634<x15>[B] (+1) +0.545751634<x16>[B] (+1) +0.545751634<x17>[B] (+1) -0.545751634<x18>[B] (+1) -0.545751634<x19>[B] (+1) +0.545751634<x20>[B] (+1) -0.545751634<x21>[B] (+1) -0.545751634<x22>[B] (+1) +0.545751634<x23>[B] (+1) -0.545751634<x24>[B] (+1) +0.545751634<x25>[B] (+1) -0.545751634<x26>[B] (+1) -0.545751634<x27>[B] (+1) -0.545751634<x28>[B] (+1) +0.545751634<x29>[B] (+1) -0.545751634<x30>[B] (+1) -0.545751634<x31>[B] (+1) -0.545751634<x32>[B] (+1) -0.545751634<x33>[B] (+1) -0.545751634<x34>[B] (+1) +0.545751634<x35>[B] (+1) -0.545751634<x36>[B] (+1) -0.545751634<x37>[B] (+1) +0.545751634<x38>[B] (+1) -0.545751634<x39>[B] (+1) +0.545751634<x40>[B] (+1) -0.545751634<x41>[B] (+1) -0.545751634<x42>[B] (+1) -0.545751634<x43>[B] (+1) +0.545751634<x44>[B] (+1) -0.545751634<x45>[B] (+1) -0.545751634<x46>[B] (+1) -0.545751634<x47>[B] (+1) -0.545751634<x48>[B] (+1) +0.545751634<x49>[B] (+1) -0.545751634<x50>[B] (+1) -0.545751634<x51>[B] (+1) +0.545751634<x52>[B] (+1) -0.545751634<x53>[B] (+1) +0.545751634<x54>[B] (+1) -0.545751634<x55>[B] (+1) -0.545751634<x56>[B] (+1) -0.545751634<x57>[B] (+1) +0.545751634<x58>[B] (+1) -0.545751634<x59>[B] (+1) -0.545751634<x60>[B] (+1) -0.545751634<x61>[B] (+1) -0.545751634<x62>[B] (+1) -0.545751634<x63>[B] (+1) -0.545751634<x64>[B] (+1) -0.545751634<x65>[B] (+1) -0.545751634<x66>[B] (+1) -0.545751634<x67>[B] (+1) -0.545751634<x68>[B] (+1) -0.545751634<x69>[B] (+1) -0.545751634<x70>[B] (+1) -0.545751634<x71>[B] (+1) -0.545751634<x72>[B] (+1) -0.545751634<x73>[B] (+1) -0.545751634<x74>[B] (+1) -0.545751634<x75>[B] (+1) +0.545751634<x76>[B] (+1) +0.545751634<x77>[B] (+1) -0.545751634<x78>[B] (+1) +0.545751634<x79>[B] (+1) +0.545751634<x80>[B] (+1) -0.545751634<x81>[B] (+1) -0.545751634<x82>[B] (+1) +0.545751634<x83>[B] (+1) -0.545751634<x84>[B] (+1) -0.545751634<x85>[B] (+1) -0.545751634<x86>[B] (+1) +0.545751634<x87>[B] (+1) +0.545751634<x88>[B] (+1) -0.545751634<x89>[B] (+1) +0.545751634<x90>[B] (+1) +0.545751634<x91>[B] (+1) -0.545751634<x92>[B] (+1) -0.545751634<x93>[B] (+1) +0.545751634<x94>[B] (+1) -0.545751634<x95>[B] (+1) -0.545751634<x96>[B] (+1) -0.545751634<x97>[B] (+1) +0.545751634<x98>[B] (+1) -0.545751634<x99>[B] (+1) -0.545751634<x100>[B] (+1) -0.545751634<x101>[B] (+1) -0.545751634<x102>[B] (+1) -0.545751634<x103>[B] (+1) -0.545751634<x104>[B] (+1) -0.545751634<x105>[B] (+1) -0.545751634<x106>[B] (+1) -0.545751634<x107>[B] (+1) -0.545751634<x108>[B] (+1) +0.545751634<x109>[B] (+1) +0.545751634<x110>[B] (+1) -0.545751634<x111>[B] (+1) -0.545751634<x112>[B] (+1) +0.545751634<x113>[B] (+1) +0.545751634<x114>[B] (+1) -0.545751634<x115>[B] (+1) +0.545751634<x116>[B] (+1) +0.545751634<x117>[B] (+1) -0.545751634<x118>[B] (+1) -0.545751634<x119>[B] (+1) -0.545751634<x120>[B] (+1) -0.545751634<x121>[B] (+1) -0.545751634<x122>[B] (+1) -0.545751634<x123>[B] (+1) -0.545751634<x124>[B] (+1) -0.545751634<x125>[B] (+1) -0.545751634<x126>[B] (+1) -0.545751634<x127>[B] (+1) +0.545751634<x128>[B] (+1) -0.545751634<x129>[B] (+1) -0.545751634<x130>[B] (+1) -0.545751634<x131>[B] (+1) +0.545751634<x132>[B] (+1) -0.545751634<x133>[B] (+1) +0.545751634<x134>[B] (+1) +0.545751634<x135>[B] (+1) -0.545751634<x136>[B] (+1) +0.545751634<x137>[B] (+1) +0.545751634<x138>[B] (+1) +0.545751634<x139>[B] (+1) +0.545751634<x140>[B] (+1) -0.545751634<x141>[B] (+1) +0.545751634<x142>[B] (+1) +0.545751634<x143>[B] (+1) -0.545751634<x144>[B] (+1) -0.545751634<x145>[B] (+1) -0.545751634<x146>[B] (+1) -0.545751634<x147>[B] (+1) -0.545751634<x148>[B] (+1) -0.545751634<x149>[B] (+1) +0.545751634<x150>[B] (+1) +0.545751634<x151>[B] (+1) +0.545751634<x152>[B] (+1) +0.545751634<x153>[B] (+1) >= 8.86928104575163;
;
violation: left hand side is violated by 29.062091503268
  [linear] <c1633>: <x154>[C] (+0) +0.545751634<x1>[B] (+0) +0.545751634<x2>[B] (+0) +0.545751634<x3>[B] (+0) +0.545751634<x4>[B] (+0) +0.545751634<x5>[B] (+0) +0.545751634<x6>[B] (+0) +0.545751634<x7>[B] (+0) +0.545751634<x8>[B] (+0) +0.545751634<x9>[B] (+0) +0.545751634<x10>[B] (+0) +0.545751634<x11>[B] (+0) -0.545751634<x12>[B] (+0) +0.545751634<x13>[B] (+0) +0.545751634<x14>[B] (+0) -0.545751634<x15>[B] (+0) +0.545751634<x16>[B] (+0) +0.545751634<x17>[B] (+0) -0.545751634<x18>[B] (+0) -0.545751634<x19>[B] (+0) +0.545751634<x20>[B] (+0) -0.545751634<x21>[B] (+0) -0.545751634<x22>[B] (+0) +0.545751634<x23>[B] (+0) -0.545751634<x24>[B] (+0) +0.545751634<x25>[B] (+0) -0.545751634<x26>[B] (+0) -0.545751634<x27>[B] (+0) -0.545751634<x28>[B] (+0) +0.545751634<x29>[B] (+0) -0.545751634<x30>[B] (+0) -0.545751634<x31>[B] (+0) -0.545751634<x32>[B] (+0) -0.545751634<x33>[B] (+0) -0.545751634<x34>[B] (+0) +0.545751634<x35>[B] (+0) -0.545751634<x36>[B] (+0) -0.545751634<x37>[B] (+0) +0.545751634<x38>[B] (+0) -0.545751634<x39>[B] (+0) +0.545751634<x40>[B] (+0) -0.545751634<x41>[B] (+0) -0.545751634<x42>[B] (+0) -0.545751634<x43>[B] (+0) +0.545751634<x44>[B] (+0) -0.545751634<x45>[B] (+0) -0.545751634<x46>[B] (+0) -0.545751634<x47>[B] (+0) -0.545751634<x48>[B] (+0) +0.545751634<x49>[B] (+0) -0.545751634<x50>[B] (+0) -0.545751634<x51>[B] (+0) +0.545751634<x52>[B] (+0) -0.545751634<x53>[B] (+0) +0.545751634<x54>[B] (+0) -0.545751634<x55>[B] (+0) -0.545751634<x56>[B] (+0) -0.545751634<x57>[B] (+0) +0.545751634<x58>[B] (+0) -0.545751634<x59>[B] (+0) -0.545751634<x60>[B] (+0) -0.545751634<x61>[B] (+0) -0.545751634<x62>[B] (+0) -0.545751634<x63>[B] (+0) -0.545751634<x64>[B] (+0) -0.545751634<x65>[B] (+0) -0.545751634<x66>[B] (+0) -0.545751634<x67>[B] (+0) -0.545751634<x68>[B] (+0) -0.545751634<x69>[B] (+0) -0.545751634<x70>[B] (+0) -0.545751634<x71>[B] (+0) -0.545751634<x72>[B] (+0) -0.545751634<x73>[B] (+0) -0.545751634<x74>[B] (+0) -0.545751634<x75>[B] (+0) +0.545751634<x76>[B] (+0) +0.545751634<x77>[B] (+0) -0.545751634<x78>[B] (+0) +0.545751634<x79>[B] (+0) +0.545751634<x80>[B] (+0) -0.545751634<x81>[B] (+0) -0.545751634<x82>[B] (+0) +0.545751634<x83>[B] (+0) -0.545751634<x84>[B] (+0) -0.545751634<x85>[B] (+0) -0.545751634<x86>[B] (+0) +0.545751634<x87>[B] (+0) +0.545751634<x88>[B] (+0) -0.545751634<x89>[B] (+0) +0.545751634<x90>[B] (+0) +0.545751634<x91>[B] (+0) -0.545751634<x92>[B] (+0) -0.545751634<x93>[B] (+0) +0.545751634<x94>[B] (+0) -0.545751634<x95>[B] (+0) -0.545751634<x96>[B] (+0) -0.545751634<x97>[B] (+0) +0.545751634<x98>[B] (+0) -0.545751634<x99>[B] (+0) -0.545751634<x100>[B] (+0) -0.545751634<x101>[B] (+0) -0.545751634<x102>[B] (+0) -0.545751634<x103>[B] (+0) -0.545751634<x104>[B] (+0) -0.545751634<x105>[B] (+0) -0.545751634<x106>[B] (+0) -0.545751634<x107>[B] (+0) -0.545751634<x108>[B] (+0) +0.545751634<x109>[B] (+0) +0.545751634<x110>[B] (+0) -0.545751634<x111>[B] (+0) -0.545751634<x112>[B] (+0) +0.545751634<x113>[B] (+0) +0.545751634<x114>[B] (+0) -0.545751634<x115>[B] (+0) +0.545751634<x116>[B] (+0) +0.545751634<x117>[B] (+0) -0.545751634<x118>[B] (+0) -0.545751634<x119>[B] (+0) -0.545751634<x120>[B] (+0) -0.545751634<x121>[B] (+0) -0.545751634<x122>[B] (+0) -0.545751634<x123>[B] (+0) -0.545751634<x124>[B] (+0) -0.545751634<x125>[B] (+0) -0.545751634<x126>[B] (+0) -0.545751634<x127>[B] (+0) +0.545751634<x128>[B] (+0) -0.545751634<x129>[B] (+0) -0.545751634<x130>[B] (+0) -0.545751634<x131>[B] (+0) +0.545751634<x132>[B] (+0) -0.545751634<x133>[B] (+0) +0.545751634<x134>[B] (+0) +0.545751634<x135>[B] (+0) -0.545751634<x136>[B] (+0) +0.545751634<x137>[B] (+0) +0.545751634<x138>[B] (+0) +0.545751634<x139>[B] (+0) +0.545751634<x140>[B] (+0) -0.545751634<x141>[B] (+0) +0.545751634<x142>[B] (+0) +0.545751634<x143>[B] (+0) -0.545751634<x144>[B] (+0) -0.545751634<x145>[B] (+0) -0.545751634<x146>[B] (+0) -0.545751634<x147>[B] (+0) -0.545751634<x148>[B] (+0) -0.545751634<x149>[B] (+0) +0.545751634<x150>[B] (+0) +0.545751634<x151>[B] (+0) +0.545751634<x152>[B] (+0) +0.545751634<x153>[B] (+0) >= 8.86928104575163;
;
violation: left hand side is violated by 8.86928104575163
1/5 feasible solution given by solution candidate storage, new primal bound -9.999920e+05

presolving:
   (0.0s) symmetry computation started: requiring (bin +, int +, cont +), (fixed: bin -, int -, cont -)
   (0.0s) no symmetry present (symcode time: 0.00)
presolving (0 rounds: 0 fast, 0 medium, 0 exhaustive):
 0 deleted vars, 0 deleted constraints, 0 added constraints, 0 tightened bounds, 0 added holes, 0 changed sides, 0 changed coefficients
 0 implications, 0 cliques, 0 implied integral variables (0 bin, 0 int, 0 cont)
presolved problem has 163 variables (153 bin, 0 int, 10 cont) and 1642 constraints
   1642 constraints of type <linear>
Presolving Time: 0.00
transformed 1/1 original solutions to the transformed problem space

 time | node  | left  |LP iter|LP it/n|mem/heur|mdpt |vars |cons |rows |cuts |sepa|confs|strbr|  dualbound   | primalbound  |  gap   | compl. 
p 0.0s|     1 |     0 |     4 |     - |   locks|   0 | 163 |1642 |1642 |   0 |  0 |   0 |   0 | 1.720000e+02 |-2.392876e+02 |    Inf | unknown
* 0.0s|     1 |     0 |   199 |     - |    LP  |   0 | 163 |1642 |1642 |   0 |  0 |   0 |   0 |-1.187288e+02 |-1.187288e+02 |   0.00%| unknown
  0.0s|     1 |     0 |   199 |     - |  8924k |   0 | 163 |1642 |1642 |   0 |  0 |   0 |   0 |-1.187288e+02 |-1.187288e+02 |   0.00%| unknown

SCIP Status        : problem is solved [optimal solution found]
Solving Time (sec) : 0.01
Solving Nodes      : 1
Primal Bound       : -1.18728758169935e+02 (4 solutions)
Dual Bound         : -1.18728758169935e+02
Gap                : 0.00 %
  [linear] <c1643>: <x154>[C] (+27.9705882) +0.604575163<x1>[B] (+0) +0.604575163<x2>[B] (+0) +0.604575163<x3>[B] (+0) +0.604575163<x4>[B] (+0) +0.604575163<x5>[B] (+0) +0.604575163<x6>[B] (+0) +0.604575163<x7>[B] (+0) +0.604575163<x8>[B] (+0) +0.604575163<x9>[B] (+0) +0.604575163<x10>[B] (+1) +0.604575163<x11>[B] (+0) -0.604575163<x12>[B] (+0) +0.604575163<x13>[B] (+0) +0.604575163<x14>[B] (+0) -0.604575163<x15>[B] (+1) +0.604575163<x16>[B] (+0) +0.604575163<x17>[B] (+0) -0.604575163<x18>[B] (+1) -0.604575163<x19>[B] (+1) +0.604575163<x20>[B] (+1) -0.604575163<x21>[B] (+1) -0.604575163<x22>[B] (+1) +0.604575163<x23>[B] (+1) -0.604575163<x24>[B] (+1) +0.604575163<x25>[B] (+1) -0.604575163<x26>[B] (+1) -0.604575163<x27>[B] (+1) -0.604575163<x28>[B] (+1) +0.604575163<x29>[B] (+1) -0.604575163<x30>[B] (+1) -0.604575163<x31>[B] (+1) -0.604575163<x32>[B] (+0) -0.604575163<x33>[B] (+1) -0.604575163<x34>[B] (+1) +0.604575163<x35>[B] (+1) -0.604575163<x36>[B] (+1) -0.604575163<x37>[B] (+1) +0.604575163<x38>[B] (+1) -0.604575163<x39>[B] (+1) +0.604575163<x40>[B] (+0) -0.604575163<x41>[B] (+1) -0.604575163<x42>[B] (+0) -0.604575163<x43>[B] (+1) +0.604575163<x44>[B] (+1) -0.604575163<x45>[B] (+1) -0.604575163<x46>[B] (+1) -0.604575163<x47>[B] (+0) -0.604575163<x48>[B] (+1) +0.604575163<x49>[B] (+1) -0.604575163<x50>[B] (+0) -0.604575163<x51>[B] (+1) +0.604575163<x52>[B] (+1) -0.604575163<x53>[B] (+1) +0.604575163<x54>[B] (+0) -0.604575163<x55>[B] (+1) -0.604575163<x56>[B] (+0) -0.604575163<x57>[B] (+1) +0.604575163<x58>[B] (+1) -0.604575163<x59>[B] (+1) -0.604575163<x60>[B] (+1) -0.604575163<x61>[B] (+0) -0.604575163<x62>[B] (+1) -0.604575163<x63>[B] (+0) -0.604575163<x64>[B] (+0) -0.604575163<x65>[B] (+1) -0.604575163<x66>[B] (+1) -0.604575163<x67>[B] (+0) -0.604575163<x68>[B] (+1) -0.604575163<x69>[B] (+0) -0.604575163<x70>[B] (+1) -0.604575163<x71>[B] (+1) -0.604575163<x72>[B] (+0) -0.604575163<x73>[B] (+1) -0.604575163<x74>[B] (+0) -0.604575163<x75>[B] (+0) +0.604575163<x76>[B] (+1) +0.604575163<x77>[B] (+1) -0.604575163<x78>[B] (+1) +0.604575163<x79>[B] (+0) +0.604575163<x80>[B] (+1) -0.604575163<x81>[B] (+0) -0.604575163<x82>[B] (+1) +0.604575163<x83>[B] (+1) -0.604575163<x84>[B] (+1) -0.604575163<x85>[B] (+1) -0.604575163<x86>[B] (+0) +0.604575163<x87>[B] (+1) +0.604575163<x88>[B] (+1) -0.604575163<x89>[B] (+1) +0.604575163<x90>[B] (+0) +0.604575163<x91>[B] (+1) -0.604575163<x92>[B] (+0) -0.604575163<x93>[B] (+1) +0.604575163<x94>[B] (+1) -0.604575163<x95>[B] (+1) -0.604575163<x96>[B] (+1) -0.604575163<x97>[B] (+0) +0.604575163<x98>[B] (+0) -0.604575163<x99>[B] (+1) -0.604575163<x100>[B] (+0) -0.604575163<x101>[B] (+1) -0.604575163<x102>[B] (+0) -0.604575163<x103>[B] (+1) -0.604575163<x104>[B] (+1) -0.604575163<x105>[B] (+0) -0.604575163<x106>[B] (+1) -0.604575163<x107>[B] (+0) -0.604575163<x108>[B] (+0) +0.604575163<x109>[B] (+0) +0.604575163<x110>[B] (+1) -0.604575163<x111>[B] (+0) -0.604575163<x112>[B] (+1) +0.604575163<x113>[B] (+1) +0.604575163<x114>[B] (+0) -0.604575163<x115>[B] (+1) +0.604575163<x116>[B] (+0) +0.604575163<x117>[B] (+0) -0.604575163<x118>[B] (+1) -0.604575163<x119>[B] (+0) -0.604575163<x120>[B] (+1) -0.604575163<x121>[B] (+1) -0.604575163<x122>[B] (+1) -0.604575163<x123>[B] (+1) -0.604575163<x124>[B] (+0) -0.604575163<x125>[B] (+1) -0.604575163<x126>[B] (+0) -0.604575163<x127>[B] (+0) +0.604575163<x128>[B] (+0) -0.604575163<x129>[B] (+0) -0.604575163<x130>[B] (+0) -0.604575163<x131>[B] (+0) +0.604575163<x132>[B] (+0) -0.604575163<x133>[B] (+1) +0.604575163<x134>[B] (+1) +0.604575163<x135>[B] (+1) -0.604575163<x136>[B] (+1) +0.604575163<x137>[B] (+0) +0.604575163<x138>[B] (+1) +0.604575163<x139>[B] (+0) +0.604575163<x140>[B] (+0) -0.604575163<x141>[B] (+1) +0.604575163<x142>[B] (+0) +0.604575163<x143>[B] (+0) -0.604575163<x144>[B] (+0) -0.604575163<x145>[B] (+1) -0.604575163<x146>[B] (+0) -0.604575163<x147>[B] (+0) -0.604575163<x148>[B] (+1) -0.604575163<x149>[B] (+0) +0.604575163<x150>[B] (+0) +0.604575163<x151>[B] (+0) +0.604575163<x152>[B] (+0) +0.604575163<x153>[B] (+1) >= 7.10457516339869;
;
violation: left hand side is violated by 0.294117647058819
  [linear] <c1647>: <x158>[C] (+5.19281046) -0.467320261<x1>[B] (+1) -0.467320261<x2>[B] (+1) -0.467320261<x3>[B] (+1) -0.467320261<x4>[B] (+0) +0.467320261<x5>[B] (+1) -0.467320261<x6>[B] (+1) +0.467320261<x7>[B] (+1) +0.467320261<x8>[B] (+1) -0.467320261<x9>[B] (+1) +0.467320261<x10>[B] (+1) +0.467320261<x11>[B] (+1) +0.467320261<x12>[B] (+1) +0.467320261<x13>[B] (+1) -0.467320261<x14>[B] (+1) -0.467320261<x15>[B] (+0) +0.467320261<x16>[B] (+1) +0.467320261<x17>[B] (+1) -0.467320261<x18>[B] (+0) +0.467320261<x19>[B] (+0) -0.467320261<x20>[B] (+0) +0.467320261<x21>[B] (+0) -0.467320261<x22>[B] (+0) +0.467320261<x23>[B] (+0) +0.467320261<x24>[B] (+0) -0.467320261<x25>[B] (+0) +0.467320261<x26>[B] (+0) +0.467320261<x27>[B] (+1) +0.467320261<x28>[B] (+0) +0.467320261<x29>[B] (+0) -0.467320261<x30>[B] (+0) -0.467320261<x31>[B] (+0) +0.467320261<x32>[B] (+0) +0.467320261<x33>[B] (+0) +0.467320261<x34>[B] (+0) +0.467320261<x35>[B] (+0) +0.467320261<x36>[B] (+1) +0.467320261<x37>[B] (+0) +0.467320261<x38>[B] (+1) +0.467320261<x39>[B] (+0) +0.467320261<x40>[B] (+0) +0.467320261<x41>[B] (+0) +0.467320261<x42>[B] (+1) +0.467320261<x43>[B] (+0) +0.467320261<x44>[B] (+0) -0.467320261<x45>[B] (+1) +0.467320261<x46>[B] (+0) +0.467320261<x47>[B] (+1) +0.467320261<x48>[B] (+1) -0.467320261<x49>[B] (+0) +0.467320261<x50>[B] (+1) -0.467320261<x51>[B] (+0) +0.467320261<x52>[B] (+1) +0.467320261<x53>[B] (+0) -0.467320261<x54>[B] (+1) +0.467320261<x55>[B] (+1) +0.467320261<x56>[B] (+1) +0.467320261<x57>[B] (+0) +0.467320261<x58>[B] (+0) -0.467320261<x59>[B] (+1) -0.467320261<x60>[B] (+0) +0.467320261<x61>[B] (+1) +0.467320261<x62>[B] (+1) +0.467320261<x63>[B] (+1) +0.467320261<x64>[B] (+1) +0.467320261<x65>[B] (+1) +0.467320261<x66>[B] (+1) +0.467320261<x67>[B] (+1) +0.467320261<x68>[B] (+1) +0.467320261<x69>[B] (+1) +0.467320261<x70>[B] (+1) +0.467320261<x71>[B] (+1) -0.467320261<x72>[B] (+1) +0.467320261<x73>[B] (+1) +0.467320261<x74>[B] (+1) +0.467320261<x75>[B] (+1) -0.467320261<x76>[B] (+0) +0.467320261<x77>[B] (+1) +0.467320261<x78>[B] (+0) -0.467320261<x79>[B] (+0) +0.467320261<x80>[B] (+0) +0.467320261<x81>[B] (+1) +0.467320261<x82>[B] (+0) +0.467320261<x83>[B] (+0) -0.467320261<x84>[B] (+0) -0.467320261<x85>[B] (+0) +0.467320261<x86>[B] (+0) +0.467320261<x87>[B] (+1) +0.467320261<x88>[B] (+1) +0.467320261<x89>[B] (+1) -0.467320261<x90>[B] (+1) +0.467320261<x91>[B] (+1) +0.467320261<x92>[B] (+1) +0.467320261<x93>[B] (+0) +0.467320261<x94>[B] (+0) -0.467320261<x95>[B] (+1) -0.467320261<x96>[B] (+0) +0.467320261<x97>[B] (+1) +0.467320261<x98>[B] (+1) -0.467320261<x99>[B] (+0) -0.467320261<x100>[B] (+0) +0.467320261<x101>[B] (+0) -0.467320261<x102>[B] (+1) -0.467320261<x103>[B] (+0) -0.467320261<x104>[B] (+0) -0.467320261<x105>[B] (+0) -0.467320261<x106>[B] (+0) -0.467320261<x107>[B] (+0) +0.467320261<x108>[B] (+1) -0.467320261<x109>[B] (+1) +0.467320261<x110>[B] (+1) +0.467320261<x111>[B] (+1) -0.467320261<x112>[B] (+0) -0.467320261<x113>[B] (+0) -0.467320261<x114>[B] (+1) -0.467320261<x115>[B] (+0) +0.467320261<x116>[B] (+1) +0.467320261<x117>[B] (+1) +0.467320261<x118>[B] (+1) +0.467320261<x119>[B] (+1) +0.467320261<x120>[B] (+0) +0.467320261<x121>[B] (+0) -0.467320261<x122>[B] (+1) +0.467320261<x123>[B] (+0) +0.467320261<x124>[B] (+1) +0.467320261<x125>[B] (+1) -0.467320261<x126>[B] (+1) -0.467320261<x127>[B] (+0) -0.467320261<x128>[B] (+0) -0.467320261<x129>[B] (+1) -0.467320261<x130>[B] (+0) -0.467320261<x131>[B] (+1) -0.467320261<x132>[B] (+1) -0.467320261<x133>[B] (+0) -0.467320261<x134>[B] (+0) -0.467320261<x135>[B] (+0) -0.467320261<x136>[B] (+0) +0.467320261<x137>[B] (+0) +0.467320261<x138>[B] (+0) -0.467320261<x139>[B] (+1) -0.467320261<x140>[B] (+1) -0.467320261<x141>[B] (+0) +0.467320261<x142>[B] (+1) +0.467320261<x143>[B] (+1) -0.467320261<x144>[B] (+1) -0.467320261<x145>[B] (+0) +0.467320261<x146>[B] (+1) +0.467320261<x147>[B] (+1) +0.467320261<x148>[B] (+0) +0.467320261<x149>[B] (+0) +0.467320261<x150>[B] (+1) +0.467320261<x151>[B] (+1) +0.467320261<x152>[B] (+1) +0.467320261<x153>[B] (+1) >= 27.6895424836601;
;
violation: left hand side is violated by 5.67320261437909
2/4 feasible solutions given by solution candidate storage, new primal bound -9.999920e+05

presolving:
   (0.0s) symmetry computation started: requiring (bin +, int +, cont +), (fixed: bin -, int -, cont -)
   (0.0s) no symmetry present (symcode time: 0.00)
presolving (0 rounds: 0 fast, 0 medium, 0 exhaustive):
 0 deleted vars, 0 deleted constraints, 0 added constraints, 0 tightened bounds, 0 added holes, 0 changed sides, 0 changed coefficients
 0 implications, 0 cliques, 0 implied integral variables (0 bin, 0 int, 0 cont)
presolved problem has 163 variables (153 bin, 0 int, 10 cont) and 1652 constraints
   1652 constraints of type <linear>
Presolving Time: 0.00
transformed 2/2 original solutions to the transformed problem space

 time | node  | left  |LP iter|LP it/n|mem/heur|mdpt |vars |cons |rows |cuts |sepa|confs|strbr|  dualbound   | primalbound  |  gap   | compl. 
p 0.0s|     1 |     0 |     2 |     - |   locks|   0 | 163 |1652 |1652 |   0 |  0 |   0 |   0 | 1.720000e+02 |-2.344641e+02 |    Inf | unknown
* 0.0s|     1 |     0 |   193 |     - |    LP  |   0 | 163 |1652 |1652 |   0 |  0 |   0 |   0 |-1.198856e+02 |-1.198856e+02 |   0.00%| unknown
  0.0s|     1 |     0 |   193 |     - |  9751k |   0 | 163 |1652 |1652 |   0 |  0 |   0 |   0 |-1.198856e+02 |-1.198856e+02 |   0.00%| unknown

SCIP Status        : problem is solved [optimal solution found]
Solving Time (sec) : 0.01
Solving Nodes      : 1
Primal Bound       : -1.19885620915033e+02 (4 solutions)
Dual Bound         : -1.19885620915033e+02
Gap                : 0.00 %
  [linear] <c1653>: <x154>[C] (+24.1503268) +0.558823529<x1>[B] (+0) +0.558823529<x2>[B] (+0) +0.558823529<x3>[B] (+0) +0.558823529<x4>[B] (+1) +0.558823529<x5>[B] (+0) +0.558823529<x6>[B] (+0) +0.558823529<x7>[B] (+0) +0.558823529<x8>[B] (+0) +0.558823529<x9>[B] (+0) +0.558823529<x10>[B] (+1) +0.558823529<x11>[B] (+0) -0.558823529<x12>[B] (+0) +0.558823529<x13>[B] (+0) +0.558823529<x14>[B] (+0) -0.558823529<x15>[B] (+1) +0.558823529<x16>[B] (+0) +0.558823529<x17>[B] (+0) -0.558823529<x18>[B] (+1) -0.558823529<x19>[B] (+1) +0.558823529<x20>[B] (+1) -0.558823529<x21>[B] (+1) -0.558823529<x22>[B] (+1) +0.558823529<x23>[B] (+1) -0.558823529<x24>[B] (+1) +0.558823529<x25>[B] (+1) -0.558823529<x26>[B] (+1) -0.558823529<x27>[B] (+1) -0.558823529<x28>[B] (+1) +0.558823529<x29>[B] (+1) -0.558823529<x30>[B] (+1) -0.558823529<x31>[B] (+1) -0.558823529<x32>[B] (+0) -0.558823529<x33>[B] (+0) -0.558823529<x34>[B] (+1) +0.558823529<x35>[B] (+1) -0.558823529<x36>[B] (+1) -0.558823529<x37>[B] (+1) +0.558823529<x38>[B] (+1) -0.558823529<x39>[B] (+1) +0.558823529<x40>[B] (+0) -0.558823529<x41>[B] (+1) -0.558823529<x42>[B] (+0) -0.558823529<x43>[B] (+1) +0.558823529<x44>[B] (+1) -0.558823529<x45>[B] (+1) -0.558823529<x46>[B] (+1) -0.558823529<x47>[B] (+0) -0.558823529<x48>[B] (+0) +0.558823529<x49>[B] (+1) -0.558823529<x50>[B] (+0) -0.558823529<x51>[B] (+1) +0.558823529<x52>[B] (-3.78132308e-13) -0.558823529<x53>[B] (+1) +0.558823529<x54>[B] (+0) -0.558823529<x55>[B] (+1) -0.558823529<x56>[B] (+0) -0.558823529<x57>[B] (+1) +0.558823529<x58>[B] (+1) -0.558823529<x59>[B] (+1) -0.558823529<x60>[B] (+1) -0.558823529<x61>[B] (+0) -0.558823529<x62>[B] (+0) -0.558823529<x63>[B] (+0) -0.558823529<x64>[B] (+0) -0.558823529<x65>[B] (+0) -0.558823529<x66>[B] (+0) -0.558823529<x67>[B] (+0) -0.558823529<x68>[B] (+0) -0.558823529<x69>[B] (+0) -0.558823529<x70>[B] (+0) -0.558823529<x71>[B] (+0) -0.558823529<x72>[B] (+0) -0.558823529<x73>[B] (+0) -0.558823529<x74>[B] (+0) -0.558823529<x75>[B] (+0) +0.558823529<x76>[B] (+1) +0.558823529<x77>[B] (+1) -0.558823529<x78>[B] (+1) +0.558823529<x79>[B] (+0) +0.558823529<x80>[B] (+1) -0.558823529<x81>[B] (+0) -0.558823529<x82>[B] (+1) +0.558823529<x83>[B] (+1) -0.558823529<x84>[B] (+1) -0.558823529<x85>[B] (+1) -0.558823529<x86>[B] (+0) +0.558823529<x87>[B] (+0) +0.558823529<x88>[B] (+0) -0.558823529<x89>[B] (+0) +0.558823529<x90>[B] (+0) +0.558823529<x91>[B] (+1) -0.558823529<x92>[B] (+0) -0.558823529<x93>[B] (+1) +0.558823529<x94>[B] (+1) -0.558823529<x95>[B] (+1) -0.558823529<x96>[B] (+1) -0.558823529<x97>[B] (+0) +0.558823529<x98>[B] (+0) -0.558823529<x99>[B] (+1) -0.558823529<x100>[B] (+0) -0.558823529<x101>[B] (+1) -0.558823529<x102>[B] (+0) -0.558823529<x103>[B] (+1) -0.558823529<x104>[B] (+1) -0.558823529<x105>[B] (+1) -0.558823529<x106>[B] (+1) -0.558823529<x107>[B] (+0) -0.558823529<x108>[B] (+0) +0.558823529<x109>[B] (+0) +0.558823529<x110>[B] (+1) -0.558823529<x111>[B] (+0) -0.558823529<x112>[B] (+1) +0.558823529<x113>[B] (+1) +0.558823529<x114>[B] (+1) -0.558823529<x115>[B] (+1) +0.558823529<x116>[B] (+0) +0.558823529<x117>[B] (+0) -0.558823529<x118>[B] (+1) -0.558823529<x119>[B] (+0) -0.558823529<x120>[B] (+1) -0.558823529<x121>[B] (+1) -0.558823529<x122>[B] (+1) -0.558823529<x123>[B] (+1) -0.558823529<x124>[B] (+0) -0.558823529<x125>[B] (+0) -0.558823529<x126>[B] (+0) -0.558823529<x127>[B] (+0) +0.558823529<x128>[B] (+0) -0.558823529<x129>[B] (+0) -0.558823529<x130>[B] (+0) -0.558823529<x131>[B] (+0) +0.558823529<x132>[B] (+0) -0.558823529<x133>[B] (+1) +0.558823529<x134>[B] (+1) +0.558823529<x135>[B] (+1) -0.558823529<x136>[B] (+1) +0.558823529<x137>[B] (+0) +0.558823529<x138>[B] (+0) +0.558823529<x139>[B] (+0) +0.558823529<x140>[B] (+0) -0.558823529<x141>[B] (+1) +0.558823529<x142>[B] (+0) +0.558823529<x143>[B] (+0) -0.558823529<x144>[B] (+0) -0.558823529<x145>[B] (+1) -0.558823529<x146>[B] (+0) -0.558823529<x147>[B] (+0) -0.558823529<x148>[B] (+1) -0.558823529<x149>[B] (+0) +0.558823529<x150>[B] (+0) +0.558823529<x151>[B] (+0) +0.558823529<x152>[B] (+0) +0.558823529<x153>[B] (+0) >= 8.52287581699347;
;
violation: left hand side is violated by 0.0196078431372619
  [linear] <c1660>: <x161>[C] (+17.7973856) -0.506535948<x1>[B] (+1) -0.506535948<x2>[B] (+1) -0.506535948<x3>[B] (+1) -0.506535948<x4>[B] (+1) -0.506535948<x5>[B] (+1) -0.506535948<x6>[B] (+1) -0.506535948<x7>[B] (+1) -0.506535948<x8>[B] (+1) -0.506535948<x9>[B] (+1) -0.506535948<x10>[B] (+1) -0.506535948<x11>[B] (+1) -0.506535948<x12>[B] (+1) -0.506535948<x13>[B] (+1) -0.506535948<x14>[B] (+1) -0.506535948<x15>[B] (+0) -0.506535948<x16>[B] (+1) +0.506535948<x17>[B] (+1) -0.506535948<x18>[B] (+0) -0.506535948<x19>[B] (+0) -0.506535948<x20>[B] (+0) +0.506535948<x21>[B] (+1) +0.506535948<x22>[B] (+0) +0.506535948<x23>[B] (+0) +0.506535948<x24>[B] (+0) +0.506535948<x25>[B] (+0) +0.506535948<x26>[B] (+0) +0.506535948<x27>[B] (+1) -0.506535948<x28>[B] (+0) +0.506535948<x29>[B] (+0) +0.506535948<x30>[B] (+1) +0.506535948<x31>[B] (+0) -0.506535948<x32>[B] (+1) +0.506535948<x33>[B] (+1) -0.506535948<x34>[B] (+0) +0.506535948<x35>[B] (+0) +0.506535948<x36>[B] (+1) +0.506535948<x37>[B] (+0) +0.506535948<x38>[B] (+0) +0.506535948<x39>[B] (+0) +0.506535948<x40>[B] (+0) +0.506535948<x41>[B] (+0) +0.506535948<x42>[B] (+1) -0.506535948<x43>[B] (+0) +0.506535948<x44>[B] (+0) +0.506535948<x45>[B] (+1) +0.506535948<x46>[B] (+0) -0.506535948<x47>[B] (+1) +0.506535948<x48>[B] (+1) +0.506535948<x49>[B] (+0) +0.506535948<x50>[B] (+1) +0.506535948<x51>[B] (+0) +0.506535948<x52>[B] (+1) +0.506535948<x53>[B] (+0) +0.506535948<x54>[B] (+1) +0.506535948<x55>[B] (+1) +0.506535948<x56>[B] (+1) -0.506535948<x57>[B] (+0) +0.506535948<x58>[B] (+1) +0.506535948<x59>[B] (+1) +0.506535948<x60>[B] (+0) -0.506535948<x61>[B] (+1) +0.506535948<x62>[B] (+1) +0.506535948<x63>[B] (+1) +0.506535948<x64>[B] (+1) +0.506535948<x65>[B] (+1) +0.506535948<x66>[B] (+1) +0.506535948<x67>[B] (+1) +0.506535948<x68>[B] (+1) +0.506535948<x69>[B] (+1) -0.506535948<x70>[B] (+1) +0.506535948<x71>[B] (+1) +0.506535948<x72>[B] (+1) +0.506535948<x73>[B] (+0) -0.506535948<x74>[B] (+1) +0.506535948<x75>[B] (+1) -0.506535948<x76>[B] (+0) -0.506535948<x77>[B] (+0) +0.506535948<x78>[B] (+0) -0.506535948<x79>[B] (+0) -0.506535948<x80>[B] (+0) +0.506535948<x81>[B] (+1) -0.506535948<x82>[B] (+0) -0.506535948<x83>[B] (+0) -0.506535948<x84>[B] (+0) +0.506535948<x85>[B] (+0) -0.506535948<x86>[B] (+0) +0.506535948<x87>[B] (+1) +0.506535948<x88>[B] (+1) +0.506535948<x89>[B] (+0) -0.506535948<x90>[B] (+1) -0.506535948<x91>[B] (+1) +0.506535948<x92>[B] (+1) -0.506535948<x93>[B] (+0) -0.506535948<x94>[B] (+1) -0.506535948<x95>[B] (+1) +0.506535948<x96>[B] (+0) -0.506535948<x97>[B] (+1) +0.506535948<x98>[B] (+1) +0.506535948<x99>[B] (+0) -0.506535948<x100>[B] (+0) -0.506535948<x101>[B] (+0) +0.506535948<x102>[B] (+1) -0.506535948<x103>[B] (+0) -0.506535948<x104>[B] (+0) -0.506535948<x105>[B] (+1) +0.506535948<x106>[B] (+0) -0.506535948<x107>[B] (+1) +0.506535948<x108>[B] (+1) -0.506535948<x109>[B] (+1) -0.506535948<x110>[B] (+1) -0.506535948<x111>[B] (+1) -0.506535948<x112>[B] (+0) -0.506535948<x113>[B] (+1) -0.506535948<x114>[B] (+1) +0.506535948<x115>[B] (+0) -0.506535948<x116>[B] (+1) +0.506535948<x117>[B] (+1) +0.506535948<x118>[B] (+1) +0.506535948<x119>[B] (+1) -0.506535948<x120>[B] (+0) -0.506535948<x121>[B] (+1) +0.506535948<x122>[B] (+1) +0.506535948<x123>[B] (+0) -0.506535948<x124>[B] (+1) +0.506535948<x125>[B] (+1) +0.506535948<x126>[B] (+1) -0.506535948<x127>[B] (+0) -0.506535948<x128>[B] (+1) +0.506535948<x129>[B] (+1) +0.506535948<x130>[B] (+0) -0.506535948<x131>[B] (+1) +0.506535948<x132>[B] (+1) -0.506535948<x133>[B] (+0) -0.506535948<x134>[B] (+0) -0.506535948<x135>[B] (+0) +0.506535948<x136>[B] (+0) -0.506535948<x137>[B] (+0) +0.506535948<x138>[B] (+0) +0.506535948<x139>[B] (+1) +0.506535948<x140>[B] (+1) +0.506535948<x141>[B] (+0) -0.506535948<x142>[B] (+1) +0.506535948<x143>[B] (+1) +0.506535948<x144>[B] (+1) +0.506535948<x145>[B] (+0) -0.506535948<x146>[B] (+1) +0.506535948<x147>[B] (+1) +0.506535948<x148>[B] (+0) -0.506535948<x149>[B] (+0) +0.506535948<x150>[B] (+1) -0.506535948<x151>[B] (+1) +0.506535948<x152>[B] (+1) +0.506535948<x153>[B] (+1) >= 22.921568627451;
;
violation: left hand side is violated by 0.0588235294117609
2/4 feasible solutions given by solution candidate storage, new primal bound -9.999920e+05

presolving:
   (0.0s) symmetry computation started: requiring (bin +, int +, cont +), (fixed: bin -, int -, cont -)
   (0.0s) no symmetry present (symcode time: 0.00)
presolving (0 rounds: 0 fast, 0 medium, 0 exhaustive):
 0 deleted vars, 0 deleted constraints, 0 added constraints, 0 tightened bounds, 0 added holes, 0 changed sides, 0 changed coefficients
 0 implications, 0 cliques, 0 implied integral variables (0 bin, 0 int, 0 cont)
presolved problem has 163 variables (153 bin, 0 int, 10 cont) and 1661 constraints
   1661 constraints of type <linear>
Presolving Time: 0.00
transformed 2/2 original solutions to the transformed problem space

 time | node  | left  |LP iter|LP it/n|mem/heur|mdpt |vars |cons |rows |cuts |sepa|confs|strbr|  dualbound   | primalbound  |  gap   | compl. 
p 0.0s|     1 |     0 |     4 |     - |   locks|   0 | 163 |1661 |1661 |   0 |  0 |   0 |   0 | 1.720000e+02 |-2.462386e+02 |    Inf | unknown
  0.0s|     1 |     0 |   225 |     - |    10M |   0 | 163 |1661 |1661 |   0 |  0 |   0 |   0 |-1.209695e+02 |-2.462386e+02 | 103.55%| unknown
r 0.0s|     1 |     0 |   225 |     - |shifting|   0 | 163 |1661 |1661 |   0 |  0 |   0 |   0 |-1.209695e+02 |-1.245572e+02 |   2.97%| unknown
  0.0s|     1 |     0 |   228 |     - |    11M |   0 | 163 |1661 |1662 |   1 |  1 |   0 |   0 |-1.209771e+02 |-1.245572e+02 |   2.96%| unknown
  0.0s|     1 |     0 |   228 |     - |    11M |   0 | 163 |1661 |1662 |   1 |  1 |   0 |   0 |-1.209771e+02 |-1.245572e+02 |   2.96%| unknown
d 0.0s|     1 |     0 |   228 |     - |farkasdi|   0 | 163 |1661 |1662 |   0 |  2 |   0 |   0 |-1.209771e+02 |-1.209771e+02 |   0.00%| unknown
  0.0s|     1 |     0 |   228 |     - |    11M |   0 | 163 |1661 |1662 |   1 |  2 |   0 |   0 |-1.209771e+02 |-1.209771e+02 |   0.00%| unknown

SCIP Status        : problem is solved [optimal solution found]
Solving Time (sec) : 0.03
Solving Nodes      : 1
Primal Bound       : -1.20977124183006e+02 (5 solutions)
Dual Bound         : -1.20977124183006e+02
Gap                : 0.00 %
  [linear] <c1662>: <x155>[C] (+32.0098039) +0.64379085<x1>[B] (+0) +0.64379085<x2>[B] (+0) -0.64379085<x3>[B] (+0) -0.64379085<x4>[B] (+1) +0.64379085<x5>[B] (+0) +0.64379085<x6>[B] (+0) -0.64379085<x7>[B] (+0) -0.64379085<x8>[B] (+0) +0.64379085<x9>[B] (+0) -0.64379085<x10>[B] (+1) -0.64379085<x11>[B] (+0) +0.64379085<x12>[B] (+0) -0.64379085<x13>[B] (+0) +0.64379085<x14>[B] (+0) -0.64379085<x15>[B] (+1) +0.64379085<x16>[B] (+0) -0.64379085<x17>[B] (+0) +0.64379085<x18>[B] (+1) -0.64379085<x19>[B] (+1) -0.64379085<x20>[B] (+1) -0.64379085<x21>[B] (+1) +0.64379085<x22>[B] (+1) -0.64379085<x23>[B] (+3.34580848e-14) -0.64379085<x24>[B] (+1) -0.64379085<x25>[B] (+1) -0.64379085<x26>[B] (+1) -0.64379085<x27>[B] (+1) -0.64379085<x28>[B] (+1) -0.64379085<x29>[B] (+1) -0.64379085<x30>[B] (+1) -0.64379085<x31>[B] (+1) +0.64379085<x32>[B] (+0) -0.64379085<x33>[B] (+0) -0.64379085<x34>[B] (+1) -0.64379085<x35>[B] (+1) -0.64379085<x36>[B] (+1) -0.64379085<x37>[B] (+1) -0.64379085<x38>[B] (+3.3417713e-14) -0.64379085<x39>[B] (+1) -0.64379085<x40>[B] (+0) -0.64379085<x41>[B] (+1) -0.64379085<x42>[B] (+0) -0.64379085<x43>[B] (+1) -0.64379085<x44>[B] (+1) -0.64379085<x45>[B] (+1) -0.64379085<x46>[B] (+1) +0.64379085<x47>[B] (+0) -0.64379085<x48>[B] (+0) -0.64379085<x49>[B] (+1) +0.64379085<x50>[B] (+0) +0.64379085<x51>[B] (+1) -0.64379085<x52>[B] (+0) -0.64379085<x53>[B] (+1) +0.64379085<x54>[B] (+0) -0.64379085<x55>[B] (+1) -0.64379085<x56>[B] (+0) +0.64379085<x57>[B] (+1) -0.64379085<x58>[B] (+1) +0.64379085<x59>[B] (+1) -0.64379085<x60>[B] (+1) +0.64379085<x61>[B] (+0) -0.64379085<x62>[B] (+0) +0.64379085<x63>[B] (+0) +0.64379085<x64>[B] (+0) -0.64379085<x65>[B] (+0) -0.64379085<x66>[B] (+0) +0.64379085<x67>[B] (+0) -0.64379085<x68>[B] (+0) -0.64379085<x69>[B] (+0) +0.64379085<x70>[B] (+0) -0.64379085<x71>[B] (+0) +0.64379085<x72>[B] (+0) -0.64379085<x73>[B] (+0) +0.64379085<x74>[B] (+0) -0.64379085<x75>[B] (+0) +0.64379085<x76>[B] (+1) -0.64379085<x77>[B] (+3.34580848e-14) -0.64379085<x78>[B] (+1) -0.64379085<x79>[B] (+0) -0.64379085<x80>[B] (+1) -0.64379085<x81>[B] (+0) -0.64379085<x82>[B] (+1) -0.64379085<x83>[B] (+1) -0.64379085<x84>[B] (+1) -0.64379085<x85>[B] (+1) +0.64379085<x86>[B] (+0) -0.64379085<x87>[B] (+0) -0.64379085<x88>[B] (+0) -0.64379085<x89>[B] (+0) -0.64379085<x90>[B] (+0) -0.64379085<x91>[B] (+1) -0.64379085<x92>[B] (+0) -0.64379085<x93>[B] (+1) -0.64379085<x94>[B] (+1) -0.64379085<x95>[B] (+1) -0.64379085<x96>[B] (+1) +0.64379085<x97>[B] (+0) -0.64379085<x98>[B] (+0) -0.64379085<x99>[B] (+1) +0.64379085<x100>[B] (+1) -0.64379085<x101>[B] (+1) -0.64379085<x102>[B] (+1) +0.64379085<x103>[B] (+1) -0.64379085<x104>[B] (+1) +0.64379085<x105>[B] (+1) -0.64379085<x106>[B] (+1) +0.64379085<x107>[B] (+1) +0.64379085<x108>[B] (+0) +0.64379085<x109>[B] (+0) -0.64379085<x110>[B] (+1) +0.64379085<x111>[B] (+0) +0.64379085<x112>[B] (+1) -0.64379085<x113>[B] (+1) +0.64379085<x114>[B] (+1) -0.64379085<x115>[B] (+1) +0.64379085<x116>[B] (+0) +0.64379085<x117>[B] (+0) -0.64379085<x118>[B] (+1) -0.64379085<x119>[B] (+0) +0.64379085<x120>[B] (+1) -0.64379085<x121>[B] (+1) -0.64379085<x122>[B] (+1) -0.64379085<x123>[B] (+1) +0.64379085<x124>[B] (+0) -0.64379085<x125>[B] (+0) +0.64379085<x126>[B] (+0) +0.64379085<x127>[B] (+0) +0.64379085<x128>[B] (+0) +0.64379085<x129>[B] (+0) -0.64379085<x130>[B] (+0) +0.64379085<x131>[B] (+0) +0.64379085<x132>[B] (+0) +0.64379085<x133>[B] (+1) -0.64379085<x134>[B] (+1) +0.64379085<x135>[B] (+1) -0.64379085<x136>[B] (+1) +0.64379085<x137>[B] (+0) +0.64379085<x138>[B] (+0) -0.64379085<x139>[B] (+0) -0.64379085<x140>[B] (+0) -0.64379085<x141>[B] (+1) +0.64379085<x142>[B] (+0) -0.64379085<x143>[B] (+0) +0.64379085<x144>[B] (+0) -0.64379085<x145>[B] (+1) +0.64379085<x146>[B] (+0) +0.64379085<x147>[B] (+0) -0.64379085<x148>[B] (+1) +0.64379085<x149>[B] (+0) -0.64379085<x150>[B] (+0) +0.64379085<x151>[B] (+0) +0.64379085<x152>[B] (+0) -0.64379085<x153>[B] (+0) >= 4.99019607843137;
;
violation: left hand side is violated by 0.0196078431372522
  [linear] <c1662>: <x155>[C] (+32.6601307) +0.64379085<x1>[B] (+0) +0.64379085<x2>[B] (+0) -0.64379085<x3>[B] (+0) -0.64379085<x4>[B] (+1) +0.64379085<x5>[B] (+0) +0.64379085<x6>[B] (+0) -0.64379085<x7>[B] (+0) -0.64379085<x8>[B] (+0) +0.64379085<x9>[B] (+0) -0.64379085<x10>[B] (+1) -0.64379085<x11>[B] (+0) +0.64379085<x12>[B] (+0) -0.64379085<x13>[B] (+0) +0.64379085<x14>[B] (+0) -0.64379085<x15>[B] (+1) +0.64379085<x16>[B] (+0) -0.64379085<x17>[B] (+0) +0.64379085<x18>[B] (+1) -0.64379085<x19>[B] (+1) -0.64379085<x20>[B] (+1) -0.64379085<x21>[B] (+1) +0.64379085<x22>[B] (+1) -0.64379085<x23>[B] (+0) -0.64379085<x24>[B] (+1) -0.64379085<x25>[B] (+1) -0.64379085<x26>[B] (+1) -0.64379085<x27>[B] (+1) -0.64379085<x28>[B] (+1) -0.64379085<x29>[B] (+1) -0.64379085<x30>[B] (+1) -0.64379085<x31>[B] (+1) +0.64379085<x32>[B] (+0) -0.64379085<x33>[B] (+0) -0.64379085<x34>[B] (+1) -0.64379085<x35>[B] (+1) -0.64379085<x36>[B] (+1) -0.64379085<x37>[B] (+1) -0.64379085<x38>[B] (+0) -0.64379085<x39>[B] (+1) -0.64379085<x40>[B] (+0) -0.64379085<x41>[B] (+1) -0.64379085<x42>[B] (+0) -0.64379085<x43>[B] (+1) -0.64379085<x44>[B] (+1) -0.64379085<x45>[B] (+1) -0.64379085<x46>[B] (+1) +0.64379085<x47>[B] (+0) -0.64379085<x48>[B] (+0) -0.64379085<x49>[B] (+1) +0.64379085<x50>[B] (+0) +0.64379085<x51>[B] (+1) -0.64379085<x52>[B] (+0) -0.64379085<x53>[B] (+1) +0.64379085<x54>[B] (+0) -0.64379085<x55>[B] (+1) -0.64379085<x56>[B] (+0) +0.64379085<x57>[B] (+1) -0.64379085<x58>[B] (+1) +0.64379085<x59>[B] (+1) -0.64379085<x60>[B] (+1) +0.64379085<x61>[B] (+0) -0.64379085<x62>[B] (+0) +0.64379085<x63>[B] (+0) +0.64379085<x64>[B] (+0) -0.64379085<x65>[B] (+0) -0.64379085<x66>[B] (+0) +0.64379085<x67>[B] (+0) -0.64379085<x68>[B] (+0) -0.64379085<x69>[B] (+0) +0.64379085<x70>[B] (+0) -0.64379085<x71>[B] (+0) +0.64379085<x72>[B] (+0) -0.64379085<x73>[B] (+0) +0.64379085<x74>[B] (+0) -0.64379085<x75>[B] (+0) +0.64379085<x76>[B] (+1) -0.64379085<x77>[B] (+0) -0.64379085<x78>[B] (+1) -0.64379085<x79>[B] (+0) -0.64379085<x80>[B] (+1) -0.64379085<x81>[B] (+0) -0.64379085<x82>[B] (+1) -0.64379085<x83>[B] (+1) -0.64379085<x84>[B] (+1) -0.64379085<x85>[B] (+1) +0.64379085<x86>[B] (+0) -0.64379085<x87>[B] (+0) -0.64379085<x88>[B] (+0) -0.64379085<x89>[B] (+0) -0.64379085<x90>[B] (+0) -0.64379085<x91>[B] (+1) -0.64379085<x92>[B] (+0) -0.64379085<x93>[B] (+1) -0.64379085<x94>[B] (+1) -0.64379085<x95>[B] (+1) -0.64379085<x96>[B] (+1) +0.64379085<x97>[B] (+0) -0.64379085<x98>[B] (+0) -0.64379085<x99>[B] (+1) +0.64379085<x100>[B] (+1) -0.64379085<x101>[B] (+1) -0.64379085<x102>[B] (+1) +0.64379085<x103>[B] (+1) -0.64379085<x104>[B] (+1) +0.64379085<x105>[B] (+1) -0.64379085<x106>[B] (+1) +0.64379085<x107>[B] (+0) +0.64379085<x108>[B] (+0) +0.64379085<x109>[B] (+0) -0.64379085<x110>[B] (+1) +0.64379085<x111>[B] (+0) +0.64379085<x112>[B] (+1) -0.64379085<x113>[B] (+1) +0.64379085<x114>[B] (+1) -0.64379085<x115>[B] (+1) +0.64379085<x116>[B] (+0) +0.64379085<x117>[B] (+0) -0.64379085<x118>[B] (+1) -0.64379085<x119>[B] (+0) +0.64379085<x120>[B] (+1) -0.64379085<x121>[B] (+1) -0.64379085<x122>[B] (+1) -0.64379085<x123>[B] (+1) +0.64379085<x124>[B] (+0) -0.64379085<x125>[B] (+0) +0.64379085<x126>[B] (+0) +0.64379085<x127>[B] (+0) +0.64379085<x128>[B] (+0) +0.64379085<x129>[B] (+0) -0.64379085<x130>[B] (+0) +0.64379085<x131>[B] (+0) +0.64379085<x132>[B] (+0) +0.64379085<x133>[B] (+1) -0.64379085<x134>[B] (+1) +0.64379085<x135>[B] (+1) -0.64379085<x136>[B] (+1) +0.64379085<x137>[B] (+0) +0.64379085<x138>[B] (+0) -0.64379085<x139>[B] (+0) -0.64379085<x140>[B] (+0) -0.64379085<x141>[B] (+1) +0.64379085<x142>[B] (+0) -0.64379085<x143>[B] (+0) +0.64379085<x144>[B] (+0) -0.64379085<x145>[B] (+1) +0.64379085<x146>[B] (+0) +0.64379085<x147>[B] (+0) -0.64379085<x148>[B] (+1) +0.64379085<x149>[B] (+0) -0.64379085<x150>[B] (+0) +0.64379085<x151>[B] (+0) +0.64379085<x152>[B] (+0) -0.64379085<x153>[B] (+0) >= 4.99019607843137;
;
violation: left hand side is violated by 0.0130718954248374
  [linear] <c1667>: <x162>[C] (+20.3300654) +0.526143791<x1>[B] (+1) +0.526143791<x2>[B] (+1) -0.526143791<x3>[B] (+1) +0.526143791<x4>[B] (+0) -0.526143791<x5>[B] (+1) -0.526143791<x6>[B] (+1) +0.526143791<x7>[B] (+1) +0.526143791<x8>[B] (+1) -0.526143791<x9>[B] (+1) -0.526143791<x10>[B] (+1) -0.526143791<x11>[B] (+1) -0.526143791<x12>[B] (+1) +0.526143791<x13>[B] (+1) +0.526143791<x14>[B] (+1) +0.526143791<x15>[B] (+0) +0.526143791<x16>[B] (+1) +0.526143791<x17>[B] (+1) +0.526143791<x18>[B] (+0) -0.526143791<x19>[B] (+0) +0.526143791<x20>[B] (+0) -0.526143791<x21>[B] (+1) -0.526143791<x22>[B] (+0) +0.526143791<x23>[B] (+0) +0.526143791<x24>[B] (+0) -0.526143791<x25>[B] (+0) -0.526143791<x26>[B] (+0) -0.526143791<x27>[B] (+1) -0.526143791<x28>[B] (+0) +0.526143791<x29>[B] (+1) +0.526143791<x30>[B] (+0) +0.526143791<x31>[B] (+0) -0.526143791<x32>[B] (+1) +0.526143791<x33>[B] (+1) -0.526143791<x34>[B] (+0) -0.526143791<x35>[B] (+0) -0.526143791<x36>[B] (+1) -0.526143791<x37>[B] (+0) +0.526143791<x38>[B] (+0) -0.526143791<x39>[B] (+0) -0.526143791<x40>[B] (+0) -0.526143791<x41>[B] (+0) -0.526143791<x42>[B] (+1) -0.526143791<x43>[B] (+0) +0.526143791<x44>[B] (+1) -0.526143791<x45>[B] (+0) -0.526143791<x46>[B] (+0) -0.526143791<x47>[B] (+1) +0.526143791<x48>[B] (+1) +0.526143791<x49>[B] (+0) -0.526143791<x50>[B] (+1) +0.526143791<x51>[B] (+0) +0.526143791<x52>[B] (+0) +0.526143791<x53>[B] (+0) -0.526143791<x54>[B] (+0) -0.526143791<x55>[B] (+0) -0.526143791<x56>[B] (+1) -0.526143791<x57>[B] (+0) +0.526143791<x58>[B] (+1) +0.526143791<x59>[B] (+0) +0.526143791<x60>[B] (+0) +0.526143791<x61>[B] (+1) +0.526143791<x62>[B] (+1) -0.526143791<x63>[B] (+1) -0.526143791<x64>[B] (+1) +0.526143791<x65>[B] (+1) -0.526143791<x66>[B] (+1) -0.526143791<x67>[B] (+1) -0.526143791<x68>[B] (+1) -0.526143791<x69>[B] (+1) -0.526143791<x70>[B] (+1) +0.526143791<x71>[B] (+1) -0.526143791<x72>[B] (+1) +0.526143791<x73>[B] (+1) -0.526143791<x74>[B] (+1) +0.526143791<x75>[B] (+1) +0.526143791<x76>[B] (+0) +0.526143791<x77>[B] (+0) +0.526143791<x78>[B] (+0) +0.526143791<x79>[B] (+0) +0.526143791<x80>[B] (+0) +0.526143791<x81>[B] (+1) +0.526143791<x82>[B] (+0) +0.526143791<x83>[B] (+0) +0.526143791<x84>[B] (+0) +0.526143791<x85>[B] (+0) +0.526143791<x86>[B] (+0) +0.526143791<x87>[B] (+1) +0.526143791<x88>[B] (+0) +0.526143791<x89>[B] (+0) -0.526143791<x90>[B] (+0) -0.526143791<x91>[B] (+0) -0.526143791<x92>[B] (+1) -0.526143791<x93>[B] (+0) +0.526143791<x94>[B] (+1) +0.526143791<x95>[B] (+0) +0.526143791<x96>[B] (+0) +0.526143791<x97>[B] (+1) +0.526143791<x98>[B] (+1) -0.526143791<x99>[B] (+0) -0.526143791<x100>[B] (+0) -0.526143791<x101>[B] (+0) -0.526143791<x102>[B] (+1) -0.526143791<x103>[B] (+0) +0.526143791<x104>[B] (+1) -0.526143791<x105>[B] (+1) -0.526143791<x106>[B] (+0) -0.526143791<x107>[B] (+1) -0.526143791<x108>[B] (+1) -0.526143791<x109>[B] (+1) -0.526143791<x110>[B] (+1) -0.526143791<x111>[B] (+1) -0.526143791<x112>[B] (+0) +0.526143791<x113>[B] (+1) -0.526143791<x114>[B] (+1) +0.526143791<x115>[B] (+0) -0.526143791<x116>[B] (+1) +0.526143791<x117>[B] (+1) +0.526143791<x118>[B] (+1) +0.526143791<x119>[B] (+1) +0.526143791<x120>[B] (+0) +0.526143791<x121>[B] (+1) +0.526143791<x122>[B] (+1) +0.526143791<x123>[B] (+0) +0.526143791<x124>[B] (+1) +0.526143791<x125>[B] (+1) +0.526143791<x126>[B] (+1) +0.526143791<x127>[B] (+0) +0.526143791<x128>[B] (+1) +0.526143791<x129>[B] (+1) +0.526143791<x130>[B] (+0) +0.526143791<x131>[B] (+1) +0.526143791<x132>[B] (+1) +0.526143791<x133>[B] (+0) +0.526143791<x134>[B] (+0) +0.526143791<x135>[B] (+0) +0.526143791<x136>[B] (+0) +0.526143791<x137>[B] (+0) +0.526143791<x138>[B] (+0) +0.526143791<x139>[B] (+1) +0.526143791<x140>[B] (+1) +0.526143791<x141>[B] (+0) +0.526143791<x142>[B] (+1) +0.526143791<x143>[B] (+1) -0.526143791<x144>[B] (+0) -0.526143791<x145>[B] (+0) -0.526143791<x146>[B] (+0) -0.526143791<x147>[B] (+1) +0.526143791<x148>[B] (+0) -0.526143791<x149>[B] (+1) +0.526143791<x150>[B] (+1) -0.526143791<x151>[B] (+1) +0.526143791<x152>[B] (+1) +0.526143791<x153>[B] (+1) >= 24.5980392156863;
;
violation: left hand side is violated by 0.058823529411768
2/5 feasible solutions given by solution candidate storage, new primal bound -9.999920e+05

presolving:
   (0.0s) symmetry computation started: requiring (bin +, int +, cont +), (fixed: bin -, int -, cont -)
   (0.0s) no symmetry present (symcode time: 0.00)
presolving (0 rounds: 0 fast, 0 medium, 0 exhaustive):
 0 deleted vars, 0 deleted constraints, 0 added constraints, 0 tightened bounds, 0 added holes, 0 changed sides, 0 changed coefficients
 0 implications, 0 cliques, 0 implied integral variables (0 bin, 0 int, 0 cont)
presolved problem has 163 variables (153 bin, 0 int, 10 cont) and 1668 constraints
   1668 constraints of type <linear>
Presolving Time: 0.00
transformed 2/2 original solutions to the transformed problem space

 time | node  | left  |LP iter|LP it/n|mem/heur|mdpt |vars |cons |rows |cuts |sepa|confs|strbr|  dualbound   | primalbound  |  gap   | compl. 
p 0.0s|     1 |     0 |     3 |     - |   locks|   0 | 163 |1668 |1668 |   0 |  0 |   0 |   0 | 1.720000e+02 |-2.611046e+02 |    Inf | unknown
  0.0s|     1 |     0 |   226 |     - |    11M |   0 | 163 |1668 |1668 |   0 |  0 |   0 |   0 |-1.212745e+02 |-2.611046e+02 | 115.30%| unknown
r 0.0s|     1 |     0 |   226 |     - |shifting|   0 | 163 |1668 |1668 |   0 |  0 |   0 |   0 |-1.212745e+02 |-1.260305e+02 |   3.92%| unknown
  0.0s|     1 |     0 |   237 |     - |    11M |   0 | 163 |1668 |1669 |   1 |  1 |   0 |   0 |-1.213256e+02 |-1.260305e+02 |   3.88%| unknown
  0.0s|     1 |     0 |   237 |     - |    11M |   0 | 163 |1668 |1669 |   1 |  1 |   0 |   0 |-1.213256e+02 |-1.260305e+02 |   3.88%| unknown
  0.0s|     1 |     0 |   248 |     - |    11M |   0 | 163 |1668 |1670 |   2 |  2 |   0 |   0 |-1.213350e+02 |-1.260305e+02 |   3.87%| unknown
  0.1s|     1 |     0 |   263 |     - |    11M |   0 | 163 |1668 |1671 |   3 |  3 |   0 |   0 |-1.213535e+02 |-1.260305e+02 |   3.85%| unknown
  0.1s|     1 |     0 |   266 |     - |    12M |   0 | 163 |1668 |1672 |   4 |  4 |   0 |   0 |-1.213581e+02 |-1.260305e+02 |   3.85%| unknown
  0.1s|     1 |     0 |   272 |     - |    12M |   0 | 163 |1668 |1673 |   5 |  5 |   0 |   0 |-1.213733e+02 |-1.260305e+02 |   3.84%| unknown
r 0.1s|     1 |     0 |   272 |     - |shifting|   0 | 163 |1668 |1673 |   5 |  5 |   0 |   0 |-1.213733e+02 |-1.260009e+02 |   3.81%| unknown
  0.1s|     1 |     0 |   283 |     - |    12M |   0 | 163 |1668 |1674 |   6 |  6 |   0 |   0 |-1.213902e+02 |-1.260009e+02 |   3.80%| unknown
r 0.1s|     1 |     0 |   283 |     - |shifting|   0 | 163 |1668 |1674 |   6 |  6 |   0 |   0 |-1.213902e+02 |-1.256913e+02 |   3.54%| unknown
  0.1s|     1 |     0 |   288 |     - |    13M |   0 | 163 |1668 |1675 |   7 |  7 |   0 |   0 |-1.214085e+02 |-1.256913e+02 |   3.53%| unknown
d 0.1s|     1 |     0 |   288 |     - |farkasdi|   0 | 163 |1668 |1675 |   0 |  8 |   0 |   0 |-1.214085e+02 |-1.214085e+02 |   0.00%| unknown
  0.1s|     1 |     0 |   288 |     - |    13M |   0 | 163 |1668 |1675 |   7 |  8 |   0 |   0 |-1.214085e+02 |-1.214085e+02 |   0.00%| unknown

SCIP Status        : problem is solved [optimal solution found]
Solving Time (sec) : 0.12
Solving Nodes      : 1
Primal Bound       : -1.21408496732026e+02 (11 solutions)
Dual Bound         : -1.21408496732026e+02
Gap                : 0.00 %
