Loading instance...
Median ranking: [18, 14, 17, 6, 5, 2, 13, 11, 7, 8, 4, 9, 3, 10, 15, 12, 1, 16]
Mean ranking: [18, 6, 2, 8, 9, 14, 5, 3, 11, 17, 13, 7, 10, 4, 1, 15, 12, 16]
Actual error: 0.007297087752548559
Weighted Kendall distance: 367.5
Normalized distance: 0.18962848297213622
g bounds, 0 chg sides, 0 chg coeffs, 0 upgd conss, 0 impls, 0 clqs, 0 implints
   (0.0s) symmetry computation started: requiring (bin +, int +, cont +), (fixed: bin -, int -, cont -)
   (0.0s) no symmetry present (symcode time: 0.00)
presolving (2 rounds: 2 fast, 2 medium, 1 exhaustive):
 0 deleted vars, 1632 deleted constraints, 816 added constraints, 0 tightened bounds, 0 added holes, 0 changed sides, 0 changed coefficients
 0 implications, 0 cliques, 0 implied integral variables (0 bin, 0 int, 0 cont)
presolved problem has 153 variables (0 bin, 0 int, 153 cont) and 816 constraints
    816 constraints of type <linear>
Presolving Time: 0.01
transformed 3/3 original solutions to the transformed problem space

 time | node  | left  |LP iter|LP it/n|mem/heur|mdpt |vars |cons |rows |cuts |sepa|confs|strbr|  dualbound   | primalbound  |  gap   | compl. 
* 0.0s|     1 |     0 |    23 |     - |    LP  |   0 | 153 | 816 | 816 |   0 |  0 |   0 |   0 | 1.900000e+02 | 1.900000e+02 |   0.00%| unknown
  0.0s|     1 |     0 |    23 |     - |  6057k |   0 | 153 | 816 | 816 |   0 |  0 |   0 |   0 | 1.900000e+02 | 1.900000e+02 |   0.00%| unknown

SCIP Status        : problem is solved [optimal solution found]
Solving Time (sec) : 0.01
Solving Nodes      : 1
Primal Bound       : +1.90000000000000e+02 (4 solutions)
Dual Bound         : +1.90000000000000e+02
Gap                : 0.00 %
feasible solution found by trivial heuristic after 0.0 seconds, objective value 3.200000e+01
presolving:
   (0.0s) running MILP presolver
   (0.0s) MILP presolver (2 rounds): 0 aggregations, 0 fixings, 0 bound changes
(round 1, medium)     0 del vars, 1632 del conss, 816 add conss, 0 chg bounds, 0 chg sides, 0 chg coeffs, 0 upgd conss, 0 impls, 0 clqs, 0 implints
   (0.0s) probing: 51/153 (33.3%) - 0 fixings, 0 aggregations, 0 implications, 0 bound changes
   (0.0s) probing aborted: 50/50 successive totally useless probings
   (0.0s) symmetry computation started: requiring (bin +, int +, cont +), (fixed: bin -, int -, cont -)
   (0.0s) no symmetry present (symcode time: 0.00)
presolving (2 rounds: 2 fast, 2 medium, 1 exhaustive):
 0 deleted vars, 1632 deleted constraints, 816 added constraints, 0 tightened bounds, 0 added holes, 0 changed sides, 0 changed coefficients
 0 implications, 0 cliques, 0 implied integral variables (0 bin, 0 int, 0 cont)
presolved problem has 153 variables (153 bin, 0 int, 0 cont) and 816 constraints
    816 constraints of type <linear>
transformed objective value is always integral (scale: 2)
Presolving Time: 0.01
transformed 2/2 original solutions to the transformed problem space

 time | node  | left  |LP iter|LP it/n|mem/heur|mdpt |vars |cons |rows |cuts |sepa|confs|strbr|  dualbound   | primalbound  |  gap   | compl. 
p 0.0s|     1 |     0 |     0 |     - |   locks|   0 | 153 | 816 | 816 |   0 |  0 |   0 |   0 | 2.000000e+02 | 4.600000e+01 | 334.78%| unknown
i 0.0s|     1 |     0 |     0 |     - |  oneopt|   0 | 153 | 816 | 816 |   0 |  0 |   0 |   0 | 2.000000e+02 | 8.000000e+01 | 150.00%| unknown
* 0.0s|     1 |     0 |    23 |     - |    LP  |   0 | 153 | 816 | 816 |   0 |  0 |   0 |   0 | 1.900000e+02 | 1.900000e+02 |   0.00%| unknown
  0.0s|     1 |     0 |    23 |     - |  6233k |   0 | 153 | 816 | 816 |   0 |  0 |   0 |   0 | 1.900000e+02 | 1.900000e+02 |   0.00%| unknown

SCIP Status        : problem is solved [optimal solution found]
Solving Time (sec) : 0.01
Solving Nodes      : 1
Primal Bound       : +1.90000000000000e+02 (5 solutions)
Dual Bound         : +1.90000000000000e+02
Gap                : 0.00 %
feasible solution found by trivial heuristic after 0.0 seconds, objective value -9.999680e+05
presolving:
(round 1, fast)       0 del vars, 0 del conss, 0 add conss, 20 chg bounds, 0 chg sides, 0 chg coeffs, 0 upgd conss, 0 impls, 0 clqs, 0 implints
   (0.2s) running MILP presolver
   (0.2s) MILP presolver (2 rounds): 0 aggregations, 0 fixings, 0 bound changes
(round 2, medium)     0 del vars, 3162 del conss, 2346 add conss, 20 chg bounds, 0 chg sides, 0 chg coeffs, 0 upgd conss, 0 impls, 0 clqs, 0 implints
   (0.4s) symmetry computation started: requiring (bin +, int +, cont +), (fixed: bin -, int -, cont -)
   (0.5s) no symmetry present (symcode time: 0.01)
presolving (3 rounds: 3 fast, 2 medium, 1 exhaustive):
 0 deleted vars, 3162 deleted constraints, 2346 added constraints, 20 tightened bounds, 0 added holes, 0 changed sides, 0 changed coefficients
 0 implications, 0 cliques, 0 implied integral variables (0 bin, 0 int, 0 cont)
presolved problem has 163 variables (0 bin, 0 int, 163 cont) and 2346 constraints
   2346 constraints of type <linear>
Presolving Time: 0.44

 time | node  | left  |LP iter|LP it/n|mem/heur|mdpt |vars |cons |rows |cuts |sepa|confs|strbr|  dualbound   | primalbound  |  gap   | compl. 
t 0.5s|     1 |     0 |     0 |     - | trivial|   0 | 163 |2346 |   0 |   0 |  0 |   0 |   0 | 2.000000e+02 |-7.330000e+02 |    Inf | unknown
* 0.5s|     1 |     0 |   245 |     - |    LP  |   0 | 163 |2346 |2346 |   0 |  0 |   0 |   0 |-1.041013e+02 |-1.041013e+02 |   0.00%| unknown
  0.5s|     1 |     0 |   245 |     - |   160M |   0 | 163 |2346 |2346 |   0 |  0 |   0 |   0 |-1.041013e+02 |-1.041013e+02 |   0.00%| unknown

SCIP Status        : problem is solved [optimal solution found]
Solving Time (sec) : 0.54
Solving Nodes      : 1
Primal Bound       : -1.04101307189542e+02 (3 solutions)
Dual Bound         : -1.04101307189542e+02
Gap                : 0.00 %
feasible solution found by trivial heuristic after 0.0 seconds, objective value -9.999680e+05
presolving:
(round 1, fast)       0 del vars, 0 del conss, 0 add conss, 20 chg bounds, 0 chg sides, 0 chg coeffs, 0 upgd conss, 0 impls, 0 clqs, 0 implints
   (0.1s) running MILP presolver
   (0.2s) MILP presolver (2 rounds): 0 aggregations, 0 fixings, 0 bound changes
(round 2, medium)     0 del vars, 3162 del conss, 2346 add conss, 20 chg bounds, 0 chg sides, 0 chg coeffs, 0 upgd conss, 0 impls, 0 clqs, 0 implints
   (0.4s) probing: 51/153 (33.3%) - 0 fixings, 0 aggregations, 0 implications, 0 bound changes
   (0.4s) probing aborted: 50/50 successive totally useless probings
   (0.4s) symmetry computation started: requiring (bin +, int +, cont +), (fixed: bin -, int -, cont -)
   (0.4s) no symmetry present (symcode time: 0.01)
presolving (3 rounds: 3 fast, 2 medium, 1 exhaustive):
 0 deleted vars, 3162 deleted constraints, 2346 added constraints, 20 tightened bounds, 0 added holes, 0 changed sides, 0 changed coefficients
 0 implications, 0 cliques, 0 implied integral variables (0 bin, 0 int, 0 cont)
presolved problem has 163 variables (153 bin, 0 int, 10 cont) and 2346 constraints
   2346 constraints of type <linear>
Presolving Time: 0.44

 time | node  | left  |LP iter|LP it/n|mem/heur|mdpt |vars |cons |rows |cuts |sepa|confs|strbr|  dualbound   | primalbound  |  gap   | compl. 
t 0.5s|     1 |     0 |     0 |     - | trivial|   0 | 163 |2346 |   0 |   0 |  0 |   0 |   0 | 2.000000e+02 |-7.330000e+02 |    Inf | unknown
p 0.6s|     1 |     0 |     9 |     - |   locks|   0 | 163 |2346 |2346 |   0 |  0 |   0 |   0 | 2.000000e+02 |-2.722451e+02 |    Inf | unknown
* 0.6s|     1 |     0 |   254 |     - |    LP  |   0 | 163 |2346 |2346 |   0 |  0 |   0 |   0 |-1.041013e+02 |-1.041013e+02 |   0.00%| unknown
  0.6s|     1 |     0 |   254 |     - |   161M |   0 | 163 |2346 |2346 |   0 |  0 |   0 |   0 |-1.041013e+02 |-1.041013e+02 |   0.00%| unknown

SCIP Status        : problem is solved [optimal solution found]
Solving Time (sec) : 0.60
Solving Nodes      : 1
Primal Bound       : -1.04101307189542e+02 (4 solutions)
Dual Bound         : -1.04101307189542e+02
Gap                : 0.00 %
feasible solution found by trivial heuristic after 0.0 seconds, objective value 0.000000e+00
presolving:
   (0.0s) symmetry computation started: requiring (bin +, int +, cont +), (fixed: bin -, int -, cont -)
   (0.0s) symmetry computation finished: 9 generators found (max: 1500, log10 of symmetry group size: 6.56) (symcode time: 0.00)
dynamic symmetry handling statistics:
   orbitopal reduction:       no components
   orbital reduction:         no components
   lexicographic reduction:   no permutations
handled 1 out of 1 symmetry components
presolving (0 rounds: 0 fast, 0 medium, 0 exhaustive):
 0 deleted vars, 0 deleted constraints, 0 added constraints, 0 tightened bounds, 0 added holes, 0 changed sides, 0 changed coefficients
 0 implications, 0 cliques, 0 implied integral variables (0 bin, 0 int, 0 cont)
presolved problem has 163 variables (153 bin, 0 int, 10 cont) and 1641 constraints
   1641 constraints of type <linear>
Presolving Time: 0.00
transformed 2/2 original solutions to the transformed problem space

 time | node  | left  |LP iter|LP it/n|mem/heur|mdpt |vars |cons |rows |cuts |sepa|confs|strbr|  dualbound   | primalbound  |  gap   | compl. 
t 0.0s|     1 |     0 |     0 |     - | trivial|   0 | 163 |1632 |   0 |   0 |  0 |   0 |   0 | 2.000000e+02 | 3.200000e+01 | 525.00%| unknown
i 0.0s|     1 |     0 |     0 |     - |  oneopt|   0 | 163 |1632 |1632 |   0 |  0 |   0 |   0 | 2.000000e+02 | 1.200000e+02 |  66.67%| unknown
* 0.0s|     1 |     0 |    23 |     - |    LP  |   0 | 163 |1632 |1632 |   0 |  0 |   0 |   0 | 1.900000e+02 | 1.900000e+02 |   0.00%| unknown
  0.0s|     1 |     0 |    23 |     - |  8135k |   0 | 163 |1632 |1632 |   0 |  0 |   0 |   0 | 1.900000e+02 | 1.900000e+02 |   0.00%| unknown

SCIP Status        : problem is solved [optimal solution found]
Solving Time (sec) : 0.01
Solving Nodes      : 1
Primal Bound       : +1.90000000000000e+02 (5 solutions)
Dual Bound         : +1.90000000000000e+02
Gap                : 0.00 %
  [linear] <c1633>: <x154>[C] (+0) +0.800653595<x1>[B] (+0) +0.800653595<x2>[B] (+0) +0.800653595<x3>[B] (+0) +0.800653595<x4>[B] (+0) +0.800653595<x5>[B] (+0) +0.800653595<x6>[B] (+0) +0.800653595<x7>[B] (+0) +0.800653595<x8>[B] (+0) +0.800653595<x9>[B] (+0) +0.800653595<x10>[B] (+0) +0.800653595<x11>[B] (+0) +0.800653595<x12>[B] (+0) +0.800653595<x13>[B] (+0) +0.800653595<x14>[B] (+0) -0.800653595<x15>[B] (+1) +0.800653595<x16>[B] (+0) +0.800653595<x17>[B] (+0) -0.800653595<x18>[B] (+1) -0.800653595<x19>[B] (+1) +0.800653595<x20>[B] (+0) -0.800653595<x21>[B] (+0) -0.800653595<x22>[B] (+1) -0.800653595<x23>[B] (+1) -0.800653595<x24>[B] (+1) -0.800653595<x25>[B] (+1) +0.800653595<x26>[B] (+1) -0.800653595<x27>[B] (+1) +0.800653595<x28>[B] (+1) -0.800653595<x29>[B] (+0) -0.800653595<x30>[B] (+1) -0.800653595<x31>[B] (+1) +0.800653595<x32>[B] (+0) +0.800653595<x33>[B] (+0) +0.800653595<x34>[B] (+0) +0.800653595<x35>[B] (+0) +0.800653595<x36>[B] (+0) +0.800653595<x37>[B] (+0) +0.800653595<x38>[B] (+0) +0.800653595<x39>[B] (+0) +0.800653595<x40>[B] (+1) +0.800653595<x41>[B] (+0) +0.800653595<x42>[B] (+1) +0.800653595<x43>[B] (+0) +0.800653595<x44>[B] (+0) +0.800653595<x45>[B] (+1) -0.800653595<x46>[B] (+1) +0.800653595<x47>[B] (+0) +0.800653595<x48>[B] (+0) +0.800653595<x49>[B] (+0) +0.800653595<x50>[B] (+0) +0.800653595<x51>[B] (+0) +0.800653595<x52>[B] (+0) +0.800653595<x53>[B] (+1) +0.800653595<x54>[B] (+1) +0.800653595<x55>[B] (+0) -0.800653595<x56>[B] (+1) +0.800653595<x57>[B] (+0) -0.800653595<x58>[B] (+0) +0.800653595<x59>[B] (+1) -0.800653595<x60>[B] (+1) +0.800653595<x61>[B] (+0) +0.800653595<x62>[B] (+0) -0.800653595<x63>[B] (+0) -0.800653595<x64>[B] (+1) -0.800653595<x65>[B] (+1) -0.800653595<x66>[B] (+1) -0.800653595<x67>[B] (+1) +0.800653595<x68>[B] (+1) -0.800653595<x69>[B] (+1) +0.800653595<x70>[B] (+1) -0.800653595<x71>[B] (+0) -0.800653595<x72>[B] (+1) -0.800653595<x73>[B] (+1) +0.800653595<x74>[B] (+0) +0.800653595<x75>[B] (+0) +0.800653595<x76>[B] (+1) -0.800653595<x77>[B] (+1) -0.800653595<x78>[B] (+1) -0.800653595<x79>[B] (+1) +0.800653595<x80>[B] (+1) -0.800653595<x81>[B] (+1) +0.800653595<x82>[B] (+1) -0.800653595<x83>[B] (+0) -0.800653595<x84>[B] (+1) -0.800653595<x85>[B] (+1) +0.800653595<x86>[B] (+0) +0.800653595<x87>[B] (+0) -0.800653595<x88>[B] (+1) -0.800653595<x89>[B] (+1) -0.800653595<x90>[B] (+1) +0.800653595<x91>[B] (+0) -0.800653595<x92>[B] (+1) +0.800653595<x93>[B] (+0) -0.800653595<x94>[B] (+0) -0.800653595<x95>[B] (+1) -0.800653595<x96>[B] (+1) +0.800653595<x97>[B] (+0) +0.800653595<x98>[B] (+0) -0.800653595<x99>[B] (+1) -0.800653595<x100>[B] (+1) +0.800653595<x101>[B] (+0) -0.800653595<x102>[B] (+1) +0.800653595<x103>[B] (+0) -0.800653595<x104>[B] (+0) -0.800653595<x105>[B] (+1) -0.800653595<x106>[B] (+1) +0.800653595<x107>[B] (+0) +0.800653595<x108>[B] (+0) +0.800653595<x109>[B] (+1) +0.800653595<x110>[B] (+0) -0.800653595<x111>[B] (+1) +0.800653595<x112>[B] (+0) -0.800653595<x113>[B] (+0) +0.800653595<x114>[B] (+1) -0.800653595<x115>[B] (+1) +0.800653595<x116>[B] (+0) +0.800653595<x117>[B] (+0) +0.800653595<x118>[B] (+0) -0.800653595<x119>[B] (+1) +0.800653595<x120>[B] (+0) -0.800653595<x121>[B] (+0) -0.800653595<x122>[B] (+1) -0.800653595<x123>[B] (+1) +0.800653595<x124>[B] (+0) +0.800653595<x125>[B] (+0) -0.800653595<x126>[B] (+1) +0.800653595<x127>[B] (+0) -0.800653595<x128>[B] (+0) -0.800653595<x129>[B] (+1) -0.800653595<x130>[B] (+1) +0.800653595<x131>[B] (+0) +0.800653595<x132>[B] (+0) +0.800653595<x133>[B] (+0) +0.800653595<x134>[B] (+0) +0.800653595<x135>[B] (+0) -0.800653595<x136>[B] (+1) +0.800653595<x137>[B] (+0) +0.800653595<x138>[B] (+0) -0.800653595<x139>[B] (+0) -0.800653595<x140>[B] (+1) -0.800653595<x141>[B] (+1) +0.800653595<x142>[B] (+0) +0.800653595<x143>[B] (+0) +0.800653595<x144>[B] (+1) -0.800653595<x145>[B] (+1) +0.800653595<x146>[B] (+1) +0.800653595<x147>[B] (+0) -0.800653595<x148>[B] (+1) +0.800653595<x149>[B] (+0) +0.800653595<x150>[B] (+0) +0.800653595<x151>[B] (+0) +0.800653595<x152>[B] (+0) -0.800653595<x153>[B] (+0) >= 23.0196078431373;
;
violation: left hand side is violated by 49.4411764705882
  [linear] <c1633>: <x154>[C] (+0) +0.800653595<x1>[B] (+0) +0.800653595<x2>[B] (+0) +0.800653595<x3>[B] (+0) +0.800653595<x4>[B] (+0) +0.800653595<x5>[B] (+0) +0.800653595<x6>[B] (+0) +0.800653595<x7>[B] (+0) +0.800653595<x8>[B] (+0) +0.800653595<x9>[B] (+0) +0.800653595<x10>[B] (+0) +0.800653595<x11>[B] (+1) +0.800653595<x12>[B] (+0) +0.800653595<x13>[B] (+0) +0.800653595<x14>[B] (+1) -0.800653595<x15>[B] (+1) +0.800653595<x16>[B] (+1) +0.800653595<x17>[B] (+0) -0.800653595<x18>[B] (+1) -0.800653595<x19>[B] (+1) +0.800653595<x20>[B] (+1) -0.800653595<x21>[B] (+1) -0.800653595<x22>[B] (+1) -0.800653595<x23>[B] (+1) -0.800653595<x24>[B] (+1) -0.800653595<x25>[B] (+1) +0.800653595<x26>[B] (+1) -0.800653595<x27>[B] (+1) +0.800653595<x28>[B] (+1) -0.800653595<x29>[B] (+1) -0.800653595<x30>[B] (+1) -0.800653595<x31>[B] (+1) +0.800653595<x32>[B] (+1) +0.800653595<x33>[B] (+1) +0.800653595<x34>[B] (+1) +0.800653595<x35>[B] (+1) +0.800653595<x36>[B] (+1) +0.800653595<x37>[B] (+1) +0.800653595<x38>[B] (+1) +0.800653595<x39>[B] (+1) +0.800653595<x40>[B] (+1) +0.800653595<x41>[B] (+1) +0.800653595<x42>[B] (+1) +0.800653595<x43>[B] (+1) +0.800653595<x44>[B] (+1) +0.800653595<x45>[B] (+1) -0.800653595<x46>[B] (+1) +0.800653595<x47>[B] (+1) +0.800653595<x48>[B] (+1) +0.800653595<x49>[B] (+1) +0.800653595<x50>[B] (+1) +0.800653595<x51>[B] (+1) +0.800653595<x52>[B] (+1) +0.800653595<x53>[B] (+1) +0.800653595<x54>[B] (+1) +0.800653595<x55>[B] (+1) -0.800653595<x56>[B] (+1) +0.800653595<x57>[B] (+1) -0.800653595<x58>[B] (+1) +0.800653595<x59>[B] (+1) -0.800653595<x60>[B] (+1) +0.800653595<x61>[B] (+1) +0.800653595<x62>[B] (+1) -0.800653595<x63>[B] (+1) -0.800653595<x64>[B] (+1) -0.800653595<x65>[B] (+1) -0.800653595<x66>[B] (+1) -0.800653595<x67>[B] (+1) +0.800653595<x68>[B] (+1) -0.800653595<x69>[B] (+1) +0.800653595<x70>[B] (+1) -0.800653595<x71>[B] (+1) -0.800653595<x72>[B] (+1) -0.800653595<x73>[B] (+1) +0.800653595<x74>[B] (+1) +0.800653595<x75>[B] (+1) +0.800653595<x76>[B] (+1) -0.800653595<x77>[B] (+1) -0.800653595<x78>[B] (+1) -0.800653595<x79>[B] (+1) +0.800653595<x80>[B] (+1) -0.800653595<x81>[B] (+1) +0.800653595<x82>[B] (+1) -0.800653595<x83>[B] (+1) -0.800653595<x84>[B] (+1) -0.800653595<x85>[B] (+1) +0.800653595<x86>[B] (+1) +0.800653595<x87>[B] (+1) -0.800653595<x88>[B] (+1) -0.800653595<x89>[B] (+1) -0.800653595<x90>[B] (+1) +0.800653595<x91>[B] (+1) -0.800653595<x92>[B] (+1) +0.800653595<x93>[B] (+1) -0.800653595<x94>[B] (+1) -0.800653595<x95>[B] (+1) -0.800653595<x96>[B] (+1) +0.800653595<x97>[B] (+1) +0.800653595<x98>[B] (+1) -0.800653595<x99>[B] (+1) -0.800653595<x100>[B] (+1) +0.800653595<x101>[B] (+1) -0.800653595<x102>[B] (+1) +0.800653595<x103>[B] (+1) -0.800653595<x104>[B] (+1) -0.800653595<x105>[B] (+1) -0.800653595<x106>[B] (+1) +0.800653595<x107>[B] (+1) +0.800653595<x108>[B] (+1) +0.800653595<x109>[B] (+1) +0.800653595<x110>[B] (+1) -0.800653595<x111>[B] (+1) +0.800653595<x112>[B] (+1) -0.800653595<x113>[B] (+1) +0.800653595<x114>[B] (+1) -0.800653595<x115>[B] (+1) +0.800653595<x116>[B] (+1) +0.800653595<x117>[B] (+1) +0.800653595<x118>[B] (+0) -0.800653595<x119>[B] (+1) +0.800653595<x120>[B] (+0) -0.800653595<x121>[B] (+0) -0.800653595<x122>[B] (+1) -0.800653595<x123>[B] (+1) +0.800653595<x124>[B] (+1) +0.800653595<x125>[B] (+0) -0.800653595<x126>[B] (+1) +0.800653595<x127>[B] (+1) -0.800653595<x128>[B] (+0) -0.800653595<x129>[B] (+1) -0.800653595<x130>[B] (+1) +0.800653595<x131>[B] (+1) +0.800653595<x132>[B] (+1) +0.800653595<x133>[B] (+0) +0.800653595<x134>[B] (+0) +0.800653595<x135>[B] (+0) -0.800653595<x136>[B] (+1) +0.800653595<x137>[B] (+1) +0.800653595<x138>[B] (+0) -0.800653595<x139>[B] (+0) -0.800653595<x140>[B] (+1) -0.800653595<x141>[B] (+1) +0.800653595<x142>[B] (+1) +0.800653595<x143>[B] (+1) +0.800653595<x144>[B] (+1) -0.800653595<x145>[B] (+1) +0.800653595<x146>[B] (+1) +0.800653595<x147>[B] (+1) -0.800653595<x148>[B] (+1) +0.800653595<x149>[B] (+1) +0.800653595<x150>[B] (+0) +0.800653595<x151>[B] (+0) +0.800653595<x152>[B] (+0) -0.800653595<x153>[B] (+0) >= 23.0196078431373;
;
violation: left hand side is violated by 16.6143790849673
  [linear] <c1633>: <x154>[C] (+0) +0.800653595<x1>[B] (+1) +0.800653595<x2>[B] (+1) +0.800653595<x3>[B] (+1) +0.800653595<x4>[B] (+1) +0.800653595<x5>[B] (+1) +0.800653595<x6>[B] (+1) +0.800653595<x7>[B] (+1) +0.800653595<x8>[B] (+1) +0.800653595<x9>[B] (+1) +0.800653595<x10>[B] (+1) +0.800653595<x11>[B] (+1) +0.800653595<x12>[B] (+1) +0.800653595<x13>[B] (+1) +0.800653595<x14>[B] (+1) -0.800653595<x15>[B] (+1) +0.800653595<x16>[B] (+1) +0.800653595<x17>[B] (+1) -0.800653595<x18>[B] (+1) -0.800653595<x19>[B] (+1) +0.800653595<x20>[B] (+1) -0.800653595<x21>[B] (+1) -0.800653595<x22>[B] (+1) -0.800653595<x23>[B] (+1) -0.800653595<x24>[B] (+1) -0.800653595<x25>[B] (+1) +0.800653595<x26>[B] (+1) -0.800653595<x27>[B] (+1) +0.800653595<x28>[B] (+1) -0.800653595<x29>[B] (+1) -0.800653595<x30>[B] (+1) -0.800653595<x31>[B] (+1) +0.800653595<x32>[B] (+1) +0.800653595<x33>[B] (+1) +0.800653595<x34>[B] (+1) +0.800653595<x35>[B] (+1) +0.800653595<x36>[B] (+1) +0.800653595<x37>[B] (+1) +0.800653595<x38>[B] (+1) +0.800653595<x39>[B] (+1) +0.800653595<x40>[B] (+1) +0.800653595<x41>[B] (+1) +0.800653595<x42>[B] (+1) +0.800653595<x43>[B] (+1) +0.800653595<x44>[B] (+1) +0.800653595<x45>[B] (+1) -0.800653595<x46>[B] (+1) +0.800653595<x47>[B] (+1) +0.800653595<x48>[B] (+1) +0.800653595<x49>[B] (+1) +0.800653595<x50>[B] (+1) +0.800653595<x51>[B] (+1) +0.800653595<x52>[B] (+1) +0.800653595<x53>[B] (+1) +0.800653595<x54>[B] (+1) +0.800653595<x55>[B] (+1) -0.800653595<x56>[B] (+1) +0.800653595<x57>[B] (+1) -0.800653595<x58>[B] (+1) +0.800653595<x59>[B] (+1) -0.800653595<x60>[B] (+1) +0.800653595<x61>[B] (+1) +0.800653595<x62>[B] (+1) -0.800653595<x63>[B] (+1) -0.800653595<x64>[B] (+1) -0.800653595<x65>[B] (+1) -0.800653595<x66>[B] (+1) -0.800653595<x67>[B] (+1) +0.800653595<x68>[B] (+1) -0.800653595<x69>[B] (+1) +0.800653595<x70>[B] (+1) -0.800653595<x71>[B] (+1) -0.800653595<x72>[B] (+1) -0.800653595<x73>[B] (+1) +0.800653595<x74>[B] (+1) +0.800653595<x75>[B] (+1) +0.800653595<x76>[B] (+1) -0.800653595<x77>[B] (+1) -0.800653595<x78>[B] (+1) -0.800653595<x79>[B] (+1) +0.800653595<x80>[B] (+1) -0.800653595<x81>[B] (+1) +0.800653595<x82>[B] (+1) -0.800653595<x83>[B] (+1) -0.800653595<x84>[B] (+1) -0.800653595<x85>[B] (+1) +0.800653595<x86>[B] (+1) +0.800653595<x87>[B] (+1) -0.800653595<x88>[B] (+1) -0.800653595<x89>[B] (+1) -0.800653595<x90>[B] (+1) +0.800653595<x91>[B] (+1) -0.800653595<x92>[B] (+1) +0.800653595<x93>[B] (+1) -0.800653595<x94>[B] (+1) -0.800653595<x95>[B] (+1) -0.800653595<x96>[B] (+1) +0.800653595<x97>[B] (+1) +0.800653595<x98>[B] (+1) -0.800653595<x99>[B] (+1) -0.800653595<x100>[B] (+1) +0.800653595<x101>[B] (+1) -0.800653595<x102>[B] (+1) +0.800653595<x103>[B] (+1) -0.800653595<x104>[B] (+1) -0.800653595<x105>[B] (+1) -0.800653595<x106>[B] (+1) +0.800653595<x107>[B] (+1) +0.800653595<x108>[B] (+1) +0.800653595<x109>[B] (+1) +0.800653595<x110>[B] (+1) -0.800653595<x111>[B] (+1) +0.800653595<x112>[B] (+1) -0.800653595<x113>[B] (+1) +0.800653595<x114>[B] (+1) -0.800653595<x115>[B] (+1) +0.800653595<x116>[B] (+1) +0.800653595<x117>[B] (+1) +0.800653595<x118>[B] (+1) -0.800653595<x119>[B] (+1) +0.800653595<x120>[B] (+1) -0.800653595<x121>[B] (+1) -0.800653595<x122>[B] (+1) -0.800653595<x123>[B] (+1) +0.800653595<x124>[B] (+1) +0.800653595<x125>[B] (+1) -0.800653595<x126>[B] (+1) +0.800653595<x127>[B] (+1) -0.800653595<x128>[B] (+1) -0.800653595<x129>[B] (+1) -0.800653595<x130>[B] (+1) +0.800653595<x131>[B] (+1) +0.800653595<x132>[B] (+1) +0.800653595<x133>[B] (+1) +0.800653595<x134>[B] (+1) +0.800653595<x135>[B] (+1) -0.800653595<x136>[B] (+1) +0.800653595<x137>[B] (+1) +0.800653595<x138>[B] (+1) -0.800653595<x139>[B] (+1) -0.800653595<x140>[B] (+1) -0.800653595<x141>[B] (+1) +0.800653595<x142>[B] (+1) +0.800653595<x143>[B] (+1) +0.800653595<x144>[B] (+1) -0.800653595<x145>[B] (+1) +0.800653595<x146>[B] (+1) +0.800653595<x147>[B] (+1) -0.800653595<x148>[B] (+1) +0.800653595<x149>[B] (+1) +0.800653595<x150>[B] (+1) +0.800653595<x151>[B] (+1) +0.800653595<x152>[B] (+1) -0.800653595<x153>[B] (+1) >= 23.0196078431373;
;
violation: left hand side is violated by 1.40196078431373
  [linear] <c1633>: <x154>[C] (+0) +0.800653595<x1>[B] (+0) +0.800653595<x2>[B] (+0) +0.800653595<x3>[B] (+0) +0.800653595<x4>[B] (+0) +0.800653595<x5>[B] (+0) +0.800653595<x6>[B] (+0) +0.800653595<x7>[B] (+0) +0.800653595<x8>[B] (+0) +0.800653595<x9>[B] (+0) +0.800653595<x10>[B] (+0) +0.800653595<x11>[B] (+0) +0.800653595<x12>[B] (+0) +0.800653595<x13>[B] (+0) +0.800653595<x14>[B] (+0) -0.800653595<x15>[B] (+0) +0.800653595<x16>[B] (+0) +0.800653595<x17>[B] (+0) -0.800653595<x18>[B] (+0) -0.800653595<x19>[B] (+0) +0.800653595<x20>[B] (+0) -0.800653595<x21>[B] (+0) -0.800653595<x22>[B] (+0) -0.800653595<x23>[B] (+0) -0.800653595<x24>[B] (+0) -0.800653595<x25>[B] (+0) +0.800653595<x26>[B] (+0) -0.800653595<x27>[B] (+0) +0.800653595<x28>[B] (+0) -0.800653595<x29>[B] (+0) -0.800653595<x30>[B] (+0) -0.800653595<x31>[B] (+0) +0.800653595<x32>[B] (+0) +0.800653595<x33>[B] (+0) +0.800653595<x34>[B] (+0) +0.800653595<x35>[B] (+0) +0.800653595<x36>[B] (+0) +0.800653595<x37>[B] (+0) +0.800653595<x38>[B] (+0) +0.800653595<x39>[B] (+0) +0.800653595<x40>[B] (+0) +0.800653595<x41>[B] (+0) +0.800653595<x42>[B] (+0) +0.800653595<x43>[B] (+0) +0.800653595<x44>[B] (+0) +0.800653595<x45>[B] (+0) -0.800653595<x46>[B] (+0) +0.800653595<x47>[B] (+0) +0.800653595<x48>[B] (+0) +0.800653595<x49>[B] (+0) +0.800653595<x50>[B] (+0) +0.800653595<x51>[B] (+0) +0.800653595<x52>[B] (+0) +0.800653595<x53>[B] (+0) +0.800653595<x54>[B] (+0) +0.800653595<x55>[B] (+0) -0.800653595<x56>[B] (+0) +0.800653595<x57>[B] (+0) -0.800653595<x58>[B] (+0) +0.800653595<x59>[B] (+0) -0.800653595<x60>[B] (+0) +0.800653595<x61>[B] (+0) +0.800653595<x62>[B] (+0) -0.800653595<x63>[B] (+0) -0.800653595<x64>[B] (+0) -0.800653595<x65>[B] (+0) -0.800653595<x66>[B] (+0) -0.800653595<x67>[B] (+0) +0.800653595<x68>[B] (+0) -0.800653595<x69>[B] (+0) +0.800653595<x70>[B] (+0) -0.800653595<x71>[B] (+0) -0.800653595<x72>[B] (+0) -0.800653595<x73>[B] (+0) +0.800653595<x74>[B] (+0) +0.800653595<x75>[B] (+0) +0.800653595<x76>[B] (+0) -0.800653595<x77>[B] (+0) -0.800653595<x78>[B] (+0) -0.800653595<x79>[B] (+0) +0.800653595<x80>[B] (+0) -0.800653595<x81>[B] (+0) +0.800653595<x82>[B] (+0) -0.800653595<x83>[B] (+0) -0.800653595<x84>[B] (+0) -0.800653595<x85>[B] (+0) +0.800653595<x86>[B] (+0) +0.800653595<x87>[B] (+0) -0.800653595<x88>[B] (+0) -0.800653595<x89>[B] (+0) -0.800653595<x90>[B] (+0) +0.800653595<x91>[B] (+0) -0.800653595<x92>[B] (+0) +0.800653595<x93>[B] (+0) -0.800653595<x94>[B] (+0) -0.800653595<x95>[B] (+0) -0.800653595<x96>[B] (+0) +0.800653595<x97>[B] (+0) +0.800653595<x98>[B] (+0) -0.800653595<x99>[B] (+0) -0.800653595<x100>[B] (+0) +0.800653595<x101>[B] (+0) -0.800653595<x102>[B] (+0) +0.800653595<x103>[B] (+0) -0.800653595<x104>[B] (+0) -0.800653595<x105>[B] (+0) -0.800653595<x106>[B] (+0) +0.800653595<x107>[B] (+0) +0.800653595<x108>[B] (+0) +0.800653595<x109>[B] (+0) +0.800653595<x110>[B] (+0) -0.800653595<x111>[B] (+0) +0.800653595<x112>[B] (+0) -0.800653595<x113>[B] (+0) +0.800653595<x114>[B] (+0) -0.800653595<x115>[B] (+0) +0.800653595<x116>[B] (+0) +0.800653595<x117>[B] (+0) +0.800653595<x118>[B] (+0) -0.800653595<x119>[B] (+0) +0.800653595<x120>[B] (+0) -0.800653595<x121>[B] (+0) -0.800653595<x122>[B] (+0) -0.800653595<x123>[B] (+0) +0.800653595<x124>[B] (+0) +0.800653595<x125>[B] (+0) -0.800653595<x126>[B] (+0) +0.800653595<x127>[B] (+0) -0.800653595<x128>[B] (+0) -0.800653595<x129>[B] (+0) -0.800653595<x130>[B] (+0) +0.800653595<x131>[B] (+0) +0.800653595<x132>[B] (+0) +0.800653595<x133>[B] (+0) +0.800653595<x134>[B] (+0) +0.800653595<x135>[B] (+0) -0.800653595<x136>[B] (+0) +0.800653595<x137>[B] (+0) +0.800653595<x138>[B] (+0) -0.800653595<x139>[B] (+0) -0.800653595<x140>[B] (+0) -0.800653595<x141>[B] (+0) +0.800653595<x142>[B] (+0) +0.800653595<x143>[B] (+0) +0.800653595<x144>[B] (+0) -0.800653595<x145>[B] (+0) +0.800653595<x146>[B] (+0) +0.800653595<x147>[B] (+0) -0.800653595<x148>[B] (+0) +0.800653595<x149>[B] (+0) +0.800653595<x150>[B] (+0) +0.800653595<x151>[B] (+0) +0.800653595<x152>[B] (+0) -0.800653595<x153>[B] (+0) >= 23.0196078431373;
;
violation: left hand side is violated by 23.0196078431373
1/5 feasible solution given by solution candidate storage, new primal bound -9.999680e+05

presolving:
   (0.0s) symmetry computation started: requiring (bin +, int +, cont +), (fixed: bin -, int -, cont -)
   (0.0s) no symmetry present (symcode time: 0.00)
presolving (0 rounds: 0 fast, 0 medium, 0 exhaustive):
 0 deleted vars, 0 deleted constraints, 0 added constraints, 0 tightened bounds, 0 added holes, 0 changed sides, 0 changed coefficients
 0 implications, 0 cliques, 0 implied integral variables (0 bin, 0 int, 0 cont)
presolved problem has 163 variables (153 bin, 0 int, 10 cont) and 1642 constraints
   1642 constraints of type <linear>
Presolving Time: 0.00
transformed 1/1 original solutions to the transformed problem space

 time | node  | left  |LP iter|LP it/n|mem/heur|mdpt |vars |cons |rows |cuts |sepa|confs|strbr|  dualbound   | primalbound  |  gap   | compl. 
p 0.0s|     1 |     0 |     1 |     - |   locks|   0 | 163 |1642 |1642 |   0 |  0 |   0 |   0 | 2.000000e+02 |-2.282647e+02 |    Inf | unknown
* 0.0s|     1 |     0 |   153 |     - |    LP  |   0 | 163 |1642 |1642 |   0 |  0 |   0 |   0 |-1.011928e+02 |-1.011928e+02 |   0.00%| unknown
  0.0s|     1 |     0 |   153 |     - |  8914k |   0 | 163 |1642 |1642 |   0 |  0 |   0 |   0 |-1.011928e+02 |-1.011928e+02 |   0.00%| unknown

SCIP Status        : problem is solved [optimal solution found]
Solving Time (sec) : 0.01
Solving Nodes      : 1
Primal Bound       : -1.01192810457516e+02 (4 solutions)
Dual Bound         : -1.01192810457516e+02
Gap                : 0.00 %
  [linear] <c1643>: <x154>[C] (+31.0261438) +0.650326797<x1>[B] (+0) +0.650326797<x2>[B] (+0) +0.650326797<x3>[B] (+0) +0.650326797<x4>[B] (+0) +0.650326797<x5>[B] (+0) +0.650326797<x6>[B] (+0) +0.650326797<x7>[B] (+0) +0.650326797<x8>[B] (+0) +0.650326797<x9>[B] (+0) +0.650326797<x10>[B] (+0) +0.650326797<x11>[B] (+1) +0.650326797<x12>[B] (+0) +0.650326797<x13>[B] (+0) +0.650326797<x14>[B] (+1) -0.650326797<x15>[B] (+1) +0.650326797<x16>[B] (+1) +0.650326797<x17>[B] (+0) -0.650326797<x18>[B] (+1) -0.650326797<x19>[B] (+1) +0.650326797<x20>[B] (+1) -0.650326797<x21>[B] (+0) -0.650326797<x22>[B] (+1) -0.650326797<x23>[B] (+1) -0.650326797<x24>[B] (+1) -0.650326797<x25>[B] (+1) +0.650326797<x26>[B] (+1) -0.650326797<x27>[B] (+1) +0.650326797<x28>[B] (+1) -0.650326797<x29>[B] (+1) -0.650326797<x30>[B] (+1) -0.650326797<x31>[B] (+1) +0.650326797<x32>[B] (+1) +0.650326797<x33>[B] (+0) +0.650326797<x34>[B] (+1) +0.650326797<x35>[B] (+0) +0.650326797<x36>[B] (+0) +0.650326797<x37>[B] (+1) +0.650326797<x38>[B] (+0) +0.650326797<x39>[B] (+0) +0.650326797<x40>[B] (+1) +0.650326797<x41>[B] (+0) +0.650326797<x42>[B] (+1) +0.650326797<x43>[B] (+1) +0.650326797<x44>[B] (+0) +0.650326797<x45>[B] (+1) -0.650326797<x46>[B] (+1) +0.650326797<x47>[B] (+1) +0.650326797<x48>[B] (+0) +0.650326797<x49>[B] (+0) +0.650326797<x50>[B] (+0) +0.650326797<x51>[B] (+0) +0.650326797<x52>[B] (+0) +0.650326797<x53>[B] (+0) +0.650326797<x54>[B] (+0) +0.650326797<x55>[B] (+0) -0.650326797<x56>[B] (+1) +0.650326797<x57>[B] (+0) -0.650326797<x58>[B] (+0) +0.650326797<x59>[B] (+1) -0.650326797<x60>[B] (+1) +0.650326797<x61>[B] (+1) +0.650326797<x62>[B] (+0) -0.650326797<x63>[B] (+0) -0.650326797<x64>[B] (+1) -0.650326797<x65>[B] (+0) -0.650326797<x66>[B] (+0) -0.650326797<x67>[B] (+1) +0.650326797<x68>[B] (+1) -0.650326797<x69>[B] (+1) +0.650326797<x70>[B] (+1) -0.650326797<x71>[B] (+0) -0.650326797<x72>[B] (+1) -0.650326797<x73>[B] (+1) +0.650326797<x74>[B] (+1) +0.650326797<x75>[B] (+0) +0.650326797<x76>[B] (+1) -0.650326797<x77>[B] (+1) -0.650326797<x78>[B] (+1) -0.650326797<x79>[B] (+1) +0.650326797<x80>[B] (+1) -0.650326797<x81>[B] (+1) +0.650326797<x82>[B] (+1) -0.650326797<x83>[B] (+1) -0.650326797<x84>[B] (+1) -0.650326797<x85>[B] (+1) +0.650326797<x86>[B] (+1) +0.650326797<x87>[B] (+0) -0.650326797<x88>[B] (+0) -0.650326797<x89>[B] (+0) -0.650326797<x90>[B] (+1) +0.650326797<x91>[B] (+0) -0.650326797<x92>[B] (+1) +0.650326797<x93>[B] (+0) -0.650326797<x94>[B] (+0) -0.650326797<x95>[B] (+1) -0.650326797<x96>[B] (+1) +0.650326797<x97>[B] (+1) +0.650326797<x98>[B] (+0) -0.650326797<x99>[B] (+1) -0.650326797<x100>[B] (+1) +0.650326797<x101>[B] (+1) -0.650326797<x102>[B] (+1) +0.650326797<x103>[B] (+1) -0.650326797<x104>[B] (+1) -0.650326797<x105>[B] (+1) -0.650326797<x106>[B] (+1) +0.650326797<x107>[B] (+1) +0.650326797<x108>[B] (+0) +0.650326797<x109>[B] (+1) +0.650326797<x110>[B] (+1) -0.650326797<x111>[B] (+1) +0.650326797<x112>[B] (+1) -0.650326797<x113>[B] (+1) +0.650326797<x114>[B] (+1) -0.650326797<x115>[B] (+1) +0.650326797<x116>[B] (+1) +0.650326797<x117>[B] (+0) +0.650326797<x118>[B] (+0) -0.650326797<x119>[B] (+1) +0.650326797<x120>[B] (+0) -0.650326797<x121>[B] (+0) -0.650326797<x122>[B] (+1) -0.650326797<x123>[B] (+1) +0.650326797<x124>[B] (+1) +0.650326797<x125>[B] (+0) -0.650326797<x126>[B] (+1) +0.650326797<x127>[B] (+1) -0.650326797<x128>[B] (+0) -0.650326797<x129>[B] (+1) -0.650326797<x130>[B] (+1) +0.650326797<x131>[B] (+1) +0.650326797<x132>[B] (+0) +0.650326797<x133>[B] (+0) +0.650326797<x134>[B] (+0) +0.650326797<x135>[B] (+0) -0.650326797<x136>[B] (+1) +0.650326797<x137>[B] (+1) +0.650326797<x138>[B] (+0) -0.650326797<x139>[B] (+0) -0.650326797<x140>[B] (+1) -0.650326797<x141>[B] (+1) +0.650326797<x142>[B] (+1) +0.650326797<x143>[B] (+0) +0.650326797<x144>[B] (+1) -0.650326797<x145>[B] (+1) +0.650326797<x146>[B] (+1) +0.650326797<x147>[B] (+0) -0.650326797<x148>[B] (+1) +0.650326797<x149>[B] (+1) +0.650326797<x150>[B] (+0) +0.650326797<x151>[B] (+0) +0.650326797<x152>[B] (+0) -0.650326797<x153>[B] (+0) >= 26.1764705882353;
;
violation: left hand side is violated by 1.65359477124183
  [linear] <c1644>: <x155>[C] (+23.9869281) +0.519607843<x1>[B] (+1) +0.519607843<x2>[B] (+1) +0.519607843<x3>[B] (+1) +0.519607843<x4>[B] (+1) +0.519607843<x5>[B] (+1) +0.519607843<x6>[B] (+1) +0.519607843<x7>[B] (+1) +0.519607843<x8>[B] (+1) +0.519607843<x9>[B] (+1) +0.519607843<x10>[B] (+1) +0.519607843<x11>[B] (+1) +0.519607843<x12>[B] (+1) +0.519607843<x13>[B] (+1) +0.519607843<x14>[B] (+1) +0.519607843<x15>[B] (+0) +0.519607843<x16>[B] (+0) -0.519607843<x17>[B] (+1) +0.519607843<x18>[B] (+0) +0.519607843<x19>[B] (+0) +0.519607843<x20>[B] (+0) +0.519607843<x21>[B] (+1) -0.519607843<x22>[B] (+0) +0.519607843<x23>[B] (+0) +0.519607843<x24>[B] (+0) -0.519607843<x25>[B] (+0) +0.519607843<x26>[B] (+0) +0.519607843<x27>[B] (+0) -0.519607843<x28>[B] (+0) +0.519607843<x29>[B] (+1) +0.519607843<x30>[B] (+0) +0.519607843<x31>[B] (+0) +0.519607843<x32>[B] (+0) -0.519607843<x33>[B] (+1) +0.519607843<x34>[B] (+1) +0.519607843<x35>[B] (+0) +0.519607843<x36>[B] (+1) -0.519607843<x37>[B] (+1) +0.519607843<x38>[B] (+1) +0.519607843<x39>[B] (+1) -0.519607843<x40>[B] (+1) -0.519607843<x41>[B] (+1) +0.519607843<x42>[B] (+1) -0.519607843<x43>[B] (+1) +0.519607843<x44>[B] (+1) +0.519607843<x45>[B] (+1) +0.519607843<x46>[B] (+0) +0.519607843<x47>[B] (+0) -0.519607843<x48>[B] (+1) -0.519607843<x49>[B] (+0) -0.519607843<x50>[B] (+1) -0.519607843<x51>[B] (+1) -0.519607843<x52>[B] (+1) -0.519607843<x53>[B] (+1) -0.519607843<x54>[B] (+1) -0.519607843<x55>[B] (+1) -0.519607843<x56>[B] (+1) -0.519607843<x57>[B] (+1) -0.519607843<x58>[B] (+1) -0.519607843<x59>[B] (+1) -0.519607843<x60>[B] (+0) -0.519607843<x61>[B] (+0) -0.519607843<x62>[B] (+1) +0.519607843<x63>[B] (+1) -0.519607843<x64>[B] (+1) -0.519607843<x65>[B] (+1) -0.519607843<x66>[B] (+1) -0.519607843<x67>[B] (+1) -0.519607843<x68>[B] (+1) -0.519607843<x69>[B] (+1) -0.519607843<x70>[B] (+1) -0.519607843<x71>[B] (+1) -0.519607843<x72>[B] (+1) -0.519607843<x73>[B] (+0) -0.519607843<x74>[B] (+0) -0.519607843<x75>[B] (+1) -0.519607843<x76>[B] (+0) -0.519607843<x77>[B] (+0) -0.519607843<x78>[B] (+0) -0.519607843<x79>[B] (+0) -0.519607843<x80>[B] (+0) -0.519607843<x81>[B] (+0) -0.519607843<x82>[B] (+0) -0.519607843<x83>[B] (+1) -0.519607843<x84>[B] (+0) -0.519607843<x85>[B] (+0) -0.519607843<x86>[B] (+0) -0.519607843<x87>[B] (+1) +0.519607843<x88>[B] (+0) +0.519607843<x89>[B] (+0) -0.519607843<x90>[B] (+0) +0.519607843<x91>[B] (+1) +0.519607843<x92>[B] (+0) +0.519607843<x93>[B] (+1) +0.519607843<x94>[B] (+1) +0.519607843<x95>[B] (+0) +0.519607843<x96>[B] (+0) +0.519607843<x97>[B] (+0) -0.519607843<x98>[B] (+1) -0.519607843<x99>[B] (+1) -0.519607843<x100>[B] (+0) -0.519607843<x101>[B] (+1) -0.519607843<x102>[B] (+0) -0.519607843<x103>[B] (+1) -0.519607843<x104>[B] (+1) -0.519607843<x105>[B] (+0) -0.519607843<x106>[B] (+0) -0.519607843<x107>[B] (+0) -0.519607843<x108>[B] (+1) -0.519607843<x109>[B] (+0) -0.519607843<x110>[B] (+1) +0.519607843<x111>[B] (+0) -0.519607843<x112>[B] (+1) +0.519607843<x113>[B] (+1) +0.519607843<x114>[B] (+0) +0.519607843<x115>[B] (+0) -0.519607843<x116>[B] (+0) -0.519607843<x117>[B] (+1) +0.519607843<x118>[B] (+1) +0.519607843<x119>[B] (+0) +0.519607843<x120>[B] (+1) +0.519607843<x121>[B] (+1) +0.519607843<x122>[B] (+0) +0.519607843<x123>[B] (+0) +0.519607843<x124>[B] (+0) -0.519607843<x125>[B] (+1) +0.519607843<x126>[B] (+0) -0.519607843<x127>[B] (+0) +0.519607843<x128>[B] (+1) +0.519607843<x129>[B] (+0) +0.519607843<x130>[B] (+0) +0.519607843<x131>[B] (+0) -0.519607843<x132>[B] (+1) -0.519607843<x133>[B] (+1) -0.519607843<x134>[B] (+1) +0.519607843<x135>[B] (+1) -0.519607843<x136>[B] (+0) -0.519607843<x137>[B] (+0) -0.519607843<x138>[B] (+1) +0.519607843<x139>[B] (+1) +0.519607843<x140>[B] (+0) +0.519607843<x141>[B] (+0) +0.519607843<x142>[B] (+0) -0.519607843<x143>[B] (+1) +0.519607843<x144>[B] (+0) -0.519607843<x145>[B] (+0) -0.519607843<x146>[B] (+0) -0.519607843<x147>[B] (+1) -0.519607843<x148>[B] (+0) -0.519607843<x149>[B] (+0) -0.519607843<x150>[B] (+1) -0.519607843<x151>[B] (+1) -0.519607843<x152>[B] (+1) -0.519607843<x153>[B] (+1) >= 15.718954248366;
;
violation: left hand side is violated by 0.0457516339869279
2/4 feasible solutions given by solution candidate storage, new primal bound -9.999680e+05

presolving:
   (0.0s) symmetry computation started: requiring (bin +, int +, cont +), (fixed: bin -, int -, cont -)
   (0.0s) no symmetry present (symcode time: 0.00)
presolving (0 rounds: 0 fast, 0 medium, 0 exhaustive):
 0 deleted vars, 0 deleted constraints, 0 added constraints, 0 tightened bounds, 0 added holes, 0 changed sides, 0 changed coefficients
 0 implications, 0 cliques, 0 implied integral variables (0 bin, 0 int, 0 cont)
presolved problem has 163 variables (153 bin, 0 int, 10 cont) and 1652 constraints
   1652 constraints of type <linear>
Presolving Time: 0.00
transformed 2/2 original solutions to the transformed problem space

 time | node  | left  |LP iter|LP it/n|mem/heur|mdpt |vars |cons |rows |cuts |sepa|confs|strbr|  dualbound   | primalbound  |  gap   | compl. 
p 0.0s|     1 |     0 |     3 |     - |   locks|   0 | 163 |1652 |1652 |   0 |  0 |   0 |   0 | 2.000000e+02 |-2.474020e+02 |    Inf | unknown
  0.0s|     1 |     0 |   252 |     - |  9732k |   0 | 163 |1652 |1652 |   0 |  0 |   0 |   0 |-1.031122e+02 |-2.474020e+02 | 139.93%| unknown
r 0.0s|     1 |     0 |   252 |     - |shifting|   0 | 163 |1652 |1652 |   0 |  0 |   0 |   0 |-1.031122e+02 |-1.136874e+02 |  10.26%| unknown
  0.0s|     1 |     0 |   255 |     - |    10M |   0 | 163 |1652 |1653 |   1 |  1 |   0 |   0 |-1.031536e+02 |-1.136874e+02 |  10.21%| unknown
  0.0s|     1 |     0 |   255 |     - |    10M |   0 | 163 |1652 |1653 |   1 |  1 |   0 |   0 |-1.031536e+02 |-1.136874e+02 |  10.21%| unknown
d 0.0s|     1 |     0 |   255 |     - |farkasdi|   0 | 163 |1652 |1653 |   0 |  2 |   0 |   0 |-1.031536e+02 |-1.031536e+02 |   0.00%| unknown
  0.0s|     1 |     0 |   255 |     - |    10M |   0 | 163 |1652 |1653 |   1 |  2 |   0 |   0 |-1.031536e+02 |-1.031536e+02 |   0.00%| unknown

SCIP Status        : problem is solved [optimal solution found]
Solving Time (sec) : 0.05
Solving Nodes      : 1
Primal Bound       : -1.03153594771242e+02 (5 solutions)
Dual Bound         : -1.03153594771242e+02
Gap                : 0.00 %
  [linear] <c1653>: <x154>[C] (+36.5816993) +0.689542484<x1>[B] (+0) +0.689542484<x2>[B] (+0) +0.689542484<x3>[B] (+0) +0.689542484<x4>[B] (+0) +0.689542484<x5>[B] (+0) +0.689542484<x6>[B] (+0) +0.689542484<x7>[B] (+0) +0.689542484<x8>[B] (+0) +0.689542484<x9>[B] (+0) +0.689542484<x10>[B] (+0) +0.689542484<x11>[B] (+1) +0.689542484<x12>[B] (+0) +0.689542484<x13>[B] (+0) +0.689542484<x14>[B] (+1) -0.689542484<x15>[B] (+1) +0.689542484<x16>[B] (+0) +0.689542484<x17>[B] (+0) -0.689542484<x18>[B] (+1) -0.689542484<x19>[B] (+1) +0.689542484<x20>[B] (+1) -0.689542484<x21>[B] (+0) -0.689542484<x22>[B] (+1) -0.689542484<x23>[B] (+1) -0.689542484<x24>[B] (+1) -0.689542484<x25>[B] (+1) +0.689542484<x26>[B] (+1) -0.689542484<x27>[B] (+1) +0.689542484<x28>[B] (+1) -0.689542484<x29>[B] (+1) -0.689542484<x30>[B] (+1) -0.689542484<x31>[B] (+1) +0.689542484<x32>[B] (+1) +0.689542484<x33>[B] (+0) +0.689542484<x34>[B] (+1) +0.689542484<x35>[B] (+0) +0.689542484<x36>[B] (+0) +0.689542484<x37>[B] (+1) +0.689542484<x38>[B] (+0) +0.689542484<x39>[B] (+0) +0.689542484<x40>[B] (+1) +0.689542484<x41>[B] (+1) +0.689542484<x42>[B] (+1) +0.689542484<x43>[B] (+1) +0.689542484<x44>[B] (+0) +0.689542484<x45>[B] (+1) -0.689542484<x46>[B] (+1) +0.689542484<x47>[B] (+1) +0.689542484<x48>[B] (+0) +0.689542484<x49>[B] (+0) +0.689542484<x50>[B] (+0) +0.689542484<x51>[B] (+0) +0.689542484<x52>[B] (+0) +0.689542484<x53>[B] (+0) +0.689542484<x54>[B] (+0) +0.689542484<x55>[B] (+0) -0.689542484<x56>[B] (+1) +0.689542484<x57>[B] (+0) -0.689542484<x58>[B] (+0) +0.689542484<x59>[B] (+1) -0.689542484<x60>[B] (+1) +0.689542484<x61>[B] (+0) +0.689542484<x62>[B] (+0) -0.689542484<x63>[B] (+0) -0.689542484<x64>[B] (+1) -0.689542484<x65>[B] (-2.33146835e-14) -0.689542484<x66>[B] (-2.33146835e-14) -0.689542484<x67>[B] (+1) +0.689542484<x68>[B] (+1) -0.689542484<x69>[B] (+1) +0.689542484<x70>[B] (+1) -0.689542484<x71>[B] (+0) -0.689542484<x72>[B] (+1) -0.689542484<x73>[B] (+1) +0.689542484<x74>[B] (+1) +0.689542484<x75>[B] (+0) +0.689542484<x76>[B] (+1) -0.689542484<x77>[B] (+1) -0.689542484<x78>[B] (+1) -0.689542484<x79>[B] (+1) +0.689542484<x80>[B] (+1) -0.689542484<x81>[B] (+1) +0.689542484<x82>[B] (+1) -0.689542484<x83>[B] (+1) -0.689542484<x84>[B] (+1) -0.689542484<x85>[B] (+1) +0.689542484<x86>[B] (+1) +0.689542484<x87>[B] (+0) -0.689542484<x88>[B] (+0) -0.689542484<x89>[B] (+0) -0.689542484<x90>[B] (+1) +0.689542484<x91>[B] (+0) -0.689542484<x92>[B] (+1) +0.689542484<x93>[B] (+0) -0.689542484<x94>[B] (+0) -0.689542484<x95>[B] (+1) -0.689542484<x96>[B] (+1) +0.689542484<x97>[B] (+0) +0.689542484<x98>[B] (+0) -0.689542484<x99>[B] (+1) -0.689542484<x100>[B] (+1) +0.689542484<x101>[B] (+1) -0.689542484<x102>[B] (+1) +0.689542484<x103>[B] (+1) -0.689542484<x104>[B] (+1) -0.689542484<x105>[B] (+1) -0.689542484<x106>[B] (+1) +0.689542484<x107>[B] (+1) +0.689542484<x108>[B] (+0) +0.689542484<x109>[B] (+1) +0.689542484<x110>[B] (+1) -0.689542484<x111>[B] (+1) +0.689542484<x112>[B] (+1) -0.689542484<x113>[B] (+1) +0.689542484<x114>[B] (+1) -0.689542484<x115>[B] (+1) +0.689542484<x116>[B] (+1) +0.689542484<x117>[B] (+0) +0.689542484<x118>[B] (+0) -0.689542484<x119>[B] (+1) +0.689542484<x120>[B] (+0) -0.689542484<x121>[B] (+0) -0.689542484<x122>[B] (+1) -0.689542484<x123>[B] (+1) +0.689542484<x124>[B] (+0) +0.689542484<x125>[B] (+0) -0.689542484<x126>[B] (+1) +0.689542484<x127>[B] (+1) -0.689542484<x128>[B] (+0) -0.689542484<x129>[B] (+1) -0.689542484<x130>[B] (+1) +0.689542484<x131>[B] (+1) +0.689542484<x132>[B] (+0) +0.689542484<x133>[B] (+0) +0.689542484<x134>[B] (+0) +0.689542484<x135>[B] (+0) -0.689542484<x136>[B] (+1) +0.689542484<x137>[B] (+0) +0.689542484<x138>[B] (+0) -0.689542484<x139>[B] (+0) -0.689542484<x140>[B] (+1) -0.689542484<x141>[B] (+1) +0.689542484<x142>[B] (+0) +0.689542484<x143>[B] (+0) +0.689542484<x144>[B] (+1) -0.689542484<x145>[B] (+1) +0.689542484<x146>[B] (+1) +0.689542484<x147>[B] (+0) -0.689542484<x148>[B] (+1) +0.689542484<x149>[B] (+0) +0.689542484<x150>[B] (+0) +0.689542484<x151>[B] (+0) +0.689542484<x152>[B] (+0) -0.689542484<x153>[B] (+0) >= 25.6862745098039;
;
violation: left hand side is violated by 0.137254901960752
  [linear] <c1653>: <x154>[C] (+40.6339869) +0.689542484<x1>[B] (+0) +0.689542484<x2>[B] (+0) +0.689542484<x3>[B] (+0) +0.689542484<x4>[B] (+0) +0.689542484<x5>[B] (+0) +0.689542484<x6>[B] (+0) +0.689542484<x7>[B] (+0) +0.689542484<x8>[B] (+0) +0.689542484<x9>[B] (+0) +0.689542484<x10>[B] (+0) +0.689542484<x11>[B] (+1) +0.689542484<x12>[B] (+0) +0.689542484<x13>[B] (+0) +0.689542484<x14>[B] (+1) -0.689542484<x15>[B] (+1) +0.689542484<x16>[B] (+0) +0.689542484<x17>[B] (+0) -0.689542484<x18>[B] (+1) -0.689542484<x19>[B] (+1) +0.689542484<x20>[B] (+1) -0.689542484<x21>[B] (+1) -0.689542484<x22>[B] (+1) -0.689542484<x23>[B] (+1) -0.689542484<x24>[B] (+1) -0.689542484<x25>[B] (+1) +0.689542484<x26>[B] (+1) -0.689542484<x27>[B] (+1) +0.689542484<x28>[B] (+1) -0.689542484<x29>[B] (+1) -0.689542484<x30>[B] (+1) -0.689542484<x31>[B] (+1) +0.689542484<x32>[B] (+1) +0.689542484<x33>[B] (+0) +0.689542484<x34>[B] (+1) +0.689542484<x35>[B] (+0) +0.689542484<x36>[B] (+0) +0.689542484<x37>[B] (+1) +0.689542484<x38>[B] (+0) +0.689542484<x39>[B] (+0) +0.689542484<x40>[B] (+1) +0.689542484<x41>[B] (+0) +0.689542484<x42>[B] (+1) +0.689542484<x43>[B] (+0) +0.689542484<x44>[B] (+0) +0.689542484<x45>[B] (+1) -0.689542484<x46>[B] (+1) +0.689542484<x47>[B] (+0) +0.689542484<x48>[B] (+0) +0.689542484<x49>[B] (+0) +0.689542484<x50>[B] (+0) +0.689542484<x51>[B] (+0) +0.689542484<x52>[B] (+0) +0.689542484<x53>[B] (+0) +0.689542484<x54>[B] (+1) +0.689542484<x55>[B] (+0) -0.689542484<x56>[B] (+1) +0.689542484<x57>[B] (+0) -0.689542484<x58>[B] (+0) +0.689542484<x59>[B] (+1) -0.689542484<x60>[B] (+1) +0.689542484<x61>[B] (+0) +0.689542484<x62>[B] (+0) -0.689542484<x63>[B] (+0) -0.689542484<x64>[B] (+1) -0.689542484<x65>[B] (+0) -0.689542484<x66>[B] (+0) -0.689542484<x67>[B] (+1) +0.689542484<x68>[B] (+0) -0.689542484<x69>[B] (+1) +0.689542484<x70>[B] (+0) -0.689542484<x71>[B] (+0) -0.689542484<x72>[B] (+1) -0.689542484<x73>[B] (+1) +0.689542484<x74>[B] (+0) +0.689542484<x75>[B] (+0) +0.689542484<x76>[B] (+1) -0.689542484<x77>[B] (+1) -0.689542484<x78>[B] (+1) -0.689542484<x79>[B] (+1) +0.689542484<x80>[B] (+1) -0.689542484<x81>[B] (+1) +0.689542484<x82>[B] (+1) -0.689542484<x83>[B] (+1) -0.689542484<x84>[B] (+1) -0.689542484<x85>[B] (+1) +0.689542484<x86>[B] (+1) +0.689542484<x87>[B] (+0) -0.689542484<x88>[B] (+0) -0.689542484<x89>[B] (+0) -0.689542484<x90>[B] (+1) +0.689542484<x91>[B] (+0) -0.689542484<x92>[B] (+1) +0.689542484<x93>[B] (+0) -0.689542484<x94>[B] (+0) -0.689542484<x95>[B] (+1) -0.689542484<x96>[B] (+1) +0.689542484<x97>[B] (+0) +0.689542484<x98>[B] (+0) -0.689542484<x99>[B] (+1) -0.689542484<x100>[B] (+1) +0.689542484<x101>[B] (+1) -0.689542484<x102>[B] (+1) +0.689542484<x103>[B] (+1) -0.689542484<x104>[B] (+1) -0.689542484<x105>[B] (+1) -0.689542484<x106>[B] (+1) +0.689542484<x107>[B] (+1) +0.689542484<x108>[B] (+0) +0.689542484<x109>[B] (+1) +0.689542484<x110>[B] (+1) -0.689542484<x111>[B] (+1) +0.689542484<x112>[B] (+1) -0.689542484<x113>[B] (+1) +0.689542484<x114>[B] (+1) -0.689542484<x115>[B] (+1) +0.689542484<x116>[B] (+1) +0.689542484<x117>[B] (+0) +0.689542484<x118>[B] (+0) -0.689542484<x119>[B] (+1) +0.689542484<x120>[B] (+0) -0.689542484<x121>[B] (+0) -0.689542484<x122>[B] (+1) -0.689542484<x123>[B] (+1) +0.689542484<x124>[B] (+0) +0.689542484<x125>[B] (+0) -0.689542484<x126>[B] (+1) +0.689542484<x127>[B] (+1) -0.689542484<x128>[B] (+0) -0.689542484<x129>[B] (+1) -0.689542484<x130>[B] (+1) +0.689542484<x131>[B] (+1) +0.689542484<x132>[B] (+0) +0.689542484<x133>[B] (+0) +0.689542484<x134>[B] (+0) +0.689542484<x135>[B] (+0) -0.689542484<x136>[B] (+1) +0.689542484<x137>[B] (+0) +0.689542484<x138>[B] (+0) -0.689542484<x139>[B] (+0) -0.689542484<x140>[B] (+1) -0.689542484<x141>[B] (+1) +0.689542484<x142>[B] (+0) +0.689542484<x143>[B] (+0) +0.689542484<x144>[B] (+1) -0.689542484<x145>[B] (+1) +0.689542484<x146>[B] (+1) +0.689542484<x147>[B] (+0) -0.689542484<x148>[B] (+1) +0.689542484<x149>[B] (+0) +0.689542484<x150>[B] (+0) +0.689542484<x151>[B] (+0) +0.689542484<x152>[B] (+0) -0.689542484<x153>[B] (+0) >= 25.6862745098039;
;
violation: left hand side is violated by 0.222222222222229
  [linear] <c1654>: <x155>[C] (+21.4346405) +0.532679739<x1>[B] (+1) +0.532679739<x2>[B] (+1) +0.532679739<x3>[B] (+1) +0.532679739<x4>[B] (+1) +0.532679739<x5>[B] (+1) +0.532679739<x6>[B] (+1) +0.532679739<x7>[B] (+1) +0.532679739<x8>[B] (+1) +0.532679739<x9>[B] (+1) +0.532679739<x10>[B] (+1) +0.532679739<x11>[B] (+1) +0.532679739<x12>[B] (+1) +0.532679739<x13>[B] (+1) +0.532679739<x14>[B] (+1) +0.532679739<x15>[B] (+0) +0.532679739<x16>[B] (+1) -0.532679739<x17>[B] (+1) +0.532679739<x18>[B] (+0) +0.532679739<x19>[B] (+0) +0.532679739<x20>[B] (+0) +0.532679739<x21>[B] (+1) -0.532679739<x22>[B] (+0) +0.532679739<x23>[B] (+0) +0.532679739<x24>[B] (+0) -0.532679739<x25>[B] (+0) +0.532679739<x26>[B] (+0) +0.532679739<x27>[B] (+0) -0.532679739<x28>[B] (+0) +0.532679739<x29>[B] (+0) +0.532679739<x30>[B] (+0) +0.532679739<x31>[B] (+0) +0.532679739<x32>[B] (+0) -0.532679739<x33>[B] (+1) +0.532679739<x34>[B] (+1) +0.532679739<x35>[B] (+1) +0.532679739<x36>[B] (+1) -0.532679739<x37>[B] (+1) +0.532679739<x38>[B] (+1) +0.532679739<x39>[B] (+1) -0.532679739<x40>[B] (+0) -0.532679739<x41>[B] (+1) +0.532679739<x42>[B] (+0) -0.532679739<x43>[B] (+1) +0.532679739<x44>[B] (+1) +0.532679739<x45>[B] (+0) +0.532679739<x46>[B] (+0) +0.532679739<x47>[B] (+0) -0.532679739<x48>[B] (+1) -0.532679739<x49>[B] (+0) -0.532679739<x50>[B] (+1) -0.532679739<x51>[B] (+1) -0.532679739<x52>[B] (+1) -0.532679739<x53>[B] (+0) -0.532679739<x54>[B] (+0) -0.532679739<x55>[B] (+1) -0.532679739<x56>[B] (+0) -0.532679739<x57>[B] (+1) -0.532679739<x58>[B] (+1) -0.532679739<x59>[B] (+0) -0.532679739<x60>[B] (+0) -0.532679739<x61>[B] (+0) -0.532679739<x62>[B] (+1) +0.532679739<x63>[B] (+1) -0.532679739<x64>[B] (+1) -0.532679739<x65>[B] (+1) -0.532679739<x66>[B] (+1) -0.532679739<x67>[B] (+0) -0.532679739<x68>[B] (+1) -0.532679739<x69>[B] (+0) -0.532679739<x70>[B] (+1) -0.532679739<x71>[B] (+1) -0.532679739<x72>[B] (+0) -0.532679739<x73>[B] (+0) -0.532679739<x74>[B] (+0) -0.532679739<x75>[B] (+1) -0.532679739<x76>[B] (+0) -0.532679739<x77>[B] (+0) -0.532679739<x78>[B] (+0) -0.532679739<x79>[B] (+0) -0.532679739<x80>[B] (+0) -0.532679739<x81>[B] (+0) -0.532679739<x82>[B] (+0) -0.532679739<x83>[B] (+0) -0.532679739<x84>[B] (+0) -0.532679739<x85>[B] (+0) -0.532679739<x86>[B] (+0) -0.532679739<x87>[B] (+1) +0.532679739<x88>[B] (+0) +0.532679739<x89>[B] (+0) -0.532679739<x90>[B] (+0) +0.532679739<x91>[B] (+1) +0.532679739<x92>[B] (+0) +0.532679739<x93>[B] (+0) +0.532679739<x94>[B] (+0) +0.532679739<x95>[B] (+0) +0.532679739<x96>[B] (+0) +0.532679739<x97>[B] (+0) -0.532679739<x98>[B] (+1) -0.532679739<x99>[B] (+0) -0.532679739<x100>[B] (+0) -0.532679739<x101>[B] (+1) -0.532679739<x102>[B] (+0) -0.532679739<x103>[B] (+1) -0.532679739<x104>[B] (+1) -0.532679739<x105>[B] (+0) -0.532679739<x106>[B] (+0) -0.532679739<x107>[B] (+0) -0.532679739<x108>[B] (+1) -0.532679739<x109>[B] (+0) -0.532679739<x110>[B] (+1) +0.532679739<x111>[B] (+0) -0.532679739<x112>[B] (+1) +0.532679739<x113>[B] (+1) +0.532679739<x114>[B] (+0) +0.532679739<x115>[B] (+0) -0.532679739<x116>[B] (+0) -0.532679739<x117>[B] (+1) +0.532679739<x118>[B] (+1) +0.532679739<x119>[B] (+0) +0.532679739<x120>[B] (+1) +0.532679739<x121>[B] (+1) +0.532679739<x122>[B] (+0) +0.532679739<x123>[B] (+0) +0.532679739<x124>[B] (+1) -0.532679739<x125>[B] (+1) +0.532679739<x126>[B] (+0) -0.532679739<x127>[B] (+0) +0.532679739<x128>[B] (+0) +0.532679739<x129>[B] (+0) +0.532679739<x130>[B] (+0) +0.532679739<x131>[B] (+0) -0.532679739<x132>[B] (+1) -0.532679739<x133>[B] (+1) -0.532679739<x134>[B] (+1) +0.532679739<x135>[B] (+1) -0.532679739<x136>[B] (+0) -0.532679739<x137>[B] (+1) -0.532679739<x138>[B] (+1) +0.532679739<x139>[B] (+1) +0.532679739<x140>[B] (+0) +0.532679739<x141>[B] (+0) +0.532679739<x142>[B] (+0) -0.532679739<x143>[B] (+1) +0.532679739<x144>[B] (+0) -0.532679739<x145>[B] (+0) -0.532679739<x146>[B] (+0) -0.532679739<x147>[B] (+1) -0.532679739<x148>[B] (+0) -0.532679739<x149>[B] (+1) -0.532679739<x150>[B] (+1) -0.532679739<x151>[B] (+1) -0.532679739<x152>[B] (+1) -0.532679739<x153>[B] (+1) >= 15.5816993464052;
;
violation: left hand side is violated by 0.00653594771241472
2/5 feasible solutions given by solution candidate storage, new primal bound -9.999680e+05

presolving:
   (0.0s) symmetry computation started: requiring (bin +, int +, cont +), (fixed: bin -, int -, cont -)
   (0.0s) no symmetry present (symcode time: 0.00)
presolving (0 rounds: 0 fast, 0 medium, 0 exhaustive):
 0 deleted vars, 0 deleted constraints, 0 added constraints, 0 tightened bounds, 0 added holes, 0 changed sides, 0 changed coefficients
 0 implications, 0 cliques, 0 implied integral variables (0 bin, 0 int, 0 cont)
presolved problem has 163 variables (153 bin, 0 int, 10 cont) and 1661 constraints
   1661 constraints of type <linear>
Presolving Time: 0.00
transformed 2/2 original solutions to the transformed problem space

 time | node  | left  |LP iter|LP it/n|mem/heur|mdpt |vars |cons |rows |cuts |sepa|confs|strbr|  dualbound   | primalbound  |  gap   | compl. 
p 0.0s|     1 |     0 |     3 |     - |   locks|   0 | 163 |1661 |1661 |   0 |  0 |   0 |   0 | 2.000000e+02 |-2.453497e+02 |    Inf | unknown
  0.0s|     1 |     0 |   238 |     - |    11M |   0 | 163 |1661 |1661 |   0 |  0 |   0 |   0 |-1.040494e+02 |-2.453497e+02 | 135.80%| unknown
r 0.0s|     1 |     0 |   238 |     - |shifting|   0 | 163 |1661 |1661 |   0 |  0 |   0 |   0 |-1.040494e+02 |-1.142144e+02 |   9.77%| unknown
  0.0s|     1 |     0 |   239 |     - |    11M |   0 | 163 |1661 |1663 |   2 |  1 |   0 |   0 |-1.040556e+02 |-1.142144e+02 |   9.76%| unknown
  0.0s|     1 |     0 |   239 |     - |    11M |   0 | 163 |1661 |1663 |   2 |  1 |   0 |   0 |-1.040556e+02 |-1.142144e+02 |   9.76%| unknown
d 0.0s|     1 |     0 |   239 |     - |farkasdi|   0 | 163 |1661 |1663 |   0 |  2 |   0 |   0 |-1.040556e+02 |-1.040556e+02 |   0.00%| unknown
  0.0s|     1 |     0 |   239 |     - |    11M |   0 | 163 |1661 |1663 |   2 |  2 |   0 |   0 |-1.040556e+02 |-1.040556e+02 |   0.00%| unknown

SCIP Status        : problem is solved [optimal solution found]
Solving Time (sec) : 0.04
Solving Nodes      : 1
Primal Bound       : -1.04055555555556e+02 (5 solutions)
Dual Bound         : -1.04055555555556e+02
Gap                : 0.00 %
  [linear] <c1662>: <x154>[C] (+38.7875817) +0.709150327<x1>[B] (+0) +0.709150327<x2>[B] (+0) +0.709150327<x3>[B] (+0) +0.709150327<x4>[B] (+0) +0.709150327<x5>[B] (+0) +0.709150327<x6>[B] (+0) +0.709150327<x7>[B] (+0) +0.709150327<x8>[B] (+0) +0.709150327<x9>[B] (+0) +0.709150327<x10>[B] (+0) +0.709150327<x11>[B] (+1) +0.709150327<x12>[B] (+0) +0.709150327<x13>[B] (+0) +0.709150327<x14>[B] (+1) -0.709150327<x15>[B] (+1) +0.709150327<x16>[B] (+0) +0.709150327<x17>[B] (+0) -0.709150327<x18>[B] (+1) -0.709150327<x19>[B] (+1) +0.709150327<x20>[B] (+1) -0.709150327<x21>[B] (+2.89768209e-14) -0.709150327<x22>[B] (+1) -0.709150327<x23>[B] (+1) -0.709150327<x24>[B] (+1) -0.709150327<x25>[B] (+1) +0.709150327<x26>[B] (+1) -0.709150327<x27>[B] (+1) +0.709150327<x28>[B] (+1) -0.709150327<x29>[B] (+1) -0.709150327<x30>[B] (+1) -0.709150327<x31>[B] (+1) +0.709150327<x32>[B] (+1) +0.709150327<x33>[B] (+0) +0.709150327<x34>[B] (+1) +0.709150327<x35>[B] (+0) +0.709150327<x36>[B] (+0) +0.709150327<x37>[B] (+1) +0.709150327<x38>[B] (+0) +0.709150327<x39>[B] (+0) +0.709150327<x40>[B] (+1) +0.709150327<x41>[B] (+1) +0.709150327<x42>[B] (+1) +0.709150327<x43>[B] (+1) +0.709150327<x44>[B] (+0) +0.709150327<x45>[B] (+1) -0.709150327<x46>[B] (+1) +0.709150327<x47>[B] (+1) +0.709150327<x48>[B] (+0) +0.709150327<x49>[B] (+0) +0.709150327<x50>[B] (+0) +0.709150327<x51>[B] (+0) +0.709150327<x52>[B] (+0) +0.709150327<x53>[B] (+0) +0.709150327<x54>[B] (+0) +0.709150327<x55>[B] (+0) -0.709150327<x56>[B] (+1) +0.709150327<x57>[B] (+0) -0.709150327<x58>[B] (+0) +0.709150327<x59>[B] (+1) -0.709150327<x60>[B] (+1) +0.709150327<x61>[B] (+0) +0.709150327<x62>[B] (+0) -0.709150327<x63>[B] (+2.89768209e-14) -0.709150327<x64>[B] (+1) -0.709150327<x65>[B] (+1) -0.709150327<x66>[B] (+1) -0.709150327<x67>[B] (+1) +0.709150327<x68>[B] (+1) -0.709150327<x69>[B] (+1) +0.709150327<x70>[B] (+1) -0.709150327<x71>[B] (+1) -0.709150327<x72>[B] (+1) -0.709150327<x73>[B] (+1) +0.709150327<x74>[B] (+1) +0.709150327<x75>[B] (+0) +0.709150327<x76>[B] (+1) -0.709150327<x77>[B] (+1) -0.709150327<x78>[B] (+1) -0.709150327<x79>[B] (+1) +0.709150327<x80>[B] (+1) -0.709150327<x81>[B] (+1) +0.709150327<x82>[B] (+1) -0.709150327<x83>[B] (+1) -0.709150327<x84>[B] (+1) -0.709150327<x85>[B] (+1) +0.709150327<x86>[B] (+1) +0.709150327<x87>[B] (+0) -0.709150327<x88>[B] (+0) -0.709150327<x89>[B] (+0) -0.709150327<x90>[B] (+1) +0.709150327<x91>[B] (+0) -0.709150327<x92>[B] (+1) +0.709150327<x93>[B] (+0) -0.709150327<x94>[B] (+0) -0.709150327<x95>[B] (+1) -0.709150327<x96>[B] (+1) +0.709150327<x97>[B] (+0) +0.709150327<x98>[B] (+0) -0.709150327<x99>[B] (+1) -0.709150327<x100>[B] (+1) +0.709150327<x101>[B] (+1) -0.709150327<x102>[B] (+1) +0.709150327<x103>[B] (+1) -0.709150327<x104>[B] (+1) -0.709150327<x105>[B] (+1) -0.709150327<x106>[B] (+1) +0.709150327<x107>[B] (+1) +0.709150327<x108>[B] (+0) +0.709150327<x109>[B] (+1) +0.709150327<x110>[B] (+1) -0.709150327<x111>[B] (+1) +0.709150327<x112>[B] (+1) -0.709150327<x113>[B] (+1) +0.709150327<x114>[B] (+1) -0.709150327<x115>[B] (+1) +0.709150327<x116>[B] (+1) +0.709150327<x117>[B] (+0) +0.709150327<x118>[B] (+0) -0.709150327<x119>[B] (+1) +0.709150327<x120>[B] (+0) -0.709150327<x121>[B] (+0) -0.709150327<x122>[B] (+1) -0.709150327<x123>[B] (+1) +0.709150327<x124>[B] (+0) +0.709150327<x125>[B] (+0) -0.709150327<x126>[B] (+1) +0.709150327<x127>[B] (+1) -0.709150327<x128>[B] (+0) -0.709150327<x129>[B] (+1) -0.709150327<x130>[B] (+1) +0.709150327<x131>[B] (+1) +0.709150327<x132>[B] (+0) +0.709150327<x133>[B] (+0) +0.709150327<x134>[B] (+0) +0.709150327<x135>[B] (+0) -0.709150327<x136>[B] (+1) +0.709150327<x137>[B] (+0) +0.709150327<x138>[B] (+0) -0.709150327<x139>[B] (+0) -0.709150327<x140>[B] (+1) -0.709150327<x141>[B] (+1) +0.709150327<x142>[B] (+0) +0.709150327<x143>[B] (+0) +0.709150327<x144>[B] (+1) -0.709150327<x145>[B] (+1) +0.709150327<x146>[B] (+1) +0.709150327<x147>[B] (+0) -0.709150327<x148>[B] (+1) +0.709150327<x149>[B] (+0) +0.709150327<x150>[B] (+0) +0.709150327<x151>[B] (+0) +0.709150327<x152>[B] (+0) -0.709150327<x153>[B] (+0) >= 25.3529411764706;
;
violation: left hand side is violated by 0.0392156862744883
4/5 feasible solutions given by solution candidate storage, new primal bound -1.142144e+02

presolving:
   (0.0s) symmetry computation started: requiring (bin +, int +, cont +), (fixed: bin -, int -, cont -)
   (0.0s) no symmetry present (symcode time: 0.00)
presolving (0 rounds: 0 fast, 0 medium, 0 exhaustive):
 0 deleted vars, 0 deleted constraints, 0 added constraints, 0 tightened bounds, 0 added holes, 0 changed sides, 0 changed coefficients
 0 implications, 0 cliques, 0 implied integral variables (0 bin, 0 int, 0 cont)
presolved problem has 163 variables (153 bin, 0 int, 10 cont) and 1671 constraints
   1671 constraints of type <linear>
Presolving Time: 0.00
transformed 4/4 original solutions to the transformed problem space

 time | node  | left  |LP iter|LP it/n|mem/heur|mdpt |vars |cons |rows |cuts |sepa|confs|strbr|  dualbound   | primalbound  |  gap   | compl. 
  0.0s|     1 |     0 |   193 |     - |    11M |   0 | 163 |1671 |1671 |   0 |  0 |   0 |   0 |-1.040926e+02 |-1.142144e+02 |   9.72%| unknown
r 0.0s|     1 |     0 |   193 |     - |shifting|   0 | 163 |1671 |1671 |   0 |  0 |   0 |   0 |-1.040926e+02 |-1.072059e+02 |   2.99%| unknown
  0.0s|     1 |     0 |   195 |     - |    12M |   0 | 163 |1671 |1672 |   1 |  1 |   0 |   0 |-1.041013e+02 |-1.072059e+02 |   2.98%| unknown
  0.0s|     1 |     0 |   195 |     - |    12M |   0 | 163 |1671 |1656 |   1 |  1 |   0 |   0 |-1.041013e+02 |-1.072059e+02 |   2.98%| unknown
d 0.0s|     1 |     0 |   195 |     - |farkasdi|   0 | 163 |1655 |1656 |   0 |  2 |   0 |   0 |-1.041013e+02 |-1.041013e+02 |   0.00%| unknown
  0.0s|     1 |     0 |   195 |     - |    12M |   0 | 163 |1655 |1656 |   1 |  2 |   0 |   0 |-1.041013e+02 |-1.041013e+02 |   0.00%| unknown

SCIP Status        : problem is solved [optimal solution found]
Solving Time (sec) : 0.02
Solving Nodes      : 1
Primal Bound       : -1.04101307189542e+02 (7 solutions)
Dual Bound         : -1.04101307189542e+02
Gap                : 0.00 %
