Loading instance...
Median ranking: [17, 10, 14, 11, 3, 12, 5, 9, 6, 16, 15, 13, 8, 1, 7, 4, 2, 18]
Mean ranking: [14, 11, 3, 12, 17, 5, 10, 9, 6, 16, 13, 8, 1, 15, 7, 2, 4, 18]
Actual error: 0.0037802380940283875
Weighted Kendall distance: 176.5
Normalized distance: 0.09107327141382869
 bounds, 0 chg sides, 0 chg coeffs, 0 upgd conss, 0 impls, 0 clqs, 0 implints
   (0.0s) symmetry computation started: requiring (bin +, int +, cont +), (fixed: bin -, int -, cont -)
   (0.0s) no symmetry present (symcode time: 0.00)
presolving (2 rounds: 2 fast, 2 medium, 1 exhaustive):
 0 deleted vars, 1632 deleted constraints, 816 added constraints, 0 tightened bounds, 0 added holes, 0 changed sides, 0 changed coefficients
 0 implications, 0 cliques, 0 implied integral variables (0 bin, 0 int, 0 cont)
presolved problem has 153 variables (0 bin, 0 int, 153 cont) and 816 constraints
    816 constraints of type <linear>
Presolving Time: 0.01
transformed 3/3 original solutions to the transformed problem space

 time | node  | left  |LP iter|LP it/n|mem/heur|mdpt |vars |cons |rows |cuts |sepa|confs|strbr|  dualbound   | primalbound  |  gap   | compl. 
* 0.0s|     1 |     0 |    18 |     - |    LP  |   0 | 153 | 816 | 816 |   0 |  0 |   0 |   0 | 1.440000e+02 | 1.440000e+02 |   0.00%| unknown
  0.0s|     1 |     0 |    18 |     - |  6057k |   0 | 153 | 816 | 816 |   0 |  0 |   0 |   0 | 1.440000e+02 | 1.440000e+02 |   0.00%| unknown

SCIP Status        : problem is solved [optimal solution found]
Solving Time (sec) : 0.01
Solving Nodes      : 1
Primal Bound       : +1.44000000000000e+02 (4 solutions)
Dual Bound         : +1.44000000000000e+02
Gap                : 0.00 %
feasible solution found by trivial heuristic after 0.0 seconds, objective value 0.000000e+00
presolving:
   (0.0s) running MILP presolver
   (0.0s) MILP presolver (2 rounds): 0 aggregations, 0 fixings, 0 bound changes
(round 1, medium)     0 del vars, 1632 del conss, 816 add conss, 0 chg bounds, 0 chg sides, 0 chg coeffs, 0 upgd conss, 0 impls, 0 clqs, 0 implints
   (0.0s) probing: 51/153 (33.3%) - 0 fixings, 0 aggregations, 0 implications, 0 bound changes
   (0.0s) probing aborted: 50/50 successive totally useless probings
   (0.0s) symmetry computation started: requiring (bin +, int +, cont +), (fixed: bin -, int -, cont -)
   (0.0s) no symmetry present (symcode time: 0.00)
presolving (2 rounds: 2 fast, 2 medium, 1 exhaustive):
 0 deleted vars, 1632 deleted constraints, 816 added constraints, 0 tightened bounds, 0 added holes, 0 changed sides, 0 changed coefficients
 0 implications, 0 cliques, 0 implied integral variables (0 bin, 0 int, 0 cont)
presolved problem has 153 variables (153 bin, 0 int, 0 cont) and 816 constraints
    816 constraints of type <linear>
transformed objective value is always integral (scale: 2)
Presolving Time: 0.01
transformed 2/2 original solutions to the transformed problem space

 time | node  | left  |LP iter|LP it/n|mem/heur|mdpt |vars |cons |rows |cuts |sepa|confs|strbr|  dualbound   | primalbound  |  gap   | compl. 
p 0.0s|     1 |     0 |     0 |     - |   locks|   0 | 153 | 816 | 816 |   0 |  0 |   0 |   0 | 1.480000e+02 | 4.800000e+01 | 208.33%| unknown
i 0.0s|     1 |     0 |     0 |     - |  oneopt|   0 | 153 | 816 | 816 |   0 |  0 |   0 |   0 | 1.480000e+02 | 1.140000e+02 |  29.82%| unknown
* 0.0s|     1 |     0 |    17 |     - |    LP  |   0 | 153 | 816 | 816 |   0 |  0 |   0 |   0 | 1.440000e+02 | 1.440000e+02 |   0.00%| unknown
  0.0s|     1 |     0 |    17 |     - |  6217k |   0 | 153 | 816 | 816 |   0 |  0 |   0 |   0 | 1.440000e+02 | 1.440000e+02 |   0.00%| unknown

SCIP Status        : problem is solved [optimal solution found]
Solving Time (sec) : 0.01
Solving Nodes      : 1
Primal Bound       : +1.44000000000000e+02 (5 solutions)
Dual Bound         : +1.44000000000000e+02
Gap                : 0.00 %
feasible solution found by trivial heuristic after 0.0 seconds, objective value -1.000044e+06
presolving:
(round 1, fast)       0 del vars, 0 del conss, 0 add conss, 20 chg bounds, 0 chg sides, 0 chg coeffs, 0 upgd conss, 0 impls, 0 clqs, 0 implints
   (0.2s) running MILP presolver
   (0.2s) MILP presolver (2 rounds): 0 aggregations, 0 fixings, 0 bound changes
(round 2, medium)     0 del vars, 3162 del conss, 2346 add conss, 20 chg bounds, 0 chg sides, 0 chg coeffs, 0 upgd conss, 0 impls, 0 clqs, 0 implints
   (0.4s) symmetry computation started: requiring (bin +, int +, cont +), (fixed: bin -, int -, cont -)
   (0.5s) no symmetry present (symcode time: 0.01)
presolving (3 rounds: 3 fast, 2 medium, 1 exhaustive):
 0 deleted vars, 3162 deleted constraints, 2346 added constraints, 20 tightened bounds, 0 added holes, 0 changed sides, 0 changed coefficients
 0 implications, 0 cliques, 0 implied integral variables (0 bin, 0 int, 0 cont)
presolved problem has 163 variables (0 bin, 0 int, 163 cont) and 2346 constraints
   2346 constraints of type <linear>
Presolving Time: 0.44

 time | node  | left  |LP iter|LP it/n|mem/heur|mdpt |vars |cons |rows |cuts |sepa|confs|strbr|  dualbound   | primalbound  |  gap   | compl. 
t 0.5s|     1 |     0 |     0 |     - | trivial|   0 | 163 |2346 |   0 |   0 |  0 |   0 |   0 | 1.480000e+02 |-8.090000e+02 |    Inf | unknown
* 0.5s|     1 |     0 |   261 |     - |    LP  |   0 | 163 |2346 |2346 |   0 |  0 |   0 |   0 |-1.438203e+02 |-1.438203e+02 |   0.00%| unknown
  0.5s|     1 |     0 |   261 |     - |   160M |   0 | 163 |2346 |2346 |   0 |  0 |   0 |   0 |-1.438203e+02 |-1.438203e+02 |   0.00%| unknown

SCIP Status        : problem is solved [optimal solution found]
Solving Time (sec) : 0.54
Solving Nodes      : 1
Primal Bound       : -1.43820261437908e+02 (3 solutions)
Dual Bound         : -1.43820261437908e+02
Gap                : 0.00 %
feasible solution found by trivial heuristic after 0.0 seconds, objective value -1.000044e+06
presolving:
(round 1, fast)       0 del vars, 0 del conss, 0 add conss, 20 chg bounds, 0 chg sides, 0 chg coeffs, 0 upgd conss, 0 impls, 0 clqs, 0 implints
   (0.1s) running MILP presolver
   (0.2s) MILP presolver (2 rounds): 0 aggregations, 0 fixings, 0 bound changes
(round 2, medium)     0 del vars, 3162 del conss, 2346 add conss, 20 chg bounds, 0 chg sides, 0 chg coeffs, 0 upgd conss, 0 impls, 0 clqs, 0 implints
   (0.4s) probing: 51/153 (33.3%) - 0 fixings, 0 aggregations, 0 implications, 0 bound changes
   (0.4s) probing aborted: 50/50 successive totally useless probings
   (0.4s) symmetry computation started: requiring (bin +, int +, cont +), (fixed: bin -, int -, cont -)
   (0.4s) no symmetry present (symcode time: 0.01)
presolving (3 rounds: 3 fast, 2 medium, 1 exhaustive):
 0 deleted vars, 3162 deleted constraints, 2346 added constraints, 20 tightened bounds, 0 added holes, 0 changed sides, 0 changed coefficients
 0 implications, 0 cliques, 0 implied integral variables (0 bin, 0 int, 0 cont)
presolved problem has 163 variables (153 bin, 0 int, 10 cont) and 2346 constraints
   2346 constraints of type <linear>
Presolving Time: 0.45

 time | node  | left  |LP iter|LP it/n|mem/heur|mdpt |vars |cons |rows |cuts |sepa|confs|strbr|  dualbound   | primalbound  |  gap   | compl. 
t 0.5s|     1 |     0 |     0 |     - | trivial|   0 | 163 |2346 |   0 |   0 |  0 |   0 |   0 | 1.480000e+02 |-8.090000e+02 |    Inf | unknown
p 0.6s|     1 |     0 |     9 |     - |   locks|   0 | 163 |2346 |2346 |   0 |  0 |   0 |   0 | 1.480000e+02 |-2.997026e+02 |    Inf | unknown
* 0.6s|     1 |     0 |   270 |     - |    LP  |   0 | 163 |2346 |2346 |   0 |  0 |   0 |   0 |-1.438203e+02 |-1.438203e+02 |   0.00%| unknown
  0.6s|     1 |     0 |   270 |     - |   161M |   0 | 163 |2346 |2346 |   0 |  0 |   0 |   0 |-1.438203e+02 |-1.438203e+02 |   0.00%| unknown

SCIP Status        : problem is solved [optimal solution found]
Solving Time (sec) : 0.61
Solving Nodes      : 1
Primal Bound       : -1.43820261437908e+02 (4 solutions)
Dual Bound         : -1.43820261437908e+02
Gap                : 0.00 %
feasible solution found by trivial heuristic after 0.0 seconds, objective value 0.000000e+00
presolving:
   (0.0s) symmetry computation started: requiring (bin +, int +, cont +), (fixed: bin -, int -, cont -)
   (0.0s) symmetry computation finished: 9 generators found (max: 1500, log10 of symmetry group size: 6.56) (symcode time: 0.00)
dynamic symmetry handling statistics:
   orbitopal reduction:       no components
   orbital reduction:         no components
   lexicographic reduction:   no permutations
handled 1 out of 1 symmetry components
presolving (0 rounds: 0 fast, 0 medium, 0 exhaustive):
 0 deleted vars, 0 deleted constraints, 0 added constraints, 0 tightened bounds, 0 added holes, 0 changed sides, 0 changed coefficients
 0 implications, 0 cliques, 0 implied integral variables (0 bin, 0 int, 0 cont)
presolved problem has 163 variables (153 bin, 0 int, 10 cont) and 1641 constraints
   1641 constraints of type <linear>
Presolving Time: 0.00
transformed 2/2 original solutions to the transformed problem space

 time | node  | left  |LP iter|LP it/n|mem/heur|mdpt |vars |cons |rows |cuts |sepa|confs|strbr|  dualbound   | primalbound  |  gap   | compl. 
p 0.0s|     1 |     0 |     0 |     - |   locks|   0 | 163 |1632 |1632 |   0 |  0 |   0 |   0 | 1.480000e+02 | 2.600000e+01 | 469.23%| unknown
i 0.0s|     1 |     0 |     0 |     - |  oneopt|   0 | 163 |1632 |1632 |   0 |  0 |   0 |   0 | 1.480000e+02 | 7.600000e+01 |  94.74%| unknown
* 0.0s|     1 |     0 |    17 |     - |    LP  |   0 | 163 |1632 |1632 |   0 |  0 |   0 |   0 | 1.440000e+02 | 1.440000e+02 |   0.00%| unknown
  0.0s|     1 |     0 |    17 |     - |  8007k |   0 | 163 |1632 |1632 |   0 |  0 |   0 |   0 | 1.440000e+02 | 1.440000e+02 |   0.00%| unknown

SCIP Status        : problem is solved [optimal solution found]
Solving Time (sec) : 0.01
Solving Nodes      : 1
Primal Bound       : +1.44000000000000e+02 (6 solutions)
Dual Bound         : +1.44000000000000e+02
Gap                : 0.00 %
  [linear] <c1633>: <x154>[C] (+0) -0.604575163<x1>[B] (+1) -0.604575163<x2>[B] (+0) +0.604575163<x3>[B] (+1) +0.604575163<x4>[B] (+0) +0.604575163<x5>[B] (+0) +0.604575163<x6>[B] (+1) -0.604575163<x7>[B] (+0) +0.604575163<x8>[B] (+0) +0.604575163<x9>[B] (+0) -0.604575163<x10>[B] (+0) +0.604575163<x11>[B] (+0) -0.604575163<x12>[B] (+0) +0.604575163<x13>[B] (+0) -0.604575163<x14>[B] (+0) +0.604575163<x15>[B] (+0) +0.604575163<x16>[B] (+0) +0.604575163<x17>[B] (+1) -0.604575163<x18>[B] (+0) +0.604575163<x19>[B] (+0) +0.604575163<x20>[B] (+0) +0.604575163<x21>[B] (+0) +0.604575163<x22>[B] (+0) -0.604575163<x23>[B] (+0) +0.604575163<x24>[B] (+0) +0.604575163<x25>[B] (+0) -0.604575163<x26>[B] (+0) +0.604575163<x27>[B] (+0) +0.604575163<x28>[B] (+0) +0.604575163<x29>[B] (+0) -0.604575163<x30>[B] (+0) +0.604575163<x31>[B] (+0) +0.604575163<x32>[B] (+0) +0.604575163<x33>[B] (+1) +0.604575163<x34>[B] (+1) +0.604575163<x35>[B] (+1) +0.604575163<x36>[B] (+1) +0.604575163<x37>[B] (+1) +0.604575163<x38>[B] (+1) +0.604575163<x39>[B] (+1) +0.604575163<x40>[B] (+0) +0.604575163<x41>[B] (+0) +0.604575163<x42>[B] (+1) +0.604575163<x43>[B] (+1) +0.604575163<x44>[B] (+0) +0.604575163<x45>[B] (+1) +0.604575163<x46>[B] (+1) +0.604575163<x47>[B] (+0) +0.604575163<x48>[B] (+1) -0.604575163<x49>[B] (+0) -0.604575163<x50>[B] (+0) -0.604575163<x51>[B] (+0) -0.604575163<x52>[B] (+0) +0.604575163<x53>[B] (+0) +0.604575163<x54>[B] (+0) -0.604575163<x55>[B] (+0) +0.604575163<x56>[B] (+0) -0.604575163<x57>[B] (+0) +0.604575163<x58>[B] (+0) -0.604575163<x59>[B] (+0) +0.604575163<x60>[B] (+0) +0.604575163<x61>[B] (+0) -0.604575163<x62>[B] (+1) -0.604575163<x63>[B] (+1) -0.604575163<x64>[B] (+1) -0.604575163<x65>[B] (+1) +0.604575163<x66>[B] (+1) +0.604575163<x67>[B] (+0) -0.604575163<x68>[B] (+0) +0.604575163<x69>[B] (+0) -0.604575163<x70>[B] (+1) +0.604575163<x71>[B] (+0) -0.604575163<x72>[B] (+1) +0.604575163<x73>[B] (+1) +0.604575163<x74>[B] (+0) +0.604575163<x75>[B] (+1) -0.604575163<x76>[B] (+1) -0.604575163<x77>[B] (+1) +0.604575163<x78>[B] (+0) +0.604575163<x79>[B] (+0) -0.604575163<x80>[B] (+0) +0.604575163<x81>[B] (+0) -0.604575163<x82>[B] (+1) +0.604575163<x83>[B] (+0) -0.604575163<x84>[B] (+1) +0.604575163<x85>[B] (+1) +0.604575163<x86>[B] (+0) +0.604575163<x87>[B] (+1) -0.604575163<x88>[B] (+0) +0.604575163<x89>[B] (+0) +0.604575163<x90>[B] (+0) -0.604575163<x91>[B] (+0) +0.604575163<x92>[B] (+0) -0.604575163<x93>[B] (+0) +0.604575163<x94>[B] (+0) -0.604575163<x95>[B] (+0) +0.604575163<x96>[B] (+0) +0.604575163<x97>[B] (+0) +0.604575163<x98>[B] (+1) +0.604575163<x99>[B] (+0) +0.604575163<x100>[B] (+0) -0.604575163<x101>[B] (+0) +0.604575163<x102>[B] (+0) +0.604575163<x103>[B] (+0) +0.604575163<x104>[B] (+0) -0.604575163<x105>[B] (+0) +0.604575163<x106>[B] (+0) +0.604575163<x107>[B] (+0) +0.604575163<x108>[B] (+1) +0.604575163<x109>[B] (+0) -0.604575163<x110>[B] (+0) +0.604575163<x111>[B] (+0) -0.604575163<x112>[B] (+1) -0.604575163<x113>[B] (+0) -0.604575163<x114>[B] (+1) +0.604575163<x115>[B] (+1) +0.604575163<x116>[B] (+0) -0.604575163<x117>[B] (+1) -0.604575163<x118>[B] (+1) +0.604575163<x119>[B] (+1) -0.604575163<x120>[B] (+1) -0.604575163<x121>[B] (+1) -0.604575163<x122>[B] (+1) -0.604575163<x123>[B] (+1) +0.604575163<x124>[B] (+0) -0.604575163<x125>[B] (+1) +0.604575163<x126>[B] (+1) +0.604575163<x127>[B] (+1) +0.604575163<x128>[B] (+0) -0.604575163<x129>[B] (+1) +0.604575163<x130>[B] (+1) +0.604575163<x131>[B] (+0) +0.604575163<x132>[B] (+1) -0.604575163<x133>[B] (+1) -0.604575163<x134>[B] (+0) -0.604575163<x135>[B] (+1) -0.604575163<x136>[B] (+1) -0.604575163<x137>[B] (+0) -0.604575163<x138>[B] (+1) +0.604575163<x139>[B] (+0) -0.604575163<x140>[B] (+0) +0.604575163<x141>[B] (+0) +0.604575163<x142>[B] (+0) +0.604575163<x143>[B] (+1) -0.604575163<x144>[B] (+1) +0.604575163<x145>[B] (+1) +0.604575163<x146>[B] (+0) -0.604575163<x147>[B] (+1) +0.604575163<x148>[B] (+0) +0.604575163<x149>[B] (+0) +0.604575163<x150>[B] (+1) +0.604575163<x151>[B] (+0) -0.604575163<x152>[B] (+1) -0.604575163<x153>[B] (+1) >= 29.4738562091503;
;
violation: left hand side is violated by 28.2647058823529
  [linear] <c1633>: <x154>[C] (+0) -0.604575163<x1>[B] (+1) -0.604575163<x2>[B] (+0) +0.604575163<x3>[B] (+1) +0.604575163<x4>[B] (+0) +0.604575163<x5>[B] (+1) +0.604575163<x6>[B] (+1) -0.604575163<x7>[B] (+1) +0.604575163<x8>[B] (+0) +0.604575163<x9>[B] (+1) -0.604575163<x10>[B] (+1) +0.604575163<x11>[B] (+1) -0.604575163<x12>[B] (+1) +0.604575163<x13>[B] (+0) -0.604575163<x14>[B] (+1) +0.604575163<x15>[B] (+1) +0.604575163<x16>[B] (+1) +0.604575163<x17>[B] (+1) -0.604575163<x18>[B] (+0) +0.604575163<x19>[B] (+0) +0.604575163<x20>[B] (+0) +0.604575163<x21>[B] (+0) +0.604575163<x22>[B] (+0) -0.604575163<x23>[B] (+1) +0.604575163<x24>[B] (+0) +0.604575163<x25>[B] (+0) -0.604575163<x26>[B] (+0) +0.604575163<x27>[B] (+1) +0.604575163<x28>[B] (+1) +0.604575163<x29>[B] (+0) -0.604575163<x30>[B] (+0) +0.604575163<x31>[B] (+0) +0.604575163<x32>[B] (+0) +0.604575163<x33>[B] (+1) +0.604575163<x34>[B] (+1) +0.604575163<x35>[B] (+1) +0.604575163<x36>[B] (+1) +0.604575163<x37>[B] (+1) +0.604575163<x38>[B] (+1) +0.604575163<x39>[B] (+1) +0.604575163<x40>[B] (+1) +0.604575163<x41>[B] (+1) +0.604575163<x42>[B] (+1) +0.604575163<x43>[B] (+1) +0.604575163<x44>[B] (+1) +0.604575163<x45>[B] (+1) +0.604575163<x46>[B] (+1) +0.604575163<x47>[B] (+1) +0.604575163<x48>[B] (+1) -0.604575163<x49>[B] (+0) -0.604575163<x50>[B] (+0) -0.604575163<x51>[B] (+0) -0.604575163<x52>[B] (+1) +0.604575163<x53>[B] (+0) +0.604575163<x54>[B] (+0) -0.604575163<x55>[B] (+0) +0.604575163<x56>[B] (+1) -0.604575163<x57>[B] (+1) +0.604575163<x58>[B] (+0) -0.604575163<x59>[B] (+0) +0.604575163<x60>[B] (+0) +0.604575163<x61>[B] (+0) -0.604575163<x62>[B] (+1) -0.604575163<x63>[B] (+1) -0.604575163<x64>[B] (+1) -0.604575163<x65>[B] (+1) +0.604575163<x66>[B] (+1) +0.604575163<x67>[B] (+1) -0.604575163<x68>[B] (+1) +0.604575163<x69>[B] (+1) -0.604575163<x70>[B] (+1) +0.604575163<x71>[B] (+1) -0.604575163<x72>[B] (+1) +0.604575163<x73>[B] (+1) +0.604575163<x74>[B] (+1) +0.604575163<x75>[B] (+1) -0.604575163<x76>[B] (+0) -0.604575163<x77>[B] (+1) +0.604575163<x78>[B] (+0) +0.604575163<x79>[B] (+0) -0.604575163<x80>[B] (+0) +0.604575163<x81>[B] (+1) -0.604575163<x82>[B] (+1) +0.604575163<x83>[B] (+0) -0.604575163<x84>[B] (+0) +0.604575163<x85>[B] (+1) +0.604575163<x86>[B] (+0) +0.604575163<x87>[B] (+1) -0.604575163<x88>[B] (+1) +0.604575163<x89>[B] (+0) +0.604575163<x90>[B] (+0) -0.604575163<x91>[B] (+1) +0.604575163<x92>[B] (+1) -0.604575163<x93>[B] (+1) +0.604575163<x94>[B] (+0) -0.604575163<x95>[B] (+0) +0.604575163<x96>[B] (+1) +0.604575163<x97>[B] (+0) +0.604575163<x98>[B] (+1) +0.604575163<x99>[B] (+0) +0.604575163<x100>[B] (+0) -0.604575163<x101>[B] (+0) +0.604575163<x102>[B] (+0) +0.604575163<x103>[B] (+0) +0.604575163<x104>[B] (+0) -0.604575163<x105>[B] (+0) +0.604575163<x106>[B] (+0) +0.604575163<x107>[B] (+0) +0.604575163<x108>[B] (+1) +0.604575163<x109>[B] (+1) -0.604575163<x110>[B] (+1) +0.604575163<x111>[B] (+1) -0.604575163<x112>[B] (+1) -0.604575163<x113>[B] (+0) -0.604575163<x114>[B] (+1) +0.604575163<x115>[B] (+1) +0.604575163<x116>[B] (+1) -0.604575163<x117>[B] (+1) -0.604575163<x118>[B] (+1) +0.604575163<x119>[B] (+1) -0.604575163<x120>[B] (+1) -0.604575163<x121>[B] (+0) -0.604575163<x122>[B] (+0) -0.604575163<x123>[B] (+1) +0.604575163<x124>[B] (+0) -0.604575163<x125>[B] (+1) +0.604575163<x126>[B] (+1) +0.604575163<x127>[B] (+1) +0.604575163<x128>[B] (+0) -0.604575163<x129>[B] (+0) +0.604575163<x130>[B] (+1) +0.604575163<x131>[B] (+0) +0.604575163<x132>[B] (+1) -0.604575163<x133>[B] (+1) -0.604575163<x134>[B] (+0) -0.604575163<x135>[B] (+0) -0.604575163<x136>[B] (+0) -0.604575163<x137>[B] (+0) -0.604575163<x138>[B] (+1) +0.604575163<x139>[B] (+0) -0.604575163<x140>[B] (+0) +0.604575163<x141>[B] (+0) +0.604575163<x142>[B] (+0) +0.604575163<x143>[B] (+1) -0.604575163<x144>[B] (+1) +0.604575163<x145>[B] (+1) +0.604575163<x146>[B] (+1) -0.604575163<x147>[B] (+1) +0.604575163<x148>[B] (+1) +0.604575163<x149>[B] (+1) +0.604575163<x150>[B] (+1) +0.604575163<x151>[B] (+0) -0.604575163<x152>[B] (+1) -0.604575163<x153>[B] (+1) >= 29.4738562091503;
;
violation: left hand side is violated by 16.1732026143791
  [linear] <c1633>: <x154>[C] (+0) -0.604575163<x1>[B] (+1) -0.604575163<x2>[B] (+0) +0.604575163<x3>[B] (+1) +0.604575163<x4>[B] (+0) +0.604575163<x5>[B] (+1) +0.604575163<x6>[B] (+1) -0.604575163<x7>[B] (+1) +0.604575163<x8>[B] (+1) +0.604575163<x9>[B] (+1) -0.604575163<x10>[B] (+1) +0.604575163<x11>[B] (+1) -0.604575163<x12>[B] (+1) +0.604575163<x13>[B] (+1) -0.604575163<x14>[B] (+1) +0.604575163<x15>[B] (+1) +0.604575163<x16>[B] (+1) +0.604575163<x17>[B] (+1) -0.604575163<x18>[B] (+0) +0.604575163<x19>[B] (+0) +0.604575163<x20>[B] (+0) +0.604575163<x21>[B] (+1) +0.604575163<x22>[B] (+0) -0.604575163<x23>[B] (+1) +0.604575163<x24>[B] (+0) +0.604575163<x25>[B] (+0) -0.604575163<x26>[B] (+0) +0.604575163<x27>[B] (+1) +0.604575163<x28>[B] (+1) +0.604575163<x29>[B] (+0) -0.604575163<x30>[B] (+0) +0.604575163<x31>[B] (+0) +0.604575163<x32>[B] (+0) +0.604575163<x33>[B] (+1) +0.604575163<x34>[B] (+1) +0.604575163<x35>[B] (+1) +0.604575163<x36>[B] (+1) +0.604575163<x37>[B] (+1) +0.604575163<x38>[B] (+1) +0.604575163<x39>[B] (+1) +0.604575163<x40>[B] (+1) +0.604575163<x41>[B] (+1) +0.604575163<x42>[B] (+1) +0.604575163<x43>[B] (+1) +0.604575163<x44>[B] (+1) +0.604575163<x45>[B] (+1) +0.604575163<x46>[B] (+1) +0.604575163<x47>[B] (+1) +0.604575163<x48>[B] (+1) -0.604575163<x49>[B] (+0) -0.604575163<x50>[B] (+1) -0.604575163<x51>[B] (+0) -0.604575163<x52>[B] (+1) +0.604575163<x53>[B] (+0) +0.604575163<x54>[B] (+0) -0.604575163<x55>[B] (+1) +0.604575163<x56>[B] (+1) -0.604575163<x57>[B] (+1) +0.604575163<x58>[B] (+0) -0.604575163<x59>[B] (+0) +0.604575163<x60>[B] (+1) +0.604575163<x61>[B] (+0) -0.604575163<x62>[B] (+1) -0.604575163<x63>[B] (+1) -0.604575163<x64>[B] (+1) -0.604575163<x65>[B] (+1) +0.604575163<x66>[B] (+1) +0.604575163<x67>[B] (+1) -0.604575163<x68>[B] (+1) +0.604575163<x69>[B] (+1) -0.604575163<x70>[B] (+1) +0.604575163<x71>[B] (+1) -0.604575163<x72>[B] (+1) +0.604575163<x73>[B] (+1) +0.604575163<x74>[B] (+1) +0.604575163<x75>[B] (+1) -0.604575163<x76>[B] (+0) -0.604575163<x77>[B] (+1) +0.604575163<x78>[B] (+0) +0.604575163<x79>[B] (+0) -0.604575163<x80>[B] (+0) +0.604575163<x81>[B] (+1) -0.604575163<x82>[B] (+1) +0.604575163<x83>[B] (+0) -0.604575163<x84>[B] (+0) +0.604575163<x85>[B] (+0) +0.604575163<x86>[B] (+0) +0.604575163<x87>[B] (+1) -0.604575163<x88>[B] (+1) +0.604575163<x89>[B] (+1) +0.604575163<x90>[B] (+1) -0.604575163<x91>[B] (+1) +0.604575163<x92>[B] (+1) -0.604575163<x93>[B] (+1) +0.604575163<x94>[B] (+0) -0.604575163<x95>[B] (+0) +0.604575163<x96>[B] (+1) +0.604575163<x97>[B] (+1) +0.604575163<x98>[B] (+1) +0.604575163<x99>[B] (+0) +0.604575163<x100>[B] (+0) -0.604575163<x101>[B] (+0) +0.604575163<x102>[B] (+1) +0.604575163<x103>[B] (+1) +0.604575163<x104>[B] (+0) -0.604575163<x105>[B] (+0) +0.604575163<x106>[B] (+0) +0.604575163<x107>[B] (+0) +0.604575163<x108>[B] (+1) +0.604575163<x109>[B] (+1) -0.604575163<x110>[B] (+1) +0.604575163<x111>[B] (+1) -0.604575163<x112>[B] (+1) -0.604575163<x113>[B] (+0) -0.604575163<x114>[B] (+0) +0.604575163<x115>[B] (+1) +0.604575163<x116>[B] (+1) -0.604575163<x117>[B] (+1) -0.604575163<x118>[B] (+1) +0.604575163<x119>[B] (+1) -0.604575163<x120>[B] (+1) -0.604575163<x121>[B] (+0) -0.604575163<x122>[B] (+0) -0.604575163<x123>[B] (+1) +0.604575163<x124>[B] (+1) -0.604575163<x125>[B] (+1) +0.604575163<x126>[B] (+1) +0.604575163<x127>[B] (+1) +0.604575163<x128>[B] (+0) -0.604575163<x129>[B] (+0) +0.604575163<x130>[B] (+1) +0.604575163<x131>[B] (+0) +0.604575163<x132>[B] (+1) -0.604575163<x133>[B] (+1) -0.604575163<x134>[B] (+0) -0.604575163<x135>[B] (+0) -0.604575163<x136>[B] (+0) -0.604575163<x137>[B] (+0) -0.604575163<x138>[B] (+1) +0.604575163<x139>[B] (+0) -0.604575163<x140>[B] (+0) +0.604575163<x141>[B] (+0) +0.604575163<x142>[B] (+0) +0.604575163<x143>[B] (+1) -0.604575163<x144>[B] (+0) +0.604575163<x145>[B] (+1) +0.604575163<x146>[B] (+1) -0.604575163<x147>[B] (+1) +0.604575163<x148>[B] (+1) +0.604575163<x149>[B] (+1) +0.604575163<x150>[B] (+1) +0.604575163<x151>[B] (+0) -0.604575163<x152>[B] (+1) -0.604575163<x153>[B] (+1) >= 29.4738562091503;
;
violation: left hand side is violated by 10.7320261437909
  [linear] <c1633>: <x154>[C] (+0) -0.604575163<x1>[B] (+0) -0.604575163<x2>[B] (+0) +0.604575163<x3>[B] (+0) +0.604575163<x4>[B] (+0) +0.604575163<x5>[B] (+0) +0.604575163<x6>[B] (+0) -0.604575163<x7>[B] (+0) +0.604575163<x8>[B] (+0) +0.604575163<x9>[B] (+0) -0.604575163<x10>[B] (+0) +0.604575163<x11>[B] (+0) -0.604575163<x12>[B] (+0) +0.604575163<x13>[B] (+0) -0.604575163<x14>[B] (+0) +0.604575163<x15>[B] (+0) +0.604575163<x16>[B] (+0) +0.604575163<x17>[B] (+0) -0.604575163<x18>[B] (+0) +0.604575163<x19>[B] (+0) +0.604575163<x20>[B] (+0) +0.604575163<x21>[B] (+0) +0.604575163<x22>[B] (+0) -0.604575163<x23>[B] (+0) +0.604575163<x24>[B] (+0) +0.604575163<x25>[B] (+0) -0.604575163<x26>[B] (+0) +0.604575163<x27>[B] (+0) +0.604575163<x28>[B] (+0) +0.604575163<x29>[B] (+0) -0.604575163<x30>[B] (+0) +0.604575163<x31>[B] (+0) +0.604575163<x32>[B] (+0) +0.604575163<x33>[B] (+0) +0.604575163<x34>[B] (+0) +0.604575163<x35>[B] (+0) +0.604575163<x36>[B] (+0) +0.604575163<x37>[B] (+0) +0.604575163<x38>[B] (+0) +0.604575163<x39>[B] (+0) +0.604575163<x40>[B] (+0) +0.604575163<x41>[B] (+0) +0.604575163<x42>[B] (+0) +0.604575163<x43>[B] (+0) +0.604575163<x44>[B] (+0) +0.604575163<x45>[B] (+0) +0.604575163<x46>[B] (+0) +0.604575163<x47>[B] (+0) +0.604575163<x48>[B] (+0) -0.604575163<x49>[B] (+0) -0.604575163<x50>[B] (+0) -0.604575163<x51>[B] (+0) -0.604575163<x52>[B] (+0) +0.604575163<x53>[B] (+0) +0.604575163<x54>[B] (+0) -0.604575163<x55>[B] (+0) +0.604575163<x56>[B] (+0) -0.604575163<x57>[B] (+0) +0.604575163<x58>[B] (+0) -0.604575163<x59>[B] (+0) +0.604575163<x60>[B] (+0) +0.604575163<x61>[B] (+0) -0.604575163<x62>[B] (+0) -0.604575163<x63>[B] (+0) -0.604575163<x64>[B] (+0) -0.604575163<x65>[B] (+0) +0.604575163<x66>[B] (+0) +0.604575163<x67>[B] (+0) -0.604575163<x68>[B] (+0) +0.604575163<x69>[B] (+0) -0.604575163<x70>[B] (+0) +0.604575163<x71>[B] (+0) -0.604575163<x72>[B] (+0) +0.604575163<x73>[B] (+0) +0.604575163<x74>[B] (+0) +0.604575163<x75>[B] (+0) -0.604575163<x76>[B] (+0) -0.604575163<x77>[B] (+0) +0.604575163<x78>[B] (+0) +0.604575163<x79>[B] (+0) -0.604575163<x80>[B] (+0) +0.604575163<x81>[B] (+0) -0.604575163<x82>[B] (+0) +0.604575163<x83>[B] (+0) -0.604575163<x84>[B] (+0) +0.604575163<x85>[B] (+0) +0.604575163<x86>[B] (+0) +0.604575163<x87>[B] (+0) -0.604575163<x88>[B] (+0) +0.604575163<x89>[B] (+0) +0.604575163<x90>[B] (+0) -0.604575163<x91>[B] (+0) +0.604575163<x92>[B] (+0) -0.604575163<x93>[B] (+0) +0.604575163<x94>[B] (+0) -0.604575163<x95>[B] (+0) +0.604575163<x96>[B] (+0) +0.604575163<x97>[B] (+0) +0.604575163<x98>[B] (+0) +0.604575163<x99>[B] (+0) +0.604575163<x100>[B] (+0) -0.604575163<x101>[B] (+0) +0.604575163<x102>[B] (+0) +0.604575163<x103>[B] (+0) +0.604575163<x104>[B] (+0) -0.604575163<x105>[B] (+0) +0.604575163<x106>[B] (+0) +0.604575163<x107>[B] (+0) +0.604575163<x108>[B] (+0) +0.604575163<x109>[B] (+0) -0.604575163<x110>[B] (+0) +0.604575163<x111>[B] (+0) -0.604575163<x112>[B] (+0) -0.604575163<x113>[B] (+0) -0.604575163<x114>[B] (+0) +0.604575163<x115>[B] (+0) +0.604575163<x116>[B] (+0) -0.604575163<x117>[B] (+0) -0.604575163<x118>[B] (+0) +0.604575163<x119>[B] (+0) -0.604575163<x120>[B] (+0) -0.604575163<x121>[B] (+0) -0.604575163<x122>[B] (+0) -0.604575163<x123>[B] (+0) +0.604575163<x124>[B] (+0) -0.604575163<x125>[B] (+0) +0.604575163<x126>[B] (+0) +0.604575163<x127>[B] (+0) +0.604575163<x128>[B] (+0) -0.604575163<x129>[B] (+0) +0.604575163<x130>[B] (+0) +0.604575163<x131>[B] (+0) +0.604575163<x132>[B] (+0) -0.604575163<x133>[B] (+0) -0.604575163<x134>[B] (+0) -0.604575163<x135>[B] (+0) -0.604575163<x136>[B] (+0) -0.604575163<x137>[B] (+0) -0.604575163<x138>[B] (+0) +0.604575163<x139>[B] (+0) -0.604575163<x140>[B] (+0) +0.604575163<x141>[B] (+0) +0.604575163<x142>[B] (+0) +0.604575163<x143>[B] (+0) -0.604575163<x144>[B] (+0) +0.604575163<x145>[B] (+0) +0.604575163<x146>[B] (+0) -0.604575163<x147>[B] (+0) +0.604575163<x148>[B] (+0) +0.604575163<x149>[B] (+0) +0.604575163<x150>[B] (+0) +0.604575163<x151>[B] (+0) -0.604575163<x152>[B] (+0) -0.604575163<x153>[B] (+0) >= 29.4738562091503;
;
violation: left hand side is violated by 29.4738562091503
  [linear] <c1633>: <x154>[C] (+0) -0.604575163<x1>[B] (+1) -0.604575163<x2>[B] (+1) +0.604575163<x3>[B] (+1) +0.604575163<x4>[B] (+1) +0.604575163<x5>[B] (+1) +0.604575163<x6>[B] (+1) -0.604575163<x7>[B] (+1) +0.604575163<x8>[B] (+1) +0.604575163<x9>[B] (+1) -0.604575163<x10>[B] (+1) +0.604575163<x11>[B] (+1) -0.604575163<x12>[B] (+1) +0.604575163<x13>[B] (+1) -0.604575163<x14>[B] (+1) +0.604575163<x15>[B] (+1) +0.604575163<x16>[B] (+1) +0.604575163<x17>[B] (+1) -0.604575163<x18>[B] (+1) +0.604575163<x19>[B] (+1) +0.604575163<x20>[B] (+1) +0.604575163<x21>[B] (+1) +0.604575163<x22>[B] (+1) -0.604575163<x23>[B] (+1) +0.604575163<x24>[B] (+1) +0.604575163<x25>[B] (+1) -0.604575163<x26>[B] (+1) +0.604575163<x27>[B] (+1) +0.604575163<x28>[B] (+1) +0.604575163<x29>[B] (+1) -0.604575163<x30>[B] (+1) +0.604575163<x31>[B] (+1) +0.604575163<x32>[B] (+1) +0.604575163<x33>[B] (+1) +0.604575163<x34>[B] (+1) +0.604575163<x35>[B] (+1) +0.604575163<x36>[B] (+1) +0.604575163<x37>[B] (+1) +0.604575163<x38>[B] (+1) +0.604575163<x39>[B] (+1) +0.604575163<x40>[B] (+1) +0.604575163<x41>[B] (+1) +0.604575163<x42>[B] (+1) +0.604575163<x43>[B] (+1) +0.604575163<x44>[B] (+1) +0.604575163<x45>[B] (+1) +0.604575163<x46>[B] (+1) +0.604575163<x47>[B] (+1) +0.604575163<x48>[B] (+1) -0.604575163<x49>[B] (+1) -0.604575163<x50>[B] (+1) -0.604575163<x51>[B] (+1) -0.604575163<x52>[B] (+1) +0.604575163<x53>[B] (+1) +0.604575163<x54>[B] (+1) -0.604575163<x55>[B] (+1) +0.604575163<x56>[B] (+1) -0.604575163<x57>[B] (+1) +0.604575163<x58>[B] (+1) -0.604575163<x59>[B] (+1) +0.604575163<x60>[B] (+1) +0.604575163<x61>[B] (+1) -0.604575163<x62>[B] (+1) -0.604575163<x63>[B] (+1) -0.604575163<x64>[B] (+1) -0.604575163<x65>[B] (+1) +0.604575163<x66>[B] (+1) +0.604575163<x67>[B] (+1) -0.604575163<x68>[B] (+1) +0.604575163<x69>[B] (+1) -0.604575163<x70>[B] (+1) +0.604575163<x71>[B] (+1) -0.604575163<x72>[B] (+1) +0.604575163<x73>[B] (+1) +0.604575163<x74>[B] (+1) +0.604575163<x75>[B] (+1) -0.604575163<x76>[B] (+1) -0.604575163<x77>[B] (+1) +0.604575163<x78>[B] (+1) +0.604575163<x79>[B] (+1) -0.604575163<x80>[B] (+1) +0.604575163<x81>[B] (+1) -0.604575163<x82>[B] (+1) +0.604575163<x83>[B] (+1) -0.604575163<x84>[B] (+1) +0.604575163<x85>[B] (+1) +0.604575163<x86>[B] (+1) +0.604575163<x87>[B] (+1) -0.604575163<x88>[B] (+1) +0.604575163<x89>[B] (+1) +0.604575163<x90>[B] (+1) -0.604575163<x91>[B] (+1) +0.604575163<x92>[B] (+1) -0.604575163<x93>[B] (+1) +0.604575163<x94>[B] (+1) -0.604575163<x95>[B] (+1) +0.604575163<x96>[B] (+1) +0.604575163<x97>[B] (+1) +0.604575163<x98>[B] (+1) +0.604575163<x99>[B] (+1) +0.604575163<x100>[B] (+1) -0.604575163<x101>[B] (+1) +0.604575163<x102>[B] (+1) +0.604575163<x103>[B] (+1) +0.604575163<x104>[B] (+1) -0.604575163<x105>[B] (+1) +0.604575163<x106>[B] (+1) +0.604575163<x107>[B] (+1) +0.604575163<x108>[B] (+1) +0.604575163<x109>[B] (+1) -0.604575163<x110>[B] (+1) +0.604575163<x111>[B] (+1) -0.604575163<x112>[B] (+1) -0.604575163<x113>[B] (+1) -0.604575163<x114>[B] (+1) +0.604575163<x115>[B] (+1) +0.604575163<x116>[B] (+1) -0.604575163<x117>[B] (+1) -0.604575163<x118>[B] (+1) +0.604575163<x119>[B] (+1) -0.604575163<x120>[B] (+1) -0.604575163<x121>[B] (+1) -0.604575163<x122>[B] (+1) -0.604575163<x123>[B] (+1) +0.604575163<x124>[B] (+1) -0.604575163<x125>[B] (+1) +0.604575163<x126>[B] (+1) +0.604575163<x127>[B] (+1) +0.604575163<x128>[B] (+1) -0.604575163<x129>[B] (+1) +0.604575163<x130>[B] (+1) +0.604575163<x131>[B] (+1) +0.604575163<x132>[B] (+1) -0.604575163<x133>[B] (+1) -0.604575163<x134>[B] (+1) -0.604575163<x135>[B] (+1) -0.604575163<x136>[B] (+1) -0.604575163<x137>[B] (+1) -0.604575163<x138>[B] (+1) +0.604575163<x139>[B] (+1) -0.604575163<x140>[B] (+1) +0.604575163<x141>[B] (+1) +0.604575163<x142>[B] (+1) +0.604575163<x143>[B] (+1) -0.604575163<x144>[B] (+1) +0.604575163<x145>[B] (+1) +0.604575163<x146>[B] (+1) -0.604575163<x147>[B] (+1) +0.604575163<x148>[B] (+1) +0.604575163<x149>[B] (+1) +0.604575163<x150>[B] (+1) +0.604575163<x151>[B] (+1) -0.604575163<x152>[B] (+1) -0.604575163<x153>[B] (+1) >= 29.4738562091503;
;
violation: left hand side is violated by 7.1045751633987
1/6 feasible solution given by solution candidate storage, new primal bound -1.000044e+06

presolving:
   (0.0s) symmetry computation started: requiring (bin +, int +, cont +), (fixed: bin -, int -, cont -)
   (0.0s) no symmetry present (symcode time: 0.00)
presolving (0 rounds: 0 fast, 0 medium, 0 exhaustive):
 0 deleted vars, 0 deleted constraints, 0 added constraints, 0 tightened bounds, 0 added holes, 0 changed sides, 0 changed coefficients
 0 implications, 0 cliques, 0 implied integral variables (0 bin, 0 int, 0 cont)
presolved problem has 163 variables (153 bin, 0 int, 10 cont) and 1642 constraints
   1642 constraints of type <linear>
Presolving Time: 0.00
transformed 1/1 original solutions to the transformed problem space

 time | node  | left  |LP iter|LP it/n|mem/heur|mdpt |vars |cons |rows |cuts |sepa|confs|strbr|  dualbound   | primalbound  |  gap   | compl. 
p 0.0s|     1 |     0 |     3 |     - |   locks|   0 | 163 |1642 |1642 |   0 |  0 |   0 |   0 | 1.480000e+02 |-2.676275e+02 |    Inf | unknown
* 0.0s|     1 |     0 |   148 |     - |    LP  |   0 | 163 |1642 |1642 |   0 |  0 |   0 |   0 |-1.422320e+02 |-1.422320e+02 |   0.00%| unknown
  0.0s|     1 |     0 |   148 |     - |  8796k |   0 | 163 |1642 |1642 |   0 |  0 |   0 |   0 |-1.422320e+02 |-1.422320e+02 |   0.00%| unknown

SCIP Status        : problem is solved [optimal solution found]
Solving Time (sec) : 0.01
Solving Nodes      : 1
Primal Bound       : -1.42232026143791e+02 (4 solutions)
Dual Bound         : -1.42232026143791e+02
Gap                : 0.00 %
  [linear] <c1643>: <x154>[C] (+25.2418301) -0.571895425<x1>[B] (+1) -0.571895425<x2>[B] (+0) +0.571895425<x3>[B] (+1) +0.571895425<x4>[B] (+0) +0.571895425<x5>[B] (+0) +0.571895425<x6>[B] (+1) -0.571895425<x7>[B] (+0) +0.571895425<x8>[B] (+0) +0.571895425<x9>[B] (+0) -0.571895425<x10>[B] (+0) +0.571895425<x11>[B] (+0) -0.571895425<x12>[B] (+1) +0.571895425<x13>[B] (+0) -0.571895425<x14>[B] (+1) +0.571895425<x15>[B] (+0) +0.571895425<x16>[B] (+0) +0.571895425<x17>[B] (+1) -0.571895425<x18>[B] (+0) +0.571895425<x19>[B] (+1) +0.571895425<x20>[B] (+0) +0.571895425<x21>[B] (+0) +0.571895425<x22>[B] (+0) -0.571895425<x23>[B] (+0) +0.571895425<x24>[B] (+0) +0.571895425<x25>[B] (+0) -0.571895425<x26>[B] (+0) +0.571895425<x27>[B] (+0) +0.571895425<x28>[B] (+0) +0.571895425<x29>[B] (+0) -0.571895425<x30>[B] (+0) +0.571895425<x31>[B] (+0) +0.571895425<x32>[B] (+0) +0.571895425<x33>[B] (+1) +0.571895425<x34>[B] (+1) +0.571895425<x35>[B] (+1) +0.571895425<x36>[B] (+1) +0.571895425<x37>[B] (+1) +0.571895425<x38>[B] (+1) +0.571895425<x39>[B] (+1) +0.571895425<x40>[B] (+1) +0.571895425<x41>[B] (+0) +0.571895425<x42>[B] (+1) +0.571895425<x43>[B] (+1) +0.571895425<x44>[B] (+0) +0.571895425<x45>[B] (+1) +0.571895425<x46>[B] (+1) +0.571895425<x47>[B] (+1) +0.571895425<x48>[B] (+1) -0.571895425<x49>[B] (+0) -0.571895425<x50>[B] (+0) -0.571895425<x51>[B] (+0) -0.571895425<x52>[B] (+0) +0.571895425<x53>[B] (+0) +0.571895425<x54>[B] (+0) -0.571895425<x55>[B] (+0) +0.571895425<x56>[B] (+0) -0.571895425<x57>[B] (+0) +0.571895425<x58>[B] (+0) -0.571895425<x59>[B] (+0) +0.571895425<x60>[B] (+0) +0.571895425<x61>[B] (+0) -0.571895425<x62>[B] (+1) -0.571895425<x63>[B] (+1) -0.571895425<x64>[B] (+1) -0.571895425<x65>[B] (+1) +0.571895425<x66>[B] (+1) +0.571895425<x67>[B] (+1) -0.571895425<x68>[B] (+0) +0.571895425<x69>[B] (+0) -0.571895425<x70>[B] (+1) +0.571895425<x71>[B] (+0) -0.571895425<x72>[B] (+1) +0.571895425<x73>[B] (+1) +0.571895425<x74>[B] (+0) +0.571895425<x75>[B] (+1) -0.571895425<x76>[B] (+1) -0.571895425<x77>[B] (+0) +0.571895425<x78>[B] (+0) +0.571895425<x79>[B] (+0) -0.571895425<x80>[B] (+0) +0.571895425<x81>[B] (+0) -0.571895425<x82>[B] (+1) +0.571895425<x83>[B] (+0) -0.571895425<x84>[B] (+1) +0.571895425<x85>[B] (+1) +0.571895425<x86>[B] (+0) +0.571895425<x87>[B] (+1) -0.571895425<x88>[B] (+0) +0.571895425<x89>[B] (+0) +0.571895425<x90>[B] (+0) -0.571895425<x91>[B] (+0) +0.571895425<x92>[B] (+0) -0.571895425<x93>[B] (+0) +0.571895425<x94>[B] (+0) -0.571895425<x95>[B] (+0) +0.571895425<x96>[B] (+0) +0.571895425<x97>[B] (+0) +0.571895425<x98>[B] (+1) +0.571895425<x99>[B] (+0) +0.571895425<x100>[B] (+0) -0.571895425<x101>[B] (+0) +0.571895425<x102>[B] (+0) +0.571895425<x103>[B] (+1) +0.571895425<x104>[B] (+0) -0.571895425<x105>[B] (+1) +0.571895425<x106>[B] (+1) +0.571895425<x107>[B] (+0) +0.571895425<x108>[B] (+1) +0.571895425<x109>[B] (+0) -0.571895425<x110>[B] (+0) +0.571895425<x111>[B] (+0) -0.571895425<x112>[B] (+1) -0.571895425<x113>[B] (+0) -0.571895425<x114>[B] (+1) +0.571895425<x115>[B] (+1) +0.571895425<x116>[B] (+0) -0.571895425<x117>[B] (+1) -0.571895425<x118>[B] (+0) +0.571895425<x119>[B] (+0) -0.571895425<x120>[B] (+1) -0.571895425<x121>[B] (+0) -0.571895425<x122>[B] (+1) -0.571895425<x123>[B] (+1) +0.571895425<x124>[B] (+0) -0.571895425<x125>[B] (+1) +0.571895425<x126>[B] (+1) +0.571895425<x127>[B] (+1) +0.571895425<x128>[B] (+0) -0.571895425<x129>[B] (+1) +0.571895425<x130>[B] (+1) +0.571895425<x131>[B] (+1) +0.571895425<x132>[B] (+1) -0.571895425<x133>[B] (+1) -0.571895425<x134>[B] (+0) -0.571895425<x135>[B] (+1) -0.571895425<x136>[B] (+1) -0.571895425<x137>[B] (+1) -0.571895425<x138>[B] (+1) +0.571895425<x139>[B] (+0) -0.571895425<x140>[B] (+1) +0.571895425<x141>[B] (+0) +0.571895425<x142>[B] (+0) +0.571895425<x143>[B] (+1) -0.571895425<x144>[B] (+1) +0.571895425<x145>[B] (+1) +0.571895425<x146>[B] (+1) -0.571895425<x147>[B] (+1) +0.571895425<x148>[B] (+0) +0.571895425<x149>[B] (+0) +0.571895425<x150>[B] (+1) +0.571895425<x151>[B] (+0) -0.571895425<x152>[B] (+1) -0.571895425<x153>[B] (+1) >= 29.3104575163399;
;
violation: left hand side is violated by 0.0653594771241828
  [linear] <c1643>: <x154>[C] (+14.9640523) -0.571895425<x1>[B] (+1) -0.571895425<x2>[B] (+1) +0.571895425<x3>[B] (+1) +0.571895425<x4>[B] (+1) +0.571895425<x5>[B] (+1) +0.571895425<x6>[B] (+1) -0.571895425<x7>[B] (+1) +0.571895425<x8>[B] (+1) +0.571895425<x9>[B] (+1) -0.571895425<x10>[B] (+1) +0.571895425<x11>[B] (+1) -0.571895425<x12>[B] (+1) +0.571895425<x13>[B] (+1) -0.571895425<x14>[B] (+1) +0.571895425<x15>[B] (+1) +0.571895425<x16>[B] (+1) +0.571895425<x17>[B] (+1) -0.571895425<x18>[B] (+1) +0.571895425<x19>[B] (+1) +0.571895425<x20>[B] (+1) +0.571895425<x21>[B] (+1) +0.571895425<x22>[B] (+1) -0.571895425<x23>[B] (+1) +0.571895425<x24>[B] (+1) +0.571895425<x25>[B] (+1) -0.571895425<x26>[B] (+1) +0.571895425<x27>[B] (+1) +0.571895425<x28>[B] (+1) +0.571895425<x29>[B] (+1) -0.571895425<x30>[B] (+1) +0.571895425<x31>[B] (+1) +0.571895425<x32>[B] (+1) +0.571895425<x33>[B] (+0) +0.571895425<x34>[B] (+0) +0.571895425<x35>[B] (+0) +0.571895425<x36>[B] (+0) +0.571895425<x37>[B] (+0) +0.571895425<x38>[B] (+0) +0.571895425<x39>[B] (+0) +0.571895425<x40>[B] (+0) +0.571895425<x41>[B] (+0) +0.571895425<x42>[B] (+0) +0.571895425<x43>[B] (+0) +0.571895425<x44>[B] (+1) +0.571895425<x45>[B] (+0) +0.571895425<x46>[B] (+0) +0.571895425<x47>[B] (+0) +0.571895425<x48>[B] (+0) -0.571895425<x49>[B] (+1) -0.571895425<x50>[B] (+1) -0.571895425<x51>[B] (+1) -0.571895425<x52>[B] (+1) +0.571895425<x53>[B] (+1) +0.571895425<x54>[B] (+1) -0.571895425<x55>[B] (+1) +0.571895425<x56>[B] (+1) -0.571895425<x57>[B] (+1) +0.571895425<x58>[B] (+1) -0.571895425<x59>[B] (+1) +0.571895425<x60>[B] (+1) +0.571895425<x61>[B] (+1) -0.571895425<x62>[B] (+0) -0.571895425<x63>[B] (+1) -0.571895425<x64>[B] (+0) -0.571895425<x65>[B] (+0) +0.571895425<x66>[B] (+1) +0.571895425<x67>[B] (+1) -0.571895425<x68>[B] (+1) +0.571895425<x69>[B] (+0) -0.571895425<x70>[B] (+0) +0.571895425<x71>[B] (+1) -0.571895425<x72>[B] (+1) +0.571895425<x73>[B] (+1) +0.571895425<x74>[B] (+1) +0.571895425<x75>[B] (+0) -0.571895425<x76>[B] (+0) -0.571895425<x77>[B] (+0) +0.571895425<x78>[B] (+1) +0.571895425<x79>[B] (+1) -0.571895425<x80>[B] (+1) +0.571895425<x81>[B] (+0) -0.571895425<x82>[B] (+0) +0.571895425<x83>[B] (+1) -0.571895425<x84>[B] (+1) +0.571895425<x85>[B] (+1) +0.571895425<x86>[B] (+1) +0.571895425<x87>[B] (+0) -0.571895425<x88>[B] (+1) +0.571895425<x89>[B] (+1) +0.571895425<x90>[B] (+1) -0.571895425<x91>[B] (+1) +0.571895425<x92>[B] (+0) -0.571895425<x93>[B] (+1) +0.571895425<x94>[B] (+1) -0.571895425<x95>[B] (+1) +0.571895425<x96>[B] (+1) +0.571895425<x97>[B] (+1) +0.571895425<x98>[B] (+0) +0.571895425<x99>[B] (+1) +0.571895425<x100>[B] (+1) -0.571895425<x101>[B] (+1) +0.571895425<x102>[B] (+0) +0.571895425<x103>[B] (+1) +0.571895425<x104>[B] (+1) -0.571895425<x105>[B] (+1) +0.571895425<x106>[B] (+1) +0.571895425<x107>[B] (+1) +0.571895425<x108>[B] (+0) +0.571895425<x109>[B] (+1) -0.571895425<x110>[B] (+1) +0.571895425<x111>[B] (+0) -0.571895425<x112>[B] (+0) -0.571895425<x113>[B] (+1) -0.571895425<x114>[B] (+0) +0.571895425<x115>[B] (+0) +0.571895425<x116>[B] (+1) -0.571895425<x117>[B] (+0) -0.571895425<x118>[B] (+0) +0.571895425<x119>[B] (+0) -0.571895425<x120>[B] (+0) -0.571895425<x121>[B] (+1) -0.571895425<x122>[B] (+0) -0.571895425<x123>[B] (+0) +0.571895425<x124>[B] (+1) -0.571895425<x125>[B] (+0) +0.571895425<x126>[B] (+0) +0.571895425<x127>[B] (+0) +0.571895425<x128>[B] (+1) -0.571895425<x129>[B] (+0) +0.571895425<x130>[B] (+0) +0.571895425<x131>[B] (+1) +0.571895425<x132>[B] (+0) -0.571895425<x133>[B] (+1) -0.571895425<x134>[B] (+1) -0.571895425<x135>[B] (+1) -0.571895425<x136>[B] (+1) -0.571895425<x137>[B] (+1) -0.571895425<x138>[B] (+0) +0.571895425<x139>[B] (+1) -0.571895425<x140>[B] (+1) +0.571895425<x141>[B] (+1) +0.571895425<x142>[B] (+1) +0.571895425<x143>[B] (+0) -0.571895425<x144>[B] (+0) +0.571895425<x145>[B] (+0) +0.571895425<x146>[B] (+0) -0.571895425<x147>[B] (+0) +0.571895425<x148>[B] (+1) +0.571895425<x149>[B] (+1) +0.571895425<x150>[B] (+0) +0.571895425<x151>[B] (+1) -0.571895425<x152>[B] (+0) -0.571895425<x153>[B] (+0) >= 29.3104575163399;
;
violation: left hand side is violated by 0.620915032679743
2/4 feasible solutions given by solution candidate storage, new primal bound -1.000044e+06

presolving:
   (0.0s) symmetry computation started: requiring (bin +, int +, cont +), (fixed: bin -, int -, cont -)
   (0.0s) no symmetry present (symcode time: 0.00)
presolving (0 rounds: 0 fast, 0 medium, 0 exhaustive):
 0 deleted vars, 0 deleted constraints, 0 added constraints, 0 tightened bounds, 0 added holes, 0 changed sides, 0 changed coefficients
 0 implications, 0 cliques, 0 implied integral variables (0 bin, 0 int, 0 cont)
presolved problem has 163 variables (153 bin, 0 int, 10 cont) and 1650 constraints
   1650 constraints of type <linear>
Presolving Time: 0.00
transformed 2/2 original solutions to the transformed problem space

 time | node  | left  |LP iter|LP it/n|mem/heur|mdpt |vars |cons |rows |cuts |sepa|confs|strbr|  dualbound   | primalbound  |  gap   | compl. 
p 0.0s|     1 |     0 |     1 |     - |   locks|   0 | 163 |1650 |1650 |   0 |  0 |   0 |   0 | 1.480000e+02 |-2.673072e+02 |    Inf | unknown
* 0.0s|     1 |     0 |   124 |     - |    LP  |   0 | 163 |1650 |1650 |   0 |  0 |   0 |   0 |-1.436111e+02 |-1.436111e+02 |   0.00%| unknown
  0.0s|     1 |     0 |   124 |     - |  9584k |   0 | 163 |1650 |1650 |   0 |  0 |   0 |   0 |-1.436111e+02 |-1.436111e+02 |   0.00%| unknown

SCIP Status        : problem is solved [optimal solution found]
Solving Time (sec) : 0.01
Solving Nodes      : 1
Primal Bound       : -1.43611111111111e+02 (4 solutions)
Dual Bound         : -1.43611111111111e+02
Gap                : 0.00 %
  [linear] <c1651>: <x154>[C] (+26.4509804) -0.58496732<x1>[B] (+1) -0.58496732<x2>[B] (+0) +0.58496732<x3>[B] (+1) +0.58496732<x4>[B] (+0) +0.58496732<x5>[B] (+0) +0.58496732<x6>[B] (+1) -0.58496732<x7>[B] (+0) +0.58496732<x8>[B] (+0) +0.58496732<x9>[B] (+0) -0.58496732<x10>[B] (+0) +0.58496732<x11>[B] (+0) -0.58496732<x12>[B] (+0) +0.58496732<x13>[B] (+0) -0.58496732<x14>[B] (+1) +0.58496732<x15>[B] (+0) +0.58496732<x16>[B] (+0) +0.58496732<x17>[B] (+1) -0.58496732<x18>[B] (+0) +0.58496732<x19>[B] (+1) +0.58496732<x20>[B] (+0) +0.58496732<x21>[B] (+0) +0.58496732<x22>[B] (+0) -0.58496732<x23>[B] (+0) +0.58496732<x24>[B] (+0) +0.58496732<x25>[B] (+0) -0.58496732<x26>[B] (+0) +0.58496732<x27>[B] (+0) +0.58496732<x28>[B] (+0) +0.58496732<x29>[B] (+0) -0.58496732<x30>[B] (+0) +0.58496732<x31>[B] (+0) +0.58496732<x32>[B] (+0) +0.58496732<x33>[B] (+1) +0.58496732<x34>[B] (+1) +0.58496732<x35>[B] (+1) +0.58496732<x36>[B] (+1) +0.58496732<x37>[B] (+1) +0.58496732<x38>[B] (+1) +0.58496732<x39>[B] (+1) +0.58496732<x40>[B] (+1) +0.58496732<x41>[B] (+0) +0.58496732<x42>[B] (+1) +0.58496732<x43>[B] (+1) +0.58496732<x44>[B] (+0) +0.58496732<x45>[B] (+1) +0.58496732<x46>[B] (+1) +0.58496732<x47>[B] (+1) +0.58496732<x48>[B] (+1) -0.58496732<x49>[B] (+0) -0.58496732<x50>[B] (+0) -0.58496732<x51>[B] (+0) -0.58496732<x52>[B] (+0) +0.58496732<x53>[B] (+0) +0.58496732<x54>[B] (+0) -0.58496732<x55>[B] (+0) +0.58496732<x56>[B] (+0) -0.58496732<x57>[B] (+0) +0.58496732<x58>[B] (+0) -0.58496732<x59>[B] (+0) +0.58496732<x60>[B] (+0) +0.58496732<x61>[B] (+0) -0.58496732<x62>[B] (+1) -0.58496732<x63>[B] (+1) -0.58496732<x64>[B] (+1) -0.58496732<x65>[B] (+1) +0.58496732<x66>[B] (+1) +0.58496732<x67>[B] (+1) -0.58496732<x68>[B] (+0) +0.58496732<x69>[B] (+0) -0.58496732<x70>[B] (+1) +0.58496732<x71>[B] (+0) -0.58496732<x72>[B] (+1) +0.58496732<x73>[B] (+1) +0.58496732<x74>[B] (+0) +0.58496732<x75>[B] (+1) -0.58496732<x76>[B] (+1) -0.58496732<x77>[B] (+1) +0.58496732<x78>[B] (+0) +0.58496732<x79>[B] (+0) -0.58496732<x80>[B] (+0) +0.58496732<x81>[B] (+0) -0.58496732<x82>[B] (+1) +0.58496732<x83>[B] (+0) -0.58496732<x84>[B] (+1) +0.58496732<x85>[B] (+1) +0.58496732<x86>[B] (+0) +0.58496732<x87>[B] (+1) -0.58496732<x88>[B] (+0) +0.58496732<x89>[B] (+0) +0.58496732<x90>[B] (+0) -0.58496732<x91>[B] (+0) +0.58496732<x92>[B] (+0) -0.58496732<x93>[B] (+0) +0.58496732<x94>[B] (+0) -0.58496732<x95>[B] (+0) +0.58496732<x96>[B] (+0) +0.58496732<x97>[B] (+0) +0.58496732<x98>[B] (+1) +0.58496732<x99>[B] (+0) +0.58496732<x100>[B] (+0) -0.58496732<x101>[B] (+0) +0.58496732<x102>[B] (+0) +0.58496732<x103>[B] (+0) +0.58496732<x104>[B] (+0) -0.58496732<x105>[B] (+1) +0.58496732<x106>[B] (+0) +0.58496732<x107>[B] (+0) +0.58496732<x108>[B] (+1) +0.58496732<x109>[B] (+0) -0.58496732<x110>[B] (+0) +0.58496732<x111>[B] (+0) -0.58496732<x112>[B] (+1) -0.58496732<x113>[B] (+0) -0.58496732<x114>[B] (+1) +0.58496732<x115>[B] (+1) +0.58496732<x116>[B] (+0) -0.58496732<x117>[B] (+1) -0.58496732<x118>[B] (+0) +0.58496732<x119>[B] (+0) -0.58496732<x120>[B] (+1) -0.58496732<x121>[B] (+0) -0.58496732<x122>[B] (+1) -0.58496732<x123>[B] (+1) +0.58496732<x124>[B] (+0) -0.58496732<x125>[B] (+1) +0.58496732<x126>[B] (+1) +0.58496732<x127>[B] (+1) +0.58496732<x128>[B] (+0) -0.58496732<x129>[B] (+1) +0.58496732<x130>[B] (+1) +0.58496732<x131>[B] (+1) +0.58496732<x132>[B] (+1) -0.58496732<x133>[B] (+1) -0.58496732<x134>[B] (+0) -0.58496732<x135>[B] (+1) -0.58496732<x136>[B] (+1) -0.58496732<x137>[B] (+1) -0.58496732<x138>[B] (+1) +0.58496732<x139>[B] (+0) -0.58496732<x140>[B] (+1) +0.58496732<x141>[B] (+0) +0.58496732<x142>[B] (+0) +0.58496732<x143>[B] (+1) -0.58496732<x144>[B] (+1) +0.58496732<x145>[B] (+1) +0.58496732<x146>[B] (+1) -0.58496732<x147>[B] (+1) +0.58496732<x148>[B] (+0) +0.58496732<x149>[B] (+0) +0.58496732<x150>[B] (+1) +0.58496732<x151>[B] (+0) -0.58496732<x152>[B] (+1) -0.58496732<x153>[B] (+1) >= 29.3954248366013;
;
violation: left hand side is violated by 0.0196078431372726
  [linear] <c1652>: <x159>[C] (+3.30718954) -0.676470588<x1>[B] (+1) -0.676470588<x2>[B] (+1) -0.676470588<x3>[B] (+1) +0.676470588<x4>[B] (+1) -0.676470588<x5>[B] (+1) -0.676470588<x6>[B] (+1) -0.676470588<x7>[B] (+1) -0.676470588<x8>[B] (+1) -0.676470588<x9>[B] (+1) +0.676470588<x10>[B] (+1) -0.676470588<x11>[B] (+1) -0.676470588<x12>[B] (+1) -0.676470588<x13>[B] (+1) -0.676470588<x14>[B] (+1) -0.676470588<x15>[B] (+1) -0.676470588<x16>[B] (+1) -0.676470588<x17>[B] (+1) +0.676470588<x18>[B] (+1) +0.676470588<x19>[B] (+0) +0.676470588<x20>[B] (+1) +0.676470588<x21>[B] (+1) +0.676470588<x22>[B] (+1) +0.676470588<x23>[B] (+1) +0.676470588<x24>[B] (+1) +0.676470588<x25>[B] (+1) +0.676470588<x26>[B] (+1) +0.676470588<x27>[B] (+1) -0.676470588<x28>[B] (+1) +0.676470588<x29>[B] (+1) +0.676470588<x30>[B] (+1) +0.676470588<x31>[B] (+1) +0.676470588<x32>[B] (+1) -0.676470588<x33>[B] (+0) -0.676470588<x34>[B] (+0) +0.676470588<x35>[B] (+0) +0.676470588<x36>[B] (+0) +0.676470588<x37>[B] (+0) +0.676470588<x38>[B] (+0) +0.676470588<x39>[B] (+0) +0.676470588<x40>[B] (+0) +0.676470588<x41>[B] (+0) +0.676470588<x42>[B] (+0) -0.676470588<x43>[B] (+0) +0.676470588<x44>[B] (+0) +0.676470588<x45>[B] (+0) -0.676470588<x46>[B] (+0) +0.676470588<x47>[B] (+0) -0.676470588<x48>[B] (+0) +0.676470588<x49>[B] (+1) +0.676470588<x50>[B] (+1) +0.676470588<x51>[B] (+1) +0.676470588<x52>[B] (+1) +0.676470588<x53>[B] (+1) +0.676470588<x54>[B] (+1) +0.676470588<x55>[B] (+1) +0.676470588<x56>[B] (+1) -0.676470588<x57>[B] (+1) +0.676470588<x58>[B] (+1) +0.676470588<x59>[B] (+1) +0.676470588<x60>[B] (+1) +0.676470588<x61>[B] (+1) -0.676470588<x62>[B] (+0) -0.676470588<x63>[B] (+1) -0.676470588<x64>[B] (+0) -0.676470588<x65>[B] (+0) -0.676470588<x66>[B] (+1) -0.676470588<x67>[B] (+1) +0.676470588<x68>[B] (+1) -0.676470588<x69>[B] (+1) -0.676470588<x70>[B] (+0) -0.676470588<x71>[B] (+1) -0.676470588<x72>[B] (+0) -0.676470588<x73>[B] (+0) -0.676470588<x74>[B] (+1) -0.676470588<x75>[B] (+0) -0.676470588<x76>[B] (+0) -0.676470588<x77>[B] (+0) -0.676470588<x78>[B] (+1) +0.676470588<x79>[B] (+1) +0.676470588<x80>[B] (+1) -0.676470588<x81>[B] (+1) -0.676470588<x82>[B] (+0) -0.676470588<x83>[B] (+1) -0.676470588<x84>[B] (+0) -0.676470588<x85>[B] (+0) -0.676470588<x86>[B] (+1) -0.676470588<x87>[B] (+0) -0.676470588<x88>[B] (+1) -0.676470588<x89>[B] (+1) +0.676470588<x90>[B] (+1) +0.676470588<x91>[B] (+1) -0.676470588<x92>[B] (+1) -0.676470588<x93>[B] (+1) +0.676470588<x94>[B] (+1) +0.676470588<x95>[B] (+1) -0.676470588<x96>[B] (+1) -0.676470588<x97>[B] (+1) -0.676470588<x98>[B] (+0) +0.676470588<x99>[B] (+1) +0.676470588<x100>[B] (+1) +0.676470588<x101>[B] (+1) +0.676470588<x102>[B] (+1) -0.676470588<x103>[B] (+1) +0.676470588<x104>[B] (+1) +0.676470588<x105>[B] (+1) -0.676470588<x106>[B] (+1) +0.676470588<x107>[B] (+1) -0.676470588<x108>[B] (+0) +0.676470588<x109>[B] (+1) +0.676470588<x110>[B] (+1) +0.676470588<x111>[B] (+1) -0.676470588<x112>[B] (+0) +0.676470588<x113>[B] (+1) +0.676470588<x114>[B] (+0) -0.676470588<x115>[B] (+0) +0.676470588<x116>[B] (+1) -0.676470588<x117>[B] (+0) +0.676470588<x118>[B] (+1) -0.676470588<x119>[B] (+1) -0.676470588<x120>[B] (+0) -0.676470588<x121>[B] (+1) -0.676470588<x122>[B] (+0) -0.676470588<x123>[B] (+0) -0.676470588<x124>[B] (+1) -0.676470588<x125>[B] (+0) -0.676470588<x126>[B] (+0) -0.676470588<x127>[B] (+0) -0.676470588<x128>[B] (+1) -0.676470588<x129>[B] (+0) -0.676470588<x130>[B] (+0) -0.676470588<x131>[B] (+1) -0.676470588<x132>[B] (+0) -0.676470588<x133>[B] (+0) +0.676470588<x134>[B] (+1) +0.676470588<x135>[B] (+0) -0.676470588<x136>[B] (+0) +0.676470588<x137>[B] (+1) -0.676470588<x138>[B] (+0) +0.676470588<x139>[B] (+1) +0.676470588<x140>[B] (+1) +0.676470588<x141>[B] (+1) +0.676470588<x142>[B] (+1) -0.676470588<x143>[B] (+0) +0.676470588<x144>[B] (+0) -0.676470588<x145>[B] (+0) -0.676470588<x146>[B] (+1) -0.676470588<x147>[B] (+0) -0.676470588<x148>[B] (+1) -0.676470588<x149>[B] (+1) -0.676470588<x150>[B] (+0) +0.676470588<x151>[B] (+1) -0.676470588<x152>[B] (+0) -0.676470588<x153>[B] (+0) >= 11.6699346405229;
;
violation: left hand side is violated by 0.921568627450986
2/4 feasible solutions given by solution candidate storage, new primal bound -1.000044e+06

presolving:
   (0.0s) symmetry computation started: requiring (bin +, int +, cont +), (fixed: bin -, int -, cont -)
   (0.0s) no symmetry present (symcode time: 0.00)
presolving (0 rounds: 0 fast, 0 medium, 0 exhaustive):
 0 deleted vars, 0 deleted constraints, 0 added constraints, 0 tightened bounds, 0 added holes, 0 changed sides, 0 changed coefficients
 0 implications, 0 cliques, 0 implied integral variables (0 bin, 0 int, 0 cont)
presolved problem has 163 variables (153 bin, 0 int, 10 cont) and 1655 constraints
   1655 constraints of type <linear>
Presolving Time: 0.00
transformed 2/2 original solutions to the transformed problem space

 time | node  | left  |LP iter|LP it/n|mem/heur|mdpt |vars |cons |rows |cuts |sepa|confs|strbr|  dualbound   | primalbound  |  gap   | compl. 
p 0.0s|     1 |     0 |     3 |     - |   locks|   0 | 163 |1655 |1655 |   0 |  0 |   0 |   0 | 1.480000e+02 |-2.682876e+02 |    Inf | unknown
* 0.0s|     1 |     0 |   131 |     - |    LP  |   0 | 163 |1655 |1655 |   0 |  0 |   0 |   0 |-1.438203e+02 |-1.438203e+02 |   0.00%| unknown
  0.0s|     1 |     0 |   131 |     - |  9740k |   0 | 163 |1655 |1655 |   0 |  0 |   0 |   0 |-1.438203e+02 |-1.438203e+02 |   0.00%| unknown

SCIP Status        : problem is solved [optimal solution found]
Solving Time (sec) : 0.01
Solving Nodes      : 1
Primal Bound       : -1.43820261437908e+02 (4 solutions)
Dual Bound         : -1.43820261437908e+02
Gap                : 0.00 %
