Loading instance...
Median ranking: [17, 3, 10, 4, 8, 9, 6, 18, 11, 12, 5, 7, 13, 14, 16, 15, 2, 1]
Mean ranking: [3, 17, 10, 4, 8, 9, 6, 18, 11, 5, 12, 7, 16, 13, 15, 14, 2, 1]
Actual error: 0.00038044908627132834
Weighted Kendall distance: 43.0
Normalized distance: 0.02218782249742002
 bounds, 0 chg sides, 0 chg coeffs, 0 upgd conss, 0 impls, 0 clqs, 0 implints
   (0.0s) symmetry computation started: requiring (bin +, int +, cont +), (fixed: bin -, int -, cont -)
   (0.0s) no symmetry present (symcode time: 0.00)
presolving (2 rounds: 2 fast, 2 medium, 1 exhaustive):
 0 deleted vars, 1632 deleted constraints, 816 added constraints, 0 tightened bounds, 0 added holes, 0 changed sides, 0 changed coefficients
 0 implications, 0 cliques, 0 implied integral variables (0 bin, 0 int, 0 cont)
presolved problem has 153 variables (0 bin, 0 int, 153 cont) and 816 constraints
    816 constraints of type <linear>
Presolving Time: 0.01
transformed 3/3 original solutions to the transformed problem space

 time | node  | left  |LP iter|LP it/n|mem/heur|mdpt |vars |cons |rows |cuts |sepa|confs|strbr|  dualbound   | primalbound  |  gap   | compl. 
* 0.0s|     1 |     0 |    31 |     - |    LP  |   0 | 153 | 816 | 816 |   0 |  0 |   0 |   0 | 2.420000e+02 | 2.420000e+02 |   0.00%| unknown
  0.0s|     1 |     0 |    31 |     - |  6057k |   0 | 153 | 816 | 816 |   0 |  0 |   0 |   0 | 2.420000e+02 | 2.420000e+02 |   0.00%| unknown

SCIP Status        : problem is solved [optimal solution found]
Solving Time (sec) : 0.01
Solving Nodes      : 1
Primal Bound       : +2.42000000000000e+02 (4 solutions)
Dual Bound         : +2.42000000000000e+02
Gap                : 0.00 %
feasible solution found by trivial heuristic after 0.0 seconds, objective value 0.000000e+00
presolving:
   (0.0s) running MILP presolver
   (0.0s) MILP presolver (2 rounds): 0 aggregations, 0 fixings, 0 bound changes
(round 1, medium)     0 del vars, 1632 del conss, 816 add conss, 0 chg bounds, 0 chg sides, 0 chg coeffs, 0 upgd conss, 0 impls, 0 clqs, 0 implints
   (0.0s) probing: 51/153 (33.3%) - 0 fixings, 0 aggregations, 0 implications, 0 bound changes
   (0.0s) probing aborted: 50/50 successive totally useless probings
   (0.0s) symmetry computation started: requiring (bin +, int +, cont +), (fixed: bin -, int -, cont -)
   (0.0s) no symmetry present (symcode time: 0.00)
presolving (2 rounds: 2 fast, 2 medium, 1 exhaustive):
 0 deleted vars, 1632 deleted constraints, 816 added constraints, 0 tightened bounds, 0 added holes, 0 changed sides, 0 changed coefficients
 0 implications, 0 cliques, 0 implied integral variables (0 bin, 0 int, 0 cont)
presolved problem has 153 variables (153 bin, 0 int, 0 cont) and 816 constraints
    816 constraints of type <linear>
transformed objective value is always integral (scale: 2)
Presolving Time: 0.01
transformed 2/2 original solutions to the transformed problem space

 time | node  | left  |LP iter|LP it/n|mem/heur|mdpt |vars |cons |rows |cuts |sepa|confs|strbr|  dualbound   | primalbound  |  gap   | compl. 
p 0.0s|     1 |     0 |     0 |     - |   locks|   0 | 153 | 816 | 816 |   0 |  0 |   0 |   0 | 2.520000e+02 | 1.400000e+01 |1700.00%| unknown
i 0.0s|     1 |     0 |     0 |     - |  oneopt|   0 | 153 | 816 | 816 |   0 |  0 |   0 |   0 | 2.520000e+02 | 8.600000e+01 | 193.02%| unknown
* 0.0s|     1 |     0 |    26 |     - |    LP  |   0 | 153 | 816 | 816 |   0 |  0 |   0 |   0 | 2.420000e+02 | 2.420000e+02 |   0.00%| unknown
  0.0s|     1 |     0 |    26 |     - |  6218k |   0 | 153 | 816 | 816 |   0 |  0 |   0 |   0 | 2.420000e+02 | 2.420000e+02 |   0.00%| unknown

SCIP Status        : problem is solved [optimal solution found]
Solving Time (sec) : 0.01
Solving Nodes      : 1
Primal Bound       : +2.42000000000000e+02 (5 solutions)
Dual Bound         : +2.42000000000000e+02
Gap                : 0.00 %
feasible solution found by trivial heuristic after 0.1 seconds, objective value -2.000006e+06
presolving:
(round 1, fast)       0 del vars, 0 del conss, 0 add conss, 40 chg bounds, 0 chg sides, 0 chg coeffs, 0 upgd conss, 0 impls, 0 clqs, 0 implints
   (0.4s) running MILP presolver
   (0.4s) MILP presolver (2 rounds): 0 aggregations, 0 fixings, 0 bound changes
(round 2, exhaustive) 0 del vars, 816 del conss, 0 add conss, 40 chg bounds, 0 chg sides, 0 chg coeffs, 0 upgd conss, 0 impls, 0 clqs, 0 implints
   (0.8s) symmetry computation started: requiring (bin +, int +, cont +), (fixed: bin -, int -, cont -)
   (0.9s) no symmetry present (symcode time: 0.01)
presolving (3 rounds: 3 fast, 2 medium, 2 exhaustive):
 0 deleted vars, 816 deleted constraints, 0 added constraints, 40 tightened bounds, 0 added holes, 0 changed sides, 0 changed coefficients
 0 implications, 0 cliques, 0 implied integral variables (0 bin, 0 int, 0 cont)
presolved problem has 173 variables (0 bin, 0 int, 173 cont) and 3876 constraints
   3876 constraints of type <linear>
Presolving Time: 0.87

 time | node  | left  |LP iter|LP it/n|mem/heur|mdpt |vars |cons |rows |cuts |sepa|confs|strbr|  dualbound   | primalbound  |  gap   | compl. 
t 0.9s|     1 |     0 |     0 |     - | trivial|   0 | 173 |3876 |   0 |   0 |  0 |   0 |   0 | 2.520000e+02 |-1.536000e+03 |    Inf | unknown
* 1.1s|     1 |     0 |   331 |     - |    LP  |   0 | 173 |3876 |3876 |   0 |  0 |   0 |   0 |-2.788922e+02 |-2.788922e+02 |   0.00%| unknown
  1.1s|     1 |     0 |   331 |     - |   281M |   0 | 173 |3876 |3876 |   0 |  0 |   0 |   0 |-2.788922e+02 |-2.788922e+02 |   0.00%| unknown

SCIP Status        : problem is solved [optimal solution found]
Solving Time (sec) : 1.08
Solving Nodes      : 1
Primal Bound       : -2.78892156862745e+02 (3 solutions)
Dual Bound         : -2.78892156862745e+02
Gap                : 0.00 %
feasible solution found by trivial heuristic after 0.0 seconds, objective value -2.000006e+06
presolving:
(round 1, fast)       0 del vars, 0 del conss, 0 add conss, 40 chg bounds, 0 chg sides, 0 chg coeffs, 0 upgd conss, 0 impls, 0 clqs, 0 implints
   (0.3s) running MILP presolver
   (0.4s) MILP presolver (2 rounds): 0 aggregations, 0 fixings, 0 bound changes
(round 2, exhaustive) 0 del vars, 816 del conss, 0 add conss, 40 chg bounds, 0 chg sides, 0 chg coeffs, 0 upgd conss, 0 impls, 0 clqs, 0 implints
   (0.8s) probing: 51/153 (33.3%) - 0 fixings, 0 aggregations, 0 implications, 0 bound changes
   (0.8s) probing aborted: 50/50 successive totally useless probings
   (0.8s) symmetry computation started: requiring (bin +, int +, cont +), (fixed: bin -, int -, cont -)
   (0.9s) no symmetry present (symcode time: 0.01)
presolving (3 rounds: 3 fast, 2 medium, 2 exhaustive):
 0 deleted vars, 816 deleted constraints, 0 added constraints, 40 tightened bounds, 0 added holes, 0 changed sides, 0 changed coefficients
 0 implications, 0 cliques, 0 implied integral variables (0 bin, 0 int, 0 cont)
presolved problem has 173 variables (153 bin, 0 int, 20 cont) and 3876 constraints
   3876 constraints of type <linear>
Presolving Time: 0.92

 time | node  | left  |LP iter|LP it/n|mem/heur|mdpt |vars |cons |rows |cuts |sepa|confs|strbr|  dualbound   | primalbound  |  gap   | compl. 
t 0.9s|     1 |     0 |     0 |     - | trivial|   0 | 173 |3876 |   0 |   0 |  0 |   0 |   0 | 2.520000e+02 |-1.536000e+03 |    Inf | unknown
p 1.2s|     1 |     0 |    20 |     - |   locks|   0 | 173 |3876 |3876 |   0 |  0 |   0 |   0 | 2.520000e+02 |-4.954216e+02 |    Inf | unknown
* 1.3s|     1 |     0 |   351 |     - |    LP  |   0 | 173 |3876 |3876 |   0 |  0 |   0 |   0 |-2.788922e+02 |-2.788922e+02 |   0.00%| unknown
  1.3s|     1 |     0 |   351 |     - |   282M |   0 | 173 |3876 |3876 |   0 |  0 |   0 |   0 |-2.788922e+02 |-2.788922e+02 |   0.00%| unknown

SCIP Status        : problem is solved [optimal solution found]
Solving Time (sec) : 1.27
Solving Nodes      : 1
Primal Bound       : -2.78892156862745e+02 (4 solutions)
Dual Bound         : -2.78892156862745e+02
Gap                : 0.00 %
feasible solution found by trivial heuristic after 0.0 seconds, objective value 0.000000e+00
presolving:
   (0.0s) symmetry computation started: requiring (bin +, int +, cont +), (fixed: bin -, int -, cont -)
   (0.0s) symmetry computation finished: 19 generators found (max: 1500, log10 of symmetry group size: 18.39) (symcode time: 0.00)
dynamic symmetry handling statistics:
   orbitopal reduction:       no components
   orbital reduction:         no components
   lexicographic reduction:   no permutations
handled 1 out of 1 symmetry components
presolving (0 rounds: 0 fast, 0 medium, 0 exhaustive):
 0 deleted vars, 0 deleted constraints, 0 added constraints, 0 tightened bounds, 0 added holes, 0 changed sides, 0 changed coefficients
 0 implications, 0 cliques, 0 implied integral variables (0 bin, 0 int, 0 cont)
presolved problem has 173 variables (153 bin, 0 int, 20 cont) and 1651 constraints
   1651 constraints of type <linear>
Presolving Time: 0.00
transformed 2/2 original solutions to the transformed problem space

 time | node  | left  |LP iter|LP it/n|mem/heur|mdpt |vars |cons |rows |cuts |sepa|confs|strbr|  dualbound   | primalbound  |  gap   | compl. 
p 0.0s|     1 |     0 |     0 |     - |   locks|   0 | 173 |1632 |1632 |   0 |  0 |   0 |   0 | 2.520000e+02 | 5.400000e+01 | 366.67%| unknown
i 0.0s|     1 |     0 |     0 |     - |  oneopt|   0 | 173 |1632 |1632 |   0 |  0 |   0 |   0 | 2.520000e+02 | 1.300000e+02 |  93.85%| unknown
* 0.0s|     1 |     0 |    26 |     - |    LP  |   0 | 173 |1632 |1632 |   0 |  0 |   0 |   0 | 2.420000e+02 | 2.420000e+02 |   0.00%| unknown
  0.0s|     1 |     0 |    26 |     - |  8027k |   0 | 173 |1632 |1632 |   0 |  0 |   0 |   0 | 2.420000e+02 | 2.420000e+02 |   0.00%| unknown

SCIP Status        : problem is solved [optimal solution found]
Solving Time (sec) : 0.01
Solving Nodes      : 1
Primal Bound       : +2.42000000000000e+02 (6 solutions)
Dual Bound         : +2.42000000000000e+02
Gap                : 0.00 %
  [linear] <c1633>: <x154>[C] (+0) -0.565359477<x1>[B] (+0) -0.565359477<x2>[B] (+0) -0.565359477<x3>[B] (+0) -0.565359477<x4>[B] (+0) -0.565359477<x5>[B] (+0) -0.565359477<x6>[B] (+0) -0.565359477<x7>[B] (+0) -0.565359477<x8>[B] (+0) -0.565359477<x9>[B] (+0) -0.565359477<x10>[B] (+0) -0.565359477<x11>[B] (+0) -0.565359477<x12>[B] (+0) -0.565359477<x13>[B] (+0) +0.565359477<x14>[B] (+0) -0.565359477<x15>[B] (+0) +0.565359477<x16>[B] (+0) -0.565359477<x17>[B] (+0) +0.565359477<x18>[B] (+0) +0.565359477<x19>[B] (+0) +0.565359477<x20>[B] (+0) +0.565359477<x21>[B] (+0) +0.565359477<x22>[B] (+0) +0.565359477<x23>[B] (+0) +0.565359477<x24>[B] (+0) +0.565359477<x25>[B] (+0) +0.565359477<x26>[B] (+0) +0.565359477<x27>[B] (+0) +0.565359477<x28>[B] (+0) +0.565359477<x29>[B] (+0) +0.565359477<x30>[B] (+0) +0.565359477<x31>[B] (+0) +0.565359477<x32>[B] (+0) +0.565359477<x33>[B] (+0) +0.565359477<x34>[B] (+1) -0.565359477<x35>[B] (+1) -0.565359477<x36>[B] (+1) -0.565359477<x37>[B] (+1) -0.565359477<x38>[B] (+1) -0.565359477<x39>[B] (+1) -0.565359477<x40>[B] (+1) +0.565359477<x41>[B] (+1) -0.565359477<x42>[B] (+1) -0.565359477<x43>[B] (+1) -0.565359477<x44>[B] (+1) +0.565359477<x45>[B] (+1) -0.565359477<x46>[B] (+1) +0.565359477<x47>[B] (+0) -0.565359477<x48>[B] (+1) -0.565359477<x49>[B] (+1) -0.565359477<x50>[B] (+1) -0.565359477<x51>[B] (+1) -0.565359477<x52>[B] (+1) -0.565359477<x53>[B] (+1) -0.565359477<x54>[B] (+0) -0.565359477<x55>[B] (+1) -0.565359477<x56>[B] (+1) -0.565359477<x57>[B] (+1) -0.565359477<x58>[B] (+1) +0.565359477<x59>[B] (+1) -0.565359477<x60>[B] (+1) +0.565359477<x61>[B] (+0) -0.565359477<x62>[B] (+1) +0.565359477<x63>[B] (+0) +0.565359477<x64>[B] (+1) -0.565359477<x65>[B] (+0) -0.565359477<x66>[B] (+0) -0.565359477<x67>[B] (+0) +0.565359477<x68>[B] (+0) +0.565359477<x69>[B] (+0) -0.565359477<x70>[B] (+1) -0.565359477<x71>[B] (+1) +0.565359477<x72>[B] (+1) -0.565359477<x73>[B] (+1) +0.565359477<x74>[B] (+0) +0.565359477<x75>[B] (+0) -0.565359477<x76>[B] (+1) -0.565359477<x77>[B] (+0) -0.565359477<x78>[B] (+0) -0.565359477<x79>[B] (+0) +0.565359477<x80>[B] (+1) -0.565359477<x81>[B] (+1) -0.565359477<x82>[B] (+1) -0.565359477<x83>[B] (+1) +0.565359477<x84>[B] (+1) -0.565359477<x85>[B] (+1) +0.565359477<x86>[B] (+0) -0.565359477<x87>[B] (+1) -0.565359477<x88>[B] (+0) -0.565359477<x89>[B] (+0) -0.565359477<x90>[B] (+0) +0.565359477<x91>[B] (+0) +0.565359477<x92>[B] (+0) -0.565359477<x93>[B] (+1) -0.565359477<x94>[B] (+1) +0.565359477<x95>[B] (+1) -0.565359477<x96>[B] (+1) +0.565359477<x97>[B] (+0) -0.565359477<x98>[B] (+0) -0.565359477<x99>[B] (+1) +0.565359477<x100>[B] (+0) +0.565359477<x101>[B] (+1) +0.565359477<x102>[B] (+1) +0.565359477<x103>[B] (+1) +0.565359477<x104>[B] (+1) +0.565359477<x105>[B] (+1) +0.565359477<x106>[B] (+1) +0.565359477<x107>[B] (+0) +0.565359477<x108>[B] (+1) +0.565359477<x109>[B] (+0) +0.565359477<x110>[B] (+1) +0.565359477<x111>[B] (+1) +0.565359477<x112>[B] (+1) +0.565359477<x113>[B] (+1) +0.565359477<x114>[B] (+1) +0.565359477<x115>[B] (+1) +0.565359477<x116>[B] (+0) +0.565359477<x117>[B] (+1) +0.565359477<x118>[B] (+1) +0.565359477<x119>[B] (+1) +0.565359477<x120>[B] (+1) +0.565359477<x121>[B] (+1) +0.565359477<x122>[B] (+1) +0.565359477<x123>[B] (+1) +0.565359477<x124>[B] (+0) +0.565359477<x125>[B] (+1) -0.565359477<x126>[B] (+1) -0.565359477<x127>[B] (+1) -0.565359477<x128>[B] (+1) +0.565359477<x129>[B] (+1) -0.565359477<x130>[B] (+1) +0.565359477<x131>[B] (+0) -0.565359477<x132>[B] (+0) -0.565359477<x133>[B] (+1) -0.565359477<x134>[B] (+1) +0.565359477<x135>[B] (+1) -0.565359477<x136>[B] (+1) +0.565359477<x137>[B] (+0) -0.565359477<x138>[B] (+0) -0.565359477<x139>[B] (+1) +0.565359477<x140>[B] (+1) +0.565359477<x141>[B] (+1) +0.565359477<x142>[B] (+0) +0.565359477<x143>[B] (+0) +0.565359477<x144>[B] (+1) +0.565359477<x145>[B] (+1) +0.565359477<x146>[B] (+0) +0.565359477<x147>[B] (+0) -0.565359477<x148>[B] (+0) +0.565359477<x149>[B] (+0) -0.565359477<x150>[B] (+0) +0.565359477<x151>[B] (+0) +0.565359477<x152>[B] (+0) -0.565359477<x153>[B] (+1) >= 20.2124183006536;
;
violation: left hand side is violated by 24.7352941176471
  [linear] <c1633>: <x154>[C] (+0) -0.565359477<x1>[B] (+1) -0.565359477<x2>[B] (+0) -0.565359477<x3>[B] (+1) -0.565359477<x4>[B] (+1) -0.565359477<x5>[B] (+1) -0.565359477<x6>[B] (+1) -0.565359477<x7>[B] (+1) -0.565359477<x8>[B] (+1) -0.565359477<x9>[B] (+1) -0.565359477<x10>[B] (+1) -0.565359477<x11>[B] (+1) -0.565359477<x12>[B] (+1) -0.565359477<x13>[B] (+1) +0.565359477<x14>[B] (+1) -0.565359477<x15>[B] (+1) +0.565359477<x16>[B] (+0) -0.565359477<x17>[B] (+1) +0.565359477<x18>[B] (+0) +0.565359477<x19>[B] (+0) +0.565359477<x20>[B] (+0) +0.565359477<x21>[B] (+0) +0.565359477<x22>[B] (+1) +0.565359477<x23>[B] (+0) +0.565359477<x24>[B] (+0) +0.565359477<x25>[B] (+0) +0.565359477<x26>[B] (+0) +0.565359477<x27>[B] (+0) +0.565359477<x28>[B] (+0) +0.565359477<x29>[B] (+0) +0.565359477<x30>[B] (+0) +0.565359477<x31>[B] (+0) +0.565359477<x32>[B] (+0) +0.565359477<x33>[B] (+0) +0.565359477<x34>[B] (+1) -0.565359477<x35>[B] (+1) -0.565359477<x36>[B] (+1) -0.565359477<x37>[B] (+1) -0.565359477<x38>[B] (+1) -0.565359477<x39>[B] (+1) -0.565359477<x40>[B] (+1) +0.565359477<x41>[B] (+1) -0.565359477<x42>[B] (+1) -0.565359477<x43>[B] (+1) -0.565359477<x44>[B] (+1) +0.565359477<x45>[B] (+1) -0.565359477<x46>[B] (+1) +0.565359477<x47>[B] (+1) -0.565359477<x48>[B] (+1) -0.565359477<x49>[B] (+0) -0.565359477<x50>[B] (+0) -0.565359477<x51>[B] (+1) -0.565359477<x52>[B] (+0) -0.565359477<x53>[B] (+1) -0.565359477<x54>[B] (+0) -0.565359477<x55>[B] (+1) -0.565359477<x56>[B] (+1) -0.565359477<x57>[B] (+0) -0.565359477<x58>[B] (+1) +0.565359477<x59>[B] (+1) -0.565359477<x60>[B] (+1) +0.565359477<x61>[B] (+0) -0.565359477<x62>[B] (+1) +0.565359477<x63>[B] (+1) +0.565359477<x64>[B] (+1) -0.565359477<x65>[B] (+1) -0.565359477<x66>[B] (+1) -0.565359477<x67>[B] (+1) +0.565359477<x68>[B] (+1) +0.565359477<x69>[B] (+1) -0.565359477<x70>[B] (+1) -0.565359477<x71>[B] (+1) +0.565359477<x72>[B] (+1) -0.565359477<x73>[B] (+1) +0.565359477<x74>[B] (+0) +0.565359477<x75>[B] (+1) -0.565359477<x76>[B] (+1) -0.565359477<x77>[B] (+0) -0.565359477<x78>[B] (+1) -0.565359477<x79>[B] (+0) +0.565359477<x80>[B] (+1) -0.565359477<x81>[B] (+1) -0.565359477<x82>[B] (+0) -0.565359477<x83>[B] (+1) +0.565359477<x84>[B] (+1) -0.565359477<x85>[B] (+1) +0.565359477<x86>[B] (+0) -0.565359477<x87>[B] (+1) -0.565359477<x88>[B] (+0) -0.565359477<x89>[B] (+0) -0.565359477<x90>[B] (+0) +0.565359477<x91>[B] (+0) +0.565359477<x92>[B] (+0) -0.565359477<x93>[B] (+0) -0.565359477<x94>[B] (+0) +0.565359477<x95>[B] (+0) -0.565359477<x96>[B] (+0) +0.565359477<x97>[B] (+0) -0.565359477<x98>[B] (+0) -0.565359477<x99>[B] (+1) +0.565359477<x100>[B] (+1) +0.565359477<x101>[B] (+1) +0.565359477<x102>[B] (+1) +0.565359477<x103>[B] (+1) +0.565359477<x104>[B] (+1) +0.565359477<x105>[B] (+1) +0.565359477<x106>[B] (+1) +0.565359477<x107>[B] (+0) +0.565359477<x108>[B] (+1) +0.565359477<x109>[B] (+0) +0.565359477<x110>[B] (+1) +0.565359477<x111>[B] (+1) +0.565359477<x112>[B] (+0) +0.565359477<x113>[B] (+1) +0.565359477<x114>[B] (+1) +0.565359477<x115>[B] (+1) +0.565359477<x116>[B] (+0) +0.565359477<x117>[B] (+1) +0.565359477<x118>[B] (+1) +0.565359477<x119>[B] (+1) +0.565359477<x120>[B] (+0) +0.565359477<x121>[B] (+1) +0.565359477<x122>[B] (+1) +0.565359477<x123>[B] (+1) +0.565359477<x124>[B] (+0) +0.565359477<x125>[B] (+1) -0.565359477<x126>[B] (+1) -0.565359477<x127>[B] (+0) -0.565359477<x128>[B] (+1) +0.565359477<x129>[B] (+1) -0.565359477<x130>[B] (+1) +0.565359477<x131>[B] (+0) -0.565359477<x132>[B] (+0) -0.565359477<x133>[B] (+0) -0.565359477<x134>[B] (+0) +0.565359477<x135>[B] (+1) -0.565359477<x136>[B] (+1) +0.565359477<x137>[B] (+0) -0.565359477<x138>[B] (+0) -0.565359477<x139>[B] (+1) +0.565359477<x140>[B] (+1) +0.565359477<x141>[B] (+1) +0.565359477<x142>[B] (+0) +0.565359477<x143>[B] (+1) +0.565359477<x144>[B] (+1) +0.565359477<x145>[B] (+1) +0.565359477<x146>[B] (+0) +0.565359477<x147>[B] (+0) -0.565359477<x148>[B] (+0) +0.565359477<x149>[B] (+0) -0.565359477<x150>[B] (+0) +0.565359477<x151>[B] (+0) +0.565359477<x152>[B] (+0) -0.565359477<x153>[B] (+1) >= 20.2124183006536;
;
violation: left hand side is violated by 25.3006535947712
  [linear] <c1633>: <x154>[C] (+0) -0.565359477<x1>[B] (+1) -0.565359477<x2>[B] (+1) -0.565359477<x3>[B] (+1) -0.565359477<x4>[B] (+1) -0.565359477<x5>[B] (+1) -0.565359477<x6>[B] (+1) -0.565359477<x7>[B] (+1) -0.565359477<x8>[B] (+1) -0.565359477<x9>[B] (+1) -0.565359477<x10>[B] (+1) -0.565359477<x11>[B] (+1) -0.565359477<x12>[B] (+1) -0.565359477<x13>[B] (+1) +0.565359477<x14>[B] (+1) -0.565359477<x15>[B] (+1) +0.565359477<x16>[B] (+1) -0.565359477<x17>[B] (+1) +0.565359477<x18>[B] (+0) +0.565359477<x19>[B] (+0) +0.565359477<x20>[B] (+0) +0.565359477<x21>[B] (+0) +0.565359477<x22>[B] (+1) +0.565359477<x23>[B] (+0) +0.565359477<x24>[B] (+0) +0.565359477<x25>[B] (+0) +0.565359477<x26>[B] (+0) +0.565359477<x27>[B] (+1) +0.565359477<x28>[B] (+0) +0.565359477<x29>[B] (+0) +0.565359477<x30>[B] (+0) +0.565359477<x31>[B] (+0) +0.565359477<x32>[B] (+0) +0.565359477<x33>[B] (+0) +0.565359477<x34>[B] (+1) -0.565359477<x35>[B] (+1) -0.565359477<x36>[B] (+1) -0.565359477<x37>[B] (+1) -0.565359477<x38>[B] (+1) -0.565359477<x39>[B] (+1) -0.565359477<x40>[B] (+1) +0.565359477<x41>[B] (+1) -0.565359477<x42>[B] (+1) -0.565359477<x43>[B] (+1) -0.565359477<x44>[B] (+1) +0.565359477<x45>[B] (+1) -0.565359477<x46>[B] (+1) +0.565359477<x47>[B] (+1) -0.565359477<x48>[B] (+1) -0.565359477<x49>[B] (+0) -0.565359477<x50>[B] (+0) -0.565359477<x51>[B] (+1) -0.565359477<x52>[B] (+0) -0.565359477<x53>[B] (+0) -0.565359477<x54>[B] (+0) -0.565359477<x55>[B] (+0) -0.565359477<x56>[B] (+1) -0.565359477<x57>[B] (+0) -0.565359477<x58>[B] (+0) +0.565359477<x59>[B] (+1) -0.565359477<x60>[B] (+1) +0.565359477<x61>[B] (+0) -0.565359477<x62>[B] (+1) +0.565359477<x63>[B] (+1) +0.565359477<x64>[B] (+1) -0.565359477<x65>[B] (+1) -0.565359477<x66>[B] (+1) -0.565359477<x67>[B] (+1) +0.565359477<x68>[B] (+1) +0.565359477<x69>[B] (+1) -0.565359477<x70>[B] (+1) -0.565359477<x71>[B] (+1) +0.565359477<x72>[B] (+1) -0.565359477<x73>[B] (+1) +0.565359477<x74>[B] (+1) +0.565359477<x75>[B] (+1) -0.565359477<x76>[B] (+1) -0.565359477<x77>[B] (+1) -0.565359477<x78>[B] (+1) -0.565359477<x79>[B] (+1) +0.565359477<x80>[B] (+1) -0.565359477<x81>[B] (+1) -0.565359477<x82>[B] (+0) -0.565359477<x83>[B] (+1) +0.565359477<x84>[B] (+1) -0.565359477<x85>[B] (+1) +0.565359477<x86>[B] (+0) -0.565359477<x87>[B] (+1) -0.565359477<x88>[B] (+0) -0.565359477<x89>[B] (+0) -0.565359477<x90>[B] (+0) +0.565359477<x91>[B] (+0) +0.565359477<x92>[B] (+1) -0.565359477<x93>[B] (+0) -0.565359477<x94>[B] (+0) +0.565359477<x95>[B] (+0) -0.565359477<x96>[B] (+0) +0.565359477<x97>[B] (+0) -0.565359477<x98>[B] (+0) -0.565359477<x99>[B] (+1) +0.565359477<x100>[B] (+1) +0.565359477<x101>[B] (+1) +0.565359477<x102>[B] (+1) +0.565359477<x103>[B] (+0) +0.565359477<x104>[B] (+1) +0.565359477<x105>[B] (+1) +0.565359477<x106>[B] (+1) +0.565359477<x107>[B] (+0) +0.565359477<x108>[B] (+1) +0.565359477<x109>[B] (+1) +0.565359477<x110>[B] (+1) +0.565359477<x111>[B] (+1) +0.565359477<x112>[B] (+0) +0.565359477<x113>[B] (+1) +0.565359477<x114>[B] (+1) +0.565359477<x115>[B] (+1) +0.565359477<x116>[B] (+0) +0.565359477<x117>[B] (+1) +0.565359477<x118>[B] (+1) +0.565359477<x119>[B] (+1) +0.565359477<x120>[B] (+0) +0.565359477<x121>[B] (+1) +0.565359477<x122>[B] (+1) +0.565359477<x123>[B] (+1) +0.565359477<x124>[B] (+0) +0.565359477<x125>[B] (+1) -0.565359477<x126>[B] (+1) -0.565359477<x127>[B] (+0) -0.565359477<x128>[B] (+1) +0.565359477<x129>[B] (+1) -0.565359477<x130>[B] (+1) +0.565359477<x131>[B] (+0) -0.565359477<x132>[B] (+1) -0.565359477<x133>[B] (+0) -0.565359477<x134>[B] (+0) +0.565359477<x135>[B] (+0) -0.565359477<x136>[B] (+0) +0.565359477<x137>[B] (+0) -0.565359477<x138>[B] (+0) -0.565359477<x139>[B] (+1) +0.565359477<x140>[B] (+1) +0.565359477<x141>[B] (+1) +0.565359477<x142>[B] (+1) +0.565359477<x143>[B] (+1) +0.565359477<x144>[B] (+1) +0.565359477<x145>[B] (+1) +0.565359477<x146>[B] (+0) +0.565359477<x147>[B] (+1) -0.565359477<x148>[B] (+1) +0.565359477<x149>[B] (+0) -0.565359477<x150>[B] (+1) +0.565359477<x151>[B] (+0) +0.565359477<x152>[B] (+1) -0.565359477<x153>[B] (+1) >= 20.2124183006536;
;
violation: left hand side is violated by 23.0392156862745
  [linear] <c1633>: <x154>[C] (+0) -0.565359477<x1>[B] (+0) -0.565359477<x2>[B] (+0) -0.565359477<x3>[B] (+0) -0.565359477<x4>[B] (+0) -0.565359477<x5>[B] (+0) -0.565359477<x6>[B] (+0) -0.565359477<x7>[B] (+0) -0.565359477<x8>[B] (+0) -0.565359477<x9>[B] (+0) -0.565359477<x10>[B] (+0) -0.565359477<x11>[B] (+0) -0.565359477<x12>[B] (+0) -0.565359477<x13>[B] (+0) +0.565359477<x14>[B] (+0) -0.565359477<x15>[B] (+0) +0.565359477<x16>[B] (+0) -0.565359477<x17>[B] (+0) +0.565359477<x18>[B] (+0) +0.565359477<x19>[B] (+0) +0.565359477<x20>[B] (+0) +0.565359477<x21>[B] (+0) +0.565359477<x22>[B] (+0) +0.565359477<x23>[B] (+0) +0.565359477<x24>[B] (+0) +0.565359477<x25>[B] (+0) +0.565359477<x26>[B] (+0) +0.565359477<x27>[B] (+0) +0.565359477<x28>[B] (+0) +0.565359477<x29>[B] (+0) +0.565359477<x30>[B] (+0) +0.565359477<x31>[B] (+0) +0.565359477<x32>[B] (+0) +0.565359477<x33>[B] (+0) +0.565359477<x34>[B] (+0) -0.565359477<x35>[B] (+0) -0.565359477<x36>[B] (+0) -0.565359477<x37>[B] (+0) -0.565359477<x38>[B] (+0) -0.565359477<x39>[B] (+0) -0.565359477<x40>[B] (+0) +0.565359477<x41>[B] (+0) -0.565359477<x42>[B] (+0) -0.565359477<x43>[B] (+0) -0.565359477<x44>[B] (+0) +0.565359477<x45>[B] (+0) -0.565359477<x46>[B] (+0) +0.565359477<x47>[B] (+0) -0.565359477<x48>[B] (+0) -0.565359477<x49>[B] (+0) -0.565359477<x50>[B] (+0) -0.565359477<x51>[B] (+0) -0.565359477<x52>[B] (+0) -0.565359477<x53>[B] (+0) -0.565359477<x54>[B] (+0) -0.565359477<x55>[B] (+0) -0.565359477<x56>[B] (+0) -0.565359477<x57>[B] (+0) -0.565359477<x58>[B] (+0) +0.565359477<x59>[B] (+0) -0.565359477<x60>[B] (+0) +0.565359477<x61>[B] (+0) -0.565359477<x62>[B] (+0) +0.565359477<x63>[B] (+0) +0.565359477<x64>[B] (+0) -0.565359477<x65>[B] (+0) -0.565359477<x66>[B] (+0) -0.565359477<x67>[B] (+0) +0.565359477<x68>[B] (+0) +0.565359477<x69>[B] (+0) -0.565359477<x70>[B] (+0) -0.565359477<x71>[B] (+0) +0.565359477<x72>[B] (+0) -0.565359477<x73>[B] (+0) +0.565359477<x74>[B] (+0) +0.565359477<x75>[B] (+0) -0.565359477<x76>[B] (+0) -0.565359477<x77>[B] (+0) -0.565359477<x78>[B] (+0) -0.565359477<x79>[B] (+0) +0.565359477<x80>[B] (+0) -0.565359477<x81>[B] (+0) -0.565359477<x82>[B] (+0) -0.565359477<x83>[B] (+0) +0.565359477<x84>[B] (+0) -0.565359477<x85>[B] (+0) +0.565359477<x86>[B] (+0) -0.565359477<x87>[B] (+0) -0.565359477<x88>[B] (+0) -0.565359477<x89>[B] (+0) -0.565359477<x90>[B] (+0) +0.565359477<x91>[B] (+0) +0.565359477<x92>[B] (+0) -0.565359477<x93>[B] (+0) -0.565359477<x94>[B] (+0) +0.565359477<x95>[B] (+0) -0.565359477<x96>[B] (+0) +0.565359477<x97>[B] (+0) -0.565359477<x98>[B] (+0) -0.565359477<x99>[B] (+0) +0.565359477<x100>[B] (+0) +0.565359477<x101>[B] (+0) +0.565359477<x102>[B] (+0) +0.565359477<x103>[B] (+0) +0.565359477<x104>[B] (+0) +0.565359477<x105>[B] (+0) +0.565359477<x106>[B] (+0) +0.565359477<x107>[B] (+0) +0.565359477<x108>[B] (+0) +0.565359477<x109>[B] (+0) +0.565359477<x110>[B] (+0) +0.565359477<x111>[B] (+0) +0.565359477<x112>[B] (+0) +0.565359477<x113>[B] (+0) +0.565359477<x114>[B] (+0) +0.565359477<x115>[B] (+0) +0.565359477<x116>[B] (+0) +0.565359477<x117>[B] (+0) +0.565359477<x118>[B] (+0) +0.565359477<x119>[B] (+0) +0.565359477<x120>[B] (+0) +0.565359477<x121>[B] (+0) +0.565359477<x122>[B] (+0) +0.565359477<x123>[B] (+0) +0.565359477<x124>[B] (+0) +0.565359477<x125>[B] (+0) -0.565359477<x126>[B] (+0) -0.565359477<x127>[B] (+0) -0.565359477<x128>[B] (+0) +0.565359477<x129>[B] (+0) -0.565359477<x130>[B] (+0) +0.565359477<x131>[B] (+0) -0.565359477<x132>[B] (+0) -0.565359477<x133>[B] (+0) -0.565359477<x134>[B] (+0) +0.565359477<x135>[B] (+0) -0.565359477<x136>[B] (+0) +0.565359477<x137>[B] (+0) -0.565359477<x138>[B] (+0) -0.565359477<x139>[B] (+0) +0.565359477<x140>[B] (+0) +0.565359477<x141>[B] (+0) +0.565359477<x142>[B] (+0) +0.565359477<x143>[B] (+0) +0.565359477<x144>[B] (+0) +0.565359477<x145>[B] (+0) +0.565359477<x146>[B] (+0) +0.565359477<x147>[B] (+0) -0.565359477<x148>[B] (+0) +0.565359477<x149>[B] (+0) -0.565359477<x150>[B] (+0) +0.565359477<x151>[B] (+0) +0.565359477<x152>[B] (+0) -0.565359477<x153>[B] (+0) >= 20.2124183006536;
;
violation: left hand side is violated by 20.2124183006536
  [linear] <c1633>: <x154>[C] (+0) -0.565359477<x1>[B] (+1) -0.565359477<x2>[B] (+1) -0.565359477<x3>[B] (+1) -0.565359477<x4>[B] (+1) -0.565359477<x5>[B] (+1) -0.565359477<x6>[B] (+1) -0.565359477<x7>[B] (+1) -0.565359477<x8>[B] (+1) -0.565359477<x9>[B] (+1) -0.565359477<x10>[B] (+1) -0.565359477<x11>[B] (+1) -0.565359477<x12>[B] (+1) -0.565359477<x13>[B] (+1) +0.565359477<x14>[B] (+1) -0.565359477<x15>[B] (+1) +0.565359477<x16>[B] (+1) -0.565359477<x17>[B] (+1) +0.565359477<x18>[B] (+1) +0.565359477<x19>[B] (+1) +0.565359477<x20>[B] (+1) +0.565359477<x21>[B] (+1) +0.565359477<x22>[B] (+1) +0.565359477<x23>[B] (+1) +0.565359477<x24>[B] (+1) +0.565359477<x25>[B] (+1) +0.565359477<x26>[B] (+1) +0.565359477<x27>[B] (+1) +0.565359477<x28>[B] (+1) +0.565359477<x29>[B] (+1) +0.565359477<x30>[B] (+1) +0.565359477<x31>[B] (+1) +0.565359477<x32>[B] (+1) +0.565359477<x33>[B] (+1) +0.565359477<x34>[B] (+1) -0.565359477<x35>[B] (+1) -0.565359477<x36>[B] (+1) -0.565359477<x37>[B] (+1) -0.565359477<x38>[B] (+1) -0.565359477<x39>[B] (+1) -0.565359477<x40>[B] (+1) +0.565359477<x41>[B] (+1) -0.565359477<x42>[B] (+1) -0.565359477<x43>[B] (+1) -0.565359477<x44>[B] (+1) +0.565359477<x45>[B] (+1) -0.565359477<x46>[B] (+1) +0.565359477<x47>[B] (+1) -0.565359477<x48>[B] (+1) -0.565359477<x49>[B] (+1) -0.565359477<x50>[B] (+1) -0.565359477<x51>[B] (+1) -0.565359477<x52>[B] (+1) -0.565359477<x53>[B] (+1) -0.565359477<x54>[B] (+1) -0.565359477<x55>[B] (+1) -0.565359477<x56>[B] (+1) -0.565359477<x57>[B] (+1) -0.565359477<x58>[B] (+1) +0.565359477<x59>[B] (+1) -0.565359477<x60>[B] (+1) +0.565359477<x61>[B] (+1) -0.565359477<x62>[B] (+1) +0.565359477<x63>[B] (+1) +0.565359477<x64>[B] (+1) -0.565359477<x65>[B] (+1) -0.565359477<x66>[B] (+1) -0.565359477<x67>[B] (+1) +0.565359477<x68>[B] (+1) +0.565359477<x69>[B] (+1) -0.565359477<x70>[B] (+1) -0.565359477<x71>[B] (+1) +0.565359477<x72>[B] (+1) -0.565359477<x73>[B] (+1) +0.565359477<x74>[B] (+1) +0.565359477<x75>[B] (+1) -0.565359477<x76>[B] (+1) -0.565359477<x77>[B] (+1) -0.565359477<x78>[B] (+1) -0.565359477<x79>[B] (+1) +0.565359477<x80>[B] (+1) -0.565359477<x81>[B] (+1) -0.565359477<x82>[B] (+1) -0.565359477<x83>[B] (+1) +0.565359477<x84>[B] (+1) -0.565359477<x85>[B] (+1) +0.565359477<x86>[B] (+1) -0.565359477<x87>[B] (+1) -0.565359477<x88>[B] (+1) -0.565359477<x89>[B] (+1) -0.565359477<x90>[B] (+1) +0.565359477<x91>[B] (+1) +0.565359477<x92>[B] (+1) -0.565359477<x93>[B] (+1) -0.565359477<x94>[B] (+1) +0.565359477<x95>[B] (+1) -0.565359477<x96>[B] (+1) +0.565359477<x97>[B] (+1) -0.565359477<x98>[B] (+1) -0.565359477<x99>[B] (+1) +0.565359477<x100>[B] (+1) +0.565359477<x101>[B] (+1) +0.565359477<x102>[B] (+1) +0.565359477<x103>[B] (+1) +0.565359477<x104>[B] (+1) +0.565359477<x105>[B] (+1) +0.565359477<x106>[B] (+1) +0.565359477<x107>[B] (+1) +0.565359477<x108>[B] (+1) +0.565359477<x109>[B] (+1) +0.565359477<x110>[B] (+1) +0.565359477<x111>[B] (+1) +0.565359477<x112>[B] (+1) +0.565359477<x113>[B] (+1) +0.565359477<x114>[B] (+1) +0.565359477<x115>[B] (+1) +0.565359477<x116>[B] (+1) +0.565359477<x117>[B] (+1) +0.565359477<x118>[B] (+1) +0.565359477<x119>[B] (+1) +0.565359477<x120>[B] (+1) +0.565359477<x121>[B] (+1) +0.565359477<x122>[B] (+1) +0.565359477<x123>[B] (+1) +0.565359477<x124>[B] (+1) +0.565359477<x125>[B] (+1) -0.565359477<x126>[B] (+1) -0.565359477<x127>[B] (+1) -0.565359477<x128>[B] (+1) +0.565359477<x129>[B] (+1) -0.565359477<x130>[B] (+1) +0.565359477<x131>[B] (+1) -0.565359477<x132>[B] (+1) -0.565359477<x133>[B] (+1) -0.565359477<x134>[B] (+1) +0.565359477<x135>[B] (+1) -0.565359477<x136>[B] (+1) +0.565359477<x137>[B] (+1) -0.565359477<x138>[B] (+1) -0.565359477<x139>[B] (+1) +0.565359477<x140>[B] (+1) +0.565359477<x141>[B] (+1) +0.565359477<x142>[B] (+1) +0.565359477<x143>[B] (+1) +0.565359477<x144>[B] (+1) +0.565359477<x145>[B] (+1) +0.565359477<x146>[B] (+1) +0.565359477<x147>[B] (+1) -0.565359477<x148>[B] (+1) +0.565359477<x149>[B] (+1) -0.565359477<x150>[B] (+1) +0.565359477<x151>[B] (+1) +0.565359477<x152>[B] (+1) -0.565359477<x153>[B] (+1) >= 20.2124183006536;
;
violation: left hand side is violated by 17.3856209150327
1/6 feasible solution given by solution candidate storage, new primal bound -2.000006e+06

presolving:
   (0.0s) symmetry computation started: requiring (bin +, int +, cont +), (fixed: bin -, int -, cont -)
   (0.0s) no symmetry present (symcode time: 0.00)
presolving (0 rounds: 0 fast, 0 medium, 0 exhaustive):
 0 deleted vars, 0 deleted constraints, 0 added constraints, 0 tightened bounds, 0 added holes, 0 changed sides, 0 changed coefficients
 0 implications, 0 cliques, 0 implied integral variables (0 bin, 0 int, 0 cont)
presolved problem has 173 variables (153 bin, 0 int, 20 cont) and 1652 constraints
   1652 constraints of type <linear>
Presolving Time: 0.00
transformed 1/1 original solutions to the transformed problem space

 time | node  | left  |LP iter|LP it/n|mem/heur|mdpt |vars |cons |rows |cuts |sepa|confs|strbr|  dualbound   | primalbound  |  gap   | compl. 
p 0.0s|     1 |     0 |     6 |     - |   locks|   0 | 173 |1652 |1652 |   0 |  0 |   0 |   0 | 2.520000e+02 |-4.485033e+02 |    Inf | unknown
* 0.0s|     1 |     0 |   176 |     - |    LP  |   0 | 173 |1652 |1652 |   0 |  0 |   0 |   0 |-2.785458e+02 |-2.785458e+02 |   0.00%| unknown
  0.0s|     1 |     0 |   176 |     - |  9393k |   0 | 173 |1652 |1652 |   0 |  0 |   0 |   0 |-2.785458e+02 |-2.785458e+02 |   0.00%| unknown

SCIP Status        : problem is solved [optimal solution found]
Solving Time (sec) : 0.01
Solving Nodes      : 1
Primal Bound       : -2.78545751633987e+02 (4 solutions)
Dual Bound         : -2.78545751633987e+02
Gap                : 0.00 %
  [linear] <c1653>: <x154>[C] (+25.3006536) -0.571895425<x1>[B] (+0) -0.571895425<x2>[B] (+0) -0.571895425<x3>[B] (+0) -0.571895425<x4>[B] (+0) -0.571895425<x5>[B] (+0) -0.571895425<x6>[B] (+0) -0.571895425<x7>[B] (+0) -0.571895425<x8>[B] (+0) -0.571895425<x9>[B] (+0) -0.571895425<x10>[B] (+0) -0.571895425<x11>[B] (+0) -0.571895425<x12>[B] (+0) -0.571895425<x13>[B] (+0) +0.571895425<x14>[B] (+0) -0.571895425<x15>[B] (+0) +0.571895425<x16>[B] (+0) -0.571895425<x17>[B] (+0) +0.571895425<x18>[B] (+0) +0.571895425<x19>[B] (+0) +0.571895425<x20>[B] (+0) +0.571895425<x21>[B] (+0) +0.571895425<x22>[B] (+0) +0.571895425<x23>[B] (+0) +0.571895425<x24>[B] (+0) +0.571895425<x25>[B] (+0) +0.571895425<x26>[B] (+0) +0.571895425<x27>[B] (+0) +0.571895425<x28>[B] (+0) +0.571895425<x29>[B] (+0) +0.571895425<x30>[B] (+0) +0.571895425<x31>[B] (+0) +0.571895425<x32>[B] (+0) +0.571895425<x33>[B] (+0) +0.571895425<x34>[B] (+1) -0.571895425<x35>[B] (+1) -0.571895425<x36>[B] (+1) -0.571895425<x37>[B] (+1) -0.571895425<x38>[B] (+1) -0.571895425<x39>[B] (+1) -0.571895425<x40>[B] (+1) +0.571895425<x41>[B] (+1) -0.571895425<x42>[B] (+1) -0.571895425<x43>[B] (+1) -0.571895425<x44>[B] (+1) +0.571895425<x45>[B] (+1) -0.571895425<x46>[B] (+1) +0.571895425<x47>[B] (+1) -0.571895425<x48>[B] (+1) -0.571895425<x49>[B] (+1) -0.571895425<x50>[B] (+1) -0.571895425<x51>[B] (+1) -0.571895425<x52>[B] (+1) -0.571895425<x53>[B] (+1) -0.571895425<x54>[B] (+0) -0.571895425<x55>[B] (+1) -0.571895425<x56>[B] (+1) -0.571895425<x57>[B] (+1) -0.571895425<x58>[B] (+1) +0.571895425<x59>[B] (+1) -0.571895425<x60>[B] (+1) +0.571895425<x61>[B] (+0) -0.571895425<x62>[B] (+1) +0.571895425<x63>[B] (+0) +0.571895425<x64>[B] (+1) -0.571895425<x65>[B] (+0) -0.571895425<x66>[B] (+0) -0.571895425<x67>[B] (+0) +0.571895425<x68>[B] (+0) +0.571895425<x69>[B] (+1) -0.571895425<x70>[B] (+1) -0.571895425<x71>[B] (+1) +0.571895425<x72>[B] (+1) -0.571895425<x73>[B] (+1) +0.571895425<x74>[B] (+0) +0.571895425<x75>[B] (+0) -0.571895425<x76>[B] (+1) -0.571895425<x77>[B] (+0) -0.571895425<x78>[B] (+0) -0.571895425<x79>[B] (+0) +0.571895425<x80>[B] (+1) -0.571895425<x81>[B] (+1) -0.571895425<x82>[B] (+1) -0.571895425<x83>[B] (+1) +0.571895425<x84>[B] (+1) -0.571895425<x85>[B] (+1) +0.571895425<x86>[B] (+0) -0.571895425<x87>[B] (+1) -0.571895425<x88>[B] (+0) -0.571895425<x89>[B] (+0) -0.571895425<x90>[B] (+0) +0.571895425<x91>[B] (+0) +0.571895425<x92>[B] (+0) -0.571895425<x93>[B] (+1) -0.571895425<x94>[B] (+1) +0.571895425<x95>[B] (+1) -0.571895425<x96>[B] (+1) +0.571895425<x97>[B] (+0) -0.571895425<x98>[B] (+0) -0.571895425<x99>[B] (+1) +0.571895425<x100>[B] (+0) +0.571895425<x101>[B] (+1) +0.571895425<x102>[B] (+1) +0.571895425<x103>[B] (+1) +0.571895425<x104>[B] (+1) +0.571895425<x105>[B] (+1) +0.571895425<x106>[B] (+1) +0.571895425<x107>[B] (+0) +0.571895425<x108>[B] (+1) +0.571895425<x109>[B] (+0) +0.571895425<x110>[B] (+1) +0.571895425<x111>[B] (+1) +0.571895425<x112>[B] (+1) +0.571895425<x113>[B] (+1) +0.571895425<x114>[B] (+1) +0.571895425<x115>[B] (+1) +0.571895425<x116>[B] (+0) +0.571895425<x117>[B] (+1) +0.571895425<x118>[B] (+1) +0.571895425<x119>[B] (+1) +0.571895425<x120>[B] (+1) +0.571895425<x121>[B] (+1) +0.571895425<x122>[B] (+1) +0.571895425<x123>[B] (+1) +0.571895425<x124>[B] (+0) +0.571895425<x125>[B] (+1) -0.571895425<x126>[B] (+1) -0.571895425<x127>[B] (+1) -0.571895425<x128>[B] (+1) +0.571895425<x129>[B] (+1) -0.571895425<x130>[B] (+1) +0.571895425<x131>[B] (+0) -0.571895425<x132>[B] (+0) -0.571895425<x133>[B] (+1) -0.571895425<x134>[B] (+1) +0.571895425<x135>[B] (+1) -0.571895425<x136>[B] (+1) +0.571895425<x137>[B] (+0) -0.571895425<x138>[B] (+0) -0.571895425<x139>[B] (+1) +0.571895425<x140>[B] (+1) +0.571895425<x141>[B] (+0) +0.571895425<x142>[B] (+0) +0.571895425<x143>[B] (+0) +0.571895425<x144>[B] (+0) +0.571895425<x145>[B] (+0) +0.571895425<x146>[B] (+0) +0.571895425<x147>[B] (+0) -0.571895425<x148>[B] (+0) +0.571895425<x149>[B] (+0) -0.571895425<x150>[B] (+0) +0.571895425<x151>[B] (+0) +0.571895425<x152>[B] (+0) -0.571895425<x153>[B] (+1) >= 20.1601307189542;
;
violation: left hand side is violated by 0.00653594771241472
  [linear] <c1654>: <x156>[C] (+16.1732026) +0.58496732<x1>[B] (+1) +0.58496732<x2>[B] (+1) +0.58496732<x3>[B] (+1) +0.58496732<x4>[B] (+1) +0.58496732<x5>[B] (+1) +0.58496732<x6>[B] (+1) +0.58496732<x7>[B] (+1) +0.58496732<x8>[B] (+1) +0.58496732<x9>[B] (+1) +0.58496732<x10>[B] (+1) +0.58496732<x11>[B] (+1) +0.58496732<x12>[B] (+1) +0.58496732<x13>[B] (+1) +0.58496732<x14>[B] (+1) +0.58496732<x15>[B] (+1) +0.58496732<x16>[B] (+1) +0.58496732<x17>[B] (+1) +0.58496732<x18>[B] (+1) -0.58496732<x19>[B] (+1) -0.58496732<x20>[B] (+1) -0.58496732<x21>[B] (+1) +0.58496732<x22>[B] (+0) -0.58496732<x23>[B] (+1) +0.58496732<x24>[B] (+1) +0.58496732<x25>[B] (+1) -0.58496732<x26>[B] (+1) +0.58496732<x27>[B] (+1) +0.58496732<x28>[B] (+1) -0.58496732<x29>[B] (+1) -0.58496732<x30>[B] (+1) -0.58496732<x31>[B] (+1) -0.58496732<x32>[B] (+1) -0.58496732<x33>[B] (+1) -0.58496732<x34>[B] (+0) -0.58496732<x35>[B] (+0) -0.58496732<x36>[B] (+0) +0.58496732<x37>[B] (+0) -0.58496732<x38>[B] (+0) +0.58496732<x39>[B] (+0) +0.58496732<x40>[B] (+0) -0.58496732<x41>[B] (+0) +0.58496732<x42>[B] (+0) -0.58496732<x43>[B] (+0) -0.58496732<x44>[B] (+0) -0.58496732<x45>[B] (+0) -0.58496732<x46>[B] (+0) -0.58496732<x47>[B] (+1) -0.58496732<x48>[B] (+0) -0.58496732<x49>[B] (+0) -0.58496732<x50>[B] (+1) +0.58496732<x51>[B] (+0) -0.58496732<x52>[B] (+0) +0.58496732<x53>[B] (+0) +0.58496732<x54>[B] (+0) -0.58496732<x55>[B] (+0) +0.58496732<x56>[B] (+0) +0.58496732<x57>[B] (+1) -0.58496732<x58>[B] (+0) -0.58496732<x59>[B] (+0) -0.58496732<x60>[B] (+0) -0.58496732<x61>[B] (+1) -0.58496732<x62>[B] (+0) -0.58496732<x63>[B] (+1) +0.58496732<x64>[B] (+0) -0.58496732<x65>[B] (+1) +0.58496732<x66>[B] (+1) +0.58496732<x67>[B] (+1) -0.58496732<x68>[B] (+1) +0.58496732<x69>[B] (+1) +0.58496732<x70>[B] (+1) -0.58496732<x71>[B] (+1) -0.58496732<x72>[B] (+1) -0.58496732<x73>[B] (+1) -0.58496732<x74>[B] (+1) -0.58496732<x75>[B] (+1) +0.58496732<x76>[B] (+0) +0.58496732<x77>[B] (+0) +0.58496732<x78>[B] (+0) +0.58496732<x79>[B] (+0) +0.58496732<x80>[B] (+0) +0.58496732<x81>[B] (+0) +0.58496732<x82>[B] (+1) +0.58496732<x83>[B] (+0) +0.58496732<x84>[B] (+0) +0.58496732<x85>[B] (+0) -0.58496732<x86>[B] (+1) +0.58496732<x87>[B] (+0) -0.58496732<x88>[B] (+1) +0.58496732<x89>[B] (+1) +0.58496732<x90>[B] (+1) -0.58496732<x91>[B] (+1) +0.58496732<x92>[B] (+1) -0.58496732<x93>[B] (+1) -0.58496732<x94>[B] (+1) -0.58496732<x95>[B] (+1) -0.58496732<x96>[B] (+1) -0.58496732<x97>[B] (+1) -0.58496732<x98>[B] (+1) +0.58496732<x99>[B] (+0) +0.58496732<x100>[B] (+1) +0.58496732<x101>[B] (+1) +0.58496732<x102>[B] (+0) +0.58496732<x103>[B] (+1) -0.58496732<x104>[B] (+0) -0.58496732<x105>[B] (+0) -0.58496732<x106>[B] (+0) -0.58496732<x107>[B] (+1) -0.58496732<x108>[B] (+0) +0.58496732<x109>[B] (+1) -0.58496732<x110>[B] (+1) +0.58496732<x111>[B] (+0) -0.58496732<x112>[B] (+1) -0.58496732<x113>[B] (+0) -0.58496732<x114>[B] (+0) -0.58496732<x115>[B] (+0) -0.58496732<x116>[B] (+1) -0.58496732<x117>[B] (+0) -0.58496732<x118>[B] (+1) -0.58496732<x119>[B] (+0) -0.58496732<x120>[B] (+1) -0.58496732<x121>[B] (+0) -0.58496732<x122>[B] (+0) -0.58496732<x123>[B] (+0) -0.58496732<x124>[B] (+1) -0.58496732<x125>[B] (+0) +0.58496732<x126>[B] (+0) +0.58496732<x127>[B] (+1) -0.58496732<x128>[B] (+0) -0.58496732<x129>[B] (+0) -0.58496732<x130>[B] (+0) -0.58496732<x131>[B] (+1) -0.58496732<x132>[B] (+0) -0.58496732<x133>[B] (+1) -0.58496732<x134>[B] (+1) -0.58496732<x135>[B] (+0) -0.58496732<x136>[B] (+1) -0.58496732<x137>[B] (+1) -0.58496732<x138>[B] (+1) -0.58496732<x139>[B] (+0) -0.58496732<x140>[B] (+0) -0.58496732<x141>[B] (+0) -0.58496732<x142>[B] (+1) -0.58496732<x143>[B] (+0) -0.58496732<x144>[B] (+0) -0.58496732<x145>[B] (+1) -0.58496732<x146>[B] (+1) +0.58496732<x147>[B] (+1) +0.58496732<x148>[B] (+1) -0.58496732<x149>[B] (+1) +0.58496732<x150>[B] (+1) -0.58496732<x151>[B] (+1) +0.58496732<x152>[B] (+1) +0.58496732<x153>[B] (+0) >= 11.8464052287582;
;
violation: left hand side is violated by 0.352941176470598
2/4 feasible solutions given by solution candidate storage, new primal bound -2.000006e+06

presolving:
   (0.0s) symmetry computation started: requiring (bin +, int +, cont +), (fixed: bin -, int -, cont -)
   (0.0s) no symmetry present (symcode time: 0.00)
presolving (0 rounds: 0 fast, 0 medium, 0 exhaustive):
 0 deleted vars, 0 deleted constraints, 0 added constraints, 0 tightened bounds, 0 added holes, 0 changed sides, 0 changed coefficients
 0 implications, 0 cliques, 0 implied integral variables (0 bin, 0 int, 0 cont)
presolved problem has 173 variables (153 bin, 0 int, 20 cont) and 1666 constraints
   1666 constraints of type <linear>
Presolving Time: 0.00
transformed 2/2 original solutions to the transformed problem space

 time | node  | left  |LP iter|LP it/n|mem/heur|mdpt |vars |cons |rows |cuts |sepa|confs|strbr|  dualbound   | primalbound  |  gap   | compl. 
p 0.0s|     1 |     0 |     8 |     - |   locks|   0 | 173 |1666 |1666 |   0 |  0 |   0 |   0 | 2.520000e+02 |-4.688399e+02 |    Inf | unknown
* 0.0s|     1 |     0 |   180 |     - |    LP  |   0 | 173 |1666 |1666 |   0 |  0 |   0 |   0 |-2.788595e+02 |-2.788595e+02 |   0.00%| unknown
  0.0s|     1 |     0 |   180 |     - |    10M |   0 | 173 |1666 |1666 |   0 |  0 |   0 |   0 |-2.788595e+02 |-2.788595e+02 |   0.00%| unknown

SCIP Status        : problem is solved [optimal solution found]
Solving Time (sec) : 0.02
Solving Nodes      : 1
Primal Bound       : -2.78859477124183e+02 (4 solutions)
Dual Bound         : -2.78859477124183e+02
Gap                : 0.00 %
  [linear] <c1667>: <x154>[C] (+25.879085) -0.578431373<x1>[B] (+0) -0.578431373<x2>[B] (+0) -0.578431373<x3>[B] (+0) -0.578431373<x4>[B] (+0) -0.578431373<x5>[B] (+0) -0.578431373<x6>[B] (+0) -0.578431373<x7>[B] (+0) -0.578431373<x8>[B] (+0) -0.578431373<x9>[B] (+0) -0.578431373<x10>[B] (+0) -0.578431373<x11>[B] (+0) -0.578431373<x12>[B] (+0) -0.578431373<x13>[B] (+0) +0.578431373<x14>[B] (+0) -0.578431373<x15>[B] (+0) +0.578431373<x16>[B] (+0) -0.578431373<x17>[B] (+0) +0.578431373<x18>[B] (+0) +0.578431373<x19>[B] (+0) +0.578431373<x20>[B] (+0) +0.578431373<x21>[B] (+0) +0.578431373<x22>[B] (+0) +0.578431373<x23>[B] (+0) +0.578431373<x24>[B] (+0) +0.578431373<x25>[B] (+0) +0.578431373<x26>[B] (+0) +0.578431373<x27>[B] (+0) +0.578431373<x28>[B] (+0) +0.578431373<x29>[B] (+0) +0.578431373<x30>[B] (+0) +0.578431373<x31>[B] (+0) +0.578431373<x32>[B] (+0) +0.578431373<x33>[B] (+0) +0.578431373<x34>[B] (+1) -0.578431373<x35>[B] (+1) -0.578431373<x36>[B] (+1) -0.578431373<x37>[B] (+1) -0.578431373<x38>[B] (+1) -0.578431373<x39>[B] (+1) -0.578431373<x40>[B] (+1) +0.578431373<x41>[B] (+1) -0.578431373<x42>[B] (+1) -0.578431373<x43>[B] (+1) -0.578431373<x44>[B] (+1) +0.578431373<x45>[B] (+1) -0.578431373<x46>[B] (+1) +0.578431373<x47>[B] (+1) -0.578431373<x48>[B] (+1) -0.578431373<x49>[B] (+1) -0.578431373<x50>[B] (+1) -0.578431373<x51>[B] (+1) -0.578431373<x52>[B] (+1) -0.578431373<x53>[B] (+1) -0.578431373<x54>[B] (+0) -0.578431373<x55>[B] (+1) -0.578431373<x56>[B] (+1) -0.578431373<x57>[B] (+1) -0.578431373<x58>[B] (+1) +0.578431373<x59>[B] (+1) -0.578431373<x60>[B] (+1) +0.578431373<x61>[B] (+0) -0.578431373<x62>[B] (+1) +0.578431373<x63>[B] (+0) +0.578431373<x64>[B] (+1) -0.578431373<x65>[B] (+0) -0.578431373<x66>[B] (+0) -0.578431373<x67>[B] (+0) +0.578431373<x68>[B] (+9.05941988e-14) +0.578431373<x69>[B] (+9.05941988e-14) -0.578431373<x70>[B] (+1) -0.578431373<x71>[B] (+1) +0.578431373<x72>[B] (+1) -0.578431373<x73>[B] (+1) +0.578431373<x74>[B] (+0) +0.578431373<x75>[B] (+0) -0.578431373<x76>[B] (+1) -0.578431373<x77>[B] (+0) -0.578431373<x78>[B] (+0) -0.578431373<x79>[B] (+0) +0.578431373<x80>[B] (+1) -0.578431373<x81>[B] (+1) -0.578431373<x82>[B] (+1) -0.578431373<x83>[B] (+1) +0.578431373<x84>[B] (+1) -0.578431373<x85>[B] (+1) +0.578431373<x86>[B] (+0) -0.578431373<x87>[B] (+1) -0.578431373<x88>[B] (+0) -0.578431373<x89>[B] (+0) -0.578431373<x90>[B] (+0) +0.578431373<x91>[B] (+0) +0.578431373<x92>[B] (+0) -0.578431373<x93>[B] (+1) -0.578431373<x94>[B] (+1) +0.578431373<x95>[B] (+1) -0.578431373<x96>[B] (+1) +0.578431373<x97>[B] (+0) -0.578431373<x98>[B] (+0) -0.578431373<x99>[B] (+1) +0.578431373<x100>[B] (+0) +0.578431373<x101>[B] (+1) +0.578431373<x102>[B] (+1) +0.578431373<x103>[B] (+1) +0.578431373<x104>[B] (+1) +0.578431373<x105>[B] (+1) +0.578431373<x106>[B] (+1) +0.578431373<x107>[B] (+0) +0.578431373<x108>[B] (+1) +0.578431373<x109>[B] (+0) +0.578431373<x110>[B] (+1) +0.578431373<x111>[B] (+1) +0.578431373<x112>[B] (+1) +0.578431373<x113>[B] (+1) +0.578431373<x114>[B] (+1) +0.578431373<x115>[B] (+1) +0.578431373<x116>[B] (+0) +0.578431373<x117>[B] (+1) +0.578431373<x118>[B] (+1) +0.578431373<x119>[B] (+1) +0.578431373<x120>[B] (+1) +0.578431373<x121>[B] (+1) +0.578431373<x122>[B] (+1) +0.578431373<x123>[B] (+1) +0.578431373<x124>[B] (+0) +0.578431373<x125>[B] (+1) -0.578431373<x126>[B] (+1) -0.578431373<x127>[B] (+1) -0.578431373<x128>[B] (+1) +0.578431373<x129>[B] (+1) -0.578431373<x130>[B] (+1) +0.578431373<x131>[B] (+0) -0.578431373<x132>[B] (+0) -0.578431373<x133>[B] (+1) -0.578431373<x134>[B] (+1) +0.578431373<x135>[B] (+1) -0.578431373<x136>[B] (+1) +0.578431373<x137>[B] (+0) -0.578431373<x138>[B] (+0) -0.578431373<x139>[B] (+1) +0.578431373<x140>[B] (+1) +0.578431373<x141>[B] (+0) +0.578431373<x142>[B] (+0) +0.578431373<x143>[B] (+0) +0.578431373<x144>[B] (+0) +0.578431373<x145>[B] (+0) +0.578431373<x146>[B] (+0) +0.578431373<x147>[B] (+0) -0.578431373<x148>[B] (+0) +0.578431373<x149>[B] (+0) -0.578431373<x150>[B] (+0) +0.578431373<x151>[B] (+0) +0.578431373<x152>[B] (+0) -0.578431373<x153>[B] (+1) >= 20.1013071895425;
;
violation: left hand side is violated by 0.00653594771242538
  [linear] <c1670>: <x161>[C] (+21.3039216) -0.558823529<x1>[B] (+1) +0.558823529<x2>[B] (+1) -0.558823529<x3>[B] (+1) -0.558823529<x4>[B] (+1) -0.558823529<x5>[B] (+1) -0.558823529<x6>[B] (+1) -0.558823529<x7>[B] (+1) +0.558823529<x8>[B] (+1) -0.558823529<x9>[B] (+1) -0.558823529<x10>[B] (+1) -0.558823529<x11>[B] (+1) -0.558823529<x12>[B] (+1) -0.558823529<x13>[B] (+1) -0.558823529<x14>[B] (+1) -0.558823529<x15>[B] (+1) -0.558823529<x16>[B] (+1) -0.558823529<x17>[B] (+1) +0.558823529<x18>[B] (+1) +0.558823529<x19>[B] (+1) +0.558823529<x20>[B] (+1) +0.558823529<x21>[B] (+1) -0.558823529<x22>[B] (+1) -0.558823529<x23>[B] (+1) +0.558823529<x24>[B] (+1) +0.558823529<x25>[B] (+1) -0.558823529<x26>[B] (+1) +0.558823529<x27>[B] (+1) +0.558823529<x28>[B] (+1) +0.558823529<x29>[B] (+1) -0.558823529<x30>[B] (+1) -0.558823529<x31>[B] (+1) +0.558823529<x32>[B] (+1) -0.558823529<x33>[B] (+1) -0.558823529<x34>[B] (+0) -0.558823529<x35>[B] (+0) -0.558823529<x36>[B] (+0) -0.558823529<x37>[B] (+0) -0.558823529<x38>[B] (+0) -0.558823529<x39>[B] (+0) -0.558823529<x40>[B] (+0) -0.558823529<x41>[B] (+0) -0.558823529<x42>[B] (+0) -0.558823529<x43>[B] (+0) -0.558823529<x44>[B] (+0) -0.558823529<x45>[B] (+0) -0.558823529<x46>[B] (+0) -0.558823529<x47>[B] (+0) -0.558823529<x48>[B] (+0) +0.558823529<x49>[B] (+0) +0.558823529<x50>[B] (+0) -0.558823529<x51>[B] (+0) -0.558823529<x52>[B] (+0) +0.558823529<x53>[B] (+0) +0.558823529<x54>[B] (+1) -0.558823529<x55>[B] (+0) -0.558823529<x56>[B] (+0) +0.558823529<x57>[B] (+0) +0.558823529<x58>[B] (+0) -0.558823529<x59>[B] (+0) -0.558823529<x60>[B] (+0) +0.558823529<x61>[B] (+1) -0.558823529<x62>[B] (+0) -0.558823529<x63>[B] (+1) -0.558823529<x64>[B] (+1) -0.558823529<x65>[B] (+1) +0.558823529<x66>[B] (+1) -0.558823529<x67>[B] (+1) -0.558823529<x68>[B] (+1) -0.558823529<x69>[B] (+1) +0.558823529<x70>[B] (+1) -0.558823529<x71>[B] (+1) -0.558823529<x72>[B] (+1) -0.558823529<x73>[B] (+1) -0.558823529<x74>[B] (+1) -0.558823529<x75>[B] (+1) -0.558823529<x76>[B] (+0) -0.558823529<x77>[B] (+1) +0.558823529<x78>[B] (+0) -0.558823529<x79>[B] (+1) -0.558823529<x80>[B] (+1) -0.558823529<x81>[B] (+0) +0.558823529<x82>[B] (+0) -0.558823529<x83>[B] (+0) -0.558823529<x84>[B] (+0) -0.558823529<x85>[B] (+0) +0.558823529<x86>[B] (+1) -0.558823529<x87>[B] (+0) -0.558823529<x88>[B] (+1) +0.558823529<x89>[B] (+0) +0.558823529<x90>[B] (+1) +0.558823529<x91>[B] (+1) +0.558823529<x92>[B] (+1) +0.558823529<x93>[B] (+0) +0.558823529<x94>[B] (+0) +0.558823529<x95>[B] (+0) +0.558823529<x96>[B] (+0) +0.558823529<x97>[B] (+1) +0.558823529<x98>[B] (+1) +0.558823529<x99>[B] (+0) +0.558823529<x100>[B] (+1) +0.558823529<x101>[B] (+0) +0.558823529<x102>[B] (+0) +0.558823529<x103>[B] (+0) +0.558823529<x104>[B] (+0) +0.558823529<x105>[B] (+0) +0.558823529<x106>[B] (+0) +0.558823529<x107>[B] (+1) +0.558823529<x108>[B] (+0) -0.558823529<x109>[B] (+1) -0.558823529<x110>[B] (+1) -0.558823529<x111>[B] (+1) -0.558823529<x112>[B] (+1) -0.558823529<x113>[B] (+0) -0.558823529<x114>[B] (+1) -0.558823529<x115>[B] (+1) -0.558823529<x116>[B] (+1) -0.558823529<x117>[B] (+1) -0.558823529<x118>[B] (+0) -0.558823529<x119>[B] (+0) +0.558823529<x120>[B] (+0) -0.558823529<x121>[B] (+0) -0.558823529<x122>[B] (+0) -0.558823529<x123>[B] (+0) +0.558823529<x124>[B] (+0) -0.558823529<x125>[B] (+0) +0.558823529<x126>[B] (+0) +0.558823529<x127>[B] (+0) +0.558823529<x128>[B] (+0) +0.558823529<x129>[B] (+0) +0.558823529<x130>[B] (+0) +0.558823529<x131>[B] (+1) +0.558823529<x132>[B] (+0) +0.558823529<x133>[B] (+0) +0.558823529<x134>[B] (+0) -0.558823529<x135>[B] (+0) -0.558823529<x136>[B] (+0) +0.558823529<x137>[B] (+1) -0.558823529<x138>[B] (+1) -0.558823529<x139>[B] (+0) -0.558823529<x140>[B] (+0) -0.558823529<x141>[B] (+1) -0.558823529<x142>[B] (+1) -0.558823529<x143>[B] (+1) -0.558823529<x144>[B] (+1) -0.558823529<x145>[B] (+1) +0.558823529<x146>[B] (+1) -0.558823529<x147>[B] (+1) +0.558823529<x148>[B] (+1) +0.558823529<x149>[B] (+1) +0.558823529<x150>[B] (+1) +0.558823529<x151>[B] (+1) +0.558823529<x152>[B] (+1) -0.558823529<x153>[B] (+0) >= 10.7581699346405;
;
violation: left hand side is violated by 0.0718954248366046
2/4 feasible solutions given by solution candidate storage, new primal bound -2.000006e+06

presolving:
   (0.0s) symmetry computation started: requiring (bin +, int +, cont +), (fixed: bin -, int -, cont -)
   (0.0s) no symmetry present (symcode time: 0.00)
presolving (0 rounds: 0 fast, 0 medium, 0 exhaustive):
 0 deleted vars, 0 deleted constraints, 0 added constraints, 0 tightened bounds, 0 added holes, 0 changed sides, 0 changed coefficients
 0 implications, 0 cliques, 0 implied integral variables (0 bin, 0 int, 0 cont)
presolved problem has 173 variables (153 bin, 0 int, 20 cont) and 1678 constraints
   1678 constraints of type <linear>
Presolving Time: 0.00
transformed 2/2 original solutions to the transformed problem space

 time | node  | left  |LP iter|LP it/n|mem/heur|mdpt |vars |cons |rows |cuts |sepa|confs|strbr|  dualbound   | primalbound  |  gap   | compl. 
p 0.0s|     1 |     0 |     8 |     - |   locks|   0 | 173 |1678 |1678 |   0 |  0 |   0 |   0 | 2.520000e+02 |-4.728824e+02 |    Inf | unknown
  0.0s|     1 |     0 |   214 |     - |    11M |   0 | 173 |1678 |1678 |   0 |  0 |   0 |   0 |-2.788856e+02 |-4.728824e+02 |  69.56%| unknown
r 0.0s|     1 |     0 |   214 |     - |shifting|   0 | 173 |1678 |1678 |   0 |  0 |   0 |   0 |-2.788856e+02 |-2.835000e+02 |   1.65%| unknown
  0.0s|     1 |     0 |   219 |     - |    11M |   0 | 173 |1678 |1680 |   2 |  1 |   0 |   0 |-2.788873e+02 |-2.835000e+02 |   1.65%| unknown
  0.0s|     1 |     0 |   219 |     - |    11M |   0 | 173 |1678 |1680 |   2 |  1 |   0 |   0 |-2.788873e+02 |-2.835000e+02 |   1.65%| unknown
  0.0s|     1 |     0 |   219 |     - |    11M |   0 | 173 |1678 |1664 |   2 |  1 |   0 |   0 |-2.788873e+02 |-2.835000e+02 |   1.65%| unknown
  0.0s|     1 |     0 |   227 |     - |    12M |   0 | 173 |1678 |1665 |   3 |  2 |   0 |   0 |-2.788889e+02 |-2.835000e+02 |   1.65%| unknown
  0.1s|     1 |     0 |   235 |     - |    12M |   0 | 173 |1678 |1668 |   6 |  3 |   0 |   0 |-2.788919e+02 |-2.835000e+02 |   1.65%| unknown
  0.1s|     1 |     0 |   236 |     - |    13M |   0 | 173 |1678 |1669 |   7 |  4 |   0 |   0 |-2.788922e+02 |-2.835000e+02 |   1.65%| unknown
d 0.1s|     1 |     0 |   236 |     - |farkasdi|   0 | 173 |1662 |1669 |   0 |  5 |   0 |   0 |-2.788922e+02 |-2.788922e+02 |   0.00%| unknown
  0.1s|     1 |     0 |   236 |     - |    13M |   0 | 173 |1662 |1669 |   7 |  5 |   0 |   0 |-2.788922e+02 |-2.788922e+02 |   0.00%| unknown

SCIP Status        : problem is solved [optimal solution found]
Solving Time (sec) : 0.07
Solving Nodes      : 1
Primal Bound       : -2.78892156862745e+02 (8 solutions)
Dual Bound         : -2.78892156862745e+02
Gap                : 0.00 %
