Loading instance...
Median ranking: [15, 9, 6, 11, 18, 7, 19, 16, 4, 1, 5, 12, 10, 14, 2, 13, 8, 3, 17]
Mean ranking: [15, 9, 6, 11, 18, 7, 19, 16, 12, 4, 14, 1, 5, 13, 10, 2, 8, 3, 17]
Actual error: 0.0008628173536811001
Weighted Kendall distance: 70.0
Normalized distance: 0.03070175438596491
, 0 chg sides, 0 chg coeffs, 0 upgd conss, 0 impls, 0 clqs, 0 implints
   (0.0s) symmetry computation started: requiring (bin +, int +, cont +), (fixed: bin -, int -, cont -)
   (0.0s) no symmetry present (symcode time: 0.00)
presolving (2 rounds: 2 fast, 2 medium, 1 exhaustive):
 0 deleted vars, 1938 deleted constraints, 969 added constraints, 0 tightened bounds, 0 added holes, 0 changed sides, 0 changed coefficients
 0 implications, 0 cliques, 0 implied integral variables (0 bin, 0 int, 0 cont)
presolved problem has 171 variables (0 bin, 0 int, 171 cont) and 969 constraints
    969 constraints of type <linear>
Presolving Time: 0.01
transformed 3/3 original solutions to the transformed problem space

 time | node  | left  |LP iter|LP it/n|mem/heur|mdpt |vars |cons |rows |cuts |sepa|confs|strbr|  dualbound   | primalbound  |  gap   | compl. 
* 0.0s|     1 |     0 |    18 |     - |    LP  |   0 | 171 | 969 | 969 |   0 |  0 |   0 |   0 | 3.780000e+02 | 3.780000e+02 |   0.00%| unknown
  0.0s|     1 |     0 |    18 |     - |  6284k |   0 | 171 | 969 | 969 |   0 |  0 |   0 |   0 | 3.780000e+02 | 3.780000e+02 |   0.00%| unknown

SCIP Status        : problem is solved [optimal solution found]
Solving Time (sec) : 0.02
Solving Nodes      : 1
Primal Bound       : +3.78000000000000e+02 (4 solutions)
Dual Bound         : +3.78000000000000e+02
Gap                : 0.00 %
feasible solution found by trivial heuristic after 0.0 seconds, objective value 0.000000e+00
presolving:
   (0.0s) running MILP presolver
   (0.0s) MILP presolver (2 rounds): 0 aggregations, 0 fixings, 0 bound changes
(round 1, medium)     0 del vars, 1938 del conss, 969 add conss, 0 chg bounds, 0 chg sides, 0 chg coeffs, 0 upgd conss, 0 impls, 0 clqs, 0 implints
   (0.0s) probing: 51/171 (29.8%) - 0 fixings, 0 aggregations, 0 implications, 0 bound changes
   (0.0s) probing aborted: 50/50 successive totally useless probings
   (0.0s) symmetry computation started: requiring (bin +, int +, cont +), (fixed: bin -, int -, cont -)
   (0.0s) no symmetry present (symcode time: 0.00)
presolving (2 rounds: 2 fast, 2 medium, 1 exhaustive):
 0 deleted vars, 1938 deleted constraints, 969 added constraints, 0 tightened bounds, 0 added holes, 0 changed sides, 0 changed coefficients
 0 implications, 0 cliques, 0 implied integral variables (0 bin, 0 int, 0 cont)
presolved problem has 171 variables (171 bin, 0 int, 0 cont) and 969 constraints
    969 constraints of type <linear>
transformed objective value is always integral (scale: 2)
Presolving Time: 0.01
transformed 2/2 original solutions to the transformed problem space

 time | node  | left  |LP iter|LP it/n|mem/heur|mdpt |vars |cons |rows |cuts |sepa|confs|strbr|  dualbound   | primalbound  |  gap   | compl. 
p 0.0s|     1 |     0 |     0 |     - |   locks|   0 | 171 | 969 | 969 |   0 |  0 |   0 |   0 | 3.920000e+02 | 1.020000e+02 | 284.31%| unknown
i 0.0s|     1 |     0 |     0 |     - |  oneopt|   0 | 171 | 969 | 969 |   0 |  0 |   0 |   0 | 3.920000e+02 | 3.000000e+02 |  30.67%| unknown
* 0.0s|     1 |     0 |    20 |     - |    LP  |   0 | 171 | 969 | 969 |   0 |  0 |   0 |   0 | 3.780000e+02 | 3.780000e+02 |   0.00%| unknown
  0.0s|     1 |     0 |    20 |     - |  6450k |   0 | 171 | 969 | 969 |   0 |  0 |   0 |   0 | 3.780000e+02 | 3.780000e+02 |   0.00%| unknown

SCIP Status        : problem is solved [optimal solution found]
Solving Time (sec) : 0.02
Solving Nodes      : 1
Primal Bound       : +3.78000000000000e+02 (5 solutions)
Dual Bound         : +3.78000000000000e+02
Gap                : 0.00 %
feasible solution found by trivial heuristic after 0.1 seconds, objective value -4.000122e+06
presolving:
(round 1, fast)       0 del vars, 0 del conss, 0 add conss, 80 chg bounds, 0 chg sides, 0 chg coeffs, 0 upgd conss, 0 impls, 0 clqs, 0 implints
   (1.0s) running MILP presolver
   (1.1s) MILP presolver (2 rounds): 0 aggregations, 0 fixings, 0 bound changes
(round 2, exhaustive) 0 del vars, 969 del conss, 0 add conss, 80 chg bounds, 0 chg sides, 0 chg coeffs, 0 upgd conss, 0 impls, 0 clqs, 0 implints
   (2.0s) symmetry computation started: requiring (bin +, int +, cont +), (fixed: bin -, int -, cont -)
   (2.3s) no symmetry present (symcode time: 0.02)
presolving (3 rounds: 3 fast, 2 medium, 2 exhaustive):
 0 deleted vars, 969 deleted constraints, 0 added constraints, 80 tightened bounds, 0 added holes, 0 changed sides, 0 changed coefficients
 0 implications, 0 cliques, 0 implied integral variables (0 bin, 0 int, 0 cont)
presolved problem has 211 variables (0 bin, 0 int, 211 cont) and 7809 constraints
   7809 constraints of type <linear>
Presolving Time: 2.23

 time | node  | left  |LP iter|LP it/n|mem/heur|mdpt |vars |cons |rows |cuts |sepa|confs|strbr|  dualbound   | primalbound  |  gap   | compl. 
t 2.4s|     1 |     0 |     0 |     - | trivial|   0 | 211 |7809 |   0 |   0 |  0 |   0 |   0 | 3.920000e+02 |-3.542000e+03 |    Inf | unknown
* 2.8s|     1 |     0 |   634 |     - |    LP  |   0 | 211 |7809 |7809 |   0 |  0 |   0 |   0 |-7.292183e+02 |-7.292183e+02 |   0.00%| unknown
  2.8s|     1 |     0 |   634 |     - |   597M |   0 | 211 |7809 |7809 |   0 |  0 |   0 |   0 |-7.292183e+02 |-7.292183e+02 |   0.00%| unknown

SCIP Status        : problem is solved [optimal solution found]
Solving Time (sec) : 2.83
Solving Nodes      : 1
Primal Bound       : -7.29218323586745e+02 (3 solutions)
Dual Bound         : -7.29218323586745e+02
Gap                : 0.00 %
feasible solution found by trivial heuristic after 0.1 seconds, objective value -4.000122e+06
presolving:
(round 1, fast)       0 del vars, 0 del conss, 0 add conss, 80 chg bounds, 0 chg sides, 0 chg coeffs, 0 upgd conss, 0 impls, 0 clqs, 0 implints
   (0.6s) running MILP presolver
   (0.9s) MILP presolver (2 rounds): 0 aggregations, 0 fixings, 0 bound changes
(round 2, exhaustive) 0 del vars, 969 del conss, 0 add conss, 80 chg bounds, 0 chg sides, 0 chg coeffs, 0 upgd conss, 0 impls, 0 clqs, 0 implints
   (2.1s) probing: 51/171 (29.8%) - 0 fixings, 0 aggregations, 0 implications, 0 bound changes
   (2.1s) probing aborted: 50/50 successive totally useless probings
   (2.2s) symmetry computation started: requiring (bin +, int +, cont +), (fixed: bin -, int -, cont -)
   (2.4s) no symmetry present (symcode time: 0.01)
presolving (3 rounds: 3 fast, 2 medium, 2 exhaustive):
 0 deleted vars, 969 deleted constraints, 0 added constraints, 80 tightened bounds, 0 added holes, 0 changed sides, 0 changed coefficients
 0 implications, 0 cliques, 0 implied integral variables (0 bin, 0 int, 0 cont)
presolved problem has 211 variables (171 bin, 0 int, 40 cont) and 7809 constraints
   7809 constraints of type <linear>
Presolving Time: 2.40

 time | node  | left  |LP iter|LP it/n|mem/heur|mdpt |vars |cons |rows |cuts |sepa|confs|strbr|  dualbound   | primalbound  |  gap   | compl. 
t 2.5s|     1 |     0 |     0 |     - | trivial|   0 | 211 |7809 |   0 |   0 |  0 |   0 |   0 | 3.920000e+02 |-3.542000e+03 |    Inf | unknown
p 3.1s|     1 |     0 |    40 |     - |   locks|   0 | 211 |7809 |7809 |   0 |  0 |   0 |   0 | 3.920000e+02 |-1.143658e+03 |    Inf | unknown
  3.4s|     1 |     0 |   674 |     - |   599M |   0 | 211 |7809 |7809 |   0 |  0 |   0 |   0 |-7.292183e+02 |-1.143658e+03 |  56.83%| unknown
r 3.5s|     1 |     0 |   674 |     - |shifting|   0 | 211 |7809 |7809 |   0 |  0 |   0 |   0 |-7.292183e+02 |-7.402290e+02 |   1.51%| unknown
  3.5s|     1 |     0 |   682 |     - |   601M |   0 | 211 |7809 |7811 |   2 |  1 |   0 |   0 |-7.292222e+02 |-7.402290e+02 |   1.51%| unknown
  3.6s|     1 |     0 |   685 |     - |   601M |   0 | 211 |7809 |7812 |   3 |  2 |   0 |   0 |-7.292248e+02 |-7.402290e+02 |   1.51%| unknown
  3.7s|     1 |     0 |   690 |     - |   602M |   0 | 211 |7809 |7813 |   4 |  3 |   0 |   0 |-7.292261e+02 |-7.402290e+02 |   1.51%| unknown
  3.8s|     1 |     0 |   697 |     - |   603M |   0 | 211 |7809 |7816 |   7 |  4 |   0 |   0 |-7.292287e+02 |-7.402290e+02 |   1.51%| unknown
  3.8s|     1 |     0 |   711 |     - |   604M |   0 | 211 |7809 |7819 |  10 |  5 |   0 |   0 |-7.292325e+02 |-7.402290e+02 |   1.51%| unknown
r 3.9s|     1 |     0 |   711 |     - |shifting|   0 | 211 |7809 |7819 |  10 |  5 |   0 |   0 |-7.292325e+02 |-7.385376e+02 |   1.28%| unknown
  3.9s|     1 |     0 |   723 |     - |   605M |   0 | 211 |7809 |7820 |  11 |  6 |   0 |   0 |-7.292364e+02 |-7.385376e+02 |   1.28%| unknown
  4.0s|     1 |     0 |   724 |     - |   605M |   0 | 211 |7809 |7821 |  12 |  7 |   0 |   0 |-7.292368e+02 |-7.385376e+02 |   1.28%| unknown
d 4.0s|     1 |     0 |   724 |     - |farkasdi|   0 | 211 |7809 |7821 |   0 |  8 |   0 |   0 |-7.292368e+02 |-7.292368e+02 |   0.00%| unknown
  4.0s|     1 |     0 |   724 |     - |   605M |   0 | 211 |7809 |7821 |  12 |  8 |   0 |   0 |-7.292368e+02 |-7.292368e+02 |   0.00%| unknown

SCIP Status        : problem is solved [optimal solution found]
Solving Time (sec) : 3.99
Solving Nodes      : 1
Primal Bound       : -7.29236842105263e+02 (11 solutions)
Dual Bound         : -7.29236842105263e+02
Gap                : 0.00 %
feasible solution found by trivial heuristic after 0.0 seconds, objective value 0.000000e+00
presolving:
   (0.0s) symmetry computation started: requiring (bin +, int +, cont +), (fixed: bin -, int -, cont -)
   (0.0s) symmetry computation finished: 39 generators found (max: 1500, log10 of symmetry group size: 47.91) (symcode time: 0.00)
dynamic symmetry handling statistics:
   orbitopal reduction:       no components
   orbital reduction:         no components
   lexicographic reduction:   no permutations
handled 1 out of 1 symmetry components
presolving (0 rounds: 0 fast, 0 medium, 0 exhaustive):
 0 deleted vars, 0 deleted constraints, 0 added constraints, 0 tightened bounds, 0 added holes, 0 changed sides, 0 changed coefficients
 0 implications, 0 cliques, 0 implied integral variables (0 bin, 0 int, 0 cont)
presolved problem has 211 variables (171 bin, 0 int, 40 cont) and 1977 constraints
   1977 constraints of type <linear>
Presolving Time: 0.00
transformed 2/2 original solutions to the transformed problem space

 time | node  | left  |LP iter|LP it/n|mem/heur|mdpt |vars |cons |rows |cuts |sepa|confs|strbr|  dualbound   | primalbound  |  gap   | compl. 
p 0.0s|     1 |     0 |     0 |     - |   locks|   0 | 211 |1938 |1938 |   0 |  0 |   0 |   0 | 3.920000e+02 | 1.600000e+01 |2350.00%| unknown
i 0.0s|     1 |     0 |     0 |     - |  oneopt|   0 | 211 |1938 |1938 |   0 |  0 |   0 |   0 | 3.920000e+02 | 3.140000e+02 |  24.84%| unknown
* 0.0s|     1 |     0 |    20 |     - |    LP  |   0 | 211 |1938 |1938 |   0 |  0 |   0 |   0 | 3.780000e+02 | 3.780000e+02 |   0.00%| unknown
  0.0s|     1 |     0 |    20 |     - |  8673k |   0 | 211 |1938 |1938 |   0 |  0 |   0 |   0 | 3.780000e+02 | 3.780000e+02 |   0.00%| unknown

SCIP Status        : problem is solved [optimal solution found]
Solving Time (sec) : 0.01
Solving Nodes      : 1
Primal Bound       : +3.78000000000000e+02 (6 solutions)
Dual Bound         : +3.78000000000000e+02
Gap                : 0.00 %
  [linear] <c1939>: <x172>[C] (+0) +0.540935673<x1>[B] (+1) -0.540935673<x2>[B] (+1) +0.540935673<x3>[B] (+0) +0.540935673<x4>[B] (+1) +0.540935673<x5>[B] (+0) +0.540935673<x6>[B] (+0) +0.540935673<x7>[B] (+1) -0.540935673<x8>[B] (+0) +0.540935673<x9>[B] (+1) +0.540935673<x10>[B] (+0) +0.540935673<x11>[B] (+1) -0.540935673<x12>[B] (+1) +0.540935673<x13>[B] (+1) -0.540935673<x14>[B] (+0) +0.540935673<x15>[B] (+0) -0.540935673<x16>[B] (+1) -0.540935673<x17>[B] (+0) +0.540935673<x18>[B] (+0) -0.540935673<x19>[B] (+1) +0.540935673<x20>[B] (+0) -0.540935673<x21>[B] (+0) -0.540935673<x22>[B] (+0) +0.540935673<x23>[B] (+0) -0.540935673<x24>[B] (+1) -0.540935673<x25>[B] (+0) +0.540935673<x26>[B] (+0) +0.540935673<x27>[B] (+0) -0.540935673<x28>[B] (+0) -0.540935673<x29>[B] (+1) +0.540935673<x30>[B] (+0) -0.540935673<x31>[B] (+0) +0.540935673<x32>[B] (+0) -0.540935673<x33>[B] (+1) -0.540935673<x34>[B] (+0) -0.540935673<x35>[B] (+0) +0.540935673<x36>[B] (+0) +0.540935673<x37>[B] (+0) +0.540935673<x38>[B] (+0) +0.540935673<x39>[B] (+0) +0.540935673<x40>[B] (+0) +0.540935673<x41>[B] (+0) +0.540935673<x42>[B] (+0) +0.540935673<x43>[B] (+0) +0.540935673<x44>[B] (+0) +0.540935673<x45>[B] (+0) +0.540935673<x46>[B] (+0) +0.540935673<x47>[B] (+0) +0.540935673<x48>[B] (+0) +0.540935673<x49>[B] (+1) +0.540935673<x50>[B] (+0) +0.540935673<x51>[B] (+0) -0.540935673<x52>[B] (+1) -0.540935673<x53>[B] (+0) +0.540935673<x54>[B] (+0) -0.540935673<x55>[B] (+1) -0.540935673<x56>[B] (+0) +0.540935673<x57>[B] (+1) +0.540935673<x58>[B] (+0) -0.540935673<x59>[B] (+1) -0.540935673<x60>[B] (+1) +0.540935673<x61>[B] (+1) -0.540935673<x62>[B] (+0) +0.540935673<x63>[B] (+0) -0.540935673<x64>[B] (+1) -0.540935673<x65>[B] (+0) -0.540935673<x66>[B] (+0) +0.540935673<x67>[B] (+0) +0.540935673<x68>[B] (+0) +0.540935673<x69>[B] (+1) -0.540935673<x70>[B] (+0) +0.540935673<x71>[B] (+1) +0.540935673<x72>[B] (+0) +0.540935673<x73>[B] (+1) -0.540935673<x74>[B] (+1) +0.540935673<x75>[B] (+1) -0.540935673<x76>[B] (+0) +0.540935673<x77>[B] (+0) -0.540935673<x78>[B] (+1) -0.540935673<x79>[B] (+0) +0.540935673<x80>[B] (+0) +0.540935673<x81>[B] (+1) +0.540935673<x82>[B] (+1) -0.540935673<x83>[B] (+0) +0.540935673<x84>[B] (+1) +0.540935673<x85>[B] (+1) -0.540935673<x86>[B] (+1) -0.540935673<x87>[B] (+1) +0.540935673<x88>[B] (+1) -0.540935673<x89>[B] (+0) +0.540935673<x90>[B] (+1) -0.540935673<x91>[B] (+1) -0.540935673<x92>[B] (+1) -0.540935673<x93>[B] (+1) -0.540935673<x94>[B] (+1) -0.540935673<x95>[B] (+0) -0.540935673<x96>[B] (+1) +0.540935673<x97>[B] (+0) -0.540935673<x98>[B] (+1) -0.540935673<x99>[B] (+1) -0.540935673<x100>[B] (+1) -0.540935673<x101>[B] (+0) -0.540935673<x102>[B] (+1) -0.540935673<x103>[B] (+1) -0.540935673<x104>[B] (+0) -0.540935673<x105>[B] (+1) -0.540935673<x106>[B] (+0) +0.540935673<x107>[B] (+0) +0.540935673<x108>[B] (+0) -0.540935673<x109>[B] (+0) -0.540935673<x110>[B] (+0) +0.540935673<x111>[B] (+0) -0.540935673<x112>[B] (+0) +0.540935673<x113>[B] (+0) -0.540935673<x114>[B] (+1) -0.540935673<x115>[B] (+0) -0.540935673<x116>[B] (+0) +0.540935673<x117>[B] (+1) +0.540935673<x118>[B] (+1) +0.540935673<x119>[B] (+1) +0.540935673<x120>[B] (+1) +0.540935673<x121>[B] (+1) +0.540935673<x122>[B] (+0) +0.540935673<x123>[B] (+1) +0.540935673<x124>[B] (+1) +0.540935673<x125>[B] (+1) +0.540935673<x126>[B] (+1) +0.540935673<x127>[B] (+0) -0.540935673<x128>[B] (+0) -0.540935673<x129>[B] (+1) -0.540935673<x130>[B] (+1) -0.540935673<x131>[B] (+0) +0.540935673<x132>[B] (+0) -0.540935673<x133>[B] (+1) -0.540935673<x134>[B] (+0) -0.540935673<x135>[B] (+0) -0.540935673<x136>[B] (+1) -0.540935673<x137>[B] (+1) -0.540935673<x138>[B] (+1) -0.540935673<x139>[B] (+0) -0.540935673<x140>[B] (+1) -0.540935673<x141>[B] (+1) -0.540935673<x142>[B] (+1) -0.540935673<x143>[B] (+1) -0.540935673<x144>[B] (+1) +0.540935673<x145>[B] (+1) -0.540935673<x146>[B] (+0) +0.540935673<x147>[B] (+0) -0.540935673<x148>[B] (+1) -0.540935673<x149>[B] (+0) +0.540935673<x150>[B] (+0) +0.540935673<x151>[B] (+0) -0.540935673<x152>[B] (+0) +0.540935673<x153>[B] (+0) +0.540935673<x154>[B] (+1) +0.540935673<x155>[B] (+0) +0.540935673<x156>[B] (+0) -0.540935673<x157>[B] (+0) +0.540935673<x158>[B] (+0) -0.540935673<x159>[B] (+1) -0.540935673<x160>[B] (+0) -0.540935673<x161>[B] (+0) +0.540935673<x162>[B] (+1) +0.540935673<x163>[B] (+1) +0.540935673<x164>[B] (+1) +0.540935673<x165>[B] (+1) -0.540935673<x166>[B] (+1) -0.540935673<x167>[B] (+0) -0.540935673<x168>[B] (+0) -0.540935673<x169>[B] (+0) +0.540935673<x170>[B] (+0) +0.540935673<x171>[B] (+1) >= 21.5029239766082;
;
violation: left hand side is violated by 25.2894736842105
  [linear] <c1939>: <x172>[C] (+0) +0.540935673<x1>[B] (+1) -0.540935673<x2>[B] (+1) +0.540935673<x3>[B] (+1) +0.540935673<x4>[B] (+1) +0.540935673<x5>[B] (+0) +0.540935673<x6>[B] (+1) +0.540935673<x7>[B] (+1) -0.540935673<x8>[B] (+0) +0.540935673<x9>[B] (+1) +0.540935673<x10>[B] (+0) +0.540935673<x11>[B] (+1) -0.540935673<x12>[B] (+1) +0.540935673<x13>[B] (+1) -0.540935673<x14>[B] (+1) +0.540935673<x15>[B] (+1) -0.540935673<x16>[B] (+1) -0.540935673<x17>[B] (+1) +0.540935673<x18>[B] (+1) -0.540935673<x19>[B] (+0) +0.540935673<x20>[B] (+0) -0.540935673<x21>[B] (+0) -0.540935673<x22>[B] (+0) +0.540935673<x23>[B] (+0) -0.540935673<x24>[B] (+1) -0.540935673<x25>[B] (+0) +0.540935673<x26>[B] (+0) +0.540935673<x27>[B] (+0) -0.540935673<x28>[B] (+0) -0.540935673<x29>[B] (+0) +0.540935673<x30>[B] (+0) -0.540935673<x31>[B] (+0) +0.540935673<x32>[B] (+0) -0.540935673<x33>[B] (+1) -0.540935673<x34>[B] (+0) -0.540935673<x35>[B] (+0) +0.540935673<x36>[B] (+0) +0.540935673<x37>[B] (+0) +0.540935673<x38>[B] (+0) +0.540935673<x39>[B] (+0) +0.540935673<x40>[B] (+1) +0.540935673<x41>[B] (+0) +0.540935673<x42>[B] (+0) +0.540935673<x43>[B] (+0) +0.540935673<x44>[B] (+0) +0.540935673<x45>[B] (+0) +0.540935673<x46>[B] (+0) +0.540935673<x47>[B] (+0) +0.540935673<x48>[B] (+0) +0.540935673<x49>[B] (+1) +0.540935673<x50>[B] (+0) +0.540935673<x51>[B] (+0) -0.540935673<x52>[B] (+1) -0.540935673<x53>[B] (+0) +0.540935673<x54>[B] (+1) -0.540935673<x55>[B] (+1) -0.540935673<x56>[B] (+0) +0.540935673<x57>[B] (+1) +0.540935673<x58>[B] (+0) -0.540935673<x59>[B] (+1) -0.540935673<x60>[B] (+1) +0.540935673<x61>[B] (+1) -0.540935673<x62>[B] (+1) +0.540935673<x63>[B] (+1) -0.540935673<x64>[B] (+1) -0.540935673<x65>[B] (+1) -0.540935673<x66>[B] (+1) +0.540935673<x67>[B] (+0) +0.540935673<x68>[B] (+1) +0.540935673<x69>[B] (+1) -0.540935673<x70>[B] (+0) +0.540935673<x71>[B] (+1) +0.540935673<x72>[B] (+0) +0.540935673<x73>[B] (+1) -0.540935673<x74>[B] (+1) +0.540935673<x75>[B] (+1) -0.540935673<x76>[B] (+1) +0.540935673<x77>[B] (+1) -0.540935673<x78>[B] (+1) -0.540935673<x79>[B] (+1) +0.540935673<x80>[B] (+1) +0.540935673<x81>[B] (+1) +0.540935673<x82>[B] (+1) -0.540935673<x83>[B] (+0) +0.540935673<x84>[B] (+1) +0.540935673<x85>[B] (+1) -0.540935673<x86>[B] (+1) -0.540935673<x87>[B] (+1) +0.540935673<x88>[B] (+1) -0.540935673<x89>[B] (+1) +0.540935673<x90>[B] (+1) -0.540935673<x91>[B] (+1) -0.540935673<x92>[B] (+1) -0.540935673<x93>[B] (+1) -0.540935673<x94>[B] (+1) -0.540935673<x95>[B] (+0) -0.540935673<x96>[B] (+1) +0.540935673<x97>[B] (+0) -0.540935673<x98>[B] (+1) -0.540935673<x99>[B] (+0) -0.540935673<x100>[B] (+1) -0.540935673<x101>[B] (+0) -0.540935673<x102>[B] (+0) -0.540935673<x103>[B] (+1) -0.540935673<x104>[B] (+0) -0.540935673<x105>[B] (+1) -0.540935673<x106>[B] (+0) +0.540935673<x107>[B] (+0) +0.540935673<x108>[B] (+0) -0.540935673<x109>[B] (+0) -0.540935673<x110>[B] (+0) +0.540935673<x111>[B] (+0) -0.540935673<x112>[B] (+0) +0.540935673<x113>[B] (+0) -0.540935673<x114>[B] (+1) -0.540935673<x115>[B] (+0) -0.540935673<x116>[B] (+0) +0.540935673<x117>[B] (+1) +0.540935673<x118>[B] (+1) +0.540935673<x119>[B] (+1) +0.540935673<x120>[B] (+1) +0.540935673<x121>[B] (+1) +0.540935673<x122>[B] (+1) +0.540935673<x123>[B] (+1) +0.540935673<x124>[B] (+1) +0.540935673<x125>[B] (+1) +0.540935673<x126>[B] (+1) +0.540935673<x127>[B] (+0) -0.540935673<x128>[B] (+0) -0.540935673<x129>[B] (+0) -0.540935673<x130>[B] (+1) -0.540935673<x131>[B] (+0) +0.540935673<x132>[B] (+0) -0.540935673<x133>[B] (+1) -0.540935673<x134>[B] (+0) -0.540935673<x135>[B] (+0) -0.540935673<x136>[B] (+1) -0.540935673<x137>[B] (+1) -0.540935673<x138>[B] (+1) -0.540935673<x139>[B] (+1) -0.540935673<x140>[B] (+1) -0.540935673<x141>[B] (+1) -0.540935673<x142>[B] (+1) -0.540935673<x143>[B] (+1) -0.540935673<x144>[B] (+0) +0.540935673<x145>[B] (+1) -0.540935673<x146>[B] (+0) +0.540935673<x147>[B] (+0) -0.540935673<x148>[B] (+1) -0.540935673<x149>[B] (+0) +0.540935673<x150>[B] (+0) +0.540935673<x151>[B] (+1) -0.540935673<x152>[B] (+0) +0.540935673<x153>[B] (+1) +0.540935673<x154>[B] (+1) +0.540935673<x155>[B] (+0) +0.540935673<x156>[B] (+1) -0.540935673<x157>[B] (+0) +0.540935673<x158>[B] (+0) -0.540935673<x159>[B] (+1) -0.540935673<x160>[B] (+0) -0.540935673<x161>[B] (+0) +0.540935673<x162>[B] (+1) +0.540935673<x163>[B] (+1) +0.540935673<x164>[B] (+1) +0.540935673<x165>[B] (+1) -0.540935673<x166>[B] (+1) -0.540935673<x167>[B] (+0) -0.540935673<x168>[B] (+1) -0.540935673<x169>[B] (+0) +0.540935673<x170>[B] (+0) +0.540935673<x171>[B] (+1) >= 21.5029239766082;
;
violation: left hand side is violated by 19.8801169590643
  [linear] <c1939>: <x172>[C] (+0) +0.540935673<x1>[B] (+1) -0.540935673<x2>[B] (+1) +0.540935673<x3>[B] (+1) +0.540935673<x4>[B] (+1) +0.540935673<x5>[B] (+1) +0.540935673<x6>[B] (+1) +0.540935673<x7>[B] (+1) -0.540935673<x8>[B] (+1) +0.540935673<x9>[B] (+1) +0.540935673<x10>[B] (+1) +0.540935673<x11>[B] (+1) -0.540935673<x12>[B] (+1) +0.540935673<x13>[B] (+1) -0.540935673<x14>[B] (+1) +0.540935673<x15>[B] (+1) -0.540935673<x16>[B] (+1) -0.540935673<x17>[B] (+1) +0.540935673<x18>[B] (+1) -0.540935673<x19>[B] (+0) +0.540935673<x20>[B] (+0) -0.540935673<x21>[B] (+0) -0.540935673<x22>[B] (+0) +0.540935673<x23>[B] (+0) -0.540935673<x24>[B] (+1) -0.540935673<x25>[B] (+0) +0.540935673<x26>[B] (+0) +0.540935673<x27>[B] (+0) -0.540935673<x28>[B] (+1) -0.540935673<x29>[B] (+0) +0.540935673<x30>[B] (+0) -0.540935673<x31>[B] (+0) +0.540935673<x32>[B] (+0) -0.540935673<x33>[B] (+0) -0.540935673<x34>[B] (+0) -0.540935673<x35>[B] (+1) +0.540935673<x36>[B] (+1) +0.540935673<x37>[B] (+1) +0.540935673<x38>[B] (+0) +0.540935673<x39>[B] (+1) +0.540935673<x40>[B] (+1) +0.540935673<x41>[B] (+0) +0.540935673<x42>[B] (+1) +0.540935673<x43>[B] (+0) +0.540935673<x44>[B] (+1) +0.540935673<x45>[B] (+0) +0.540935673<x46>[B] (+1) +0.540935673<x47>[B] (+1) +0.540935673<x48>[B] (+1) +0.540935673<x49>[B] (+0) +0.540935673<x50>[B] (+1) +0.540935673<x51>[B] (+1) -0.540935673<x52>[B] (+1) -0.540935673<x53>[B] (+0) +0.540935673<x54>[B] (+1) -0.540935673<x55>[B] (+1) -0.540935673<x56>[B] (+0) +0.540935673<x57>[B] (+1) +0.540935673<x58>[B] (+0) -0.540935673<x59>[B] (+1) -0.540935673<x60>[B] (+0) +0.540935673<x61>[B] (+1) -0.540935673<x62>[B] (+1) +0.540935673<x63>[B] (+1) -0.540935673<x64>[B] (+0) -0.540935673<x65>[B] (+1) -0.540935673<x66>[B] (+1) +0.540935673<x67>[B] (+0) +0.540935673<x68>[B] (+1) +0.540935673<x69>[B] (+1) -0.540935673<x70>[B] (+0) +0.540935673<x71>[B] (+1) +0.540935673<x72>[B] (+0) +0.540935673<x73>[B] (+1) -0.540935673<x74>[B] (+0) +0.540935673<x75>[B] (+1) -0.540935673<x76>[B] (+1) +0.540935673<x77>[B] (+1) -0.540935673<x78>[B] (+0) -0.540935673<x79>[B] (+1) +0.540935673<x80>[B] (+1) +0.540935673<x81>[B] (+1) +0.540935673<x82>[B] (+1) -0.540935673<x83>[B] (+1) +0.540935673<x84>[B] (+1) +0.540935673<x85>[B] (+1) -0.540935673<x86>[B] (+1) -0.540935673<x87>[B] (+0) +0.540935673<x88>[B] (+1) -0.540935673<x89>[B] (+1) +0.540935673<x90>[B] (+1) -0.540935673<x91>[B] (+1) -0.540935673<x92>[B] (+1) -0.540935673<x93>[B] (+1) -0.540935673<x94>[B] (+1) -0.540935673<x95>[B] (+0) -0.540935673<x96>[B] (+1) +0.540935673<x97>[B] (+0) -0.540935673<x98>[B] (+1) -0.540935673<x99>[B] (+0) -0.540935673<x100>[B] (+0) -0.540935673<x101>[B] (+0) -0.540935673<x102>[B] (+0) -0.540935673<x103>[B] (+0) -0.540935673<x104>[B] (+0) -0.540935673<x105>[B] (+1) -0.540935673<x106>[B] (+0) +0.540935673<x107>[B] (+0) +0.540935673<x108>[B] (+0) -0.540935673<x109>[B] (+0) -0.540935673<x110>[B] (+0) +0.540935673<x111>[B] (+0) -0.540935673<x112>[B] (+0) +0.540935673<x113>[B] (+0) -0.540935673<x114>[B] (+0) -0.540935673<x115>[B] (+0) -0.540935673<x116>[B] (+0) +0.540935673<x117>[B] (+1) +0.540935673<x118>[B] (+1) +0.540935673<x119>[B] (+1) +0.540935673<x120>[B] (+0) +0.540935673<x121>[B] (+1) +0.540935673<x122>[B] (+1) +0.540935673<x123>[B] (+1) +0.540935673<x124>[B] (+1) +0.540935673<x125>[B] (+1) +0.540935673<x126>[B] (+1) +0.540935673<x127>[B] (+0) -0.540935673<x128>[B] (+1) -0.540935673<x129>[B] (+0) -0.540935673<x130>[B] (+0) -0.540935673<x131>[B] (+0) +0.540935673<x132>[B] (+0) -0.540935673<x133>[B] (+0) -0.540935673<x134>[B] (+0) -0.540935673<x135>[B] (+1) -0.540935673<x136>[B] (+1) -0.540935673<x137>[B] (+0) -0.540935673<x138>[B] (+1) -0.540935673<x139>[B] (+1) -0.540935673<x140>[B] (+1) -0.540935673<x141>[B] (+1) -0.540935673<x142>[B] (+1) -0.540935673<x143>[B] (+1) -0.540935673<x144>[B] (+0) +0.540935673<x145>[B] (+0) -0.540935673<x146>[B] (+0) +0.540935673<x147>[B] (+0) -0.540935673<x148>[B] (+0) -0.540935673<x149>[B] (+0) +0.540935673<x150>[B] (+1) +0.540935673<x151>[B] (+1) -0.540935673<x152>[B] (+1) +0.540935673<x153>[B] (+1) +0.540935673<x154>[B] (+1) +0.540935673<x155>[B] (+1) +0.540935673<x156>[B] (+1) -0.540935673<x157>[B] (+0) +0.540935673<x158>[B] (+1) -0.540935673<x159>[B] (+0) -0.540935673<x160>[B] (+1) -0.540935673<x161>[B] (+1) +0.540935673<x162>[B] (+1) +0.540935673<x163>[B] (+0) +0.540935673<x164>[B] (+1) +0.540935673<x165>[B] (+1) -0.540935673<x166>[B] (+0) -0.540935673<x167>[B] (+0) -0.540935673<x168>[B] (+1) -0.540935673<x169>[B] (+1) +0.540935673<x170>[B] (+1) +0.540935673<x171>[B] (+1) >= 21.5029239766082;
;
violation: left hand side is violated by 10.6842105263158
  [linear] <c1939>: <x172>[C] (+0) +0.540935673<x1>[B] (+0) -0.540935673<x2>[B] (+0) +0.540935673<x3>[B] (+0) +0.540935673<x4>[B] (+0) +0.540935673<x5>[B] (+0) +0.540935673<x6>[B] (+0) +0.540935673<x7>[B] (+0) -0.540935673<x8>[B] (+0) +0.540935673<x9>[B] (+0) +0.540935673<x10>[B] (+0) +0.540935673<x11>[B] (+0) -0.540935673<x12>[B] (+0) +0.540935673<x13>[B] (+0) -0.540935673<x14>[B] (+0) +0.540935673<x15>[B] (+0) -0.540935673<x16>[B] (+0) -0.540935673<x17>[B] (+0) +0.540935673<x18>[B] (+0) -0.540935673<x19>[B] (+0) +0.540935673<x20>[B] (+0) -0.540935673<x21>[B] (+0) -0.540935673<x22>[B] (+0) +0.540935673<x23>[B] (+0) -0.540935673<x24>[B] (+0) -0.540935673<x25>[B] (+0) +0.540935673<x26>[B] (+0) +0.540935673<x27>[B] (+0) -0.540935673<x28>[B] (+0) -0.540935673<x29>[B] (+0) +0.540935673<x30>[B] (+0) -0.540935673<x31>[B] (+0) +0.540935673<x32>[B] (+0) -0.540935673<x33>[B] (+0) -0.540935673<x34>[B] (+0) -0.540935673<x35>[B] (+0) +0.540935673<x36>[B] (+0) +0.540935673<x37>[B] (+0) +0.540935673<x38>[B] (+0) +0.540935673<x39>[B] (+0) +0.540935673<x40>[B] (+0) +0.540935673<x41>[B] (+0) +0.540935673<x42>[B] (+0) +0.540935673<x43>[B] (+0) +0.540935673<x44>[B] (+0) +0.540935673<x45>[B] (+0) +0.540935673<x46>[B] (+0) +0.540935673<x47>[B] (+0) +0.540935673<x48>[B] (+0) +0.540935673<x49>[B] (+0) +0.540935673<x50>[B] (+0) +0.540935673<x51>[B] (+0) -0.540935673<x52>[B] (+0) -0.540935673<x53>[B] (+0) +0.540935673<x54>[B] (+0) -0.540935673<x55>[B] (+0) -0.540935673<x56>[B] (+0) +0.540935673<x57>[B] (+0) +0.540935673<x58>[B] (+0) -0.540935673<x59>[B] (+0) -0.540935673<x60>[B] (+0) +0.540935673<x61>[B] (+0) -0.540935673<x62>[B] (+0) +0.540935673<x63>[B] (+0) -0.540935673<x64>[B] (+0) -0.540935673<x65>[B] (+0) -0.540935673<x66>[B] (+0) +0.540935673<x67>[B] (+0) +0.540935673<x68>[B] (+0) +0.540935673<x69>[B] (+0) -0.540935673<x70>[B] (+0) +0.540935673<x71>[B] (+0) +0.540935673<x72>[B] (+0) +0.540935673<x73>[B] (+0) -0.540935673<x74>[B] (+0) +0.540935673<x75>[B] (+0) -0.540935673<x76>[B] (+0) +0.540935673<x77>[B] (+0) -0.540935673<x78>[B] (+0) -0.540935673<x79>[B] (+0) +0.540935673<x80>[B] (+0) +0.540935673<x81>[B] (+0) +0.540935673<x82>[B] (+0) -0.540935673<x83>[B] (+0) +0.540935673<x84>[B] (+0) +0.540935673<x85>[B] (+0) -0.540935673<x86>[B] (+0) -0.540935673<x87>[B] (+0) +0.540935673<x88>[B] (+0) -0.540935673<x89>[B] (+0) +0.540935673<x90>[B] (+0) -0.540935673<x91>[B] (+0) -0.540935673<x92>[B] (+0) -0.540935673<x93>[B] (+0) -0.540935673<x94>[B] (+0) -0.540935673<x95>[B] (+0) -0.540935673<x96>[B] (+0) +0.540935673<x97>[B] (+0) -0.540935673<x98>[B] (+0) -0.540935673<x99>[B] (+0) -0.540935673<x100>[B] (+0) -0.540935673<x101>[B] (+0) -0.540935673<x102>[B] (+0) -0.540935673<x103>[B] (+0) -0.540935673<x104>[B] (+0) -0.540935673<x105>[B] (+0) -0.540935673<x106>[B] (+0) +0.540935673<x107>[B] (+0) +0.540935673<x108>[B] (+0) -0.540935673<x109>[B] (+0) -0.540935673<x110>[B] (+0) +0.540935673<x111>[B] (+0) -0.540935673<x112>[B] (+0) +0.540935673<x113>[B] (+0) -0.540935673<x114>[B] (+0) -0.540935673<x115>[B] (+0) -0.540935673<x116>[B] (+0) +0.540935673<x117>[B] (+0) +0.540935673<x118>[B] (+0) +0.540935673<x119>[B] (+0) +0.540935673<x120>[B] (+0) +0.540935673<x121>[B] (+0) +0.540935673<x122>[B] (+0) +0.540935673<x123>[B] (+0) +0.540935673<x124>[B] (+0) +0.540935673<x125>[B] (+0) +0.540935673<x126>[B] (+0) +0.540935673<x127>[B] (+0) -0.540935673<x128>[B] (+0) -0.540935673<x129>[B] (+0) -0.540935673<x130>[B] (+0) -0.540935673<x131>[B] (+0) +0.540935673<x132>[B] (+0) -0.540935673<x133>[B] (+0) -0.540935673<x134>[B] (+0) -0.540935673<x135>[B] (+0) -0.540935673<x136>[B] (+0) -0.540935673<x137>[B] (+0) -0.540935673<x138>[B] (+0) -0.540935673<x139>[B] (+0) -0.540935673<x140>[B] (+0) -0.540935673<x141>[B] (+0) -0.540935673<x142>[B] (+0) -0.540935673<x143>[B] (+0) -0.540935673<x144>[B] (+0) +0.540935673<x145>[B] (+0) -0.540935673<x146>[B] (+0) +0.540935673<x147>[B] (+0) -0.540935673<x148>[B] (+0) -0.540935673<x149>[B] (+0) +0.540935673<x150>[B] (+0) +0.540935673<x151>[B] (+0) -0.540935673<x152>[B] (+0) +0.540935673<x153>[B] (+0) +0.540935673<x154>[B] (+0) +0.540935673<x155>[B] (+0) +0.540935673<x156>[B] (+0) -0.540935673<x157>[B] (+0) +0.540935673<x158>[B] (+0) -0.540935673<x159>[B] (+0) -0.540935673<x160>[B] (+0) -0.540935673<x161>[B] (+0) +0.540935673<x162>[B] (+0) +0.540935673<x163>[B] (+0) +0.540935673<x164>[B] (+0) +0.540935673<x165>[B] (+0) -0.540935673<x166>[B] (+0) -0.540935673<x167>[B] (+0) -0.540935673<x168>[B] (+0) -0.540935673<x169>[B] (+0) +0.540935673<x170>[B] (+0) +0.540935673<x171>[B] (+0) >= 21.5029239766082;
;
violation: left hand side is violated by 21.5029239766082
  [linear] <c1939>: <x172>[C] (+0) +0.540935673<x1>[B] (+1) -0.540935673<x2>[B] (+1) +0.540935673<x3>[B] (+1) +0.540935673<x4>[B] (+1) +0.540935673<x5>[B] (+1) +0.540935673<x6>[B] (+1) +0.540935673<x7>[B] (+1) -0.540935673<x8>[B] (+1) +0.540935673<x9>[B] (+1) +0.540935673<x10>[B] (+1) +0.540935673<x11>[B] (+1) -0.540935673<x12>[B] (+1) +0.540935673<x13>[B] (+1) -0.540935673<x14>[B] (+1) +0.540935673<x15>[B] (+1) -0.540935673<x16>[B] (+1) -0.540935673<x17>[B] (+1) +0.540935673<x18>[B] (+1) -0.540935673<x19>[B] (+1) +0.540935673<x20>[B] (+1) -0.540935673<x21>[B] (+1) -0.540935673<x22>[B] (+1) +0.540935673<x23>[B] (+1) -0.540935673<x24>[B] (+1) -0.540935673<x25>[B] (+1) +0.540935673<x26>[B] (+1) +0.540935673<x27>[B] (+1) -0.540935673<x28>[B] (+1) -0.540935673<x29>[B] (+1) +0.540935673<x30>[B] (+1) -0.540935673<x31>[B] (+1) +0.540935673<x32>[B] (+1) -0.540935673<x33>[B] (+1) -0.540935673<x34>[B] (+1) -0.540935673<x35>[B] (+1) +0.540935673<x36>[B] (+1) +0.540935673<x37>[B] (+1) +0.540935673<x38>[B] (+1) +0.540935673<x39>[B] (+1) +0.540935673<x40>[B] (+1) +0.540935673<x41>[B] (+1) +0.540935673<x42>[B] (+1) +0.540935673<x43>[B] (+1) +0.540935673<x44>[B] (+1) +0.540935673<x45>[B] (+1) +0.540935673<x46>[B] (+1) +0.540935673<x47>[B] (+1) +0.540935673<x48>[B] (+1) +0.540935673<x49>[B] (+1) +0.540935673<x50>[B] (+1) +0.540935673<x51>[B] (+1) -0.540935673<x52>[B] (+1) -0.540935673<x53>[B] (+1) +0.540935673<x54>[B] (+1) -0.540935673<x55>[B] (+1) -0.540935673<x56>[B] (+1) +0.540935673<x57>[B] (+1) +0.540935673<x58>[B] (+1) -0.540935673<x59>[B] (+1) -0.540935673<x60>[B] (+1) +0.540935673<x61>[B] (+1) -0.540935673<x62>[B] (+1) +0.540935673<x63>[B] (+1) -0.540935673<x64>[B] (+1) -0.540935673<x65>[B] (+1) -0.540935673<x66>[B] (+1) +0.540935673<x67>[B] (+1) +0.540935673<x68>[B] (+1) +0.540935673<x69>[B] (+1) -0.540935673<x70>[B] (+1) +0.540935673<x71>[B] (+1) +0.540935673<x72>[B] (+1) +0.540935673<x73>[B] (+1) -0.540935673<x74>[B] (+1) +0.540935673<x75>[B] (+1) -0.540935673<x76>[B] (+1) +0.540935673<x77>[B] (+1) -0.540935673<x78>[B] (+1) -0.540935673<x79>[B] (+1) +0.540935673<x80>[B] (+1) +0.540935673<x81>[B] (+1) +0.540935673<x82>[B] (+1) -0.540935673<x83>[B] (+1) +0.540935673<x84>[B] (+1) +0.540935673<x85>[B] (+1) -0.540935673<x86>[B] (+1) -0.540935673<x87>[B] (+1) +0.540935673<x88>[B] (+1) -0.540935673<x89>[B] (+1) +0.540935673<x90>[B] (+1) -0.540935673<x91>[B] (+1) -0.540935673<x92>[B] (+1) -0.540935673<x93>[B] (+1) -0.540935673<x94>[B] (+1) -0.540935673<x95>[B] (+1) -0.540935673<x96>[B] (+1) +0.540935673<x97>[B] (+1) -0.540935673<x98>[B] (+1) -0.540935673<x99>[B] (+1) -0.540935673<x100>[B] (+1) -0.540935673<x101>[B] (+1) -0.540935673<x102>[B] (+1) -0.540935673<x103>[B] (+1) -0.540935673<x104>[B] (+1) -0.540935673<x105>[B] (+1) -0.540935673<x106>[B] (+1) +0.540935673<x107>[B] (+1) +0.540935673<x108>[B] (+1) -0.540935673<x109>[B] (+1) -0.540935673<x110>[B] (+1) +0.540935673<x111>[B] (+1) -0.540935673<x112>[B] (+1) +0.540935673<x113>[B] (+1) -0.540935673<x114>[B] (+1) -0.540935673<x115>[B] (+1) -0.540935673<x116>[B] (+1) +0.540935673<x117>[B] (+1) +0.540935673<x118>[B] (+1) +0.540935673<x119>[B] (+1) +0.540935673<x120>[B] (+1) +0.540935673<x121>[B] (+1) +0.540935673<x122>[B] (+1) +0.540935673<x123>[B] (+1) +0.540935673<x124>[B] (+1) +0.540935673<x125>[B] (+1) +0.540935673<x126>[B] (+1) +0.540935673<x127>[B] (+1) -0.540935673<x128>[B] (+1) -0.540935673<x129>[B] (+1) -0.540935673<x130>[B] (+1) -0.540935673<x131>[B] (+1) +0.540935673<x132>[B] (+1) -0.540935673<x133>[B] (+1) -0.540935673<x134>[B] (+1) -0.540935673<x135>[B] (+1) -0.540935673<x136>[B] (+1) -0.540935673<x137>[B] (+1) -0.540935673<x138>[B] (+1) -0.540935673<x139>[B] (+1) -0.540935673<x140>[B] (+1) -0.540935673<x141>[B] (+1) -0.540935673<x142>[B] (+1) -0.540935673<x143>[B] (+1) -0.540935673<x144>[B] (+1) +0.540935673<x145>[B] (+1) -0.540935673<x146>[B] (+1) +0.540935673<x147>[B] (+1) -0.540935673<x148>[B] (+1) -0.540935673<x149>[B] (+1) +0.540935673<x150>[B] (+1) +0.540935673<x151>[B] (+1) -0.540935673<x152>[B] (+1) +0.540935673<x153>[B] (+1) +0.540935673<x154>[B] (+1) +0.540935673<x155>[B] (+1) +0.540935673<x156>[B] (+1) -0.540935673<x157>[B] (+1) +0.540935673<x158>[B] (+1) -0.540935673<x159>[B] (+1) -0.540935673<x160>[B] (+1) -0.540935673<x161>[B] (+1) +0.540935673<x162>[B] (+1) +0.540935673<x163>[B] (+1) +0.540935673<x164>[B] (+1) +0.540935673<x165>[B] (+1) -0.540935673<x166>[B] (+1) -0.540935673<x167>[B] (+1) -0.540935673<x168>[B] (+1) -0.540935673<x169>[B] (+1) +0.540935673<x170>[B] (+1) +0.540935673<x171>[B] (+1) >= 21.5029239766082;
;
violation: left hand side is violated by 20.9619883040936
1/6 feasible solution given by solution candidate storage, new primal bound -4.000122e+06

presolving:
   (0.0s) symmetry computation started: requiring (bin +, int +, cont +), (fixed: bin -, int -, cont -)
   (0.0s) no symmetry present (symcode time: 0.00)
presolving (0 rounds: 0 fast, 0 medium, 0 exhaustive):
 0 deleted vars, 0 deleted constraints, 0 added constraints, 0 tightened bounds, 0 added holes, 0 changed sides, 0 changed coefficients
 0 implications, 0 cliques, 0 implied integral variables (0 bin, 0 int, 0 cont)
presolved problem has 211 variables (171 bin, 0 int, 40 cont) and 1978 constraints
   1978 constraints of type <linear>
Presolving Time: 0.00
transformed 1/1 original solutions to the transformed problem space

 time | node  | left  |LP iter|LP it/n|mem/heur|mdpt |vars |cons |rows |cuts |sepa|confs|strbr|  dualbound   | primalbound  |  gap   | compl. 
p 0.0s|     1 |     0 |    12 |     - |   locks|   0 | 211 |1978 |1978 |   0 |  0 |   0 |   0 | 3.920000e+02 |-1.052509e+03 |    Inf | unknown
* 0.0s|     1 |     0 |   272 |     - |    LP  |   0 | 211 |1978 |1978 |   0 |  0 |   0 |   0 |-7.267339e+02 |-7.267339e+02 |   0.00%| unknown
  0.0s|     1 |     0 |   272 |     - |    11M |   0 | 211 |1978 |1978 |   0 |  0 |   0 |   0 |-7.267339e+02 |-7.267339e+02 |   0.00%| unknown

SCIP Status        : problem is solved [optimal solution found]
Solving Time (sec) : 0.03
Solving Nodes      : 1
Primal Bound       : -7.26733918128655e+02 (4 solutions)
Dual Bound         : -7.26733918128655e+02
Gap                : 0.00 %
  [linear] <c1979>: <x173>[C] (+18.6959064) +0.464912281<x1>[B] (+1) +0.464912281<x2>[B] (+1) +0.464912281<x3>[B] (+0) +0.464912281<x4>[B] (+1) +0.464912281<x5>[B] (+0) +0.464912281<x6>[B] (+0) +0.464912281<x7>[B] (+1) +0.464912281<x8>[B] (+0) +0.464912281<x9>[B] (+1) +0.464912281<x10>[B] (+0) -0.464912281<x11>[B] (+0) +0.464912281<x12>[B] (+1) +0.464912281<x13>[B] (+0) +0.464912281<x14>[B] (+0) +0.464912281<x15>[B] (+0) +0.464912281<x16>[B] (+1) +0.464912281<x17>[B] (+0) +0.464912281<x18>[B] (+0) -0.464912281<x19>[B] (+1) -0.464912281<x20>[B] (+0) +0.464912281<x21>[B] (+0) -0.464912281<x22>[B] (+0) -0.464912281<x23>[B] (+0) -0.464912281<x24>[B] (+1) -0.464912281<x25>[B] (+0) -0.464912281<x26>[B] (+1) +0.464912281<x27>[B] (+0) -0.464912281<x28>[B] (+0) -0.464912281<x29>[B] (+1) +0.464912281<x30>[B] (+0) -0.464912281<x31>[B] (+0) -0.464912281<x32>[B] (+0) -0.464912281<x33>[B] (+1) -0.464912281<x34>[B] (+0) +0.464912281<x35>[B] (+0) -0.464912281<x36>[B] (+0) +0.464912281<x37>[B] (+0) -0.464912281<x38>[B] (+0) -0.464912281<x39>[B] (+0) +0.464912281<x40>[B] (+0) -0.464912281<x41>[B] (+0) +0.464912281<x42>[B] (+0) +0.464912281<x43>[B] (+0) -0.464912281<x44>[B] (+0) -0.464912281<x45>[B] (+0) +0.464912281<x46>[B] (+0) -0.464912281<x47>[B] (+0) -0.464912281<x48>[B] (+0) -0.464912281<x49>[B] (+1) -0.464912281<x50>[B] (+0) +0.464912281<x51>[B] (+0) +0.464912281<x52>[B] (+1) +0.464912281<x53>[B] (+0) -0.464912281<x54>[B] (+0) +0.464912281<x55>[B] (+1) +0.464912281<x56>[B] (+0) +0.464912281<x57>[B] (+1) +0.464912281<x58>[B] (+0) -0.464912281<x59>[B] (+0) +0.464912281<x60>[B] (+1) +0.464912281<x61>[B] (+0) +0.464912281<x62>[B] (+0) +0.464912281<x63>[B] (+0) +0.464912281<x64>[B] (+1) +0.464912281<x65>[B] (+0) +0.464912281<x66>[B] (+0) -0.464912281<x67>[B] (+0) -0.464912281<x68>[B] (+0) -0.464912281<x69>[B] (+1) -0.464912281<x70>[B] (+0) -0.464912281<x71>[B] (+1) -0.464912281<x72>[B] (+0) -0.464912281<x73>[B] (+0) -0.464912281<x74>[B] (+1) -0.464912281<x75>[B] (+0) -0.464912281<x76>[B] (+0) -0.464912281<x77>[B] (+0) -0.464912281<x78>[B] (+1) -0.464912281<x79>[B] (+0) -0.464912281<x80>[B] (+0) -0.464912281<x81>[B] (+1) +0.464912281<x82>[B] (+1) +0.464912281<x83>[B] (+0) +0.464912281<x84>[B] (+1) +0.464912281<x85>[B] (+1) -0.464912281<x86>[B] (+1) +0.464912281<x87>[B] (+1) +0.464912281<x88>[B] (+1) +0.464912281<x89>[B] (+0) -0.464912281<x90>[B] (+1) +0.464912281<x91>[B] (+1) -0.464912281<x92>[B] (+1) +0.464912281<x93>[B] (+1) +0.464912281<x94>[B] (+1) +0.464912281<x95>[B] (+0) +0.464912281<x96>[B] (+1) +0.464912281<x97>[B] (+0) -0.464912281<x98>[B] (+1) +0.464912281<x99>[B] (+1) +0.464912281<x100>[B] (+1) +0.464912281<x101>[B] (+0) +0.464912281<x102>[B] (+1) +0.464912281<x103>[B] (+1) +0.464912281<x104>[B] (+0) +0.464912281<x105>[B] (+1) -0.464912281<x106>[B] (+0) +0.464912281<x107>[B] (+1) +0.464912281<x108>[B] (+0) -0.464912281<x109>[B] (+0) -0.464912281<x110>[B] (+0) +0.464912281<x111>[B] (+0) -0.464912281<x112>[B] (+0) -0.464912281<x113>[B] (+0) -0.464912281<x114>[B] (+1) -0.464912281<x115>[B] (+0) +0.464912281<x116>[B] (+0) +0.464912281<x117>[B] (+1) +0.464912281<x118>[B] (+1) -0.464912281<x119>[B] (+1) +0.464912281<x120>[B] (+1) +0.464912281<x121>[B] (+1) +0.464912281<x122>[B] (+0) -0.464912281<x123>[B] (+1) +0.464912281<x124>[B] (+1) -0.464912281<x125>[B] (+1) +0.464912281<x126>[B] (+1) +0.464912281<x127>[B] (+0) -0.464912281<x128>[B] (+0) -0.464912281<x129>[B] (+0) +0.464912281<x130>[B] (+0) -0.464912281<x131>[B] (+0) -0.464912281<x132>[B] (+0) -0.464912281<x133>[B] (+1) -0.464912281<x134>[B] (+0) +0.464912281<x135>[B] (+0) -0.464912281<x136>[B] (+1) -0.464912281<x137>[B] (+1) +0.464912281<x138>[B] (+1) -0.464912281<x139>[B] (+0) -0.464912281<x140>[B] (+1) -0.464912281<x141>[B] (+1) -0.464912281<x142>[B] (+1) -0.464912281<x143>[B] (+1) +0.464912281<x144>[B] (+1) +0.464912281<x145>[B] (+1) +0.464912281<x146>[B] (+0) +0.464912281<x147>[B] (+1) +0.464912281<x148>[B] (+1) +0.464912281<x149>[B] (+0) +0.464912281<x150>[B] (+0) +0.464912281<x151>[B] (+0) +0.464912281<x152>[B] (+0) -0.464912281<x153>[B] (+0) -0.464912281<x154>[B] (+1) -0.464912281<x155>[B] (+0) +0.464912281<x156>[B] (+0) -0.464912281<x157>[B] (+0) -0.464912281<x158>[B] (+0) -0.464912281<x159>[B] (+1) -0.464912281<x160>[B] (+0) -0.464912281<x161>[B] (+0) -0.464912281<x162>[B] (+1) -0.464912281<x163>[B] (+1) -0.464912281<x164>[B] (+1) +0.464912281<x165>[B] (+1) +0.464912281<x166>[B] (+1) -0.464912281<x167>[B] (+0) +0.464912281<x168>[B] (+0) -0.464912281<x169>[B] (+0) +0.464912281<x170>[B] (+0) +0.464912281<x171>[B] (+1) >= 23.3625730994152;
;
violation: left hand side is violated by 0.017543859649134
  [linear] <c1982>: <x177>[C] (+23.7573099) +0.476608187<x1>[B] (+0) +0.476608187<x2>[B] (+0) +0.476608187<x3>[B] (+1) -0.476608187<x4>[B] (+0) +0.476608187<x5>[B] (+1) +0.476608187<x6>[B] (+1) +0.476608187<x7>[B] (+0) +0.476608187<x8>[B] (+1) +0.476608187<x9>[B] (+0) +0.476608187<x10>[B] (+1) +0.476608187<x11>[B] (+1) +0.476608187<x12>[B] (+0) +0.476608187<x13>[B] (+1) -0.476608187<x14>[B] (+1) +0.476608187<x15>[B] (+1) +0.476608187<x16>[B] (+0) -0.476608187<x17>[B] (+1) +0.476608187<x18>[B] (+1) +0.476608187<x19>[B] (+1) +0.476608187<x20>[B] (+1) -0.476608187<x21>[B] (+1) +0.476608187<x22>[B] (+1) +0.476608187<x23>[B] (+1) -0.476608187<x24>[B] (+0) +0.476608187<x25>[B] (+1) +0.476608187<x26>[B] (+1) -0.476608187<x27>[B] (+1) +0.476608187<x28>[B] (+1) +0.476608187<x29>[B] (+0) -0.476608187<x30>[B] (+1) -0.476608187<x31>[B] (+1) +0.476608187<x32>[B] (+1) -0.476608187<x33>[B] (+0) -0.476608187<x34>[B] (+1) -0.476608187<x35>[B] (+1) +0.476608187<x36>[B] (+1) -0.476608187<x37>[B] (+1) -0.476608187<x38>[B] (+1) -0.476608187<x39>[B] (+1) -0.476608187<x40>[B] (+0) -0.476608187<x41>[B] (+1) -0.476608187<x42>[B] (+1) -0.476608187<x43>[B] (+1) +0.476608187<x44>[B] (+1) -0.476608187<x45>[B] (+0) -0.476608187<x46>[B] (+1) -0.476608187<x47>[B] (+1) -0.476608187<x48>[B] (+1) -0.476608187<x49>[B] (+0) -0.476608187<x50>[B] (+1) -0.476608187<x51>[B] (+1) -0.476608187<x52>[B] (+0) -0.476608187<x53>[B] (+1) -0.476608187<x54>[B] (+1) -0.476608187<x55>[B] (+0) -0.476608187<x56>[B] (+1) -0.476608187<x57>[B] (+0) -0.476608187<x58>[B] (+1) +0.476608187<x59>[B] (+1) -0.476608187<x60>[B] (+0) -0.476608187<x61>[B] (+1) -0.476608187<x62>[B] (+1) -0.476608187<x63>[B] (+1) -0.476608187<x64>[B] (+0) -0.476608187<x65>[B] (+1) -0.476608187<x66>[B] (+1) +0.476608187<x67>[B] (+1) +0.476608187<x68>[B] (+1) +0.476608187<x69>[B] (+0) +0.476608187<x70>[B] (+1) +0.476608187<x71>[B] (+0) +0.476608187<x72>[B] (+1) +0.476608187<x73>[B] (+1) +0.476608187<x74>[B] (+0) +0.476608187<x75>[B] (+1) -0.476608187<x76>[B] (+1) +0.476608187<x77>[B] (+1) +0.476608187<x78>[B] (+0) -0.476608187<x79>[B] (+1) +0.476608187<x80>[B] (+1) -0.476608187<x81>[B] (+0) -0.476608187<x82>[B] (+0) +0.476608187<x83>[B] (+1) -0.476608187<x84>[B] (+0) -0.476608187<x85>[B] (+1) +0.476608187<x86>[B] (+0) +0.476608187<x87>[B] (+0) -0.476608187<x88>[B] (+1) -0.476608187<x89>[B] (+1) -0.476608187<x90>[B] (+0) -0.476608187<x91>[B] (+0) -0.476608187<x92>[B] (+1) -0.476608187<x93>[B] (+1) -0.476608187<x94>[B] (+0) +0.476608187<x95>[B] (+1) -0.476608187<x96>[B] (+0) -0.476608187<x97>[B] (+1) +0.476608187<x98>[B] (+1) +0.476608187<x99>[B] (+0) -0.476608187<x100>[B] (+1) -0.476608187<x101>[B] (+1) +0.476608187<x102>[B] (+1) -0.476608187<x103>[B] (+0) -0.476608187<x104>[B] (+1) -0.476608187<x105>[B] (+1) +0.476608187<x106>[B] (+1) +0.476608187<x107>[B] (+1) +0.476608187<x108>[B] (+1) +0.476608187<x109>[B] (+1) +0.476608187<x110>[B] (+1) -0.476608187<x111>[B] (+1) -0.476608187<x112>[B] (+1) +0.476608187<x113>[B] (+1) -0.476608187<x114>[B] (+0) -0.476608187<x115>[B] (+1) -0.476608187<x116>[B] (+1) -0.476608187<x117>[B] (+0) -0.476608187<x118>[B] (+0) +0.476608187<x119>[B] (+0) -0.476608187<x120>[B] (+0) -0.476608187<x121>[B] (+0) -0.476608187<x122>[B] (+1) -0.476608187<x123>[B] (+0) -0.476608187<x124>[B] (+0) -0.476608187<x125>[B] (+0) -0.476608187<x126>[B] (+0) -0.476608187<x127>[B] (+1) +0.476608187<x128>[B] (+1) +0.476608187<x129>[B] (+0) -0.476608187<x130>[B] (+1) -0.476608187<x131>[B] (+1) +0.476608187<x132>[B] (+1) -0.476608187<x133>[B] (+0) -0.476608187<x134>[B] (+1) -0.476608187<x135>[B] (+1) +0.476608187<x136>[B] (+0) +0.476608187<x137>[B] (+0) -0.476608187<x138>[B] (+0) -0.476608187<x139>[B] (+1) +0.476608187<x140>[B] (+0) -0.476608187<x141>[B] (+0) -0.476608187<x142>[B] (+0) -0.476608187<x143>[B] (+0) -0.476608187<x144>[B] (+0) -0.476608187<x145>[B] (+1) -0.476608187<x146>[B] (+1) -0.476608187<x147>[B] (+0) -0.476608187<x148>[B] (+0) -0.476608187<x149>[B] (+1) -0.476608187<x150>[B] (+1) -0.476608187<x151>[B] (+1) -0.476608187<x152>[B] (+1) -0.476608187<x153>[B] (+1) -0.476608187<x154>[B] (+0) -0.476608187<x155>[B] (+1) -0.476608187<x156>[B] (+1) -0.476608187<x157>[B] (+1) +0.476608187<x158>[B] (+0) -0.476608187<x159>[B] (+0) -0.476608187<x160>[B] (+1) -0.476608187<x161>[B] (+1) +0.476608187<x162>[B] (+0) +0.476608187<x163>[B] (+0) +0.476608187<x164>[B] (+0) +0.476608187<x165>[B] (+0) -0.476608187<x166>[B] (+0) -0.476608187<x167>[B] (+1) -0.476608187<x168>[B] (+1) -0.476608187<x169>[B] (+1) +0.476608187<x170>[B] (+1) +0.476608187<x171>[B] (+0) >= 12.0350877192982;
;
violation: left hand side is violated by 0.192982456140346
2/4 feasible solutions given by solution candidate storage, new primal bound -4.000122e+06

presolving:
   (0.0s) symmetry computation started: requiring (bin +, int +, cont +), (fixed: bin -, int -, cont -)
   (0.0s) no symmetry present (symcode time: 0.00)
presolving (0 rounds: 0 fast, 0 medium, 0 exhaustive):
 0 deleted vars, 0 deleted constraints, 0 added constraints, 0 tightened bounds, 0 added holes, 0 changed sides, 0 changed coefficients
 0 implications, 0 cliques, 0 implied integral variables (0 bin, 0 int, 0 cont)
presolved problem has 211 variables (171 bin, 0 int, 40 cont) and 2008 constraints
   2008 constraints of type <linear>
Presolving Time: 0.01
transformed 2/2 original solutions to the transformed problem space

 time | node  | left  |LP iter|LP it/n|mem/heur|mdpt |vars |cons |rows |cuts |sepa|confs|strbr|  dualbound   | primalbound  |  gap   | compl. 
p 0.0s|     1 |     0 |    19 |     - |   locks|   0 | 211 |2008 |2008 |   0 |  0 |   0 |   0 | 3.920000e+02 |-1.055216e+03 |    Inf | unknown
  0.0s|     1 |     0 |   351 |     - |    14M |   0 | 211 |2008 |2008 |   0 |  0 |   0 |   0 |-7.287994e+02 |-1.055216e+03 |  44.79%| unknown
r 0.0s|     1 |     0 |   351 |     - |shifting|   0 | 211 |2008 |2008 |   0 |  0 |   0 |   0 |-7.287994e+02 |-7.573088e+02 |   3.91%| unknown
  0.1s|     1 |     0 |   358 |     - |    14M |   0 | 211 |2008 |2009 |   1 |  1 |   0 |   0 |-7.288171e+02 |-7.573088e+02 |   3.91%| unknown
r 0.1s|     1 |     0 |   358 |     - |shifting|   0 | 211 |2008 |2009 |   1 |  1 |   0 |   0 |-7.288171e+02 |-7.572167e+02 |   3.90%| unknown
  0.1s|     1 |     0 |   358 |     - |    15M |   0 | 211 |2008 |2009 |   1 |  1 |   0 |   0 |-7.288171e+02 |-7.572167e+02 |   3.90%| unknown
  0.1s|     1 |     0 |   360 |     - |    15M |   0 | 211 |2008 |2010 |   2 |  2 |   0 |   0 |-7.288254e+02 |-7.572167e+02 |   3.90%| unknown
  0.1s|     1 |     0 |   366 |     - |    16M |   0 | 211 |2008 |2012 |   4 |  3 |   0 |   0 |-7.288392e+02 |-7.572167e+02 |   3.89%| unknown
d 0.1s|     1 |     0 |   366 |     - |farkasdi|   0 | 211 |2008 |2012 |   0 |  4 |   0 |   0 |-7.288392e+02 |-7.288392e+02 |   0.00%| unknown
  0.1s|     1 |     0 |   366 |     - |    16M |   0 | 211 |2008 |2012 |   4 |  4 |   0 |   0 |-7.288392e+02 |-7.288392e+02 |   0.00%| unknown

SCIP Status        : problem is solved [optimal solution found]
Solving Time (sec) : 0.11
Solving Nodes      : 1
Primal Bound       : -7.28839181286550e+02 (7 solutions)
Dual Bound         : -7.28839181286550e+02
Gap                : 0.00 %
  [linear] <c2009>: <x175>[C] (+22.1140351) -0.505847953<x1>[B] (+1) +0.505847953<x2>[B] (+1) +0.505847953<x3>[B] (+0) +0.505847953<x4>[B] (+1) +0.505847953<x5>[B] (+0) +0.505847953<x6>[B] (+0) -0.505847953<x7>[B] (+1) +0.505847953<x8>[B] (+0) +0.505847953<x9>[B] (+1) +0.505847953<x10>[B] (+0) +0.505847953<x11>[B] (+1.76497374e-13) +0.505847953<x12>[B] (+1) +0.505847953<x13>[B] (+1.76497374e-13) +0.505847953<x14>[B] (+0) +0.505847953<x15>[B] (+0) +0.505847953<x16>[B] (+1) -0.505847953<x17>[B] (+0) +0.505847953<x18>[B] (+0) +0.505847953<x19>[B] (+1) +0.505847953<x20>[B] (+0) +0.505847953<x21>[B] (+0) +0.505847953<x22>[B] (+0) +0.505847953<x23>[B] (+0) +0.505847953<x24>[B] (+1) +0.505847953<x25>[B] (+0) +0.505847953<x26>[B] (+0) +0.505847953<x27>[B] (+0) +0.505847953<x28>[B] (+0) +0.505847953<x29>[B] (+2.53263082e-13) +0.505847953<x30>[B] (+0) +0.505847953<x31>[B] (+0) +0.505847953<x32>[B] (+0) +0.505847953<x33>[B] (+1) +0.505847953<x34>[B] (+0) +0.505847953<x35>[B] (+0) +0.505847953<x36>[B] (+0) +0.505847953<x37>[B] (+0) -0.505847953<x38>[B] (+0) -0.505847953<x39>[B] (+0) -0.505847953<x40>[B] (+0) -0.505847953<x41>[B] (+0) +0.505847953<x42>[B] (+0) -0.505847953<x43>[B] (+0) +0.505847953<x44>[B] (+0) -0.505847953<x45>[B] (+0) -0.505847953<x46>[B] (+0) +0.505847953<x47>[B] (+0) +0.505847953<x48>[B] (+0) -0.505847953<x49>[B] (+1) -0.505847953<x50>[B] (+0) -0.505847953<x51>[B] (+0) +0.505847953<x52>[B] (+1) -0.505847953<x53>[B] (+0) -0.505847953<x54>[B] (+0) -0.505847953<x55>[B] (+1) -0.505847953<x56>[B] (+0) +0.505847953<x57>[B] (+1) -0.505847953<x58>[B] (+0) +0.505847953<x59>[B] (+1.76497374e-13) -0.505847953<x60>[B] (+1) -0.505847953<x61>[B] (+1) +0.505847953<x62>[B] (+0) +0.505847953<x63>[B] (+0) -0.505847953<x64>[B] (+1) -0.505847953<x65>[B] (+0) -0.505847953<x66>[B] (+0) -0.505847953<x67>[B] (+0) -0.505847953<x68>[B] (+0) -0.505847953<x69>[B] (+1) -0.505847953<x70>[B] (+0) +0.505847953<x71>[B] (+1) -0.505847953<x72>[B] (+0) +0.505847953<x73>[B] (+1.76497374e-13) -0.505847953<x74>[B] (+1) -0.505847953<x75>[B] (+1.76497374e-13) -0.505847953<x76>[B] (+0) -0.505847953<x77>[B] (+0) -0.505847953<x78>[B] (+1) -0.505847953<x79>[B] (+0) -0.505847953<x80>[B] (+0) -0.505847953<x81>[B] (+1) -0.505847953<x82>[B] (+1) +0.505847953<x83>[B] (+0) +0.505847953<x84>[B] (+1) -0.505847953<x85>[B] (+1) +0.505847953<x86>[B] (+1) +0.505847953<x87>[B] (+1) -0.505847953<x88>[B] (+1) +0.505847953<x89>[B] (+0) +0.505847953<x90>[B] (+1) +0.505847953<x91>[B] (+1) -0.505847953<x92>[B] (+1) +0.505847953<x93>[B] (+1) -0.505847953<x94>[B] (+1) +0.505847953<x95>[B] (+0) +0.505847953<x96>[B] (+1) +0.505847953<x97>[B] (+0) +0.505847953<x98>[B] (+1) +0.505847953<x99>[B] (+1) +0.505847953<x100>[B] (+1) +0.505847953<x101>[B] (+0) +0.505847953<x102>[B] (+1) +0.505847953<x103>[B] (+1) -0.505847953<x104>[B] (+0) +0.505847953<x105>[B] (+1) +0.505847953<x106>[B] (+0) +0.505847953<x107>[B] (+0) +0.505847953<x108>[B] (+0) +0.505847953<x109>[B] (+0) +0.505847953<x110>[B] (+0) +0.505847953<x111>[B] (+0) +0.505847953<x112>[B] (+0) +0.505847953<x113>[B] (+0) +0.505847953<x114>[B] (+1) -0.505847953<x115>[B] (+0) +0.505847953<x116>[B] (+0) +0.505847953<x117>[B] (+1) -0.505847953<x118>[B] (+1) +0.505847953<x119>[B] (+1) +0.505847953<x120>[B] (+1) -0.505847953<x121>[B] (+1) +0.505847953<x122>[B] (+0) +0.505847953<x123>[B] (+1) -0.505847953<x124>[B] (+1) -0.505847953<x125>[B] (+1) +0.505847953<x126>[B] (+1) -0.505847953<x127>[B] (+0) +0.505847953<x128>[B] (+0) -0.505847953<x129>[B] (+2.53263082e-13) -0.505847953<x130>[B] (+1.76497374e-13) -0.505847953<x131>[B] (+0) -0.505847953<x132>[B] (+0) -0.505847953<x133>[B] (+1) -0.505847953<x134>[B] (+0) -0.505847953<x135>[B] (+0) +0.505847953<x136>[B] (+1) +0.505847953<x137>[B] (+1) +0.505847953<x138>[B] (+1) +0.505847953<x139>[B] (+0) +0.505847953<x140>[B] (+1) +0.505847953<x141>[B] (+1) -0.505847953<x142>[B] (+1) +0.505847953<x143>[B] (+1) -0.505847953<x144>[B] (+1) -0.505847953<x145>[B] (+1) -0.505847953<x146>[B] (+0) -0.505847953<x147>[B] (+2.46557004e-13) -0.505847953<x148>[B] (+1) -0.505847953<x149>[B] (+0) -0.505847953<x150>[B] (+0) -0.505847953<x151>[B] (+1.76497374e-13) +0.505847953<x152>[B] (+0) +0.505847953<x153>[B] (+0) -0.505847953<x154>[B] (+1) -0.505847953<x155>[B] (+0) -0.505847953<x156>[B] (+0) +0.505847953<x157>[B] (+0) +0.505847953<x158>[B] (+0) +0.505847953<x159>[B] (+1) -0.505847953<x160>[B] (+0) +0.505847953<x161>[B] (+0) +0.505847953<x162>[B] (+1) -0.505847953<x163>[B] (+1) -0.505847953<x164>[B] (+1) -0.505847953<x165>[B] (+1) -0.505847953<x166>[B] (+1) -0.505847953<x167>[B] (+0) -0.505847953<x168>[B] (+0) -0.505847953<x169>[B] (+0) +0.505847953<x170>[B] (+0) +0.505847953<x171>[B] (+1) >= 26.6842105263158;
;
violation: left hand side is violated by 0.0175438596491233
  [linear] <c2009>: <x175>[C] (+23.5964912) -0.505847953<x1>[B] (+1) +0.505847953<x2>[B] (+1) +0.505847953<x3>[B] (+0) +0.505847953<x4>[B] (+1) +0.505847953<x5>[B] (+0) +0.505847953<x6>[B] (+0) -0.505847953<x7>[B] (+1) +0.505847953<x8>[B] (+0) +0.505847953<x9>[B] (+1) +0.505847953<x10>[B] (+0) +0.505847953<x11>[B] (+0) +0.505847953<x12>[B] (+1) +0.505847953<x13>[B] (+1) +0.505847953<x14>[B] (+0) +0.505847953<x15>[B] (+0) +0.505847953<x16>[B] (+1) -0.505847953<x17>[B] (+0) +0.505847953<x18>[B] (+0) +0.505847953<x19>[B] (+1) +0.505847953<x20>[B] (+0) +0.505847953<x21>[B] (+0) +0.505847953<x22>[B] (+0) +0.505847953<x23>[B] (+0) +0.505847953<x24>[B] (+1) +0.505847953<x25>[B] (+0) +0.505847953<x26>[B] (+0) +0.505847953<x27>[B] (+0) +0.505847953<x28>[B] (+0) +0.505847953<x29>[B] (+0) +0.505847953<x30>[B] (+0) +0.505847953<x31>[B] (+0) +0.505847953<x32>[B] (+0) +0.505847953<x33>[B] (+1) +0.505847953<x34>[B] (+0) +0.505847953<x35>[B] (+0) +0.505847953<x36>[B] (+0) +0.505847953<x37>[B] (+0) -0.505847953<x38>[B] (+0) -0.505847953<x39>[B] (+0) -0.505847953<x40>[B] (+0) -0.505847953<x41>[B] (+0) +0.505847953<x42>[B] (+0) -0.505847953<x43>[B] (+0) +0.505847953<x44>[B] (+0) -0.505847953<x45>[B] (+0) -0.505847953<x46>[B] (+0) +0.505847953<x47>[B] (+0) +0.505847953<x48>[B] (+0) -0.505847953<x49>[B] (+1) -0.505847953<x50>[B] (+0) -0.505847953<x51>[B] (+0) +0.505847953<x52>[B] (+1) -0.505847953<x53>[B] (+0) -0.505847953<x54>[B] (+0) -0.505847953<x55>[B] (+1) -0.505847953<x56>[B] (+0) +0.505847953<x57>[B] (+1) -0.505847953<x58>[B] (+0) +0.505847953<x59>[B] (+0) -0.505847953<x60>[B] (+1) -0.505847953<x61>[B] (+1) +0.505847953<x62>[B] (+0) +0.505847953<x63>[B] (+0) -0.505847953<x64>[B] (+1) -0.505847953<x65>[B] (+0) -0.505847953<x66>[B] (+0) -0.505847953<x67>[B] (+0) -0.505847953<x68>[B] (+0) -0.505847953<x69>[B] (+1) -0.505847953<x70>[B] (+0) +0.505847953<x71>[B] (+1) -0.505847953<x72>[B] (+0) +0.505847953<x73>[B] (+0) -0.505847953<x74>[B] (+1) -0.505847953<x75>[B] (+1) -0.505847953<x76>[B] (+0) -0.505847953<x77>[B] (+0) -0.505847953<x78>[B] (+1) -0.505847953<x79>[B] (+0) -0.505847953<x80>[B] (+0) -0.505847953<x81>[B] (+1) -0.505847953<x82>[B] (+1) +0.505847953<x83>[B] (+0) +0.505847953<x84>[B] (+1) -0.505847953<x85>[B] (+1) +0.505847953<x86>[B] (+1) +0.505847953<x87>[B] (+1) -0.505847953<x88>[B] (+1) +0.505847953<x89>[B] (+0) +0.505847953<x90>[B] (+1) +0.505847953<x91>[B] (+1) -0.505847953<x92>[B] (+1) +0.505847953<x93>[B] (+1) -0.505847953<x94>[B] (+1) +0.505847953<x95>[B] (+0) +0.505847953<x96>[B] (+1) +0.505847953<x97>[B] (+0) +0.505847953<x98>[B] (+1) +0.505847953<x99>[B] (+1) +0.505847953<x100>[B] (+1) +0.505847953<x101>[B] (+0) +0.505847953<x102>[B] (+1) +0.505847953<x103>[B] (+1) -0.505847953<x104>[B] (+0) +0.505847953<x105>[B] (+1) +0.505847953<x106>[B] (+0) +0.505847953<x107>[B] (+0) +0.505847953<x108>[B] (+0) +0.505847953<x109>[B] (+0) +0.505847953<x110>[B] (+0) +0.505847953<x111>[B] (+0) +0.505847953<x112>[B] (+0) +0.505847953<x113>[B] (+0) +0.505847953<x114>[B] (+1) -0.505847953<x115>[B] (+0) +0.505847953<x116>[B] (+0) +0.505847953<x117>[B] (+1) -0.505847953<x118>[B] (+1) +0.505847953<x119>[B] (+1) +0.505847953<x120>[B] (+1) -0.505847953<x121>[B] (+1) +0.505847953<x122>[B] (+0) +0.505847953<x123>[B] (+1) -0.505847953<x124>[B] (+1) -0.505847953<x125>[B] (+1) +0.505847953<x126>[B] (+1) -0.505847953<x127>[B] (+0) +0.505847953<x128>[B] (+0) -0.505847953<x129>[B] (+1) -0.505847953<x130>[B] (+1) -0.505847953<x131>[B] (+0) -0.505847953<x132>[B] (+0) -0.505847953<x133>[B] (+1) -0.505847953<x134>[B] (+0) -0.505847953<x135>[B] (+0) +0.505847953<x136>[B] (+1) +0.505847953<x137>[B] (+1) +0.505847953<x138>[B] (+1) +0.505847953<x139>[B] (+0) +0.505847953<x140>[B] (+1) +0.505847953<x141>[B] (+1) -0.505847953<x142>[B] (+1) +0.505847953<x143>[B] (+1) -0.505847953<x144>[B] (+1) -0.505847953<x145>[B] (+1) -0.505847953<x146>[B] (+0) -0.505847953<x147>[B] (+0) -0.505847953<x148>[B] (+1) -0.505847953<x149>[B] (+0) -0.505847953<x150>[B] (+0) -0.505847953<x151>[B] (+1) +0.505847953<x152>[B] (+0) +0.505847953<x153>[B] (+0) -0.505847953<x154>[B] (+1) -0.505847953<x155>[B] (+0) -0.505847953<x156>[B] (+0) +0.505847953<x157>[B] (+0) +0.505847953<x158>[B] (+0) +0.505847953<x159>[B] (+1) -0.505847953<x160>[B] (+0) +0.505847953<x161>[B] (+0) +0.505847953<x162>[B] (+1) -0.505847953<x163>[B] (+1) -0.505847953<x164>[B] (+1) -0.505847953<x165>[B] (+1) -0.505847953<x166>[B] (+1) -0.505847953<x167>[B] (+0) -0.505847953<x168>[B] (+0) -0.505847953<x169>[B] (+0) +0.505847953<x170>[B] (+0) +0.505847953<x171>[B] (+1) >= 26.6842105263158;
;
violation: left hand side is violated by 0.0526315789473699
  [linear] <c2009>: <x175>[C] (+23.5964912) -0.505847953<x1>[B] (+1) +0.505847953<x2>[B] (+1) +0.505847953<x3>[B] (+0) +0.505847953<x4>[B] (+1) +0.505847953<x5>[B] (+0) +0.505847953<x6>[B] (+0) -0.505847953<x7>[B] (+1) +0.505847953<x8>[B] (+0) +0.505847953<x9>[B] (+1) +0.505847953<x10>[B] (+0) +0.505847953<x11>[B] (+0) +0.505847953<x12>[B] (+1) +0.505847953<x13>[B] (+1) +0.505847953<x14>[B] (+0) +0.505847953<x15>[B] (+0) +0.505847953<x16>[B] (+1) -0.505847953<x17>[B] (+0) +0.505847953<x18>[B] (+0) +0.505847953<x19>[B] (+1) +0.505847953<x20>[B] (+0) +0.505847953<x21>[B] (+0) +0.505847953<x22>[B] (+0) +0.505847953<x23>[B] (+0) +0.505847953<x24>[B] (+1) +0.505847953<x25>[B] (+0) +0.505847953<x26>[B] (+0) +0.505847953<x27>[B] (+0) +0.505847953<x28>[B] (+0) +0.505847953<x29>[B] (+0) +0.505847953<x30>[B] (+0) +0.505847953<x31>[B] (+0) +0.505847953<x32>[B] (+0) +0.505847953<x33>[B] (+1) +0.505847953<x34>[B] (+0) +0.505847953<x35>[B] (+0) +0.505847953<x36>[B] (+0) +0.505847953<x37>[B] (+0) -0.505847953<x38>[B] (+0) -0.505847953<x39>[B] (+0) -0.505847953<x40>[B] (+0) -0.505847953<x41>[B] (+0) +0.505847953<x42>[B] (+0) -0.505847953<x43>[B] (+0) +0.505847953<x44>[B] (+0) -0.505847953<x45>[B] (+0) -0.505847953<x46>[B] (+0) +0.505847953<x47>[B] (+0) +0.505847953<x48>[B] (+0) -0.505847953<x49>[B] (+1) -0.505847953<x50>[B] (+0) -0.505847953<x51>[B] (+0) +0.505847953<x52>[B] (+1) -0.505847953<x53>[B] (+0) -0.505847953<x54>[B] (+0) -0.505847953<x55>[B] (+1) -0.505847953<x56>[B] (+0) +0.505847953<x57>[B] (+1) -0.505847953<x58>[B] (+0) +0.505847953<x59>[B] (+0) -0.505847953<x60>[B] (+1) -0.505847953<x61>[B] (+1) +0.505847953<x62>[B] (+0) +0.505847953<x63>[B] (+0) -0.505847953<x64>[B] (+1) -0.505847953<x65>[B] (+0) -0.505847953<x66>[B] (+0) -0.505847953<x67>[B] (+0) -0.505847953<x68>[B] (+0) -0.505847953<x69>[B] (+1) -0.505847953<x70>[B] (+0) +0.505847953<x71>[B] (+1) -0.505847953<x72>[B] (+0) +0.505847953<x73>[B] (+0) -0.505847953<x74>[B] (+1) -0.505847953<x75>[B] (+1) -0.505847953<x76>[B] (+0) -0.505847953<x77>[B] (+0) -0.505847953<x78>[B] (+1) -0.505847953<x79>[B] (+0) -0.505847953<x80>[B] (+0) -0.505847953<x81>[B] (+1) -0.505847953<x82>[B] (+1) +0.505847953<x83>[B] (+0) +0.505847953<x84>[B] (+1) -0.505847953<x85>[B] (+1) +0.505847953<x86>[B] (+1) +0.505847953<x87>[B] (+1) -0.505847953<x88>[B] (+1) +0.505847953<x89>[B] (+0) +0.505847953<x90>[B] (+1) +0.505847953<x91>[B] (+1) -0.505847953<x92>[B] (+1) +0.505847953<x93>[B] (+1) -0.505847953<x94>[B] (+1) +0.505847953<x95>[B] (+0) +0.505847953<x96>[B] (+1) +0.505847953<x97>[B] (+0) +0.505847953<x98>[B] (+1) +0.505847953<x99>[B] (+1) +0.505847953<x100>[B] (+1) +0.505847953<x101>[B] (+0) +0.505847953<x102>[B] (+1) +0.505847953<x103>[B] (+1) -0.505847953<x104>[B] (+0) +0.505847953<x105>[B] (+1) +0.505847953<x106>[B] (+0) +0.505847953<x107>[B] (+0) +0.505847953<x108>[B] (+0) +0.505847953<x109>[B] (+0) +0.505847953<x110>[B] (+0) +0.505847953<x111>[B] (+0) +0.505847953<x112>[B] (+0) +0.505847953<x113>[B] (+0) +0.505847953<x114>[B] (+1) -0.505847953<x115>[B] (+0) +0.505847953<x116>[B] (+0) +0.505847953<x117>[B] (+1) -0.505847953<x118>[B] (+1) +0.505847953<x119>[B] (+1) +0.505847953<x120>[B] (+1) -0.505847953<x121>[B] (+1) +0.505847953<x122>[B] (+0) +0.505847953<x123>[B] (+1) -0.505847953<x124>[B] (+1) -0.505847953<x125>[B] (+1) +0.505847953<x126>[B] (+1) -0.505847953<x127>[B] (+0) +0.505847953<x128>[B] (+0) -0.505847953<x129>[B] (+1) -0.505847953<x130>[B] (+1) -0.505847953<x131>[B] (+0) -0.505847953<x132>[B] (+0) -0.505847953<x133>[B] (+1) -0.505847953<x134>[B] (+0) -0.505847953<x135>[B] (+0) +0.505847953<x136>[B] (+1) +0.505847953<x137>[B] (+1) +0.505847953<x138>[B] (+1) +0.505847953<x139>[B] (+0) +0.505847953<x140>[B] (+1) +0.505847953<x141>[B] (+1) -0.505847953<x142>[B] (+1) +0.505847953<x143>[B] (+1) -0.505847953<x144>[B] (+1) -0.505847953<x145>[B] (+1) -0.505847953<x146>[B] (+0) -0.505847953<x147>[B] (+0) -0.505847953<x148>[B] (+1) -0.505847953<x149>[B] (+0) -0.505847953<x150>[B] (+0) -0.505847953<x151>[B] (+1) +0.505847953<x152>[B] (+0) +0.505847953<x153>[B] (+0) -0.505847953<x154>[B] (+1) -0.505847953<x155>[B] (+0) -0.505847953<x156>[B] (+0) +0.505847953<x157>[B] (+0) +0.505847953<x158>[B] (+0) +0.505847953<x159>[B] (+1) -0.505847953<x160>[B] (+0) +0.505847953<x161>[B] (+0) +0.505847953<x162>[B] (+1) -0.505847953<x163>[B] (+1) -0.505847953<x164>[B] (+1) -0.505847953<x165>[B] (+1) -0.505847953<x166>[B] (+1) -0.505847953<x167>[B] (+0) -0.505847953<x168>[B] (+0) -0.505847953<x169>[B] (+0) +0.505847953<x170>[B] (+0) +0.505847953<x171>[B] (+1) >= 26.6842105263158;
;
violation: left hand side is violated by 0.0526315789473735
  [linear] <c2017>: <x187>[C] (+21.5380117) +0.48245614<x1>[B] (+1) +0.48245614<x2>[B] (+1) +0.48245614<x3>[B] (+0) +0.48245614<x4>[B] (+1) +0.48245614<x5>[B] (+0) +0.48245614<x6>[B] (+0) +0.48245614<x7>[B] (+1) -0.48245614<x8>[B] (+0) +0.48245614<x9>[B] (+1) -0.48245614<x10>[B] (+0) -0.48245614<x11>[B] (+1) +0.48245614<x12>[B] (+1) +0.48245614<x13>[B] (+1) +0.48245614<x14>[B] (+0) +0.48245614<x15>[B] (+0) +0.48245614<x16>[B] (+1) +0.48245614<x17>[B] (+0) +0.48245614<x18>[B] (+0) +0.48245614<x19>[B] (+1) +0.48245614<x20>[B] (+0) +0.48245614<x21>[B] (+0) -0.48245614<x22>[B] (+0) +0.48245614<x23>[B] (+0) +0.48245614<x24>[B] (+1) -0.48245614<x25>[B] (+0) +0.48245614<x26>[B] (+0) -0.48245614<x27>[B] (+0) -0.48245614<x28>[B] (+0) +0.48245614<x29>[B] (+0) +0.48245614<x30>[B] (+0) +0.48245614<x31>[B] (+0) +0.48245614<x32>[B] (+0) -0.48245614<x33>[B] (+1) +0.48245614<x34>[B] (+0) +0.48245614<x35>[B] (+0) +0.48245614<x36>[B] (+0) -0.48245614<x37>[B] (+0) -0.48245614<x38>[B] (+0) +0.48245614<x39>[B] (+0) +0.48245614<x40>[B] (+0) -0.48245614<x41>[B] (+0) -0.48245614<x42>[B] (+0) -0.48245614<x43>[B] (+0) -0.48245614<x44>[B] (+0) +0.48245614<x45>[B] (+0) -0.48245614<x46>[B] (+0) +0.48245614<x47>[B] (+0) -0.48245614<x48>[B] (+0) -0.48245614<x49>[B] (+1) -0.48245614<x50>[B] (+0) +0.48245614<x51>[B] (+0) -0.48245614<x52>[B] (+1) -0.48245614<x53>[B] (+0) +0.48245614<x54>[B] (+0) +0.48245614<x55>[B] (+1) -0.48245614<x56>[B] (+0) -0.48245614<x57>[B] (+1) -0.48245614<x58>[B] (+0) -0.48245614<x59>[B] (+1) +0.48245614<x60>[B] (+1) -0.48245614<x61>[B] (+1) +0.48245614<x62>[B] (+0) -0.48245614<x63>[B] (+0) -0.48245614<x64>[B] (+1) -0.48245614<x65>[B] (+0) -0.48245614<x66>[B] (+0) -0.48245614<x67>[B] (+0) +0.48245614<x68>[B] (+0) +0.48245614<x69>[B] (+1) -0.48245614<x70>[B] (+0) +0.48245614<x71>[B] (+1) -0.48245614<x72>[B] (+0) -0.48245614<x73>[B] (+1) +0.48245614<x74>[B] (+1) +0.48245614<x75>[B] (+1) +0.48245614<x76>[B] (+0) +0.48245614<x77>[B] (+0) -0.48245614<x78>[B] (+1) +0.48245614<x79>[B] (+0) +0.48245614<x80>[B] (+0) +0.48245614<x81>[B] (+1) +0.48245614<x82>[B] (+1) -0.48245614<x83>[B] (+0) +0.48245614<x84>[B] (+1) -0.48245614<x85>[B] (+1) -0.48245614<x86>[B] (+1) +0.48245614<x87>[B] (+1) +0.48245614<x88>[B] (+1) +0.48245614<x89>[B] (+0) +0.48245614<x90>[B] (+1) +0.48245614<x91>[B] (+1) +0.48245614<x92>[B] (+1) +0.48245614<x93>[B] (+1) -0.48245614<x94>[B] (+1) -0.48245614<x95>[B] (+0) -0.48245614<x96>[B] (+1) -0.48245614<x97>[B] (+0) -0.48245614<x98>[B] (+1) +0.48245614<x99>[B] (+1) -0.48245614<x100>[B] (+1) +0.48245614<x101>[B] (+0) -0.48245614<x102>[B] (+1) -0.48245614<x103>[B] (+1) -0.48245614<x104>[B] (+0) -0.48245614<x105>[B] (+1) -0.48245614<x106>[B] (+0) -0.48245614<x107>[B] (+0) -0.48245614<x108>[B] (+0) -0.48245614<x109>[B] (+0) +0.48245614<x110>[B] (+0) -0.48245614<x111>[B] (+0) +0.48245614<x112>[B] (+0) -0.48245614<x113>[B] (+0) -0.48245614<x114>[B] (+1) -0.48245614<x115>[B] (+0) -0.48245614<x116>[B] (+0) +0.48245614<x117>[B] (+1) +0.48245614<x118>[B] (+1) +0.48245614<x119>[B] (+1) +0.48245614<x120>[B] (+1) +0.48245614<x121>[B] (+1) +0.48245614<x122>[B] (+0) +0.48245614<x123>[B] (+1) +0.48245614<x124>[B] (+1) +0.48245614<x125>[B] (+1) +0.48245614<x126>[B] (+1) -0.48245614<x127>[B] (+0) -0.48245614<x128>[B] (+0) +0.48245614<x129>[B] (+0) +0.48245614<x130>[B] (+0) +0.48245614<x131>[B] (+0) +0.48245614<x132>[B] (+0) -0.48245614<x133>[B] (+1) +0.48245614<x134>[B] (+0) +0.48245614<x135>[B] (+0) -0.48245614<x136>[B] (+1) +0.48245614<x137>[B] (+1) +0.48245614<x138>[B] (+1) +0.48245614<x139>[B] (+0) +0.48245614<x140>[B] (+1) +0.48245614<x141>[B] (+1) +0.48245614<x142>[B] (+1) +0.48245614<x143>[B] (+1) +0.48245614<x144>[B] (+0) +0.48245614<x145>[B] (+1) +0.48245614<x146>[B] (+0) +0.48245614<x147>[B] (+0) +0.48245614<x148>[B] (+1) +0.48245614<x149>[B] (+0) +0.48245614<x150>[B] (+0) -0.48245614<x151>[B] (+1) +0.48245614<x152>[B] (+0) -0.48245614<x153>[B] (+0) -0.48245614<x154>[B] (+1) -0.48245614<x155>[B] (+0) -0.48245614<x156>[B] (+0) +0.48245614<x157>[B] (+0) +0.48245614<x158>[B] (+0) -0.48245614<x159>[B] (+1) +0.48245614<x160>[B] (+0) +0.48245614<x161>[B] (+0) -0.48245614<x162>[B] (+1) -0.48245614<x163>[B] (+1) -0.48245614<x164>[B] (+1) -0.48245614<x165>[B] (+1) -0.48245614<x166>[B] (+1) +0.48245614<x167>[B] (+0) +0.48245614<x168>[B] (+0) +0.48245614<x169>[B] (+0) +0.48245614<x170>[B] (+0) +0.48245614<x171>[B] (+1) >= 28.3450292397661;
;
violation: left hand side is violated by 0.052631578947377
  [linear] <c2009>: <x175>[C] (+25.5730994) -0.505847953<x1>[B] (+0) +0.505847953<x2>[B] (+0) +0.505847953<x3>[B] (+0) +0.505847953<x4>[B] (+0) +0.505847953<x5>[B] (+1) +0.505847953<x6>[B] (+1) -0.505847953<x7>[B] (+0) +0.505847953<x8>[B] (+1) +0.505847953<x9>[B] (+0) +0.505847953<x10>[B] (+1) +0.505847953<x11>[B] (+0) +0.505847953<x12>[B] (+0) +0.505847953<x13>[B] (+1) +0.505847953<x14>[B] (+1) +0.505847953<x15>[B] (+1) +0.505847953<x16>[B] (+0) -0.505847953<x17>[B] (+1) +0.505847953<x18>[B] (+0) +0.505847953<x19>[B] (+1) +0.505847953<x20>[B] (+1) +0.505847953<x21>[B] (+1) +0.505847953<x22>[B] (+1) +0.505847953<x23>[B] (+1) +0.505847953<x24>[B] (+0) +0.505847953<x25>[B] (+1) +0.505847953<x26>[B] (+0) +0.505847953<x27>[B] (+1) +0.505847953<x28>[B] (+1) +0.505847953<x29>[B] (+0) +0.505847953<x30>[B] (+1) +0.505847953<x31>[B] (+1) +0.505847953<x32>[B] (+1) +0.505847953<x33>[B] (+0) +0.505847953<x34>[B] (+1) +0.505847953<x35>[B] (+1) +0.505847953<x36>[B] (+1) +0.505847953<x37>[B] (+1) -0.505847953<x38>[B] (+1) -0.505847953<x39>[B] (+1) -0.505847953<x40>[B] (+0) -0.505847953<x41>[B] (+1) +0.505847953<x42>[B] (+0) -0.505847953<x43>[B] (+1) +0.505847953<x44>[B] (+1) -0.505847953<x45>[B] (+0) -0.505847953<x46>[B] (+1) +0.505847953<x47>[B] (+1) +0.505847953<x48>[B] (+1) -0.505847953<x49>[B] (+0) -0.505847953<x50>[B] (+1) -0.505847953<x51>[B] (+1) +0.505847953<x52>[B] (+0) -0.505847953<x53>[B] (+1) -0.505847953<x54>[B] (+1) -0.505847953<x55>[B] (+0) -0.505847953<x56>[B] (+1) +0.505847953<x57>[B] (+0) -0.505847953<x58>[B] (+1) +0.505847953<x59>[B] (+0) -0.505847953<x60>[B] (+0) -0.505847953<x61>[B] (+1) +0.505847953<x62>[B] (+1) +0.505847953<x63>[B] (+1) -0.505847953<x64>[B] (+0) -0.505847953<x65>[B] (+1) -0.505847953<x66>[B] (+1) -0.505847953<x67>[B] (+1) -0.505847953<x68>[B] (+1) -0.505847953<x69>[B] (+0) -0.505847953<x70>[B] (+1) +0.505847953<x71>[B] (+0) -0.505847953<x72>[B] (+1) +0.505847953<x73>[B] (+1) -0.505847953<x74>[B] (+0) -0.505847953<x75>[B] (+1) -0.505847953<x76>[B] (+1) -0.505847953<x77>[B] (+1) -0.505847953<x78>[B] (+0) -0.505847953<x79>[B] (+1) -0.505847953<x80>[B] (+1) -0.505847953<x81>[B] (+0) -0.505847953<x82>[B] (+0) +0.505847953<x83>[B] (+1) +0.505847953<x84>[B] (+0) -0.505847953<x85>[B] (+0) +0.505847953<x86>[B] (+0) +0.505847953<x87>[B] (+0) -0.505847953<x88>[B] (+0) +0.505847953<x89>[B] (+0) +0.505847953<x90>[B] (+0) +0.505847953<x91>[B] (+0) -0.505847953<x92>[B] (+0) +0.505847953<x93>[B] (+0) -0.505847953<x94>[B] (+0) +0.505847953<x95>[B] (+1) +0.505847953<x96>[B] (+0) +0.505847953<x97>[B] (+1) +0.505847953<x98>[B] (+0) +0.505847953<x99>[B] (+0) +0.505847953<x100>[B] (+0) +0.505847953<x101>[B] (+1) +0.505847953<x102>[B] (+0) +0.505847953<x103>[B] (+0) -0.505847953<x104>[B] (+1) +0.505847953<x105>[B] (+0) +0.505847953<x106>[B] (+1) +0.505847953<x107>[B] (+0) +0.505847953<x108>[B] (+1) +0.505847953<x109>[B] (+1) +0.505847953<x110>[B] (+1) +0.505847953<x111>[B] (+1) +0.505847953<x112>[B] (+1) +0.505847953<x113>[B] (+1) +0.505847953<x114>[B] (+0) -0.505847953<x115>[B] (+1) +0.505847953<x116>[B] (+1) +0.505847953<x117>[B] (+0) -0.505847953<x118>[B] (+0) +0.505847953<x119>[B] (+0) +0.505847953<x120>[B] (+0) -0.505847953<x121>[B] (+0) +0.505847953<x122>[B] (+0) +0.505847953<x123>[B] (+0) -0.505847953<x124>[B] (+0) -0.505847953<x125>[B] (+0) +0.505847953<x126>[B] (+0) -0.505847953<x127>[B] (+1) +0.505847953<x128>[B] (+1) -0.505847953<x129>[B] (+1) -0.505847953<x130>[B] (+1) -0.505847953<x131>[B] (+1) -0.505847953<x132>[B] (+1) -0.505847953<x133>[B] (+0) -0.505847953<x134>[B] (+1) -0.505847953<x135>[B] (+1) +0.505847953<x136>[B] (+0) +0.505847953<x137>[B] (+0) +0.505847953<x138>[B] (+0) +0.505847953<x139>[B] (+0) +0.505847953<x140>[B] (+0) +0.505847953<x141>[B] (+0) -0.505847953<x142>[B] (+0) +0.505847953<x143>[B] (+0) -0.505847953<x144>[B] (+0) -0.505847953<x145>[B] (+1) -0.505847953<x146>[B] (+1) -0.505847953<x147>[B] (+1) -0.505847953<x148>[B] (+0) -0.505847953<x149>[B] (+1) -0.505847953<x150>[B] (+1) -0.505847953<x151>[B] (+1) +0.505847953<x152>[B] (+1) +0.505847953<x153>[B] (+1) -0.505847953<x154>[B] (+0) -0.505847953<x155>[B] (+1) -0.505847953<x156>[B] (+1) +0.505847953<x157>[B] (+1) +0.505847953<x158>[B] (+1) +0.505847953<x159>[B] (+0) -0.505847953<x160>[B] (+1) +0.505847953<x161>[B] (+0) +0.505847953<x162>[B] (+0) -0.505847953<x163>[B] (+0) -0.505847953<x164>[B] (+0) -0.505847953<x165>[B] (+0) -0.505847953<x166>[B] (+0) -0.505847953<x167>[B] (+1) -0.505847953<x168>[B] (+0) -0.505847953<x169>[B] (+1) +0.505847953<x170>[B] (+1) +0.505847953<x171>[B] (+0) >= 26.6842105263158;
;
violation: left hand side is violated by 0.099415204678369
2/7 feasible solutions given by solution candidate storage, new primal bound -4.000122e+06

presolving:
   (0.0s) symmetry computation started: requiring (bin +, int +, cont +), (fixed: bin -, int -, cont -)
   (0.0s) no symmetry present (symcode time: 0.00)
presolving (0 rounds: 0 fast, 0 medium, 0 exhaustive):
 0 deleted vars, 0 deleted constraints, 0 added constraints, 0 tightened bounds, 0 added holes, 0 changed sides, 0 changed coefficients
 0 implications, 0 cliques, 0 implied integral variables (0 bin, 0 int, 0 cont)
presolved problem has 211 variables (171 bin, 0 int, 40 cont) and 2031 constraints
   2031 constraints of type <linear>
Presolving Time: 0.01
transformed 2/2 original solutions to the transformed problem space

 time | node  | left  |LP iter|LP it/n|mem/heur|mdpt |vars |cons |rows |cuts |sepa|confs|strbr|  dualbound   | primalbound  |  gap   | compl. 
p 0.0s|     1 |     0 |    16 |     - |   locks|   0 | 211 |2031 |2031 |   0 |  0 |   0 |   0 | 3.920000e+02 |-1.049526e+03 |    Inf | unknown
  0.0s|     1 |     0 |   420 |     - |    19M |   0 | 211 |2031 |2031 |   0 |  0 |   0 |   0 |-7.291529e+02 |-1.049526e+03 |  43.94%| unknown
r 0.0s|     1 |     0 |   420 |     - |shifting|   0 | 211 |2031 |2031 |   0 |  0 |   0 |   0 |-7.291529e+02 |-7.879532e+02 |   8.06%| unknown
  0.1s|     1 |     0 |   426 |     - |    19M |   0 | 211 |2031 |2032 |   1 |  1 |   0 |   0 |-7.291550e+02 |-7.879532e+02 |   8.06%| unknown
  0.1s|     1 |     0 |   426 |     - |    19M |   0 | 211 |2031 |2032 |   1 |  1 |   0 |   0 |-7.291550e+02 |-7.879532e+02 |   8.06%| unknown
d 0.1s|     1 |     0 |   426 |     - |farkasdi|   0 | 211 |2031 |2032 |   0 |  2 |   0 |   0 |-7.291550e+02 |-7.291550e+02 |   0.00%| unknown
  0.1s|     1 |     0 |   426 |     - |    19M |   0 | 211 |2031 |2032 |   1 |  2 |   0 |   0 |-7.291550e+02 |-7.291550e+02 |   0.00%| unknown

SCIP Status        : problem is solved [optimal solution found]
Solving Time (sec) : 0.08
Solving Nodes      : 1
Primal Bound       : -7.29154970760234e+02 (5 solutions)
Dual Bound         : -7.29154970760234e+02
Gap                : 0.00 %
  [linear] <c2032>: <x173>[C] (+17.7836257) +0.453216374<x1>[B] (+1) +0.453216374<x2>[B] (+1) +0.453216374<x3>[B] (+0) +0.453216374<x4>[B] (+1) +0.453216374<x5>[B] (+0) +0.453216374<x6>[B] (+0) +0.453216374<x7>[B] (+1) +0.453216374<x8>[B] (+0) +0.453216374<x9>[B] (+1) +0.453216374<x10>[B] (+0) -0.453216374<x11>[B] (+0) +0.453216374<x12>[B] (+1) +0.453216374<x13>[B] (+0) +0.453216374<x14>[B] (+0) +0.453216374<x15>[B] (+0) +0.453216374<x16>[B] (+1) +0.453216374<x17>[B] (+0) +0.453216374<x18>[B] (+0) -0.453216374<x19>[B] (+1) -0.453216374<x20>[B] (+0) +0.453216374<x21>[B] (+0) -0.453216374<x22>[B] (+0) -0.453216374<x23>[B] (+0) -0.453216374<x24>[B] (+1) -0.453216374<x25>[B] (+0) -0.453216374<x26>[B] (-6.41264819e-13) +0.453216374<x27>[B] (+0) -0.453216374<x28>[B] (+0) -0.453216374<x29>[B] (-6.58140209e-13) +0.453216374<x30>[B] (+0) -0.453216374<x31>[B] (+0) -0.453216374<x32>[B] (+0) -0.453216374<x33>[B] (+1) -0.453216374<x34>[B] (+0) +0.453216374<x35>[B] (+0) -0.453216374<x36>[B] (+0) +0.453216374<x37>[B] (+0) -0.453216374<x38>[B] (+0) -0.453216374<x39>[B] (+0) +0.453216374<x40>[B] (+0) -0.453216374<x41>[B] (+0) +0.453216374<x42>[B] (+0) +0.453216374<x43>[B] (+0) -0.453216374<x44>[B] (+0) -0.453216374<x45>[B] (+0) +0.453216374<x46>[B] (+0) -0.453216374<x47>[B] (+0) -0.453216374<x48>[B] (+0) -0.453216374<x49>[B] (+1) -0.453216374<x50>[B] (+0) +0.453216374<x51>[B] (+0) +0.453216374<x52>[B] (+1) +0.453216374<x53>[B] (+0) -0.453216374<x54>[B] (+0) +0.453216374<x55>[B] (+1) +0.453216374<x56>[B] (+0) +0.453216374<x57>[B] (+1) +0.453216374<x58>[B] (+0) -0.453216374<x59>[B] (+0) +0.453216374<x60>[B] (+1) +0.453216374<x61>[B] (+1) +0.453216374<x62>[B] (+0) +0.453216374<x63>[B] (-1.0125234e-13) +0.453216374<x64>[B] (+1) +0.453216374<x65>[B] (+0) +0.453216374<x66>[B] (+0) -0.453216374<x67>[B] (+0) -0.453216374<x68>[B] (+0) -0.453216374<x69>[B] (+1) -0.453216374<x70>[B] (+0) -0.453216374<x71>[B] (+1) -0.453216374<x72>[B] (+0) -0.453216374<x73>[B] (-1.0125234e-13) -0.453216374<x74>[B] (+1) -0.453216374<x75>[B] (-1.0125234e-13) -0.453216374<x76>[B] (+0) -0.453216374<x77>[B] (-1.0125234e-13) -0.453216374<x78>[B] (+1) -0.453216374<x79>[B] (+0) -0.453216374<x80>[B] (-1.0125234e-13) -0.453216374<x81>[B] (+1) +0.453216374<x82>[B] (+1) +0.453216374<x83>[B] (+0) +0.453216374<x84>[B] (+1) +0.453216374<x85>[B] (+1) -0.453216374<x86>[B] (+1) +0.453216374<x87>[B] (+1) +0.453216374<x88>[B] (+1) +0.453216374<x89>[B] (+0) -0.453216374<x90>[B] (+1) +0.453216374<x91>[B] (+1) -0.453216374<x92>[B] (+1) +0.453216374<x93>[B] (+1) +0.453216374<x94>[B] (+1) +0.453216374<x95>[B] (+0) +0.453216374<x96>[B] (+1) +0.453216374<x97>[B] (+0) -0.453216374<x98>[B] (+1) +0.453216374<x99>[B] (+1) +0.453216374<x100>[B] (+1) +0.453216374<x101>[B] (+0) +0.453216374<x102>[B] (+1) +0.453216374<x103>[B] (+1) +0.453216374<x104>[B] (+0) +0.453216374<x105>[B] (+1) -0.453216374<x106>[B] (+0) +0.453216374<x107>[B] (-6.41264819e-13) +0.453216374<x108>[B] (+0) -0.453216374<x109>[B] (+0) -0.453216374<x110>[B] (+0) +0.453216374<x111>[B] (+0) -0.453216374<x112>[B] (+0) -0.453216374<x113>[B] (+0) -0.453216374<x114>[B] (+1) -0.453216374<x115>[B] (+0) +0.453216374<x116>[B] (+0) +0.453216374<x117>[B] (+1) +0.453216374<x118>[B] (+1) -0.453216374<x119>[B] (+1) +0.453216374<x120>[B] (+1) +0.453216374<x121>[B] (+1) +0.453216374<x122>[B] (+0) -0.453216374<x123>[B] (+1) +0.453216374<x124>[B] (+1) -0.453216374<x125>[B] (+1) +0.453216374<x126>[B] (+1) +0.453216374<x127>[B] (+0) -0.453216374<x128>[B] (+0) -0.453216374<x129>[B] (-1.687539e-14) +0.453216374<x130>[B] (+0) -0.453216374<x131>[B] (+0) -0.453216374<x132>[B] (+0) -0.453216374<x133>[B] (+1) -0.453216374<x134>[B] (+0) +0.453216374<x135>[B] (+0) -0.453216374<x136>[B] (+1) -0.453216374<x137>[B] (+1) +0.453216374<x138>[B] (+1) -0.453216374<x139>[B] (+0) -0.453216374<x140>[B] (+1) -0.453216374<x141>[B] (+1) -0.453216374<x142>[B] (+1) -0.453216374<x143>[B] (+1) +0.453216374<x144>[B] (+1) +0.453216374<x145>[B] (+1) +0.453216374<x146>[B] (+0) +0.453216374<x147>[B] (+1) +0.453216374<x148>[B] (+1) +0.453216374<x149>[B] (+0) +0.453216374<x150>[B] (+0) +0.453216374<x151>[B] (-1.0125234e-13) +0.453216374<x152>[B] (+0) -0.453216374<x153>[B] (-1.0125234e-13) -0.453216374<x154>[B] (+1) -0.453216374<x155>[B] (+0) +0.453216374<x156>[B] (+0) -0.453216374<x157>[B] (+0) -0.453216374<x158>[B] (+0) -0.453216374<x159>[B] (+1) -0.453216374<x160>[B] (+0) -0.453216374<x161>[B] (+0) -0.453216374<x162>[B] (+1) -0.453216374<x163>[B] (+1) -0.453216374<x164>[B] (+1) +0.453216374<x165>[B] (+1) +0.453216374<x166>[B] (+1) -0.453216374<x167>[B] (+0) +0.453216374<x168>[B] (+0) -0.453216374<x169>[B] (+0) +0.453216374<x170>[B] (+0) +0.453216374<x171>[B] (+1) >= 23.2280701754386;
;
violation: left hand side is violated by 0.0058479532163922
  [linear] <c2033>: <x175>[C] (+24.1549708) -0.511695906<x1>[B] (+1) +0.511695906<x2>[B] (+1) +0.511695906<x3>[B] (+0) +0.511695906<x4>[B] (+0) +0.511695906<x5>[B] (+0) +0.511695906<x6>[B] (+0) -0.511695906<x7>[B] (+1) +0.511695906<x8>[B] (+0) +0.511695906<x9>[B] (+1) +0.511695906<x10>[B] (+0) +0.511695906<x11>[B] (+0) +0.511695906<x12>[B] (+0) +0.511695906<x13>[B] (+0) +0.511695906<x14>[B] (+0) +0.511695906<x15>[B] (+0) +0.511695906<x16>[B] (+1) -0.511695906<x17>[B] (+0) +0.511695906<x18>[B] (+0) +0.511695906<x19>[B] (+1) +0.511695906<x20>[B] (+0) +0.511695906<x21>[B] (+0) +0.511695906<x22>[B] (+0) +0.511695906<x23>[B] (+0) +0.511695906<x24>[B] (+1) +0.511695906<x25>[B] (+0) +0.511695906<x26>[B] (+1) +0.511695906<x27>[B] (+0) +0.511695906<x28>[B] (+0) +0.511695906<x29>[B] (+0) +0.511695906<x30>[B] (+0) +0.511695906<x31>[B] (+0) +0.511695906<x32>[B] (+0) +0.511695906<x33>[B] (+1) +0.511695906<x34>[B] (+0) +0.511695906<x35>[B] (+0) +0.511695906<x36>[B] (+0) +0.511695906<x37>[B] (+0) -0.511695906<x38>[B] (+0) -0.511695906<x39>[B] (+0) -0.511695906<x40>[B] (+0) -0.511695906<x41>[B] (+0) +0.511695906<x42>[B] (+0) -0.511695906<x43>[B] (+0) +0.511695906<x44>[B] (+0) -0.511695906<x45>[B] (+0) -0.511695906<x46>[B] (+0) +0.511695906<x47>[B] (+0) +0.511695906<x48>[B] (+0) -0.511695906<x49>[B] (+1) -0.511695906<x50>[B] (+0) -0.511695906<x51>[B] (+0) +0.511695906<x52>[B] (+0) -0.511695906<x53>[B] (+0) -0.511695906<x54>[B] (+0) -0.511695906<x55>[B] (+1) -0.511695906<x56>[B] (+0) +0.511695906<x57>[B] (+1) -0.511695906<x58>[B] (+0) +0.511695906<x59>[B] (+0) -0.511695906<x60>[B] (+1) -0.511695906<x61>[B] (+0) +0.511695906<x62>[B] (+0) +0.511695906<x63>[B] (+0) -0.511695906<x64>[B] (+1) -0.511695906<x65>[B] (+0) -0.511695906<x66>[B] (+0) -0.511695906<x67>[B] (+0) -0.511695906<x68>[B] (+0) -0.511695906<x69>[B] (+1) -0.511695906<x70>[B] (+0) +0.511695906<x71>[B] (+1) -0.511695906<x72>[B] (+0) +0.511695906<x73>[B] (+1) -0.511695906<x74>[B] (+1) -0.511695906<x75>[B] (+1) -0.511695906<x76>[B] (+0) -0.511695906<x77>[B] (+1) -0.511695906<x78>[B] (+1) -0.511695906<x79>[B] (+0) -0.511695906<x80>[B] (+1) -0.511695906<x81>[B] (+1) -0.511695906<x82>[B] (+1) +0.511695906<x83>[B] (+0) +0.511695906<x84>[B] (+1) -0.511695906<x85>[B] (+1) +0.511695906<x86>[B] (+1) +0.511695906<x87>[B] (+1) -0.511695906<x88>[B] (+1) +0.511695906<x89>[B] (+0) +0.511695906<x90>[B] (+1) +0.511695906<x91>[B] (+1) -0.511695906<x92>[B] (+1) +0.511695906<x93>[B] (+1) -0.511695906<x94>[B] (+1) +0.511695906<x95>[B] (+0) +0.511695906<x96>[B] (+1) +0.511695906<x97>[B] (+0) +0.511695906<x98>[B] (+1) +0.511695906<x99>[B] (+1) +0.511695906<x100>[B] (+1) +0.511695906<x101>[B] (+0) +0.511695906<x102>[B] (+1) +0.511695906<x103>[B] (+1) -0.511695906<x104>[B] (+0) +0.511695906<x105>[B] (+1) +0.511695906<x106>[B] (+0) +0.511695906<x107>[B] (+0) +0.511695906<x108>[B] (+0) +0.511695906<x109>[B] (+0) +0.511695906<x110>[B] (+0) +0.511695906<x111>[B] (+0) +0.511695906<x112>[B] (+0) +0.511695906<x113>[B] (+0) +0.511695906<x114>[B] (+1) -0.511695906<x115>[B] (+0) +0.511695906<x116>[B] (+0) +0.511695906<x117>[B] (+1) -0.511695906<x118>[B] (+1) +0.511695906<x119>[B] (+1) +0.511695906<x120>[B] (+1) -0.511695906<x121>[B] (+1) +0.511695906<x122>[B] (+0) +0.511695906<x123>[B] (+1) -0.511695906<x124>[B] (+1) -0.511695906<x125>[B] (+1) +0.511695906<x126>[B] (+1) -0.511695906<x127>[B] (+0) +0.511695906<x128>[B] (+0) -0.511695906<x129>[B] (+0) -0.511695906<x130>[B] (+0) -0.511695906<x131>[B] (+0) -0.511695906<x132>[B] (+0) -0.511695906<x133>[B] (+1) -0.511695906<x134>[B] (+0) -0.511695906<x135>[B] (+0) +0.511695906<x136>[B] (+1) +0.511695906<x137>[B] (+1) +0.511695906<x138>[B] (+1) +0.511695906<x139>[B] (+0) +0.511695906<x140>[B] (+1) +0.511695906<x141>[B] (+1) -0.511695906<x142>[B] (+1) +0.511695906<x143>[B] (+1) -0.511695906<x144>[B] (+1) -0.511695906<x145>[B] (+1) -0.511695906<x146>[B] (+0) -0.511695906<x147>[B] (+1) -0.511695906<x148>[B] (+1) -0.511695906<x149>[B] (+0) -0.511695906<x150>[B] (+0) -0.511695906<x151>[B] (+0) +0.511695906<x152>[B] (+0) +0.511695906<x153>[B] (+0) -0.511695906<x154>[B] (+1) -0.511695906<x155>[B] (+0) -0.511695906<x156>[B] (+0) +0.511695906<x157>[B] (+0) +0.511695906<x158>[B] (+0) +0.511695906<x159>[B] (+1) -0.511695906<x160>[B] (+0) +0.511695906<x161>[B] (+0) +0.511695906<x162>[B] (+1) -0.511695906<x163>[B] (+1) -0.511695906<x164>[B] (+1) -0.511695906<x165>[B] (+1) -0.511695906<x166>[B] (+1) -0.511695906<x167>[B] (+0) -0.511695906<x168>[B] (+0) -0.511695906<x169>[B] (+0) +0.511695906<x170>[B] (+0) +0.511695906<x171>[B] (+1) >= 26.7368421052632;
;
violation: left hand side is violated by 0.0233918128654906
  [linear] <c2039>: <x190>[C] (+22.0964912) -0.494152047<x1>[B] (+0) -0.494152047<x2>[B] (+0) -0.494152047<x3>[B] (+1) -0.494152047<x4>[B] (+0) -0.494152047<x5>[B] (+1) -0.494152047<x6>[B] (+1) -0.494152047<x7>[B] (+0) -0.494152047<x8>[B] (+1) -0.494152047<x9>[B] (+0) -0.494152047<x10>[B] (+1) -0.494152047<x11>[B] (+1) +0.494152047<x12>[B] (+0) -0.494152047<x13>[B] (+1) -0.494152047<x14>[B] (+1) -0.494152047<x15>[B] (+1) -0.494152047<x16>[B] (+0) -0.494152047<x17>[B] (+1) -0.494152047<x18>[B] (+0) +0.494152047<x19>[B] (+1) +0.494152047<x20>[B] (+1) +0.494152047<x21>[B] (+1) +0.494152047<x22>[B] (+1) +0.494152047<x23>[B] (+1) +0.494152047<x24>[B] (+1) +0.494152047<x25>[B] (+1) +0.494152047<x26>[B] (+1) +0.494152047<x27>[B] (+1) +0.494152047<x28>[B] (+1) +0.494152047<x29>[B] (+1) +0.494152047<x30>[B] (+1) +0.494152047<x31>[B] (+1) +0.494152047<x32>[B] (+1) +0.494152047<x33>[B] (+0) +0.494152047<x34>[B] (+1) +0.494152047<x35>[B] (+1) +0.494152047<x36>[B] (+1) +0.494152047<x37>[B] (+1) +0.494152047<x38>[B] (+1) +0.494152047<x39>[B] (+1) +0.494152047<x40>[B] (+1) +0.494152047<x41>[B] (+1) +0.494152047<x42>[B] (+1) -0.494152047<x43>[B] (+1) +0.494152047<x44>[B] (+1) +0.494152047<x45>[B] (+1) +0.494152047<x46>[B] (+1) -0.494152047<x47>[B] (+1) +0.494152047<x48>[B] (+1) +0.494152047<x49>[B] (+0) +0.494152047<x50>[B] (+1) +0.494152047<x51>[B] (+1) +0.494152047<x52>[B] (+0) -0.494152047<x53>[B] (+0) +0.494152047<x54>[B] (+0) -0.494152047<x55>[B] (+0) +0.494152047<x56>[B] (+1) +0.494152047<x57>[B] (+0) -0.494152047<x58>[B] (+0) +0.494152047<x59>[B] (+0) +0.494152047<x60>[B] (+0) -0.494152047<x61>[B] (+0) -0.494152047<x62>[B] (+1) +0.494152047<x63>[B] (+0) +0.494152047<x64>[B] (+0) +0.494152047<x65>[B] (+1) +0.494152047<x66>[B] (+0) -0.494152047<x67>[B] (+1) +0.494152047<x68>[B] (+1) -0.494152047<x69>[B] (+0) +0.494152047<x70>[B] (+1) -0.494152047<x71>[B] (+0) -0.494152047<x72>[B] (+1) +0.494152047<x73>[B] (+1) +0.494152047<x74>[B] (+0) -0.494152047<x75>[B] (+1) -0.494152047<x76>[B] (+1) -0.494152047<x77>[B] (+1) +0.494152047<x78>[B] (+0) +0.494152047<x79>[B] (+1) -0.494152047<x80>[B] (+1) +0.494152047<x81>[B] (+0) +0.494152047<x82>[B] (+0) +0.494152047<x83>[B] (+1) +0.494152047<x84>[B] (+0) -0.494152047<x85>[B] (+0) +0.494152047<x86>[B] (+0) +0.494152047<x87>[B] (+0) +0.494152047<x88>[B] (+0) -0.494152047<x89>[B] (+1) +0.494152047<x90>[B] (+0) +0.494152047<x91>[B] (+0) +0.494152047<x92>[B] (+1) +0.494152047<x93>[B] (+0) -0.494152047<x94>[B] (+0) +0.494152047<x95>[B] (+1) -0.494152047<x96>[B] (+0) -0.494152047<x97>[B] (+1) -0.494152047<x98>[B] (+0) +0.494152047<x99>[B] (+0) -0.494152047<x100>[B] (+0) -0.494152047<x101>[B] (+1) -0.494152047<x102>[B] (+0) +0.494152047<x103>[B] (+0) -0.494152047<x104>[B] (+1) -0.494152047<x105>[B] (+0) +0.494152047<x106>[B] (+1) +0.494152047<x107>[B] (+0) -0.494152047<x108>[B] (+1) +0.494152047<x109>[B] (+1) +0.494152047<x110>[B] (+0) +0.494152047<x111>[B] (+1) -0.494152047<x112>[B] (+1) +0.494152047<x113>[B] (+1) +0.494152047<x114>[B] (+0) +0.494152047<x115>[B] (+1) +0.494152047<x116>[B] (+1) -0.494152047<x117>[B] (+0) -0.494152047<x118>[B] (+0) -0.494152047<x119>[B] (+0) +0.494152047<x120>[B] (+0) -0.494152047<x121>[B] (+0) -0.494152047<x122>[B] (+1) -0.494152047<x123>[B] (+0) -0.494152047<x124>[B] (+0) -0.494152047<x125>[B] (+0) -0.494152047<x126>[B] (+0) -0.494152047<x127>[B] (+1) +0.494152047<x128>[B] (+1) +0.494152047<x129>[B] (+0) -0.494152047<x130>[B] (+1) -0.494152047<x131>[B] (+1) -0.494152047<x132>[B] (+1) +0.494152047<x133>[B] (+0) +0.494152047<x134>[B] (+1) -0.494152047<x135>[B] (+1) +0.494152047<x136>[B] (+0) +0.494152047<x137>[B] (+0) +0.494152047<x138>[B] (+0) -0.494152047<x139>[B] (+1) +0.494152047<x140>[B] (+0) +0.494152047<x141>[B] (+0) +0.494152047<x142>[B] (+1) +0.494152047<x143>[B] (+0) +0.494152047<x144>[B] (+0) -0.494152047<x145>[B] (+0) -0.494152047<x146>[B] (+1) -0.494152047<x147>[B] (+0) +0.494152047<x148>[B] (+0) +0.494152047<x149>[B] (+1) -0.494152047<x150>[B] (+0) -0.494152047<x151>[B] (+1) -0.494152047<x152>[B] (+1) -0.494152047<x153>[B] (+1) -0.494152047<x154>[B] (+0) -0.494152047<x155>[B] (+1) -0.494152047<x156>[B] (+1) -0.494152047<x157>[B] (+1) +0.494152047<x158>[B] (+1) +0.494152047<x159>[B] (+0) +0.494152047<x160>[B] (+1) +0.494152047<x161>[B] (+0) +0.494152047<x162>[B] (+0) +0.494152047<x163>[B] (+0) +0.494152047<x164>[B] (+0) +0.494152047<x165>[B] (+0) +0.494152047<x166>[B] (+0) +0.494152047<x167>[B] (+1) +0.494152047<x168>[B] (+0) -0.494152047<x169>[B] (+1) -0.494152047<x170>[B] (+1) -0.494152047<x171>[B] (+0) >= 27.0555555555556;
;
violation: left hand side is violated by 0.0175438596491162
2/5 feasible solutions given by solution candidate storage, new primal bound -4.000122e+06

presolving:
   (0.0s) symmetry computation started: requiring (bin +, int +, cont +), (fixed: bin -, int -, cont -)
   (0.0s) no symmetry present (symcode time: 0.00)
presolving (0 rounds: 0 fast, 0 medium, 0 exhaustive):
 0 deleted vars, 0 deleted constraints, 0 added constraints, 0 tightened bounds, 0 added holes, 0 changed sides, 0 changed coefficients
 0 implications, 0 cliques, 0 implied integral variables (0 bin, 0 int, 0 cont)
presolved problem has 211 variables (171 bin, 0 int, 40 cont) and 2048 constraints
   2048 constraints of type <linear>
Presolving Time: 0.01
transformed 2/2 original solutions to the transformed problem space

 time | node  | left  |LP iter|LP it/n|mem/heur|mdpt |vars |cons |rows |cuts |sepa|confs|strbr|  dualbound   | primalbound  |  gap   | compl. 
p 0.0s|     1 |     0 |    21 |     - |   locks|   0 | 211 |2048 |2048 |   0 |  0 |   0 |   0 | 3.920000e+02 |-1.043254e+03 |    Inf | unknown
  0.0s|     1 |     0 |   408 |     - |    21M |   0 | 211 |2048 |2048 |   0 |  0 |   0 |   0 |-7.292028e+02 |-1.043254e+03 |  43.07%| unknown
r 0.0s|     1 |     0 |   408 |     - |shifting|   0 | 211 |2048 |2048 |   0 |  0 |   0 |   0 |-7.292028e+02 |-7.842928e+02 |   7.55%| unknown
  0.1s|     1 |     0 |   413 |     - |    21M |   0 | 211 |2048 |2049 |   1 |  1 |   0 |   0 |-7.292082e+02 |-7.842928e+02 |   7.55%| unknown
r 0.1s|     1 |     0 |   413 |     - |shifting|   0 | 211 |2048 |2049 |   1 |  1 |   0 |   0 |-7.292082e+02 |-7.396027e+02 |   1.43%| unknown
  0.1s|     1 |     0 |   413 |     - |    21M |   0 | 211 |2048 |2049 |   1 |  1 |   0 |   0 |-7.292082e+02 |-7.396027e+02 |   1.43%| unknown
  0.1s|     1 |     0 |   430 |     - |    22M |   0 | 211 |2048 |2050 |   2 |  2 |   0 |   0 |-7.292134e+02 |-7.396027e+02 |   1.42%| unknown
  0.1s|     1 |     0 |   437 |     - |    22M |   0 | 211 |2048 |2052 |   4 |  3 |   0 |   0 |-7.292183e+02 |-7.396027e+02 |   1.42%| unknown
  0.2s|     1 |     0 |   446 |     - |    22M |   0 | 211 |2048 |2053 |   5 |  4 |   0 |   0 |-7.292197e+02 |-7.396027e+02 |   1.42%| unknown
r 0.2s|     1 |     0 |   446 |     - |shifting|   0 | 211 |2048 |2053 |   5 |  4 |   0 |   0 |-7.292197e+02 |-7.370269e+02 |   1.07%| unknown
  0.2s|     1 |     0 |   450 |     - |    23M |   0 | 211 |2048 |2054 |   6 |  5 |   0 |   0 |-7.292211e+02 |-7.370269e+02 |   1.07%| unknown
  0.2s|     1 |     0 |   453 |     - |    23M |   0 | 211 |2048 |2055 |   7 |  6 |   0 |   0 |-7.292221e+02 |-7.370269e+02 |   1.07%| unknown
  0.2s|     1 |     0 |   468 |     - |    24M |   0 | 211 |2048 |2057 |   9 |  7 |   0 |   0 |-7.292245e+02 |-7.370269e+02 |   1.07%| unknown
  0.2s|     1 |     0 |   477 |     - |    24M |   0 | 211 |2048 |2058 |  10 |  8 |   0 |   0 |-7.292262e+02 |-7.370269e+02 |   1.07%| unknown
r 0.2s|     1 |     0 |   477 |     - |shifting|   0 | 211 |2048 |2058 |  10 |  8 |   0 |   0 |-7.292262e+02 |-7.361139e+02 |   0.94%| unknown
 time | node  | left  |LP iter|LP it/n|mem/heur|mdpt |vars |cons |rows |cuts |sepa|confs|strbr|  dualbound   | primalbound  |  gap   | compl. 
  0.2s|     1 |     0 |   483 |     - |    24M |   0 | 211 |2048 |2059 |  11 |  9 |   0 |   0 |-7.292277e+02 |-7.361139e+02 |   0.94%| unknown
  0.3s|     1 |     0 |   491 |     - |    25M |   0 | 211 |2048 |2060 |  12 | 10 |   0 |   0 |-7.292290e+02 |-7.361139e+02 |   0.94%| unknown
  0.3s|     1 |     0 |   493 |     - |    25M |   0 | 211 |2048 |2061 |  13 | 11 |   0 |   0 |-7.292291e+02 |-7.361139e+02 |   0.94%| unknown
r 0.3s|     1 |     0 |   493 |     - |shifting|   0 | 211 |2048 |2061 |  13 | 11 |   0 |   0 |-7.292291e+02 |-7.357741e+02 |   0.90%| unknown
  0.3s|     1 |     0 |   493 |     - |    25M |   0 | 211 |2031 |2061 |  13 | 12 |   0 |   0 |-7.292291e+02 |-7.357741e+02 |   0.90%| unknown
r 0.3s|     1 |     0 |   515 |     - |intshift|   0 | 211 |2031 |2061 |  13 | 13 |   0 |   0 |-7.292291e+02 |-7.299854e+02 |   0.10%| unknown
d 0.3s|     1 |     0 |   585 |     - |farkasdi|   0 | 211 |2031 |2061 |   0 | 13 |   0 |   0 |-7.292291e+02 |-7.293363e+02 |   0.01%| unknown
L 0.3s|     1 |     0 |   585 |     - |    rens|   0 | 211 |2031 |2061 |  13 | 13 |   0 |   0 |-7.292291e+02 |-7.292368e+02 |   0.00%| unknown
  0.3s|     1 |     0 |   585 |     - |    25M |   0 | 211 |2031 |2061 |  13 | 13 |   0 |   0 |-7.292291e+02 |-7.292368e+02 |   0.00%| unknown
  0.3s|     1 |     0 |   585 |     - |    25M |   0 | 211 |2031 | 338 |  13 | 13 |   0 |   0 |-7.292291e+02 |-7.292368e+02 |   0.00%| unknown
  0.3s|     1 |     0 |   585 |     - |    25M |   0 | 211 | 148 | 338 |  13 | 14 |   0 |   0 |-7.292291e+02 |-7.292368e+02 |   0.00%| unknown
(run 1, node 1) restarting after 151 global fixings of integer variables

(restart) converted 13 cuts from the global cut pool into linear constraints

presolving:
presolving (0 rounds: 0 fast, 0 medium, 0 exhaustive):
 0 deleted vars, 0 deleted constraints, 0 added constraints, 0 tightened bounds, 0 added holes, 0 changed sides, 0 changed coefficients
 0 implications, 0 cliques, 0 implied integral variables (0 bin, 0 int, 0 cont)
presolved problem has 211 variables (171 bin, 0 int, 40 cont) and 161 constraints
    161 constraints of type <linear>
Presolving Time: 0.01
transformed 12/19 original solutions to the transformed problem space

 time | node  | left  |LP iter|LP it/n|mem/heur|mdpt |vars |cons |rows |cuts |sepa|confs|strbr|  dualbound   | primalbound  |  gap   | compl. 
  0.4s|     1 |     0 |   724 |     - |    26M |   0 | 211 | 161 | 161 |   0 |  0 |   0 |   0 |-7.292291e+02 |-7.292368e+02 |   0.00%| unknown
  0.4s|     1 |     0 |   724 |     - |    26M |   0 | 211 | 161 | 154 |   0 |  0 |   0 |   0 |-7.292291e+02 |-7.292368e+02 |   0.00%| unknown
  0.4s|     1 |     0 |   727 |     - |    26M |   0 | 211 | 161 | 158 |   4 |  1 |   0 |   0 |-7.292292e+02 |-7.292368e+02 |   0.00%| unknown
  0.4s|     1 |     0 |   733 |     - |    26M |   0 | 211 | 161 | 159 |   5 |  2 |   0 |   0 |-7.292306e+02 |-7.292368e+02 |   0.00%| unknown
  0.4s|     1 |     0 |   739 |     - |    26M |   0 | 211 | 161 | 161 |   7 |  3 |   0 |   0 |-7.292311e+02 |-7.292368e+02 |   0.00%| unknown
  0.4s|     1 |     0 |   744 |     - |    26M |   0 | 211 | 161 | 162 |   8 |  4 |   0 |   0 |-7.292315e+02 |-7.292368e+02 |   0.00%| unknown
  0.4s|     1 |     0 |   754 |     - |    26M |   0 | 211 | 161 | 164 |  10 |  5 |   0 |   0 |-7.292324e+02 |-7.292368e+02 |   0.00%| unknown
  0.5s|     1 |     0 |   761 |     - |    26M |   0 | 211 | 161 | 166 |  12 |  6 |   0 |   0 |-7.292330e+02 |-7.292368e+02 |   0.00%| unknown
  0.5s|     1 |     0 |   765 |     - |    26M |   0 | 211 | 161 | 168 |  14 |  7 |   0 |   0 |-7.292333e+02 |-7.292368e+02 |   0.00%| unknown
  0.5s|     1 |     0 |   772 |     - |    26M |   0 | 211 | 161 | 169 |  15 |  8 |   0 |   0 |-7.292334e+02 |-7.292368e+02 |   0.00%| unknown
  0.5s|     1 |     0 |   775 |     - |    26M |   0 | 211 | 161 | 170 |  16 |  9 |   0 |   0 |-7.292334e+02 |-7.292368e+02 |   0.00%| unknown
  0.5s|     1 |     0 |   782 |     - |    26M |   0 | 211 | 161 | 172 |  18 | 10 |   0 |   0 |-7.292336e+02 |-7.292368e+02 |   0.00%| unknown
  0.6s|     1 |     0 |   783 |     - |    26M |   0 | 211 | 161 | 173 |  19 | 11 |   0 |   0 |-7.292336e+02 |-7.292368e+02 |   0.00%| unknown
  0.6s|     1 |     0 |   783 |     - |    26M |   0 | 211 | 129 | 173 |  19 | 11 |   0 |   0 |-7.292336e+02 |-7.292368e+02 |   0.00%| unknown
  0.6s|     1 |     0 |   786 |     - |    26M |   0 | 211 | 129 | 168 |  20 | 12 |   0 |   0 |-7.292338e+02 |-7.292368e+02 |   0.00%| unknown
 time | node  | left  |LP iter|LP it/n|mem/heur|mdpt |vars |cons |rows |cuts |sepa|confs|strbr|  dualbound   | primalbound  |  gap   | compl. 
  0.6s|     1 |     0 |   811 |     - |    26M |   0 | 211 | 129 | 168 |  20 | 13 |   2 |   0 |-7.292368e+02 |-7.292368e+02 |   0.00%| unknown

SCIP Status        : problem is solved [optimal solution found]
Solving Time (sec) : 0.61
Solving Nodes      : 1 (total of 2 nodes in 2 runs)
Primal Bound       : -7.29236842105263e+02 (32 solutions)
Dual Bound         : -7.29236842105263e+02
Gap                : 0.00 %
