Loading instance...
Median ranking: [7, 14, 13, 19, 4, 15, 10, 1, 6, 2, 9, 5, 8, 12, 11, 16, 18, 3, 17]
Mean ranking: [7, 14, 13, 1, 19, 4, 15, 10, 6, 2, 9, 5, 17, 8, 11, 12, 16, 18, 3]
Actual error: 0.0011840613584448434
Weighted Kendall distance: 101.0
Normalized distance: 0.04429824561403509
 0 chg sides, 0 chg coeffs, 0 upgd conss, 0 impls, 0 clqs, 0 implints
   (0.0s) symmetry computation started: requiring (bin +, int +, cont +), (fixed: bin -, int -, cont -)
   (0.0s) no symmetry present (symcode time: 0.00)
presolving (2 rounds: 2 fast, 2 medium, 1 exhaustive):
 0 deleted vars, 1938 deleted constraints, 969 added constraints, 0 tightened bounds, 0 added holes, 0 changed sides, 0 changed coefficients
 0 implications, 0 cliques, 0 implied integral variables (0 bin, 0 int, 0 cont)
presolved problem has 171 variables (0 bin, 0 int, 171 cont) and 969 constraints
    969 constraints of type <linear>
Presolving Time: 0.01
transformed 3/3 original solutions to the transformed problem space

 time | node  | left  |LP iter|LP it/n|mem/heur|mdpt |vars |cons |rows |cuts |sepa|confs|strbr|  dualbound   | primalbound  |  gap   | compl. 
* 0.0s|     1 |     0 |    31 |     - |    LP  |   0 | 171 | 969 | 969 |   0 |  0 |   0 |   0 | 4.580000e+02 | 4.580000e+02 |   0.00%| unknown
  0.0s|     1 |     0 |    31 |     - |  6284k |   0 | 171 | 969 | 969 |   0 |  0 |   0 |   0 | 4.580000e+02 | 4.580000e+02 |   0.00%| unknown

SCIP Status        : problem is solved [optimal solution found]
Solving Time (sec) : 0.02
Solving Nodes      : 1
Primal Bound       : +4.58000000000000e+02 (4 solutions)
Dual Bound         : +4.58000000000000e+02
Gap                : 0.00 %
feasible solution found by trivial heuristic after 0.0 seconds, objective value 1.300000e+02
presolving:
   (0.0s) running MILP presolver
   (0.0s) MILP presolver (2 rounds): 0 aggregations, 0 fixings, 0 bound changes
(round 1, medium)     0 del vars, 1938 del conss, 969 add conss, 0 chg bounds, 0 chg sides, 0 chg coeffs, 0 upgd conss, 0 impls, 0 clqs, 0 implints
   (0.0s) probing: 51/171 (29.8%) - 0 fixings, 0 aggregations, 0 implications, 0 bound changes
   (0.0s) probing aborted: 50/50 successive totally useless probings
   (0.0s) symmetry computation started: requiring (bin +, int +, cont +), (fixed: bin -, int -, cont -)
   (0.0s) no symmetry present (symcode time: 0.00)
presolving (2 rounds: 2 fast, 2 medium, 1 exhaustive):
 0 deleted vars, 1938 deleted constraints, 969 added constraints, 0 tightened bounds, 0 added holes, 0 changed sides, 0 changed coefficients
 0 implications, 0 cliques, 0 implied integral variables (0 bin, 0 int, 0 cont)
presolved problem has 171 variables (171 bin, 0 int, 0 cont) and 969 constraints
    969 constraints of type <linear>
transformed objective value is always integral (scale: 2)
Presolving Time: 0.01
transformed 2/2 original solutions to the transformed problem space

 time | node  | left  |LP iter|LP it/n|mem/heur|mdpt |vars |cons |rows |cuts |sepa|confs|strbr|  dualbound   | primalbound  |  gap   | compl. 
p 0.0s|     1 |     0 |     0 |     - |   locks|   0 | 171 | 969 | 969 |   0 |  0 |   0 |   0 | 4.760000e+02 | 3.220000e+02 |  47.83%| unknown
i 0.0s|     1 |     0 |     0 |     - |  oneopt|   0 | 171 | 969 | 969 |   0 |  0 |   0 |   0 | 4.760000e+02 | 4.220000e+02 |  12.80%| unknown
* 0.0s|     1 |     0 |    29 |     - |    LP  |   0 | 171 | 969 | 969 |   0 |  0 |   0 |   0 | 4.580000e+02 | 4.580000e+02 |   0.00%| unknown
  0.0s|     1 |     0 |    29 |     - |  6447k |   0 | 171 | 969 | 969 |   0 |  0 |   0 |   0 | 4.580000e+02 | 4.580000e+02 |   0.00%| unknown

SCIP Status        : problem is solved [optimal solution found]
Solving Time (sec) : 0.02
Solving Nodes      : 1
Primal Bound       : +4.58000000000000e+02 (5 solutions)
Dual Bound         : +4.58000000000000e+02
Gap                : 0.00 %
feasible solution found by trivial heuristic after 0.1 seconds, objective value -2.999870e+06
presolving:
(round 1, fast)       0 del vars, 0 del conss, 0 add conss, 60 chg bounds, 0 chg sides, 0 chg coeffs, 0 upgd conss, 0 impls, 0 clqs, 0 implints
   (0.7s) running MILP presolver
   (0.8s) MILP presolver (2 rounds): 0 aggregations, 0 fixings, 0 bound changes
(round 2, exhaustive) 0 del vars, 969 del conss, 0 add conss, 60 chg bounds, 0 chg sides, 0 chg coeffs, 0 upgd conss, 0 impls, 0 clqs, 0 implints
   (1.5s) symmetry computation started: requiring (bin +, int +, cont +), (fixed: bin -, int -, cont -)
   (1.7s) no symmetry present (symcode time: 0.02)
presolving (3 rounds: 3 fast, 2 medium, 2 exhaustive):
 0 deleted vars, 969 deleted constraints, 0 added constraints, 60 tightened bounds, 0 added holes, 0 changed sides, 0 changed coefficients
 0 implications, 0 cliques, 0 implied integral variables (0 bin, 0 int, 0 cont)
presolved problem has 201 variables (0 bin, 0 int, 201 cont) and 6099 constraints
   6099 constraints of type <linear>
Presolving Time: 1.68

 time | node  | left  |LP iter|LP it/n|mem/heur|mdpt |vars |cons |rows |cuts |sepa|confs|strbr|  dualbound   | primalbound  |  gap   | compl. 
t 1.8s|     1 |     0 |     0 |     - | trivial|   0 | 201 |6099 |   0 |   0 |  0 |   0 |   0 | 4.760000e+02 |-2.435000e+03 |    Inf | unknown
* 2.1s|     1 |     0 |   444 |     - |    LP  |   0 | 201 |6099 |6099 |   0 |  0 |   0 |   0 |-4.107193e+02 |-4.107193e+02 |   0.00%| unknown
  2.1s|     1 |     0 |   444 |     - |   487M |   0 | 201 |6099 |6099 |   0 |  0 |   0 |   0 |-4.107193e+02 |-4.107193e+02 |   0.00%| unknown

SCIP Status        : problem is solved [optimal solution found]
Solving Time (sec) : 2.08
Solving Nodes      : 1
Primal Bound       : -4.10719298245614e+02 (3 solutions)
Dual Bound         : -4.10719298245614e+02
Gap                : 0.00 %
feasible solution found by trivial heuristic after 0.1 seconds, objective value -2.999870e+06
presolving:
(round 1, fast)       0 del vars, 0 del conss, 0 add conss, 60 chg bounds, 0 chg sides, 0 chg coeffs, 0 upgd conss, 0 impls, 0 clqs, 0 implints
   (0.5s) running MILP presolver
   (0.7s) MILP presolver (2 rounds): 0 aggregations, 0 fixings, 0 bound changes
(round 2, exhaustive) 0 del vars, 969 del conss, 0 add conss, 60 chg bounds, 0 chg sides, 0 chg coeffs, 0 upgd conss, 0 impls, 0 clqs, 0 implints
   (1.5s) probing: 51/171 (29.8%) - 0 fixings, 0 aggregations, 0 implications, 0 bound changes
   (1.5s) probing aborted: 50/50 successive totally useless probings
   (1.6s) symmetry computation started: requiring (bin +, int +, cont +), (fixed: bin -, int -, cont -)
   (1.8s) no symmetry present (symcode time: 0.01)
presolving (3 rounds: 3 fast, 2 medium, 2 exhaustive):
 0 deleted vars, 969 deleted constraints, 0 added constraints, 60 tightened bounds, 0 added holes, 0 changed sides, 0 changed coefficients
 0 implications, 0 cliques, 0 implied integral variables (0 bin, 0 int, 0 cont)
presolved problem has 201 variables (171 bin, 0 int, 30 cont) and 6099 constraints
   6099 constraints of type <linear>
Presolving Time: 1.77

 time | node  | left  |LP iter|LP it/n|mem/heur|mdpt |vars |cons |rows |cuts |sepa|confs|strbr|  dualbound   | primalbound  |  gap   | compl. 
t 1.8s|     1 |     0 |     0 |     - | trivial|   0 | 201 |6099 |   0 |   0 |  0 |   0 |   0 | 4.760000e+02 |-2.435000e+03 |    Inf | unknown
p 2.3s|     1 |     0 |    30 |     - |   locks|   0 | 201 |6099 |6099 |   0 |  0 |   0 |   0 | 4.760000e+02 |-7.822982e+02 |    Inf | unknown
  2.5s|     1 |     0 |   474 |     - |   488M |   0 | 201 |6099 |6099 |   0 |  0 |   0 |   0 |-4.107193e+02 |-7.822982e+02 |  90.47%| unknown
r 2.5s|     1 |     0 |   474 |     - |shifting|   0 | 201 |6099 |6099 |   0 |  0 |   0 |   0 |-4.107193e+02 |-4.210409e+02 |   2.51%| unknown
  2.5s|     1 |     0 |   476 |     - |   490M |   0 | 201 |6099 |6100 |   1 |  1 |   0 |   0 |-4.107251e+02 |-4.210409e+02 |   2.51%| unknown
  2.6s|     1 |     0 |   478 |     - |   490M |   0 | 201 |6099 |6101 |   2 |  2 |   0 |   0 |-4.107310e+02 |-4.210409e+02 |   2.51%| unknown
  2.7s|     1 |     0 |   480 |     - |   491M |   0 | 201 |6099 |6102 |   3 |  3 |   0 |   0 |-4.107368e+02 |-4.210409e+02 |   2.51%| unknown
  2.7s|     1 |     0 |   483 |     - |   492M |   0 | 201 |6099 |6103 |   4 |  4 |   0 |   0 |-4.107427e+02 |-4.210409e+02 |   2.51%| unknown
  2.8s|     1 |     0 |   486 |     - |   492M |   0 | 201 |6099 |6104 |   5 |  5 |   0 |   0 |-4.107497e+02 |-4.210409e+02 |   2.51%| unknown
  2.8s|     1 |     0 |   488 |     - |   493M |   0 | 201 |6099 |6105 |   6 |  6 |   0 |   0 |-4.107526e+02 |-4.210409e+02 |   2.50%| unknown
  2.9s|     1 |     0 |   491 |     - |   494M |   0 | 201 |6099 |6106 |   7 |  7 |   0 |   0 |-4.107585e+02 |-4.210409e+02 |   2.50%| unknown
  3.0s|     1 |     0 |   497 |     - |   494M |   0 | 201 |6099 |6107 |   8 |  8 |   0 |   0 |-4.107648e+02 |-4.210409e+02 |   2.50%| unknown
  3.0s|     1 |     0 |   501 |     - |   495M |   0 | 201 |6099 |6108 |   9 |  9 |   0 |   0 |-4.107677e+02 |-4.210409e+02 |   2.50%| unknown
  3.1s|     1 |     0 |   507 |     - |   495M |   0 | 201 |6099 |6110 |  11 | 10 |   0 |   0 |-4.107750e+02 |-4.210409e+02 |   2.50%| unknown
  3.1s|     1 |     0 |   508 |     - |   496M |   0 | 201 |6099 |6111 |  12 | 11 |   0 |   0 |-4.107763e+02 |-4.210409e+02 |   2.50%| unknown
 time | node  | left  |LP iter|LP it/n|mem/heur|mdpt |vars |cons |rows |cuts |sepa|confs|strbr|  dualbound   | primalbound  |  gap   | compl. 
r 3.2s|     1 |     0 |   508 |     - |shifting|   0 | 201 |6099 |6111 |  12 | 11 |   0 |   0 |-4.107763e+02 |-4.194456e+02 |   2.11%| unknown
r 3.2s|     1 |     0 |   534 |     - |intshift|   0 | 201 |6099 |6111 |  12 | 11 |   0 |   0 |-4.107763e+02 |-4.120936e+02 |   0.32%| unknown
d 3.2s|     1 |     0 |   553 |     - |farkasdi|   0 | 201 |6099 |6111 |   0 | 11 |   0 |   0 |-4.107763e+02 |-4.108480e+02 |   0.02%| unknown
  3.3s|     1 |     0 |   553 |     - |   496M |   0 | 201 |6099 |6111 |  12 | 11 |   0 |   0 |-4.107763e+02 |-4.108480e+02 |   0.02%| unknown
  3.5s|     1 |     0 |   553 |     - |   497M |   0 | 201 |6099 |5285 |  12 | 11 |   0 |   0 |-4.107763e+02 |-4.108480e+02 |   0.02%| unknown
  3.5s|     1 |     0 |   553 |     - |   497M |   0 | 201 |3691 |5285 |  12 | 12 |   0 |   0 |-4.107763e+02 |-4.108480e+02 |   0.02%| unknown
(run 1, node 1) restarting after 150 global fixings of integer variables

(restart) converted 12 cuts from the global cut pool into linear constraints

presolving:
(round 1, fast)       150 del vars, 0 del conss, 0 add conss, 0 chg bounds, 563 chg sides, 1092 chg coeffs, 0 upgd conss, 0 impls, 34 clqs, 0 implints
(round 2, fast)       150 del vars, 0 del conss, 0 add conss, 30 chg bounds, 563 chg sides, 1092 chg coeffs, 0 upgd conss, 0 impls, 34 clqs, 0 implints
(round 3, fast)       150 del vars, 19 del conss, 0 add conss, 42 chg bounds, 711 chg sides, 1386 chg coeffs, 0 upgd conss, 0 impls, 34 clqs, 0 implints
(round 4, fast)       150 del vars, 33 del conss, 0 add conss, 42 chg bounds, 777 chg sides, 1512 chg coeffs, 0 upgd conss, 0 impls, 34 clqs, 0 implints
   (3.7s) running MILP presolver
   (3.7s) MILP presolver (4 rounds): 0 aggregations, 0 fixings, 28 bound changes
(round 5, medium)     150 del vars, 33 del conss, 0 add conss, 70 chg bounds, 777 chg sides, 1512 chg coeffs, 0 upgd conss, 0 impls, 34 clqs, 0 implints
(round 6, fast)       150 del vars, 55 del conss, 0 add conss, 70 chg bounds, 1271 chg sides, 2604 chg coeffs, 0 upgd conss, 0 impls, 34 clqs, 0 implints
(round 7, exhaustive) 150 del vars, 92 del conss, 0 add conss, 70 chg bounds, 1271 chg sides, 2604 chg coeffs, 0 upgd conss, 0 impls, 34 clqs, 0 implints
(round 8, exhaustive) 150 del vars, 92 del conss, 0 add conss, 70 chg bounds, 1271 chg sides, 2604 chg coeffs, 34 upgd conss, 0 impls, 34 clqs, 0 implints
presolving (9 rounds: 9 fast, 4 medium, 3 exhaustive):
 150 deleted vars, 92 deleted constraints, 0 added constraints, 70 tightened bounds, 0 added holes, 1271 changed sides, 2604 changed coefficients
 0 implications, 34 cliques, 0 implied integral variables (0 bin, 0 int, 0 cont)
presolved problem has 51 variables (21 bin, 0 int, 30 cont) and 3611 constraints
     34 constraints of type <setppc>
   3577 constraints of type <linear>
Presolving Time: 2.01
transformed 16/19 original solutions to the transformed problem space

 time | node  | left  |LP iter|LP it/n|mem/heur|mdpt |vars |cons |rows |cuts |sepa|confs|strbr|  dualbound   | primalbound  |  gap   | compl. 
  4.0s|     1 |     0 |   835 |     - |   479M |   0 |  51 |3615 |3611 |   0 |  0 |   3 |   0 |-4.107763e+02 |-4.108480e+02 |   0.02%| unknown
  4.0s|     1 |     0 |   835 |     - |   479M |   0 |  51 |3615 |3460 |   0 |  0 |   3 |   0 |-4.107763e+02 |-4.108480e+02 |   0.02%| unknown
  4.0s|     1 |     0 |   840 |     - |   479M |   0 |  51 |3604 |3282 |   1 |  1 |   3 |   0 |-4.107792e+02 |-4.108480e+02 |   0.02%| unknown
  4.0s|     1 |     0 |   842 |     - |   480M |   0 |  51 |3595 |3283 |   2 |  2 |   3 |   0 |-4.107851e+02 |-4.108480e+02 |   0.02%| unknown
  4.0s|     1 |     0 |   844 |     - |   480M |   0 |  51 |3595 |3284 |   3 |  3 |   3 |   0 |-4.107880e+02 |-4.108480e+02 |   0.01%| unknown
  4.0s|     1 |     0 |   846 |     - |   480M |   0 |  51 |3595 |3285 |   4 |  4 |   3 |   0 |-4.107895e+02 |-4.108480e+02 |   0.01%| unknown
  4.0s|     1 |     0 |   848 |     - |   481M |   0 |  51 |3595 |3286 |   5 |  5 |   3 |   0 |-4.107914e+02 |-4.108480e+02 |   0.01%| unknown
  4.1s|     1 |     0 |   850 |     - |   481M |   0 |  51 |3595 |3287 |   6 |  6 |   3 |   0 |-4.107963e+02 |-4.108480e+02 |   0.01%| unknown
  4.1s|     1 |     0 |   854 |     - |   481M |   0 |  51 |3595 |3289 |   8 |  7 |   3 |   0 |-4.108012e+02 |-4.108480e+02 |   0.01%| unknown
  4.1s|     1 |     0 |   854 |     - |   482M |   0 |  51 |3595 |3223 |   8 |  7 |   3 |   0 |-4.108012e+02 |-4.108480e+02 |   0.01%| unknown
  4.1s|     1 |     0 |   856 |     - |   482M |   0 |  51 |3590 |3224 |   9 |  8 |   3 |   0 |-4.108041e+02 |-4.108480e+02 |   0.01%| unknown
  4.1s|     1 |     0 |   858 |     - |   482M |   0 |  51 |3590 |3225 |  10 |  9 |   3 |   0 |-4.108070e+02 |-4.108480e+02 |   0.01%| unknown
  4.1s|     1 |     0 |   862 |     - |   482M |   0 |  51 |3590 |3224 |  11 | 10 |   3 |   0 |-4.108074e+02 |-4.108480e+02 |   0.01%| unknown
  4.1s|     1 |     0 |   863 |     - |   482M |   0 |  51 |3590 |3225 |  12 | 11 |   3 |   0 |-4.108078e+02 |-4.108480e+02 |   0.01%| unknown
  4.1s|     1 |     0 |   863 |     - |   481M |   0 |  51 |2723 |3225 |  12 | 11 |   3 |   0 |-4.108078e+02 |-4.108480e+02 |   0.01%| unknown
 time | node  | left  |LP iter|LP it/n|mem/heur|mdpt |vars |cons |rows |cuts |sepa|confs|strbr|  dualbound   | primalbound  |  gap   | compl. 
  4.1s|     1 |     0 |   893 |     - |   481M |   0 |  51 |2724 |3225 |  12 | 12 |   5 |   0 |-4.108480e+02 |-4.108480e+02 |   0.00%| unknown

SCIP Status        : problem is solved [optimal solution found]
Solving Time (sec) : 4.15
Solving Nodes      : 1 (total of 2 nodes in 2 runs)
Primal Bound       : -4.10847953216374e+02 (31 solutions)
Dual Bound         : -4.10847953216374e+02
Gap                : 0.00 %
feasible solution found by trivial heuristic after 0.0 seconds, objective value 0.000000e+00
presolving:
   (0.0s) symmetry computation started: requiring (bin +, int +, cont +), (fixed: bin -, int -, cont -)
   (0.0s) symmetry computation finished: 29 generators found (max: 1500, log10 of symmetry group size: 32.42) (symcode time: 0.00)
dynamic symmetry handling statistics:
   orbitopal reduction:       no components
   orbital reduction:         no components
   lexicographic reduction:   no permutations
handled 1 out of 1 symmetry components
presolving (0 rounds: 0 fast, 0 medium, 0 exhaustive):
 0 deleted vars, 0 deleted constraints, 0 added constraints, 0 tightened bounds, 0 added holes, 0 changed sides, 0 changed coefficients
 0 implications, 0 cliques, 0 implied integral variables (0 bin, 0 int, 0 cont)
presolved problem has 201 variables (171 bin, 0 int, 30 cont) and 1967 constraints
   1967 constraints of type <linear>
Presolving Time: 0.00
transformed 2/2 original solutions to the transformed problem space

 time | node  | left  |LP iter|LP it/n|mem/heur|mdpt |vars |cons |rows |cuts |sepa|confs|strbr|  dualbound   | primalbound  |  gap   | compl. 
t 0.0s|     1 |     0 |     0 |     - | trivial|   0 | 201 |1938 |   0 |   0 |  0 |   0 |   0 | 4.760000e+02 | 1.300000e+02 | 266.15%| unknown
i 0.0s|     1 |     0 |     0 |     - |  oneopt|   0 | 201 |1938 |1938 |   0 |  0 |   0 |   0 | 4.760000e+02 | 3.800000e+02 |  25.26%| unknown
* 0.0s|     1 |     0 |    29 |     - |    LP  |   0 | 201 |1938 |1938 |   0 |  0 |   0 |   0 | 4.580000e+02 | 4.580000e+02 |   0.00%| unknown
  0.0s|     1 |     0 |    29 |     - |  8695k |   0 | 201 |1938 |1938 |   0 |  0 |   0 |   0 | 4.580000e+02 | 4.580000e+02 |   0.00%| unknown

SCIP Status        : problem is solved [optimal solution found]
Solving Time (sec) : 0.01
Solving Nodes      : 1
Primal Bound       : +4.58000000000000e+02 (5 solutions)
Dual Bound         : +4.58000000000000e+02
Gap                : 0.00 %
  [linear] <c1939>: <x172>[C] (+0) -0.435672515<x1>[B] (+1) -0.435672515<x2>[B] (+1) -0.435672515<x3>[B] (+0) -0.435672515<x4>[B] (+1) +0.435672515<x5>[B] (+1) -0.435672515<x6>[B] (+0) -0.435672515<x7>[B] (+1) -0.435672515<x8>[B] (+1) -0.435672515<x9>[B] (+0) -0.435672515<x10>[B] (+1) -0.435672515<x11>[B] (+1) -0.435672515<x12>[B] (+0) -0.435672515<x13>[B] (+0) -0.435672515<x14>[B] (+0) -0.435672515<x15>[B] (+1) -0.435672515<x16>[B] (+1) -0.435672515<x17>[B] (+1) -0.435672515<x18>[B] (+0) -0.435672515<x19>[B] (+1) -0.435672515<x20>[B] (+0) +0.435672515<x21>[B] (+1) +0.435672515<x22>[B] (+0) -0.435672515<x23>[B] (+0) -0.435672515<x24>[B] (+1) -0.435672515<x25>[B] (+1) -0.435672515<x26>[B] (+0) -0.435672515<x27>[B] (+1) -0.435672515<x28>[B] (+1) -0.435672515<x29>[B] (+0) -0.435672515<x30>[B] (+0) +0.435672515<x31>[B] (+0) -0.435672515<x32>[B] (+1) +0.435672515<x33>[B] (+1) -0.435672515<x34>[B] (+1) -0.435672515<x35>[B] (+0) -0.435672515<x36>[B] (+0) +0.435672515<x37>[B] (+0) +0.435672515<x38>[B] (+0) -0.435672515<x39>[B] (+0) +0.435672515<x40>[B] (+0) +0.435672515<x41>[B] (+0) -0.435672515<x42>[B] (+0) +0.435672515<x43>[B] (+0) +0.435672515<x44>[B] (+0) -0.435672515<x45>[B] (+0) +0.435672515<x46>[B] (+0) +0.435672515<x47>[B] (+0) +0.435672515<x48>[B] (+0) +0.435672515<x49>[B] (+1) +0.435672515<x50>[B] (+0) +0.435672515<x51>[B] (+0) +0.435672515<x52>[B] (+1) +0.435672515<x53>[B] (+1) -0.435672515<x54>[B] (+0) +0.435672515<x55>[B] (+1) +0.435672515<x56>[B] (+1) -0.435672515<x57>[B] (+1) +0.435672515<x58>[B] (+1) +0.435672515<x59>[B] (+1) +0.435672515<x60>[B] (+0) +0.435672515<x61>[B] (+0) +0.435672515<x62>[B] (+1) +0.435672515<x63>[B] (+1) +0.435672515<x64>[B] (+1) +0.435672515<x65>[B] (+1) +0.435672515<x66>[B] (+0) +0.435672515<x67>[B] (+0) -0.435672515<x68>[B] (+0) -0.435672515<x69>[B] (+1) -0.435672515<x70>[B] (+0) -0.435672515<x71>[B] (+0) -0.435672515<x72>[B] (+1) -0.435672515<x73>[B] (+1) -0.435672515<x74>[B] (+0) -0.435672515<x75>[B] (+0) -0.435672515<x76>[B] (+0) -0.435672515<x77>[B] (+1) -0.435672515<x78>[B] (+1) -0.435672515<x79>[B] (+1) -0.435672515<x80>[B] (+0) -0.435672515<x81>[B] (+0) -0.435672515<x82>[B] (+1) -0.435672515<x83>[B] (+1) -0.435672515<x84>[B] (+0) -0.435672515<x85>[B] (+1) -0.435672515<x86>[B] (+1) -0.435672515<x87>[B] (+0) -0.435672515<x88>[B] (+0) -0.435672515<x89>[B] (+0) -0.435672515<x90>[B] (+1) -0.435672515<x91>[B] (+1) -0.435672515<x92>[B] (+1) -0.435672515<x93>[B] (+0) +0.435672515<x94>[B] (+1) +0.435672515<x95>[B] (+1) +0.435672515<x96>[B] (+1) +0.435672515<x97>[B] (+1) +0.435672515<x98>[B] (+1) +0.435672515<x99>[B] (+1) +0.435672515<x100>[B] (+1) +0.435672515<x101>[B] (+1) +0.435672515<x102>[B] (+1) +0.435672515<x103>[B] (+1) +0.435672515<x104>[B] (+1) +0.435672515<x105>[B] (+1) -0.435672515<x106>[B] (+0) -0.435672515<x107>[B] (+0) -0.435672515<x108>[B] (+1) -0.435672515<x109>[B] (+1) -0.435672515<x110>[B] (+0) -0.435672515<x111>[B] (+0) +0.435672515<x112>[B] (+0) -0.435672515<x113>[B] (+1) +0.435672515<x114>[B] (+1) -0.435672515<x115>[B] (+1) -0.435672515<x116>[B] (+0) -0.435672515<x117>[B] (+0) -0.435672515<x118>[B] (+1) -0.435672515<x119>[B] (+1) -0.435672515<x120>[B] (+0) -0.435672515<x121>[B] (+0) +0.435672515<x122>[B] (+0) -0.435672515<x123>[B] (+1) +0.435672515<x124>[B] (+1) -0.435672515<x125>[B] (+1) -0.435672515<x126>[B] (+0) +0.435672515<x127>[B] (+1) +0.435672515<x128>[B] (+1) +0.435672515<x129>[B] (+0) +0.435672515<x130>[B] (+0) +0.435672515<x131>[B] (+0) +0.435672515<x132>[B] (+1) +0.435672515<x133>[B] (+1) +0.435672515<x134>[B] (+1) +0.435672515<x135>[B] (+0) -0.435672515<x136>[B] (+0) -0.435672515<x137>[B] (+0) +0.435672515<x138>[B] (+0) +0.435672515<x139>[B] (+0) -0.435672515<x140>[B] (+1) +0.435672515<x141>[B] (+1) -0.435672515<x142>[B] (+1) -0.435672515<x143>[B] (+0) -0.435672515<x144>[B] (+0) +0.435672515<x145>[B] (+0) +0.435672515<x146>[B] (+0) -0.435672515<x147>[B] (+1) +0.435672515<x148>[B] (+1) +0.435672515<x149>[B] (+1) -0.435672515<x150>[B] (+0) +0.435672515<x151>[B] (+0) +0.435672515<x152>[B] (+1) +0.435672515<x153>[B] (+1) +0.435672515<x154>[B] (+1) +0.435672515<x155>[B] (+1) +0.435672515<x156>[B] (+1) +0.435672515<x157>[B] (+1) -0.435672515<x158>[B] (+1) +0.435672515<x159>[B] (+1) -0.435672515<x160>[B] (+1) -0.435672515<x161>[B] (+1) -0.435672515<x162>[B] (+1) +0.435672515<x163>[B] (+1) -0.435672515<x164>[B] (+1) -0.435672515<x165>[B] (+0) +0.435672515<x166>[B] (+1) +0.435672515<x167>[B] (+1) -0.435672515<x168>[B] (+0) -0.435672515<x169>[B] (+0) -0.435672515<x170>[B] (+0) -0.435672515<x171>[B] (+0) >= 16.0116959064327;
;
violation: left hand side is violated by 16.4473684210526
  [linear] <c1939>: <x172>[C] (+0) -0.435672515<x1>[B] (+1) -0.435672515<x2>[B] (+1) -0.435672515<x3>[B] (+0) -0.435672515<x4>[B] (+1) +0.435672515<x5>[B] (+1) -0.435672515<x6>[B] (+0) -0.435672515<x7>[B] (+1) -0.435672515<x8>[B] (+1) -0.435672515<x9>[B] (+1) -0.435672515<x10>[B] (+1) -0.435672515<x11>[B] (+1) -0.435672515<x12>[B] (+0) -0.435672515<x13>[B] (+1) -0.435672515<x14>[B] (+1) -0.435672515<x15>[B] (+1) -0.435672515<x16>[B] (+1) -0.435672515<x17>[B] (+1) -0.435672515<x18>[B] (+1) -0.435672515<x19>[B] (+1) -0.435672515<x20>[B] (+0) +0.435672515<x21>[B] (+1) +0.435672515<x22>[B] (+0) -0.435672515<x23>[B] (+0) -0.435672515<x24>[B] (+1) -0.435672515<x25>[B] (+1) -0.435672515<x26>[B] (+1) -0.435672515<x27>[B] (+1) -0.435672515<x28>[B] (+1) -0.435672515<x29>[B] (+0) -0.435672515<x30>[B] (+0) +0.435672515<x31>[B] (+1) -0.435672515<x32>[B] (+1) +0.435672515<x33>[B] (+1) -0.435672515<x34>[B] (+1) -0.435672515<x35>[B] (+1) -0.435672515<x36>[B] (+0) +0.435672515<x37>[B] (+0) +0.435672515<x38>[B] (+0) -0.435672515<x39>[B] (+0) +0.435672515<x40>[B] (+0) +0.435672515<x41>[B] (+1) -0.435672515<x42>[B] (+1) +0.435672515<x43>[B] (+1) +0.435672515<x44>[B] (+1) -0.435672515<x45>[B] (+0) +0.435672515<x46>[B] (+0) +0.435672515<x47>[B] (+1) +0.435672515<x48>[B] (+1) +0.435672515<x49>[B] (+1) +0.435672515<x50>[B] (+1) +0.435672515<x51>[B] (+0) +0.435672515<x52>[B] (+1) +0.435672515<x53>[B] (+1) -0.435672515<x54>[B] (+0) +0.435672515<x55>[B] (+1) +0.435672515<x56>[B] (+1) -0.435672515<x57>[B] (+1) +0.435672515<x58>[B] (+1) +0.435672515<x59>[B] (+1) +0.435672515<x60>[B] (+0) +0.435672515<x61>[B] (+1) +0.435672515<x62>[B] (+1) +0.435672515<x63>[B] (+1) +0.435672515<x64>[B] (+1) +0.435672515<x65>[B] (+1) +0.435672515<x66>[B] (+1) +0.435672515<x67>[B] (+0) -0.435672515<x68>[B] (+0) -0.435672515<x69>[B] (+1) -0.435672515<x70>[B] (+1) -0.435672515<x71>[B] (+1) -0.435672515<x72>[B] (+1) -0.435672515<x73>[B] (+1) -0.435672515<x74>[B] (+0) -0.435672515<x75>[B] (+0) -0.435672515<x76>[B] (+1) -0.435672515<x77>[B] (+1) -0.435672515<x78>[B] (+1) -0.435672515<x79>[B] (+1) -0.435672515<x80>[B] (+1) -0.435672515<x81>[B] (+0) -0.435672515<x82>[B] (+1) -0.435672515<x83>[B] (+1) -0.435672515<x84>[B] (+1) -0.435672515<x85>[B] (+1) -0.435672515<x86>[B] (+1) -0.435672515<x87>[B] (+0) -0.435672515<x88>[B] (+0) -0.435672515<x89>[B] (+1) -0.435672515<x90>[B] (+1) -0.435672515<x91>[B] (+1) -0.435672515<x92>[B] (+1) -0.435672515<x93>[B] (+1) +0.435672515<x94>[B] (+1) +0.435672515<x95>[B] (+1) +0.435672515<x96>[B] (+1) +0.435672515<x97>[B] (+1) +0.435672515<x98>[B] (+1) +0.435672515<x99>[B] (+1) +0.435672515<x100>[B] (+1) +0.435672515<x101>[B] (+1) +0.435672515<x102>[B] (+1) +0.435672515<x103>[B] (+1) +0.435672515<x104>[B] (+1) +0.435672515<x105>[B] (+1) -0.435672515<x106>[B] (+1) -0.435672515<x107>[B] (+1) -0.435672515<x108>[B] (+1) -0.435672515<x109>[B] (+1) -0.435672515<x110>[B] (+0) -0.435672515<x111>[B] (+0) +0.435672515<x112>[B] (+1) -0.435672515<x113>[B] (+1) +0.435672515<x114>[B] (+1) -0.435672515<x115>[B] (+1) -0.435672515<x116>[B] (+1) -0.435672515<x117>[B] (+0) -0.435672515<x118>[B] (+1) -0.435672515<x119>[B] (+1) -0.435672515<x120>[B] (+0) -0.435672515<x121>[B] (+0) +0.435672515<x122>[B] (+1) -0.435672515<x123>[B] (+1) +0.435672515<x124>[B] (+1) -0.435672515<x125>[B] (+1) -0.435672515<x126>[B] (+0) +0.435672515<x127>[B] (+1) +0.435672515<x128>[B] (+1) +0.435672515<x129>[B] (+0) +0.435672515<x130>[B] (+0) +0.435672515<x131>[B] (+1) +0.435672515<x132>[B] (+1) +0.435672515<x133>[B] (+1) +0.435672515<x134>[B] (+1) +0.435672515<x135>[B] (+0) -0.435672515<x136>[B] (+1) -0.435672515<x137>[B] (+0) +0.435672515<x138>[B] (+0) +0.435672515<x139>[B] (+1) -0.435672515<x140>[B] (+1) +0.435672515<x141>[B] (+1) -0.435672515<x142>[B] (+1) -0.435672515<x143>[B] (+0) -0.435672515<x144>[B] (+0) +0.435672515<x145>[B] (+0) +0.435672515<x146>[B] (+1) -0.435672515<x147>[B] (+1) +0.435672515<x148>[B] (+1) +0.435672515<x149>[B] (+1) -0.435672515<x150>[B] (+0) +0.435672515<x151>[B] (+1) +0.435672515<x152>[B] (+1) +0.435672515<x153>[B] (+1) +0.435672515<x154>[B] (+1) +0.435672515<x155>[B] (+1) +0.435672515<x156>[B] (+1) +0.435672515<x157>[B] (+1) -0.435672515<x158>[B] (+1) +0.435672515<x159>[B] (+1) -0.435672515<x160>[B] (+1) -0.435672515<x161>[B] (+1) -0.435672515<x162>[B] (+0) +0.435672515<x163>[B] (+1) -0.435672515<x164>[B] (+1) -0.435672515<x165>[B] (+0) +0.435672515<x166>[B] (+1) +0.435672515<x167>[B] (+1) -0.435672515<x168>[B] (+0) -0.435672515<x169>[B] (+0) -0.435672515<x170>[B] (+0) -0.435672515<x171>[B] (+0) >= 16.0116959064327;
;
violation: left hand side is violated by 17.3187134502924
  [linear] <c1939>: <x172>[C] (+0) -0.435672515<x1>[B] (+1) -0.435672515<x2>[B] (+1) -0.435672515<x3>[B] (+1) -0.435672515<x4>[B] (+1) +0.435672515<x5>[B] (+1) -0.435672515<x6>[B] (+1) -0.435672515<x7>[B] (+1) -0.435672515<x8>[B] (+1) -0.435672515<x9>[B] (+1) -0.435672515<x10>[B] (+1) -0.435672515<x11>[B] (+1) -0.435672515<x12>[B] (+1) -0.435672515<x13>[B] (+1) -0.435672515<x14>[B] (+1) -0.435672515<x15>[B] (+1) -0.435672515<x16>[B] (+1) -0.435672515<x17>[B] (+1) -0.435672515<x18>[B] (+1) -0.435672515<x19>[B] (+1) -0.435672515<x20>[B] (+1) +0.435672515<x21>[B] (+1) +0.435672515<x22>[B] (+1) -0.435672515<x23>[B] (+1) -0.435672515<x24>[B] (+1) -0.435672515<x25>[B] (+1) -0.435672515<x26>[B] (+1) -0.435672515<x27>[B] (+1) -0.435672515<x28>[B] (+1) -0.435672515<x29>[B] (+1) -0.435672515<x30>[B] (+1) +0.435672515<x31>[B] (+1) -0.435672515<x32>[B] (+1) +0.435672515<x33>[B] (+1) -0.435672515<x34>[B] (+1) -0.435672515<x35>[B] (+1) -0.435672515<x36>[B] (+1) +0.435672515<x37>[B] (+1) +0.435672515<x38>[B] (+1) -0.435672515<x39>[B] (+1) +0.435672515<x40>[B] (+1) +0.435672515<x41>[B] (+1) -0.435672515<x42>[B] (+1) +0.435672515<x43>[B] (+1) +0.435672515<x44>[B] (+1) -0.435672515<x45>[B] (+1) +0.435672515<x46>[B] (+1) +0.435672515<x47>[B] (+1) +0.435672515<x48>[B] (+1) +0.435672515<x49>[B] (+1) +0.435672515<x50>[B] (+1) +0.435672515<x51>[B] (+1) +0.435672515<x52>[B] (+1) +0.435672515<x53>[B] (+1) -0.435672515<x54>[B] (+1) +0.435672515<x55>[B] (+1) +0.435672515<x56>[B] (+1) -0.435672515<x57>[B] (+1) +0.435672515<x58>[B] (+1) +0.435672515<x59>[B] (+1) +0.435672515<x60>[B] (+1) +0.435672515<x61>[B] (+1) +0.435672515<x62>[B] (+1) +0.435672515<x63>[B] (+1) +0.435672515<x64>[B] (+1) +0.435672515<x65>[B] (+1) +0.435672515<x66>[B] (+1) +0.435672515<x67>[B] (+1) -0.435672515<x68>[B] (+1) -0.435672515<x69>[B] (+1) -0.435672515<x70>[B] (+1) -0.435672515<x71>[B] (+1) -0.435672515<x72>[B] (+1) -0.435672515<x73>[B] (+1) -0.435672515<x74>[B] (+1) -0.435672515<x75>[B] (+1) -0.435672515<x76>[B] (+1) -0.435672515<x77>[B] (+1) -0.435672515<x78>[B] (+1) -0.435672515<x79>[B] (+1) -0.435672515<x80>[B] (+1) -0.435672515<x81>[B] (+1) -0.435672515<x82>[B] (+1) -0.435672515<x83>[B] (+1) -0.435672515<x84>[B] (+1) -0.435672515<x85>[B] (+1) -0.435672515<x86>[B] (+1) -0.435672515<x87>[B] (+1) -0.435672515<x88>[B] (+1) -0.435672515<x89>[B] (+1) -0.435672515<x90>[B] (+1) -0.435672515<x91>[B] (+1) -0.435672515<x92>[B] (+1) -0.435672515<x93>[B] (+1) +0.435672515<x94>[B] (+1) +0.435672515<x95>[B] (+1) +0.435672515<x96>[B] (+1) +0.435672515<x97>[B] (+1) +0.435672515<x98>[B] (+1) +0.435672515<x99>[B] (+1) +0.435672515<x100>[B] (+1) +0.435672515<x101>[B] (+1) +0.435672515<x102>[B] (+1) +0.435672515<x103>[B] (+1) +0.435672515<x104>[B] (+1) +0.435672515<x105>[B] (+1) -0.435672515<x106>[B] (+1) -0.435672515<x107>[B] (+1) -0.435672515<x108>[B] (+1) -0.435672515<x109>[B] (+1) -0.435672515<x110>[B] (+1) -0.435672515<x111>[B] (+1) +0.435672515<x112>[B] (+1) -0.435672515<x113>[B] (+1) +0.435672515<x114>[B] (+1) -0.435672515<x115>[B] (+1) -0.435672515<x116>[B] (+1) -0.435672515<x117>[B] (+1) -0.435672515<x118>[B] (+1) -0.435672515<x119>[B] (+1) -0.435672515<x120>[B] (+1) -0.435672515<x121>[B] (+1) +0.435672515<x122>[B] (+1) -0.435672515<x123>[B] (+1) +0.435672515<x124>[B] (+1) -0.435672515<x125>[B] (+1) -0.435672515<x126>[B] (+1) +0.435672515<x127>[B] (+1) +0.435672515<x128>[B] (+1) +0.435672515<x129>[B] (+1) +0.435672515<x130>[B] (+1) +0.435672515<x131>[B] (+1) +0.435672515<x132>[B] (+1) +0.435672515<x133>[B] (+1) +0.435672515<x134>[B] (+1) +0.435672515<x135>[B] (+1) -0.435672515<x136>[B] (+1) -0.435672515<x137>[B] (+1) +0.435672515<x138>[B] (+1) +0.435672515<x139>[B] (+1) -0.435672515<x140>[B] (+1) +0.435672515<x141>[B] (+1) -0.435672515<x142>[B] (+1) -0.435672515<x143>[B] (+1) -0.435672515<x144>[B] (+1) +0.435672515<x145>[B] (+1) +0.435672515<x146>[B] (+1) -0.435672515<x147>[B] (+1) +0.435672515<x148>[B] (+1) +0.435672515<x149>[B] (+1) -0.435672515<x150>[B] (+1) +0.435672515<x151>[B] (+1) +0.435672515<x152>[B] (+1) +0.435672515<x153>[B] (+1) +0.435672515<x154>[B] (+1) +0.435672515<x155>[B] (+1) +0.435672515<x156>[B] (+1) +0.435672515<x157>[B] (+1) -0.435672515<x158>[B] (+1) +0.435672515<x159>[B] (+1) -0.435672515<x160>[B] (+1) -0.435672515<x161>[B] (+1) -0.435672515<x162>[B] (+1) +0.435672515<x163>[B] (+1) -0.435672515<x164>[B] (+1) -0.435672515<x165>[B] (+1) +0.435672515<x166>[B] (+1) +0.435672515<x167>[B] (+1) -0.435672515<x168>[B] (+1) -0.435672515<x169>[B] (+1) -0.435672515<x170>[B] (+1) -0.435672515<x171>[B] (+1) >= 16.0116959064327;
;
violation: left hand side is violated by 26.0321637426901
  [linear] <c1939>: <x172>[C] (+0) -0.435672515<x1>[B] (+0) -0.435672515<x2>[B] (+0) -0.435672515<x3>[B] (+0) -0.435672515<x4>[B] (+0) +0.435672515<x5>[B] (+0) -0.435672515<x6>[B] (+0) -0.435672515<x7>[B] (+0) -0.435672515<x8>[B] (+0) -0.435672515<x9>[B] (+0) -0.435672515<x10>[B] (+0) -0.435672515<x11>[B] (+0) -0.435672515<x12>[B] (+0) -0.435672515<x13>[B] (+0) -0.435672515<x14>[B] (+0) -0.435672515<x15>[B] (+0) -0.435672515<x16>[B] (+0) -0.435672515<x17>[B] (+0) -0.435672515<x18>[B] (+0) -0.435672515<x19>[B] (+0) -0.435672515<x20>[B] (+0) +0.435672515<x21>[B] (+0) +0.435672515<x22>[B] (+0) -0.435672515<x23>[B] (+0) -0.435672515<x24>[B] (+0) -0.435672515<x25>[B] (+0) -0.435672515<x26>[B] (+0) -0.435672515<x27>[B] (+0) -0.435672515<x28>[B] (+0) -0.435672515<x29>[B] (+0) -0.435672515<x30>[B] (+0) +0.435672515<x31>[B] (+0) -0.435672515<x32>[B] (+0) +0.435672515<x33>[B] (+0) -0.435672515<x34>[B] (+0) -0.435672515<x35>[B] (+0) -0.435672515<x36>[B] (+0) +0.435672515<x37>[B] (+0) +0.435672515<x38>[B] (+0) -0.435672515<x39>[B] (+0) +0.435672515<x40>[B] (+0) +0.435672515<x41>[B] (+0) -0.435672515<x42>[B] (+0) +0.435672515<x43>[B] (+0) +0.435672515<x44>[B] (+0) -0.435672515<x45>[B] (+0) +0.435672515<x46>[B] (+0) +0.435672515<x47>[B] (+0) +0.435672515<x48>[B] (+0) +0.435672515<x49>[B] (+0) +0.435672515<x50>[B] (+0) +0.435672515<x51>[B] (+0) +0.435672515<x52>[B] (+0) +0.435672515<x53>[B] (+0) -0.435672515<x54>[B] (+0) +0.435672515<x55>[B] (+0) +0.435672515<x56>[B] (+0) -0.435672515<x57>[B] (+0) +0.435672515<x58>[B] (+0) +0.435672515<x59>[B] (+0) +0.435672515<x60>[B] (+0) +0.435672515<x61>[B] (+0) +0.435672515<x62>[B] (+0) +0.435672515<x63>[B] (+0) +0.435672515<x64>[B] (+0) +0.435672515<x65>[B] (+0) +0.435672515<x66>[B] (+0) +0.435672515<x67>[B] (+0) -0.435672515<x68>[B] (+0) -0.435672515<x69>[B] (+0) -0.435672515<x70>[B] (+0) -0.435672515<x71>[B] (+0) -0.435672515<x72>[B] (+0) -0.435672515<x73>[B] (+0) -0.435672515<x74>[B] (+0) -0.435672515<x75>[B] (+0) -0.435672515<x76>[B] (+0) -0.435672515<x77>[B] (+0) -0.435672515<x78>[B] (+0) -0.435672515<x79>[B] (+0) -0.435672515<x80>[B] (+0) -0.435672515<x81>[B] (+0) -0.435672515<x82>[B] (+0) -0.435672515<x83>[B] (+0) -0.435672515<x84>[B] (+0) -0.435672515<x85>[B] (+0) -0.435672515<x86>[B] (+0) -0.435672515<x87>[B] (+0) -0.435672515<x88>[B] (+0) -0.435672515<x89>[B] (+0) -0.435672515<x90>[B] (+0) -0.435672515<x91>[B] (+0) -0.435672515<x92>[B] (+0) -0.435672515<x93>[B] (+0) +0.435672515<x94>[B] (+0) +0.435672515<x95>[B] (+0) +0.435672515<x96>[B] (+0) +0.435672515<x97>[B] (+0) +0.435672515<x98>[B] (+0) +0.435672515<x99>[B] (+0) +0.435672515<x100>[B] (+0) +0.435672515<x101>[B] (+0) +0.435672515<x102>[B] (+0) +0.435672515<x103>[B] (+0) +0.435672515<x104>[B] (+0) +0.435672515<x105>[B] (+0) -0.435672515<x106>[B] (+0) -0.435672515<x107>[B] (+0) -0.435672515<x108>[B] (+0) -0.435672515<x109>[B] (+0) -0.435672515<x110>[B] (+0) -0.435672515<x111>[B] (+0) +0.435672515<x112>[B] (+0) -0.435672515<x113>[B] (+0) +0.435672515<x114>[B] (+0) -0.435672515<x115>[B] (+0) -0.435672515<x116>[B] (+0) -0.435672515<x117>[B] (+0) -0.435672515<x118>[B] (+0) -0.435672515<x119>[B] (+0) -0.435672515<x120>[B] (+0) -0.435672515<x121>[B] (+0) +0.435672515<x122>[B] (+0) -0.435672515<x123>[B] (+0) +0.435672515<x124>[B] (+0) -0.435672515<x125>[B] (+0) -0.435672515<x126>[B] (+0) +0.435672515<x127>[B] (+0) +0.435672515<x128>[B] (+0) +0.435672515<x129>[B] (+0) +0.435672515<x130>[B] (+0) +0.435672515<x131>[B] (+0) +0.435672515<x132>[B] (+0) +0.435672515<x133>[B] (+0) +0.435672515<x134>[B] (+0) +0.435672515<x135>[B] (+0) -0.435672515<x136>[B] (+0) -0.435672515<x137>[B] (+0) +0.435672515<x138>[B] (+0) +0.435672515<x139>[B] (+0) -0.435672515<x140>[B] (+0) +0.435672515<x141>[B] (+0) -0.435672515<x142>[B] (+0) -0.435672515<x143>[B] (+0) -0.435672515<x144>[B] (+0) +0.435672515<x145>[B] (+0) +0.435672515<x146>[B] (+0) -0.435672515<x147>[B] (+0) +0.435672515<x148>[B] (+0) +0.435672515<x149>[B] (+0) -0.435672515<x150>[B] (+0) +0.435672515<x151>[B] (+0) +0.435672515<x152>[B] (+0) +0.435672515<x153>[B] (+0) +0.435672515<x154>[B] (+0) +0.435672515<x155>[B] (+0) +0.435672515<x156>[B] (+0) +0.435672515<x157>[B] (+0) -0.435672515<x158>[B] (+0) +0.435672515<x159>[B] (+0) -0.435672515<x160>[B] (+0) -0.435672515<x161>[B] (+0) -0.435672515<x162>[B] (+0) +0.435672515<x163>[B] (+0) -0.435672515<x164>[B] (+0) -0.435672515<x165>[B] (+0) +0.435672515<x166>[B] (+0) +0.435672515<x167>[B] (+0) -0.435672515<x168>[B] (+0) -0.435672515<x169>[B] (+0) -0.435672515<x170>[B] (+0) -0.435672515<x171>[B] (+0) >= 16.0116959064327;
;
violation: left hand side is violated by 16.0116959064327
1/5 feasible solution given by solution candidate storage, new primal bound -2.999870e+06

presolving:
   (0.0s) symmetry computation started: requiring (bin +, int +, cont +), (fixed: bin -, int -, cont -)
   (0.0s) no symmetry present (symcode time: 0.00)
presolving (0 rounds: 0 fast, 0 medium, 0 exhaustive):
 0 deleted vars, 0 deleted constraints, 0 added constraints, 0 tightened bounds, 0 added holes, 0 changed sides, 0 changed coefficients
 0 implications, 0 cliques, 0 implied integral variables (0 bin, 0 int, 0 cont)
presolved problem has 201 variables (171 bin, 0 int, 30 cont) and 1968 constraints
   1968 constraints of type <linear>
Presolving Time: 0.00
transformed 1/1 original solutions to the transformed problem space

 time | node  | left  |LP iter|LP it/n|mem/heur|mdpt |vars |cons |rows |cuts |sepa|confs|strbr|  dualbound   | primalbound  |  gap   | compl. 
p 0.0s|     1 |     0 |     9 |     - |   locks|   0 | 201 |1968 |1968 |   0 |  0 |   0 |   0 | 4.760000e+02 |-6.830175e+02 |    Inf | unknown
* 0.0s|     1 |     0 |   203 |     - |    LP  |   0 | 201 |1968 |1968 |   0 |  0 |   0 |   0 |-4.083392e+02 |-4.083392e+02 |   0.00%| unknown
  0.0s|     1 |     0 |   203 |     - |    10M |   0 | 201 |1968 |1968 |   0 |  0 |   0 |   0 |-4.083392e+02 |-4.083392e+02 |   0.00%| unknown

SCIP Status        : problem is solved [optimal solution found]
Solving Time (sec) : 0.02
Solving Nodes      : 1
Primal Bound       : -4.08339181286550e+02 (4 solutions)
Dual Bound         : -4.08339181286550e+02
Gap                : 0.00 %
  [linear] <c1969>: <x172>[C] (+21.2397661) -0.5<x1>[B] (+1) -0.5<x2>[B] (+1) -0.5<x3>[B] (+1) -0.5<x4>[B] (+1) +0.5<x5>[B] (+1) -0.5<x6>[B] (+0) -0.5<x7>[B] (+1) -0.5<x8>[B] (+1) -0.5<x9>[B] (+1) -0.5<x10>[B] (+1) -0.5<x11>[B] (+1) -0.5<x12>[B] (+0) -0.5<x13>[B] (+0) -0.5<x14>[B] (+1) -0.5<x15>[B] (+1) -0.5<x16>[B] (+1) -0.5<x17>[B] (+1) -0.5<x18>[B] (+1) -0.5<x19>[B] (+1) -0.5<x20>[B] (+0) +0.5<x21>[B] (+1) +0.5<x22>[B] (+0) -0.5<x23>[B] (+0) -0.5<x24>[B] (+1) -0.5<x25>[B] (+1) -0.5<x26>[B] (+0) -0.5<x27>[B] (+1) -0.5<x28>[B] (+1) -0.5<x29>[B] (+0) -0.5<x30>[B] (+0) +0.5<x31>[B] (+0) -0.5<x32>[B] (+1) +0.5<x33>[B] (+1) -0.5<x34>[B] (+1) -0.5<x35>[B] (+0) -0.5<x36>[B] (+0) +0.5<x37>[B] (+0) +0.5<x38>[B] (+0) -0.5<x39>[B] (+0) +0.5<x40>[B] (+0) +0.5<x41>[B] (+0) -0.5<x42>[B] (+0) +0.5<x43>[B] (+0) +0.5<x44>[B] (+0) -0.5<x45>[B] (+0) +0.5<x46>[B] (+0) +0.5<x47>[B] (+0) +0.5<x48>[B] (+0) +0.5<x49>[B] (+0) +0.5<x50>[B] (+0) +0.5<x51>[B] (+0) +0.5<x52>[B] (+1) +0.5<x53>[B] (+1) -0.5<x54>[B] (+0) +0.5<x55>[B] (+1) +0.5<x56>[B] (+1) -0.5<x57>[B] (+1) +0.5<x58>[B] (+1) +0.5<x59>[B] (+1) +0.5<x60>[B] (+0) +0.5<x61>[B] (+0) +0.5<x62>[B] (+1) +0.5<x63>[B] (+1) +0.5<x64>[B] (+1) +0.5<x65>[B] (+1) +0.5<x66>[B] (+0) +0.5<x67>[B] (+0) -0.5<x68>[B] (+0) -0.5<x69>[B] (+1) -0.5<x70>[B] (+0) -0.5<x71>[B] (+0) -0.5<x72>[B] (+1) -0.5<x73>[B] (+1) -0.5<x74>[B] (+0) -0.5<x75>[B] (+0) -0.5<x76>[B] (+0) -0.5<x77>[B] (+1) -0.5<x78>[B] (+1) -0.5<x79>[B] (+1) -0.5<x80>[B] (+0) -0.5<x81>[B] (+0) -0.5<x82>[B] (+1) -0.5<x83>[B] (+1) -0.5<x84>[B] (+0) -0.5<x85>[B] (+1) -0.5<x86>[B] (+1) -0.5<x87>[B] (+0) -0.5<x88>[B] (+0) -0.5<x89>[B] (+0) -0.5<x90>[B] (+1) -0.5<x91>[B] (+1) -0.5<x92>[B] (+1) -0.5<x93>[B] (+0) +0.5<x94>[B] (+1) +0.5<x95>[B] (+1) +0.5<x96>[B] (+1) +0.5<x97>[B] (+1) +0.5<x98>[B] (+1) +0.5<x99>[B] (+1) +0.5<x100>[B] (+1) +0.5<x101>[B] (+1) +0.5<x102>[B] (+1) +0.5<x103>[B] (+1) +0.5<x104>[B] (+1) +0.5<x105>[B] (+1) -0.5<x106>[B] (+0) -0.5<x107>[B] (+0) -0.5<x108>[B] (+1) -0.5<x109>[B] (+1) -0.5<x110>[B] (+0) -0.5<x111>[B] (+0) +0.5<x112>[B] (+0) -0.5<x113>[B] (+1) +0.5<x114>[B] (+0) -0.5<x115>[B] (+1) -0.5<x116>[B] (+0) -0.5<x117>[B] (+0) -0.5<x118>[B] (+1) -0.5<x119>[B] (+1) -0.5<x120>[B] (+0) -0.5<x121>[B] (+0) +0.5<x122>[B] (+0) -0.5<x123>[B] (+1) +0.5<x124>[B] (+1) -0.5<x125>[B] (+1) -0.5<x126>[B] (+0) +0.5<x127>[B] (+1) +0.5<x128>[B] (+1) +0.5<x129>[B] (+0) +0.5<x130>[B] (+0) +0.5<x131>[B] (+0) +0.5<x132>[B] (+1) +0.5<x133>[B] (+1) +0.5<x134>[B] (+1) +0.5<x135>[B] (+0) -0.5<x136>[B] (+1) -0.5<x137>[B] (+0) +0.5<x138>[B] (+0) +0.5<x139>[B] (+0) -0.5<x140>[B] (+1) +0.5<x141>[B] (+0) -0.5<x142>[B] (+1) -0.5<x143>[B] (+0) -0.5<x144>[B] (+0) +0.5<x145>[B] (+0) +0.5<x146>[B] (+0) -0.5<x147>[B] (+1) +0.5<x148>[B] (+0) +0.5<x149>[B] (+1) -0.5<x150>[B] (+0) +0.5<x151>[B] (+0) +0.5<x152>[B] (+1) +0.5<x153>[B] (+1) +0.5<x154>[B] (+1) +0.5<x155>[B] (+1) +0.5<x156>[B] (+1) +0.5<x157>[B] (+1) -0.5<x158>[B] (+1) +0.5<x159>[B] (+1) -0.5<x160>[B] (+1) -0.5<x161>[B] (+1) -0.5<x162>[B] (+1) +0.5<x163>[B] (+1) -0.5<x164>[B] (+1) -0.5<x165>[B] (+0) +0.5<x166>[B] (+0) +0.5<x167>[B] (+1) -0.5<x168>[B] (+0) -0.5<x169>[B] (+1) -0.5<x170>[B] (+0) -0.5<x171>[B] (+0) >= 15.625730994152;
;
violation: left hand side is violated by 0.385964912280681
  [linear] <c1969>: <x172>[C] (+31.2602339) -0.5<x1>[B] (+0) -0.5<x2>[B] (+0) -0.5<x3>[B] (+1) -0.5<x4>[B] (+0) +0.5<x5>[B] (+0) -0.5<x6>[B] (+1) -0.5<x7>[B] (+0) -0.5<x8>[B] (+0) -0.5<x9>[B] (+0) -0.5<x10>[B] (+0) -0.5<x11>[B] (+0) -0.5<x12>[B] (+1) -0.5<x13>[B] (+1) -0.5<x14>[B] (+0) -0.5<x15>[B] (+0) -0.5<x16>[B] (+0) -0.5<x17>[B] (+0) -0.5<x18>[B] (+0) -0.5<x19>[B] (+1) -0.5<x20>[B] (+1) +0.5<x21>[B] (+1) +0.5<x22>[B] (+1) -0.5<x23>[B] (+1) -0.5<x24>[B] (+1) -0.5<x25>[B] (+1) -0.5<x26>[B] (+1) -0.5<x27>[B] (+0) -0.5<x28>[B] (+1) -0.5<x29>[B] (+1) -0.5<x30>[B] (+1) +0.5<x31>[B] (+1) -0.5<x32>[B] (+1) +0.5<x33>[B] (+0) -0.5<x34>[B] (+1) -0.5<x35>[B] (+1) -0.5<x36>[B] (+1) +0.5<x37>[B] (+1) +0.5<x38>[B] (+1) -0.5<x39>[B] (+1) +0.5<x40>[B] (+1) +0.5<x41>[B] (+1) -0.5<x42>[B] (+1) +0.5<x43>[B] (+0) +0.5<x44>[B] (+1) -0.5<x45>[B] (+1) +0.5<x46>[B] (+1) +0.5<x47>[B] (+1) +0.5<x48>[B] (+1) +0.5<x49>[B] (+0) +0.5<x50>[B] (+1) +0.5<x51>[B] (+1) +0.5<x52>[B] (+0) +0.5<x53>[B] (+0) -0.5<x54>[B] (+1) +0.5<x55>[B] (+0) +0.5<x56>[B] (+0) -0.5<x57>[B] (+0) +0.5<x58>[B] (+0) +0.5<x59>[B] (+0) +0.5<x60>[B] (+1) +0.5<x61>[B] (+1) +0.5<x62>[B] (+0) +0.5<x63>[B] (+0) +0.5<x64>[B] (+0) +0.5<x65>[B] (+0) +0.5<x66>[B] (+0) +0.5<x67>[B] (+1) -0.5<x68>[B] (+1) -0.5<x69>[B] (+0) -0.5<x70>[B] (+1) -0.5<x71>[B] (+1) -0.5<x72>[B] (+0) -0.5<x73>[B] (+0) -0.5<x74>[B] (+1) -0.5<x75>[B] (+1) -0.5<x76>[B] (+1) -0.5<x77>[B] (+1) -0.5<x78>[B] (+0) -0.5<x79>[B] (+0) -0.5<x80>[B] (+1) -0.5<x81>[B] (+1) -0.5<x82>[B] (+0) -0.5<x83>[B] (+1) -0.5<x84>[B] (+1) -0.5<x85>[B] (+0) -0.5<x86>[B] (+0) -0.5<x87>[B] (+1) -0.5<x88>[B] (+1) -0.5<x89>[B] (+1) -0.5<x90>[B] (+1) -0.5<x91>[B] (+0) -0.5<x92>[B] (+0) -0.5<x93>[B] (+1) +0.5<x94>[B] (+0) +0.5<x95>[B] (+0) +0.5<x96>[B] (+0) +0.5<x97>[B] (+0) +0.5<x98>[B] (+0) +0.5<x99>[B] (+0) +0.5<x100>[B] (+0) +0.5<x101>[B] (+0) +0.5<x102>[B] (+0) +0.5<x103>[B] (+0) +0.5<x104>[B] (+0) +0.5<x105>[B] (+0) -0.5<x106>[B] (+1) -0.5<x107>[B] (+1) -0.5<x108>[B] (+0) -0.5<x109>[B] (+0) -0.5<x110>[B] (+1) -0.5<x111>[B] (+1) +0.5<x112>[B] (+1) -0.5<x113>[B] (+1) +0.5<x114>[B] (+0) -0.5<x115>[B] (+0) -0.5<x116>[B] (+1) -0.5<x117>[B] (+1) -0.5<x118>[B] (+0) -0.5<x119>[B] (+0) -0.5<x120>[B] (+1) -0.5<x121>[B] (+1) +0.5<x122>[B] (+0) -0.5<x123>[B] (+0) +0.5<x124>[B] (+0) -0.5<x125>[B] (+0) -0.5<x126>[B] (+1) +0.5<x127>[B] (+0) +0.5<x128>[B] (+0) +0.5<x129>[B] (+1) +0.5<x130>[B] (+1) +0.5<x131>[B] (+0) +0.5<x132>[B] (+0) +0.5<x133>[B] (+0) +0.5<x134>[B] (+0) +0.5<x135>[B] (+1) -0.5<x136>[B] (+1) -0.5<x137>[B] (+1) +0.5<x138>[B] (+1) +0.5<x139>[B] (+1) -0.5<x140>[B] (+1) +0.5<x141>[B] (+1) -0.5<x142>[B] (+1) -0.5<x143>[B] (+1) -0.5<x144>[B] (+1) +0.5<x145>[B] (+1) +0.5<x146>[B] (+1) -0.5<x147>[B] (+1) +0.5<x148>[B] (+0) +0.5<x149>[B] (+0) -0.5<x150>[B] (+1) +0.5<x151>[B] (+1) +0.5<x152>[B] (+0) +0.5<x153>[B] (+0) +0.5<x154>[B] (+0) +0.5<x155>[B] (+0) +0.5<x156>[B] (+0) +0.5<x157>[B] (+0) -0.5<x158>[B] (+0) +0.5<x159>[B] (+0) -0.5<x160>[B] (+0) -0.5<x161>[B] (+0) -0.5<x162>[B] (+1) +0.5<x163>[B] (+0) -0.5<x164>[B] (+0) -0.5<x165>[B] (+1) +0.5<x166>[B] (+0) +0.5<x167>[B] (+0) -0.5<x168>[B] (+1) -0.5<x169>[B] (+1) -0.5<x170>[B] (+1) -0.5<x171>[B] (+1) >= 15.625730994152;
;
violation: left hand side is violated by 1.86549707602333
2/4 feasible solutions given by solution candidate storage, new primal bound -2.999870e+06

presolving:
   (0.0s) symmetry computation started: requiring (bin +, int +, cont +), (fixed: bin -, int -, cont -)
   (0.0s) no symmetry present (symcode time: 0.00)
presolving (0 rounds: 0 fast, 0 medium, 0 exhaustive):
 0 deleted vars, 0 deleted constraints, 0 added constraints, 0 tightened bounds, 0 added holes, 0 changed sides, 0 changed coefficients
 0 implications, 0 cliques, 0 implied integral variables (0 bin, 0 int, 0 cont)
presolved problem has 201 variables (171 bin, 0 int, 30 cont) and 1992 constraints
   1992 constraints of type <linear>
Presolving Time: 0.01
transformed 2/2 original solutions to the transformed problem space

 time | node  | left  |LP iter|LP it/n|mem/heur|mdpt |vars |cons |rows |cuts |sepa|confs|strbr|  dualbound   | primalbound  |  gap   | compl. 
p 0.0s|     1 |     0 |    11 |     - |   locks|   0 | 201 |1992 |1992 |   0 |  0 |   0 |   0 | 4.760000e+02 |-6.509240e+02 |    Inf | unknown
* 0.0s|     1 |     0 |   250 |     - |    LP  |   0 | 201 |1992 |1992 |   0 |  0 |   0 |   0 |-4.104211e+02 |-4.104211e+02 |   0.00%| unknown
  0.0s|     1 |     0 |   250 |     - |    12M |   0 | 201 |1992 |1992 |   0 |  0 |   0 |   0 |-4.104211e+02 |-4.104211e+02 |   0.00%| unknown

SCIP Status        : problem is solved [optimal solution found]
Solving Time (sec) : 0.02
Solving Nodes      : 1
Primal Bound       : -4.10421052631579e+02 (4 solutions)
Dual Bound         : -4.10421052631579e+02
Gap                : 0.00 %
  [linear] <c1993>: <x172>[C] (+19.625731) -0.476608187<x1>[B] (+1) -0.476608187<x2>[B] (+1) -0.476608187<x3>[B] (+6.75015599e-14) -0.476608187<x4>[B] (+1) +0.476608187<x5>[B] (+1) -0.476608187<x6>[B] (+0) -0.476608187<x7>[B] (+1) -0.476608187<x8>[B] (+1) -0.476608187<x9>[B] (+6.75015599e-14) -0.476608187<x10>[B] (+1) -0.476608187<x11>[B] (+1) -0.476608187<x12>[B] (+0) -0.476608187<x13>[B] (+0) -0.476608187<x14>[B] (+6.75015599e-14) -0.476608187<x15>[B] (+1) -0.476608187<x16>[B] (+1) -0.476608187<x17>[B] (+1) -0.476608187<x18>[B] (+6.75015599e-14) -0.476608187<x19>[B] (+1) -0.476608187<x20>[B] (+0) +0.476608187<x21>[B] (+1) +0.476608187<x22>[B] (+0) -0.476608187<x23>[B] (+0) -0.476608187<x24>[B] (+1) -0.476608187<x25>[B] (+1) -0.476608187<x26>[B] (+0) -0.476608187<x27>[B] (+1) -0.476608187<x28>[B] (+1) -0.476608187<x29>[B] (+0) -0.476608187<x30>[B] (+0) +0.476608187<x31>[B] (+0) -0.476608187<x32>[B] (+1) +0.476608187<x33>[B] (+1) -0.476608187<x34>[B] (+1) -0.476608187<x35>[B] (+0) -0.476608187<x36>[B] (+0) +0.476608187<x37>[B] (+0) +0.476608187<x38>[B] (+0) -0.476608187<x39>[B] (+0) +0.476608187<x40>[B] (+0) +0.476608187<x41>[B] (+0) -0.476608187<x42>[B] (+0) +0.476608187<x43>[B] (+0) +0.476608187<x44>[B] (+0) -0.476608187<x45>[B] (+0) +0.476608187<x46>[B] (+0) +0.476608187<x47>[B] (+0) +0.476608187<x48>[B] (+0) +0.476608187<x49>[B] (+0) +0.476608187<x50>[B] (+0) +0.476608187<x51>[B] (+0) +0.476608187<x52>[B] (+1) +0.476608187<x53>[B] (+1) -0.476608187<x54>[B] (+0) +0.476608187<x55>[B] (+1) +0.476608187<x56>[B] (+1) -0.476608187<x57>[B] (+1) +0.476608187<x58>[B] (+1) +0.476608187<x59>[B] (+1) +0.476608187<x60>[B] (+0) +0.476608187<x61>[B] (+0) +0.476608187<x62>[B] (+1) +0.476608187<x63>[B] (+1) +0.476608187<x64>[B] (+1) +0.476608187<x65>[B] (+1) +0.476608187<x66>[B] (+0) +0.476608187<x67>[B] (+0) -0.476608187<x68>[B] (+0) -0.476608187<x69>[B] (+1) -0.476608187<x70>[B] (+0) -0.476608187<x71>[B] (+0) -0.476608187<x72>[B] (+1) -0.476608187<x73>[B] (+1) -0.476608187<x74>[B] (+0) -0.476608187<x75>[B] (+0) -0.476608187<x76>[B] (+0) -0.476608187<x77>[B] (+1) -0.476608187<x78>[B] (+1) -0.476608187<x79>[B] (+1) -0.476608187<x80>[B] (+0) -0.476608187<x81>[B] (+0) -0.476608187<x82>[B] (+1) -0.476608187<x83>[B] (+1) -0.476608187<x84>[B] (+0) -0.476608187<x85>[B] (+1) -0.476608187<x86>[B] (+1) -0.476608187<x87>[B] (+0) -0.476608187<x88>[B] (+0) -0.476608187<x89>[B] (+0) -0.476608187<x90>[B] (+1) -0.476608187<x91>[B] (+1) -0.476608187<x92>[B] (+1) -0.476608187<x93>[B] (+0) +0.476608187<x94>[B] (+1) +0.476608187<x95>[B] (+1) +0.476608187<x96>[B] (+1) +0.476608187<x97>[B] (+1) +0.476608187<x98>[B] (+1) +0.476608187<x99>[B] (+1) +0.476608187<x100>[B] (+1) +0.476608187<x101>[B] (+1) +0.476608187<x102>[B] (+1) +0.476608187<x103>[B] (+1) +0.476608187<x104>[B] (+1) +0.476608187<x105>[B] (+1) -0.476608187<x106>[B] (+0) -0.476608187<x107>[B] (+0) -0.476608187<x108>[B] (+1) -0.476608187<x109>[B] (+1) -0.476608187<x110>[B] (+0) -0.476608187<x111>[B] (+0) +0.476608187<x112>[B] (+0) -0.476608187<x113>[B] (+1) +0.476608187<x114>[B] (+0) -0.476608187<x115>[B] (+1) -0.476608187<x116>[B] (+0) -0.476608187<x117>[B] (+0) -0.476608187<x118>[B] (+1) -0.476608187<x119>[B] (+1) -0.476608187<x120>[B] (+0) -0.476608187<x121>[B] (+0) +0.476608187<x122>[B] (+0) -0.476608187<x123>[B] (+1) +0.476608187<x124>[B] (+1) -0.476608187<x125>[B] (+1) -0.476608187<x126>[B] (+0) +0.476608187<x127>[B] (+1) +0.476608187<x128>[B] (+1) +0.476608187<x129>[B] (+0) +0.476608187<x130>[B] (+0) +0.476608187<x131>[B] (+0) +0.476608187<x132>[B] (+1) +0.476608187<x133>[B] (+1) +0.476608187<x134>[B] (+1) +0.476608187<x135>[B] (+0) -0.476608187<x136>[B] (+1) -0.476608187<x137>[B] (+0) +0.476608187<x138>[B] (+0) +0.476608187<x139>[B] (+0) -0.476608187<x140>[B] (+1) +0.476608187<x141>[B] (+0) -0.476608187<x142>[B] (+1) -0.476608187<x143>[B] (+0) -0.476608187<x144>[B] (+0) +0.476608187<x145>[B] (+0) +0.476608187<x146>[B] (+0) -0.476608187<x147>[B] (+1) +0.476608187<x148>[B] (+0) +0.476608187<x149>[B] (+1) -0.476608187<x150>[B] (+0) +0.476608187<x151>[B] (+0) +0.476608187<x152>[B] (+1) +0.476608187<x153>[B] (+1) +0.476608187<x154>[B] (+1) +0.476608187<x155>[B] (+1) +0.476608187<x156>[B] (+1) +0.476608187<x157>[B] (+1) -0.476608187<x158>[B] (+1) +0.476608187<x159>[B] (+1) -0.476608187<x160>[B] (+1) -0.476608187<x161>[B] (+1) -0.476608187<x162>[B] (+1) +0.476608187<x163>[B] (+1) -0.476608187<x164>[B] (+1) -0.476608187<x165>[B] (+0) +0.476608187<x166>[B] (+0) +0.476608187<x167>[B] (+1) -0.476608187<x168>[B] (+0) -0.476608187<x169>[B] (+1) -0.476608187<x170>[B] (+0) -0.476608187<x171>[B] (+0) >= 15.8479532163743;
;
violation: left hand side is violated by 0.0350877192982253
  [linear] <c1993>: <x172>[C] (+19.125731) -0.476608187<x1>[B] (+0) -0.476608187<x2>[B] (+0) -0.476608187<x3>[B] (+0) -0.476608187<x4>[B] (+0) +0.476608187<x5>[B] (+0) -0.476608187<x6>[B] (+1) -0.476608187<x7>[B] (+0) -0.476608187<x8>[B] (+0) -0.476608187<x9>[B] (+0) -0.476608187<x10>[B] (+0) -0.476608187<x11>[B] (+0) -0.476608187<x12>[B] (+0) -0.476608187<x13>[B] (+0) -0.476608187<x14>[B] (+0) -0.476608187<x15>[B] (+0) -0.476608187<x16>[B] (+0) -0.476608187<x17>[B] (+0) -0.476608187<x18>[B] (+0) -0.476608187<x19>[B] (+1) -0.476608187<x20>[B] (+1) +0.476608187<x21>[B] (+1) +0.476608187<x22>[B] (+1) -0.476608187<x23>[B] (+1) -0.476608187<x24>[B] (+1) -0.476608187<x25>[B] (+1) -0.476608187<x26>[B] (+1) -0.476608187<x27>[B] (+0) -0.476608187<x28>[B] (+0) -0.476608187<x29>[B] (+1) -0.476608187<x30>[B] (+1) +0.476608187<x31>[B] (+1) -0.476608187<x32>[B] (+1) +0.476608187<x33>[B] (+1) -0.476608187<x34>[B] (+1) -0.476608187<x35>[B] (+1) -0.476608187<x36>[B] (+1) +0.476608187<x37>[B] (+1) +0.476608187<x38>[B] (+1) -0.476608187<x39>[B] (+1) +0.476608187<x40>[B] (+1) +0.476608187<x41>[B] (+1) -0.476608187<x42>[B] (+1) +0.476608187<x43>[B] (+0) +0.476608187<x44>[B] (+0) -0.476608187<x45>[B] (+1) +0.476608187<x46>[B] (+1) +0.476608187<x47>[B] (+1) +0.476608187<x48>[B] (+1) +0.476608187<x49>[B] (+1) +0.476608187<x50>[B] (+1) +0.476608187<x51>[B] (+1) +0.476608187<x52>[B] (+1) +0.476608187<x53>[B] (+1) -0.476608187<x54>[B] (+1) +0.476608187<x55>[B] (+0) +0.476608187<x56>[B] (+1) -0.476608187<x57>[B] (+1) +0.476608187<x58>[B] (+0) +0.476608187<x59>[B] (+0) +0.476608187<x60>[B] (+1) +0.476608187<x61>[B] (+1) +0.476608187<x62>[B] (+1) +0.476608187<x63>[B] (+1) +0.476608187<x64>[B] (+1) +0.476608187<x65>[B] (+1) +0.476608187<x66>[B] (+1) +0.476608187<x67>[B] (+1) -0.476608187<x68>[B] (+1) -0.476608187<x69>[B] (+0) -0.476608187<x70>[B] (+1) -0.476608187<x71>[B] (+1) -0.476608187<x72>[B] (+0) -0.476608187<x73>[B] (+0) -0.476608187<x74>[B] (+0) -0.476608187<x75>[B] (+1) -0.476608187<x76>[B] (+0) -0.476608187<x77>[B] (+0) -0.476608187<x78>[B] (+0) -0.476608187<x79>[B] (+0) -0.476608187<x80>[B] (+1) -0.476608187<x81>[B] (+1) -0.476608187<x82>[B] (+0) -0.476608187<x83>[B] (+1) -0.476608187<x84>[B] (+1) -0.476608187<x85>[B] (+0) -0.476608187<x86>[B] (+0) -0.476608187<x87>[B] (+0) -0.476608187<x88>[B] (+1) -0.476608187<x89>[B] (+0) -0.476608187<x90>[B] (+0) -0.476608187<x91>[B] (+0) -0.476608187<x92>[B] (+0) -0.476608187<x93>[B] (+1) +0.476608187<x94>[B] (+0) +0.476608187<x95>[B] (+0) +0.476608187<x96>[B] (+0) +0.476608187<x97>[B] (+0) +0.476608187<x98>[B] (+0) +0.476608187<x99>[B] (+0) +0.476608187<x100>[B] (+0) +0.476608187<x101>[B] (+0) +0.476608187<x102>[B] (+0) +0.476608187<x103>[B] (+0) +0.476608187<x104>[B] (+0) +0.476608187<x105>[B] (+0) -0.476608187<x106>[B] (+1) -0.476608187<x107>[B] (+1) -0.476608187<x108>[B] (+0) -0.476608187<x109>[B] (+0) -0.476608187<x110>[B] (+1) -0.476608187<x111>[B] (+1) +0.476608187<x112>[B] (+1) -0.476608187<x113>[B] (+1) +0.476608187<x114>[B] (+1) -0.476608187<x115>[B] (+1) -0.476608187<x116>[B] (+1) -0.476608187<x117>[B] (+1) -0.476608187<x118>[B] (+0) -0.476608187<x119>[B] (+0) -0.476608187<x120>[B] (+0) -0.476608187<x121>[B] (+1) +0.476608187<x122>[B] (+0) -0.476608187<x123>[B] (+0) +0.476608187<x124>[B] (+0) -0.476608187<x125>[B] (+0) -0.476608187<x126>[B] (+1) +0.476608187<x127>[B] (+0) +0.476608187<x128>[B] (+0) +0.476608187<x129>[B] (+0) +0.476608187<x130>[B] (+1) +0.476608187<x131>[B] (+0) +0.476608187<x132>[B] (+0) +0.476608187<x133>[B] (+0) +0.476608187<x134>[B] (+0) +0.476608187<x135>[B] (+1) -0.476608187<x136>[B] (+0) -0.476608187<x137>[B] (+1) +0.476608187<x138>[B] (+1) +0.476608187<x139>[B] (+1) -0.476608187<x140>[B] (+1) +0.476608187<x141>[B] (+1) -0.476608187<x142>[B] (+1) -0.476608187<x143>[B] (+1) -0.476608187<x144>[B] (+1) +0.476608187<x145>[B] (+1) +0.476608187<x146>[B] (+1) -0.476608187<x147>[B] (+1) +0.476608187<x148>[B] (+1) +0.476608187<x149>[B] (+1) -0.476608187<x150>[B] (+1) +0.476608187<x151>[B] (+1) +0.476608187<x152>[B] (+1) +0.476608187<x153>[B] (+1) +0.476608187<x154>[B] (+1) +0.476608187<x155>[B] (+1) +0.476608187<x156>[B] (+1) +0.476608187<x157>[B] (+0) -0.476608187<x158>[B] (+0) +0.476608187<x159>[B] (+0) -0.476608187<x160>[B] (+0) -0.476608187<x161>[B] (+0) -0.476608187<x162>[B] (+1) +0.476608187<x163>[B] (+1) -0.476608187<x164>[B] (+1) -0.476608187<x165>[B] (+1) +0.476608187<x166>[B] (+1) +0.476608187<x167>[B] (+1) -0.476608187<x168>[B] (+1) -0.476608187<x169>[B] (+1) -0.476608187<x170>[B] (+1) -0.476608187<x171>[B] (+1) >= 15.8479532163743;
;
violation: left hand side is violated by 0.0584795321637372
2/4 feasible solutions given by solution candidate storage, new primal bound -2.999870e+06

presolving:
   (0.0s) symmetry computation started: requiring (bin +, int +, cont +), (fixed: bin -, int -, cont -)
   (0.0s) no symmetry present (symcode time: 0.00)
presolving (0 rounds: 0 fast, 0 medium, 0 exhaustive):
 0 deleted vars, 0 deleted constraints, 0 added constraints, 0 tightened bounds, 0 added holes, 0 changed sides, 0 changed coefficients
 0 implications, 0 cliques, 0 implied integral variables (0 bin, 0 int, 0 cont)
presolved problem has 201 variables (171 bin, 0 int, 30 cont) and 2010 constraints
   2010 constraints of type <linear>
Presolving Time: 0.01
transformed 2/2 original solutions to the transformed problem space

 time | node  | left  |LP iter|LP it/n|mem/heur|mdpt |vars |cons |rows |cuts |sepa|confs|strbr|  dualbound   | primalbound  |  gap   | compl. 
p 0.0s|     1 |     0 |    13 |     - |   locks|   0 | 201 |2010 |2010 |   0 |  0 |   0 |   0 | 4.760000e+02 |-6.502544e+02 |    Inf | unknown
  0.0s|     1 |     0 |   286 |     - |    14M |   0 | 201 |2010 |2010 |   0 |  0 |   0 |   0 |-4.106433e+02 |-6.502544e+02 |  58.35%| unknown
r 0.0s|     1 |     0 |   286 |     - |shifting|   0 | 201 |2010 |2010 |   0 |  0 |   0 |   0 |-4.106433e+02 |-4.204649e+02 |   2.39%| unknown
  0.0s|     1 |     0 |   294 |     - |    15M |   0 | 201 |2010 |2011 |   1 |  1 |   0 |   0 |-4.106502e+02 |-4.204649e+02 |   2.39%| unknown
  0.0s|     1 |     0 |   294 |     - |    15M |   0 | 201 |2010 |2011 |   1 |  1 |   0 |   0 |-4.106502e+02 |-4.204649e+02 |   2.39%| unknown
  0.1s|     1 |     0 |   302 |     - |    15M |   0 | 201 |2010 |2012 |   2 |  2 |   0 |   0 |-4.106827e+02 |-4.204649e+02 |   2.38%| unknown
r 0.1s|     1 |     0 |   302 |     - |shifting|   0 | 201 |2010 |2012 |   2 |  2 |   0 |   0 |-4.106827e+02 |-4.178406e+02 |   1.74%| unknown
  0.1s|     1 |     0 |   310 |     - |    15M |   0 | 201 |2010 |2013 |   3 |  3 |   0 |   0 |-4.106970e+02 |-4.178406e+02 |   1.74%| unknown
  0.1s|     1 |     0 |   317 |     - |    16M |   0 | 201 |2010 |2014 |   4 |  4 |   0 |   0 |-4.107021e+02 |-4.178406e+02 |   1.74%| unknown
  0.1s|     1 |     0 |   328 |     - |    17M |   0 | 201 |2010 |2017 |   7 |  5 |   0 |   0 |-4.107163e+02 |-4.178406e+02 |   1.73%| unknown
  0.1s|     1 |     0 |   338 |     - |    17M |   0 | 201 |2010 |2018 |   8 |  6 |   0 |   0 |-4.107359e+02 |-4.178406e+02 |   1.73%| unknown
  0.1s|     1 |     0 |   350 |     - |    17M |   0 | 201 |2010 |2020 |  10 |  7 |   0 |   0 |-4.107473e+02 |-4.178406e+02 |   1.73%| unknown
  0.2s|     1 |     0 |   354 |     - |    18M |   0 | 201 |2010 |2021 |  11 |  8 |   0 |   0 |-4.107517e+02 |-4.178406e+02 |   1.73%| unknown
  0.2s|     1 |     0 |   361 |     - |    18M |   0 | 201 |2010 |2023 |  13 |  9 |   0 |   0 |-4.107669e+02 |-4.178406e+02 |   1.72%| unknown
  0.2s|     1 |     0 |   368 |     - |    18M |   0 | 201 |2010 |2024 |  14 | 10 |   0 |   0 |-4.107912e+02 |-4.178406e+02 |   1.72%| unknown
 time | node  | left  |LP iter|LP it/n|mem/heur|mdpt |vars |cons |rows |cuts |sepa|confs|strbr|  dualbound   | primalbound  |  gap   | compl. 
r 0.2s|     1 |     0 |   378 |     - |intshift|   0 | 201 |2010 |2024 |  14 | 11 |   0 |   0 |-4.107912e+02 |-4.108480e+02 |   0.01%| unknown
  0.2s|     1 |     0 |   404 |     - |    18M |   0 | 201 |2010 |2024 |  14 | 11 | 130 |   0 |-4.108480e+02 |-4.108480e+02 |   0.00%| unknown

SCIP Status        : problem is solved [optimal solution found]
Solving Time (sec) : 0.19
Solving Nodes      : 1
Primal Bound       : -4.10847953216374e+02 (15 solutions)
Dual Bound         : -4.10847953216374e+02
Gap                : 0.00 %
