Loading instance...
Median ranking: [15, 11, 4, 1, 10, 14, 19, 12, 13, 6, 5, 16, 9, 3, 17, 2, 8, 18, 7]
Mean ranking: [15, 11, 4, 1, 10, 14, 19, 2, 12, 13, 6, 5, 16, 9, 8, 3, 7, 17, 18]
Actual error: 0.0007011413336952543
Weighted Kendall distance: 99.0
Normalized distance: 0.04342105263157895
, 0 chg sides, 0 chg coeffs, 0 upgd conss, 0 impls, 0 clqs, 0 implints
   (0.0s) symmetry computation started: requiring (bin +, int +, cont +), (fixed: bin -, int -, cont -)
   (0.0s) no symmetry present (symcode time: 0.00)
presolving (2 rounds: 2 fast, 2 medium, 1 exhaustive):
 0 deleted vars, 1938 deleted constraints, 969 added constraints, 0 tightened bounds, 0 added holes, 0 changed sides, 0 changed coefficients
 0 implications, 0 cliques, 0 implied integral variables (0 bin, 0 int, 0 cont)
presolved problem has 171 variables (0 bin, 0 int, 171 cont) and 969 constraints
    969 constraints of type <linear>
Presolving Time: 0.01
transformed 3/3 original solutions to the transformed problem space

 time | node  | left  |LP iter|LP it/n|mem/heur|mdpt |vars |cons |rows |cuts |sepa|confs|strbr|  dualbound   | primalbound  |  gap   | compl. 
* 0.0s|     1 |     0 |    33 |     - |    LP  |   0 | 171 | 969 | 969 |   0 |  0 |   0 |   0 | 3.420000e+02 | 3.420000e+02 |   0.00%| unknown
  0.0s|     1 |     0 |    33 |     - |  6284k |   0 | 171 | 969 | 969 |   0 |  0 |   0 |   0 | 3.420000e+02 | 3.420000e+02 |   0.00%| unknown

SCIP Status        : problem is solved [optimal solution found]
Solving Time (sec) : 0.02
Solving Nodes      : 1
Primal Bound       : +3.42000000000000e+02 (4 solutions)
Dual Bound         : +3.42000000000000e+02
Gap                : 0.00 %
feasible solution found by trivial heuristic after 0.0 seconds, objective value 1.000000e+01
presolving:
   (0.0s) running MILP presolver
   (0.0s) MILP presolver (2 rounds): 0 aggregations, 0 fixings, 0 bound changes
(round 1, medium)     0 del vars, 1938 del conss, 969 add conss, 0 chg bounds, 0 chg sides, 0 chg coeffs, 0 upgd conss, 0 impls, 0 clqs, 0 implints
   (0.0s) probing: 51/171 (29.8%) - 0 fixings, 0 aggregations, 0 implications, 0 bound changes
   (0.0s) probing aborted: 50/50 successive totally useless probings
   (0.0s) symmetry computation started: requiring (bin +, int +, cont +), (fixed: bin -, int -, cont -)
   (0.0s) no symmetry present (symcode time: 0.00)
presolving (2 rounds: 2 fast, 2 medium, 1 exhaustive):
 0 deleted vars, 1938 deleted constraints, 969 added constraints, 0 tightened bounds, 0 added holes, 0 changed sides, 0 changed coefficients
 0 implications, 0 cliques, 0 implied integral variables (0 bin, 0 int, 0 cont)
presolved problem has 171 variables (171 bin, 0 int, 0 cont) and 969 constraints
    969 constraints of type <linear>
transformed objective value is always integral (scale: 2)
Presolving Time: 0.01
transformed 2/2 original solutions to the transformed problem space

 time | node  | left  |LP iter|LP it/n|mem/heur|mdpt |vars |cons |rows |cuts |sepa|confs|strbr|  dualbound   | primalbound  |  gap   | compl. 
p 0.0s|     1 |     0 |     0 |     - |   locks|   0 | 171 | 969 | 969 |   0 |  0 |   0 |   0 | 3.640000e+02 | 1.760000e+02 | 106.82%| unknown
i 0.0s|     1 |     0 |     0 |     - |  oneopt|   0 | 171 | 969 | 969 |   0 |  0 |   0 |   0 | 3.640000e+02 | 2.060000e+02 |  76.70%| unknown
* 0.0s|     1 |     0 |    35 |     - |    LP  |   0 | 171 | 969 | 969 |   0 |  0 |   0 |   0 | 3.420000e+02 | 3.420000e+02 |   0.00%| unknown
  0.0s|     1 |     0 |    35 |     - |  6450k |   0 | 171 | 969 | 969 |   0 |  0 |   0 |   0 | 3.420000e+02 | 3.420000e+02 |   0.00%| unknown

SCIP Status        : problem is solved [optimal solution found]
Solving Time (sec) : 0.02
Solving Nodes      : 1
Primal Bound       : +3.42000000000000e+02 (5 solutions)
Dual Bound         : +3.42000000000000e+02
Gap                : 0.00 %
feasible solution found by trivial heuristic after 0.1 seconds, objective value -2.999990e+06
presolving:
(round 1, fast)       0 del vars, 0 del conss, 0 add conss, 60 chg bounds, 0 chg sides, 0 chg coeffs, 0 upgd conss, 0 impls, 0 clqs, 0 implints
   (0.7s) running MILP presolver
   (0.8s) MILP presolver (2 rounds): 0 aggregations, 0 fixings, 0 bound changes
(round 2, exhaustive) 0 del vars, 969 del conss, 0 add conss, 60 chg bounds, 0 chg sides, 0 chg coeffs, 0 upgd conss, 0 impls, 0 clqs, 0 implints
   (1.5s) symmetry computation started: requiring (bin +, int +, cont +), (fixed: bin -, int -, cont -)
   (1.7s) no symmetry present (symcode time: 0.02)
presolving (3 rounds: 3 fast, 2 medium, 2 exhaustive):
 0 deleted vars, 969 deleted constraints, 0 added constraints, 60 tightened bounds, 0 added holes, 0 changed sides, 0 changed coefficients
 0 implications, 0 cliques, 0 implied integral variables (0 bin, 0 int, 0 cont)
presolved problem has 201 variables (0 bin, 0 int, 201 cont) and 6099 constraints
   6099 constraints of type <linear>
Presolving Time: 1.68

 time | node  | left  |LP iter|LP it/n|mem/heur|mdpt |vars |cons |rows |cuts |sepa|confs|strbr|  dualbound   | primalbound  |  gap   | compl. 
t 1.8s|     1 |     0 |     0 |     - | trivial|   0 | 201 |6099 |   0 |   0 |  0 |   0 |   0 | 3.640000e+02 |-2.555000e+03 |    Inf | unknown
* 2.1s|     1 |     0 |   497 |     - |    LP  |   0 | 201 |6099 |6099 |   0 |  0 |   0 |   0 |-4.913596e+02 |-4.913596e+02 |   0.00%| unknown
  2.1s|     1 |     0 |   497 |     - |   487M |   0 | 201 |6099 |6099 |   0 |  0 |   0 |   0 |-4.913596e+02 |-4.913596e+02 |   0.00%| unknown

SCIP Status        : problem is solved [optimal solution found]
Solving Time (sec) : 2.10
Solving Nodes      : 1
Primal Bound       : -4.91359649122807e+02 (3 solutions)
Dual Bound         : -4.91359649122807e+02
Gap                : 0.00 %
feasible solution found by trivial heuristic after 0.1 seconds, objective value -2.999990e+06
presolving:
(round 1, fast)       0 del vars, 0 del conss, 0 add conss, 60 chg bounds, 0 chg sides, 0 chg coeffs, 0 upgd conss, 0 impls, 0 clqs, 0 implints
   (0.5s) running MILP presolver
   (0.7s) MILP presolver (2 rounds): 0 aggregations, 0 fixings, 0 bound changes
(round 2, exhaustive) 0 del vars, 969 del conss, 0 add conss, 60 chg bounds, 0 chg sides, 0 chg coeffs, 0 upgd conss, 0 impls, 0 clqs, 0 implints
   (1.5s) probing: 51/171 (29.8%) - 0 fixings, 0 aggregations, 0 implications, 0 bound changes
   (1.5s) probing aborted: 50/50 successive totally useless probings
   (1.6s) symmetry computation started: requiring (bin +, int +, cont +), (fixed: bin -, int -, cont -)
   (1.8s) no symmetry present (symcode time: 0.01)
presolving (3 rounds: 3 fast, 2 medium, 2 exhaustive):
 0 deleted vars, 969 deleted constraints, 0 added constraints, 60 tightened bounds, 0 added holes, 0 changed sides, 0 changed coefficients
 0 implications, 0 cliques, 0 implied integral variables (0 bin, 0 int, 0 cont)
presolved problem has 201 variables (171 bin, 0 int, 30 cont) and 6099 constraints
   6099 constraints of type <linear>
Presolving Time: 1.79

 time | node  | left  |LP iter|LP it/n|mem/heur|mdpt |vars |cons |rows |cuts |sepa|confs|strbr|  dualbound   | primalbound  |  gap   | compl. 
t 1.8s|     1 |     0 |     0 |     - | trivial|   0 | 201 |6099 |   0 |   0 |  0 |   0 |   0 | 3.640000e+02 |-2.555000e+03 |    Inf | unknown
p 2.3s|     1 |     0 |    28 |     - |   locks|   0 | 201 |6099 |6099 |   0 |  0 |   0 |   0 | 3.640000e+02 |-8.127310e+02 |    Inf | unknown
  2.5s|     1 |     0 |   525 |     - |   488M |   0 | 201 |6099 |6099 |   0 |  0 |   0 |   0 |-4.913596e+02 |-8.127310e+02 |  65.40%| unknown
r 2.6s|     1 |     0 |   525 |     - |shifting|   0 | 201 |6099 |6099 |   0 |  0 |   0 |   0 |-4.913596e+02 |-5.162120e+02 |   5.06%| unknown
  2.6s|     1 |     0 |   529 |     - |   490M |   0 | 201 |6099 |6100 |   1 |  1 |   0 |   0 |-4.913667e+02 |-5.162120e+02 |   5.06%| unknown
r 2.7s|     1 |     0 |   529 |     - |shifting|   0 | 201 |6099 |6100 |   1 |  1 |   0 |   0 |-4.913667e+02 |-5.112734e+02 |   4.05%| unknown
  2.8s|     1 |     0 |   532 |     - |   490M |   0 | 201 |6099 |6101 |   2 |  2 |   0 |   0 |-4.913754e+02 |-5.112734e+02 |   4.05%| unknown
  2.9s|     1 |     0 |   534 |     - |   491M |   0 | 201 |6099 |6102 |   3 |  3 |   0 |   0 |-4.913842e+02 |-5.112734e+02 |   4.05%| unknown
  3.0s|     1 |     0 |   538 |     - |   492M |   0 | 201 |6099 |6103 |   4 |  4 |   0 |   0 |-4.913930e+02 |-5.112734e+02 |   4.05%| unknown
r 3.1s|     1 |     0 |   538 |     - |shifting|   0 | 201 |6099 |6103 |   4 |  4 |   0 |   0 |-4.913930e+02 |-5.110906e+02 |   4.01%| unknown
  3.1s|     1 |     0 |   549 |     - |   492M |   0 | 201 |6099 |6104 |   5 |  5 |   0 |   0 |-4.914005e+02 |-5.110906e+02 |   4.01%| unknown
  3.3s|     1 |     0 |   557 |     - |   493M |   0 | 201 |6099 |6105 |   6 |  6 |   0 |   0 |-4.914044e+02 |-5.110906e+02 |   4.01%| unknown
  3.4s|     1 |     0 |   569 |     - |   494M |   0 | 201 |6099 |6108 |   9 |  7 |   0 |   0 |-4.914227e+02 |-5.110906e+02 |   4.00%| unknown
r 3.5s|     1 |     0 |   569 |     - |shifting|   0 | 201 |6099 |6108 |   9 |  7 |   0 |   0 |-4.914227e+02 |-5.104238e+02 |   3.87%| unknown
  3.5s|     1 |     0 |   580 |     - |   494M |   0 | 201 |6099 |6110 |  11 |  8 |   0 |   0 |-4.914321e+02 |-5.104238e+02 |   3.86%| unknown
 time | node  | left  |LP iter|LP it/n|mem/heur|mdpt |vars |cons |rows |cuts |sepa|confs|strbr|  dualbound   | primalbound  |  gap   | compl. 
r 3.6s|     1 |     0 |   580 |     - |shifting|   0 | 201 |6099 |6110 |  11 |  8 |   0 |   0 |-4.914321e+02 |-5.087196e+02 |   3.52%| unknown
  3.6s|     1 |     0 |   586 |     - |   495M |   0 | 201 |6099 |6111 |  12 |  9 |   0 |   0 |-4.914341e+02 |-5.087196e+02 |   3.52%| unknown
  3.7s|     1 |     0 |   595 |     - |   495M |   0 | 201 |6099 |6113 |  14 | 10 |   0 |   0 |-4.914448e+02 |-5.087196e+02 |   3.52%| unknown
r 3.9s|     1 |     0 |   651 |     - |intshift|   0 | 201 |6099 |6113 |  14 | 11 |   0 |   0 |-4.914448e+02 |-4.958772e+02 |   0.90%| unknown
d 3.9s|     1 |     0 |   811 |     - |farkasdi|   0 | 201 |6099 |6113 |   0 | 11 |   0 |   0 |-4.914448e+02 |-4.936199e+02 |   0.44%| unknown
L 4.1s|     1 |     0 |   811 |     - |    rens|   0 | 201 |6099 |6113 |  14 | 11 |   0 |   0 |-4.914448e+02 |-4.915263e+02 |   0.02%| unknown
  4.2s|     1 |     0 |   811 |     - |   496M |   0 | 201 |6099 |6113 |  14 | 11 |   0 |   0 |-4.914448e+02 |-4.915263e+02 |   0.02%| unknown
  4.3s|     1 |     0 |   811 |     - |   497M |   0 | 201 |6099 |5397 |  14 | 11 |   0 |   0 |-4.914448e+02 |-4.915263e+02 |   0.02%| unknown
  4.4s|     1 |     0 |   811 |     - |   497M |   0 | 201 |4286 |5397 |  14 | 12 |   0 |   0 |-4.914448e+02 |-4.915263e+02 |   0.02%| unknown
(run 1, node 1) restarting after 137 global fixings of integer variables

(restart) converted 14 cuts from the global cut pool into linear constraints

presolving:
(round 1, fast)       137 del vars, 0 del conss, 0 add conss, 0 chg bounds, 453 chg sides, 714 chg coeffs, 0 upgd conss, 0 impls, 72 clqs, 0 implints
(round 2, fast)       137 del vars, 0 del conss, 0 add conss, 30 chg bounds, 453 chg sides, 714 chg coeffs, 0 upgd conss, 0 impls, 72 clqs, 0 implints
   (4.6s) running MILP presolver
   (4.7s) MILP presolver (3 rounds): 0 aggregations, 0 fixings, 30 bound changes
(round 3, medium)     137 del vars, 0 del conss, 0 add conss, 60 chg bounds, 453 chg sides, 714 chg coeffs, 0 upgd conss, 0 impls, 72 clqs, 0 implints
(round 4, fast)       137 del vars, 32 del conss, 0 add conss, 60 chg bounds, 635 chg sides, 1088 chg coeffs, 0 upgd conss, 0 impls, 72 clqs, 0 implints
(round 5, exhaustive) 137 del vars, 32 del conss, 0 add conss, 60 chg bounds, 635 chg sides, 1088 chg coeffs, 72 upgd conss, 0 impls, 72 clqs, 0 implints
presolving (6 rounds: 6 fast, 3 medium, 2 exhaustive):
 137 deleted vars, 32 deleted constraints, 0 added constraints, 60 tightened bounds, 0 added holes, 635 changed sides, 1088 changed coefficients
 0 implications, 72 cliques, 0 implied integral variables (0 bin, 0 int, 0 cont)
presolved problem has 64 variables (34 bin, 0 int, 30 cont) and 4268 constraints
     72 constraints of type <setppc>
   4196 constraints of type <linear>
Presolving Time: 2.10
transformed 15/18 original solutions to the transformed problem space

 time | node  | left  |LP iter|LP it/n|mem/heur|mdpt |vars |cons |rows |cuts |sepa|confs|strbr|  dualbound   | primalbound  |  gap   | compl. 
  5.1s|     1 |     0 |  1157 |     - |   489M |   0 |  64 |4271 |4268 |   0 |  0 |   3 |   0 |-4.914448e+02 |-4.915263e+02 |   0.02%| unknown
  5.1s|     1 |     0 |  1157 |     - |   489M |   0 |  64 |4271 |4140 |   0 |  0 |   3 |   0 |-4.914448e+02 |-4.915263e+02 |   0.02%| unknown
  5.1s|     1 |     0 |  1161 |     - |   490M |   0 |  64 |4245 |4054 |   1 |  1 |   3 |   0 |-4.914496e+02 |-4.915263e+02 |   0.02%| unknown
  5.2s|     1 |     0 |  1164 |     - |   490M |   0 |  64 |4234 |4055 |   2 |  2 |   3 |   0 |-4.914545e+02 |-4.915263e+02 |   0.01%| unknown
  5.2s|     1 |     0 |  1168 |     - |   491M |   0 |  64 |4234 |4056 |   3 |  3 |   3 |   0 |-4.914594e+02 |-4.915263e+02 |   0.01%| unknown
  5.3s|     1 |     0 |  1173 |     - |   491M |   0 |  64 |4234 |4057 |   4 |  4 |   4 |   0 |-4.914640e+02 |-4.915263e+02 |   0.01%| unknown
  5.3s|     1 |     0 |  1176 |     - |   492M |   0 |  64 |4235 |4058 |   5 |  5 |   5 |   0 |-4.914682e+02 |-4.915263e+02 |   0.01%| unknown
  5.3s|     1 |     0 |  1181 |     - |   492M |   0 |  64 |4235 |4059 |   6 |  6 |   5 |   0 |-4.914721e+02 |-4.915263e+02 |   0.01%| unknown
  5.4s|     1 |     0 |  1184 |     - |   492M |   0 |  64 |4235 |4061 |   8 |  7 |   5 |   0 |-4.914799e+02 |-4.915263e+02 |   0.01%| unknown
  5.4s|     1 |     0 |  1186 |     - |   493M |   0 |  64 |4235 |4062 |   9 |  8 |   5 |   0 |-4.914846e+02 |-4.915263e+02 |   0.01%| unknown
  5.4s|     1 |     0 |  1192 |     - |   493M |   0 |  64 |4235 |4063 |  10 |  9 |   5 |   0 |-4.914887e+02 |-4.915263e+02 |   0.01%| unknown
  5.5s|     1 |     0 |  1195 |     - |   494M |   0 |  64 |4235 |4064 |  11 | 10 |   5 |   0 |-4.914929e+02 |-4.915263e+02 |   0.01%| unknown
  5.5s|     1 |     0 |  1196 |     - |   494M |   0 |  64 |4235 |4063 |  12 | 11 |   5 |   0 |-4.914941e+02 |-4.915263e+02 |   0.01%| unknown
  5.5s|     1 |     0 |  1196 |     - |   494M |   0 |  64 |3841 |4063 |  12 | 11 |   5 |   0 |-4.914941e+02 |-4.915263e+02 |   0.01%| unknown
  5.5s|     1 |     0 |  1197 |     - |   494M |   0 |  64 |3841 |4064 |  13 | 12 |   5 |   0 |-4.914950e+02 |-4.915263e+02 |   0.01%| unknown
 time | node  | left  |LP iter|LP it/n|mem/heur|mdpt |vars |cons |rows |cuts |sepa|confs|strbr|  dualbound   | primalbound  |  gap   | compl. 
  5.6s|     1 |     0 |  1222 |     - |   494M |   0 |  64 |3842 |4064 |  13 | 13 |   7 |   0 |-4.915263e+02 |-4.915263e+02 |   0.00%| unknown

SCIP Status        : problem is solved [optimal solution found]
Solving Time (sec) : 5.59
Solving Nodes      : 1 (total of 2 nodes in 2 runs)
Primal Bound       : -4.91526315789474e+02 (30 solutions)
Dual Bound         : -4.91526315789474e+02
Gap                : 0.00 %
feasible solution found by trivial heuristic after 0.0 seconds, objective value 0.000000e+00
presolving:
   (0.0s) symmetry computation started: requiring (bin +, int +, cont +), (fixed: bin -, int -, cont -)
   (0.0s) symmetry computation finished: 29 generators found (max: 1500, log10 of symmetry group size: 32.42) (symcode time: 0.00)
dynamic symmetry handling statistics:
   orbitopal reduction:       no components
   orbital reduction:         no components
   lexicographic reduction:   no permutations
handled 1 out of 1 symmetry components
presolving (0 rounds: 0 fast, 0 medium, 0 exhaustive):
 0 deleted vars, 0 deleted constraints, 0 added constraints, 0 tightened bounds, 0 added holes, 0 changed sides, 0 changed coefficients
 0 implications, 0 cliques, 0 implied integral variables (0 bin, 0 int, 0 cont)
presolved problem has 201 variables (171 bin, 0 int, 30 cont) and 1967 constraints
   1967 constraints of type <linear>
Presolving Time: 0.00
transformed 2/2 original solutions to the transformed problem space

 time | node  | left  |LP iter|LP it/n|mem/heur|mdpt |vars |cons |rows |cuts |sepa|confs|strbr|  dualbound   | primalbound  |  gap   | compl. 
t 0.0s|     1 |     0 |     0 |     - | trivial|   0 | 201 |1938 |   0 |   0 |  0 |   0 |   0 | 3.640000e+02 | 1.000000e+01 |3540.00%| unknown
p 0.0s|     1 |     0 |     0 |     - |   locks|   0 | 201 |1938 |1938 |   0 |  0 |   0 |   0 | 3.640000e+02 | 8.000000e+01 | 355.00%| unknown
i 0.0s|     1 |     0 |     0 |     - |  oneopt|   0 | 201 |1938 |1938 |   0 |  0 |   0 |   0 | 3.640000e+02 | 2.720000e+02 |  33.82%| unknown
* 0.0s|     1 |     0 |    35 |     - |    LP  |   0 | 201 |1938 |1938 |   0 |  0 |   0 |   0 | 3.420000e+02 | 3.420000e+02 |   0.00%| unknown
  0.0s|     1 |     0 |    35 |     - |  8607k |   0 | 201 |1938 |1938 |   0 |  0 |   0 |   0 | 3.420000e+02 | 3.420000e+02 |   0.00%| unknown

SCIP Status        : problem is solved [optimal solution found]
Solving Time (sec) : 0.01
Solving Nodes      : 1
Primal Bound       : +3.42000000000000e+02 (6 solutions)
Dual Bound         : +3.42000000000000e+02
Gap                : 0.00 %
  [linear] <c1939>: <x172>[C] (+0) +0.576023392<x1>[B] (+1) -0.576023392<x2>[B] (+1) +0.576023392<x3>[B] (+0) +0.576023392<x4>[B] (+1) -0.576023392<x5>[B] (+1) -0.576023392<x6>[B] (+1) +0.576023392<x7>[B] (+1) +0.576023392<x8>[B] (+1) -0.576023392<x9>[B] (+1) +0.576023392<x10>[B] (+0) +0.576023392<x11>[B] (+1) +0.576023392<x12>[B] (+1) +0.576023392<x13>[B] (+1) +0.576023392<x14>[B] (+0) -0.576023392<x15>[B] (+1) +0.576023392<x16>[B] (+1) +0.576023392<x17>[B] (+1) +0.576023392<x18>[B] (+1) -0.576023392<x19>[B] (+0) -0.576023392<x20>[B] (+0) -0.576023392<x21>[B] (+0) -0.576023392<x22>[B] (+0) -0.576023392<x23>[B] (+1) +0.576023392<x24>[B] (+1) -0.576023392<x25>[B] (+0) -0.576023392<x26>[B] (+0) +0.576023392<x27>[B] (+0) +0.576023392<x28>[B] (+0) +0.576023392<x29>[B] (+0) +0.576023392<x30>[B] (+0) -0.576023392<x31>[B] (+0) -0.576023392<x32>[B] (+0) +0.576023392<x33>[B] (+0) -0.576023392<x34>[B] (+1) -0.576023392<x35>[B] (+0) +0.576023392<x36>[B] (+0) +0.576023392<x37>[B] (+0) +0.576023392<x38>[B] (+0) +0.576023392<x39>[B] (+1) +0.576023392<x40>[B] (+1) +0.576023392<x41>[B] (+0) +0.576023392<x42>[B] (+0) +0.576023392<x43>[B] (+0) +0.576023392<x44>[B] (+0) +0.576023392<x45>[B] (+0) +0.576023392<x46>[B] (+0) +0.576023392<x47>[B] (+0) +0.576023392<x48>[B] (+0) +0.576023392<x49>[B] (+1) +0.576023392<x50>[B] (+1) +0.576023392<x51>[B] (+0) -0.576023392<x52>[B] (+1) -0.576023392<x53>[B] (+1) -0.576023392<x54>[B] (+1) +0.576023392<x55>[B] (+1) -0.576023392<x56>[B] (+1) -0.576023392<x57>[B] (+1) +0.576023392<x58>[B] (+0) +0.576023392<x59>[B] (+1) +0.576023392<x60>[B] (+1) +0.576023392<x61>[B] (+1) +0.576023392<x62>[B] (+0) -0.576023392<x63>[B] (+1) +0.576023392<x64>[B] (+1) -0.576023392<x65>[B] (+1) +0.576023392<x66>[B] (+1) -0.576023392<x67>[B] (+0) -0.576023392<x68>[B] (+1) +0.576023392<x69>[B] (+1) -0.576023392<x70>[B] (+1) -0.576023392<x71>[B] (+0) +0.576023392<x72>[B] (+0) +0.576023392<x73>[B] (+0) +0.576023392<x74>[B] (+0) +0.576023392<x75>[B] (+0) +0.576023392<x76>[B] (+0) -0.576023392<x77>[B] (+1) +0.576023392<x78>[B] (+1) +0.576023392<x79>[B] (+1) +0.576023392<x80>[B] (+0) +0.576023392<x81>[B] (+1) +0.576023392<x82>[B] (+1) +0.576023392<x83>[B] (+1) +0.576023392<x84>[B] (+0) +0.576023392<x85>[B] (+0) +0.576023392<x86>[B] (+0) +0.576023392<x87>[B] (+0) +0.576023392<x88>[B] (+0) +0.576023392<x89>[B] (+0) +0.576023392<x90>[B] (+1) +0.576023392<x91>[B] (+1) +0.576023392<x92>[B] (+1) +0.576023392<x93>[B] (+0) +0.576023392<x94>[B] (+0) +0.576023392<x95>[B] (+0) +0.576023392<x96>[B] (+0) +0.576023392<x97>[B] (+0) +0.576023392<x98>[B] (+0) +0.576023392<x99>[B] (+0) +0.576023392<x100>[B] (+0) +0.576023392<x101>[B] (+0) +0.576023392<x102>[B] (+0) +0.576023392<x103>[B] (+0) +0.576023392<x104>[B] (+0) +0.576023392<x105>[B] (+0) -0.576023392<x106>[B] (+0) -0.576023392<x107>[B] (+0) +0.576023392<x108>[B] (+0) +0.576023392<x109>[B] (+0) +0.576023392<x110>[B] (+0) +0.576023392<x111>[B] (+0) -0.576023392<x112>[B] (+0) -0.576023392<x113>[B] (+0) -0.576023392<x114>[B] (+0) -0.576023392<x115>[B] (+1) -0.576023392<x116>[B] (+0) -0.576023392<x117>[B] (+0) +0.576023392<x118>[B] (+0) +0.576023392<x119>[B] (+0) +0.576023392<x120>[B] (+0) +0.576023392<x121>[B] (+0) +0.576023392<x122>[B] (+0) -0.576023392<x123>[B] (+0) +0.576023392<x124>[B] (+1) +0.576023392<x125>[B] (+1) +0.576023392<x126>[B] (+0) +0.576023392<x127>[B] (+0) +0.576023392<x128>[B] (+1) +0.576023392<x129>[B] (+1) +0.576023392<x130>[B] (+1) +0.576023392<x131>[B] (+0) -0.576023392<x132>[B] (+1) +0.576023392<x133>[B] (+1) +0.576023392<x134>[B] (+1) +0.576023392<x135>[B] (+1) +0.576023392<x136>[B] (+1) +0.576023392<x137>[B] (+1) +0.576023392<x138>[B] (+1) -0.576023392<x139>[B] (+0) -0.576023392<x140>[B] (+1) -0.576023392<x141>[B] (+1) -0.576023392<x142>[B] (+1) -0.576023392<x143>[B] (+1) -0.576023392<x144>[B] (+1) -0.576023392<x145>[B] (+0) -0.576023392<x146>[B] (+0) -0.576023392<x147>[B] (+1) -0.576023392<x148>[B] (+1) -0.576023392<x149>[B] (+1) -0.576023392<x150>[B] (+0) +0.576023392<x151>[B] (+0) -0.576023392<x152>[B] (+0) -0.576023392<x153>[B] (+1) -0.576023392<x154>[B] (+1) -0.576023392<x155>[B] (+1) -0.576023392<x156>[B] (+0) -0.576023392<x157>[B] (+0) -0.576023392<x158>[B] (+1) -0.576023392<x159>[B] (+1) -0.576023392<x160>[B] (+1) -0.576023392<x161>[B] (+1) -0.576023392<x162>[B] (+1) +0.576023392<x163>[B] (+1) -0.576023392<x164>[B] (+1) +0.576023392<x165>[B] (+1) +0.576023392<x166>[B] (+1) +0.576023392<x167>[B] (+1) +0.576023392<x168>[B] (+0) -0.576023392<x169>[B] (+1) -0.576023392<x170>[B] (+0) +0.576023392<x171>[B] (+0) >= 33.266081871345;
;
violation: left hand side is violated by 28.6578947368421
  [linear] <c1939>: <x172>[C] (+0) +0.576023392<x1>[B] (+1) -0.576023392<x2>[B] (+1) +0.576023392<x3>[B] (+0) +0.576023392<x4>[B] (+1) -0.576023392<x5>[B] (+1) -0.576023392<x6>[B] (+1) +0.576023392<x7>[B] (+1) +0.576023392<x8>[B] (+1) -0.576023392<x9>[B] (+1) +0.576023392<x10>[B] (+1) +0.576023392<x11>[B] (+1) +0.576023392<x12>[B] (+1) +0.576023392<x13>[B] (+1) +0.576023392<x14>[B] (+1) -0.576023392<x15>[B] (+1) +0.576023392<x16>[B] (+1) +0.576023392<x17>[B] (+1) +0.576023392<x18>[B] (+1) -0.576023392<x19>[B] (+0) -0.576023392<x20>[B] (+0) -0.576023392<x21>[B] (+0) -0.576023392<x22>[B] (+0) -0.576023392<x23>[B] (+0) +0.576023392<x24>[B] (+1) -0.576023392<x25>[B] (+0) -0.576023392<x26>[B] (+0) +0.576023392<x27>[B] (+0) +0.576023392<x28>[B] (+1) +0.576023392<x29>[B] (+0) +0.576023392<x30>[B] (+0) -0.576023392<x31>[B] (+0) -0.576023392<x32>[B] (+1) +0.576023392<x33>[B] (+0) -0.576023392<x34>[B] (+1) -0.576023392<x35>[B] (+0) +0.576023392<x36>[B] (+0) +0.576023392<x37>[B] (+0) +0.576023392<x38>[B] (+0) +0.576023392<x39>[B] (+1) +0.576023392<x40>[B] (+1) +0.576023392<x41>[B] (+0) +0.576023392<x42>[B] (+0) +0.576023392<x43>[B] (+0) +0.576023392<x44>[B] (+1) +0.576023392<x45>[B] (+0) +0.576023392<x46>[B] (+0) +0.576023392<x47>[B] (+0) +0.576023392<x48>[B] (+1) +0.576023392<x49>[B] (+1) +0.576023392<x50>[B] (+1) +0.576023392<x51>[B] (+1) -0.576023392<x52>[B] (+1) -0.576023392<x53>[B] (+1) -0.576023392<x54>[B] (+1) +0.576023392<x55>[B] (+1) -0.576023392<x56>[B] (+1) -0.576023392<x57>[B] (+1) +0.576023392<x58>[B] (+1) +0.576023392<x59>[B] (+1) +0.576023392<x60>[B] (+1) +0.576023392<x61>[B] (+1) +0.576023392<x62>[B] (+1) -0.576023392<x63>[B] (+1) +0.576023392<x64>[B] (+1) -0.576023392<x65>[B] (+1) +0.576023392<x66>[B] (+1) -0.576023392<x67>[B] (+0) -0.576023392<x68>[B] (+1) +0.576023392<x69>[B] (+1) -0.576023392<x70>[B] (+1) -0.576023392<x71>[B] (+0) +0.576023392<x72>[B] (+0) +0.576023392<x73>[B] (+1) +0.576023392<x74>[B] (+0) +0.576023392<x75>[B] (+0) +0.576023392<x76>[B] (+0) -0.576023392<x77>[B] (+1) +0.576023392<x78>[B] (+1) +0.576023392<x79>[B] (+1) +0.576023392<x80>[B] (+1) +0.576023392<x81>[B] (+1) +0.576023392<x82>[B] (+1) +0.576023392<x83>[B] (+1) +0.576023392<x84>[B] (+1) +0.576023392<x85>[B] (+0) +0.576023392<x86>[B] (+1) +0.576023392<x87>[B] (+0) +0.576023392<x88>[B] (+1) +0.576023392<x89>[B] (+0) +0.576023392<x90>[B] (+1) +0.576023392<x91>[B] (+1) +0.576023392<x92>[B] (+1) +0.576023392<x93>[B] (+1) +0.576023392<x94>[B] (+1) +0.576023392<x95>[B] (+0) +0.576023392<x96>[B] (+0) +0.576023392<x97>[B] (+0) +0.576023392<x98>[B] (+1) +0.576023392<x99>[B] (+0) +0.576023392<x100>[B] (+0) +0.576023392<x101>[B] (+0) +0.576023392<x102>[B] (+1) +0.576023392<x103>[B] (+0) +0.576023392<x104>[B] (+1) +0.576023392<x105>[B] (+0) -0.576023392<x106>[B] (+0) -0.576023392<x107>[B] (+0) +0.576023392<x108>[B] (+0) +0.576023392<x109>[B] (+0) +0.576023392<x110>[B] (+0) +0.576023392<x111>[B] (+0) -0.576023392<x112>[B] (+0) -0.576023392<x113>[B] (+0) -0.576023392<x114>[B] (+0) -0.576023392<x115>[B] (+1) -0.576023392<x116>[B] (+0) -0.576023392<x117>[B] (+0) +0.576023392<x118>[B] (+0) +0.576023392<x119>[B] (+1) +0.576023392<x120>[B] (+0) +0.576023392<x121>[B] (+0) +0.576023392<x122>[B] (+0) -0.576023392<x123>[B] (+1) +0.576023392<x124>[B] (+1) +0.576023392<x125>[B] (+1) +0.576023392<x126>[B] (+1) +0.576023392<x127>[B] (+0) +0.576023392<x128>[B] (+1) +0.576023392<x129>[B] (+0) +0.576023392<x130>[B] (+1) +0.576023392<x131>[B] (+0) -0.576023392<x132>[B] (+1) +0.576023392<x133>[B] (+1) +0.576023392<x134>[B] (+1) +0.576023392<x135>[B] (+1) +0.576023392<x136>[B] (+1) +0.576023392<x137>[B] (+0) +0.576023392<x138>[B] (+1) -0.576023392<x139>[B] (+1) -0.576023392<x140>[B] (+1) -0.576023392<x141>[B] (+1) -0.576023392<x142>[B] (+1) -0.576023392<x143>[B] (+1) -0.576023392<x144>[B] (+0) -0.576023392<x145>[B] (+0) -0.576023392<x146>[B] (+0) -0.576023392<x147>[B] (+0) -0.576023392<x148>[B] (+0) -0.576023392<x149>[B] (+1) -0.576023392<x150>[B] (+0) +0.576023392<x151>[B] (+1) -0.576023392<x152>[B] (+1) -0.576023392<x153>[B] (+1) -0.576023392<x154>[B] (+1) -0.576023392<x155>[B] (+1) -0.576023392<x156>[B] (+1) -0.576023392<x157>[B] (+0) -0.576023392<x158>[B] (+1) -0.576023392<x159>[B] (+1) -0.576023392<x160>[B] (+1) -0.576023392<x161>[B] (+1) -0.576023392<x162>[B] (+1) +0.576023392<x163>[B] (+1) -0.576023392<x164>[B] (+1) +0.576023392<x165>[B] (+1) +0.576023392<x166>[B] (+0) +0.576023392<x167>[B] (+1) +0.576023392<x168>[B] (+0) -0.576023392<x169>[B] (+1) -0.576023392<x170>[B] (+1) +0.576023392<x171>[B] (+0) >= 33.266081871345;
;
violation: left hand side is violated by 19.4415204678363
  [linear] <c1939>: <x172>[C] (+0) +0.576023392<x1>[B] (+1) -0.576023392<x2>[B] (+1) +0.576023392<x3>[B] (+1) +0.576023392<x4>[B] (+1) -0.576023392<x5>[B] (+1) -0.576023392<x6>[B] (+1) +0.576023392<x7>[B] (+1) +0.576023392<x8>[B] (+1) -0.576023392<x9>[B] (+1) +0.576023392<x10>[B] (+1) +0.576023392<x11>[B] (+1) +0.576023392<x12>[B] (+1) +0.576023392<x13>[B] (+1) +0.576023392<x14>[B] (+1) -0.576023392<x15>[B] (+1) +0.576023392<x16>[B] (+1) +0.576023392<x17>[B] (+1) +0.576023392<x18>[B] (+1) -0.576023392<x19>[B] (+0) -0.576023392<x20>[B] (+0) -0.576023392<x21>[B] (+0) -0.576023392<x22>[B] (+0) -0.576023392<x23>[B] (+0) +0.576023392<x24>[B] (+0) -0.576023392<x25>[B] (+0) -0.576023392<x26>[B] (+0) +0.576023392<x27>[B] (+0) +0.576023392<x28>[B] (+0) +0.576023392<x29>[B] (+0) +0.576023392<x30>[B] (+0) -0.576023392<x31>[B] (+0) -0.576023392<x32>[B] (+0) +0.576023392<x33>[B] (+0) -0.576023392<x34>[B] (+0) -0.576023392<x35>[B] (+0) +0.576023392<x36>[B] (+1) +0.576023392<x37>[B] (+1) +0.576023392<x38>[B] (+0) +0.576023392<x39>[B] (+1) +0.576023392<x40>[B] (+1) +0.576023392<x41>[B] (+0) +0.576023392<x42>[B] (+1) +0.576023392<x43>[B] (+1) +0.576023392<x44>[B] (+1) +0.576023392<x45>[B] (+0) +0.576023392<x46>[B] (+1) +0.576023392<x47>[B] (+1) +0.576023392<x48>[B] (+1) +0.576023392<x49>[B] (+0) +0.576023392<x50>[B] (+1) +0.576023392<x51>[B] (+1) -0.576023392<x52>[B] (+1) -0.576023392<x53>[B] (+0) -0.576023392<x54>[B] (+1) +0.576023392<x55>[B] (+1) -0.576023392<x56>[B] (+0) -0.576023392<x57>[B] (+1) +0.576023392<x58>[B] (+1) +0.576023392<x59>[B] (+1) +0.576023392<x60>[B] (+0) +0.576023392<x61>[B] (+1) +0.576023392<x62>[B] (+1) -0.576023392<x63>[B] (+1) +0.576023392<x64>[B] (+0) -0.576023392<x65>[B] (+1) +0.576023392<x66>[B] (+1) -0.576023392<x67>[B] (+0) -0.576023392<x68>[B] (+0) +0.576023392<x69>[B] (+1) -0.576023392<x70>[B] (+0) -0.576023392<x71>[B] (+0) +0.576023392<x72>[B] (+0) +0.576023392<x73>[B] (+1) +0.576023392<x74>[B] (+0) +0.576023392<x75>[B] (+0) +0.576023392<x76>[B] (+0) -0.576023392<x77>[B] (+1) +0.576023392<x78>[B] (+0) +0.576023392<x79>[B] (+1) +0.576023392<x80>[B] (+1) +0.576023392<x81>[B] (+1) +0.576023392<x82>[B] (+1) +0.576023392<x83>[B] (+1) +0.576023392<x84>[B] (+1) +0.576023392<x85>[B] (+1) +0.576023392<x86>[B] (+1) +0.576023392<x87>[B] (+0) +0.576023392<x88>[B] (+1) +0.576023392<x89>[B] (+1) +0.576023392<x90>[B] (+1) +0.576023392<x91>[B] (+1) +0.576023392<x92>[B] (+1) +0.576023392<x93>[B] (+1) +0.576023392<x94>[B] (+1) +0.576023392<x95>[B] (+0) +0.576023392<x96>[B] (+0) +0.576023392<x97>[B] (+0) +0.576023392<x98>[B] (+1) +0.576023392<x99>[B] (+0) +0.576023392<x100>[B] (+0) +0.576023392<x101>[B] (+0) +0.576023392<x102>[B] (+1) +0.576023392<x103>[B] (+0) +0.576023392<x104>[B] (+1) +0.576023392<x105>[B] (+1) -0.576023392<x106>[B] (+0) -0.576023392<x107>[B] (+0) +0.576023392<x108>[B] (+0) +0.576023392<x109>[B] (+1) +0.576023392<x110>[B] (+0) +0.576023392<x111>[B] (+0) -0.576023392<x112>[B] (+0) -0.576023392<x113>[B] (+1) -0.576023392<x114>[B] (+0) -0.576023392<x115>[B] (+1) -0.576023392<x116>[B] (+1) -0.576023392<x117>[B] (+1) +0.576023392<x118>[B] (+1) +0.576023392<x119>[B] (+1) +0.576023392<x120>[B] (+0) +0.576023392<x121>[B] (+1) +0.576023392<x122>[B] (+1) -0.576023392<x123>[B] (+1) +0.576023392<x124>[B] (+1) +0.576023392<x125>[B] (+1) +0.576023392<x126>[B] (+1) +0.576023392<x127>[B] (+0) +0.576023392<x128>[B] (+1) +0.576023392<x129>[B] (+0) +0.576023392<x130>[B] (+0) +0.576023392<x131>[B] (+0) -0.576023392<x132>[B] (+1) +0.576023392<x133>[B] (+0) +0.576023392<x134>[B] (+1) +0.576023392<x135>[B] (+1) +0.576023392<x136>[B] (+1) +0.576023392<x137>[B] (+0) +0.576023392<x138>[B] (+1) -0.576023392<x139>[B] (+1) -0.576023392<x140>[B] (+1) -0.576023392<x141>[B] (+0) -0.576023392<x142>[B] (+1) -0.576023392<x143>[B] (+1) -0.576023392<x144>[B] (+0) -0.576023392<x145>[B] (+0) -0.576023392<x146>[B] (+0) -0.576023392<x147>[B] (+0) -0.576023392<x148>[B] (+0) -0.576023392<x149>[B] (+0) -0.576023392<x150>[B] (+0) +0.576023392<x151>[B] (+1) -0.576023392<x152>[B] (+1) -0.576023392<x153>[B] (+1) -0.576023392<x154>[B] (+1) -0.576023392<x155>[B] (+1) -0.576023392<x156>[B] (+1) -0.576023392<x157>[B] (+0) -0.576023392<x158>[B] (+1) -0.576023392<x159>[B] (+0) -0.576023392<x160>[B] (+1) -0.576023392<x161>[B] (+1) -0.576023392<x162>[B] (+1) +0.576023392<x163>[B] (+0) -0.576023392<x164>[B] (+1) +0.576023392<x165>[B] (+1) +0.576023392<x166>[B] (+0) +0.576023392<x167>[B] (+1) +0.576023392<x168>[B] (+1) -0.576023392<x169>[B] (+1) -0.576023392<x170>[B] (+1) +0.576023392<x171>[B] (+1) >= 33.266081871345;
;
violation: left hand side is violated by 11.953216374269
  [linear] <c1939>: <x172>[C] (+0) +0.576023392<x1>[B] (+1) -0.576023392<x2>[B] (+1) +0.576023392<x3>[B] (+1) +0.576023392<x4>[B] (+1) -0.576023392<x5>[B] (+1) -0.576023392<x6>[B] (+1) +0.576023392<x7>[B] (+1) +0.576023392<x8>[B] (+1) -0.576023392<x9>[B] (+1) +0.576023392<x10>[B] (+1) +0.576023392<x11>[B] (+1) +0.576023392<x12>[B] (+1) +0.576023392<x13>[B] (+1) +0.576023392<x14>[B] (+1) -0.576023392<x15>[B] (+1) +0.576023392<x16>[B] (+1) +0.576023392<x17>[B] (+1) +0.576023392<x18>[B] (+1) -0.576023392<x19>[B] (+1) -0.576023392<x20>[B] (+1) -0.576023392<x21>[B] (+1) -0.576023392<x22>[B] (+1) -0.576023392<x23>[B] (+1) +0.576023392<x24>[B] (+1) -0.576023392<x25>[B] (+1) -0.576023392<x26>[B] (+1) +0.576023392<x27>[B] (+1) +0.576023392<x28>[B] (+1) +0.576023392<x29>[B] (+1) +0.576023392<x30>[B] (+1) -0.576023392<x31>[B] (+1) -0.576023392<x32>[B] (+1) +0.576023392<x33>[B] (+1) -0.576023392<x34>[B] (+1) -0.576023392<x35>[B] (+1) +0.576023392<x36>[B] (+1) +0.576023392<x37>[B] (+1) +0.576023392<x38>[B] (+1) +0.576023392<x39>[B] (+1) +0.576023392<x40>[B] (+1) +0.576023392<x41>[B] (+1) +0.576023392<x42>[B] (+1) +0.576023392<x43>[B] (+1) +0.576023392<x44>[B] (+1) +0.576023392<x45>[B] (+1) +0.576023392<x46>[B] (+1) +0.576023392<x47>[B] (+1) +0.576023392<x48>[B] (+1) +0.576023392<x49>[B] (+1) +0.576023392<x50>[B] (+1) +0.576023392<x51>[B] (+1) -0.576023392<x52>[B] (+1) -0.576023392<x53>[B] (+1) -0.576023392<x54>[B] (+1) +0.576023392<x55>[B] (+1) -0.576023392<x56>[B] (+1) -0.576023392<x57>[B] (+1) +0.576023392<x58>[B] (+1) +0.576023392<x59>[B] (+1) +0.576023392<x60>[B] (+1) +0.576023392<x61>[B] (+1) +0.576023392<x62>[B] (+1) -0.576023392<x63>[B] (+1) +0.576023392<x64>[B] (+1) -0.576023392<x65>[B] (+1) +0.576023392<x66>[B] (+1) -0.576023392<x67>[B] (+1) -0.576023392<x68>[B] (+1) +0.576023392<x69>[B] (+1) -0.576023392<x70>[B] (+1) -0.576023392<x71>[B] (+1) +0.576023392<x72>[B] (+1) +0.576023392<x73>[B] (+1) +0.576023392<x74>[B] (+1) +0.576023392<x75>[B] (+1) +0.576023392<x76>[B] (+1) -0.576023392<x77>[B] (+1) +0.576023392<x78>[B] (+1) +0.576023392<x79>[B] (+1) +0.576023392<x80>[B] (+1) +0.576023392<x81>[B] (+1) +0.576023392<x82>[B] (+1) +0.576023392<x83>[B] (+1) +0.576023392<x84>[B] (+1) +0.576023392<x85>[B] (+1) +0.576023392<x86>[B] (+1) +0.576023392<x87>[B] (+1) +0.576023392<x88>[B] (+1) +0.576023392<x89>[B] (+1) +0.576023392<x90>[B] (+1) +0.576023392<x91>[B] (+1) +0.576023392<x92>[B] (+1) +0.576023392<x93>[B] (+1) +0.576023392<x94>[B] (+1) +0.576023392<x95>[B] (+1) +0.576023392<x96>[B] (+1) +0.576023392<x97>[B] (+1) +0.576023392<x98>[B] (+1) +0.576023392<x99>[B] (+1) +0.576023392<x100>[B] (+1) +0.576023392<x101>[B] (+1) +0.576023392<x102>[B] (+1) +0.576023392<x103>[B] (+1) +0.576023392<x104>[B] (+1) +0.576023392<x105>[B] (+1) -0.576023392<x106>[B] (+1) -0.576023392<x107>[B] (+1) +0.576023392<x108>[B] (+1) +0.576023392<x109>[B] (+1) +0.576023392<x110>[B] (+1) +0.576023392<x111>[B] (+1) -0.576023392<x112>[B] (+1) -0.576023392<x113>[B] (+1) -0.576023392<x114>[B] (+1) -0.576023392<x115>[B] (+1) -0.576023392<x116>[B] (+1) -0.576023392<x117>[B] (+1) +0.576023392<x118>[B] (+1) +0.576023392<x119>[B] (+1) +0.576023392<x120>[B] (+1) +0.576023392<x121>[B] (+1) +0.576023392<x122>[B] (+1) -0.576023392<x123>[B] (+1) +0.576023392<x124>[B] (+1) +0.576023392<x125>[B] (+1) +0.576023392<x126>[B] (+1) +0.576023392<x127>[B] (+1) +0.576023392<x128>[B] (+1) +0.576023392<x129>[B] (+1) +0.576023392<x130>[B] (+1) +0.576023392<x131>[B] (+1) -0.576023392<x132>[B] (+1) +0.576023392<x133>[B] (+1) +0.576023392<x134>[B] (+1) +0.576023392<x135>[B] (+1) +0.576023392<x136>[B] (+1) +0.576023392<x137>[B] (+1) +0.576023392<x138>[B] (+1) -0.576023392<x139>[B] (+1) -0.576023392<x140>[B] (+1) -0.576023392<x141>[B] (+1) -0.576023392<x142>[B] (+1) -0.576023392<x143>[B] (+1) -0.576023392<x144>[B] (+1) -0.576023392<x145>[B] (+1) -0.576023392<x146>[B] (+1) -0.576023392<x147>[B] (+1) -0.576023392<x148>[B] (+1) -0.576023392<x149>[B] (+1) -0.576023392<x150>[B] (+1) +0.576023392<x151>[B] (+1) -0.576023392<x152>[B] (+1) -0.576023392<x153>[B] (+1) -0.576023392<x154>[B] (+1) -0.576023392<x155>[B] (+1) -0.576023392<x156>[B] (+1) -0.576023392<x157>[B] (+1) -0.576023392<x158>[B] (+1) -0.576023392<x159>[B] (+1) -0.576023392<x160>[B] (+1) -0.576023392<x161>[B] (+1) -0.576023392<x162>[B] (+1) +0.576023392<x163>[B] (+1) -0.576023392<x164>[B] (+1) +0.576023392<x165>[B] (+1) +0.576023392<x166>[B] (+1) +0.576023392<x167>[B] (+1) +0.576023392<x168>[B] (+1) -0.576023392<x169>[B] (+1) -0.576023392<x170>[B] (+1) +0.576023392<x171>[B] (+1) >= 33.266081871345;
;
violation: left hand side is violated by 8.49707602339183
  [linear] <c1939>: <x172>[C] (+0) +0.576023392<x1>[B] (+0) -0.576023392<x2>[B] (+0) +0.576023392<x3>[B] (+0) +0.576023392<x4>[B] (+0) -0.576023392<x5>[B] (+0) -0.576023392<x6>[B] (+0) +0.576023392<x7>[B] (+0) +0.576023392<x8>[B] (+0) -0.576023392<x9>[B] (+0) +0.576023392<x10>[B] (+0) +0.576023392<x11>[B] (+0) +0.576023392<x12>[B] (+0) +0.576023392<x13>[B] (+0) +0.576023392<x14>[B] (+0) -0.576023392<x15>[B] (+0) +0.576023392<x16>[B] (+0) +0.576023392<x17>[B] (+0) +0.576023392<x18>[B] (+0) -0.576023392<x19>[B] (+0) -0.576023392<x20>[B] (+0) -0.576023392<x21>[B] (+0) -0.576023392<x22>[B] (+0) -0.576023392<x23>[B] (+0) +0.576023392<x24>[B] (+0) -0.576023392<x25>[B] (+0) -0.576023392<x26>[B] (+0) +0.576023392<x27>[B] (+0) +0.576023392<x28>[B] (+0) +0.576023392<x29>[B] (+0) +0.576023392<x30>[B] (+0) -0.576023392<x31>[B] (+0) -0.576023392<x32>[B] (+0) +0.576023392<x33>[B] (+0) -0.576023392<x34>[B] (+0) -0.576023392<x35>[B] (+0) +0.576023392<x36>[B] (+0) +0.576023392<x37>[B] (+0) +0.576023392<x38>[B] (+0) +0.576023392<x39>[B] (+0) +0.576023392<x40>[B] (+0) +0.576023392<x41>[B] (+0) +0.576023392<x42>[B] (+0) +0.576023392<x43>[B] (+0) +0.576023392<x44>[B] (+0) +0.576023392<x45>[B] (+0) +0.576023392<x46>[B] (+0) +0.576023392<x47>[B] (+0) +0.576023392<x48>[B] (+0) +0.576023392<x49>[B] (+0) +0.576023392<x50>[B] (+0) +0.576023392<x51>[B] (+0) -0.576023392<x52>[B] (+0) -0.576023392<x53>[B] (+0) -0.576023392<x54>[B] (+0) +0.576023392<x55>[B] (+0) -0.576023392<x56>[B] (+0) -0.576023392<x57>[B] (+0) +0.576023392<x58>[B] (+0) +0.576023392<x59>[B] (+0) +0.576023392<x60>[B] (+0) +0.576023392<x61>[B] (+0) +0.576023392<x62>[B] (+0) -0.576023392<x63>[B] (+0) +0.576023392<x64>[B] (+0) -0.576023392<x65>[B] (+0) +0.576023392<x66>[B] (+0) -0.576023392<x67>[B] (+0) -0.576023392<x68>[B] (+0) +0.576023392<x69>[B] (+0) -0.576023392<x70>[B] (+0) -0.576023392<x71>[B] (+0) +0.576023392<x72>[B] (+0) +0.576023392<x73>[B] (+0) +0.576023392<x74>[B] (+0) +0.576023392<x75>[B] (+0) +0.576023392<x76>[B] (+0) -0.576023392<x77>[B] (+0) +0.576023392<x78>[B] (+0) +0.576023392<x79>[B] (+0) +0.576023392<x80>[B] (+0) +0.576023392<x81>[B] (+0) +0.576023392<x82>[B] (+0) +0.576023392<x83>[B] (+0) +0.576023392<x84>[B] (+0) +0.576023392<x85>[B] (+0) +0.576023392<x86>[B] (+0) +0.576023392<x87>[B] (+0) +0.576023392<x88>[B] (+0) +0.576023392<x89>[B] (+0) +0.576023392<x90>[B] (+0) +0.576023392<x91>[B] (+0) +0.576023392<x92>[B] (+0) +0.576023392<x93>[B] (+0) +0.576023392<x94>[B] (+0) +0.576023392<x95>[B] (+0) +0.576023392<x96>[B] (+0) +0.576023392<x97>[B] (+0) +0.576023392<x98>[B] (+0) +0.576023392<x99>[B] (+0) +0.576023392<x100>[B] (+0) +0.576023392<x101>[B] (+0) +0.576023392<x102>[B] (+0) +0.576023392<x103>[B] (+0) +0.576023392<x104>[B] (+0) +0.576023392<x105>[B] (+0) -0.576023392<x106>[B] (+0) -0.576023392<x107>[B] (+0) +0.576023392<x108>[B] (+0) +0.576023392<x109>[B] (+0) +0.576023392<x110>[B] (+0) +0.576023392<x111>[B] (+0) -0.576023392<x112>[B] (+0) -0.576023392<x113>[B] (+0) -0.576023392<x114>[B] (+0) -0.576023392<x115>[B] (+0) -0.576023392<x116>[B] (+0) -0.576023392<x117>[B] (+0) +0.576023392<x118>[B] (+0) +0.576023392<x119>[B] (+0) +0.576023392<x120>[B] (+0) +0.576023392<x121>[B] (+0) +0.576023392<x122>[B] (+0) -0.576023392<x123>[B] (+0) +0.576023392<x124>[B] (+0) +0.576023392<x125>[B] (+0) +0.576023392<x126>[B] (+0) +0.576023392<x127>[B] (+0) +0.576023392<x128>[B] (+0) +0.576023392<x129>[B] (+0) +0.576023392<x130>[B] (+0) +0.576023392<x131>[B] (+0) -0.576023392<x132>[B] (+0) +0.576023392<x133>[B] (+0) +0.576023392<x134>[B] (+0) +0.576023392<x135>[B] (+0) +0.576023392<x136>[B] (+0) +0.576023392<x137>[B] (+0) +0.576023392<x138>[B] (+0) -0.576023392<x139>[B] (+0) -0.576023392<x140>[B] (+0) -0.576023392<x141>[B] (+0) -0.576023392<x142>[B] (+0) -0.576023392<x143>[B] (+0) -0.576023392<x144>[B] (+0) -0.576023392<x145>[B] (+0) -0.576023392<x146>[B] (+0) -0.576023392<x147>[B] (+0) -0.576023392<x148>[B] (+0) -0.576023392<x149>[B] (+0) -0.576023392<x150>[B] (+0) +0.576023392<x151>[B] (+0) -0.576023392<x152>[B] (+0) -0.576023392<x153>[B] (+0) -0.576023392<x154>[B] (+0) -0.576023392<x155>[B] (+0) -0.576023392<x156>[B] (+0) -0.576023392<x157>[B] (+0) -0.576023392<x158>[B] (+0) -0.576023392<x159>[B] (+0) -0.576023392<x160>[B] (+0) -0.576023392<x161>[B] (+0) -0.576023392<x162>[B] (+0) +0.576023392<x163>[B] (+0) -0.576023392<x164>[B] (+0) +0.576023392<x165>[B] (+0) +0.576023392<x166>[B] (+0) +0.576023392<x167>[B] (+0) +0.576023392<x168>[B] (+0) -0.576023392<x169>[B] (+0) -0.576023392<x170>[B] (+0) +0.576023392<x171>[B] (+0) >= 33.266081871345;
;
violation: left hand side is violated by 33.266081871345
1/6 feasible solution given by solution candidate storage, new primal bound -2.999990e+06

presolving:
   (0.0s) symmetry computation started: requiring (bin +, int +, cont +), (fixed: bin -, int -, cont -)
   (0.0s) no symmetry present (symcode time: 0.00)
presolving (0 rounds: 0 fast, 0 medium, 0 exhaustive):
 0 deleted vars, 0 deleted constraints, 0 added constraints, 0 tightened bounds, 0 added holes, 0 changed sides, 0 changed coefficients
 0 implications, 0 cliques, 0 implied integral variables (0 bin, 0 int, 0 cont)
presolved problem has 201 variables (171 bin, 0 int, 30 cont) and 1968 constraints
   1968 constraints of type <linear>
Presolving Time: 0.00
transformed 1/1 original solutions to the transformed problem space

 time | node  | left  |LP iter|LP it/n|mem/heur|mdpt |vars |cons |rows |cuts |sepa|confs|strbr|  dualbound   | primalbound  |  gap   | compl. 
p 0.0s|     1 |     0 |     8 |     - |   locks|   0 | 201 |1968 |1968 |   0 |  0 |   0 |   0 | 3.640000e+02 |-7.406316e+02 |    Inf | unknown
* 0.0s|     1 |     0 |   232 |     - |    LP  |   0 | 201 |1968 |1968 |   0 |  0 |   0 |   0 |-4.883216e+02 |-4.883216e+02 |   0.00%| unknown
  0.0s|     1 |     0 |   232 |     - |    10M |   0 | 201 |1968 |1968 |   0 |  0 |   0 |   0 |-4.883216e+02 |-4.883216e+02 |   0.00%| unknown

SCIP Status        : problem is solved [optimal solution found]
Solving Time (sec) : 0.02
Solving Nodes      : 1
Primal Bound       : -4.88321637426901e+02 (4 solutions)
Dual Bound         : -4.88321637426901e+02
Gap                : 0.00 %
  [linear] <c1969>: <x173>[C] (+30.2982456) -0.593567251<x1>[B] (+1) -0.593567251<x2>[B] (+1) +0.593567251<x3>[B] (+0) -0.593567251<x4>[B] (+1) -0.593567251<x5>[B] (+1) -0.593567251<x6>[B] (+1) +0.593567251<x7>[B] (+1) -0.593567251<x8>[B] (+1) -0.593567251<x9>[B] (+1) -0.593567251<x10>[B] (+0) -0.593567251<x11>[B] (+1) -0.593567251<x12>[B] (+1) -0.593567251<x13>[B] (+1) -0.593567251<x14>[B] (+0) -0.593567251<x15>[B] (+1) -0.593567251<x16>[B] (+1) -0.593567251<x17>[B] (+1) +0.593567251<x18>[B] (+1) +0.593567251<x19>[B] (+1) +0.593567251<x20>[B] (+0) +0.593567251<x21>[B] (+1) +0.593567251<x22>[B] (+1) +0.593567251<x23>[B] (+1) +0.593567251<x24>[B] (+1) -0.593567251<x25>[B] (+1) +0.593567251<x26>[B] (+0) +0.593567251<x27>[B] (+0) +0.593567251<x28>[B] (+1) +0.593567251<x29>[B] (+1) +0.593567251<x30>[B] (+0) +0.593567251<x31>[B] (+0) +0.593567251<x32>[B] (+1) +0.593567251<x33>[B] (+1) +0.593567251<x34>[B] (+1) +0.593567251<x35>[B] (+0) +0.593567251<x36>[B] (+0) +0.593567251<x37>[B] (+0) +0.593567251<x38>[B] (+1) -0.593567251<x39>[B] (+1) +0.593567251<x40>[B] (+1) -0.593567251<x41>[B] (+0) -0.593567251<x42>[B] (+0) -0.593567251<x43>[B] (+0) +0.593567251<x44>[B] (+0) +0.593567251<x45>[B] (+0) +0.593567251<x46>[B] (+0) +0.593567251<x47>[B] (+0) +0.593567251<x48>[B] (+0) +0.593567251<x49>[B] (+1) -0.593567251<x50>[B] (+1) +0.593567251<x51>[B] (+0) -0.593567251<x52>[B] (+1) -0.593567251<x53>[B] (+1) -0.593567251<x54>[B] (+1) -0.593567251<x55>[B] (+1) -0.593567251<x56>[B] (+1) -0.593567251<x57>[B] (+1) -0.593567251<x58>[B] (+0) -0.593567251<x59>[B] (+1) -0.593567251<x60>[B] (+1) -0.593567251<x61>[B] (+1) -0.593567251<x62>[B] (+0) -0.593567251<x63>[B] (+1) -0.593567251<x64>[B] (+1) -0.593567251<x65>[B] (+1) -0.593567251<x66>[B] (+1) +0.593567251<x67>[B] (+1) -0.593567251<x68>[B] (+1) +0.593567251<x69>[B] (+1) -0.593567251<x70>[B] (+1) -0.593567251<x71>[B] (+0) -0.593567251<x72>[B] (+0) +0.593567251<x73>[B] (+1) -0.593567251<x74>[B] (+1) -0.593567251<x75>[B] (+0) +0.593567251<x76>[B] (+0) +0.593567251<x77>[B] (+1) +0.593567251<x78>[B] (+1) -0.593567251<x79>[B] (+1) +0.593567251<x80>[B] (+0) -0.593567251<x81>[B] (+1) +0.593567251<x82>[B] (+1) -0.593567251<x83>[B] (+0) -0.593567251<x84>[B] (+0) -0.593567251<x85>[B] (+0) +0.593567251<x86>[B] (+0) -0.593567251<x87>[B] (+0) -0.593567251<x88>[B] (+0) +0.593567251<x89>[B] (+0) +0.593567251<x90>[B] (+0) -0.593567251<x91>[B] (+1) -0.593567251<x92>[B] (+1) +0.593567251<x93>[B] (+0) +0.593567251<x94>[B] (+0) -0.593567251<x95>[B] (+0) +0.593567251<x96>[B] (+0) +0.593567251<x97>[B] (+0) +0.593567251<x98>[B] (+0) +0.593567251<x99>[B] (+0) +0.593567251<x100>[B] (+0) +0.593567251<x101>[B] (+0) +0.593567251<x102>[B] (+0) +0.593567251<x103>[B] (+1) +0.593567251<x104>[B] (+1) +0.593567251<x105>[B] (+0) -0.593567251<x106>[B] (+0) -0.593567251<x107>[B] (+0) -0.593567251<x108>[B] (+0) -0.593567251<x109>[B] (+0) -0.593567251<x110>[B] (+0) -0.593567251<x111>[B] (+0) -0.593567251<x112>[B] (+0) -0.593567251<x113>[B] (+0) -0.593567251<x114>[B] (+1) -0.593567251<x115>[B] (+1) +0.593567251<x116>[B] (+0) +0.593567251<x117>[B] (+0) +0.593567251<x118>[B] (+0) +0.593567251<x119>[B] (+0) +0.593567251<x120>[B] (+0) +0.593567251<x121>[B] (+0) +0.593567251<x122>[B] (+0) +0.593567251<x123>[B] (+0) +0.593567251<x124>[B] (+1) +0.593567251<x125>[B] (+1) +0.593567251<x126>[B] (+0) +0.593567251<x127>[B] (+0) +0.593567251<x128>[B] (+1) +0.593567251<x129>[B] (+1) +0.593567251<x130>[B] (+1) +0.593567251<x131>[B] (+0) +0.593567251<x132>[B] (+1) +0.593567251<x133>[B] (+1) -0.593567251<x134>[B] (+1) +0.593567251<x135>[B] (+1) +0.593567251<x136>[B] (+1) +0.593567251<x137>[B] (+1) +0.593567251<x138>[B] (+1) +0.593567251<x139>[B] (+0) +0.593567251<x140>[B] (+1) +0.593567251<x141>[B] (+1) -0.593567251<x142>[B] (+1) +0.593567251<x143>[B] (+1) -0.593567251<x144>[B] (+1) -0.593567251<x145>[B] (+0) -0.593567251<x146>[B] (+0) +0.593567251<x147>[B] (+0) -0.593567251<x148>[B] (+1) -0.593567251<x149>[B] (+1) +0.593567251<x150>[B] (+0) +0.593567251<x151>[B] (+0) +0.593567251<x152>[B] (+0) +0.593567251<x153>[B] (+0) +0.593567251<x154>[B] (+1) -0.593567251<x155>[B] (+1) +0.593567251<x156>[B] (+0) +0.593567251<x157>[B] (+0) +0.593567251<x158>[B] (+1) +0.593567251<x159>[B] (+1) -0.593567251<x160>[B] (+1) +0.593567251<x161>[B] (+1) +0.593567251<x162>[B] (+1) -0.593567251<x163>[B] (+1) -0.593567251<x164>[B] (+1) +0.593567251<x165>[B] (+1) -0.593567251<x166>[B] (+1) -0.593567251<x167>[B] (+1) +0.593567251<x168>[B] (+0) -0.593567251<x169>[B] (+1) +0.593567251<x170>[B] (+0) +0.593567251<x171>[B] (+0) >= 26.266081871345;
;
violation: left hand side is violated by 0.122807017543838
  [linear] <c1969>: <x173>[C] (+0) -0.593567251<x1>[B] (+0) -0.593567251<x2>[B] (+0) +0.593567251<x3>[B] (+1) -0.593567251<x4>[B] (+0) -0.593567251<x5>[B] (+0) -0.593567251<x6>[B] (+0) +0.593567251<x7>[B] (+0) -0.593567251<x8>[B] (+0) -0.593567251<x9>[B] (+0) -0.593567251<x10>[B] (+0) -0.593567251<x11>[B] (+0) -0.593567251<x12>[B] (+0) -0.593567251<x13>[B] (+0) -0.593567251<x14>[B] (+1) -0.593567251<x15>[B] (+0) -0.593567251<x16>[B] (+0) -0.593567251<x17>[B] (+0) +0.593567251<x18>[B] (+0) +0.593567251<x19>[B] (+1) +0.593567251<x20>[B] (+1) +0.593567251<x21>[B] (+1) +0.593567251<x22>[B] (+1) +0.593567251<x23>[B] (+0) +0.593567251<x24>[B] (+0) -0.593567251<x25>[B] (+1) +0.593567251<x26>[B] (+1) +0.593567251<x27>[B] (+1) +0.593567251<x28>[B] (+1) +0.593567251<x29>[B] (+1) +0.593567251<x30>[B] (+1) +0.593567251<x31>[B] (+1) +0.593567251<x32>[B] (+1) +0.593567251<x33>[B] (+1) +0.593567251<x34>[B] (+0) +0.593567251<x35>[B] (+1) +0.593567251<x36>[B] (+1) +0.593567251<x37>[B] (+1) +0.593567251<x38>[B] (+1) -0.593567251<x39>[B] (+0) +0.593567251<x40>[B] (+0) -0.593567251<x41>[B] (+1) -0.593567251<x42>[B] (+1) -0.593567251<x43>[B] (+1) +0.593567251<x44>[B] (+1) +0.593567251<x45>[B] (+1) +0.593567251<x46>[B] (+1) +0.593567251<x47>[B] (+1) +0.593567251<x48>[B] (+1) +0.593567251<x49>[B] (+0) -0.593567251<x50>[B] (+0) +0.593567251<x51>[B] (+1) -0.593567251<x52>[B] (+0) -0.593567251<x53>[B] (+0) -0.593567251<x54>[B] (+0) -0.593567251<x55>[B] (+0) -0.593567251<x56>[B] (+0) -0.593567251<x57>[B] (+0) -0.593567251<x58>[B] (+0) -0.593567251<x59>[B] (+0) -0.593567251<x60>[B] (+0) -0.593567251<x61>[B] (+0) -0.593567251<x62>[B] (+1) -0.593567251<x63>[B] (+0) -0.593567251<x64>[B] (+0) -0.593567251<x65>[B] (+0) -0.593567251<x66>[B] (+0) +0.593567251<x67>[B] (+1) -0.593567251<x68>[B] (+0) +0.593567251<x69>[B] (+0) -0.593567251<x70>[B] (+1) -0.593567251<x71>[B] (+1) -0.593567251<x72>[B] (+1) +0.593567251<x73>[B] (+1) -0.593567251<x74>[B] (+1) -0.593567251<x75>[B] (+1) +0.593567251<x76>[B] (+1) +0.593567251<x77>[B] (+1) +0.593567251<x78>[B] (+0) -0.593567251<x79>[B] (+0) +0.593567251<x80>[B] (+1) -0.593567251<x81>[B] (+0) +0.593567251<x82>[B] (+0) -0.593567251<x83>[B] (+0) -0.593567251<x84>[B] (+0) -0.593567251<x85>[B] (+0) +0.593567251<x86>[B] (+0) -0.593567251<x87>[B] (+0) -0.593567251<x88>[B] (+1) +0.593567251<x89>[B] (+1) +0.593567251<x90>[B] (+0) -0.593567251<x91>[B] (+0) -0.593567251<x92>[B] (+0) +0.593567251<x93>[B] (+0) +0.593567251<x94>[B] (+1) -0.593567251<x95>[B] (+1) +0.593567251<x96>[B] (+1) +0.593567251<x97>[B] (+1) +0.593567251<x98>[B] (+1) +0.593567251<x99>[B] (+1) +0.593567251<x100>[B] (+1) +0.593567251<x101>[B] (+1) +0.593567251<x102>[B] (+1) +0.593567251<x103>[B] (+1) +0.593567251<x104>[B] (+1) +0.593567251<x105>[B] (+1) -0.593567251<x106>[B] (+1) -0.593567251<x107>[B] (+1) -0.593567251<x108>[B] (+1) -0.593567251<x109>[B] (+1) -0.593567251<x110>[B] (+1) -0.593567251<x111>[B] (+1) -0.593567251<x112>[B] (+1) -0.593567251<x113>[B] (+1) -0.593567251<x114>[B] (+1) -0.593567251<x115>[B] (+0) +0.593567251<x116>[B] (+1) +0.593567251<x117>[B] (+1) +0.593567251<x118>[B] (+1) +0.593567251<x119>[B] (+1) +0.593567251<x120>[B] (+1) +0.593567251<x121>[B] (+1) +0.593567251<x122>[B] (+1) +0.593567251<x123>[B] (+1) +0.593567251<x124>[B] (+0) +0.593567251<x125>[B] (+0) +0.593567251<x126>[B] (+1) +0.593567251<x127>[B] (+1) +0.593567251<x128>[B] (+1) +0.593567251<x129>[B] (+1) +0.593567251<x130>[B] (+1) +0.593567251<x131>[B] (+1) +0.593567251<x132>[B] (+0) +0.593567251<x133>[B] (+0) -0.593567251<x134>[B] (+0) +0.593567251<x135>[B] (+1) +0.593567251<x136>[B] (+1) +0.593567251<x137>[B] (+1) +0.593567251<x138>[B] (+1) +0.593567251<x139>[B] (+1) +0.593567251<x140>[B] (+0) +0.593567251<x141>[B] (+0) -0.593567251<x142>[B] (+0) +0.593567251<x143>[B] (+1) -0.593567251<x144>[B] (+0) -0.593567251<x145>[B] (+1) -0.593567251<x146>[B] (+1) +0.593567251<x147>[B] (+0) -0.593567251<x148>[B] (+0) -0.593567251<x149>[B] (+0) +0.593567251<x150>[B] (+1) +0.593567251<x151>[B] (+1) +0.593567251<x152>[B] (+1) +0.593567251<x153>[B] (+0) +0.593567251<x154>[B] (+0) -0.593567251<x155>[B] (+0) +0.593567251<x156>[B] (+1) +0.593567251<x157>[B] (+1) +0.593567251<x158>[B] (+0) +0.593567251<x159>[B] (+0) -0.593567251<x160>[B] (+0) +0.593567251<x161>[B] (+0) +0.593567251<x162>[B] (+0) -0.593567251<x163>[B] (+0) -0.593567251<x164>[B] (+0) +0.593567251<x165>[B] (+0) -0.593567251<x166>[B] (+0) -0.593567251<x167>[B] (+0) +0.593567251<x168>[B] (+1) -0.593567251<x169>[B] (+0) +0.593567251<x170>[B] (+1) +0.593567251<x171>[B] (+1) >= 26.266081871345;
;
violation: left hand side is violated by 0.149122807017566
2/4 feasible solutions given by solution candidate storage, new primal bound -2.999990e+06

presolving:
   (0.0s) symmetry computation started: requiring (bin +, int +, cont +), (fixed: bin -, int -, cont -)
   (0.0s) no symmetry present (symcode time: 0.00)
presolving (0 rounds: 0 fast, 0 medium, 0 exhaustive):
 0 deleted vars, 0 deleted constraints, 0 added constraints, 0 tightened bounds, 0 added holes, 0 changed sides, 0 changed coefficients
 0 implications, 0 cliques, 0 implied integral variables (0 bin, 0 int, 0 cont)
presolved problem has 201 variables (171 bin, 0 int, 30 cont) and 1995 constraints
   1995 constraints of type <linear>
Presolving Time: 0.01
transformed 2/2 original solutions to the transformed problem space

 time | node  | left  |LP iter|LP it/n|mem/heur|mdpt |vars |cons |rows |cuts |sepa|confs|strbr|  dualbound   | primalbound  |  gap   | compl. 
p 0.0s|     1 |     0 |    10 |     - |   locks|   0 | 201 |1995 |1995 |   0 |  0 |   0 |   0 | 3.640000e+02 |-7.613041e+02 |    Inf | unknown
* 0.0s|     1 |     0 |   307 |     - |    LP  |   0 | 201 |1995 |1995 |   0 |  0 |   0 |   0 |-4.900936e+02 |-4.900936e+02 |   0.00%| unknown
  0.0s|     1 |     0 |   307 |     - |    13M |   0 | 201 |1995 |1995 |   0 |  0 |   0 |   0 |-4.900936e+02 |-4.900936e+02 |   0.00%| unknown

SCIP Status        : problem is solved [optimal solution found]
Solving Time (sec) : 0.03
Solving Nodes      : 1
Primal Bound       : -4.90093567251462e+02 (4 solutions)
Dual Bound         : -4.90093567251462e+02
Gap                : 0.00 %
  [linear] <c1996>: <x172>[C] (+29.8099415) +0.587719298<x1>[B] (+1) -0.587719298<x2>[B] (+1) +0.587719298<x3>[B] (+0) +0.587719298<x4>[B] (+1) -0.587719298<x5>[B] (+1) -0.587719298<x6>[B] (+1) +0.587719298<x7>[B] (+1) +0.587719298<x8>[B] (+1) -0.587719298<x9>[B] (+1) +0.587719298<x10>[B] (+0) +0.587719298<x11>[B] (+1) +0.587719298<x12>[B] (+1) +0.587719298<x13>[B] (+1) +0.587719298<x14>[B] (+0) -0.587719298<x15>[B] (+1) +0.587719298<x16>[B] (+1) +0.587719298<x17>[B] (+1) +0.587719298<x18>[B] (+1) -0.587719298<x19>[B] (+1) -0.587719298<x20>[B] (+0) -0.587719298<x21>[B] (+1) -0.587719298<x22>[B] (+1) -0.587719298<x23>[B] (+1) +0.587719298<x24>[B] (+1) -0.587719298<x25>[B] (+1) -0.587719298<x26>[B] (+0) +0.587719298<x27>[B] (+0) +0.587719298<x28>[B] (+1) +0.587719298<x29>[B] (+1) +0.587719298<x30>[B] (+0) -0.587719298<x31>[B] (+0) -0.587719298<x32>[B] (+1) +0.587719298<x33>[B] (+1) -0.587719298<x34>[B] (+1) -0.587719298<x35>[B] (+0) +0.587719298<x36>[B] (+0) +0.587719298<x37>[B] (+0) +0.587719298<x38>[B] (+0) +0.587719298<x39>[B] (+1) +0.587719298<x40>[B] (-6.21724894e-15) +0.587719298<x41>[B] (+0) +0.587719298<x42>[B] (+0) +0.587719298<x43>[B] (+0) +0.587719298<x44>[B] (+0) +0.587719298<x45>[B] (+0) +0.587719298<x46>[B] (+0) +0.587719298<x47>[B] (+0) +0.587719298<x48>[B] (+0) +0.587719298<x49>[B] (+1) +0.587719298<x50>[B] (+1) +0.587719298<x51>[B] (+0) -0.587719298<x52>[B] (+1) -0.587719298<x53>[B] (+1) -0.587719298<x54>[B] (+1) +0.587719298<x55>[B] (+1) -0.587719298<x56>[B] (+1) -0.587719298<x57>[B] (+1) +0.587719298<x58>[B] (+0) +0.587719298<x59>[B] (+1) +0.587719298<x60>[B] (+1) +0.587719298<x61>[B] (+1) +0.587719298<x62>[B] (+0) -0.587719298<x63>[B] (+1) +0.587719298<x64>[B] (+1) -0.587719298<x65>[B] (+1) +0.587719298<x66>[B] (+1) -0.587719298<x67>[B] (+0) -0.587719298<x68>[B] (+1) +0.587719298<x69>[B] (+1) -0.587719298<x70>[B] (+1) -0.587719298<x71>[B] (+0) +0.587719298<x72>[B] (+0) +0.587719298<x73>[B] (+0) +0.587719298<x74>[B] (+0) +0.587719298<x75>[B] (+0) +0.587719298<x76>[B] (+0) -0.587719298<x77>[B] (+1) +0.587719298<x78>[B] (+1) +0.587719298<x79>[B] (+1) +0.587719298<x80>[B] (+0) +0.587719298<x81>[B] (+1) +0.587719298<x82>[B] (+1) +0.587719298<x83>[B] (+1) +0.587719298<x84>[B] (+0) +0.587719298<x85>[B] (+0) +0.587719298<x86>[B] (+0) +0.587719298<x87>[B] (+0) +0.587719298<x88>[B] (+0) +0.587719298<x89>[B] (+0) +0.587719298<x90>[B] (+1) +0.587719298<x91>[B] (+1) +0.587719298<x92>[B] (+1) +0.587719298<x93>[B] (+0) +0.587719298<x94>[B] (+0) +0.587719298<x95>[B] (+0) +0.587719298<x96>[B] (+0) +0.587719298<x97>[B] (+0) +0.587719298<x98>[B] (+0) +0.587719298<x99>[B] (+0) +0.587719298<x100>[B] (+0) +0.587719298<x101>[B] (+0) +0.587719298<x102>[B] (+0) +0.587719298<x103>[B] (+1) +0.587719298<x104>[B] (+1) +0.587719298<x105>[B] (+0) -0.587719298<x106>[B] (+0) -0.587719298<x107>[B] (+0) +0.587719298<x108>[B] (+0) +0.587719298<x109>[B] (+0) +0.587719298<x110>[B] (+0) +0.587719298<x111>[B] (+0) -0.587719298<x112>[B] (+0) -0.587719298<x113>[B] (+0) -0.587719298<x114>[B] (+1) -0.587719298<x115>[B] (+1) -0.587719298<x116>[B] (+0) -0.587719298<x117>[B] (+0) +0.587719298<x118>[B] (+0) +0.587719298<x119>[B] (+0) +0.587719298<x120>[B] (+0) +0.587719298<x121>[B] (+0) +0.587719298<x122>[B] (+0) -0.587719298<x123>[B] (+0) +0.587719298<x124>[B] (+1) +0.587719298<x125>[B] (+1) +0.587719298<x126>[B] (+0) +0.587719298<x127>[B] (+0) +0.587719298<x128>[B] (+1) +0.587719298<x129>[B] (+1) +0.587719298<x130>[B] (+1) +0.587719298<x131>[B] (+0) -0.587719298<x132>[B] (+1) +0.587719298<x133>[B] (+1) +0.587719298<x134>[B] (+1) +0.587719298<x135>[B] (+1) +0.587719298<x136>[B] (+1) +0.587719298<x137>[B] (+1) +0.587719298<x138>[B] (+1) -0.587719298<x139>[B] (+0) -0.587719298<x140>[B] (+1) -0.587719298<x141>[B] (+1) -0.587719298<x142>[B] (+1) -0.587719298<x143>[B] (+1) -0.587719298<x144>[B] (+1) -0.587719298<x145>[B] (+0) -0.587719298<x146>[B] (+0) -0.587719298<x147>[B] (+1) -0.587719298<x148>[B] (+1) -0.587719298<x149>[B] (+1) -0.587719298<x150>[B] (+0) +0.587719298<x151>[B] (+0) -0.587719298<x152>[B] (+0) -0.587719298<x153>[B] (+1) -0.587719298<x154>[B] (+1) -0.587719298<x155>[B] (+1) -0.587719298<x156>[B] (+0) -0.587719298<x157>[B] (+0) -0.587719298<x158>[B] (+1) -0.587719298<x159>[B] (+1) -0.587719298<x160>[B] (+1) -0.587719298<x161>[B] (+1) -0.587719298<x162>[B] (+1) +0.587719298<x163>[B] (+1) -0.587719298<x164>[B] (+1) +0.587719298<x165>[B] (+1) +0.587719298<x166>[B] (+1) +0.587719298<x167>[B] (+1) +0.587719298<x168>[B] (+0) -0.587719298<x169>[B] (+1) -0.587719298<x170>[B] (+0) +0.587719298<x171>[B] (+0) >= 33.3538011695906;
;
violation: left hand side is violated by 0.0175438596491162
  [linear] <c2000>: <x177>[C] (+23.1432749) +0.511695906<x1>[B] (+0) +0.511695906<x2>[B] (+0) +0.511695906<x3>[B] (+1) +0.511695906<x4>[B] (+0) +0.511695906<x5>[B] (+0) +0.511695906<x6>[B] (+0) +0.511695906<x7>[B] (+0) +0.511695906<x8>[B] (+0) +0.511695906<x9>[B] (+0) +0.511695906<x10>[B] (+0) +0.511695906<x11>[B] (+0) +0.511695906<x12>[B] (+0) +0.511695906<x13>[B] (+0) +0.511695906<x14>[B] (+1) -0.511695906<x15>[B] (+0) +0.511695906<x16>[B] (+0) -0.511695906<x17>[B] (+0) +0.511695906<x18>[B] (+0) +0.511695906<x19>[B] (+0) +0.511695906<x20>[B] (+1) -0.511695906<x21>[B] (+1) +0.511695906<x22>[B] (+1) -0.511695906<x23>[B] (+0) +0.511695906<x24>[B] (+0) +0.511695906<x25>[B] (+0) -0.511695906<x26>[B] (+1) +0.511695906<x27>[B] (+1) +0.511695906<x28>[B] (+1) -0.511695906<x29>[B] (+1) -0.511695906<x30>[B] (+1) +0.511695906<x31>[B] (+1) -0.511695906<x32>[B] (+1) +0.511695906<x33>[B] (+0) -0.511695906<x34>[B] (+0) -0.511695906<x35>[B] (+1) +0.511695906<x36>[B] (+1) -0.511695906<x37>[B] (+1) -0.511695906<x38>[B] (+1) -0.511695906<x39>[B] (+0) -0.511695906<x40>[B] (+1) +0.511695906<x41>[B] (+1) -0.511695906<x42>[B] (+1) -0.511695906<x43>[B] (+1) -0.511695906<x44>[B] (+1) -0.511695906<x45>[B] (+1) -0.511695906<x46>[B] (+1) +0.511695906<x47>[B] (+1) -0.511695906<x48>[B] (+1) -0.511695906<x49>[B] (+0) -0.511695906<x50>[B] (+0) -0.511695906<x51>[B] (+1) -0.511695906<x52>[B] (+0) -0.511695906<x53>[B] (+0) -0.511695906<x54>[B] (+0) -0.511695906<x55>[B] (+0) +0.511695906<x56>[B] (+0) -0.511695906<x57>[B] (+0) -0.511695906<x58>[B] (+0) -0.511695906<x59>[B] (+0) -0.511695906<x60>[B] (+0) -0.511695906<x61>[B] (+0) +0.511695906<x62>[B] (+1) -0.511695906<x63>[B] (+0) -0.511695906<x64>[B] (+0) -0.511695906<x65>[B] (+0) -0.511695906<x66>[B] (+0) +0.511695906<x67>[B] (+1) +0.511695906<x68>[B] (+0) +0.511695906<x69>[B] (+0) +0.511695906<x70>[B] (+0) -0.511695906<x71>[B] (+1) +0.511695906<x72>[B] (+1) +0.511695906<x73>[B] (+1) +0.511695906<x74>[B] (+1) +0.511695906<x75>[B] (+1) +0.511695906<x76>[B] (+1) -0.511695906<x77>[B] (+1) +0.511695906<x78>[B] (+0) -0.511695906<x79>[B] (+0) -0.511695906<x80>[B] (+1) -0.511695906<x81>[B] (+0) +0.511695906<x82>[B] (+0) +0.511695906<x83>[B] (+0) -0.511695906<x84>[B] (+1) -0.511695906<x85>[B] (+1) +0.511695906<x86>[B] (+1) -0.511695906<x87>[B] (+1) -0.511695906<x88>[B] (+1) +0.511695906<x89>[B] (+1) -0.511695906<x90>[B] (+1) +0.511695906<x91>[B] (+0) -0.511695906<x92>[B] (+0) -0.511695906<x93>[B] (+1) +0.511695906<x94>[B] (+1) +0.511695906<x95>[B] (+1) -0.511695906<x96>[B] (+1) +0.511695906<x97>[B] (+1) +0.511695906<x98>[B] (+1) +0.511695906<x99>[B] (+1) +0.511695906<x100>[B] (+1) +0.511695906<x101>[B] (+1) -0.511695906<x102>[B] (+1) +0.511695906<x103>[B] (+0) -0.511695906<x104>[B] (+0) -0.511695906<x105>[B] (+1) +0.511695906<x106>[B] (+1) -0.511695906<x107>[B] (+1) -0.511695906<x108>[B] (+1) -0.511695906<x109>[B] (+1) -0.511695906<x110>[B] (+1) -0.511695906<x111>[B] (+1) +0.511695906<x112>[B] (+1) -0.511695906<x113>[B] (+1) +0.511695906<x114>[B] (+0) -0.511695906<x115>[B] (+0) -0.511695906<x116>[B] (+1) -0.511695906<x117>[B] (+1) -0.511695906<x118>[B] (+1) -0.511695906<x119>[B] (+1) -0.511695906<x120>[B] (+1) -0.511695906<x121>[B] (+1) -0.511695906<x122>[B] (+1) -0.511695906<x123>[B] (+1) -0.511695906<x124>[B] (+0) -0.511695906<x125>[B] (+0) -0.511695906<x126>[B] (+1) +0.511695906<x127>[B] (+1) +0.511695906<x128>[B] (+1) +0.511695906<x129>[B] (+0) +0.511695906<x130>[B] (+0) +0.511695906<x131>[B] (+1) -0.511695906<x132>[B] (+1) +0.511695906<x133>[B] (+0) -0.511695906<x134>[B] (+0) +0.511695906<x135>[B] (+1) +0.511695906<x136>[B] (+1) -0.511695906<x137>[B] (+0) -0.511695906<x138>[B] (+0) +0.511695906<x139>[B] (+1) -0.511695906<x140>[B] (+1) +0.511695906<x141>[B] (+0) -0.511695906<x142>[B] (+0) -0.511695906<x143>[B] (+1) -0.511695906<x144>[B] (+0) -0.511695906<x145>[B] (+0) +0.511695906<x146>[B] (+1) -0.511695906<x147>[B] (+1) +0.511695906<x148>[B] (+0) -0.511695906<x149>[B] (+0) -0.511695906<x150>[B] (+1) +0.511695906<x151>[B] (+1) +0.511695906<x152>[B] (+1) -0.511695906<x153>[B] (+1) +0.511695906<x154>[B] (+0) -0.511695906<x155>[B] (+0) -0.511695906<x156>[B] (+1) +0.511695906<x157>[B] (+1) -0.511695906<x158>[B] (+1) +0.511695906<x159>[B] (+0) -0.511695906<x160>[B] (+0) -0.511695906<x161>[B] (+1) -0.511695906<x162>[B] (+0) -0.511695906<x163>[B] (+0) -0.511695906<x164>[B] (+0) -0.511695906<x165>[B] (+0) +0.511695906<x166>[B] (+0) -0.511695906<x167>[B] (+0) +0.511695906<x168>[B] (+1) -0.511695906<x169>[B] (+0) -0.511695906<x170>[B] (+1) +0.511695906<x171>[B] (+1) >= 16.5029239766082;
;
violation: left hand side is violated by 0.0116959064327382
2/4 feasible solutions given by solution candidate storage, new primal bound -2.999990e+06

presolving:
   (0.0s) symmetry computation started: requiring (bin +, int +, cont +), (fixed: bin -, int -, cont -)
   (0.0s) no symmetry present (symcode time: 0.00)
presolving (0 rounds: 0 fast, 0 medium, 0 exhaustive):
 0 deleted vars, 0 deleted constraints, 0 added constraints, 0 tightened bounds, 0 added holes, 0 changed sides, 0 changed coefficients
 0 implications, 0 cliques, 0 implied integral variables (0 bin, 0 int, 0 cont)
presolved problem has 201 variables (171 bin, 0 int, 30 cont) and 2020 constraints
   2020 constraints of type <linear>
Presolving Time: 0.01
transformed 2/2 original solutions to the transformed problem space

 time | node  | left  |LP iter|LP it/n|mem/heur|mdpt |vars |cons |rows |cuts |sepa|confs|strbr|  dualbound   | primalbound  |  gap   | compl. 
p 0.0s|     1 |     0 |    14 |     - |   locks|   0 | 201 |2020 |2020 |   0 |  0 |   0 |   0 | 3.640000e+02 |-7.623860e+02 |    Inf | unknown
  0.0s|     1 |     0 |   332 |     - |    16M |   0 | 201 |2020 |2020 |   0 |  0 |   0 |   0 |-4.910049e+02 |-7.623860e+02 |  55.27%| unknown
r 0.0s|     1 |     0 |   332 |     - |shifting|   0 | 201 |2020 |2020 |   0 |  0 |   0 |   0 |-4.910049e+02 |-5.075838e+02 |   3.38%| unknown
  0.1s|     1 |     0 |   338 |     - |    17M |   0 | 201 |2020 |2021 |   1 |  1 |   0 |   0 |-4.910560e+02 |-5.075838e+02 |   3.37%| unknown
  0.1s|     1 |     0 |   338 |     - |    17M |   0 | 201 |2020 |2021 |   1 |  1 |   0 |   0 |-4.910560e+02 |-5.075838e+02 |   3.37%| unknown
  0.1s|     1 |     0 |   346 |     - |    17M |   0 | 201 |2020 |2022 |   2 |  2 |   0 |   0 |-4.911072e+02 |-5.075838e+02 |   3.35%| unknown
  0.1s|     1 |     0 |   355 |     - |    17M |   0 | 201 |2020 |2023 |   3 |  3 |   0 |   0 |-4.911579e+02 |-5.075838e+02 |   3.34%| unknown
  0.1s|     1 |     0 |   377 |     - |    17M |   0 | 201 |2020 |2024 |   4 |  4 |   0 |   0 |-4.912539e+02 |-5.075838e+02 |   3.32%| unknown
  0.2s|     1 |     0 |   393 |     - |    18M |   0 | 201 |2020 |2025 |   5 |  5 |   0 |   0 |-4.913040e+02 |-5.075838e+02 |   3.31%| unknown
  0.2s|     1 |     0 |   421 |     - |    18M |   0 | 201 |2020 |2026 |   6 |  6 |   0 |   0 |-4.913620e+02 |-5.075838e+02 |   3.30%| unknown
  0.2s|     1 |     0 |   440 |     - |    18M |   0 | 201 |2020 |2027 |   7 |  7 |   0 |   0 |-4.914153e+02 |-5.075838e+02 |   3.29%| unknown
  0.3s|     1 |     0 |   463 |     - |    18M |   0 | 201 |2020 |2028 |   8 |  8 |   0 |   0 |-4.914615e+02 |-5.075838e+02 |   3.28%| unknown
  0.3s|     1 |     0 |   473 |     - |    19M |   0 | 201 |2020 |2031 |  11 |  9 |   0 |   0 |-4.914772e+02 |-5.075838e+02 |   3.28%| unknown
  0.3s|     1 |     0 |   478 |     - |    19M |   0 | 201 |2020 |2032 |  12 | 10 |   0 |   0 |-4.914833e+02 |-5.075838e+02 |   3.28%| unknown
  0.4s|     1 |     0 |   492 |     - |    19M |   0 | 201 |2020 |2034 |  14 | 11 |   0 |   0 |-4.914903e+02 |-5.075838e+02 |   3.27%| unknown
 time | node  | left  |LP iter|LP it/n|mem/heur|mdpt |vars |cons |rows |cuts |sepa|confs|strbr|  dualbound   | primalbound  |  gap   | compl. 
  0.4s|     1 |     0 |   504 |     - |    19M |   0 | 201 |2020 |2037 |  17 | 12 |   0 |   0 |-4.915011e+02 |-5.075838e+02 |   3.27%| unknown
r 0.4s|     1 |     0 |   554 |     - |intshift|   0 | 201 |2020 |2037 |  17 | 13 |   0 |   0 |-4.915011e+02 |-4.985906e+02 |   1.44%| unknown
d 0.4s|     1 |     0 |   680 |     - |farkasdi|   0 | 201 |2020 |2037 |   0 | 13 |   0 |   0 |-4.915011e+02 |-4.933041e+02 |   0.37%| unknown
L 0.4s|     1 |     0 |   680 |     - |    rens|   0 | 201 |2020 |2037 |  17 | 13 |   0 |   0 |-4.915011e+02 |-4.915263e+02 |   0.01%| unknown
  0.4s|     1 |     0 |   680 |     - |    20M |   0 | 201 |2020 |2037 |  17 | 13 |   0 |   0 |-4.915011e+02 |-4.915263e+02 |   0.01%| unknown
  0.4s|     1 |     0 |   694 |     - |    20M |   0 | 201 |2020 | 383 |  17 | 13 |   0 |   0 |-4.915082e+02 |-4.915263e+02 |   0.00%| unknown
  0.4s|     1 |     0 |   694 |     - |    20M |   0 | 201 |2020 | 353 |  17 | 13 |   0 |   0 |-4.915082e+02 |-4.915263e+02 |   0.00%| unknown
  0.4s|     1 |     0 |   709 |     - |    20M |   0 | 201 |2020 | 356 |  20 | 14 |   0 |   0 |-4.915117e+02 |-4.915263e+02 |   0.00%| unknown
  0.4s|     1 |     0 |   709 |     - |    20M |   0 | 201 |2020 | 340 |  20 | 14 |   0 |   0 |-4.915117e+02 |-4.915263e+02 |   0.00%| unknown
  0.4s|     1 |     0 |   709 |     - |    20M |   0 | 201 | 143 | 340 |  20 | 15 |   0 |   0 |-4.915117e+02 |-4.915263e+02 |   0.00%| unknown
(run 1, node 1) restarting after 148 global fixings of integer variables

(restart) converted 20 cuts from the global cut pool into linear constraints

presolving:
presolving (0 rounds: 0 fast, 0 medium, 0 exhaustive):
 0 deleted vars, 0 deleted constraints, 0 added constraints, 0 tightened bounds, 0 added holes, 0 changed sides, 0 changed coefficients
 0 implications, 0 cliques, 0 implied integral variables (0 bin, 0 int, 0 cont)
presolved problem has 201 variables (171 bin, 0 int, 30 cont) and 163 constraints
    163 constraints of type <linear>
Presolving Time: 0.01
transformed 16/22 original solutions to the transformed problem space

 time | node  | left  |LP iter|LP it/n|mem/heur|mdpt |vars |cons |rows |cuts |sepa|confs|strbr|  dualbound   | primalbound  |  gap   | compl. 
  0.5s|     1 |     0 |   830 |     - |    20M |   0 | 201 | 163 | 163 |   0 |  0 |   0 |   0 |-4.915117e+02 |-4.915263e+02 |   0.00%| unknown
  0.5s|     1 |     0 |   830 |     - |    20M |   0 | 201 | 163 | 147 |   0 |  0 |   0 |   0 |-4.915117e+02 |-4.915263e+02 |   0.00%| unknown
  0.5s|     1 |     0 |   834 |     - |    20M |   0 | 201 | 163 | 148 |   1 |  1 |   0 |   0 |-4.915202e+02 |-4.915263e+02 |   0.00%| unknown
  0.5s|     1 |     0 |   836 |     - |    20M |   0 | 201 | 163 | 149 |   2 |  2 |   0 |   0 |-4.915214e+02 |-4.915263e+02 |   0.00%| unknown
  0.5s|     1 |     0 |   837 |     - |    20M |   0 | 201 | 163 | 150 |   3 |  3 |   0 |   0 |-4.915263e+02 |-4.915263e+02 |   0.00%| unknown
  0.5s|     1 |     0 |   837 |     - |    20M |   0 | 201 | 163 | 150 |   3 |  3 |   0 |   0 |-4.915263e+02 |-4.915263e+02 |   0.00%| unknown

SCIP Status        : problem is solved [optimal solution found]
Solving Time (sec) : 0.49
Solving Nodes      : 1 (total of 2 nodes in 2 runs)
Primal Bound       : -4.91526315789474e+02 (25 solutions)
Dual Bound         : -4.91526315789474e+02
Gap                : 0.00 %
