Loading instance...
Median ranking: [17, 3, 14, 18, 7, 13, 6, 2, 5, 9, 4, 8, 15, 12, 16, 19, 1, 11, 10]
Mean ranking: [3, 14, 17, 18, 7, 5, 13, 6, 9, 4, 8, 15, 2, 12, 16, 19, 1, 10, 11]
Actual error: 0.0014953932241001944
Weighted Kendall distance: 123.0
Normalized distance: 0.05394736842105263
 0 chg sides, 0 chg coeffs, 0 upgd conss, 0 impls, 0 clqs, 0 implints
   (0.0s) symmetry computation started: requiring (bin +, int +, cont +), (fixed: bin -, int -, cont -)
   (0.0s) no symmetry present (symcode time: 0.00)
presolving (2 rounds: 2 fast, 2 medium, 1 exhaustive):
 0 deleted vars, 1938 deleted constraints, 969 added constraints, 0 tightened bounds, 0 added holes, 0 changed sides, 0 changed coefficients
 0 implications, 0 cliques, 0 implied integral variables (0 bin, 0 int, 0 cont)
presolved problem has 171 variables (0 bin, 0 int, 171 cont) and 969 constraints
    969 constraints of type <linear>
Presolving Time: 0.01
transformed 3/3 original solutions to the transformed problem space

 time | node  | left  |LP iter|LP it/n|mem/heur|mdpt |vars |cons |rows |cuts |sepa|confs|strbr|  dualbound   | primalbound  |  gap   | compl. 
* 0.0s|     1 |     0 |    24 |     - |    LP  |   0 | 171 | 969 | 969 |   0 |  0 |   0 |   0 | 2.240000e+02 | 2.240000e+02 |   0.00%| unknown
  0.0s|     1 |     0 |    24 |     - |  6284k |   0 | 171 | 969 | 969 |   0 |  0 |   0 |   0 | 2.240000e+02 | 2.240000e+02 |   0.00%| unknown

SCIP Status        : problem is solved [optimal solution found]
Solving Time (sec) : 0.02
Solving Nodes      : 1
Primal Bound       : +2.24000000000000e+02 (4 solutions)
Dual Bound         : +2.24000000000000e+02
Gap                : 0.00 %
feasible solution found by trivial heuristic after 0.0 seconds, objective value 5.400000e+01
presolving:
   (0.0s) running MILP presolver
   (0.0s) MILP presolver (2 rounds): 0 aggregations, 0 fixings, 0 bound changes
(round 1, medium)     0 del vars, 1938 del conss, 969 add conss, 0 chg bounds, 0 chg sides, 0 chg coeffs, 0 upgd conss, 0 impls, 0 clqs, 0 implints
   (0.0s) probing: 51/171 (29.8%) - 0 fixings, 0 aggregations, 0 implications, 0 bound changes
   (0.0s) probing aborted: 50/50 successive totally useless probings
   (0.0s) symmetry computation started: requiring (bin +, int +, cont +), (fixed: bin -, int -, cont -)
   (0.0s) no symmetry present (symcode time: 0.00)
presolving (2 rounds: 2 fast, 2 medium, 1 exhaustive):
 0 deleted vars, 1938 deleted constraints, 969 added constraints, 0 tightened bounds, 0 added holes, 0 changed sides, 0 changed coefficients
 0 implications, 0 cliques, 0 implied integral variables (0 bin, 0 int, 0 cont)
presolved problem has 171 variables (171 bin, 0 int, 0 cont) and 969 constraints
    969 constraints of type <linear>
transformed objective value is always integral (scale: 2)
Presolving Time: 0.01
transformed 2/2 original solutions to the transformed problem space

 time | node  | left  |LP iter|LP it/n|mem/heur|mdpt |vars |cons |rows |cuts |sepa|confs|strbr|  dualbound   | primalbound  |  gap   | compl. 
p 0.0s|     1 |     0 |     0 |     - |   locks|   0 | 171 | 969 | 969 |   0 |  0 |   0 |   0 | 2.320000e+02 | 1.600000e+02 |  45.00%| unknown
i 0.0s|     1 |     0 |     0 |     - |  oneopt|   0 | 171 | 969 | 969 |   0 |  0 |   0 |   0 | 2.320000e+02 | 1.760000e+02 |  31.82%| unknown
* 0.0s|     1 |     0 |    19 |     - |    LP  |   0 | 171 | 969 | 969 |   0 |  0 |   0 |   0 | 2.240000e+02 | 2.240000e+02 |   0.00%| unknown
  0.0s|     1 |     0 |    19 |     - |  6448k |   0 | 171 | 969 | 969 |   0 |  0 |   0 |   0 | 2.240000e+02 | 2.240000e+02 |   0.00%| unknown

SCIP Status        : problem is solved [optimal solution found]
Solving Time (sec) : 0.02
Solving Nodes      : 1
Primal Bound       : +2.24000000000000e+02 (5 solutions)
Dual Bound         : +2.24000000000000e+02
Gap                : 0.00 %
feasible solution found by trivial heuristic after 0.0 seconds, objective value -9.999460e+05
presolving:
(round 1, fast)       0 del vars, 0 del conss, 0 add conss, 20 chg bounds, 0 chg sides, 0 chg coeffs, 0 upgd conss, 0 impls, 0 clqs, 0 implints
   (0.3s) running MILP presolver
   (0.3s) MILP presolver (2 rounds): 0 aggregations, 0 fixings, 0 bound changes
(round 2, medium)     0 del vars, 3648 del conss, 2679 add conss, 20 chg bounds, 0 chg sides, 0 chg coeffs, 0 upgd conss, 0 impls, 0 clqs, 0 implints
   (0.5s) symmetry computation started: requiring (bin +, int +, cont +), (fixed: bin -, int -, cont -)
   (0.6s) no symmetry present (symcode time: 0.01)
presolving (3 rounds: 3 fast, 2 medium, 1 exhaustive):
 0 deleted vars, 3648 deleted constraints, 2679 added constraints, 20 tightened bounds, 0 added holes, 0 changed sides, 0 changed coefficients
 0 implications, 0 cliques, 0 implied integral variables (0 bin, 0 int, 0 cont)
presolved problem has 181 variables (0 bin, 0 int, 181 cont) and 2679 constraints
   2679 constraints of type <linear>
Presolving Time: 0.56

 time | node  | left  |LP iter|LP it/n|mem/heur|mdpt |vars |cons |rows |cuts |sepa|confs|strbr|  dualbound   | primalbound  |  gap   | compl. 
t 0.6s|     1 |     0 |     0 |     - | trivial|   0 | 181 |2679 |   0 |   0 |  0 |   0 |   0 | 2.320000e+02 |-8.010000e+02 |    Inf | unknown
* 0.7s|     1 |     0 |   206 |     - |    LP  |   0 | 181 |2679 |2679 |   0 |  0 |   0 |   0 |-1.006199e+02 |-1.006199e+02 |   0.00%| unknown
  0.7s|     1 |     0 |   206 |     - |   197M |   0 | 181 |2679 |2679 |   0 |  0 |   0 |   0 |-1.006199e+02 |-1.006199e+02 |   0.00%| unknown

SCIP Status        : problem is solved [optimal solution found]
Solving Time (sec) : 0.68
Solving Nodes      : 1
Primal Bound       : -1.00619883040936e+02 (3 solutions)
Dual Bound         : -1.00619883040936e+02
Gap                : 0.00 %
feasible solution found by trivial heuristic after 0.0 seconds, objective value -9.999460e+05
presolving:
(round 1, fast)       0 del vars, 0 del conss, 0 add conss, 20 chg bounds, 0 chg sides, 0 chg coeffs, 0 upgd conss, 0 impls, 0 clqs, 0 implints
   (0.2s) running MILP presolver
   (0.2s) MILP presolver (2 rounds): 0 aggregations, 0 fixings, 0 bound changes
(round 2, medium)     0 del vars, 3648 del conss, 2679 add conss, 20 chg bounds, 0 chg sides, 0 chg coeffs, 0 upgd conss, 0 impls, 0 clqs, 0 implints
   (0.5s) probing: 51/171 (29.8%) - 0 fixings, 0 aggregations, 0 implications, 0 bound changes
   (0.5s) probing aborted: 50/50 successive totally useless probings
   (0.5s) symmetry computation started: requiring (bin +, int +, cont +), (fixed: bin -, int -, cont -)
   (0.6s) no symmetry present (symcode time: 0.01)
presolving (3 rounds: 3 fast, 2 medium, 1 exhaustive):
 0 deleted vars, 3648 deleted constraints, 2679 added constraints, 20 tightened bounds, 0 added holes, 0 changed sides, 0 changed coefficients
 0 implications, 0 cliques, 0 implied integral variables (0 bin, 0 int, 0 cont)
presolved problem has 181 variables (171 bin, 0 int, 10 cont) and 2679 constraints
   2679 constraints of type <linear>
Presolving Time: 0.56

 time | node  | left  |LP iter|LP it/n|mem/heur|mdpt |vars |cons |rows |cuts |sepa|confs|strbr|  dualbound   | primalbound  |  gap   | compl. 
t 0.6s|     1 |     0 |     0 |     - | trivial|   0 | 181 |2679 |   0 |   0 |  0 |   0 |   0 | 2.320000e+02 |-8.010000e+02 |    Inf | unknown
p 0.7s|     1 |     0 |     9 |     - |   locks|   0 | 181 |2679 |2679 |   0 |  0 |   0 |   0 | 2.320000e+02 |-2.900585e+02 |    Inf | unknown
  0.8s|     1 |     0 |   215 |     - |   197M |   0 | 181 |2679 |2679 |   0 |  0 |   0 |   0 |-1.006199e+02 |-2.900585e+02 | 188.27%| unknown
r 0.8s|     1 |     0 |   215 |     - |shifting|   0 | 181 |2679 |2679 |   0 |  0 |   0 |   0 |-1.006199e+02 |-1.037047e+02 |   3.07%| unknown
  0.8s|     1 |     0 |   217 |     - |   198M |   0 | 181 |2679 |2680 |   1 |  1 |   0 |   0 |-1.006199e+02 |-1.037047e+02 |   3.07%| unknown
d 0.8s|     1 |     0 |   217 |     - |farkasdi|   0 | 181 |2679 |2680 |   0 |  2 |   0 |   0 |-1.006199e+02 |-1.006199e+02 |   0.00%| unknown
  0.8s|     1 |     0 |   217 |     - |   198M |   0 | 181 |2679 |2680 |   1 |  2 |   0 |   0 |-1.006199e+02 |-1.006199e+02 |   0.00%| unknown

SCIP Status        : problem is solved [optimal solution found]
Solving Time (sec) : 0.78
Solving Nodes      : 1
Primal Bound       : -1.00619883040936e+02 (5 solutions)
Dual Bound         : -1.00619883040936e+02
Gap                : 0.00 %
feasible solution found by trivial heuristic after 0.0 seconds, objective value 0.000000e+00
presolving:
   (0.0s) symmetry computation started: requiring (bin +, int +, cont +), (fixed: bin -, int -, cont -)
   (0.0s) symmetry computation finished: 9 generators found (max: 1500, log10 of symmetry group size: 6.56) (symcode time: 0.00)
dynamic symmetry handling statistics:
   orbitopal reduction:       no components
   orbital reduction:         no components
   lexicographic reduction:   no permutations
handled 1 out of 1 symmetry components
presolving (0 rounds: 0 fast, 0 medium, 0 exhaustive):
 0 deleted vars, 0 deleted constraints, 0 added constraints, 0 tightened bounds, 0 added holes, 0 changed sides, 0 changed coefficients
 0 implications, 0 cliques, 0 implied integral variables (0 bin, 0 int, 0 cont)
presolved problem has 181 variables (171 bin, 0 int, 10 cont) and 1947 constraints
   1947 constraints of type <linear>
Presolving Time: 0.00
transformed 2/2 original solutions to the transformed problem space

 time | node  | left  |LP iter|LP it/n|mem/heur|mdpt |vars |cons |rows |cuts |sepa|confs|strbr|  dualbound   | primalbound  |  gap   | compl. 
t 0.0s|     1 |     0 |     0 |     - | trivial|   0 | 181 |1938 |   0 |   0 |  0 |   0 |   0 | 2.320000e+02 | 5.400000e+01 | 329.63%| unknown
i 0.0s|     1 |     0 |     0 |     - |  oneopt|   0 | 181 |1938 |1938 |   0 |  0 |   0 |   0 | 2.320000e+02 | 1.360000e+02 |  70.59%| unknown
* 0.0s|     1 |     0 |    19 |     - |    LP  |   0 | 181 |1938 |1938 |   0 |  0 |   0 |   0 | 2.240000e+02 | 2.240000e+02 |   0.00%| unknown
  0.0s|     1 |     0 |    19 |     - |  8663k |   0 | 181 |1938 |1938 |   0 |  0 |   0 |   0 | 2.240000e+02 | 2.240000e+02 |   0.00%| unknown

SCIP Status        : problem is solved [optimal solution found]
Solving Time (sec) : 0.01
Solving Nodes      : 1
Primal Bound       : +2.24000000000000e+02 (5 solutions)
Dual Bound         : +2.24000000000000e+02
Gap                : 0.00 %
  [linear] <c1939>: <x172>[C] (+0) -0.546783626<x1>[B] (+0) -0.546783626<x2>[B] (+0) +0.546783626<x3>[B] (+0) +0.546783626<x4>[B] (+0) +0.546783626<x5>[B] (+0) +0.546783626<x6>[B] (+0) +0.546783626<x7>[B] (+0) +0.546783626<x8>[B] (+0) -0.546783626<x9>[B] (+1) -0.546783626<x10>[B] (+1) +0.546783626<x11>[B] (+0) -0.546783626<x12>[B] (+0) -0.546783626<x13>[B] (+0) +0.546783626<x14>[B] (+0) -0.546783626<x15>[B] (+0) -0.546783626<x16>[B] (+0) +0.546783626<x17>[B] (+0) -0.546783626<x18>[B] (+0) +0.546783626<x19>[B] (+0) +0.546783626<x20>[B] (+1) +0.546783626<x21>[B] (+1) +0.546783626<x22>[B] (+0) +0.546783626<x23>[B] (+0) +0.546783626<x24>[B] (+1) +0.546783626<x25>[B] (+1) -0.546783626<x26>[B] (+1) -0.546783626<x27>[B] (+1) +0.546783626<x28>[B] (+1) -0.546783626<x29>[B] (+0) -0.546783626<x30>[B] (+0) +0.546783626<x31>[B] (+1) +0.546783626<x32>[B] (+1) -0.546783626<x33>[B] (+0) +0.546783626<x34>[B] (+0) +0.546783626<x35>[B] (+1) +0.546783626<x36>[B] (+1) +0.546783626<x37>[B] (+1) +0.546783626<x38>[B] (+1) +0.546783626<x39>[B] (+1) +0.546783626<x40>[B] (+1) +0.546783626<x41>[B] (+1) -0.546783626<x42>[B] (+1) -0.546783626<x43>[B] (+1) +0.546783626<x44>[B] (+1) -0.546783626<x45>[B] (+1) -0.546783626<x46>[B] (+1) +0.546783626<x47>[B] (+1) +0.546783626<x48>[B] (+1) -0.546783626<x49>[B] (+0) +0.546783626<x50>[B] (+1) -0.546783626<x51>[B] (+1) -0.546783626<x52>[B] (+0) -0.546783626<x53>[B] (+0) -0.546783626<x54>[B] (+0) -0.546783626<x55>[B] (+1) +0.546783626<x56>[B] (+0) -0.546783626<x57>[B] (+1) -0.546783626<x58>[B] (+1) -0.546783626<x59>[B] (+1) -0.546783626<x60>[B] (+0) -0.546783626<x61>[B] (+0) +0.546783626<x62>[B] (+1) -0.546783626<x63>[B] (+1) -0.546783626<x64>[B] (+0) +0.546783626<x65>[B] (+0) -0.546783626<x66>[B] (+1) -0.546783626<x67>[B] (+0) +0.546783626<x68>[B] (+0) -0.546783626<x69>[B] (+1) +0.546783626<x70>[B] (+1) -0.546783626<x71>[B] (+1) -0.546783626<x72>[B] (+1) -0.546783626<x73>[B] (+1) -0.546783626<x74>[B] (+0) -0.546783626<x75>[B] (+0) +0.546783626<x76>[B] (+1) -0.546783626<x77>[B] (+1) -0.546783626<x78>[B] (+0) +0.546783626<x79>[B] (+0) -0.546783626<x80>[B] (+1) +0.546783626<x81>[B] (+0) +0.546783626<x82>[B] (+1) +0.546783626<x83>[B] (+1) -0.546783626<x84>[B] (+1) -0.546783626<x85>[B] (+1) -0.546783626<x86>[B] (+1) -0.546783626<x87>[B] (+0) -0.546783626<x88>[B] (+0) +0.546783626<x89>[B] (+1) -0.546783626<x90>[B] (+1) -0.546783626<x91>[B] (+0) +0.546783626<x92>[B] (+0) -0.546783626<x93>[B] (+1) -0.546783626<x94>[B] (+1) +0.546783626<x95>[B] (+1) -0.546783626<x96>[B] (+1) -0.546783626<x97>[B] (+1) -0.546783626<x98>[B] (+1) -0.546783626<x99>[B] (+1) -0.546783626<x100>[B] (+0) +0.546783626<x101>[B] (+1) -0.546783626<x102>[B] (+1) -0.546783626<x103>[B] (+0) +0.546783626<x104>[B] (+0) -0.546783626<x105>[B] (+1) +0.546783626<x106>[B] (+0) -0.546783626<x107>[B] (+1) -0.546783626<x108>[B] (+1) -0.546783626<x109>[B] (+1) -0.546783626<x110>[B] (+0) -0.546783626<x111>[B] (+0) +0.546783626<x112>[B] (+1) -0.546783626<x113>[B] (+1) -0.546783626<x114>[B] (+0) +0.546783626<x115>[B] (+0) -0.546783626<x116>[B] (+1) -0.546783626<x117>[B] (+1) -0.546783626<x118>[B] (+1) -0.546783626<x119>[B] (+1) -0.546783626<x120>[B] (+0) -0.546783626<x121>[B] (+0) -0.546783626<x122>[B] (+1) -0.546783626<x123>[B] (+1) -0.546783626<x124>[B] (+0) -0.546783626<x125>[B] (+0) -0.546783626<x126>[B] (+1) +0.546783626<x127>[B] (+0) +0.546783626<x128>[B] (+0) +0.546783626<x129>[B] (+0) +0.546783626<x130>[B] (+0) +0.546783626<x131>[B] (+0) +0.546783626<x132>[B] (+0) +0.546783626<x133>[B] (+0) +0.546783626<x134>[B] (+0) +0.546783626<x135>[B] (+0) +0.546783626<x136>[B] (+0) -0.546783626<x137>[B] (+0) +0.546783626<x138>[B] (+0) +0.546783626<x139>[B] (+0) +0.546783626<x140>[B] (+0) +0.546783626<x141>[B] (+0) +0.546783626<x142>[B] (+0) +0.546783626<x143>[B] (+0) -0.546783626<x144>[B] (+0) -0.546783626<x145>[B] (+0) +0.546783626<x146>[B] (+0) -0.546783626<x147>[B] (+1) -0.546783626<x148>[B] (+0) +0.546783626<x149>[B] (+0) -0.546783626<x150>[B] (+1) +0.546783626<x151>[B] (+0) +0.546783626<x152>[B] (+1) +0.546783626<x153>[B] (+1) +0.546783626<x154>[B] (+0) +0.546783626<x155>[B] (+0) +0.546783626<x156>[B] (+1) +0.546783626<x157>[B] (+1) +0.546783626<x158>[B] (+1) -0.546783626<x159>[B] (+0) +0.546783626<x160>[B] (+1) +0.546783626<x161>[B] (+1) -0.546783626<x162>[B] (+1) -0.546783626<x163>[B] (+0) -0.546783626<x164>[B] (+0) -0.546783626<x165>[B] (+1) -0.546783626<x166>[B] (+0) +0.546783626<x167>[B] (+0) -0.546783626<x168>[B] (+1) +0.546783626<x169>[B] (+1) +0.546783626<x170>[B] (+1) -0.546783626<x171>[B] (+1) >= 18.1812865497076;
;
violation: left hand side is violated by 25.8362573099415
  [linear] <c1939>: <x172>[C] (+0) -0.546783626<x1>[B] (+0) -0.546783626<x2>[B] (+0) +0.546783626<x3>[B] (+0) +0.546783626<x4>[B] (+1) +0.546783626<x5>[B] (+1) +0.546783626<x6>[B] (+0) +0.546783626<x7>[B] (+1) +0.546783626<x8>[B] (+1) -0.546783626<x9>[B] (+1) -0.546783626<x10>[B] (+1) +0.546783626<x11>[B] (+1) -0.546783626<x12>[B] (+1) -0.546783626<x13>[B] (+0) +0.546783626<x14>[B] (+1) -0.546783626<x15>[B] (+1) -0.546783626<x16>[B] (+1) +0.546783626<x17>[B] (+1) -0.546783626<x18>[B] (+1) +0.546783626<x19>[B] (+0) +0.546783626<x20>[B] (+1) +0.546783626<x21>[B] (+1) +0.546783626<x22>[B] (+1) +0.546783626<x23>[B] (+1) +0.546783626<x24>[B] (+1) +0.546783626<x25>[B] (+1) -0.546783626<x26>[B] (+1) -0.546783626<x27>[B] (+1) +0.546783626<x28>[B] (+1) -0.546783626<x29>[B] (+1) -0.546783626<x30>[B] (+0) +0.546783626<x31>[B] (+1) +0.546783626<x32>[B] (+1) -0.546783626<x33>[B] (+1) +0.546783626<x34>[B] (+1) +0.546783626<x35>[B] (+1) +0.546783626<x36>[B] (+1) +0.546783626<x37>[B] (+1) +0.546783626<x38>[B] (+1) +0.546783626<x39>[B] (+1) +0.546783626<x40>[B] (+1) +0.546783626<x41>[B] (+1) -0.546783626<x42>[B] (+1) -0.546783626<x43>[B] (+1) +0.546783626<x44>[B] (+1) -0.546783626<x45>[B] (+1) -0.546783626<x46>[B] (+1) +0.546783626<x47>[B] (+1) +0.546783626<x48>[B] (+1) -0.546783626<x49>[B] (+1) +0.546783626<x50>[B] (+1) -0.546783626<x51>[B] (+1) -0.546783626<x52>[B] (+1) -0.546783626<x53>[B] (+1) -0.546783626<x54>[B] (+1) -0.546783626<x55>[B] (+1) +0.546783626<x56>[B] (+1) -0.546783626<x57>[B] (+1) -0.546783626<x58>[B] (+1) -0.546783626<x59>[B] (+1) -0.546783626<x60>[B] (+1) -0.546783626<x61>[B] (+0) +0.546783626<x62>[B] (+1) -0.546783626<x63>[B] (+1) -0.546783626<x64>[B] (+1) +0.546783626<x65>[B] (+1) -0.546783626<x66>[B] (+1) -0.546783626<x67>[B] (+1) +0.546783626<x68>[B] (+0) -0.546783626<x69>[B] (+1) +0.546783626<x70>[B] (+1) -0.546783626<x71>[B] (+1) -0.546783626<x72>[B] (+1) -0.546783626<x73>[B] (+1) -0.546783626<x74>[B] (+1) -0.546783626<x75>[B] (+0) +0.546783626<x76>[B] (+1) -0.546783626<x77>[B] (+1) -0.546783626<x78>[B] (+1) +0.546783626<x79>[B] (+1) -0.546783626<x80>[B] (+1) +0.546783626<x81>[B] (+0) +0.546783626<x82>[B] (+1) +0.546783626<x83>[B] (+1) -0.546783626<x84>[B] (+1) -0.546783626<x85>[B] (+1) -0.546783626<x86>[B] (+1) -0.546783626<x87>[B] (+1) -0.546783626<x88>[B] (+0) +0.546783626<x89>[B] (+1) -0.546783626<x90>[B] (+1) -0.546783626<x91>[B] (+1) +0.546783626<x92>[B] (+1) -0.546783626<x93>[B] (+1) -0.546783626<x94>[B] (+1) +0.546783626<x95>[B] (+1) -0.546783626<x96>[B] (+1) -0.546783626<x97>[B] (+1) -0.546783626<x98>[B] (+1) -0.546783626<x99>[B] (+1) -0.546783626<x100>[B] (+0) +0.546783626<x101>[B] (+1) -0.546783626<x102>[B] (+1) -0.546783626<x103>[B] (+1) +0.546783626<x104>[B] (+1) -0.546783626<x105>[B] (+1) +0.546783626<x106>[B] (+1) -0.546783626<x107>[B] (+1) -0.546783626<x108>[B] (+1) -0.546783626<x109>[B] (+1) -0.546783626<x110>[B] (+1) -0.546783626<x111>[B] (+0) +0.546783626<x112>[B] (+1) -0.546783626<x113>[B] (+1) -0.546783626<x114>[B] (+1) +0.546783626<x115>[B] (+1) -0.546783626<x116>[B] (+1) -0.546783626<x117>[B] (+1) -0.546783626<x118>[B] (+1) -0.546783626<x119>[B] (+1) -0.546783626<x120>[B] (+1) -0.546783626<x121>[B] (+0) -0.546783626<x122>[B] (+1) -0.546783626<x123>[B] (+1) -0.546783626<x124>[B] (+1) -0.546783626<x125>[B] (+1) -0.546783626<x126>[B] (+1) +0.546783626<x127>[B] (+1) +0.546783626<x128>[B] (+1) +0.546783626<x129>[B] (+0) +0.546783626<x130>[B] (+0) +0.546783626<x131>[B] (+1) +0.546783626<x132>[B] (+1) +0.546783626<x133>[B] (+1) +0.546783626<x134>[B] (+1) +0.546783626<x135>[B] (+1) +0.546783626<x136>[B] (+0) -0.546783626<x137>[B] (+0) +0.546783626<x138>[B] (+0) +0.546783626<x139>[B] (+1) +0.546783626<x140>[B] (+1) +0.546783626<x141>[B] (+1) +0.546783626<x142>[B] (+1) +0.546783626<x143>[B] (+1) -0.546783626<x144>[B] (+0) -0.546783626<x145>[B] (+0) +0.546783626<x146>[B] (+1) -0.546783626<x147>[B] (+1) -0.546783626<x148>[B] (+1) +0.546783626<x149>[B] (+1) -0.546783626<x150>[B] (+1) +0.546783626<x151>[B] (+0) +0.546783626<x152>[B] (+1) +0.546783626<x153>[B] (+1) +0.546783626<x154>[B] (+1) +0.546783626<x155>[B] (+1) +0.546783626<x156>[B] (+1) +0.546783626<x157>[B] (+1) +0.546783626<x158>[B] (+1) -0.546783626<x159>[B] (+1) +0.546783626<x160>[B] (+1) +0.546783626<x161>[B] (+1) -0.546783626<x162>[B] (+1) -0.546783626<x163>[B] (+0) -0.546783626<x164>[B] (+1) -0.546783626<x165>[B] (+1) -0.546783626<x166>[B] (+0) +0.546783626<x167>[B] (+0) -0.546783626<x168>[B] (+1) +0.546783626<x169>[B] (+1) +0.546783626<x170>[B] (+1) -0.546783626<x171>[B] (+1) >= 18.1812865497076;
;
violation: left hand side is violated by 22.0087719298246
  [linear] <c1939>: <x172>[C] (+0) -0.546783626<x1>[B] (+1) -0.546783626<x2>[B] (+1) +0.546783626<x3>[B] (+1) +0.546783626<x4>[B] (+1) +0.546783626<x5>[B] (+1) +0.546783626<x6>[B] (+1) +0.546783626<x7>[B] (+1) +0.546783626<x8>[B] (+1) -0.546783626<x9>[B] (+1) -0.546783626<x10>[B] (+1) +0.546783626<x11>[B] (+1) -0.546783626<x12>[B] (+1) -0.546783626<x13>[B] (+1) +0.546783626<x14>[B] (+1) -0.546783626<x15>[B] (+1) -0.546783626<x16>[B] (+1) +0.546783626<x17>[B] (+1) -0.546783626<x18>[B] (+1) +0.546783626<x19>[B] (+1) +0.546783626<x20>[B] (+1) +0.546783626<x21>[B] (+1) +0.546783626<x22>[B] (+1) +0.546783626<x23>[B] (+1) +0.546783626<x24>[B] (+1) +0.546783626<x25>[B] (+1) -0.546783626<x26>[B] (+1) -0.546783626<x27>[B] (+1) +0.546783626<x28>[B] (+1) -0.546783626<x29>[B] (+1) -0.546783626<x30>[B] (+1) +0.546783626<x31>[B] (+1) +0.546783626<x32>[B] (+1) -0.546783626<x33>[B] (+1) +0.546783626<x34>[B] (+1) +0.546783626<x35>[B] (+1) +0.546783626<x36>[B] (+1) +0.546783626<x37>[B] (+1) +0.546783626<x38>[B] (+1) +0.546783626<x39>[B] (+1) +0.546783626<x40>[B] (+1) +0.546783626<x41>[B] (+1) -0.546783626<x42>[B] (+1) -0.546783626<x43>[B] (+1) +0.546783626<x44>[B] (+1) -0.546783626<x45>[B] (+1) -0.546783626<x46>[B] (+1) +0.546783626<x47>[B] (+1) +0.546783626<x48>[B] (+1) -0.546783626<x49>[B] (+1) +0.546783626<x50>[B] (+1) -0.546783626<x51>[B] (+1) -0.546783626<x52>[B] (+1) -0.546783626<x53>[B] (+1) -0.546783626<x54>[B] (+1) -0.546783626<x55>[B] (+1) +0.546783626<x56>[B] (+1) -0.546783626<x57>[B] (+1) -0.546783626<x58>[B] (+1) -0.546783626<x59>[B] (+1) -0.546783626<x60>[B] (+1) -0.546783626<x61>[B] (+1) +0.546783626<x62>[B] (+1) -0.546783626<x63>[B] (+1) -0.546783626<x64>[B] (+1) +0.546783626<x65>[B] (+1) -0.546783626<x66>[B] (+1) -0.546783626<x67>[B] (+1) +0.546783626<x68>[B] (+1) -0.546783626<x69>[B] (+1) +0.546783626<x70>[B] (+1) -0.546783626<x71>[B] (+1) -0.546783626<x72>[B] (+1) -0.546783626<x73>[B] (+1) -0.546783626<x74>[B] (+1) -0.546783626<x75>[B] (+1) +0.546783626<x76>[B] (+1) -0.546783626<x77>[B] (+1) -0.546783626<x78>[B] (+1) +0.546783626<x79>[B] (+1) -0.546783626<x80>[B] (+1) +0.546783626<x81>[B] (+1) +0.546783626<x82>[B] (+1) +0.546783626<x83>[B] (+1) -0.546783626<x84>[B] (+1) -0.546783626<x85>[B] (+1) -0.546783626<x86>[B] (+1) -0.546783626<x87>[B] (+1) -0.546783626<x88>[B] (+1) +0.546783626<x89>[B] (+1) -0.546783626<x90>[B] (+1) -0.546783626<x91>[B] (+1) +0.546783626<x92>[B] (+1) -0.546783626<x93>[B] (+1) -0.546783626<x94>[B] (+1) +0.546783626<x95>[B] (+1) -0.546783626<x96>[B] (+1) -0.546783626<x97>[B] (+1) -0.546783626<x98>[B] (+1) -0.546783626<x99>[B] (+1) -0.546783626<x100>[B] (+1) +0.546783626<x101>[B] (+1) -0.546783626<x102>[B] (+1) -0.546783626<x103>[B] (+1) +0.546783626<x104>[B] (+1) -0.546783626<x105>[B] (+1) +0.546783626<x106>[B] (+1) -0.546783626<x107>[B] (+1) -0.546783626<x108>[B] (+1) -0.546783626<x109>[B] (+1) -0.546783626<x110>[B] (+1) -0.546783626<x111>[B] (+1) +0.546783626<x112>[B] (+1) -0.546783626<x113>[B] (+1) -0.546783626<x114>[B] (+1) +0.546783626<x115>[B] (+1) -0.546783626<x116>[B] (+1) -0.546783626<x117>[B] (+1) -0.546783626<x118>[B] (+1) -0.546783626<x119>[B] (+1) -0.546783626<x120>[B] (+1) -0.546783626<x121>[B] (+1) -0.546783626<x122>[B] (+1) -0.546783626<x123>[B] (+1) -0.546783626<x124>[B] (+1) -0.546783626<x125>[B] (+1) -0.546783626<x126>[B] (+1) +0.546783626<x127>[B] (+1) +0.546783626<x128>[B] (+1) +0.546783626<x129>[B] (+1) +0.546783626<x130>[B] (+1) +0.546783626<x131>[B] (+1) +0.546783626<x132>[B] (+1) +0.546783626<x133>[B] (+1) +0.546783626<x134>[B] (+1) +0.546783626<x135>[B] (+1) +0.546783626<x136>[B] (+1) -0.546783626<x137>[B] (+1) +0.546783626<x138>[B] (+1) +0.546783626<x139>[B] (+1) +0.546783626<x140>[B] (+1) +0.546783626<x141>[B] (+1) +0.546783626<x142>[B] (+1) +0.546783626<x143>[B] (+1) -0.546783626<x144>[B] (+1) -0.546783626<x145>[B] (+1) +0.546783626<x146>[B] (+1) -0.546783626<x147>[B] (+1) -0.546783626<x148>[B] (+1) +0.546783626<x149>[B] (+1) -0.546783626<x150>[B] (+1) +0.546783626<x151>[B] (+1) +0.546783626<x152>[B] (+1) +0.546783626<x153>[B] (+1) +0.546783626<x154>[B] (+1) +0.546783626<x155>[B] (+1) +0.546783626<x156>[B] (+1) +0.546783626<x157>[B] (+1) +0.546783626<x158>[B] (+1) -0.546783626<x159>[B] (+1) +0.546783626<x160>[B] (+1) +0.546783626<x161>[B] (+1) -0.546783626<x162>[B] (+1) -0.546783626<x163>[B] (+1) -0.546783626<x164>[B] (+1) -0.546783626<x165>[B] (+1) -0.546783626<x166>[B] (+1) +0.546783626<x167>[B] (+1) -0.546783626<x168>[B] (+1) +0.546783626<x169>[B] (+1) +0.546783626<x170>[B] (+1) -0.546783626<x171>[B] (+1) >= 18.1812865497076;
;
violation: left hand side is violated by 24.1959064327485
  [linear] <c1939>: <x172>[C] (+0) -0.546783626<x1>[B] (+0) -0.546783626<x2>[B] (+0) +0.546783626<x3>[B] (+0) +0.546783626<x4>[B] (+0) +0.546783626<x5>[B] (+0) +0.546783626<x6>[B] (+0) +0.546783626<x7>[B] (+0) +0.546783626<x8>[B] (+0) -0.546783626<x9>[B] (+0) -0.546783626<x10>[B] (+0) +0.546783626<x11>[B] (+0) -0.546783626<x12>[B] (+0) -0.546783626<x13>[B] (+0) +0.546783626<x14>[B] (+0) -0.546783626<x15>[B] (+0) -0.546783626<x16>[B] (+0) +0.546783626<x17>[B] (+0) -0.546783626<x18>[B] (+0) +0.546783626<x19>[B] (+0) +0.546783626<x20>[B] (+0) +0.546783626<x21>[B] (+0) +0.546783626<x22>[B] (+0) +0.546783626<x23>[B] (+0) +0.546783626<x24>[B] (+0) +0.546783626<x25>[B] (+0) -0.546783626<x26>[B] (+0) -0.546783626<x27>[B] (+0) +0.546783626<x28>[B] (+0) -0.546783626<x29>[B] (+0) -0.546783626<x30>[B] (+0) +0.546783626<x31>[B] (+0) +0.546783626<x32>[B] (+0) -0.546783626<x33>[B] (+0) +0.546783626<x34>[B] (+0) +0.546783626<x35>[B] (+0) +0.546783626<x36>[B] (+0) +0.546783626<x37>[B] (+0) +0.546783626<x38>[B] (+0) +0.546783626<x39>[B] (+0) +0.546783626<x40>[B] (+0) +0.546783626<x41>[B] (+0) -0.546783626<x42>[B] (+0) -0.546783626<x43>[B] (+0) +0.546783626<x44>[B] (+0) -0.546783626<x45>[B] (+0) -0.546783626<x46>[B] (+0) +0.546783626<x47>[B] (+0) +0.546783626<x48>[B] (+0) -0.546783626<x49>[B] (+0) +0.546783626<x50>[B] (+0) -0.546783626<x51>[B] (+0) -0.546783626<x52>[B] (+0) -0.546783626<x53>[B] (+0) -0.546783626<x54>[B] (+0) -0.546783626<x55>[B] (+0) +0.546783626<x56>[B] (+0) -0.546783626<x57>[B] (+0) -0.546783626<x58>[B] (+0) -0.546783626<x59>[B] (+0) -0.546783626<x60>[B] (+0) -0.546783626<x61>[B] (+0) +0.546783626<x62>[B] (+0) -0.546783626<x63>[B] (+0) -0.546783626<x64>[B] (+0) +0.546783626<x65>[B] (+0) -0.546783626<x66>[B] (+0) -0.546783626<x67>[B] (+0) +0.546783626<x68>[B] (+0) -0.546783626<x69>[B] (+0) +0.546783626<x70>[B] (+0) -0.546783626<x71>[B] (+0) -0.546783626<x72>[B] (+0) -0.546783626<x73>[B] (+0) -0.546783626<x74>[B] (+0) -0.546783626<x75>[B] (+0) +0.546783626<x76>[B] (+0) -0.546783626<x77>[B] (+0) -0.546783626<x78>[B] (+0) +0.546783626<x79>[B] (+0) -0.546783626<x80>[B] (+0) +0.546783626<x81>[B] (+0) +0.546783626<x82>[B] (+0) +0.546783626<x83>[B] (+0) -0.546783626<x84>[B] (+0) -0.546783626<x85>[B] (+0) -0.546783626<x86>[B] (+0) -0.546783626<x87>[B] (+0) -0.546783626<x88>[B] (+0) +0.546783626<x89>[B] (+0) -0.546783626<x90>[B] (+0) -0.546783626<x91>[B] (+0) +0.546783626<x92>[B] (+0) -0.546783626<x93>[B] (+0) -0.546783626<x94>[B] (+0) +0.546783626<x95>[B] (+0) -0.546783626<x96>[B] (+0) -0.546783626<x97>[B] (+0) -0.546783626<x98>[B] (+0) -0.546783626<x99>[B] (+0) -0.546783626<x100>[B] (+0) +0.546783626<x101>[B] (+0) -0.546783626<x102>[B] (+0) -0.546783626<x103>[B] (+0) +0.546783626<x104>[B] (+0) -0.546783626<x105>[B] (+0) +0.546783626<x106>[B] (+0) -0.546783626<x107>[B] (+0) -0.546783626<x108>[B] (+0) -0.546783626<x109>[B] (+0) -0.546783626<x110>[B] (+0) -0.546783626<x111>[B] (+0) +0.546783626<x112>[B] (+0) -0.546783626<x113>[B] (+0) -0.546783626<x114>[B] (+0) +0.546783626<x115>[B] (+0) -0.546783626<x116>[B] (+0) -0.546783626<x117>[B] (+0) -0.546783626<x118>[B] (+0) -0.546783626<x119>[B] (+0) -0.546783626<x120>[B] (+0) -0.546783626<x121>[B] (+0) -0.546783626<x122>[B] (+0) -0.546783626<x123>[B] (+0) -0.546783626<x124>[B] (+0) -0.546783626<x125>[B] (+0) -0.546783626<x126>[B] (+0) +0.546783626<x127>[B] (+0) +0.546783626<x128>[B] (+0) +0.546783626<x129>[B] (+0) +0.546783626<x130>[B] (+0) +0.546783626<x131>[B] (+0) +0.546783626<x132>[B] (+0) +0.546783626<x133>[B] (+0) +0.546783626<x134>[B] (+0) +0.546783626<x135>[B] (+0) +0.546783626<x136>[B] (+0) -0.546783626<x137>[B] (+0) +0.546783626<x138>[B] (+0) +0.546783626<x139>[B] (+0) +0.546783626<x140>[B] (+0) +0.546783626<x141>[B] (+0) +0.546783626<x142>[B] (+0) +0.546783626<x143>[B] (+0) -0.546783626<x144>[B] (+0) -0.546783626<x145>[B] (+0) +0.546783626<x146>[B] (+0) -0.546783626<x147>[B] (+0) -0.546783626<x148>[B] (+0) +0.546783626<x149>[B] (+0) -0.546783626<x150>[B] (+0) +0.546783626<x151>[B] (+0) +0.546783626<x152>[B] (+0) +0.546783626<x153>[B] (+0) +0.546783626<x154>[B] (+0) +0.546783626<x155>[B] (+0) +0.546783626<x156>[B] (+0) +0.546783626<x157>[B] (+0) +0.546783626<x158>[B] (+0) -0.546783626<x159>[B] (+0) +0.546783626<x160>[B] (+0) +0.546783626<x161>[B] (+0) -0.546783626<x162>[B] (+0) -0.546783626<x163>[B] (+0) -0.546783626<x164>[B] (+0) -0.546783626<x165>[B] (+0) -0.546783626<x166>[B] (+0) +0.546783626<x167>[B] (+0) -0.546783626<x168>[B] (+0) +0.546783626<x169>[B] (+0) +0.546783626<x170>[B] (+0) -0.546783626<x171>[B] (+0) >= 18.1812865497076;
;
violation: left hand side is violated by 18.1812865497076
1/5 feasible solution given by solution candidate storage, new primal bound -9.999460e+05

presolving:
   (0.0s) symmetry computation started: requiring (bin +, int +, cont +), (fixed: bin -, int -, cont -)
   (0.0s) no symmetry present (symcode time: 0.00)
presolving (0 rounds: 0 fast, 0 medium, 0 exhaustive):
 0 deleted vars, 0 deleted constraints, 0 added constraints, 0 tightened bounds, 0 added holes, 0 changed sides, 0 changed coefficients
 0 implications, 0 cliques, 0 implied integral variables (0 bin, 0 int, 0 cont)
presolved problem has 181 variables (171 bin, 0 int, 10 cont) and 1948 constraints
   1948 constraints of type <linear>
Presolving Time: 0.00
transformed 1/1 original solutions to the transformed problem space

 time | node  | left  |LP iter|LP it/n|mem/heur|mdpt |vars |cons |rows |cuts |sepa|confs|strbr|  dualbound   | primalbound  |  gap   | compl. 
p 0.0s|     1 |     0 |     2 |     - |   locks|   0 | 181 |1948 |1948 |   0 |  0 |   0 |   0 | 2.320000e+02 |-2.402690e+02 |    Inf | unknown
* 0.0s|     1 |     0 |   105 |     - |    LP  |   0 | 181 |1948 |1948 |   0 |  0 |   0 |   0 |-9.991813e+01 |-9.991813e+01 |   0.00%| unknown
  0.0s|     1 |     0 |   105 |     - |  9380k |   0 | 181 |1948 |1948 |   0 |  0 |   0 |   0 |-9.991813e+01 |-9.991813e+01 |   0.00%| unknown

SCIP Status        : problem is solved [optimal solution found]
Solving Time (sec) : 0.01
Solving Nodes      : 1
Primal Bound       : -9.99181286549708e+01 (4 solutions)
Dual Bound         : -9.99181286549708e+01
Gap                : 0.00 %
  [linear] <c1949>: <x172>[C] (+34.0380117) -0.634502924<x1>[B] (+0) -0.634502924<x2>[B] (+0) +0.634502924<x3>[B] (+0) +0.634502924<x4>[B] (+0) +0.634502924<x5>[B] (+0) +0.634502924<x6>[B] (+0) +0.634502924<x7>[B] (+0) +0.634502924<x8>[B] (+0) -0.634502924<x9>[B] (+1) -0.634502924<x10>[B] (+1) +0.634502924<x11>[B] (+0) -0.634502924<x12>[B] (+0) -0.634502924<x13>[B] (+0) +0.634502924<x14>[B] (+0) -0.634502924<x15>[B] (+0) -0.634502924<x16>[B] (+0) +0.634502924<x17>[B] (+0) -0.634502924<x18>[B] (+0) +0.634502924<x19>[B] (+0) +0.634502924<x20>[B] (+0) +0.634502924<x21>[B] (+0) +0.634502924<x22>[B] (+0) +0.634502924<x23>[B] (+0) +0.634502924<x24>[B] (+0) +0.634502924<x25>[B] (+0) -0.634502924<x26>[B] (+1) -0.634502924<x27>[B] (+1) +0.634502924<x28>[B] (+1) -0.634502924<x29>[B] (+0) -0.634502924<x30>[B] (+0) +0.634502924<x31>[B] (+0) +0.634502924<x32>[B] (+1) -0.634502924<x33>[B] (+0) +0.634502924<x34>[B] (+0) +0.634502924<x35>[B] (+1) +0.634502924<x36>[B] (+1) +0.634502924<x37>[B] (+1) +0.634502924<x38>[B] (+1) +0.634502924<x39>[B] (+1) +0.634502924<x40>[B] (+1) +0.634502924<x41>[B] (+1) -0.634502924<x42>[B] (+1) -0.634502924<x43>[B] (+1) +0.634502924<x44>[B] (+1) -0.634502924<x45>[B] (+1) -0.634502924<x46>[B] (+1) +0.634502924<x47>[B] (+1) +0.634502924<x48>[B] (+1) -0.634502924<x49>[B] (+1) +0.634502924<x50>[B] (+1) -0.634502924<x51>[B] (+1) -0.634502924<x52>[B] (+0) -0.634502924<x53>[B] (+1) -0.634502924<x54>[B] (+0) -0.634502924<x55>[B] (+1) +0.634502924<x56>[B] (+0) -0.634502924<x57>[B] (+1) -0.634502924<x58>[B] (+1) -0.634502924<x59>[B] (+1) -0.634502924<x60>[B] (+0) -0.634502924<x61>[B] (+0) +0.634502924<x62>[B] (+1) -0.634502924<x63>[B] (+1) -0.634502924<x64>[B] (+0) +0.634502924<x65>[B] (+0) -0.634502924<x66>[B] (+1) -0.634502924<x67>[B] (+1) +0.634502924<x68>[B] (+0) -0.634502924<x69>[B] (+1) +0.634502924<x70>[B] (+0) -0.634502924<x71>[B] (+1) -0.634502924<x72>[B] (+1) -0.634502924<x73>[B] (+1) -0.634502924<x74>[B] (+1) -0.634502924<x75>[B] (+0) +0.634502924<x76>[B] (+1) -0.634502924<x77>[B] (+1) -0.634502924<x78>[B] (+0) +0.634502924<x79>[B] (+0) -0.634502924<x80>[B] (+1) +0.634502924<x81>[B] (+0) +0.634502924<x82>[B] (+1) +0.634502924<x83>[B] (+0) -0.634502924<x84>[B] (+1) -0.634502924<x85>[B] (+1) -0.634502924<x86>[B] (+1) -0.634502924<x87>[B] (+0) -0.634502924<x88>[B] (+0) +0.634502924<x89>[B] (+1) -0.634502924<x90>[B] (+1) -0.634502924<x91>[B] (+0) +0.634502924<x92>[B] (+0) -0.634502924<x93>[B] (+1) -0.634502924<x94>[B] (+1) +0.634502924<x95>[B] (+0) -0.634502924<x96>[B] (+1) -0.634502924<x97>[B] (+1) -0.634502924<x98>[B] (+1) -0.634502924<x99>[B] (+1) -0.634502924<x100>[B] (+0) +0.634502924<x101>[B] (+1) -0.634502924<x102>[B] (+1) -0.634502924<x103>[B] (+0) +0.634502924<x104>[B] (+0) -0.634502924<x105>[B] (+1) +0.634502924<x106>[B] (+0) -0.634502924<x107>[B] (+1) -0.634502924<x108>[B] (+1) -0.634502924<x109>[B] (+1) -0.634502924<x110>[B] (+0) -0.634502924<x111>[B] (+0) +0.634502924<x112>[B] (+1) -0.634502924<x113>[B] (+1) -0.634502924<x114>[B] (+0) +0.634502924<x115>[B] (+0) -0.634502924<x116>[B] (+1) -0.634502924<x117>[B] (+1) -0.634502924<x118>[B] (+1) -0.634502924<x119>[B] (+1) -0.634502924<x120>[B] (+1) -0.634502924<x121>[B] (+0) -0.634502924<x122>[B] (+1) -0.634502924<x123>[B] (+1) -0.634502924<x124>[B] (+0) -0.634502924<x125>[B] (+1) -0.634502924<x126>[B] (+1) +0.634502924<x127>[B] (+0) +0.634502924<x128>[B] (+0) +0.634502924<x129>[B] (+0) +0.634502924<x130>[B] (+0) +0.634502924<x131>[B] (+0) +0.634502924<x132>[B] (+0) +0.634502924<x133>[B] (+0) +0.634502924<x134>[B] (+0) +0.634502924<x135>[B] (+0) +0.634502924<x136>[B] (+0) -0.634502924<x137>[B] (+0) +0.634502924<x138>[B] (+0) +0.634502924<x139>[B] (+0) +0.634502924<x140>[B] (+0) +0.634502924<x141>[B] (+0) +0.634502924<x142>[B] (+0) +0.634502924<x143>[B] (+0) -0.634502924<x144>[B] (+0) -0.634502924<x145>[B] (+0) +0.634502924<x146>[B] (+0) -0.634502924<x147>[B] (+1) -0.634502924<x148>[B] (+0) +0.634502924<x149>[B] (+0) -0.634502924<x150>[B] (+1) +0.634502924<x151>[B] (+0) +0.634502924<x152>[B] (+1) +0.634502924<x153>[B] (+1) +0.634502924<x154>[B] (+0) +0.634502924<x155>[B] (+0) +0.634502924<x156>[B] (+1) +0.634502924<x157>[B] (+1) +0.634502924<x158>[B] (+1) -0.634502924<x159>[B] (+1) +0.634502924<x160>[B] (+1) +0.634502924<x161>[B] (+1) -0.634502924<x162>[B] (+1) -0.634502924<x163>[B] (+0) -0.634502924<x164>[B] (+0) -0.634502924<x165>[B] (+1) -0.634502924<x166>[B] (+0) +0.634502924<x167>[B] (+0) -0.634502924<x168>[B] (+1) +0.634502924<x169>[B] (+1) +0.634502924<x170>[B] (+1) -0.634502924<x171>[B] (+1) >= 16.3391812865497;
;
violation: left hand side is violated by 0.701754385964882
  [linear] <c1952>: <x176>[C] (+6.16666667) +0.628654971<x1>[B] (+1) -0.628654971<x2>[B] (+1) -0.628654971<x3>[B] (+1) -0.628654971<x4>[B] (+1) +0.628654971<x5>[B] (+1) +0.628654971<x6>[B] (+1) -0.628654971<x7>[B] (+1) -0.628654971<x8>[B] (+1) +0.628654971<x9>[B] (+0) -0.628654971<x10>[B] (+1) -0.628654971<x11>[B] (+1) +0.628654971<x12>[B] (+1) +0.628654971<x13>[B] (+1) -0.628654971<x14>[B] (+1) -0.628654971<x15>[B] (+1) +0.628654971<x16>[B] (+1) +0.628654971<x17>[B] (+1) -0.628654971<x18>[B] (+1) -0.628654971<x19>[B] (+1) -0.628654971<x20>[B] (+0) -0.628654971<x21>[B] (+0) -0.628654971<x22>[B] (+1) +0.628654971<x23>[B] (+1) -0.628654971<x24>[B] (+0) -0.628654971<x25>[B] (+1) +0.628654971<x26>[B] (+0) -0.628654971<x27>[B] (+0) -0.628654971<x28>[B] (+0) +0.628654971<x29>[B] (+1) +0.628654971<x30>[B] (+1) -0.628654971<x31>[B] (+1) -0.628654971<x32>[B] (+0) +0.628654971<x33>[B] (+1) +0.628654971<x34>[B] (+1) -0.628654971<x35>[B] (+0) +0.628654971<x36>[B] (+0) +0.628654971<x37>[B] (+0) +0.628654971<x38>[B] (+0) +0.628654971<x39>[B] (+0) +0.628654971<x40>[B] (+0) +0.628654971<x41>[B] (+0) +0.628654971<x42>[B] (+0) +0.628654971<x43>[B] (+0) -0.628654971<x44>[B] (+0) +0.628654971<x45>[B] (+0) +0.628654971<x46>[B] (+0) -0.628654971<x47>[B] (+0) +0.628654971<x48>[B] (+0) +0.628654971<x49>[B] (+0) +0.628654971<x50>[B] (+0) -0.628654971<x51>[B] (+0) +0.628654971<x52>[B] (+1) +0.628654971<x53>[B] (+1) +0.628654971<x54>[B] (+1) -0.628654971<x55>[B] (+0) -0.628654971<x56>[B] (+1) +0.628654971<x57>[B] (+0) -0.628654971<x58>[B] (+0) -0.628654971<x59>[B] (+0) +0.628654971<x60>[B] (+1) +0.628654971<x61>[B] (+1) -0.628654971<x62>[B] (+1) -0.628654971<x63>[B] (+0) +0.628654971<x64>[B] (+1) +0.628654971<x65>[B] (+1) -0.628654971<x66>[B] (+0) +0.628654971<x67>[B] (+1) +0.628654971<x68>[B] (+1) -0.628654971<x69>[B] (+0) -0.628654971<x70>[B] (+1) +0.628654971<x71>[B] (+0) -0.628654971<x72>[B] (+0) -0.628654971<x73>[B] (+0) +0.628654971<x74>[B] (+1) +0.628654971<x75>[B] (+1) -0.628654971<x76>[B] (+1) -0.628654971<x77>[B] (+0) +0.628654971<x78>[B] (+1) +0.628654971<x79>[B] (+1) -0.628654971<x80>[B] (+0) +0.628654971<x81>[B] (+1) -0.628654971<x82>[B] (+0) -0.628654971<x83>[B] (+1) +0.628654971<x84>[B] (+0) -0.628654971<x85>[B] (+0) -0.628654971<x86>[B] (+0) +0.628654971<x87>[B] (+0) +0.628654971<x88>[B] (+1) -0.628654971<x89>[B] (+0) -0.628654971<x90>[B] (+0) +0.628654971<x91>[B] (+0) +0.628654971<x92>[B] (+0) -0.628654971<x93>[B] (+0) -0.628654971<x94>[B] (+0) -0.628654971<x95>[B] (+1) -0.628654971<x96>[B] (+0) -0.628654971<x97>[B] (+0) -0.628654971<x98>[B] (+0) -0.628654971<x99>[B] (+0) +0.628654971<x100>[B] (+1) -0.628654971<x101>[B] (+0) -0.628654971<x102>[B] (+0) -0.628654971<x103>[B] (+0) +0.628654971<x104>[B] (+0) -0.628654971<x105>[B] (+0) -0.628654971<x106>[B] (+1) +0.628654971<x107>[B] (+0) -0.628654971<x108>[B] (+1) -0.628654971<x109>[B] (+1) +0.628654971<x110>[B] (+1) +0.628654971<x111>[B] (+1) -0.628654971<x112>[B] (+1) -0.628654971<x113>[B] (+0) +0.628654971<x114>[B] (+1) +0.628654971<x115>[B] (+1) -0.628654971<x116>[B] (+0) +0.628654971<x117>[B] (+0) -0.628654971<x118>[B] (+0) -0.628654971<x119>[B] (+0) +0.628654971<x120>[B] (+0) +0.628654971<x121>[B] (+1) -0.628654971<x122>[B] (+0) -0.628654971<x123>[B] (+0) +0.628654971<x124>[B] (+0) +0.628654971<x125>[B] (+0) -0.628654971<x126>[B] (+0) -0.628654971<x127>[B] (+1) -0.628654971<x128>[B] (+1) -0.628654971<x129>[B] (+1) +0.628654971<x130>[B] (+1) -0.628654971<x131>[B] (+1) -0.628654971<x132>[B] (+1) -0.628654971<x133>[B] (+1) +0.628654971<x134>[B] (+1) -0.628654971<x135>[B] (+1) -0.628654971<x136>[B] (+1) +0.628654971<x137>[B] (+1) +0.628654971<x138>[B] (+1) -0.628654971<x139>[B] (+1) +0.628654971<x140>[B] (+0) +0.628654971<x141>[B] (+1) +0.628654971<x142>[B] (+1) -0.628654971<x143>[B] (+0) +0.628654971<x144>[B] (+1) +0.628654971<x145>[B] (+1) -0.628654971<x146>[B] (+1) +0.628654971<x147>[B] (+0) +0.628654971<x148>[B] (+1) +0.628654971<x149>[B] (+1) -0.628654971<x150>[B] (+0) +0.628654971<x151>[B] (+1) -0.628654971<x152>[B] (+1) -0.628654971<x153>[B] (+0) -0.628654971<x154>[B] (+1) +0.628654971<x155>[B] (+1) -0.628654971<x156>[B] (+0) -0.628654971<x157>[B] (+0) -0.628654971<x158>[B] (+0) -0.628654971<x159>[B] (+0) +0.628654971<x160>[B] (+0) -0.628654971<x161>[B] (+0) +0.628654971<x162>[B] (+0) +0.628654971<x163>[B] (+0) +0.628654971<x164>[B] (+0) -0.628654971<x165>[B] (+0) +0.628654971<x166>[B] (+1) +0.628654971<x167>[B] (+1) -0.628654971<x168>[B] (+0) +0.628654971<x169>[B] (+1) -0.628654971<x170>[B] (+0) -0.628654971<x171>[B] (+0) >= 17.1315789473684;
;
violation: left hand side is violated by 3.42105263157894
2/4 feasible solutions given by solution candidate storage, new primal bound -9.999460e+05

presolving:
   (0.0s) symmetry computation started: requiring (bin +, int +, cont +), (fixed: bin -, int -, cont -)
   (0.0s) no symmetry present (symcode time: 0.00)
presolving (0 rounds: 0 fast, 0 medium, 0 exhaustive):
 0 deleted vars, 0 deleted constraints, 0 added constraints, 0 tightened bounds, 0 added holes, 0 changed sides, 0 changed coefficients
 0 implications, 0 cliques, 0 implied integral variables (0 bin, 0 int, 0 cont)
presolved problem has 181 variables (171 bin, 0 int, 10 cont) and 1957 constraints
   1957 constraints of type <linear>
Presolving Time: 0.00
transformed 2/2 original solutions to the transformed problem space

 time | node  | left  |LP iter|LP it/n|mem/heur|mdpt |vars |cons |rows |cuts |sepa|confs|strbr|  dualbound   | primalbound  |  gap   | compl. 
p 0.0s|     1 |     0 |     1 |     - |   locks|   0 | 181 |1957 |1957 |   0 |  0 |   0 |   0 | 2.320000e+02 |-2.522398e+02 |    Inf | unknown
* 0.0s|     1 |     0 |   126 |     - |    LP  |   0 | 181 |1957 |1957 |   0 |  0 |   0 |   0 |-1.002690e+02 |-1.002690e+02 |   0.00%| unknown
  0.0s|     1 |     0 |   126 |     - |    10M |   0 | 181 |1957 |1957 |   0 |  0 |   0 |   0 |-1.002690e+02 |-1.002690e+02 |   0.00%| unknown

SCIP Status        : problem is solved [optimal solution found]
Solving Time (sec) : 0.01
Solving Nodes      : 1
Primal Bound       : -1.00269005847953e+02 (4 solutions)
Dual Bound         : -1.00269005847953e+02
Gap                : 0.00 %
  [linear] <c1958>: <x172>[C] (+29.6637427) -0.587719298<x1>[B] (+0) -0.587719298<x2>[B] (+0) +0.587719298<x3>[B] (+0) +0.587719298<x4>[B] (+0) +0.587719298<x5>[B] (+0) +0.587719298<x6>[B] (+0) +0.587719298<x7>[B] (+0) +0.587719298<x8>[B] (+0) -0.587719298<x9>[B] (+1) -0.587719298<x10>[B] (+1) +0.587719298<x11>[B] (+0) -0.587719298<x12>[B] (+0) -0.587719298<x13>[B] (+0) +0.587719298<x14>[B] (+0) -0.587719298<x15>[B] (+0) -0.587719298<x16>[B] (+0) +0.587719298<x17>[B] (+0) -0.587719298<x18>[B] (+0) +0.587719298<x19>[B] (+0) +0.587719298<x20>[B] (+0) +0.587719298<x21>[B] (+0) +0.587719298<x22>[B] (+0) +0.587719298<x23>[B] (+0) +0.587719298<x24>[B] (+0) +0.587719298<x25>[B] (+0) -0.587719298<x26>[B] (+1) -0.587719298<x27>[B] (+1) +0.587719298<x28>[B] (+1) -0.587719298<x29>[B] (+0) -0.587719298<x30>[B] (+0) +0.587719298<x31>[B] (+0) +0.587719298<x32>[B] (+1) -0.587719298<x33>[B] (+0) +0.587719298<x34>[B] (+0) +0.587719298<x35>[B] (+1) +0.587719298<x36>[B] (+1) +0.587719298<x37>[B] (+1) +0.587719298<x38>[B] (+1) +0.587719298<x39>[B] (+1) +0.587719298<x40>[B] (+1) +0.587719298<x41>[B] (+1) -0.587719298<x42>[B] (+1) -0.587719298<x43>[B] (+1) +0.587719298<x44>[B] (+1) -0.587719298<x45>[B] (+1) -0.587719298<x46>[B] (+1) +0.587719298<x47>[B] (+1) +0.587719298<x48>[B] (+1) -0.587719298<x49>[B] (+1) +0.587719298<x50>[B] (+1) -0.587719298<x51>[B] (+1) -0.587719298<x52>[B] (+0) -0.587719298<x53>[B] (+0) -0.587719298<x54>[B] (+0) -0.587719298<x55>[B] (+1) +0.587719298<x56>[B] (+0) -0.587719298<x57>[B] (+1) -0.587719298<x58>[B] (+1) -0.587719298<x59>[B] (+1) -0.587719298<x60>[B] (+0) -0.587719298<x61>[B] (+0) +0.587719298<x62>[B] (+1) -0.587719298<x63>[B] (+1) -0.587719298<x64>[B] (+0) +0.587719298<x65>[B] (+0) -0.587719298<x66>[B] (+1) -0.587719298<x67>[B] (+1) +0.587719298<x68>[B] (+0) -0.587719298<x69>[B] (+1) +0.587719298<x70>[B] (+1) -0.587719298<x71>[B] (+1) -0.587719298<x72>[B] (+1) -0.587719298<x73>[B] (+1) -0.587719298<x74>[B] (+1) -0.587719298<x75>[B] (+0) +0.587719298<x76>[B] (+1) -0.587719298<x77>[B] (+1) -0.587719298<x78>[B] (+0) +0.587719298<x79>[B] (+0) -0.587719298<x80>[B] (+1) +0.587719298<x81>[B] (+0) +0.587719298<x82>[B] (+1) +0.587719298<x83>[B] (+1) -0.587719298<x84>[B] (+1) -0.587719298<x85>[B] (+1) -0.587719298<x86>[B] (+1) -0.587719298<x87>[B] (+0) -0.587719298<x88>[B] (+0) +0.587719298<x89>[B] (+1) -0.587719298<x90>[B] (+1) -0.587719298<x91>[B] (+0) +0.587719298<x92>[B] (+0) -0.587719298<x93>[B] (+1) -0.587719298<x94>[B] (+1) +0.587719298<x95>[B] (+1) -0.587719298<x96>[B] (+1) -0.587719298<x97>[B] (+1) -0.587719298<x98>[B] (+1) -0.587719298<x99>[B] (+1) -0.587719298<x100>[B] (+0) +0.587719298<x101>[B] (+1) -0.587719298<x102>[B] (+1) -0.587719298<x103>[B] (+0) +0.587719298<x104>[B] (+0) -0.587719298<x105>[B] (+1) +0.587719298<x106>[B] (+0) -0.587719298<x107>[B] (+1) -0.587719298<x108>[B] (+1) -0.587719298<x109>[B] (+1) -0.587719298<x110>[B] (+0) -0.587719298<x111>[B] (+0) +0.587719298<x112>[B] (+1) -0.587719298<x113>[B] (+1) -0.587719298<x114>[B] (+0) +0.587719298<x115>[B] (+0) -0.587719298<x116>[B] (+1) -0.587719298<x117>[B] (+1) -0.587719298<x118>[B] (+1) -0.587719298<x119>[B] (+1) -0.587719298<x120>[B] (+0) -0.587719298<x121>[B] (+0) -0.587719298<x122>[B] (+1) -0.587719298<x123>[B] (+1) -0.587719298<x124>[B] (+0) -0.587719298<x125>[B] (+0) -0.587719298<x126>[B] (+1) +0.587719298<x127>[B] (+1) +0.587719298<x128>[B] (+0) +0.587719298<x129>[B] (+0) +0.587719298<x130>[B] (+0) +0.587719298<x131>[B] (+0) +0.587719298<x132>[B] (+0) +0.587719298<x133>[B] (+0) +0.587719298<x134>[B] (+0) +0.587719298<x135>[B] (+0) +0.587719298<x136>[B] (+0) -0.587719298<x137>[B] (+0) +0.587719298<x138>[B] (+0) +0.587719298<x139>[B] (+0) +0.587719298<x140>[B] (+0) +0.587719298<x141>[B] (+0) +0.587719298<x142>[B] (+0) +0.587719298<x143>[B] (+0) -0.587719298<x144>[B] (+0) -0.587719298<x145>[B] (+0) +0.587719298<x146>[B] (+0) -0.587719298<x147>[B] (+1) -0.587719298<x148>[B] (+0) +0.587719298<x149>[B] (+0) -0.587719298<x150>[B] (+1) +0.587719298<x151>[B] (+0) +0.587719298<x152>[B] (+1) +0.587719298<x153>[B] (+1) +0.587719298<x154>[B] (+0) +0.587719298<x155>[B] (+0) +0.587719298<x156>[B] (+1) +0.587719298<x157>[B] (+1) +0.587719298<x158>[B] (+1) -0.587719298<x159>[B] (+0) +0.587719298<x160>[B] (+1) +0.587719298<x161>[B] (+1) -0.587719298<x162>[B] (+1) -0.587719298<x163>[B] (+0) -0.587719298<x164>[B] (+0) -0.587719298<x165>[B] (+1) -0.587719298<x166>[B] (+0) +0.587719298<x167>[B] (+0) -0.587719298<x168>[B] (+1) +0.587719298<x169>[B] (+1) +0.587719298<x170>[B] (+1) -0.587719298<x171>[B] (+1) >= 17.4853801169591;
;
violation: left hand side is violated by 0.163742690058445
3/4 feasible solutions given by solution candidate storage, new primal bound -2.522398e+02

presolving:
   (0.0s) symmetry computation started: requiring (bin +, int +, cont +), (fixed: bin -, int -, cont -)
   (0.0s) no symmetry present (symcode time: 0.00)
presolving (0 rounds: 0 fast, 0 medium, 0 exhaustive):
 0 deleted vars, 0 deleted constraints, 0 added constraints, 0 tightened bounds, 0 added holes, 0 changed sides, 0 changed coefficients
 0 implications, 0 cliques, 0 implied integral variables (0 bin, 0 int, 0 cont)
presolved problem has 181 variables (171 bin, 0 int, 10 cont) and 1966 constraints
   1966 constraints of type <linear>
Presolving Time: 0.00
transformed 3/3 original solutions to the transformed problem space

 time | node  | left  |LP iter|LP it/n|mem/heur|mdpt |vars |cons |rows |cuts |sepa|confs|strbr|  dualbound   | primalbound  |  gap   | compl. 
* 0.0s|     1 |     0 |   126 |     - |    LP  |   0 | 181 |1966 |1966 |   0 |  0 |   0 |   0 |-1.005497e+02 |-1.005497e+02 |   0.00%| unknown
  0.0s|     1 |     0 |   126 |     - |    11M |   0 | 181 |1966 |1966 |   0 |  0 |   0 |   0 |-1.005497e+02 |-1.005497e+02 |   0.00%| unknown

SCIP Status        : problem is solved [optimal solution found]
Solving Time (sec) : 0.02
Solving Nodes      : 1
Primal Bound       : -1.00549707602339e+02 (5 solutions)
Dual Bound         : -1.00549707602339e+02
Gap                : 0.00 %
  [linear] <c1967>: <x172>[C] (+31.002924) -0.599415205<x1>[B] (+0) -0.599415205<x2>[B] (+0) +0.599415205<x3>[B] (+0) +0.599415205<x4>[B] (+0) +0.599415205<x5>[B] (+0) +0.599415205<x6>[B] (+0) +0.599415205<x7>[B] (+0) +0.599415205<x8>[B] (+0) -0.599415205<x9>[B] (+1) -0.599415205<x10>[B] (+1) +0.599415205<x11>[B] (+0) -0.599415205<x12>[B] (+0) -0.599415205<x13>[B] (+0) +0.599415205<x14>[B] (+0) -0.599415205<x15>[B] (+0) -0.599415205<x16>[B] (+0) +0.599415205<x17>[B] (+0) -0.599415205<x18>[B] (+0) +0.599415205<x19>[B] (+0) +0.599415205<x20>[B] (+0) +0.599415205<x21>[B] (+0) +0.599415205<x22>[B] (+0) +0.599415205<x23>[B] (+0) +0.599415205<x24>[B] (+0) +0.599415205<x25>[B] (+0) -0.599415205<x26>[B] (+1) -0.599415205<x27>[B] (+1) +0.599415205<x28>[B] (+1) -0.599415205<x29>[B] (+0) -0.599415205<x30>[B] (+0) +0.599415205<x31>[B] (+0) +0.599415205<x32>[B] (+1) -0.599415205<x33>[B] (+0) +0.599415205<x34>[B] (+0) +0.599415205<x35>[B] (+1) +0.599415205<x36>[B] (+1) +0.599415205<x37>[B] (+1) +0.599415205<x38>[B] (+1) +0.599415205<x39>[B] (+1) +0.599415205<x40>[B] (+1) +0.599415205<x41>[B] (+1) -0.599415205<x42>[B] (+1) -0.599415205<x43>[B] (+1) +0.599415205<x44>[B] (+1) -0.599415205<x45>[B] (+1) -0.599415205<x46>[B] (+1) +0.599415205<x47>[B] (+1) +0.599415205<x48>[B] (+1) -0.599415205<x49>[B] (+1) +0.599415205<x50>[B] (+1) -0.599415205<x51>[B] (+1) -0.599415205<x52>[B] (+0) -0.599415205<x53>[B] (+0) -0.599415205<x54>[B] (+0) -0.599415205<x55>[B] (+1) +0.599415205<x56>[B] (+0) -0.599415205<x57>[B] (+1) -0.599415205<x58>[B] (+1) -0.599415205<x59>[B] (+1) -0.599415205<x60>[B] (+0) -0.599415205<x61>[B] (+0) +0.599415205<x62>[B] (+1) -0.599415205<x63>[B] (+1) -0.599415205<x64>[B] (+0) +0.599415205<x65>[B] (+0) -0.599415205<x66>[B] (+1) -0.599415205<x67>[B] (+1) +0.599415205<x68>[B] (+0) -0.599415205<x69>[B] (+1) +0.599415205<x70>[B] (+1) -0.599415205<x71>[B] (+1) -0.599415205<x72>[B] (+1) -0.599415205<x73>[B] (+1) -0.599415205<x74>[B] (+1) -0.599415205<x75>[B] (+0) +0.599415205<x76>[B] (+1) -0.599415205<x77>[B] (+1) -0.599415205<x78>[B] (+0) +0.599415205<x79>[B] (+0) -0.599415205<x80>[B] (+1) +0.599415205<x81>[B] (+0) +0.599415205<x82>[B] (+1) +0.599415205<x83>[B] (+1) -0.599415205<x84>[B] (+1) -0.599415205<x85>[B] (+1) -0.599415205<x86>[B] (+1) -0.599415205<x87>[B] (+0) -0.599415205<x88>[B] (+0) +0.599415205<x89>[B] (+1) -0.599415205<x90>[B] (+1) -0.599415205<x91>[B] (+0) +0.599415205<x92>[B] (+0) -0.599415205<x93>[B] (+1) -0.599415205<x94>[B] (+1) +0.599415205<x95>[B] (+1) -0.599415205<x96>[B] (+1) -0.599415205<x97>[B] (+1) -0.599415205<x98>[B] (+1) -0.599415205<x99>[B] (+1) -0.599415205<x100>[B] (+0) +0.599415205<x101>[B] (+1) -0.599415205<x102>[B] (+1) -0.599415205<x103>[B] (+0) +0.599415205<x104>[B] (+0) -0.599415205<x105>[B] (+1) +0.599415205<x106>[B] (+0) -0.599415205<x107>[B] (+1) -0.599415205<x108>[B] (+1) -0.599415205<x109>[B] (+1) -0.599415205<x110>[B] (+0) -0.599415205<x111>[B] (+0) +0.599415205<x112>[B] (+1) -0.599415205<x113>[B] (+1) -0.599415205<x114>[B] (+0) +0.599415205<x115>[B] (+0) -0.599415205<x116>[B] (+1) -0.599415205<x117>[B] (+1) -0.599415205<x118>[B] (+1) -0.599415205<x119>[B] (+1) -0.599415205<x120>[B] (+0) -0.599415205<x121>[B] (+0) -0.599415205<x122>[B] (+1) -0.599415205<x123>[B] (+1) -0.599415205<x124>[B] (+0) -0.599415205<x125>[B] (+0) -0.599415205<x126>[B] (+1) +0.599415205<x127>[B] (+1) +0.599415205<x128>[B] (+0) +0.599415205<x129>[B] (+0) +0.599415205<x130>[B] (+0) +0.599415205<x131>[B] (+0) +0.599415205<x132>[B] (+0) +0.599415205<x133>[B] (+0) +0.599415205<x134>[B] (+0) +0.599415205<x135>[B] (+0) +0.599415205<x136>[B] (+0) -0.599415205<x137>[B] (+0) +0.599415205<x138>[B] (+0) +0.599415205<x139>[B] (+0) +0.599415205<x140>[B] (+0) +0.599415205<x141>[B] (+0) +0.599415205<x142>[B] (+0) +0.599415205<x143>[B] (+0) -0.599415205<x144>[B] (+0) -0.599415205<x145>[B] (+0) +0.599415205<x146>[B] (+0) -0.599415205<x147>[B] (+1) -0.599415205<x148>[B] (+0) +0.599415205<x149>[B] (+0) -0.599415205<x150>[B] (+1) +0.599415205<x151>[B] (+0) +0.599415205<x152>[B] (+1) +0.599415205<x153>[B] (+1) +0.599415205<x154>[B] (+0) +0.599415205<x155>[B] (+0) +0.599415205<x156>[B] (+1) +0.599415205<x157>[B] (+1) +0.599415205<x158>[B] (+1) -0.599415205<x159>[B] (+1) +0.599415205<x160>[B] (+1) +0.599415205<x161>[B] (+1) -0.599415205<x162>[B] (+1) -0.599415205<x163>[B] (+0) -0.599415205<x164>[B] (+0) -0.599415205<x165>[B] (+1) -0.599415205<x166>[B] (+0) +0.599415205<x167>[B] (+0) -0.599415205<x168>[B] (+1) +0.599415205<x169>[B] (+0) +0.599415205<x170>[B] (+1) -0.599415205<x171>[B] (+1) >= 17.233918128655;
;
violation: left hand side is violated by 0.017543859649134
4/5 feasible solutions given by solution candidate storage, new primal bound -2.522398e+02

presolving:
   (0.0s) symmetry computation started: requiring (bin +, int +, cont +), (fixed: bin -, int -, cont -)
   (0.0s) no symmetry present (symcode time: 0.00)
presolving (0 rounds: 0 fast, 0 medium, 0 exhaustive):
 0 deleted vars, 0 deleted constraints, 0 added constraints, 0 tightened bounds, 0 added holes, 0 changed sides, 0 changed coefficients
 0 implications, 0 cliques, 0 implied integral variables (0 bin, 0 int, 0 cont)
presolved problem has 181 variables (171 bin, 0 int, 10 cont) and 1973 constraints
   1973 constraints of type <linear>
Presolving Time: 0.00
transformed 4/4 original solutions to the transformed problem space

 time | node  | left  |LP iter|LP it/n|mem/heur|mdpt |vars |cons |rows |cuts |sepa|confs|strbr|  dualbound   | primalbound  |  gap   | compl. 
* 0.0s|     1 |     0 |   141 |     - |    LP  |   0 | 181 |1973 |1973 |   0 |  0 |   0 |   0 |-1.006023e+02 |-1.006023e+02 |   0.00%| unknown
  0.0s|     1 |     0 |   141 |     - |    11M |   0 | 181 |1973 |1973 |   0 |  0 |   0 |   0 |-1.006023e+02 |-1.006023e+02 |   0.00%| unknown

SCIP Status        : problem is solved [optimal solution found]
Solving Time (sec) : 0.02
Solving Nodes      : 1
Primal Bound       : -1.00602339181287e+02 (5 solutions)
Dual Bound         : -1.00602339181287e+02
Gap                : 0.00 %
  [linear] <c1974>: <x178>[C] (+37.3304094) +0.657894737<x1>[B] (+0) -0.657894737<x2>[B] (+0) -0.657894737<x3>[B] (+0) -0.657894737<x4>[B] (+0) -0.657894737<x5>[B] (+0) +0.657894737<x6>[B] (+0) +0.657894737<x7>[B] (+0) -0.657894737<x8>[B] (+0) -0.657894737<x9>[B] (+1) -0.657894737<x10>[B] (+1) -0.657894737<x11>[B] (+0) -0.657894737<x12>[B] (+0) -0.657894737<x13>[B] (+0) -0.657894737<x14>[B] (+0) -0.657894737<x15>[B] (+0) +0.657894737<x16>[B] (+0) +0.657894737<x17>[B] (+0) -0.657894737<x18>[B] (+0) -0.657894737<x19>[B] (+0) -0.657894737<x20>[B] (+0) -0.657894737<x21>[B] (+0) -0.657894737<x22>[B] (+0) +0.657894737<x23>[B] (+0) +0.657894737<x24>[B] (+0) -0.657894737<x25>[B] (+0) -0.657894737<x26>[B] (+1) -0.657894737<x27>[B] (+1) -0.657894737<x28>[B] (+1) -0.657894737<x29>[B] (+0) -0.657894737<x30>[B] (+0) -0.657894737<x31>[B] (+0) -0.657894737<x32>[B] (+1) +0.657894737<x33>[B] (+0) -0.657894737<x34>[B] (+0) -0.657894737<x35>[B] (+1) +0.657894737<x36>[B] (+1) +0.657894737<x37>[B] (+1) -0.657894737<x38>[B] (+1) +0.657894737<x39>[B] (+1) +0.657894737<x40>[B] (+1) -0.657894737<x41>[B] (+1) -0.657894737<x42>[B] (+1) -0.657894737<x43>[B] (+1) -0.657894737<x44>[B] (+1) -0.657894737<x45>[B] (+1) -0.657894737<x46>[B] (+1) -0.657894737<x47>[B] (+1) -0.657894737<x48>[B] (+1) +0.657894737<x49>[B] (+1) +0.657894737<x50>[B] (+1) -0.657894737<x51>[B] (+1) -0.657894737<x52>[B] (+0) -0.657894737<x53>[B] (+0) +0.657894737<x54>[B] (+0) +0.657894737<x55>[B] (+1) -0.657894737<x56>[B] (+0) -0.657894737<x57>[B] (+1) -0.657894737<x58>[B] (+1) -0.657894737<x59>[B] (+1) -0.657894737<x60>[B] (+0) -0.657894737<x61>[B] (+0) -0.657894737<x62>[B] (+1) -0.657894737<x63>[B] (+1) +0.657894737<x64>[B] (+0) +0.657894737<x65>[B] (+0) -0.657894737<x66>[B] (+1) -0.657894737<x67>[B] (+1) +0.657894737<x68>[B] (+0) +0.657894737<x69>[B] (+1) -0.657894737<x70>[B] (+1) -0.657894737<x71>[B] (+1) -0.657894737<x72>[B] (+1) -0.657894737<x73>[B] (+1) -0.657894737<x74>[B] (+1) -0.657894737<x75>[B] (+0) -0.657894737<x76>[B] (+1) -0.657894737<x77>[B] (+1) +0.657894737<x78>[B] (+0) +0.657894737<x79>[B] (+0) -0.657894737<x80>[B] (+1) +0.657894737<x81>[B] (+0) +0.657894737<x82>[B] (+1) -0.657894737<x83>[B] (+1) -0.657894737<x84>[B] (+1) -0.657894737<x85>[B] (+1) -0.657894737<x86>[B] (+1) -0.657894737<x87>[B] (+0) -0.657894737<x88>[B] (+0) -0.657894737<x89>[B] (+1) -0.657894737<x90>[B] (+1) +0.657894737<x91>[B] (+0) +0.657894737<x92>[B] (+0) -0.657894737<x93>[B] (+1) +0.657894737<x94>[B] (+1) -0.657894737<x95>[B] (+1) -0.657894737<x96>[B] (+1) -0.657894737<x97>[B] (+1) -0.657894737<x98>[B] (+1) -0.657894737<x99>[B] (+1) -0.657894737<x100>[B] (+0) -0.657894737<x101>[B] (+1) -0.657894737<x102>[B] (+1) -0.657894737<x103>[B] (+0) -0.657894737<x104>[B] (+0) -0.657894737<x105>[B] (+1) -0.657894737<x106>[B] (+0) -0.657894737<x107>[B] (+1) -0.657894737<x108>[B] (+1) -0.657894737<x109>[B] (+1) -0.657894737<x110>[B] (+0) -0.657894737<x111>[B] (+0) -0.657894737<x112>[B] (+1) -0.657894737<x113>[B] (+1) -0.657894737<x114>[B] (+0) -0.657894737<x115>[B] (+0) -0.657894737<x116>[B] (+1) -0.657894737<x117>[B] (+1) -0.657894737<x118>[B] (+1) -0.657894737<x119>[B] (+1) +0.657894737<x120>[B] (+0) -0.657894737<x121>[B] (+0) +0.657894737<x122>[B] (+1) -0.657894737<x123>[B] (+1) +0.657894737<x124>[B] (+0) +0.657894737<x125>[B] (+0) -0.657894737<x126>[B] (+1) -0.657894737<x127>[B] (+1) +0.657894737<x128>[B] (+0) +0.657894737<x129>[B] (+0) +0.657894737<x130>[B] (+0) +0.657894737<x131>[B] (+0) -0.657894737<x132>[B] (+0) +0.657894737<x133>[B] (+0) +0.657894737<x134>[B] (+0) +0.657894737<x135>[B] (+0) +0.657894737<x136>[B] (+0) +0.657894737<x137>[B] (+0) +0.657894737<x138>[B] (+0) +0.657894737<x139>[B] (+0) -0.657894737<x140>[B] (+0) +0.657894737<x141>[B] (+0) +0.657894737<x142>[B] (+0) +0.657894737<x143>[B] (+0) +0.657894737<x144>[B] (+0) -0.657894737<x145>[B] (+0) +0.657894737<x146>[B] (+0) -0.657894737<x147>[B] (+1) +0.657894737<x148>[B] (+0) +0.657894737<x149>[B] (+0) +0.657894737<x150>[B] (+1) -0.657894737<x151>[B] (+0) -0.657894737<x152>[B] (+1) -0.657894737<x153>[B] (+1) +0.657894737<x154>[B] (+0) +0.657894737<x155>[B] (+0) -0.657894737<x156>[B] (+1) +0.657894737<x157>[B] (+1) -0.657894737<x158>[B] (+1) +0.657894737<x159>[B] (+1) +0.657894737<x160>[B] (+1) +0.657894737<x161>[B] (+1) -0.657894737<x162>[B] (+1) +0.657894737<x163>[B] (+0) +0.657894737<x164>[B] (+0) -0.657894737<x165>[B] (+1) +0.657894737<x166>[B] (+0) +0.657894737<x167>[B] (+0) +0.657894737<x168>[B] (+1) -0.657894737<x169>[B] (+1) -0.657894737<x170>[B] (+1) -0.657894737<x171>[B] (+1) >= 3.12573099415205;
;
violation: left hand side is violated by 0.00584795321638776
4/5 feasible solutions given by solution candidate storage, new primal bound -2.522398e+02

presolving:
   (0.0s) symmetry computation started: requiring (bin +, int +, cont +), (fixed: bin -, int -, cont -)
   (0.0s) no symmetry present (symcode time: 0.00)
presolving (0 rounds: 0 fast, 0 medium, 0 exhaustive):
 0 deleted vars, 0 deleted constraints, 0 added constraints, 0 tightened bounds, 0 added holes, 0 changed sides, 0 changed coefficients
 0 implications, 0 cliques, 0 implied integral variables (0 bin, 0 int, 0 cont)
presolved problem has 181 variables (171 bin, 0 int, 10 cont) and 1976 constraints
   1976 constraints of type <linear>
Presolving Time: 0.00
transformed 4/4 original solutions to the transformed problem space

 time | node  | left  |LP iter|LP it/n|mem/heur|mdpt |vars |cons |rows |cuts |sepa|confs|strbr|  dualbound   | primalbound  |  gap   | compl. 
  0.0s|     1 |     0 |   137 |     - |    12M |   0 | 181 |1976 |1976 |   0 |  0 |   0 |   0 |-1.006140e+02 |-2.522398e+02 | 150.70%| unknown
r 0.0s|     1 |     0 |   137 |     - |shifting|   0 | 181 |1976 |1976 |   0 |  0 |   0 |   0 |-1.006140e+02 |-1.024503e+02 |   1.83%| unknown
  0.0s|     1 |     0 |   143 |     - |    12M |   0 | 181 |1976 |1977 |   1 |  1 |   0 |   0 |-1.006170e+02 |-1.024503e+02 |   1.82%| unknown
r 0.0s|     1 |     0 |   143 |     - |shifting|   0 | 181 |1976 |1977 |   1 |  1 |   0 |   0 |-1.006170e+02 |-1.021564e+02 |   1.53%| unknown
  0.0s|     1 |     0 |   143 |     - |    12M |   0 | 181 |1976 |1977 |   1 |  1 |   0 |   0 |-1.006170e+02 |-1.021564e+02 |   1.53%| unknown
  0.0s|     1 |     0 |   143 |     - |    12M |   0 | 181 |1976 |1447 |   1 |  1 |   0 |   0 |-1.006170e+02 |-1.021564e+02 |   1.53%| unknown
  0.0s|     1 |     0 |   144 |     - |    13M |   0 | 181 |1976 |1448 |   2 |  2 |   0 |   0 |-1.006199e+02 |-1.021564e+02 |   1.53%| unknown
  0.0s|     1 |     0 |   144 |     - |    13M |   0 | 181 |1412 |1448 |   2 |  3 |   0 |   0 |-1.006199e+02 |-1.021564e+02 |   1.53%| unknown
d 0.0s|     1 |     0 |   144 |     - |farkasdi|   0 | 181 |1412 |1448 |   0 |  4 |   0 |   0 |-1.006199e+02 |-1.006199e+02 |   0.00%| unknown
  0.0s|     1 |     0 |   144 |     - |    13M |   0 | 181 |1412 |1448 |   2 |  4 |   0 |   0 |-1.006199e+02 |-1.006199e+02 |   0.00%| unknown

SCIP Status        : problem is solved [optimal solution found]
Solving Time (sec) : 0.03
Solving Nodes      : 1
Primal Bound       : -1.00619883040936e+02 (7 solutions)
Dual Bound         : -1.00619883040936e+02
Gap                : 0.00 %
