Loading instance...
Median ranking: [18, 13, 14, 5, 16, 9, 3, 19, 1, 2, 6, 17, 12, 15, 10, 4, 11, 7, 8]
Mean ranking: [18, 13, 14, 5, 2, 16, 3, 19, 1, 6, 17, 10, 9, 12, 15, 4, 11, 7, 8]
Actual error: 0.001148951581681712
Weighted Kendall distance: 158.0
Normalized distance: 0.06929824561403508
, 0 chg sides, 0 chg coeffs, 0 upgd conss, 0 impls, 0 clqs, 0 implints
   (0.0s) symmetry computation started: requiring (bin +, int +, cont +), (fixed: bin -, int -, cont -)
   (0.0s) no symmetry present (symcode time: 0.00)
presolving (2 rounds: 2 fast, 2 medium, 1 exhaustive):
 0 deleted vars, 1938 deleted constraints, 969 added constraints, 0 tightened bounds, 0 added holes, 0 changed sides, 0 changed coefficients
 0 implications, 0 cliques, 0 implied integral variables (0 bin, 0 int, 0 cont)
presolved problem has 171 variables (0 bin, 0 int, 171 cont) and 969 constraints
    969 constraints of type <linear>
Presolving Time: 0.01
transformed 3/3 original solutions to the transformed problem space

 time | node  | left  |LP iter|LP it/n|mem/heur|mdpt |vars |cons |rows |cuts |sepa|confs|strbr|  dualbound   | primalbound  |  gap   | compl. 
* 0.0s|     1 |     0 |    49 |     - |    LP  |   0 | 171 | 969 | 969 |   0 |  0 |   0 |   0 | 1.980000e+02 | 1.980000e+02 |   0.00%| unknown
  0.0s|     1 |     0 |    49 |     - |  6284k |   0 | 171 | 969 | 969 |   0 |  0 |   0 |   0 | 1.980000e+02 | 1.980000e+02 |   0.00%| unknown

SCIP Status        : problem is solved [optimal solution found]
Solving Time (sec) : 0.02
Solving Nodes      : 1
Primal Bound       : +1.98000000000000e+02 (4 solutions)
Dual Bound         : +1.98000000000000e+02
Gap                : 0.00 %
feasible solution found by trivial heuristic after 0.0 seconds, objective value 0.000000e+00
presolving:
   (0.0s) running MILP presolver
   (0.0s) MILP presolver (2 rounds): 0 aggregations, 0 fixings, 0 bound changes
(round 1, medium)     0 del vars, 1938 del conss, 969 add conss, 0 chg bounds, 0 chg sides, 0 chg coeffs, 0 upgd conss, 0 impls, 0 clqs, 0 implints
   (0.0s) probing: 51/171 (29.8%) - 0 fixings, 0 aggregations, 0 implications, 0 bound changes
   (0.0s) probing aborted: 50/50 successive totally useless probings
   (0.0s) symmetry computation started: requiring (bin +, int +, cont +), (fixed: bin -, int -, cont -)
   (0.0s) no symmetry present (symcode time: 0.00)
presolving (2 rounds: 2 fast, 2 medium, 1 exhaustive):
 0 deleted vars, 1938 deleted constraints, 969 added constraints, 0 tightened bounds, 0 added holes, 0 changed sides, 0 changed coefficients
 0 implications, 0 cliques, 0 implied integral variables (0 bin, 0 int, 0 cont)
presolved problem has 171 variables (171 bin, 0 int, 0 cont) and 969 constraints
    969 constraints of type <linear>
transformed objective value is always integral (scale: 2)
Presolving Time: 0.01
transformed 2/2 original solutions to the transformed problem space

 time | node  | left  |LP iter|LP it/n|mem/heur|mdpt |vars |cons |rows |cuts |sepa|confs|strbr|  dualbound   | primalbound  |  gap   | compl. 
p 0.0s|     1 |     0 |     0 |     - |   locks|   0 | 171 | 969 | 969 |   0 |  0 |   0 |   0 | 2.280000e+02 | 5.000000e+01 | 356.00%| unknown
i 0.0s|     1 |     0 |     0 |     - |  oneopt|   0 | 171 | 969 | 969 |   0 |  0 |   0 |   0 | 2.280000e+02 | 1.500000e+02 |  52.00%| unknown
* 0.0s|     1 |     0 |    47 |     - |    LP  |   0 | 171 | 969 | 969 |   0 |  0 |   0 |   0 | 1.980000e+02 | 1.980000e+02 |   0.00%| unknown
  0.0s|     1 |     0 |    47 |     - |  6446k |   0 | 171 | 969 | 969 |   0 |  0 |   0 |   0 | 1.980000e+02 | 1.980000e+02 |   0.00%| unknown

SCIP Status        : problem is solved [optimal solution found]
Solving Time (sec) : 0.02
Solving Nodes      : 1
Primal Bound       : +1.98000000000000e+02 (5 solutions)
Dual Bound         : +1.98000000000000e+02
Gap                : 0.00 %
feasible solution found by trivial heuristic after 0.1 seconds, objective value -2.000164e+06
presolving:
(round 1, fast)       0 del vars, 0 del conss, 0 add conss, 40 chg bounds, 0 chg sides, 0 chg coeffs, 0 upgd conss, 0 impls, 0 clqs, 0 implints
   (0.5s) running MILP presolver
   (0.6s) MILP presolver (2 rounds): 0 aggregations, 0 fixings, 0 bound changes
(round 2, exhaustive) 0 del vars, 969 del conss, 0 add conss, 40 chg bounds, 0 chg sides, 0 chg coeffs, 0 upgd conss, 0 impls, 0 clqs, 0 implints
   (1.0s) symmetry computation started: requiring (bin +, int +, cont +), (fixed: bin -, int -, cont -)
   (1.2s) no symmetry present (symcode time: 0.01)
presolving (3 rounds: 3 fast, 2 medium, 2 exhaustive):
 0 deleted vars, 969 deleted constraints, 0 added constraints, 40 tightened bounds, 0 added holes, 0 changed sides, 0 changed coefficients
 0 implications, 0 cliques, 0 implied integral variables (0 bin, 0 int, 0 cont)
presolved problem has 191 variables (0 bin, 0 int, 191 cont) and 4389 constraints
   4389 constraints of type <linear>
Presolving Time: 1.14

 time | node  | left  |LP iter|LP it/n|mem/heur|mdpt |vars |cons |rows |cuts |sepa|confs|strbr|  dualbound   | primalbound  |  gap   | compl. 
t 1.2s|     1 |     0 |     0 |     - | trivial|   0 | 191 |4389 |   0 |   0 |  0 |   0 |   0 | 2.280000e+02 |-1.874000e+03 |    Inf | unknown
* 1.4s|     1 |     0 |   441 |     - |    LP  |   0 | 191 |4389 |4389 |   0 |  0 |   0 |   0 |-3.869691e+02 |-3.869691e+02 |   0.00%| unknown
  1.4s|     1 |     0 |   441 |     - |   339M |   0 | 191 |4389 |4389 |   0 |  0 |   0 |   0 |-3.869691e+02 |-3.869691e+02 |   0.00%| unknown

SCIP Status        : problem is solved [optimal solution found]
Solving Time (sec) : 1.42
Solving Nodes      : 1
Primal Bound       : -3.86969089390142e+02 (3 solutions)
Dual Bound         : -3.86969089390142e+02
Gap                : 0.00 %
feasible solution found by trivial heuristic after 0.0 seconds, objective value -2.000164e+06
presolving:
(round 1, fast)       0 del vars, 0 del conss, 0 add conss, 40 chg bounds, 0 chg sides, 0 chg coeffs, 0 upgd conss, 0 impls, 0 clqs, 0 implints
   (0.3s) running MILP presolver
   (0.5s) MILP presolver (2 rounds): 0 aggregations, 0 fixings, 0 bound changes
(round 2, exhaustive) 0 del vars, 969 del conss, 0 add conss, 40 chg bounds, 0 chg sides, 0 chg coeffs, 0 upgd conss, 0 impls, 0 clqs, 0 implints
   (1.0s) probing: 51/171 (29.8%) - 0 fixings, 0 aggregations, 0 implications, 0 bound changes
   (1.0s) probing aborted: 50/50 successive totally useless probings
   (1.1s) symmetry computation started: requiring (bin +, int +, cont +), (fixed: bin -, int -, cont -)
   (1.2s) no symmetry present (symcode time: 0.01)
presolving (3 rounds: 3 fast, 2 medium, 2 exhaustive):
 0 deleted vars, 969 deleted constraints, 0 added constraints, 40 tightened bounds, 0 added holes, 0 changed sides, 0 changed coefficients
 0 implications, 0 cliques, 0 implied integral variables (0 bin, 0 int, 0 cont)
presolved problem has 191 variables (171 bin, 0 int, 20 cont) and 4389 constraints
   4389 constraints of type <linear>
Presolving Time: 1.18

 time | node  | left  |LP iter|LP it/n|mem/heur|mdpt |vars |cons |rows |cuts |sepa|confs|strbr|  dualbound   | primalbound  |  gap   | compl. 
t 1.2s|     1 |     0 |     0 |     - | trivial|   0 | 191 |4389 |   0 |   0 |  0 |   0 |   0 | 2.280000e+02 |-1.874000e+03 |    Inf | unknown
p 1.5s|     1 |     0 |    19 |     - |   locks|   0 | 191 |4389 |4389 |   0 |  0 |   0 |   0 | 2.280000e+02 |-6.400760e+02 |    Inf | unknown
  1.6s|     1 |     0 |   460 |     - |   340M |   0 | 191 |4389 |4389 |   0 |  0 |   0 |   0 |-3.869691e+02 |-6.400760e+02 |  65.41%| unknown
r 1.7s|     1 |     0 |   460 |     - |shifting|   0 | 191 |4389 |4389 |   0 |  0 |   0 |   0 |-3.869691e+02 |-4.089282e+02 |   5.67%| unknown
  1.7s|     1 |     0 |   463 |     - |   341M |   0 | 191 |4389 |4390 |   1 |  1 |   0 |   0 |-3.869791e+02 |-4.089282e+02 |   5.67%| unknown
  1.8s|     1 |     0 |   466 |     - |   342M |   0 | 191 |4389 |4391 |   2 |  2 |   0 |   0 |-3.869891e+02 |-4.089282e+02 |   5.67%| unknown
r 1.8s|     1 |     0 |   466 |     - |shifting|   0 | 191 |4389 |4391 |   2 |  2 |   0 |   0 |-3.869891e+02 |-3.983943e+02 |   2.95%| unknown
  1.9s|     1 |     0 |   470 |     - |   342M |   0 | 191 |4389 |4392 |   3 |  3 |   0 |   0 |-3.869992e+02 |-3.983943e+02 |   2.94%| unknown
  1.9s|     1 |     0 |   476 |     - |   343M |   0 | 191 |4389 |4393 |   4 |  4 |   0 |   0 |-3.870092e+02 |-3.983943e+02 |   2.94%| unknown
  2.0s|     1 |     0 |   482 |     - |   343M |   0 | 191 |4389 |4394 |   5 |  5 |   0 |   0 |-3.870187e+02 |-3.983943e+02 |   2.94%| unknown
  2.1s|     1 |     0 |   488 |     - |   343M |   0 | 191 |4389 |4395 |   6 |  6 |   0 |   0 |-3.870326e+02 |-3.983943e+02 |   2.94%| unknown
  2.1s|     1 |     0 |   498 |     - |   344M |   0 | 191 |4389 |4396 |   7 |  7 |   0 |   0 |-3.870409e+02 |-3.983943e+02 |   2.93%| unknown
  2.2s|     1 |     0 |   504 |     - |   344M |   0 | 191 |4389 |4397 |   8 |  8 |   0 |   0 |-3.870487e+02 |-3.983943e+02 |   2.93%| unknown
  2.3s|     1 |     0 |   506 |     - |   345M |   0 | 191 |4389 |4398 |   9 |  9 |   0 |   0 |-3.870526e+02 |-3.983943e+02 |   2.93%| unknown
  2.3s|     1 |     0 |   515 |     - |   345M |   0 | 191 |4389 |4399 |  10 | 10 |   0 |   0 |-3.870564e+02 |-3.983943e+02 |   2.93%| unknown
 time | node  | left  |LP iter|LP it/n|mem/heur|mdpt |vars |cons |rows |cuts |sepa|confs|strbr|  dualbound   | primalbound  |  gap   | compl. 
r 2.4s|     1 |     0 |   553 |     - |intshift|   0 | 191 |4389 |4399 |  10 | 11 |   0 |   0 |-3.870564e+02 |-3.914094e+02 |   1.12%| unknown
d 2.4s|     1 |     0 |   610 |     - |farkasdi|   0 | 191 |4389 |4399 |   0 | 11 |   0 |   0 |-3.870564e+02 |-3.874795e+02 |   0.11%| unknown
L 2.5s|     1 |     0 |   610 |     - |    rens|   0 | 191 |4389 |4399 |  10 | 11 |   0 |   0 |-3.870564e+02 |-3.872105e+02 |   0.04%| unknown
  2.6s|     1 |     0 |   610 |     - |   351M |   0 | 191 |4389 |4399 |  10 | 11 |   0 |   0 |-3.870564e+02 |-3.872105e+02 |   0.04%| unknown
  2.7s|     1 |     0 |   610 |     - |   351M |   0 | 191 |4389 |3721 |  10 | 11 |   0 |   0 |-3.870564e+02 |-3.872105e+02 |   0.04%| unknown
  2.7s|     1 |     0 |   610 |     - |   352M |   0 | 191 |3146 |3721 |  10 | 12 |   0 |   0 |-3.870564e+02 |-3.872105e+02 |   0.04%| unknown
(run 1, node 1) restarting after 121 global fixings of integer variables

(restart) converted 10 cuts from the global cut pool into linear constraints

presolving:
(round 1, fast)       121 del vars, 0 del conss, 0 add conss, 0 chg bounds, 192 chg sides, 100 chg coeffs, 0 upgd conss, 0 impls, 141 clqs, 0 implints
(round 2, fast)       121 del vars, 0 del conss, 0 add conss, 20 chg bounds, 192 chg sides, 100 chg coeffs, 0 upgd conss, 0 impls, 141 clqs, 0 implints
   (2.8s) running MILP presolver
   (2.9s) MILP presolver (3 rounds): 0 aggregations, 0 fixings, 20 bound changes
(round 3, medium)     121 del vars, 0 del conss, 0 add conss, 40 chg bounds, 192 chg sides, 100 chg coeffs, 0 upgd conss, 0 impls, 141 clqs, 0 implints
(round 4, fast)       121 del vars, 10 del conss, 0 add conss, 40 chg bounds, 219 chg sides, 150 chg coeffs, 0 upgd conss, 0 impls, 141 clqs, 0 implints
(round 5, exhaustive) 121 del vars, 10 del conss, 0 add conss, 40 chg bounds, 219 chg sides, 150 chg coeffs, 141 upgd conss, 0 impls, 141 clqs, 0 implints
presolving (6 rounds: 6 fast, 3 medium, 2 exhaustive):
 121 deleted vars, 10 deleted constraints, 0 added constraints, 40 tightened bounds, 0 added holes, 219 changed sides, 150 changed coefficients
 0 implications, 141 cliques, 0 implied integral variables (0 bin, 0 int, 0 cont)
presolved problem has 70 variables (50 bin, 0 int, 20 cont) and 3146 constraints
    141 constraints of type <setppc>
   3005 constraints of type <linear>
Presolving Time: 1.48
transformed 15/18 original solutions to the transformed problem space

 time | node  | left  |LP iter|LP it/n|mem/heur|mdpt |vars |cons |rows |cuts |sepa|confs|strbr|  dualbound   | primalbound  |  gap   | compl. 
  3.3s|     1 |     0 |   826 |     - |   352M |   0 |  70 |3149 |3146 |   0 |  0 |   2 |   0 |-3.870564e+02 |-3.872105e+02 |   0.04%| unknown
  3.3s|     1 |     0 |   826 |     - |   352M |   0 |  70 |3149 |3044 |   0 |  0 |   2 |   0 |-3.870564e+02 |-3.872105e+02 |   0.04%| unknown
  3.4s|     1 |     0 |   840 |     - |   352M |   0 |  70 |3092 |2931 |   2 |  1 |   2 |   0 |-3.870677e+02 |-3.872105e+02 |   0.04%| unknown
  3.4s|     1 |     0 |   843 |     - |   352M |   0 |  70 |3042 |2932 |   3 |  2 |   2 |   0 |-3.870760e+02 |-3.872105e+02 |   0.03%| unknown
  3.4s|     1 |     0 |   863 |     - |   353M |   0 |  70 |3042 |2933 |   4 |  3 |   2 |   0 |-3.870804e+02 |-3.872105e+02 |   0.03%| unknown
  3.5s|     1 |     0 |   870 |     - |   353M |   0 |  70 |3042 |2935 |   6 |  4 |   2 |   0 |-3.870852e+02 |-3.872105e+02 |   0.03%| unknown
  3.5s|     1 |     0 |   873 |     - |   353M |   0 |  70 |3041 |2937 |   8 |  5 |   2 |   0 |-3.870873e+02 |-3.872105e+02 |   0.03%| unknown
  3.5s|     1 |     0 |   878 |     - |   354M |   0 |  70 |3041 |2940 |  11 |  6 |   2 |   0 |-3.870906e+02 |-3.872105e+02 |   0.03%| unknown
  3.6s|     1 |     0 |   887 |     - |   354M |   0 |  70 |3041 |2941 |  12 |  7 |   2 |   0 |-3.870945e+02 |-3.872105e+02 |   0.03%| unknown
  3.6s|     1 |     0 |   888 |     - |   354M |   0 |  70 |3041 |2942 |  13 |  8 |   2 |   0 |-3.870945e+02 |-3.872105e+02 |   0.03%| unknown
  3.6s|     1 |     0 |   894 |     - |   355M |   0 |  70 |3041 |2943 |  14 |  9 |   2 |   0 |-3.870951e+02 |-3.872105e+02 |   0.03%| unknown
  3.7s|     1 |     0 |   897 |     - |   355M |   0 |  70 |3041 |2944 |  15 | 10 |   2 |   0 |-3.870955e+02 |-3.872105e+02 |   0.03%| unknown
  3.7s|     1 |     0 |   900 |     - |   355M |   0 |  70 |3041 |2945 |  16 | 11 |   2 |   0 |-3.870958e+02 |-3.872105e+02 |   0.03%| unknown
  3.7s|     1 |     0 |   900 |     - |   355M |   0 |  70 |2531 |2945 |  16 | 11 |   2 |   0 |-3.870958e+02 |-3.872105e+02 |   0.03%| unknown
  3.7s|     1 |     0 |   905 |     - |   355M |   0 |  70 |2531 |2946 |  17 | 12 |   2 |   0 |-3.870962e+02 |-3.872105e+02 |   0.03%| unknown
 time | node  | left  |LP iter|LP it/n|mem/heur|mdpt |vars |cons |rows |cuts |sepa|confs|strbr|  dualbound   | primalbound  |  gap   | compl. 
  3.8s|     1 |     0 |   915 |     - |   355M |   0 |  70 |2531 |2946 |  18 | 13 |   2 |   0 |-3.870971e+02 |-3.872105e+02 |   0.03%| unknown
(run 2, node 1) restarting after 29 global fixings of integer variables

(restart) converted 18 cuts from the global cut pool into linear constraints

presolving:
(round 1, fast)       38 del vars, 1 del conss, 0 add conss, 1 chg bounds, 363 chg sides, 653 chg coeffs, 0 upgd conss, 0 impls, 22 clqs, 0 implints
(round 2, fast)       46 del vars, 413 del conss, 0 add conss, 37 chg bounds, 814 chg sides, 1529 chg coeffs, 0 upgd conss, 0 impls, 28 clqs, 0 implints
(round 3, fast)       46 del vars, 492 del conss, 0 add conss, 38 chg bounds, 864 chg sides, 1673 chg coeffs, 0 upgd conss, 0 impls, 28 clqs, 0 implints
(round 4, fast)       46 del vars, 492 del conss, 0 add conss, 58 chg bounds, 864 chg sides, 1673 chg coeffs, 0 upgd conss, 0 impls, 28 clqs, 0 implints
(round 5, fast)       46 del vars, 513 del conss, 0 add conss, 70 chg bounds, 1064 chg sides, 2081 chg coeffs, 0 upgd conss, 0 impls, 28 clqs, 0 implints
(round 6, fast)       46 del vars, 531 del conss, 0 add conss, 70 chg bounds, 1132 chg sides, 2225 chg coeffs, 0 upgd conss, 0 impls, 28 clqs, 0 implints
   (3.9s) running MILP presolver
   (3.9s) MILP presolver (4 rounds): 0 aggregations, 0 fixings, 17 bound changes
(round 7, medium)     46 del vars, 531 del conss, 0 add conss, 87 chg bounds, 1132 chg sides, 2225 chg coeffs, 0 upgd conss, 0 impls, 28 clqs, 0 implints
(round 8, fast)       46 del vars, 553 del conss, 0 add conss, 87 chg bounds, 1562 chg sides, 3029 chg coeffs, 0 upgd conss, 0 impls, 28 clqs, 0 implints
(round 9, exhaustive) 46 del vars, 573 del conss, 0 add conss, 87 chg bounds, 1562 chg sides, 3029 chg coeffs, 0 upgd conss, 0 impls, 28 clqs, 0 implints
(round 10, exhaustive) 46 del vars, 573 del conss, 0 add conss, 87 chg bounds, 1562 chg sides, 3029 chg coeffs, 17 upgd conss, 0 impls, 28 clqs, 0 implints
presolving (11 rounds: 11 fast, 4 medium, 3 exhaustive):
 46 deleted vars, 573 deleted constraints, 0 added constraints, 87 tightened bounds, 0 added holes, 1562 changed sides, 3029 changed coefficients
 0 implications, 28 cliques, 0 implied integral variables (0 bin, 0 int, 0 cont)
presolved problem has 32 variables (12 bin, 0 int, 20 cont) and 1979 constraints
     28 constraints of type <setppc>
   1951 constraints of type <linear>
Presolving Time: 1.56
transformed 1/32 original solutions to the transformed problem space

 time | node  | left  |LP iter|LP it/n|mem/heur|mdpt |vars |cons |rows |cuts |sepa|confs|strbr|  dualbound   | primalbound  |  gap   | compl. 
  4.0s|     1 |     0 |  1062 |     - |   356M |   0 |  32 |1979 |1978 |   0 |  0 |   5 |   0 |-3.872105e+02 |-3.872105e+02 |   0.00%| unknown

SCIP Status        : problem is solved [optimal solution found]
Solving Time (sec) : 3.96
Solving Nodes      : 1 (total of 3 nodes in 3 runs)
Primal Bound       : -3.87210526315789e+02 (32 solutions)
Dual Bound         : -3.87210526315789e+02
Gap                : 0.00 %
feasible solution found by trivial heuristic after 0.0 seconds, objective value 0.000000e+00
presolving:
   (0.0s) symmetry computation started: requiring (bin +, int +, cont +), (fixed: bin -, int -, cont -)
   (0.0s) symmetry computation finished: 19 generators found (max: 1500, log10 of symmetry group size: 18.39) (symcode time: 0.00)
dynamic symmetry handling statistics:
   orbitopal reduction:       no components
   orbital reduction:         no components
   lexicographic reduction:   no permutations
handled 1 out of 1 symmetry components
presolving (0 rounds: 0 fast, 0 medium, 0 exhaustive):
 0 deleted vars, 0 deleted constraints, 0 added constraints, 0 tightened bounds, 0 added holes, 0 changed sides, 0 changed coefficients
 0 implications, 0 cliques, 0 implied integral variables (0 bin, 0 int, 0 cont)
presolved problem has 191 variables (171 bin, 0 int, 20 cont) and 1957 constraints
   1957 constraints of type <linear>
Presolving Time: 0.00
transformed 2/2 original solutions to the transformed problem space

 time | node  | left  |LP iter|LP it/n|mem/heur|mdpt |vars |cons |rows |cuts |sepa|confs|strbr|  dualbound   | primalbound  |  gap   | compl. 
i 0.0s|     1 |     0 |     0 |     - |  oneopt|   0 | 191 |1938 |1938 |   0 |  0 |   0 |   0 | 2.280000e+02 | 1.300000e+02 |  75.38%| unknown
* 0.0s|     1 |     0 |    47 |     - |    LP  |   0 | 191 |1938 |1938 |   0 |  0 |   0 |   0 | 1.980000e+02 | 1.980000e+02 |   0.00%| unknown
  0.0s|     1 |     0 |    47 |     - |  8704k |   0 | 191 |1938 |1938 |   0 |  0 |   0 |   0 | 1.980000e+02 | 1.980000e+02 |   0.00%| unknown

SCIP Status        : problem is solved [optimal solution found]
Solving Time (sec) : 0.01
Solving Nodes      : 1
Primal Bound       : +1.98000000000000e+02 (5 solutions)
Dual Bound         : +1.98000000000000e+02
Gap                : 0.00 %
  [linear] <c1939>: <x172>[C] (+0) +0.494152047<x1>[B] (+1) +0.494152047<x2>[B] (+0) +0.494152047<x3>[B] (+1) +0.494152047<x4>[B] (+0) +0.494152047<x5>[B] (+1) +0.494152047<x6>[B] (+1) +0.494152047<x7>[B] (+1) +0.494152047<x8>[B] (+0) +0.494152047<x9>[B] (+1) +0.494152047<x10>[B] (+1) +0.494152047<x11>[B] (+1) +0.494152047<x12>[B] (+0) +0.494152047<x13>[B] (+0) +0.494152047<x14>[B] (+1) +0.494152047<x15>[B] (+0) +0.494152047<x16>[B] (+1) +0.494152047<x17>[B] (+0) +0.494152047<x18>[B] (+0) -0.494152047<x19>[B] (+0) +0.494152047<x20>[B] (+1) +0.494152047<x21>[B] (+0) +0.494152047<x22>[B] (+1) +0.494152047<x23>[B] (+1) +0.494152047<x24>[B] (+1) -0.494152047<x25>[B] (+0) +0.494152047<x26>[B] (+1) -0.494152047<x27>[B] (+1) +0.494152047<x28>[B] (+1) -0.494152047<x29>[B] (+0) +0.494152047<x30>[B] (+0) +0.494152047<x31>[B] (+1) +0.494152047<x32>[B] (+0) -0.494152047<x33>[B] (+1) +0.494152047<x34>[B] (+0) -0.494152047<x35>[B] (+0) +0.494152047<x36>[B] (+1) +0.494152047<x37>[B] (+0) +0.494152047<x38>[B] (+1) +0.494152047<x39>[B] (+1) +0.494152047<x40>[B] (+1) +0.494152047<x41>[B] (+0) +0.494152047<x42>[B] (+1) +0.494152047<x43>[B] (+1) +0.494152047<x44>[B] (+1) +0.494152047<x45>[B] (+0) +0.494152047<x46>[B] (+0) +0.494152047<x47>[B] (+1) +0.494152047<x48>[B] (+0) +0.494152047<x49>[B] (+1) +0.494152047<x50>[B] (+0) +0.494152047<x51>[B] (+1) +0.494152047<x52>[B] (+0) +0.494152047<x53>[B] (+0) +0.494152047<x54>[B] (+1) -0.494152047<x55>[B] (+1) -0.494152047<x56>[B] (+0) +0.494152047<x57>[B] (+0) -0.494152047<x58>[B] (+1) +0.494152047<x59>[B] (+0) -0.494152047<x60>[B] (+0) +0.494152047<x61>[B] (+0) -0.494152047<x62>[B] (+0) +0.494152047<x63>[B] (+0) -0.494152047<x64>[B] (+0) +0.494152047<x65>[B] (+0) -0.494152047<x66>[B] (+0) +0.494152047<x67>[B] (+1) -0.494152047<x68>[B] (+1) -0.494152047<x69>[B] (+1) -0.494152047<x70>[B] (+1) +0.494152047<x71>[B] (+1) -0.494152047<x72>[B] (+1) +0.494152047<x73>[B] (+1) -0.494152047<x74>[B] (+0) +0.494152047<x75>[B] (+0) -0.494152047<x76>[B] (+1) +0.494152047<x77>[B] (+1) -0.494152047<x78>[B] (+1) -0.494152047<x79>[B] (+0) -0.494152047<x80>[B] (+1) -0.494152047<x81>[B] (+1) -0.494152047<x82>[B] (+1) -0.494152047<x83>[B] (+0) -0.494152047<x84>[B] (+1) -0.494152047<x85>[B] (+1) -0.494152047<x86>[B] (+1) -0.494152047<x87>[B] (+0) -0.494152047<x88>[B] (+0) -0.494152047<x89>[B] (+1) -0.494152047<x90>[B] (+0) -0.494152047<x91>[B] (+1) -0.494152047<x92>[B] (+0) -0.494152047<x93>[B] (+0) -0.494152047<x94>[B] (+1) -0.494152047<x95>[B] (+0) +0.494152047<x96>[B] (+0) -0.494152047<x97>[B] (+0) +0.494152047<x98>[B] (+0) -0.494152047<x99>[B] (+0) +0.494152047<x100>[B] (+0) -0.494152047<x101>[B] (+0) +0.494152047<x102>[B] (+0) -0.494152047<x103>[B] (+0) +0.494152047<x104>[B] (+0) -0.494152047<x105>[B] (+0) -0.494152047<x106>[B] (+0) +0.494152047<x107>[B] (+0) -0.494152047<x108>[B] (+0) +0.494152047<x109>[B] (+0) -0.494152047<x110>[B] (+0) +0.494152047<x111>[B] (+0) +0.494152047<x112>[B] (+0) +0.494152047<x113>[B] (+0) -0.494152047<x114>[B] (+0) +0.494152047<x115>[B] (+0) -0.494152047<x116>[B] (+0) +0.494152047<x117>[B] (+1) -0.494152047<x118>[B] (+1) +0.494152047<x119>[B] (+1) -0.494152047<x120>[B] (+0) +0.494152047<x121>[B] (+0) +0.494152047<x122>[B] (+1) +0.494152047<x123>[B] (+0) -0.494152047<x124>[B] (+1) +0.494152047<x125>[B] (+0) -0.494152047<x126>[B] (+1) -0.494152047<x127>[B] (+1) -0.494152047<x128>[B] (+0) -0.494152047<x129>[B] (+0) -0.494152047<x130>[B] (+0) -0.494152047<x131>[B] (+0) -0.494152047<x132>[B] (+0) -0.494152047<x133>[B] (+0) -0.494152047<x134>[B] (+0) -0.494152047<x135>[B] (+0) +0.494152047<x136>[B] (+0) +0.494152047<x137>[B] (+0) +0.494152047<x138>[B] (+0) +0.494152047<x139>[B] (+0) +0.494152047<x140>[B] (+0) -0.494152047<x141>[B] (+0) +0.494152047<x142>[B] (+0) -0.494152047<x143>[B] (+0) -0.494152047<x144>[B] (+0) +0.494152047<x145>[B] (+0) -0.494152047<x146>[B] (+1) -0.494152047<x147>[B] (+0) -0.494152047<x148>[B] (+0) -0.494152047<x149>[B] (+0) -0.494152047<x150>[B] (+0) +0.494152047<x151>[B] (+1) +0.494152047<x152>[B] (+1) +0.494152047<x153>[B] (+1) -0.494152047<x154>[B] (+1) +0.494152047<x155>[B] (+0) -0.494152047<x156>[B] (+1) -0.494152047<x157>[B] (+1) -0.494152047<x158>[B] (+1) -0.494152047<x159>[B] (+1) -0.494152047<x160>[B] (+0) -0.494152047<x161>[B] (+1) +0.494152047<x162>[B] (+0) -0.494152047<x163>[B] (+0) +0.494152047<x164>[B] (+0) -0.494152047<x165>[B] (+0) -0.494152047<x166>[B] (+1) -0.494152047<x167>[B] (+0) -0.494152047<x168>[B] (+1) +0.494152047<x169>[B] (+0) +0.494152047<x170>[B] (+0) -0.494152047<x171>[B] (+1) >= 23.5964912280702;
;
violation: left hand side is violated by 21.125730994152
  [linear] <c1939>: <x172>[C] (+0) +0.494152047<x1>[B] (+1) +0.494152047<x2>[B] (+0) +0.494152047<x3>[B] (+0) +0.494152047<x4>[B] (+0) +0.494152047<x5>[B] (+0) +0.494152047<x6>[B] (+1) +0.494152047<x7>[B] (+1) +0.494152047<x8>[B] (+0) +0.494152047<x9>[B] (+0) +0.494152047<x10>[B] (+0) +0.494152047<x11>[B] (+0) +0.494152047<x12>[B] (+0) +0.494152047<x13>[B] (+0) +0.494152047<x14>[B] (+0) +0.494152047<x15>[B] (+0) +0.494152047<x16>[B] (+0) +0.494152047<x17>[B] (+0) +0.494152047<x18>[B] (+0) -0.494152047<x19>[B] (+0) +0.494152047<x20>[B] (+0) +0.494152047<x21>[B] (+0) +0.494152047<x22>[B] (+0) +0.494152047<x23>[B] (+1) +0.494152047<x24>[B] (+1) -0.494152047<x25>[B] (+0) +0.494152047<x26>[B] (+0) -0.494152047<x27>[B] (+0) +0.494152047<x28>[B] (+0) -0.494152047<x29>[B] (+0) +0.494152047<x30>[B] (+0) +0.494152047<x31>[B] (+0) +0.494152047<x32>[B] (+0) -0.494152047<x33>[B] (+0) +0.494152047<x34>[B] (+0) -0.494152047<x35>[B] (+0) +0.494152047<x36>[B] (+1) +0.494152047<x37>[B] (+0) +0.494152047<x38>[B] (+0) +0.494152047<x39>[B] (+1) +0.494152047<x40>[B] (+1) +0.494152047<x41>[B] (+0) +0.494152047<x42>[B] (+0) +0.494152047<x43>[B] (+0) +0.494152047<x44>[B] (+0) +0.494152047<x45>[B] (+0) +0.494152047<x46>[B] (+0) +0.494152047<x47>[B] (+0) +0.494152047<x48>[B] (+0) +0.494152047<x49>[B] (+0) +0.494152047<x50>[B] (+0) +0.494152047<x51>[B] (+0) +0.494152047<x52>[B] (+0) +0.494152047<x53>[B] (+0) +0.494152047<x54>[B] (+1) -0.494152047<x55>[B] (+1) -0.494152047<x56>[B] (+0) +0.494152047<x57>[B] (+0) -0.494152047<x58>[B] (+0) +0.494152047<x59>[B] (+0) -0.494152047<x60>[B] (+0) +0.494152047<x61>[B] (+0) -0.494152047<x62>[B] (+0) +0.494152047<x63>[B] (+0) -0.494152047<x64>[B] (+0) +0.494152047<x65>[B] (+0) -0.494152047<x66>[B] (+0) +0.494152047<x67>[B] (+0) -0.494152047<x68>[B] (+1) -0.494152047<x69>[B] (+1) -0.494152047<x70>[B] (+1) +0.494152047<x71>[B] (+0) -0.494152047<x72>[B] (+0) +0.494152047<x73>[B] (+0) -0.494152047<x74>[B] (+0) +0.494152047<x75>[B] (+0) -0.494152047<x76>[B] (+0) +0.494152047<x77>[B] (+0) -0.494152047<x78>[B] (+0) -0.494152047<x79>[B] (+0) -0.494152047<x80>[B] (+0) -0.494152047<x81>[B] (+1) -0.494152047<x82>[B] (+1) -0.494152047<x83>[B] (+1) -0.494152047<x84>[B] (+1) -0.494152047<x85>[B] (+1) -0.494152047<x86>[B] (+1) -0.494152047<x87>[B] (+0) -0.494152047<x88>[B] (+0) -0.494152047<x89>[B] (+1) -0.494152047<x90>[B] (+0) -0.494152047<x91>[B] (+1) -0.494152047<x92>[B] (+0) -0.494152047<x93>[B] (+0) -0.494152047<x94>[B] (+1) -0.494152047<x95>[B] (+0) +0.494152047<x96>[B] (+0) -0.494152047<x97>[B] (+0) +0.494152047<x98>[B] (+0) -0.494152047<x99>[B] (+0) +0.494152047<x100>[B] (+0) -0.494152047<x101>[B] (+0) +0.494152047<x102>[B] (+0) -0.494152047<x103>[B] (+0) +0.494152047<x104>[B] (+0) -0.494152047<x105>[B] (+0) -0.494152047<x106>[B] (+0) +0.494152047<x107>[B] (+0) -0.494152047<x108>[B] (+0) +0.494152047<x109>[B] (+0) -0.494152047<x110>[B] (+0) +0.494152047<x111>[B] (+0) +0.494152047<x112>[B] (+0) +0.494152047<x113>[B] (+0) -0.494152047<x114>[B] (+0) +0.494152047<x115>[B] (+0) -0.494152047<x116>[B] (+0) +0.494152047<x117>[B] (+0) -0.494152047<x118>[B] (+0) +0.494152047<x119>[B] (+0) -0.494152047<x120>[B] (+0) +0.494152047<x121>[B] (+0) +0.494152047<x122>[B] (+0) +0.494152047<x123>[B] (+0) -0.494152047<x124>[B] (+0) +0.494152047<x125>[B] (+0) -0.494152047<x126>[B] (+0) -0.494152047<x127>[B] (+0) -0.494152047<x128>[B] (+0) -0.494152047<x129>[B] (+0) -0.494152047<x130>[B] (+0) -0.494152047<x131>[B] (+0) -0.494152047<x132>[B] (+0) -0.494152047<x133>[B] (+0) -0.494152047<x134>[B] (+0) -0.494152047<x135>[B] (+0) +0.494152047<x136>[B] (+0) +0.494152047<x137>[B] (+0) +0.494152047<x138>[B] (+0) +0.494152047<x139>[B] (+0) +0.494152047<x140>[B] (+0) -0.494152047<x141>[B] (+0) +0.494152047<x142>[B] (+0) -0.494152047<x143>[B] (+0) -0.494152047<x144>[B] (+0) +0.494152047<x145>[B] (+0) -0.494152047<x146>[B] (+1) -0.494152047<x147>[B] (+0) -0.494152047<x148>[B] (+0) -0.494152047<x149>[B] (+0) -0.494152047<x150>[B] (+0) +0.494152047<x151>[B] (+0) +0.494152047<x152>[B] (+1) +0.494152047<x153>[B] (+1) -0.494152047<x154>[B] (+1) +0.494152047<x155>[B] (+0) -0.494152047<x156>[B] (+0) -0.494152047<x157>[B] (+1) -0.494152047<x158>[B] (+1) -0.494152047<x159>[B] (+1) -0.494152047<x160>[B] (+0) -0.494152047<x161>[B] (+1) +0.494152047<x162>[B] (+0) -0.494152047<x163>[B] (+0) +0.494152047<x164>[B] (+0) -0.494152047<x165>[B] (+0) -0.494152047<x166>[B] (+1) -0.494152047<x167>[B] (+0) -0.494152047<x168>[B] (+0) +0.494152047<x169>[B] (+0) +0.494152047<x170>[B] (+0) -0.494152047<x171>[B] (+1) >= 23.5964912280702;
;
violation: left hand side is violated by 28.5380116959064
  [linear] <c1939>: <x172>[C] (+0) +0.494152047<x1>[B] (+0) +0.494152047<x2>[B] (+0) +0.494152047<x3>[B] (+0) +0.494152047<x4>[B] (+0) +0.494152047<x5>[B] (+0) +0.494152047<x6>[B] (+0) +0.494152047<x7>[B] (+0) +0.494152047<x8>[B] (+0) +0.494152047<x9>[B] (+0) +0.494152047<x10>[B] (+0) +0.494152047<x11>[B] (+0) +0.494152047<x12>[B] (+0) +0.494152047<x13>[B] (+0) +0.494152047<x14>[B] (+0) +0.494152047<x15>[B] (+0) +0.494152047<x16>[B] (+0) +0.494152047<x17>[B] (+0) +0.494152047<x18>[B] (+0) -0.494152047<x19>[B] (+0) +0.494152047<x20>[B] (+0) +0.494152047<x21>[B] (+0) +0.494152047<x22>[B] (+0) +0.494152047<x23>[B] (+0) +0.494152047<x24>[B] (+0) -0.494152047<x25>[B] (+0) +0.494152047<x26>[B] (+0) -0.494152047<x27>[B] (+0) +0.494152047<x28>[B] (+0) -0.494152047<x29>[B] (+0) +0.494152047<x30>[B] (+0) +0.494152047<x31>[B] (+0) +0.494152047<x32>[B] (+0) -0.494152047<x33>[B] (+0) +0.494152047<x34>[B] (+0) -0.494152047<x35>[B] (+0) +0.494152047<x36>[B] (+0) +0.494152047<x37>[B] (+0) +0.494152047<x38>[B] (+0) +0.494152047<x39>[B] (+0) +0.494152047<x40>[B] (+0) +0.494152047<x41>[B] (+0) +0.494152047<x42>[B] (+0) +0.494152047<x43>[B] (+0) +0.494152047<x44>[B] (+0) +0.494152047<x45>[B] (+0) +0.494152047<x46>[B] (+0) +0.494152047<x47>[B] (+0) +0.494152047<x48>[B] (+0) +0.494152047<x49>[B] (+0) +0.494152047<x50>[B] (+0) +0.494152047<x51>[B] (+0) +0.494152047<x52>[B] (+0) +0.494152047<x53>[B] (+0) +0.494152047<x54>[B] (+0) -0.494152047<x55>[B] (+0) -0.494152047<x56>[B] (+0) +0.494152047<x57>[B] (+0) -0.494152047<x58>[B] (+0) +0.494152047<x59>[B] (+0) -0.494152047<x60>[B] (+0) +0.494152047<x61>[B] (+0) -0.494152047<x62>[B] (+0) +0.494152047<x63>[B] (+0) -0.494152047<x64>[B] (+0) +0.494152047<x65>[B] (+0) -0.494152047<x66>[B] (+0) +0.494152047<x67>[B] (+0) -0.494152047<x68>[B] (+0) -0.494152047<x69>[B] (+0) -0.494152047<x70>[B] (+0) +0.494152047<x71>[B] (+0) -0.494152047<x72>[B] (+0) +0.494152047<x73>[B] (+0) -0.494152047<x74>[B] (+0) +0.494152047<x75>[B] (+0) -0.494152047<x76>[B] (+0) +0.494152047<x77>[B] (+0) -0.494152047<x78>[B] (+0) -0.494152047<x79>[B] (+0) -0.494152047<x80>[B] (+0) -0.494152047<x81>[B] (+0) -0.494152047<x82>[B] (+0) -0.494152047<x83>[B] (+0) -0.494152047<x84>[B] (+0) -0.494152047<x85>[B] (+0) -0.494152047<x86>[B] (+0) -0.494152047<x87>[B] (+0) -0.494152047<x88>[B] (+0) -0.494152047<x89>[B] (+0) -0.494152047<x90>[B] (+0) -0.494152047<x91>[B] (+0) -0.494152047<x92>[B] (+0) -0.494152047<x93>[B] (+0) -0.494152047<x94>[B] (+0) -0.494152047<x95>[B] (+0) +0.494152047<x96>[B] (+0) -0.494152047<x97>[B] (+0) +0.494152047<x98>[B] (+0) -0.494152047<x99>[B] (+0) +0.494152047<x100>[B] (+0) -0.494152047<x101>[B] (+0) +0.494152047<x102>[B] (+0) -0.494152047<x103>[B] (+0) +0.494152047<x104>[B] (+0) -0.494152047<x105>[B] (+0) -0.494152047<x106>[B] (+0) +0.494152047<x107>[B] (+0) -0.494152047<x108>[B] (+0) +0.494152047<x109>[B] (+0) -0.494152047<x110>[B] (+0) +0.494152047<x111>[B] (+0) +0.494152047<x112>[B] (+0) +0.494152047<x113>[B] (+0) -0.494152047<x114>[B] (+0) +0.494152047<x115>[B] (+0) -0.494152047<x116>[B] (+0) +0.494152047<x117>[B] (+0) -0.494152047<x118>[B] (+0) +0.494152047<x119>[B] (+0) -0.494152047<x120>[B] (+0) +0.494152047<x121>[B] (+0) +0.494152047<x122>[B] (+0) +0.494152047<x123>[B] (+0) -0.494152047<x124>[B] (+0) +0.494152047<x125>[B] (+0) -0.494152047<x126>[B] (+0) -0.494152047<x127>[B] (+0) -0.494152047<x128>[B] (+0) -0.494152047<x129>[B] (+0) -0.494152047<x130>[B] (+0) -0.494152047<x131>[B] (+0) -0.494152047<x132>[B] (+0) -0.494152047<x133>[B] (+0) -0.494152047<x134>[B] (+0) -0.494152047<x135>[B] (+0) +0.494152047<x136>[B] (+0) +0.494152047<x137>[B] (+0) +0.494152047<x138>[B] (+0) +0.494152047<x139>[B] (+0) +0.494152047<x140>[B] (+0) -0.494152047<x141>[B] (+0) +0.494152047<x142>[B] (+0) -0.494152047<x143>[B] (+0) -0.494152047<x144>[B] (+0) +0.494152047<x145>[B] (+0) -0.494152047<x146>[B] (+0) -0.494152047<x147>[B] (+0) -0.494152047<x148>[B] (+0) -0.494152047<x149>[B] (+0) -0.494152047<x150>[B] (+0) +0.494152047<x151>[B] (+0) +0.494152047<x152>[B] (+0) +0.494152047<x153>[B] (+0) -0.494152047<x154>[B] (+0) +0.494152047<x155>[B] (+0) -0.494152047<x156>[B] (+0) -0.494152047<x157>[B] (+0) -0.494152047<x158>[B] (+0) -0.494152047<x159>[B] (+0) -0.494152047<x160>[B] (+0) -0.494152047<x161>[B] (+0) +0.494152047<x162>[B] (+0) -0.494152047<x163>[B] (+0) +0.494152047<x164>[B] (+0) -0.494152047<x165>[B] (+0) -0.494152047<x166>[B] (+0) -0.494152047<x167>[B] (+0) -0.494152047<x168>[B] (+0) +0.494152047<x169>[B] (+0) +0.494152047<x170>[B] (+0) -0.494152047<x171>[B] (+0) >= 23.5964912280702;
;
violation: left hand side is violated by 23.5964912280702
  [linear] <c1939>: <x172>[C] (+0) +0.494152047<x1>[B] (+1) +0.494152047<x2>[B] (+1) +0.494152047<x3>[B] (+1) +0.494152047<x4>[B] (+1) +0.494152047<x5>[B] (+1) +0.494152047<x6>[B] (+1) +0.494152047<x7>[B] (+1) +0.494152047<x8>[B] (+1) +0.494152047<x9>[B] (+1) +0.494152047<x10>[B] (+1) +0.494152047<x11>[B] (+1) +0.494152047<x12>[B] (+1) +0.494152047<x13>[B] (+1) +0.494152047<x14>[B] (+1) +0.494152047<x15>[B] (+1) +0.494152047<x16>[B] (+1) +0.494152047<x17>[B] (+1) +0.494152047<x18>[B] (+1) -0.494152047<x19>[B] (+1) +0.494152047<x20>[B] (+1) +0.494152047<x21>[B] (+1) +0.494152047<x22>[B] (+1) +0.494152047<x23>[B] (+1) +0.494152047<x24>[B] (+1) -0.494152047<x25>[B] (+1) +0.494152047<x26>[B] (+1) -0.494152047<x27>[B] (+1) +0.494152047<x28>[B] (+1) -0.494152047<x29>[B] (+1) +0.494152047<x30>[B] (+1) +0.494152047<x31>[B] (+1) +0.494152047<x32>[B] (+1) -0.494152047<x33>[B] (+1) +0.494152047<x34>[B] (+1) -0.494152047<x35>[B] (+1) +0.494152047<x36>[B] (+1) +0.494152047<x37>[B] (+1) +0.494152047<x38>[B] (+1) +0.494152047<x39>[B] (+1) +0.494152047<x40>[B] (+1) +0.494152047<x41>[B] (+1) +0.494152047<x42>[B] (+1) +0.494152047<x43>[B] (+1) +0.494152047<x44>[B] (+1) +0.494152047<x45>[B] (+1) +0.494152047<x46>[B] (+1) +0.494152047<x47>[B] (+1) +0.494152047<x48>[B] (+1) +0.494152047<x49>[B] (+1) +0.494152047<x50>[B] (+1) +0.494152047<x51>[B] (+1) +0.494152047<x52>[B] (+1) +0.494152047<x53>[B] (+1) +0.494152047<x54>[B] (+1) -0.494152047<x55>[B] (+1) -0.494152047<x56>[B] (+1) +0.494152047<x57>[B] (+1) -0.494152047<x58>[B] (+1) +0.494152047<x59>[B] (+1) -0.494152047<x60>[B] (+1) +0.494152047<x61>[B] (+1) -0.494152047<x62>[B] (+1) +0.494152047<x63>[B] (+1) -0.494152047<x64>[B] (+1) +0.494152047<x65>[B] (+1) -0.494152047<x66>[B] (+1) +0.494152047<x67>[B] (+1) -0.494152047<x68>[B] (+1) -0.494152047<x69>[B] (+1) -0.494152047<x70>[B] (+1) +0.494152047<x71>[B] (+1) -0.494152047<x72>[B] (+1) +0.494152047<x73>[B] (+1) -0.494152047<x74>[B] (+1) +0.494152047<x75>[B] (+1) -0.494152047<x76>[B] (+1) +0.494152047<x77>[B] (+1) -0.494152047<x78>[B] (+1) -0.494152047<x79>[B] (+1) -0.494152047<x80>[B] (+1) -0.494152047<x81>[B] (+1) -0.494152047<x82>[B] (+1) -0.494152047<x83>[B] (+1) -0.494152047<x84>[B] (+1) -0.494152047<x85>[B] (+1) -0.494152047<x86>[B] (+1) -0.494152047<x87>[B] (+1) -0.494152047<x88>[B] (+1) -0.494152047<x89>[B] (+1) -0.494152047<x90>[B] (+1) -0.494152047<x91>[B] (+1) -0.494152047<x92>[B] (+1) -0.494152047<x93>[B] (+1) -0.494152047<x94>[B] (+1) -0.494152047<x95>[B] (+1) +0.494152047<x96>[B] (+1) -0.494152047<x97>[B] (+1) +0.494152047<x98>[B] (+1) -0.494152047<x99>[B] (+1) +0.494152047<x100>[B] (+1) -0.494152047<x101>[B] (+1) +0.494152047<x102>[B] (+1) -0.494152047<x103>[B] (+1) +0.494152047<x104>[B] (+1) -0.494152047<x105>[B] (+1) -0.494152047<x106>[B] (+1) +0.494152047<x107>[B] (+1) -0.494152047<x108>[B] (+1) +0.494152047<x109>[B] (+1) -0.494152047<x110>[B] (+1) +0.494152047<x111>[B] (+1) +0.494152047<x112>[B] (+1) +0.494152047<x113>[B] (+1) -0.494152047<x114>[B] (+1) +0.494152047<x115>[B] (+1) -0.494152047<x116>[B] (+1) +0.494152047<x117>[B] (+1) -0.494152047<x118>[B] (+1) +0.494152047<x119>[B] (+1) -0.494152047<x120>[B] (+1) +0.494152047<x121>[B] (+1) +0.494152047<x122>[B] (+1) +0.494152047<x123>[B] (+1) -0.494152047<x124>[B] (+1) +0.494152047<x125>[B] (+1) -0.494152047<x126>[B] (+1) -0.494152047<x127>[B] (+1) -0.494152047<x128>[B] (+1) -0.494152047<x129>[B] (+1) -0.494152047<x130>[B] (+1) -0.494152047<x131>[B] (+1) -0.494152047<x132>[B] (+1) -0.494152047<x133>[B] (+1) -0.494152047<x134>[B] (+1) -0.494152047<x135>[B] (+1) +0.494152047<x136>[B] (+1) +0.494152047<x137>[B] (+1) +0.494152047<x138>[B] (+1) +0.494152047<x139>[B] (+1) +0.494152047<x140>[B] (+1) -0.494152047<x141>[B] (+1) +0.494152047<x142>[B] (+1) -0.494152047<x143>[B] (+1) -0.494152047<x144>[B] (+1) +0.494152047<x145>[B] (+1) -0.494152047<x146>[B] (+1) -0.494152047<x147>[B] (+1) -0.494152047<x148>[B] (+1) -0.494152047<x149>[B] (+1) -0.494152047<x150>[B] (+1) +0.494152047<x151>[B] (+1) +0.494152047<x152>[B] (+1) +0.494152047<x153>[B] (+1) -0.494152047<x154>[B] (+1) +0.494152047<x155>[B] (+1) -0.494152047<x156>[B] (+1) -0.494152047<x157>[B] (+1) -0.494152047<x158>[B] (+1) -0.494152047<x159>[B] (+1) -0.494152047<x160>[B] (+1) -0.494152047<x161>[B] (+1) +0.494152047<x162>[B] (+1) -0.494152047<x163>[B] (+1) +0.494152047<x164>[B] (+1) -0.494152047<x165>[B] (+1) -0.494152047<x166>[B] (+1) -0.494152047<x167>[B] (+1) -0.494152047<x168>[B] (+1) +0.494152047<x169>[B] (+1) +0.494152047<x170>[B] (+1) -0.494152047<x171>[B] (+1) >= 23.5964912280702;
;
violation: left hand side is violated by 19.1491228070175
1/5 feasible solution given by solution candidate storage, new primal bound -2.000164e+06

presolving:
   (0.0s) symmetry computation started: requiring (bin +, int +, cont +), (fixed: bin -, int -, cont -)
   (0.0s) no symmetry present (symcode time: 0.00)
presolving (0 rounds: 0 fast, 0 medium, 0 exhaustive):
 0 deleted vars, 0 deleted constraints, 0 added constraints, 0 tightened bounds, 0 added holes, 0 changed sides, 0 changed coefficients
 0 implications, 0 cliques, 0 implied integral variables (0 bin, 0 int, 0 cont)
presolved problem has 191 variables (171 bin, 0 int, 20 cont) and 1958 constraints
   1958 constraints of type <linear>
Presolving Time: 0.00
transformed 1/1 original solutions to the transformed problem space

 time | node  | left  |LP iter|LP it/n|mem/heur|mdpt |vars |cons |rows |cuts |sepa|confs|strbr|  dualbound   | primalbound  |  gap   | compl. 
p 0.0s|     1 |     0 |     5 |     - |   locks|   0 | 191 |1958 |1958 |   0 |  0 |   0 |   0 | 2.280000e+02 |-5.906287e+02 |    Inf | unknown
* 0.0s|     1 |     0 |   190 |     - |    LP  |   0 | 191 |1958 |1958 |   0 |  0 |   0 |   0 |-3.851170e+02 |-3.851170e+02 |   0.00%| unknown
  0.0s|     1 |     0 |   190 |     - |    10M |   0 | 191 |1958 |1958 |   0 |  0 |   0 |   0 |-3.851170e+02 |-3.851170e+02 |   0.00%| unknown

SCIP Status        : problem is solved [optimal solution found]
Solving Time (sec) : 0.02
Solving Nodes      : 1
Primal Bound       : -3.85116959064328e+02 (4 solutions)
Dual Bound         : -3.85116959064328e+02
Gap                : 0.00 %
  [linear] <c1959>: <x172>[C] (+22.6081871) +0.511695906<x1>[B] (+0) +0.511695906<x2>[B] (+0) +0.511695906<x3>[B] (+1) +0.511695906<x4>[B] (+0) +0.511695906<x5>[B] (+1) +0.511695906<x6>[B] (+1) +0.511695906<x7>[B] (+1) +0.511695906<x8>[B] (+1) +0.511695906<x9>[B] (+1) +0.511695906<x10>[B] (+1) +0.511695906<x11>[B] (+1) +0.511695906<x12>[B] (+0) +0.511695906<x13>[B] (+0) +0.511695906<x14>[B] (+1) +0.511695906<x15>[B] (+0) +0.511695906<x16>[B] (+1) +0.511695906<x17>[B] (+0) +0.511695906<x18>[B] (+0) -0.511695906<x19>[B] (+1) +0.511695906<x20>[B] (+1) +0.511695906<x21>[B] (+0) +0.511695906<x22>[B] (+1) +0.511695906<x23>[B] (+1) +0.511695906<x24>[B] (+1) -0.511695906<x25>[B] (+1) +0.511695906<x26>[B] (+1) -0.511695906<x27>[B] (+1) +0.511695906<x28>[B] (+1) -0.511695906<x29>[B] (+0) +0.511695906<x30>[B] (+0) +0.511695906<x31>[B] (+1) +0.511695906<x32>[B] (+1) -0.511695906<x33>[B] (+1) +0.511695906<x34>[B] (+0) -0.511695906<x35>[B] (+1) +0.511695906<x36>[B] (+1) +0.511695906<x37>[B] (+0) +0.511695906<x38>[B] (+1) +0.511695906<x39>[B] (+1) +0.511695906<x40>[B] (+1) +0.511695906<x41>[B] (+1) +0.511695906<x42>[B] (+1) +0.511695906<x43>[B] (+1) +0.511695906<x44>[B] (+1) +0.511695906<x45>[B] (+0) +0.511695906<x46>[B] (+0) +0.511695906<x47>[B] (+1) +0.511695906<x48>[B] (+0) +0.511695906<x49>[B] (+1) +0.511695906<x50>[B] (+0) +0.511695906<x51>[B] (+1) +0.511695906<x52>[B] (+0) +0.511695906<x53>[B] (+0) +0.511695906<x54>[B] (+1) -0.511695906<x55>[B] (+1) -0.511695906<x56>[B] (+0) +0.511695906<x57>[B] (+0) -0.511695906<x58>[B] (+1) +0.511695906<x59>[B] (+0) -0.511695906<x60>[B] (+0) +0.511695906<x61>[B] (+0) -0.511695906<x62>[B] (+0) +0.511695906<x63>[B] (+0) -0.511695906<x64>[B] (+0) +0.511695906<x65>[B] (+0) -0.511695906<x66>[B] (+0) +0.511695906<x67>[B] (+1) -0.511695906<x68>[B] (+1) -0.511695906<x69>[B] (+1) -0.511695906<x70>[B] (+1) +0.511695906<x71>[B] (+1) -0.511695906<x72>[B] (+1) +0.511695906<x73>[B] (+1) -0.511695906<x74>[B] (+0) +0.511695906<x75>[B] (+0) -0.511695906<x76>[B] (+1) +0.511695906<x77>[B] (+1) -0.511695906<x78>[B] (+1) -0.511695906<x79>[B] (+0) -0.511695906<x80>[B] (+1) -0.511695906<x81>[B] (+1) -0.511695906<x82>[B] (+1) -0.511695906<x83>[B] (+1) -0.511695906<x84>[B] (+1) -0.511695906<x85>[B] (+1) -0.511695906<x86>[B] (+1) -0.511695906<x87>[B] (+0) -0.511695906<x88>[B] (+0) -0.511695906<x89>[B] (+1) -0.511695906<x90>[B] (+0) -0.511695906<x91>[B] (+1) -0.511695906<x92>[B] (+0) -0.511695906<x93>[B] (+0) -0.511695906<x94>[B] (+1) -0.511695906<x95>[B] (+0) +0.511695906<x96>[B] (+0) -0.511695906<x97>[B] (+0) +0.511695906<x98>[B] (+0) -0.511695906<x99>[B] (+0) +0.511695906<x100>[B] (+0) -0.511695906<x101>[B] (+0) +0.511695906<x102>[B] (+0) -0.511695906<x103>[B] (+0) +0.511695906<x104>[B] (+0) -0.511695906<x105>[B] (+0) -0.511695906<x106>[B] (+0) +0.511695906<x107>[B] (+0) -0.511695906<x108>[B] (+0) +0.511695906<x109>[B] (+0) -0.511695906<x110>[B] (+0) +0.511695906<x111>[B] (+0) +0.511695906<x112>[B] (+0) +0.511695906<x113>[B] (+0) -0.511695906<x114>[B] (+0) +0.511695906<x115>[B] (+0) -0.511695906<x116>[B] (+0) +0.511695906<x117>[B] (+0) -0.511695906<x118>[B] (+1) +0.511695906<x119>[B] (+1) -0.511695906<x120>[B] (+0) +0.511695906<x121>[B] (+0) +0.511695906<x122>[B] (+1) +0.511695906<x123>[B] (+0) -0.511695906<x124>[B] (+0) +0.511695906<x125>[B] (+0) -0.511695906<x126>[B] (+0) -0.511695906<x127>[B] (+1) -0.511695906<x128>[B] (+1) -0.511695906<x129>[B] (+0) -0.511695906<x130>[B] (+0) -0.511695906<x131>[B] (+1) -0.511695906<x132>[B] (+0) -0.511695906<x133>[B] (+0) -0.511695906<x134>[B] (+0) -0.511695906<x135>[B] (+0) +0.511695906<x136>[B] (+0) +0.511695906<x137>[B] (+0) +0.511695906<x138>[B] (+0) +0.511695906<x139>[B] (+0) +0.511695906<x140>[B] (+0) -0.511695906<x141>[B] (+0) +0.511695906<x142>[B] (+0) -0.511695906<x143>[B] (+0) -0.511695906<x144>[B] (+0) +0.511695906<x145>[B] (+0) -0.511695906<x146>[B] (+1) -0.511695906<x147>[B] (+0) -0.511695906<x148>[B] (+0) -0.511695906<x149>[B] (+0) -0.511695906<x150>[B] (+0) +0.511695906<x151>[B] (+1) +0.511695906<x152>[B] (+1) +0.511695906<x153>[B] (+1) -0.511695906<x154>[B] (+1) +0.511695906<x155>[B] (+0) -0.511695906<x156>[B] (+1) -0.511695906<x157>[B] (+1) -0.511695906<x158>[B] (+1) -0.511695906<x159>[B] (+1) -0.511695906<x160>[B] (+0) -0.511695906<x161>[B] (+1) +0.511695906<x162>[B] (+0) -0.511695906<x163>[B] (+0) +0.511695906<x164>[B] (+0) -0.511695906<x165>[B] (+0) -0.511695906<x166>[B] (+1) -0.511695906<x167>[B] (+0) -0.511695906<x168>[B] (+1) +0.511695906<x169>[B] (+0) +0.511695906<x170>[B] (+0) -0.511695906<x171>[B] (+1) >= 23.6666666666667;
;
violation: left hand side is violated by 0.0350877192982502
  [linear] <c1961>: <x174>[C] (+7.07309942) -0.564327485<x1>[B] (+0) +0.564327485<x2>[B] (+1) -0.564327485<x3>[B] (+0) -0.564327485<x4>[B] (+1) -0.564327485<x5>[B] (+1) -0.564327485<x6>[B] (+0) -0.564327485<x7>[B] (+0) +0.564327485<x8>[B] (+1) -0.564327485<x9>[B] (+1) -0.564327485<x10>[B] (+0) +0.564327485<x11>[B] (+1) +0.564327485<x12>[B] (+1) -0.564327485<x13>[B] (+1) +0.564327485<x14>[B] (+1) -0.564327485<x15>[B] (+1) -0.564327485<x16>[B] (+0) +0.564327485<x17>[B] (+1) +0.564327485<x18>[B] (+1) +0.564327485<x19>[B] (+1) -0.564327485<x20>[B] (+0) -0.564327485<x21>[B] (+1) -0.564327485<x22>[B] (+1) -0.564327485<x23>[B] (+0) -0.564327485<x24>[B] (+0) +0.564327485<x25>[B] (+1) -0.564327485<x26>[B] (+1) +0.564327485<x27>[B] (+0) +0.564327485<x28>[B] (+1) +0.564327485<x29>[B] (+1) +0.564327485<x30>[B] (+1) +0.564327485<x31>[B] (+1) -0.564327485<x32>[B] (+1) -0.564327485<x33>[B] (+1) +0.564327485<x34>[B] (+1) +0.564327485<x35>[B] (+1) -0.564327485<x36>[B] (+0) -0.564327485<x37>[B] (+0) -0.564327485<x38>[B] (+1) -0.564327485<x39>[B] (+0) -0.564327485<x40>[B] (+0) +0.564327485<x41>[B] (+0) -0.564327485<x42>[B] (+0) -0.564327485<x43>[B] (+0) +0.564327485<x44>[B] (+0) -0.564327485<x45>[B] (+1) -0.564327485<x46>[B] (+1) -0.564327485<x47>[B] (+0) -0.564327485<x48>[B] (+0) -0.564327485<x49>[B] (+0) +0.564327485<x50>[B] (+1) +0.564327485<x51>[B] (+0) -0.564327485<x52>[B] (+1) -0.564327485<x53>[B] (+1) -0.564327485<x54>[B] (+0) +0.564327485<x55>[B] (+0) +0.564327485<x56>[B] (+1) +0.564327485<x57>[B] (+1) +0.564327485<x58>[B] (+0) +0.564327485<x59>[B] (+1) +0.564327485<x60>[B] (+1) +0.564327485<x61>[B] (+1) +0.564327485<x62>[B] (+1) -0.564327485<x63>[B] (+1) +0.564327485<x64>[B] (+1) +0.564327485<x65>[B] (+1) +0.564327485<x66>[B] (+1) +0.564327485<x67>[B] (+1) +0.564327485<x68>[B] (+0) +0.564327485<x69>[B] (+0) +0.564327485<x70>[B] (+0) +0.564327485<x71>[B] (+1) +0.564327485<x72>[B] (+0) +0.564327485<x73>[B] (+0) +0.564327485<x74>[B] (+1) +0.564327485<x75>[B] (+1) +0.564327485<x76>[B] (+0) +0.564327485<x77>[B] (+0) +0.564327485<x78>[B] (+0) +0.564327485<x79>[B] (+1) +0.564327485<x80>[B] (+0) -0.564327485<x81>[B] (+0) +0.564327485<x82>[B] (+0) +0.564327485<x83>[B] (+0) +0.564327485<x84>[B] (+0) +0.564327485<x85>[B] (+0) +0.564327485<x86>[B] (+0) +0.564327485<x87>[B] (+1) +0.564327485<x88>[B] (+1) +0.564327485<x89>[B] (+0) +0.564327485<x90>[B] (+0) +0.564327485<x91>[B] (+0) +0.564327485<x92>[B] (+1) +0.564327485<x93>[B] (+0) +0.564327485<x94>[B] (+0) +0.564327485<x95>[B] (+1) +0.564327485<x96>[B] (+1) +0.564327485<x97>[B] (+1) +0.564327485<x98>[B] (+1) +0.564327485<x99>[B] (+1) +0.564327485<x100>[B] (+1) +0.564327485<x101>[B] (+1) +0.564327485<x102>[B] (+1) +0.564327485<x103>[B] (+1) +0.564327485<x104>[B] (+1) +0.564327485<x105>[B] (+1) +0.564327485<x106>[B] (+1) +0.564327485<x107>[B] (+1) +0.564327485<x108>[B] (+1) +0.564327485<x109>[B] (+1) +0.564327485<x110>[B] (+1) +0.564327485<x111>[B] (+1) +0.564327485<x112>[B] (+1) -0.564327485<x113>[B] (+1) +0.564327485<x114>[B] (+1) +0.564327485<x115>[B] (+1) +0.564327485<x116>[B] (+1) -0.564327485<x117>[B] (+1) -0.564327485<x118>[B] (+0) -0.564327485<x119>[B] (+0) -0.564327485<x120>[B] (+1) -0.564327485<x121>[B] (+1) -0.564327485<x122>[B] (+0) -0.564327485<x123>[B] (+1) -0.564327485<x124>[B] (+0) -0.564327485<x125>[B] (+1) -0.564327485<x126>[B] (+0) +0.564327485<x127>[B] (+0) +0.564327485<x128>[B] (+0) +0.564327485<x129>[B] (+1) +0.564327485<x130>[B] (+1) +0.564327485<x131>[B] (+0) -0.564327485<x132>[B] (+0) -0.564327485<x133>[B] (+0) +0.564327485<x134>[B] (+1) +0.564327485<x135>[B] (+0) +0.564327485<x136>[B] (+1) +0.564327485<x137>[B] (+1) -0.564327485<x138>[B] (+1) +0.564327485<x139>[B] (+1) -0.564327485<x140>[B] (+1) -0.564327485<x141>[B] (+1) +0.564327485<x142>[B] (+1) +0.564327485<x143>[B] (+1) -0.564327485<x144>[B] (+1) -0.564327485<x145>[B] (+1) -0.564327485<x146>[B] (+0) -0.564327485<x147>[B] (+1) -0.564327485<x148>[B] (+0) +0.564327485<x149>[B] (+1) +0.564327485<x150>[B] (+1) -0.564327485<x151>[B] (+0) +0.564327485<x152>[B] (+0) -0.564327485<x153>[B] (+0) -0.564327485<x154>[B] (+0) +0.564327485<x155>[B] (+1) +0.564327485<x156>[B] (+0) +0.564327485<x157>[B] (+0) -0.564327485<x158>[B] (+0) -0.564327485<x159>[B] (+0) +0.564327485<x160>[B] (+1) +0.564327485<x161>[B] (+0) -0.564327485<x162>[B] (+1) -0.564327485<x163>[B] (+0) +0.564327485<x164>[B] (+1) +0.564327485<x165>[B] (+1) +0.564327485<x166>[B] (+0) +0.564327485<x167>[B] (+1) +0.564327485<x168>[B] (+0) +0.564327485<x169>[B] (+1) +0.564327485<x170>[B] (+1) +0.564327485<x171>[B] (+0) >= 33.1549707602339;
;
violation: left hand side is violated by 2.3801169590643
2/4 feasible solutions given by solution candidate storage, new primal bound -2.000164e+06

presolving:
   (0.0s) symmetry computation started: requiring (bin +, int +, cont +), (fixed: bin -, int -, cont -)
   (0.0s) no symmetry present (symcode time: 0.00)
presolving (0 rounds: 0 fast, 0 medium, 0 exhaustive):
 0 deleted vars, 0 deleted constraints, 0 added constraints, 0 tightened bounds, 0 added holes, 0 changed sides, 0 changed coefficients
 0 implications, 0 cliques, 0 implied integral variables (0 bin, 0 int, 0 cont)
presolved problem has 191 variables (171 bin, 0 int, 20 cont) and 1973 constraints
   1973 constraints of type <linear>
Presolving Time: 0.00
transformed 2/2 original solutions to the transformed problem space

 time | node  | left  |LP iter|LP it/n|mem/heur|mdpt |vars |cons |rows |cuts |sepa|confs|strbr|  dualbound   | primalbound  |  gap   | compl. 
p 0.0s|     1 |     0 |     6 |     - |   locks|   0 | 191 |1973 |1973 |   0 |  0 |   0 |   0 | 2.280000e+02 |-6.020146e+02 |    Inf | unknown
  0.0s|     1 |     0 |   218 |     - |    11M |   0 | 191 |1973 |1973 |   0 |  0 |   0 |   0 |-3.866798e+02 |-6.020146e+02 |  55.69%| unknown
r 0.0s|     1 |     0 |   218 |     - |shifting|   0 | 191 |1973 |1973 |   0 |  0 |   0 |   0 |-3.866798e+02 |-4.016678e+02 |   3.88%| unknown
  0.1s|     1 |     0 |   220 |     - |    12M |   0 | 191 |1973 |1974 |   1 |  1 |   0 |   0 |-3.866804e+02 |-4.016678e+02 |   3.88%| unknown
  0.1s|     1 |     0 |   220 |     - |    12M |   0 | 191 |1973 |1974 |   1 |  1 |   0 |   0 |-3.866804e+02 |-4.016678e+02 |   3.88%| unknown
  0.1s|     1 |     0 |   228 |     - |    12M |   0 | 191 |1973 |1975 |   2 |  2 |   0 |   0 |-3.866936e+02 |-4.016678e+02 |   3.87%| unknown
  0.1s|     1 |     0 |   241 |     - |    13M |   0 | 191 |1973 |1977 |   4 |  3 |   0 |   0 |-3.867452e+02 |-4.016678e+02 |   3.86%| unknown
r 0.1s|     1 |     0 |   241 |     - |shifting|   0 | 191 |1973 |1977 |   4 |  3 |   0 |   0 |-3.867452e+02 |-3.993739e+02 |   3.27%| unknown
  0.1s|     1 |     0 |   248 |     - |    13M |   0 | 191 |1973 |1978 |   5 |  4 |   0 |   0 |-3.867593e+02 |-3.993739e+02 |   3.26%| unknown
  0.1s|     1 |     0 |   263 |     - |    13M |   0 | 191 |1973 |1979 |   6 |  5 |   0 |   0 |-3.867951e+02 |-3.993739e+02 |   3.25%| unknown
r 0.1s|     1 |     0 |   263 |     - |shifting|   0 | 191 |1973 |1979 |   6 |  5 |   0 |   0 |-3.867951e+02 |-3.973287e+02 |   2.72%| unknown
  0.2s|     1 |     0 |   275 |     - |    14M |   0 | 191 |1973 |1981 |   8 |  6 |   0 |   0 |-3.868528e+02 |-3.973287e+02 |   2.71%| unknown
  0.2s|     1 |     0 |   284 |     - |    14M |   0 | 191 |1973 |1982 |   9 |  7 |   0 |   0 |-3.868832e+02 |-3.973287e+02 |   2.70%| unknown
  0.2s|     1 |     0 |   289 |     - |    14M |   0 | 191 |1973 |1984 |  11 |  8 |   0 |   0 |-3.868920e+02 |-3.973287e+02 |   2.70%| unknown
  0.2s|     1 |     0 |   299 |     - |    15M |   0 | 191 |1973 |1985 |  12 |  9 |   0 |   0 |-3.869343e+02 |-3.973287e+02 |   2.69%| unknown
 time | node  | left  |LP iter|LP it/n|mem/heur|mdpt |vars |cons |rows |cuts |sepa|confs|strbr|  dualbound   | primalbound  |  gap   | compl. 
  0.2s|     1 |     0 |   306 |     - |    15M |   0 | 191 |1973 |1986 |  13 | 10 |   0 |   0 |-3.869556e+02 |-3.973287e+02 |   2.68%| unknown
r 0.2s|     1 |     0 |   336 |     - |intshift|   0 | 191 |1973 |1986 |  13 | 11 |   0 |   0 |-3.869556e+02 |-3.910994e+02 |   1.07%| unknown
d 0.2s|     1 |     0 |   368 |     - |farkasdi|   0 | 191 |1973 |1986 |   0 | 11 |   0 |   0 |-3.869556e+02 |-3.872924e+02 |   0.09%| unknown
L 0.3s|     1 |     0 |   368 |     - |    rens|   0 | 191 |1973 |1986 |  13 | 11 |   0 |   0 |-3.869556e+02 |-3.872105e+02 |   0.07%| unknown
  0.3s|     1 |     0 |   368 |     - |    15M |   0 | 191 |1973 |1986 |  13 | 11 |   0 |   0 |-3.869556e+02 |-3.872105e+02 |   0.07%| unknown
  0.3s|     1 |     0 |   368 |     - |    15M |   0 | 191 |1973 | 427 |  13 | 11 |   0 |   0 |-3.869556e+02 |-3.872105e+02 |   0.07%| unknown
  0.3s|     1 |     0 |   368 |     - |    15M |   0 | 191 | 235 | 427 |  13 | 12 |   0 |   0 |-3.869556e+02 |-3.872105e+02 |   0.07%| unknown
(run 1, node 1) restarting after 131 global fixings of integer variables

(restart) converted 13 cuts from the global cut pool into linear constraints

presolving:
presolving (0 rounds: 0 fast, 0 medium, 0 exhaustive):
 0 deleted vars, 0 deleted constraints, 0 added constraints, 0 tightened bounds, 0 added holes, 0 changed sides, 0 changed coefficients
 0 implications, 0 cliques, 0 implied integral variables (0 bin, 0 int, 0 cont)
presolved problem has 191 variables (171 bin, 0 int, 20 cont) and 248 constraints
    248 constraints of type <linear>
Presolving Time: 0.00
transformed 13/18 original solutions to the transformed problem space

 time | node  | left  |LP iter|LP it/n|mem/heur|mdpt |vars |cons |rows |cuts |sepa|confs|strbr|  dualbound   | primalbound  |  gap   | compl. 
  0.3s|     1 |     0 |   519 |     - |    16M |   0 | 191 | 248 | 248 |   0 |  0 |   0 |   0 |-3.869556e+02 |-3.872105e+02 |   0.07%| unknown
  0.3s|     1 |     0 |   519 |     - |    16M |   0 | 191 | 248 | 207 |   0 |  0 |   0 |   0 |-3.869556e+02 |-3.872105e+02 |   0.07%| unknown
  0.3s|     1 |     0 |   524 |     - |    16M |   0 | 191 | 248 | 208 |   1 |  1 |   0 |   0 |-3.869758e+02 |-3.872105e+02 |   0.06%| unknown
  0.3s|     1 |     0 |   524 |     - |    16M |   0 | 191 | 248 | 198 |   1 |  1 |   0 |   0 |-3.869758e+02 |-3.872105e+02 |   0.06%| unknown
  0.3s|     1 |     0 |   533 |     - |    16M |   0 | 191 | 248 | 199 |   2 |  2 |   0 |   0 |-3.869937e+02 |-3.872105e+02 |   0.06%| unknown
  0.3s|     1 |     0 |   544 |     - |    16M |   0 | 191 | 248 | 200 |   3 |  3 |   0 |   0 |-3.870159e+02 |-3.872105e+02 |   0.05%| unknown
  0.3s|     1 |     0 |   566 |     - |    16M |   0 | 191 | 248 | 201 |   4 |  4 |   0 |   0 |-3.870651e+02 |-3.872105e+02 |   0.04%| unknown
  0.3s|     1 |     0 |   580 |     - |    16M |   0 | 191 | 248 | 202 |   5 |  5 |   0 |   0 |-3.870985e+02 |-3.872105e+02 |   0.03%| unknown
  0.4s|     1 |     0 |   594 |     - |    16M |   0 | 191 | 248 | 203 |   6 |  6 |   0 |   0 |-3.871240e+02 |-3.872105e+02 |   0.02%| unknown
  0.4s|     1 |     0 |   596 |     - |    16M |   0 | 191 | 248 | 204 |   7 |  7 |   0 |   0 |-3.871258e+02 |-3.872105e+02 |   0.02%| unknown
  0.4s|     1 |     0 |   608 |     - |    16M |   0 | 191 | 248 | 205 |   8 |  8 |   0 |   0 |-3.871322e+02 |-3.872105e+02 |   0.02%| unknown
  0.4s|     1 |     0 |   613 |     - |    16M |   0 | 191 | 248 | 206 |   9 |  9 |   0 |   0 |-3.871332e+02 |-3.872105e+02 |   0.02%| unknown
  0.4s|     1 |     0 |   619 |     - |    16M |   0 | 191 | 248 | 207 |  10 | 10 |   0 |   0 |-3.871356e+02 |-3.872105e+02 |   0.02%| unknown
  0.4s|     1 |     0 |   627 |     - |    16M |   0 | 191 | 248 | 208 |  11 | 11 |   0 |   0 |-3.871402e+02 |-3.872105e+02 |   0.02%| unknown
  0.5s|     1 |     0 |   627 |     - |    16M |   0 | 191 | 157 | 208 |  11 | 12 |   0 |   0 |-3.871402e+02 |-3.872105e+02 |   0.02%| unknown
 time | node  | left  |LP iter|LP it/n|mem/heur|mdpt |vars |cons |rows |cuts |sepa|confs|strbr|  dualbound   | primalbound  |  gap   | compl. 
d 0.5s|     1 |     0 |   655 |     - |farkasdi|   0 | 191 | 158 | 208 |   0 | 13 |   1 |   0 |-3.871402e+02 |-3.871696e+02 |   0.01%| unknown
  0.5s|     1 |     0 |   690 |     - |    16M |   0 | 191 | 131 | 208 |  11 | 13 |   3 |   0 |-3.871637e+02 |-3.871696e+02 |   0.00%| unknown
  0.5s|     1 |     0 |   690 |     - |    16M |   0 | 191 | 131 | 136 |  11 | 13 |   3 |   0 |-3.871637e+02 |-3.871696e+02 |   0.00%| unknown
  0.5s|     1 |     0 |   690 |     - |    16M |   0 | 191 | 110 | 136 |  11 | 14 |   3 |   0 |-3.871637e+02 |-3.871696e+02 |   0.00%| unknown
  0.5s|     1 |     0 |   691 |     - |    16M |   0 | 191 | 111 | 136 |  11 | 15 |   7 |   3 |-3.871696e+02 |-3.871696e+02 |   0.00%| unknown

SCIP Status        : problem is solved [optimal solution found]
Solving Time (sec) : 0.50
Solving Nodes      : 1 (total of 2 nodes in 2 runs)
Primal Bound       : -3.87169590643275e+02 (33 solutions)
Dual Bound         : -3.87169590643275e+02
Gap                : 0.00 %
  [linear] <c1974>: <x173>[C] (+23.6491228) +0.523391813<x1>[B] (+0) +0.523391813<x2>[B] (+0) +0.523391813<x3>[B] (+1) +0.523391813<x4>[B] (+0) -0.523391813<x5>[B] (+1) +0.523391813<x6>[B] (+1) +0.523391813<x7>[B] (+1) +0.523391813<x8>[B] (+1) +0.523391813<x9>[B] (+1) +0.523391813<x10>[B] (+1) +0.523391813<x11>[B] (+1) +0.523391813<x12>[B] (+0) +0.523391813<x13>[B] (+0) +0.523391813<x14>[B] (+1) +0.523391813<x15>[B] (+0) +0.523391813<x16>[B] (+1) +0.523391813<x17>[B] (+0) +0.523391813<x18>[B] (+0) +0.523391813<x19>[B] (+0) +0.523391813<x20>[B] (+1) -0.523391813<x21>[B] (+0) -0.523391813<x22>[B] (+1) -0.523391813<x23>[B] (+1) +0.523391813<x24>[B] (+1) +0.523391813<x25>[B] (+1) +0.523391813<x26>[B] (+1) -0.523391813<x27>[B] (+1) -0.523391813<x28>[B] (+1) +0.523391813<x29>[B] (+0) -0.523391813<x30>[B] (+0) +0.523391813<x31>[B] (+1) -0.523391813<x32>[B] (+1) +0.523391813<x33>[B] (+1) +0.523391813<x34>[B] (+0) -0.523391813<x35>[B] (+1) -0.523391813<x36>[B] (+1) -0.523391813<x37>[B] (+1) -0.523391813<x38>[B] (+1) -0.523391813<x39>[B] (+1) +0.523391813<x40>[B] (+1) -0.523391813<x41>[B] (+1) +0.523391813<x42>[B] (+1) -0.523391813<x43>[B] (+1) -0.523391813<x44>[B] (+1) +0.523391813<x45>[B] (+0) -0.523391813<x46>[B] (+0) +0.523391813<x47>[B] (+1) -0.523391813<x48>[B] (+1) +0.523391813<x49>[B] (+1) -0.523391813<x50>[B] (+0) -0.523391813<x51>[B] (+1) -0.523391813<x52>[B] (+0) -0.523391813<x53>[B] (+0) -0.523391813<x54>[B] (+1) +0.523391813<x55>[B] (+1) +0.523391813<x56>[B] (+0) +0.523391813<x57>[B] (+0) -0.523391813<x58>[B] (+1) -0.523391813<x59>[B] (+0) +0.523391813<x60>[B] (+0) -0.523391813<x61>[B] (+0) +0.523391813<x62>[B] (+0) -0.523391813<x63>[B] (+0) +0.523391813<x64>[B] (+0) +0.523391813<x65>[B] (+0) -0.523391813<x66>[B] (+0) -0.523391813<x67>[B] (+1) -0.523391813<x68>[B] (+1) +0.523391813<x69>[B] (+1) +0.523391813<x70>[B] (+1) +0.523391813<x71>[B] (+1) -0.523391813<x72>[B] (+1) -0.523391813<x73>[B] (+1) +0.523391813<x74>[B] (+0) -0.523391813<x75>[B] (+0) +0.523391813<x76>[B] (+1) -0.523391813<x77>[B] (+1) +0.523391813<x78>[B] (+1) +0.523391813<x79>[B] (+0) -0.523391813<x80>[B] (+1) +0.523391813<x81>[B] (+1) +0.523391813<x82>[B] (+1) +0.523391813<x83>[B] (+1) +0.523391813<x84>[B] (+1) +0.523391813<x85>[B] (+1) +0.523391813<x86>[B] (+1) +0.523391813<x87>[B] (+0) +0.523391813<x88>[B] (+0) +0.523391813<x89>[B] (+1) +0.523391813<x90>[B] (+0) +0.523391813<x91>[B] (+1) +0.523391813<x92>[B] (+0) +0.523391813<x93>[B] (+0) +0.523391813<x94>[B] (+1) +0.523391813<x95>[B] (+0) +0.523391813<x96>[B] (+0) +0.523391813<x97>[B] (+0) -0.523391813<x98>[B] (+0) +0.523391813<x99>[B] (+0) +0.523391813<x100>[B] (+0) +0.523391813<x101>[B] (+0) -0.523391813<x102>[B] (+0) +0.523391813<x103>[B] (+0) +0.523391813<x104>[B] (+0) +0.523391813<x105>[B] (+0) -0.523391813<x106>[B] (+0) +0.523391813<x107>[B] (+0) -0.523391813<x108>[B] (+0) -0.523391813<x109>[B] (+0) +0.523391813<x110>[B] (+0) -0.523391813<x111>[B] (+0) -0.523391813<x112>[B] (+0) -0.523391813<x113>[B] (+0) -0.523391813<x114>[B] (+0) -0.523391813<x115>[B] (+0) -0.523391813<x116>[B] (+0) +0.523391813<x117>[B] (+0) -0.523391813<x118>[B] (+1) -0.523391813<x119>[B] (+1) +0.523391813<x120>[B] (+0) -0.523391813<x121>[B] (+0) +0.523391813<x122>[B] (+1) -0.523391813<x123>[B] (+0) +0.523391813<x124>[B] (+0) -0.523391813<x125>[B] (+0) -0.523391813<x126>[B] (+0) -0.523391813<x127>[B] (+1) -0.523391813<x128>[B] (+1) +0.523391813<x129>[B] (+0) -0.523391813<x130>[B] (+0) -0.523391813<x131>[B] (+1) -0.523391813<x132>[B] (+0) -0.523391813<x133>[B] (+0) -0.523391813<x134>[B] (+0) -0.523391813<x135>[B] (+0) -0.523391813<x136>[B] (+0) +0.523391813<x137>[B] (+0) -0.523391813<x138>[B] (+0) +0.523391813<x139>[B] (+0) -0.523391813<x140>[B] (+0) +0.523391813<x141>[B] (+0) +0.523391813<x142>[B] (+0) -0.523391813<x143>[B] (+0) +0.523391813<x144>[B] (+0) +0.523391813<x145>[B] (+0) +0.523391813<x146>[B] (+1) +0.523391813<x147>[B] (+0) +0.523391813<x148>[B] (+0) +0.523391813<x149>[B] (+0) +0.523391813<x150>[B] (+0) -0.523391813<x151>[B] (+1) -0.523391813<x152>[B] (+1) -0.523391813<x153>[B] (+1) -0.523391813<x154>[B] (+1) -0.523391813<x155>[B] (+0) -0.523391813<x156>[B] (+1) +0.523391813<x157>[B] (+1) -0.523391813<x158>[B] (+1) +0.523391813<x159>[B] (+1) +0.523391813<x160>[B] (+0) -0.523391813<x161>[B] (+1) -0.523391813<x162>[B] (+0) +0.523391813<x163>[B] (+0) -0.523391813<x164>[B] (+0) -0.523391813<x165>[B] (+0) +0.523391813<x166>[B] (+1) +0.523391813<x167>[B] (+0) +0.523391813<x168>[B] (+1) -0.523391813<x169>[B] (+0) -0.523391813<x170>[B] (+0) -0.523391813<x171>[B] (+1) >= 25.2543859649123;
;
violation: left hand side is violated by 0.0350877192982324
  [linear] <c1974>: <x173>[C] (+23.1432749) +0.523391813<x1>[B] (+0) +0.523391813<x2>[B] (+0) +0.523391813<x3>[B] (+1) +0.523391813<x4>[B] (+0) -0.523391813<x5>[B] (+1) +0.523391813<x6>[B] (+1) +0.523391813<x7>[B] (+1) +0.523391813<x8>[B] (+1) +0.523391813<x9>[B] (+1) +0.523391813<x10>[B] (+1) +0.523391813<x11>[B] (+1) +0.523391813<x12>[B] (+0) +0.523391813<x13>[B] (+0) +0.523391813<x14>[B] (+1) +0.523391813<x15>[B] (+0) +0.523391813<x16>[B] (+1) +0.523391813<x17>[B] (+0) +0.523391813<x18>[B] (+0) +0.523391813<x19>[B] (+0) +0.523391813<x20>[B] (+1) -0.523391813<x21>[B] (+0) -0.523391813<x22>[B] (+1) -0.523391813<x23>[B] (+1) +0.523391813<x24>[B] (+1) +0.523391813<x25>[B] (+1) +0.523391813<x26>[B] (+1) -0.523391813<x27>[B] (+1) -0.523391813<x28>[B] (+1) +0.523391813<x29>[B] (+0) -0.523391813<x30>[B] (+0) +0.523391813<x31>[B] (+1) -0.523391813<x32>[B] (+1) +0.523391813<x33>[B] (+1) +0.523391813<x34>[B] (+0) -0.523391813<x35>[B] (+1) -0.523391813<x36>[B] (+1) -0.523391813<x37>[B] (+0) -0.523391813<x38>[B] (+1) -0.523391813<x39>[B] (+1) +0.523391813<x40>[B] (+1) -0.523391813<x41>[B] (+1) +0.523391813<x42>[B] (+1) -0.523391813<x43>[B] (+1) -0.523391813<x44>[B] (+1) +0.523391813<x45>[B] (+0) -0.523391813<x46>[B] (+0) +0.523391813<x47>[B] (+1) -0.523391813<x48>[B] (+1) +0.523391813<x49>[B] (+1) -0.523391813<x50>[B] (+0) -0.523391813<x51>[B] (+1) -0.523391813<x52>[B] (+0) -0.523391813<x53>[B] (+0) -0.523391813<x54>[B] (+1) +0.523391813<x55>[B] (+1) +0.523391813<x56>[B] (+0) +0.523391813<x57>[B] (+0) -0.523391813<x58>[B] (+1) -0.523391813<x59>[B] (+0) +0.523391813<x60>[B] (+0) -0.523391813<x61>[B] (+0) +0.523391813<x62>[B] (+0) -0.523391813<x63>[B] (+0) +0.523391813<x64>[B] (+0) +0.523391813<x65>[B] (+0) -0.523391813<x66>[B] (+0) -0.523391813<x67>[B] (+1) -0.523391813<x68>[B] (+1) +0.523391813<x69>[B] (+1) +0.523391813<x70>[B] (+1) +0.523391813<x71>[B] (+1) -0.523391813<x72>[B] (+1) -0.523391813<x73>[B] (+1) +0.523391813<x74>[B] (+0) -0.523391813<x75>[B] (+0) +0.523391813<x76>[B] (+1) -0.523391813<x77>[B] (+1) +0.523391813<x78>[B] (+1) +0.523391813<x79>[B] (+0) -0.523391813<x80>[B] (+1) +0.523391813<x81>[B] (+1) +0.523391813<x82>[B] (+1) +0.523391813<x83>[B] (+1) +0.523391813<x84>[B] (+1) +0.523391813<x85>[B] (+1) +0.523391813<x86>[B] (+1) +0.523391813<x87>[B] (+0) +0.523391813<x88>[B] (+0) +0.523391813<x89>[B] (+1) +0.523391813<x90>[B] (+0) +0.523391813<x91>[B] (+1) +0.523391813<x92>[B] (+0) +0.523391813<x93>[B] (+0) +0.523391813<x94>[B] (+1) +0.523391813<x95>[B] (+0) +0.523391813<x96>[B] (+0) +0.523391813<x97>[B] (+0) -0.523391813<x98>[B] (+0) +0.523391813<x99>[B] (+0) +0.523391813<x100>[B] (+0) +0.523391813<x101>[B] (+0) -0.523391813<x102>[B] (+0) +0.523391813<x103>[B] (+0) +0.523391813<x104>[B] (+0) +0.523391813<x105>[B] (+0) -0.523391813<x106>[B] (+0) +0.523391813<x107>[B] (+0) -0.523391813<x108>[B] (+0) -0.523391813<x109>[B] (+0) +0.523391813<x110>[B] (+0) -0.523391813<x111>[B] (+0) -0.523391813<x112>[B] (+0) -0.523391813<x113>[B] (+0) -0.523391813<x114>[B] (+0) -0.523391813<x115>[B] (+0) -0.523391813<x116>[B] (+0) +0.523391813<x117>[B] (+0) -0.523391813<x118>[B] (+1) -0.523391813<x119>[B] (+1) +0.523391813<x120>[B] (+0) -0.523391813<x121>[B] (+0) +0.523391813<x122>[B] (+1) -0.523391813<x123>[B] (+0) +0.523391813<x124>[B] (+0) -0.523391813<x125>[B] (+0) -0.523391813<x126>[B] (+0) -0.523391813<x127>[B] (+1) -0.523391813<x128>[B] (+1) +0.523391813<x129>[B] (+0) -0.523391813<x130>[B] (+0) -0.523391813<x131>[B] (+1) -0.523391813<x132>[B] (+0) -0.523391813<x133>[B] (+0) -0.523391813<x134>[B] (+0) -0.523391813<x135>[B] (+0) -0.523391813<x136>[B] (+0) +0.523391813<x137>[B] (+0) -0.523391813<x138>[B] (+0) +0.523391813<x139>[B] (+0) -0.523391813<x140>[B] (+0) +0.523391813<x141>[B] (+0) +0.523391813<x142>[B] (+0) -0.523391813<x143>[B] (+0) +0.523391813<x144>[B] (+0) +0.523391813<x145>[B] (+0) +0.523391813<x146>[B] (+1) +0.523391813<x147>[B] (+0) +0.523391813<x148>[B] (+0) +0.523391813<x149>[B] (+0) +0.523391813<x150>[B] (+0) -0.523391813<x151>[B] (+1) -0.523391813<x152>[B] (+1) -0.523391813<x153>[B] (+1) -0.523391813<x154>[B] (+1) -0.523391813<x155>[B] (+0) -0.523391813<x156>[B] (+1) +0.523391813<x157>[B] (+1) -0.523391813<x158>[B] (+1) +0.523391813<x159>[B] (+1) +0.523391813<x160>[B] (+0) -0.523391813<x161>[B] (+1) -0.523391813<x162>[B] (+0) +0.523391813<x163>[B] (+0) -0.523391813<x164>[B] (+0) -0.523391813<x165>[B] (+0) +0.523391813<x166>[B] (+1) +0.523391813<x167>[B] (+0) +0.523391813<x168>[B] (+1) -0.523391813<x169>[B] (+0) -0.523391813<x170>[B] (+0) -0.523391813<x171>[B] (+1) >= 25.2543859649123;
;
violation: left hand side is violated by 0.0175438596489528
  [linear] <c1983>: <x186>[C] (+22.125731) -0.505847953<x1>[B] (+0) +0.505847953<x2>[B] (+0) +0.505847953<x3>[B] (+1) -0.505847953<x4>[B] (+0) -0.505847953<x5>[B] (+1) -0.505847953<x6>[B] (+1) -0.505847953<x7>[B] (+1) +0.505847953<x8>[B] (+1) +0.505847953<x9>[B] (+1) +0.505847953<x10>[B] (+1) -0.505847953<x11>[B] (+1) -0.505847953<x12>[B] (+0) +0.505847953<x13>[B] (+0) +0.505847953<x14>[B] (+1) +0.505847953<x15>[B] (+0) -0.505847953<x16>[B] (+1) -0.505847953<x17>[B] (+0) -0.505847953<x18>[B] (+0) +0.505847953<x19>[B] (+1) +0.505847953<x20>[B] (+1) -0.505847953<x21>[B] (+0) -0.505847953<x22>[B] (+1) +0.505847953<x23>[B] (+1) -0.505847953<x24>[B] (+1) +0.505847953<x25>[B] (+1) +0.505847953<x26>[B] (+1) +0.505847953<x27>[B] (+1) -0.505847953<x28>[B] (+1) +0.505847953<x29>[B] (+0) +0.505847953<x30>[B] (+0) +0.505847953<x31>[B] (+1) +0.505847953<x32>[B] (+0) +0.505847953<x33>[B] (+1) -0.505847953<x34>[B] (+0) -0.505847953<x35>[B] (+1) +0.505847953<x36>[B] (+1) -0.505847953<x37>[B] (+0) -0.505847953<x38>[B] (+1) -0.505847953<x39>[B] (+1) -0.505847953<x40>[B] (+1) +0.505847953<x41>[B] (+1) +0.505847953<x42>[B] (+1) +0.505847953<x43>[B] (+1) -0.505847953<x44>[B] (+1) -0.505847953<x45>[B] (+0) +0.505847953<x46>[B] (+0) +0.505847953<x47>[B] (+1) +0.505847953<x48>[B] (+0) -0.505847953<x49>[B] (+1) -0.505847953<x50>[B] (+0) -0.505847953<x51>[B] (+1) -0.505847953<x52>[B] (+0) -0.505847953<x53>[B] (+0) -0.505847953<x54>[B] (+1) -0.505847953<x55>[B] (+1) -0.505847953<x56>[B] (+0) +0.505847953<x57>[B] (+0) -0.505847953<x58>[B] (+1) -0.505847953<x59>[B] (+0) -0.505847953<x60>[B] (+0) +0.505847953<x61>[B] (+0) +0.505847953<x62>[B] (+0) +0.505847953<x63>[B] (+0) -0.505847953<x64>[B] (+0) -0.505847953<x65>[B] (+0) -0.505847953<x66>[B] (+0) -0.505847953<x67>[B] (+1) +0.505847953<x68>[B] (+1) -0.505847953<x69>[B] (+1) +0.505847953<x70>[B] (+1) +0.505847953<x71>[B] (+1) +0.505847953<x72>[B] (+1) -0.505847953<x73>[B] (+1) +0.505847953<x74>[B] (+0) +0.505847953<x75>[B] (+0) +0.505847953<x76>[B] (+1) +0.505847953<x77>[B] (+1) +0.505847953<x78>[B] (+1) -0.505847953<x79>[B] (+0) -0.505847953<x80>[B] (+1) +0.505847953<x81>[B] (+1) -0.505847953<x82>[B] (+1) +0.505847953<x83>[B] (+1) +0.505847953<x84>[B] (+1) +0.505847953<x85>[B] (+1) -0.505847953<x86>[B] (+1) +0.505847953<x87>[B] (+0) +0.505847953<x88>[B] (+0) +0.505847953<x89>[B] (+1) +0.505847953<x90>[B] (+0) +0.505847953<x91>[B] (+1) +0.505847953<x92>[B] (+0) -0.505847953<x93>[B] (+0) -0.505847953<x94>[B] (+1) +0.505847953<x95>[B] (+0) +0.505847953<x96>[B] (+0) +0.505847953<x97>[B] (+0) -0.505847953<x98>[B] (+0) -0.505847953<x99>[B] (+0) +0.505847953<x100>[B] (+0) +0.505847953<x101>[B] (+0) +0.505847953<x102>[B] (+0) +0.505847953<x103>[B] (+0) -0.505847953<x104>[B] (+0) -0.505847953<x105>[B] (+0) +0.505847953<x106>[B] (+0) +0.505847953<x107>[B] (+0) +0.505847953<x108>[B] (+0) -0.505847953<x109>[B] (+0) +0.505847953<x110>[B] (+0) +0.505847953<x111>[B] (+0) +0.505847953<x112>[B] (+0) +0.505847953<x113>[B] (+0) +0.505847953<x114>[B] (+0) +0.505847953<x115>[B] (+0) +0.505847953<x116>[B] (+0) +0.505847953<x117>[B] (+1) +0.505847953<x118>[B] (+1) -0.505847953<x119>[B] (+1) -0.505847953<x120>[B] (+0) +0.505847953<x121>[B] (+0) +0.505847953<x122>[B] (+1) +0.505847953<x123>[B] (+0) -0.505847953<x124>[B] (+1) -0.505847953<x125>[B] (+0) -0.505847953<x126>[B] (+0) -0.505847953<x127>[B] (+1) -0.505847953<x128>[B] (+1) -0.505847953<x129>[B] (+0) +0.505847953<x130>[B] (+0) -0.505847953<x131>[B] (+1) +0.505847953<x132>[B] (+0) -0.505847953<x133>[B] (+0) -0.505847953<x134>[B] (+0) -0.505847953<x135>[B] (+0) -0.505847953<x136>[B] (+0) -0.505847953<x137>[B] (+0) +0.505847953<x138>[B] (+0) +0.505847953<x139>[B] (+0) +0.505847953<x140>[B] (+0) -0.505847953<x141>[B] (+0) -0.505847953<x142>[B] (+0) -0.505847953<x143>[B] (+0) +0.505847953<x144>[B] (+0) +0.505847953<x145>[B] (+0) +0.505847953<x146>[B] (+1) +0.505847953<x147>[B] (+0) +0.505847953<x148>[B] (+0) +0.505847953<x149>[B] (+0) +0.505847953<x150>[B] (+0) +0.505847953<x151>[B] (+1) +0.505847953<x152>[B] (+1) +0.505847953<x153>[B] (+1) +0.505847953<x154>[B] (+1) -0.505847953<x155>[B] (+0) -0.505847953<x156>[B] (+1) -0.505847953<x157>[B] (+1) -0.505847953<x158>[B] (+1) -0.505847953<x159>[B] (+1) -0.505847953<x160>[B] (+0) -0.505847953<x161>[B] (+1) +0.505847953<x162>[B] (+0) -0.505847953<x163>[B] (+0) -0.505847953<x164>[B] (+0) -0.505847953<x165>[B] (+0) -0.505847953<x166>[B] (+1) -0.505847953<x167>[B] (+0) -0.505847953<x168>[B] (+1) -0.505847953<x169>[B] (+0) -0.505847953<x170>[B] (+0) -0.505847953<x171>[B] (+1) >= 22.6374269005848;
;
violation: left hand side is violated by 0.00584795321638154
  [linear] <c1976>: <x176>[C] (+42.0994152) -0.698830409<x1>[B] (+0) +0.698830409<x2>[B] (+0) +0.698830409<x3>[B] (+1) +0.698830409<x4>[B] (+0) -0.698830409<x5>[B] (+1) -0.698830409<x6>[B] (+1) -0.698830409<x7>[B] (+1) -0.698830409<x8>[B] (+1) -0.698830409<x9>[B] (+1) -0.698830409<x10>[B] (+1) -0.698830409<x11>[B] (+1) +0.698830409<x12>[B] (+0) -0.698830409<x13>[B] (+0) -0.698830409<x14>[B] (+1) -0.698830409<x15>[B] (+0) -0.698830409<x16>[B] (+1) +0.698830409<x17>[B] (+0) -0.698830409<x18>[B] (+0) +0.698830409<x19>[B] (+1) +0.698830409<x20>[B] (+1) +0.698830409<x21>[B] (+0) -0.698830409<x22>[B] (+1) -0.698830409<x23>[B] (+1) -0.698830409<x24>[B] (+1) -0.698830409<x25>[B] (+1) -0.698830409<x26>[B] (+1) -0.698830409<x27>[B] (+1) -0.698830409<x28>[B] (+1) +0.698830409<x29>[B] (+0) -0.698830409<x30>[B] (+0) -0.698830409<x31>[B] (+1) -0.698830409<x32>[B] (+1) -0.698830409<x33>[B] (+1) +0.698830409<x34>[B] (+0) -0.698830409<x35>[B] (+1) +0.698830409<x36>[B] (+1) +0.698830409<x37>[B] (+0) -0.698830409<x38>[B] (+1) -0.698830409<x39>[B] (+1) -0.698830409<x40>[B] (+1) -0.698830409<x41>[B] (+1) -0.698830409<x42>[B] (+1) -0.698830409<x43>[B] (+1) -0.698830409<x44>[B] (+1) +0.698830409<x45>[B] (+0) -0.698830409<x46>[B] (+0) -0.698830409<x47>[B] (+1) -0.698830409<x48>[B] (+1) -0.698830409<x49>[B] (+1) +0.698830409<x50>[B] (+0) -0.698830409<x51>[B] (+1) -0.698830409<x52>[B] (+0) -0.698830409<x53>[B] (+0) -0.698830409<x54>[B] (+1) -0.698830409<x55>[B] (+1) -0.698830409<x56>[B] (+0) -0.698830409<x57>[B] (+0) -0.698830409<x58>[B] (+1) -0.698830409<x59>[B] (+0) -0.698830409<x60>[B] (+0) -0.698830409<x61>[B] (+0) -0.698830409<x62>[B] (+0) -0.698830409<x63>[B] (+0) -0.698830409<x64>[B] (+0) -0.698830409<x65>[B] (+0) -0.698830409<x66>[B] (+0) -0.698830409<x67>[B] (+1) -0.698830409<x68>[B] (+1) -0.698830409<x69>[B] (+1) -0.698830409<x70>[B] (+1) -0.698830409<x71>[B] (+1) -0.698830409<x72>[B] (+1) -0.698830409<x73>[B] (+1) +0.698830409<x74>[B] (+0) -0.698830409<x75>[B] (+0) -0.698830409<x76>[B] (+1) -0.698830409<x77>[B] (+1) -0.698830409<x78>[B] (+1) -0.698830409<x79>[B] (+0) -0.698830409<x80>[B] (+1) -0.698830409<x81>[B] (+1) -0.698830409<x82>[B] (+1) -0.698830409<x83>[B] (+1) +0.698830409<x84>[B] (+1) -0.698830409<x85>[B] (+1) -0.698830409<x86>[B] (+1) +0.698830409<x87>[B] (+0) -0.698830409<x88>[B] (+0) +0.698830409<x89>[B] (+1) +0.698830409<x90>[B] (+0) -0.698830409<x91>[B] (+1) +0.698830409<x92>[B] (+0) -0.698830409<x93>[B] (+0) +0.698830409<x94>[B] (+1) +0.698830409<x95>[B] (+0) +0.698830409<x96>[B] (+0) +0.698830409<x97>[B] (+0) +0.698830409<x98>[B] (+0) +0.698830409<x99>[B] (+0) +0.698830409<x100>[B] (+0) +0.698830409<x101>[B] (+0) +0.698830409<x102>[B] (+0) +0.698830409<x103>[B] (+0) +0.698830409<x104>[B] (+0) +0.698830409<x105>[B] (+0) -0.698830409<x106>[B] (+0) +0.698830409<x107>[B] (+0) -0.698830409<x108>[B] (+0) +0.698830409<x109>[B] (+0) +0.698830409<x110>[B] (+0) -0.698830409<x111>[B] (+0) +0.698830409<x112>[B] (+0) +0.698830409<x113>[B] (+0) +0.698830409<x114>[B] (+0) +0.698830409<x115>[B] (+0) +0.698830409<x116>[B] (+0) +0.698830409<x117>[B] (+0) +0.698830409<x118>[B] (+1) +0.698830409<x119>[B] (+1) +0.698830409<x120>[B] (+0) +0.698830409<x121>[B] (+0) +0.698830409<x122>[B] (+1) +0.698830409<x123>[B] (+0) +0.698830409<x124>[B] (+0) +0.698830409<x125>[B] (+0) +0.698830409<x126>[B] (+0) -0.698830409<x127>[B] (+1) -0.698830409<x128>[B] (+1) +0.698830409<x129>[B] (+0) -0.698830409<x130>[B] (+0) +0.698830409<x131>[B] (+1) +0.698830409<x132>[B] (+0) -0.698830409<x133>[B] (+0) +0.698830409<x134>[B] (+0) -0.698830409<x135>[B] (+0) +0.698830409<x136>[B] (+0) +0.698830409<x137>[B] (+0) +0.698830409<x138>[B] (+0) +0.698830409<x139>[B] (+0) +0.698830409<x140>[B] (+0) +0.698830409<x141>[B] (+0) +0.698830409<x142>[B] (+0) +0.698830409<x143>[B] (+0) +0.698830409<x144>[B] (+0) -0.698830409<x145>[B] (+0) +0.698830409<x146>[B] (+1) +0.698830409<x147>[B] (+0) -0.698830409<x148>[B] (+0) +0.698830409<x149>[B] (+0) -0.698830409<x150>[B] (+0) -0.698830409<x151>[B] (+1) -0.698830409<x152>[B] (+1) -0.698830409<x153>[B] (+1) -0.698830409<x154>[B] (+1) -0.698830409<x155>[B] (+0) -0.698830409<x156>[B] (+1) +0.698830409<x157>[B] (+1) +0.698830409<x158>[B] (+1) +0.698830409<x159>[B] (+1) +0.698830409<x160>[B] (+0) +0.698830409<x161>[B] (+1) +0.698830409<x162>[B] (+0) -0.698830409<x163>[B] (+0) +0.698830409<x164>[B] (+0) -0.698830409<x165>[B] (+0) -0.698830409<x166>[B] (+1) +0.698830409<x167>[B] (+0) -0.698830409<x168>[B] (+1) +0.698830409<x169>[B] (+0) -0.698830409<x170>[B] (+0) -0.698830409<x171>[B] (+1) >= 10.6578947368421;
;
violation: left hand side is violated by 0.00584795321634601
  [linear] <c1975>: <x174>[C] (+28.6403509) -0.581871345<x1>[B] (+0) +0.581871345<x2>[B] (+0) -0.581871345<x3>[B] (+1) -0.581871345<x4>[B] (+0) -0.581871345<x5>[B] (+1) -0.581871345<x6>[B] (+1) -0.581871345<x7>[B] (+1) +0.581871345<x8>[B] (+1) -0.581871345<x9>[B] (+1) -0.581871345<x10>[B] (+1) +0.581871345<x11>[B] (+1) +0.581871345<x12>[B] (+0) -0.581871345<x13>[B] (+0) +0.581871345<x14>[B] (+1) -0.581871345<x15>[B] (+0) -0.581871345<x16>[B] (+1) +0.581871345<x17>[B] (+0) +0.581871345<x18>[B] (+0) +0.581871345<x19>[B] (+0) -0.581871345<x20>[B] (+1) -0.581871345<x21>[B] (+0) -0.581871345<x22>[B] (+1) -0.581871345<x23>[B] (+1) -0.581871345<x24>[B] (+1) +0.581871345<x25>[B] (+1) -0.581871345<x26>[B] (+1) +0.581871345<x27>[B] (+1) +0.581871345<x28>[B] (+1) +0.581871345<x29>[B] (+0) +0.581871345<x30>[B] (+0) +0.581871345<x31>[B] (+1) -0.581871345<x32>[B] (+0) -0.581871345<x33>[B] (+1) +0.581871345<x34>[B] (+0) +0.581871345<x35>[B] (+1) -0.581871345<x36>[B] (+1) -0.581871345<x37>[B] (+0) -0.581871345<x38>[B] (+1) -0.581871345<x39>[B] (+1) -0.581871345<x40>[B] (+1) +0.581871345<x41>[B] (+1) -0.581871345<x42>[B] (+1) -0.581871345<x43>[B] (+1) +0.581871345<x44>[B] (+1) -0.581871345<x45>[B] (+0) -0.581871345<x46>[B] (+0) -0.581871345<x47>[B] (+1) -0.581871345<x48>[B] (+1) -0.581871345<x49>[B] (+1) +0.581871345<x50>[B] (+0) +0.581871345<x51>[B] (+1) -0.581871345<x52>[B] (+0) -0.581871345<x53>[B] (+0) -0.581871345<x54>[B] (+1) +0.581871345<x55>[B] (+1) +0.581871345<x56>[B] (+0) +0.581871345<x57>[B] (+0) +0.581871345<x58>[B] (+1) +0.581871345<x59>[B] (+0) +0.581871345<x60>[B] (+0) +0.581871345<x61>[B] (+0) +0.581871345<x62>[B] (+0) -0.581871345<x63>[B] (+0) +0.581871345<x64>[B] (+0) +0.581871345<x65>[B] (+0) +0.581871345<x66>[B] (+0) +0.581871345<x67>[B] (+1) +0.581871345<x68>[B] (+1) +0.581871345<x69>[B] (+1) +0.581871345<x70>[B] (+1) +0.581871345<x71>[B] (+1) +0.581871345<x72>[B] (+1) +0.581871345<x73>[B] (+1) +0.581871345<x74>[B] (+0) +0.581871345<x75>[B] (+0) +0.581871345<x76>[B] (+1) +0.581871345<x77>[B] (+1) +0.581871345<x78>[B] (+1) +0.581871345<x79>[B] (+0) +0.581871345<x80>[B] (+1) -0.581871345<x81>[B] (+1) +0.581871345<x82>[B] (+1) +0.581871345<x83>[B] (+1) +0.581871345<x84>[B] (+1) +0.581871345<x85>[B] (+1) +0.581871345<x86>[B] (+1) +0.581871345<x87>[B] (+0) +0.581871345<x88>[B] (+0) +0.581871345<x89>[B] (+1) +0.581871345<x90>[B] (+0) +0.581871345<x91>[B] (+1) +0.581871345<x92>[B] (+0) +0.581871345<x93>[B] (+0) +0.581871345<x94>[B] (+1) +0.581871345<x95>[B] (+0) +0.581871345<x96>[B] (+0) +0.581871345<x97>[B] (+0) +0.581871345<x98>[B] (+0) +0.581871345<x99>[B] (+0) +0.581871345<x100>[B] (+0) +0.581871345<x101>[B] (+0) +0.581871345<x102>[B] (+0) +0.581871345<x103>[B] (+0) +0.581871345<x104>[B] (+0) +0.581871345<x105>[B] (+0) +0.581871345<x106>[B] (+0) +0.581871345<x107>[B] (+0) +0.581871345<x108>[B] (+0) +0.581871345<x109>[B] (+0) +0.581871345<x110>[B] (+0) +0.581871345<x111>[B] (+0) +0.581871345<x112>[B] (+0) -0.581871345<x113>[B] (+0) +0.581871345<x114>[B] (+0) +0.581871345<x115>[B] (+0) +0.581871345<x116>[B] (+0) -0.581871345<x117>[B] (+1) -0.581871345<x118>[B] (+1) -0.581871345<x119>[B] (+1) -0.581871345<x120>[B] (+0) -0.581871345<x121>[B] (+0) -0.581871345<x122>[B] (+1) -0.581871345<x123>[B] (+0) -0.581871345<x124>[B] (+0) -0.581871345<x125>[B] (+0) -0.581871345<x126>[B] (+0) +0.581871345<x127>[B] (+1) +0.581871345<x128>[B] (+1) +0.581871345<x129>[B] (+0) +0.581871345<x130>[B] (+0) +0.581871345<x131>[B] (+1) -0.581871345<x132>[B] (+0) -0.581871345<x133>[B] (+0) +0.581871345<x134>[B] (+0) +0.581871345<x135>[B] (+0) +0.581871345<x136>[B] (+0) +0.581871345<x137>[B] (+0) -0.581871345<x138>[B] (+0) +0.581871345<x139>[B] (+0) -0.581871345<x140>[B] (+0) -0.581871345<x141>[B] (+0) +0.581871345<x142>[B] (+0) +0.581871345<x143>[B] (+0) -0.581871345<x144>[B] (+0) -0.581871345<x145>[B] (+0) -0.581871345<x146>[B] (+1) -0.581871345<x147>[B] (+0) -0.581871345<x148>[B] (+0) +0.581871345<x149>[B] (+0) +0.581871345<x150>[B] (+0) -0.581871345<x151>[B] (+1) +0.581871345<x152>[B] (+1) -0.581871345<x153>[B] (+1) -0.581871345<x154>[B] (+1) +0.581871345<x155>[B] (+0) +0.581871345<x156>[B] (+1) +0.581871345<x157>[B] (+1) -0.581871345<x158>[B] (+1) -0.581871345<x159>[B] (+1) +0.581871345<x160>[B] (+0) +0.581871345<x161>[B] (+1) -0.581871345<x162>[B] (+0) -0.581871345<x163>[B] (+0) +0.581871345<x164>[B] (+0) +0.581871345<x165>[B] (+0) +0.581871345<x166>[B] (+1) +0.581871345<x167>[B] (+0) +0.581871345<x168>[B] (+1) +0.581871345<x169>[B] (+0) +0.581871345<x170>[B] (+0) +0.581871345<x171>[B] (+1) >= 33.312865497076;
;
violation: left hand side is violated by 0.0175438596489315
  [linear] <c1975>: <x174>[C] (+30.9619883) -0.581871345<x1>[B] (+0) +0.581871345<x2>[B] (+0) -0.581871345<x3>[B] (+1) -0.581871345<x4>[B] (+0) -0.581871345<x5>[B] (+1) -0.581871345<x6>[B] (+1) -0.581871345<x7>[B] (+1) +0.581871345<x8>[B] (+0) -0.581871345<x9>[B] (+1) -0.581871345<x10>[B] (+1) +0.581871345<x11>[B] (+1) +0.581871345<x12>[B] (+0) -0.581871345<x13>[B] (+0) +0.581871345<x14>[B] (+1) -0.581871345<x15>[B] (+0) -0.581871345<x16>[B] (+1) +0.581871345<x17>[B] (+0) +0.581871345<x18>[B] (+0) +0.581871345<x19>[B] (+1) -0.581871345<x20>[B] (+1) -0.581871345<x21>[B] (+0) -0.581871345<x22>[B] (+1) -0.581871345<x23>[B] (+1) -0.581871345<x24>[B] (+1) +0.581871345<x25>[B] (+1) -0.581871345<x26>[B] (+1) +0.581871345<x27>[B] (+1) +0.581871345<x28>[B] (+1) +0.581871345<x29>[B] (+0) +0.581871345<x30>[B] (+0) +0.581871345<x31>[B] (+1) -0.581871345<x32>[B] (+1) -0.581871345<x33>[B] (+1) +0.581871345<x34>[B] (+0) +0.581871345<x35>[B] (+1) -0.581871345<x36>[B] (+1) -0.581871345<x37>[B] (+0) -0.581871345<x38>[B] (+1) -0.581871345<x39>[B] (+1) -0.581871345<x40>[B] (+1) +0.581871345<x41>[B] (+0) -0.581871345<x42>[B] (+1) -0.581871345<x43>[B] (+1) +0.581871345<x44>[B] (+1) -0.581871345<x45>[B] (+0) -0.581871345<x46>[B] (+0) -0.581871345<x47>[B] (+1) -0.581871345<x48>[B] (+0) -0.581871345<x49>[B] (+1) +0.581871345<x50>[B] (+0) +0.581871345<x51>[B] (+1) -0.581871345<x52>[B] (+0) -0.581871345<x53>[B] (+0) -0.581871345<x54>[B] (+1) +0.581871345<x55>[B] (+1) +0.581871345<x56>[B] (+0) +0.581871345<x57>[B] (+0) +0.581871345<x58>[B] (+1) +0.581871345<x59>[B] (+0) +0.581871345<x60>[B] (+0) +0.581871345<x61>[B] (+0) +0.581871345<x62>[B] (+0) -0.581871345<x63>[B] (+0) +0.581871345<x64>[B] (+0) +0.581871345<x65>[B] (+0) +0.581871345<x66>[B] (+0) +0.581871345<x67>[B] (+1) +0.581871345<x68>[B] (+1) +0.581871345<x69>[B] (+1) +0.581871345<x70>[B] (+1) +0.581871345<x71>[B] (+1) +0.581871345<x72>[B] (+1) +0.581871345<x73>[B] (+1) +0.581871345<x74>[B] (+0) +0.581871345<x75>[B] (+0) +0.581871345<x76>[B] (+1) +0.581871345<x77>[B] (+1) +0.581871345<x78>[B] (+1) +0.581871345<x79>[B] (+0) +0.581871345<x80>[B] (+1) -0.581871345<x81>[B] (+1) +0.581871345<x82>[B] (+1) +0.581871345<x83>[B] (+0) +0.581871345<x84>[B] (+1) +0.581871345<x85>[B] (+1) +0.581871345<x86>[B] (+1) +0.581871345<x87>[B] (+0) +0.581871345<x88>[B] (+0) +0.581871345<x89>[B] (+1) +0.581871345<x90>[B] (+0) +0.581871345<x91>[B] (+1) +0.581871345<x92>[B] (+0) +0.581871345<x93>[B] (+0) +0.581871345<x94>[B] (+1) +0.581871345<x95>[B] (+0) +0.581871345<x96>[B] (+0) +0.581871345<x97>[B] (+0) +0.581871345<x98>[B] (+0) +0.581871345<x99>[B] (+0) +0.581871345<x100>[B] (+0) +0.581871345<x101>[B] (+0) +0.581871345<x102>[B] (+0) +0.581871345<x103>[B] (+0) +0.581871345<x104>[B] (+0) +0.581871345<x105>[B] (+0) +0.581871345<x106>[B] (+0) +0.581871345<x107>[B] (+0) +0.581871345<x108>[B] (+0) +0.581871345<x109>[B] (+0) +0.581871345<x110>[B] (+0) +0.581871345<x111>[B] (+0) +0.581871345<x112>[B] (+0) -0.581871345<x113>[B] (+0) +0.581871345<x114>[B] (+0) +0.581871345<x115>[B] (+0) +0.581871345<x116>[B] (+0) -0.581871345<x117>[B] (+1) -0.581871345<x118>[B] (+1) -0.581871345<x119>[B] (+1) -0.581871345<x120>[B] (+0) -0.581871345<x121>[B] (+0) -0.581871345<x122>[B] (+1) -0.581871345<x123>[B] (+0) -0.581871345<x124>[B] (+1) -0.581871345<x125>[B] (+0) -0.581871345<x126>[B] (+1) +0.581871345<x127>[B] (+1) +0.581871345<x128>[B] (+1) +0.581871345<x129>[B] (+0) +0.581871345<x130>[B] (+0) +0.581871345<x131>[B] (+1) -0.581871345<x132>[B] (+0) -0.581871345<x133>[B] (+0) +0.581871345<x134>[B] (+0) +0.581871345<x135>[B] (+0) +0.581871345<x136>[B] (+0) +0.581871345<x137>[B] (+0) -0.581871345<x138>[B] (+0) +0.581871345<x139>[B] (+0) -0.581871345<x140>[B] (+0) -0.581871345<x141>[B] (+0) +0.581871345<x142>[B] (+0) +0.581871345<x143>[B] (+0) -0.581871345<x144>[B] (+0) -0.581871345<x145>[B] (+0) -0.581871345<x146>[B] (+1) -0.581871345<x147>[B] (+0) -0.581871345<x148>[B] (+0) +0.581871345<x149>[B] (+0) +0.581871345<x150>[B] (+0) -0.581871345<x151>[B] (+1) +0.581871345<x152>[B] (+1) -0.581871345<x153>[B] (+1) -0.581871345<x154>[B] (+1) +0.581871345<x155>[B] (+0) +0.581871345<x156>[B] (+1) +0.581871345<x157>[B] (+1) -0.581871345<x158>[B] (+1) -0.581871345<x159>[B] (+1) +0.581871345<x160>[B] (+0) +0.581871345<x161>[B] (+1) -0.581871345<x162>[B] (+0) -0.581871345<x163>[B] (+0) +0.581871345<x164>[B] (+0) +0.581871345<x165>[B] (+0) +0.581871345<x166>[B] (+1) +0.581871345<x167>[B] (+0) +0.581871345<x168>[B] (+1) +0.581871345<x169>[B] (+0) +0.581871345<x170>[B] (+0) +0.581871345<x171>[B] (+1) >= 33.312865497076;
;
violation: left hand side is violated by 0.023391812865512
  [linear] <c1986>: <x191>[C] (+38.6520468) +0.669590643<x1>[B] (+0) +0.669590643<x2>[B] (+0) +0.669590643<x3>[B] (+1) +0.669590643<x4>[B] (+0) -0.669590643<x5>[B] (+1) +0.669590643<x6>[B] (+1) -0.669590643<x7>[B] (+1) -0.669590643<x8>[B] (+1) +0.669590643<x9>[B] (+1) +0.669590643<x10>[B] (+1) +0.669590643<x11>[B] (+1) +0.669590643<x12>[B] (+0) +0.669590643<x13>[B] (+0) +0.669590643<x14>[B] (+1) +0.669590643<x15>[B] (+0) +0.669590643<x16>[B] (+1) +0.669590643<x17>[B] (+0) +0.669590643<x18>[B] (+0) -0.669590643<x19>[B] (+0) -0.669590643<x20>[B] (+1) +0.669590643<x21>[B] (+0) -0.669590643<x22>[B] (+1) -0.669590643<x23>[B] (+1) -0.669590643<x24>[B] (+1) -0.669590643<x25>[B] (+1) -0.669590643<x26>[B] (+1) -0.669590643<x27>[B] (+1) +0.669590643<x28>[B] (+1) +0.669590643<x29>[B] (+0) -0.669590643<x30>[B] (+0) +0.669590643<x31>[B] (+1) -0.669590643<x32>[B] (+0) +0.669590643<x33>[B] (+1) +0.669590643<x34>[B] (+0) +0.669590643<x35>[B] (+1) -0.669590643<x36>[B] (+1) +0.669590643<x37>[B] (+0) -0.669590643<x38>[B] (+1) -0.669590643<x39>[B] (+1) -0.669590643<x40>[B] (+1) -0.669590643<x41>[B] (+1) -0.669590643<x42>[B] (+1) -0.669590643<x43>[B] (+1) +0.669590643<x44>[B] (+1) +0.669590643<x45>[B] (+0) +0.669590643<x46>[B] (+0) +0.669590643<x47>[B] (+1) +0.669590643<x48>[B] (+0) +0.669590643<x49>[B] (+1) +0.669590643<x50>[B] (+0) +0.669590643<x51>[B] (+1) +0.669590643<x52>[B] (+0) -0.669590643<x53>[B] (+0) -0.669590643<x54>[B] (+1) -0.669590643<x55>[B] (+1) -0.669590643<x56>[B] (+0) -0.669590643<x57>[B] (+0) -0.669590643<x58>[B] (+1) +0.669590643<x59>[B] (+0) +0.669590643<x60>[B] (+0) +0.669590643<x61>[B] (+0) +0.669590643<x62>[B] (+0) +0.669590643<x63>[B] (+0) +0.669590643<x64>[B] (+0) +0.669590643<x65>[B] (+0) +0.669590643<x66>[B] (+0) -0.669590643<x67>[B] (+1) -0.669590643<x68>[B] (+1) -0.669590643<x69>[B] (+1) -0.669590643<x70>[B] (+1) -0.669590643<x71>[B] (+1) -0.669590643<x72>[B] (+1) -0.669590643<x73>[B] (+1) +0.669590643<x74>[B] (+0) -0.669590643<x75>[B] (+0) -0.669590643<x76>[B] (+1) -0.669590643<x77>[B] (+1) -0.669590643<x78>[B] (+1) -0.669590643<x79>[B] (+0) -0.669590643<x80>[B] (+1) +0.669590643<x81>[B] (+1) +0.669590643<x82>[B] (+1) +0.669590643<x83>[B] (+1) +0.669590643<x84>[B] (+1) +0.669590643<x85>[B] (+1) +0.669590643<x86>[B] (+1) +0.669590643<x87>[B] (+0) +0.669590643<x88>[B] (+0) +0.669590643<x89>[B] (+1) +0.669590643<x90>[B] (+0) +0.669590643<x91>[B] (+1) +0.669590643<x92>[B] (+0) +0.669590643<x93>[B] (+0) -0.669590643<x94>[B] (+1) -0.669590643<x95>[B] (+0) +0.669590643<x96>[B] (+0) +0.669590643<x97>[B] (+0) +0.669590643<x98>[B] (+0) +0.669590643<x99>[B] (+0) +0.669590643<x100>[B] (+0) +0.669590643<x101>[B] (+0) +0.669590643<x102>[B] (+0) +0.669590643<x103>[B] (+0) +0.669590643<x104>[B] (+0) +0.669590643<x105>[B] (+0) -0.669590643<x106>[B] (+0) +0.669590643<x107>[B] (+0) +0.669590643<x108>[B] (+0) +0.669590643<x109>[B] (+0) +0.669590643<x110>[B] (+0) +0.669590643<x111>[B] (+0) +0.669590643<x112>[B] (+0) +0.669590643<x113>[B] (+0) +0.669590643<x114>[B] (+0) +0.669590643<x115>[B] (+0) +0.669590643<x116>[B] (+0) +0.669590643<x117>[B] (+1) +0.669590643<x118>[B] (+1) +0.669590643<x119>[B] (+1) +0.669590643<x120>[B] (+0) +0.669590643<x121>[B] (+0) +0.669590643<x122>[B] (+1) +0.669590643<x123>[B] (+0) +0.669590643<x124>[B] (+0) +0.669590643<x125>[B] (+0) +0.669590643<x126>[B] (+0) +0.669590643<x127>[B] (+1) +0.669590643<x128>[B] (+1) +0.669590643<x129>[B] (+0) +0.669590643<x130>[B] (+0) +0.669590643<x131>[B] (+1) +0.669590643<x132>[B] (+0) +0.669590643<x133>[B] (+0) +0.669590643<x134>[B] (+0) +0.669590643<x135>[B] (+0) +0.669590643<x136>[B] (+0) +0.669590643<x137>[B] (+0) +0.669590643<x138>[B] (+0) +0.669590643<x139>[B] (+0) +0.669590643<x140>[B] (+0) +0.669590643<x141>[B] (+0) +0.669590643<x142>[B] (+0) +0.669590643<x143>[B] (+0) +0.669590643<x144>[B] (+0) -0.669590643<x145>[B] (+0) +0.669590643<x146>[B] (+1) -0.669590643<x147>[B] (+0) +0.669590643<x148>[B] (+0) -0.669590643<x149>[B] (+0) +0.669590643<x150>[B] (+0) -0.669590643<x151>[B] (+1) -0.669590643<x152>[B] (+1) -0.669590643<x153>[B] (+1) -0.669590643<x154>[B] (+1) -0.669590643<x155>[B] (+0) -0.669590643<x156>[B] (+1) +0.669590643<x157>[B] (+1) -0.669590643<x158>[B] (+1) +0.669590643<x159>[B] (+1) +0.669590643<x160>[B] (+0) +0.669590643<x161>[B] (+1) -0.669590643<x162>[B] (+0) +0.669590643<x163>[B] (+0) -0.669590643<x164>[B] (+0) -0.669590643<x165>[B] (+0) +0.669590643<x166>[B] (+1) +0.669590643<x167>[B] (+0) +0.669590643<x168>[B] (+1) -0.669590643<x169>[B] (+0) -0.669590643<x170>[B] (+0) +0.669590643<x171>[B] (+1) >= 38;
;
violation: left hand side is violated by 0.0175438596487041
3/10 feasible solutions given by solution candidate storage, new primal bound -3.872105e+02

presolving:
   (0.0s) symmetry computation started: requiring (bin +, int +, cont +), (fixed: bin -, int -, cont -)
   (0.0s) no symmetry present (symcode time: 0.00)
presolving (0 rounds: 0 fast, 0 medium, 0 exhaustive):
 0 deleted vars, 0 deleted constraints, 0 added constraints, 0 tightened bounds, 0 added holes, 0 changed sides, 0 changed coefficients
 0 implications, 0 cliques, 0 implied integral variables (0 bin, 0 int, 0 cont)
presolved problem has 191 variables (171 bin, 0 int, 20 cont) and 1986 constraints
   1986 constraints of type <linear>
Presolving Time: 0.01
transformed 4/4 original solutions to the transformed problem space

 time | node  | left  |LP iter|LP it/n|mem/heur|mdpt |vars |cons |rows |cuts |sepa|confs|strbr|  dualbound   | primalbound  |  gap   | compl. 
  0.0s|     1 |     0 |   216 |     - |    17M |   0 | 191 |1986 |1986 |   0 |  0 |   0 |   0 |-3.867937e+02 |-3.872105e+02 |   0.11%| unknown
  0.0s|     1 |     0 |   216 |     - |    17M |   0 | 191 |1986 | 476 |   0 |  0 |   0 |   0 |-3.867937e+02 |-3.872105e+02 |   0.11%| unknown
  0.0s|     1 |     0 |   229 |     - |    17M |   0 | 191 |1986 | 477 |   1 |  1 |   0 |   0 |-3.868684e+02 |-3.872105e+02 |   0.09%| unknown
  0.0s|     1 |     0 |   229 |     - |    17M |   0 | 191 |1986 | 451 |   1 |  1 |   0 |   0 |-3.868684e+02 |-3.872105e+02 |   0.09%| unknown
  0.1s|     1 |     0 |   245 |     - |    17M |   0 | 191 |1986 | 453 |   3 |  2 |   0 |   0 |-3.869291e+02 |-3.872105e+02 |   0.07%| unknown
  0.1s|     1 |     0 |   249 |     - |    17M |   0 | 191 |1986 | 454 |   4 |  3 |   0 |   0 |-3.869351e+02 |-3.872105e+02 |   0.07%| unknown
  0.1s|     1 |     0 |   259 |     - |    17M |   0 | 191 |1986 | 456 |   6 |  4 |   0 |   0 |-3.869825e+02 |-3.872105e+02 |   0.06%| unknown
  0.1s|     1 |     0 |   259 |     - |    17M |   0 | 191 |1986 | 443 |   6 |  4 |   0 |   0 |-3.869825e+02 |-3.872105e+02 |   0.06%| unknown
  0.1s|     1 |     0 |   275 |     - |    17M |   0 | 191 |1986 | 444 |   7 |  5 |   0 |   0 |-3.869952e+02 |-3.872105e+02 |   0.06%| unknown
  0.1s|     1 |     0 |   287 |     - |    17M |   0 | 191 |1986 | 448 |  11 |  6 |   0 |   0 |-3.870040e+02 |-3.872105e+02 |   0.05%| unknown
  0.1s|     1 |     0 |   303 |     - |    17M |   0 | 191 |1986 | 449 |  12 |  7 |   0 |   0 |-3.870461e+02 |-3.872105e+02 |   0.04%| unknown
  0.1s|     1 |     0 |   303 |     - |    17M |   0 | 191 |1986 | 441 |  12 |  7 |   0 |   0 |-3.870461e+02 |-3.872105e+02 |   0.04%| unknown
  0.1s|     1 |     0 |   308 |     - |    17M |   0 | 191 |1986 | 442 |  13 |  8 |   0 |   0 |-3.870526e+02 |-3.872105e+02 |   0.04%| unknown
  0.2s|     1 |     0 |   312 |     - |    18M |   0 | 191 |1986 | 444 |  15 |  9 |   0 |   0 |-3.870562e+02 |-3.872105e+02 |   0.04%| unknown
  0.2s|     1 |     0 |   324 |     - |    18M |   0 | 191 |1986 | 445 |  16 | 10 |   0 |   0 |-3.870655e+02 |-3.872105e+02 |   0.04%| unknown
 time | node  | left  |LP iter|LP it/n|mem/heur|mdpt |vars |cons |rows |cuts |sepa|confs|strbr|  dualbound   | primalbound  |  gap   | compl. 
  0.2s|     1 |     0 |   327 |     - |    18M |   0 | 191 |1986 | 446 |  17 | 11 |   0 |   0 |-3.870668e+02 |-3.872105e+02 |   0.04%| unknown
  0.2s|     1 |     0 |   327 |     - |    18M |   0 | 191 | 311 | 446 |  17 | 12 |   0 |   0 |-3.870668e+02 |-3.872105e+02 |   0.04%| unknown
(run 1, node 1) restarting after 122 global fixings of integer variables

(restart) converted 17 cuts from the global cut pool into linear constraints

presolving:
presolving (0 rounds: 0 fast, 0 medium, 0 exhaustive):
 0 deleted vars, 0 deleted constraints, 0 added constraints, 0 tightened bounds, 0 added holes, 0 changed sides, 0 changed coefficients
 0 implications, 0 cliques, 0 implied integral variables (0 bin, 0 int, 0 cont)
presolved problem has 191 variables (171 bin, 0 int, 20 cont) and 331 constraints
      1 constraints of type <setppc>
    330 constraints of type <linear>
Presolving Time: 0.01
transformed 2/18 original solutions to the transformed problem space

 time | node  | left  |LP iter|LP it/n|mem/heur|mdpt |vars |cons |rows |cuts |sepa|confs|strbr|  dualbound   | primalbound  |  gap   | compl. 
  0.2s|     1 |     0 |   493 |     - |    18M |   0 | 191 | 174 | 174 |   0 |  0 |   4 |   0 |-3.872105e+02 |-3.872105e+02 |   0.00%| unknown

SCIP Status        : problem is solved [optimal solution found]
Solving Time (sec) : 0.24
Solving Nodes      : 1 (total of 2 nodes in 2 runs)
Primal Bound       : -3.87210526315789e+02 (18 solutions)
Dual Bound         : -3.87210526315789e+02
Gap                : 0.00 %
