Loading instance...
Median ranking: [11, 14, 18, 15, 8, 17, 13, 7, 3, 16, 2, 19, 12, 10, 5, 4, 1, 9, 6]
Mean ranking: [11, 14, 18, 15, 8, 17, 13, 7, 3, 5, 16, 2, 19, 10, 12, 1, 9, 6, 4]
Actual error: 0.0018064239404781413
Weighted Kendall distance: 62.0
Normalized distance: 0.027192982456140352
 0 chg sides, 0 chg coeffs, 0 upgd conss, 0 impls, 0 clqs, 0 implints
   (0.0s) symmetry computation started: requiring (bin +, int +, cont +), (fixed: bin -, int -, cont -)
   (0.0s) no symmetry present (symcode time: 0.00)
presolving (2 rounds: 2 fast, 2 medium, 1 exhaustive):
 0 deleted vars, 1938 deleted constraints, 969 added constraints, 0 tightened bounds, 0 added holes, 0 changed sides, 0 changed coefficients
 0 implications, 0 cliques, 0 implied integral variables (0 bin, 0 int, 0 cont)
presolved problem has 171 variables (0 bin, 0 int, 171 cont) and 969 constraints
    969 constraints of type <linear>
Presolving Time: 0.01
transformed 3/3 original solutions to the transformed problem space

 time | node  | left  |LP iter|LP it/n|mem/heur|mdpt |vars |cons |rows |cuts |sepa|confs|strbr|  dualbound   | primalbound  |  gap   | compl. 
* 0.0s|     1 |     0 |    42 |     - |    LP  |   0 | 171 | 969 | 969 |   0 |  0 |   0 |   0 | 1.020000e+02 | 1.020000e+02 |   0.00%| unknown
  0.0s|     1 |     0 |    42 |     - |  6284k |   0 | 171 | 969 | 969 |   0 |  0 |   0 |   0 | 1.020000e+02 | 1.020000e+02 |   0.00%| unknown

SCIP Status        : problem is solved [optimal solution found]
Solving Time (sec) : 0.02
Solving Nodes      : 1
Primal Bound       : +1.02000000000000e+02 (4 solutions)
Dual Bound         : +1.02000000000000e+02
Gap                : 0.00 %
feasible solution found by trivial heuristic after 0.0 seconds, objective value 0.000000e+00
presolving:
   (0.0s) running MILP presolver
   (0.0s) MILP presolver (2 rounds): 0 aggregations, 0 fixings, 0 bound changes
(round 1, medium)     0 del vars, 1938 del conss, 969 add conss, 0 chg bounds, 0 chg sides, 0 chg coeffs, 0 upgd conss, 0 impls, 0 clqs, 0 implints
   (0.0s) probing: 51/171 (29.8%) - 0 fixings, 0 aggregations, 0 implications, 0 bound changes
   (0.0s) probing aborted: 50/50 successive totally useless probings
   (0.0s) symmetry computation started: requiring (bin +, int +, cont +), (fixed: bin -, int -, cont -)
   (0.0s) no symmetry present (symcode time: 0.00)
presolving (2 rounds: 2 fast, 2 medium, 1 exhaustive):
 0 deleted vars, 1938 deleted constraints, 969 added constraints, 0 tightened bounds, 0 added holes, 0 changed sides, 0 changed coefficients
 0 implications, 0 cliques, 0 implied integral variables (0 bin, 0 int, 0 cont)
presolved problem has 171 variables (171 bin, 0 int, 0 cont) and 969 constraints
    969 constraints of type <linear>
transformed objective value is always integral (scale: 2)
Presolving Time: 0.01
transformed 2/2 original solutions to the transformed problem space

 time | node  | left  |LP iter|LP it/n|mem/heur|mdpt |vars |cons |rows |cuts |sepa|confs|strbr|  dualbound   | primalbound  |  gap   | compl. 
p 0.0s|     1 |     0 |     0 |     - |   locks|   0 | 171 | 969 | 969 |   0 |  0 |   0 |   0 | 1.220000e+02 | 1.000000e+01 |1120.00%| unknown
i 0.0s|     1 |     0 |     0 |     - |  oneopt|   0 | 171 | 969 | 969 |   0 |  0 |   0 |   0 | 1.220000e+02 | 6.200000e+01 |  96.77%| unknown
* 0.0s|     1 |     0 |    36 |     - |    LP  |   0 | 171 | 969 | 969 |   0 |  0 |   0 |   0 | 1.020000e+02 | 1.020000e+02 |   0.00%| unknown
  0.0s|     1 |     0 |    36 |     - |  6456k |   0 | 171 | 969 | 969 |   0 |  0 |   0 |   0 | 1.020000e+02 | 1.020000e+02 |   0.00%| unknown

SCIP Status        : problem is solved [optimal solution found]
Solving Time (sec) : 0.02
Solving Nodes      : 1
Primal Bound       : +1.02000000000000e+02 (5 solutions)
Dual Bound         : +1.02000000000000e+02
Gap                : 0.00 %
feasible solution found by trivial heuristic after 0.0 seconds, objective value -1.000102e+06
presolving:
(round 1, fast)       0 del vars, 0 del conss, 0 add conss, 20 chg bounds, 0 chg sides, 0 chg coeffs, 0 upgd conss, 0 impls, 0 clqs, 0 implints
   (0.3s) running MILP presolver
   (0.3s) MILP presolver (2 rounds): 0 aggregations, 0 fixings, 0 bound changes
(round 2, medium)     0 del vars, 3648 del conss, 2679 add conss, 20 chg bounds, 0 chg sides, 0 chg coeffs, 0 upgd conss, 0 impls, 0 clqs, 0 implints
   (0.5s) symmetry computation started: requiring (bin +, int +, cont +), (fixed: bin -, int -, cont -)
   (0.6s) no symmetry present (symcode time: 0.01)
presolving (3 rounds: 3 fast, 2 medium, 1 exhaustive):
 0 deleted vars, 3648 deleted constraints, 2679 added constraints, 20 tightened bounds, 0 added holes, 0 changed sides, 0 changed coefficients
 0 implications, 0 cliques, 0 implied integral variables (0 bin, 0 int, 0 cont)
presolved problem has 181 variables (0 bin, 0 int, 181 cont) and 2679 constraints
   2679 constraints of type <linear>
Presolving Time: 0.56

 time | node  | left  |LP iter|LP it/n|mem/heur|mdpt |vars |cons |rows |cuts |sepa|confs|strbr|  dualbound   | primalbound  |  gap   | compl. 
t 0.6s|     1 |     0 |     0 |     - | trivial|   0 | 181 |2679 |   0 |   0 |  0 |   0 |   0 | 1.220000e+02 |-9.570000e+02 |    Inf | unknown
* 0.7s|     1 |     0 |   334 |     - |    LP  |   0 | 181 |2679 |2679 |   0 |  0 |   0 |   0 |-1.970292e+02 |-1.970292e+02 |   0.00%| unknown
  0.7s|     1 |     0 |   334 |     - |   197M |   0 | 181 |2679 |2679 |   0 |  0 |   0 |   0 |-1.970292e+02 |-1.970292e+02 |   0.00%| unknown

SCIP Status        : problem is solved [optimal solution found]
Solving Time (sec) : 0.70
Solving Nodes      : 1
Primal Bound       : -1.97029239766082e+02 (3 solutions)
Dual Bound         : -1.97029239766082e+02
Gap                : 0.00 %
feasible solution found by trivial heuristic after 0.0 seconds, objective value -1.000102e+06
presolving:
(round 1, fast)       0 del vars, 0 del conss, 0 add conss, 20 chg bounds, 0 chg sides, 0 chg coeffs, 0 upgd conss, 0 impls, 0 clqs, 0 implints
   (0.2s) running MILP presolver
   (0.2s) MILP presolver (2 rounds): 0 aggregations, 0 fixings, 0 bound changes
(round 2, medium)     0 del vars, 3648 del conss, 2679 add conss, 20 chg bounds, 0 chg sides, 0 chg coeffs, 0 upgd conss, 0 impls, 0 clqs, 0 implints
   (0.5s) probing: 51/171 (29.8%) - 0 fixings, 0 aggregations, 0 implications, 0 bound changes
   (0.5s) probing aborted: 50/50 successive totally useless probings
   (0.5s) symmetry computation started: requiring (bin +, int +, cont +), (fixed: bin -, int -, cont -)
   (0.6s) no symmetry present (symcode time: 0.01)
presolving (3 rounds: 3 fast, 2 medium, 1 exhaustive):
 0 deleted vars, 3648 deleted constraints, 2679 added constraints, 20 tightened bounds, 0 added holes, 0 changed sides, 0 changed coefficients
 0 implications, 0 cliques, 0 implied integral variables (0 bin, 0 int, 0 cont)
presolved problem has 181 variables (171 bin, 0 int, 10 cont) and 2679 constraints
   2679 constraints of type <linear>
Presolving Time: 0.56

 time | node  | left  |LP iter|LP it/n|mem/heur|mdpt |vars |cons |rows |cuts |sepa|confs|strbr|  dualbound   | primalbound  |  gap   | compl. 
t 0.6s|     1 |     0 |     0 |     - | trivial|   0 | 181 |2679 |   0 |   0 |  0 |   0 |   0 | 1.220000e+02 |-9.570000e+02 |    Inf | unknown
p 0.7s|     1 |     0 |    10 |     - |   locks|   0 | 181 |2679 |2679 |   0 |  0 |   0 |   0 | 1.220000e+02 |-3.402632e+02 |    Inf | unknown
* 0.8s|     1 |     0 |   344 |     - |    LP  |   0 | 181 |2679 |2679 |   0 |  0 |   0 |   0 |-1.970292e+02 |-1.970292e+02 |   0.00%| unknown
  0.8s|     1 |     0 |   344 |     - |   197M |   0 | 181 |2679 |2679 |   0 |  0 |   0 |   0 |-1.970292e+02 |-1.970292e+02 |   0.00%| unknown

SCIP Status        : problem is solved [optimal solution found]
Solving Time (sec) : 0.77
Solving Nodes      : 1
Primal Bound       : -1.97029239766082e+02 (4 solutions)
Dual Bound         : -1.97029239766082e+02
Gap                : 0.00 %
feasible solution found by trivial heuristic after 0.0 seconds, objective value 0.000000e+00
presolving:
   (0.0s) symmetry computation started: requiring (bin +, int +, cont +), (fixed: bin -, int -, cont -)
   (0.0s) symmetry computation finished: 9 generators found (max: 1500, log10 of symmetry group size: 6.56) (symcode time: 0.00)
dynamic symmetry handling statistics:
   orbitopal reduction:       no components
   orbital reduction:         no components
   lexicographic reduction:   no permutations
handled 1 out of 1 symmetry components
presolving (0 rounds: 0 fast, 0 medium, 0 exhaustive):
 0 deleted vars, 0 deleted constraints, 0 added constraints, 0 tightened bounds, 0 added holes, 0 changed sides, 0 changed coefficients
 0 implications, 0 cliques, 0 implied integral variables (0 bin, 0 int, 0 cont)
presolved problem has 181 variables (171 bin, 0 int, 10 cont) and 1947 constraints
   1947 constraints of type <linear>
Presolving Time: 0.00
transformed 2/2 original solutions to the transformed problem space

 time | node  | left  |LP iter|LP it/n|mem/heur|mdpt |vars |cons |rows |cuts |sepa|confs|strbr|  dualbound   | primalbound  |  gap   | compl. 
i 0.0s|     1 |     0 |     0 |     - |  oneopt|   0 | 181 |1938 |1938 |   0 |  0 |   0 |   0 | 1.220000e+02 | 4.400000e+01 | 177.27%| unknown
* 0.0s|     1 |     0 |    36 |     - |    LP  |   0 | 181 |1938 |1938 |   0 |  0 |   0 |   0 | 1.020000e+02 | 1.020000e+02 |   0.00%| unknown
  0.0s|     1 |     0 |    36 |     - |  8660k |   0 | 181 |1938 |1938 |   0 |  0 |   0 |   0 | 1.020000e+02 | 1.020000e+02 |   0.00%| unknown

SCIP Status        : problem is solved [optimal solution found]
Solving Time (sec) : 0.01
Solving Nodes      : 1
Primal Bound       : +1.02000000000000e+02 (5 solutions)
Dual Bound         : +1.02000000000000e+02
Gap                : 0.00 %
  [linear] <c1939>: <x172>[C] (+0) +0.605263158<x1>[B] (+0) +0.605263158<x2>[B] (+0) +0.605263158<x3>[B] (+0) +0.605263158<x4>[B] (+0) -0.605263158<x5>[B] (+1) +0.605263158<x6>[B] (+0) +0.605263158<x7>[B] (+0) -0.605263158<x8>[B] (+1) +0.605263158<x9>[B] (+0) +0.605263158<x10>[B] (+0) +0.605263158<x11>[B] (+0) +0.605263158<x12>[B] (+0) +0.605263158<x13>[B] (+0) +0.605263158<x14>[B] (+0) +0.605263158<x15>[B] (+0) +0.605263158<x16>[B] (+0) -0.605263158<x17>[B] (+0) +0.605263158<x18>[B] (+0) -0.605263158<x19>[B] (+0) -0.605263158<x20>[B] (+1) -0.605263158<x21>[B] (+1) -0.605263158<x22>[B] (+1) -0.605263158<x23>[B] (+0) +0.605263158<x24>[B] (+0) -0.605263158<x25>[B] (+1) -0.605263158<x26>[B] (+1) -0.605263158<x27>[B] (+0) -0.605263158<x28>[B] (+1) +0.605263158<x29>[B] (+0) -0.605263158<x30>[B] (+0) -0.605263158<x31>[B] (+0) +0.605263158<x32>[B] (+0) -0.605263158<x33>[B] (+0) -0.605263158<x34>[B] (+0) -0.605263158<x35>[B] (+1) +0.605263158<x36>[B] (+1) +0.605263158<x37>[B] (+1) -0.605263158<x38>[B] (+1) +0.605263158<x39>[B] (+0) +0.605263158<x40>[B] (+0) -0.605263158<x41>[B] (+1) -0.605263158<x42>[B] (+1) +0.605263158<x43>[B] (+0) +0.605263158<x44>[B] (+1) +0.605263158<x45>[B] (+0) -0.605263158<x46>[B] (+0) -0.605263158<x47>[B] (+0) +0.605263158<x48>[B] (+1) -0.605263158<x49>[B] (+0) -0.605263158<x50>[B] (+0) -0.605263158<x51>[B] (+1) -0.605263158<x52>[B] (+0) -0.605263158<x53>[B] (+1) +0.605263158<x54>[B] (+0) +0.605263158<x55>[B] (+0) -0.605263158<x56>[B] (+1) -0.605263158<x57>[B] (+0) +0.605263158<x58>[B] (+0) -0.605263158<x59>[B] (+0) +0.605263158<x60>[B] (+0) -0.605263158<x61>[B] (+0) -0.605263158<x62>[B] (+0) +0.605263158<x63>[B] (+0) -0.605263158<x64>[B] (+0) -0.605263158<x65>[B] (+0) -0.605263158<x66>[B] (+0) -0.605263158<x67>[B] (+1) +0.605263158<x68>[B] (+0) +0.605263158<x69>[B] (+0) -0.605263158<x70>[B] (+1) -0.605263158<x71>[B] (+0) +0.605263158<x72>[B] (+0) +0.605263158<x73>[B] (+0) +0.605263158<x74>[B] (+0) -0.605263158<x75>[B] (+0) -0.605263158<x76>[B] (+0) +0.605263158<x77>[B] (+0) -0.605263158<x78>[B] (+0) -0.605263158<x79>[B] (+0) -0.605263158<x80>[B] (+0) +0.605263158<x81>[B] (+0) +0.605263158<x82>[B] (+0) -0.605263158<x83>[B] (+0) +0.605263158<x84>[B] (+0) +0.605263158<x85>[B] (+0) +0.605263158<x86>[B] (+0) +0.605263158<x87>[B] (+0) +0.605263158<x88>[B] (+0) +0.605263158<x89>[B] (+0) +0.605263158<x90>[B] (+0) +0.605263158<x91>[B] (+0) -0.605263158<x92>[B] (+0) +0.605263158<x93>[B] (+0) +0.605263158<x94>[B] (+0) -0.605263158<x95>[B] (+1) -0.605263158<x96>[B] (+1) -0.605263158<x97>[B] (+0) -0.605263158<x98>[B] (+1) +0.605263158<x99>[B] (+0) -0.605263158<x100>[B] (+0) -0.605263158<x101>[B] (+0) +0.605263158<x102>[B] (+1) -0.605263158<x103>[B] (+0) -0.605263158<x104>[B] (+0) -0.605263158<x105>[B] (+1) -0.605263158<x106>[B] (+1) -0.605263158<x107>[B] (+1) -0.605263158<x108>[B] (+0) -0.605263158<x109>[B] (+1) -0.605263158<x110>[B] (+1) -0.605263158<x111>[B] (+0) -0.605263158<x112>[B] (+0) -0.605263158<x113>[B] (+1) -0.605263158<x114>[B] (+1) -0.605263158<x115>[B] (+0) -0.605263158<x116>[B] (+1) +0.605263158<x117>[B] (+0) +0.605263158<x118>[B] (+0) +0.605263158<x119>[B] (+0) +0.605263158<x120>[B] (+0) +0.605263158<x121>[B] (+0) +0.605263158<x122>[B] (+0) +0.605263158<x123>[B] (+0) +0.605263158<x124>[B] (+0) -0.605263158<x125>[B] (+0) +0.605263158<x126>[B] (+0) +0.605263158<x127>[B] (+0) +0.605263158<x128>[B] (+0) +0.605263158<x129>[B] (+0) +0.605263158<x130>[B] (+0) -0.605263158<x131>[B] (+0) +0.605263158<x132>[B] (+0) -0.605263158<x133>[B] (+0) -0.605263158<x134>[B] (+0) +0.605263158<x135>[B] (+0) -0.605263158<x136>[B] (+1) +0.605263158<x137>[B] (+1) -0.605263158<x138>[B] (+1) -0.605263158<x139>[B] (+1) +0.605263158<x140>[B] (+1) -0.605263158<x141>[B] (+1) -0.605263158<x142>[B] (+1) -0.605263158<x143>[B] (+1) +0.605263158<x144>[B] (+0) -0.605263158<x145>[B] (+0) -0.605263158<x146>[B] (+0) +0.605263158<x147>[B] (+0) -0.605263158<x148>[B] (+0) -0.605263158<x149>[B] (+0) -0.605263158<x150>[B] (+0) -0.605263158<x151>[B] (+0) -0.605263158<x152>[B] (+0) -0.605263158<x153>[B] (+1) -0.605263158<x154>[B] (+0) -0.605263158<x155>[B] (+0) -0.605263158<x156>[B] (+1) -0.605263158<x157>[B] (+1) +0.605263158<x158>[B] (+1) -0.605263158<x159>[B] (+1) -0.605263158<x160>[B] (+1) +0.605263158<x161>[B] (+1) +0.605263158<x162>[B] (+1) -0.605263158<x163>[B] (+1) -0.605263158<x164>[B] (+0) +0.605263158<x165>[B] (+1) -0.605263158<x166>[B] (+0) -0.605263158<x167>[B] (+0) -0.605263158<x168>[B] (+1) -0.605263158<x169>[B] (+0) +0.605263158<x170>[B] (+1) +0.605263158<x171>[B] (+1) >= 14.6783625730994;
;
violation: left hand side is violated by 31.625730994152
  [linear] <c1939>: <x172>[C] (+0) +0.605263158<x1>[B] (+0) +0.605263158<x2>[B] (+0) +0.605263158<x3>[B] (+0) +0.605263158<x4>[B] (+0) -0.605263158<x5>[B] (+0) +0.605263158<x6>[B] (+0) +0.605263158<x7>[B] (+0) -0.605263158<x8>[B] (+0) +0.605263158<x9>[B] (+0) +0.605263158<x10>[B] (+0) +0.605263158<x11>[B] (+0) +0.605263158<x12>[B] (+0) +0.605263158<x13>[B] (+0) +0.605263158<x14>[B] (+0) +0.605263158<x15>[B] (+0) +0.605263158<x16>[B] (+0) -0.605263158<x17>[B] (+0) +0.605263158<x18>[B] (+0) -0.605263158<x19>[B] (+0) -0.605263158<x20>[B] (+1) -0.605263158<x21>[B] (+0) -0.605263158<x22>[B] (+1) -0.605263158<x23>[B] (+0) +0.605263158<x24>[B] (+0) -0.605263158<x25>[B] (+0) -0.605263158<x26>[B] (+0) -0.605263158<x27>[B] (+0) -0.605263158<x28>[B] (+0) +0.605263158<x29>[B] (+0) -0.605263158<x30>[B] (+0) -0.605263158<x31>[B] (+0) +0.605263158<x32>[B] (+0) -0.605263158<x33>[B] (+0) -0.605263158<x34>[B] (+0) -0.605263158<x35>[B] (+0) +0.605263158<x36>[B] (+1) +0.605263158<x37>[B] (+0) -0.605263158<x38>[B] (+1) +0.605263158<x39>[B] (+0) +0.605263158<x40>[B] (+0) -0.605263158<x41>[B] (+0) -0.605263158<x42>[B] (+0) +0.605263158<x43>[B] (+0) +0.605263158<x44>[B] (+0) +0.605263158<x45>[B] (+0) -0.605263158<x46>[B] (+0) -0.605263158<x47>[B] (+0) +0.605263158<x48>[B] (+0) -0.605263158<x49>[B] (+0) -0.605263158<x50>[B] (+0) -0.605263158<x51>[B] (+0) -0.605263158<x52>[B] (+0) -0.605263158<x53>[B] (+0) +0.605263158<x54>[B] (+0) +0.605263158<x55>[B] (+0) -0.605263158<x56>[B] (+0) -0.605263158<x57>[B] (+0) +0.605263158<x58>[B] (+0) -0.605263158<x59>[B] (+0) +0.605263158<x60>[B] (+0) -0.605263158<x61>[B] (+0) -0.605263158<x62>[B] (+0) +0.605263158<x63>[B] (+0) -0.605263158<x64>[B] (+0) -0.605263158<x65>[B] (+0) -0.605263158<x66>[B] (+0) -0.605263158<x67>[B] (+1) +0.605263158<x68>[B] (+0) +0.605263158<x69>[B] (+0) -0.605263158<x70>[B] (+0) -0.605263158<x71>[B] (+0) +0.605263158<x72>[B] (+0) +0.605263158<x73>[B] (+0) +0.605263158<x74>[B] (+0) -0.605263158<x75>[B] (+0) -0.605263158<x76>[B] (+0) +0.605263158<x77>[B] (+0) -0.605263158<x78>[B] (+0) -0.605263158<x79>[B] (+0) -0.605263158<x80>[B] (+0) +0.605263158<x81>[B] (+0) +0.605263158<x82>[B] (+0) -0.605263158<x83>[B] (+0) +0.605263158<x84>[B] (+0) +0.605263158<x85>[B] (+0) +0.605263158<x86>[B] (+0) +0.605263158<x87>[B] (+0) +0.605263158<x88>[B] (+0) +0.605263158<x89>[B] (+0) +0.605263158<x90>[B] (+0) +0.605263158<x91>[B] (+0) -0.605263158<x92>[B] (+0) +0.605263158<x93>[B] (+0) +0.605263158<x94>[B] (+0) -0.605263158<x95>[B] (+0) -0.605263158<x96>[B] (+0) -0.605263158<x97>[B] (+0) -0.605263158<x98>[B] (+0) +0.605263158<x99>[B] (+0) -0.605263158<x100>[B] (+0) -0.605263158<x101>[B] (+0) +0.605263158<x102>[B] (+0) -0.605263158<x103>[B] (+0) -0.605263158<x104>[B] (+0) -0.605263158<x105>[B] (+0) -0.605263158<x106>[B] (+1) -0.605263158<x107>[B] (+1) -0.605263158<x108>[B] (+0) -0.605263158<x109>[B] (+1) -0.605263158<x110>[B] (+0) -0.605263158<x111>[B] (+0) -0.605263158<x112>[B] (+0) -0.605263158<x113>[B] (+0) -0.605263158<x114>[B] (+0) -0.605263158<x115>[B] (+0) -0.605263158<x116>[B] (+0) +0.605263158<x117>[B] (+0) +0.605263158<x118>[B] (+0) +0.605263158<x119>[B] (+0) +0.605263158<x120>[B] (+0) +0.605263158<x121>[B] (+0) +0.605263158<x122>[B] (+0) +0.605263158<x123>[B] (+0) +0.605263158<x124>[B] (+0) -0.605263158<x125>[B] (+0) +0.605263158<x126>[B] (+0) +0.605263158<x127>[B] (+0) +0.605263158<x128>[B] (+0) +0.605263158<x129>[B] (+0) +0.605263158<x130>[B] (+0) -0.605263158<x131>[B] (+0) +0.605263158<x132>[B] (+0) -0.605263158<x133>[B] (+0) -0.605263158<x134>[B] (+0) +0.605263158<x135>[B] (+0) -0.605263158<x136>[B] (+1) +0.605263158<x137>[B] (+1) -0.605263158<x138>[B] (+1) -0.605263158<x139>[B] (+1) +0.605263158<x140>[B] (+1) -0.605263158<x141>[B] (+0) -0.605263158<x142>[B] (+0) -0.605263158<x143>[B] (+0) +0.605263158<x144>[B] (+0) -0.605263158<x145>[B] (+0) -0.605263158<x146>[B] (+0) +0.605263158<x147>[B] (+0) -0.605263158<x148>[B] (+0) -0.605263158<x149>[B] (+0) -0.605263158<x150>[B] (+0) -0.605263158<x151>[B] (+0) -0.605263158<x152>[B] (+0) -0.605263158<x153>[B] (+0) -0.605263158<x154>[B] (+0) -0.605263158<x155>[B] (+0) -0.605263158<x156>[B] (+0) -0.605263158<x157>[B] (+0) +0.605263158<x158>[B] (+0) -0.605263158<x159>[B] (+0) -0.605263158<x160>[B] (+0) +0.605263158<x161>[B] (+0) +0.605263158<x162>[B] (+1) -0.605263158<x163>[B] (+0) -0.605263158<x164>[B] (+0) +0.605263158<x165>[B] (+0) -0.605263158<x166>[B] (+0) -0.605263158<x167>[B] (+0) -0.605263158<x168>[B] (+0) -0.605263158<x169>[B] (+0) +0.605263158<x170>[B] (+0) +0.605263158<x171>[B] (+0) >= 14.6783625730994;
;
violation: left hand side is violated by 18.3099415204678
  [linear] <c1939>: <x172>[C] (+0) +0.605263158<x1>[B] (+0) +0.605263158<x2>[B] (+0) +0.605263158<x3>[B] (+0) +0.605263158<x4>[B] (+0) -0.605263158<x5>[B] (+0) +0.605263158<x6>[B] (+0) +0.605263158<x7>[B] (+0) -0.605263158<x8>[B] (+0) +0.605263158<x9>[B] (+0) +0.605263158<x10>[B] (+0) +0.605263158<x11>[B] (+0) +0.605263158<x12>[B] (+0) +0.605263158<x13>[B] (+0) +0.605263158<x14>[B] (+0) +0.605263158<x15>[B] (+0) +0.605263158<x16>[B] (+0) -0.605263158<x17>[B] (+0) +0.605263158<x18>[B] (+0) -0.605263158<x19>[B] (+0) -0.605263158<x20>[B] (+0) -0.605263158<x21>[B] (+0) -0.605263158<x22>[B] (+0) -0.605263158<x23>[B] (+0) +0.605263158<x24>[B] (+0) -0.605263158<x25>[B] (+0) -0.605263158<x26>[B] (+0) -0.605263158<x27>[B] (+0) -0.605263158<x28>[B] (+0) +0.605263158<x29>[B] (+0) -0.605263158<x30>[B] (+0) -0.605263158<x31>[B] (+0) +0.605263158<x32>[B] (+0) -0.605263158<x33>[B] (+0) -0.605263158<x34>[B] (+0) -0.605263158<x35>[B] (+0) +0.605263158<x36>[B] (+0) +0.605263158<x37>[B] (+0) -0.605263158<x38>[B] (+0) +0.605263158<x39>[B] (+0) +0.605263158<x40>[B] (+0) -0.605263158<x41>[B] (+0) -0.605263158<x42>[B] (+0) +0.605263158<x43>[B] (+0) +0.605263158<x44>[B] (+0) +0.605263158<x45>[B] (+0) -0.605263158<x46>[B] (+0) -0.605263158<x47>[B] (+0) +0.605263158<x48>[B] (+0) -0.605263158<x49>[B] (+0) -0.605263158<x50>[B] (+0) -0.605263158<x51>[B] (+0) -0.605263158<x52>[B] (+0) -0.605263158<x53>[B] (+0) +0.605263158<x54>[B] (+0) +0.605263158<x55>[B] (+0) -0.605263158<x56>[B] (+0) -0.605263158<x57>[B] (+0) +0.605263158<x58>[B] (+0) -0.605263158<x59>[B] (+0) +0.605263158<x60>[B] (+0) -0.605263158<x61>[B] (+0) -0.605263158<x62>[B] (+0) +0.605263158<x63>[B] (+0) -0.605263158<x64>[B] (+0) -0.605263158<x65>[B] (+0) -0.605263158<x66>[B] (+0) -0.605263158<x67>[B] (+0) +0.605263158<x68>[B] (+0) +0.605263158<x69>[B] (+0) -0.605263158<x70>[B] (+0) -0.605263158<x71>[B] (+0) +0.605263158<x72>[B] (+0) +0.605263158<x73>[B] (+0) +0.605263158<x74>[B] (+0) -0.605263158<x75>[B] (+0) -0.605263158<x76>[B] (+0) +0.605263158<x77>[B] (+0) -0.605263158<x78>[B] (+0) -0.605263158<x79>[B] (+0) -0.605263158<x80>[B] (+0) +0.605263158<x81>[B] (+0) +0.605263158<x82>[B] (+0) -0.605263158<x83>[B] (+0) +0.605263158<x84>[B] (+0) +0.605263158<x85>[B] (+0) +0.605263158<x86>[B] (+0) +0.605263158<x87>[B] (+0) +0.605263158<x88>[B] (+0) +0.605263158<x89>[B] (+0) +0.605263158<x90>[B] (+0) +0.605263158<x91>[B] (+0) -0.605263158<x92>[B] (+0) +0.605263158<x93>[B] (+0) +0.605263158<x94>[B] (+0) -0.605263158<x95>[B] (+0) -0.605263158<x96>[B] (+0) -0.605263158<x97>[B] (+0) -0.605263158<x98>[B] (+0) +0.605263158<x99>[B] (+0) -0.605263158<x100>[B] (+0) -0.605263158<x101>[B] (+0) +0.605263158<x102>[B] (+0) -0.605263158<x103>[B] (+0) -0.605263158<x104>[B] (+0) -0.605263158<x105>[B] (+0) -0.605263158<x106>[B] (+0) -0.605263158<x107>[B] (+0) -0.605263158<x108>[B] (+0) -0.605263158<x109>[B] (+0) -0.605263158<x110>[B] (+0) -0.605263158<x111>[B] (+0) -0.605263158<x112>[B] (+0) -0.605263158<x113>[B] (+0) -0.605263158<x114>[B] (+0) -0.605263158<x115>[B] (+0) -0.605263158<x116>[B] (+0) +0.605263158<x117>[B] (+0) +0.605263158<x118>[B] (+0) +0.605263158<x119>[B] (+0) +0.605263158<x120>[B] (+0) +0.605263158<x121>[B] (+0) +0.605263158<x122>[B] (+0) +0.605263158<x123>[B] (+0) +0.605263158<x124>[B] (+0) -0.605263158<x125>[B] (+0) +0.605263158<x126>[B] (+0) +0.605263158<x127>[B] (+0) +0.605263158<x128>[B] (+0) +0.605263158<x129>[B] (+0) +0.605263158<x130>[B] (+0) -0.605263158<x131>[B] (+0) +0.605263158<x132>[B] (+0) -0.605263158<x133>[B] (+0) -0.605263158<x134>[B] (+0) +0.605263158<x135>[B] (+0) -0.605263158<x136>[B] (+0) +0.605263158<x137>[B] (+0) -0.605263158<x138>[B] (+0) -0.605263158<x139>[B] (+0) +0.605263158<x140>[B] (+0) -0.605263158<x141>[B] (+0) -0.605263158<x142>[B] (+0) -0.605263158<x143>[B] (+0) +0.605263158<x144>[B] (+0) -0.605263158<x145>[B] (+0) -0.605263158<x146>[B] (+0) +0.605263158<x147>[B] (+0) -0.605263158<x148>[B] (+0) -0.605263158<x149>[B] (+0) -0.605263158<x150>[B] (+0) -0.605263158<x151>[B] (+0) -0.605263158<x152>[B] (+0) -0.605263158<x153>[B] (+0) -0.605263158<x154>[B] (+0) -0.605263158<x155>[B] (+0) -0.605263158<x156>[B] (+0) -0.605263158<x157>[B] (+0) +0.605263158<x158>[B] (+0) -0.605263158<x159>[B] (+0) -0.605263158<x160>[B] (+0) +0.605263158<x161>[B] (+0) +0.605263158<x162>[B] (+0) -0.605263158<x163>[B] (+0) -0.605263158<x164>[B] (+0) +0.605263158<x165>[B] (+0) -0.605263158<x166>[B] (+0) -0.605263158<x167>[B] (+0) -0.605263158<x168>[B] (+0) -0.605263158<x169>[B] (+0) +0.605263158<x170>[B] (+0) +0.605263158<x171>[B] (+0) >= 14.6783625730994;
;
violation: left hand side is violated by 14.6783625730994
  [linear] <c1939>: <x172>[C] (+0) +0.605263158<x1>[B] (+1) +0.605263158<x2>[B] (+1) +0.605263158<x3>[B] (+1) +0.605263158<x4>[B] (+1) -0.605263158<x5>[B] (+1) +0.605263158<x6>[B] (+1) +0.605263158<x7>[B] (+1) -0.605263158<x8>[B] (+1) +0.605263158<x9>[B] (+1) +0.605263158<x10>[B] (+1) +0.605263158<x11>[B] (+1) +0.605263158<x12>[B] (+1) +0.605263158<x13>[B] (+1) +0.605263158<x14>[B] (+1) +0.605263158<x15>[B] (+1) +0.605263158<x16>[B] (+1) -0.605263158<x17>[B] (+1) +0.605263158<x18>[B] (+1) -0.605263158<x19>[B] (+1) -0.605263158<x20>[B] (+1) -0.605263158<x21>[B] (+1) -0.605263158<x22>[B] (+1) -0.605263158<x23>[B] (+1) +0.605263158<x24>[B] (+1) -0.605263158<x25>[B] (+1) -0.605263158<x26>[B] (+1) -0.605263158<x27>[B] (+1) -0.605263158<x28>[B] (+1) +0.605263158<x29>[B] (+1) -0.605263158<x30>[B] (+1) -0.605263158<x31>[B] (+1) +0.605263158<x32>[B] (+1) -0.605263158<x33>[B] (+1) -0.605263158<x34>[B] (+1) -0.605263158<x35>[B] (+1) +0.605263158<x36>[B] (+1) +0.605263158<x37>[B] (+1) -0.605263158<x38>[B] (+1) +0.605263158<x39>[B] (+1) +0.605263158<x40>[B] (+1) -0.605263158<x41>[B] (+1) -0.605263158<x42>[B] (+1) +0.605263158<x43>[B] (+1) +0.605263158<x44>[B] (+1) +0.605263158<x45>[B] (+1) -0.605263158<x46>[B] (+1) -0.605263158<x47>[B] (+1) +0.605263158<x48>[B] (+1) -0.605263158<x49>[B] (+1) -0.605263158<x50>[B] (+1) -0.605263158<x51>[B] (+1) -0.605263158<x52>[B] (+1) -0.605263158<x53>[B] (+1) +0.605263158<x54>[B] (+1) +0.605263158<x55>[B] (+1) -0.605263158<x56>[B] (+1) -0.605263158<x57>[B] (+1) +0.605263158<x58>[B] (+1) -0.605263158<x59>[B] (+1) +0.605263158<x60>[B] (+1) -0.605263158<x61>[B] (+1) -0.605263158<x62>[B] (+1) +0.605263158<x63>[B] (+1) -0.605263158<x64>[B] (+1) -0.605263158<x65>[B] (+1) -0.605263158<x66>[B] (+1) -0.605263158<x67>[B] (+1) +0.605263158<x68>[B] (+1) +0.605263158<x69>[B] (+1) -0.605263158<x70>[B] (+1) -0.605263158<x71>[B] (+1) +0.605263158<x72>[B] (+1) +0.605263158<x73>[B] (+1) +0.605263158<x74>[B] (+1) -0.605263158<x75>[B] (+1) -0.605263158<x76>[B] (+1) +0.605263158<x77>[B] (+1) -0.605263158<x78>[B] (+1) -0.605263158<x79>[B] (+1) -0.605263158<x80>[B] (+1) +0.605263158<x81>[B] (+1) +0.605263158<x82>[B] (+1) -0.605263158<x83>[B] (+1) +0.605263158<x84>[B] (+1) +0.605263158<x85>[B] (+1) +0.605263158<x86>[B] (+1) +0.605263158<x87>[B] (+1) +0.605263158<x88>[B] (+1) +0.605263158<x89>[B] (+1) +0.605263158<x90>[B] (+1) +0.605263158<x91>[B] (+1) -0.605263158<x92>[B] (+1) +0.605263158<x93>[B] (+1) +0.605263158<x94>[B] (+1) -0.605263158<x95>[B] (+1) -0.605263158<x96>[B] (+1) -0.605263158<x97>[B] (+1) -0.605263158<x98>[B] (+1) +0.605263158<x99>[B] (+1) -0.605263158<x100>[B] (+1) -0.605263158<x101>[B] (+1) +0.605263158<x102>[B] (+1) -0.605263158<x103>[B] (+1) -0.605263158<x104>[B] (+1) -0.605263158<x105>[B] (+1) -0.605263158<x106>[B] (+1) -0.605263158<x107>[B] (+1) -0.605263158<x108>[B] (+1) -0.605263158<x109>[B] (+1) -0.605263158<x110>[B] (+1) -0.605263158<x111>[B] (+1) -0.605263158<x112>[B] (+1) -0.605263158<x113>[B] (+1) -0.605263158<x114>[B] (+1) -0.605263158<x115>[B] (+1) -0.605263158<x116>[B] (+1) +0.605263158<x117>[B] (+1) +0.605263158<x118>[B] (+1) +0.605263158<x119>[B] (+1) +0.605263158<x120>[B] (+1) +0.605263158<x121>[B] (+1) +0.605263158<x122>[B] (+1) +0.605263158<x123>[B] (+1) +0.605263158<x124>[B] (+1) -0.605263158<x125>[B] (+1) +0.605263158<x126>[B] (+1) +0.605263158<x127>[B] (+1) +0.605263158<x128>[B] (+1) +0.605263158<x129>[B] (+1) +0.605263158<x130>[B] (+1) -0.605263158<x131>[B] (+1) +0.605263158<x132>[B] (+1) -0.605263158<x133>[B] (+1) -0.605263158<x134>[B] (+1) +0.605263158<x135>[B] (+1) -0.605263158<x136>[B] (+1) +0.605263158<x137>[B] (+1) -0.605263158<x138>[B] (+1) -0.605263158<x139>[B] (+1) +0.605263158<x140>[B] (+1) -0.605263158<x141>[B] (+1) -0.605263158<x142>[B] (+1) -0.605263158<x143>[B] (+1) +0.605263158<x144>[B] (+1) -0.605263158<x145>[B] (+1) -0.605263158<x146>[B] (+1) +0.605263158<x147>[B] (+1) -0.605263158<x148>[B] (+1) -0.605263158<x149>[B] (+1) -0.605263158<x150>[B] (+1) -0.605263158<x151>[B] (+1) -0.605263158<x152>[B] (+1) -0.605263158<x153>[B] (+1) -0.605263158<x154>[B] (+1) -0.605263158<x155>[B] (+1) -0.605263158<x156>[B] (+1) -0.605263158<x157>[B] (+1) +0.605263158<x158>[B] (+1) -0.605263158<x159>[B] (+1) -0.605263158<x160>[B] (+1) +0.605263158<x161>[B] (+1) +0.605263158<x162>[B] (+1) -0.605263158<x163>[B] (+1) -0.605263158<x164>[B] (+1) +0.605263158<x165>[B] (+1) -0.605263158<x166>[B] (+1) -0.605263158<x167>[B] (+1) -0.605263158<x168>[B] (+1) -0.605263158<x169>[B] (+1) +0.605263158<x170>[B] (+1) +0.605263158<x171>[B] (+1) >= 14.6783625730994;
;
violation: left hand side is violated by 26.1783625730994
1/5 feasible solution given by solution candidate storage, new primal bound -1.000102e+06

presolving:
   (0.0s) symmetry computation started: requiring (bin +, int +, cont +), (fixed: bin -, int -, cont -)
   (0.0s) no symmetry present (symcode time: 0.00)
presolving (0 rounds: 0 fast, 0 medium, 0 exhaustive):
 0 deleted vars, 0 deleted constraints, 0 added constraints, 0 tightened bounds, 0 added holes, 0 changed sides, 0 changed coefficients
 0 implications, 0 cliques, 0 implied integral variables (0 bin, 0 int, 0 cont)
presolved problem has 181 variables (171 bin, 0 int, 10 cont) and 1948 constraints
   1948 constraints of type <linear>
Presolving Time: 0.00
transformed 1/1 original solutions to the transformed problem space

 time | node  | left  |LP iter|LP it/n|mem/heur|mdpt |vars |cons |rows |cuts |sepa|confs|strbr|  dualbound   | primalbound  |  gap   | compl. 
p 0.0s|     1 |     0 |     4 |     - |   locks|   0 | 181 |1948 |1948 |   0 |  0 |   0 |   0 | 1.220000e+02 |-2.988363e+02 |    Inf | unknown
* 0.0s|     1 |     0 |   234 |     - |    LP  |   0 | 181 |1948 |1948 |   0 |  0 |   0 |   0 |-1.962573e+02 |-1.962573e+02 |   0.00%| unknown
  0.0s|     1 |     0 |   234 |     - |  9372k |   0 | 181 |1948 |1948 |   0 |  0 |   0 |   0 |-1.962573e+02 |-1.962573e+02 |   0.00%| unknown

SCIP Status        : problem is solved [optimal solution found]
Solving Time (sec) : 0.01
Solving Nodes      : 1
Primal Bound       : -1.96257309941520e+02 (4 solutions)
Dual Bound         : -1.96257309941520e+02
Gap                : 0.00 %
  [linear] <c1949>: <x172>[C] (+32.8362573) +0.616959064<x1>[B] (+0) +0.616959064<x2>[B] (+0) +0.616959064<x3>[B] (+1) +0.616959064<x4>[B] (+0) -0.616959064<x5>[B] (+1) +0.616959064<x6>[B] (+0) +0.616959064<x7>[B] (+0) -0.616959064<x8>[B] (+1) +0.616959064<x9>[B] (+0) +0.616959064<x10>[B] (+0) +0.616959064<x11>[B] (+0) +0.616959064<x12>[B] (+0) +0.616959064<x13>[B] (+0) +0.616959064<x14>[B] (+0) +0.616959064<x15>[B] (+0) +0.616959064<x16>[B] (+0) -0.616959064<x17>[B] (+0) +0.616959064<x18>[B] (+0) -0.616959064<x19>[B] (+0) -0.616959064<x20>[B] (+1) -0.616959064<x21>[B] (+0) -0.616959064<x22>[B] (+1) -0.616959064<x23>[B] (+0) +0.616959064<x24>[B] (+0) -0.616959064<x25>[B] (+1) -0.616959064<x26>[B] (+1) -0.616959064<x27>[B] (+0) -0.616959064<x28>[B] (+1) +0.616959064<x29>[B] (+0) -0.616959064<x30>[B] (+0) -0.616959064<x31>[B] (+0) +0.616959064<x32>[B] (+0) -0.616959064<x33>[B] (+0) -0.616959064<x34>[B] (+0) -0.616959064<x35>[B] (+1) +0.616959064<x36>[B] (+1) +0.616959064<x37>[B] (+1) -0.616959064<x38>[B] (+1) +0.616959064<x39>[B] (+0) +0.616959064<x40>[B] (+0) -0.616959064<x41>[B] (+1) -0.616959064<x42>[B] (+1) +0.616959064<x43>[B] (+0) +0.616959064<x44>[B] (+1) +0.616959064<x45>[B] (+0) -0.616959064<x46>[B] (+0) -0.616959064<x47>[B] (+0) +0.616959064<x48>[B] (+1) -0.616959064<x49>[B] (+0) -0.616959064<x50>[B] (+1) -0.616959064<x51>[B] (+1) -0.616959064<x52>[B] (+0) -0.616959064<x53>[B] (+0) +0.616959064<x54>[B] (+0) +0.616959064<x55>[B] (+0) -0.616959064<x56>[B] (+0) -0.616959064<x57>[B] (+0) +0.616959064<x58>[B] (+0) -0.616959064<x59>[B] (+0) +0.616959064<x60>[B] (+0) -0.616959064<x61>[B] (+0) -0.616959064<x62>[B] (+0) +0.616959064<x63>[B] (+0) -0.616959064<x64>[B] (+0) -0.616959064<x65>[B] (+0) -0.616959064<x66>[B] (+0) -0.616959064<x67>[B] (+1) +0.616959064<x68>[B] (+0) +0.616959064<x69>[B] (+0) -0.616959064<x70>[B] (+1) -0.616959064<x71>[B] (+1) +0.616959064<x72>[B] (+0) +0.616959064<x73>[B] (+1) +0.616959064<x74>[B] (+0) -0.616959064<x75>[B] (+0) -0.616959064<x76>[B] (+0) +0.616959064<x77>[B] (+1) -0.616959064<x78>[B] (+0) -0.616959064<x79>[B] (+1) -0.616959064<x80>[B] (+1) +0.616959064<x81>[B] (+0) +0.616959064<x82>[B] (+0) -0.616959064<x83>[B] (+0) +0.616959064<x84>[B] (+0) +0.616959064<x85>[B] (+0) +0.616959064<x86>[B] (+0) +0.616959064<x87>[B] (+0) +0.616959064<x88>[B] (+0) +0.616959064<x89>[B] (+0) +0.616959064<x90>[B] (+0) +0.616959064<x91>[B] (+0) -0.616959064<x92>[B] (+0) +0.616959064<x93>[B] (+0) +0.616959064<x94>[B] (+0) -0.616959064<x95>[B] (+1) -0.616959064<x96>[B] (+1) -0.616959064<x97>[B] (+0) -0.616959064<x98>[B] (+1) +0.616959064<x99>[B] (+0) -0.616959064<x100>[B] (+0) -0.616959064<x101>[B] (+0) +0.616959064<x102>[B] (+1) -0.616959064<x103>[B] (+0) -0.616959064<x104>[B] (+1) -0.616959064<x105>[B] (+1) -0.616959064<x106>[B] (+1) -0.616959064<x107>[B] (+1) -0.616959064<x108>[B] (+0) -0.616959064<x109>[B] (+1) -0.616959064<x110>[B] (+1) -0.616959064<x111>[B] (+0) -0.616959064<x112>[B] (+0) -0.616959064<x113>[B] (+1) -0.616959064<x114>[B] (+1) -0.616959064<x115>[B] (+1) -0.616959064<x116>[B] (+1) +0.616959064<x117>[B] (+0) +0.616959064<x118>[B] (+0) +0.616959064<x119>[B] (+0) +0.616959064<x120>[B] (+0) +0.616959064<x121>[B] (+0) +0.616959064<x122>[B] (+0) +0.616959064<x123>[B] (+0) +0.616959064<x124>[B] (+0) -0.616959064<x125>[B] (+0) +0.616959064<x126>[B] (+0) +0.616959064<x127>[B] (+0) +0.616959064<x128>[B] (+1) +0.616959064<x129>[B] (+0) +0.616959064<x130>[B] (+0) -0.616959064<x131>[B] (+0) +0.616959064<x132>[B] (+0) -0.616959064<x133>[B] (+0) -0.616959064<x134>[B] (+0) +0.616959064<x135>[B] (+0) -0.616959064<x136>[B] (+1) +0.616959064<x137>[B] (+1) -0.616959064<x138>[B] (+1) -0.616959064<x139>[B] (+1) +0.616959064<x140>[B] (+1) -0.616959064<x141>[B] (+1) -0.616959064<x142>[B] (+1) -0.616959064<x143>[B] (+1) +0.616959064<x144>[B] (+0) -0.616959064<x145>[B] (+0) -0.616959064<x146>[B] (+0) +0.616959064<x147>[B] (+0) -0.616959064<x148>[B] (+0) -0.616959064<x149>[B] (+0) -0.616959064<x150>[B] (+0) -0.616959064<x151>[B] (+0) -0.616959064<x152>[B] (+0) -0.616959064<x153>[B] (+1) -0.616959064<x154>[B] (+0) -0.616959064<x155>[B] (+1) -0.616959064<x156>[B] (+1) -0.616959064<x157>[B] (+1) +0.616959064<x158>[B] (+1) -0.616959064<x159>[B] (+1) -0.616959064<x160>[B] (+1) +0.616959064<x161>[B] (+1) +0.616959064<x162>[B] (+1) -0.616959064<x163>[B] (+1) -0.616959064<x164>[B] (+1) +0.616959064<x165>[B] (+1) -0.616959064<x166>[B] (+0) -0.616959064<x167>[B] (+0) -0.616959064<x168>[B] (+1) -0.616959064<x169>[B] (+1) +0.616959064<x170>[B] (+1) +0.616959064<x171>[B] (+1) >= 14.3450292397661;
;
violation: left hand side is violated by 0.0175438596491269
  [linear] <c1951>: <x174>[C] (+3.34795322) +0.64619883<x1>[B] (+1) -0.64619883<x2>[B] (+1) +0.64619883<x3>[B] (+1) +0.64619883<x4>[B] (+1) +0.64619883<x5>[B] (+1) +0.64619883<x6>[B] (+1) +0.64619883<x7>[B] (+1) -0.64619883<x8>[B] (+1) -0.64619883<x9>[B] (+1) +0.64619883<x10>[B] (+1) +0.64619883<x11>[B] (+1) +0.64619883<x12>[B] (+1) +0.64619883<x13>[B] (+1) +0.64619883<x14>[B] (+1) +0.64619883<x15>[B] (+1) +0.64619883<x16>[B] (+1) +0.64619883<x17>[B] (+1) +0.64619883<x18>[B] (+1) -0.64619883<x19>[B] (+1) +0.64619883<x20>[B] (+0) +0.64619883<x21>[B] (+1) -0.64619883<x22>[B] (+0) +0.64619883<x23>[B] (+0) -0.64619883<x24>[B] (+1) -0.64619883<x25>[B] (+0) -0.64619883<x26>[B] (+0) +0.64619883<x27>[B] (+1) +0.64619883<x28>[B] (+0) +0.64619883<x29>[B] (+1) +0.64619883<x30>[B] (+1) +0.64619883<x31>[B] (+1) +0.64619883<x32>[B] (+0) +0.64619883<x33>[B] (+0) +0.64619883<x34>[B] (+0) +0.64619883<x35>[B] (+0) +0.64619883<x36>[B] (+0) +0.64619883<x37>[B] (+1) +0.64619883<x38>[B] (+0) +0.64619883<x39>[B] (+0) +0.64619883<x40>[B] (+1) -0.64619883<x41>[B] (+0) -0.64619883<x42>[B] (+0) +0.64619883<x43>[B] (+1) +0.64619883<x44>[B] (+0) +0.64619883<x45>[B] (+1) +0.64619883<x46>[B] (+1) +0.64619883<x47>[B] (+1) +0.64619883<x48>[B] (+0) +0.64619883<x49>[B] (+0) +0.64619883<x50>[B] (+0) +0.64619883<x51>[B] (+0) +0.64619883<x52>[B] (+1) -0.64619883<x53>[B] (+1) -0.64619883<x54>[B] (+1) -0.64619883<x55>[B] (+1) -0.64619883<x56>[B] (+1) -0.64619883<x57>[B] (+1) +0.64619883<x58>[B] (+1) +0.64619883<x59>[B] (+1) +0.64619883<x60>[B] (+1) +0.64619883<x61>[B] (+1) -0.64619883<x62>[B] (+1) -0.64619883<x63>[B] (+1) +0.64619883<x64>[B] (+1) +0.64619883<x65>[B] (+1) +0.64619883<x66>[B] (+1) -0.64619883<x67>[B] (+0) -0.64619883<x68>[B] (+0) -0.64619883<x69>[B] (+0) -0.64619883<x70>[B] (+0) -0.64619883<x71>[B] (+0) +0.64619883<x72>[B] (+0) +0.64619883<x73>[B] (+0) -0.64619883<x74>[B] (+0) +0.64619883<x75>[B] (+1) -0.64619883<x76>[B] (+0) -0.64619883<x77>[B] (+0) +0.64619883<x78>[B] (+0) +0.64619883<x79>[B] (+0) +0.64619883<x80>[B] (+0) +0.64619883<x81>[B] (+1) +0.64619883<x82>[B] (+1) -0.64619883<x83>[B] (+1) -0.64619883<x84>[B] (+1) +0.64619883<x85>[B] (+1) +0.64619883<x86>[B] (+0) +0.64619883<x87>[B] (+1) +0.64619883<x88>[B] (+1) +0.64619883<x89>[B] (+1) +0.64619883<x90>[B] (+1) +0.64619883<x91>[B] (+1) +0.64619883<x92>[B] (+1) +0.64619883<x93>[B] (+1) -0.64619883<x94>[B] (+1) -0.64619883<x95>[B] (+1) -0.64619883<x96>[B] (+1) +0.64619883<x97>[B] (+1) +0.64619883<x98>[B] (+0) +0.64619883<x99>[B] (+1) +0.64619883<x100>[B] (+1) +0.64619883<x101>[B] (+1) -0.64619883<x102>[B] (+1) +0.64619883<x103>[B] (+1) +0.64619883<x104>[B] (+1) +0.64619883<x105>[B] (+1) -0.64619883<x106>[B] (+0) -0.64619883<x107>[B] (+0) +0.64619883<x108>[B] (+0) +0.64619883<x109>[B] (+0) +0.64619883<x110>[B] (+0) +0.64619883<x111>[B] (+1) +0.64619883<x112>[B] (+1) +0.64619883<x113>[B] (+0) +0.64619883<x114>[B] (+0) +0.64619883<x115>[B] (+0) +0.64619883<x116>[B] (+0) +0.64619883<x117>[B] (+1) +0.64619883<x118>[B] (+1) +0.64619883<x119>[B] (+0) +0.64619883<x120>[B] (+1) +0.64619883<x121>[B] (+1) +0.64619883<x122>[B] (+1) +0.64619883<x123>[B] (+1) +0.64619883<x124>[B] (+1) +0.64619883<x125>[B] (+1) +0.64619883<x126>[B] (+1) +0.64619883<x127>[B] (+1) +0.64619883<x128>[B] (+0) +0.64619883<x129>[B] (+1) +0.64619883<x130>[B] (+1) +0.64619883<x131>[B] (+1) +0.64619883<x132>[B] (+1) +0.64619883<x133>[B] (+1) +0.64619883<x134>[B] (+1) +0.64619883<x135>[B] (+1) -0.64619883<x136>[B] (+0) -0.64619883<x137>[B] (+0) -0.64619883<x138>[B] (+1) -0.64619883<x139>[B] (+1) -0.64619883<x140>[B] (+0) -0.64619883<x141>[B] (+0) -0.64619883<x142>[B] (+0) -0.64619883<x143>[B] (+0) -0.64619883<x144>[B] (+1) -0.64619883<x145>[B] (+1) -0.64619883<x146>[B] (+1) -0.64619883<x147>[B] (+1) -0.64619883<x148>[B] (+1) -0.64619883<x149>[B] (+1) +0.64619883<x150>[B] (+1) +0.64619883<x151>[B] (+1) -0.64619883<x152>[B] (+1) -0.64619883<x153>[B] (+0) +0.64619883<x154>[B] (+0) +0.64619883<x155>[B] (+0) +0.64619883<x156>[B] (+0) -0.64619883<x157>[B] (+0) -0.64619883<x158>[B] (+0) -0.64619883<x159>[B] (+0) -0.64619883<x160>[B] (+0) +0.64619883<x161>[B] (+0) -0.64619883<x162>[B] (+0) +0.64619883<x163>[B] (+0) +0.64619883<x164>[B] (+0) +0.64619883<x165>[B] (+0) +0.64619883<x166>[B] (+1) +0.64619883<x167>[B] (+1) +0.64619883<x168>[B] (+1) +0.64619883<x169>[B] (+1) +0.64619883<x170>[B] (+1) +0.64619883<x171>[B] (+1) >= 39.9035087719298;
;
violation: left hand side is violated by 2.95321637426902
2/4 feasible solutions given by solution candidate storage, new primal bound -1.000102e+06

presolving:
   (0.0s) symmetry computation started: requiring (bin +, int +, cont +), (fixed: bin -, int -, cont -)
   (0.0s) no symmetry present (symcode time: 0.00)
presolving (0 rounds: 0 fast, 0 medium, 0 exhaustive):
 0 deleted vars, 0 deleted constraints, 0 added constraints, 0 tightened bounds, 0 added holes, 0 changed sides, 0 changed coefficients
 0 implications, 0 cliques, 0 implied integral variables (0 bin, 0 int, 0 cont)
presolved problem has 181 variables (171 bin, 0 int, 10 cont) and 1958 constraints
   1958 constraints of type <linear>
Presolving Time: 0.00
transformed 2/2 original solutions to the transformed problem space

 time | node  | left  |LP iter|LP it/n|mem/heur|mdpt |vars |cons |rows |cuts |sepa|confs|strbr|  dualbound   | primalbound  |  gap   | compl. 
p 0.0s|     1 |     0 |     3 |     - |   locks|   0 | 181 |1958 |1958 |   0 |  0 |   0 |   0 | 1.220000e+02 |-3.069006e+02 |    Inf | unknown
  0.0s|     1 |     0 |   322 |     - |    10M |   0 | 181 |1958 |1958 |   0 |  0 |   0 |   0 |-1.967470e+02 |-3.069006e+02 |  55.99%| unknown
r 0.0s|     1 |     0 |   322 |     - |shifting|   0 | 181 |1958 |1958 |   0 |  0 |   0 |   0 |-1.967470e+02 |-2.183059e+02 |  10.96%| unknown
i 0.0s|     1 |     0 |   347 |     - |  oneopt|   0 | 181 |1958 |1958 |   0 |  0 |   0 |   0 |-1.967470e+02 |-1.994737e+02 |   1.39%| unknown
  0.1s|     1 |     0 |   384 |     - |    11M |   0 | 181 |1958 |1959 |   1 |  1 |   0 |   0 |-1.968390e+02 |-1.994737e+02 |   1.34%| unknown
  0.1s|     1 |     0 |   384 |     - |    11M |   0 | 181 |1958 |1959 |   1 |  1 |   0 |   0 |-1.968390e+02 |-1.994737e+02 |   1.34%| unknown
  0.1s|     1 |     0 |   384 |     - |    11M |   0 | 181 |1958 |1908 |   1 |  1 |   0 |   0 |-1.968390e+02 |-1.994737e+02 |   1.34%| unknown
  0.1s|     1 |     0 |   386 |     - |    11M |   0 | 181 |1958 |1910 |   3 |  2 |   0 |   0 |-1.968421e+02 |-1.994737e+02 |   1.34%| unknown
d 0.1s|     1 |     0 |   386 |     - |farkasdi|   0 | 181 |1907 |1910 |   0 |  3 |   0 |   0 |-1.968421e+02 |-1.968421e+02 |   0.00%| unknown
  0.1s|     1 |     0 |   386 |     - |    11M |   0 | 181 |1907 |1910 |   3 |  3 |   0 |   0 |-1.968421e+02 |-1.968421e+02 |   0.00%| unknown

SCIP Status        : problem is solved [optimal solution found]
Solving Time (sec) : 0.10
Solving Nodes      : 1
Primal Bound       : -1.96842105263158e+02 (7 solutions)
Dual Bound         : -1.96842105263158e+02
Gap                : 0.00 %
  [linear] <c1959>: <x172>[C] (+28.5994152) +0.576023392<x1>[B] (+8.12683254e-14) +0.576023392<x2>[B] (+0) +0.576023392<x3>[B] (+1) +0.576023392<x4>[B] (+8.12683254e-14) -0.576023392<x5>[B] (+1) +0.576023392<x6>[B] (+0) +0.576023392<x7>[B] (+0) -0.576023392<x8>[B] (+1) +0.576023392<x9>[B] (+8.12683254e-14) +0.576023392<x10>[B] (+0) +0.576023392<x11>[B] (+0) +0.576023392<x12>[B] (+0) +0.576023392<x13>[B] (+0) +0.576023392<x14>[B] (+0) +0.576023392<x15>[B] (+0) +0.576023392<x16>[B] (+8.12683254e-14) -0.576023392<x17>[B] (+0) +0.576023392<x18>[B] (+0) -0.576023392<x19>[B] (+0) -0.576023392<x20>[B] (+1) -0.576023392<x21>[B] (+8.12683254e-14) -0.576023392<x22>[B] (+1) -0.576023392<x23>[B] (+0) +0.576023392<x24>[B] (+0) -0.576023392<x25>[B] (+1) -0.576023392<x26>[B] (+1) -0.576023392<x27>[B] (+0) -0.576023392<x28>[B] (+1) +0.576023392<x29>[B] (+0) -0.576023392<x30>[B] (+0) -0.576023392<x31>[B] (+0) +0.576023392<x32>[B] (+0) -0.576023392<x33>[B] (+0) -0.576023392<x34>[B] (+0) -0.576023392<x35>[B] (+1) +0.576023392<x36>[B] (+1) +0.576023392<x37>[B] (+1) -0.576023392<x38>[B] (+1) +0.576023392<x39>[B] (+0) +0.576023392<x40>[B] (+0) -0.576023392<x41>[B] (+1) -0.576023392<x42>[B] (+1) +0.576023392<x43>[B] (+0) +0.576023392<x44>[B] (+1) +0.576023392<x45>[B] (+0) -0.576023392<x46>[B] (+0) -0.576023392<x47>[B] (+0) +0.576023392<x48>[B] (+1) -0.576023392<x49>[B] (+8.12683254e-14) -0.576023392<x50>[B] (+8.19344592e-14) -0.576023392<x51>[B] (+1) -0.576023392<x52>[B] (+0) -0.576023392<x53>[B] (+8.97060204e-14) +0.576023392<x54>[B] (+0) +0.576023392<x55>[B] (+0) -0.576023392<x56>[B] (+8.97060204e-14) -0.576023392<x57>[B] (+0) +0.576023392<x58>[B] (+0) -0.576023392<x59>[B] (+0) +0.576023392<x60>[B] (+0) -0.576023392<x61>[B] (+0) -0.576023392<x62>[B] (+0) +0.576023392<x63>[B] (+0) -0.576023392<x64>[B] (+0) -0.576023392<x65>[B] (+0) -0.576023392<x66>[B] (+0) -0.576023392<x67>[B] (+1) +0.576023392<x68>[B] (+0) +0.576023392<x69>[B] (+0) -0.576023392<x70>[B] (+1) -0.576023392<x71>[B] (+1) +0.576023392<x72>[B] (+0) +0.576023392<x73>[B] (+1) +0.576023392<x74>[B] (+0) -0.576023392<x75>[B] (+0) -0.576023392<x76>[B] (+0) +0.576023392<x77>[B] (+1) -0.576023392<x78>[B] (+0) -0.576023392<x79>[B] (+8.19344592e-14) -0.576023392<x80>[B] (+1) +0.576023392<x81>[B] (+0) +0.576023392<x82>[B] (+0) -0.576023392<x83>[B] (+0) +0.576023392<x84>[B] (+8.12683254e-14) +0.576023392<x85>[B] (+0) +0.576023392<x86>[B] (+0) +0.576023392<x87>[B] (+0) +0.576023392<x88>[B] (+0) +0.576023392<x89>[B] (+0) +0.576023392<x90>[B] (+0) +0.576023392<x91>[B] (+0) -0.576023392<x92>[B] (+0) +0.576023392<x93>[B] (+0) +0.576023392<x94>[B] (+0) -0.576023392<x95>[B] (+1) -0.576023392<x96>[B] (+1) -0.576023392<x97>[B] (+0) -0.576023392<x98>[B] (+1) +0.576023392<x99>[B] (+0) -0.576023392<x100>[B] (+0) -0.576023392<x101>[B] (+0) +0.576023392<x102>[B] (+1) -0.576023392<x103>[B] (+8.12683254e-14) -0.576023392<x104>[B] (+8.19344592e-14) -0.576023392<x105>[B] (+1) -0.576023392<x106>[B] (+1) -0.576023392<x107>[B] (+1) -0.576023392<x108>[B] (+0) -0.576023392<x109>[B] (+1) -0.576023392<x110>[B] (+1) -0.576023392<x111>[B] (+0) -0.576023392<x112>[B] (+0) -0.576023392<x113>[B] (+1) -0.576023392<x114>[B] (+1) -0.576023392<x115>[B] (+8.19344592e-14) -0.576023392<x116>[B] (+1) +0.576023392<x117>[B] (+8.12683254e-14) +0.576023392<x118>[B] (+0) +0.576023392<x119>[B] (+8.19344592e-14) +0.576023392<x120>[B] (+0) +0.576023392<x121>[B] (+0) +0.576023392<x122>[B] (+0) +0.576023392<x123>[B] (+8.19344592e-14) +0.576023392<x124>[B] (+8.12683254e-14) -0.576023392<x125>[B] (+8.19344592e-14) +0.576023392<x126>[B] (+8.12683254e-14) +0.576023392<x127>[B] (+0) +0.576023392<x128>[B] (+1) +0.576023392<x129>[B] (+0) +0.576023392<x130>[B] (+0) -0.576023392<x131>[B] (+0) +0.576023392<x132>[B] (+0) -0.576023392<x133>[B] (+0) -0.576023392<x134>[B] (+0) +0.576023392<x135>[B] (+0) -0.576023392<x136>[B] (+1) +0.576023392<x137>[B] (+1) -0.576023392<x138>[B] (+1) -0.576023392<x139>[B] (+1) +0.576023392<x140>[B] (+1) -0.576023392<x141>[B] (+1) -0.576023392<x142>[B] (+1) -0.576023392<x143>[B] (+1) +0.576023392<x144>[B] (+0) -0.576023392<x145>[B] (+0) -0.576023392<x146>[B] (+0) +0.576023392<x147>[B] (+8.12683254e-14) -0.576023392<x148>[B] (+8.12683254e-14) -0.576023392<x149>[B] (+0) -0.576023392<x150>[B] (+1.62536651e-13) -0.576023392<x151>[B] (+0) -0.576023392<x152>[B] (+0) -0.576023392<x153>[B] (+1) -0.576023392<x154>[B] (+8.12683254e-14) -0.576023392<x155>[B] (+8.19344592e-14) -0.576023392<x156>[B] (+1) -0.576023392<x157>[B] (+1) +0.576023392<x158>[B] (+1) -0.576023392<x159>[B] (+1) -0.576023392<x160>[B] (+1) +0.576023392<x161>[B] (+1) +0.576023392<x162>[B] (+1) -0.576023392<x163>[B] (+1) -0.576023392<x164>[B] (+8.19344592e-14) +0.576023392<x165>[B] (+1) -0.576023392<x166>[B] (+8.12683254e-14) -0.576023392<x167>[B] (+0) -0.576023392<x168>[B] (+1) -0.576023392<x169>[B] (+8.19344592e-14) +0.576023392<x170>[B] (+1) +0.576023392<x171>[B] (+1) >= 15.4093567251462;
;
violation: left hand side is violated by 0.0584795321637195
  [linear] <c1959>: <x172>[C] (+11.6520468) +0.576023392<x1>[B] (+1) +0.576023392<x2>[B] (+1) +0.576023392<x3>[B] (+0) +0.576023392<x4>[B] (+1) -0.576023392<x5>[B] (+0) +0.576023392<x6>[B] (+1) +0.576023392<x7>[B] (+1) -0.576023392<x8>[B] (+1) +0.576023392<x9>[B] (+1) +0.576023392<x10>[B] (+1) +0.576023392<x11>[B] (+1) +0.576023392<x12>[B] (+1) +0.576023392<x13>[B] (+1) +0.576023392<x14>[B] (+1) +0.576023392<x15>[B] (+1) +0.576023392<x16>[B] (+1) -0.576023392<x17>[B] (+1) +0.576023392<x18>[B] (+1) -0.576023392<x19>[B] (+1) -0.576023392<x20>[B] (+0) -0.576023392<x21>[B] (+1) -0.576023392<x22>[B] (+0) -0.576023392<x23>[B] (+0) +0.576023392<x24>[B] (+1) -0.576023392<x25>[B] (+0) -0.576023392<x26>[B] (+0) -0.576023392<x27>[B] (+1) -0.576023392<x28>[B] (+0) +0.576023392<x29>[B] (+1) -0.576023392<x30>[B] (+1) -0.576023392<x31>[B] (+1) +0.576023392<x32>[B] (+0) -0.576023392<x33>[B] (+0) -0.576023392<x34>[B] (+0) -0.576023392<x35>[B] (+1) +0.576023392<x36>[B] (+0) +0.576023392<x37>[B] (+1) -0.576023392<x38>[B] (+0) +0.576023392<x39>[B] (+0) +0.576023392<x40>[B] (+1) -0.576023392<x41>[B] (+0) -0.576023392<x42>[B] (+0) +0.576023392<x43>[B] (+1) +0.576023392<x44>[B] (+0) +0.576023392<x45>[B] (+1) -0.576023392<x46>[B] (+1) -0.576023392<x47>[B] (+1) +0.576023392<x48>[B] (+0) -0.576023392<x49>[B] (+0) -0.576023392<x50>[B] (+0) -0.576023392<x51>[B] (+1) -0.576023392<x52>[B] (+1) -0.576023392<x53>[B] (+1) +0.576023392<x54>[B] (+1) +0.576023392<x55>[B] (+1) -0.576023392<x56>[B] (+1) -0.576023392<x57>[B] (+1) +0.576023392<x58>[B] (+1) -0.576023392<x59>[B] (+1) +0.576023392<x60>[B] (+1) -0.576023392<x61>[B] (+1) -0.576023392<x62>[B] (+1) +0.576023392<x63>[B] (+1) -0.576023392<x64>[B] (+1) -0.576023392<x65>[B] (+1) -0.576023392<x66>[B] (+1) -0.576023392<x67>[B] (+0) +0.576023392<x68>[B] (+0) +0.576023392<x69>[B] (+1) -0.576023392<x70>[B] (+0) -0.576023392<x71>[B] (+0) +0.576023392<x72>[B] (+1) +0.576023392<x73>[B] (+0) +0.576023392<x74>[B] (+0) -0.576023392<x75>[B] (+1) -0.576023392<x76>[B] (+1) +0.576023392<x77>[B] (+0) -0.576023392<x78>[B] (+0) -0.576023392<x79>[B] (+0) -0.576023392<x80>[B] (+0) +0.576023392<x81>[B] (+1) +0.576023392<x82>[B] (+1) -0.576023392<x83>[B] (+1) +0.576023392<x84>[B] (+1) +0.576023392<x85>[B] (+1) +0.576023392<x86>[B] (+1) +0.576023392<x87>[B] (+1) +0.576023392<x88>[B] (+1) +0.576023392<x89>[B] (+1) +0.576023392<x90>[B] (+1) +0.576023392<x91>[B] (+1) -0.576023392<x92>[B] (+1) +0.576023392<x93>[B] (+1) +0.576023392<x94>[B] (+1) -0.576023392<x95>[B] (+1) -0.576023392<x96>[B] (+1) -0.576023392<x97>[B] (+1) -0.576023392<x98>[B] (+0) +0.576023392<x99>[B] (+1) -0.576023392<x100>[B] (+1) -0.576023392<x101>[B] (+1) +0.576023392<x102>[B] (+1) -0.576023392<x103>[B] (+1) -0.576023392<x104>[B] (+1) -0.576023392<x105>[B] (+1) -0.576023392<x106>[B] (+0) -0.576023392<x107>[B] (+0) -0.576023392<x108>[B] (+0) -0.576023392<x109>[B] (+0) -0.576023392<x110>[B] (+0) -0.576023392<x111>[B] (+1) -0.576023392<x112>[B] (+1) -0.576023392<x113>[B] (+0) -0.576023392<x114>[B] (+0) -0.576023392<x115>[B] (+0) -0.576023392<x116>[B] (+0) +0.576023392<x117>[B] (+1) +0.576023392<x118>[B] (+1) +0.576023392<x119>[B] (+0) +0.576023392<x120>[B] (+1) +0.576023392<x121>[B] (+1) +0.576023392<x122>[B] (+1) +0.576023392<x123>[B] (+1) +0.576023392<x124>[B] (+1) -0.576023392<x125>[B] (+1) +0.576023392<x126>[B] (+1) +0.576023392<x127>[B] (+1) +0.576023392<x128>[B] (+0) +0.576023392<x129>[B] (+1) +0.576023392<x130>[B] (+1) -0.576023392<x131>[B] (+1) +0.576023392<x132>[B] (+1) -0.576023392<x133>[B] (+1) -0.576023392<x134>[B] (+1) +0.576023392<x135>[B] (+1) -0.576023392<x136>[B] (+0) +0.576023392<x137>[B] (+0) -0.576023392<x138>[B] (+1) -0.576023392<x139>[B] (+1) +0.576023392<x140>[B] (+0) -0.576023392<x141>[B] (+0) -0.576023392<x142>[B] (+0) -0.576023392<x143>[B] (+0) +0.576023392<x144>[B] (+1) -0.576023392<x145>[B] (+1) -0.576023392<x146>[B] (+1) +0.576023392<x147>[B] (+1) -0.576023392<x148>[B] (+1) -0.576023392<x149>[B] (+1) -0.576023392<x150>[B] (+1) -0.576023392<x151>[B] (+1) -0.576023392<x152>[B] (+1) -0.576023392<x153>[B] (+0) -0.576023392<x154>[B] (+0) -0.576023392<x155>[B] (+0) -0.576023392<x156>[B] (+1) -0.576023392<x157>[B] (+0) +0.576023392<x158>[B] (+0) -0.576023392<x159>[B] (+0) -0.576023392<x160>[B] (+0) +0.576023392<x161>[B] (+0) +0.576023392<x162>[B] (+0) -0.576023392<x163>[B] (+0) -0.576023392<x164>[B] (+0) +0.576023392<x165>[B] (+0) -0.576023392<x166>[B] (+1) -0.576023392<x167>[B] (+1) -0.576023392<x168>[B] (+1) -0.576023392<x169>[B] (+1) +0.576023392<x170>[B] (+1) +0.576023392<x171>[B] (+1) >= 15.4093567251462;
;
violation: left hand side is violated by 0.877192982456139
5/7 feasible solutions given by solution candidate storage, new primal bound -1.994737e+02

presolving:
   (0.0s) symmetry computation started: requiring (bin +, int +, cont +), (fixed: bin -, int -, cont -)
   (0.0s) no symmetry present (symcode time: 0.00)
presolving (0 rounds: 0 fast, 0 medium, 0 exhaustive):
 0 deleted vars, 0 deleted constraints, 0 added constraints, 0 tightened bounds, 0 added holes, 0 changed sides, 0 changed coefficients
 0 implications, 0 cliques, 0 implied integral variables (0 bin, 0 int, 0 cont)
presolved problem has 181 variables (171 bin, 0 int, 10 cont) and 1963 constraints
   1963 constraints of type <linear>
Presolving Time: 0.00
transformed 5/5 original solutions to the transformed problem space

 time | node  | left  |LP iter|LP it/n|mem/heur|mdpt |vars |cons |rows |cuts |sepa|confs|strbr|  dualbound   | primalbound  |  gap   | compl. 
  0.0s|     1 |     0 |   328 |     - |    12M |   0 | 181 |1963 |1963 |   0 |  0 |   0 |   0 |-1.969835e+02 |-1.994737e+02 |   1.26%| unknown
  0.0s|     1 |     0 |   328 |     - |    12M |   0 | 181 |1963 |1895 |   0 |  0 |   0 |   0 |-1.969835e+02 |-1.994737e+02 |   1.26%| unknown
  0.1s|     1 |     0 |   353 |     - |    12M |   0 | 181 |1963 |1897 |   2 |  1 |   0 |   0 |-1.970259e+02 |-1.994737e+02 |   1.24%| unknown
  0.1s|     1 |     0 |   353 |     - |    12M |   0 | 181 |1963 |1863 |   2 |  1 |   0 |   0 |-1.970259e+02 |-1.994737e+02 |   1.24%| unknown
  0.1s|     1 |     0 |   355 |     - |    12M |   0 | 181 |1963 |1864 |   3 |  2 |   0 |   0 |-1.970292e+02 |-1.994737e+02 |   1.24%| unknown
d 0.1s|     1 |     0 |   355 |     - |farkasdi|   0 | 181 |1861 |1864 |   0 |  3 |   0 |   0 |-1.970292e+02 |-1.970292e+02 |   0.00%| unknown
  0.1s|     1 |     0 |   355 |     - |    13M |   0 | 181 |1861 |1864 |   3 |  3 |   0 |   0 |-1.970292e+02 |-1.970292e+02 |   0.00%| unknown

SCIP Status        : problem is solved [optimal solution found]
Solving Time (sec) : 0.09
Solving Nodes      : 1
Primal Bound       : -1.97029239766082e+02 (9 solutions)
Dual Bound         : -1.97029239766082e+02
Gap                : 0.00 %
