Loading instance...
Median ranking: [18, 7, 12, 17, 9, 19, 14, 5, 13, 8, 10, 3, 16, 11, 15, 1, 6, 4, 2]
Mean ranking: [18, 7, 12, 17, 19, 14, 9, 5, 13, 8, 10, 3, 16, 11, 15, 1, 6, 4, 2]
Actual error: 0.0002643509069432115
Weighted Kendall distance: 29.5
Normalized distance: 0.01293859649122807
, 0 chg sides, 0 chg coeffs, 0 upgd conss, 0 impls, 0 clqs, 0 implints
   (0.0s) symmetry computation started: requiring (bin +, int +, cont +), (fixed: bin -, int -, cont -)
   (0.0s) no symmetry present (symcode time: 0.00)
presolving (2 rounds: 2 fast, 2 medium, 1 exhaustive):
 0 deleted vars, 1938 deleted constraints, 969 added constraints, 0 tightened bounds, 0 added holes, 0 changed sides, 0 changed coefficients
 0 implications, 0 cliques, 0 implied integral variables (0 bin, 0 int, 0 cont)
presolved problem has 171 variables (0 bin, 0 int, 171 cont) and 969 constraints
    969 constraints of type <linear>
Presolving Time: 0.01
transformed 3/3 original solutions to the transformed problem space

 time | node  | left  |LP iter|LP it/n|mem/heur|mdpt |vars |cons |rows |cuts |sepa|confs|strbr|  dualbound   | primalbound  |  gap   | compl. 
* 0.0s|     1 |     0 |    20 |     - |    LP  |   0 | 171 | 969 | 969 |   0 |  0 |   0 |   0 | 2.080000e+02 | 2.080000e+02 |   0.00%| unknown
  0.0s|     1 |     0 |    20 |     - |  6284k |   0 | 171 | 969 | 969 |   0 |  0 |   0 |   0 | 2.080000e+02 | 2.080000e+02 |   0.00%| unknown

SCIP Status        : problem is solved [optimal solution found]
Solving Time (sec) : 0.02
Solving Nodes      : 1
Primal Bound       : +2.08000000000000e+02 (4 solutions)
Dual Bound         : +2.08000000000000e+02
Gap                : 0.00 %
feasible solution found by trivial heuristic after 0.0 seconds, objective value 0.000000e+00
presolving:
   (0.0s) running MILP presolver
   (0.0s) MILP presolver (2 rounds): 0 aggregations, 0 fixings, 0 bound changes
(round 1, medium)     0 del vars, 1938 del conss, 969 add conss, 0 chg bounds, 0 chg sides, 0 chg coeffs, 0 upgd conss, 0 impls, 0 clqs, 0 implints
   (0.0s) probing: 51/171 (29.8%) - 0 fixings, 0 aggregations, 0 implications, 0 bound changes
   (0.0s) probing aborted: 50/50 successive totally useless probings
   (0.0s) symmetry computation started: requiring (bin +, int +, cont +), (fixed: bin -, int -, cont -)
   (0.0s) no symmetry present (symcode time: 0.00)
presolving (2 rounds: 2 fast, 2 medium, 1 exhaustive):
 0 deleted vars, 1938 deleted constraints, 969 added constraints, 0 tightened bounds, 0 added holes, 0 changed sides, 0 changed coefficients
 0 implications, 0 cliques, 0 implied integral variables (0 bin, 0 int, 0 cont)
presolved problem has 171 variables (171 bin, 0 int, 0 cont) and 969 constraints
    969 constraints of type <linear>
transformed objective value is always integral (scale: 2)
Presolving Time: 0.01
transformed 2/2 original solutions to the transformed problem space

 time | node  | left  |LP iter|LP it/n|mem/heur|mdpt |vars |cons |rows |cuts |sepa|confs|strbr|  dualbound   | primalbound  |  gap   | compl. 
i 0.0s|     1 |     0 |     0 |     - |  oneopt|   0 | 171 | 969 | 969 |   0 |  0 |   0 |   0 | 2.320000e+02 | 9.000000e+01 | 157.78%| unknown
* 0.0s|     1 |     0 |    19 |     - |    LP  |   0 | 171 | 969 | 969 |   0 |  0 |   0 |   0 | 2.080000e+02 | 2.080000e+02 |   0.00%| unknown
  0.0s|     1 |     0 |    19 |     - |  6465k |   0 | 171 | 969 | 969 |   0 |  0 |   0 |   0 | 2.080000e+02 | 2.080000e+02 |   0.00%| unknown

SCIP Status        : problem is solved [optimal solution found]
Solving Time (sec) : 0.02
Solving Nodes      : 1
Primal Bound       : +2.08000000000000e+02 (4 solutions)
Dual Bound         : +2.08000000000000e+02
Gap                : 0.00 %
feasible solution found by trivial heuristic after 0.2 seconds, objective value -5.000514e+06
presolving:
(round 1, fast)       0 del vars, 0 del conss, 0 add conss, 100 chg bounds, 0 chg sides, 0 chg coeffs, 0 upgd conss, 0 impls, 0 clqs, 0 implints
   (1.2s) running MILP presolver
   (1.3s) MILP presolver (2 rounds): 0 aggregations, 0 fixings, 0 bound changes
(round 2, exhaustive) 0 del vars, 969 del conss, 0 add conss, 100 chg bounds, 0 chg sides, 0 chg coeffs, 0 upgd conss, 0 impls, 0 clqs, 0 implints
   (2.5s) symmetry computation started: requiring (bin +, int +, cont +), (fixed: bin -, int -, cont -)
   (2.9s) no symmetry present (symcode time: 0.02)
presolving (3 rounds: 3 fast, 2 medium, 2 exhaustive):
 0 deleted vars, 969 deleted constraints, 0 added constraints, 100 tightened bounds, 0 added holes, 0 changed sides, 0 changed coefficients
 0 implications, 0 cliques, 0 implied integral variables (0 bin, 0 int, 0 cont)
presolved problem has 221 variables (0 bin, 0 int, 221 cont) and 9519 constraints
   9519 constraints of type <linear>
Presolving Time: 2.83

 time | node  | left  |LP iter|LP it/n|mem/heur|mdpt |vars |cons |rows |cuts |sepa|confs|strbr|  dualbound   | primalbound  |  gap   | compl. 
t 3.0s|     1 |     0 |     0 |     - | trivial|   0 | 221 |9519 |   0 |   0 |  0 |   0 |   0 | 2.320000e+02 |-4.789000e+03 |    Inf | unknown
* 3.7s|     1 |     0 |   750 |     - |    LP  |   0 | 221 |9519 |9519 |   0 |  0 |   0 |   0 |-1.125218e+03 |-1.125218e+03 |   0.00%| unknown
  3.7s|     1 |     0 |   750 |     - |   738M |   0 | 221 |9519 |9519 |   0 |  0 |   0 |   0 |-1.125218e+03 |-1.125218e+03 |   0.00%| unknown

SCIP Status        : problem is solved [optimal solution found]
Solving Time (sec) : 3.68
Solving Nodes      : 1
Primal Bound       : -1.12521754385965e+03 (3 solutions)
Dual Bound         : -1.12521754385965e+03
Gap                : 0.00 %
feasible solution found by trivial heuristic after 0.1 seconds, objective value -5.000514e+06
presolving:
(round 1, fast)       0 del vars, 0 del conss, 0 add conss, 100 chg bounds, 0 chg sides, 0 chg coeffs, 0 upgd conss, 0 impls, 0 clqs, 0 implints
   (0.8s) running MILP presolver
   (1.1s) MILP presolver (2 rounds): 0 aggregations, 0 fixings, 0 bound changes
(round 2, exhaustive) 0 del vars, 969 del conss, 0 add conss, 100 chg bounds, 0 chg sides, 0 chg coeffs, 0 upgd conss, 0 impls, 0 clqs, 0 implints
   (2.7s) probing: 51/171 (29.8%) - 0 fixings, 0 aggregations, 0 implications, 0 bound changes
   (2.7s) probing aborted: 50/50 successive totally useless probings
   (2.8s) symmetry computation started: requiring (bin +, int +, cont +), (fixed: bin -, int -, cont -)
   (3.1s) no symmetry present (symcode time: 0.02)
presolving (3 rounds: 3 fast, 2 medium, 2 exhaustive):
 0 deleted vars, 969 deleted constraints, 0 added constraints, 100 tightened bounds, 0 added holes, 0 changed sides, 0 changed coefficients
 0 implications, 0 cliques, 0 implied integral variables (0 bin, 0 int, 0 cont)
presolved problem has 221 variables (171 bin, 0 int, 50 cont) and 9519 constraints
   9519 constraints of type <linear>
Presolving Time: 3.07

 time | node  | left  |LP iter|LP it/n|mem/heur|mdpt |vars |cons |rows |cuts |sepa|confs|strbr|  dualbound   | primalbound  |  gap   | compl. 
t 3.2s|     1 |     0 |     0 |     - | trivial|   0 | 221 |9519 |   0 |   0 |  0 |   0 |   0 | 2.320000e+02 |-4.789000e+03 |    Inf | unknown
p 3.9s|     1 |     0 |    50 |     - |   locks|   0 | 221 |9519 |9519 |   0 |  0 |   0 |   0 | 2.320000e+02 |-1.586497e+03 |    Inf | unknown
  4.5s|     1 |     0 |   800 |     - |   739M |   0 | 221 |9519 |9519 |   0 |  0 |   0 |   0 |-1.125218e+03 |-1.586497e+03 |  40.99%| unknown
r 4.6s|     1 |     0 |   800 |     - |shifting|   0 | 221 |9519 |9519 |   0 |  0 |   0 |   0 |-1.125218e+03 |-1.163505e+03 |   3.40%| unknown
  4.7s|     1 |     0 |   804 |     - |   741M |   0 | 221 |9519 |9520 |   1 |  1 |   0 |   0 |-1.125221e+03 |-1.163505e+03 |   3.40%| unknown
r 4.7s|     1 |     0 |   804 |     - |shifting|   0 | 221 |9519 |9520 |   1 |  1 |   0 |   0 |-1.125221e+03 |-1.161792e+03 |   3.25%| unknown
  4.8s|     1 |     0 |   805 |     - |   742M |   0 | 221 |9519 |9521 |   2 |  2 |   0 |   0 |-1.125222e+03 |-1.161792e+03 |   3.25%| unknown
d 4.8s|     1 |     0 |   805 |     - |farkasdi|   0 | 221 |9519 |9521 |   0 |  3 |   0 |   0 |-1.125222e+03 |-1.125222e+03 |   0.00%| unknown
  4.8s|     1 |     0 |   805 |     - |   742M |   0 | 221 |9519 |9521 |   2 |  3 |   0 |   0 |-1.125222e+03 |-1.125222e+03 |   0.00%| unknown

SCIP Status        : problem is solved [optimal solution found]
Solving Time (sec) : 4.80
Solving Nodes      : 1
Primal Bound       : -1.12522222222222e+03 (6 solutions)
Dual Bound         : -1.12522222222222e+03
Gap                : 0.00 %
feasible solution found by trivial heuristic after 0.0 seconds, objective value 0.000000e+00
presolving:
   (0.0s) symmetry computation started: requiring (bin +, int +, cont +), (fixed: bin -, int -, cont -)
   (0.0s) symmetry computation finished: 49 generators found (max: 1500, log10 of symmetry group size: 64.48) (symcode time: 0.00)
dynamic symmetry handling statistics:
   orbitopal reduction:       no components
   orbital reduction:         no components
   lexicographic reduction:   no permutations
handled 1 out of 1 symmetry components
presolving (0 rounds: 0 fast, 0 medium, 0 exhaustive):
 0 deleted vars, 0 deleted constraints, 0 added constraints, 0 tightened bounds, 0 added holes, 0 changed sides, 0 changed coefficients
 0 implications, 0 cliques, 0 implied integral variables (0 bin, 0 int, 0 cont)
presolved problem has 221 variables (171 bin, 0 int, 50 cont) and 1987 constraints
   1987 constraints of type <linear>
Presolving Time: 0.00
transformed 2/2 original solutions to the transformed problem space

 time | node  | left  |LP iter|LP it/n|mem/heur|mdpt |vars |cons |rows |cuts |sepa|confs|strbr|  dualbound   | primalbound  |  gap   | compl. 
i 0.0s|     1 |     0 |     0 |     - |  oneopt|   0 | 221 |1938 |1938 |   0 |  0 |   0 |   0 | 2.320000e+02 | 9.000000e+01 | 157.78%| unknown
* 0.0s|     1 |     0 |    19 |     - |    LP  |   0 | 221 |1938 |1938 |   0 |  0 |   0 |   0 | 2.080000e+02 | 2.080000e+02 |   0.00%| unknown
  0.0s|     1 |     0 |    19 |     - |  8847k |   0 | 221 |1938 |1938 |   0 |  0 |   0 |   0 | 2.080000e+02 | 2.080000e+02 |   0.00%| unknown

SCIP Status        : problem is solved [optimal solution found]
Solving Time (sec) : 0.01
Solving Nodes      : 1
Primal Bound       : +2.08000000000000e+02 (5 solutions)
Dual Bound         : +2.08000000000000e+02
Gap                : 0.00 %
  [linear] <c1939>: <x172>[C] (+0) +0.570175439<x1>[B] (+1) +0.570175439<x2>[B] (+0) +0.570175439<x3>[B] (+1) +0.570175439<x4>[B] (+0) +0.570175439<x5>[B] (+1) +0.570175439<x6>[B] (+0) +0.570175439<x7>[B] (+0) +0.570175439<x8>[B] (+0) +0.570175439<x9>[B] (+0) +0.570175439<x10>[B] (+0) +0.570175439<x11>[B] (+0) +0.570175439<x12>[B] (+0) +0.570175439<x13>[B] (+0) -0.570175439<x14>[B] (+0) +0.570175439<x15>[B] (+0) +0.570175439<x16>[B] (+0) +0.570175439<x17>[B] (+0) +0.570175439<x18>[B] (+0) -0.570175439<x19>[B] (+0) +0.570175439<x20>[B] (+0) -0.570175439<x21>[B] (+0) +0.570175439<x22>[B] (+0) -0.570175439<x23>[B] (+0) -0.570175439<x24>[B] (+0) +0.570175439<x25>[B] (+0) -0.570175439<x26>[B] (+0) -0.570175439<x27>[B] (+0) +0.570175439<x28>[B] (+0) -0.570175439<x29>[B] (+0) +0.570175439<x30>[B] (+0) -0.570175439<x31>[B] (+0) -0.570175439<x32>[B] (+0) -0.570175439<x33>[B] (+0) -0.570175439<x34>[B] (+0) +0.570175439<x35>[B] (+0) +0.570175439<x36>[B] (+1) +0.570175439<x37>[B] (+0) +0.570175439<x38>[B] (+1) +0.570175439<x39>[B] (+0) -0.570175439<x40>[B] (+0) +0.570175439<x41>[B] (+0) +0.570175439<x42>[B] (+0) +0.570175439<x43>[B] (+1) +0.570175439<x44>[B] (+0) +0.570175439<x45>[B] (+0) +0.570175439<x46>[B] (+0) -0.570175439<x47>[B] (+1) +0.570175439<x48>[B] (+1) -0.570175439<x49>[B] (+0) -0.570175439<x50>[B] (+0) +0.570175439<x51>[B] (+0) -0.570175439<x52>[B] (+0) -0.570175439<x53>[B] (+0) -0.570175439<x54>[B] (+0) -0.570175439<x55>[B] (+0) +0.570175439<x56>[B] (+0) -0.570175439<x57>[B] (+0) -0.570175439<x58>[B] (+0) +0.570175439<x59>[B] (+0) -0.570175439<x60>[B] (+0) +0.570175439<x61>[B] (+0) -0.570175439<x62>[B] (+0) -0.570175439<x63>[B] (+0) -0.570175439<x64>[B] (+0) -0.570175439<x65>[B] (+0) +0.570175439<x66>[B] (+0) +0.570175439<x67>[B] (+1) +0.570175439<x68>[B] (+0) -0.570175439<x69>[B] (+1) +0.570175439<x70>[B] (+0) -0.570175439<x71>[B] (+1) -0.570175439<x72>[B] (+1) +0.570175439<x73>[B] (+0) -0.570175439<x74>[B] (+1) +0.570175439<x75>[B] (+0) -0.570175439<x76>[B] (+1) -0.570175439<x77>[B] (+1) -0.570175439<x78>[B] (+0) -0.570175439<x79>[B] (+0) +0.570175439<x80>[B] (+0) -0.570175439<x81>[B] (+0) -0.570175439<x82>[B] (+0) +0.570175439<x83>[B] (+0) -0.570175439<x84>[B] (+0) -0.570175439<x85>[B] (+0) +0.570175439<x86>[B] (+0) -0.570175439<x87>[B] (+0) +0.570175439<x88>[B] (+0) -0.570175439<x89>[B] (+0) -0.570175439<x90>[B] (+0) -0.570175439<x91>[B] (+0) -0.570175439<x92>[B] (+0) +0.570175439<x93>[B] (+0) -0.570175439<x94>[B] (+1) +0.570175439<x95>[B] (+1) -0.570175439<x96>[B] (+1) -0.570175439<x97>[B] (+1) +0.570175439<x98>[B] (+1) -0.570175439<x99>[B] (+1) +0.570175439<x100>[B] (+1) -0.570175439<x101>[B] (+1) -0.570175439<x102>[B] (+1) -0.570175439<x103>[B] (+1) -0.570175439<x104>[B] (+0) +0.570175439<x105>[B] (+1) +0.570175439<x106>[B] (+0) +0.570175439<x107>[B] (+1) +0.570175439<x108>[B] (+1) +0.570175439<x109>[B] (+0) +0.570175439<x110>[B] (+0) +0.570175439<x111>[B] (+0) -0.570175439<x112>[B] (+1) +0.570175439<x113>[B] (+1) +0.570175439<x114>[B] (+0) +0.570175439<x115>[B] (+0) +0.570175439<x116>[B] (+0) -0.570175439<x117>[B] (+1) -0.570175439<x118>[B] (+1) +0.570175439<x119>[B] (+0) -0.570175439<x120>[B] (+1) -0.570175439<x121>[B] (+1) -0.570175439<x122>[B] (+1) -0.570175439<x123>[B] (+1) -0.570175439<x124>[B] (+0) -0.570175439<x125>[B] (+0) -0.570175439<x126>[B] (+1) +0.570175439<x127>[B] (+1) +0.570175439<x128>[B] (+0) +0.570175439<x129>[B] (+0) +0.570175439<x130>[B] (+0) -0.570175439<x131>[B] (+1) +0.570175439<x132>[B] (+1) -0.570175439<x133>[B] (+0) -0.570175439<x134>[B] (+0) +0.570175439<x135>[B] (+0) +0.570175439<x136>[B] (+0) +0.570175439<x137>[B] (+0) +0.570175439<x138>[B] (+0) -0.570175439<x139>[B] (+1) +0.570175439<x140>[B] (+0) -0.570175439<x141>[B] (+0) -0.570175439<x142>[B] (+0) +0.570175439<x143>[B] (+0) -0.570175439<x144>[B] (+1) -0.570175439<x145>[B] (+1) -0.570175439<x146>[B] (+1) -0.570175439<x147>[B] (+1) -0.570175439<x148>[B] (+1) -0.570175439<x149>[B] (+0) -0.570175439<x150>[B] (+1) +0.570175439<x151>[B] (+0) -0.570175439<x152>[B] (+1) +0.570175439<x153>[B] (+1) -0.570175439<x154>[B] (+0) -0.570175439<x155>[B] (+0) +0.570175439<x156>[B] (+0) -0.570175439<x157>[B] (+1) -0.570175439<x158>[B] (+1) -0.570175439<x159>[B] (+0) -0.570175439<x160>[B] (+0) -0.570175439<x161>[B] (+0) +0.570175439<x162>[B] (+0) +0.570175439<x163>[B] (+0) +0.570175439<x164>[B] (+0) +0.570175439<x165>[B] (+0) -0.570175439<x166>[B] (+0) -0.570175439<x167>[B] (+0) +0.570175439<x168>[B] (+0) -0.570175439<x169>[B] (+0) +0.570175439<x170>[B] (+1) +0.570175439<x171>[B] (+1) >= 20.6695906432749;
;
violation: left hand side is violated by 28.0818713450292
  [linear] <c1939>: <x172>[C] (+0) +0.570175439<x1>[B] (+1) +0.570175439<x2>[B] (+0) +0.570175439<x3>[B] (+1) +0.570175439<x4>[B] (+0) +0.570175439<x5>[B] (+1) +0.570175439<x6>[B] (+0) +0.570175439<x7>[B] (+0) +0.570175439<x8>[B] (+0) +0.570175439<x9>[B] (+0) +0.570175439<x10>[B] (+0) +0.570175439<x11>[B] (+0) +0.570175439<x12>[B] (+0) +0.570175439<x13>[B] (+0) -0.570175439<x14>[B] (+0) +0.570175439<x15>[B] (+0) +0.570175439<x16>[B] (+0) +0.570175439<x17>[B] (+0) +0.570175439<x18>[B] (+0) -0.570175439<x19>[B] (+0) +0.570175439<x20>[B] (+0) -0.570175439<x21>[B] (+0) +0.570175439<x22>[B] (+0) -0.570175439<x23>[B] (+0) -0.570175439<x24>[B] (+0) +0.570175439<x25>[B] (+0) -0.570175439<x26>[B] (+0) -0.570175439<x27>[B] (+0) +0.570175439<x28>[B] (+0) -0.570175439<x29>[B] (+0) +0.570175439<x30>[B] (+0) -0.570175439<x31>[B] (+0) -0.570175439<x32>[B] (+0) -0.570175439<x33>[B] (+0) -0.570175439<x34>[B] (+0) +0.570175439<x35>[B] (+0) +0.570175439<x36>[B] (+1) +0.570175439<x37>[B] (+0) +0.570175439<x38>[B] (+1) +0.570175439<x39>[B] (+0) -0.570175439<x40>[B] (+0) +0.570175439<x41>[B] (+0) +0.570175439<x42>[B] (+0) +0.570175439<x43>[B] (+0) +0.570175439<x44>[B] (+0) +0.570175439<x45>[B] (+0) +0.570175439<x46>[B] (+0) -0.570175439<x47>[B] (+0) +0.570175439<x48>[B] (+0) -0.570175439<x49>[B] (+0) -0.570175439<x50>[B] (+0) +0.570175439<x51>[B] (+0) -0.570175439<x52>[B] (+0) -0.570175439<x53>[B] (+0) -0.570175439<x54>[B] (+0) -0.570175439<x55>[B] (+0) +0.570175439<x56>[B] (+0) -0.570175439<x57>[B] (+0) -0.570175439<x58>[B] (+0) +0.570175439<x59>[B] (+0) -0.570175439<x60>[B] (+0) +0.570175439<x61>[B] (+0) -0.570175439<x62>[B] (+0) -0.570175439<x63>[B] (+0) -0.570175439<x64>[B] (+0) -0.570175439<x65>[B] (+0) +0.570175439<x66>[B] (+0) +0.570175439<x67>[B] (+1) +0.570175439<x68>[B] (+0) -0.570175439<x69>[B] (+1) +0.570175439<x70>[B] (+0) -0.570175439<x71>[B] (+0) -0.570175439<x72>[B] (+1) +0.570175439<x73>[B] (+0) -0.570175439<x74>[B] (+0) +0.570175439<x75>[B] (+0) -0.570175439<x76>[B] (+0) -0.570175439<x77>[B] (+0) -0.570175439<x78>[B] (+0) -0.570175439<x79>[B] (+0) +0.570175439<x80>[B] (+0) -0.570175439<x81>[B] (+0) -0.570175439<x82>[B] (+0) +0.570175439<x83>[B] (+0) -0.570175439<x84>[B] (+0) -0.570175439<x85>[B] (+0) +0.570175439<x86>[B] (+0) -0.570175439<x87>[B] (+0) +0.570175439<x88>[B] (+0) -0.570175439<x89>[B] (+0) -0.570175439<x90>[B] (+0) -0.570175439<x91>[B] (+0) -0.570175439<x92>[B] (+0) +0.570175439<x93>[B] (+0) -0.570175439<x94>[B] (+1) +0.570175439<x95>[B] (+0) -0.570175439<x96>[B] (+0) -0.570175439<x97>[B] (+1) +0.570175439<x98>[B] (+0) -0.570175439<x99>[B] (+0) +0.570175439<x100>[B] (+0) -0.570175439<x101>[B] (+0) -0.570175439<x102>[B] (+0) -0.570175439<x103>[B] (+0) -0.570175439<x104>[B] (+0) +0.570175439<x105>[B] (+0) +0.570175439<x106>[B] (+0) +0.570175439<x107>[B] (+0) +0.570175439<x108>[B] (+0) +0.570175439<x109>[B] (+0) +0.570175439<x110>[B] (+0) +0.570175439<x111>[B] (+0) -0.570175439<x112>[B] (+0) +0.570175439<x113>[B] (+0) +0.570175439<x114>[B] (+0) +0.570175439<x115>[B] (+0) +0.570175439<x116>[B] (+0) -0.570175439<x117>[B] (+1) -0.570175439<x118>[B] (+1) +0.570175439<x119>[B] (+0) -0.570175439<x120>[B] (+1) -0.570175439<x121>[B] (+0) -0.570175439<x122>[B] (+0) -0.570175439<x123>[B] (+0) -0.570175439<x124>[B] (+0) -0.570175439<x125>[B] (+0) -0.570175439<x126>[B] (+0) +0.570175439<x127>[B] (+1) +0.570175439<x128>[B] (+0) +0.570175439<x129>[B] (+0) +0.570175439<x130>[B] (+0) -0.570175439<x131>[B] (+0) +0.570175439<x132>[B] (+0) -0.570175439<x133>[B] (+0) -0.570175439<x134>[B] (+0) +0.570175439<x135>[B] (+0) +0.570175439<x136>[B] (+0) +0.570175439<x137>[B] (+0) +0.570175439<x138>[B] (+0) -0.570175439<x139>[B] (+0) +0.570175439<x140>[B] (+0) -0.570175439<x141>[B] (+0) -0.570175439<x142>[B] (+0) +0.570175439<x143>[B] (+0) -0.570175439<x144>[B] (+1) -0.570175439<x145>[B] (+0) -0.570175439<x146>[B] (+0) -0.570175439<x147>[B] (+0) -0.570175439<x148>[B] (+0) -0.570175439<x149>[B] (+0) -0.570175439<x150>[B] (+0) +0.570175439<x151>[B] (+0) -0.570175439<x152>[B] (+0) +0.570175439<x153>[B] (+0) -0.570175439<x154>[B] (+0) -0.570175439<x155>[B] (+0) +0.570175439<x156>[B] (+0) -0.570175439<x157>[B] (+1) -0.570175439<x158>[B] (+1) -0.570175439<x159>[B] (+0) -0.570175439<x160>[B] (+0) -0.570175439<x161>[B] (+0) +0.570175439<x162>[B] (+0) +0.570175439<x163>[B] (+0) +0.570175439<x164>[B] (+0) +0.570175439<x165>[B] (+0) -0.570175439<x166>[B] (+0) -0.570175439<x167>[B] (+0) +0.570175439<x168>[B] (+0) -0.570175439<x169>[B] (+0) +0.570175439<x170>[B] (+1) +0.570175439<x171>[B] (+1) >= 20.6695906432749;
;
violation: left hand side is violated by 21.2397660818713
  [linear] <c1939>: <x172>[C] (+0) +0.570175439<x1>[B] (+0) +0.570175439<x2>[B] (+0) +0.570175439<x3>[B] (+0) +0.570175439<x4>[B] (+0) +0.570175439<x5>[B] (+0) +0.570175439<x6>[B] (+0) +0.570175439<x7>[B] (+0) +0.570175439<x8>[B] (+0) +0.570175439<x9>[B] (+0) +0.570175439<x10>[B] (+0) +0.570175439<x11>[B] (+0) +0.570175439<x12>[B] (+0) +0.570175439<x13>[B] (+0) -0.570175439<x14>[B] (+0) +0.570175439<x15>[B] (+0) +0.570175439<x16>[B] (+0) +0.570175439<x17>[B] (+0) +0.570175439<x18>[B] (+0) -0.570175439<x19>[B] (+0) +0.570175439<x20>[B] (+0) -0.570175439<x21>[B] (+0) +0.570175439<x22>[B] (+0) -0.570175439<x23>[B] (+0) -0.570175439<x24>[B] (+0) +0.570175439<x25>[B] (+0) -0.570175439<x26>[B] (+0) -0.570175439<x27>[B] (+0) +0.570175439<x28>[B] (+0) -0.570175439<x29>[B] (+0) +0.570175439<x30>[B] (+0) -0.570175439<x31>[B] (+0) -0.570175439<x32>[B] (+0) -0.570175439<x33>[B] (+0) -0.570175439<x34>[B] (+0) +0.570175439<x35>[B] (+0) +0.570175439<x36>[B] (+0) +0.570175439<x37>[B] (+0) +0.570175439<x38>[B] (+0) +0.570175439<x39>[B] (+0) -0.570175439<x40>[B] (+0) +0.570175439<x41>[B] (+0) +0.570175439<x42>[B] (+0) +0.570175439<x43>[B] (+0) +0.570175439<x44>[B] (+0) +0.570175439<x45>[B] (+0) +0.570175439<x46>[B] (+0) -0.570175439<x47>[B] (+0) +0.570175439<x48>[B] (+0) -0.570175439<x49>[B] (+0) -0.570175439<x50>[B] (+0) +0.570175439<x51>[B] (+0) -0.570175439<x52>[B] (+0) -0.570175439<x53>[B] (+0) -0.570175439<x54>[B] (+0) -0.570175439<x55>[B] (+0) +0.570175439<x56>[B] (+0) -0.570175439<x57>[B] (+0) -0.570175439<x58>[B] (+0) +0.570175439<x59>[B] (+0) -0.570175439<x60>[B] (+0) +0.570175439<x61>[B] (+0) -0.570175439<x62>[B] (+0) -0.570175439<x63>[B] (+0) -0.570175439<x64>[B] (+0) -0.570175439<x65>[B] (+0) +0.570175439<x66>[B] (+0) +0.570175439<x67>[B] (+0) +0.570175439<x68>[B] (+0) -0.570175439<x69>[B] (+0) +0.570175439<x70>[B] (+0) -0.570175439<x71>[B] (+0) -0.570175439<x72>[B] (+0) +0.570175439<x73>[B] (+0) -0.570175439<x74>[B] (+0) +0.570175439<x75>[B] (+0) -0.570175439<x76>[B] (+0) -0.570175439<x77>[B] (+0) -0.570175439<x78>[B] (+0) -0.570175439<x79>[B] (+0) +0.570175439<x80>[B] (+0) -0.570175439<x81>[B] (+0) -0.570175439<x82>[B] (+0) +0.570175439<x83>[B] (+0) -0.570175439<x84>[B] (+0) -0.570175439<x85>[B] (+0) +0.570175439<x86>[B] (+0) -0.570175439<x87>[B] (+0) +0.570175439<x88>[B] (+0) -0.570175439<x89>[B] (+0) -0.570175439<x90>[B] (+0) -0.570175439<x91>[B] (+0) -0.570175439<x92>[B] (+0) +0.570175439<x93>[B] (+0) -0.570175439<x94>[B] (+0) +0.570175439<x95>[B] (+0) -0.570175439<x96>[B] (+0) -0.570175439<x97>[B] (+0) +0.570175439<x98>[B] (+0) -0.570175439<x99>[B] (+0) +0.570175439<x100>[B] (+0) -0.570175439<x101>[B] (+0) -0.570175439<x102>[B] (+0) -0.570175439<x103>[B] (+0) -0.570175439<x104>[B] (+0) +0.570175439<x105>[B] (+0) +0.570175439<x106>[B] (+0) +0.570175439<x107>[B] (+0) +0.570175439<x108>[B] (+0) +0.570175439<x109>[B] (+0) +0.570175439<x110>[B] (+0) +0.570175439<x111>[B] (+0) -0.570175439<x112>[B] (+0) +0.570175439<x113>[B] (+0) +0.570175439<x114>[B] (+0) +0.570175439<x115>[B] (+0) +0.570175439<x116>[B] (+0) -0.570175439<x117>[B] (+0) -0.570175439<x118>[B] (+0) +0.570175439<x119>[B] (+0) -0.570175439<x120>[B] (+0) -0.570175439<x121>[B] (+0) -0.570175439<x122>[B] (+0) -0.570175439<x123>[B] (+0) -0.570175439<x124>[B] (+0) -0.570175439<x125>[B] (+0) -0.570175439<x126>[B] (+0) +0.570175439<x127>[B] (+0) +0.570175439<x128>[B] (+0) +0.570175439<x129>[B] (+0) +0.570175439<x130>[B] (+0) -0.570175439<x131>[B] (+0) +0.570175439<x132>[B] (+0) -0.570175439<x133>[B] (+0) -0.570175439<x134>[B] (+0) +0.570175439<x135>[B] (+0) +0.570175439<x136>[B] (+0) +0.570175439<x137>[B] (+0) +0.570175439<x138>[B] (+0) -0.570175439<x139>[B] (+0) +0.570175439<x140>[B] (+0) -0.570175439<x141>[B] (+0) -0.570175439<x142>[B] (+0) +0.570175439<x143>[B] (+0) -0.570175439<x144>[B] (+0) -0.570175439<x145>[B] (+0) -0.570175439<x146>[B] (+0) -0.570175439<x147>[B] (+0) -0.570175439<x148>[B] (+0) -0.570175439<x149>[B] (+0) -0.570175439<x150>[B] (+0) +0.570175439<x151>[B] (+0) -0.570175439<x152>[B] (+0) +0.570175439<x153>[B] (+0) -0.570175439<x154>[B] (+0) -0.570175439<x155>[B] (+0) +0.570175439<x156>[B] (+0) -0.570175439<x157>[B] (+0) -0.570175439<x158>[B] (+0) -0.570175439<x159>[B] (+0) -0.570175439<x160>[B] (+0) -0.570175439<x161>[B] (+0) +0.570175439<x162>[B] (+0) +0.570175439<x163>[B] (+0) +0.570175439<x164>[B] (+0) +0.570175439<x165>[B] (+0) -0.570175439<x166>[B] (+0) -0.570175439<x167>[B] (+0) +0.570175439<x168>[B] (+0) -0.570175439<x169>[B] (+0) +0.570175439<x170>[B] (+0) +0.570175439<x171>[B] (+0) >= 20.6695906432749;
;
violation: left hand side is violated by 20.6695906432749
  [linear] <c1939>: <x172>[C] (+0) +0.570175439<x1>[B] (+1) +0.570175439<x2>[B] (+1) +0.570175439<x3>[B] (+1) +0.570175439<x4>[B] (+1) +0.570175439<x5>[B] (+1) +0.570175439<x6>[B] (+1) +0.570175439<x7>[B] (+1) +0.570175439<x8>[B] (+1) +0.570175439<x9>[B] (+1) +0.570175439<x10>[B] (+1) +0.570175439<x11>[B] (+1) +0.570175439<x12>[B] (+1) +0.570175439<x13>[B] (+1) -0.570175439<x14>[B] (+1) +0.570175439<x15>[B] (+1) +0.570175439<x16>[B] (+1) +0.570175439<x17>[B] (+1) +0.570175439<x18>[B] (+1) -0.570175439<x19>[B] (+1) +0.570175439<x20>[B] (+1) -0.570175439<x21>[B] (+1) +0.570175439<x22>[B] (+1) -0.570175439<x23>[B] (+1) -0.570175439<x24>[B] (+1) +0.570175439<x25>[B] (+1) -0.570175439<x26>[B] (+1) -0.570175439<x27>[B] (+1) +0.570175439<x28>[B] (+1) -0.570175439<x29>[B] (+1) +0.570175439<x30>[B] (+1) -0.570175439<x31>[B] (+1) -0.570175439<x32>[B] (+1) -0.570175439<x33>[B] (+1) -0.570175439<x34>[B] (+1) +0.570175439<x35>[B] (+1) +0.570175439<x36>[B] (+1) +0.570175439<x37>[B] (+1) +0.570175439<x38>[B] (+1) +0.570175439<x39>[B] (+1) -0.570175439<x40>[B] (+1) +0.570175439<x41>[B] (+1) +0.570175439<x42>[B] (+1) +0.570175439<x43>[B] (+1) +0.570175439<x44>[B] (+1) +0.570175439<x45>[B] (+1) +0.570175439<x46>[B] (+1) -0.570175439<x47>[B] (+1) +0.570175439<x48>[B] (+1) -0.570175439<x49>[B] (+1) -0.570175439<x50>[B] (+1) +0.570175439<x51>[B] (+1) -0.570175439<x52>[B] (+1) -0.570175439<x53>[B] (+1) -0.570175439<x54>[B] (+1) -0.570175439<x55>[B] (+1) +0.570175439<x56>[B] (+1) -0.570175439<x57>[B] (+1) -0.570175439<x58>[B] (+1) +0.570175439<x59>[B] (+1) -0.570175439<x60>[B] (+1) +0.570175439<x61>[B] (+1) -0.570175439<x62>[B] (+1) -0.570175439<x63>[B] (+1) -0.570175439<x64>[B] (+1) -0.570175439<x65>[B] (+1) +0.570175439<x66>[B] (+1) +0.570175439<x67>[B] (+1) +0.570175439<x68>[B] (+1) -0.570175439<x69>[B] (+1) +0.570175439<x70>[B] (+1) -0.570175439<x71>[B] (+1) -0.570175439<x72>[B] (+1) +0.570175439<x73>[B] (+1) -0.570175439<x74>[B] (+1) +0.570175439<x75>[B] (+1) -0.570175439<x76>[B] (+1) -0.570175439<x77>[B] (+1) -0.570175439<x78>[B] (+1) -0.570175439<x79>[B] (+1) +0.570175439<x80>[B] (+1) -0.570175439<x81>[B] (+1) -0.570175439<x82>[B] (+1) +0.570175439<x83>[B] (+1) -0.570175439<x84>[B] (+1) -0.570175439<x85>[B] (+1) +0.570175439<x86>[B] (+1) -0.570175439<x87>[B] (+1) +0.570175439<x88>[B] (+1) -0.570175439<x89>[B] (+1) -0.570175439<x90>[B] (+1) -0.570175439<x91>[B] (+1) -0.570175439<x92>[B] (+1) +0.570175439<x93>[B] (+1) -0.570175439<x94>[B] (+1) +0.570175439<x95>[B] (+1) -0.570175439<x96>[B] (+1) -0.570175439<x97>[B] (+1) +0.570175439<x98>[B] (+1) -0.570175439<x99>[B] (+1) +0.570175439<x100>[B] (+1) -0.570175439<x101>[B] (+1) -0.570175439<x102>[B] (+1) -0.570175439<x103>[B] (+1) -0.570175439<x104>[B] (+1) +0.570175439<x105>[B] (+1) +0.570175439<x106>[B] (+1) +0.570175439<x107>[B] (+1) +0.570175439<x108>[B] (+1) +0.570175439<x109>[B] (+1) +0.570175439<x110>[B] (+1) +0.570175439<x111>[B] (+1) -0.570175439<x112>[B] (+1) +0.570175439<x113>[B] (+1) +0.570175439<x114>[B] (+1) +0.570175439<x115>[B] (+1) +0.570175439<x116>[B] (+1) -0.570175439<x117>[B] (+1) -0.570175439<x118>[B] (+1) +0.570175439<x119>[B] (+1) -0.570175439<x120>[B] (+1) -0.570175439<x121>[B] (+1) -0.570175439<x122>[B] (+1) -0.570175439<x123>[B] (+1) -0.570175439<x124>[B] (+1) -0.570175439<x125>[B] (+1) -0.570175439<x126>[B] (+1) +0.570175439<x127>[B] (+1) +0.570175439<x128>[B] (+1) +0.570175439<x129>[B] (+1) +0.570175439<x130>[B] (+1) -0.570175439<x131>[B] (+1) +0.570175439<x132>[B] (+1) -0.570175439<x133>[B] (+1) -0.570175439<x134>[B] (+1) +0.570175439<x135>[B] (+1) +0.570175439<x136>[B] (+1) +0.570175439<x137>[B] (+1) +0.570175439<x138>[B] (+1) -0.570175439<x139>[B] (+1) +0.570175439<x140>[B] (+1) -0.570175439<x141>[B] (+1) -0.570175439<x142>[B] (+1) +0.570175439<x143>[B] (+1) -0.570175439<x144>[B] (+1) -0.570175439<x145>[B] (+1) -0.570175439<x146>[B] (+1) -0.570175439<x147>[B] (+1) -0.570175439<x148>[B] (+1) -0.570175439<x149>[B] (+1) -0.570175439<x150>[B] (+1) +0.570175439<x151>[B] (+1) -0.570175439<x152>[B] (+1) +0.570175439<x153>[B] (+1) -0.570175439<x154>[B] (+1) -0.570175439<x155>[B] (+1) +0.570175439<x156>[B] (+1) -0.570175439<x157>[B] (+1) -0.570175439<x158>[B] (+1) -0.570175439<x159>[B] (+1) -0.570175439<x160>[B] (+1) -0.570175439<x161>[B] (+1) +0.570175439<x162>[B] (+1) +0.570175439<x163>[B] (+1) +0.570175439<x164>[B] (+1) +0.570175439<x165>[B] (+1) -0.570175439<x166>[B] (+1) -0.570175439<x167>[B] (+1) +0.570175439<x168>[B] (+1) -0.570175439<x169>[B] (+1) +0.570175439<x170>[B] (+1) +0.570175439<x171>[B] (+1) >= 20.6695906432749;
;
violation: left hand side is violated by 21.2397660818713
1/5 feasible solution given by solution candidate storage, new primal bound -5.000514e+06

presolving:
   (0.0s) symmetry computation started: requiring (bin +, int +, cont +), (fixed: bin -, int -, cont -)
   (0.0s) no symmetry present (symcode time: 0.00)
presolving (0 rounds: 0 fast, 0 medium, 0 exhaustive):
 0 deleted vars, 0 deleted constraints, 0 added constraints, 0 tightened bounds, 0 added holes, 0 changed sides, 0 changed coefficients
 0 implications, 0 cliques, 0 implied integral variables (0 bin, 0 int, 0 cont)
presolved problem has 221 variables (171 bin, 0 int, 50 cont) and 1988 constraints
   1988 constraints of type <linear>
Presolving Time: 0.01
transformed 1/1 original solutions to the transformed problem space

 time | node  | left  |LP iter|LP it/n|mem/heur|mdpt |vars |cons |rows |cuts |sepa|confs|strbr|  dualbound   | primalbound  |  gap   | compl. 
p 0.0s|     1 |     0 |    24 |     - |   locks|   0 | 221 |1988 |1988 |   0 |  0 |   0 |   0 | 2.320000e+02 |-1.473678e+03 |    Inf | unknown
* 0.0s|     1 |     0 |   288 |     - |    LP  |   0 | 221 |1988 |1988 |   0 |  0 |   0 |   0 |-1.124327e+03 |-1.124327e+03 |   0.00%| unknown
  0.0s|     1 |     0 |   288 |     - |    12M |   0 | 221 |1988 |1988 |   0 |  0 |   0 |   0 |-1.124327e+03 |-1.124327e+03 |   0.00%| unknown

SCIP Status        : problem is solved [optimal solution found]
Solving Time (sec) : 0.03
Solving Nodes      : 1
Primal Bound       : -1.12432748538012e+03 (4 solutions)
Dual Bound         : -1.12432748538012e+03
Gap                : 0.00 %
  [linear] <c1989>: <x172>[C] (+25.8011696) +0.546783626<x1>[B] (+1) +0.546783626<x2>[B] (+0) +0.546783626<x3>[B] (+1) +0.546783626<x4>[B] (+0) +0.546783626<x5>[B] (+1) +0.546783626<x6>[B] (+0) +0.546783626<x7>[B] (+0) +0.546783626<x8>[B] (+0) +0.546783626<x9>[B] (+0) +0.546783626<x10>[B] (+0) +0.546783626<x11>[B] (+0) +0.546783626<x12>[B] (+0) +0.546783626<x13>[B] (+0) -0.546783626<x14>[B] (+1) +0.546783626<x15>[B] (+0) +0.546783626<x16>[B] (+0) +0.546783626<x17>[B] (+0) +0.546783626<x18>[B] (+0) -0.546783626<x19>[B] (+0) +0.546783626<x20>[B] (+0) -0.546783626<x21>[B] (+0) +0.546783626<x22>[B] (+0) -0.546783626<x23>[B] (+0) -0.546783626<x24>[B] (+0) +0.546783626<x25>[B] (+0) -0.546783626<x26>[B] (+0) -0.546783626<x27>[B] (+0) +0.546783626<x28>[B] (+0) -0.546783626<x29>[B] (+0) +0.546783626<x30>[B] (+0) -0.546783626<x31>[B] (+0) -0.546783626<x32>[B] (+0) -0.546783626<x33>[B] (+0) -0.546783626<x34>[B] (+0) +0.546783626<x35>[B] (+0) +0.546783626<x36>[B] (+1) +0.546783626<x37>[B] (+0) +0.546783626<x38>[B] (+1) +0.546783626<x39>[B] (+0) -0.546783626<x40>[B] (+0) +0.546783626<x41>[B] (+0) +0.546783626<x42>[B] (+0) +0.546783626<x43>[B] (+1) +0.546783626<x44>[B] (+0) +0.546783626<x45>[B] (+0) +0.546783626<x46>[B] (+0) -0.546783626<x47>[B] (+1) +0.546783626<x48>[B] (+1) -0.546783626<x49>[B] (+0) -0.546783626<x50>[B] (+0) +0.546783626<x51>[B] (+0) -0.546783626<x52>[B] (+0) -0.546783626<x53>[B] (+0) -0.546783626<x54>[B] (+0) -0.546783626<x55>[B] (+0) +0.546783626<x56>[B] (+0) -0.546783626<x57>[B] (+0) -0.546783626<x58>[B] (+0) +0.546783626<x59>[B] (+0) -0.546783626<x60>[B] (+0) +0.546783626<x61>[B] (+0) -0.546783626<x62>[B] (+0) -0.546783626<x63>[B] (+0) -0.546783626<x64>[B] (+0) -0.546783626<x65>[B] (+0) +0.546783626<x66>[B] (+0) +0.546783626<x67>[B] (+1) +0.546783626<x68>[B] (+0) -0.546783626<x69>[B] (+1) +0.546783626<x70>[B] (+0) -0.546783626<x71>[B] (+1) -0.546783626<x72>[B] (+1) +0.546783626<x73>[B] (+0) -0.546783626<x74>[B] (+1) +0.546783626<x75>[B] (+0) -0.546783626<x76>[B] (+1) -0.546783626<x77>[B] (+1) -0.546783626<x78>[B] (+0) -0.546783626<x79>[B] (+0) +0.546783626<x80>[B] (+0) -0.546783626<x81>[B] (+0) -0.546783626<x82>[B] (+0) +0.546783626<x83>[B] (+0) -0.546783626<x84>[B] (+0) -0.546783626<x85>[B] (+0) +0.546783626<x86>[B] (+0) -0.546783626<x87>[B] (+0) +0.546783626<x88>[B] (+0) -0.546783626<x89>[B] (+1) -0.546783626<x90>[B] (+0) -0.546783626<x91>[B] (+0) -0.546783626<x92>[B] (+0) +0.546783626<x93>[B] (+0) -0.546783626<x94>[B] (+1) +0.546783626<x95>[B] (+1) -0.546783626<x96>[B] (+1) -0.546783626<x97>[B] (+1) +0.546783626<x98>[B] (+1) -0.546783626<x99>[B] (+1) +0.546783626<x100>[B] (+1) -0.546783626<x101>[B] (+1) -0.546783626<x102>[B] (+1) -0.546783626<x103>[B] (+0) -0.546783626<x104>[B] (+0) +0.546783626<x105>[B] (+1) +0.546783626<x106>[B] (+0) +0.546783626<x107>[B] (+1) +0.546783626<x108>[B] (+1) +0.546783626<x109>[B] (+0) +0.546783626<x110>[B] (+0) +0.546783626<x111>[B] (+0) -0.546783626<x112>[B] (+1) +0.546783626<x113>[B] (+1) +0.546783626<x114>[B] (+0) +0.546783626<x115>[B] (+0) +0.546783626<x116>[B] (+0) -0.546783626<x117>[B] (+1) -0.546783626<x118>[B] (+1) +0.546783626<x119>[B] (+0) -0.546783626<x120>[B] (+1) -0.546783626<x121>[B] (+0) -0.546783626<x122>[B] (+1) -0.546783626<x123>[B] (+1) -0.546783626<x124>[B] (+0) -0.546783626<x125>[B] (+0) -0.546783626<x126>[B] (+0) +0.546783626<x127>[B] (+1) +0.546783626<x128>[B] (+0) +0.546783626<x129>[B] (+0) +0.546783626<x130>[B] (+0) -0.546783626<x131>[B] (+1) +0.546783626<x132>[B] (+1) -0.546783626<x133>[B] (+0) -0.546783626<x134>[B] (+0) +0.546783626<x135>[B] (+0) +0.546783626<x136>[B] (+0) +0.546783626<x137>[B] (+0) +0.546783626<x138>[B] (+0) -0.546783626<x139>[B] (+1) +0.546783626<x140>[B] (+0) -0.546783626<x141>[B] (+0) -0.546783626<x142>[B] (+0) +0.546783626<x143>[B] (+0) -0.546783626<x144>[B] (+1) -0.546783626<x145>[B] (+0) -0.546783626<x146>[B] (+1) -0.546783626<x147>[B] (+1) -0.546783626<x148>[B] (+0) -0.546783626<x149>[B] (+0) -0.546783626<x150>[B] (+0) +0.546783626<x151>[B] (+0) -0.546783626<x152>[B] (+1) +0.546783626<x153>[B] (+1) -0.546783626<x154>[B] (+0) -0.546783626<x155>[B] (+0) +0.546783626<x156>[B] (+0) -0.546783626<x157>[B] (+1) -0.546783626<x158>[B] (+1) -0.546783626<x159>[B] (+0) -0.546783626<x160>[B] (+0) -0.546783626<x161>[B] (+0) +0.546783626<x162>[B] (+0) +0.546783626<x163>[B] (+0) +0.546783626<x164>[B] (+0) +0.546783626<x165>[B] (+0) -0.546783626<x166>[B] (+0) -0.546783626<x167>[B] (+0) +0.546783626<x168>[B] (+0) -0.546783626<x169>[B] (+0) +0.546783626<x170>[B] (+1) +0.546783626<x171>[B] (+1) >= 20.9152046783626;
;
violation: left hand side is violated by 0.0350877192982715
  [linear] <c1989>: <x172>[C] (+14.3976608) +0.546783626<x1>[B] (+0) +0.546783626<x2>[B] (+1) +0.546783626<x3>[B] (+0) +0.546783626<x4>[B] (+1) +0.546783626<x5>[B] (+0) +0.546783626<x6>[B] (+1) +0.546783626<x7>[B] (+1) +0.546783626<x8>[B] (+1) +0.546783626<x9>[B] (+1) +0.546783626<x10>[B] (+1) +0.546783626<x11>[B] (+1) +0.546783626<x12>[B] (+1) +0.546783626<x13>[B] (+1) -0.546783626<x14>[B] (+0) +0.546783626<x15>[B] (+1) +0.546783626<x16>[B] (+1) +0.546783626<x17>[B] (+1) +0.546783626<x18>[B] (+1) -0.546783626<x19>[B] (+1) +0.546783626<x20>[B] (+1) -0.546783626<x21>[B] (+1) +0.546783626<x22>[B] (+1) -0.546783626<x23>[B] (+1) -0.546783626<x24>[B] (+1) +0.546783626<x25>[B] (+1) -0.546783626<x26>[B] (+1) -0.546783626<x27>[B] (+1) +0.546783626<x28>[B] (+1) -0.546783626<x29>[B] (+1) +0.546783626<x30>[B] (+1) -0.546783626<x31>[B] (+1) -0.546783626<x32>[B] (+1) -0.546783626<x33>[B] (+1) -0.546783626<x34>[B] (+1) +0.546783626<x35>[B] (+1) +0.546783626<x36>[B] (+0) +0.546783626<x37>[B] (+0) +0.546783626<x38>[B] (+0) +0.546783626<x39>[B] (+1) -0.546783626<x40>[B] (+0) +0.546783626<x41>[B] (+1) +0.546783626<x42>[B] (+0) +0.546783626<x43>[B] (+0) +0.546783626<x44>[B] (+1) +0.546783626<x45>[B] (+1) +0.546783626<x46>[B] (+1) -0.546783626<x47>[B] (+0) +0.546783626<x48>[B] (+0) -0.546783626<x49>[B] (+1) -0.546783626<x50>[B] (+1) +0.546783626<x51>[B] (+0) -0.546783626<x52>[B] (+1) -0.546783626<x53>[B] (+1) -0.546783626<x54>[B] (+1) -0.546783626<x55>[B] (+1) +0.546783626<x56>[B] (+1) -0.546783626<x57>[B] (+1) -0.546783626<x58>[B] (+1) +0.546783626<x59>[B] (+1) -0.546783626<x60>[B] (+1) +0.546783626<x61>[B] (+1) -0.546783626<x62>[B] (+1) -0.546783626<x63>[B] (+1) -0.546783626<x64>[B] (+1) -0.546783626<x65>[B] (+1) +0.546783626<x66>[B] (+1) +0.546783626<x67>[B] (+0) +0.546783626<x68>[B] (+1) -0.546783626<x69>[B] (+0) +0.546783626<x70>[B] (+1) -0.546783626<x71>[B] (+0) -0.546783626<x72>[B] (+0) +0.546783626<x73>[B] (+1) -0.546783626<x74>[B] (+1) +0.546783626<x75>[B] (+1) -0.546783626<x76>[B] (+0) -0.546783626<x77>[B] (+0) -0.546783626<x78>[B] (+1) -0.546783626<x79>[B] (+1) +0.546783626<x80>[B] (+0) -0.546783626<x81>[B] (+1) -0.546783626<x82>[B] (+1) +0.546783626<x83>[B] (+1) -0.546783626<x84>[B] (+1) -0.546783626<x85>[B] (+1) +0.546783626<x86>[B] (+1) -0.546783626<x87>[B] (+1) +0.546783626<x88>[B] (+1) -0.546783626<x89>[B] (+0) -0.546783626<x90>[B] (+1) -0.546783626<x91>[B] (+1) -0.546783626<x92>[B] (+1) +0.546783626<x93>[B] (+1) -0.546783626<x94>[B] (+0) +0.546783626<x95>[B] (+0) -0.546783626<x96>[B] (+0) -0.546783626<x97>[B] (+0) +0.546783626<x98>[B] (+0) -0.546783626<x99>[B] (+0) +0.546783626<x100>[B] (+1) -0.546783626<x101>[B] (+0) -0.546783626<x102>[B] (+0) -0.546783626<x103>[B] (+1) -0.546783626<x104>[B] (+1) +0.546783626<x105>[B] (+0) +0.546783626<x106>[B] (+1) +0.546783626<x107>[B] (+1) +0.546783626<x108>[B] (+1) +0.546783626<x109>[B] (+1) +0.546783626<x110>[B] (+1) +0.546783626<x111>[B] (+1) -0.546783626<x112>[B] (+0) +0.546783626<x113>[B] (+1) +0.546783626<x114>[B] (+1) +0.546783626<x115>[B] (+1) +0.546783626<x116>[B] (+1) -0.546783626<x117>[B] (+0) -0.546783626<x118>[B] (+0) +0.546783626<x119>[B] (+1) -0.546783626<x120>[B] (+0) -0.546783626<x121>[B] (+1) -0.546783626<x122>[B] (+0) -0.546783626<x123>[B] (+0) -0.546783626<x124>[B] (+1) -0.546783626<x125>[B] (+1) -0.546783626<x126>[B] (+0) +0.546783626<x127>[B] (+0) +0.546783626<x128>[B] (+1) +0.546783626<x129>[B] (+1) +0.546783626<x130>[B] (+1) -0.546783626<x131>[B] (+0) +0.546783626<x132>[B] (+1) -0.546783626<x133>[B] (+1) -0.546783626<x134>[B] (+1) +0.546783626<x135>[B] (+1) +0.546783626<x136>[B] (+1) +0.546783626<x137>[B] (+1) +0.546783626<x138>[B] (+1) -0.546783626<x139>[B] (+0) +0.546783626<x140>[B] (+1) -0.546783626<x141>[B] (+1) -0.546783626<x142>[B] (+1) +0.546783626<x143>[B] (+1) -0.546783626<x144>[B] (+0) -0.546783626<x145>[B] (+1) -0.546783626<x146>[B] (+0) -0.546783626<x147>[B] (+0) -0.546783626<x148>[B] (+1) -0.546783626<x149>[B] (+1) -0.546783626<x150>[B] (+0) +0.546783626<x151>[B] (+1) -0.546783626<x152>[B] (+0) +0.546783626<x153>[B] (+0) -0.546783626<x154>[B] (+1) -0.546783626<x155>[B] (+1) +0.546783626<x156>[B] (+0) -0.546783626<x157>[B] (+0) -0.546783626<x158>[B] (+0) -0.546783626<x159>[B] (+0) -0.546783626<x160>[B] (+1) -0.546783626<x161>[B] (+0) +0.546783626<x162>[B] (+1) +0.546783626<x163>[B] (+1) +0.546783626<x164>[B] (+1) +0.546783626<x165>[B] (+1) -0.546783626<x166>[B] (+1) -0.546783626<x167>[B] (+1) +0.546783626<x168>[B] (+0) -0.546783626<x169>[B] (+1) +0.546783626<x170>[B] (+0) +0.546783626<x171>[B] (+0) >= 20.9152046783626;
;
violation: left hand side is violated by 0.502923976608166
2/4 feasible solutions given by solution candidate storage, new primal bound -5.000514e+06

presolving:
   (0.0s) symmetry computation started: requiring (bin +, int +, cont +), (fixed: bin -, int -, cont -)
   (0.0s) no symmetry present (symcode time: 0.00)
presolving (0 rounds: 0 fast, 0 medium, 0 exhaustive):
 0 deleted vars, 0 deleted constraints, 0 added constraints, 0 tightened bounds, 0 added holes, 0 changed sides, 0 changed coefficients
 0 implications, 0 cliques, 0 implied integral variables (0 bin, 0 int, 0 cont)
presolved problem has 221 variables (171 bin, 0 int, 50 cont) and 2024 constraints
   2024 constraints of type <linear>
Presolving Time: 0.01
transformed 2/2 original solutions to the transformed problem space

 time | node  | left  |LP iter|LP it/n|mem/heur|mdpt |vars |cons |rows |cuts |sepa|confs|strbr|  dualbound   | primalbound  |  gap   | compl. 
p 0.0s|     1 |     0 |    20 |     - |   locks|   0 | 221 |2024 |2024 |   0 |  0 |   0 |   0 | 2.320000e+02 |-1.479310e+03 |    Inf | unknown
  0.0s|     1 |     0 |   360 |     - |    16M |   0 | 221 |2024 |2024 |   0 |  0 |   0 |   0 |-1.124895e+03 |-1.479310e+03 |  31.51%| unknown
r 0.0s|     1 |     0 |   360 |     - |shifting|   0 | 221 |2024 |2024 |   0 |  0 |   0 |   0 |-1.124895e+03 |-1.146073e+03 |   1.88%| unknown
  0.1s|     1 |     0 |   365 |     - |    17M |   0 | 221 |2024 |2025 |   1 |  1 |   0 |   0 |-1.124904e+03 |-1.146073e+03 |   1.88%| unknown
  0.1s|     1 |     0 |   365 |     - |    17M |   0 | 221 |2024 |2025 |   1 |  1 |   0 |   0 |-1.124904e+03 |-1.146073e+03 |   1.88%| unknown
  0.1s|     1 |     0 |   372 |     - |    17M |   0 | 221 |2024 |2027 |   3 |  2 |   0 |   0 |-1.124926e+03 |-1.146073e+03 |   1.88%| unknown
r 0.1s|     1 |     0 |   372 |     - |shifting|   0 | 221 |2024 |2027 |   3 |  2 |   0 |   0 |-1.124926e+03 |-1.145939e+03 |   1.87%| unknown
  0.1s|     1 |     0 |   378 |     - |    17M |   0 | 221 |2024 |2028 |   4 |  3 |   0 |   0 |-1.124932e+03 |-1.145939e+03 |   1.87%| unknown
  0.1s|     1 |     0 |   384 |     - |    18M |   0 | 221 |2024 |2029 |   5 |  4 |   0 |   0 |-1.124937e+03 |-1.145939e+03 |   1.87%| unknown
r 0.1s|     1 |     0 |   384 |     - |shifting|   0 | 221 |2024 |2029 |   5 |  4 |   0 |   0 |-1.124937e+03 |-1.144771e+03 |   1.76%| unknown
  0.1s|     1 |     0 |   387 |     - |    18M |   0 | 221 |2024 |2031 |   7 |  5 |   0 |   0 |-1.124953e+03 |-1.144771e+03 |   1.76%| unknown
r 0.1s|     1 |     0 |   387 |     - |shifting|   0 | 221 |2024 |2031 |   7 |  5 |   0 |   0 |-1.124953e+03 |-1.137572e+03 |   1.12%| unknown
  0.1s|     1 |     0 |   391 |     - |    18M |   0 | 221 |2024 |2032 |   8 |  6 |   0 |   0 |-1.124959e+03 |-1.137572e+03 |   1.12%| unknown
  0.2s|     1 |     0 |   393 |     - |    18M |   0 | 221 |2024 |2033 |   9 |  7 |   0 |   0 |-1.124968e+03 |-1.137572e+03 |   1.12%| unknown
  0.2s|     1 |     0 |   394 |     - |    18M |   0 | 221 |2024 |2034 |  10 |  8 |   0 |   0 |-1.124968e+03 |-1.137572e+03 |   1.12%| unknown
 time | node  | left  |LP iter|LP it/n|mem/heur|mdpt |vars |cons |rows |cuts |sepa|confs|strbr|  dualbound   | primalbound  |  gap   | compl. 
  0.2s|     1 |     0 |   395 |     - |    19M |   0 | 221 |2024 |2035 |  11 |  9 |   0 |   0 |-1.124971e+03 |-1.137572e+03 |   1.12%| unknown
r 0.2s|     1 |     0 |   395 |     - |shifting|   0 | 221 |2024 |2035 |  11 |  9 |   0 |   0 |-1.124971e+03 |-1.134779e+03 |   0.87%| unknown
  0.2s|     1 |     0 |   396 |     - |    19M |   0 | 221 |2024 |2036 |  12 | 10 |   0 |   0 |-1.124971e+03 |-1.134779e+03 |   0.87%| unknown
d 0.2s|     1 |     0 |   396 |     - |farkasdi|   0 | 221 |2024 |2036 |   0 | 11 |   0 |   0 |-1.124971e+03 |-1.124971e+03 |   0.00%| unknown
  0.2s|     1 |     0 |   396 |     - |    19M |   0 | 221 |2024 |2036 |  12 | 11 |   0 |   0 |-1.124971e+03 |-1.124971e+03 |   0.00%| unknown

SCIP Status        : problem is solved [optimal solution found]
Solving Time (sec) : 0.21
Solving Nodes      : 1
Primal Bound       : -1.12497076023392e+03 (14 solutions)
Dual Bound         : -1.12497076023392e+03
Gap                : 0.00 %
  [linear] <c2025>: <x172>[C] (+26.9415205) +0.558479532<x1>[B] (+1) +0.558479532<x2>[B] (+0) +0.558479532<x3>[B] (+1) +0.558479532<x4>[B] (+0) +0.558479532<x5>[B] (+1) +0.558479532<x6>[B] (+0) +0.558479532<x7>[B] (+0) +0.558479532<x8>[B] (+0) +0.558479532<x9>[B] (+0) +0.558479532<x10>[B] (+0) +0.558479532<x11>[B] (+0) +0.558479532<x12>[B] (+0) +0.558479532<x13>[B] (+0) -0.558479532<x14>[B] (-1.17950094e-12) +0.558479532<x15>[B] (+0) +0.558479532<x16>[B] (+0) +0.558479532<x17>[B] (+0) +0.558479532<x18>[B] (+0) -0.558479532<x19>[B] (+0) +0.558479532<x20>[B] (+0) -0.558479532<x21>[B] (+0) +0.558479532<x22>[B] (+0) -0.558479532<x23>[B] (+0) -0.558479532<x24>[B] (+0) +0.558479532<x25>[B] (+0) -0.558479532<x26>[B] (+0) -0.558479532<x27>[B] (+0) +0.558479532<x28>[B] (+0) -0.558479532<x29>[B] (+0) +0.558479532<x30>[B] (+0) -0.558479532<x31>[B] (+0) -0.558479532<x32>[B] (+0) -0.558479532<x33>[B] (+0) -0.558479532<x34>[B] (+0) +0.558479532<x35>[B] (+0) +0.558479532<x36>[B] (+1) +0.558479532<x37>[B] (+0) +0.558479532<x38>[B] (+1) +0.558479532<x39>[B] (+0) -0.558479532<x40>[B] (+0) +0.558479532<x41>[B] (+0) +0.558479532<x42>[B] (+0) +0.558479532<x43>[B] (+1) +0.558479532<x44>[B] (+0) +0.558479532<x45>[B] (+0) +0.558479532<x46>[B] (+0) -0.558479532<x47>[B] (+1) +0.558479532<x48>[B] (+1) -0.558479532<x49>[B] (+0) -0.558479532<x50>[B] (+0) +0.558479532<x51>[B] (+0) -0.558479532<x52>[B] (+0) -0.558479532<x53>[B] (+0) -0.558479532<x54>[B] (+0) -0.558479532<x55>[B] (+0) +0.558479532<x56>[B] (+0) -0.558479532<x57>[B] (+0) -0.558479532<x58>[B] (+0) +0.558479532<x59>[B] (+0) -0.558479532<x60>[B] (+0) +0.558479532<x61>[B] (+0) -0.558479532<x62>[B] (+0) -0.558479532<x63>[B] (+0) -0.558479532<x64>[B] (+0) -0.558479532<x65>[B] (+0) +0.558479532<x66>[B] (+0) +0.558479532<x67>[B] (+1) +0.558479532<x68>[B] (+0) -0.558479532<x69>[B] (+1) +0.558479532<x70>[B] (+0) -0.558479532<x71>[B] (+1) -0.558479532<x72>[B] (+1) +0.558479532<x73>[B] (+0) -0.558479532<x74>[B] (+1) +0.558479532<x75>[B] (+0) -0.558479532<x76>[B] (+1) -0.558479532<x77>[B] (+1) -0.558479532<x78>[B] (+0) -0.558479532<x79>[B] (+0) +0.558479532<x80>[B] (+0) -0.558479532<x81>[B] (+0) -0.558479532<x82>[B] (+0) +0.558479532<x83>[B] (+0) -0.558479532<x84>[B] (+0) -0.558479532<x85>[B] (+0) +0.558479532<x86>[B] (+0) -0.558479532<x87>[B] (+0) +0.558479532<x88>[B] (+0) -0.558479532<x89>[B] (-1.17950094e-12) -0.558479532<x90>[B] (+0) -0.558479532<x91>[B] (+0) -0.558479532<x92>[B] (+0) +0.558479532<x93>[B] (+0) -0.558479532<x94>[B] (+1) +0.558479532<x95>[B] (+1) -0.558479532<x96>[B] (+1) -0.558479532<x97>[B] (+1) +0.558479532<x98>[B] (+1) -0.558479532<x99>[B] (+1) +0.558479532<x100>[B] (+1) -0.558479532<x101>[B] (+1) -0.558479532<x102>[B] (+1) -0.558479532<x103>[B] (+1) -0.558479532<x104>[B] (+0) +0.558479532<x105>[B] (+1) +0.558479532<x106>[B] (+0) +0.558479532<x107>[B] (+1) +0.558479532<x108>[B] (+1) +0.558479532<x109>[B] (+0) +0.558479532<x110>[B] (+0) +0.558479532<x111>[B] (+0) -0.558479532<x112>[B] (+1) +0.558479532<x113>[B] (+1) +0.558479532<x114>[B] (+0) +0.558479532<x115>[B] (+0) +0.558479532<x116>[B] (+0) -0.558479532<x117>[B] (+1) -0.558479532<x118>[B] (+1) +0.558479532<x119>[B] (+0) -0.558479532<x120>[B] (+1) -0.558479532<x121>[B] (+0) -0.558479532<x122>[B] (+1) -0.558479532<x123>[B] (+1) -0.558479532<x124>[B] (+0) -0.558479532<x125>[B] (+0) -0.558479532<x126>[B] (+0) +0.558479532<x127>[B] (+1) +0.558479532<x128>[B] (+0) +0.558479532<x129>[B] (+0) +0.558479532<x130>[B] (+0) -0.558479532<x131>[B] (+1) +0.558479532<x132>[B] (+1) -0.558479532<x133>[B] (+0) -0.558479532<x134>[B] (+0) +0.558479532<x135>[B] (+0) +0.558479532<x136>[B] (+0) +0.558479532<x137>[B] (+0) +0.558479532<x138>[B] (+0) -0.558479532<x139>[B] (+1) +0.558479532<x140>[B] (+0) -0.558479532<x141>[B] (+0) -0.558479532<x142>[B] (+0) +0.558479532<x143>[B] (+0) -0.558479532<x144>[B] (+1) -0.558479532<x145>[B] (+1) -0.558479532<x146>[B] (+1) -0.558479532<x147>[B] (+1) -0.558479532<x148>[B] (+1) -0.558479532<x149>[B] (+0) -0.558479532<x150>[B] (+1) +0.558479532<x151>[B] (+0) -0.558479532<x152>[B] (+1) +0.558479532<x153>[B] (+1) -0.558479532<x154>[B] (+0) -0.558479532<x155>[B] (+0) +0.558479532<x156>[B] (+0) -0.558479532<x157>[B] (+1) -0.558479532<x158>[B] (+1) -0.558479532<x159>[B] (+0) -0.558479532<x160>[B] (+0) -0.558479532<x161>[B] (+0) +0.558479532<x162>[B] (+0) +0.558479532<x163>[B] (+0) +0.558479532<x164>[B] (+0) +0.558479532<x165>[B] (+0) -0.558479532<x166>[B] (+0) -0.558479532<x167>[B] (+0) +0.558479532<x168>[B] (+0) -0.558479532<x169>[B] (+5.44786438e-13) +0.558479532<x170>[B] (+1) +0.558479532<x171>[B] (+1) >= 20.8040935672515;
;
violation: left hand side is violated by 0.00584795321635667
  [linear] <c2026>: <x175>[C] (+27.4766082) +0.558479532<x1>[B] (+1) -0.558479532<x2>[B] (+0) -0.558479532<x3>[B] (+1) -0.558479532<x4>[B] (+0) -0.558479532<x5>[B] (+1) -0.558479532<x6>[B] (+0) -0.558479532<x7>[B] (+0) -0.558479532<x8>[B] (+0) -0.558479532<x9>[B] (+0) -0.558479532<x10>[B] (+0) -0.558479532<x11>[B] (+0) -0.558479532<x12>[B] (+0) +0.558479532<x13>[B] (+0) -0.558479532<x14>[B] (+1) -0.558479532<x15>[B] (+0) +0.558479532<x16>[B] (+0) +0.558479532<x17>[B] (+0) +0.558479532<x18>[B] (+0) -0.558479532<x19>[B] (+0) -0.558479532<x20>[B] (+0) -0.558479532<x21>[B] (+0) -0.558479532<x22>[B] (+0) -0.558479532<x23>[B] (+0) -0.558479532<x24>[B] (+0) -0.558479532<x25>[B] (+0) -0.558479532<x26>[B] (+0) -0.558479532<x27>[B] (+0) -0.558479532<x28>[B] (+0) -0.558479532<x29>[B] (+0) -0.558479532<x30>[B] (+0) -0.558479532<x31>[B] (+0) -0.558479532<x32>[B] (+0) -0.558479532<x33>[B] (+0) -0.558479532<x34>[B] (+0) -0.558479532<x35>[B] (+0) -0.558479532<x36>[B] (+1) +0.558479532<x37>[B] (+0) +0.558479532<x38>[B] (+1) +0.558479532<x39>[B] (+0) +0.558479532<x40>[B] (+0) -0.558479532<x41>[B] (+0) -0.558479532<x42>[B] (+0) -0.558479532<x43>[B] (+1) -0.558479532<x44>[B] (+0) -0.558479532<x45>[B] (+0) +0.558479532<x46>[B] (+0) -0.558479532<x47>[B] (+1) -0.558479532<x48>[B] (+1) +0.558479532<x49>[B] (+0) +0.558479532<x50>[B] (+0) +0.558479532<x51>[B] (+0) +0.558479532<x52>[B] (+0) +0.558479532<x53>[B] (+0) +0.558479532<x54>[B] (+0) +0.558479532<x55>[B] (+0) -0.558479532<x56>[B] (+0) -0.558479532<x57>[B] (+0) -0.558479532<x58>[B] (+0) -0.558479532<x59>[B] (+0) +0.558479532<x60>[B] (+0) +0.558479532<x61>[B] (+0) -0.558479532<x62>[B] (+0) +0.558479532<x63>[B] (+0) +0.558479532<x64>[B] (+0) +0.558479532<x65>[B] (+0) +0.558479532<x66>[B] (+0) +0.558479532<x67>[B] (+1) +0.558479532<x68>[B] (+0) +0.558479532<x69>[B] (+1) -0.558479532<x70>[B] (+0) -0.558479532<x71>[B] (+1) -0.558479532<x72>[B] (+1) -0.558479532<x73>[B] (+0) -0.558479532<x74>[B] (+1) +0.558479532<x75>[B] (+0) -0.558479532<x76>[B] (+1) -0.558479532<x77>[B] (+1) +0.558479532<x78>[B] (+0) +0.558479532<x79>[B] (+0) +0.558479532<x80>[B] (+0) +0.558479532<x81>[B] (+0) +0.558479532<x82>[B] (+0) -0.558479532<x83>[B] (+0) -0.558479532<x84>[B] (+0) -0.558479532<x85>[B] (+0) -0.558479532<x86>[B] (+0) -0.558479532<x87>[B] (+0) +0.558479532<x88>[B] (+0) -0.558479532<x89>[B] (+0) -0.558479532<x90>[B] (+0) +0.558479532<x91>[B] (+0) +0.558479532<x92>[B] (+0) +0.558479532<x93>[B] (+0) -0.558479532<x94>[B] (+1) -0.558479532<x95>[B] (+1) -0.558479532<x96>[B] (+1) -0.558479532<x97>[B] (+1) -0.558479532<x98>[B] (+1) -0.558479532<x99>[B] (+1) +0.558479532<x100>[B] (+1) -0.558479532<x101>[B] (+1) -0.558479532<x102>[B] (+1) +0.558479532<x103>[B] (+1) +0.558479532<x104>[B] (+0) +0.558479532<x105>[B] (+1) -0.558479532<x106>[B] (+0) -0.558479532<x107>[B] (+1) -0.558479532<x108>[B] (+1) -0.558479532<x109>[B] (+0) -0.558479532<x110>[B] (+0) +0.558479532<x111>[B] (+0) -0.558479532<x112>[B] (+1) -0.558479532<x113>[B] (+1) +0.558479532<x114>[B] (+0) +0.558479532<x115>[B] (+0) +0.558479532<x116>[B] (+0) -0.558479532<x117>[B] (+1) +0.558479532<x118>[B] (+1) -0.558479532<x119>[B] (+0) +0.558479532<x120>[B] (+1) +0.558479532<x121>[B] (+0) +0.558479532<x122>[B] (+1) +0.558479532<x123>[B] (+1) +0.558479532<x124>[B] (+0) +0.558479532<x125>[B] (+0) +0.558479532<x126>[B] (+0) +0.558479532<x127>[B] (+1) -0.558479532<x128>[B] (+0) +0.558479532<x129>[B] (+0) +0.558479532<x130>[B] (+0) +0.558479532<x131>[B] (+1) +0.558479532<x132>[B] (+1) +0.558479532<x133>[B] (+0) +0.558479532<x134>[B] (+0) +0.558479532<x135>[B] (+0) -0.558479532<x136>[B] (+0) +0.558479532<x137>[B] (+0) +0.558479532<x138>[B] (+0) -0.558479532<x139>[B] (+1) +0.558479532<x140>[B] (+0) +0.558479532<x141>[B] (+0) +0.558479532<x142>[B] (+0) +0.558479532<x143>[B] (+0) +0.558479532<x144>[B] (+1) +0.558479532<x145>[B] (+1) +0.558479532<x146>[B] (+1) +0.558479532<x147>[B] (+1) +0.558479532<x148>[B] (+1) +0.558479532<x149>[B] (+0) +0.558479532<x150>[B] (+1) +0.558479532<x151>[B] (+0) -0.558479532<x152>[B] (+1) -0.558479532<x153>[B] (+1) +0.558479532<x154>[B] (+0) +0.558479532<x155>[B] (+0) +0.558479532<x156>[B] (+0) -0.558479532<x157>[B] (+1) -0.558479532<x158>[B] (+1) -0.558479532<x159>[B] (+0) +0.558479532<x160>[B] (+0) +0.558479532<x161>[B] (+0) +0.558479532<x162>[B] (+0) +0.558479532<x163>[B] (+0) +0.558479532<x164>[B] (+0) +0.558479532<x165>[B] (+0) +0.558479532<x166>[B] (+0) +0.558479532<x167>[B] (+0) +0.558479532<x168>[B] (+0) +0.558479532<x169>[B] (+3.05533376e-13) +0.558479532<x170>[B] (+1) +0.558479532<x171>[B] (+1) >= 23.0380116959064;
;
violation: left hand side is violated by 0.029239766081897
  [linear] <c2026>: <x175>[C] (+28.0467836) +0.558479532<x1>[B] (+1) -0.558479532<x2>[B] (+0) -0.558479532<x3>[B] (+1) -0.558479532<x4>[B] (+0) -0.558479532<x5>[B] (+1) -0.558479532<x6>[B] (+0) -0.558479532<x7>[B] (+0) -0.558479532<x8>[B] (+0) -0.558479532<x9>[B] (+0) -0.558479532<x10>[B] (+0) -0.558479532<x11>[B] (+0) -0.558479532<x12>[B] (+0) +0.558479532<x13>[B] (+0) -0.558479532<x14>[B] (+1) -0.558479532<x15>[B] (+0) +0.558479532<x16>[B] (+0) +0.558479532<x17>[B] (+0) +0.558479532<x18>[B] (+0) -0.558479532<x19>[B] (+0) -0.558479532<x20>[B] (+0) -0.558479532<x21>[B] (+0) -0.558479532<x22>[B] (+0) -0.558479532<x23>[B] (+0) -0.558479532<x24>[B] (+0) -0.558479532<x25>[B] (+0) -0.558479532<x26>[B] (+0) -0.558479532<x27>[B] (+0) -0.558479532<x28>[B] (+0) -0.558479532<x29>[B] (+0) -0.558479532<x30>[B] (+0) -0.558479532<x31>[B] (+0) -0.558479532<x32>[B] (+0) -0.558479532<x33>[B] (+0) -0.558479532<x34>[B] (+0) -0.558479532<x35>[B] (+0) -0.558479532<x36>[B] (+1) +0.558479532<x37>[B] (+0) +0.558479532<x38>[B] (+1) +0.558479532<x39>[B] (+0) +0.558479532<x40>[B] (+0) -0.558479532<x41>[B] (+0) -0.558479532<x42>[B] (+0) -0.558479532<x43>[B] (+1) -0.558479532<x44>[B] (+0) -0.558479532<x45>[B] (+0) +0.558479532<x46>[B] (+0) -0.558479532<x47>[B] (+1) -0.558479532<x48>[B] (+1) +0.558479532<x49>[B] (+0) +0.558479532<x50>[B] (+0) +0.558479532<x51>[B] (+0) +0.558479532<x52>[B] (+0) +0.558479532<x53>[B] (+0) +0.558479532<x54>[B] (+0) +0.558479532<x55>[B] (+0) -0.558479532<x56>[B] (+0) -0.558479532<x57>[B] (+0) -0.558479532<x58>[B] (+0) -0.558479532<x59>[B] (+0) +0.558479532<x60>[B] (+0) +0.558479532<x61>[B] (+0) -0.558479532<x62>[B] (+0) +0.558479532<x63>[B] (+0) +0.558479532<x64>[B] (+0) +0.558479532<x65>[B] (+0) +0.558479532<x66>[B] (+0) +0.558479532<x67>[B] (+1) +0.558479532<x68>[B] (+0) +0.558479532<x69>[B] (+1) -0.558479532<x70>[B] (+0) -0.558479532<x71>[B] (+1) -0.558479532<x72>[B] (+1) -0.558479532<x73>[B] (+0) -0.558479532<x74>[B] (+1) +0.558479532<x75>[B] (+0) -0.558479532<x76>[B] (+1) -0.558479532<x77>[B] (+1) +0.558479532<x78>[B] (+0) +0.558479532<x79>[B] (+0) +0.558479532<x80>[B] (+0) +0.558479532<x81>[B] (+0) +0.558479532<x82>[B] (+0) -0.558479532<x83>[B] (+0) -0.558479532<x84>[B] (+0) -0.558479532<x85>[B] (+0) -0.558479532<x86>[B] (+0) -0.558479532<x87>[B] (+0) +0.558479532<x88>[B] (+0) -0.558479532<x89>[B] (+1) -0.558479532<x90>[B] (+0) +0.558479532<x91>[B] (+0) +0.558479532<x92>[B] (+0) +0.558479532<x93>[B] (+0) -0.558479532<x94>[B] (+1) -0.558479532<x95>[B] (+1) -0.558479532<x96>[B] (+1) -0.558479532<x97>[B] (+1) -0.558479532<x98>[B] (+1) -0.558479532<x99>[B] (+1) +0.558479532<x100>[B] (+1) -0.558479532<x101>[B] (+1) -0.558479532<x102>[B] (+1) +0.558479532<x103>[B] (+1) +0.558479532<x104>[B] (+0) +0.558479532<x105>[B] (+1) -0.558479532<x106>[B] (+0) -0.558479532<x107>[B] (+1) -0.558479532<x108>[B] (+1) -0.558479532<x109>[B] (+0) -0.558479532<x110>[B] (+0) +0.558479532<x111>[B] (+0) -0.558479532<x112>[B] (+1) -0.558479532<x113>[B] (+1) +0.558479532<x114>[B] (+0) +0.558479532<x115>[B] (+0) +0.558479532<x116>[B] (+0) -0.558479532<x117>[B] (+1) +0.558479532<x118>[B] (+1) -0.558479532<x119>[B] (+0) +0.558479532<x120>[B] (+1) +0.558479532<x121>[B] (+0) +0.558479532<x122>[B] (+1) +0.558479532<x123>[B] (+1) +0.558479532<x124>[B] (+0) +0.558479532<x125>[B] (+0) +0.558479532<x126>[B] (+0) +0.558479532<x127>[B] (+1) -0.558479532<x128>[B] (+0) +0.558479532<x129>[B] (+0) +0.558479532<x130>[B] (+0) +0.558479532<x131>[B] (+1) +0.558479532<x132>[B] (+1) +0.558479532<x133>[B] (+0) +0.558479532<x134>[B] (+0) +0.558479532<x135>[B] (+0) -0.558479532<x136>[B] (+0) +0.558479532<x137>[B] (+0) +0.558479532<x138>[B] (+0) -0.558479532<x139>[B] (+1) +0.558479532<x140>[B] (+0) +0.558479532<x141>[B] (+0) +0.558479532<x142>[B] (+0) +0.558479532<x143>[B] (+0) +0.558479532<x144>[B] (+1) +0.558479532<x145>[B] (+1) +0.558479532<x146>[B] (+1) +0.558479532<x147>[B] (+1) +0.558479532<x148>[B] (+1) +0.558479532<x149>[B] (+0) +0.558479532<x150>[B] (+1) +0.558479532<x151>[B] (+0) -0.558479532<x152>[B] (+1) -0.558479532<x153>[B] (+1) +0.558479532<x154>[B] (+0) +0.558479532<x155>[B] (+0) +0.558479532<x156>[B] (+0) -0.558479532<x157>[B] (+1) -0.558479532<x158>[B] (+1) -0.558479532<x159>[B] (+0) +0.558479532<x160>[B] (+0) +0.558479532<x161>[B] (+0) +0.558479532<x162>[B] (+0) +0.558479532<x163>[B] (+0) +0.558479532<x164>[B] (+0) +0.558479532<x165>[B] (+0) +0.558479532<x166>[B] (+0) +0.558479532<x167>[B] (+0) +0.558479532<x168>[B] (+0) +0.558479532<x169>[B] (+0) +0.558479532<x170>[B] (+1) +0.558479532<x171>[B] (+1) >= 23.0380116959064;
;
violation: left hand side is violated by 0.0175438596491837
  [linear] <c2027>: <x176>[C] (+20.6140351) +0.48245614<x1>[B] (+1) +0.48245614<x2>[B] (+0) +0.48245614<x3>[B] (+1) +0.48245614<x4>[B] (+0) +0.48245614<x5>[B] (+1) +0.48245614<x6>[B] (+0) +0.48245614<x7>[B] (+0) -0.48245614<x8>[B] (+0) +0.48245614<x9>[B] (+0) +0.48245614<x10>[B] (+0) +0.48245614<x11>[B] (+0) +0.48245614<x12>[B] (+0) +0.48245614<x13>[B] (+0) +0.48245614<x14>[B] (+1) +0.48245614<x15>[B] (+0) +0.48245614<x16>[B] (+0) +0.48245614<x17>[B] (+0) +0.48245614<x18>[B] (+0) +0.48245614<x19>[B] (+0) -0.48245614<x20>[B] (+0) +0.48245614<x21>[B] (+0) +0.48245614<x22>[B] (+0) -0.48245614<x23>[B] (+0) +0.48245614<x24>[B] (+0) -0.48245614<x25>[B] (+0) +0.48245614<x26>[B] (+0) -0.48245614<x27>[B] (+0) -0.48245614<x28>[B] (+0) -0.48245614<x29>[B] (+0) -0.48245614<x30>[B] (+0) +0.48245614<x31>[B] (+0) +0.48245614<x32>[B] (+0) +0.48245614<x33>[B] (+0) +0.48245614<x34>[B] (+0) +0.48245614<x35>[B] (+0) -0.48245614<x36>[B] (+1) +0.48245614<x37>[B] (+0) +0.48245614<x38>[B] (+1) -0.48245614<x39>[B] (+0) -0.48245614<x40>[B] (+0) -0.48245614<x41>[B] (+0) +0.48245614<x42>[B] (+0) -0.48245614<x43>[B] (+1) -0.48245614<x44>[B] (+0) -0.48245614<x45>[B] (+0) -0.48245614<x46>[B] (+0) +0.48245614<x47>[B] (+1) +0.48245614<x48>[B] (+1) -0.48245614<x49>[B] (+0) -0.48245614<x50>[B] (+0) -0.48245614<x51>[B] (+0) +0.48245614<x52>[B] (+0) +0.48245614<x53>[B] (+0) +0.48245614<x54>[B] (+0) +0.48245614<x55>[B] (+0) -0.48245614<x56>[B] (+0) +0.48245614<x57>[B] (+0) -0.48245614<x58>[B] (+0) +0.48245614<x59>[B] (+0) +0.48245614<x60>[B] (+0) +0.48245614<x61>[B] (+0) +0.48245614<x62>[B] (+0) +0.48245614<x63>[B] (+0) +0.48245614<x64>[B] (+0) +0.48245614<x65>[B] (+0) +0.48245614<x66>[B] (+0) -0.48245614<x67>[B] (+1) -0.48245614<x68>[B] (+0) -0.48245614<x69>[B] (+1) -0.48245614<x70>[B] (+0) +0.48245614<x71>[B] (+1) -0.48245614<x72>[B] (+1) -0.48245614<x73>[B] (+0) -0.48245614<x74>[B] (+1) -0.48245614<x75>[B] (+0) -0.48245614<x76>[B] (+1) -0.48245614<x77>[B] (+1) -0.48245614<x78>[B] (+0) -0.48245614<x79>[B] (+0) -0.48245614<x80>[B] (+0) -0.48245614<x81>[B] (+0) -0.48245614<x82>[B] (+0) -0.48245614<x83>[B] (+0) +0.48245614<x84>[B] (+0) -0.48245614<x85>[B] (+0) -0.48245614<x86>[B] (+0) -0.48245614<x87>[B] (+0) -0.48245614<x88>[B] (+0) -0.48245614<x89>[B] (+0) -0.48245614<x90>[B] (+0) -0.48245614<x91>[B] (+0) -0.48245614<x92>[B] (+0) -0.48245614<x93>[B] (+0) +0.48245614<x94>[B] (+1) -0.48245614<x95>[B] (+1) +0.48245614<x96>[B] (+1) -0.48245614<x97>[B] (+1) -0.48245614<x98>[B] (+1) -0.48245614<x99>[B] (+1) +0.48245614<x100>[B] (+1) +0.48245614<x101>[B] (+1) +0.48245614<x102>[B] (+1) +0.48245614<x103>[B] (+1) +0.48245614<x104>[B] (+0) +0.48245614<x105>[B] (+1) -0.48245614<x106>[B] (+0) +0.48245614<x107>[B] (+1) -0.48245614<x108>[B] (+1) -0.48245614<x109>[B] (+0) -0.48245614<x110>[B] (+0) -0.48245614<x111>[B] (+0) +0.48245614<x112>[B] (+1) +0.48245614<x113>[B] (+1) +0.48245614<x114>[B] (+0) +0.48245614<x115>[B] (+0) +0.48245614<x116>[B] (+0) +0.48245614<x117>[B] (+1) +0.48245614<x118>[B] (+1) +0.48245614<x119>[B] (+0) +0.48245614<x120>[B] (+1) +0.48245614<x121>[B] (+0) +0.48245614<x122>[B] (+1) +0.48245614<x123>[B] (+1) +0.48245614<x124>[B] (+0) +0.48245614<x125>[B] (+0) +0.48245614<x126>[B] (+0) -0.48245614<x127>[B] (+1) -0.48245614<x128>[B] (+0) -0.48245614<x129>[B] (+0) -0.48245614<x130>[B] (+0) -0.48245614<x131>[B] (+1) -0.48245614<x132>[B] (+1) -0.48245614<x133>[B] (+0) -0.48245614<x134>[B] (+0) -0.48245614<x135>[B] (+0) +0.48245614<x136>[B] (+0) +0.48245614<x137>[B] (+0) +0.48245614<x138>[B] (+0) +0.48245614<x139>[B] (+1) +0.48245614<x140>[B] (+0) +0.48245614<x141>[B] (+0) +0.48245614<x142>[B] (+0) +0.48245614<x143>[B] (+0) -0.48245614<x144>[B] (+1) +0.48245614<x145>[B] (+1) +0.48245614<x146>[B] (+1) +0.48245614<x147>[B] (+1) +0.48245614<x148>[B] (+0) +0.48245614<x149>[B] (+0) +0.48245614<x150>[B] (+0) +0.48245614<x151>[B] (+0) +0.48245614<x152>[B] (+1) +0.48245614<x153>[B] (+1) +0.48245614<x154>[B] (+0) +0.48245614<x155>[B] (+0) +0.48245614<x156>[B] (+0) +0.48245614<x157>[B] (+1) +0.48245614<x158>[B] (+1) +0.48245614<x159>[B] (+0) +0.48245614<x160>[B] (+0) +0.48245614<x161>[B] (+0) -0.48245614<x162>[B] (+0) -0.48245614<x163>[B] (+0) -0.48245614<x164>[B] (+0) -0.48245614<x165>[B] (+0) -0.48245614<x166>[B] (+0) -0.48245614<x167>[B] (+0) -0.48245614<x168>[B] (+0) -0.48245614<x169>[B] (+0) -0.48245614<x170>[B] (+1) -0.48245614<x171>[B] (+1) >= 26.4152046783626;
;
violation: left hand side is violated by 0.011695906432756
  [linear] <c2027>: <x176>[C] (+20.6140351) +0.48245614<x1>[B] (+1) +0.48245614<x2>[B] (+0) +0.48245614<x3>[B] (+1) +0.48245614<x4>[B] (+0) +0.48245614<x5>[B] (+1) +0.48245614<x6>[B] (+0) +0.48245614<x7>[B] (+0) -0.48245614<x8>[B] (+0) +0.48245614<x9>[B] (+0) +0.48245614<x10>[B] (+0) +0.48245614<x11>[B] (+0) +0.48245614<x12>[B] (+0) +0.48245614<x13>[B] (+0) +0.48245614<x14>[B] (+1) +0.48245614<x15>[B] (+0) +0.48245614<x16>[B] (+0) +0.48245614<x17>[B] (+0) +0.48245614<x18>[B] (+0) +0.48245614<x19>[B] (+0) -0.48245614<x20>[B] (+0) +0.48245614<x21>[B] (+0) +0.48245614<x22>[B] (+0) -0.48245614<x23>[B] (+0) +0.48245614<x24>[B] (+0) -0.48245614<x25>[B] (+0) +0.48245614<x26>[B] (+0) -0.48245614<x27>[B] (+0) -0.48245614<x28>[B] (+0) -0.48245614<x29>[B] (+0) -0.48245614<x30>[B] (+0) +0.48245614<x31>[B] (+0) +0.48245614<x32>[B] (+0) +0.48245614<x33>[B] (+0) +0.48245614<x34>[B] (+0) +0.48245614<x35>[B] (+0) -0.48245614<x36>[B] (+1) +0.48245614<x37>[B] (+0) +0.48245614<x38>[B] (+1) -0.48245614<x39>[B] (+0) -0.48245614<x40>[B] (+0) -0.48245614<x41>[B] (+0) +0.48245614<x42>[B] (+0) -0.48245614<x43>[B] (+1) -0.48245614<x44>[B] (+0) -0.48245614<x45>[B] (+0) -0.48245614<x46>[B] (+0) +0.48245614<x47>[B] (+1) +0.48245614<x48>[B] (+1) -0.48245614<x49>[B] (+0) -0.48245614<x50>[B] (+0) -0.48245614<x51>[B] (+0) +0.48245614<x52>[B] (+0) +0.48245614<x53>[B] (+0) +0.48245614<x54>[B] (+0) +0.48245614<x55>[B] (+0) -0.48245614<x56>[B] (+0) +0.48245614<x57>[B] (+0) -0.48245614<x58>[B] (+0) +0.48245614<x59>[B] (+0) +0.48245614<x60>[B] (+0) +0.48245614<x61>[B] (+0) +0.48245614<x62>[B] (+0) +0.48245614<x63>[B] (+0) +0.48245614<x64>[B] (+0) +0.48245614<x65>[B] (+0) +0.48245614<x66>[B] (+0) -0.48245614<x67>[B] (+1) -0.48245614<x68>[B] (+0) -0.48245614<x69>[B] (+1) -0.48245614<x70>[B] (+0) +0.48245614<x71>[B] (+1) -0.48245614<x72>[B] (+1) -0.48245614<x73>[B] (+0) -0.48245614<x74>[B] (+1) -0.48245614<x75>[B] (+0) -0.48245614<x76>[B] (+1) -0.48245614<x77>[B] (+1) -0.48245614<x78>[B] (+0) -0.48245614<x79>[B] (+0) -0.48245614<x80>[B] (+0) -0.48245614<x81>[B] (+0) -0.48245614<x82>[B] (+0) -0.48245614<x83>[B] (+0) +0.48245614<x84>[B] (+0) -0.48245614<x85>[B] (+0) -0.48245614<x86>[B] (+0) -0.48245614<x87>[B] (+0) -0.48245614<x88>[B] (+0) -0.48245614<x89>[B] (+0) -0.48245614<x90>[B] (+0) -0.48245614<x91>[B] (+0) -0.48245614<x92>[B] (+0) -0.48245614<x93>[B] (+0) +0.48245614<x94>[B] (+1) -0.48245614<x95>[B] (+1) +0.48245614<x96>[B] (+1) -0.48245614<x97>[B] (+1) -0.48245614<x98>[B] (+1) -0.48245614<x99>[B] (+1) +0.48245614<x100>[B] (+1) +0.48245614<x101>[B] (+1) +0.48245614<x102>[B] (+1) +0.48245614<x103>[B] (+1) +0.48245614<x104>[B] (+0) +0.48245614<x105>[B] (+1) -0.48245614<x106>[B] (+0) +0.48245614<x107>[B] (+1) -0.48245614<x108>[B] (+1) -0.48245614<x109>[B] (+0) -0.48245614<x110>[B] (+0) -0.48245614<x111>[B] (+0) +0.48245614<x112>[B] (+1) +0.48245614<x113>[B] (+1) +0.48245614<x114>[B] (+0) +0.48245614<x115>[B] (+0) +0.48245614<x116>[B] (+0) +0.48245614<x117>[B] (+1) +0.48245614<x118>[B] (+1) +0.48245614<x119>[B] (+0) +0.48245614<x120>[B] (+1) +0.48245614<x121>[B] (+0) +0.48245614<x122>[B] (+1) +0.48245614<x123>[B] (+1) +0.48245614<x124>[B] (+0) +0.48245614<x125>[B] (+0) +0.48245614<x126>[B] (+0) -0.48245614<x127>[B] (+1) -0.48245614<x128>[B] (+0) -0.48245614<x129>[B] (+0) -0.48245614<x130>[B] (+0) -0.48245614<x131>[B] (+1) -0.48245614<x132>[B] (+1) -0.48245614<x133>[B] (+0) -0.48245614<x134>[B] (+0) -0.48245614<x135>[B] (+0) +0.48245614<x136>[B] (+0) +0.48245614<x137>[B] (+0) +0.48245614<x138>[B] (+0) +0.48245614<x139>[B] (+1) +0.48245614<x140>[B] (+0) +0.48245614<x141>[B] (+0) +0.48245614<x142>[B] (+0) +0.48245614<x143>[B] (+0) -0.48245614<x144>[B] (+1) +0.48245614<x145>[B] (+1) +0.48245614<x146>[B] (+1) +0.48245614<x147>[B] (+1) +0.48245614<x148>[B] (+0) +0.48245614<x149>[B] (+0) +0.48245614<x150>[B] (+0) +0.48245614<x151>[B] (+0) +0.48245614<x152>[B] (+1) +0.48245614<x153>[B] (+1) +0.48245614<x154>[B] (+0) +0.48245614<x155>[B] (+0) +0.48245614<x156>[B] (+0) +0.48245614<x157>[B] (+1) +0.48245614<x158>[B] (+1) +0.48245614<x159>[B] (+0) +0.48245614<x160>[B] (+0) +0.48245614<x161>[B] (+0) -0.48245614<x162>[B] (+0) -0.48245614<x163>[B] (+0) -0.48245614<x164>[B] (+0) -0.48245614<x165>[B] (+0) -0.48245614<x166>[B] (+0) -0.48245614<x167>[B] (+0) -0.48245614<x168>[B] (+0) -0.48245614<x169>[B] (+1.5187851e-12) -0.48245614<x170>[B] (+1) -0.48245614<x171>[B] (+1) >= 26.4152046783626;
;
violation: left hand side is violated by 0.0116959064327133
  [linear] <c2027>: <x176>[C] (+20.6140351) +0.48245614<x1>[B] (+1) +0.48245614<x2>[B] (+0) +0.48245614<x3>[B] (+1) +0.48245614<x4>[B] (+0) +0.48245614<x5>[B] (+1) +0.48245614<x6>[B] (+0) +0.48245614<x7>[B] (+0) -0.48245614<x8>[B] (+0) +0.48245614<x9>[B] (+0) +0.48245614<x10>[B] (+0) +0.48245614<x11>[B] (+0) +0.48245614<x12>[B] (+0) +0.48245614<x13>[B] (+0) +0.48245614<x14>[B] (+1) +0.48245614<x15>[B] (+0) +0.48245614<x16>[B] (+0) +0.48245614<x17>[B] (+0) +0.48245614<x18>[B] (+0) +0.48245614<x19>[B] (+0) -0.48245614<x20>[B] (+0) +0.48245614<x21>[B] (+0) +0.48245614<x22>[B] (+0) -0.48245614<x23>[B] (+0) +0.48245614<x24>[B] (+0) -0.48245614<x25>[B] (+0) +0.48245614<x26>[B] (+0) -0.48245614<x27>[B] (+0) -0.48245614<x28>[B] (+0) -0.48245614<x29>[B] (+0) -0.48245614<x30>[B] (+0) +0.48245614<x31>[B] (+0) +0.48245614<x32>[B] (+0) +0.48245614<x33>[B] (+0) +0.48245614<x34>[B] (+0) +0.48245614<x35>[B] (+0) -0.48245614<x36>[B] (+1) +0.48245614<x37>[B] (+0) +0.48245614<x38>[B] (+1) -0.48245614<x39>[B] (+0) -0.48245614<x40>[B] (+0) -0.48245614<x41>[B] (+0) +0.48245614<x42>[B] (+0) -0.48245614<x43>[B] (+1) -0.48245614<x44>[B] (+0) -0.48245614<x45>[B] (+0) -0.48245614<x46>[B] (+0) +0.48245614<x47>[B] (+1) +0.48245614<x48>[B] (+1) -0.48245614<x49>[B] (+0) -0.48245614<x50>[B] (+0) -0.48245614<x51>[B] (+0) +0.48245614<x52>[B] (+0) +0.48245614<x53>[B] (+0) +0.48245614<x54>[B] (+0) +0.48245614<x55>[B] (+0) -0.48245614<x56>[B] (+0) +0.48245614<x57>[B] (+0) -0.48245614<x58>[B] (+0) +0.48245614<x59>[B] (+0) +0.48245614<x60>[B] (+0) +0.48245614<x61>[B] (+0) +0.48245614<x62>[B] (+0) +0.48245614<x63>[B] (+0) +0.48245614<x64>[B] (+0) +0.48245614<x65>[B] (+0) +0.48245614<x66>[B] (+0) -0.48245614<x67>[B] (+1) -0.48245614<x68>[B] (+0) -0.48245614<x69>[B] (+1) -0.48245614<x70>[B] (+0) +0.48245614<x71>[B] (+1) -0.48245614<x72>[B] (+1) -0.48245614<x73>[B] (+0) -0.48245614<x74>[B] (+1) -0.48245614<x75>[B] (+0) -0.48245614<x76>[B] (+1) -0.48245614<x77>[B] (+1) -0.48245614<x78>[B] (+0) -0.48245614<x79>[B] (+0) -0.48245614<x80>[B] (+0) -0.48245614<x81>[B] (+0) -0.48245614<x82>[B] (+0) -0.48245614<x83>[B] (+0) +0.48245614<x84>[B] (+0) -0.48245614<x85>[B] (+0) -0.48245614<x86>[B] (+0) -0.48245614<x87>[B] (+0) -0.48245614<x88>[B] (+0) -0.48245614<x89>[B] (+0) -0.48245614<x90>[B] (+0) -0.48245614<x91>[B] (+0) -0.48245614<x92>[B] (+0) -0.48245614<x93>[B] (+0) +0.48245614<x94>[B] (+1) -0.48245614<x95>[B] (+1) +0.48245614<x96>[B] (+1) -0.48245614<x97>[B] (+1) -0.48245614<x98>[B] (+1) -0.48245614<x99>[B] (+1) +0.48245614<x100>[B] (+1) +0.48245614<x101>[B] (+1) +0.48245614<x102>[B] (+1) +0.48245614<x103>[B] (+1) +0.48245614<x104>[B] (+0) +0.48245614<x105>[B] (+1) -0.48245614<x106>[B] (+0) +0.48245614<x107>[B] (+1) -0.48245614<x108>[B] (+1) -0.48245614<x109>[B] (+0) -0.48245614<x110>[B] (+0) -0.48245614<x111>[B] (+0) +0.48245614<x112>[B] (+1) +0.48245614<x113>[B] (+1) +0.48245614<x114>[B] (+0) +0.48245614<x115>[B] (+0) +0.48245614<x116>[B] (+0) +0.48245614<x117>[B] (+1) +0.48245614<x118>[B] (+1) +0.48245614<x119>[B] (+0) +0.48245614<x120>[B] (+1) +0.48245614<x121>[B] (+0) +0.48245614<x122>[B] (+1) +0.48245614<x123>[B] (+1) +0.48245614<x124>[B] (+0) +0.48245614<x125>[B] (+0) +0.48245614<x126>[B] (+0) -0.48245614<x127>[B] (+1) -0.48245614<x128>[B] (+0) -0.48245614<x129>[B] (+0) -0.48245614<x130>[B] (+0) -0.48245614<x131>[B] (+1) -0.48245614<x132>[B] (+1) -0.48245614<x133>[B] (+0) -0.48245614<x134>[B] (+0) -0.48245614<x135>[B] (+0) +0.48245614<x136>[B] (+0) +0.48245614<x137>[B] (+0) +0.48245614<x138>[B] (+0) +0.48245614<x139>[B] (+1) +0.48245614<x140>[B] (+0) +0.48245614<x141>[B] (+0) +0.48245614<x142>[B] (+0) +0.48245614<x143>[B] (+0) -0.48245614<x144>[B] (+1) +0.48245614<x145>[B] (+1) +0.48245614<x146>[B] (+1) +0.48245614<x147>[B] (+1) +0.48245614<x148>[B] (+0) +0.48245614<x149>[B] (+0) +0.48245614<x150>[B] (+0) +0.48245614<x151>[B] (+0) +0.48245614<x152>[B] (+1) +0.48245614<x153>[B] (+1) +0.48245614<x154>[B] (+0) +0.48245614<x155>[B] (+0) +0.48245614<x156>[B] (+0) +0.48245614<x157>[B] (+1) +0.48245614<x158>[B] (+1) +0.48245614<x159>[B] (+0) +0.48245614<x160>[B] (+0) +0.48245614<x161>[B] (+0) -0.48245614<x162>[B] (+0) -0.48245614<x163>[B] (+0) -0.48245614<x164>[B] (+0) -0.48245614<x165>[B] (+0) -0.48245614<x166>[B] (+0) -0.48245614<x167>[B] (+0) -0.48245614<x168>[B] (+0) -0.48245614<x169>[B] (+0) -0.48245614<x170>[B] (+1) -0.48245614<x171>[B] (+1) >= 26.4152046783626;
;
violation: left hand side is violated by 0.0116959064327489
  [linear] <c2027>: <x176>[C] (+20.6140351) +0.48245614<x1>[B] (+1) +0.48245614<x2>[B] (+0) +0.48245614<x3>[B] (+1) +0.48245614<x4>[B] (+0) +0.48245614<x5>[B] (+1) +0.48245614<x6>[B] (+0) +0.48245614<x7>[B] (+0) -0.48245614<x8>[B] (+0) +0.48245614<x9>[B] (+0) +0.48245614<x10>[B] (+0) +0.48245614<x11>[B] (+0) +0.48245614<x12>[B] (+0) +0.48245614<x13>[B] (+0) +0.48245614<x14>[B] (+1) +0.48245614<x15>[B] (+0) +0.48245614<x16>[B] (+0) +0.48245614<x17>[B] (+0) +0.48245614<x18>[B] (+0) +0.48245614<x19>[B] (+0) -0.48245614<x20>[B] (+0) +0.48245614<x21>[B] (+0) +0.48245614<x22>[B] (+0) -0.48245614<x23>[B] (+0) +0.48245614<x24>[B] (+0) -0.48245614<x25>[B] (+0) +0.48245614<x26>[B] (+0) -0.48245614<x27>[B] (+0) -0.48245614<x28>[B] (+0) -0.48245614<x29>[B] (+0) -0.48245614<x30>[B] (+0) +0.48245614<x31>[B] (+0) +0.48245614<x32>[B] (+0) +0.48245614<x33>[B] (+0) +0.48245614<x34>[B] (+0) +0.48245614<x35>[B] (+0) -0.48245614<x36>[B] (+1) +0.48245614<x37>[B] (+0) +0.48245614<x38>[B] (+1) -0.48245614<x39>[B] (+0) -0.48245614<x40>[B] (+0) -0.48245614<x41>[B] (+0) +0.48245614<x42>[B] (+0) -0.48245614<x43>[B] (+1) -0.48245614<x44>[B] (+0) -0.48245614<x45>[B] (+0) -0.48245614<x46>[B] (+0) +0.48245614<x47>[B] (+1) +0.48245614<x48>[B] (+1) -0.48245614<x49>[B] (+0) -0.48245614<x50>[B] (+0) -0.48245614<x51>[B] (+0) +0.48245614<x52>[B] (+0) +0.48245614<x53>[B] (+0) +0.48245614<x54>[B] (+0) +0.48245614<x55>[B] (+0) -0.48245614<x56>[B] (+0) +0.48245614<x57>[B] (+0) -0.48245614<x58>[B] (+0) +0.48245614<x59>[B] (+0) +0.48245614<x60>[B] (+0) +0.48245614<x61>[B] (+0) +0.48245614<x62>[B] (+0) +0.48245614<x63>[B] (+0) +0.48245614<x64>[B] (+0) +0.48245614<x65>[B] (+0) +0.48245614<x66>[B] (+0) -0.48245614<x67>[B] (+1) -0.48245614<x68>[B] (+0) -0.48245614<x69>[B] (+1) -0.48245614<x70>[B] (+0) +0.48245614<x71>[B] (+1) -0.48245614<x72>[B] (+1) -0.48245614<x73>[B] (+0) -0.48245614<x74>[B] (+1) -0.48245614<x75>[B] (+0) -0.48245614<x76>[B] (+1) -0.48245614<x77>[B] (+1) -0.48245614<x78>[B] (+0) -0.48245614<x79>[B] (+0) -0.48245614<x80>[B] (+0) -0.48245614<x81>[B] (+0) -0.48245614<x82>[B] (+0) -0.48245614<x83>[B] (+0) +0.48245614<x84>[B] (+0) -0.48245614<x85>[B] (+0) -0.48245614<x86>[B] (+0) -0.48245614<x87>[B] (+0) -0.48245614<x88>[B] (+0) -0.48245614<x89>[B] (+0) -0.48245614<x90>[B] (+0) -0.48245614<x91>[B] (+0) -0.48245614<x92>[B] (+0) -0.48245614<x93>[B] (+0) +0.48245614<x94>[B] (+1) -0.48245614<x95>[B] (+1) +0.48245614<x96>[B] (+1) -0.48245614<x97>[B] (+1) -0.48245614<x98>[B] (+1) -0.48245614<x99>[B] (+1) +0.48245614<x100>[B] (+1) +0.48245614<x101>[B] (+1) +0.48245614<x102>[B] (+1) +0.48245614<x103>[B] (+1) +0.48245614<x104>[B] (+0) +0.48245614<x105>[B] (+1) -0.48245614<x106>[B] (+0) +0.48245614<x107>[B] (+1) -0.48245614<x108>[B] (+1) -0.48245614<x109>[B] (+0) -0.48245614<x110>[B] (+0) -0.48245614<x111>[B] (+0) +0.48245614<x112>[B] (+1) +0.48245614<x113>[B] (+1) +0.48245614<x114>[B] (+0) +0.48245614<x115>[B] (+0) +0.48245614<x116>[B] (+0) +0.48245614<x117>[B] (+1) +0.48245614<x118>[B] (+1) +0.48245614<x119>[B] (+0) +0.48245614<x120>[B] (+1) +0.48245614<x121>[B] (+0) +0.48245614<x122>[B] (+1) +0.48245614<x123>[B] (+1) +0.48245614<x124>[B] (+0) +0.48245614<x125>[B] (+0) +0.48245614<x126>[B] (+0) -0.48245614<x127>[B] (+1) -0.48245614<x128>[B] (+0) -0.48245614<x129>[B] (+0) -0.48245614<x130>[B] (+0) -0.48245614<x131>[B] (+1) -0.48245614<x132>[B] (+1) -0.48245614<x133>[B] (+0) -0.48245614<x134>[B] (+0) -0.48245614<x135>[B] (+0) +0.48245614<x136>[B] (+0) +0.48245614<x137>[B] (+0) +0.48245614<x138>[B] (+0) +0.48245614<x139>[B] (+1) +0.48245614<x140>[B] (+0) +0.48245614<x141>[B] (+0) +0.48245614<x142>[B] (+0) +0.48245614<x143>[B] (+0) -0.48245614<x144>[B] (+1) +0.48245614<x145>[B] (+1) +0.48245614<x146>[B] (+1) +0.48245614<x147>[B] (+1) +0.48245614<x148>[B] (+0) +0.48245614<x149>[B] (+0) +0.48245614<x150>[B] (+0) +0.48245614<x151>[B] (+0) +0.48245614<x152>[B] (+1) +0.48245614<x153>[B] (+1) +0.48245614<x154>[B] (+0) +0.48245614<x155>[B] (+0) +0.48245614<x156>[B] (+0) +0.48245614<x157>[B] (+1) +0.48245614<x158>[B] (+1) +0.48245614<x159>[B] (+0) +0.48245614<x160>[B] (+0) +0.48245614<x161>[B] (+0) -0.48245614<x162>[B] (+0) -0.48245614<x163>[B] (+0) -0.48245614<x164>[B] (+0) -0.48245614<x165>[B] (+0) -0.48245614<x166>[B] (+0) -0.48245614<x167>[B] (+0) -0.48245614<x168>[B] (+0) -0.48245614<x169>[B] (+0) -0.48245614<x170>[B] (+1) -0.48245614<x171>[B] (+1) >= 26.4152046783626;
;
violation: left hand side is violated by 0.0116959064327489
  [linear] <c2027>: <x176>[C] (+20.6140351) +0.48245614<x1>[B] (+1) +0.48245614<x2>[B] (+0) +0.48245614<x3>[B] (+1) +0.48245614<x4>[B] (+0) +0.48245614<x5>[B] (+1) +0.48245614<x6>[B] (+0) +0.48245614<x7>[B] (+0) -0.48245614<x8>[B] (+0) +0.48245614<x9>[B] (+0) +0.48245614<x10>[B] (+0) +0.48245614<x11>[B] (+0) +0.48245614<x12>[B] (+0) +0.48245614<x13>[B] (+0) +0.48245614<x14>[B] (+1) +0.48245614<x15>[B] (+0) +0.48245614<x16>[B] (+0) +0.48245614<x17>[B] (+0) +0.48245614<x18>[B] (+0) +0.48245614<x19>[B] (+0) -0.48245614<x20>[B] (+0) +0.48245614<x21>[B] (+0) +0.48245614<x22>[B] (+0) -0.48245614<x23>[B] (+0) +0.48245614<x24>[B] (+0) -0.48245614<x25>[B] (+0) +0.48245614<x26>[B] (+0) -0.48245614<x27>[B] (+0) -0.48245614<x28>[B] (+0) -0.48245614<x29>[B] (+0) -0.48245614<x30>[B] (+0) +0.48245614<x31>[B] (+0) +0.48245614<x32>[B] (+0) +0.48245614<x33>[B] (+0) +0.48245614<x34>[B] (+0) +0.48245614<x35>[B] (+0) -0.48245614<x36>[B] (+1) +0.48245614<x37>[B] (+0) +0.48245614<x38>[B] (+1) -0.48245614<x39>[B] (+0) -0.48245614<x40>[B] (+0) -0.48245614<x41>[B] (+0) +0.48245614<x42>[B] (+0) -0.48245614<x43>[B] (+1) -0.48245614<x44>[B] (+0) -0.48245614<x45>[B] (+0) -0.48245614<x46>[B] (+0) +0.48245614<x47>[B] (+1) +0.48245614<x48>[B] (+1) -0.48245614<x49>[B] (+0) -0.48245614<x50>[B] (+0) -0.48245614<x51>[B] (+0) +0.48245614<x52>[B] (+0) +0.48245614<x53>[B] (+0) +0.48245614<x54>[B] (+0) +0.48245614<x55>[B] (+0) -0.48245614<x56>[B] (+0) +0.48245614<x57>[B] (+0) -0.48245614<x58>[B] (+0) +0.48245614<x59>[B] (+0) +0.48245614<x60>[B] (+0) +0.48245614<x61>[B] (+0) +0.48245614<x62>[B] (+0) +0.48245614<x63>[B] (+0) +0.48245614<x64>[B] (+0) +0.48245614<x65>[B] (+0) +0.48245614<x66>[B] (+0) -0.48245614<x67>[B] (+1) -0.48245614<x68>[B] (+0) -0.48245614<x69>[B] (+1) -0.48245614<x70>[B] (+0) +0.48245614<x71>[B] (+1) -0.48245614<x72>[B] (+1) -0.48245614<x73>[B] (+0) -0.48245614<x74>[B] (+1) -0.48245614<x75>[B] (+0) -0.48245614<x76>[B] (+1) -0.48245614<x77>[B] (+1) -0.48245614<x78>[B] (+0) -0.48245614<x79>[B] (+0) -0.48245614<x80>[B] (+0) -0.48245614<x81>[B] (+0) -0.48245614<x82>[B] (+0) -0.48245614<x83>[B] (+0) +0.48245614<x84>[B] (+0) -0.48245614<x85>[B] (+0) -0.48245614<x86>[B] (+0) -0.48245614<x87>[B] (+0) -0.48245614<x88>[B] (+0) -0.48245614<x89>[B] (+0) -0.48245614<x90>[B] (+0) -0.48245614<x91>[B] (+0) -0.48245614<x92>[B] (+0) -0.48245614<x93>[B] (+0) +0.48245614<x94>[B] (+1) -0.48245614<x95>[B] (+1) +0.48245614<x96>[B] (+1) -0.48245614<x97>[B] (+1) -0.48245614<x98>[B] (+1) -0.48245614<x99>[B] (+1) +0.48245614<x100>[B] (+1) +0.48245614<x101>[B] (+1) +0.48245614<x102>[B] (+1) +0.48245614<x103>[B] (+1) +0.48245614<x104>[B] (+0) +0.48245614<x105>[B] (+1) -0.48245614<x106>[B] (+0) +0.48245614<x107>[B] (+1) -0.48245614<x108>[B] (+1) -0.48245614<x109>[B] (+0) -0.48245614<x110>[B] (+0) -0.48245614<x111>[B] (+0) +0.48245614<x112>[B] (+1) +0.48245614<x113>[B] (+1) +0.48245614<x114>[B] (+0) +0.48245614<x115>[B] (+0) +0.48245614<x116>[B] (+0) +0.48245614<x117>[B] (+1) +0.48245614<x118>[B] (+1) +0.48245614<x119>[B] (+0) +0.48245614<x120>[B] (+1) +0.48245614<x121>[B] (+0) +0.48245614<x122>[B] (+1) +0.48245614<x123>[B] (+1) +0.48245614<x124>[B] (+0) +0.48245614<x125>[B] (+0) +0.48245614<x126>[B] (+0) -0.48245614<x127>[B] (+1) -0.48245614<x128>[B] (+0) -0.48245614<x129>[B] (+0) -0.48245614<x130>[B] (+0) -0.48245614<x131>[B] (+1) -0.48245614<x132>[B] (+1) -0.48245614<x133>[B] (+0) -0.48245614<x134>[B] (+0) -0.48245614<x135>[B] (+0) +0.48245614<x136>[B] (+0) +0.48245614<x137>[B] (+0) +0.48245614<x138>[B] (+0) +0.48245614<x139>[B] (+1) +0.48245614<x140>[B] (+0) +0.48245614<x141>[B] (+0) +0.48245614<x142>[B] (+0) +0.48245614<x143>[B] (+0) -0.48245614<x144>[B] (+1) +0.48245614<x145>[B] (+1) +0.48245614<x146>[B] (+1) +0.48245614<x147>[B] (+1) +0.48245614<x148>[B] (+0) +0.48245614<x149>[B] (+0) +0.48245614<x150>[B] (+0) +0.48245614<x151>[B] (+0) +0.48245614<x152>[B] (+1) +0.48245614<x153>[B] (+1) +0.48245614<x154>[B] (+0) +0.48245614<x155>[B] (+0) +0.48245614<x156>[B] (+0) +0.48245614<x157>[B] (+1) +0.48245614<x158>[B] (+1) +0.48245614<x159>[B] (+0) +0.48245614<x160>[B] (+0) +0.48245614<x161>[B] (+0) -0.48245614<x162>[B] (+0) -0.48245614<x163>[B] (+0) -0.48245614<x164>[B] (+0) -0.48245614<x165>[B] (+0) -0.48245614<x166>[B] (+0) -0.48245614<x167>[B] (+0) -0.48245614<x168>[B] (+0) -0.48245614<x169>[B] (+0) -0.48245614<x170>[B] (+1) -0.48245614<x171>[B] (+1) >= 26.4152046783626;
;
violation: left hand side is violated by 0.011695906432756
2/10 feasible solutions given by solution candidate storage, new primal bound -1.144771e+03

presolving:
   (0.0s) symmetry computation started: requiring (bin +, int +, cont +), (fixed: bin -, int -, cont -)
   (0.0s) no symmetry present (symcode time: 0.00)
presolving (0 rounds: 0 fast, 0 medium, 0 exhaustive):
 0 deleted vars, 0 deleted constraints, 0 added constraints, 0 tightened bounds, 0 added holes, 0 changed sides, 0 changed coefficients
 0 implications, 0 cliques, 0 implied integral variables (0 bin, 0 int, 0 cont)
presolved problem has 221 variables (171 bin, 0 int, 50 cont) and 2049 constraints
   2049 constraints of type <linear>
Presolving Time: 0.01
transformed 3/3 original solutions to the transformed problem space

 time | node  | left  |LP iter|LP it/n|mem/heur|mdpt |vars |cons |rows |cuts |sepa|confs|strbr|  dualbound   | primalbound  |  gap   | compl. 
  0.0s|     1 |     0 |   370 |     - |    22M |   0 | 221 |2049 |2049 |   0 |  0 |   0 |   0 |-1.125152e+03 |-1.144771e+03 |   1.74%| unknown
  0.1s|     1 |     0 |   374 |     - |    22M |   0 | 221 |2049 |2050 |   1 |  1 |   0 |   0 |-1.125156e+03 |-1.144771e+03 |   1.74%| unknown
r 0.1s|     1 |     0 |   374 |     - |shifting|   0 | 221 |2049 |2050 |   1 |  1 |   0 |   0 |-1.125156e+03 |-1.144105e+03 |   1.68%| unknown
  0.1s|     1 |     0 |   383 |     - |    22M |   0 | 221 |2049 |2051 |   2 |  2 |   0 |   0 |-1.125169e+03 |-1.144105e+03 |   1.68%| unknown
  0.1s|     1 |     0 |   385 |     - |    23M |   0 | 221 |2049 |2052 |   3 |  3 |   0 |   0 |-1.125173e+03 |-1.144105e+03 |   1.68%| unknown
  0.1s|     1 |     0 |   390 |     - |    23M |   0 | 221 |2049 |2054 |   5 |  4 |   0 |   0 |-1.125183e+03 |-1.144105e+03 |   1.68%| unknown
  0.2s|     1 |     0 |   394 |     - |    23M |   0 | 221 |2049 |2055 |   6 |  5 |   0 |   0 |-1.125187e+03 |-1.144105e+03 |   1.68%| unknown
  0.2s|     1 |     0 |   401 |     - |    23M |   0 | 221 |2049 |2056 |   7 |  6 |   0 |   0 |-1.125187e+03 |-1.144105e+03 |   1.68%| unknown
  0.2s|     1 |     0 |   405 |     - |    24M |   0 | 221 |2049 |2057 |   8 |  7 |   0 |   0 |-1.125193e+03 |-1.144105e+03 |   1.68%| unknown
  0.2s|     1 |     0 |   408 |     - |    24M |   0 | 221 |2049 |2060 |  11 |  8 |   0 |   0 |-1.125193e+03 |-1.144105e+03 |   1.68%| unknown
r 0.2s|     1 |     0 |   408 |     - |shifting|   0 | 221 |2049 |2060 |  11 |  8 |   0 |   0 |-1.125193e+03 |-1.138160e+03 |   1.15%| unknown
  0.2s|     1 |     0 |   413 |     - |    24M |   0 | 221 |2049 |2063 |  14 |  9 |   0 |   0 |-1.125198e+03 |-1.138160e+03 |   1.15%| unknown
  0.3s|     1 |     0 |   418 |     - |    24M |   0 | 221 |2049 |2065 |  16 | 10 |   0 |   0 |-1.125202e+03 |-1.138160e+03 |   1.15%| unknown
r 0.3s|     1 |     0 |   451 |     - |intshift|   0 | 221 |2049 |2065 |  16 | 11 |   0 |   0 |-1.125202e+03 |-1.128053e+03 |   0.25%| unknown
d 0.3s|     1 |     0 |   464 |     - |farkasdi|   0 | 221 |2049 |2065 |   0 | 11 |   0 |   0 |-1.125202e+03 |-1.125222e+03 |   0.00%| unknown
 time | node  | left  |LP iter|LP it/n|mem/heur|mdpt |vars |cons |rows |cuts |sepa|confs|strbr|  dualbound   | primalbound  |  gap   | compl. 
  0.3s|     1 |     0 |   464 |     - |    26M |   0 | 221 |2049 |2065 |  16 | 11 |   0 |   0 |-1.125202e+03 |-1.125222e+03 |   0.00%| unknown
  0.3s|     1 |     0 |   464 |     - |    26M |   0 | 221 |2049 | 338 |  16 | 11 |   0 |   0 |-1.125202e+03 |-1.125222e+03 |   0.00%| unknown
  0.3s|     1 |     0 |   472 |     - |    26M |   0 | 221 |2049 | 345 |  23 | 12 |   0 |   0 |-1.125206e+03 |-1.125222e+03 |   0.00%| unknown
  0.3s|     1 |     0 |   472 |     - |    26M |   0 | 221 | 186 | 345 |  23 | 13 |   0 |   0 |-1.125206e+03 |-1.125222e+03 |   0.00%| unknown
  0.3s|     1 |     0 |   480 |     - |    26M |   0 | 221 | 186 | 350 |  28 | 14 |   0 |   0 |-1.125207e+03 |-1.125222e+03 |   0.00%| unknown
  0.3s|     1 |     0 |   480 |     - |    26M |   0 | 221 | 186 | 230 |  28 | 14 |   0 |   0 |-1.125207e+03 |-1.125222e+03 |   0.00%| unknown
  0.3s|     1 |     0 |   480 |     - |    26M |   0 | 221 | 169 | 230 |  28 | 15 |   0 |   0 |-1.125207e+03 |-1.125222e+03 |   0.00%| unknown
(run 1, node 1) restarting after 145 global fixings of integer variables

(restart) converted 28 cuts from the global cut pool into linear constraints

presolving:
presolving (0 rounds: 0 fast, 0 medium, 0 exhaustive):
 0 deleted vars, 0 deleted constraints, 0 added constraints, 0 tightened bounds, 0 added holes, 0 changed sides, 0 changed coefficients
 0 implications, 0 cliques, 0 implied integral variables (0 bin, 0 int, 0 cont)
presolved problem has 221 variables (171 bin, 0 int, 50 cont) and 197 constraints
    197 constraints of type <linear>
Presolving Time: 0.01
transformed 19/21 original solutions to the transformed problem space

 time | node  | left  |LP iter|LP it/n|mem/heur|mdpt |vars |cons |rows |cuts |sepa|confs|strbr|  dualbound   | primalbound  |  gap   | compl. 
  0.3s|     1 |     0 |   657 |     - |    26M |   0 | 221 | 197 | 197 |   0 |  0 |   0 |   0 |-1.125207e+03 |-1.125222e+03 |   0.00%| unknown
  0.3s|     1 |     0 |   657 |     - |    26M |   0 | 221 | 197 | 160 |   0 |  0 |   0 |   0 |-1.125207e+03 |-1.125222e+03 |   0.00%| unknown
  0.4s|     1 |     0 |   661 |     - |    26M |   0 | 221 | 197 | 161 |   1 |  1 |   0 |   0 |-1.125210e+03 |-1.125222e+03 |   0.00%| unknown
  0.4s|     1 |     0 |   667 |     - |    26M |   0 | 221 | 197 | 163 |   3 |  2 |   0 |   0 |-1.125214e+03 |-1.125222e+03 |   0.00%| unknown
  0.4s|     1 |     0 |   670 |     - |    26M |   0 | 221 | 197 | 165 |   5 |  3 |   0 |   0 |-1.125217e+03 |-1.125222e+03 |   0.00%| unknown
  0.4s|     1 |     0 |   675 |     - |    26M |   0 | 221 | 197 | 166 |   6 |  4 |   0 |   0 |-1.125219e+03 |-1.125222e+03 |   0.00%| unknown
  0.4s|     1 |     0 |   679 |     - |    26M |   0 | 221 | 197 | 167 |   7 |  5 |   0 |   0 |-1.125220e+03 |-1.125222e+03 |   0.00%| unknown
  0.4s|     1 |     0 |   682 |     - |    26M |   0 | 221 | 197 | 168 |   8 |  6 |   0 |   0 |-1.125220e+03 |-1.125222e+03 |   0.00%| unknown
  0.5s|     1 |     0 |   684 |     - |    26M |   0 | 221 | 197 | 169 |   9 |  7 |   0 |   0 |-1.125220e+03 |-1.125222e+03 |   0.00%| unknown
  0.5s|     1 |     0 |   686 |     - |    26M |   0 | 221 | 197 | 170 |  10 |  8 |   0 |   0 |-1.125221e+03 |-1.125222e+03 |   0.00%| unknown
  0.5s|     1 |     0 |   690 |     - |    26M |   0 | 221 | 197 | 171 |  11 |  9 |   0 |   0 |-1.125221e+03 |-1.125222e+03 |   0.00%| unknown
  0.5s|     1 |     0 |   690 |     - |    27M |   0 | 221 | 152 | 171 |  11 | 10 |   0 |   0 |-1.125221e+03 |-1.125222e+03 |   0.00%| unknown
  0.5s|     1 |     0 |   707 |     - |    27M |   0 | 221 | 153 | 171 |  11 | 11 |   4 |   2 |-1.125222e+03 |-1.125222e+03 |   0.00%| unknown

SCIP Status        : problem is solved [optimal solution found]
Solving Time (sec) : 0.52
Solving Nodes      : 1 (total of 2 nodes in 2 runs)
Primal Bound       : -1.12522222222222e+03 (32 solutions)
Dual Bound         : -1.12522222222222e+03
Gap                : 0.00 %
