Loading instance...
Median ranking: [3, 18, 14, 15, 11, 19, 9, 1, 8, 12, 6, 2, 4, 5, 17, 10, 7, 13, 16]
Mean ranking: [3, 18, 14, 15, 11, 19, 1, 8, 12, 6, 2, 9, 4, 5, 17, 10, 7, 13, 16]
Actual error: 0.0011906759683227852
Weighted Kendall distance: 60.0
Normalized distance: 0.02631578947368421
, 0 chg sides, 0 chg coeffs, 0 upgd conss, 0 impls, 0 clqs, 0 implints
   (0.0s) symmetry computation started: requiring (bin +, int +, cont +), (fixed: bin -, int -, cont -)
   (0.0s) no symmetry present (symcode time: 0.00)
presolving (2 rounds: 2 fast, 2 medium, 1 exhaustive):
 0 deleted vars, 1938 deleted constraints, 969 added constraints, 0 tightened bounds, 0 added holes, 0 changed sides, 0 changed coefficients
 0 implications, 0 cliques, 0 implied integral variables (0 bin, 0 int, 0 cont)
presolved problem has 171 variables (0 bin, 0 int, 171 cont) and 969 constraints
    969 constraints of type <linear>
Presolving Time: 0.01
transformed 3/3 original solutions to the transformed problem space

 time | node  | left  |LP iter|LP it/n|mem/heur|mdpt |vars |cons |rows |cuts |sepa|confs|strbr|  dualbound   | primalbound  |  gap   | compl. 
* 0.0s|     1 |     0 |    27 |     - |    LP  |   0 | 171 | 969 | 969 |   0 |  0 |   0 |   0 | 2.080000e+02 | 2.080000e+02 |   0.00%| unknown
  0.0s|     1 |     0 |    27 |     - |  6284k |   0 | 171 | 969 | 969 |   0 |  0 |   0 |   0 | 2.080000e+02 | 2.080000e+02 |   0.00%| unknown

SCIP Status        : problem is solved [optimal solution found]
Solving Time (sec) : 0.02
Solving Nodes      : 1
Primal Bound       : +2.08000000000000e+02 (4 solutions)
Dual Bound         : +2.08000000000000e+02
Gap                : 0.00 %
feasible solution found by trivial heuristic after 0.0 seconds, objective value 0.000000e+00
presolving:
   (0.0s) running MILP presolver
   (0.0s) MILP presolver (2 rounds): 0 aggregations, 0 fixings, 0 bound changes
(round 1, medium)     0 del vars, 1938 del conss, 969 add conss, 0 chg bounds, 0 chg sides, 0 chg coeffs, 0 upgd conss, 0 impls, 0 clqs, 0 implints
   (0.0s) probing: 51/171 (29.8%) - 0 fixings, 0 aggregations, 0 implications, 0 bound changes
   (0.0s) probing aborted: 50/50 successive totally useless probings
   (0.0s) symmetry computation started: requiring (bin +, int +, cont +), (fixed: bin -, int -, cont -)
   (0.0s) no symmetry present (symcode time: 0.00)
presolving (2 rounds: 2 fast, 2 medium, 1 exhaustive):
 0 deleted vars, 1938 deleted constraints, 969 added constraints, 0 tightened bounds, 0 added holes, 0 changed sides, 0 changed coefficients
 0 implications, 0 cliques, 0 implied integral variables (0 bin, 0 int, 0 cont)
presolved problem has 171 variables (171 bin, 0 int, 0 cont) and 969 constraints
    969 constraints of type <linear>
transformed objective value is always integral (scale: 2)
Presolving Time: 0.01
transformed 2/2 original solutions to the transformed problem space

 time | node  | left  |LP iter|LP it/n|mem/heur|mdpt |vars |cons |rows |cuts |sepa|confs|strbr|  dualbound   | primalbound  |  gap   | compl. 
p 0.0s|     1 |     0 |     0 |     - |   locks|   0 | 171 | 969 | 969 |   0 |  0 |   0 |   0 | 2.180000e+02 | 1.420000e+02 |  53.52%| unknown
i 0.0s|     1 |     0 |     0 |     - |  oneopt|   0 | 171 | 969 | 969 |   0 |  0 |   0 |   0 | 2.180000e+02 | 1.820000e+02 |  19.78%| unknown
* 0.0s|     1 |     0 |    24 |     - |    LP  |   0 | 171 | 969 | 969 |   0 |  0 |   0 |   0 | 2.080000e+02 | 2.080000e+02 |   0.00%| unknown
  0.0s|     1 |     0 |    24 |     - |  6451k |   0 | 171 | 969 | 969 |   0 |  0 |   0 |   0 | 2.080000e+02 | 2.080000e+02 |   0.00%| unknown

SCIP Status        : problem is solved [optimal solution found]
Solving Time (sec) : 0.02
Solving Nodes      : 1
Primal Bound       : +2.08000000000000e+02 (5 solutions)
Dual Bound         : +2.08000000000000e+02
Gap                : 0.00 %
feasible solution found by trivial heuristic after 0.0 seconds, objective value -1.000014e+06
presolving:
(round 1, fast)       0 del vars, 0 del conss, 0 add conss, 20 chg bounds, 0 chg sides, 0 chg coeffs, 0 upgd conss, 0 impls, 0 clqs, 0 implints
   (0.3s) running MILP presolver
   (0.3s) MILP presolver (2 rounds): 0 aggregations, 0 fixings, 0 bound changes
(round 2, medium)     0 del vars, 3648 del conss, 2679 add conss, 20 chg bounds, 0 chg sides, 0 chg coeffs, 0 upgd conss, 0 impls, 0 clqs, 0 implints
   (0.5s) symmetry computation started: requiring (bin +, int +, cont +), (fixed: bin -, int -, cont -)
   (0.6s) no symmetry present (symcode time: 0.01)
presolving (3 rounds: 3 fast, 2 medium, 1 exhaustive):
 0 deleted vars, 3648 deleted constraints, 2679 added constraints, 20 tightened bounds, 0 added holes, 0 changed sides, 0 changed coefficients
 0 implications, 0 cliques, 0 implied integral variables (0 bin, 0 int, 0 cont)
presolved problem has 181 variables (0 bin, 0 int, 181 cont) and 2679 constraints
   2679 constraints of type <linear>
Presolving Time: 0.56

 time | node  | left  |LP iter|LP it/n|mem/heur|mdpt |vars |cons |rows |cuts |sepa|confs|strbr|  dualbound   | primalbound  |  gap   | compl. 
t 0.6s|     1 |     0 |     0 |     - | trivial|   0 | 181 |2679 |   0 |   0 |  0 |   0 |   0 | 2.180000e+02 |-8.690000e+02 |    Inf | unknown
* 0.7s|     1 |     0 |   244 |     - |    LP  |   0 | 181 |2679 |2679 |   0 |  0 |   0 |   0 |-1.301813e+02 |-1.301813e+02 |   0.00%| unknown
  0.7s|     1 |     0 |   244 |     - |   197M |   0 | 181 |2679 |2679 |   0 |  0 |   0 |   0 |-1.301813e+02 |-1.301813e+02 |   0.00%| unknown

SCIP Status        : problem is solved [optimal solution found]
Solving Time (sec) : 0.68
Solving Nodes      : 1
Primal Bound       : -1.30181286549708e+02 (3 solutions)
Dual Bound         : -1.30181286549708e+02
Gap                : 0.00 %
feasible solution found by trivial heuristic after 0.0 seconds, objective value -1.000014e+06
presolving:
(round 1, fast)       0 del vars, 0 del conss, 0 add conss, 20 chg bounds, 0 chg sides, 0 chg coeffs, 0 upgd conss, 0 impls, 0 clqs, 0 implints
   (0.2s) running MILP presolver
   (0.2s) MILP presolver (2 rounds): 0 aggregations, 0 fixings, 0 bound changes
(round 2, medium)     0 del vars, 3648 del conss, 2679 add conss, 20 chg bounds, 0 chg sides, 0 chg coeffs, 0 upgd conss, 0 impls, 0 clqs, 0 implints
   (0.5s) probing: 51/171 (29.8%) - 0 fixings, 0 aggregations, 0 implications, 0 bound changes
   (0.5s) probing aborted: 50/50 successive totally useless probings
   (0.5s) symmetry computation started: requiring (bin +, int +, cont +), (fixed: bin -, int -, cont -)
   (0.6s) no symmetry present (symcode time: 0.01)
presolving (3 rounds: 3 fast, 2 medium, 1 exhaustive):
 0 deleted vars, 3648 deleted constraints, 2679 added constraints, 20 tightened bounds, 0 added holes, 0 changed sides, 0 changed coefficients
 0 implications, 0 cliques, 0 implied integral variables (0 bin, 0 int, 0 cont)
presolved problem has 181 variables (171 bin, 0 int, 10 cont) and 2679 constraints
   2679 constraints of type <linear>
Presolving Time: 0.56

 time | node  | left  |LP iter|LP it/n|mem/heur|mdpt |vars |cons |rows |cuts |sepa|confs|strbr|  dualbound   | primalbound  |  gap   | compl. 
t 0.6s|     1 |     0 |     0 |     - | trivial|   0 | 181 |2679 |   0 |   0 |  0 |   0 |   0 | 2.180000e+02 |-8.690000e+02 |    Inf | unknown
p 0.7s|     1 |     0 |    10 |     - |   locks|   0 | 181 |2679 |2679 |   0 |  0 |   0 |   0 | 2.180000e+02 |-3.379357e+02 |    Inf | unknown
  0.8s|     1 |     0 |   254 |     - |   197M |   0 | 181 |2679 |2679 |   0 |  0 |   0 |   0 |-1.301813e+02 |-3.379357e+02 | 159.59%| unknown
r 0.8s|     1 |     0 |   254 |     - |shifting|   0 | 181 |2679 |2679 |   0 |  0 |   0 |   0 |-1.301813e+02 |-1.391673e+02 |   6.90%| unknown
  0.8s|     1 |     0 |   258 |     - |   198M |   0 | 181 |2679 |2680 |   1 |  1 |   0 |   0 |-1.301818e+02 |-1.391673e+02 |   6.90%| unknown
  0.8s|     1 |     0 |   268 |     - |   198M |   0 | 181 |2679 |2682 |   3 |  2 |   0 |   0 |-1.301892e+02 |-1.391673e+02 |   6.90%| unknown
r 0.8s|     1 |     0 |   268 |     - |shifting|   0 | 181 |2679 |2682 |   3 |  2 |   0 |   0 |-1.301892e+02 |-1.343316e+02 |   3.18%| unknown
  0.9s|     1 |     0 |   269 |     - |   198M |   0 | 181 |2679 |2683 |   4 |  3 |   0 |   0 |-1.301930e+02 |-1.343316e+02 |   3.18%| unknown
d 0.9s|     1 |     0 |   269 |     - |farkasdi|   0 | 181 |2679 |2683 |   0 |  4 |   0 |   0 |-1.301930e+02 |-1.301930e+02 |   0.00%| unknown
  0.9s|     1 |     0 |   269 |     - |   198M |   0 | 181 |2679 |2683 |   4 |  4 |   0 |   0 |-1.301930e+02 |-1.301930e+02 |   0.00%| unknown

SCIP Status        : problem is solved [optimal solution found]
Solving Time (sec) : 0.86
Solving Nodes      : 1
Primal Bound       : -1.30192982456140e+02 (7 solutions)
Dual Bound         : -1.30192982456140e+02
Gap                : 0.00 %
feasible solution found by trivial heuristic after 0.0 seconds, objective value 0.000000e+00
presolving:
   (0.0s) symmetry computation started: requiring (bin +, int +, cont +), (fixed: bin -, int -, cont -)
   (0.0s) symmetry computation finished: 9 generators found (max: 1500, log10 of symmetry group size: 6.56) (symcode time: 0.00)
dynamic symmetry handling statistics:
   orbitopal reduction:       no components
   orbital reduction:         no components
   lexicographic reduction:   no permutations
handled 1 out of 1 symmetry components
presolving (0 rounds: 0 fast, 0 medium, 0 exhaustive):
 0 deleted vars, 0 deleted constraints, 0 added constraints, 0 tightened bounds, 0 added holes, 0 changed sides, 0 changed coefficients
 0 implications, 0 cliques, 0 implied integral variables (0 bin, 0 int, 0 cont)
presolved problem has 181 variables (171 bin, 0 int, 10 cont) and 1947 constraints
   1947 constraints of type <linear>
Presolving Time: 0.00
transformed 2/2 original solutions to the transformed problem space

 time | node  | left  |LP iter|LP it/n|mem/heur|mdpt |vars |cons |rows |cuts |sepa|confs|strbr|  dualbound   | primalbound  |  gap   | compl. 
i 0.0s|     1 |     0 |     0 |     - |  oneopt|   0 | 181 |1938 |1938 |   0 |  0 |   0 |   0 | 2.180000e+02 | 1.480000e+02 |  47.30%| unknown
* 0.0s|     1 |     0 |    24 |     - |    LP  |   0 | 181 |1938 |1938 |   0 |  0 |   0 |   0 | 2.080000e+02 | 2.080000e+02 |   0.00%| unknown
  0.0s|     1 |     0 |    24 |     - |  8591k |   0 | 181 |1938 |1938 |   0 |  0 |   0 |   0 | 2.080000e+02 | 2.080000e+02 |   0.00%| unknown

SCIP Status        : problem is solved [optimal solution found]
Solving Time (sec) : 0.01
Solving Nodes      : 1
Primal Bound       : +2.08000000000000e+02 (5 solutions)
Dual Bound         : +2.08000000000000e+02
Gap                : 0.00 %
  [linear] <c1939>: <x172>[C] (+0) -0.616959064<x1>[B] (+1) -0.616959064<x2>[B] (+0) -0.616959064<x3>[B] (+1) -0.616959064<x4>[B] (+1) -0.616959064<x5>[B] (+1) -0.616959064<x6>[B] (+1) -0.616959064<x7>[B] (+1) -0.616959064<x8>[B] (+0) -0.616959064<x9>[B] (+1) +0.616959064<x10>[B] (+0) -0.616959064<x11>[B] (+1) -0.616959064<x12>[B] (+1) +0.616959064<x13>[B] (+0) +0.616959064<x14>[B] (+0) +0.616959064<x15>[B] (+1) +0.616959064<x16>[B] (+1) -0.616959064<x17>[B] (+0) -0.616959064<x18>[B] (+0) +0.616959064<x19>[B] (+0) +0.616959064<x20>[B] (+1) -0.616959064<x21>[B] (+1) +0.616959064<x22>[B] (+0) +0.616959064<x23>[B] (+1) +0.616959064<x24>[B] (+0) +0.616959064<x25>[B] (+0) +0.616959064<x26>[B] (+1) +0.616959064<x27>[B] (+0) +0.616959064<x28>[B] (+0) -0.616959064<x29>[B] (+1) +0.616959064<x30>[B] (+0) +0.616959064<x31>[B] (+0) +0.616959064<x32>[B] (+1) +0.616959064<x33>[B] (+1) +0.616959064<x34>[B] (+0) +0.616959064<x35>[B] (+0) -0.616959064<x36>[B] (+1) -0.616959064<x37>[B] (+1) -0.616959064<x38>[B] (+1) -0.616959064<x39>[B] (+1) -0.616959064<x40>[B] (+1) -0.616959064<x41>[B] (+1) -0.616959064<x42>[B] (+1) +0.616959064<x43>[B] (+1) -0.616959064<x44>[B] (+1) -0.616959064<x45>[B] (+1) +0.616959064<x46>[B] (+1) +0.616959064<x47>[B] (+1) +0.616959064<x48>[B] (+1) +0.616959064<x49>[B] (+1) -0.616959064<x50>[B] (+1) -0.616959064<x51>[B] (+1) -0.616959064<x52>[B] (+1) -0.616959064<x53>[B] (+0) -0.616959064<x54>[B] (+1) +0.616959064<x55>[B] (+0) -0.616959064<x56>[B] (+0) +0.616959064<x57>[B] (+1) +0.616959064<x58>[B] (+0) -0.616959064<x59>[B] (+0) -0.616959064<x60>[B] (+1) +0.616959064<x61>[B] (+0) +0.616959064<x62>[B] (+0) +0.616959064<x63>[B] (+1) +0.616959064<x64>[B] (+1) -0.616959064<x65>[B] (+0) +0.616959064<x66>[B] (+0) +0.616959064<x67>[B] (+0) +0.616959064<x68>[B] (+1) +0.616959064<x69>[B] (+0) +0.616959064<x70>[B] (+0) +0.616959064<x71>[B] (+1) +0.616959064<x72>[B] (+0) +0.616959064<x73>[B] (+0) +0.616959064<x74>[B] (+1) +0.616959064<x75>[B] (+0) +0.616959064<x76>[B] (+0) +0.616959064<x77>[B] (+1) +0.616959064<x78>[B] (+1) +0.616959064<x79>[B] (+0) +0.616959064<x80>[B] (+0) -0.616959064<x81>[B] (+1) +0.616959064<x82>[B] (+0) +0.616959064<x83>[B] (+0) +0.616959064<x84>[B] (+1) +0.616959064<x85>[B] (+0) +0.616959064<x86>[B] (+0) -0.616959064<x87>[B] (+1) +0.616959064<x88>[B] (+0) +0.616959064<x89>[B] (+0) +0.616959064<x90>[B] (+1) +0.616959064<x91>[B] (+1) -0.616959064<x92>[B] (+0) +0.616959064<x93>[B] (+0) +0.616959064<x94>[B] (+0) +0.616959064<x95>[B] (+0) +0.616959064<x96>[B] (+0) +0.616959064<x97>[B] (+0) +0.616959064<x98>[B] (+0) -0.616959064<x99>[B] (+1) +0.616959064<x100>[B] (+0) +0.616959064<x101>[B] (+0) +0.616959064<x102>[B] (+1) +0.616959064<x103>[B] (+0) -0.616959064<x104>[B] (+0) +0.616959064<x105>[B] (+0) -0.616959064<x106>[B] (+0) -0.616959064<x107>[B] (+1) +0.616959064<x108>[B] (+0) -0.616959064<x109>[B] (+1) -0.616959064<x110>[B] (+1) +0.616959064<x111>[B] (+0) +0.616959064<x112>[B] (+0) +0.616959064<x113>[B] (+1) +0.616959064<x114>[B] (+1) -0.616959064<x115>[B] (+0) -0.616959064<x116>[B] (+0) +0.616959064<x117>[B] (+1) +0.616959064<x118>[B] (+0) -0.616959064<x119>[B] (+1) -0.616959064<x120>[B] (+1) +0.616959064<x121>[B] (+0) +0.616959064<x122>[B] (+0) +0.616959064<x123>[B] (+1) +0.616959064<x124>[B] (+1) -0.616959064<x125>[B] (+0) +0.616959064<x126>[B] (+0) +0.616959064<x127>[B] (+0) -0.616959064<x128>[B] (+0) -0.616959064<x129>[B] (+1) +0.616959064<x130>[B] (+0) +0.616959064<x131>[B] (+0) +0.616959064<x132>[B] (+1) +0.616959064<x133>[B] (+0) -0.616959064<x134>[B] (+0) -0.616959064<x135>[B] (+0) -0.616959064<x136>[B] (+1) -0.616959064<x137>[B] (+1) +0.616959064<x138>[B] (+0) +0.616959064<x139>[B] (+0) +0.616959064<x140>[B] (+1) +0.616959064<x141>[B] (+1) -0.616959064<x142>[B] (+0) -0.616959064<x143>[B] (+1) -0.616959064<x144>[B] (+1) +0.616959064<x145>[B] (+0) +0.616959064<x146>[B] (+0) +0.616959064<x147>[B] (+1) +0.616959064<x148>[B] (+1) -0.616959064<x149>[B] (+0) +0.616959064<x150>[B] (+0) +0.616959064<x151>[B] (+0) +0.616959064<x152>[B] (+0) +0.616959064<x153>[B] (+1) +0.616959064<x154>[B] (+0) +0.616959064<x155>[B] (+0) +0.616959064<x156>[B] (+0) -0.616959064<x157>[B] (+1) +0.616959064<x158>[B] (+1) +0.616959064<x159>[B] (+1) -0.616959064<x160>[B] (+0) -0.616959064<x161>[B] (+1) +0.616959064<x162>[B] (+1) +0.616959064<x163>[B] (+1) -0.616959064<x164>[B] (+0) -0.616959064<x165>[B] (+1) +0.616959064<x166>[B] (+0) -0.616959064<x167>[B] (+0) -0.616959064<x168>[B] (+0) -0.616959064<x169>[B] (+0) -0.616959064<x170>[B] (+0) +0.616959064<x171>[B] (+1) >= 32.2368421052632;
;
violation: left hand side is violated by 32.8538011695906
  [linear] <c1939>: <x172>[C] (+0) -0.616959064<x1>[B] (+0) -0.616959064<x2>[B] (+0) -0.616959064<x3>[B] (+1) -0.616959064<x4>[B] (+1) -0.616959064<x5>[B] (+0) -0.616959064<x6>[B] (+0) -0.616959064<x7>[B] (+0) -0.616959064<x8>[B] (+0) -0.616959064<x9>[B] (+0) +0.616959064<x10>[B] (+0) -0.616959064<x11>[B] (+0) -0.616959064<x12>[B] (+1) +0.616959064<x13>[B] (+0) +0.616959064<x14>[B] (+0) +0.616959064<x15>[B] (+1) +0.616959064<x16>[B] (+0) -0.616959064<x17>[B] (+0) -0.616959064<x18>[B] (+0) +0.616959064<x19>[B] (+0) +0.616959064<x20>[B] (+1) -0.616959064<x21>[B] (+1) +0.616959064<x22>[B] (+0) +0.616959064<x23>[B] (+0) +0.616959064<x24>[B] (+0) +0.616959064<x25>[B] (+0) +0.616959064<x26>[B] (+0) +0.616959064<x27>[B] (+0) +0.616959064<x28>[B] (+0) -0.616959064<x29>[B] (+1) +0.616959064<x30>[B] (+0) +0.616959064<x31>[B] (+0) +0.616959064<x32>[B] (+1) +0.616959064<x33>[B] (+0) +0.616959064<x34>[B] (+0) +0.616959064<x35>[B] (+0) -0.616959064<x36>[B] (+1) -0.616959064<x37>[B] (+1) -0.616959064<x38>[B] (+1) -0.616959064<x39>[B] (+1) -0.616959064<x40>[B] (+0) -0.616959064<x41>[B] (+0) -0.616959064<x42>[B] (+1) +0.616959064<x43>[B] (+0) -0.616959064<x44>[B] (+0) -0.616959064<x45>[B] (+1) +0.616959064<x46>[B] (+0) +0.616959064<x47>[B] (+0) +0.616959064<x48>[B] (+1) +0.616959064<x49>[B] (+0) -0.616959064<x50>[B] (+0) -0.616959064<x51>[B] (+0) -0.616959064<x52>[B] (+1) -0.616959064<x53>[B] (+0) -0.616959064<x54>[B] (+0) +0.616959064<x55>[B] (+0) -0.616959064<x56>[B] (+0) +0.616959064<x57>[B] (+0) +0.616959064<x58>[B] (+0) -0.616959064<x59>[B] (+0) -0.616959064<x60>[B] (+1) +0.616959064<x61>[B] (+0) +0.616959064<x62>[B] (+0) +0.616959064<x63>[B] (+1) +0.616959064<x64>[B] (+0) -0.616959064<x65>[B] (+0) +0.616959064<x66>[B] (+0) +0.616959064<x67>[B] (+0) +0.616959064<x68>[B] (+0) +0.616959064<x69>[B] (+0) +0.616959064<x70>[B] (+0) +0.616959064<x71>[B] (+0) +0.616959064<x72>[B] (+0) +0.616959064<x73>[B] (+0) +0.616959064<x74>[B] (+0) +0.616959064<x75>[B] (+0) +0.616959064<x76>[B] (+0) +0.616959064<x77>[B] (+1) +0.616959064<x78>[B] (+0) +0.616959064<x79>[B] (+0) +0.616959064<x80>[B] (+0) -0.616959064<x81>[B] (+0) +0.616959064<x82>[B] (+0) +0.616959064<x83>[B] (+0) +0.616959064<x84>[B] (+0) +0.616959064<x85>[B] (+0) +0.616959064<x86>[B] (+0) -0.616959064<x87>[B] (+1) +0.616959064<x88>[B] (+0) +0.616959064<x89>[B] (+0) +0.616959064<x90>[B] (+1) +0.616959064<x91>[B] (+0) -0.616959064<x92>[B] (+0) +0.616959064<x93>[B] (+0) +0.616959064<x94>[B] (+0) +0.616959064<x95>[B] (+0) +0.616959064<x96>[B] (+0) +0.616959064<x97>[B] (+0) +0.616959064<x98>[B] (+0) -0.616959064<x99>[B] (+1) +0.616959064<x100>[B] (+0) +0.616959064<x101>[B] (+0) +0.616959064<x102>[B] (+1) +0.616959064<x103>[B] (+0) -0.616959064<x104>[B] (+0) +0.616959064<x105>[B] (+0) -0.616959064<x106>[B] (+0) -0.616959064<x107>[B] (+1) +0.616959064<x108>[B] (+0) -0.616959064<x109>[B] (+0) -0.616959064<x110>[B] (+1) +0.616959064<x111>[B] (+0) +0.616959064<x112>[B] (+0) +0.616959064<x113>[B] (+1) +0.616959064<x114>[B] (+0) -0.616959064<x115>[B] (+0) -0.616959064<x116>[B] (+0) +0.616959064<x117>[B] (+1) +0.616959064<x118>[B] (+0) -0.616959064<x119>[B] (+0) -0.616959064<x120>[B] (+1) +0.616959064<x121>[B] (+0) +0.616959064<x122>[B] (+0) +0.616959064<x123>[B] (+1) +0.616959064<x124>[B] (+0) -0.616959064<x125>[B] (+0) +0.616959064<x126>[B] (+0) +0.616959064<x127>[B] (+0) -0.616959064<x128>[B] (+0) -0.616959064<x129>[B] (+1) +0.616959064<x130>[B] (+0) +0.616959064<x131>[B] (+0) +0.616959064<x132>[B] (+1) +0.616959064<x133>[B] (+0) -0.616959064<x134>[B] (+0) -0.616959064<x135>[B] (+0) -0.616959064<x136>[B] (+1) -0.616959064<x137>[B] (+1) +0.616959064<x138>[B] (+0) +0.616959064<x139>[B] (+0) +0.616959064<x140>[B] (+1) +0.616959064<x141>[B] (+0) -0.616959064<x142>[B] (+0) -0.616959064<x143>[B] (+0) -0.616959064<x144>[B] (+1) +0.616959064<x145>[B] (+0) +0.616959064<x146>[B] (+0) +0.616959064<x147>[B] (+1) +0.616959064<x148>[B] (+0) -0.616959064<x149>[B] (+0) +0.616959064<x150>[B] (+0) +0.616959064<x151>[B] (+0) +0.616959064<x152>[B] (+0) +0.616959064<x153>[B] (+1) +0.616959064<x154>[B] (+0) +0.616959064<x155>[B] (+0) +0.616959064<x156>[B] (+0) -0.616959064<x157>[B] (+0) +0.616959064<x158>[B] (+1) +0.616959064<x159>[B] (+0) -0.616959064<x160>[B] (+0) -0.616959064<x161>[B] (+0) +0.616959064<x162>[B] (+1) +0.616959064<x163>[B] (+1) -0.616959064<x164>[B] (+1) -0.616959064<x165>[B] (+0) +0.616959064<x166>[B] (+0) -0.616959064<x167>[B] (+0) -0.616959064<x168>[B] (+0) -0.616959064<x169>[B] (+0) -0.616959064<x170>[B] (+0) +0.616959064<x171>[B] (+0) >= 32.2368421052632;
;
violation: left hand side is violated by 35.3216374269006
  [linear] <c1939>: <x172>[C] (+0) -0.616959064<x1>[B] (+0) -0.616959064<x2>[B] (+0) -0.616959064<x3>[B] (+0) -0.616959064<x4>[B] (+0) -0.616959064<x5>[B] (+0) -0.616959064<x6>[B] (+0) -0.616959064<x7>[B] (+0) -0.616959064<x8>[B] (+0) -0.616959064<x9>[B] (+0) +0.616959064<x10>[B] (+0) -0.616959064<x11>[B] (+0) -0.616959064<x12>[B] (+0) +0.616959064<x13>[B] (+0) +0.616959064<x14>[B] (+0) +0.616959064<x15>[B] (+0) +0.616959064<x16>[B] (+0) -0.616959064<x17>[B] (+0) -0.616959064<x18>[B] (+0) +0.616959064<x19>[B] (+0) +0.616959064<x20>[B] (+0) -0.616959064<x21>[B] (+0) +0.616959064<x22>[B] (+0) +0.616959064<x23>[B] (+0) +0.616959064<x24>[B] (+0) +0.616959064<x25>[B] (+0) +0.616959064<x26>[B] (+0) +0.616959064<x27>[B] (+0) +0.616959064<x28>[B] (+0) -0.616959064<x29>[B] (+0) +0.616959064<x30>[B] (+0) +0.616959064<x31>[B] (+0) +0.616959064<x32>[B] (+0) +0.616959064<x33>[B] (+0) +0.616959064<x34>[B] (+0) +0.616959064<x35>[B] (+0) -0.616959064<x36>[B] (+0) -0.616959064<x37>[B] (+0) -0.616959064<x38>[B] (+0) -0.616959064<x39>[B] (+0) -0.616959064<x40>[B] (+0) -0.616959064<x41>[B] (+0) -0.616959064<x42>[B] (+0) +0.616959064<x43>[B] (+0) -0.616959064<x44>[B] (+0) -0.616959064<x45>[B] (+0) +0.616959064<x46>[B] (+0) +0.616959064<x47>[B] (+0) +0.616959064<x48>[B] (+0) +0.616959064<x49>[B] (+0) -0.616959064<x50>[B] (+0) -0.616959064<x51>[B] (+0) -0.616959064<x52>[B] (+0) -0.616959064<x53>[B] (+0) -0.616959064<x54>[B] (+0) +0.616959064<x55>[B] (+0) -0.616959064<x56>[B] (+0) +0.616959064<x57>[B] (+0) +0.616959064<x58>[B] (+0) -0.616959064<x59>[B] (+0) -0.616959064<x60>[B] (+0) +0.616959064<x61>[B] (+0) +0.616959064<x62>[B] (+0) +0.616959064<x63>[B] (+0) +0.616959064<x64>[B] (+0) -0.616959064<x65>[B] (+0) +0.616959064<x66>[B] (+0) +0.616959064<x67>[B] (+0) +0.616959064<x68>[B] (+0) +0.616959064<x69>[B] (+0) +0.616959064<x70>[B] (+0) +0.616959064<x71>[B] (+0) +0.616959064<x72>[B] (+0) +0.616959064<x73>[B] (+0) +0.616959064<x74>[B] (+0) +0.616959064<x75>[B] (+0) +0.616959064<x76>[B] (+0) +0.616959064<x77>[B] (+0) +0.616959064<x78>[B] (+0) +0.616959064<x79>[B] (+0) +0.616959064<x80>[B] (+0) -0.616959064<x81>[B] (+0) +0.616959064<x82>[B] (+0) +0.616959064<x83>[B] (+0) +0.616959064<x84>[B] (+0) +0.616959064<x85>[B] (+0) +0.616959064<x86>[B] (+0) -0.616959064<x87>[B] (+0) +0.616959064<x88>[B] (+0) +0.616959064<x89>[B] (+0) +0.616959064<x90>[B] (+0) +0.616959064<x91>[B] (+0) -0.616959064<x92>[B] (+0) +0.616959064<x93>[B] (+0) +0.616959064<x94>[B] (+0) +0.616959064<x95>[B] (+0) +0.616959064<x96>[B] (+0) +0.616959064<x97>[B] (+0) +0.616959064<x98>[B] (+0) -0.616959064<x99>[B] (+0) +0.616959064<x100>[B] (+0) +0.616959064<x101>[B] (+0) +0.616959064<x102>[B] (+0) +0.616959064<x103>[B] (+0) -0.616959064<x104>[B] (+0) +0.616959064<x105>[B] (+0) -0.616959064<x106>[B] (+0) -0.616959064<x107>[B] (+0) +0.616959064<x108>[B] (+0) -0.616959064<x109>[B] (+0) -0.616959064<x110>[B] (+0) +0.616959064<x111>[B] (+0) +0.616959064<x112>[B] (+0) +0.616959064<x113>[B] (+0) +0.616959064<x114>[B] (+0) -0.616959064<x115>[B] (+0) -0.616959064<x116>[B] (+0) +0.616959064<x117>[B] (+0) +0.616959064<x118>[B] (+0) -0.616959064<x119>[B] (+0) -0.616959064<x120>[B] (+0) +0.616959064<x121>[B] (+0) +0.616959064<x122>[B] (+0) +0.616959064<x123>[B] (+0) +0.616959064<x124>[B] (+0) -0.616959064<x125>[B] (+0) +0.616959064<x126>[B] (+0) +0.616959064<x127>[B] (+0) -0.616959064<x128>[B] (+0) -0.616959064<x129>[B] (+0) +0.616959064<x130>[B] (+0) +0.616959064<x131>[B] (+0) +0.616959064<x132>[B] (+0) +0.616959064<x133>[B] (+0) -0.616959064<x134>[B] (+0) -0.616959064<x135>[B] (+0) -0.616959064<x136>[B] (+0) -0.616959064<x137>[B] (+0) +0.616959064<x138>[B] (+0) +0.616959064<x139>[B] (+0) +0.616959064<x140>[B] (+0) +0.616959064<x141>[B] (+0) -0.616959064<x142>[B] (+0) -0.616959064<x143>[B] (+0) -0.616959064<x144>[B] (+0) +0.616959064<x145>[B] (+0) +0.616959064<x146>[B] (+0) +0.616959064<x147>[B] (+0) +0.616959064<x148>[B] (+0) -0.616959064<x149>[B] (+0) +0.616959064<x150>[B] (+0) +0.616959064<x151>[B] (+0) +0.616959064<x152>[B] (+0) +0.616959064<x153>[B] (+0) +0.616959064<x154>[B] (+0) +0.616959064<x155>[B] (+0) +0.616959064<x156>[B] (+0) -0.616959064<x157>[B] (+0) +0.616959064<x158>[B] (+0) +0.616959064<x159>[B] (+0) -0.616959064<x160>[B] (+0) -0.616959064<x161>[B] (+0) +0.616959064<x162>[B] (+0) +0.616959064<x163>[B] (+0) -0.616959064<x164>[B] (+0) -0.616959064<x165>[B] (+0) +0.616959064<x166>[B] (+0) -0.616959064<x167>[B] (+0) -0.616959064<x168>[B] (+0) -0.616959064<x169>[B] (+0) -0.616959064<x170>[B] (+0) +0.616959064<x171>[B] (+0) >= 32.2368421052632;
;
violation: left hand side is violated by 32.2368421052632
  [linear] <c1939>: <x172>[C] (+0) -0.616959064<x1>[B] (+1) -0.616959064<x2>[B] (+1) -0.616959064<x3>[B] (+1) -0.616959064<x4>[B] (+1) -0.616959064<x5>[B] (+1) -0.616959064<x6>[B] (+1) -0.616959064<x7>[B] (+1) -0.616959064<x8>[B] (+1) -0.616959064<x9>[B] (+1) +0.616959064<x10>[B] (+1) -0.616959064<x11>[B] (+1) -0.616959064<x12>[B] (+1) +0.616959064<x13>[B] (+1) +0.616959064<x14>[B] (+1) +0.616959064<x15>[B] (+1) +0.616959064<x16>[B] (+1) -0.616959064<x17>[B] (+1) -0.616959064<x18>[B] (+1) +0.616959064<x19>[B] (+1) +0.616959064<x20>[B] (+1) -0.616959064<x21>[B] (+1) +0.616959064<x22>[B] (+1) +0.616959064<x23>[B] (+1) +0.616959064<x24>[B] (+1) +0.616959064<x25>[B] (+1) +0.616959064<x26>[B] (+1) +0.616959064<x27>[B] (+1) +0.616959064<x28>[B] (+1) -0.616959064<x29>[B] (+1) +0.616959064<x30>[B] (+1) +0.616959064<x31>[B] (+1) +0.616959064<x32>[B] (+1) +0.616959064<x33>[B] (+1) +0.616959064<x34>[B] (+1) +0.616959064<x35>[B] (+1) -0.616959064<x36>[B] (+1) -0.616959064<x37>[B] (+1) -0.616959064<x38>[B] (+1) -0.616959064<x39>[B] (+1) -0.616959064<x40>[B] (+1) -0.616959064<x41>[B] (+1) -0.616959064<x42>[B] (+1) +0.616959064<x43>[B] (+1) -0.616959064<x44>[B] (+1) -0.616959064<x45>[B] (+1) +0.616959064<x46>[B] (+1) +0.616959064<x47>[B] (+1) +0.616959064<x48>[B] (+1) +0.616959064<x49>[B] (+1) -0.616959064<x50>[B] (+1) -0.616959064<x51>[B] (+1) -0.616959064<x52>[B] (+1) -0.616959064<x53>[B] (+1) -0.616959064<x54>[B] (+1) +0.616959064<x55>[B] (+1) -0.616959064<x56>[B] (+1) +0.616959064<x57>[B] (+1) +0.616959064<x58>[B] (+1) -0.616959064<x59>[B] (+1) -0.616959064<x60>[B] (+1) +0.616959064<x61>[B] (+1) +0.616959064<x62>[B] (+1) +0.616959064<x63>[B] (+1) +0.616959064<x64>[B] (+1) -0.616959064<x65>[B] (+1) +0.616959064<x66>[B] (+1) +0.616959064<x67>[B] (+1) +0.616959064<x68>[B] (+1) +0.616959064<x69>[B] (+1) +0.616959064<x70>[B] (+1) +0.616959064<x71>[B] (+1) +0.616959064<x72>[B] (+1) +0.616959064<x73>[B] (+1) +0.616959064<x74>[B] (+1) +0.616959064<x75>[B] (+1) +0.616959064<x76>[B] (+1) +0.616959064<x77>[B] (+1) +0.616959064<x78>[B] (+1) +0.616959064<x79>[B] (+1) +0.616959064<x80>[B] (+1) -0.616959064<x81>[B] (+1) +0.616959064<x82>[B] (+1) +0.616959064<x83>[B] (+1) +0.616959064<x84>[B] (+1) +0.616959064<x85>[B] (+1) +0.616959064<x86>[B] (+1) -0.616959064<x87>[B] (+1) +0.616959064<x88>[B] (+1) +0.616959064<x89>[B] (+1) +0.616959064<x90>[B] (+1) +0.616959064<x91>[B] (+1) -0.616959064<x92>[B] (+1) +0.616959064<x93>[B] (+1) +0.616959064<x94>[B] (+1) +0.616959064<x95>[B] (+1) +0.616959064<x96>[B] (+1) +0.616959064<x97>[B] (+1) +0.616959064<x98>[B] (+1) -0.616959064<x99>[B] (+1) +0.616959064<x100>[B] (+1) +0.616959064<x101>[B] (+1) +0.616959064<x102>[B] (+1) +0.616959064<x103>[B] (+1) -0.616959064<x104>[B] (+1) +0.616959064<x105>[B] (+1) -0.616959064<x106>[B] (+1) -0.616959064<x107>[B] (+1) +0.616959064<x108>[B] (+1) -0.616959064<x109>[B] (+1) -0.616959064<x110>[B] (+1) +0.616959064<x111>[B] (+1) +0.616959064<x112>[B] (+1) +0.616959064<x113>[B] (+1) +0.616959064<x114>[B] (+1) -0.616959064<x115>[B] (+1) -0.616959064<x116>[B] (+1) +0.616959064<x117>[B] (+1) +0.616959064<x118>[B] (+1) -0.616959064<x119>[B] (+1) -0.616959064<x120>[B] (+1) +0.616959064<x121>[B] (+1) +0.616959064<x122>[B] (+1) +0.616959064<x123>[B] (+1) +0.616959064<x124>[B] (+1) -0.616959064<x125>[B] (+1) +0.616959064<x126>[B] (+1) +0.616959064<x127>[B] (+1) -0.616959064<x128>[B] (+1) -0.616959064<x129>[B] (+1) +0.616959064<x130>[B] (+1) +0.616959064<x131>[B] (+1) +0.616959064<x132>[B] (+1) +0.616959064<x133>[B] (+1) -0.616959064<x134>[B] (+1) -0.616959064<x135>[B] (+1) -0.616959064<x136>[B] (+1) -0.616959064<x137>[B] (+1) +0.616959064<x138>[B] (+1) +0.616959064<x139>[B] (+1) +0.616959064<x140>[B] (+1) +0.616959064<x141>[B] (+1) -0.616959064<x142>[B] (+1) -0.616959064<x143>[B] (+1) -0.616959064<x144>[B] (+1) +0.616959064<x145>[B] (+1) +0.616959064<x146>[B] (+1) +0.616959064<x147>[B] (+1) +0.616959064<x148>[B] (+1) -0.616959064<x149>[B] (+1) +0.616959064<x150>[B] (+1) +0.616959064<x151>[B] (+1) +0.616959064<x152>[B] (+1) +0.616959064<x153>[B] (+1) +0.616959064<x154>[B] (+1) +0.616959064<x155>[B] (+1) +0.616959064<x156>[B] (+1) -0.616959064<x157>[B] (+1) +0.616959064<x158>[B] (+1) +0.616959064<x159>[B] (+1) -0.616959064<x160>[B] (+1) -0.616959064<x161>[B] (+1) +0.616959064<x162>[B] (+1) +0.616959064<x163>[B] (+1) -0.616959064<x164>[B] (+1) -0.616959064<x165>[B] (+1) +0.616959064<x166>[B] (+1) -0.616959064<x167>[B] (+1) -0.616959064<x168>[B] (+1) -0.616959064<x169>[B] (+1) -0.616959064<x170>[B] (+1) +0.616959064<x171>[B] (+1) >= 32.2368421052632;
;
violation: left hand side is violated by 8.17543859649123
1/5 feasible solution given by solution candidate storage, new primal bound -1.000014e+06

presolving:
   (0.0s) symmetry computation started: requiring (bin +, int +, cont +), (fixed: bin -, int -, cont -)
   (0.0s) no symmetry present (symcode time: 0.00)
presolving (0 rounds: 0 fast, 0 medium, 0 exhaustive):
 0 deleted vars, 0 deleted constraints, 0 added constraints, 0 tightened bounds, 0 added holes, 0 changed sides, 0 changed coefficients
 0 implications, 0 cliques, 0 implied integral variables (0 bin, 0 int, 0 cont)
presolved problem has 181 variables (171 bin, 0 int, 10 cont) and 1948 constraints
   1948 constraints of type <linear>
Presolving Time: 0.00
transformed 1/1 original solutions to the transformed problem space

 time | node  | left  |LP iter|LP it/n|mem/heur|mdpt |vars |cons |rows |cuts |sepa|confs|strbr|  dualbound   | primalbound  |  gap   | compl. 
p 0.0s|     1 |     0 |     2 |     - |   locks|   0 | 181 |1948 |1948 |   0 |  0 |   0 |   0 | 2.180000e+02 |-2.924444e+02 |    Inf | unknown
* 0.0s|     1 |     0 |   142 |     - |    LP  |   0 | 181 |1948 |1948 |   0 |  0 |   0 |   0 |-1.294386e+02 |-1.294386e+02 |   0.00%| unknown
  0.0s|     1 |     0 |   142 |     - |  9296k |   0 | 181 |1948 |1948 |   0 |  0 |   0 |   0 |-1.294386e+02 |-1.294386e+02 |   0.00%| unknown

SCIP Status        : problem is solved [optimal solution found]
Solving Time (sec) : 0.01
Solving Nodes      : 1
Primal Bound       : -1.29438596491228e+02 (4 solutions)
Dual Bound         : -1.29438596491228e+02
Gap                : 0.00 %
  [linear] <c1949>: <x172>[C] (+35.3216374) -0.640350877<x1>[B] (+1) -0.640350877<x2>[B] (+0) -0.640350877<x3>[B] (+1) -0.640350877<x4>[B] (+1) -0.640350877<x5>[B] (+1) -0.640350877<x6>[B] (+1) -0.640350877<x7>[B] (+1) -0.640350877<x8>[B] (+1) -0.640350877<x9>[B] (+1) +0.640350877<x10>[B] (+0) -0.640350877<x11>[B] (+1) -0.640350877<x12>[B] (+1) +0.640350877<x13>[B] (+0) +0.640350877<x14>[B] (+0) +0.640350877<x15>[B] (+1) +0.640350877<x16>[B] (+1) -0.640350877<x17>[B] (+1) -0.640350877<x18>[B] (+0) +0.640350877<x19>[B] (+0) +0.640350877<x20>[B] (+1) -0.640350877<x21>[B] (+1) +0.640350877<x22>[B] (+0) +0.640350877<x23>[B] (+1) +0.640350877<x24>[B] (+0) +0.640350877<x25>[B] (+1) +0.640350877<x26>[B] (+1) +0.640350877<x27>[B] (+0) +0.640350877<x28>[B] (+0) -0.640350877<x29>[B] (+1) +0.640350877<x30>[B] (+0) +0.640350877<x31>[B] (+0) +0.640350877<x32>[B] (+1) +0.640350877<x33>[B] (+1) +0.640350877<x34>[B] (+0) +0.640350877<x35>[B] (+0) -0.640350877<x36>[B] (+1) -0.640350877<x37>[B] (+1) -0.640350877<x38>[B] (+1) -0.640350877<x39>[B] (+1) -0.640350877<x40>[B] (+1) -0.640350877<x41>[B] (+1) -0.640350877<x42>[B] (+1) +0.640350877<x43>[B] (+1) -0.640350877<x44>[B] (+1) -0.640350877<x45>[B] (+1) +0.640350877<x46>[B] (+1) +0.640350877<x47>[B] (+1) +0.640350877<x48>[B] (+1) +0.640350877<x49>[B] (+1) -0.640350877<x50>[B] (+1) -0.640350877<x51>[B] (+1) -0.640350877<x52>[B] (+1) -0.640350877<x53>[B] (+0) -0.640350877<x54>[B] (+1) +0.640350877<x55>[B] (+0) -0.640350877<x56>[B] (+0) +0.640350877<x57>[B] (+1) +0.640350877<x58>[B] (+0) -0.640350877<x59>[B] (+0) -0.640350877<x60>[B] (+1) +0.640350877<x61>[B] (+0) +0.640350877<x62>[B] (+0) +0.640350877<x63>[B] (+1) +0.640350877<x64>[B] (+1) -0.640350877<x65>[B] (+0) +0.640350877<x66>[B] (+0) +0.640350877<x67>[B] (+0) +0.640350877<x68>[B] (+1) +0.640350877<x69>[B] (+0) +0.640350877<x70>[B] (+0) +0.640350877<x71>[B] (+1) +0.640350877<x72>[B] (+0) +0.640350877<x73>[B] (+0) +0.640350877<x74>[B] (+1) +0.640350877<x75>[B] (+0) +0.640350877<x76>[B] (+0) +0.640350877<x77>[B] (+1) +0.640350877<x78>[B] (+1) +0.640350877<x79>[B] (+0) +0.640350877<x80>[B] (+0) -0.640350877<x81>[B] (+1) +0.640350877<x82>[B] (+0) +0.640350877<x83>[B] (+1) +0.640350877<x84>[B] (+1) +0.640350877<x85>[B] (+0) +0.640350877<x86>[B] (+0) -0.640350877<x87>[B] (+1) +0.640350877<x88>[B] (+0) +0.640350877<x89>[B] (+0) +0.640350877<x90>[B] (+1) +0.640350877<x91>[B] (+1) -0.640350877<x92>[B] (+0) +0.640350877<x93>[B] (+0) +0.640350877<x94>[B] (+0) +0.640350877<x95>[B] (+0) +0.640350877<x96>[B] (+0) +0.640350877<x97>[B] (+0) +0.640350877<x98>[B] (+0) -0.640350877<x99>[B] (+1) +0.640350877<x100>[B] (+0) +0.640350877<x101>[B] (+0) +0.640350877<x102>[B] (+1) +0.640350877<x103>[B] (+0) -0.640350877<x104>[B] (+0) +0.640350877<x105>[B] (+0) -0.640350877<x106>[B] (+1) -0.640350877<x107>[B] (+1) +0.640350877<x108>[B] (+0) -0.640350877<x109>[B] (+0) -0.640350877<x110>[B] (+1) +0.640350877<x111>[B] (+0) +0.640350877<x112>[B] (+0) +0.640350877<x113>[B] (+1) +0.640350877<x114>[B] (+1) -0.640350877<x115>[B] (+0) -0.640350877<x116>[B] (+0) +0.640350877<x117>[B] (+1) +0.640350877<x118>[B] (+0) -0.640350877<x119>[B] (+0) -0.640350877<x120>[B] (+1) +0.640350877<x121>[B] (+0) +0.640350877<x122>[B] (+0) +0.640350877<x123>[B] (+1) +0.640350877<x124>[B] (+1) -0.640350877<x125>[B] (+0) +0.640350877<x126>[B] (+0) +0.640350877<x127>[B] (+0) -0.640350877<x128>[B] (+0) -0.640350877<x129>[B] (+1) +0.640350877<x130>[B] (+0) +0.640350877<x131>[B] (+0) +0.640350877<x132>[B] (+1) +0.640350877<x133>[B] (+0) -0.640350877<x134>[B] (+0) -0.640350877<x135>[B] (+0) -0.640350877<x136>[B] (+1) -0.640350877<x137>[B] (+1) +0.640350877<x138>[B] (+0) +0.640350877<x139>[B] (+0) +0.640350877<x140>[B] (+1) +0.640350877<x141>[B] (+1) -0.640350877<x142>[B] (+1) -0.640350877<x143>[B] (+1) -0.640350877<x144>[B] (+1) +0.640350877<x145>[B] (+0) +0.640350877<x146>[B] (+0) +0.640350877<x147>[B] (+1) +0.640350877<x148>[B] (+1) -0.640350877<x149>[B] (+1) +0.640350877<x150>[B] (+0) +0.640350877<x151>[B] (+0) +0.640350877<x152>[B] (+0) +0.640350877<x153>[B] (+1) +0.640350877<x154>[B] (+0) +0.640350877<x155>[B] (+0) +0.640350877<x156>[B] (+0) -0.640350877<x157>[B] (+1) +0.640350877<x158>[B] (+1) +0.640350877<x159>[B] (+1) -0.640350877<x160>[B] (+1) -0.640350877<x161>[B] (+1) +0.640350877<x162>[B] (+1) +0.640350877<x163>[B] (+1) -0.640350877<x164>[B] (+1) -0.640350877<x165>[B] (+1) +0.640350877<x166>[B] (+0) -0.640350877<x167>[B] (+0) -0.640350877<x168>[B] (+0) -0.640350877<x169>[B] (+0) -0.640350877<x170>[B] (+0) +0.640350877<x171>[B] (+0) >= 32.1783625730994;
;
violation: left hand side is violated by 0.0584795321637088
  [linear] <c1950>: <x173>[C] (+7.07309942) +0.634502924<x1>[B] (+1) +0.634502924<x2>[B] (+1) +0.634502924<x3>[B] (+1) +0.634502924<x4>[B] (+0) +0.634502924<x5>[B] (+1) +0.634502924<x6>[B] (+0) +0.634502924<x7>[B] (+1) +0.634502924<x8>[B] (+1) +0.634502924<x9>[B] (+0) +0.634502924<x10>[B] (+1) +0.634502924<x11>[B] (+0) -0.634502924<x12>[B] (+0) +0.634502924<x13>[B] (+1) +0.634502924<x14>[B] (+1) +0.634502924<x15>[B] (+0) +0.634502924<x16>[B] (+0) +0.634502924<x17>[B] (+1) +0.634502924<x18>[B] (+1) +0.634502924<x19>[B] (+1) +0.634502924<x20>[B] (+0) -0.634502924<x21>[B] (+0) +0.634502924<x22>[B] (+1) +0.634502924<x23>[B] (+0) +0.634502924<x24>[B] (+1) +0.634502924<x25>[B] (+1) -0.634502924<x26>[B] (+0) +0.634502924<x27>[B] (+1) +0.634502924<x28>[B] (+0) -0.634502924<x29>[B] (+0) +0.634502924<x30>[B] (+1) +0.634502924<x31>[B] (+1) -0.634502924<x32>[B] (+0) -0.634502924<x33>[B] (+0) +0.634502924<x34>[B] (+0) -0.634502924<x35>[B] (+1) -0.634502924<x36>[B] (+0) -0.634502924<x37>[B] (+0) -0.634502924<x38>[B] (+0) +0.634502924<x39>[B] (+0) +0.634502924<x40>[B] (+0) +0.634502924<x41>[B] (+0) -0.634502924<x42>[B] (+0) -0.634502924<x43>[B] (+0) +0.634502924<x44>[B] (+0) -0.634502924<x45>[B] (+0) -0.634502924<x46>[B] (+0) -0.634502924<x47>[B] (+0) -0.634502924<x48>[B] (+0) -0.634502924<x49>[B] (+0) +0.634502924<x50>[B] (+0) -0.634502924<x51>[B] (+0) -0.634502924<x52>[B] (+0) -0.634502924<x53>[B] (+1) +0.634502924<x54>[B] (+0) +0.634502924<x55>[B] (+1) +0.634502924<x56>[B] (+1) -0.634502924<x57>[B] (+0) -0.634502924<x58>[B] (+1) +0.634502924<x59>[B] (+0) -0.634502924<x60>[B] (+0) +0.634502924<x61>[B] (+1) +0.634502924<x62>[B] (+1) -0.634502924<x63>[B] (+0) -0.634502924<x64>[B] (+0) +0.634502924<x65>[B] (+0) -0.634502924<x66>[B] (+1) +0.634502924<x67>[B] (+1) +0.634502924<x68>[B] (+1) +0.634502924<x69>[B] (+1) +0.634502924<x70>[B] (+1) -0.634502924<x71>[B] (+1) +0.634502924<x72>[B] (+1) +0.634502924<x73>[B] (+1) -0.634502924<x74>[B] (+1) +0.634502924<x75>[B] (+1) +0.634502924<x76>[B] (+1) +0.634502924<x77>[B] (+0) -0.634502924<x78>[B] (+0) +0.634502924<x79>[B] (+1) -0.634502924<x80>[B] (+1) +0.634502924<x81>[B] (+0) +0.634502924<x82>[B] (+1) +0.634502924<x83>[B] (+1) -0.634502924<x84>[B] (+0) -0.634502924<x85>[B] (+1) +0.634502924<x86>[B] (+0) -0.634502924<x87>[B] (+0) +0.634502924<x88>[B] (+1) +0.634502924<x89>[B] (+1) -0.634502924<x90>[B] (+0) -0.634502924<x91>[B] (+0) +0.634502924<x92>[B] (+0) -0.634502924<x93>[B] (+1) +0.634502924<x94>[B] (+1) -0.634502924<x95>[B] (+1) -0.634502924<x96>[B] (+1) -0.634502924<x97>[B] (+1) +0.634502924<x98>[B] (+1) -0.634502924<x99>[B] (+0) -0.634502924<x100>[B] (+1) -0.634502924<x101>[B] (+1) -0.634502924<x102>[B] (+0) -0.634502924<x103>[B] (+0) -0.634502924<x104>[B] (+1) -0.634502924<x105>[B] (+1) -0.634502924<x106>[B] (+1) -0.634502924<x107>[B] (+0) -0.634502924<x108>[B] (+1) +0.634502924<x109>[B] (+0) -0.634502924<x110>[B] (+0) -0.634502924<x111>[B] (+1) -0.634502924<x112>[B] (+1) -0.634502924<x113>[B] (+0) -0.634502924<x114>[B] (+0) -0.634502924<x115>[B] (+0) -0.634502924<x116>[B] (+1) -0.634502924<x117>[B] (+0) -0.634502924<x118>[B] (+1) +0.634502924<x119>[B] (+0) -0.634502924<x120>[B] (+0) -0.634502924<x121>[B] (+1) -0.634502924<x122>[B] (+1) -0.634502924<x123>[B] (+0) -0.634502924<x124>[B] (+0) +0.634502924<x125>[B] (+0) -0.634502924<x126>[B] (+1) +0.634502924<x127>[B] (+1) +0.634502924<x128>[B] (+0) -0.634502924<x129>[B] (+0) +0.634502924<x130>[B] (+1) +0.634502924<x131>[B] (+1) +0.634502924<x132>[B] (+0) -0.634502924<x133>[B] (+0) +0.634502924<x134>[B] (+1) +0.634502924<x135>[B] (+1) +0.634502924<x136>[B] (+0) -0.634502924<x137>[B] (+0) +0.634502924<x138>[B] (+1) +0.634502924<x139>[B] (+1) -0.634502924<x140>[B] (+0) -0.634502924<x141>[B] (+0) +0.634502924<x142>[B] (+0) -0.634502924<x143>[B] (+1) -0.634502924<x144>[B] (+0) -0.634502924<x145>[B] (+1) -0.634502924<x146>[B] (+1) -0.634502924<x147>[B] (+0) -0.634502924<x148>[B] (+0) -0.634502924<x149>[B] (+1) -0.634502924<x150>[B] (+1) +0.634502924<x151>[B] (+1) +0.634502924<x152>[B] (+1) +0.634502924<x153>[B] (+0) +0.634502924<x154>[B] (+0) +0.634502924<x155>[B] (+1) +0.634502924<x156>[B] (+1) -0.634502924<x157>[B] (+0) -0.634502924<x158>[B] (+0) -0.634502924<x159>[B] (+0) +0.634502924<x160>[B] (+0) -0.634502924<x161>[B] (+0) -0.634502924<x162>[B] (+0) -0.634502924<x163>[B] (+0) +0.634502924<x164>[B] (+0) -0.634502924<x165>[B] (+1) -0.634502924<x166>[B] (+1) +0.634502924<x167>[B] (+1) -0.634502924<x168>[B] (+1) +0.634502924<x169>[B] (+1) +0.634502924<x170>[B] (+1) -0.634502924<x171>[B] (+1) >= 18.8771929824561;
;
violation: left hand side is violated by 1.01754385964912
2/4 feasible solutions given by solution candidate storage, new primal bound -1.000014e+06

presolving:
   (0.0s) symmetry computation started: requiring (bin +, int +, cont +), (fixed: bin -, int -, cont -)
   (0.0s) no symmetry present (symcode time: 0.00)
presolving (0 rounds: 0 fast, 0 medium, 0 exhaustive):
 0 deleted vars, 0 deleted constraints, 0 added constraints, 0 tightened bounds, 0 added holes, 0 changed sides, 0 changed coefficients
 0 implications, 0 cliques, 0 implied integral variables (0 bin, 0 int, 0 cont)
presolved problem has 181 variables (171 bin, 0 int, 10 cont) and 1958 constraints
   1958 constraints of type <linear>
Presolving Time: 0.00
transformed 2/2 original solutions to the transformed problem space

 time | node  | left  |LP iter|LP it/n|mem/heur|mdpt |vars |cons |rows |cuts |sepa|confs|strbr|  dualbound   | primalbound  |  gap   | compl. 
p 0.0s|     1 |     0 |     1 |     - |   locks|   0 | 181 |1958 |1958 |   0 |  0 |   0 |   0 | 2.180000e+02 |-2.841901e+02 |    Inf | unknown
  0.0s|     1 |     0 |   139 |     - |    10M |   0 | 181 |1958 |1958 |   0 |  0 |   0 |   0 |-1.300339e+02 |-2.841901e+02 | 118.55%| unknown
r 0.0s|     1 |     0 |   139 |     - |shifting|   0 | 181 |1958 |1958 |   0 |  0 |   0 |   0 |-1.300339e+02 |-1.377398e+02 |   5.93%| unknown
  0.0s|     1 |     0 |   145 |     - |    11M |   0 | 181 |1958 |1959 |   1 |  1 |   0 |   0 |-1.300852e+02 |-1.377398e+02 |   5.88%| unknown
r 0.0s|     1 |     0 |   145 |     - |shifting|   0 | 181 |1958 |1959 |   1 |  1 |   0 |   0 |-1.300852e+02 |-1.356711e+02 |   4.29%| unknown
  0.0s|     1 |     0 |   145 |     - |    11M |   0 | 181 |1958 |1959 |   1 |  1 |   0 |   0 |-1.300852e+02 |-1.356711e+02 |   4.29%| unknown
  0.0s|     1 |     0 |   148 |     - |    11M |   0 | 181 |1958 |1960 |   2 |  2 |   0 |   0 |-1.300951e+02 |-1.356711e+02 |   4.29%| unknown
  0.1s|     1 |     0 |   149 |     - |    11M |   0 | 181 |1958 |1961 |   3 |  3 |   0 |   0 |-1.300994e+02 |-1.356711e+02 |   4.28%| unknown
r 0.1s|     1 |     0 |   149 |     - |shifting|   0 | 181 |1958 |1961 |   3 |  3 |   0 |   0 |-1.300994e+02 |-1.316711e+02 |   1.21%| unknown
  0.1s|     1 |     0 |   154 |     - |    12M |   0 | 181 |1958 |1962 |   4 |  4 |   0 |   0 |-1.301060e+02 |-1.316711e+02 |   1.20%| unknown
  0.1s|     1 |     0 |   154 |     - |    12M |   0 | 181 |1958 |1544 |   4 |  4 |   0 |   0 |-1.301060e+02 |-1.316711e+02 |   1.20%| unknown
  0.1s|     1 |     0 |   155 |     - |    12M |   0 | 181 |1958 |1545 |   5 |  5 |   0 |   0 |-1.301067e+02 |-1.316711e+02 |   1.20%| unknown
  0.1s|     1 |     0 |   160 |     - |    12M |   0 | 181 |1958 |1546 |   6 |  6 |   0 |   0 |-1.301111e+02 |-1.316711e+02 |   1.20%| unknown
  0.1s|     1 |     0 |   160 |     - |    12M |   0 | 181 |1472 |1546 |   6 |  7 |   0 |   0 |-1.301111e+02 |-1.316711e+02 |   1.20%| unknown
d 0.1s|     1 |     0 |   160 |     - |farkasdi|   0 | 181 |1472 |1546 |   0 |  8 |   0 |   0 |-1.301111e+02 |-1.301111e+02 |   0.00%| unknown
 time | node  | left  |LP iter|LP it/n|mem/heur|mdpt |vars |cons |rows |cuts |sepa|confs|strbr|  dualbound   | primalbound  |  gap   | compl. 
  0.1s|     1 |     0 |   160 |     - |    12M |   0 | 181 |1472 |1546 |   6 |  8 |   0 |   0 |-1.301111e+02 |-1.301111e+02 |   0.00%| unknown

SCIP Status        : problem is solved [optimal solution found]
Solving Time (sec) : 0.09
Solving Nodes      : 1
Primal Bound       : -1.30111111111111e+02 (10 solutions)
Dual Bound         : -1.30111111111111e+02
Gap                : 0.00 %
  [linear] <c1959>: <x176>[C] (+34.7339181) +0.634502924<x1>[B] (+1) -0.634502924<x2>[B] (+0) -0.634502924<x3>[B] (+1) +0.634502924<x4>[B] (+1) +0.634502924<x5>[B] (+1) -0.634502924<x6>[B] (+1) -0.634502924<x7>[B] (+1) +0.634502924<x8>[B] (+1) -0.634502924<x9>[B] (+1) +0.634502924<x10>[B] (+0) +0.634502924<x11>[B] (+1) +0.634502924<x12>[B] (+1) +0.634502924<x13>[B] (+0) +0.634502924<x14>[B] (+0) -0.634502924<x15>[B] (+1) -0.634502924<x16>[B] (+1) +0.634502924<x17>[B] (-1.4280321e-12) +0.634502924<x18>[B] (+0) -0.634502924<x19>[B] (+0) -0.634502924<x20>[B] (+1) -0.634502924<x21>[B] (+1) +0.634502924<x22>[B] (+0) -0.634502924<x23>[B] (+1) -0.634502924<x24>[B] (+0) -0.634502924<x25>[B] (+1) -0.634502924<x26>[B] (+1) +0.634502924<x27>[B] (+0) +0.634502924<x28>[B] (+0) -0.634502924<x29>[B] (+1) +0.634502924<x30>[B] (+0) -0.634502924<x31>[B] (+0) -0.634502924<x32>[B] (+1) -0.634502924<x33>[B] (+1) -0.634502924<x34>[B] (-2.0912753e-12) -0.634502924<x35>[B] (+0) +0.634502924<x36>[B] (+1) +0.634502924<x37>[B] (+1) +0.634502924<x38>[B] (+1) +0.634502924<x39>[B] (+1) +0.634502924<x40>[B] (+1) +0.634502924<x41>[B] (+1) +0.634502924<x42>[B] (+1) +0.634502924<x43>[B] (+1) +0.634502924<x44>[B] (+1) +0.634502924<x45>[B] (+1) +0.634502924<x46>[B] (+1) +0.634502924<x47>[B] (+1) +0.634502924<x48>[B] (+1) +0.634502924<x49>[B] (+1) +0.634502924<x50>[B] (+1) +0.634502924<x51>[B] (+1) +0.634502924<x52>[B] (+1) +0.634502924<x53>[B] (+0) -0.634502924<x54>[B] (+1) -0.634502924<x55>[B] (+0) +0.634502924<x56>[B] (+0) -0.634502924<x57>[B] (+1) +0.634502924<x58>[B] (+0) +0.634502924<x59>[B] (+0) +0.634502924<x60>[B] (+1) +0.634502924<x61>[B] (+0) +0.634502924<x62>[B] (+0) -0.634502924<x63>[B] (+1) -0.634502924<x64>[B] (+1) +0.634502924<x65>[B] (+0) +0.634502924<x66>[B] (+0) +0.634502924<x67>[B] (+0) -0.634502924<x68>[B] (+1) -0.634502924<x69>[B] (+0) +0.634502924<x70>[B] (+0) -0.634502924<x71>[B] (+1) +0.634502924<x72>[B] (+0) +0.634502924<x73>[B] (+0) +0.634502924<x74>[B] (+1) +0.634502924<x75>[B] (+0) +0.634502924<x76>[B] (+0) -0.634502924<x77>[B] (+1) -0.634502924<x78>[B] (+1) +0.634502924<x79>[B] (+0) +0.634502924<x80>[B] (+0) -0.634502924<x81>[B] (+1) -0.634502924<x82>[B] (+0) -0.634502924<x83>[B] (+1) -0.634502924<x84>[B] (+1) +0.634502924<x85>[B] (+0) +0.634502924<x86>[B] (+0) -0.634502924<x87>[B] (+1) +0.634502924<x88>[B] (+0) -0.634502924<x89>[B] (+0) -0.634502924<x90>[B] (+1) -0.634502924<x91>[B] (+1) -0.634502924<x92>[B] (+0) -0.634502924<x93>[B] (+0) +0.634502924<x94>[B] (+0) +0.634502924<x95>[B] (+0) +0.634502924<x96>[B] (+0) +0.634502924<x97>[B] (+0) +0.634502924<x98>[B] (+0) +0.634502924<x99>[B] (+1) +0.634502924<x100>[B] (+0) +0.634502924<x101>[B] (+0) +0.634502924<x102>[B] (+1) +0.634502924<x103>[B] (+0) +0.634502924<x104>[B] (+0) +0.634502924<x105>[B] (+0) +0.634502924<x106>[B] (+1) -0.634502924<x107>[B] (+1) +0.634502924<x108>[B] (+0) +0.634502924<x109>[B] (+1) +0.634502924<x110>[B] (+1) +0.634502924<x111>[B] (+0) +0.634502924<x112>[B] (+0) +0.634502924<x113>[B] (+1) -0.634502924<x114>[B] (+1) +0.634502924<x115>[B] (+0) +0.634502924<x116>[B] (+0) -0.634502924<x117>[B] (+1) +0.634502924<x118>[B] (+0) +0.634502924<x119>[B] (+0) -0.634502924<x120>[B] (+1) +0.634502924<x121>[B] (+0) -0.634502924<x122>[B] (+0) -0.634502924<x123>[B] (+1) -0.634502924<x124>[B] (+1) -0.634502924<x125>[B] (+0) -0.634502924<x126>[B] (+0) +0.634502924<x127>[B] (+0) +0.634502924<x128>[B] (+0) +0.634502924<x129>[B] (+1) +0.634502924<x130>[B] (+0) +0.634502924<x131>[B] (+0) +0.634502924<x132>[B] (+1) -0.634502924<x133>[B] (+0) +0.634502924<x134>[B] (+0) +0.634502924<x135>[B] (+0) -0.634502924<x136>[B] (+1) -0.634502924<x137>[B] (+1) -0.634502924<x138>[B] (+0) -0.634502924<x139>[B] (+0) -0.634502924<x140>[B] (+1) -0.634502924<x141>[B] (+1) -0.634502924<x142>[B] (-1.4280321e-12) -0.634502924<x143>[B] (+1) -0.634502924<x144>[B] (+1) +0.634502924<x145>[B] (+0) -0.634502924<x146>[B] (+0) -0.634502924<x147>[B] (+1) -0.634502924<x148>[B] (+1) -0.634502924<x149>[B] (-1.4280321e-12) -0.634502924<x150>[B] (+0) +0.634502924<x151>[B] (+0) +0.634502924<x152>[B] (+0) -0.634502924<x153>[B] (+1) -0.634502924<x154>[B] (+0) -0.634502924<x155>[B] (+0) +0.634502924<x156>[B] (+0) -0.634502924<x157>[B] (+1) -0.634502924<x158>[B] (+1) -0.634502924<x159>[B] (+1) -0.634502924<x160>[B] (-1.4280321e-12) -0.634502924<x161>[B] (+1) -0.634502924<x162>[B] (+1) -0.634502924<x163>[B] (+1) -0.634502924<x164>[B] (-1.4280321e-12) +0.634502924<x165>[B] (+1) -0.634502924<x166>[B] (+0) +0.634502924<x167>[B] (+0) +0.634502924<x168>[B] (+0) +0.634502924<x169>[B] (+0) +0.634502924<x170>[B] (+0) +0.634502924<x171>[B] (+1) >= 25.8567251461988;
;
violation: left hand side is violated by 0.00584795321634246
  [linear] <c1959>: <x176>[C] (+35.3625731) +0.634502924<x1>[B] (+1) -0.634502924<x2>[B] (+0) -0.634502924<x3>[B] (+1) +0.634502924<x4>[B] (+1) +0.634502924<x5>[B] (+1) -0.634502924<x6>[B] (+1) -0.634502924<x7>[B] (+1) +0.634502924<x8>[B] (+1) -0.634502924<x9>[B] (+1) +0.634502924<x10>[B] (+0) +0.634502924<x11>[B] (+1) +0.634502924<x12>[B] (+1) +0.634502924<x13>[B] (+0) +0.634502924<x14>[B] (+0) -0.634502924<x15>[B] (+1) -0.634502924<x16>[B] (+1) +0.634502924<x17>[B] (+0) +0.634502924<x18>[B] (+0) -0.634502924<x19>[B] (+0) -0.634502924<x20>[B] (+1) -0.634502924<x21>[B] (+1) +0.634502924<x22>[B] (+0) -0.634502924<x23>[B] (+1) -0.634502924<x24>[B] (+0) -0.634502924<x25>[B] (+0) -0.634502924<x26>[B] (+1) +0.634502924<x27>[B] (+0) +0.634502924<x28>[B] (+0) -0.634502924<x29>[B] (+1) +0.634502924<x30>[B] (+0) -0.634502924<x31>[B] (+0) -0.634502924<x32>[B] (+1) -0.634502924<x33>[B] (+1) -0.634502924<x34>[B] (+0) -0.634502924<x35>[B] (+0) +0.634502924<x36>[B] (+1) +0.634502924<x37>[B] (+1) +0.634502924<x38>[B] (+1) +0.634502924<x39>[B] (+1) +0.634502924<x40>[B] (+1) +0.634502924<x41>[B] (+1) +0.634502924<x42>[B] (+1) +0.634502924<x43>[B] (+1) +0.634502924<x44>[B] (+1) +0.634502924<x45>[B] (+1) +0.634502924<x46>[B] (+1) +0.634502924<x47>[B] (+1) +0.634502924<x48>[B] (+1) +0.634502924<x49>[B] (+1) +0.634502924<x50>[B] (+1) +0.634502924<x51>[B] (+1) +0.634502924<x52>[B] (+1) +0.634502924<x53>[B] (+0) -0.634502924<x54>[B] (+1) -0.634502924<x55>[B] (+0) +0.634502924<x56>[B] (+0) -0.634502924<x57>[B] (+1) +0.634502924<x58>[B] (+0) +0.634502924<x59>[B] (+0) +0.634502924<x60>[B] (+1) +0.634502924<x61>[B] (+0) +0.634502924<x62>[B] (+0) -0.634502924<x63>[B] (+1) -0.634502924<x64>[B] (+1) +0.634502924<x65>[B] (+0) +0.634502924<x66>[B] (+0) +0.634502924<x67>[B] (+0) -0.634502924<x68>[B] (+1) -0.634502924<x69>[B] (+0) +0.634502924<x70>[B] (+0) -0.634502924<x71>[B] (+1) +0.634502924<x72>[B] (+0) +0.634502924<x73>[B] (+0) +0.634502924<x74>[B] (+1) +0.634502924<x75>[B] (+0) +0.634502924<x76>[B] (+0) -0.634502924<x77>[B] (+1) -0.634502924<x78>[B] (+1) +0.634502924<x79>[B] (+0) +0.634502924<x80>[B] (+0) -0.634502924<x81>[B] (+1) -0.634502924<x82>[B] (+0) -0.634502924<x83>[B] (+1) -0.634502924<x84>[B] (+1) +0.634502924<x85>[B] (+0) +0.634502924<x86>[B] (+0) -0.634502924<x87>[B] (+1) +0.634502924<x88>[B] (+0) -0.634502924<x89>[B] (+0) -0.634502924<x90>[B] (+1) -0.634502924<x91>[B] (+1) -0.634502924<x92>[B] (+0) -0.634502924<x93>[B] (+0) +0.634502924<x94>[B] (+0) +0.634502924<x95>[B] (+0) +0.634502924<x96>[B] (+0) +0.634502924<x97>[B] (+0) +0.634502924<x98>[B] (+0) +0.634502924<x99>[B] (+1) +0.634502924<x100>[B] (+0) +0.634502924<x101>[B] (+0) +0.634502924<x102>[B] (+1) +0.634502924<x103>[B] (+0) +0.634502924<x104>[B] (+0) +0.634502924<x105>[B] (+0) +0.634502924<x106>[B] (+1) -0.634502924<x107>[B] (+1) +0.634502924<x108>[B] (+0) +0.634502924<x109>[B] (+0) +0.634502924<x110>[B] (+1) +0.634502924<x111>[B] (+0) +0.634502924<x112>[B] (+0) +0.634502924<x113>[B] (+1) -0.634502924<x114>[B] (+1) +0.634502924<x115>[B] (+0) +0.634502924<x116>[B] (+0) -0.634502924<x117>[B] (+1) +0.634502924<x118>[B] (+0) +0.634502924<x119>[B] (+0) -0.634502924<x120>[B] (+1) +0.634502924<x121>[B] (+0) -0.634502924<x122>[B] (+0) -0.634502924<x123>[B] (+1) -0.634502924<x124>[B] (+1) -0.634502924<x125>[B] (+0) -0.634502924<x126>[B] (+0) +0.634502924<x127>[B] (+0) +0.634502924<x128>[B] (+0) +0.634502924<x129>[B] (+1) +0.634502924<x130>[B] (+0) +0.634502924<x131>[B] (+0) +0.634502924<x132>[B] (+1) -0.634502924<x133>[B] (+0) +0.634502924<x134>[B] (+0) +0.634502924<x135>[B] (+0) -0.634502924<x136>[B] (+1) -0.634502924<x137>[B] (+1) -0.634502924<x138>[B] (+0) -0.634502924<x139>[B] (+0) -0.634502924<x140>[B] (+1) -0.634502924<x141>[B] (+1) -0.634502924<x142>[B] (+0) -0.634502924<x143>[B] (+1) -0.634502924<x144>[B] (+1) +0.634502924<x145>[B] (+0) -0.634502924<x146>[B] (+0) -0.634502924<x147>[B] (+1) -0.634502924<x148>[B] (+1) -0.634502924<x149>[B] (+0) -0.634502924<x150>[B] (+0) +0.634502924<x151>[B] (+0) +0.634502924<x152>[B] (+0) -0.634502924<x153>[B] (+1) -0.634502924<x154>[B] (+0) -0.634502924<x155>[B] (+0) +0.634502924<x156>[B] (+0) -0.634502924<x157>[B] (+1) -0.634502924<x158>[B] (+1) -0.634502924<x159>[B] (+1) -0.634502924<x160>[B] (+1) -0.634502924<x161>[B] (+1) -0.634502924<x162>[B] (+1) -0.634502924<x163>[B] (+1) -0.634502924<x164>[B] (+0) +0.634502924<x165>[B] (+1) -0.634502924<x166>[B] (+0) +0.634502924<x167>[B] (+0) +0.634502924<x168>[B] (+0) +0.634502924<x169>[B] (+0) +0.634502924<x170>[B] (+0) +0.634502924<x171>[B] (+1) >= 25.8567251461988;
;
violation: left hand side is violated by 0.0116959064327347
8/10 feasible solutions given by solution candidate storage, new primal bound -1.316711e+02

presolving:
   (0.0s) symmetry computation started: requiring (bin +, int +, cont +), (fixed: bin -, int -, cont -)
   (0.0s) no symmetry present (symcode time: 0.00)
presolving (0 rounds: 0 fast, 0 medium, 0 exhaustive):
 0 deleted vars, 0 deleted constraints, 0 added constraints, 0 tightened bounds, 0 added holes, 0 changed sides, 0 changed coefficients
 0 implications, 0 cliques, 0 implied integral variables (0 bin, 0 int, 0 cont)
presolved problem has 181 variables (171 bin, 0 int, 10 cont) and 1961 constraints
   1961 constraints of type <linear>
Presolving Time: 0.00
transformed 8/8 original solutions to the transformed problem space

 time | node  | left  |LP iter|LP it/n|mem/heur|mdpt |vars |cons |rows |cuts |sepa|confs|strbr|  dualbound   | primalbound  |  gap   | compl. 
  0.0s|     1 |     0 |   143 |     - |    12M |   0 | 181 |1961 |1961 |   0 |  0 |   0 |   0 |-1.301146e+02 |-1.316711e+02 |   1.20%| unknown
  0.0s|     1 |     0 |   143 |     - |    12M |   0 | 181 |1961 |1515 |   0 |  0 |   0 |   0 |-1.301146e+02 |-1.316711e+02 |   1.20%| unknown
  0.0s|     1 |     0 |   150 |     - |    12M |   0 | 181 |1961 |1516 |   1 |  1 |   0 |   0 |-1.301708e+02 |-1.316711e+02 |   1.15%| unknown
  0.0s|     1 |     0 |   155 |     - |    13M |   0 | 181 |1961 |1517 |   2 |  2 |   0 |   0 |-1.301809e+02 |-1.316711e+02 |   1.14%| unknown
  0.1s|     1 |     0 |   156 |     - |    13M |   0 | 181 |1961 |1518 |   3 |  3 |   0 |   0 |-1.301813e+02 |-1.316711e+02 |   1.14%| unknown
  0.1s|     1 |     0 |   156 |     - |    13M |   0 | 181 |1388 |1518 |   3 |  4 |   0 |   0 |-1.301813e+02 |-1.316711e+02 |   1.14%| unknown
d 0.1s|     1 |     0 |   156 |     - |farkasdi|   0 | 181 |1388 |1518 |   0 |  5 |   0 |   0 |-1.301813e+02 |-1.301813e+02 |   0.00%| unknown
  0.1s|     1 |     0 |   156 |     - |    13M |   0 | 181 |1388 |1518 |   3 |  5 |   0 |   0 |-1.301813e+02 |-1.301813e+02 |   0.00%| unknown

SCIP Status        : problem is solved [optimal solution found]
Solving Time (sec) : 0.05
Solving Nodes      : 1
Primal Bound       : -1.30181286549708e+02 (13 solutions)
Dual Bound         : -1.30181286549708e+02
Gap                : 0.00 %
  [linear] <c1962>: <x174>[C] (+24.2076023) +0.529239766<x1>[B] (+1) +0.529239766<x2>[B] (+0) +0.529239766<x3>[B] (+1) +0.529239766<x4>[B] (+1) +0.529239766<x5>[B] (+1) +0.529239766<x6>[B] (+1) +0.529239766<x7>[B] (+1) +0.529239766<x8>[B] (+1) +0.529239766<x9>[B] (+1) +0.529239766<x10>[B] (+0) -0.529239766<x11>[B] (+1) +0.529239766<x12>[B] (+1) +0.529239766<x13>[B] (+0) +0.529239766<x14>[B] (+0) +0.529239766<x15>[B] (+1) +0.529239766<x16>[B] (+1) +0.529239766<x17>[B] (-7.01288564e-13) +0.529239766<x18>[B] (+0) +0.529239766<x19>[B] (+0) -0.529239766<x20>[B] (+1) +0.529239766<x21>[B] (+1) -0.529239766<x22>[B] (+0) -0.529239766<x23>[B] (+1) -0.529239766<x24>[B] (+0) -0.529239766<x25>[B] (-2.59199144e-12) -0.529239766<x26>[B] (+1) -0.529239766<x27>[B] (+0) -0.529239766<x28>[B] (+0) -0.529239766<x29>[B] (+1) -0.529239766<x30>[B] (+0) -0.529239766<x31>[B] (+0) -0.529239766<x32>[B] (+1) +0.529239766<x33>[B] (+1) -0.529239766<x34>[B] (+0) -0.529239766<x35>[B] (+0) -0.529239766<x36>[B] (+1) +0.529239766<x37>[B] (+1) -0.529239766<x38>[B] (+1) -0.529239766<x39>[B] (+1) -0.529239766<x40>[B] (+1) -0.529239766<x41>[B] (+1) -0.529239766<x42>[B] (+1) -0.529239766<x43>[B] (+1) -0.529239766<x44>[B] (+1) -0.529239766<x45>[B] (+1) -0.529239766<x46>[B] (+1) -0.529239766<x47>[B] (+1) -0.529239766<x48>[B] (+1) -0.529239766<x49>[B] (+1) -0.529239766<x50>[B] (+1) -0.529239766<x51>[B] (+1) +0.529239766<x52>[B] (+1) -0.529239766<x53>[B] (+0) -0.529239766<x54>[B] (+1) -0.529239766<x55>[B] (+0) -0.529239766<x56>[B] (+0) -0.529239766<x57>[B] (+1) -0.529239766<x58>[B] (+0) -0.529239766<x59>[B] (+0) -0.529239766<x60>[B] (+1) -0.529239766<x61>[B] (+0) -0.529239766<x62>[B] (+0) -0.529239766<x63>[B] (+1) +0.529239766<x64>[B] (+1) -0.529239766<x65>[B] (+0) -0.529239766<x66>[B] (+0) -0.529239766<x67>[B] (+0) -0.529239766<x68>[B] (+1) -0.529239766<x69>[B] (+0) -0.529239766<x70>[B] (+0) -0.529239766<x71>[B] (+1) -0.529239766<x72>[B] (+0) -0.529239766<x73>[B] (+0) -0.529239766<x74>[B] (+1) -0.529239766<x75>[B] (+0) -0.529239766<x76>[B] (+0) -0.529239766<x77>[B] (+1) -0.529239766<x78>[B] (+1) -0.529239766<x79>[B] (+0) -0.529239766<x80>[B] (+0) +0.529239766<x81>[B] (+1) +0.529239766<x82>[B] (+0) +0.529239766<x83>[B] (+1) +0.529239766<x84>[B] (+1) +0.529239766<x85>[B] (+0) -0.529239766<x86>[B] (+0) +0.529239766<x87>[B] (+1) +0.529239766<x88>[B] (+0) +0.529239766<x89>[B] (+0) +0.529239766<x90>[B] (+1) +0.529239766<x91>[B] (+1) +0.529239766<x92>[B] (+0) +0.529239766<x93>[B] (+0) -0.529239766<x94>[B] (+0) -0.529239766<x95>[B] (+0) +0.529239766<x96>[B] (+0) -0.529239766<x97>[B] (+0) -0.529239766<x98>[B] (+0) -0.529239766<x99>[B] (+1) +0.529239766<x100>[B] (+0) -0.529239766<x101>[B] (+0) -0.529239766<x102>[B] (+1) +0.529239766<x103>[B] (+0) +0.529239766<x104>[B] (+0) +0.529239766<x105>[B] (+0) -0.529239766<x106>[B] (+1) +0.529239766<x107>[B] (+1) -0.529239766<x108>[B] (+0) -0.529239766<x109>[B] (+1) -0.529239766<x110>[B] (+1) +0.529239766<x111>[B] (+0) +0.529239766<x112>[B] (+0) -0.529239766<x113>[B] (+1) +0.529239766<x114>[B] (+1) +0.529239766<x115>[B] (+0) +0.529239766<x116>[B] (+0) +0.529239766<x117>[B] (+1) +0.529239766<x118>[B] (+0) -0.529239766<x119>[B] (+0) +0.529239766<x120>[B] (+1) +0.529239766<x121>[B] (+0) +0.529239766<x122>[B] (+0) +0.529239766<x123>[B] (+1) +0.529239766<x124>[B] (+1) +0.529239766<x125>[B] (+0) +0.529239766<x126>[B] (+0) -0.529239766<x127>[B] (+0) -0.529239766<x128>[B] (+0) -0.529239766<x129>[B] (+1) -0.529239766<x130>[B] (+0) -0.529239766<x131>[B] (+0) -0.529239766<x132>[B] (+1) +0.529239766<x133>[B] (+0) +0.529239766<x134>[B] (+0) -0.529239766<x135>[B] (+0) -0.529239766<x136>[B] (+1) +0.529239766<x137>[B] (+1) +0.529239766<x138>[B] (+0) +0.529239766<x139>[B] (+0) +0.529239766<x140>[B] (+1) +0.529239766<x141>[B] (+1) +0.529239766<x142>[B] (-7.01288564e-13) +0.529239766<x143>[B] (+1) +0.529239766<x144>[B] (+1) +0.529239766<x145>[B] (+0) +0.529239766<x146>[B] (+0) +0.529239766<x147>[B] (+1) +0.529239766<x148>[B] (+1) +0.529239766<x149>[B] (-7.01288564e-13) +0.529239766<x150>[B] (+0) +0.529239766<x151>[B] (+0) +0.529239766<x152>[B] (+0) -0.529239766<x153>[B] (+1) +0.529239766<x154>[B] (+0) +0.529239766<x155>[B] (+0) +0.529239766<x156>[B] (+0) -0.529239766<x157>[B] (+1) -0.529239766<x158>[B] (+1) +0.529239766<x159>[B] (+1) +0.529239766<x160>[B] (-7.01288564e-13) -0.529239766<x161>[B] (+1) -0.529239766<x162>[B] (+1) +0.529239766<x163>[B] (+1) +0.529239766<x164>[B] (-7.01288564e-13) +0.529239766<x165>[B] (+1) +0.529239766<x166>[B] (+0) +0.529239766<x167>[B] (+0) +0.529239766<x168>[B] (+0) -0.529239766<x169>[B] (+0) -0.529239766<x170>[B] (+0) -0.529239766<x171>[B] (+1) >= 20.5087719298246;
;
violation: left hand side is violated by 0.00584795321633891
  [linear] <c1963>: <x178>[C] (+39.3391813) -0.675438596<x1>[B] (+1) -0.675438596<x2>[B] (+0) -0.675438596<x3>[B] (+1) -0.675438596<x4>[B] (+1) +0.675438596<x5>[B] (+1) -0.675438596<x6>[B] (+1) -0.675438596<x7>[B] (+1) +0.675438596<x8>[B] (+1) -0.675438596<x9>[B] (+1) -0.675438596<x10>[B] (+0) -0.675438596<x11>[B] (+1) -0.675438596<x12>[B] (+1) +0.675438596<x13>[B] (+0) +0.675438596<x14>[B] (+0) -0.675438596<x15>[B] (+1) -0.675438596<x16>[B] (+1) +0.675438596<x17>[B] (+8.16733255e-14) -0.675438596<x18>[B] (+0) +0.675438596<x19>[B] (+0) -0.675438596<x20>[B] (+1) -0.675438596<x21>[B] (+1) +0.675438596<x22>[B] (+0) -0.675438596<x23>[B] (+1) -0.675438596<x24>[B] (+0) +0.675438596<x25>[B] (+0) -0.675438596<x26>[B] (+1) -0.675438596<x27>[B] (+0) -0.675438596<x28>[B] (+0) -0.675438596<x29>[B] (+1) +0.675438596<x30>[B] (+0) +0.675438596<x31>[B] (+0) -0.675438596<x32>[B] (+1) +0.675438596<x33>[B] (+1) +0.675438596<x34>[B] (+0) -0.675438596<x35>[B] (+0) -0.675438596<x36>[B] (+1) -0.675438596<x37>[B] (+1) +0.675438596<x38>[B] (+1) -0.675438596<x39>[B] (+1) -0.675438596<x40>[B] (+1) +0.675438596<x41>[B] (+1) -0.675438596<x42>[B] (+1) -0.675438596<x43>[B] (+1) -0.675438596<x44>[B] (+1) -0.675438596<x45>[B] (+1) +0.675438596<x46>[B] (+1) +0.675438596<x47>[B] (+1) -0.675438596<x48>[B] (+1) -0.675438596<x49>[B] (+1) +0.675438596<x50>[B] (+1) -0.675438596<x51>[B] (+1) -0.675438596<x52>[B] (+1) +0.675438596<x53>[B] (+0) -0.675438596<x54>[B] (+1) -0.675438596<x55>[B] (+0) +0.675438596<x56>[B] (+0) +0.675438596<x57>[B] (+1) -0.675438596<x58>[B] (+0) -0.675438596<x59>[B] (+0) -0.675438596<x60>[B] (+1) +0.675438596<x61>[B] (+0) +0.675438596<x62>[B] (+0) +0.675438596<x63>[B] (+1) +0.675438596<x64>[B] (+1) +0.675438596<x65>[B] (+0) -0.675438596<x66>[B] (+0) +0.675438596<x67>[B] (+0) -0.675438596<x68>[B] (+1) -0.675438596<x69>[B] (+0) +0.675438596<x70>[B] (+0) +0.675438596<x71>[B] (+1) +0.675438596<x72>[B] (+0) -0.675438596<x73>[B] (+0) -0.675438596<x74>[B] (+1) +0.675438596<x75>[B] (+0) +0.675438596<x76>[B] (+0) +0.675438596<x77>[B] (+1) +0.675438596<x78>[B] (+1) +0.675438596<x79>[B] (+0) +0.675438596<x80>[B] (+0) -0.675438596<x81>[B] (+1) -0.675438596<x82>[B] (+0) -0.675438596<x83>[B] (+1) -0.675438596<x84>[B] (+1) -0.675438596<x85>[B] (+0) -0.675438596<x86>[B] (+0) -0.675438596<x87>[B] (+1) -0.675438596<x88>[B] (+0) -0.675438596<x89>[B] (+0) -0.675438596<x90>[B] (+1) -0.675438596<x91>[B] (+1) -0.675438596<x92>[B] (+0) -0.675438596<x93>[B] (+0) +0.675438596<x94>[B] (+0) +0.675438596<x95>[B] (+0) +0.675438596<x96>[B] (+0) +0.675438596<x97>[B] (+0) +0.675438596<x98>[B] (+0) +0.675438596<x99>[B] (+1) +0.675438596<x100>[B] (+0) +0.675438596<x101>[B] (+0) +0.675438596<x102>[B] (+1) +0.675438596<x103>[B] (+0) +0.675438596<x104>[B] (+0) +0.675438596<x105>[B] (+0) +0.675438596<x106>[B] (+1) +0.675438596<x107>[B] (+1) +0.675438596<x108>[B] (+0) -0.675438596<x109>[B] (+1) -0.675438596<x110>[B] (+1) +0.675438596<x111>[B] (+0) +0.675438596<x112>[B] (+0) +0.675438596<x113>[B] (+1) +0.675438596<x114>[B] (+1) +0.675438596<x115>[B] (+0) +0.675438596<x116>[B] (+0) -0.675438596<x117>[B] (+1) -0.675438596<x118>[B] (+0) -0.675438596<x119>[B] (+0) -0.675438596<x120>[B] (+1) +0.675438596<x121>[B] (+0) +0.675438596<x122>[B] (+0) -0.675438596<x123>[B] (+1) -0.675438596<x124>[B] (+1) +0.675438596<x125>[B] (+0) -0.675438596<x126>[B] (+0) -0.675438596<x127>[B] (+0) -0.675438596<x128>[B] (+0) -0.675438596<x129>[B] (+1) +0.675438596<x130>[B] (+0) +0.675438596<x131>[B] (+0) +0.675438596<x132>[B] (+1) +0.675438596<x133>[B] (+0) +0.675438596<x134>[B] (+0) -0.675438596<x135>[B] (+0) -0.675438596<x136>[B] (+1) -0.675438596<x137>[B] (+1) +0.675438596<x138>[B] (+0) +0.675438596<x139>[B] (+0) +0.675438596<x140>[B] (+1) +0.675438596<x141>[B] (+1) +0.675438596<x142>[B] (+8.16733255e-14) -0.675438596<x143>[B] (+1) -0.675438596<x144>[B] (+1) +0.675438596<x145>[B] (+0) +0.675438596<x146>[B] (+0) +0.675438596<x147>[B] (+1) +0.675438596<x148>[B] (+1) +0.675438596<x149>[B] (+8.16733255e-14) +0.675438596<x150>[B] (+0) +0.675438596<x151>[B] (+0) +0.675438596<x152>[B] (+0) +0.675438596<x153>[B] (+1) +0.675438596<x154>[B] (+0) +0.675438596<x155>[B] (+0) +0.675438596<x156>[B] (+0) +0.675438596<x157>[B] (+1) -0.675438596<x158>[B] (+1) -0.675438596<x159>[B] (+1) +0.675438596<x160>[B] (+8.16733255e-14) -0.675438596<x161>[B] (+1) -0.675438596<x162>[B] (+1) -0.675438596<x163>[B] (+1) +0.675438596<x164>[B] (+8.16733255e-14) -0.675438596<x165>[B] (+1) +0.675438596<x166>[B] (+0) +0.675438596<x167>[B] (+0) -0.675438596<x168>[B] (+0) +0.675438596<x169>[B] (+0) -0.675438596<x170>[B] (+0) -0.675438596<x171>[B] (+1) >= 19.7573099415205;
;
violation: left hand side is violated by 0.00584795321638509
8/10 feasible solutions given by solution candidate storage, new primal bound -1.362100e+02

presolving:
   (0.0s) symmetry computation started: requiring (bin +, int +, cont +), (fixed: bin -, int -, cont -)
   (0.0s) no symmetry present (symcode time: 0.00)
presolving (0 rounds: 0 fast, 0 medium, 0 exhaustive):
 0 deleted vars, 0 deleted constraints, 0 added constraints, 0 tightened bounds, 0 added holes, 0 changed sides, 0 changed coefficients
 0 implications, 0 cliques, 0 implied integral variables (0 bin, 0 int, 0 cont)
presolved problem has 181 variables (171 bin, 0 int, 10 cont) and 1964 constraints
   1964 constraints of type <linear>
Presolving Time: 0.00
transformed 9/9 original solutions to the transformed problem space

 time | node  | left  |LP iter|LP it/n|mem/heur|mdpt |vars |cons |rows |cuts |sepa|confs|strbr|  dualbound   | primalbound  |  gap   | compl. 
  0.0s|     1 |     0 |   140 |     - |    13M |   0 | 181 |1964 |1964 |   0 |  0 |   0 |   0 |-1.301485e+02 |-1.362100e+02 |   4.66%| unknown
  0.0s|     1 |     0 |   150 |     - |    13M |   0 | 181 |1964 |1965 |   1 |  1 |   0 |   0 |-1.301871e+02 |-1.362100e+02 |   4.63%| unknown
r 0.0s|     1 |     0 |   150 |     - |shifting|   0 | 181 |1964 |1965 |   1 |  1 |   0 |   0 |-1.301871e+02 |-1.317529e+02 |   1.20%| unknown
  0.0s|     1 |     0 |   156 |     - |    14M |   0 | 181 |1964 |1966 |   2 |  2 |   0 |   0 |-1.301886e+02 |-1.317529e+02 |   1.20%| unknown
  0.0s|     1 |     0 |   156 |     - |    14M |   0 | 181 |1964 |1520 |   2 |  2 |   0 |   0 |-1.301886e+02 |-1.317529e+02 |   1.20%| unknown
  0.0s|     1 |     0 |   157 |     - |    14M |   0 | 181 |1964 |1521 |   3 |  3 |   0 |   0 |-1.301901e+02 |-1.317529e+02 |   1.20%| unknown
  0.1s|     1 |     0 |   158 |     - |    14M |   0 | 181 |1964 |1522 |   4 |  4 |   0 |   0 |-1.301910e+02 |-1.317529e+02 |   1.20%| unknown
  0.1s|     1 |     0 |   159 |     - |    14M |   0 | 181 |1964 |1523 |   5 |  5 |   0 |   0 |-1.301915e+02 |-1.317529e+02 |   1.20%| unknown
  0.1s|     1 |     0 |   160 |     - |    14M |   0 | 181 |1964 |1524 |   6 |  6 |   0 |   0 |-1.301928e+02 |-1.317529e+02 |   1.20%| unknown
  0.1s|     1 |     0 |   161 |     - |    14M |   0 | 181 |1964 |1525 |   7 |  7 |   0 |   0 |-1.301929e+02 |-1.317529e+02 |   1.20%| unknown
  0.1s|     1 |     0 |   163 |     - |    15M |   0 | 181 |1964 |1526 |   8 |  8 |   0 |   0 |-1.301930e+02 |-1.317529e+02 |   1.20%| unknown
  0.1s|     1 |     0 |   163 |     - |    15M |   0 | 181 |1391 |1526 |   8 |  9 |   0 |   0 |-1.301930e+02 |-1.317529e+02 |   1.20%| unknown
d 0.1s|     1 |     0 |   163 |     - |farkasdi|   0 | 181 |1391 |1526 |   0 | 10 |   0 |   0 |-1.301930e+02 |-1.301930e+02 |   0.00%| unknown
  0.1s|     1 |     0 |   163 |     - |    15M |   0 | 181 |1391 |1526 |   8 | 10 |   0 |   0 |-1.301930e+02 |-1.301930e+02 |   0.00%| unknown

SCIP Status        : problem is solved [optimal solution found]
Solving Time (sec) : 0.09
Solving Nodes      : 1
Primal Bound       : -1.30192982456140e+02 (17 solutions)
Dual Bound         : -1.30192982456140e+02
Gap                : 0.00 %
