Loading instance...
Median ranking: [20, 12, 5, 19, 3, 2, 7, 17, 14, 16, 9, 15, 1, 11, 6, 18, 8, 13, 10, 4]
Mean ranking: [20, 6, 12, 5, 19, 3, 2, 7, 17, 14, 9, 15, 16, 1, 11, 18, 8, 10, 4, 13]
Actual error: 0.0029008625402807686
Weighted Kendall distance: 234.0
Normalized distance: 0.08796992481203007
sides, 0 chg coeffs, 0 upgd conss, 0 impls, 0 clqs, 0 implints
   (0.0s) symmetry computation started: requiring (bin +, int +, cont +), (fixed: bin -, int -, cont -)
   (0.0s) no symmetry present (symcode time: 0.00)
presolving (2 rounds: 2 fast, 2 medium, 1 exhaustive):
 0 deleted vars, 2280 deleted constraints, 1140 added constraints, 0 tightened bounds, 0 added holes, 0 changed sides, 0 changed coefficients
 0 implications, 0 cliques, 0 implied integral variables (0 bin, 0 int, 0 cont)
presolved problem has 190 variables (0 bin, 0 int, 190 cont) and 1140 constraints
   1140 constraints of type <linear>
Presolving Time: 0.01
transformed 3/3 original solutions to the transformed problem space

 time | node  | left  |LP iter|LP it/n|mem/heur|mdpt |vars |cons |rows |cuts |sepa|confs|strbr|  dualbound   | primalbound  |  gap   | compl. 
* 0.0s|     1 |     0 |    37 |     - |    LP  |   0 | 190 |1140 |1140 |   0 |  0 |   0 |   0 | 2.420000e+02 | 2.420000e+02 |   0.00%| unknown
  0.0s|     1 |     0 |    37 |     - |  7668k |   0 | 190 |1140 |1140 |   0 |  0 |   0 |   0 | 2.420000e+02 | 2.420000e+02 |   0.00%| unknown

SCIP Status        : problem is solved [optimal solution found]
Solving Time (sec) : 0.02
Solving Nodes      : 1
Primal Bound       : +2.42000000000000e+02 (4 solutions)
Dual Bound         : +2.42000000000000e+02
Gap                : 0.00 %
feasible solution found by trivial heuristic after 0.0 seconds, objective value 0.000000e+00
presolving:
   (0.0s) running MILP presolver
   (0.0s) MILP presolver (2 rounds): 0 aggregations, 0 fixings, 0 bound changes
(round 1, medium)     0 del vars, 2280 del conss, 1140 add conss, 0 chg bounds, 0 chg sides, 0 chg coeffs, 0 upgd conss, 0 impls, 0 clqs, 0 implints
   (0.0s) probing: 51/190 (26.8%) - 0 fixings, 0 aggregations, 0 implications, 0 bound changes
   (0.0s) probing aborted: 50/50 successive totally useless probings
   (0.0s) symmetry computation started: requiring (bin +, int +, cont +), (fixed: bin -, int -, cont -)
   (0.0s) no symmetry present (symcode time: 0.00)
presolving (2 rounds: 2 fast, 2 medium, 1 exhaustive):
 0 deleted vars, 2280 deleted constraints, 1140 added constraints, 0 tightened bounds, 0 added holes, 0 changed sides, 0 changed coefficients
 0 implications, 0 cliques, 0 implied integral variables (0 bin, 0 int, 0 cont)
presolved problem has 190 variables (190 bin, 0 int, 0 cont) and 1140 constraints
   1140 constraints of type <linear>
transformed objective value is always integral (scale: 2)
Presolving Time: 0.01
transformed 2/2 original solutions to the transformed problem space

 time | node  | left  |LP iter|LP it/n|mem/heur|mdpt |vars |cons |rows |cuts |sepa|confs|strbr|  dualbound   | primalbound  |  gap   | compl. 
p 0.0s|     1 |     0 |     0 |     - |   locks|   0 | 190 |1140 |1140 |   0 |  0 |   0 |   0 | 2.600000e+02 | 1.040000e+02 | 150.00%| unknown
i 0.0s|     1 |     0 |     0 |     - |  oneopt|   0 | 190 |1140 |1140 |   0 |  0 |   0 |   0 | 2.600000e+02 | 1.580000e+02 |  64.56%| unknown
* 0.0s|     1 |     0 |    39 |     - |    LP  |   0 | 190 |1140 |1140 |   0 |  0 |   0 |   0 | 2.420000e+02 | 2.420000e+02 |   0.00%| unknown
  0.0s|     1 |     0 |    39 |     - |  7831k |   0 | 190 |1140 |1140 |   0 |  0 |   0 |   0 | 2.420000e+02 | 2.420000e+02 |   0.00%| unknown

SCIP Status        : problem is solved [optimal solution found]
Solving Time (sec) : 0.02
Solving Nodes      : 1
Primal Bound       : +2.42000000000000e+02 (5 solutions)
Dual Bound         : +2.42000000000000e+02
Gap                : 0.00 %
feasible solution found by trivial heuristic after 0.0 seconds, objective value -1.000024e+06
presolving:
(round 1, fast)       0 del vars, 0 del conss, 0 add conss, 20 chg bounds, 0 chg sides, 0 chg coeffs, 0 upgd conss, 0 impls, 0 clqs, 0 implints
   (0.3s) running MILP presolver
   (0.4s) MILP presolver (2 rounds): 0 aggregations, 0 fixings, 0 bound changes
(round 2, medium)     0 del vars, 4180 del conss, 3040 add conss, 20 chg bounds, 0 chg sides, 0 chg coeffs, 0 upgd conss, 0 impls, 0 clqs, 0 implints
   (0.6s) symmetry computation started: requiring (bin +, int +, cont +), (fixed: bin -, int -, cont -)
   (0.7s) no symmetry present (symcode time: 0.01)
presolving (3 rounds: 3 fast, 2 medium, 1 exhaustive):
 0 deleted vars, 4180 deleted constraints, 3040 added constraints, 20 tightened bounds, 0 added holes, 0 changed sides, 0 changed coefficients
 0 implications, 0 cliques, 0 implied integral variables (0 bin, 0 int, 0 cont)
presolved problem has 200 variables (0 bin, 0 int, 200 cont) and 3040 constraints
   3040 constraints of type <linear>
Presolving Time: 0.71

 time | node  | left  |LP iter|LP it/n|mem/heur|mdpt |vars |cons |rows |cuts |sepa|confs|strbr|  dualbound   | primalbound  |  gap   | compl. 
t 0.8s|     1 |     0 |     0 |     - | trivial|   0 | 200 |3040 |   0 |   0 |  0 |   0 |   0 | 2.600000e+02 |-9.740000e+02 |    Inf | unknown
* 0.9s|     1 |     0 |   295 |     - |    LP  |   0 | 200 |3040 |3040 |   0 |  0 |   0 |   0 |-1.437316e+02 |-1.437316e+02 |   0.00%| unknown
  0.9s|     1 |     0 |   295 |     - |   221M |   0 | 200 |3040 |3040 |   0 |  0 |   0 |   0 |-1.437316e+02 |-1.437316e+02 |   0.00%| unknown

SCIP Status        : problem is solved [optimal solution found]
Solving Time (sec) : 0.86
Solving Nodes      : 1
Primal Bound       : -1.43731578947368e+02 (3 solutions)
Dual Bound         : -1.43731578947368e+02
Gap                : 0.00 %
feasible solution found by trivial heuristic after 0.0 seconds, objective value -1.000024e+06
presolving:
(round 1, fast)       0 del vars, 0 del conss, 0 add conss, 20 chg bounds, 0 chg sides, 0 chg coeffs, 0 upgd conss, 0 impls, 0 clqs, 0 implints
   (0.2s) running MILP presolver
   (0.3s) MILP presolver (2 rounds): 0 aggregations, 0 fixings, 0 bound changes
(round 2, medium)     0 del vars, 4180 del conss, 3040 add conss, 20 chg bounds, 0 chg sides, 0 chg coeffs, 0 upgd conss, 0 impls, 0 clqs, 0 implints
   (0.6s) probing: 51/190 (26.8%) - 0 fixings, 0 aggregations, 0 implications, 0 bound changes
   (0.6s) probing aborted: 50/50 successive totally useless probings
   (0.6s) symmetry computation started: requiring (bin +, int +, cont +), (fixed: bin -, int -, cont -)
   (0.7s) no symmetry present (symcode time: 0.01)
presolving (3 rounds: 3 fast, 2 medium, 1 exhaustive):
 0 deleted vars, 4180 deleted constraints, 3040 added constraints, 20 tightened bounds, 0 added holes, 0 changed sides, 0 changed coefficients
 0 implications, 0 cliques, 0 implied integral variables (0 bin, 0 int, 0 cont)
presolved problem has 200 variables (190 bin, 0 int, 10 cont) and 3040 constraints
   3040 constraints of type <linear>
Presolving Time: 0.70

 time | node  | left  |LP iter|LP it/n|mem/heur|mdpt |vars |cons |rows |cuts |sepa|confs|strbr|  dualbound   | primalbound  |  gap   | compl. 
t 0.7s|     1 |     0 |     0 |     - | trivial|   0 | 200 |3040 |   0 |   0 |  0 |   0 |   0 | 2.600000e+02 |-9.740000e+02 |    Inf | unknown
p 0.9s|     1 |     0 |    10 |     - |   locks|   0 | 200 |3040 |3040 |   0 |  0 |   0 |   0 | 2.600000e+02 |-3.921632e+02 |    Inf | unknown
* 0.9s|     1 |     0 |   305 |     - |    LP  |   0 | 200 |3040 |3040 |   0 |  0 |   0 |   0 |-1.437316e+02 |-1.437316e+02 |   0.00%| unknown
  0.9s|     1 |     0 |   305 |     - |   222M |   0 | 200 |3040 |3040 |   0 |  0 |   0 |   0 |-1.437316e+02 |-1.437316e+02 |   0.00%| unknown

SCIP Status        : problem is solved [optimal solution found]
Solving Time (sec) : 0.94
Solving Nodes      : 1
Primal Bound       : -1.43731578947368e+02 (4 solutions)
Dual Bound         : -1.43731578947368e+02
Gap                : 0.00 %
feasible solution found by trivial heuristic after 0.0 seconds, objective value 0.000000e+00
presolving:
   (0.0s) symmetry computation started: requiring (bin +, int +, cont +), (fixed: bin -, int -, cont -)
   (0.0s) symmetry computation finished: 9 generators found (max: 1500, log10 of symmetry group size: 6.56) (symcode time: 0.00)
dynamic symmetry handling statistics:
   orbitopal reduction:       no components
   orbital reduction:         no components
   lexicographic reduction:   no permutations
handled 1 out of 1 symmetry components
presolving (0 rounds: 0 fast, 0 medium, 0 exhaustive):
 0 deleted vars, 0 deleted constraints, 0 added constraints, 0 tightened bounds, 0 added holes, 0 changed sides, 0 changed coefficients
 0 implications, 0 cliques, 0 implied integral variables (0 bin, 0 int, 0 cont)
presolved problem has 200 variables (190 bin, 0 int, 10 cont) and 2289 constraints
   2289 constraints of type <linear>
Presolving Time: 0.00
transformed 2/2 original solutions to the transformed problem space

 time | node  | left  |LP iter|LP it/n|mem/heur|mdpt |vars |cons |rows |cuts |sepa|confs|strbr|  dualbound   | primalbound  |  gap   | compl. 
p 0.0s|     1 |     0 |     0 |     - |   locks|   0 | 200 |2280 |2280 |   0 |  0 |   0 |   0 | 2.600000e+02 | 2.200000e+01 |1081.82%| unknown
i 0.0s|     1 |     0 |     0 |     - |  oneopt|   0 | 200 |2280 |2280 |   0 |  0 |   0 |   0 | 2.600000e+02 | 1.540000e+02 |  68.83%| unknown
* 0.0s|     1 |     0 |    39 |     - |    LP  |   0 | 200 |2280 |2280 |   0 |  0 |   0 |   0 | 2.420000e+02 | 2.420000e+02 |   0.00%| unknown
  0.0s|     1 |     0 |    39 |     - |  9637k |   0 | 200 |2280 |2280 |   0 |  0 |   0 |   0 | 2.420000e+02 | 2.420000e+02 |   0.00%| unknown

SCIP Status        : problem is solved [optimal solution found]
Solving Time (sec) : 0.01
Solving Nodes      : 1
Primal Bound       : +2.42000000000000e+02 (6 solutions)
Dual Bound         : +2.42000000000000e+02
Gap                : 0.00 %
  [linear] <c2281>: <x191>[C] (+0) +0.560526316<x1>[B] (+0) -0.560526316<x2>[B] (+0) +0.560526316<x3>[B] (+1) +0.560526316<x4>[B] (+0) -0.560526316<x5>[B] (+1) +0.560526316<x6>[B] (+0) -0.560526316<x7>[B] (+1) +0.560526316<x8>[B] (+0) +0.560526316<x9>[B] (+1) -0.560526316<x10>[B] (+1) -0.560526316<x11>[B] (+0) -0.560526316<x12>[B] (+1) +0.560526316<x13>[B] (+0) +0.560526316<x14>[B] (+0) +0.560526316<x15>[B] (+0) +0.560526316<x16>[B] (+0) -0.560526316<x17>[B] (+1) +0.560526316<x18>[B] (+0) +0.560526316<x19>[B] (+0) -0.560526316<x20>[B] (+0) +0.560526316<x21>[B] (+1) +0.560526316<x22>[B] (+0) -0.560526316<x23>[B] (+1) +0.560526316<x24>[B] (+1) -0.560526316<x25>[B] (+1) +0.560526316<x26>[B] (+1) +0.560526316<x27>[B] (+1) -0.560526316<x28>[B] (+1) -0.560526316<x29>[B] (+0) -0.560526316<x30>[B] (+1) +0.560526316<x31>[B] (+1) +0.560526316<x32>[B] (+1) -0.560526316<x33>[B] (+1) +0.560526316<x34>[B] (+1) -0.560526316<x35>[B] (+1) +0.560526316<x36>[B] (+0) -0.560526316<x37>[B] (+0) +0.560526316<x38>[B] (+1) +0.560526316<x39>[B] (+0) -0.560526316<x40>[B] (+1) +0.560526316<x41>[B] (+1) -0.560526316<x42>[B] (+1) +0.560526316<x43>[B] (+1) +0.560526316<x44>[B] (+1) -0.560526316<x45>[B] (+1) -0.560526316<x46>[B] (+0) -0.560526316<x47>[B] (+1) +0.560526316<x48>[B] (+1) +0.560526316<x49>[B] (+1) +0.560526316<x50>[B] (+1) +0.560526316<x51>[B] (+1) -0.560526316<x52>[B] (+1) +0.560526316<x53>[B] (+0) +0.560526316<x54>[B] (+0) +0.560526316<x55>[B] (+0) -0.560526316<x56>[B] (+0) +0.560526316<x57>[B] (+0) -0.560526316<x58>[B] (+0) -0.560526316<x59>[B] (+0) +0.560526316<x60>[B] (+0) -0.560526316<x61>[B] (+0) -0.560526316<x62>[B] (+0) -0.560526316<x63>[B] (+0) -0.560526316<x64>[B] (+0) -0.560526316<x65>[B] (+0) -0.560526316<x66>[B] (+0) +0.560526316<x67>[B] (+0) -0.560526316<x68>[B] (+0) -0.560526316<x69>[B] (+0) -0.560526316<x70>[B] (+0) -0.560526316<x71>[B] (+1) -0.560526316<x72>[B] (+1) -0.560526316<x73>[B] (+1) -0.560526316<x74>[B] (+1) +0.560526316<x75>[B] (+1) -0.560526316<x76>[B] (+1) -0.560526316<x77>[B] (+0) -0.560526316<x78>[B] (+1) -0.560526316<x79>[B] (+1) -0.560526316<x80>[B] (+1) -0.560526316<x81>[B] (+1) +0.560526316<x82>[B] (+1) -0.560526316<x83>[B] (+1) -0.560526316<x84>[B] (+1) -0.560526316<x85>[B] (+0) +0.560526316<x86>[B] (+0) +0.560526316<x87>[B] (+1) +0.560526316<x88>[B] (+0) +0.560526316<x89>[B] (+1) +0.560526316<x90>[B] (+0) -0.560526316<x91>[B] (+0) +0.560526316<x92>[B] (+1) +0.560526316<x93>[B] (+0) +0.560526316<x94>[B] (+0) +0.560526316<x95>[B] (+0) +0.560526316<x96>[B] (+0) +0.560526316<x97>[B] (+1) +0.560526316<x98>[B] (+0) +0.560526316<x99>[B] (+0) -0.560526316<x100>[B] (+1) -0.560526316<x101>[B] (+1) +0.560526316<x102>[B] (+1) -0.560526316<x103>[B] (+1) -0.560526316<x104>[B] (+0) -0.560526316<x105>[B] (+1) -0.560526316<x106>[B] (+1) -0.560526316<x107>[B] (+1) -0.560526316<x108>[B] (+1) +0.560526316<x109>[B] (+1) -0.560526316<x110>[B] (+1) -0.560526316<x111>[B] (+0) -0.560526316<x112>[B] (+0) +0.560526316<x113>[B] (+0) +0.560526316<x114>[B] (+1) -0.560526316<x115>[B] (+0) -0.560526316<x116>[B] (+0) -0.560526316<x117>[B] (+1) +0.560526316<x118>[B] (+0) +0.560526316<x119>[B] (+0) +0.560526316<x120>[B] (+0) +0.560526316<x121>[B] (+0) -0.560526316<x122>[B] (+0) +0.560526316<x123>[B] (+0) +0.560526316<x124>[B] (+0) +0.560526316<x125>[B] (+1) -0.560526316<x126>[B] (+1) -0.560526316<x127>[B] (+0) -0.560526316<x128>[B] (+1) -0.560526316<x129>[B] (+0) -0.560526316<x130>[B] (+1) -0.560526316<x131>[B] (+0) +0.560526316<x132>[B] (+0) -0.560526316<x133>[B] (+1) +0.560526316<x134>[B] (+0) -0.560526316<x135>[B] (+0) -0.560526316<x136>[B] (+0) -0.560526316<x137>[B] (+0) -0.560526316<x138>[B] (+0) -0.560526316<x139>[B] (+0) -0.560526316<x140>[B] (+0) -0.560526316<x141>[B] (+0) +0.560526316<x142>[B] (+0) -0.560526316<x143>[B] (+0) -0.560526316<x144>[B] (+0) -0.560526316<x145>[B] (+0) -0.560526316<x146>[B] (+0) +0.560526316<x147>[B] (+1) +0.560526316<x148>[B] (+0) +0.560526316<x149>[B] (+0) +0.560526316<x150>[B] (+0) +0.560526316<x151>[B] (+0) -0.560526316<x152>[B] (+1) +0.560526316<x153>[B] (+0) +0.560526316<x154>[B] (+0) +0.560526316<x155>[B] (+1) +0.560526316<x156>[B] (+1) +0.560526316<x157>[B] (+1) +0.560526316<x158>[B] (+1) +0.560526316<x159>[B] (+1) +0.560526316<x160>[B] (+1) +0.560526316<x161>[B] (+1) +0.560526316<x162>[B] (+0) +0.560526316<x163>[B] (+0) +0.560526316<x164>[B] (+0) +0.560526316<x165>[B] (+0) +0.560526316<x166>[B] (+0) -0.560526316<x167>[B] (+0) +0.560526316<x168>[B] (+0) +0.560526316<x169>[B] (+0) -0.560526316<x170>[B] (+1) -0.560526316<x171>[B] (+1) +0.560526316<x172>[B] (+0) -0.560526316<x173>[B] (+1) +0.560526316<x174>[B] (+0) -0.560526316<x175>[B] (+0) -0.560526316<x176>[B] (+0) +0.560526316<x177>[B] (+0) -0.560526316<x178>[B] (+1) +0.560526316<x179>[B] (+0) -0.560526316<x180>[B] (+0) +0.560526316<x181>[B] (+0) -0.560526316<x182>[B] (+1) +0.560526316<x183>[B] (+0) +0.560526316<x184>[B] (+0) -0.560526316<x185>[B] (+1) -0.560526316<x186>[B] (+0) -0.560526316<x187>[B] (+0) +0.560526316<x188>[B] (+0) +0.560526316<x189>[B] (+0) -0.560526316<x190>[B] (+0) >= 23.4026315789474;
;
violation: left hand side is violated by 30.1289473684211
  [linear] <c2281>: <x191>[C] (+0) +0.560526316<x1>[B] (+1) -0.560526316<x2>[B] (+1) +0.560526316<x3>[B] (+1) +0.560526316<x4>[B] (+0) -0.560526316<x5>[B] (+1) +0.560526316<x6>[B] (+1) -0.560526316<x7>[B] (+1) +0.560526316<x8>[B] (+1) +0.560526316<x9>[B] (+1) -0.560526316<x10>[B] (+1) -0.560526316<x11>[B] (+1) -0.560526316<x12>[B] (+1) +0.560526316<x13>[B] (+1) +0.560526316<x14>[B] (+1) +0.560526316<x15>[B] (+1) +0.560526316<x16>[B] (+1) -0.560526316<x17>[B] (+1) +0.560526316<x18>[B] (+1) +0.560526316<x19>[B] (+1) -0.560526316<x20>[B] (+0) +0.560526316<x21>[B] (+1) +0.560526316<x22>[B] (+0) -0.560526316<x23>[B] (+1) +0.560526316<x24>[B] (+0) -0.560526316<x25>[B] (+1) +0.560526316<x26>[B] (+0) +0.560526316<x27>[B] (+1) -0.560526316<x28>[B] (+0) -0.560526316<x29>[B] (+1) -0.560526316<x30>[B] (+1) +0.560526316<x31>[B] (+0) +0.560526316<x32>[B] (+0) -0.560526316<x33>[B] (+1) +0.560526316<x34>[B] (+0) -0.560526316<x35>[B] (+0) +0.560526316<x36>[B] (+0) -0.560526316<x37>[B] (+0) +0.560526316<x38>[B] (+1) +0.560526316<x39>[B] (+0) -0.560526316<x40>[B] (+1) +0.560526316<x41>[B] (+1) -0.560526316<x42>[B] (+1) +0.560526316<x43>[B] (+1) +0.560526316<x44>[B] (+1) -0.560526316<x45>[B] (+1) -0.560526316<x46>[B] (+1) -0.560526316<x47>[B] (+1) +0.560526316<x48>[B] (+1) +0.560526316<x49>[B] (+1) +0.560526316<x50>[B] (+1) +0.560526316<x51>[B] (+1) -0.560526316<x52>[B] (+1) +0.560526316<x53>[B] (+1) +0.560526316<x54>[B] (+1) +0.560526316<x55>[B] (+0) -0.560526316<x56>[B] (+0) +0.560526316<x57>[B] (+0) -0.560526316<x58>[B] (+0) -0.560526316<x59>[B] (+0) +0.560526316<x60>[B] (+0) -0.560526316<x61>[B] (+0) -0.560526316<x62>[B] (+0) -0.560526316<x63>[B] (+0) -0.560526316<x64>[B] (+0) -0.560526316<x65>[B] (+0) -0.560526316<x66>[B] (+0) +0.560526316<x67>[B] (+0) -0.560526316<x68>[B] (+0) -0.560526316<x69>[B] (+0) -0.560526316<x70>[B] (+0) -0.560526316<x71>[B] (+1) -0.560526316<x72>[B] (+1) -0.560526316<x73>[B] (+1) -0.560526316<x74>[B] (+1) +0.560526316<x75>[B] (+1) -0.560526316<x76>[B] (+1) -0.560526316<x77>[B] (+1) -0.560526316<x78>[B] (+1) -0.560526316<x79>[B] (+1) -0.560526316<x80>[B] (+1) -0.560526316<x81>[B] (+1) +0.560526316<x82>[B] (+1) -0.560526316<x83>[B] (+1) -0.560526316<x84>[B] (+1) -0.560526316<x85>[B] (+1) +0.560526316<x86>[B] (+0) +0.560526316<x87>[B] (+1) +0.560526316<x88>[B] (+0) +0.560526316<x89>[B] (+1) +0.560526316<x90>[B] (+0) -0.560526316<x91>[B] (+0) +0.560526316<x92>[B] (+1) +0.560526316<x93>[B] (+0) +0.560526316<x94>[B] (+0) +0.560526316<x95>[B] (+0) +0.560526316<x96>[B] (+0) +0.560526316<x97>[B] (+0) +0.560526316<x98>[B] (+0) +0.560526316<x99>[B] (+0) -0.560526316<x100>[B] (+1) -0.560526316<x101>[B] (+1) +0.560526316<x102>[B] (+1) -0.560526316<x103>[B] (+0) -0.560526316<x104>[B] (+1) -0.560526316<x105>[B] (+1) -0.560526316<x106>[B] (+1) -0.560526316<x107>[B] (+1) -0.560526316<x108>[B] (+1) +0.560526316<x109>[B] (+1) -0.560526316<x110>[B] (+1) -0.560526316<x111>[B] (+1) -0.560526316<x112>[B] (+1) +0.560526316<x113>[B] (+0) +0.560526316<x114>[B] (+1) -0.560526316<x115>[B] (+0) -0.560526316<x116>[B] (+0) -0.560526316<x117>[B] (+1) +0.560526316<x118>[B] (+0) +0.560526316<x119>[B] (+0) +0.560526316<x120>[B] (+0) +0.560526316<x121>[B] (+0) -0.560526316<x122>[B] (+0) +0.560526316<x123>[B] (+0) +0.560526316<x124>[B] (+0) +0.560526316<x125>[B] (+1) -0.560526316<x126>[B] (+0) -0.560526316<x127>[B] (+1) -0.560526316<x128>[B] (+1) -0.560526316<x129>[B] (+0) -0.560526316<x130>[B] (+1) -0.560526316<x131>[B] (+1) +0.560526316<x132>[B] (+0) -0.560526316<x133>[B] (+1) +0.560526316<x134>[B] (+1) -0.560526316<x135>[B] (+0) -0.560526316<x136>[B] (+0) -0.560526316<x137>[B] (+0) -0.560526316<x138>[B] (+0) -0.560526316<x139>[B] (+0) -0.560526316<x140>[B] (+0) -0.560526316<x141>[B] (+0) +0.560526316<x142>[B] (+0) -0.560526316<x143>[B] (+0) -0.560526316<x144>[B] (+0) -0.560526316<x145>[B] (+0) -0.560526316<x146>[B] (+1) +0.560526316<x147>[B] (+1) +0.560526316<x148>[B] (+1) +0.560526316<x149>[B] (+1) +0.560526316<x150>[B] (+1) +0.560526316<x151>[B] (+1) -0.560526316<x152>[B] (+1) +0.560526316<x153>[B] (+1) +0.560526316<x154>[B] (+1) +0.560526316<x155>[B] (+1) +0.560526316<x156>[B] (+0) +0.560526316<x157>[B] (+0) +0.560526316<x158>[B] (+1) +0.560526316<x159>[B] (+0) +0.560526316<x160>[B] (+0) +0.560526316<x161>[B] (+0) +0.560526316<x162>[B] (+0) +0.560526316<x163>[B] (+0) +0.560526316<x164>[B] (+0) +0.560526316<x165>[B] (+0) +0.560526316<x166>[B] (+0) -0.560526316<x167>[B] (+0) +0.560526316<x168>[B] (+0) +0.560526316<x169>[B] (+0) -0.560526316<x170>[B] (+1) -0.560526316<x171>[B] (+1) +0.560526316<x172>[B] (+0) -0.560526316<x173>[B] (+1) +0.560526316<x174>[B] (+1) -0.560526316<x175>[B] (+0) -0.560526316<x176>[B] (+1) +0.560526316<x177>[B] (+0) -0.560526316<x178>[B] (+1) +0.560526316<x179>[B] (+1) -0.560526316<x180>[B] (+0) +0.560526316<x181>[B] (+0) -0.560526316<x182>[B] (+0) +0.560526316<x183>[B] (+0) +0.560526316<x184>[B] (+0) -0.560526316<x185>[B] (+1) -0.560526316<x186>[B] (+1) -0.560526316<x187>[B] (+1) +0.560526316<x188>[B] (+1) +0.560526316<x189>[B] (+0) -0.560526316<x190>[B] (+0) >= 23.4026315789474;
;
violation: left hand side is violated by 30.1289473684211
  [linear] <c2281>: <x191>[C] (+0) +0.560526316<x1>[B] (+1) -0.560526316<x2>[B] (+1) +0.560526316<x3>[B] (+1) +0.560526316<x4>[B] (+0) -0.560526316<x5>[B] (+1) +0.560526316<x6>[B] (+1) -0.560526316<x7>[B] (+1) +0.560526316<x8>[B] (+1) +0.560526316<x9>[B] (+1) -0.560526316<x10>[B] (+0) -0.560526316<x11>[B] (+1) -0.560526316<x12>[B] (+1) +0.560526316<x13>[B] (+1) +0.560526316<x14>[B] (+1) +0.560526316<x15>[B] (+1) +0.560526316<x16>[B] (+1) -0.560526316<x17>[B] (+1) +0.560526316<x18>[B] (+1) +0.560526316<x19>[B] (+1) -0.560526316<x20>[B] (+0) +0.560526316<x21>[B] (+0) +0.560526316<x22>[B] (+0) -0.560526316<x23>[B] (+1) +0.560526316<x24>[B] (+0) -0.560526316<x25>[B] (+0) +0.560526316<x26>[B] (+0) +0.560526316<x27>[B] (+1) -0.560526316<x28>[B] (+0) -0.560526316<x29>[B] (+0) -0.560526316<x30>[B] (+0) +0.560526316<x31>[B] (+0) +0.560526316<x32>[B] (+0) -0.560526316<x33>[B] (+1) +0.560526316<x34>[B] (+0) -0.560526316<x35>[B] (+0) +0.560526316<x36>[B] (+0) -0.560526316<x37>[B] (+0) +0.560526316<x38>[B] (+1) +0.560526316<x39>[B] (+0) -0.560526316<x40>[B] (+1) +0.560526316<x41>[B] (+1) -0.560526316<x42>[B] (+1) +0.560526316<x43>[B] (+1) +0.560526316<x44>[B] (+1) -0.560526316<x45>[B] (+0) -0.560526316<x46>[B] (+1) -0.560526316<x47>[B] (+1) +0.560526316<x48>[B] (+1) +0.560526316<x49>[B] (+1) +0.560526316<x50>[B] (+1) +0.560526316<x51>[B] (+1) -0.560526316<x52>[B] (+1) +0.560526316<x53>[B] (+1) +0.560526316<x54>[B] (+1) +0.560526316<x55>[B] (+0) -0.560526316<x56>[B] (+1) +0.560526316<x57>[B] (+0) -0.560526316<x58>[B] (+0) -0.560526316<x59>[B] (+0) +0.560526316<x60>[B] (+1) -0.560526316<x61>[B] (+0) -0.560526316<x62>[B] (+0) -0.560526316<x63>[B] (+0) -0.560526316<x64>[B] (+0) -0.560526316<x65>[B] (+0) -0.560526316<x66>[B] (+1) +0.560526316<x67>[B] (+0) -0.560526316<x68>[B] (+0) -0.560526316<x69>[B] (+0) -0.560526316<x70>[B] (+1) -0.560526316<x71>[B] (+1) -0.560526316<x72>[B] (+1) -0.560526316<x73>[B] (+1) -0.560526316<x74>[B] (+1) +0.560526316<x75>[B] (+1) -0.560526316<x76>[B] (+1) -0.560526316<x77>[B] (+1) -0.560526316<x78>[B] (+1) -0.560526316<x79>[B] (+1) -0.560526316<x80>[B] (+1) -0.560526316<x81>[B] (+1) +0.560526316<x82>[B] (+1) -0.560526316<x83>[B] (+1) -0.560526316<x84>[B] (+1) -0.560526316<x85>[B] (+1) +0.560526316<x86>[B] (+0) +0.560526316<x87>[B] (+0) +0.560526316<x88>[B] (+0) +0.560526316<x89>[B] (+1) +0.560526316<x90>[B] (+0) -0.560526316<x91>[B] (+0) +0.560526316<x92>[B] (+0) +0.560526316<x93>[B] (+0) +0.560526316<x94>[B] (+0) +0.560526316<x95>[B] (+1) +0.560526316<x96>[B] (+0) +0.560526316<x97>[B] (+0) +0.560526316<x98>[B] (+0) +0.560526316<x99>[B] (+0) -0.560526316<x100>[B] (+1) -0.560526316<x101>[B] (+1) +0.560526316<x102>[B] (+1) -0.560526316<x103>[B] (+0) -0.560526316<x104>[B] (+1) -0.560526316<x105>[B] (+1) -0.560526316<x106>[B] (+1) -0.560526316<x107>[B] (+0) -0.560526316<x108>[B] (+1) +0.560526316<x109>[B] (+0) -0.560526316<x110>[B] (+1) -0.560526316<x111>[B] (+1) -0.560526316<x112>[B] (+1) +0.560526316<x113>[B] (+0) +0.560526316<x114>[B] (+1) -0.560526316<x115>[B] (+0) -0.560526316<x116>[B] (+1) -0.560526316<x117>[B] (+1) +0.560526316<x118>[B] (+1) +0.560526316<x119>[B] (+0) +0.560526316<x120>[B] (+1) +0.560526316<x121>[B] (+0) -0.560526316<x122>[B] (+1) +0.560526316<x123>[B] (+1) +0.560526316<x124>[B] (+1) +0.560526316<x125>[B] (+1) -0.560526316<x126>[B] (+0) -0.560526316<x127>[B] (+1) -0.560526316<x128>[B] (+1) -0.560526316<x129>[B] (+1) -0.560526316<x130>[B] (+0) -0.560526316<x131>[B] (+1) +0.560526316<x132>[B] (+0) -0.560526316<x133>[B] (+1) +0.560526316<x134>[B] (+1) -0.560526316<x135>[B] (+1) -0.560526316<x136>[B] (+0) -0.560526316<x137>[B] (+0) -0.560526316<x138>[B] (+0) -0.560526316<x139>[B] (+0) -0.560526316<x140>[B] (+0) -0.560526316<x141>[B] (+0) +0.560526316<x142>[B] (+0) -0.560526316<x143>[B] (+0) -0.560526316<x144>[B] (+0) -0.560526316<x145>[B] (+0) -0.560526316<x146>[B] (+1) +0.560526316<x147>[B] (+1) +0.560526316<x148>[B] (+1) +0.560526316<x149>[B] (+1) +0.560526316<x150>[B] (+1) +0.560526316<x151>[B] (+1) -0.560526316<x152>[B] (+1) +0.560526316<x153>[B] (+1) +0.560526316<x154>[B] (+1) +0.560526316<x155>[B] (+0) +0.560526316<x156>[B] (+0) +0.560526316<x157>[B] (+0) +0.560526316<x158>[B] (+1) +0.560526316<x159>[B] (+0) +0.560526316<x160>[B] (+0) +0.560526316<x161>[B] (+0) +0.560526316<x162>[B] (+1) +0.560526316<x163>[B] (+0) +0.560526316<x164>[B] (+0) +0.560526316<x165>[B] (+1) +0.560526316<x166>[B] (+0) -0.560526316<x167>[B] (+0) +0.560526316<x168>[B] (+0) +0.560526316<x169>[B] (+1) -0.560526316<x170>[B] (+0) -0.560526316<x171>[B] (+1) +0.560526316<x172>[B] (+0) -0.560526316<x173>[B] (+1) +0.560526316<x174>[B] (+1) -0.560526316<x175>[B] (+1) -0.560526316<x176>[B] (+1) +0.560526316<x177>[B] (+1) -0.560526316<x178>[B] (+1) +0.560526316<x179>[B] (+1) -0.560526316<x180>[B] (+1) +0.560526316<x181>[B] (+0) -0.560526316<x182>[B] (+0) +0.560526316<x183>[B] (+0) +0.560526316<x184>[B] (+0) -0.560526316<x185>[B] (+1) -0.560526316<x186>[B] (+1) -0.560526316<x187>[B] (+1) +0.560526316<x188>[B] (+1) +0.560526316<x189>[B] (+1) -0.560526316<x190>[B] (+1) >= 23.4026315789474;
;
violation: left hand side is violated by 27.8868421052632
  [linear] <c2281>: <x191>[C] (+0) +0.560526316<x1>[B] (+0) -0.560526316<x2>[B] (+0) +0.560526316<x3>[B] (+0) +0.560526316<x4>[B] (+0) -0.560526316<x5>[B] (+0) +0.560526316<x6>[B] (+0) -0.560526316<x7>[B] (+0) +0.560526316<x8>[B] (+0) +0.560526316<x9>[B] (+0) -0.560526316<x10>[B] (+0) -0.560526316<x11>[B] (+0) -0.560526316<x12>[B] (+0) +0.560526316<x13>[B] (+0) +0.560526316<x14>[B] (+0) +0.560526316<x15>[B] (+0) +0.560526316<x16>[B] (+0) -0.560526316<x17>[B] (+0) +0.560526316<x18>[B] (+0) +0.560526316<x19>[B] (+0) -0.560526316<x20>[B] (+0) +0.560526316<x21>[B] (+0) +0.560526316<x22>[B] (+0) -0.560526316<x23>[B] (+0) +0.560526316<x24>[B] (+0) -0.560526316<x25>[B] (+0) +0.560526316<x26>[B] (+0) +0.560526316<x27>[B] (+0) -0.560526316<x28>[B] (+0) -0.560526316<x29>[B] (+0) -0.560526316<x30>[B] (+0) +0.560526316<x31>[B] (+0) +0.560526316<x32>[B] (+0) -0.560526316<x33>[B] (+0) +0.560526316<x34>[B] (+0) -0.560526316<x35>[B] (+0) +0.560526316<x36>[B] (+0) -0.560526316<x37>[B] (+0) +0.560526316<x38>[B] (+0) +0.560526316<x39>[B] (+0) -0.560526316<x40>[B] (+0) +0.560526316<x41>[B] (+0) -0.560526316<x42>[B] (+0) +0.560526316<x43>[B] (+0) +0.560526316<x44>[B] (+0) -0.560526316<x45>[B] (+0) -0.560526316<x46>[B] (+0) -0.560526316<x47>[B] (+0) +0.560526316<x48>[B] (+0) +0.560526316<x49>[B] (+0) +0.560526316<x50>[B] (+0) +0.560526316<x51>[B] (+0) -0.560526316<x52>[B] (+0) +0.560526316<x53>[B] (+0) +0.560526316<x54>[B] (+0) +0.560526316<x55>[B] (+0) -0.560526316<x56>[B] (+0) +0.560526316<x57>[B] (+0) -0.560526316<x58>[B] (+0) -0.560526316<x59>[B] (+0) +0.560526316<x60>[B] (+0) -0.560526316<x61>[B] (+0) -0.560526316<x62>[B] (+0) -0.560526316<x63>[B] (+0) -0.560526316<x64>[B] (+0) -0.560526316<x65>[B] (+0) -0.560526316<x66>[B] (+0) +0.560526316<x67>[B] (+0) -0.560526316<x68>[B] (+0) -0.560526316<x69>[B] (+0) -0.560526316<x70>[B] (+0) -0.560526316<x71>[B] (+0) -0.560526316<x72>[B] (+0) -0.560526316<x73>[B] (+0) -0.560526316<x74>[B] (+0) +0.560526316<x75>[B] (+0) -0.560526316<x76>[B] (+0) -0.560526316<x77>[B] (+0) -0.560526316<x78>[B] (+0) -0.560526316<x79>[B] (+0) -0.560526316<x80>[B] (+0) -0.560526316<x81>[B] (+0) +0.560526316<x82>[B] (+0) -0.560526316<x83>[B] (+0) -0.560526316<x84>[B] (+0) -0.560526316<x85>[B] (+0) +0.560526316<x86>[B] (+0) +0.560526316<x87>[B] (+0) +0.560526316<x88>[B] (+0) +0.560526316<x89>[B] (+0) +0.560526316<x90>[B] (+0) -0.560526316<x91>[B] (+0) +0.560526316<x92>[B] (+0) +0.560526316<x93>[B] (+0) +0.560526316<x94>[B] (+0) +0.560526316<x95>[B] (+0) +0.560526316<x96>[B] (+0) +0.560526316<x97>[B] (+0) +0.560526316<x98>[B] (+0) +0.560526316<x99>[B] (+0) -0.560526316<x100>[B] (+0) -0.560526316<x101>[B] (+0) +0.560526316<x102>[B] (+0) -0.560526316<x103>[B] (+0) -0.560526316<x104>[B] (+0) -0.560526316<x105>[B] (+0) -0.560526316<x106>[B] (+0) -0.560526316<x107>[B] (+0) -0.560526316<x108>[B] (+0) +0.560526316<x109>[B] (+0) -0.560526316<x110>[B] (+0) -0.560526316<x111>[B] (+0) -0.560526316<x112>[B] (+0) +0.560526316<x113>[B] (+0) +0.560526316<x114>[B] (+0) -0.560526316<x115>[B] (+0) -0.560526316<x116>[B] (+0) -0.560526316<x117>[B] (+0) +0.560526316<x118>[B] (+0) +0.560526316<x119>[B] (+0) +0.560526316<x120>[B] (+0) +0.560526316<x121>[B] (+0) -0.560526316<x122>[B] (+0) +0.560526316<x123>[B] (+0) +0.560526316<x124>[B] (+0) +0.560526316<x125>[B] (+0) -0.560526316<x126>[B] (+0) -0.560526316<x127>[B] (+0) -0.560526316<x128>[B] (+0) -0.560526316<x129>[B] (+0) -0.560526316<x130>[B] (+0) -0.560526316<x131>[B] (+0) +0.560526316<x132>[B] (+0) -0.560526316<x133>[B] (+0) +0.560526316<x134>[B] (+0) -0.560526316<x135>[B] (+0) -0.560526316<x136>[B] (+0) -0.560526316<x137>[B] (+0) -0.560526316<x138>[B] (+0) -0.560526316<x139>[B] (+0) -0.560526316<x140>[B] (+0) -0.560526316<x141>[B] (+0) +0.560526316<x142>[B] (+0) -0.560526316<x143>[B] (+0) -0.560526316<x144>[B] (+0) -0.560526316<x145>[B] (+0) -0.560526316<x146>[B] (+0) +0.560526316<x147>[B] (+0) +0.560526316<x148>[B] (+0) +0.560526316<x149>[B] (+0) +0.560526316<x150>[B] (+0) +0.560526316<x151>[B] (+0) -0.560526316<x152>[B] (+0) +0.560526316<x153>[B] (+0) +0.560526316<x154>[B] (+0) +0.560526316<x155>[B] (+0) +0.560526316<x156>[B] (+0) +0.560526316<x157>[B] (+0) +0.560526316<x158>[B] (+0) +0.560526316<x159>[B] (+0) +0.560526316<x160>[B] (+0) +0.560526316<x161>[B] (+0) +0.560526316<x162>[B] (+0) +0.560526316<x163>[B] (+0) +0.560526316<x164>[B] (+0) +0.560526316<x165>[B] (+0) +0.560526316<x166>[B] (+0) -0.560526316<x167>[B] (+0) +0.560526316<x168>[B] (+0) +0.560526316<x169>[B] (+0) -0.560526316<x170>[B] (+0) -0.560526316<x171>[B] (+0) +0.560526316<x172>[B] (+0) -0.560526316<x173>[B] (+0) +0.560526316<x174>[B] (+0) -0.560526316<x175>[B] (+0) -0.560526316<x176>[B] (+0) +0.560526316<x177>[B] (+0) -0.560526316<x178>[B] (+0) +0.560526316<x179>[B] (+0) -0.560526316<x180>[B] (+0) +0.560526316<x181>[B] (+0) -0.560526316<x182>[B] (+0) +0.560526316<x183>[B] (+0) +0.560526316<x184>[B] (+0) -0.560526316<x185>[B] (+0) -0.560526316<x186>[B] (+0) -0.560526316<x187>[B] (+0) +0.560526316<x188>[B] (+0) +0.560526316<x189>[B] (+0) -0.560526316<x190>[B] (+0) >= 23.4026315789474;
;
violation: left hand side is violated by 23.4026315789474
  [linear] <c2281>: <x191>[C] (+0) +0.560526316<x1>[B] (+1) -0.560526316<x2>[B] (+1) +0.560526316<x3>[B] (+1) +0.560526316<x4>[B] (+1) -0.560526316<x5>[B] (+1) +0.560526316<x6>[B] (+1) -0.560526316<x7>[B] (+1) +0.560526316<x8>[B] (+1) +0.560526316<x9>[B] (+1) -0.560526316<x10>[B] (+1) -0.560526316<x11>[B] (+1) -0.560526316<x12>[B] (+1) +0.560526316<x13>[B] (+1) +0.560526316<x14>[B] (+1) +0.560526316<x15>[B] (+1) +0.560526316<x16>[B] (+1) -0.560526316<x17>[B] (+1) +0.560526316<x18>[B] (+1) +0.560526316<x19>[B] (+1) -0.560526316<x20>[B] (+1) +0.560526316<x21>[B] (+1) +0.560526316<x22>[B] (+1) -0.560526316<x23>[B] (+1) +0.560526316<x24>[B] (+1) -0.560526316<x25>[B] (+1) +0.560526316<x26>[B] (+1) +0.560526316<x27>[B] (+1) -0.560526316<x28>[B] (+1) -0.560526316<x29>[B] (+1) -0.560526316<x30>[B] (+1) +0.560526316<x31>[B] (+1) +0.560526316<x32>[B] (+1) -0.560526316<x33>[B] (+1) +0.560526316<x34>[B] (+1) -0.560526316<x35>[B] (+1) +0.560526316<x36>[B] (+1) -0.560526316<x37>[B] (+1) +0.560526316<x38>[B] (+1) +0.560526316<x39>[B] (+1) -0.560526316<x40>[B] (+1) +0.560526316<x41>[B] (+1) -0.560526316<x42>[B] (+1) +0.560526316<x43>[B] (+1) +0.560526316<x44>[B] (+1) -0.560526316<x45>[B] (+1) -0.560526316<x46>[B] (+1) -0.560526316<x47>[B] (+1) +0.560526316<x48>[B] (+1) +0.560526316<x49>[B] (+1) +0.560526316<x50>[B] (+1) +0.560526316<x51>[B] (+1) -0.560526316<x52>[B] (+1) +0.560526316<x53>[B] (+1) +0.560526316<x54>[B] (+1) +0.560526316<x55>[B] (+1) -0.560526316<x56>[B] (+1) +0.560526316<x57>[B] (+1) -0.560526316<x58>[B] (+1) -0.560526316<x59>[B] (+1) +0.560526316<x60>[B] (+1) -0.560526316<x61>[B] (+1) -0.560526316<x62>[B] (+1) -0.560526316<x63>[B] (+1) -0.560526316<x64>[B] (+1) -0.560526316<x65>[B] (+1) -0.560526316<x66>[B] (+1) +0.560526316<x67>[B] (+1) -0.560526316<x68>[B] (+1) -0.560526316<x69>[B] (+1) -0.560526316<x70>[B] (+1) -0.560526316<x71>[B] (+1) -0.560526316<x72>[B] (+1) -0.560526316<x73>[B] (+1) -0.560526316<x74>[B] (+1) +0.560526316<x75>[B] (+1) -0.560526316<x76>[B] (+1) -0.560526316<x77>[B] (+1) -0.560526316<x78>[B] (+1) -0.560526316<x79>[B] (+1) -0.560526316<x80>[B] (+1) -0.560526316<x81>[B] (+1) +0.560526316<x82>[B] (+1) -0.560526316<x83>[B] (+1) -0.560526316<x84>[B] (+1) -0.560526316<x85>[B] (+1) +0.560526316<x86>[B] (+1) +0.560526316<x87>[B] (+1) +0.560526316<x88>[B] (+1) +0.560526316<x89>[B] (+1) +0.560526316<x90>[B] (+1) -0.560526316<x91>[B] (+1) +0.560526316<x92>[B] (+1) +0.560526316<x93>[B] (+1) +0.560526316<x94>[B] (+1) +0.560526316<x95>[B] (+1) +0.560526316<x96>[B] (+1) +0.560526316<x97>[B] (+1) +0.560526316<x98>[B] (+1) +0.560526316<x99>[B] (+1) -0.560526316<x100>[B] (+1) -0.560526316<x101>[B] (+1) +0.560526316<x102>[B] (+1) -0.560526316<x103>[B] (+1) -0.560526316<x104>[B] (+1) -0.560526316<x105>[B] (+1) -0.560526316<x106>[B] (+1) -0.560526316<x107>[B] (+1) -0.560526316<x108>[B] (+1) +0.560526316<x109>[B] (+1) -0.560526316<x110>[B] (+1) -0.560526316<x111>[B] (+1) -0.560526316<x112>[B] (+1) +0.560526316<x113>[B] (+1) +0.560526316<x114>[B] (+1) -0.560526316<x115>[B] (+1) -0.560526316<x116>[B] (+1) -0.560526316<x117>[B] (+1) +0.560526316<x118>[B] (+1) +0.560526316<x119>[B] (+1) +0.560526316<x120>[B] (+1) +0.560526316<x121>[B] (+1) -0.560526316<x122>[B] (+1) +0.560526316<x123>[B] (+1) +0.560526316<x124>[B] (+1) +0.560526316<x125>[B] (+1) -0.560526316<x126>[B] (+1) -0.560526316<x127>[B] (+1) -0.560526316<x128>[B] (+1) -0.560526316<x129>[B] (+1) -0.560526316<x130>[B] (+1) -0.560526316<x131>[B] (+1) +0.560526316<x132>[B] (+1) -0.560526316<x133>[B] (+1) +0.560526316<x134>[B] (+1) -0.560526316<x135>[B] (+1) -0.560526316<x136>[B] (+1) -0.560526316<x137>[B] (+1) -0.560526316<x138>[B] (+1) -0.560526316<x139>[B] (+1) -0.560526316<x140>[B] (+1) -0.560526316<x141>[B] (+1) +0.560526316<x142>[B] (+1) -0.560526316<x143>[B] (+1) -0.560526316<x144>[B] (+1) -0.560526316<x145>[B] (+1) -0.560526316<x146>[B] (+1) +0.560526316<x147>[B] (+1) +0.560526316<x148>[B] (+1) +0.560526316<x149>[B] (+1) +0.560526316<x150>[B] (+1) +0.560526316<x151>[B] (+1) -0.560526316<x152>[B] (+1) +0.560526316<x153>[B] (+1) +0.560526316<x154>[B] (+1) +0.560526316<x155>[B] (+1) +0.560526316<x156>[B] (+1) +0.560526316<x157>[B] (+1) +0.560526316<x158>[B] (+1) +0.560526316<x159>[B] (+1) +0.560526316<x160>[B] (+1) +0.560526316<x161>[B] (+1) +0.560526316<x162>[B] (+1) +0.560526316<x163>[B] (+1) +0.560526316<x164>[B] (+1) +0.560526316<x165>[B] (+1) +0.560526316<x166>[B] (+1) -0.560526316<x167>[B] (+1) +0.560526316<x168>[B] (+1) +0.560526316<x169>[B] (+1) -0.560526316<x170>[B] (+1) -0.560526316<x171>[B] (+1) +0.560526316<x172>[B] (+1) -0.560526316<x173>[B] (+1) +0.560526316<x174>[B] (+1) -0.560526316<x175>[B] (+1) -0.560526316<x176>[B] (+1) +0.560526316<x177>[B] (+1) -0.560526316<x178>[B] (+1) +0.560526316<x179>[B] (+1) -0.560526316<x180>[B] (+1) +0.560526316<x181>[B] (+1) -0.560526316<x182>[B] (+1) +0.560526316<x183>[B] (+1) +0.560526316<x184>[B] (+1) -0.560526316<x185>[B] (+1) -0.560526316<x186>[B] (+1) -0.560526316<x187>[B] (+1) +0.560526316<x188>[B] (+1) +0.560526316<x189>[B] (+1) -0.560526316<x190>[B] (+1) >= 23.4026315789474;
;
violation: left hand side is violated by 23.4026315789474
1/6 feasible solution given by solution candidate storage, new primal bound -1.000024e+06

presolving:
   (0.0s) symmetry computation started: requiring (bin +, int +, cont +), (fixed: bin -, int -, cont -)
   (0.0s) no symmetry present (symcode time: 0.00)
presolving (0 rounds: 0 fast, 0 medium, 0 exhaustive):
 0 deleted vars, 0 deleted constraints, 0 added constraints, 0 tightened bounds, 0 added holes, 0 changed sides, 0 changed coefficients
 0 implications, 0 cliques, 0 implied integral variables (0 bin, 0 int, 0 cont)
presolved problem has 200 variables (190 bin, 0 int, 10 cont) and 2290 constraints
   2290 constraints of type <linear>
Presolving Time: 0.00
transformed 1/1 original solutions to the transformed problem space

 time | node  | left  |LP iter|LP it/n|mem/heur|mdpt |vars |cons |rows |cuts |sepa|confs|strbr|  dualbound   | primalbound  |  gap   | compl. 
p 0.0s|     1 |     0 |     2 |     - |   locks|   0 | 200 |2290 |2290 |   0 |  0 |   0 |   0 | 2.600000e+02 |-3.345184e+02 |    Inf | unknown
* 0.0s|     1 |     0 |   118 |     - |    LP  |   0 | 200 |2290 |2290 |   0 |  0 |   0 |   0 |-1.413737e+02 |-1.413737e+02 |   0.00%| unknown
  0.0s|     1 |     0 |   118 |     - |    10M |   0 | 200 |2290 |2290 |   0 |  0 |   0 |   0 |-1.413737e+02 |-1.413737e+02 |   0.00%| unknown

SCIP Status        : problem is solved [optimal solution found]
Solving Time (sec) : 0.01
Solving Nodes      : 1
Primal Bound       : -1.41373684210526e+02 (4 solutions)
Dual Bound         : -1.41373684210526e+02
Gap                : 0.00 %
  [linear] <c2291>: <x192>[C] (+42.0973684) +0.665789474<x1>[B] (+0) +0.665789474<x2>[B] (+0) +0.665789474<x3>[B] (+1) +0.665789474<x4>[B] (+0) +0.665789474<x5>[B] (+0) +0.665789474<x6>[B] (+0) +0.665789474<x7>[B] (+1) +0.665789474<x8>[B] (+0) +0.665789474<x9>[B] (+1) +0.665789474<x10>[B] (+1) +0.665789474<x11>[B] (+0) +0.665789474<x12>[B] (+1) +0.665789474<x13>[B] (+0) +0.665789474<x14>[B] (+0) +0.665789474<x15>[B] (+0) +0.665789474<x16>[B] (+0) +0.665789474<x17>[B] (+1) +0.665789474<x18>[B] (+0) +0.665789474<x19>[B] (+0) +0.665789474<x20>[B] (+0) -0.665789474<x21>[B] (+1) -0.665789474<x22>[B] (+0) -0.665789474<x23>[B] (+0) -0.665789474<x24>[B] (+1) +0.665789474<x25>[B] (+1) -0.665789474<x26>[B] (+1) -0.665789474<x27>[B] (+1) -0.665789474<x28>[B] (+1) -0.665789474<x29>[B] (+1) -0.665789474<x30>[B] (+1) -0.665789474<x31>[B] (+1) -0.665789474<x32>[B] (+1) -0.665789474<x33>[B] (+1) -0.665789474<x34>[B] (+1) +0.665789474<x35>[B] (+1) +0.665789474<x36>[B] (+0) +0.665789474<x37>[B] (+0) -0.665789474<x38>[B] (+1) -0.665789474<x39>[B] (+0) -0.665789474<x40>[B] (+0) -0.665789474<x41>[B] (+1) +0.665789474<x42>[B] (+1) -0.665789474<x43>[B] (+1) -0.665789474<x44>[B] (+1) -0.665789474<x45>[B] (+1) -0.665789474<x46>[B] (+1) -0.665789474<x47>[B] (+1) -0.665789474<x48>[B] (+1) -0.665789474<x49>[B] (+1) -0.665789474<x50>[B] (+1) -0.665789474<x51>[B] (+1) +0.665789474<x52>[B] (+1) +0.665789474<x53>[B] (+0) +0.665789474<x54>[B] (+0) -0.665789474<x55>[B] (+0) +0.665789474<x56>[B] (+0) +0.665789474<x57>[B] (+0) +0.665789474<x58>[B] (+0) -0.665789474<x59>[B] (+0) -0.665789474<x60>[B] (+0) -0.665789474<x61>[B] (+0) +0.665789474<x62>[B] (+0) -0.665789474<x63>[B] (+1) -0.665789474<x64>[B] (+0) +0.665789474<x65>[B] (+0) -0.665789474<x66>[B] (+0) +0.665789474<x67>[B] (+0) +0.665789474<x68>[B] (+0) +0.665789474<x69>[B] (+0) +0.665789474<x70>[B] (+0) +0.665789474<x71>[B] (+0) +0.665789474<x72>[B] (+1) +0.665789474<x73>[B] (+1) -0.665789474<x74>[B] (+1) -0.665789474<x75>[B] (+1) -0.665789474<x76>[B] (+1) +0.665789474<x77>[B] (+1) -0.665789474<x78>[B] (+1) +0.665789474<x79>[B] (+1) +0.665789474<x80>[B] (+1) -0.665789474<x81>[B] (+1) +0.665789474<x82>[B] (+1) +0.665789474<x83>[B] (+1) +0.665789474<x84>[B] (+1) +0.665789474<x85>[B] (+1) -0.665789474<x86>[B] (+1) +0.665789474<x87>[B] (+1) -0.665789474<x88>[B] (+1) -0.665789474<x89>[B] (+1) -0.665789474<x90>[B] (+1) -0.665789474<x91>[B] (+1) -0.665789474<x92>[B] (+1) -0.665789474<x93>[B] (+1) -0.665789474<x94>[B] (+1) -0.665789474<x95>[B] (+1) -0.665789474<x96>[B] (+1) +0.665789474<x97>[B] (+1) +0.665789474<x98>[B] (+1) +0.665789474<x99>[B] (+1) +0.665789474<x100>[B] (+1) -0.665789474<x101>[B] (+1) -0.665789474<x102>[B] (+1) -0.665789474<x103>[B] (+1) -0.665789474<x104>[B] (+1) -0.665789474<x105>[B] (+1) -0.665789474<x106>[B] (+1) +0.665789474<x107>[B] (+1) -0.665789474<x108>[B] (+1) +0.665789474<x109>[B] (+1) +0.665789474<x110>[B] (+1) +0.665789474<x111>[B] (+0) +0.665789474<x112>[B] (+0) -0.665789474<x113>[B] (+0) -0.665789474<x114>[B] (+1) -0.665789474<x115>[B] (+0) -0.665789474<x116>[B] (+0) -0.665789474<x117>[B] (+1) -0.665789474<x118>[B] (+0) -0.665789474<x119>[B] (+0) -0.665789474<x120>[B] (+0) -0.665789474<x121>[B] (+0) +0.665789474<x122>[B] (+0) +0.665789474<x123>[B] (+0) +0.665789474<x124>[B] (+0) -0.665789474<x125>[B] (+1) +0.665789474<x126>[B] (+1) +0.665789474<x127>[B] (+0) +0.665789474<x128>[B] (+1) +0.665789474<x129>[B] (+0) +0.665789474<x130>[B] (+1) -0.665789474<x131>[B] (+1) +0.665789474<x132>[B] (+0) +0.665789474<x133>[B] (+1) +0.665789474<x134>[B] (+0) +0.665789474<x135>[B] (+0) +0.665789474<x136>[B] (+0) +0.665789474<x137>[B] (+0) +0.665789474<x138>[B] (+1) +0.665789474<x139>[B] (+0) +0.665789474<x140>[B] (+0) -0.665789474<x141>[B] (+0) +0.665789474<x142>[B] (+0) +0.665789474<x143>[B] (+0) +0.665789474<x144>[B] (+0) +0.665789474<x145>[B] (+0) +0.665789474<x146>[B] (+0) +0.665789474<x147>[B] (+1) +0.665789474<x148>[B] (+0) +0.665789474<x149>[B] (+0) -0.665789474<x150>[B] (+0) +0.665789474<x151>[B] (+0) +0.665789474<x152>[B] (+1) +0.665789474<x153>[B] (+0) +0.665789474<x154>[B] (+0) -0.665789474<x155>[B] (+1) -0.665789474<x156>[B] (+1) +0.665789474<x157>[B] (+1) -0.665789474<x158>[B] (+1) +0.665789474<x159>[B] (+0) +0.665789474<x160>[B] (+1) +0.665789474<x161>[B] (+0) +0.665789474<x162>[B] (+0) +0.665789474<x163>[B] (+0) +0.665789474<x164>[B] (+0) -0.665789474<x165>[B] (+0) +0.665789474<x166>[B] (+0) +0.665789474<x167>[B] (+0) +0.665789474<x168>[B] (+0) +0.665789474<x169>[B] (+0) +0.665789474<x170>[B] (+1) -0.665789474<x171>[B] (+1) +0.665789474<x172>[B] (+0) +0.665789474<x173>[B] (+1) +0.665789474<x174>[B] (+0) +0.665789474<x175>[B] (+0) -0.665789474<x176>[B] (+1) -0.665789474<x177>[B] (+0) +0.665789474<x178>[B] (+1) +0.665789474<x179>[B] (+0) +0.665789474<x180>[B] (+0) +0.665789474<x181>[B] (+0) +0.665789474<x182>[B] (+1) +0.665789474<x183>[B] (+0) +0.665789474<x184>[B] (+0) +0.665789474<x185>[B] (+1) +0.665789474<x186>[B] (+0) +0.665789474<x187>[B] (+0) -0.665789474<x188>[B] (+0) +0.665789474<x189>[B] (+0) +0.665789474<x190>[B] (+0) >= 33.7894736842105;
;
violation: left hand side is violated by 0.347368421052671
  [linear] <c2292>: <x193>[C] (+0) -0.65<x1>[B] (+1) +0.65<x2>[B] (+1) -0.65<x3>[B] (+0) -0.65<x4>[B] (+1) -0.65<x5>[B] (+1) +0.65<x6>[B] (+1) -0.65<x7>[B] (+0) +0.65<x8>[B] (+1) -0.65<x9>[B] (+0) -0.65<x10>[B] (+1) +0.65<x11>[B] (+1) -0.65<x12>[B] (+0) +0.65<x13>[B] (+1) -0.65<x14>[B] (+1) +0.65<x15>[B] (+1) +0.65<x16>[B] (+1) -0.65<x17>[B] (+1) -0.65<x18>[B] (+1) +0.65<x19>[B] (+1) +0.65<x20>[B] (+1) -0.65<x21>[B] (+0) -0.65<x22>[B] (+1) -0.65<x23>[B] (+1) +0.65<x24>[B] (+1) -0.65<x25>[B] (+0) +0.65<x26>[B] (+1) -0.65<x27>[B] (+0) -0.65<x28>[B] (+0) +0.65<x29>[B] (+1) -0.65<x30>[B] (+0) +0.65<x31>[B] (+1) -0.65<x32>[B] (+0) +0.65<x33>[B] (+0) +0.65<x34>[B] (+0) -0.65<x35>[B] (+0) -0.65<x36>[B] (+1) +0.65<x37>[B] (+1) -0.65<x38>[B] (+0) -0.65<x39>[B] (+1) -0.65<x40>[B] (+1) +0.65<x41>[B] (+0) -0.65<x42>[B] (+0) -0.65<x43>[B] (+1) -0.65<x44>[B] (+0) -0.65<x45>[B] (+0) +0.65<x46>[B] (+1) -0.65<x47>[B] (+0) +0.65<x48>[B] (+1) -0.65<x49>[B] (+0) +0.65<x50>[B] (+0) +0.65<x51>[B] (+0) -0.65<x52>[B] (+0) -0.65<x53>[B] (+1) +0.65<x54>[B] (+1) +0.65<x55>[B] (+1) +0.65<x56>[B] (+1) +0.65<x57>[B] (+1) +0.65<x58>[B] (+1) +0.65<x59>[B] (+1) +0.65<x60>[B] (+1) -0.65<x61>[B] (+1) +0.65<x62>[B] (+1) +0.65<x63>[B] (+1) +0.65<x64>[B] (+1) +0.65<x65>[B] (+1) +0.65<x66>[B] (+1) +0.65<x67>[B] (+1) +0.65<x68>[B] (+1) +0.65<x69>[B] (+1) +0.65<x70>[B] (+1) -0.65<x71>[B] (+1) +0.65<x72>[B] (+0) -0.65<x73>[B] (+0) +0.65<x74>[B] (+1) -0.65<x75>[B] (+0) -0.65<x76>[B] (+0) +0.65<x77>[B] (+1) -0.65<x78>[B] (+0) +0.65<x79>[B] (+1) -0.65<x80>[B] (+0) +0.65<x81>[B] (+0) +0.65<x82>[B] (+0) -0.65<x83>[B] (+0) -0.65<x84>[B] (+1) +0.65<x85>[B] (+1) +0.65<x86>[B] (+0) +0.65<x87>[B] (+0) +0.65<x88>[B] (+1) -0.65<x89>[B] (+0) -0.65<x90>[B] (+0) +0.65<x91>[B] (+1) -0.65<x92>[B] (+0) +0.65<x93>[B] (+1) +0.65<x94>[B] (+0) +0.65<x95>[B] (+0) +0.65<x96>[B] (+0) +0.65<x97>[B] (+0) -0.65<x98>[B] (+1) +0.65<x99>[B] (+1) -0.65<x100>[B] (+0) -0.65<x101>[B] (+1) -0.65<x102>[B] (+0) -0.65<x103>[B] (+0) +0.65<x104>[B] (+1) -0.65<x105>[B] (+0) -0.65<x106>[B] (+1) -0.65<x107>[B] (+0) -0.65<x108>[B] (+0) -0.65<x109>[B] (+0) -0.65<x110>[B] (+0) -0.65<x111>[B] (+1) -0.65<x112>[B] (+1) +0.65<x113>[B] (+1) -0.65<x114>[B] (+0) -0.65<x115>[B] (+1) +0.65<x116>[B] (+1) -0.65<x117>[B] (+0) +0.65<x118>[B] (+1) +0.65<x119>[B] (+1) +0.65<x120>[B] (+1) +0.65<x121>[B] (+1) +0.65<x122>[B] (+1) -0.65<x123>[B] (+1) +0.65<x124>[B] (+1) -0.65<x125>[B] (+0) -0.65<x126>[B] (+0) +0.65<x127>[B] (+1) -0.65<x128>[B] (+0) +0.65<x129>[B] (+1) -0.65<x130>[B] (+0) +0.65<x131>[B] (+0) +0.65<x132>[B] (+0) -0.65<x133>[B] (+0) -0.65<x134>[B] (+1) +0.65<x135>[B] (+1) -0.65<x136>[B] (+1) +0.65<x137>[B] (+1) +0.65<x138>[B] (+0) +0.65<x139>[B] (+1) +0.65<x140>[B] (+1) +0.65<x141>[B] (+1) +0.65<x142>[B] (+1) +0.65<x143>[B] (+1) +0.65<x144>[B] (+1) +0.65<x145>[B] (+1) +0.65<x146>[B] (+1) +0.65<x147>[B] (+0) +0.65<x148>[B] (+1) +0.65<x149>[B] (+0) +0.65<x150>[B] (+0) +0.65<x151>[B] (+0) +0.65<x152>[B] (+0) +0.65<x153>[B] (+1) +0.65<x154>[B] (+1) -0.65<x155>[B] (+0) -0.65<x156>[B] (+0) -0.65<x157>[B] (+0) -0.65<x158>[B] (+0) -0.65<x159>[B] (+0) -0.65<x160>[B] (+0) -0.65<x161>[B] (+1) -0.65<x162>[B] (+1) +0.65<x163>[B] (+1) +0.65<x164>[B] (+1) +0.65<x165>[B] (+1) +0.65<x166>[B] (+1) +0.65<x167>[B] (+1) -0.65<x168>[B] (+1) +0.65<x169>[B] (+1) -0.65<x170>[B] (+0) -0.65<x171>[B] (+0) +0.65<x172>[B] (+0) -0.65<x173>[B] (+0) -0.65<x174>[B] (+1) -0.65<x175>[B] (+1) +0.65<x176>[B] (+1) +0.65<x177>[B] (+0) -0.65<x178>[B] (+0) -0.65<x179>[B] (+1) +0.65<x180>[B] (+1) +0.65<x181>[B] (+0) -0.65<x182>[B] (+0) -0.65<x183>[B] (+1) -0.65<x184>[B] (+1) -0.65<x185>[B] (+1) -0.65<x186>[B] (+1) -0.65<x187>[B] (+1) -0.65<x188>[B] (+1) +0.65<x189>[B] (+1) +0.65<x190>[B] (+1) >= 24.2131578947369;
;
violation: left hand side is violated by 0.813157894736865
2/4 feasible solutions given by solution candidate storage, new primal bound -1.000024e+06

presolving:
   (0.0s) symmetry computation started: requiring (bin +, int +, cont +), (fixed: bin -, int -, cont -)
   (0.0s) no symmetry present (symcode time: 0.00)
presolving (0 rounds: 0 fast, 0 medium, 0 exhaustive):
 0 deleted vars, 0 deleted constraints, 0 added constraints, 0 tightened bounds, 0 added holes, 0 changed sides, 0 changed coefficients
 0 implications, 0 cliques, 0 implied integral variables (0 bin, 0 int, 0 cont)
presolved problem has 200 variables (190 bin, 0 int, 10 cont) and 2299 constraints
   2299 constraints of type <linear>
Presolving Time: 0.00
transformed 2/2 original solutions to the transformed problem space

 time | node  | left  |LP iter|LP it/n|mem/heur|mdpt |vars |cons |rows |cuts |sepa|confs|strbr|  dualbound   | primalbound  |  gap   | compl. 
p 0.0s|     1 |     0 |     2 |     - |   locks|   0 | 200 |2299 |2299 |   0 |  0 |   0 |   0 | 2.600000e+02 |-3.378658e+02 |    Inf | unknown
  0.0s|     1 |     0 |   159 |     - |    11M |   0 | 200 |2299 |2299 |   0 |  0 |   0 |   0 |-1.428000e+02 |-3.378658e+02 | 136.60%| unknown
r 0.0s|     1 |     0 |   159 |     - |shifting|   0 | 200 |2299 |2299 |   0 |  0 |   0 |   0 |-1.428000e+02 |-1.492358e+02 |   4.51%| unknown
  0.0s|     1 |     0 |   167 |     - |    12M |   0 | 200 |2299 |2300 |   1 |  1 |   0 |   0 |-1.428158e+02 |-1.492358e+02 |   4.50%| unknown
  0.0s|     1 |     0 |   167 |     - |    12M |   0 | 200 |2299 |2300 |   1 |  1 |   0 |   0 |-1.428158e+02 |-1.492358e+02 |   4.50%| unknown
d 0.0s|     1 |     0 |   167 |     - |farkasdi|   0 | 200 |2299 |2300 |   0 |  2 |   0 |   0 |-1.428158e+02 |-1.428158e+02 |   0.00%| unknown
  0.0s|     1 |     0 |   167 |     - |    12M |   0 | 200 |2299 |2300 |   1 |  2 |   0 |   0 |-1.428158e+02 |-1.428158e+02 |   0.00%| unknown

SCIP Status        : problem is solved [optimal solution found]
Solving Time (sec) : 0.04
Solving Nodes      : 1
Primal Bound       : -1.42815789473684e+02 (5 solutions)
Dual Bound         : -1.42815789473684e+02
Gap                : 0.00 %
  [linear] <c2300>: <x191>[C] (+25.6447368) +0.518421053<x1>[B] (+0) -0.518421053<x2>[B] (+0) +0.518421053<x3>[B] (+1) +0.518421053<x4>[B] (+0) -0.518421053<x5>[B] (+3.17386514e-14) +0.518421053<x6>[B] (+0) -0.518421053<x7>[B] (+1) +0.518421053<x8>[B] (+0) +0.518421053<x9>[B] (+1) -0.518421053<x10>[B] (+1) -0.518421053<x11>[B] (+0) -0.518421053<x12>[B] (+1) +0.518421053<x13>[B] (+0) +0.518421053<x14>[B] (+0) +0.518421053<x15>[B] (+0) +0.518421053<x16>[B] (+0) -0.518421053<x17>[B] (+1) +0.518421053<x18>[B] (+0) +0.518421053<x19>[B] (+0) -0.518421053<x20>[B] (+0) +0.518421053<x21>[B] (+1) +0.518421053<x22>[B] (+0) -0.518421053<x23>[B] (+3.17523785e-14) +0.518421053<x24>[B] (+1) -0.518421053<x25>[B] (+1) +0.518421053<x26>[B] (+1) +0.518421053<x27>[B] (+1) -0.518421053<x28>[B] (+1) -0.518421053<x29>[B] (+0) -0.518421053<x30>[B] (+1) +0.518421053<x31>[B] (+1) +0.518421053<x32>[B] (+1) -0.518421053<x33>[B] (+1) +0.518421053<x34>[B] (+1) -0.518421053<x35>[B] (+1) +0.518421053<x36>[B] (+0) -0.518421053<x37>[B] (+0) +0.518421053<x38>[B] (+1) +0.518421053<x39>[B] (+0) -0.518421053<x40>[B] (+3.17523785e-14) +0.518421053<x41>[B] (+1) -0.518421053<x42>[B] (+1) +0.518421053<x43>[B] (+1) +0.518421053<x44>[B] (+1) -0.518421053<x45>[B] (+1) -0.518421053<x46>[B] (+0) -0.518421053<x47>[B] (+1) +0.518421053<x48>[B] (+1) +0.518421053<x49>[B] (+1) +0.518421053<x50>[B] (+1) +0.518421053<x51>[B] (+1) -0.518421053<x52>[B] (+1) +0.518421053<x53>[B] (+0) +0.518421053<x54>[B] (+0) +0.518421053<x55>[B] (+0) -0.518421053<x56>[B] (+0) +0.518421053<x57>[B] (+0) -0.518421053<x58>[B] (+0) -0.518421053<x59>[B] (+0) +0.518421053<x60>[B] (+0) -0.518421053<x61>[B] (+0) -0.518421053<x62>[B] (+0) -0.518421053<x63>[B] (+0) -0.518421053<x64>[B] (+0) -0.518421053<x65>[B] (+0) -0.518421053<x66>[B] (+0) +0.518421053<x67>[B] (+0) -0.518421053<x68>[B] (+0) -0.518421053<x69>[B] (+0) -0.518421053<x70>[B] (+0) -0.518421053<x71>[B] (+3.17523785e-14) -0.518421053<x72>[B] (+1) -0.518421053<x73>[B] (+1) -0.518421053<x74>[B] (+1) +0.518421053<x75>[B] (+1) -0.518421053<x76>[B] (+1) -0.518421053<x77>[B] (+0) -0.518421053<x78>[B] (+1) -0.518421053<x79>[B] (+1) -0.518421053<x80>[B] (+1) -0.518421053<x81>[B] (+1) +0.518421053<x82>[B] (+1) -0.518421053<x83>[B] (+1) -0.518421053<x84>[B] (+1) -0.518421053<x85>[B] (+0) +0.518421053<x86>[B] (+1) +0.518421053<x87>[B] (+1) +0.518421053<x88>[B] (+1) +0.518421053<x89>[B] (+1) +0.518421053<x90>[B] (+1) -0.518421053<x91>[B] (+1) +0.518421053<x92>[B] (+1) +0.518421053<x93>[B] (+1) +0.518421053<x94>[B] (+1) +0.518421053<x95>[B] (+1) +0.518421053<x96>[B] (+1) +0.518421053<x97>[B] (+1) +0.518421053<x98>[B] (+1) +0.518421053<x99>[B] (+0) -0.518421053<x100>[B] (+1) -0.518421053<x101>[B] (+1) +0.518421053<x102>[B] (+1) -0.518421053<x103>[B] (+1) -0.518421053<x104>[B] (+0) -0.518421053<x105>[B] (+1) -0.518421053<x106>[B] (+1) -0.518421053<x107>[B] (+1) -0.518421053<x108>[B] (+1) +0.518421053<x109>[B] (+1) -0.518421053<x110>[B] (+1) -0.518421053<x111>[B] (+0) -0.518421053<x112>[B] (+0) +0.518421053<x113>[B] (+0) +0.518421053<x114>[B] (+1) -0.518421053<x115>[B] (+0) -0.518421053<x116>[B] (+0) -0.518421053<x117>[B] (+1) +0.518421053<x118>[B] (+0) +0.518421053<x119>[B] (+0) +0.518421053<x120>[B] (+0) +0.518421053<x121>[B] (+0) -0.518421053<x122>[B] (+0) +0.518421053<x123>[B] (+0) +0.518421053<x124>[B] (+0) +0.518421053<x125>[B] (+1) -0.518421053<x126>[B] (+1) -0.518421053<x127>[B] (+0) -0.518421053<x128>[B] (+1) -0.518421053<x129>[B] (+0) -0.518421053<x130>[B] (+1) -0.518421053<x131>[B] (+1) +0.518421053<x132>[B] (+0) -0.518421053<x133>[B] (+1) +0.518421053<x134>[B] (+0) -0.518421053<x135>[B] (+0) -0.518421053<x136>[B] (+0) -0.518421053<x137>[B] (+0) -0.518421053<x138>[B] (+1) -0.518421053<x139>[B] (+0) -0.518421053<x140>[B] (+0) -0.518421053<x141>[B] (+0) +0.518421053<x142>[B] (+0) -0.518421053<x143>[B] (+0) -0.518421053<x144>[B] (+0) -0.518421053<x145>[B] (+0) -0.518421053<x146>[B] (+0) +0.518421053<x147>[B] (+1) +0.518421053<x148>[B] (+0) +0.518421053<x149>[B] (+0) +0.518421053<x150>[B] (+0) +0.518421053<x151>[B] (+0) -0.518421053<x152>[B] (+1) +0.518421053<x153>[B] (+0) +0.518421053<x154>[B] (+0) +0.518421053<x155>[B] (+1) +0.518421053<x156>[B] (+1) +0.518421053<x157>[B] (+1) +0.518421053<x158>[B] (+1) +0.518421053<x159>[B] (+1) +0.518421053<x160>[B] (+1) +0.518421053<x161>[B] (+1) +0.518421053<x162>[B] (+0) +0.518421053<x163>[B] (+0) +0.518421053<x164>[B] (+0) +0.518421053<x165>[B] (+0) +0.518421053<x166>[B] (+0) -0.518421053<x167>[B] (+0) +0.518421053<x168>[B] (+0) +0.518421053<x169>[B] (+0) -0.518421053<x170>[B] (+1) -0.518421053<x171>[B] (+1) +0.518421053<x172>[B] (+0) -0.518421053<x173>[B] (+1) +0.518421053<x174>[B] (+0) -0.518421053<x175>[B] (+0) -0.518421053<x176>[B] (+1) +0.518421053<x177>[B] (+0) -0.518421053<x178>[B] (+1) +0.518421053<x179>[B] (+0) -0.518421053<x180>[B] (+0) +0.518421053<x181>[B] (+0) -0.518421053<x182>[B] (+1) +0.518421053<x183>[B] (+0) +0.518421053<x184>[B] (+0) -0.518421053<x185>[B] (+1) -0.518421053<x186>[B] (+0) -0.518421053<x187>[B] (+0) +0.518421053<x188>[B] (+0) +0.518421053<x189>[B] (+0) -0.518421053<x190>[B] (+0) >= 23.7184210526316;
;
violation: left hand side is violated by 0.147368421052597
  [linear] <c2302>: <x193>[C] (+46.9631579) -0.697368421<x1>[B] (+0) +0.697368421<x2>[B] (+0) -0.697368421<x3>[B] (+1) -0.697368421<x4>[B] (+0) -0.697368421<x5>[B] (+0) +0.697368421<x6>[B] (+0) -0.697368421<x7>[B] (+1) +0.697368421<x8>[B] (+0) -0.697368421<x9>[B] (+1) -0.697368421<x10>[B] (+1) +0.697368421<x11>[B] (+0) -0.697368421<x12>[B] (+1) +0.697368421<x13>[B] (+0) -0.697368421<x14>[B] (+0) +0.697368421<x15>[B] (+0) +0.697368421<x16>[B] (+0) -0.697368421<x17>[B] (+1) -0.697368421<x18>[B] (+0) +0.697368421<x19>[B] (+0) +0.697368421<x20>[B] (+0) -0.697368421<x21>[B] (+1) -0.697368421<x22>[B] (+0) -0.697368421<x23>[B] (+0) +0.697368421<x24>[B] (+1) -0.697368421<x25>[B] (+1) +0.697368421<x26>[B] (+1) -0.697368421<x27>[B] (+1) -0.697368421<x28>[B] (+1) +0.697368421<x29>[B] (+0) -0.697368421<x30>[B] (+1) +0.697368421<x31>[B] (+1) -0.697368421<x32>[B] (+1) +0.697368421<x33>[B] (+1) +0.697368421<x34>[B] (+1) -0.697368421<x35>[B] (+1) -0.697368421<x36>[B] (+0) +0.697368421<x37>[B] (+0) -0.697368421<x38>[B] (+1) -0.697368421<x39>[B] (+0) -0.697368421<x40>[B] (+0) +0.697368421<x41>[B] (+1) -0.697368421<x42>[B] (+1) -0.697368421<x43>[B] (+1) -0.697368421<x44>[B] (+1) -0.697368421<x45>[B] (+1) +0.697368421<x46>[B] (+0) -0.697368421<x47>[B] (+1) +0.697368421<x48>[B] (+1) -0.697368421<x49>[B] (+1) +0.697368421<x50>[B] (+1) +0.697368421<x51>[B] (+1) -0.697368421<x52>[B] (+1) -0.697368421<x53>[B] (+0) +0.697368421<x54>[B] (+0) +0.697368421<x55>[B] (+0) +0.697368421<x56>[B] (+0) +0.697368421<x57>[B] (+0) +0.697368421<x58>[B] (+0) +0.697368421<x59>[B] (+0) +0.697368421<x60>[B] (+0) -0.697368421<x61>[B] (+0) +0.697368421<x62>[B] (+0) +0.697368421<x63>[B] (+0) +0.697368421<x64>[B] (+0) +0.697368421<x65>[B] (+0) +0.697368421<x66>[B] (+0) +0.697368421<x67>[B] (+0) +0.697368421<x68>[B] (+0) +0.697368421<x69>[B] (+0) +0.697368421<x70>[B] (+0) -0.697368421<x71>[B] (+0) +0.697368421<x72>[B] (+1) -0.697368421<x73>[B] (+1) +0.697368421<x74>[B] (+1) -0.697368421<x75>[B] (+1) -0.697368421<x76>[B] (+1) +0.697368421<x77>[B] (+0) -0.697368421<x78>[B] (+1) +0.697368421<x79>[B] (+1) -0.697368421<x80>[B] (+1) +0.697368421<x81>[B] (+1) +0.697368421<x82>[B] (+1) -0.697368421<x83>[B] (+1) -0.697368421<x84>[B] (+1) +0.697368421<x85>[B] (+0) +0.697368421<x86>[B] (+1) +0.697368421<x87>[B] (+1) +0.697368421<x88>[B] (+1) -0.697368421<x89>[B] (+1) -0.697368421<x90>[B] (+1) +0.697368421<x91>[B] (+0) -0.697368421<x92>[B] (+1) +0.697368421<x93>[B] (+1) +0.697368421<x94>[B] (+1) +0.697368421<x95>[B] (+1) +0.697368421<x96>[B] (+1) +0.697368421<x97>[B] (+1) -0.697368421<x98>[B] (+1) +0.697368421<x99>[B] (+0) -0.697368421<x100>[B] (+1) -0.697368421<x101>[B] (+1) -0.697368421<x102>[B] (+1) -0.697368421<x103>[B] (+1) +0.697368421<x104>[B] (+0) -0.697368421<x105>[B] (+1) -0.697368421<x106>[B] (+1) -0.697368421<x107>[B] (+1) -0.697368421<x108>[B] (+1) -0.697368421<x109>[B] (+1) -0.697368421<x110>[B] (+1) -0.697368421<x111>[B] (+0) -0.697368421<x112>[B] (+0) +0.697368421<x113>[B] (+0) -0.697368421<x114>[B] (+1) -0.697368421<x115>[B] (+0) +0.697368421<x116>[B] (+0) -0.697368421<x117>[B] (+1) +0.697368421<x118>[B] (+0) +0.697368421<x119>[B] (+0) +0.697368421<x120>[B] (+0) +0.697368421<x121>[B] (+0) +0.697368421<x122>[B] (+0) -0.697368421<x123>[B] (+0) +0.697368421<x124>[B] (+0) -0.697368421<x125>[B] (+1) -0.697368421<x126>[B] (+1) +0.697368421<x127>[B] (+0) -0.697368421<x128>[B] (+1) +0.697368421<x129>[B] (+0) -0.697368421<x130>[B] (+1) +0.697368421<x131>[B] (+1) +0.697368421<x132>[B] (+0) -0.697368421<x133>[B] (+1) -0.697368421<x134>[B] (+0) +0.697368421<x135>[B] (+0) -0.697368421<x136>[B] (+0) +0.697368421<x137>[B] (+0) +0.697368421<x138>[B] (+1) +0.697368421<x139>[B] (+0) +0.697368421<x140>[B] (+0) +0.697368421<x141>[B] (+0) +0.697368421<x142>[B] (+0) +0.697368421<x143>[B] (+0) +0.697368421<x144>[B] (+0) +0.697368421<x145>[B] (+0) +0.697368421<x146>[B] (+0) +0.697368421<x147>[B] (+1) +0.697368421<x148>[B] (+0) +0.697368421<x149>[B] (+0) +0.697368421<x150>[B] (+0) +0.697368421<x151>[B] (+0) +0.697368421<x152>[B] (+1) +0.697368421<x153>[B] (+0) +0.697368421<x154>[B] (+0) -0.697368421<x155>[B] (+1) -0.697368421<x156>[B] (+1) -0.697368421<x157>[B] (+1) -0.697368421<x158>[B] (+1) -0.697368421<x159>[B] (+1) -0.697368421<x160>[B] (+1) -0.697368421<x161>[B] (+1) -0.697368421<x162>[B] (+0) +0.697368421<x163>[B] (+0) +0.697368421<x164>[B] (+0) +0.697368421<x165>[B] (+0) +0.697368421<x166>[B] (+0) +0.697368421<x167>[B] (+0) -0.697368421<x168>[B] (+0) +0.697368421<x169>[B] (+0) -0.697368421<x170>[B] (+1) -0.697368421<x171>[B] (+1) +0.697368421<x172>[B] (+0) -0.697368421<x173>[B] (+1) -0.697368421<x174>[B] (+0) -0.697368421<x175>[B] (+0) +0.697368421<x176>[B] (+1) +0.697368421<x177>[B] (+0) -0.697368421<x178>[B] (+1) -0.697368421<x179>[B] (+0) +0.697368421<x180>[B] (+0) +0.697368421<x181>[B] (+0) -0.697368421<x182>[B] (+1) -0.697368421<x183>[B] (+0) -0.697368421<x184>[B] (+0) -0.697368421<x185>[B] (+1) -0.697368421<x186>[B] (+0) -0.697368421<x187>[B] (+0) -0.697368421<x188>[B] (+0) +0.697368421<x189>[B] (+0) +0.697368421<x190>[B] (+0) >= 22.8394736842105;
;
violation: left hand side is violated by 0.284210526316592
  [linear] <c2303>: <x194>[C] (+24.2210526) -0.513157895<x1>[B] (+0) -0.513157895<x2>[B] (+0) -0.513157895<x3>[B] (+0) -0.513157895<x4>[B] (+0) -0.513157895<x5>[B] (+0) -0.513157895<x6>[B] (+0) -0.513157895<x7>[B] (+0) -0.513157895<x8>[B] (+0) -0.513157895<x9>[B] (+0) -0.513157895<x10>[B] (+0) +0.513157895<x11>[B] (+1) -0.513157895<x12>[B] (+0) -0.513157895<x13>[B] (+1) -0.513157895<x14>[B] (+0) -0.513157895<x15>[B] (+0) -0.513157895<x16>[B] (+0) -0.513157895<x17>[B] (+0) -0.513157895<x18>[B] (+1) -0.513157895<x19>[B] (+1) +0.513157895<x20>[B] (+1) -0.513157895<x21>[B] (+0) +0.513157895<x22>[B] (+1) +0.513157895<x23>[B] (+1) -0.513157895<x24>[B] (+1) -0.513157895<x25>[B] (+0) +0.513157895<x26>[B] (+0) +0.513157895<x27>[B] (+0) +0.513157895<x28>[B] (+0) +0.513157895<x29>[B] (+1) +0.513157895<x30>[B] (+0) -0.513157895<x31>[B] (+1) +0.513157895<x32>[B] (+0) -0.513157895<x33>[B] (+1) -0.513157895<x34>[B] (+0) +0.513157895<x35>[B] (+0) -0.513157895<x36>[B] (+1) +0.513157895<x37>[B] (+1) -0.513157895<x38>[B] (+0) +0.513157895<x39>[B] (+1) +0.513157895<x40>[B] (+1) -0.513157895<x41>[B] (+1) -0.513157895<x42>[B] (+0) +0.513157895<x43>[B] (+0) +0.513157895<x44>[B] (+0) +0.513157895<x45>[B] (+0) +0.513157895<x46>[B] (+1) +0.513157895<x47>[B] (+0) -0.513157895<x48>[B] (+1) +0.513157895<x49>[B] (+0) -0.513157895<x50>[B] (+1) -0.513157895<x51>[B] (+0) -0.513157895<x52>[B] (+0) -0.513157895<x53>[B] (+1) -0.513157895<x54>[B] (+1) +0.513157895<x55>[B] (+1) +0.513157895<x56>[B] (+1) +0.513157895<x57>[B] (+1) +0.513157895<x58>[B] (+1) +0.513157895<x59>[B] (+1) +0.513157895<x60>[B] (+1) +0.513157895<x61>[B] (+1) +0.513157895<x62>[B] (+1) +0.513157895<x63>[B] (+1) -0.513157895<x64>[B] (+1) +0.513157895<x65>[B] (+1) +0.513157895<x66>[B] (+1) -0.513157895<x67>[B] (+1) +0.513157895<x68>[B] (+1) -0.513157895<x69>[B] (+1) +0.513157895<x70>[B] (+1) +0.513157895<x71>[B] (+1) -0.513157895<x72>[B] (+1) -0.513157895<x73>[B] (+0) +0.513157895<x74>[B] (+0) +0.513157895<x75>[B] (+0) +0.513157895<x76>[B] (+0) +0.513157895<x77>[B] (+1) +0.513157895<x78>[B] (+0) -0.513157895<x79>[B] (+1) +0.513157895<x80>[B] (+0) -0.513157895<x81>[B] (+1) -0.513157895<x82>[B] (+0) -0.513157895<x83>[B] (+0) -0.513157895<x84>[B] (+1) -0.513157895<x85>[B] (+1) -0.513157895<x86>[B] (+0) -0.513157895<x87>[B] (+0) +0.513157895<x88>[B] (+0) +0.513157895<x89>[B] (+0) +0.513157895<x90>[B] (+0) +0.513157895<x91>[B] (+1) -0.513157895<x92>[B] (+0) -0.513157895<x93>[B] (+1) +0.513157895<x94>[B] (+0) -0.513157895<x95>[B] (+0) -0.513157895<x96>[B] (+0) -0.513157895<x97>[B] (+0) -0.513157895<x98>[B] (+1) -0.513157895<x99>[B] (+1) +0.513157895<x100>[B] (+0) +0.513157895<x101>[B] (+0) +0.513157895<x102>[B] (+0) +0.513157895<x103>[B] (+0) +0.513157895<x104>[B] (+1) +0.513157895<x105>[B] (+0) -0.513157895<x106>[B] (+1) +0.513157895<x107>[B] (+0) -0.513157895<x108>[B] (+0) -0.513157895<x109>[B] (+0) +0.513157895<x110>[B] (+0) -0.513157895<x111>[B] (+1) +0.513157895<x112>[B] (+1) +0.513157895<x113>[B] (+1) +0.513157895<x114>[B] (+0) +0.513157895<x115>[B] (+1) +0.513157895<x116>[B] (+1) +0.513157895<x117>[B] (+0) -0.513157895<x118>[B] (+1) +0.513157895<x119>[B] (+1) -0.513157895<x120>[B] (+1) -0.513157895<x121>[B] (+1) +0.513157895<x122>[B] (+1) -0.513157895<x123>[B] (+1) +0.513157895<x124>[B] (+1) +0.513157895<x125>[B] (+0) +0.513157895<x126>[B] (+1) +0.513157895<x127>[B] (+1) -0.513157895<x128>[B] (+0) -0.513157895<x129>[B] (+1) +0.513157895<x130>[B] (+0) -0.513157895<x131>[B] (+1) -0.513157895<x132>[B] (+1) -0.513157895<x133>[B] (+1) -0.513157895<x134>[B] (+1) -0.513157895<x135>[B] (+1) +0.513157895<x136>[B] (+1) +0.513157895<x137>[B] (+1) -0.513157895<x138>[B] (+1) -0.513157895<x139>[B] (+1) +0.513157895<x140>[B] (+1) -0.513157895<x141>[B] (+1) -0.513157895<x142>[B] (+1) -0.513157895<x143>[B] (+1) -0.513157895<x144>[B] (+1) -0.513157895<x145>[B] (+1) +0.513157895<x146>[B] (+1) -0.513157895<x147>[B] (+0) -0.513157895<x148>[B] (+1) +0.513157895<x149>[B] (+0) -0.513157895<x150>[B] (+1) -0.513157895<x151>[B] (+0) -0.513157895<x152>[B] (+0) -0.513157895<x153>[B] (+1) -0.513157895<x154>[B] (+1) -0.513157895<x155>[B] (+0) -0.513157895<x156>[B] (+0) -0.513157895<x157>[B] (+0) -0.513157895<x158>[B] (+0) -0.513157895<x159>[B] (+0) -0.513157895<x160>[B] (+0) -0.513157895<x161>[B] (+0) -0.513157895<x162>[B] (+1) -0.513157895<x163>[B] (+1) +0.513157895<x164>[B] (+1) -0.513157895<x165>[B] (+1) -0.513157895<x166>[B] (+1) -0.513157895<x167>[B] (+1) -0.513157895<x168>[B] (+1) -0.513157895<x169>[B] (+1) +0.513157895<x170>[B] (+0) +0.513157895<x171>[B] (+0) -0.513157895<x172>[B] (+0) +0.513157895<x173>[B] (+0) +0.513157895<x174>[B] (+1) +0.513157895<x175>[B] (+1) -0.513157895<x176>[B] (+1) -0.513157895<x177>[B] (+1) -0.513157895<x178>[B] (+1) -0.513157895<x179>[B] (+1) -0.513157895<x180>[B] (+1) -0.513157895<x181>[B] (+0) +0.513157895<x182>[B] (+0) -0.513157895<x183>[B] (+1) +0.513157895<x184>[B] (+1) +0.513157895<x185>[B] (+1) +0.513157895<x186>[B] (+1) +0.513157895<x187>[B] (+1) -0.513157895<x188>[B] (+1) +0.513157895<x189>[B] (+1) +0.513157895<x190>[B] (+1) >= 18.0894736842105;
;
violation: left hand side is violated by 0.0263157894736921
2/5 feasible solutions given by solution candidate storage, new primal bound -1.000024e+06

presolving:
   (0.0s) symmetry computation started: requiring (bin +, int +, cont +), (fixed: bin -, int -, cont -)
   (0.0s) no symmetry present (symcode time: 0.00)
presolving (0 rounds: 0 fast, 0 medium, 0 exhaustive):
 0 deleted vars, 0 deleted constraints, 0 added constraints, 0 tightened bounds, 0 added holes, 0 changed sides, 0 changed coefficients
 0 implications, 0 cliques, 0 implied integral variables (0 bin, 0 int, 0 cont)
presolved problem has 200 variables (190 bin, 0 int, 10 cont) and 2308 constraints
   2308 constraints of type <linear>
Presolving Time: 0.00
transformed 2/2 original solutions to the transformed problem space

 time | node  | left  |LP iter|LP it/n|mem/heur|mdpt |vars |cons |rows |cuts |sepa|confs|strbr|  dualbound   | primalbound  |  gap   | compl. 
p 0.0s|     1 |     0 |     3 |     - |   locks|   0 | 200 |2308 |2308 |   0 |  0 |   0 |   0 | 2.600000e+02 |-3.412053e+02 |    Inf | unknown
  0.0s|     1 |     0 |   212 |     - |    13M |   0 | 200 |2308 |2308 |   0 |  0 |   0 |   0 |-1.436965e+02 |-3.412053e+02 | 137.45%| unknown
r 0.0s|     1 |     0 |   212 |     - |shifting|   0 | 200 |2308 |2308 |   0 |  0 |   0 |   0 |-1.436965e+02 |-1.624007e+02 |  13.02%| unknown
  0.0s|     1 |     0 |   213 |     - |    13M |   0 | 200 |2308 |2309 |   1 |  1 |   0 |   0 |-1.437053e+02 |-1.624007e+02 |  13.01%| unknown
  0.0s|     1 |     0 |   213 |     - |    13M |   0 | 200 |2308 |2309 |   1 |  1 |   0 |   0 |-1.437053e+02 |-1.624007e+02 |  13.01%| unknown
d 0.0s|     1 |     0 |   213 |     - |farkasdi|   0 | 200 |2308 |2309 |   0 |  2 |   0 |   0 |-1.437053e+02 |-1.437053e+02 |   0.00%| unknown
  0.0s|     1 |     0 |   213 |     - |    13M |   0 | 200 |2308 |2309 |   1 |  2 |   0 |   0 |-1.437053e+02 |-1.437053e+02 |   0.00%| unknown

SCIP Status        : problem is solved [optimal solution found]
Solving Time (sec) : 0.05
Solving Nodes      : 1
Primal Bound       : -1.43705263157895e+02 (5 solutions)
Dual Bound         : -1.43705263157895e+02
Gap                : 0.00 %
  [linear] <c2309>: <x191>[C] (+26.3105263) +0.523684211<x1>[B] (+0) -0.523684211<x2>[B] (+0) +0.523684211<x3>[B] (+1) +0.523684211<x4>[B] (+0) -0.523684211<x5>[B] (-9.98573983e-14) +0.523684211<x6>[B] (+0) -0.523684211<x7>[B] (+1) +0.523684211<x8>[B] (+0) +0.523684211<x9>[B] (+1) -0.523684211<x10>[B] (+1) -0.523684211<x11>[B] (+0) -0.523684211<x12>[B] (+1) +0.523684211<x13>[B] (+0) +0.523684211<x14>[B] (+0) +0.523684211<x15>[B] (+0) +0.523684211<x16>[B] (+0) -0.523684211<x17>[B] (+1) +0.523684211<x18>[B] (+0) +0.523684211<x19>[B] (+0) -0.523684211<x20>[B] (+0) +0.523684211<x21>[B] (+1) +0.523684211<x22>[B] (+0) -0.523684211<x23>[B] (-9.99200722e-14) +0.523684211<x24>[B] (+1) -0.523684211<x25>[B] (+1) +0.523684211<x26>[B] (+1) +0.523684211<x27>[B] (+1) -0.523684211<x28>[B] (+1) -0.523684211<x29>[B] (-9.98573983e-14) -0.523684211<x30>[B] (+1) +0.523684211<x31>[B] (+1) +0.523684211<x32>[B] (+1) -0.523684211<x33>[B] (+1) +0.523684211<x34>[B] (+1) -0.523684211<x35>[B] (+1) +0.523684211<x36>[B] (+0) -0.523684211<x37>[B] (+0) +0.523684211<x38>[B] (+1) +0.523684211<x39>[B] (+0) -0.523684211<x40>[B] (-9.99200722e-14) +0.523684211<x41>[B] (+1) -0.523684211<x42>[B] (+1) +0.523684211<x43>[B] (+1) +0.523684211<x44>[B] (+1) -0.523684211<x45>[B] (+1) -0.523684211<x46>[B] (-9.98573983e-14) -0.523684211<x47>[B] (+1) +0.523684211<x48>[B] (+1) +0.523684211<x49>[B] (+1) +0.523684211<x50>[B] (+1) +0.523684211<x51>[B] (+1) -0.523684211<x52>[B] (+1) +0.523684211<x53>[B] (+0) +0.523684211<x54>[B] (+0) +0.523684211<x55>[B] (+0) -0.523684211<x56>[B] (+0) +0.523684211<x57>[B] (+0) -0.523684211<x58>[B] (+0) -0.523684211<x59>[B] (+0) +0.523684211<x60>[B] (+0) -0.523684211<x61>[B] (+0) -0.523684211<x62>[B] (+0) -0.523684211<x63>[B] (+1) -0.523684211<x64>[B] (+0) -0.523684211<x65>[B] (+0) -0.523684211<x66>[B] (+0) +0.523684211<x67>[B] (+0) -0.523684211<x68>[B] (+0) -0.523684211<x69>[B] (+0) -0.523684211<x70>[B] (+0) -0.523684211<x71>[B] (-9.98573983e-14) -0.523684211<x72>[B] (+1) -0.523684211<x73>[B] (+1) -0.523684211<x74>[B] (+1) +0.523684211<x75>[B] (+1) -0.523684211<x76>[B] (+1) -0.523684211<x77>[B] (-9.98573983e-14) -0.523684211<x78>[B] (+1) -0.523684211<x79>[B] (+1) -0.523684211<x80>[B] (+1) -0.523684211<x81>[B] (+1) +0.523684211<x82>[B] (+1) -0.523684211<x83>[B] (+1) -0.523684211<x84>[B] (+1) -0.523684211<x85>[B] (-9.98573983e-14) +0.523684211<x86>[B] (+1) +0.523684211<x87>[B] (+1) +0.523684211<x88>[B] (+1) +0.523684211<x89>[B] (+1) +0.523684211<x90>[B] (+1) -0.523684211<x91>[B] (+1) +0.523684211<x92>[B] (+1) +0.523684211<x93>[B] (+1) +0.523684211<x94>[B] (+1) +0.523684211<x95>[B] (+1) +0.523684211<x96>[B] (+1) +0.523684211<x97>[B] (+1) +0.523684211<x98>[B] (+1) +0.523684211<x99>[B] (+0) -0.523684211<x100>[B] (+1) -0.523684211<x101>[B] (+1) +0.523684211<x102>[B] (+1) -0.523684211<x103>[B] (+1) -0.523684211<x104>[B] (+0) -0.523684211<x105>[B] (+1) -0.523684211<x106>[B] (+1) -0.523684211<x107>[B] (+1) -0.523684211<x108>[B] (+1) +0.523684211<x109>[B] (+1) -0.523684211<x110>[B] (+1) -0.523684211<x111>[B] (+0) -0.523684211<x112>[B] (+0) +0.523684211<x113>[B] (+0) +0.523684211<x114>[B] (+1) -0.523684211<x115>[B] (+0) -0.523684211<x116>[B] (+0) -0.523684211<x117>[B] (+1) +0.523684211<x118>[B] (+0) +0.523684211<x119>[B] (+0) +0.523684211<x120>[B] (+0) +0.523684211<x121>[B] (+0) -0.523684211<x122>[B] (+0) +0.523684211<x123>[B] (+0) +0.523684211<x124>[B] (+0) +0.523684211<x125>[B] (+1) -0.523684211<x126>[B] (+1) -0.523684211<x127>[B] (+0) -0.523684211<x128>[B] (+1) -0.523684211<x129>[B] (+0) -0.523684211<x130>[B] (+1) -0.523684211<x131>[B] (+1) +0.523684211<x132>[B] (+0) -0.523684211<x133>[B] (+1) +0.523684211<x134>[B] (+0) -0.523684211<x135>[B] (+0) -0.523684211<x136>[B] (+0) -0.523684211<x137>[B] (+0) -0.523684211<x138>[B] (+1) -0.523684211<x139>[B] (+0) -0.523684211<x140>[B] (+0) -0.523684211<x141>[B] (+0) +0.523684211<x142>[B] (+0) -0.523684211<x143>[B] (+0) -0.523684211<x144>[B] (+0) -0.523684211<x145>[B] (+0) -0.523684211<x146>[B] (+0) +0.523684211<x147>[B] (+1) +0.523684211<x148>[B] (+0) +0.523684211<x149>[B] (+0) +0.523684211<x150>[B] (+0) +0.523684211<x151>[B] (+0) -0.523684211<x152>[B] (+1) +0.523684211<x153>[B] (+0) +0.523684211<x154>[B] (+0) +0.523684211<x155>[B] (+1) +0.523684211<x156>[B] (+1) +0.523684211<x157>[B] (+1) +0.523684211<x158>[B] (+1) +0.523684211<x159>[B] (+1) +0.523684211<x160>[B] (+1) +0.523684211<x161>[B] (+1) +0.523684211<x162>[B] (+0) +0.523684211<x163>[B] (+0) +0.523684211<x164>[B] (+0) +0.523684211<x165>[B] (+0) +0.523684211<x166>[B] (+0) -0.523684211<x167>[B] (+0) +0.523684211<x168>[B] (+0) +0.523684211<x169>[B] (+0) -0.523684211<x170>[B] (+1) -0.523684211<x171>[B] (+1) +0.523684211<x172>[B] (+0) -0.523684211<x173>[B] (+1) +0.523684211<x174>[B] (+0) -0.523684211<x175>[B] (+0) -0.523684211<x176>[B] (+1) +0.523684211<x177>[B] (+0) -0.523684211<x178>[B] (+1) +0.523684211<x179>[B] (+0) -0.523684211<x180>[B] (+0) +0.523684211<x181>[B] (+0) -0.523684211<x182>[B] (+1) +0.523684211<x183>[B] (+0) +0.523684211<x184>[B] (+0) -0.523684211<x185>[B] (+1) -0.523684211<x186>[B] (+0) -0.523684211<x187>[B] (+0) +0.523684211<x188>[B] (+0) +0.523684211<x189>[B] (+0) -0.523684211<x190>[B] (+0) >= 23.6973684210526;
;
violation: left hand side is violated by 0.00526315789474197
  [linear] <c2309>: <x191>[C] (+26.3105263) +0.523684211<x1>[B] (+1) -0.523684211<x2>[B] (+1) +0.523684211<x3>[B] (+0) +0.523684211<x4>[B] (+1) -0.523684211<x5>[B] (+1) +0.523684211<x6>[B] (+1) -0.523684211<x7>[B] (+0) +0.523684211<x8>[B] (+1) +0.523684211<x9>[B] (+0) -0.523684211<x10>[B] (+0) -0.523684211<x11>[B] (+1) -0.523684211<x12>[B] (+0) +0.523684211<x13>[B] (+1) +0.523684211<x14>[B] (+1) +0.523684211<x15>[B] (+1) +0.523684211<x16>[B] (+1) -0.523684211<x17>[B] (+1) +0.523684211<x18>[B] (+1) +0.523684211<x19>[B] (+1) -0.523684211<x20>[B] (+1) +0.523684211<x21>[B] (+0) +0.523684211<x22>[B] (+1) -0.523684211<x23>[B] (+1) +0.523684211<x24>[B] (+0) -0.523684211<x25>[B] (+0) +0.523684211<x26>[B] (+1) +0.523684211<x27>[B] (+0) -0.523684211<x28>[B] (+0) -0.523684211<x29>[B] (+1) -0.523684211<x30>[B] (+0) +0.523684211<x31>[B] (+0) +0.523684211<x32>[B] (+0) -0.523684211<x33>[B] (+0) +0.523684211<x34>[B] (+0) -0.523684211<x35>[B] (+0) +0.523684211<x36>[B] (+1) -0.523684211<x37>[B] (+1) +0.523684211<x38>[B] (+0) +0.523684211<x39>[B] (+1) -0.523684211<x40>[B] (+1) +0.523684211<x41>[B] (+0) -0.523684211<x42>[B] (+0) +0.523684211<x43>[B] (+1) +0.523684211<x44>[B] (+0) -0.523684211<x45>[B] (+0) -0.523684211<x46>[B] (+1) -0.523684211<x47>[B] (+0) +0.523684211<x48>[B] (+0) +0.523684211<x49>[B] (+0) +0.523684211<x50>[B] (+0) +0.523684211<x51>[B] (+0) -0.523684211<x52>[B] (+0) +0.523684211<x53>[B] (+1) +0.523684211<x54>[B] (+1) +0.523684211<x55>[B] (+1) -0.523684211<x56>[B] (+1) +0.523684211<x57>[B] (+1) -0.523684211<x58>[B] (+1) -0.523684211<x59>[B] (+1) +0.523684211<x60>[B] (+1) -0.523684211<x61>[B] (+1) -0.523684211<x62>[B] (+1) -0.523684211<x63>[B] (+1) -0.523684211<x64>[B] (+1) -0.523684211<x65>[B] (+1) -0.523684211<x66>[B] (+1) +0.523684211<x67>[B] (+1) -0.523684211<x68>[B] (+1) -0.523684211<x69>[B] (+1) -0.523684211<x70>[B] (+1) -0.523684211<x71>[B] (+1) -0.523684211<x72>[B] (+0) -0.523684211<x73>[B] (+0) -0.523684211<x74>[B] (+1) +0.523684211<x75>[B] (+0) -0.523684211<x76>[B] (+0) -0.523684211<x77>[B] (+1) -0.523684211<x78>[B] (+0) -0.523684211<x79>[B] (+0) -0.523684211<x80>[B] (+0) -0.523684211<x81>[B] (+0) +0.523684211<x82>[B] (+0) -0.523684211<x83>[B] (+0) -0.523684211<x84>[B] (+0) -0.523684211<x85>[B] (+1) +0.523684211<x86>[B] (+0) +0.523684211<x87>[B] (+0) +0.523684211<x88>[B] (+1) +0.523684211<x89>[B] (+0) +0.523684211<x90>[B] (+0) -0.523684211<x91>[B] (+1) +0.523684211<x92>[B] (+0) +0.523684211<x93>[B] (+0) +0.523684211<x94>[B] (+0) +0.523684211<x95>[B] (+0) +0.523684211<x96>[B] (+0) +0.523684211<x97>[B] (+0) +0.523684211<x98>[B] (+0) +0.523684211<x99>[B] (+1) -0.523684211<x100>[B] (+0) -0.523684211<x101>[B] (+1) +0.523684211<x102>[B] (+0) -0.523684211<x103>[B] (+0) -0.523684211<x104>[B] (+1) -0.523684211<x105>[B] (+0) -0.523684211<x106>[B] (+0) -0.523684211<x107>[B] (+0) -0.523684211<x108>[B] (+0) +0.523684211<x109>[B] (+0) -0.523684211<x110>[B] (+0) -0.523684211<x111>[B] (+1) -0.523684211<x112>[B] (+1) +0.523684211<x113>[B] (+1) +0.523684211<x114>[B] (+0) -0.523684211<x115>[B] (+1) -0.523684211<x116>[B] (+1) -0.523684211<x117>[B] (+0) +0.523684211<x118>[B] (+1) +0.523684211<x119>[B] (+1) +0.523684211<x120>[B] (+1) +0.523684211<x121>[B] (+1) -0.523684211<x122>[B] (+1) +0.523684211<x123>[B] (+1) +0.523684211<x124>[B] (+1) +0.523684211<x125>[B] (+0) -0.523684211<x126>[B] (+0) -0.523684211<x127>[B] (+1) -0.523684211<x128>[B] (+0) -0.523684211<x129>[B] (+0) -0.523684211<x130>[B] (+0) -0.523684211<x131>[B] (+0) +0.523684211<x132>[B] (+0) -0.523684211<x133>[B] (+0) +0.523684211<x134>[B] (+0) -0.523684211<x135>[B] (+1) -0.523684211<x136>[B] (+1) -0.523684211<x137>[B] (+1) -0.523684211<x138>[B] (+1) -0.523684211<x139>[B] (+1) -0.523684211<x140>[B] (+1) -0.523684211<x141>[B] (+1) +0.523684211<x142>[B] (+1) -0.523684211<x143>[B] (+1) -0.523684211<x144>[B] (+1) -0.523684211<x145>[B] (+1) -0.523684211<x146>[B] (+1) +0.523684211<x147>[B] (+0) +0.523684211<x148>[B] (+1) +0.523684211<x149>[B] (+1) +0.523684211<x150>[B] (+1) +0.523684211<x151>[B] (+1) -0.523684211<x152>[B] (+1) +0.523684211<x153>[B] (+1) +0.523684211<x154>[B] (+1) +0.523684211<x155>[B] (+0) +0.523684211<x156>[B] (+0) +0.523684211<x157>[B] (+0) +0.523684211<x158>[B] (+0) +0.523684211<x159>[B] (+0) +0.523684211<x160>[B] (+0) +0.523684211<x161>[B] (+0) +0.523684211<x162>[B] (+1) +0.523684211<x163>[B] (+1) +0.523684211<x164>[B] (+1) +0.523684211<x165>[B] (+1) +0.523684211<x166>[B] (+1) -0.523684211<x167>[B] (+1) +0.523684211<x168>[B] (+1) +0.523684211<x169>[B] (+1) -0.523684211<x170>[B] (+0) -0.523684211<x171>[B] (+0) +0.523684211<x172>[B] (+0) -0.523684211<x173>[B] (+0) +0.523684211<x174>[B] (+1) -0.523684211<x175>[B] (+1) -0.523684211<x176>[B] (+1) +0.523684211<x177>[B] (+1) -0.523684211<x178>[B] (+1) +0.523684211<x179>[B] (+1) -0.523684211<x180>[B] (+1) +0.523684211<x181>[B] (+0) -0.523684211<x182>[B] (+0) +0.523684211<x183>[B] (+1) +0.523684211<x184>[B] (+1) -0.523684211<x185>[B] (+1) -0.523684211<x186>[B] (+1) -0.523684211<x187>[B] (+1) +0.523684211<x188>[B] (+1) +0.523684211<x189>[B] (+1) -0.523684211<x190>[B] (+1) >= 23.6973684210526;
;
violation: left hand side is violated by 0.00526315789474907
3/5 feasible solutions given by solution candidate storage, new primal bound -1.624007e+02

presolving:
   (0.0s) symmetry computation started: requiring (bin +, int +, cont +), (fixed: bin -, int -, cont -)
   (0.0s) no symmetry present (symcode time: 0.00)
presolving (0 rounds: 0 fast, 0 medium, 0 exhaustive):
 0 deleted vars, 0 deleted constraints, 0 added constraints, 0 tightened bounds, 0 added holes, 0 changed sides, 0 changed coefficients
 0 implications, 0 cliques, 0 implied integral variables (0 bin, 0 int, 0 cont)
presolved problem has 200 variables (190 bin, 0 int, 10 cont) and 2313 constraints
   2313 constraints of type <linear>
Presolving Time: 0.00
transformed 3/3 original solutions to the transformed problem space

 time | node  | left  |LP iter|LP it/n|mem/heur|mdpt |vars |cons |rows |cuts |sepa|confs|strbr|  dualbound   | primalbound  |  gap   | compl. 
* 0.0s|     1 |     0 |   177 |     - |    LP  |   0 | 200 |2313 |2313 |   0 |  0 |   0 |   0 |-1.437316e+02 |-1.437316e+02 |   0.00%| unknown
  0.0s|     1 |     0 |   177 |     - |    14M |   0 | 200 |2313 |2313 |   0 |  0 |   0 |   0 |-1.437316e+02 |-1.437316e+02 |   0.00%| unknown

SCIP Status        : problem is solved [optimal solution found]
Solving Time (sec) : 0.02
Solving Nodes      : 1
Primal Bound       : -1.43731578947368e+02 (5 solutions)
Dual Bound         : -1.43731578947368e+02
Gap                : 0.00 %
