Loading instance...
Median ranking: [6, 9, 20, 5, 12, 4, 3, 15, 10, 13, 16, 7, 1, 18, 11, 8, 19, 17, 14, 2]
Mean ranking: [6, 4, 20, 12, 9, 5, 3, 15, 10, 13, 16, 7, 1, 18, 8, 11, 19, 17, 14, 2]
Actual error: 0.0011178816143407877
Weighted Kendall distance: 132.5
Normalized distance: 0.04981203007518797
sides, 0 chg coeffs, 0 upgd conss, 0 impls, 0 clqs, 0 implints
   (0.0s) symmetry computation started: requiring (bin +, int +, cont +), (fixed: bin -, int -, cont -)
   (0.0s) no symmetry present (symcode time: 0.00)
presolving (2 rounds: 2 fast, 2 medium, 1 exhaustive):
 0 deleted vars, 2280 deleted constraints, 1140 added constraints, 0 tightened bounds, 0 added holes, 0 changed sides, 0 changed coefficients
 0 implications, 0 cliques, 0 implied integral variables (0 bin, 0 int, 0 cont)
presolved problem has 190 variables (0 bin, 0 int, 190 cont) and 1140 constraints
   1140 constraints of type <linear>
Presolving Time: 0.01
transformed 3/3 original solutions to the transformed problem space

 time | node  | left  |LP iter|LP it/n|mem/heur|mdpt |vars |cons |rows |cuts |sepa|confs|strbr|  dualbound   | primalbound  |  gap   | compl. 
* 0.0s|     1 |     0 |    23 |     - |    LP  |   0 | 190 |1140 |1140 |   0 |  0 |   0 |   0 | 8.480000e+02 | 8.480000e+02 |   0.00%| unknown
  0.0s|     1 |     0 |    23 |     - |  7668k |   0 | 190 |1140 |1140 |   0 |  0 |   0 |   0 | 8.480000e+02 | 8.480000e+02 |   0.00%| unknown

SCIP Status        : problem is solved [optimal solution found]
Solving Time (sec) : 0.02
Solving Nodes      : 1
Primal Bound       : +8.48000000000000e+02 (4 solutions)
Dual Bound         : +8.48000000000000e+02
Gap                : 0.00 %
feasible solution found by trivial heuristic after 0.0 seconds, objective value 3.040000e+02
presolving:
   (0.0s) running MILP presolver
   (0.0s) MILP presolver (2 rounds): 0 aggregations, 0 fixings, 0 bound changes
(round 1, medium)     0 del vars, 2280 del conss, 1140 add conss, 0 chg bounds, 0 chg sides, 0 chg coeffs, 0 upgd conss, 0 impls, 0 clqs, 0 implints
   (0.0s) probing: 51/190 (26.8%) - 0 fixings, 0 aggregations, 0 implications, 0 bound changes
   (0.0s) probing aborted: 50/50 successive totally useless probings
   (0.0s) symmetry computation started: requiring (bin +, int +, cont +), (fixed: bin -, int -, cont -)
   (0.0s) no symmetry present (symcode time: 0.00)
presolving (2 rounds: 2 fast, 2 medium, 1 exhaustive):
 0 deleted vars, 2280 deleted constraints, 1140 added constraints, 0 tightened bounds, 0 added holes, 0 changed sides, 0 changed coefficients
 0 implications, 0 cliques, 0 implied integral variables (0 bin, 0 int, 0 cont)
presolved problem has 190 variables (190 bin, 0 int, 0 cont) and 1140 constraints
   1140 constraints of type <linear>
transformed objective value is always integral (scale: 2)
Presolving Time: 0.01
transformed 2/2 original solutions to the transformed problem space

 time | node  | left  |LP iter|LP it/n|mem/heur|mdpt |vars |cons |rows |cuts |sepa|confs|strbr|  dualbound   | primalbound  |  gap   | compl. 
p 0.0s|     1 |     0 |     0 |     - |   locks|   0 | 190 |1140 |1140 |   0 |  0 |   0 |   0 | 8.740000e+02 | 4.900000e+02 |  78.37%| unknown
i 0.0s|     1 |     0 |     0 |     - |  oneopt|   0 | 190 |1140 |1140 |   0 |  0 |   0 |   0 | 8.740000e+02 | 7.000000e+02 |  24.86%| unknown
* 0.0s|     1 |     0 |    25 |     - |    LP  |   0 | 190 |1140 |1140 |   0 |  0 |   0 |   0 | 8.480000e+02 | 8.480000e+02 |   0.00%| unknown
  0.0s|     1 |     0 |    25 |     - |  7833k |   0 | 190 |1140 |1140 |   0 |  0 |   0 |   0 | 8.480000e+02 | 8.480000e+02 |   0.00%| unknown

SCIP Status        : problem is solved [optimal solution found]
Solving Time (sec) : 0.02
Solving Nodes      : 1
Primal Bound       : +8.48000000000000e+02 (5 solutions)
Dual Bound         : +8.48000000000000e+02
Gap                : 0.00 %
feasible solution found by trivial heuristic after 0.3 seconds, objective value -6.999696e+06
presolving:
(round 1, fast)       0 del vars, 0 del conss, 0 add conss, 140 chg bounds, 0 chg sides, 0 chg coeffs, 0 upgd conss, 0 impls, 0 clqs, 0 implints
   (2.2s) running MILP presolver
   (2.4s) MILP presolver (2 rounds): 0 aggregations, 0 fixings, 0 bound changes
(round 2, exhaustive) 0 del vars, 1140 del conss, 0 add conss, 140 chg bounds, 0 chg sides, 0 chg coeffs, 0 upgd conss, 0 impls, 0 clqs, 0 implints
   (4.7s) symmetry computation started: requiring (bin +, int +, cont +), (fixed: bin -, int -, cont -)
   (5.3s) no symmetry present (symcode time: 0.03)
presolving (3 rounds: 3 fast, 2 medium, 2 exhaustive):
 0 deleted vars, 1140 deleted constraints, 0 added constraints, 140 tightened bounds, 0 added holes, 0 changed sides, 0 changed coefficients
 0 implications, 0 cliques, 0 implied integral variables (0 bin, 0 int, 0 cont)
presolved problem has 260 variables (0 bin, 0 int, 260 cont) and 14440 constraints
  14440 constraints of type <linear>
Presolving Time: 5.23

 time | node  | left  |LP iter|LP it/n|mem/heur|mdpt |vars |cons |rows |cuts |sepa|confs|strbr|  dualbound   | primalbound  |  gap   | compl. 
t 5.5s|     1 |     0 |     0 |     - | trivial|   0 | 260 |  14k|   0 |   0 |  0 |   0 |   0 | 8.740000e+02 |-6.346000e+03 |    Inf | unknown
* 6.8s|     1 |     0 |   896 |     - |    LP  |   0 | 260 |  14k|  14k|   0 |  0 |   0 |   0 |-1.224762e+03 |-1.224762e+03 |   0.00%| unknown
  6.8s|     1 |     0 |   896 |     - |  1219M |   0 | 260 |  14k|  14k|   0 |  0 |   0 |   0 |-1.224762e+03 |-1.224762e+03 |   0.00%| unknown

SCIP Status        : problem is solved [optimal solution found]
Solving Time (sec) : 6.79
Solving Nodes      : 1
Primal Bound       : -1.22476228070175e+03 (3 solutions)
Dual Bound         : -1.22476228070175e+03
Gap                : 0.00 %
feasible solution found by trivial heuristic after 0.2 seconds, objective value -6.999696e+06
presolving:
(round 1, fast)       0 del vars, 0 del conss, 0 add conss, 140 chg bounds, 0 chg sides, 0 chg coeffs, 0 upgd conss, 0 impls, 0 clqs, 0 implints
   (1.5s) running MILP presolver
   (2.0s) MILP presolver (2 rounds): 0 aggregations, 0 fixings, 0 bound changes
(round 2, exhaustive) 0 del vars, 1140 del conss, 0 add conss, 140 chg bounds, 0 chg sides, 0 chg coeffs, 0 upgd conss, 0 impls, 0 clqs, 0 implints
   (4.9s) probing: 51/190 (26.8%) - 0 fixings, 0 aggregations, 0 implications, 0 bound changes
   (4.9s) probing aborted: 50/50 successive totally useless probings
   (5.1s) symmetry computation started: requiring (bin +, int +, cont +), (fixed: bin -, int -, cont -)
   (5.6s) no symmetry present (symcode time: 0.02)
presolving (3 rounds: 3 fast, 2 medium, 2 exhaustive):
 0 deleted vars, 1140 deleted constraints, 0 added constraints, 140 tightened bounds, 0 added holes, 0 changed sides, 0 changed coefficients
 0 implications, 0 cliques, 0 implied integral variables (0 bin, 0 int, 0 cont)
presolved problem has 260 variables (190 bin, 0 int, 70 cont) and 14440 constraints
  14440 constraints of type <linear>
Presolving Time: 5.60

 time | node  | left  |LP iter|LP it/n|mem/heur|mdpt |vars |cons |rows |cuts |sepa|confs|strbr|  dualbound   | primalbound  |  gap   | compl. 
t 5.8s|     1 |     0 |     0 |     - | trivial|   0 | 260 |  14k|   0 |   0 |  0 |   0 |   0 | 8.740000e+02 |-6.346000e+03 |    Inf | unknown
p 7.1s|     1 |     0 |    70 |     - |   locks|   0 | 260 |  14k|  14k|   0 |  0 |   0 |   0 | 8.740000e+02 |-1.877458e+03 |    Inf | unknown
  8.1s|     1 |     0 |   966 |     - |  1222M |   0 | 260 |  14k|  14k|   0 |  0 |   0 |   0 |-1.224762e+03 |-1.877458e+03 |  53.29%| unknown
r 8.3s|     1 |     0 |   966 |     - |shifting|   0 | 260 |  14k|  14k|   0 |  0 |   0 |   0 |-1.224762e+03 |-1.278564e+03 |   4.39%| unknown
  8.5s|     1 |     0 |   968 |     - |  1224M |   0 | 260 |  14k|  14k|   1 |  1 |   0 |   0 |-1.224767e+03 |-1.278564e+03 |   4.39%| unknown
  8.7s|     1 |     0 |   970 |     - |  1225M |   0 | 260 |  14k|  14k|   2 |  2 |   0 |   0 |-1.224771e+03 |-1.278564e+03 |   4.39%| unknown
r 8.9s|     1 |     0 |   970 |     - |shifting|   0 | 260 |  14k|  14k|   2 |  2 |   0 |   0 |-1.224771e+03 |-1.278562e+03 |   4.39%| unknown
  9.0s|     1 |     0 |   972 |     - |  1227M |   0 | 260 |  14k|  14k|   3 |  3 |   0 |   0 |-1.224775e+03 |-1.278562e+03 |   4.39%| unknown
r 9.1s|     1 |     0 |   972 |     - |shifting|   0 | 260 |  14k|  14k|   3 |  3 |   0 |   0 |-1.224775e+03 |-1.258808e+03 |   2.78%| unknown
  9.2s|     1 |     0 |   974 |     - |  1229M |   0 | 260 |  14k|  14k|   4 |  4 |   0 |   0 |-1.224780e+03 |-1.258808e+03 |   2.78%| unknown
r 9.4s|     1 |     0 |   974 |     - |shifting|   0 | 260 |  14k|  14k|   4 |  4 |   0 |   0 |-1.224780e+03 |-1.249741e+03 |   2.04%| unknown
  9.5s|     1 |     0 |   976 |     - |  1230M |   0 | 260 |  14k|  14k|   5 |  5 |   0 |   0 |-1.224784e+03 |-1.249741e+03 |   2.04%| unknown
  9.7s|     1 |     0 |   981 |     - |  1232M |   0 | 260 |  14k|  14k|   6 |  6 |   0 |   0 |-1.224789e+03 |-1.249741e+03 |   2.04%| unknown
 10.0s|     1 |     0 |   983 |     - |  1233M |   0 | 260 |  14k|  14k|   7 |  7 |   0 |   0 |-1.224793e+03 |-1.249741e+03 |   2.04%| unknown
 10.2s|     1 |     0 |   985 |     - |  1235M |   0 | 260 |  14k|  14k|   8 |  8 |   0 |   0 |-1.224797e+03 |-1.249741e+03 |   2.04%| unknown
 time | node  | left  |LP iter|LP it/n|mem/heur|mdpt |vars |cons |rows |cuts |sepa|confs|strbr|  dualbound   | primalbound  |  gap   | compl. 
 10.4s|     1 |     0 |   987 |     - |  1236M |   0 | 260 |  14k|  14k|   9 |  9 |   0 |   0 |-1.224802e+03 |-1.249741e+03 |   2.04%| unknown
 10.7s|     1 |     0 |   989 |     - |  1238M |   0 | 260 |  14k|  14k|  10 | 10 |   0 |   0 |-1.224806e+03 |-1.249741e+03 |   2.04%| unknown
r11.0s|     1 |     0 |  1069 |     - |intshift|   0 | 260 |  14k|  14k|  10 | 11 |   0 |   0 |-1.224806e+03 |-1.233132e+03 |   0.68%| unknown
d11.2s|     1 |     0 |  1233 |     - |farkasdi|   0 | 260 |  14k|  14k|   0 | 11 |   0 |   0 |-1.224806e+03 |-1.227447e+03 |   0.22%| unknown
L11.6s|     1 |     0 |  1233 |     - |    rens|   0 | 260 |  14k|  14k|  10 | 11 |   0 |   0 |-1.224806e+03 |-1.224868e+03 |   0.01%| unknown
 11.8s|     1 |     0 |  1233 |     - |  1290M |   0 | 260 |  14k|  14k|  10 | 11 |   0 |   0 |-1.224806e+03 |-1.224868e+03 |   0.01%| unknown
 12.3s|     1 |     0 |  1233 |     - |  1291M |   0 | 260 |  14k|  13k|  10 | 11 |   0 |   0 |-1.224806e+03 |-1.224868e+03 |   0.01%| unknown
 12.5s|     1 |     0 |  1233 |     - |  1292M |   0 | 260 |  10k|  13k|  10 | 12 |   0 |   0 |-1.224806e+03 |-1.224868e+03 |   0.01%| unknown
(run 1, node 1) restarting after 155 global fixings of integer variables

(restart) converted 10 cuts from the global cut pool into linear constraints

presolving:
(round 1, fast)       155 del vars, 0 del conss, 0 add conss, 0 chg bounds, 966 chg sides, 1785 chg coeffs, 0 upgd conss, 0 impls, 82 clqs, 0 implints
(round 2, fast)       155 del vars, 0 del conss, 0 add conss, 70 chg bounds, 966 chg sides, 1785 chg coeffs, 0 upgd conss, 0 impls, 82 clqs, 0 implints
(round 3, fast)       155 del vars, 0 del conss, 0 add conss, 71 chg bounds, 966 chg sides, 1785 chg coeffs, 0 upgd conss, 0 impls, 82 clqs, 0 implints
   (13.1s) running MILP presolver
   (13.2s) MILP presolver (4 rounds): 0 aggregations, 0 fixings, 70 bound changes
(round 4, medium)     155 del vars, 3 del conss, 0 add conss, 141 chg bounds, 966 chg sides, 1785 chg coeffs, 0 upgd conss, 0 impls, 82 clqs, 0 implints
(round 5, fast)       155 del vars, 80 del conss, 0 add conss, 141 chg bounds, 1939 chg sides, 3710 chg coeffs, 0 upgd conss, 0 impls, 82 clqs, 0 implints
(round 6, exhaustive) 155 del vars, 115 del conss, 0 add conss, 141 chg bounds, 1939 chg sides, 3710 chg coeffs, 0 upgd conss, 0 impls, 82 clqs, 0 implints
(round 7, exhaustive) 155 del vars, 115 del conss, 0 add conss, 141 chg bounds, 1939 chg sides, 3710 chg coeffs, 82 upgd conss, 0 impls, 82 clqs, 0 implints
presolving (8 rounds: 8 fast, 4 medium, 3 exhaustive):
 155 deleted vars, 115 deleted constraints, 0 added constraints, 141 tightened bounds, 0 added holes, 1939 changed sides, 3710 changed coefficients
 0 implications, 82 cliques, 0 implied integral variables (0 bin, 0 int, 0 cont)
presolved problem has 105 variables (35 bin, 0 int, 70 cont) and 10680 constraints
     82 constraints of type <setppc>
  10598 constraints of type <linear>
Presolving Time: 6.68
transformed 15/18 original solutions to the transformed problem space

 time | node  | left  |LP iter|LP it/n|mem/heur|mdpt |vars |cons |rows |cuts |sepa|confs|strbr|  dualbound   | primalbound  |  gap   | compl. 
 14.1s|     1 |     0 |  1666 |     - |  1225M |   0 | 105 |  10k|  10k|   0 |  0 |   0 |   0 |-1.224806e+03 |-1.224868e+03 |   0.01%| unknown
 14.2s|     1 |     0 |  1666 |     - |  1225M |   0 | 105 |  10k|9827 |   0 |  0 |   0 |   0 |-1.224806e+03 |-1.224868e+03 |   0.01%| unknown
 14.2s|     1 |     0 |  1668 |     - |  1226M |   0 | 105 |  10k|9580 |   1 |  1 |   0 |   0 |-1.224811e+03 |-1.224868e+03 |   0.00%| unknown
 14.3s|     1 |     0 |  1674 |     - |  1227M |   0 | 105 |  10k|9581 |   2 |  2 |   0 |   0 |-1.224815e+03 |-1.224868e+03 |   0.00%| unknown
 14.4s|     1 |     0 |  1676 |     - |  1228M |   0 | 105 |  10k|9582 |   3 |  3 |   0 |   0 |-1.224820e+03 |-1.224868e+03 |   0.00%| unknown
 14.5s|     1 |     0 |  1678 |     - |  1229M |   0 | 105 |  10k|9583 |   4 |  4 |   0 |   0 |-1.224825e+03 |-1.224868e+03 |   0.00%| unknown
 14.5s|     1 |     0 |  1682 |     - |  1230M |   0 | 105 |  10k|9584 |   5 |  5 |   0 |   0 |-1.224830e+03 |-1.224868e+03 |   0.00%| unknown
 14.6s|     1 |     0 |  1682 |     - |  1230M |   0 | 105 |  10k|9501 |   5 |  5 |   0 |   0 |-1.224830e+03 |-1.224868e+03 |   0.00%| unknown
 14.6s|     1 |     0 |  1684 |     - |  1231M |   0 | 105 |  10k|9502 |   6 |  6 |   0 |   0 |-1.224834e+03 |-1.224868e+03 |   0.00%| unknown
 14.7s|     1 |     0 |  1686 |     - |  1232M |   0 | 105 |  10k|9503 |   7 |  7 |   0 |   0 |-1.224839e+03 |-1.224868e+03 |   0.00%| unknown
 14.8s|     1 |     0 |  1688 |     - |  1233M |   0 | 105 |  10k|9504 |   8 |  8 |   0 |   0 |-1.224843e+03 |-1.224868e+03 |   0.00%| unknown
 14.8s|     1 |     0 |  1690 |     - |  1234M |   0 | 105 |  10k|9505 |   9 |  9 |   0 |   0 |-1.224848e+03 |-1.224868e+03 |   0.00%| unknown
 14.9s|     1 |     0 |  1690 |     - |  1234M |   0 | 105 |  10k|9429 |   9 |  9 |   0 |   0 |-1.224848e+03 |-1.224868e+03 |   0.00%| unknown
 14.9s|     1 |     0 |  1692 |     - |  1235M |   0 | 105 |  10k|9430 |  10 | 10 |   0 |   0 |-1.224853e+03 |-1.224868e+03 |   0.00%| unknown
 15.0s|     1 |     0 |  1692 |     - |  1228M |   0 | 105 |7434 |9430 |  10 | 11 |   0 |   0 |-1.224853e+03 |-1.224868e+03 |   0.00%| unknown
 time | node  | left  |LP iter|LP it/n|mem/heur|mdpt |vars |cons |rows |cuts |sepa|confs|strbr|  dualbound   | primalbound  |  gap   | compl. 
 15.0s|     1 |     0 |  1701 |     - |  1228M |   0 | 105 |7434 |9430 |  10 | 12 |   2 |   0 |-1.224868e+03 |-1.224868e+03 |   0.00%| unknown

SCIP Status        : problem is solved [optimal solution found]
Solving Time (sec) : 15.05
Solving Nodes      : 1 (total of 2 nodes in 2 runs)
Primal Bound       : -1.22486842105263e+03 (29 solutions)
Dual Bound         : -1.22486842105263e+03
Gap                : 0.00 %
feasible solution found by trivial heuristic after 0.0 seconds, objective value 0.000000e+00
presolving:
   (0.0s) symmetry computation started: requiring (bin +, int +, cont +), (fixed: bin -, int -, cont -)
   (0.0s) symmetry computation finished: 69 generators found (max: 1500, log10 of symmetry group size: 100.08) (symcode time: 0.00)
dynamic symmetry handling statistics:
   orbitopal reduction:       no components
   orbital reduction:         no components
   lexicographic reduction:   no permutations
handled 1 out of 1 symmetry components
presolving (0 rounds: 0 fast, 0 medium, 0 exhaustive):
 0 deleted vars, 0 deleted constraints, 0 added constraints, 0 tightened bounds, 0 added holes, 0 changed sides, 0 changed coefficients
 0 implications, 0 cliques, 0 implied integral variables (0 bin, 0 int, 0 cont)
presolved problem has 260 variables (190 bin, 0 int, 70 cont) and 2349 constraints
   2349 constraints of type <linear>
Presolving Time: 0.00
transformed 2/2 original solutions to the transformed problem space

 time | node  | left  |LP iter|LP it/n|mem/heur|mdpt |vars |cons |rows |cuts |sepa|confs|strbr|  dualbound   | primalbound  |  gap   | compl. 
t 0.0s|     1 |     0 |     0 |     - | trivial|   0 | 260 |2280 |   0 |   0 |  0 |   0 |   0 | 8.740000e+02 | 3.040000e+02 | 187.50%| unknown
p 0.0s|     1 |     0 |     0 |     - |   locks|   0 | 260 |2280 |2280 |   0 |  0 |   0 |   0 | 8.740000e+02 | 4.080000e+02 | 114.22%| unknown
i 0.0s|     1 |     0 |     0 |     - |  oneopt|   0 | 260 |2280 |2280 |   0 |  0 |   0 |   0 | 8.740000e+02 | 6.720000e+02 |  30.06%| unknown
* 0.0s|     1 |     0 |    25 |     - |    LP  |   0 | 260 |2280 |2280 |   0 |  0 |   0 |   0 | 8.480000e+02 | 8.480000e+02 |   0.00%| unknown
  0.0s|     1 |     0 |    25 |     - |    11M |   0 | 260 |2280 |2280 |   0 |  0 |   0 |   0 | 8.480000e+02 | 8.480000e+02 |   0.00%| unknown

SCIP Status        : problem is solved [optimal solution found]
Solving Time (sec) : 0.01
Solving Nodes      : 1
Primal Bound       : +8.48000000000000e+02 (6 solutions)
Dual Bound         : +8.48000000000000e+02
Gap                : 0.00 %
  [linear] <c2281>: <x191>[C] (+0) -0.602631579<x1>[B] (+1) -0.602631579<x2>[B] (+0) +0.602631579<x3>[B] (+0) +0.602631579<x4>[B] (+0) -0.602631579<x5>[B] (+0) -0.602631579<x6>[B] (+0) -0.602631579<x7>[B] (+1) -0.602631579<x8>[B] (+0) -0.602631579<x9>[B] (+0) +0.602631579<x10>[B] (+1) +0.602631579<x11>[B] (+0) -0.602631579<x12>[B] (+0) +0.602631579<x13>[B] (+1) -0.602631579<x14>[B] (+0) -0.602631579<x15>[B] (+0) -0.602631579<x16>[B] (+1) -0.602631579<x17>[B] (+1) -0.602631579<x18>[B] (+1) +0.602631579<x19>[B] (+0) +0.602631579<x20>[B] (+0) +0.602631579<x21>[B] (+0) +0.602631579<x22>[B] (+0) +0.602631579<x23>[B] (+0) +0.602631579<x24>[B] (+0) +0.602631579<x25>[B] (+0) +0.602631579<x26>[B] (+0) +0.602631579<x27>[B] (+0) +0.602631579<x28>[B] (+0) +0.602631579<x29>[B] (+0) +0.602631579<x30>[B] (+0) +0.602631579<x31>[B] (+0) -0.602631579<x32>[B] (+0) +0.602631579<x33>[B] (+0) +0.602631579<x34>[B] (+0) -0.602631579<x35>[B] (+0) -0.602631579<x36>[B] (+0) +0.602631579<x37>[B] (+0) +0.602631579<x38>[B] (+0) +0.602631579<x39>[B] (+0) -0.602631579<x40>[B] (+0) -0.602631579<x41>[B] (+1) +0.602631579<x42>[B] (+1) +0.602631579<x43>[B] (+0) -0.602631579<x44>[B] (+1) +0.602631579<x45>[B] (+1) +0.602631579<x46>[B] (+0) +0.602631579<x47>[B] (+1) +0.602631579<x48>[B] (+1) -0.602631579<x49>[B] (+1) -0.602631579<x50>[B] (+1) -0.602631579<x51>[B] (+1) -0.602631579<x52>[B] (+1) -0.602631579<x53>[B] (+1) +0.602631579<x54>[B] (+0) -0.602631579<x55>[B] (+0) -0.602631579<x56>[B] (+0) -0.602631579<x57>[B] (+1) -0.602631579<x58>[B] (+1) -0.602631579<x59>[B] (+0) -0.602631579<x60>[B] (+1) +0.602631579<x61>[B] (+1) +0.602631579<x62>[B] (+0) -0.602631579<x63>[B] (+1) -0.602631579<x64>[B] (+1) -0.602631579<x65>[B] (+1) -0.602631579<x66>[B] (+1) -0.602631579<x67>[B] (+1) -0.602631579<x68>[B] (+1) -0.602631579<x69>[B] (+1) +0.602631579<x70>[B] (+0) -0.602631579<x71>[B] (+0) -0.602631579<x72>[B] (+1) -0.602631579<x73>[B] (+1) -0.602631579<x74>[B] (+0) -0.602631579<x75>[B] (+1) +0.602631579<x76>[B] (+1) +0.602631579<x77>[B] (+1) -0.602631579<x78>[B] (+1) +0.602631579<x79>[B] (+1) -0.602631579<x80>[B] (+1) -0.602631579<x81>[B] (+1) -0.602631579<x82>[B] (+1) -0.602631579<x83>[B] (+1) -0.602631579<x84>[B] (+1) +0.602631579<x85>[B] (+0) +0.602631579<x86>[B] (+1) +0.602631579<x87>[B] (+1) +0.602631579<x88>[B] (+1) -0.602631579<x89>[B] (+1) +0.602631579<x90>[B] (+1) +0.602631579<x91>[B] (+1) +0.602631579<x92>[B] (+1) +0.602631579<x93>[B] (+1) -0.602631579<x94>[B] (+1) -0.602631579<x95>[B] (+1) -0.602631579<x96>[B] (+1) -0.602631579<x97>[B] (+1) -0.602631579<x98>[B] (+1) +0.602631579<x99>[B] (+1) +0.602631579<x100>[B] (+1) +0.602631579<x101>[B] (+0) -0.602631579<x102>[B] (+0) +0.602631579<x103>[B] (+1) +0.602631579<x104>[B] (+0) +0.602631579<x105>[B] (+0) +0.602631579<x106>[B] (+1) -0.602631579<x107>[B] (+0) -0.602631579<x108>[B] (+0) -0.602631579<x109>[B] (+1) -0.602631579<x110>[B] (+1) -0.602631579<x111>[B] (+1) +0.602631579<x112>[B] (+0) -0.602631579<x113>[B] (+0) -0.602631579<x114>[B] (+0) +0.602631579<x115>[B] (+0) +0.602631579<x116>[B] (+0) -0.602631579<x117>[B] (+0) +0.602631579<x118>[B] (+1) -0.602631579<x119>[B] (+0) -0.602631579<x120>[B] (+0) -0.602631579<x121>[B] (+1) -0.602631579<x122>[B] (+0) -0.602631579<x123>[B] (+1) +0.602631579<x124>[B] (+0) -0.602631579<x125>[B] (+1) +0.602631579<x126>[B] (+1) +0.602631579<x127>[B] (+1) -0.602631579<x128>[B] (+1) +0.602631579<x129>[B] (+1) -0.602631579<x130>[B] (+1) -0.602631579<x131>[B] (+1) -0.602631579<x132>[B] (+1) -0.602631579<x133>[B] (+1) -0.602631579<x134>[B] (+1) +0.602631579<x135>[B] (+1) +0.602631579<x136>[B] (+1) +0.602631579<x137>[B] (+0) +0.602631579<x138>[B] (+1) +0.602631579<x139>[B] (+1) -0.602631579<x140>[B] (+0) +0.602631579<x141>[B] (+1) -0.602631579<x142>[B] (+1) -0.602631579<x143>[B] (+1) -0.602631579<x144>[B] (+1) +0.602631579<x145>[B] (+0) -0.602631579<x146>[B] (+0) -0.602631579<x147>[B] (+0) -0.602631579<x148>[B] (+1) -0.602631579<x149>[B] (+0) -0.602631579<x150>[B] (+0) -0.602631579<x151>[B] (+1) -0.602631579<x152>[B] (+0) -0.602631579<x153>[B] (+1) +0.602631579<x154>[B] (+0) -0.602631579<x155>[B] (+1) -0.602631579<x156>[B] (+1) -0.602631579<x157>[B] (+1) -0.602631579<x158>[B] (+1) -0.602631579<x159>[B] (+1) -0.602631579<x160>[B] (+1) -0.602631579<x161>[B] (+1) +0.602631579<x162>[B] (+0) +0.602631579<x163>[B] (+1) -0.602631579<x164>[B] (+0) -0.602631579<x165>[B] (+1) -0.602631579<x166>[B] (+1) -0.602631579<x167>[B] (+1) -0.602631579<x168>[B] (+1) +0.602631579<x169>[B] (+0) -0.602631579<x170>[B] (+0) -0.602631579<x171>[B] (+0) -0.602631579<x172>[B] (+0) -0.602631579<x173>[B] (+0) -0.602631579<x174>[B] (+0) +0.602631579<x175>[B] (+0) +0.602631579<x176>[B] (+1) +0.602631579<x177>[B] (+1) +0.602631579<x178>[B] (+1) +0.602631579<x179>[B] (+1) +0.602631579<x180>[B] (+0) -0.602631579<x181>[B] (+1) -0.602631579<x182>[B] (+1) -0.602631579<x183>[B] (+1) +0.602631579<x184>[B] (+0) -0.602631579<x185>[B] (+0) -0.602631579<x186>[B] (+0) +0.602631579<x187>[B] (+0) -0.602631579<x188>[B] (+1) +0.602631579<x189>[B] (+0) +0.602631579<x190>[B] (+0) >= 13.7105263157895;
;
violation: left hand side is violated by 34.8026315789474
  [linear] <c2281>: <x191>[C] (+0) -0.602631579<x1>[B] (+1) -0.602631579<x2>[B] (+0) +0.602631579<x3>[B] (+1) +0.602631579<x4>[B] (+1) -0.602631579<x5>[B] (+0) -0.602631579<x6>[B] (+0) -0.602631579<x7>[B] (+1) -0.602631579<x8>[B] (+1) -0.602631579<x9>[B] (+1) +0.602631579<x10>[B] (+1) +0.602631579<x11>[B] (+1) -0.602631579<x12>[B] (+1) +0.602631579<x13>[B] (+1) -0.602631579<x14>[B] (+1) -0.602631579<x15>[B] (+1) -0.602631579<x16>[B] (+1) -0.602631579<x17>[B] (+1) -0.602631579<x18>[B] (+1) +0.602631579<x19>[B] (+1) +0.602631579<x20>[B] (+0) +0.602631579<x21>[B] (+0) +0.602631579<x22>[B] (+0) +0.602631579<x23>[B] (+0) +0.602631579<x24>[B] (+0) +0.602631579<x25>[B] (+0) +0.602631579<x26>[B] (+0) +0.602631579<x27>[B] (+0) +0.602631579<x28>[B] (+0) +0.602631579<x29>[B] (+0) +0.602631579<x30>[B] (+0) +0.602631579<x31>[B] (+1) -0.602631579<x32>[B] (+0) +0.602631579<x33>[B] (+0) +0.602631579<x34>[B] (+0) -0.602631579<x35>[B] (+0) -0.602631579<x36>[B] (+0) +0.602631579<x37>[B] (+0) +0.602631579<x38>[B] (+1) +0.602631579<x39>[B] (+1) -0.602631579<x40>[B] (+0) -0.602631579<x41>[B] (+1) +0.602631579<x42>[B] (+1) +0.602631579<x43>[B] (+1) -0.602631579<x44>[B] (+1) +0.602631579<x45>[B] (+1) +0.602631579<x46>[B] (+1) +0.602631579<x47>[B] (+1) +0.602631579<x48>[B] (+1) -0.602631579<x49>[B] (+1) -0.602631579<x50>[B] (+1) -0.602631579<x51>[B] (+1) -0.602631579<x52>[B] (+1) -0.602631579<x53>[B] (+1) +0.602631579<x54>[B] (+1) -0.602631579<x55>[B] (+1) -0.602631579<x56>[B] (+0) -0.602631579<x57>[B] (+0) -0.602631579<x58>[B] (+1) -0.602631579<x59>[B] (+0) -0.602631579<x60>[B] (+0) +0.602631579<x61>[B] (+1) +0.602631579<x62>[B] (+1) -0.602631579<x63>[B] (+0) -0.602631579<x64>[B] (+1) -0.602631579<x65>[B] (+0) -0.602631579<x66>[B] (+1) -0.602631579<x67>[B] (+1) -0.602631579<x68>[B] (+1) -0.602631579<x69>[B] (+1) +0.602631579<x70>[B] (+1) -0.602631579<x71>[B] (+0) -0.602631579<x72>[B] (+0) -0.602631579<x73>[B] (+1) -0.602631579<x74>[B] (+0) -0.602631579<x75>[B] (+0) +0.602631579<x76>[B] (+0) +0.602631579<x77>[B] (+1) -0.602631579<x78>[B] (+0) +0.602631579<x79>[B] (+1) -0.602631579<x80>[B] (+0) -0.602631579<x81>[B] (+0) -0.602631579<x82>[B] (+1) -0.602631579<x83>[B] (+0) -0.602631579<x84>[B] (+1) +0.602631579<x85>[B] (+0) +0.602631579<x86>[B] (+1) +0.602631579<x87>[B] (+1) +0.602631579<x88>[B] (+1) -0.602631579<x89>[B] (+1) +0.602631579<x90>[B] (+1) +0.602631579<x91>[B] (+1) +0.602631579<x92>[B] (+1) +0.602631579<x93>[B] (+1) -0.602631579<x94>[B] (+1) -0.602631579<x95>[B] (+1) -0.602631579<x96>[B] (+1) -0.602631579<x97>[B] (+1) -0.602631579<x98>[B] (+1) +0.602631579<x99>[B] (+1) +0.602631579<x100>[B] (+1) +0.602631579<x101>[B] (+1) -0.602631579<x102>[B] (+1) +0.602631579<x103>[B] (+1) +0.602631579<x104>[B] (+1) +0.602631579<x105>[B] (+1) +0.602631579<x106>[B] (+1) -0.602631579<x107>[B] (+1) -0.602631579<x108>[B] (+1) -0.602631579<x109>[B] (+1) -0.602631579<x110>[B] (+1) -0.602631579<x111>[B] (+1) +0.602631579<x112>[B] (+1) -0.602631579<x113>[B] (+0) -0.602631579<x114>[B] (+0) +0.602631579<x115>[B] (+0) +0.602631579<x116>[B] (+0) -0.602631579<x117>[B] (+0) +0.602631579<x118>[B] (+1) -0.602631579<x119>[B] (+0) -0.602631579<x120>[B] (+0) -0.602631579<x121>[B] (+1) -0.602631579<x122>[B] (+0) -0.602631579<x123>[B] (+1) +0.602631579<x124>[B] (+0) -0.602631579<x125>[B] (+1) +0.602631579<x126>[B] (+1) +0.602631579<x127>[B] (+1) -0.602631579<x128>[B] (+1) +0.602631579<x129>[B] (+1) -0.602631579<x130>[B] (+1) -0.602631579<x131>[B] (+1) -0.602631579<x132>[B] (+1) -0.602631579<x133>[B] (+1) -0.602631579<x134>[B] (+1) +0.602631579<x135>[B] (+1) +0.602631579<x136>[B] (+1) +0.602631579<x137>[B] (+1) +0.602631579<x138>[B] (+1) +0.602631579<x139>[B] (+1) -0.602631579<x140>[B] (+0) +0.602631579<x141>[B] (+1) -0.602631579<x142>[B] (+1) -0.602631579<x143>[B] (+1) -0.602631579<x144>[B] (+1) +0.602631579<x145>[B] (+1) -0.602631579<x146>[B] (+1) -0.602631579<x147>[B] (+0) -0.602631579<x148>[B] (+1) -0.602631579<x149>[B] (+0) -0.602631579<x150>[B] (+1) -0.602631579<x151>[B] (+1) -0.602631579<x152>[B] (+1) -0.602631579<x153>[B] (+1) +0.602631579<x154>[B] (+1) -0.602631579<x155>[B] (+0) -0.602631579<x156>[B] (+1) -0.602631579<x157>[B] (+0) -0.602631579<x158>[B] (+0) -0.602631579<x159>[B] (+1) -0.602631579<x160>[B] (+0) -0.602631579<x161>[B] (+1) +0.602631579<x162>[B] (+0) +0.602631579<x163>[B] (+1) -0.602631579<x164>[B] (+0) -0.602631579<x165>[B] (+1) -0.602631579<x166>[B] (+1) -0.602631579<x167>[B] (+1) -0.602631579<x168>[B] (+1) +0.602631579<x169>[B] (+1) -0.602631579<x170>[B] (+0) -0.602631579<x171>[B] (+0) -0.602631579<x172>[B] (+0) -0.602631579<x173>[B] (+0) -0.602631579<x174>[B] (+0) +0.602631579<x175>[B] (+0) +0.602631579<x176>[B] (+1) +0.602631579<x177>[B] (+1) +0.602631579<x178>[B] (+1) +0.602631579<x179>[B] (+1) +0.602631579<x180>[B] (+1) -0.602631579<x181>[B] (+1) -0.602631579<x182>[B] (+1) -0.602631579<x183>[B] (+1) +0.602631579<x184>[B] (+1) -0.602631579<x185>[B] (+0) -0.602631579<x186>[B] (+0) +0.602631579<x187>[B] (+0) -0.602631579<x188>[B] (+1) +0.602631579<x189>[B] (+0) +0.602631579<x190>[B] (+0) >= 13.7105263157895;
;
violation: left hand side is violated by 20.9421052631579
  [linear] <c2281>: <x191>[C] (+0) -0.602631579<x1>[B] (+1) -0.602631579<x2>[B] (+1) +0.602631579<x3>[B] (+1) +0.602631579<x4>[B] (+1) -0.602631579<x5>[B] (+0) -0.602631579<x6>[B] (+0) -0.602631579<x7>[B] (+1) -0.602631579<x8>[B] (+1) -0.602631579<x9>[B] (+1) +0.602631579<x10>[B] (+1) +0.602631579<x11>[B] (+1) -0.602631579<x12>[B] (+1) +0.602631579<x13>[B] (+1) -0.602631579<x14>[B] (+1) -0.602631579<x15>[B] (+1) -0.602631579<x16>[B] (+1) -0.602631579<x17>[B] (+1) -0.602631579<x18>[B] (+1) +0.602631579<x19>[B] (+1) +0.602631579<x20>[B] (+0) +0.602631579<x21>[B] (+0) +0.602631579<x22>[B] (+0) +0.602631579<x23>[B] (+0) +0.602631579<x24>[B] (+0) +0.602631579<x25>[B] (+0) +0.602631579<x26>[B] (+0) +0.602631579<x27>[B] (+0) +0.602631579<x28>[B] (+0) +0.602631579<x29>[B] (+0) +0.602631579<x30>[B] (+0) +0.602631579<x31>[B] (+1) -0.602631579<x32>[B] (+0) +0.602631579<x33>[B] (+0) +0.602631579<x34>[B] (+0) -0.602631579<x35>[B] (+0) -0.602631579<x36>[B] (+0) +0.602631579<x37>[B] (+1) +0.602631579<x38>[B] (+1) +0.602631579<x39>[B] (+1) -0.602631579<x40>[B] (+0) -0.602631579<x41>[B] (+0) +0.602631579<x42>[B] (+1) +0.602631579<x43>[B] (+1) -0.602631579<x44>[B] (+1) +0.602631579<x45>[B] (+1) +0.602631579<x46>[B] (+1) +0.602631579<x47>[B] (+1) +0.602631579<x48>[B] (+1) -0.602631579<x49>[B] (+1) -0.602631579<x50>[B] (+1) -0.602631579<x51>[B] (+1) -0.602631579<x52>[B] (+1) -0.602631579<x53>[B] (+1) +0.602631579<x54>[B] (+1) -0.602631579<x55>[B] (+1) -0.602631579<x56>[B] (+0) -0.602631579<x57>[B] (+0) -0.602631579<x58>[B] (+1) -0.602631579<x59>[B] (+0) -0.602631579<x60>[B] (+0) +0.602631579<x61>[B] (+0) +0.602631579<x62>[B] (+1) -0.602631579<x63>[B] (+0) -0.602631579<x64>[B] (+1) -0.602631579<x65>[B] (+0) -0.602631579<x66>[B] (+0) -0.602631579<x67>[B] (+0) -0.602631579<x68>[B] (+0) -0.602631579<x69>[B] (+1) +0.602631579<x70>[B] (+1) -0.602631579<x71>[B] (+0) -0.602631579<x72>[B] (+0) -0.602631579<x73>[B] (+1) -0.602631579<x74>[B] (+0) -0.602631579<x75>[B] (+0) +0.602631579<x76>[B] (+0) +0.602631579<x77>[B] (+1) -0.602631579<x78>[B] (+0) +0.602631579<x79>[B] (+1) -0.602631579<x80>[B] (+0) -0.602631579<x81>[B] (+0) -0.602631579<x82>[B] (+0) -0.602631579<x83>[B] (+0) -0.602631579<x84>[B] (+1) +0.602631579<x85>[B] (+1) +0.602631579<x86>[B] (+1) +0.602631579<x87>[B] (+1) +0.602631579<x88>[B] (+1) -0.602631579<x89>[B] (+1) +0.602631579<x90>[B] (+1) +0.602631579<x91>[B] (+1) +0.602631579<x92>[B] (+1) +0.602631579<x93>[B] (+1) -0.602631579<x94>[B] (+1) -0.602631579<x95>[B] (+1) -0.602631579<x96>[B] (+1) -0.602631579<x97>[B] (+1) -0.602631579<x98>[B] (+1) +0.602631579<x99>[B] (+1) +0.602631579<x100>[B] (+1) +0.602631579<x101>[B] (+1) -0.602631579<x102>[B] (+1) +0.602631579<x103>[B] (+1) +0.602631579<x104>[B] (+1) +0.602631579<x105>[B] (+1) +0.602631579<x106>[B] (+1) -0.602631579<x107>[B] (+1) -0.602631579<x108>[B] (+1) -0.602631579<x109>[B] (+1) -0.602631579<x110>[B] (+1) -0.602631579<x111>[B] (+1) +0.602631579<x112>[B] (+1) -0.602631579<x113>[B] (+0) -0.602631579<x114>[B] (+0) +0.602631579<x115>[B] (+0) +0.602631579<x116>[B] (+1) -0.602631579<x117>[B] (+0) +0.602631579<x118>[B] (+1) -0.602631579<x119>[B] (+0) -0.602631579<x120>[B] (+0) -0.602631579<x121>[B] (+0) -0.602631579<x122>[B] (+0) -0.602631579<x123>[B] (+0) +0.602631579<x124>[B] (+1) -0.602631579<x125>[B] (+1) +0.602631579<x126>[B] (+1) +0.602631579<x127>[B] (+1) -0.602631579<x128>[B] (+1) +0.602631579<x129>[B] (+1) -0.602631579<x130>[B] (+1) -0.602631579<x131>[B] (+1) -0.602631579<x132>[B] (+1) -0.602631579<x133>[B] (+1) -0.602631579<x134>[B] (+1) +0.602631579<x135>[B] (+1) +0.602631579<x136>[B] (+0) +0.602631579<x137>[B] (+1) +0.602631579<x138>[B] (+0) +0.602631579<x139>[B] (+1) -0.602631579<x140>[B] (+1) +0.602631579<x141>[B] (+1) -0.602631579<x142>[B] (+0) -0.602631579<x143>[B] (+1) -0.602631579<x144>[B] (+1) +0.602631579<x145>[B] (+1) -0.602631579<x146>[B] (+1) -0.602631579<x147>[B] (+1) -0.602631579<x148>[B] (+1) -0.602631579<x149>[B] (+1) -0.602631579<x150>[B] (+1) -0.602631579<x151>[B] (+1) -0.602631579<x152>[B] (+1) -0.602631579<x153>[B] (+1) +0.602631579<x154>[B] (+1) -0.602631579<x155>[B] (+0) -0.602631579<x156>[B] (+1) -0.602631579<x157>[B] (+0) -0.602631579<x158>[B] (+0) -0.602631579<x159>[B] (+0) -0.602631579<x160>[B] (+0) -0.602631579<x161>[B] (+0) +0.602631579<x162>[B] (+1) +0.602631579<x163>[B] (+1) -0.602631579<x164>[B] (+1) -0.602631579<x165>[B] (+1) -0.602631579<x166>[B] (+0) -0.602631579<x167>[B] (+1) -0.602631579<x168>[B] (+1) +0.602631579<x169>[B] (+1) -0.602631579<x170>[B] (+0) -0.602631579<x171>[B] (+0) -0.602631579<x172>[B] (+0) -0.602631579<x173>[B] (+0) -0.602631579<x174>[B] (+0) +0.602631579<x175>[B] (+1) +0.602631579<x176>[B] (+1) +0.602631579<x177>[B] (+0) +0.602631579<x178>[B] (+1) +0.602631579<x179>[B] (+1) +0.602631579<x180>[B] (+1) -0.602631579<x181>[B] (+0) -0.602631579<x182>[B] (+1) -0.602631579<x183>[B] (+1) +0.602631579<x184>[B] (+1) -0.602631579<x185>[B] (+1) -0.602631579<x186>[B] (+1) +0.602631579<x187>[B] (+1) -0.602631579<x188>[B] (+1) +0.602631579<x189>[B] (+1) +0.602631579<x190>[B] (+1) >= 13.7105263157895;
;
violation: left hand side is violated by 14.9157894736842
  [linear] <c2281>: <x191>[C] (+0) -0.602631579<x1>[B] (+1) -0.602631579<x2>[B] (+1) +0.602631579<x3>[B] (+1) +0.602631579<x4>[B] (+1) -0.602631579<x5>[B] (+1) -0.602631579<x6>[B] (+1) -0.602631579<x7>[B] (+1) -0.602631579<x8>[B] (+1) -0.602631579<x9>[B] (+1) +0.602631579<x10>[B] (+1) +0.602631579<x11>[B] (+1) -0.602631579<x12>[B] (+1) +0.602631579<x13>[B] (+1) -0.602631579<x14>[B] (+1) -0.602631579<x15>[B] (+1) -0.602631579<x16>[B] (+1) -0.602631579<x17>[B] (+1) -0.602631579<x18>[B] (+1) +0.602631579<x19>[B] (+1) +0.602631579<x20>[B] (+1) +0.602631579<x21>[B] (+1) +0.602631579<x22>[B] (+1) +0.602631579<x23>[B] (+1) +0.602631579<x24>[B] (+1) +0.602631579<x25>[B] (+1) +0.602631579<x26>[B] (+1) +0.602631579<x27>[B] (+1) +0.602631579<x28>[B] (+1) +0.602631579<x29>[B] (+1) +0.602631579<x30>[B] (+1) +0.602631579<x31>[B] (+1) -0.602631579<x32>[B] (+1) +0.602631579<x33>[B] (+1) +0.602631579<x34>[B] (+1) -0.602631579<x35>[B] (+1) -0.602631579<x36>[B] (+1) +0.602631579<x37>[B] (+1) +0.602631579<x38>[B] (+1) +0.602631579<x39>[B] (+1) -0.602631579<x40>[B] (+1) -0.602631579<x41>[B] (+1) +0.602631579<x42>[B] (+1) +0.602631579<x43>[B] (+1) -0.602631579<x44>[B] (+1) +0.602631579<x45>[B] (+1) +0.602631579<x46>[B] (+1) +0.602631579<x47>[B] (+1) +0.602631579<x48>[B] (+1) -0.602631579<x49>[B] (+1) -0.602631579<x50>[B] (+1) -0.602631579<x51>[B] (+1) -0.602631579<x52>[B] (+1) -0.602631579<x53>[B] (+1) +0.602631579<x54>[B] (+1) -0.602631579<x55>[B] (+1) -0.602631579<x56>[B] (+1) -0.602631579<x57>[B] (+1) -0.602631579<x58>[B] (+1) -0.602631579<x59>[B] (+1) -0.602631579<x60>[B] (+1) +0.602631579<x61>[B] (+1) +0.602631579<x62>[B] (+1) -0.602631579<x63>[B] (+1) -0.602631579<x64>[B] (+1) -0.602631579<x65>[B] (+1) -0.602631579<x66>[B] (+1) -0.602631579<x67>[B] (+1) -0.602631579<x68>[B] (+1) -0.602631579<x69>[B] (+1) +0.602631579<x70>[B] (+1) -0.602631579<x71>[B] (+1) -0.602631579<x72>[B] (+1) -0.602631579<x73>[B] (+1) -0.602631579<x74>[B] (+1) -0.602631579<x75>[B] (+1) +0.602631579<x76>[B] (+1) +0.602631579<x77>[B] (+1) -0.602631579<x78>[B] (+1) +0.602631579<x79>[B] (+1) -0.602631579<x80>[B] (+1) -0.602631579<x81>[B] (+1) -0.602631579<x82>[B] (+1) -0.602631579<x83>[B] (+1) -0.602631579<x84>[B] (+1) +0.602631579<x85>[B] (+1) +0.602631579<x86>[B] (+1) +0.602631579<x87>[B] (+1) +0.602631579<x88>[B] (+1) -0.602631579<x89>[B] (+1) +0.602631579<x90>[B] (+1) +0.602631579<x91>[B] (+1) +0.602631579<x92>[B] (+1) +0.602631579<x93>[B] (+1) -0.602631579<x94>[B] (+1) -0.602631579<x95>[B] (+1) -0.602631579<x96>[B] (+1) -0.602631579<x97>[B] (+1) -0.602631579<x98>[B] (+1) +0.602631579<x99>[B] (+1) +0.602631579<x100>[B] (+1) +0.602631579<x101>[B] (+1) -0.602631579<x102>[B] (+1) +0.602631579<x103>[B] (+1) +0.602631579<x104>[B] (+1) +0.602631579<x105>[B] (+1) +0.602631579<x106>[B] (+1) -0.602631579<x107>[B] (+1) -0.602631579<x108>[B] (+1) -0.602631579<x109>[B] (+1) -0.602631579<x110>[B] (+1) -0.602631579<x111>[B] (+1) +0.602631579<x112>[B] (+1) -0.602631579<x113>[B] (+1) -0.602631579<x114>[B] (+1) +0.602631579<x115>[B] (+1) +0.602631579<x116>[B] (+1) -0.602631579<x117>[B] (+1) +0.602631579<x118>[B] (+1) -0.602631579<x119>[B] (+1) -0.602631579<x120>[B] (+1) -0.602631579<x121>[B] (+1) -0.602631579<x122>[B] (+1) -0.602631579<x123>[B] (+1) +0.602631579<x124>[B] (+1) -0.602631579<x125>[B] (+1) +0.602631579<x126>[B] (+1) +0.602631579<x127>[B] (+1) -0.602631579<x128>[B] (+1) +0.602631579<x129>[B] (+1) -0.602631579<x130>[B] (+1) -0.602631579<x131>[B] (+1) -0.602631579<x132>[B] (+1) -0.602631579<x133>[B] (+1) -0.602631579<x134>[B] (+1) +0.602631579<x135>[B] (+1) +0.602631579<x136>[B] (+1) +0.602631579<x137>[B] (+1) +0.602631579<x138>[B] (+1) +0.602631579<x139>[B] (+1) -0.602631579<x140>[B] (+1) +0.602631579<x141>[B] (+1) -0.602631579<x142>[B] (+1) -0.602631579<x143>[B] (+1) -0.602631579<x144>[B] (+1) +0.602631579<x145>[B] (+1) -0.602631579<x146>[B] (+1) -0.602631579<x147>[B] (+1) -0.602631579<x148>[B] (+1) -0.602631579<x149>[B] (+1) -0.602631579<x150>[B] (+1) -0.602631579<x151>[B] (+1) -0.602631579<x152>[B] (+1) -0.602631579<x153>[B] (+1) +0.602631579<x154>[B] (+1) -0.602631579<x155>[B] (+1) -0.602631579<x156>[B] (+1) -0.602631579<x157>[B] (+1) -0.602631579<x158>[B] (+1) -0.602631579<x159>[B] (+1) -0.602631579<x160>[B] (+1) -0.602631579<x161>[B] (+1) +0.602631579<x162>[B] (+1) +0.602631579<x163>[B] (+1) -0.602631579<x164>[B] (+1) -0.602631579<x165>[B] (+1) -0.602631579<x166>[B] (+1) -0.602631579<x167>[B] (+1) -0.602631579<x168>[B] (+1) +0.602631579<x169>[B] (+1) -0.602631579<x170>[B] (+1) -0.602631579<x171>[B] (+1) -0.602631579<x172>[B] (+1) -0.602631579<x173>[B] (+1) -0.602631579<x174>[B] (+1) +0.602631579<x175>[B] (+1) +0.602631579<x176>[B] (+1) +0.602631579<x177>[B] (+1) +0.602631579<x178>[B] (+1) +0.602631579<x179>[B] (+1) +0.602631579<x180>[B] (+1) -0.602631579<x181>[B] (+1) -0.602631579<x182>[B] (+1) -0.602631579<x183>[B] (+1) +0.602631579<x184>[B] (+1) -0.602631579<x185>[B] (+1) -0.602631579<x186>[B] (+1) +0.602631579<x187>[B] (+1) -0.602631579<x188>[B] (+1) +0.602631579<x189>[B] (+1) +0.602631579<x190>[B] (+1) >= 13.7105263157895;
;
violation: left hand side is violated by 31.7894736842105
  [linear] <c2281>: <x191>[C] (+0) -0.602631579<x1>[B] (+0) -0.602631579<x2>[B] (+0) +0.602631579<x3>[B] (+0) +0.602631579<x4>[B] (+0) -0.602631579<x5>[B] (+0) -0.602631579<x6>[B] (+0) -0.602631579<x7>[B] (+0) -0.602631579<x8>[B] (+0) -0.602631579<x9>[B] (+0) +0.602631579<x10>[B] (+0) +0.602631579<x11>[B] (+0) -0.602631579<x12>[B] (+0) +0.602631579<x13>[B] (+0) -0.602631579<x14>[B] (+0) -0.602631579<x15>[B] (+0) -0.602631579<x16>[B] (+0) -0.602631579<x17>[B] (+0) -0.602631579<x18>[B] (+0) +0.602631579<x19>[B] (+0) +0.602631579<x20>[B] (+0) +0.602631579<x21>[B] (+0) +0.602631579<x22>[B] (+0) +0.602631579<x23>[B] (+0) +0.602631579<x24>[B] (+0) +0.602631579<x25>[B] (+0) +0.602631579<x26>[B] (+0) +0.602631579<x27>[B] (+0) +0.602631579<x28>[B] (+0) +0.602631579<x29>[B] (+0) +0.602631579<x30>[B] (+0) +0.602631579<x31>[B] (+0) -0.602631579<x32>[B] (+0) +0.602631579<x33>[B] (+0) +0.602631579<x34>[B] (+0) -0.602631579<x35>[B] (+0) -0.602631579<x36>[B] (+0) +0.602631579<x37>[B] (+0) +0.602631579<x38>[B] (+0) +0.602631579<x39>[B] (+0) -0.602631579<x40>[B] (+0) -0.602631579<x41>[B] (+0) +0.602631579<x42>[B] (+0) +0.602631579<x43>[B] (+0) -0.602631579<x44>[B] (+0) +0.602631579<x45>[B] (+0) +0.602631579<x46>[B] (+0) +0.602631579<x47>[B] (+0) +0.602631579<x48>[B] (+0) -0.602631579<x49>[B] (+0) -0.602631579<x50>[B] (+0) -0.602631579<x51>[B] (+0) -0.602631579<x52>[B] (+0) -0.602631579<x53>[B] (+0) +0.602631579<x54>[B] (+0) -0.602631579<x55>[B] (+0) -0.602631579<x56>[B] (+0) -0.602631579<x57>[B] (+0) -0.602631579<x58>[B] (+0) -0.602631579<x59>[B] (+0) -0.602631579<x60>[B] (+0) +0.602631579<x61>[B] (+0) +0.602631579<x62>[B] (+0) -0.602631579<x63>[B] (+0) -0.602631579<x64>[B] (+0) -0.602631579<x65>[B] (+0) -0.602631579<x66>[B] (+0) -0.602631579<x67>[B] (+0) -0.602631579<x68>[B] (+0) -0.602631579<x69>[B] (+0) +0.602631579<x70>[B] (+0) -0.602631579<x71>[B] (+0) -0.602631579<x72>[B] (+0) -0.602631579<x73>[B] (+0) -0.602631579<x74>[B] (+0) -0.602631579<x75>[B] (+0) +0.602631579<x76>[B] (+0) +0.602631579<x77>[B] (+0) -0.602631579<x78>[B] (+0) +0.602631579<x79>[B] (+0) -0.602631579<x80>[B] (+0) -0.602631579<x81>[B] (+0) -0.602631579<x82>[B] (+0) -0.602631579<x83>[B] (+0) -0.602631579<x84>[B] (+0) +0.602631579<x85>[B] (+0) +0.602631579<x86>[B] (+0) +0.602631579<x87>[B] (+0) +0.602631579<x88>[B] (+0) -0.602631579<x89>[B] (+0) +0.602631579<x90>[B] (+0) +0.602631579<x91>[B] (+0) +0.602631579<x92>[B] (+0) +0.602631579<x93>[B] (+0) -0.602631579<x94>[B] (+0) -0.602631579<x95>[B] (+0) -0.602631579<x96>[B] (+0) -0.602631579<x97>[B] (+0) -0.602631579<x98>[B] (+0) +0.602631579<x99>[B] (+0) +0.602631579<x100>[B] (+0) +0.602631579<x101>[B] (+0) -0.602631579<x102>[B] (+0) +0.602631579<x103>[B] (+0) +0.602631579<x104>[B] (+0) +0.602631579<x105>[B] (+0) +0.602631579<x106>[B] (+0) -0.602631579<x107>[B] (+0) -0.602631579<x108>[B] (+0) -0.602631579<x109>[B] (+0) -0.602631579<x110>[B] (+0) -0.602631579<x111>[B] (+0) +0.602631579<x112>[B] (+0) -0.602631579<x113>[B] (+0) -0.602631579<x114>[B] (+0) +0.602631579<x115>[B] (+0) +0.602631579<x116>[B] (+0) -0.602631579<x117>[B] (+0) +0.602631579<x118>[B] (+0) -0.602631579<x119>[B] (+0) -0.602631579<x120>[B] (+0) -0.602631579<x121>[B] (+0) -0.602631579<x122>[B] (+0) -0.602631579<x123>[B] (+0) +0.602631579<x124>[B] (+0) -0.602631579<x125>[B] (+0) +0.602631579<x126>[B] (+0) +0.602631579<x127>[B] (+0) -0.602631579<x128>[B] (+0) +0.602631579<x129>[B] (+0) -0.602631579<x130>[B] (+0) -0.602631579<x131>[B] (+0) -0.602631579<x132>[B] (+0) -0.602631579<x133>[B] (+0) -0.602631579<x134>[B] (+0) +0.602631579<x135>[B] (+0) +0.602631579<x136>[B] (+0) +0.602631579<x137>[B] (+0) +0.602631579<x138>[B] (+0) +0.602631579<x139>[B] (+0) -0.602631579<x140>[B] (+0) +0.602631579<x141>[B] (+0) -0.602631579<x142>[B] (+0) -0.602631579<x143>[B] (+0) -0.602631579<x144>[B] (+0) +0.602631579<x145>[B] (+0) -0.602631579<x146>[B] (+0) -0.602631579<x147>[B] (+0) -0.602631579<x148>[B] (+0) -0.602631579<x149>[B] (+0) -0.602631579<x150>[B] (+0) -0.602631579<x151>[B] (+0) -0.602631579<x152>[B] (+0) -0.602631579<x153>[B] (+0) +0.602631579<x154>[B] (+0) -0.602631579<x155>[B] (+0) -0.602631579<x156>[B] (+0) -0.602631579<x157>[B] (+0) -0.602631579<x158>[B] (+0) -0.602631579<x159>[B] (+0) -0.602631579<x160>[B] (+0) -0.602631579<x161>[B] (+0) +0.602631579<x162>[B] (+0) +0.602631579<x163>[B] (+0) -0.602631579<x164>[B] (+0) -0.602631579<x165>[B] (+0) -0.602631579<x166>[B] (+0) -0.602631579<x167>[B] (+0) -0.602631579<x168>[B] (+0) +0.602631579<x169>[B] (+0) -0.602631579<x170>[B] (+0) -0.602631579<x171>[B] (+0) -0.602631579<x172>[B] (+0) -0.602631579<x173>[B] (+0) -0.602631579<x174>[B] (+0) +0.602631579<x175>[B] (+0) +0.602631579<x176>[B] (+0) +0.602631579<x177>[B] (+0) +0.602631579<x178>[B] (+0) +0.602631579<x179>[B] (+0) +0.602631579<x180>[B] (+0) -0.602631579<x181>[B] (+0) -0.602631579<x182>[B] (+0) -0.602631579<x183>[B] (+0) +0.602631579<x184>[B] (+0) -0.602631579<x185>[B] (+0) -0.602631579<x186>[B] (+0) +0.602631579<x187>[B] (+0) -0.602631579<x188>[B] (+0) +0.602631579<x189>[B] (+0) +0.602631579<x190>[B] (+0) >= 13.7105263157895;
;
violation: left hand side is violated by 13.7105263157895
1/6 feasible solution given by solution candidate storage, new primal bound -6.999696e+06

presolving:
   (0.0s) symmetry computation started: requiring (bin +, int +, cont +), (fixed: bin -, int -, cont -)
   (0.0s) no symmetry present (symcode time: 0.00)
presolving (0 rounds: 0 fast, 0 medium, 0 exhaustive):
 0 deleted vars, 0 deleted constraints, 0 added constraints, 0 tightened bounds, 0 added holes, 0 changed sides, 0 changed coefficients
 0 implications, 0 cliques, 0 implied integral variables (0 bin, 0 int, 0 cont)
presolved problem has 260 variables (190 bin, 0 int, 70 cont) and 2350 constraints
   2350 constraints of type <linear>
Presolving Time: 0.01
transformed 1/1 original solutions to the transformed problem space

 time | node  | left  |LP iter|LP it/n|mem/heur|mdpt |vars |cons |rows |cuts |sepa|confs|strbr|  dualbound   | primalbound  |  gap   | compl. 
p 0.0s|     1 |     0 |    30 |     - |   locks|   0 | 260 |2350 |2350 |   0 |  0 |   0 |   0 | 8.740000e+02 |-1.687582e+03 |    Inf | unknown
* 0.0s|     1 |     0 |   501 |     - |    LP  |   0 | 260 |2350 |2350 |   0 |  0 |   0 |   0 |-1.220453e+03 |-1.220453e+03 |   0.00%| unknown
  0.0s|     1 |     0 |   501 |     - |    17M |   0 | 260 |2350 |2350 |   0 |  0 |   0 |   0 |-1.220453e+03 |-1.220453e+03 |   0.00%| unknown

SCIP Status        : problem is solved [optimal solution found]
Solving Time (sec) : 0.05
Solving Nodes      : 1
Primal Bound       : -1.22045263157895e+03 (4 solutions)
Dual Bound         : -1.22045263157895e+03
Gap                : 0.00 %
  [linear] <c2351>: <x191>[C] (+36.6105263) -0.618421053<x1>[B] (+1) -0.618421053<x2>[B] (+0) +0.618421053<x3>[B] (+0) +0.618421053<x4>[B] (+0) -0.618421053<x5>[B] (+0) -0.618421053<x6>[B] (+1) -0.618421053<x7>[B] (+1) -0.618421053<x8>[B] (+0) -0.618421053<x9>[B] (+1) +0.618421053<x10>[B] (+1) +0.618421053<x11>[B] (+0) -0.618421053<x12>[B] (+1) +0.618421053<x13>[B] (+1) -0.618421053<x14>[B] (+1) -0.618421053<x15>[B] (+0) -0.618421053<x16>[B] (+1) -0.618421053<x17>[B] (+1) -0.618421053<x18>[B] (+1) +0.618421053<x19>[B] (+0) +0.618421053<x20>[B] (+0) +0.618421053<x21>[B] (+0) +0.618421053<x22>[B] (+0) +0.618421053<x23>[B] (+0) +0.618421053<x24>[B] (+0) +0.618421053<x25>[B] (+0) +0.618421053<x26>[B] (+0) +0.618421053<x27>[B] (+0) +0.618421053<x28>[B] (+0) +0.618421053<x29>[B] (+0) +0.618421053<x30>[B] (+0) +0.618421053<x31>[B] (+0) -0.618421053<x32>[B] (+0) +0.618421053<x33>[B] (+0) +0.618421053<x34>[B] (+0) -0.618421053<x35>[B] (+0) -0.618421053<x36>[B] (+0) +0.618421053<x37>[B] (+0) +0.618421053<x38>[B] (+0) +0.618421053<x39>[B] (+0) -0.618421053<x40>[B] (+0) -0.618421053<x41>[B] (+1) +0.618421053<x42>[B] (+1) +0.618421053<x43>[B] (+0) -0.618421053<x44>[B] (+1) +0.618421053<x45>[B] (+1) +0.618421053<x46>[B] (+0) +0.618421053<x47>[B] (+1) +0.618421053<x48>[B] (+1) -0.618421053<x49>[B] (+1) -0.618421053<x50>[B] (+0) -0.618421053<x51>[B] (+1) -0.618421053<x52>[B] (+1) -0.618421053<x53>[B] (+1) +0.618421053<x54>[B] (+0) -0.618421053<x55>[B] (+1) -0.618421053<x56>[B] (+0) -0.618421053<x57>[B] (+1) -0.618421053<x58>[B] (+1) -0.618421053<x59>[B] (+1) -0.618421053<x60>[B] (+1) +0.618421053<x61>[B] (+1) +0.618421053<x62>[B] (+0) -0.618421053<x63>[B] (+1) -0.618421053<x64>[B] (+1) -0.618421053<x65>[B] (+1) -0.618421053<x66>[B] (+1) -0.618421053<x67>[B] (+1) -0.618421053<x68>[B] (+1) -0.618421053<x69>[B] (+1) +0.618421053<x70>[B] (+1) -0.618421053<x71>[B] (+0) -0.618421053<x72>[B] (+1) -0.618421053<x73>[B] (+1) -0.618421053<x74>[B] (+0) -0.618421053<x75>[B] (+1) +0.618421053<x76>[B] (+1) +0.618421053<x77>[B] (+0) -0.618421053<x78>[B] (+1) +0.618421053<x79>[B] (+1) -0.618421053<x80>[B] (+1) -0.618421053<x81>[B] (+1) -0.618421053<x82>[B] (+1) -0.618421053<x83>[B] (+1) -0.618421053<x84>[B] (+1) +0.618421053<x85>[B] (+1) +0.618421053<x86>[B] (+1) +0.618421053<x87>[B] (+1) +0.618421053<x88>[B] (+1) -0.618421053<x89>[B] (+1) +0.618421053<x90>[B] (+1) +0.618421053<x91>[B] (+1) +0.618421053<x92>[B] (+1) +0.618421053<x93>[B] (+1) -0.618421053<x94>[B] (+1) -0.618421053<x95>[B] (+1) -0.618421053<x96>[B] (+1) -0.618421053<x97>[B] (+1) -0.618421053<x98>[B] (+1) +0.618421053<x99>[B] (+1) +0.618421053<x100>[B] (+1) +0.618421053<x101>[B] (+0) -0.618421053<x102>[B] (+0) +0.618421053<x103>[B] (+1) +0.618421053<x104>[B] (+0) +0.618421053<x105>[B] (+1) +0.618421053<x106>[B] (+1) -0.618421053<x107>[B] (+0) -0.618421053<x108>[B] (+0) -0.618421053<x109>[B] (+1) -0.618421053<x110>[B] (+1) -0.618421053<x111>[B] (+1) +0.618421053<x112>[B] (+0) -0.618421053<x113>[B] (+0) -0.618421053<x114>[B] (+0) +0.618421053<x115>[B] (+1) +0.618421053<x116>[B] (+0) -0.618421053<x117>[B] (+0) +0.618421053<x118>[B] (+1) -0.618421053<x119>[B] (+0) -0.618421053<x120>[B] (+0) -0.618421053<x121>[B] (+1) -0.618421053<x122>[B] (+0) -0.618421053<x123>[B] (+1) +0.618421053<x124>[B] (+0) -0.618421053<x125>[B] (+1) +0.618421053<x126>[B] (+1) +0.618421053<x127>[B] (+0) -0.618421053<x128>[B] (+1) +0.618421053<x129>[B] (+1) -0.618421053<x130>[B] (+1) -0.618421053<x131>[B] (+1) -0.618421053<x132>[B] (+1) -0.618421053<x133>[B] (+1) -0.618421053<x134>[B] (+1) +0.618421053<x135>[B] (+1) +0.618421053<x136>[B] (+1) +0.618421053<x137>[B] (+0) +0.618421053<x138>[B] (+1) +0.618421053<x139>[B] (+1) -0.618421053<x140>[B] (+0) +0.618421053<x141>[B] (+0) -0.618421053<x142>[B] (+1) -0.618421053<x143>[B] (+1) -0.618421053<x144>[B] (+1) +0.618421053<x145>[B] (+0) -0.618421053<x146>[B] (+0) -0.618421053<x147>[B] (+0) -0.618421053<x148>[B] (+1) -0.618421053<x149>[B] (+0) -0.618421053<x150>[B] (+0) -0.618421053<x151>[B] (+1) -0.618421053<x152>[B] (+0) -0.618421053<x153>[B] (+1) +0.618421053<x154>[B] (+0) -0.618421053<x155>[B] (+1) -0.618421053<x156>[B] (+1) -0.618421053<x157>[B] (+1) -0.618421053<x158>[B] (+1) -0.618421053<x159>[B] (+1) -0.618421053<x160>[B] (+1) -0.618421053<x161>[B] (+1) +0.618421053<x162>[B] (+1) +0.618421053<x163>[B] (+1) -0.618421053<x164>[B] (+0) -0.618421053<x165>[B] (+0) -0.618421053<x166>[B] (+1) -0.618421053<x167>[B] (+1) -0.618421053<x168>[B] (+1) +0.618421053<x169>[B] (+0) -0.618421053<x170>[B] (+0) -0.618421053<x171>[B] (+0) -0.618421053<x172>[B] (+0) -0.618421053<x173>[B] (+0) -0.618421053<x174>[B] (+0) +0.618421053<x175>[B] (+0) +0.618421053<x176>[B] (+0) +0.618421053<x177>[B] (+1) +0.618421053<x178>[B] (+1) +0.618421053<x179>[B] (+1) +0.618421053<x180>[B] (+0) -0.618421053<x181>[B] (+1) -0.618421053<x182>[B] (+1) -0.618421053<x183>[B] (+1) +0.618421053<x184>[B] (+1) -0.618421053<x185>[B] (+0) -0.618421053<x186>[B] (+1) +0.618421053<x187>[B] (+0) -0.618421053<x188>[B] (+1) +0.618421053<x189>[B] (+0) +0.618421053<x190>[B] (+0) >= 13.1421052631579;
;
violation: left hand side is violated by 0.0315789473684838
  [linear] <c2352>: <x192>[C] (+14.2315789) -0.560526316<x1>[B] (+0) -0.560526316<x2>[B] (+1) -0.560526316<x3>[B] (+1) +0.560526316<x4>[B] (+1) +0.560526316<x5>[B] (+1) -0.560526316<x6>[B] (+1) -0.560526316<x7>[B] (+0) +0.560526316<x8>[B] (+1) -0.560526316<x9>[B] (+0) -0.560526316<x10>[B] (+0) -0.560526316<x11>[B] (+1) +0.560526316<x12>[B] (+1) +0.560526316<x13>[B] (+0) +0.560526316<x14>[B] (+1) +0.560526316<x15>[B] (+1) +0.560526316<x16>[B] (+0) -0.560526316<x17>[B] (+0) +0.560526316<x18>[B] (+0) +0.560526316<x19>[B] (+1) -0.560526316<x20>[B] (+1) -0.560526316<x21>[B] (+1) +0.560526316<x22>[B] (+1) +0.560526316<x23>[B] (+1) -0.560526316<x24>[B] (+1) -0.560526316<x25>[B] (+1) +0.560526316<x26>[B] (+1) -0.560526316<x27>[B] (+1) -0.560526316<x28>[B] (+1) -0.560526316<x29>[B] (+1) +0.560526316<x30>[B] (+1) +0.560526316<x31>[B] (+1) +0.560526316<x32>[B] (+1) +0.560526316<x33>[B] (+1) +0.560526316<x34>[B] (+1) -0.560526316<x35>[B] (+1) +0.560526316<x36>[B] (+1) +0.560526316<x37>[B] (+1) -0.560526316<x38>[B] (+1) +0.560526316<x39>[B] (+1) +0.560526316<x40>[B] (+1) -0.560526316<x41>[B] (+0) -0.560526316<x42>[B] (+0) +0.560526316<x43>[B] (+1) -0.560526316<x44>[B] (+0) -0.560526316<x45>[B] (+0) -0.560526316<x46>[B] (+1) +0.560526316<x47>[B] (+0) +0.560526316<x48>[B] (+0) +0.560526316<x49>[B] (+0) +0.560526316<x50>[B] (+1) +0.560526316<x51>[B] (+0) -0.560526316<x52>[B] (+0) +0.560526316<x53>[B] (+0) +0.560526316<x54>[B] (+1) +0.560526316<x55>[B] (+1) +0.560526316<x56>[B] (+1) -0.560526316<x57>[B] (+0) -0.560526316<x58>[B] (+0) +0.560526316<x59>[B] (+1) -0.560526316<x60>[B] (+0) -0.560526316<x61>[B] (+0) -0.560526316<x62>[B] (+1) +0.560526316<x63>[B] (+0) +0.560526316<x64>[B] (+0) +0.560526316<x65>[B] (+0) +0.560526316<x66>[B] (+1) +0.560526316<x67>[B] (+0) -0.560526316<x68>[B] (+0) +0.560526316<x69>[B] (+0) +0.560526316<x70>[B] (+1) -0.560526316<x71>[B] (+1) -0.560526316<x72>[B] (+0) -0.560526316<x73>[B] (+0) +0.560526316<x74>[B] (+1) -0.560526316<x75>[B] (+0) -0.560526316<x76>[B] (+0) -0.560526316<x77>[B] (+1) -0.560526316<x78>[B] (+0) -0.560526316<x79>[B] (+0) -0.560526316<x80>[B] (+0) -0.560526316<x81>[B] (+1) -0.560526316<x82>[B] (+0) -0.560526316<x83>[B] (+0) -0.560526316<x84>[B] (+0) -0.560526316<x85>[B] (+1) -0.560526316<x86>[B] (+0) -0.560526316<x87>[B] (+0) +0.560526316<x88>[B] (+0) -0.560526316<x89>[B] (+0) -0.560526316<x90>[B] (+0) -0.560526316<x91>[B] (+0) +0.560526316<x92>[B] (+0) -0.560526316<x93>[B] (+0) +0.560526316<x94>[B] (+0) -0.560526316<x95>[B] (+0) +0.560526316<x96>[B] (+0) -0.560526316<x97>[B] (+0) +0.560526316<x98>[B] (+0) -0.560526316<x99>[B] (+0) +0.560526316<x100>[B] (+0) +0.560526316<x101>[B] (+1) +0.560526316<x102>[B] (+0) +0.560526316<x103>[B] (+0) +0.560526316<x104>[B] (+1) +0.560526316<x105>[B] (+1) +0.560526316<x106>[B] (+0) +0.560526316<x107>[B] (+1) +0.560526316<x108>[B] (+1) +0.560526316<x109>[B] (+0) +0.560526316<x110>[B] (+0) +0.560526316<x111>[B] (+0) +0.560526316<x112>[B] (+1) +0.560526316<x113>[B] (+1) +0.560526316<x114>[B] (+1) -0.560526316<x115>[B] (+1) +0.560526316<x116>[B] (+1) +0.560526316<x117>[B] (+1) +0.560526316<x118>[B] (+0) +0.560526316<x119>[B] (+1) +0.560526316<x120>[B] (+1) +0.560526316<x121>[B] (+0) -0.560526316<x122>[B] (+1) +0.560526316<x123>[B] (+0) +0.560526316<x124>[B] (+1) -0.560526316<x125>[B] (+0) -0.560526316<x126>[B] (+0) -0.560526316<x127>[B] (+1) -0.560526316<x128>[B] (+0) -0.560526316<x129>[B] (+0) -0.560526316<x130>[B] (+0) -0.560526316<x131>[B] (+1) -0.560526316<x132>[B] (+0) -0.560526316<x133>[B] (+0) -0.560526316<x134>[B] (+0) -0.560526316<x135>[B] (+0) -0.560526316<x136>[B] (+0) +0.560526316<x137>[B] (+1) +0.560526316<x138>[B] (+1) +0.560526316<x139>[B] (+0) +0.560526316<x140>[B] (+1) +0.560526316<x141>[B] (+1) +0.560526316<x142>[B] (+0) -0.560526316<x143>[B] (+0) +0.560526316<x144>[B] (+0) +0.560526316<x145>[B] (+1) +0.560526316<x146>[B] (+1) +0.560526316<x147>[B] (+1) +0.560526316<x148>[B] (+0) +0.560526316<x149>[B] (+1) +0.560526316<x150>[B] (+1) +0.560526316<x151>[B] (+0) -0.560526316<x152>[B] (+1) +0.560526316<x153>[B] (+0) +0.560526316<x154>[B] (+1) +0.560526316<x155>[B] (+0) +0.560526316<x156>[B] (+0) +0.560526316<x157>[B] (+0) +0.560526316<x158>[B] (+1) +0.560526316<x159>[B] (+0) -0.560526316<x160>[B] (+0) +0.560526316<x161>[B] (+0) +0.560526316<x162>[B] (+0) -0.560526316<x163>[B] (+0) +0.560526316<x164>[B] (+0) -0.560526316<x165>[B] (+1) +0.560526316<x166>[B] (+0) -0.560526316<x167>[B] (+0) +0.560526316<x168>[B] (+0) -0.560526316<x169>[B] (+1) +0.560526316<x170>[B] (+1) +0.560526316<x171>[B] (+1) +0.560526316<x172>[B] (+1) -0.560526316<x173>[B] (+1) +0.560526316<x174>[B] (+1) -0.560526316<x175>[B] (+1) -0.560526316<x176>[B] (+1) -0.560526316<x177>[B] (+0) -0.560526316<x178>[B] (+0) +0.560526316<x179>[B] (+0) -0.560526316<x180>[B] (+1) +0.560526316<x181>[B] (+0) -0.560526316<x182>[B] (+0) +0.560526316<x183>[B] (+0) -0.560526316<x184>[B] (+0) -0.560526316<x185>[B] (+1) +0.560526316<x186>[B] (+1) -0.560526316<x187>[B] (+1) +0.560526316<x188>[B] (+0) +0.560526316<x189>[B] (+1) -0.560526316<x190>[B] (+1) >= 29.0078947368421;
;
violation: left hand side is violated by 0.763157894736828
2/4 feasible solutions given by solution candidate storage, new primal bound -6.999696e+06

presolving:
   (0.0s) symmetry computation started: requiring (bin +, int +, cont +), (fixed: bin -, int -, cont -)
   (0.0s) no symmetry present (symcode time: 0.00)
presolving (0 rounds: 0 fast, 0 medium, 0 exhaustive):
 0 deleted vars, 0 deleted constraints, 0 added constraints, 0 tightened bounds, 0 added holes, 0 changed sides, 0 changed coefficients
 0 implications, 0 cliques, 0 implied integral variables (0 bin, 0 int, 0 cont)
presolved problem has 260 variables (190 bin, 0 int, 70 cont) and 2416 constraints
   2416 constraints of type <linear>
Presolving Time: 0.01
transformed 2/2 original solutions to the transformed problem space

 time | node  | left  |LP iter|LP it/n|mem/heur|mdpt |vars |cons |rows |cuts |sepa|confs|strbr|  dualbound   | primalbound  |  gap   | compl. 
p 0.0s|     1 |     0 |    32 |     - |   locks|   0 | 260 |2416 |2416 |   0 |  0 |   0 |   0 | 8.740000e+02 |-1.708079e+03 |    Inf | unknown
  0.1s|     1 |     0 |   573 |     - |    25M |   0 | 260 |2416 |2416 |   0 |  0 |   0 |   0 |-1.223381e+03 |-1.708079e+03 |  39.62%| unknown
r 0.1s|     1 |     0 |   573 |     - |shifting|   0 | 260 |2416 |2416 |   0 |  0 |   0 |   0 |-1.223381e+03 |-1.278791e+03 |   4.53%| unknown
  0.1s|     1 |     0 |   576 |     - |    27M |   0 | 260 |2416 |2417 |   1 |  1 |   0 |   0 |-1.223455e+03 |-1.278791e+03 |   4.52%| unknown
  0.1s|     1 |     0 |   576 |     - |    27M |   0 | 260 |2416 |2417 |   1 |  1 |   0 |   0 |-1.223455e+03 |-1.278791e+03 |   4.52%| unknown
  0.2s|     1 |     0 |   585 |     - |    27M |   0 | 260 |2416 |2418 |   2 |  2 |   0 |   0 |-1.223468e+03 |-1.278791e+03 |   4.52%| unknown
  0.2s|     1 |     0 |   589 |     - |    27M |   0 | 260 |2416 |2420 |   4 |  3 |   0 |   0 |-1.223495e+03 |-1.278791e+03 |   4.52%| unknown
d 0.2s|     1 |     0 |   589 |     - |farkasdi|   0 | 260 |2416 |2420 |   0 |  4 |   0 |   0 |-1.223495e+03 |-1.223495e+03 |   0.00%| unknown
  0.2s|     1 |     0 |   589 |     - |    27M |   0 | 260 |2416 |2420 |   4 |  4 |   0 |   0 |-1.223495e+03 |-1.223495e+03 |   0.00%| unknown

SCIP Status        : problem is solved [optimal solution found]
Solving Time (sec) : 0.19
Solving Nodes      : 1
Primal Bound       : -1.22349473684211e+03 (7 solutions)
Dual Bound         : -1.22349473684211e+03
Gap                : 0.00 %
  [linear] <c2417>: <x192>[C] (+30.6894737) -0.565789474<x1>[B] (+1) -0.565789474<x2>[B] (+0) -0.565789474<x3>[B] (+0) +0.565789474<x4>[B] (+0) +0.565789474<x5>[B] (+0) -0.565789474<x6>[B] (-2.05066123e-13) -0.565789474<x7>[B] (+1) +0.565789474<x8>[B] (+0) -0.565789474<x9>[B] (-1.34099081e-14) -0.565789474<x10>[B] (+1) -0.565789474<x11>[B] (+0) +0.565789474<x12>[B] (-2.05066123e-13) +0.565789474<x13>[B] (+1) +0.565789474<x14>[B] (-2.05066123e-13) +0.565789474<x15>[B] (+0) +0.565789474<x16>[B] (+1) -0.565789474<x17>[B] (+1) +0.565789474<x18>[B] (+1) +0.565789474<x19>[B] (+0) -0.565789474<x20>[B] (+0) -0.565789474<x21>[B] (+0) +0.565789474<x22>[B] (+0) +0.565789474<x23>[B] (+0) -0.565789474<x24>[B] (+0) -0.565789474<x25>[B] (+0) +0.565789474<x26>[B] (+0) -0.565789474<x27>[B] (+1.91656215e-13) -0.565789474<x28>[B] (+1.91656215e-13) -0.565789474<x29>[B] (+0) +0.565789474<x30>[B] (+0) +0.565789474<x31>[B] (+0) +0.565789474<x32>[B] (+0) +0.565789474<x33>[B] (+0) +0.565789474<x34>[B] (+1.91656215e-13) -0.565789474<x35>[B] (+0) +0.565789474<x36>[B] (+0) +0.565789474<x37>[B] (+0) -0.565789474<x38>[B] (+0) +0.565789474<x39>[B] (+0) +0.565789474<x40>[B] (+0) -0.565789474<x41>[B] (+1) -0.565789474<x42>[B] (+1) +0.565789474<x43>[B] (+0) -0.565789474<x44>[B] (+1) -0.565789474<x45>[B] (+1) -0.565789474<x46>[B] (+0) +0.565789474<x47>[B] (+1) +0.565789474<x48>[B] (+1) +0.565789474<x49>[B] (+1) +0.565789474<x50>[B] (+1) +0.565789474<x51>[B] (+1) -0.565789474<x52>[B] (+1) +0.565789474<x53>[B] (+1) +0.565789474<x54>[B] (+0) +0.565789474<x55>[B] (+1) +0.565789474<x56>[B] (+0) -0.565789474<x57>[B] (+1) -0.565789474<x58>[B] (+1) +0.565789474<x59>[B] (+1) -0.565789474<x60>[B] (+1) -0.565789474<x61>[B] (+1) -0.565789474<x62>[B] (+1) +0.565789474<x63>[B] (+1) +0.565789474<x64>[B] (+1) +0.565789474<x65>[B] (+1) +0.565789474<x66>[B] (+1) +0.565789474<x67>[B] (+1) -0.565789474<x68>[B] (+1) +0.565789474<x69>[B] (+1) +0.565789474<x70>[B] (+1) -0.565789474<x71>[B] (+0) -0.565789474<x72>[B] (+1) -0.565789474<x73>[B] (+1) +0.565789474<x74>[B] (+0) -0.565789474<x75>[B] (+1) -0.565789474<x76>[B] (+1) -0.565789474<x77>[B] (+0) -0.565789474<x78>[B] (+1) -0.565789474<x79>[B] (+1) -0.565789474<x80>[B] (+1) -0.565789474<x81>[B] (+1) -0.565789474<x82>[B] (+1) -0.565789474<x83>[B] (+1) -0.565789474<x84>[B] (+1) -0.565789474<x85>[B] (+1.91624494e-13) -0.565789474<x86>[B] (+1) -0.565789474<x87>[B] (+1) +0.565789474<x88>[B] (+1) -0.565789474<x89>[B] (+1) -0.565789474<x90>[B] (+1) -0.565789474<x91>[B] (+1) +0.565789474<x92>[B] (+1) -0.565789474<x93>[B] (+1) +0.565789474<x94>[B] (+1) -0.565789474<x95>[B] (+1) +0.565789474<x96>[B] (+1) -0.565789474<x97>[B] (+1) +0.565789474<x98>[B] (+1) -0.565789474<x99>[B] (+1) +0.565789474<x100>[B] (+1) +0.565789474<x101>[B] (+0) +0.565789474<x102>[B] (+1.91656215e-13) +0.565789474<x103>[B] (+1) +0.565789474<x104>[B] (+0) +0.565789474<x105>[B] (+1.91624494e-13) +0.565789474<x106>[B] (+1) +0.565789474<x107>[B] (+0) +0.565789474<x108>[B] (+0) +0.565789474<x109>[B] (+1) +0.565789474<x110>[B] (+1) +0.565789474<x111>[B] (+1) +0.565789474<x112>[B] (+0) +0.565789474<x113>[B] (+0) +0.565789474<x114>[B] (+1.91656215e-13) -0.565789474<x115>[B] (+1) +0.565789474<x116>[B] (+0) +0.565789474<x117>[B] (+0) +0.565789474<x118>[B] (+1) +0.565789474<x119>[B] (+0) +0.565789474<x120>[B] (+0) +0.565789474<x121>[B] (+1) -0.565789474<x122>[B] (+0) +0.565789474<x123>[B] (+1) +0.565789474<x124>[B] (+0) -0.565789474<x125>[B] (+1) -0.565789474<x126>[B] (+1) -0.565789474<x127>[B] (+0) -0.565789474<x128>[B] (+1) -0.565789474<x129>[B] (+1) -0.565789474<x130>[B] (+1) -0.565789474<x131>[B] (+1) -0.565789474<x132>[B] (+1) -0.565789474<x133>[B] (+1) -0.565789474<x134>[B] (+1) -0.565789474<x135>[B] (+1.91624494e-13) -0.565789474<x136>[B] (+1) +0.565789474<x137>[B] (+0) +0.565789474<x138>[B] (+1) +0.565789474<x139>[B] (+1) +0.565789474<x140>[B] (+0) +0.565789474<x141>[B] (+1) +0.565789474<x142>[B] (+1) -0.565789474<x143>[B] (+1) +0.565789474<x144>[B] (+1) +0.565789474<x145>[B] (+0) +0.565789474<x146>[B] (+0) +0.565789474<x147>[B] (+0) +0.565789474<x148>[B] (+1) +0.565789474<x149>[B] (+0) +0.565789474<x150>[B] (+0) +0.565789474<x151>[B] (+1) -0.565789474<x152>[B] (+0) +0.565789474<x153>[B] (+1) +0.565789474<x154>[B] (+0) +0.565789474<x155>[B] (+1) +0.565789474<x156>[B] (+1) +0.565789474<x157>[B] (+1) +0.565789474<x158>[B] (+1) +0.565789474<x159>[B] (+1) -0.565789474<x160>[B] (+1) +0.565789474<x161>[B] (+1) +0.565789474<x162>[B] (+1.91624494e-13) -0.565789474<x163>[B] (+1) +0.565789474<x164>[B] (+0) -0.565789474<x165>[B] (+1) +0.565789474<x166>[B] (+1) -0.565789474<x167>[B] (+1) +0.565789474<x168>[B] (+1) -0.565789474<x169>[B] (+0) +0.565789474<x170>[B] (+0) +0.565789474<x171>[B] (+0) +0.565789474<x172>[B] (+0) -0.565789474<x173>[B] (+0) +0.565789474<x174>[B] (+0) -0.565789474<x175>[B] (+0) -0.565789474<x176>[B] (+1) -0.565789474<x177>[B] (+1) -0.565789474<x178>[B] (+1) +0.565789474<x179>[B] (+1) -0.565789474<x180>[B] (+0) +0.565789474<x181>[B] (+1) -0.565789474<x182>[B] (+1) +0.565789474<x183>[B] (+1) -0.565789474<x184>[B] (+1.91624494e-13) -0.565789474<x185>[B] (+0) +0.565789474<x186>[B] (+0) -0.565789474<x187>[B] (+0) +0.565789474<x188>[B] (+1) +0.565789474<x189>[B] (+0) -0.565789474<x190>[B] (+0) >= 28.9973684210526;
;
violation: left hand side is violated by 0.00526315789473486
  [linear] <c2420>: <x195>[C] (+27.8657895) -0.544736842<x1>[B] (+1) +0.544736842<x2>[B] (+0) -0.544736842<x3>[B] (+0) -0.544736842<x4>[B] (+0) -0.544736842<x5>[B] (+0) +0.544736842<x6>[B] (+0) -0.544736842<x7>[B] (+1) -0.544736842<x8>[B] (+0) +0.544736842<x9>[B] (+0) +0.544736842<x10>[B] (+1) -0.544736842<x11>[B] (+0) -0.544736842<x12>[B] (+1) +0.544736842<x13>[B] (+1) +0.544736842<x14>[B] (+0) -0.544736842<x15>[B] (+0) -0.544736842<x16>[B] (+1) -0.544736842<x17>[B] (+1) -0.544736842<x18>[B] (+1) +0.544736842<x19>[B] (+0) +0.544736842<x20>[B] (+0) +0.544736842<x21>[B] (+0) +0.544736842<x22>[B] (+0) +0.544736842<x23>[B] (+0) +0.544736842<x24>[B] (+0) +0.544736842<x25>[B] (+0) +0.544736842<x26>[B] (+0) +0.544736842<x27>[B] (+0) +0.544736842<x28>[B] (+0) +0.544736842<x29>[B] (+0) +0.544736842<x30>[B] (+0) +0.544736842<x31>[B] (+0) +0.544736842<x32>[B] (+0) +0.544736842<x33>[B] (+0) +0.544736842<x34>[B] (+0) +0.544736842<x35>[B] (+0) +0.544736842<x36>[B] (+0) +0.544736842<x37>[B] (+0) -0.544736842<x38>[B] (+0) -0.544736842<x39>[B] (+0) -0.544736842<x40>[B] (+0) +0.544736842<x41>[B] (+1) -0.544736842<x42>[B] (+1) -0.544736842<x43>[B] (+0) -0.544736842<x44>[B] (+1) -0.544736842<x45>[B] (+1) -0.544736842<x46>[B] (+0) -0.544736842<x47>[B] (+1) -0.544736842<x48>[B] (+1) -0.544736842<x49>[B] (+1) -0.544736842<x50>[B] (+1) -0.544736842<x51>[B] (+1) -0.544736842<x52>[B] (+1) -0.544736842<x53>[B] (+1) +0.544736842<x54>[B] (+0) +0.544736842<x55>[B] (+1) +0.544736842<x56>[B] (+0) +0.544736842<x57>[B] (+1) +0.544736842<x58>[B] (+1) +0.544736842<x59>[B] (+1) +0.544736842<x60>[B] (+1) +0.544736842<x61>[B] (+1) -0.544736842<x62>[B] (+1) +0.544736842<x63>[B] (+1) +0.544736842<x64>[B] (+1) +0.544736842<x65>[B] (+1) +0.544736842<x66>[B] (+1) +0.544736842<x67>[B] (+1) +0.544736842<x68>[B] (+1) -0.544736842<x69>[B] (+1) +0.544736842<x70>[B] (+1) +0.544736842<x71>[B] (+0) +0.544736842<x72>[B] (+1) -0.544736842<x73>[B] (+1) +0.544736842<x74>[B] (+0) +0.544736842<x75>[B] (+1) +0.544736842<x76>[B] (+1) -0.544736842<x77>[B] (+0) -0.544736842<x78>[B] (+1) +0.544736842<x79>[B] (+1) +0.544736842<x80>[B] (+1) -0.544736842<x81>[B] (+1) +0.544736842<x82>[B] (+1) +0.544736842<x83>[B] (+1) -0.544736842<x84>[B] (+1) +0.544736842<x85>[B] (+0) +0.544736842<x86>[B] (+1) -0.544736842<x87>[B] (+1) -0.544736842<x88>[B] (+1) +0.544736842<x89>[B] (+1) +0.544736842<x90>[B] (+1) -0.544736842<x91>[B] (+1) -0.544736842<x92>[B] (+1) +0.544736842<x93>[B] (+1) +0.544736842<x94>[B] (+1) -0.544736842<x95>[B] (+1) -0.544736842<x96>[B] (+1) +0.544736842<x97>[B] (+1) -0.544736842<x98>[B] (+1) +0.544736842<x99>[B] (+1) -0.544736842<x100>[B] (+1) -0.544736842<x101>[B] (+0) -0.544736842<x102>[B] (+0) -0.544736842<x103>[B] (+1) -0.544736842<x104>[B] (+0) -0.544736842<x105>[B] (+1) -0.544736842<x106>[B] (+1) -0.544736842<x107>[B] (+0) -0.544736842<x108>[B] (+0) -0.544736842<x109>[B] (+1) -0.544736842<x110>[B] (+1) -0.544736842<x111>[B] (+1) +0.544736842<x112>[B] (+0) +0.544736842<x113>[B] (+0) +0.544736842<x114>[B] (+0) +0.544736842<x115>[B] (+1) -0.544736842<x116>[B] (+0) +0.544736842<x117>[B] (+0) +0.544736842<x118>[B] (+1) +0.544736842<x119>[B] (+0) -0.544736842<x120>[B] (+0) +0.544736842<x121>[B] (+1) +0.544736842<x122>[B] (+0) -0.544736842<x123>[B] (+1) +0.544736842<x124>[B] (+0) +0.544736842<x125>[B] (+1) +0.544736842<x126>[B] (+1) -0.544736842<x127>[B] (+0) -0.544736842<x128>[B] (+1) +0.544736842<x129>[B] (+1) +0.544736842<x130>[B] (+1) -0.544736842<x131>[B] (+1) -0.544736842<x132>[B] (+1) +0.544736842<x133>[B] (+1) -0.544736842<x134>[B] (+1) +0.544736842<x135>[B] (+0) +0.544736842<x136>[B] (+1) -0.544736842<x137>[B] (+0) -0.544736842<x138>[B] (+1) +0.544736842<x139>[B] (+1) +0.544736842<x140>[B] (+0) -0.544736842<x141>[B] (+0) -0.544736842<x142>[B] (+1) -0.544736842<x143>[B] (+1) -0.544736842<x144>[B] (+1) +0.544736842<x145>[B] (+0) -0.544736842<x146>[B] (+0) -0.544736842<x147>[B] (+0) +0.544736842<x148>[B] (+1) +0.544736842<x149>[B] (+0) -0.544736842<x150>[B] (+0) -0.544736842<x151>[B] (+1) -0.544736842<x152>[B] (+0) -0.544736842<x153>[B] (+1) +0.544736842<x154>[B] (+0) +0.544736842<x155>[B] (+1) +0.544736842<x156>[B] (+1) +0.544736842<x157>[B] (+1) +0.544736842<x158>[B] (+1) +0.544736842<x159>[B] (+1) +0.544736842<x160>[B] (+1) +0.544736842<x161>[B] (+1) +0.544736842<x162>[B] (+1) +0.544736842<x163>[B] (+1) +0.544736842<x164>[B] (+0) -0.544736842<x165>[B] (+0) +0.544736842<x166>[B] (+1) +0.544736842<x167>[B] (+1) -0.544736842<x168>[B] (+1) +0.544736842<x169>[B] (+0) -0.544736842<x170>[B] (+0) -0.544736842<x171>[B] (+0) -0.544736842<x172>[B] (+0) -0.544736842<x173>[B] (+0) -0.544736842<x174>[B] (+0) +0.544736842<x175>[B] (+0) -0.544736842<x176>[B] (+1) -0.544736842<x177>[B] (+1) -0.544736842<x178>[B] (+1) -0.544736842<x179>[B] (+1) +0.544736842<x180>[B] (+0) +0.544736842<x181>[B] (+1) +0.544736842<x182>[B] (+1) -0.544736842<x183>[B] (+1) +0.544736842<x184>[B] (+0) +0.544736842<x185>[B] (+0) -0.544736842<x186>[B] (+0) +0.544736842<x187>[B] (+0) -0.544736842<x188>[B] (+1) +0.544736842<x189>[B] (+0) +0.544736842<x190>[B] (+0) >= 27.9184210526316;
;
violation: left hand side is violated by 0.052631578947377
  [linear] <c2423>: <x199>[C] (+41.0868421) -0.65<x1>[B] (+1) +0.65<x2>[B] (+0) +0.65<x3>[B] (+0) +0.65<x4>[B] (+0) -0.65<x5>[B] (+0) +0.65<x6>[B] (+1) -0.65<x7>[B] (+1) +0.65<x8>[B] (+0) -0.65<x9>[B] (+0) -0.65<x10>[B] (+1) +0.65<x11>[B] (+0) -0.65<x12>[B] (+1) +0.65<x13>[B] (+1) +0.65<x14>[B] (+0) +0.65<x15>[B] (+0) -0.65<x16>[B] (+1) +0.65<x17>[B] (+1) -0.65<x18>[B] (+1) +0.65<x19>[B] (+0) +0.65<x20>[B] (+0) +0.65<x21>[B] (+0) +0.65<x22>[B] (+0) -0.65<x23>[B] (+0) +0.65<x24>[B] (+0) +0.65<x25>[B] (+0) +0.65<x26>[B] (+0) -0.65<x27>[B] (+0) -0.65<x28>[B] (+0) +0.65<x29>[B] (+0) -0.65<x30>[B] (+0) +0.65<x31>[B] (+0) +0.65<x32>[B] (+0) +0.65<x33>[B] (+0) -0.65<x34>[B] (+0) +0.65<x35>[B] (+0) -0.65<x36>[B] (+0) +0.65<x37>[B] (+0) +0.65<x38>[B] (+0) +0.65<x39>[B] (+0) -0.65<x40>[B] (+0) -0.65<x41>[B] (+1) -0.65<x42>[B] (+1) +0.65<x43>[B] (+0) -0.65<x44>[B] (+1) -0.65<x45>[B] (+1) -0.65<x46>[B] (+0) -0.65<x47>[B] (+1) -0.65<x48>[B] (+1) +0.65<x49>[B] (+1) +0.65<x50>[B] (+1) -0.65<x51>[B] (+1) -0.65<x52>[B] (+1) -0.65<x53>[B] (+1) -0.65<x54>[B] (+0) -0.65<x55>[B] (+1) -0.65<x56>[B] (+0) -0.65<x57>[B] (+1) -0.65<x58>[B] (+1) -0.65<x59>[B] (+1) -0.65<x60>[B] (+1) -0.65<x61>[B] (+1) -0.65<x62>[B] (+0) -0.65<x63>[B] (+1) -0.65<x64>[B] (+1) -0.65<x65>[B] (+1) +0.65<x66>[B] (+1) -0.65<x67>[B] (+1) -0.65<x68>[B] (+1) -0.65<x69>[B] (+1) -0.65<x70>[B] (+1) -0.65<x71>[B] (+0) -0.65<x72>[B] (+1) -0.65<x73>[B] (+1) -0.65<x74>[B] (+0) -0.65<x75>[B] (+1) -0.65<x76>[B] (+1) -0.65<x77>[B] (+0) -0.65<x78>[B] (+1) -0.65<x79>[B] (+1) -0.65<x80>[B] (+1) +0.65<x81>[B] (+1) -0.65<x82>[B] (+1) -0.65<x83>[B] (+1) -0.65<x84>[B] (+1) -0.65<x85>[B] (+0) +0.65<x86>[B] (+1) +0.65<x87>[B] (+1) +0.65<x88>[B] (+1) +0.65<x89>[B] (+1) -0.65<x90>[B] (+1) +0.65<x91>[B] (+1) +0.65<x92>[B] (+1) +0.65<x93>[B] (+1) +0.65<x94>[B] (+1) +0.65<x95>[B] (+1) -0.65<x96>[B] (+1) +0.65<x97>[B] (+1) +0.65<x98>[B] (+1) +0.65<x99>[B] (+1) -0.65<x100>[B] (+1) +0.65<x101>[B] (+0) -0.65<x102>[B] (+0) -0.65<x103>[B] (+1) -0.65<x104>[B] (+0) -0.65<x105>[B] (+1) +0.65<x106>[B] (+1) +0.65<x107>[B] (+0) +0.65<x108>[B] (+0) -0.65<x109>[B] (+1) -0.65<x110>[B] (+1) -0.65<x111>[B] (+1) +0.65<x112>[B] (+0) +0.65<x113>[B] (+0) -0.65<x114>[B] (+0) -0.65<x115>[B] (+1) +0.65<x116>[B] (+0) -0.65<x117>[B] (+0) +0.65<x118>[B] (+1) +0.65<x119>[B] (+0) +0.65<x120>[B] (+0) -0.65<x121>[B] (+1) +0.65<x122>[B] (+0) -0.65<x123>[B] (+1) +0.65<x124>[B] (+0) -0.65<x125>[B] (+1) -0.65<x126>[B] (+1) -0.65<x127>[B] (+0) -0.65<x128>[B] (+1) -0.65<x129>[B] (+1) -0.65<x130>[B] (+1) +0.65<x131>[B] (+1) -0.65<x132>[B] (+1) -0.65<x133>[B] (+1) -0.65<x134>[B] (+1) -0.65<x135>[B] (+0) -0.65<x136>[B] (+1) +0.65<x137>[B] (+0) +0.65<x138>[B] (+1) +0.65<x139>[B] (+1) +0.65<x140>[B] (+0) +0.65<x141>[B] (+0) -0.65<x142>[B] (+1) +0.65<x143>[B] (+1) +0.65<x144>[B] (+1) +0.65<x145>[B] (+0) +0.65<x146>[B] (+0) +0.65<x147>[B] (+0) +0.65<x148>[B] (+1) +0.65<x149>[B] (+0) +0.65<x150>[B] (+0) +0.65<x151>[B] (+1) +0.65<x152>[B] (+0) +0.65<x153>[B] (+1) +0.65<x154>[B] (+0) -0.65<x155>[B] (+1) +0.65<x156>[B] (+1) +0.65<x157>[B] (+1) +0.65<x158>[B] (+1) -0.65<x159>[B] (+1) -0.65<x160>[B] (+1) -0.65<x161>[B] (+1) +0.65<x162>[B] (+1) +0.65<x163>[B] (+1) +0.65<x164>[B] (+0) +0.65<x165>[B] (+0) -0.65<x166>[B] (+1) +0.65<x167>[B] (+1) +0.65<x168>[B] (+1) +0.65<x169>[B] (+0) +0.65<x170>[B] (+0) +0.65<x171>[B] (+0) -0.65<x172>[B] (+0) -0.65<x173>[B] (+0) -0.65<x174>[B] (+0) +0.65<x175>[B] (+0) +0.65<x176>[B] (+1) -0.65<x177>[B] (+1) -0.65<x178>[B] (+1) -0.65<x179>[B] (+1) -0.65<x180>[B] (+0) -0.65<x181>[B] (+1) -0.65<x182>[B] (+1) -0.65<x183>[B] (+1) -0.65<x184>[B] (+0) +0.65<x185>[B] (+0) +0.65<x186>[B] (+0) +0.65<x187>[B] (+0) -0.65<x188>[B] (+1) +0.65<x189>[B] (+0) +0.65<x190>[B] (+0) >= 19.0131578947368;
;
violation: left hand side is violated by 0.0263157894727115
  [linear] <c2420>: <x195>[C] (+27.8657895) -0.544736842<x1>[B] (+1) +0.544736842<x2>[B] (+0) -0.544736842<x3>[B] (+0) -0.544736842<x4>[B] (+0) -0.544736842<x5>[B] (+0) +0.544736842<x6>[B] (+0) -0.544736842<x7>[B] (+1) -0.544736842<x8>[B] (+0) +0.544736842<x9>[B] (+0) +0.544736842<x10>[B] (+1) -0.544736842<x11>[B] (+0) -0.544736842<x12>[B] (+1) +0.544736842<x13>[B] (+1) +0.544736842<x14>[B] (+0) -0.544736842<x15>[B] (+0) -0.544736842<x16>[B] (+1) -0.544736842<x17>[B] (+1) -0.544736842<x18>[B] (+1) +0.544736842<x19>[B] (+0) +0.544736842<x20>[B] (+0) +0.544736842<x21>[B] (+0) +0.544736842<x22>[B] (+0) +0.544736842<x23>[B] (+0) +0.544736842<x24>[B] (+0) +0.544736842<x25>[B] (+0) +0.544736842<x26>[B] (+0) +0.544736842<x27>[B] (+0) +0.544736842<x28>[B] (+0) +0.544736842<x29>[B] (+0) +0.544736842<x30>[B] (+0) +0.544736842<x31>[B] (+0) +0.544736842<x32>[B] (+0) +0.544736842<x33>[B] (+0) +0.544736842<x34>[B] (+0) +0.544736842<x35>[B] (+0) +0.544736842<x36>[B] (+0) +0.544736842<x37>[B] (+0) -0.544736842<x38>[B] (+0) -0.544736842<x39>[B] (+0) -0.544736842<x40>[B] (+0) +0.544736842<x41>[B] (+1) -0.544736842<x42>[B] (+1) -0.544736842<x43>[B] (+0) -0.544736842<x44>[B] (+1) -0.544736842<x45>[B] (+1) -0.544736842<x46>[B] (+0) -0.544736842<x47>[B] (+1) -0.544736842<x48>[B] (+1) -0.544736842<x49>[B] (+1) -0.544736842<x50>[B] (+1) -0.544736842<x51>[B] (+1) -0.544736842<x52>[B] (+1) -0.544736842<x53>[B] (+1) +0.544736842<x54>[B] (+0) +0.544736842<x55>[B] (+1) +0.544736842<x56>[B] (+0) +0.544736842<x57>[B] (+1) +0.544736842<x58>[B] (+1) +0.544736842<x59>[B] (+1) +0.544736842<x60>[B] (+1) +0.544736842<x61>[B] (+1) -0.544736842<x62>[B] (+1) +0.544736842<x63>[B] (+1) +0.544736842<x64>[B] (+1) +0.544736842<x65>[B] (+1) +0.544736842<x66>[B] (+1) +0.544736842<x67>[B] (+1) +0.544736842<x68>[B] (+1) -0.544736842<x69>[B] (+1) +0.544736842<x70>[B] (+1) +0.544736842<x71>[B] (+0) +0.544736842<x72>[B] (+1) -0.544736842<x73>[B] (+1) +0.544736842<x74>[B] (+0) +0.544736842<x75>[B] (+1) +0.544736842<x76>[B] (+1) -0.544736842<x77>[B] (+0) -0.544736842<x78>[B] (+1) +0.544736842<x79>[B] (+1) +0.544736842<x80>[B] (+1) -0.544736842<x81>[B] (+1) +0.544736842<x82>[B] (+1) +0.544736842<x83>[B] (+1) -0.544736842<x84>[B] (+1) +0.544736842<x85>[B] (+0) +0.544736842<x86>[B] (+1) -0.544736842<x87>[B] (+1) -0.544736842<x88>[B] (+1) +0.544736842<x89>[B] (+1) +0.544736842<x90>[B] (+1) -0.544736842<x91>[B] (+1) -0.544736842<x92>[B] (+1) +0.544736842<x93>[B] (+1) +0.544736842<x94>[B] (+1) -0.544736842<x95>[B] (+1) -0.544736842<x96>[B] (+1) +0.544736842<x97>[B] (+1) -0.544736842<x98>[B] (+1) +0.544736842<x99>[B] (+1) -0.544736842<x100>[B] (+1) -0.544736842<x101>[B] (+0) -0.544736842<x102>[B] (+0) -0.544736842<x103>[B] (+1) -0.544736842<x104>[B] (+0) -0.544736842<x105>[B] (+1) -0.544736842<x106>[B] (+1) -0.544736842<x107>[B] (+0) -0.544736842<x108>[B] (+0) -0.544736842<x109>[B] (+1) -0.544736842<x110>[B] (+1) -0.544736842<x111>[B] (+1) +0.544736842<x112>[B] (+0) +0.544736842<x113>[B] (+0) +0.544736842<x114>[B] (+0) +0.544736842<x115>[B] (+1) -0.544736842<x116>[B] (+0) +0.544736842<x117>[B] (+0) +0.544736842<x118>[B] (+1) +0.544736842<x119>[B] (+0) -0.544736842<x120>[B] (+0) +0.544736842<x121>[B] (+1) +0.544736842<x122>[B] (+0) -0.544736842<x123>[B] (+1) +0.544736842<x124>[B] (+0) +0.544736842<x125>[B] (+1) +0.544736842<x126>[B] (+1) -0.544736842<x127>[B] (+0) -0.544736842<x128>[B] (+1) +0.544736842<x129>[B] (+1) +0.544736842<x130>[B] (+1) -0.544736842<x131>[B] (+1) -0.544736842<x132>[B] (+1) +0.544736842<x133>[B] (+1) -0.544736842<x134>[B] (+1) +0.544736842<x135>[B] (+0) +0.544736842<x136>[B] (+1) -0.544736842<x137>[B] (+0) -0.544736842<x138>[B] (+1) +0.544736842<x139>[B] (+1) +0.544736842<x140>[B] (+0) -0.544736842<x141>[B] (+0) -0.544736842<x142>[B] (+1) -0.544736842<x143>[B] (+1) -0.544736842<x144>[B] (+1) +0.544736842<x145>[B] (+0) -0.544736842<x146>[B] (+0) -0.544736842<x147>[B] (+0) +0.544736842<x148>[B] (+1) +0.544736842<x149>[B] (+0) -0.544736842<x150>[B] (+0) -0.544736842<x151>[B] (+1) -0.544736842<x152>[B] (+0) -0.544736842<x153>[B] (+1) +0.544736842<x154>[B] (+0) +0.544736842<x155>[B] (+1) +0.544736842<x156>[B] (+1) +0.544736842<x157>[B] (+1) +0.544736842<x158>[B] (+1) +0.544736842<x159>[B] (+1) +0.544736842<x160>[B] (+1) +0.544736842<x161>[B] (+1) +0.544736842<x162>[B] (+1) +0.544736842<x163>[B] (+1) +0.544736842<x164>[B] (+0) -0.544736842<x165>[B] (+0) +0.544736842<x166>[B] (+1) +0.544736842<x167>[B] (+1) -0.544736842<x168>[B] (+1) +0.544736842<x169>[B] (+0) -0.544736842<x170>[B] (+0) -0.544736842<x171>[B] (+0) -0.544736842<x172>[B] (+0) -0.544736842<x173>[B] (+0) -0.544736842<x174>[B] (+0) +0.544736842<x175>[B] (+0) -0.544736842<x176>[B] (+1) -0.544736842<x177>[B] (+1) -0.544736842<x178>[B] (+1) -0.544736842<x179>[B] (+1) +0.544736842<x180>[B] (+0) +0.544736842<x181>[B] (+1) +0.544736842<x182>[B] (+1) -0.544736842<x183>[B] (+1) +0.544736842<x184>[B] (+0) +0.544736842<x185>[B] (+0) -0.544736842<x186>[B] (+0) +0.544736842<x187>[B] (+0) -0.544736842<x188>[B] (+1) +0.544736842<x189>[B] (+0) +0.544736842<x190>[B] (+0) >= 27.9184210526316;
;
violation: left hand side is violated by 0.0526315789473735
  [linear] <c2424>: <x200>[C] (+32.3552632) -0.471052632<x1>[B] (+0) -0.471052632<x2>[B] (+1) -0.471052632<x3>[B] (+1) -0.471052632<x4>[B] (+1) -0.471052632<x5>[B] (+1) -0.471052632<x6>[B] (+1) -0.471052632<x7>[B] (+0) -0.471052632<x8>[B] (+1) -0.471052632<x9>[B] (+1) -0.471052632<x10>[B] (+0) -0.471052632<x11>[B] (+1) -0.471052632<x12>[B] (+1) -0.471052632<x13>[B] (+0) -0.471052632<x14>[B] (+1) -0.471052632<x15>[B] (+1) -0.471052632<x16>[B] (+0) -0.471052632<x17>[B] (+0) -0.471052632<x18>[B] (+0) -0.471052632<x19>[B] (+1) -0.471052632<x20>[B] (+1) -0.471052632<x21>[B] (+1) -0.471052632<x22>[B] (+1) -0.471052632<x23>[B] (+1) -0.471052632<x24>[B] (+1) -0.471052632<x25>[B] (+1) -0.471052632<x26>[B] (+1) -0.471052632<x27>[B] (+1) -0.471052632<x28>[B] (+1) -0.471052632<x29>[B] (+1) +0.471052632<x30>[B] (+1) -0.471052632<x31>[B] (+1) -0.471052632<x32>[B] (+1) -0.471052632<x33>[B] (+1) -0.471052632<x34>[B] (+1) -0.471052632<x35>[B] (+1) -0.471052632<x36>[B] (+1) -0.471052632<x37>[B] (+1) -0.471052632<x38>[B] (+1) -0.471052632<x39>[B] (+1) -0.471052632<x40>[B] (+1) -0.471052632<x41>[B] (+0) -0.471052632<x42>[B] (+0) -0.471052632<x43>[B] (+1) -0.471052632<x44>[B] (+0) -0.471052632<x45>[B] (+0) -0.471052632<x46>[B] (+1) +0.471052632<x47>[B] (+0) -0.471052632<x48>[B] (+0) -0.471052632<x49>[B] (+1) -0.471052632<x50>[B] (+1) -0.471052632<x51>[B] (+0) -0.471052632<x52>[B] (+0) -0.471052632<x53>[B] (+0) -0.471052632<x54>[B] (+1) -0.471052632<x55>[B] (+1) -0.471052632<x56>[B] (+1) -0.471052632<x57>[B] (+0) +0.471052632<x58>[B] (+0) -0.471052632<x59>[B] (+1) -0.471052632<x60>[B] (+0) -0.471052632<x61>[B] (+0) -0.471052632<x62>[B] (+1) +0.471052632<x63>[B] (+0) +0.471052632<x64>[B] (+0) -0.471052632<x65>[B] (+1) -0.471052632<x66>[B] (+1) -0.471052632<x67>[B] (+0) -0.471052632<x68>[B] (+0) +0.471052632<x69>[B] (+0) -0.471052632<x70>[B] (+1) -0.471052632<x71>[B] (+1) -0.471052632<x72>[B] (+0) +0.471052632<x73>[B] (+0) +0.471052632<x74>[B] (+1) -0.471052632<x75>[B] (+0) -0.471052632<x76>[B] (+0) +0.471052632<x77>[B] (+1) +0.471052632<x78>[B] (+0) +0.471052632<x79>[B] (+0) +0.471052632<x80>[B] (+1) -0.471052632<x81>[B] (+1) -0.471052632<x82>[B] (+0) +0.471052632<x83>[B] (+0) +0.471052632<x84>[B] (+0) +0.471052632<x85>[B] (+1) -0.471052632<x86>[B] (+0) +0.471052632<x87>[B] (+0) +0.471052632<x88>[B] (+0) -0.471052632<x89>[B] (+0) +0.471052632<x90>[B] (+0) +0.471052632<x91>[B] (+0) +0.471052632<x92>[B] (+0) +0.471052632<x93>[B] (+0) +0.471052632<x94>[B] (+0) -0.471052632<x95>[B] (+0) -0.471052632<x96>[B] (+0) +0.471052632<x97>[B] (+0) +0.471052632<x98>[B] (+0) +0.471052632<x99>[B] (+0) +0.471052632<x100>[B] (+0) +0.471052632<x101>[B] (+1) +0.471052632<x102>[B] (+1) +0.471052632<x103>[B] (+0) +0.471052632<x104>[B] (+1) +0.471052632<x105>[B] (+1) +0.471052632<x106>[B] (+0) +0.471052632<x107>[B] (+1) +0.471052632<x108>[B] (+1) +0.471052632<x109>[B] (+0) +0.471052632<x110>[B] (+0) +0.471052632<x111>[B] (+0) +0.471052632<x112>[B] (+1) -0.471052632<x113>[B] (+1) -0.471052632<x114>[B] (+1) -0.471052632<x115>[B] (+1) -0.471052632<x116>[B] (+1) +0.471052632<x117>[B] (+1) -0.471052632<x118>[B] (+1) -0.471052632<x119>[B] (+1) -0.471052632<x120>[B] (+1) -0.471052632<x121>[B] (+1) -0.471052632<x122>[B] (+1) +0.471052632<x123>[B] (+1) -0.471052632<x124>[B] (+1) -0.471052632<x125>[B] (+0) -0.471052632<x126>[B] (+0) +0.471052632<x127>[B] (+1) +0.471052632<x128>[B] (+0) +0.471052632<x129>[B] (+0) -0.471052632<x130>[B] (+1) -0.471052632<x131>[B] (+1) -0.471052632<x132>[B] (+0) -0.471052632<x133>[B] (+0) +0.471052632<x134>[B] (+0) +0.471052632<x135>[B] (+1) +0.471052632<x136>[B] (+0) +0.471052632<x137>[B] (+1) +0.471052632<x138>[B] (+0) +0.471052632<x139>[B] (+0) +0.471052632<x140>[B] (+1) -0.471052632<x141>[B] (+1) -0.471052632<x142>[B] (+0) +0.471052632<x143>[B] (+0) +0.471052632<x144>[B] (+0) +0.471052632<x145>[B] (+1) +0.471052632<x146>[B] (+1) +0.471052632<x147>[B] (+1) +0.471052632<x148>[B] (+0) +0.471052632<x149>[B] (+1) -0.471052632<x150>[B] (+1) -0.471052632<x151>[B] (+0) +0.471052632<x152>[B] (+1) +0.471052632<x153>[B] (+0) +0.471052632<x154>[B] (+1) +0.471052632<x155>[B] (+0) +0.471052632<x156>[B] (+0) -0.471052632<x157>[B] (+0) -0.471052632<x158>[B] (+0) -0.471052632<x159>[B] (+0) -0.471052632<x160>[B] (+0) +0.471052632<x161>[B] (+0) -0.471052632<x162>[B] (+0) -0.471052632<x163>[B] (+0) -0.471052632<x164>[B] (+1) -0.471052632<x165>[B] (+1) -0.471052632<x166>[B] (+0) -0.471052632<x167>[B] (+0) -0.471052632<x168>[B] (+0) -0.471052632<x169>[B] (+1) -0.471052632<x170>[B] (+1) -0.471052632<x171>[B] (+1) -0.471052632<x172>[B] (+1) -0.471052632<x173>[B] (+1) +0.471052632<x174>[B] (+1) -0.471052632<x175>[B] (+1) -0.471052632<x176>[B] (+1) -0.471052632<x177>[B] (+0) +0.471052632<x178>[B] (+0) +0.471052632<x179>[B] (+0) +0.471052632<x180>[B] (+1) -0.471052632<x181>[B] (+0) +0.471052632<x182>[B] (+0) +0.471052632<x183>[B] (+0) +0.471052632<x184>[B] (+0) +0.471052632<x185>[B] (+1) +0.471052632<x186>[B] (+1) +0.471052632<x187>[B] (+1) +0.471052632<x188>[B] (+0) +0.471052632<x189>[B] (+1) -0.471052632<x190>[B] (+1) >= 14.25;
;
violation: left hand side is violated by 0.736842105263108
2/7 feasible solutions given by solution candidate storage, new primal bound -6.999696e+06

presolving:
   (0.0s) symmetry computation started: requiring (bin +, int +, cont +), (fixed: bin -, int -, cont -)
   (0.0s) no symmetry present (symcode time: 0.00)
presolving (0 rounds: 0 fast, 0 medium, 0 exhaustive):
 0 deleted vars, 0 deleted constraints, 0 added constraints, 0 tightened bounds, 0 added holes, 0 changed sides, 0 changed coefficients
 0 implications, 0 cliques, 0 implied integral variables (0 bin, 0 int, 0 cont)
presolved problem has 260 variables (190 bin, 0 int, 70 cont) and 2467 constraints
   2467 constraints of type <linear>
Presolving Time: 0.02
transformed 2/2 original solutions to the transformed problem space

 time | node  | left  |LP iter|LP it/n|mem/heur|mdpt |vars |cons |rows |cuts |sepa|confs|strbr|  dualbound   | primalbound  |  gap   | compl. 
p 0.0s|     1 |     0 |    38 |     - |   locks|   0 | 260 |2467 |2467 |   0 |  0 |   0 |   0 | 8.740000e+02 |-1.682197e+03 |    Inf | unknown
  0.1s|     1 |     0 |   583 |     - |    30M |   0 | 260 |2467 |2467 |   0 |  0 |   0 |   0 |-1.224500e+03 |-1.682197e+03 |  37.38%| unknown
r 0.1s|     1 |     0 |   583 |     - |shifting|   0 | 260 |2467 |2467 |   0 |  0 |   0 |   0 |-1.224500e+03 |-1.262252e+03 |   3.08%| unknown
  0.1s|     1 |     0 |   588 |     - |    31M |   0 | 260 |2467 |2468 |   1 |  1 |   0 |   0 |-1.224533e+03 |-1.262252e+03 |   3.08%| unknown
  0.1s|     1 |     0 |   588 |     - |    31M |   0 | 260 |2467 |2468 |   1 |  1 |   0 |   0 |-1.224533e+03 |-1.262252e+03 |   3.08%| unknown
  0.2s|     1 |     0 |   590 |     - |    31M |   0 | 260 |2467 |2469 |   2 |  2 |   0 |   0 |-1.224537e+03 |-1.262252e+03 |   3.08%| unknown
  0.2s|     1 |     0 |   591 |     - |    31M |   0 | 260 |2467 |2470 |   3 |  3 |   0 |   0 |-1.224543e+03 |-1.262252e+03 |   3.08%| unknown
  0.3s|     1 |     0 |   595 |     - |    31M |   0 | 260 |2467 |2471 |   4 |  4 |   0 |   0 |-1.224552e+03 |-1.262252e+03 |   3.08%| unknown
  0.3s|     1 |     0 |   597 |     - |    32M |   0 | 260 |2467 |2473 |   6 |  5 |   0 |   0 |-1.224556e+03 |-1.262252e+03 |   3.08%| unknown
  0.4s|     1 |     0 |   601 |     - |    32M |   0 | 260 |2467 |2474 |   7 |  6 |   0 |   0 |-1.224561e+03 |-1.262252e+03 |   3.08%| unknown
  0.4s|     1 |     0 |   609 |     - |    32M |   0 | 260 |2467 |2476 |   9 |  7 |   0 |   0 |-1.224596e+03 |-1.262252e+03 |   3.08%| unknown
  0.4s|     1 |     0 |   612 |     - |    34M |   0 | 260 |2467 |2477 |  10 |  8 |   0 |   0 |-1.224605e+03 |-1.262252e+03 |   3.07%| unknown
  0.5s|     1 |     0 |   621 |     - |    34M |   0 | 260 |2467 |2479 |  12 |  9 |   0 |   0 |-1.224629e+03 |-1.262252e+03 |   3.07%| unknown
  0.5s|     1 |     0 |   635 |     - |    35M |   0 | 260 |2467 |2481 |  14 | 10 |   0 |   0 |-1.224715e+03 |-1.262252e+03 |   3.07%| unknown
  0.5s|     1 |     0 |   643 |     - |    35M |   0 | 260 |2467 |2482 |  15 | 11 |   0 |   0 |-1.224725e+03 |-1.262252e+03 |   3.06%| unknown
 time | node  | left  |LP iter|LP it/n|mem/heur|mdpt |vars |cons |rows |cuts |sepa|confs|strbr|  dualbound   | primalbound  |  gap   | compl. 
r 0.5s|     1 |     0 |   697 |     - |intshift|   0 | 260 |2467 |2482 |  15 | 11 |   0 |   0 |-1.224725e+03 |-1.232521e+03 |   0.64%| unknown
d 0.6s|     1 |     0 |   811 |     - |farkasdi|   0 | 260 |2467 |2482 |   0 | 11 |   0 |   0 |-1.224725e+03 |-1.226684e+03 |   0.16%| unknown
L 0.6s|     1 |     0 |   811 |     - |    rens|   0 | 260 |2467 |2482 |  15 | 11 |   0 |   0 |-1.224725e+03 |-1.224868e+03 |   0.01%| unknown
  0.6s|     1 |     0 |   811 |     - |    35M |   0 | 260 |2467 |2482 |  15 | 11 |   0 |   0 |-1.224725e+03 |-1.224868e+03 |   0.01%| unknown
  0.6s|     1 |     0 |   811 |     - |    35M |   0 | 260 |2467 | 644 |  15 | 11 |   0 |   0 |-1.224725e+03 |-1.224868e+03 |   0.01%| unknown
  0.6s|     1 |     0 |   820 |     - |    35M |   0 | 260 |2467 | 648 |  19 | 12 |   0 |   0 |-1.224728e+03 |-1.224868e+03 |   0.01%| unknown
  0.6s|     1 |     0 |   820 |     - |    35M |   0 | 260 | 394 | 648 |  19 | 13 |   0 |   0 |-1.224728e+03 |-1.224868e+03 |   0.01%| unknown
  0.6s|     1 |     0 |   835 |     - |    35M |   0 | 260 | 394 | 649 |  20 | 14 |   0 |   0 |-1.224730e+03 |-1.224868e+03 |   0.01%| unknown
  0.6s|     1 |     0 |   835 |     - |    35M |   0 | 260 | 394 | 423 |  20 | 14 |   0 |   0 |-1.224730e+03 |-1.224868e+03 |   0.01%| unknown
  0.6s|     1 |     0 |   835 |     - |    35M |   0 | 260 | 382 | 423 |  20 | 15 |   0 |   0 |-1.224730e+03 |-1.224868e+03 |   0.01%| unknown
(run 1, node 1) restarting after 143 global fixings of integer variables

(restart) converted 20 cuts from the global cut pool into linear constraints

presolving:
presolving (0 rounds: 0 fast, 0 medium, 0 exhaustive):
 0 deleted vars, 0 deleted constraints, 0 added constraints, 0 tightened bounds, 0 added holes, 0 changed sides, 0 changed coefficients
 0 implications, 0 cliques, 0 implied integral variables (0 bin, 0 int, 0 cont)
presolved problem has 260 variables (190 bin, 0 int, 70 cont) and 402 constraints
    402 constraints of type <linear>
Presolving Time: 0.02
transformed 18/21 original solutions to the transformed problem space

 time | node  | left  |LP iter|LP it/n|mem/heur|mdpt |vars |cons |rows |cuts |sepa|confs|strbr|  dualbound   | primalbound  |  gap   | compl. 
  0.7s|     1 |     0 |  1175 |     - |    36M |   0 | 260 | 402 | 402 |   0 |  0 |   0 |   0 |-1.224730e+03 |-1.224868e+03 |   0.01%| unknown
  0.7s|     1 |     0 |  1175 |     - |    36M |   0 | 260 | 402 | 334 |   0 |  0 |   0 |   0 |-1.224730e+03 |-1.224868e+03 |   0.01%| unknown
  0.7s|     1 |     0 |  1182 |     - |    36M |   0 | 260 | 402 | 335 |   1 |  1 |   0 |   0 |-1.224740e+03 |-1.224868e+03 |   0.01%| unknown
  0.7s|     1 |     0 |  1186 |     - |    36M |   0 | 260 | 402 | 337 |   3 |  2 |   0 |   0 |-1.224752e+03 |-1.224868e+03 |   0.01%| unknown
  0.8s|     1 |     0 |  1190 |     - |    36M |   0 | 260 | 402 | 338 |   4 |  3 |   0 |   0 |-1.224758e+03 |-1.224868e+03 |   0.01%| unknown
  0.8s|     1 |     0 |  1199 |     - |    36M |   0 | 260 | 402 | 339 |   5 |  4 |   0 |   0 |-1.224768e+03 |-1.224868e+03 |   0.01%| unknown
  0.8s|     1 |     0 |  1206 |     - |    36M |   0 | 260 | 402 | 341 |   7 |  5 |   0 |   0 |-1.224770e+03 |-1.224868e+03 |   0.01%| unknown
  0.9s|     1 |     0 |  1209 |     - |    36M |   0 | 260 | 402 | 343 |   9 |  6 |   0 |   0 |-1.224770e+03 |-1.224868e+03 |   0.01%| unknown
  0.9s|     1 |     0 |  1219 |     - |    36M |   0 | 260 | 402 | 345 |  11 |  7 |   0 |   0 |-1.224772e+03 |-1.224868e+03 |   0.01%| unknown
  0.9s|     1 |     0 |  1232 |     - |    36M |   0 | 260 | 402 | 348 |  14 |  8 |   0 |   0 |-1.224781e+03 |-1.224868e+03 |   0.01%| unknown
  1.0s|     1 |     0 |  1237 |     - |    36M |   0 | 260 | 402 | 349 |  15 |  9 |   0 |   0 |-1.224784e+03 |-1.224868e+03 |   0.01%| unknown
  1.0s|     1 |     0 |  1240 |     - |    36M |   0 | 260 | 402 | 350 |  16 | 10 |   0 |   0 |-1.224786e+03 |-1.224868e+03 |   0.01%| unknown
  1.0s|     1 |     0 |  1240 |     - |    36M |   0 | 260 | 282 | 350 |  16 | 11 |   0 |   0 |-1.224786e+03 |-1.224868e+03 |   0.01%| unknown
  1.0s|     1 |     0 |  1288 |     - |    36M |   0 | 260 | 283 | 350 |  16 | 12 |   2 |   0 |-1.224868e+03 |-1.224868e+03 |   0.00%| unknown

SCIP Status        : problem is solved [optimal solution found]
Solving Time (sec) : 1.04
Solving Nodes      : 1 (total of 2 nodes in 2 runs)
Primal Bound       : -1.22486842105263e+03 (32 solutions)
Dual Bound         : -1.22486842105263e+03
Gap                : 0.00 %
