Loading instance...
Median ranking: [20, 9, 6, 16, 11, 5, 2, 4, 14, 13, 8, 19, 7, 18, 15, 12, 17, 10, 1, 3]
Mean ranking: [9, 6, 2, 20, 16, 11, 4, 14, 5, 8, 13, 7, 19, 18, 15, 10, 12, 17, 1, 3]
Actual error: 0.0024873285508396625
Weighted Kendall distance: 167.5
Normalized distance: 0.06296992481203008
sides, 0 chg coeffs, 0 upgd conss, 0 impls, 0 clqs, 0 implints
   (0.0s) symmetry computation started: requiring (bin +, int +, cont +), (fixed: bin -, int -, cont -)
   (0.0s) no symmetry present (symcode time: 0.00)
presolving (2 rounds: 2 fast, 2 medium, 1 exhaustive):
 0 deleted vars, 2280 deleted constraints, 1140 added constraints, 0 tightened bounds, 0 added holes, 0 changed sides, 0 changed coefficients
 0 implications, 0 cliques, 0 implied integral variables (0 bin, 0 int, 0 cont)
presolved problem has 190 variables (0 bin, 0 int, 190 cont) and 1140 constraints
   1140 constraints of type <linear>
Presolving Time: 0.01
transformed 3/3 original solutions to the transformed problem space

 time | node  | left  |LP iter|LP it/n|mem/heur|mdpt |vars |cons |rows |cuts |sepa|confs|strbr|  dualbound   | primalbound  |  gap   | compl. 
* 0.0s|     1 |     0 |    30 |     - |    LP  |   0 | 190 |1140 |1140 |   0 |  0 |   0 |   0 | 2.120000e+02 | 2.120000e+02 |   0.00%| unknown
  0.0s|     1 |     0 |    30 |     - |  7668k |   0 | 190 |1140 |1140 |   0 |  0 |   0 |   0 | 2.120000e+02 | 2.120000e+02 |   0.00%| unknown

SCIP Status        : problem is solved [optimal solution found]
Solving Time (sec) : 0.02
Solving Nodes      : 1
Primal Bound       : +2.12000000000000e+02 (4 solutions)
Dual Bound         : +2.12000000000000e+02
Gap                : 0.00 %
feasible solution found by trivial heuristic after 0.0 seconds, objective value 0.000000e+00
presolving:
   (0.0s) running MILP presolver
   (0.0s) MILP presolver (2 rounds): 0 aggregations, 0 fixings, 0 bound changes
(round 1, medium)     0 del vars, 2280 del conss, 1140 add conss, 0 chg bounds, 0 chg sides, 0 chg coeffs, 0 upgd conss, 0 impls, 0 clqs, 0 implints
   (0.0s) probing: 51/190 (26.8%) - 0 fixings, 0 aggregations, 0 implications, 0 bound changes
   (0.0s) probing aborted: 50/50 successive totally useless probings
   (0.0s) symmetry computation started: requiring (bin +, int +, cont +), (fixed: bin -, int -, cont -)
   (0.0s) no symmetry present (symcode time: 0.00)
presolving (2 rounds: 2 fast, 2 medium, 1 exhaustive):
 0 deleted vars, 2280 deleted constraints, 1140 added constraints, 0 tightened bounds, 0 added holes, 0 changed sides, 0 changed coefficients
 0 implications, 0 cliques, 0 implied integral variables (0 bin, 0 int, 0 cont)
presolved problem has 190 variables (190 bin, 0 int, 0 cont) and 1140 constraints
   1140 constraints of type <linear>
transformed objective value is always integral (scale: 2)
Presolving Time: 0.01
transformed 2/2 original solutions to the transformed problem space

 time | node  | left  |LP iter|LP it/n|mem/heur|mdpt |vars |cons |rows |cuts |sepa|confs|strbr|  dualbound   | primalbound  |  gap   | compl. 
p 0.0s|     1 |     0 |     0 |     - |   locks|   0 | 190 |1140 |1140 |   0 |  0 |   0 |   0 | 2.180000e+02 | 2.400000e+01 | 808.33%| unknown
i 0.0s|     1 |     0 |     0 |     - |  oneopt|   0 | 190 |1140 |1140 |   0 |  0 |   0 |   0 | 2.180000e+02 | 7.600000e+01 | 186.84%| unknown
* 0.0s|     1 |     0 |    23 |     - |    LP  |   0 | 190 |1140 |1140 |   0 |  0 |   0 |   0 | 2.120000e+02 | 2.120000e+02 |   0.00%| unknown
  0.0s|     1 |     0 |    23 |     - |  7832k |   0 | 190 |1140 |1140 |   0 |  0 |   0 |   0 | 2.120000e+02 | 2.120000e+02 |   0.00%| unknown

SCIP Status        : problem is solved [optimal solution found]
Solving Time (sec) : 0.02
Solving Nodes      : 1
Primal Bound       : +2.12000000000000e+02 (5 solutions)
Dual Bound         : +2.12000000000000e+02
Gap                : 0.00 %
feasible solution found by trivial heuristic after 0.0 seconds, objective value -1.000058e+06
presolving:
(round 1, fast)       0 del vars, 0 del conss, 0 add conss, 20 chg bounds, 0 chg sides, 0 chg coeffs, 0 upgd conss, 0 impls, 0 clqs, 0 implints
   (0.3s) running MILP presolver
   (0.4s) MILP presolver (2 rounds): 0 aggregations, 0 fixings, 0 bound changes
(round 2, medium)     0 del vars, 4180 del conss, 3040 add conss, 20 chg bounds, 0 chg sides, 0 chg coeffs, 0 upgd conss, 0 impls, 0 clqs, 0 implints
   (0.6s) symmetry computation started: requiring (bin +, int +, cont +), (fixed: bin -, int -, cont -)
   (0.7s) no symmetry present (symcode time: 0.01)
presolving (3 rounds: 3 fast, 2 medium, 1 exhaustive):
 0 deleted vars, 4180 deleted constraints, 3040 added constraints, 20 tightened bounds, 0 added holes, 0 changed sides, 0 changed coefficients
 0 implications, 0 cliques, 0 implied integral variables (0 bin, 0 int, 0 cont)
presolved problem has 200 variables (0 bin, 0 int, 200 cont) and 3040 constraints
   3040 constraints of type <linear>
Presolving Time: 0.70

 time | node  | left  |LP iter|LP it/n|mem/heur|mdpt |vars |cons |rows |cuts |sepa|confs|strbr|  dualbound   | primalbound  |  gap   | compl. 
t 0.8s|     1 |     0 |     0 |     - | trivial|   0 | 200 |3040 |   0 |   0 |  0 |   0 |   0 | 2.180000e+02 |-1.008000e+03 |    Inf | unknown
* 0.9s|     1 |     0 |   272 |     - |    LP  |   0 | 200 |3040 |3040 |   0 |  0 |   0 |   0 |-1.664605e+02 |-1.664605e+02 |   0.00%| unknown
  0.9s|     1 |     0 |   272 |     - |   221M |   0 | 200 |3040 |3040 |   0 |  0 |   0 |   0 |-1.664605e+02 |-1.664605e+02 |   0.00%| unknown

SCIP Status        : problem is solved [optimal solution found]
Solving Time (sec) : 0.86
Solving Nodes      : 1
Primal Bound       : -1.66460526315790e+02 (3 solutions)
Dual Bound         : -1.66460526315790e+02
Gap                : 0.00 %
feasible solution found by trivial heuristic after 0.0 seconds, objective value -1.000058e+06
presolving:
(round 1, fast)       0 del vars, 0 del conss, 0 add conss, 20 chg bounds, 0 chg sides, 0 chg coeffs, 0 upgd conss, 0 impls, 0 clqs, 0 implints
   (0.2s) running MILP presolver
   (0.3s) MILP presolver (2 rounds): 0 aggregations, 0 fixings, 0 bound changes
(round 2, medium)     0 del vars, 4180 del conss, 3040 add conss, 20 chg bounds, 0 chg sides, 0 chg coeffs, 0 upgd conss, 0 impls, 0 clqs, 0 implints
   (0.6s) probing: 51/190 (26.8%) - 0 fixings, 0 aggregations, 0 implications, 0 bound changes
   (0.6s) probing aborted: 50/50 successive totally useless probings
   (0.6s) symmetry computation started: requiring (bin +, int +, cont +), (fixed: bin -, int -, cont -)
   (0.7s) no symmetry present (symcode time: 0.01)
presolving (3 rounds: 3 fast, 2 medium, 1 exhaustive):
 0 deleted vars, 4180 deleted constraints, 3040 added constraints, 20 tightened bounds, 0 added holes, 0 changed sides, 0 changed coefficients
 0 implications, 0 cliques, 0 implied integral variables (0 bin, 0 int, 0 cont)
presolved problem has 200 variables (190 bin, 0 int, 10 cont) and 3040 constraints
   3040 constraints of type <linear>
Presolving Time: 0.70

 time | node  | left  |LP iter|LP it/n|mem/heur|mdpt |vars |cons |rows |cuts |sepa|confs|strbr|  dualbound   | primalbound  |  gap   | compl. 
t 0.7s|     1 |     0 |     0 |     - | trivial|   0 | 200 |3040 |   0 |   0 |  0 |   0 |   0 | 2.180000e+02 |-1.008000e+03 |    Inf | unknown
p 0.9s|     1 |     0 |    10 |     - |   locks|   0 | 200 |3040 |3040 |   0 |  0 |   0 |   0 | 2.180000e+02 |-3.965868e+02 |    Inf | unknown
* 0.9s|     1 |     0 |   282 |     - |    LP  |   0 | 200 |3040 |3040 |   0 |  0 |   0 |   0 |-1.664605e+02 |-1.664605e+02 |   0.00%| unknown
  0.9s|     1 |     0 |   282 |     - |   222M |   0 | 200 |3040 |3040 |   0 |  0 |   0 |   0 |-1.664605e+02 |-1.664605e+02 |   0.00%| unknown

SCIP Status        : problem is solved [optimal solution found]
Solving Time (sec) : 0.95
Solving Nodes      : 1
Primal Bound       : -1.66460526315790e+02 (4 solutions)
Dual Bound         : -1.66460526315790e+02
Gap                : 0.00 %
feasible solution found by trivial heuristic after 0.0 seconds, objective value 0.000000e+00
presolving:
   (0.0s) symmetry computation started: requiring (bin +, int +, cont +), (fixed: bin -, int -, cont -)
   (0.0s) symmetry computation finished: 9 generators found (max: 1500, log10 of symmetry group size: 6.56) (symcode time: 0.00)
dynamic symmetry handling statistics:
   orbitopal reduction:       no components
   orbital reduction:         no components
   lexicographic reduction:   no permutations
handled 1 out of 1 symmetry components
presolving (0 rounds: 0 fast, 0 medium, 0 exhaustive):
 0 deleted vars, 0 deleted constraints, 0 added constraints, 0 tightened bounds, 0 added holes, 0 changed sides, 0 changed coefficients
 0 implications, 0 cliques, 0 implied integral variables (0 bin, 0 int, 0 cont)
presolved problem has 200 variables (190 bin, 0 int, 10 cont) and 2289 constraints
   2289 constraints of type <linear>
Presolving Time: 0.00
transformed 2/2 original solutions to the transformed problem space

 time | node  | left  |LP iter|LP it/n|mem/heur|mdpt |vars |cons |rows |cuts |sepa|confs|strbr|  dualbound   | primalbound  |  gap   | compl. 
p 0.0s|     1 |     0 |     0 |     - |   locks|   0 | 200 |2280 |2280 |   0 |  0 |   0 |   0 | 2.180000e+02 | 3.200000e+01 | 581.25%| unknown
i 0.0s|     1 |     0 |     0 |     - |  oneopt|   0 | 200 |2280 |2280 |   0 |  0 |   0 |   0 | 2.180000e+02 | 8.400000e+01 | 159.52%| unknown
* 0.0s|     1 |     0 |    23 |     - |    LP  |   0 | 200 |2280 |2280 |   0 |  0 |   0 |   0 | 2.120000e+02 | 2.120000e+02 |   0.00%| unknown
  0.0s|     1 |     0 |    23 |     - |  9637k |   0 | 200 |2280 |2280 |   0 |  0 |   0 |   0 | 2.120000e+02 | 2.120000e+02 |   0.00%| unknown

SCIP Status        : problem is solved [optimal solution found]
Solving Time (sec) : 0.01
Solving Nodes      : 1
Primal Bound       : +2.12000000000000e+02 (6 solutions)
Dual Bound         : +2.12000000000000e+02
Gap                : 0.00 %
  [linear] <c2281>: <x191>[C] (+0) -0.639473684<x1>[B] (+0) -0.639473684<x2>[B] (+1) -0.639473684<x3>[B] (+0) -0.639473684<x4>[B] (+0) -0.639473684<x5>[B] (+0) -0.639473684<x6>[B] (+0) -0.639473684<x7>[B] (+0) -0.639473684<x8>[B] (+0) -0.639473684<x9>[B] (+0) +0.639473684<x10>[B] (+0) +0.639473684<x11>[B] (+0) +0.639473684<x12>[B] (+0) +0.639473684<x13>[B] (+0) -0.639473684<x14>[B] (+0) +0.639473684<x15>[B] (+0) +0.639473684<x16>[B] (+0) -0.639473684<x17>[B] (+0) +0.639473684<x18>[B] (+0) +0.639473684<x19>[B] (+0) -0.639473684<x20>[B] (+1) -0.639473684<x21>[B] (+1) -0.639473684<x22>[B] (+0) -0.639473684<x23>[B] (+0) -0.639473684<x24>[B] (+1) -0.639473684<x25>[B] (+1) +0.639473684<x26>[B] (+0) -0.639473684<x27>[B] (+1) +0.639473684<x28>[B] (+0) +0.639473684<x29>[B] (+1) +0.639473684<x30>[B] (+1) +0.639473684<x31>[B] (+1) -0.639473684<x32>[B] (+1) +0.639473684<x33>[B] (+0) +0.639473684<x34>[B] (+1) -0.639473684<x35>[B] (+1) +0.639473684<x36>[B] (+1) +0.639473684<x37>[B] (+0) +0.639473684<x38>[B] (+0) +0.639473684<x39>[B] (+0) +0.639473684<x40>[B] (+0) +0.639473684<x41>[B] (+0) +0.639473684<x42>[B] (+0) +0.639473684<x43>[B] (+0) -0.639473684<x44>[B] (+0) +0.639473684<x45>[B] (+0) +0.639473684<x46>[B] (+0) +0.639473684<x47>[B] (+0) +0.639473684<x48>[B] (+0) +0.639473684<x49>[B] (+0) +0.639473684<x50>[B] (+0) +0.639473684<x51>[B] (+0) +0.639473684<x52>[B] (+0) +0.639473684<x53>[B] (+0) +0.639473684<x54>[B] (+0) +0.639473684<x55>[B] (+0) +0.639473684<x56>[B] (+0) -0.639473684<x57>[B] (+1) -0.639473684<x58>[B] (+1) +0.639473684<x59>[B] (+0) -0.639473684<x60>[B] (+1) +0.639473684<x61>[B] (+0) +0.639473684<x62>[B] (+1) +0.639473684<x63>[B] (+1) +0.639473684<x64>[B] (+1) -0.639473684<x65>[B] (+1) +0.639473684<x66>[B] (+0) +0.639473684<x67>[B] (+1) -0.639473684<x68>[B] (+1) +0.639473684<x69>[B] (+1) +0.639473684<x70>[B] (+0) +0.639473684<x71>[B] (+0) -0.639473684<x72>[B] (+1) -0.639473684<x73>[B] (+1) +0.639473684<x74>[B] (+0) -0.639473684<x75>[B] (+1) +0.639473684<x76>[B] (+0) +0.639473684<x77>[B] (+1) +0.639473684<x78>[B] (+1) +0.639473684<x79>[B] (+1) -0.639473684<x80>[B] (+1) +0.639473684<x81>[B] (+0) +0.639473684<x82>[B] (+1) -0.639473684<x83>[B] (+1) +0.639473684<x84>[B] (+1) +0.639473684<x85>[B] (+0) -0.639473684<x86>[B] (+1) -0.639473684<x87>[B] (+1) +0.639473684<x88>[B] (+0) -0.639473684<x89>[B] (+1) +0.639473684<x90>[B] (+1) +0.639473684<x91>[B] (+1) +0.639473684<x92>[B] (+1) +0.639473684<x93>[B] (+1) -0.639473684<x94>[B] (+1) +0.639473684<x95>[B] (+1) +0.639473684<x96>[B] (+1) -0.639473684<x97>[B] (+1) +0.639473684<x98>[B] (+1) +0.639473684<x99>[B] (+0) -0.639473684<x100>[B] (+0) +0.639473684<x101>[B] (+0) -0.639473684<x102>[B] (+1) +0.639473684<x103>[B] (+0) +0.639473684<x104>[B] (+1) +0.639473684<x105>[B] (+0) +0.639473684<x106>[B] (+0) -0.639473684<x107>[B] (+1) +0.639473684<x108>[B] (+0) +0.639473684<x109>[B] (+1) -0.639473684<x110>[B] (+1) +0.639473684<x111>[B] (+0) +0.639473684<x112>[B] (+0) +0.639473684<x113>[B] (+0) -0.639473684<x114>[B] (+1) +0.639473684<x115>[B] (+0) +0.639473684<x116>[B] (+1) +0.639473684<x117>[B] (+0) +0.639473684<x118>[B] (+0) +0.639473684<x119>[B] (+1) +0.639473684<x120>[B] (+0) +0.639473684<x121>[B] (+1) +0.639473684<x122>[B] (+1) +0.639473684<x123>[B] (+1) +0.639473684<x124>[B] (+0) -0.639473684<x125>[B] (+1) +0.639473684<x126>[B] (+1) +0.639473684<x127>[B] (+1) +0.639473684<x128>[B] (+1) +0.639473684<x129>[B] (+1) -0.639473684<x130>[B] (+1) +0.639473684<x131>[B] (+1) +0.639473684<x132>[B] (+1) -0.639473684<x133>[B] (+1) +0.639473684<x134>[B] (+1) +0.639473684<x135>[B] (+0) +0.639473684<x136>[B] (+0) +0.639473684<x137>[B] (+0) +0.639473684<x138>[B] (+0) +0.639473684<x139>[B] (+0) +0.639473684<x140>[B] (+0) +0.639473684<x141>[B] (+0) +0.639473684<x142>[B] (+0) +0.639473684<x143>[B] (+0) +0.639473684<x144>[B] (+0) +0.639473684<x145>[B] (+0) +0.639473684<x146>[B] (+1) +0.639473684<x147>[B] (+1) -0.639473684<x148>[B] (+1) -0.639473684<x149>[B] (+1) -0.639473684<x150>[B] (+0) -0.639473684<x151>[B] (+1) -0.639473684<x152>[B] (+1) +0.639473684<x153>[B] (+1) +0.639473684<x154>[B] (+0) +0.639473684<x155>[B] (+0) -0.639473684<x156>[B] (+0) -0.639473684<x157>[B] (+0) -0.639473684<x158>[B] (+0) -0.639473684<x159>[B] (+1) -0.639473684<x160>[B] (+0) +0.639473684<x161>[B] (+0) -0.639473684<x162>[B] (+0) -0.639473684<x163>[B] (+0) -0.639473684<x164>[B] (+1) -0.639473684<x165>[B] (+0) -0.639473684<x166>[B] (+1) -0.639473684<x167>[B] (+1) -0.639473684<x168>[B] (+1) -0.639473684<x169>[B] (+0) -0.639473684<x170>[B] (+1) +0.639473684<x171>[B] (+0) +0.639473684<x172>[B] (+1) -0.639473684<x173>[B] (+1) +0.639473684<x174>[B] (+1) +0.639473684<x175>[B] (+0) +0.639473684<x176>[B] (+0) +0.639473684<x177>[B] (+1) +0.639473684<x178>[B] (+0) +0.639473684<x179>[B] (+0) +0.639473684<x180>[B] (+0) -0.639473684<x181>[B] (+1) -0.639473684<x182>[B] (+1) +0.639473684<x183>[B] (+1) +0.639473684<x184>[B] (+0) -0.639473684<x185>[B] (+0) +0.639473684<x186>[B] (+0) +0.639473684<x187>[B] (+0) +0.639473684<x188>[B] (+0) +0.639473684<x189>[B] (+0) -0.639473684<x190>[B] (+0) >= 39.1684210526316;
;
violation: left hand side is violated by 39.1684210526316
  [linear] <c2281>: <x191>[C] (+0) -0.639473684<x1>[B] (+1) -0.639473684<x2>[B] (+1) -0.639473684<x3>[B] (+1) -0.639473684<x4>[B] (+1) -0.639473684<x5>[B] (+0) -0.639473684<x6>[B] (+0) -0.639473684<x7>[B] (+1) -0.639473684<x8>[B] (+0) -0.639473684<x9>[B] (+1) +0.639473684<x10>[B] (+0) +0.639473684<x11>[B] (+1) +0.639473684<x12>[B] (+0) +0.639473684<x13>[B] (+1) -0.639473684<x14>[B] (+1) +0.639473684<x15>[B] (+1) +0.639473684<x16>[B] (+1) -0.639473684<x17>[B] (+1) +0.639473684<x18>[B] (+1) +0.639473684<x19>[B] (+1) -0.639473684<x20>[B] (+1) -0.639473684<x21>[B] (+1) -0.639473684<x22>[B] (+1) -0.639473684<x23>[B] (+0) -0.639473684<x24>[B] (+0) -0.639473684<x25>[B] (+1) +0.639473684<x26>[B] (+0) -0.639473684<x27>[B] (+1) +0.639473684<x28>[B] (+0) +0.639473684<x29>[B] (+1) +0.639473684<x30>[B] (+0) +0.639473684<x31>[B] (+1) -0.639473684<x32>[B] (+1) +0.639473684<x33>[B] (+1) +0.639473684<x34>[B] (+1) -0.639473684<x35>[B] (+1) +0.639473684<x36>[B] (+1) +0.639473684<x37>[B] (+1) +0.639473684<x38>[B] (+1) +0.639473684<x39>[B] (+1) +0.639473684<x40>[B] (+0) +0.639473684<x41>[B] (+0) +0.639473684<x42>[B] (+1) +0.639473684<x43>[B] (+0) -0.639473684<x44>[B] (+1) +0.639473684<x45>[B] (+0) +0.639473684<x46>[B] (+1) +0.639473684<x47>[B] (+0) +0.639473684<x48>[B] (+0) +0.639473684<x49>[B] (+1) +0.639473684<x50>[B] (+1) +0.639473684<x51>[B] (+0) +0.639473684<x52>[B] (+1) +0.639473684<x53>[B] (+1) +0.639473684<x54>[B] (+0) +0.639473684<x55>[B] (+1) +0.639473684<x56>[B] (+0) -0.639473684<x57>[B] (+0) -0.639473684<x58>[B] (+1) +0.639473684<x59>[B] (+0) -0.639473684<x60>[B] (+1) +0.639473684<x61>[B] (+0) +0.639473684<x62>[B] (+1) +0.639473684<x63>[B] (+0) +0.639473684<x64>[B] (+0) -0.639473684<x65>[B] (+1) +0.639473684<x66>[B] (+1) +0.639473684<x67>[B] (+0) -0.639473684<x68>[B] (+1) +0.639473684<x69>[B] (+0) +0.639473684<x70>[B] (+0) +0.639473684<x71>[B] (+0) -0.639473684<x72>[B] (+0) -0.639473684<x73>[B] (+1) +0.639473684<x74>[B] (+0) -0.639473684<x75>[B] (+1) +0.639473684<x76>[B] (+0) +0.639473684<x77>[B] (+1) +0.639473684<x78>[B] (+0) +0.639473684<x79>[B] (+0) -0.639473684<x80>[B] (+1) +0.639473684<x81>[B] (+1) +0.639473684<x82>[B] (+0) -0.639473684<x83>[B] (+1) +0.639473684<x84>[B] (+0) +0.639473684<x85>[B] (+0) -0.639473684<x86>[B] (+1) -0.639473684<x87>[B] (+1) +0.639473684<x88>[B] (+1) -0.639473684<x89>[B] (+1) +0.639473684<x90>[B] (+1) +0.639473684<x91>[B] (+1) +0.639473684<x92>[B] (+1) +0.639473684<x93>[B] (+1) -0.639473684<x94>[B] (+1) +0.639473684<x95>[B] (+1) +0.639473684<x96>[B] (+1) -0.639473684<x97>[B] (+1) +0.639473684<x98>[B] (+1) +0.639473684<x99>[B] (+1) -0.639473684<x100>[B] (+1) +0.639473684<x101>[B] (+0) -0.639473684<x102>[B] (+1) +0.639473684<x103>[B] (+0) +0.639473684<x104>[B] (+1) +0.639473684<x105>[B] (+0) +0.639473684<x106>[B] (+1) -0.639473684<x107>[B] (+1) +0.639473684<x108>[B] (+1) +0.639473684<x109>[B] (+1) -0.639473684<x110>[B] (+1) +0.639473684<x111>[B] (+1) +0.639473684<x112>[B] (+1) +0.639473684<x113>[B] (+0) -0.639473684<x114>[B] (+1) +0.639473684<x115>[B] (+0) +0.639473684<x116>[B] (+1) +0.639473684<x117>[B] (+0) +0.639473684<x118>[B] (+0) +0.639473684<x119>[B] (+0) +0.639473684<x120>[B] (+0) +0.639473684<x121>[B] (+0) +0.639473684<x122>[B] (+1) +0.639473684<x123>[B] (+0) +0.639473684<x124>[B] (+0) -0.639473684<x125>[B] (+1) +0.639473684<x126>[B] (+1) +0.639473684<x127>[B] (+1) +0.639473684<x128>[B] (+1) +0.639473684<x129>[B] (+1) -0.639473684<x130>[B] (+1) +0.639473684<x131>[B] (+1) +0.639473684<x132>[B] (+1) -0.639473684<x133>[B] (+1) +0.639473684<x134>[B] (+1) +0.639473684<x135>[B] (+1) +0.639473684<x136>[B] (+0) +0.639473684<x137>[B] (+1) +0.639473684<x138>[B] (+0) +0.639473684<x139>[B] (+0) +0.639473684<x140>[B] (+0) +0.639473684<x141>[B] (+0) +0.639473684<x142>[B] (+0) +0.639473684<x143>[B] (+1) +0.639473684<x144>[B] (+0) +0.639473684<x145>[B] (+0) +0.639473684<x146>[B] (+1) +0.639473684<x147>[B] (+1) -0.639473684<x148>[B] (+1) -0.639473684<x149>[B] (+1) -0.639473684<x150>[B] (+1) -0.639473684<x151>[B] (+1) -0.639473684<x152>[B] (+1) +0.639473684<x153>[B] (+1) +0.639473684<x154>[B] (+1) +0.639473684<x155>[B] (+0) -0.639473684<x156>[B] (+0) -0.639473684<x157>[B] (+0) -0.639473684<x158>[B] (+0) -0.639473684<x159>[B] (+0) -0.639473684<x160>[B] (+1) +0.639473684<x161>[B] (+0) -0.639473684<x162>[B] (+0) -0.639473684<x163>[B] (+1) -0.639473684<x164>[B] (+1) -0.639473684<x165>[B] (+1) -0.639473684<x166>[B] (+1) -0.639473684<x167>[B] (+1) -0.639473684<x168>[B] (+1) -0.639473684<x169>[B] (+1) -0.639473684<x170>[B] (+1) +0.639473684<x171>[B] (+1) +0.639473684<x172>[B] (+1) -0.639473684<x173>[B] (+1) +0.639473684<x174>[B] (+1) +0.639473684<x175>[B] (+0) +0.639473684<x176>[B] (+0) +0.639473684<x177>[B] (+0) +0.639473684<x178>[B] (+1) +0.639473684<x179>[B] (+0) +0.639473684<x180>[B] (+0) -0.639473684<x181>[B] (+0) -0.639473684<x182>[B] (+1) +0.639473684<x183>[B] (+0) +0.639473684<x184>[B] (+0) -0.639473684<x185>[B] (+1) +0.639473684<x186>[B] (+1) +0.639473684<x187>[B] (+0) +0.639473684<x188>[B] (+0) +0.639473684<x189>[B] (+0) -0.639473684<x190>[B] (+0) >= 39.1684210526316;
;
violation: left hand side is violated by 34.6921052631579
  [linear] <c2281>: <x191>[C] (+0) -0.639473684<x1>[B] (+1) -0.639473684<x2>[B] (+1) -0.639473684<x3>[B] (+1) -0.639473684<x4>[B] (+1) -0.639473684<x5>[B] (+0) -0.639473684<x6>[B] (+1) -0.639473684<x7>[B] (+1) -0.639473684<x8>[B] (+0) -0.639473684<x9>[B] (+1) +0.639473684<x10>[B] (+0) +0.639473684<x11>[B] (+1) +0.639473684<x12>[B] (+0) +0.639473684<x13>[B] (+1) -0.639473684<x14>[B] (+1) +0.639473684<x15>[B] (+1) +0.639473684<x16>[B] (+1) -0.639473684<x17>[B] (+1) +0.639473684<x18>[B] (+1) +0.639473684<x19>[B] (+1) -0.639473684<x20>[B] (+0) -0.639473684<x21>[B] (+1) -0.639473684<x22>[B] (+1) -0.639473684<x23>[B] (+0) -0.639473684<x24>[B] (+0) -0.639473684<x25>[B] (+1) +0.639473684<x26>[B] (+0) -0.639473684<x27>[B] (+1) +0.639473684<x28>[B] (+0) +0.639473684<x29>[B] (+1) +0.639473684<x30>[B] (+0) +0.639473684<x31>[B] (+1) -0.639473684<x32>[B] (+1) +0.639473684<x33>[B] (+1) +0.639473684<x34>[B] (+1) -0.639473684<x35>[B] (+1) +0.639473684<x36>[B] (+1) +0.639473684<x37>[B] (+1) +0.639473684<x38>[B] (+1) +0.639473684<x39>[B] (+1) +0.639473684<x40>[B] (+0) +0.639473684<x41>[B] (+0) +0.639473684<x42>[B] (+1) +0.639473684<x43>[B] (+0) -0.639473684<x44>[B] (+1) +0.639473684<x45>[B] (+0) +0.639473684<x46>[B] (+1) +0.639473684<x47>[B] (+0) +0.639473684<x48>[B] (+1) +0.639473684<x49>[B] (+1) +0.639473684<x50>[B] (+1) +0.639473684<x51>[B] (+1) +0.639473684<x52>[B] (+1) +0.639473684<x53>[B] (+1) +0.639473684<x54>[B] (+1) +0.639473684<x55>[B] (+1) +0.639473684<x56>[B] (+0) -0.639473684<x57>[B] (+0) -0.639473684<x58>[B] (+1) +0.639473684<x59>[B] (+0) -0.639473684<x60>[B] (+1) +0.639473684<x61>[B] (+0) +0.639473684<x62>[B] (+1) +0.639473684<x63>[B] (+0) +0.639473684<x64>[B] (+0) -0.639473684<x65>[B] (+1) +0.639473684<x66>[B] (+1) +0.639473684<x67>[B] (+0) -0.639473684<x68>[B] (+1) +0.639473684<x69>[B] (+0) +0.639473684<x70>[B] (+0) +0.639473684<x71>[B] (+0) -0.639473684<x72>[B] (+0) -0.639473684<x73>[B] (+1) +0.639473684<x74>[B] (+0) -0.639473684<x75>[B] (+1) +0.639473684<x76>[B] (+0) +0.639473684<x77>[B] (+1) +0.639473684<x78>[B] (+0) +0.639473684<x79>[B] (+0) -0.639473684<x80>[B] (+1) +0.639473684<x81>[B] (+1) +0.639473684<x82>[B] (+0) -0.639473684<x83>[B] (+1) +0.639473684<x84>[B] (+0) +0.639473684<x85>[B] (+0) -0.639473684<x86>[B] (+1) -0.639473684<x87>[B] (+1) +0.639473684<x88>[B] (+1) -0.639473684<x89>[B] (+1) +0.639473684<x90>[B] (+1) +0.639473684<x91>[B] (+1) +0.639473684<x92>[B] (+1) +0.639473684<x93>[B] (+1) -0.639473684<x94>[B] (+1) +0.639473684<x95>[B] (+1) +0.639473684<x96>[B] (+1) -0.639473684<x97>[B] (+1) +0.639473684<x98>[B] (+1) +0.639473684<x99>[B] (+1) -0.639473684<x100>[B] (+1) +0.639473684<x101>[B] (+0) -0.639473684<x102>[B] (+1) +0.639473684<x103>[B] (+0) +0.639473684<x104>[B] (+1) +0.639473684<x105>[B] (+0) +0.639473684<x106>[B] (+1) -0.639473684<x107>[B] (+1) +0.639473684<x108>[B] (+1) +0.639473684<x109>[B] (+1) -0.639473684<x110>[B] (+1) +0.639473684<x111>[B] (+1) +0.639473684<x112>[B] (+1) +0.639473684<x113>[B] (+0) -0.639473684<x114>[B] (+0) +0.639473684<x115>[B] (+0) +0.639473684<x116>[B] (+0) +0.639473684<x117>[B] (+0) +0.639473684<x118>[B] (+0) +0.639473684<x119>[B] (+0) +0.639473684<x120>[B] (+0) +0.639473684<x121>[B] (+0) +0.639473684<x122>[B] (+0) +0.639473684<x123>[B] (+0) +0.639473684<x124>[B] (+0) -0.639473684<x125>[B] (+1) +0.639473684<x126>[B] (+1) +0.639473684<x127>[B] (+1) +0.639473684<x128>[B] (+1) +0.639473684<x129>[B] (+1) -0.639473684<x130>[B] (+1) +0.639473684<x131>[B] (+1) +0.639473684<x132>[B] (+1) -0.639473684<x133>[B] (+1) +0.639473684<x134>[B] (+1) +0.639473684<x135>[B] (+1) +0.639473684<x136>[B] (+0) +0.639473684<x137>[B] (+1) +0.639473684<x138>[B] (+0) +0.639473684<x139>[B] (+0) +0.639473684<x140>[B] (+0) +0.639473684<x141>[B] (+0) +0.639473684<x142>[B] (+0) +0.639473684<x143>[B] (+1) +0.639473684<x144>[B] (+0) +0.639473684<x145>[B] (+0) +0.639473684<x146>[B] (+1) +0.639473684<x147>[B] (+0) -0.639473684<x148>[B] (+1) -0.639473684<x149>[B] (+1) -0.639473684<x150>[B] (+1) -0.639473684<x151>[B] (+1) -0.639473684<x152>[B] (+1) +0.639473684<x153>[B] (+1) +0.639473684<x154>[B] (+1) +0.639473684<x155>[B] (+0) -0.639473684<x156>[B] (+0) -0.639473684<x157>[B] (+0) -0.639473684<x158>[B] (+0) -0.639473684<x159>[B] (+0) -0.639473684<x160>[B] (+1) +0.639473684<x161>[B] (+0) -0.639473684<x162>[B] (+0) -0.639473684<x163>[B] (+1) -0.639473684<x164>[B] (+1) -0.639473684<x165>[B] (+1) -0.639473684<x166>[B] (+1) -0.639473684<x167>[B] (+1) -0.639473684<x168>[B] (+1) -0.639473684<x169>[B] (+1) -0.639473684<x170>[B] (+1) +0.639473684<x171>[B] (+1) +0.639473684<x172>[B] (+1) -0.639473684<x173>[B] (+1) +0.639473684<x174>[B] (+1) +0.639473684<x175>[B] (+1) +0.639473684<x176>[B] (+1) +0.639473684<x177>[B] (+0) +0.639473684<x178>[B] (+1) +0.639473684<x179>[B] (+0) +0.639473684<x180>[B] (+0) -0.639473684<x181>[B] (+0) -0.639473684<x182>[B] (+1) +0.639473684<x183>[B] (+0) +0.639473684<x184>[B] (+0) -0.639473684<x185>[B] (+1) +0.639473684<x186>[B] (+1) +0.639473684<x187>[B] (+1) +0.639473684<x188>[B] (+0) +0.639473684<x189>[B] (+0) -0.639473684<x190>[B] (+1) >= 39.1684210526316;
;
violation: left hand side is violated by 32.7736842105263
  [linear] <c2281>: <x191>[C] (+0) -0.639473684<x1>[B] (+0) -0.639473684<x2>[B] (+0) -0.639473684<x3>[B] (+0) -0.639473684<x4>[B] (+0) -0.639473684<x5>[B] (+0) -0.639473684<x6>[B] (+0) -0.639473684<x7>[B] (+0) -0.639473684<x8>[B] (+0) -0.639473684<x9>[B] (+0) +0.639473684<x10>[B] (+0) +0.639473684<x11>[B] (+0) +0.639473684<x12>[B] (+0) +0.639473684<x13>[B] (+0) -0.639473684<x14>[B] (+0) +0.639473684<x15>[B] (+0) +0.639473684<x16>[B] (+0) -0.639473684<x17>[B] (+0) +0.639473684<x18>[B] (+0) +0.639473684<x19>[B] (+0) -0.639473684<x20>[B] (+0) -0.639473684<x21>[B] (+0) -0.639473684<x22>[B] (+0) -0.639473684<x23>[B] (+0) -0.639473684<x24>[B] (+0) -0.639473684<x25>[B] (+0) +0.639473684<x26>[B] (+0) -0.639473684<x27>[B] (+0) +0.639473684<x28>[B] (+0) +0.639473684<x29>[B] (+0) +0.639473684<x30>[B] (+0) +0.639473684<x31>[B] (+0) -0.639473684<x32>[B] (+0) +0.639473684<x33>[B] (+0) +0.639473684<x34>[B] (+0) -0.639473684<x35>[B] (+0) +0.639473684<x36>[B] (+0) +0.639473684<x37>[B] (+0) +0.639473684<x38>[B] (+0) +0.639473684<x39>[B] (+0) +0.639473684<x40>[B] (+0) +0.639473684<x41>[B] (+0) +0.639473684<x42>[B] (+0) +0.639473684<x43>[B] (+0) -0.639473684<x44>[B] (+0) +0.639473684<x45>[B] (+0) +0.639473684<x46>[B] (+0) +0.639473684<x47>[B] (+0) +0.639473684<x48>[B] (+0) +0.639473684<x49>[B] (+0) +0.639473684<x50>[B] (+0) +0.639473684<x51>[B] (+0) +0.639473684<x52>[B] (+0) +0.639473684<x53>[B] (+0) +0.639473684<x54>[B] (+0) +0.639473684<x55>[B] (+0) +0.639473684<x56>[B] (+0) -0.639473684<x57>[B] (+0) -0.639473684<x58>[B] (+0) +0.639473684<x59>[B] (+0) -0.639473684<x60>[B] (+0) +0.639473684<x61>[B] (+0) +0.639473684<x62>[B] (+0) +0.639473684<x63>[B] (+0) +0.639473684<x64>[B] (+0) -0.639473684<x65>[B] (+0) +0.639473684<x66>[B] (+0) +0.639473684<x67>[B] (+0) -0.639473684<x68>[B] (+0) +0.639473684<x69>[B] (+0) +0.639473684<x70>[B] (+0) +0.639473684<x71>[B] (+0) -0.639473684<x72>[B] (+0) -0.639473684<x73>[B] (+0) +0.639473684<x74>[B] (+0) -0.639473684<x75>[B] (+0) +0.639473684<x76>[B] (+0) +0.639473684<x77>[B] (+0) +0.639473684<x78>[B] (+0) +0.639473684<x79>[B] (+0) -0.639473684<x80>[B] (+0) +0.639473684<x81>[B] (+0) +0.639473684<x82>[B] (+0) -0.639473684<x83>[B] (+0) +0.639473684<x84>[B] (+0) +0.639473684<x85>[B] (+0) -0.639473684<x86>[B] (+0) -0.639473684<x87>[B] (+0) +0.639473684<x88>[B] (+0) -0.639473684<x89>[B] (+0) +0.639473684<x90>[B] (+0) +0.639473684<x91>[B] (+0) +0.639473684<x92>[B] (+0) +0.639473684<x93>[B] (+0) -0.639473684<x94>[B] (+0) +0.639473684<x95>[B] (+0) +0.639473684<x96>[B] (+0) -0.639473684<x97>[B] (+0) +0.639473684<x98>[B] (+0) +0.639473684<x99>[B] (+0) -0.639473684<x100>[B] (+0) +0.639473684<x101>[B] (+0) -0.639473684<x102>[B] (+0) +0.639473684<x103>[B] (+0) +0.639473684<x104>[B] (+0) +0.639473684<x105>[B] (+0) +0.639473684<x106>[B] (+0) -0.639473684<x107>[B] (+0) +0.639473684<x108>[B] (+0) +0.639473684<x109>[B] (+0) -0.639473684<x110>[B] (+0) +0.639473684<x111>[B] (+0) +0.639473684<x112>[B] (+0) +0.639473684<x113>[B] (+0) -0.639473684<x114>[B] (+0) +0.639473684<x115>[B] (+0) +0.639473684<x116>[B] (+0) +0.639473684<x117>[B] (+0) +0.639473684<x118>[B] (+0) +0.639473684<x119>[B] (+0) +0.639473684<x120>[B] (+0) +0.639473684<x121>[B] (+0) +0.639473684<x122>[B] (+0) +0.639473684<x123>[B] (+0) +0.639473684<x124>[B] (+0) -0.639473684<x125>[B] (+0) +0.639473684<x126>[B] (+0) +0.639473684<x127>[B] (+0) +0.639473684<x128>[B] (+0) +0.639473684<x129>[B] (+0) -0.639473684<x130>[B] (+0) +0.639473684<x131>[B] (+0) +0.639473684<x132>[B] (+0) -0.639473684<x133>[B] (+0) +0.639473684<x134>[B] (+0) +0.639473684<x135>[B] (+0) +0.639473684<x136>[B] (+0) +0.639473684<x137>[B] (+0) +0.639473684<x138>[B] (+0) +0.639473684<x139>[B] (+0) +0.639473684<x140>[B] (+0) +0.639473684<x141>[B] (+0) +0.639473684<x142>[B] (+0) +0.639473684<x143>[B] (+0) +0.639473684<x144>[B] (+0) +0.639473684<x145>[B] (+0) +0.639473684<x146>[B] (+0) +0.639473684<x147>[B] (+0) -0.639473684<x148>[B] (+0) -0.639473684<x149>[B] (+0) -0.639473684<x150>[B] (+0) -0.639473684<x151>[B] (+0) -0.639473684<x152>[B] (+0) +0.639473684<x153>[B] (+0) +0.639473684<x154>[B] (+0) +0.639473684<x155>[B] (+0) -0.639473684<x156>[B] (+0) -0.639473684<x157>[B] (+0) -0.639473684<x158>[B] (+0) -0.639473684<x159>[B] (+0) -0.639473684<x160>[B] (+0) +0.639473684<x161>[B] (+0) -0.639473684<x162>[B] (+0) -0.639473684<x163>[B] (+0) -0.639473684<x164>[B] (+0) -0.639473684<x165>[B] (+0) -0.639473684<x166>[B] (+0) -0.639473684<x167>[B] (+0) -0.639473684<x168>[B] (+0) -0.639473684<x169>[B] (+0) -0.639473684<x170>[B] (+0) +0.639473684<x171>[B] (+0) +0.639473684<x172>[B] (+0) -0.639473684<x173>[B] (+0) +0.639473684<x174>[B] (+0) +0.639473684<x175>[B] (+0) +0.639473684<x176>[B] (+0) +0.639473684<x177>[B] (+0) +0.639473684<x178>[B] (+0) +0.639473684<x179>[B] (+0) +0.639473684<x180>[B] (+0) -0.639473684<x181>[B] (+0) -0.639473684<x182>[B] (+0) +0.639473684<x183>[B] (+0) +0.639473684<x184>[B] (+0) -0.639473684<x185>[B] (+0) +0.639473684<x186>[B] (+0) +0.639473684<x187>[B] (+0) +0.639473684<x188>[B] (+0) +0.639473684<x189>[B] (+0) -0.639473684<x190>[B] (+0) >= 39.1684210526316;
;
violation: left hand side is violated by 39.1684210526316
  [linear] <c2281>: <x191>[C] (+0) -0.639473684<x1>[B] (+1) -0.639473684<x2>[B] (+1) -0.639473684<x3>[B] (+1) -0.639473684<x4>[B] (+1) -0.639473684<x5>[B] (+1) -0.639473684<x6>[B] (+1) -0.639473684<x7>[B] (+1) -0.639473684<x8>[B] (+1) -0.639473684<x9>[B] (+1) +0.639473684<x10>[B] (+1) +0.639473684<x11>[B] (+1) +0.639473684<x12>[B] (+1) +0.639473684<x13>[B] (+1) -0.639473684<x14>[B] (+1) +0.639473684<x15>[B] (+1) +0.639473684<x16>[B] (+1) -0.639473684<x17>[B] (+1) +0.639473684<x18>[B] (+1) +0.639473684<x19>[B] (+1) -0.639473684<x20>[B] (+1) -0.639473684<x21>[B] (+1) -0.639473684<x22>[B] (+1) -0.639473684<x23>[B] (+1) -0.639473684<x24>[B] (+1) -0.639473684<x25>[B] (+1) +0.639473684<x26>[B] (+1) -0.639473684<x27>[B] (+1) +0.639473684<x28>[B] (+1) +0.639473684<x29>[B] (+1) +0.639473684<x30>[B] (+1) +0.639473684<x31>[B] (+1) -0.639473684<x32>[B] (+1) +0.639473684<x33>[B] (+1) +0.639473684<x34>[B] (+1) -0.639473684<x35>[B] (+1) +0.639473684<x36>[B] (+1) +0.639473684<x37>[B] (+1) +0.639473684<x38>[B] (+1) +0.639473684<x39>[B] (+1) +0.639473684<x40>[B] (+1) +0.639473684<x41>[B] (+1) +0.639473684<x42>[B] (+1) +0.639473684<x43>[B] (+1) -0.639473684<x44>[B] (+1) +0.639473684<x45>[B] (+1) +0.639473684<x46>[B] (+1) +0.639473684<x47>[B] (+1) +0.639473684<x48>[B] (+1) +0.639473684<x49>[B] (+1) +0.639473684<x50>[B] (+1) +0.639473684<x51>[B] (+1) +0.639473684<x52>[B] (+1) +0.639473684<x53>[B] (+1) +0.639473684<x54>[B] (+1) +0.639473684<x55>[B] (+1) +0.639473684<x56>[B] (+1) -0.639473684<x57>[B] (+1) -0.639473684<x58>[B] (+1) +0.639473684<x59>[B] (+1) -0.639473684<x60>[B] (+1) +0.639473684<x61>[B] (+1) +0.639473684<x62>[B] (+1) +0.639473684<x63>[B] (+1) +0.639473684<x64>[B] (+1) -0.639473684<x65>[B] (+1) +0.639473684<x66>[B] (+1) +0.639473684<x67>[B] (+1) -0.639473684<x68>[B] (+1) +0.639473684<x69>[B] (+1) +0.639473684<x70>[B] (+1) +0.639473684<x71>[B] (+1) -0.639473684<x72>[B] (+1) -0.639473684<x73>[B] (+1) +0.639473684<x74>[B] (+1) -0.639473684<x75>[B] (+1) +0.639473684<x76>[B] (+1) +0.639473684<x77>[B] (+1) +0.639473684<x78>[B] (+1) +0.639473684<x79>[B] (+1) -0.639473684<x80>[B] (+1) +0.639473684<x81>[B] (+1) +0.639473684<x82>[B] (+1) -0.639473684<x83>[B] (+1) +0.639473684<x84>[B] (+1) +0.639473684<x85>[B] (+1) -0.639473684<x86>[B] (+1) -0.639473684<x87>[B] (+1) +0.639473684<x88>[B] (+1) -0.639473684<x89>[B] (+1) +0.639473684<x90>[B] (+1) +0.639473684<x91>[B] (+1) +0.639473684<x92>[B] (+1) +0.639473684<x93>[B] (+1) -0.639473684<x94>[B] (+1) +0.639473684<x95>[B] (+1) +0.639473684<x96>[B] (+1) -0.639473684<x97>[B] (+1) +0.639473684<x98>[B] (+1) +0.639473684<x99>[B] (+1) -0.639473684<x100>[B] (+1) +0.639473684<x101>[B] (+1) -0.639473684<x102>[B] (+1) +0.639473684<x103>[B] (+1) +0.639473684<x104>[B] (+1) +0.639473684<x105>[B] (+1) +0.639473684<x106>[B] (+1) -0.639473684<x107>[B] (+1) +0.639473684<x108>[B] (+1) +0.639473684<x109>[B] (+1) -0.639473684<x110>[B] (+1) +0.639473684<x111>[B] (+1) +0.639473684<x112>[B] (+1) +0.639473684<x113>[B] (+1) -0.639473684<x114>[B] (+1) +0.639473684<x115>[B] (+1) +0.639473684<x116>[B] (+1) +0.639473684<x117>[B] (+1) +0.639473684<x118>[B] (+1) +0.639473684<x119>[B] (+1) +0.639473684<x120>[B] (+1) +0.639473684<x121>[B] (+1) +0.639473684<x122>[B] (+1) +0.639473684<x123>[B] (+1) +0.639473684<x124>[B] (+1) -0.639473684<x125>[B] (+1) +0.639473684<x126>[B] (+1) +0.639473684<x127>[B] (+1) +0.639473684<x128>[B] (+1) +0.639473684<x129>[B] (+1) -0.639473684<x130>[B] (+1) +0.639473684<x131>[B] (+1) +0.639473684<x132>[B] (+1) -0.639473684<x133>[B] (+1) +0.639473684<x134>[B] (+1) +0.639473684<x135>[B] (+1) +0.639473684<x136>[B] (+1) +0.639473684<x137>[B] (+1) +0.639473684<x138>[B] (+1) +0.639473684<x139>[B] (+1) +0.639473684<x140>[B] (+1) +0.639473684<x141>[B] (+1) +0.639473684<x142>[B] (+1) +0.639473684<x143>[B] (+1) +0.639473684<x144>[B] (+1) +0.639473684<x145>[B] (+1) +0.639473684<x146>[B] (+1) +0.639473684<x147>[B] (+1) -0.639473684<x148>[B] (+1) -0.639473684<x149>[B] (+1) -0.639473684<x150>[B] (+1) -0.639473684<x151>[B] (+1) -0.639473684<x152>[B] (+1) +0.639473684<x153>[B] (+1) +0.639473684<x154>[B] (+1) +0.639473684<x155>[B] (+1) -0.639473684<x156>[B] (+1) -0.639473684<x157>[B] (+1) -0.639473684<x158>[B] (+1) -0.639473684<x159>[B] (+1) -0.639473684<x160>[B] (+1) +0.639473684<x161>[B] (+1) -0.639473684<x162>[B] (+1) -0.639473684<x163>[B] (+1) -0.639473684<x164>[B] (+1) -0.639473684<x165>[B] (+1) -0.639473684<x166>[B] (+1) -0.639473684<x167>[B] (+1) -0.639473684<x168>[B] (+1) -0.639473684<x169>[B] (+1) -0.639473684<x170>[B] (+1) +0.639473684<x171>[B] (+1) +0.639473684<x172>[B] (+1) -0.639473684<x173>[B] (+1) +0.639473684<x174>[B] (+1) +0.639473684<x175>[B] (+1) +0.639473684<x176>[B] (+1) +0.639473684<x177>[B] (+1) +0.639473684<x178>[B] (+1) +0.639473684<x179>[B] (+1) +0.639473684<x180>[B] (+1) -0.639473684<x181>[B] (+1) -0.639473684<x182>[B] (+1) +0.639473684<x183>[B] (+1) +0.639473684<x184>[B] (+1) -0.639473684<x185>[B] (+1) +0.639473684<x186>[B] (+1) +0.639473684<x187>[B] (+1) +0.639473684<x188>[B] (+1) +0.639473684<x189>[B] (+1) -0.639473684<x190>[B] (+1) >= 39.1684210526316;
;
violation: left hand side is violated by 4.63684210526316
1/6 feasible solution given by solution candidate storage, new primal bound -1.000058e+06

presolving:
   (0.0s) symmetry computation started: requiring (bin +, int +, cont +), (fixed: bin -, int -, cont -)
   (0.0s) no symmetry present (symcode time: 0.00)
presolving (0 rounds: 0 fast, 0 medium, 0 exhaustive):
 0 deleted vars, 0 deleted constraints, 0 added constraints, 0 tightened bounds, 0 added holes, 0 changed sides, 0 changed coefficients
 0 implications, 0 cliques, 0 implied integral variables (0 bin, 0 int, 0 cont)
presolved problem has 200 variables (190 bin, 0 int, 10 cont) and 2290 constraints
   2290 constraints of type <linear>
Presolving Time: 0.00
transformed 1/1 original solutions to the transformed problem space

 time | node  | left  |LP iter|LP it/n|mem/heur|mdpt |vars |cons |rows |cuts |sepa|confs|strbr|  dualbound   | primalbound  |  gap   | compl. 
p 0.0s|     1 |     0 |     2 |     - |   locks|   0 | 200 |2290 |2290 |   0 |  0 |   0 |   0 | 2.180000e+02 |-3.493000e+02 |    Inf | unknown
* 0.0s|     1 |     0 |   120 |     - |    LP  |   0 | 200 |2290 |2290 |   0 |  0 |   0 |   0 |-1.655342e+02 |-1.655342e+02 |   0.00%| unknown
  0.0s|     1 |     0 |   120 |     - |    10M |   0 | 200 |2290 |2290 |   0 |  0 |   0 |   0 |-1.655342e+02 |-1.655342e+02 |   0.00%| unknown

SCIP Status        : problem is solved [optimal solution found]
Solving Time (sec) : 0.01
Solving Nodes      : 1
Primal Bound       : -1.65534210526316e+02 (4 solutions)
Dual Bound         : -1.65534210526316e+02
Gap                : 0.00 %
  [linear] <c2291>: <x191>[C] (+34.0526316) -0.597368421<x1>[B] (+0) -0.597368421<x2>[B] (+1) -0.597368421<x3>[B] (+0) -0.597368421<x4>[B] (+0) -0.597368421<x5>[B] (+0) -0.597368421<x6>[B] (+0) -0.597368421<x7>[B] (+0) -0.597368421<x8>[B] (+0) -0.597368421<x9>[B] (+0) +0.597368421<x10>[B] (+0) +0.597368421<x11>[B] (+0) +0.597368421<x12>[B] (+0) +0.597368421<x13>[B] (+0) -0.597368421<x14>[B] (+0) +0.597368421<x15>[B] (+0) +0.597368421<x16>[B] (+0) -0.597368421<x17>[B] (+0) +0.597368421<x18>[B] (+0) +0.597368421<x19>[B] (+0) -0.597368421<x20>[B] (+1) -0.597368421<x21>[B] (+1) -0.597368421<x22>[B] (+1) -0.597368421<x23>[B] (+0) -0.597368421<x24>[B] (+1) -0.597368421<x25>[B] (+1) +0.597368421<x26>[B] (+0) -0.597368421<x27>[B] (+1) +0.597368421<x28>[B] (+1) +0.597368421<x29>[B] (+1) +0.597368421<x30>[B] (+1) +0.597368421<x31>[B] (+1) -0.597368421<x32>[B] (+1) +0.597368421<x33>[B] (+1) +0.597368421<x34>[B] (+1) -0.597368421<x35>[B] (+1) +0.597368421<x36>[B] (+1) +0.597368421<x37>[B] (+1) +0.597368421<x38>[B] (+0) +0.597368421<x39>[B] (+0) +0.597368421<x40>[B] (+0) +0.597368421<x41>[B] (+0) +0.597368421<x42>[B] (+0) +0.597368421<x43>[B] (+0) -0.597368421<x44>[B] (+0) +0.597368421<x45>[B] (+0) +0.597368421<x46>[B] (+0) +0.597368421<x47>[B] (+0) +0.597368421<x48>[B] (+0) +0.597368421<x49>[B] (+0) +0.597368421<x50>[B] (+0) +0.597368421<x51>[B] (+0) +0.597368421<x52>[B] (+0) +0.597368421<x53>[B] (+0) +0.597368421<x54>[B] (+0) +0.597368421<x55>[B] (+1) +0.597368421<x56>[B] (+0) -0.597368421<x57>[B] (+1) -0.597368421<x58>[B] (+1) +0.597368421<x59>[B] (+0) -0.597368421<x60>[B] (+1) +0.597368421<x61>[B] (+0) +0.597368421<x62>[B] (+1) +0.597368421<x63>[B] (+1) +0.597368421<x64>[B] (+1) -0.597368421<x65>[B] (+1) +0.597368421<x66>[B] (+0) +0.597368421<x67>[B] (+1) -0.597368421<x68>[B] (+1) +0.597368421<x69>[B] (+1) +0.597368421<x70>[B] (+0) +0.597368421<x71>[B] (+0) -0.597368421<x72>[B] (+1) -0.597368421<x73>[B] (+1) +0.597368421<x74>[B] (+0) -0.597368421<x75>[B] (+1) +0.597368421<x76>[B] (+0) +0.597368421<x77>[B] (+1) +0.597368421<x78>[B] (+1) +0.597368421<x79>[B] (+0) -0.597368421<x80>[B] (+1) +0.597368421<x81>[B] (+0) +0.597368421<x82>[B] (+1) -0.597368421<x83>[B] (+1) +0.597368421<x84>[B] (+1) +0.597368421<x85>[B] (+0) -0.597368421<x86>[B] (+1) -0.597368421<x87>[B] (+1) +0.597368421<x88>[B] (+0) -0.597368421<x89>[B] (+1) +0.597368421<x90>[B] (+1) +0.597368421<x91>[B] (+1) +0.597368421<x92>[B] (+1) +0.597368421<x93>[B] (+1) -0.597368421<x94>[B] (+1) +0.597368421<x95>[B] (+1) +0.597368421<x96>[B] (+1) -0.597368421<x97>[B] (+1) +0.597368421<x98>[B] (+1) +0.597368421<x99>[B] (+1) -0.597368421<x100>[B] (+0) +0.597368421<x101>[B] (+0) -0.597368421<x102>[B] (+1) +0.597368421<x103>[B] (+0) +0.597368421<x104>[B] (+1) +0.597368421<x105>[B] (+0) +0.597368421<x106>[B] (+0) -0.597368421<x107>[B] (+1) +0.597368421<x108>[B] (+0) +0.597368421<x109>[B] (+1) -0.597368421<x110>[B] (+1) +0.597368421<x111>[B] (+1) +0.597368421<x112>[B] (+0) +0.597368421<x113>[B] (+0) -0.597368421<x114>[B] (+1) +0.597368421<x115>[B] (+0) +0.597368421<x116>[B] (+1) +0.597368421<x117>[B] (+1) +0.597368421<x118>[B] (+0) +0.597368421<x119>[B] (+1) +0.597368421<x120>[B] (+0) +0.597368421<x121>[B] (+1) +0.597368421<x122>[B] (+1) +0.597368421<x123>[B] (+1) +0.597368421<x124>[B] (+0) -0.597368421<x125>[B] (+1) +0.597368421<x126>[B] (+1) +0.597368421<x127>[B] (+1) +0.597368421<x128>[B] (+1) +0.597368421<x129>[B] (+1) -0.597368421<x130>[B] (+1) +0.597368421<x131>[B] (+1) +0.597368421<x132>[B] (+1) -0.597368421<x133>[B] (+1) +0.597368421<x134>[B] (+1) +0.597368421<x135>[B] (+1) +0.597368421<x136>[B] (+0) +0.597368421<x137>[B] (+1) +0.597368421<x138>[B] (+0) +0.597368421<x139>[B] (+0) +0.597368421<x140>[B] (+0) +0.597368421<x141>[B] (+0) +0.597368421<x142>[B] (+1) +0.597368421<x143>[B] (+0) +0.597368421<x144>[B] (+0) +0.597368421<x145>[B] (+0) +0.597368421<x146>[B] (+1) +0.597368421<x147>[B] (+1) -0.597368421<x148>[B] (+1) -0.597368421<x149>[B] (+1) -0.597368421<x150>[B] (+0) -0.597368421<x151>[B] (+1) -0.597368421<x152>[B] (+1) +0.597368421<x153>[B] (+1) +0.597368421<x154>[B] (+0) +0.597368421<x155>[B] (+0) -0.597368421<x156>[B] (+0) -0.597368421<x157>[B] (+0) -0.597368421<x158>[B] (+0) -0.597368421<x159>[B] (+1) -0.597368421<x160>[B] (+0) +0.597368421<x161>[B] (+0) -0.597368421<x162>[B] (+0) -0.597368421<x163>[B] (+0) -0.597368421<x164>[B] (+1) -0.597368421<x165>[B] (+0) -0.597368421<x166>[B] (+1) -0.597368421<x167>[B] (+1) -0.597368421<x168>[B] (+1) -0.597368421<x169>[B] (+0) -0.597368421<x170>[B] (+1) +0.597368421<x171>[B] (+0) +0.597368421<x172>[B] (+1) -0.597368421<x173>[B] (+1) +0.597368421<x174>[B] (+1) +0.597368421<x175>[B] (+0) +0.597368421<x176>[B] (+0) +0.597368421<x177>[B] (+1) +0.597368421<x178>[B] (+0) +0.597368421<x179>[B] (+0) +0.597368421<x180>[B] (+0) -0.597368421<x181>[B] (+1) -0.597368421<x182>[B] (+1) +0.597368421<x183>[B] (+1) +0.597368421<x184>[B] (+0) -0.597368421<x185>[B] (+0) +0.597368421<x186>[B] (+0) +0.597368421<x187>[B] (+0) +0.597368421<x188>[B] (+0) +0.597368421<x189>[B] (+0) -0.597368421<x190>[B] (+0) >= 38.9789473684211;
;
violation: left hand side is violated by 0.147368421052676
  [linear] <c2295>: <x196>[C] (+19.3921053) -0.581578947<x1>[B] (+1) -0.581578947<x2>[B] (+0) +0.581578947<x3>[B] (+1) +0.581578947<x4>[B] (+1) +0.581578947<x5>[B] (+1) -0.581578947<x6>[B] (+1) -0.581578947<x7>[B] (+1) +0.581578947<x8>[B] (+1) -0.581578947<x9>[B] (+0) -0.581578947<x10>[B] (+1) -0.581578947<x11>[B] (+1) -0.581578947<x12>[B] (+1) -0.581578947<x13>[B] (+1) +0.581578947<x14>[B] (+0) -0.581578947<x15>[B] (+1) +0.581578947<x16>[B] (+1) +0.581578947<x17>[B] (+1) -0.581578947<x18>[B] (+1) -0.581578947<x19>[B] (+1) +0.581578947<x20>[B] (+0) +0.581578947<x21>[B] (+0) +0.581578947<x22>[B] (+0) +0.581578947<x23>[B] (+1) +0.581578947<x24>[B] (+0) +0.581578947<x25>[B] (+0) +0.581578947<x26>[B] (+1) +0.581578947<x27>[B] (+0) +0.581578947<x28>[B] (+1) +0.581578947<x29>[B] (+0) -0.581578947<x30>[B] (+0) +0.581578947<x31>[B] (+0) +0.581578947<x32>[B] (+0) +0.581578947<x33>[B] (+0) +0.581578947<x34>[B] (+0) +0.581578947<x35>[B] (+0) -0.581578947<x36>[B] (+0) +0.581578947<x37>[B] (+1) +0.581578947<x38>[B] (+1) +0.581578947<x39>[B] (+1) +0.581578947<x40>[B] (+1) -0.581578947<x41>[B] (+1) -0.581578947<x42>[B] (+1) +0.581578947<x43>[B] (+1) -0.581578947<x44>[B] (+1) -0.581578947<x45>[B] (+1) -0.581578947<x46>[B] (+1) -0.581578947<x47>[B] (+1) +0.581578947<x48>[B] (+1) +0.581578947<x49>[B] (+1) +0.581578947<x50>[B] (+1) +0.581578947<x51>[B] (+1) +0.581578947<x52>[B] (+1) -0.581578947<x53>[B] (+1) +0.581578947<x54>[B] (+1) +0.581578947<x55>[B] (+0) +0.581578947<x56>[B] (+1) -0.581578947<x57>[B] (+0) -0.581578947<x58>[B] (+0) +0.581578947<x59>[B] (+1) -0.581578947<x60>[B] (+0) -0.581578947<x61>[B] (+1) -0.581578947<x62>[B] (+1) -0.581578947<x63>[B] (+1) -0.581578947<x64>[B] (+1) +0.581578947<x65>[B] (+0) -0.581578947<x66>[B] (+1) -0.581578947<x67>[B] (+0) +0.581578947<x68>[B] (+0) -0.581578947<x69>[B] (+0) -0.581578947<x70>[B] (+1) +0.581578947<x71>[B] (+1) -0.581578947<x72>[B] (+0) -0.581578947<x73>[B] (+0) -0.581578947<x74>[B] (+1) -0.581578947<x75>[B] (+0) -0.581578947<x76>[B] (+1) -0.581578947<x77>[B] (+1) -0.581578947<x78>[B] (+1) -0.581578947<x79>[B] (+1) -0.581578947<x80>[B] (+0) -0.581578947<x81>[B] (+1) -0.581578947<x82>[B] (+0) -0.581578947<x83>[B] (+0) -0.581578947<x84>[B] (+0) -0.581578947<x85>[B] (+1) -0.581578947<x86>[B] (+0) -0.581578947<x87>[B] (+0) -0.581578947<x88>[B] (+1) -0.581578947<x89>[B] (+0) -0.581578947<x90>[B] (+1) -0.581578947<x91>[B] (+0) -0.581578947<x92>[B] (+0) -0.581578947<x93>[B] (+0) -0.581578947<x94>[B] (+0) -0.581578947<x95>[B] (+0) -0.581578947<x96>[B] (+0) -0.581578947<x97>[B] (+0) -0.581578947<x98>[B] (+0) -0.581578947<x99>[B] (+1) +0.581578947<x100>[B] (+1) +0.581578947<x101>[B] (+1) -0.581578947<x102>[B] (+0) +0.581578947<x103>[B] (+1) -0.581578947<x104>[B] (+1) -0.581578947<x105>[B] (+1) +0.581578947<x106>[B] (+1) +0.581578947<x107>[B] (+0) +0.581578947<x108>[B] (+1) +0.581578947<x109>[B] (+1) +0.581578947<x110>[B] (+1) -0.581578947<x111>[B] (+1) +0.581578947<x112>[B] (+1) +0.581578947<x113>[B] (+1) -0.581578947<x114>[B] (+0) -0.581578947<x115>[B] (+1) -0.581578947<x116>[B] (+1) -0.581578947<x117>[B] (+1) +0.581578947<x118>[B] (+1) +0.581578947<x119>[B] (+0) +0.581578947<x120>[B] (+1) +0.581578947<x121>[B] (+1) +0.581578947<x122>[B] (+1) -0.581578947<x123>[B] (+1) +0.581578947<x124>[B] (+1) -0.581578947<x125>[B] (+0) -0.581578947<x126>[B] (+0) -0.581578947<x127>[B] (+0) -0.581578947<x128>[B] (+0) -0.581578947<x129>[B] (+0) -0.581578947<x130>[B] (+0) -0.581578947<x131>[B] (+0) -0.581578947<x132>[B] (+0) -0.581578947<x133>[B] (+0) -0.581578947<x134>[B] (+0) -0.581578947<x135>[B] (+1) +0.581578947<x136>[B] (+1) -0.581578947<x137>[B] (+1) -0.581578947<x138>[B] (+1) +0.581578947<x139>[B] (+1) +0.581578947<x140>[B] (+1) +0.581578947<x141>[B] (+1) +0.581578947<x142>[B] (+1) +0.581578947<x143>[B] (+1) -0.581578947<x144>[B] (+1) +0.581578947<x145>[B] (+1) -0.581578947<x146>[B] (+0) -0.581578947<x147>[B] (+0) +0.581578947<x148>[B] (+0) +0.581578947<x149>[B] (+0) +0.581578947<x150>[B] (+0) +0.581578947<x151>[B] (+0) +0.581578947<x152>[B] (+0) -0.581578947<x153>[B] (+0) +0.581578947<x154>[B] (+1) -0.581578947<x155>[B] (+1) +0.581578947<x156>[B] (+1) +0.581578947<x157>[B] (+0) +0.581578947<x158>[B] (+1) +0.581578947<x159>[B] (+0) +0.581578947<x160>[B] (+0) -0.581578947<x161>[B] (+0) +0.581578947<x162>[B] (+1) +0.581578947<x163>[B] (+1) +0.581578947<x164>[B] (+0) +0.581578947<x165>[B] (+1) +0.581578947<x166>[B] (+0) +0.581578947<x167>[B] (+0) +0.581578947<x168>[B] (+0) +0.581578947<x169>[B] (+1) +0.581578947<x170>[B] (+0) -0.581578947<x171>[B] (+1) +0.581578947<x172>[B] (+0) +0.581578947<x173>[B] (+0) -0.581578947<x174>[B] (+0) +0.581578947<x175>[B] (+1) -0.581578947<x176>[B] (+1) -0.581578947<x177>[B] (+1) +0.581578947<x178>[B] (+1) -0.581578947<x179>[B] (+1) -0.581578947<x180>[B] (+1) +0.581578947<x181>[B] (+0) +0.581578947<x182>[B] (+0) -0.581578947<x183>[B] (+0) +0.581578947<x184>[B] (+1) +0.581578947<x185>[B] (+1) -0.581578947<x186>[B] (+1) -0.581578947<x187>[B] (+1) -0.581578947<x188>[B] (+1) -0.581578947<x189>[B] (+1) +0.581578947<x190>[B] (+1) >= 20.7921052631579;
;
violation: left hand side is violated by 0.236842105263165
2/4 feasible solutions given by solution candidate storage, new primal bound -1.000058e+06

presolving:
   (0.0s) symmetry computation started: requiring (bin +, int +, cont +), (fixed: bin -, int -, cont -)
   (0.0s) no symmetry present (symcode time: 0.00)
presolving (0 rounds: 0 fast, 0 medium, 0 exhaustive):
 0 deleted vars, 0 deleted constraints, 0 added constraints, 0 tightened bounds, 0 added holes, 0 changed sides, 0 changed coefficients
 0 implications, 0 cliques, 0 implied integral variables (0 bin, 0 int, 0 cont)
presolved problem has 200 variables (190 bin, 0 int, 10 cont) and 2299 constraints
   2299 constraints of type <linear>
Presolving Time: 0.00
transformed 2/2 original solutions to the transformed problem space

 time | node  | left  |LP iter|LP it/n|mem/heur|mdpt |vars |cons |rows |cuts |sepa|confs|strbr|  dualbound   | primalbound  |  gap   | compl. 
p 0.0s|     1 |     0 |     4 |     - |   locks|   0 | 200 |2299 |2299 |   0 |  0 |   0 |   0 | 2.180000e+02 |-3.486368e+02 |    Inf | unknown
* 0.0s|     1 |     0 |   148 |     - |    LP  |   0 | 200 |2299 |2299 |   0 |  0 |   0 |   0 |-1.664605e+02 |-1.664605e+02 |   0.00%| unknown
  0.0s|     1 |     0 |   148 |     - |    11M |   0 | 200 |2299 |2299 |   0 |  0 |   0 |   0 |-1.664605e+02 |-1.664605e+02 |   0.00%| unknown

SCIP Status        : problem is solved [optimal solution found]
Solving Time (sec) : 0.02
Solving Nodes      : 1
Primal Bound       : -1.66460526315789e+02 (4 solutions)
Dual Bound         : -1.66460526315789e+02
Gap                : 0.00 %
