Loading instance...
Median ranking: [10, 5, 19, 6, 1, 9, 7, 8, 20, 17, 12, 13, 2, 16, 3, 18, 15, 14, 11, 4]
Mean ranking: [5, 19, 10, 6, 1, 9, 17, 8, 12, 2, 7, 13, 20, 16, 3, 18, 15, 14, 11, 4]
Actual error: 0.0016039513213412793
Weighted Kendall distance: 163.0
Normalized distance: 0.06127819548872181
sides, 0 chg coeffs, 0 upgd conss, 0 impls, 0 clqs, 0 implints
   (0.0s) symmetry computation started: requiring (bin +, int +, cont +), (fixed: bin -, int -, cont -)
   (0.0s) no symmetry present (symcode time: 0.00)
presolving (2 rounds: 2 fast, 2 medium, 1 exhaustive):
 0 deleted vars, 2280 deleted constraints, 1140 added constraints, 0 tightened bounds, 0 added holes, 0 changed sides, 0 changed coefficients
 0 implications, 0 cliques, 0 implied integral variables (0 bin, 0 int, 0 cont)
presolved problem has 190 variables (0 bin, 0 int, 190 cont) and 1140 constraints
   1140 constraints of type <linear>
Presolving Time: 0.01
transformed 3/3 original solutions to the transformed problem space

 time | node  | left  |LP iter|LP it/n|mem/heur|mdpt |vars |cons |rows |cuts |sepa|confs|strbr|  dualbound   | primalbound  |  gap   | compl. 
* 0.0s|     1 |     0 |    29 |     - |    LP  |   0 | 190 |1140 |1140 |   0 |  0 |   0 |   0 | 3.000000e+02 | 3.000000e+02 |   0.00%| unknown
  0.0s|     1 |     0 |    29 |     - |  7668k |   0 | 190 |1140 |1140 |   0 |  0 |   0 |   0 | 3.000000e+02 | 3.000000e+02 |   0.00%| unknown

SCIP Status        : problem is solved [optimal solution found]
Solving Time (sec) : 0.02
Solving Nodes      : 1
Primal Bound       : +3.00000000000000e+02 (4 solutions)
Dual Bound         : +3.00000000000000e+02
Gap                : 0.00 %
feasible solution found by trivial heuristic after 0.0 seconds, objective value 3.600000e+01
presolving:
   (0.0s) running MILP presolver
   (0.0s) MILP presolver (2 rounds): 0 aggregations, 0 fixings, 0 bound changes
(round 1, medium)     0 del vars, 2280 del conss, 1140 add conss, 0 chg bounds, 0 chg sides, 0 chg coeffs, 0 upgd conss, 0 impls, 0 clqs, 0 implints
   (0.0s) probing: 51/190 (26.8%) - 0 fixings, 0 aggregations, 0 implications, 0 bound changes
   (0.0s) probing aborted: 50/50 successive totally useless probings
   (0.0s) symmetry computation started: requiring (bin +, int +, cont +), (fixed: bin -, int -, cont -)
   (0.0s) no symmetry present (symcode time: 0.00)
presolving (2 rounds: 2 fast, 2 medium, 1 exhaustive):
 0 deleted vars, 2280 deleted constraints, 1140 added constraints, 0 tightened bounds, 0 added holes, 0 changed sides, 0 changed coefficients
 0 implications, 0 cliques, 0 implied integral variables (0 bin, 0 int, 0 cont)
presolved problem has 190 variables (190 bin, 0 int, 0 cont) and 1140 constraints
   1140 constraints of type <linear>
transformed objective value is always integral (scale: 2)
Presolving Time: 0.01
transformed 2/2 original solutions to the transformed problem space

 time | node  | left  |LP iter|LP it/n|mem/heur|mdpt |vars |cons |rows |cuts |sepa|confs|strbr|  dualbound   | primalbound  |  gap   | compl. 
p 0.0s|     1 |     0 |     0 |     - |   locks|   0 | 190 |1140 |1140 |   0 |  0 |   0 |   0 | 3.100000e+02 | 1.200000e+02 | 158.33%| unknown
i 0.0s|     1 |     0 |     0 |     - |  oneopt|   0 | 190 |1140 |1140 |   0 |  0 |   0 |   0 | 3.100000e+02 | 2.420000e+02 |  28.10%| unknown
* 0.0s|     1 |     0 |    29 |     - |    LP  |   0 | 190 |1140 |1140 |   0 |  0 |   0 |   0 | 3.000000e+02 | 3.000000e+02 |   0.00%| unknown
  0.0s|     1 |     0 |    29 |     - |  7835k |   0 | 190 |1140 |1140 |   0 |  0 |   0 |   0 | 3.000000e+02 | 3.000000e+02 |   0.00%| unknown

SCIP Status        : problem is solved [optimal solution found]
Solving Time (sec) : 0.02
Solving Nodes      : 1
Primal Bound       : +3.00000000000000e+02 (5 solutions)
Dual Bound         : +3.00000000000000e+02
Gap                : 0.00 %
feasible solution found by trivial heuristic after 0.0 seconds, objective value -9.999640e+05
presolving:
(round 1, fast)       0 del vars, 0 del conss, 0 add conss, 20 chg bounds, 0 chg sides, 0 chg coeffs, 0 upgd conss, 0 impls, 0 clqs, 0 implints
   (0.3s) running MILP presolver
   (0.4s) MILP presolver (2 rounds): 0 aggregations, 0 fixings, 0 bound changes
(round 2, medium)     0 del vars, 4180 del conss, 3040 add conss, 20 chg bounds, 0 chg sides, 0 chg coeffs, 0 upgd conss, 0 impls, 0 clqs, 0 implints
   (0.6s) symmetry computation started: requiring (bin +, int +, cont +), (fixed: bin -, int -, cont -)
   (0.7s) no symmetry present (symcode time: 0.01)
presolving (3 rounds: 3 fast, 2 medium, 1 exhaustive):
 0 deleted vars, 4180 deleted constraints, 3040 added constraints, 20 tightened bounds, 0 added holes, 0 changed sides, 0 changed coefficients
 0 implications, 0 cliques, 0 implied integral variables (0 bin, 0 int, 0 cont)
presolved problem has 200 variables (0 bin, 0 int, 200 cont) and 3040 constraints
   3040 constraints of type <linear>
Presolving Time: 0.71

 time | node  | left  |LP iter|LP it/n|mem/heur|mdpt |vars |cons |rows |cuts |sepa|confs|strbr|  dualbound   | primalbound  |  gap   | compl. 
t 0.8s|     1 |     0 |     0 |     - | trivial|   0 | 200 |3040 |   0 |   0 |  0 |   0 |   0 | 3.100000e+02 |-9.140000e+02 |    Inf | unknown
* 0.9s|     1 |     0 |   267 |     - |    LP  |   0 | 200 |3040 |3040 |   0 |  0 |   0 |   0 |-1.050945e+02 |-1.050945e+02 |   0.00%| unknown
  0.9s|     1 |     0 |   267 |     - |   221M |   0 | 200 |3040 |3040 |   0 |  0 |   0 |   0 |-1.050945e+02 |-1.050945e+02 |   0.00%| unknown

SCIP Status        : problem is solved [optimal solution found]
Solving Time (sec) : 0.86
Solving Nodes      : 1
Primal Bound       : -1.05094517543860e+02 (3 solutions)
Dual Bound         : -1.05094517543860e+02
Gap                : 0.00 %
feasible solution found by trivial heuristic after 0.0 seconds, objective value -9.999640e+05
presolving:
(round 1, fast)       0 del vars, 0 del conss, 0 add conss, 20 chg bounds, 0 chg sides, 0 chg coeffs, 0 upgd conss, 0 impls, 0 clqs, 0 implints
   (0.2s) running MILP presolver
   (0.3s) MILP presolver (2 rounds): 0 aggregations, 0 fixings, 0 bound changes
(round 2, medium)     0 del vars, 4180 del conss, 3040 add conss, 20 chg bounds, 0 chg sides, 0 chg coeffs, 0 upgd conss, 0 impls, 0 clqs, 0 implints
   (0.6s) probing: 51/190 (26.8%) - 0 fixings, 0 aggregations, 0 implications, 0 bound changes
   (0.6s) probing aborted: 50/50 successive totally useless probings
   (0.6s) symmetry computation started: requiring (bin +, int +, cont +), (fixed: bin -, int -, cont -)
   (0.7s) no symmetry present (symcode time: 0.01)
presolving (3 rounds: 3 fast, 2 medium, 1 exhaustive):
 0 deleted vars, 4180 deleted constraints, 3040 added constraints, 20 tightened bounds, 0 added holes, 0 changed sides, 0 changed coefficients
 0 implications, 0 cliques, 0 implied integral variables (0 bin, 0 int, 0 cont)
presolved problem has 200 variables (190 bin, 0 int, 10 cont) and 3040 constraints
   3040 constraints of type <linear>
Presolving Time: 0.70

 time | node  | left  |LP iter|LP it/n|mem/heur|mdpt |vars |cons |rows |cuts |sepa|confs|strbr|  dualbound   | primalbound  |  gap   | compl. 
t 0.7s|     1 |     0 |     0 |     - | trivial|   0 | 200 |3040 |   0 |   0 |  0 |   0 |   0 | 3.100000e+02 |-9.140000e+02 |    Inf | unknown
p 0.9s|     1 |     0 |    10 |     - |   locks|   0 | 200 |3040 |3040 |   0 |  0 |   0 |   0 | 3.100000e+02 |-3.617211e+02 |    Inf | unknown
  0.9s|     1 |     0 |   277 |     - |   222M |   0 | 200 |3040 |3040 |   0 |  0 |   0 |   0 |-1.050945e+02 |-3.617211e+02 | 244.19%| unknown
r 1.0s|     1 |     0 |   277 |     - |shifting|   0 | 200 |3040 |3040 |   0 |  0 |   0 |   0 |-1.050945e+02 |-1.158351e+02 |  10.22%| unknown
  1.0s|     1 |     0 |   278 |     - |   223M |   0 | 200 |3040 |3041 |   1 |  1 |   0 |   0 |-1.050947e+02 |-1.158351e+02 |  10.22%| unknown
d 1.0s|     1 |     0 |   278 |     - |farkasdi|   0 | 200 |3040 |3041 |   0 |  2 |   0 |   0 |-1.050947e+02 |-1.050947e+02 |   0.00%| unknown
  1.0s|     1 |     0 |   278 |     - |   223M |   0 | 200 |3040 |3041 |   1 |  2 |   0 |   0 |-1.050947e+02 |-1.050947e+02 |   0.00%| unknown

SCIP Status        : problem is solved [optimal solution found]
Solving Time (sec) : 1.00
Solving Nodes      : 1
Primal Bound       : -1.05094736842105e+02 (5 solutions)
Dual Bound         : -1.05094736842105e+02
Gap                : 0.00 %
feasible solution found by trivial heuristic after 0.0 seconds, objective value 0.000000e+00
presolving:
   (0.0s) symmetry computation started: requiring (bin +, int +, cont +), (fixed: bin -, int -, cont -)
   (0.0s) symmetry computation finished: 9 generators found (max: 1500, log10 of symmetry group size: 6.56) (symcode time: 0.00)
dynamic symmetry handling statistics:
   orbitopal reduction:       no components
   orbital reduction:         no components
   lexicographic reduction:   no permutations
handled 1 out of 1 symmetry components
presolving (0 rounds: 0 fast, 0 medium, 0 exhaustive):
 0 deleted vars, 0 deleted constraints, 0 added constraints, 0 tightened bounds, 0 added holes, 0 changed sides, 0 changed coefficients
 0 implications, 0 cliques, 0 implied integral variables (0 bin, 0 int, 0 cont)
presolved problem has 200 variables (190 bin, 0 int, 10 cont) and 2289 constraints
   2289 constraints of type <linear>
Presolving Time: 0.00
transformed 2/2 original solutions to the transformed problem space

 time | node  | left  |LP iter|LP it/n|mem/heur|mdpt |vars |cons |rows |cuts |sepa|confs|strbr|  dualbound   | primalbound  |  gap   | compl. 
t 0.0s|     1 |     0 |     0 |     - | trivial|   0 | 200 |2280 |   0 |   0 |  0 |   0 |   0 | 3.100000e+02 | 3.600000e+01 | 761.11%| unknown
p 0.0s|     1 |     0 |     0 |     - |   locks|   0 | 200 |2280 |2280 |   0 |  0 |   0 |   0 | 3.100000e+02 | 7.200000e+01 | 330.56%| unknown
i 0.0s|     1 |     0 |     0 |     - |  oneopt|   0 | 200 |2280 |2280 |   0 |  0 |   0 |   0 | 3.100000e+02 | 1.840000e+02 |  68.48%| unknown
* 0.0s|     1 |     0 |    29 |     - |    LP  |   0 | 200 |2280 |2280 |   0 |  0 |   0 |   0 | 3.000000e+02 | 3.000000e+02 |   0.00%| unknown
  0.0s|     1 |     0 |    29 |     - |  9636k |   0 | 200 |2280 |2280 |   0 |  0 |   0 |   0 | 3.000000e+02 | 3.000000e+02 |   0.00%| unknown

SCIP Status        : problem is solved [optimal solution found]
Solving Time (sec) : 0.01
Solving Nodes      : 1
Primal Bound       : +3.00000000000000e+02 (6 solutions)
Dual Bound         : +3.00000000000000e+02
Gap                : 0.00 %
  [linear] <c2281>: <x191>[C] (+0) -0.602631579<x1>[B] (+1) -0.602631579<x2>[B] (+1) +0.602631579<x3>[B] (+1) -0.602631579<x4>[B] (+0) +0.602631579<x5>[B] (+0) +0.602631579<x6>[B] (+1) +0.602631579<x7>[B] (+1) +0.602631579<x8>[B] (+1) +0.602631579<x9>[B] (+0) +0.602631579<x10>[B] (+1) +0.602631579<x11>[B] (+1) +0.602631579<x12>[B] (+1) -0.602631579<x13>[B] (+1) -0.602631579<x14>[B] (+1) -0.602631579<x15>[B] (+1) +0.602631579<x16>[B] (+1) +0.602631579<x17>[B] (+1) +0.602631579<x18>[B] (+0) -0.602631579<x19>[B] (+1) -0.602631579<x20>[B] (+1) +0.602631579<x21>[B] (+1) -0.602631579<x22>[B] (+0) +0.602631579<x23>[B] (+0) +0.602631579<x24>[B] (+0) +0.602631579<x25>[B] (+0) +0.602631579<x26>[B] (+0) +0.602631579<x27>[B] (+0) +0.602631579<x28>[B] (+1) +0.602631579<x29>[B] (+0) +0.602631579<x30>[B] (+0) -0.602631579<x31>[B] (+1) -0.602631579<x32>[B] (+1) -0.602631579<x33>[B] (+1) +0.602631579<x34>[B] (+0) +0.602631579<x35>[B] (+1) +0.602631579<x36>[B] (+0) -0.602631579<x37>[B] (+0) +0.602631579<x38>[B] (+1) -0.602631579<x39>[B] (+0) +0.602631579<x40>[B] (+0) +0.602631579<x41>[B] (+0) +0.602631579<x42>[B] (+0) +0.602631579<x43>[B] (+0) +0.602631579<x44>[B] (+0) +0.602631579<x45>[B] (+1) +0.602631579<x46>[B] (+0) +0.602631579<x47>[B] (+0) -0.602631579<x48>[B] (+1) +0.602631579<x49>[B] (+1) -0.602631579<x50>[B] (+0) +0.602631579<x51>[B] (+0) +0.602631579<x52>[B] (+1) +0.602631579<x53>[B] (+0) +0.602631579<x54>[B] (+0) -0.602631579<x55>[B] (+0) +0.602631579<x56>[B] (+0) -0.602631579<x57>[B] (+0) -0.602631579<x58>[B] (+0) +0.602631579<x59>[B] (+0) -0.602631579<x60>[B] (+0) -0.602631579<x61>[B] (+0) -0.602631579<x62>[B] (+0) -0.602631579<x63>[B] (+0) -0.602631579<x64>[B] (+0) -0.602631579<x65>[B] (+0) -0.602631579<x66>[B] (+0) -0.602631579<x67>[B] (+0) -0.602631579<x68>[B] (+0) +0.602631579<x69>[B] (+0) -0.602631579<x70>[B] (+0) +0.602631579<x71>[B] (+1) +0.602631579<x72>[B] (+1) +0.602631579<x73>[B] (+1) +0.602631579<x74>[B] (+1) +0.602631579<x75>[B] (+0) +0.602631579<x76>[B] (+1) +0.602631579<x77>[B] (+1) +0.602631579<x78>[B] (+1) -0.602631579<x79>[B] (+1) +0.602631579<x80>[B] (+1) +0.602631579<x81>[B] (+1) +0.602631579<x82>[B] (+1) +0.602631579<x83>[B] (+1) +0.602631579<x84>[B] (+1) +0.602631579<x85>[B] (+1) -0.602631579<x86>[B] (+1) -0.602631579<x87>[B] (+1) -0.602631579<x88>[B] (+1) -0.602631579<x89>[B] (+0) -0.602631579<x90>[B] (+1) -0.602631579<x91>[B] (+1) -0.602631579<x92>[B] (+1) -0.602631579<x93>[B] (+1) -0.602631579<x94>[B] (+1) -0.602631579<x95>[B] (+1) -0.602631579<x96>[B] (+1) -0.602631579<x97>[B] (+1) -0.602631579<x98>[B] (+0) -0.602631579<x99>[B] (+1) -0.602631579<x100>[B] (+1) +0.602631579<x101>[B] (+0) +0.602631579<x102>[B] (+0) +0.602631579<x103>[B] (+1) +0.602631579<x104>[B] (+1) -0.602631579<x105>[B] (+1) -0.602631579<x106>[B] (+1) -0.602631579<x107>[B] (+1) -0.602631579<x108>[B] (+1) -0.602631579<x109>[B] (+1) +0.602631579<x110>[B] (+1) +0.602631579<x111>[B] (+0) -0.602631579<x112>[B] (+1) +0.602631579<x113>[B] (+0) +0.602631579<x114>[B] (+0) +0.602631579<x115>[B] (+1) +0.602631579<x116>[B] (+1) -0.602631579<x117>[B] (+1) -0.602631579<x118>[B] (+1) -0.602631579<x119>[B] (+1) -0.602631579<x120>[B] (+1) +0.602631579<x121>[B] (+1) +0.602631579<x122>[B] (+1) +0.602631579<x123>[B] (+0) -0.602631579<x124>[B] (+1) -0.602631579<x125>[B] (+0) -0.602631579<x126>[B] (+1) -0.602631579<x127>[B] (+1) -0.602631579<x128>[B] (+1) -0.602631579<x129>[B] (+1) -0.602631579<x130>[B] (+1) -0.602631579<x131>[B] (+1) -0.602631579<x132>[B] (+1) -0.602631579<x133>[B] (+1) +0.602631579<x134>[B] (+0) -0.602631579<x135>[B] (+1) -0.602631579<x136>[B] (+1) -0.602631579<x137>[B] (+1) -0.602631579<x138>[B] (+1) -0.602631579<x139>[B] (+1) -0.602631579<x140>[B] (+1) -0.602631579<x141>[B] (+1) -0.602631579<x142>[B] (+1) +0.602631579<x143>[B] (+1) +0.602631579<x144>[B] (+1) -0.602631579<x145>[B] (+1) +0.602631579<x146>[B] (+0) -0.602631579<x147>[B] (+0) -0.602631579<x148>[B] (+0) -0.602631579<x149>[B] (+0) -0.602631579<x150>[B] (+0) -0.602631579<x151>[B] (+0) +0.602631579<x152>[B] (+0) +0.602631579<x153>[B] (+0) -0.602631579<x154>[B] (+0) -0.602631579<x155>[B] (+1) -0.602631579<x156>[B] (+1) -0.602631579<x157>[B] (+1) -0.602631579<x158>[B] (+1) -0.602631579<x159>[B] (+0) +0.602631579<x160>[B] (+1) +0.602631579<x161>[B] (+0) -0.602631579<x162>[B] (+0) -0.602631579<x163>[B] (+1) -0.602631579<x164>[B] (+1) -0.602631579<x165>[B] (+1) +0.602631579<x166>[B] (+0) +0.602631579<x167>[B] (+1) +0.602631579<x168>[B] (+0) -0.602631579<x169>[B] (+0) +0.602631579<x170>[B] (+0) +0.602631579<x171>[B] (+0) +0.602631579<x172>[B] (+0) +0.602631579<x173>[B] (+0) +0.602631579<x174>[B] (+0) +0.602631579<x175>[B] (+0) -0.602631579<x176>[B] (+0) +0.602631579<x177>[B] (+0) +0.602631579<x178>[B] (+0) +0.602631579<x179>[B] (+0) +0.602631579<x180>[B] (+0) +0.602631579<x181>[B] (+0) +0.602631579<x182>[B] (+1) +0.602631579<x183>[B] (+0) +0.602631579<x184>[B] (+0) +0.602631579<x185>[B] (+1) +0.602631579<x186>[B] (+0) -0.602631579<x187>[B] (+0) +0.602631579<x188>[B] (+0) -0.602631579<x189>[B] (+0) -0.602631579<x190>[B] (+1) >= 23.3526315789474;
;
violation: left hand side is violated by 34.8026315789474
  [linear] <c2281>: <x191>[C] (+0) -0.602631579<x1>[B] (+1) -0.602631579<x2>[B] (+1) +0.602631579<x3>[B] (+1) -0.602631579<x4>[B] (+0) +0.602631579<x5>[B] (+1) +0.602631579<x6>[B] (+1) +0.602631579<x7>[B] (+1) +0.602631579<x8>[B] (+1) +0.602631579<x9>[B] (+1) +0.602631579<x10>[B] (+1) +0.602631579<x11>[B] (+1) +0.602631579<x12>[B] (+1) -0.602631579<x13>[B] (+1) -0.602631579<x14>[B] (+1) -0.602631579<x15>[B] (+1) +0.602631579<x16>[B] (+1) +0.602631579<x17>[B] (+1) +0.602631579<x18>[B] (+1) -0.602631579<x19>[B] (+1) -0.602631579<x20>[B] (+0) +0.602631579<x21>[B] (+1) -0.602631579<x22>[B] (+0) +0.602631579<x23>[B] (+0) +0.602631579<x24>[B] (+0) +0.602631579<x25>[B] (+0) +0.602631579<x26>[B] (+0) +0.602631579<x27>[B] (+0) +0.602631579<x28>[B] (+1) +0.602631579<x29>[B] (+0) +0.602631579<x30>[B] (+0) -0.602631579<x31>[B] (+0) -0.602631579<x32>[B] (+1) -0.602631579<x33>[B] (+1) +0.602631579<x34>[B] (+0) +0.602631579<x35>[B] (+0) +0.602631579<x36>[B] (+0) -0.602631579<x37>[B] (+0) +0.602631579<x38>[B] (+1) -0.602631579<x39>[B] (+0) +0.602631579<x40>[B] (+1) +0.602631579<x41>[B] (+0) +0.602631579<x42>[B] (+1) +0.602631579<x43>[B] (+0) +0.602631579<x44>[B] (+1) +0.602631579<x45>[B] (+1) +0.602631579<x46>[B] (+1) +0.602631579<x47>[B] (+0) -0.602631579<x48>[B] (+1) +0.602631579<x49>[B] (+1) -0.602631579<x50>[B] (+1) +0.602631579<x51>[B] (+0) +0.602631579<x52>[B] (+1) +0.602631579<x53>[B] (+1) +0.602631579<x54>[B] (+1) -0.602631579<x55>[B] (+0) +0.602631579<x56>[B] (+0) -0.602631579<x57>[B] (+0) -0.602631579<x58>[B] (+0) +0.602631579<x59>[B] (+0) -0.602631579<x60>[B] (+0) -0.602631579<x61>[B] (+1) -0.602631579<x62>[B] (+0) -0.602631579<x63>[B] (+0) -0.602631579<x64>[B] (+0) -0.602631579<x65>[B] (+0) -0.602631579<x66>[B] (+0) -0.602631579<x67>[B] (+0) -0.602631579<x68>[B] (+0) +0.602631579<x69>[B] (+0) -0.602631579<x70>[B] (+0) +0.602631579<x71>[B] (+1) +0.602631579<x72>[B] (+1) +0.602631579<x73>[B] (+1) +0.602631579<x74>[B] (+1) +0.602631579<x75>[B] (+1) +0.602631579<x76>[B] (+1) +0.602631579<x77>[B] (+1) +0.602631579<x78>[B] (+1) -0.602631579<x79>[B] (+1) +0.602631579<x80>[B] (+1) +0.602631579<x81>[B] (+1) +0.602631579<x82>[B] (+1) +0.602631579<x83>[B] (+1) +0.602631579<x84>[B] (+1) +0.602631579<x85>[B] (+1) -0.602631579<x86>[B] (+0) -0.602631579<x87>[B] (+1) -0.602631579<x88>[B] (+0) -0.602631579<x89>[B] (+0) -0.602631579<x90>[B] (+1) -0.602631579<x91>[B] (+1) -0.602631579<x92>[B] (+0) -0.602631579<x93>[B] (+1) -0.602631579<x94>[B] (+1) -0.602631579<x95>[B] (+1) -0.602631579<x96>[B] (+0) -0.602631579<x97>[B] (+0) -0.602631579<x98>[B] (+0) -0.602631579<x99>[B] (+1) -0.602631579<x100>[B] (+1) +0.602631579<x101>[B] (+0) +0.602631579<x102>[B] (+1) +0.602631579<x103>[B] (+1) +0.602631579<x104>[B] (+1) -0.602631579<x105>[B] (+1) -0.602631579<x106>[B] (+1) -0.602631579<x107>[B] (+1) -0.602631579<x108>[B] (+1) -0.602631579<x109>[B] (+0) +0.602631579<x110>[B] (+1) +0.602631579<x111>[B] (+1) -0.602631579<x112>[B] (+1) +0.602631579<x113>[B] (+0) +0.602631579<x114>[B] (+0) +0.602631579<x115>[B] (+1) +0.602631579<x116>[B] (+1) -0.602631579<x117>[B] (+0) -0.602631579<x118>[B] (+1) -0.602631579<x119>[B] (+1) -0.602631579<x120>[B] (+1) +0.602631579<x121>[B] (+0) +0.602631579<x122>[B] (+0) +0.602631579<x123>[B] (+0) -0.602631579<x124>[B] (+1) -0.602631579<x125>[B] (+1) -0.602631579<x126>[B] (+1) -0.602631579<x127>[B] (+1) -0.602631579<x128>[B] (+1) -0.602631579<x129>[B] (+1) -0.602631579<x130>[B] (+1) -0.602631579<x131>[B] (+1) -0.602631579<x132>[B] (+1) -0.602631579<x133>[B] (+1) +0.602631579<x134>[B] (+1) -0.602631579<x135>[B] (+1) -0.602631579<x136>[B] (+1) -0.602631579<x137>[B] (+1) -0.602631579<x138>[B] (+0) -0.602631579<x139>[B] (+1) -0.602631579<x140>[B] (+1) -0.602631579<x141>[B] (+1) -0.602631579<x142>[B] (+0) +0.602631579<x143>[B] (+0) +0.602631579<x144>[B] (+1) -0.602631579<x145>[B] (+1) +0.602631579<x146>[B] (+0) -0.602631579<x147>[B] (+0) -0.602631579<x148>[B] (+0) -0.602631579<x149>[B] (+0) -0.602631579<x150>[B] (+0) -0.602631579<x151>[B] (+0) +0.602631579<x152>[B] (+0) +0.602631579<x153>[B] (+0) -0.602631579<x154>[B] (+0) -0.602631579<x155>[B] (+0) -0.602631579<x156>[B] (+0) -0.602631579<x157>[B] (+1) -0.602631579<x158>[B] (+1) -0.602631579<x159>[B] (+0) +0.602631579<x160>[B] (+0) +0.602631579<x161>[B] (+0) -0.602631579<x162>[B] (+0) -0.602631579<x163>[B] (+1) -0.602631579<x164>[B] (+1) -0.602631579<x165>[B] (+1) +0.602631579<x166>[B] (+0) +0.602631579<x167>[B] (+1) +0.602631579<x168>[B] (+1) -0.602631579<x169>[B] (+1) +0.602631579<x170>[B] (+1) +0.602631579<x171>[B] (+1) +0.602631579<x172>[B] (+0) +0.602631579<x173>[B] (+0) +0.602631579<x174>[B] (+0) +0.602631579<x175>[B] (+1) -0.602631579<x176>[B] (+0) +0.602631579<x177>[B] (+0) +0.602631579<x178>[B] (+0) +0.602631579<x179>[B] (+0) +0.602631579<x180>[B] (+0) +0.602631579<x181>[B] (+0) +0.602631579<x182>[B] (+0) +0.602631579<x183>[B] (+0) +0.602631579<x184>[B] (+0) +0.602631579<x185>[B] (+1) +0.602631579<x186>[B] (+1) -0.602631579<x187>[B] (+1) +0.602631579<x188>[B] (+1) -0.602631579<x189>[B] (+1) -0.602631579<x190>[B] (+1) >= 23.3526315789474;
;
violation: left hand side is violated by 22.75
  [linear] <c2281>: <x191>[C] (+0) -0.602631579<x1>[B] (+1) -0.602631579<x2>[B] (+1) +0.602631579<x3>[B] (+1) -0.602631579<x4>[B] (+1) +0.602631579<x5>[B] (+1) +0.602631579<x6>[B] (+1) +0.602631579<x7>[B] (+1) +0.602631579<x8>[B] (+1) +0.602631579<x9>[B] (+1) +0.602631579<x10>[B] (+1) +0.602631579<x11>[B] (+1) +0.602631579<x12>[B] (+1) -0.602631579<x13>[B] (+1) -0.602631579<x14>[B] (+1) -0.602631579<x15>[B] (+1) +0.602631579<x16>[B] (+1) +0.602631579<x17>[B] (+1) +0.602631579<x18>[B] (+1) -0.602631579<x19>[B] (+1) -0.602631579<x20>[B] (+0) +0.602631579<x21>[B] (+0) -0.602631579<x22>[B] (+0) +0.602631579<x23>[B] (+0) +0.602631579<x24>[B] (+0) +0.602631579<x25>[B] (+1) +0.602631579<x26>[B] (+0) +0.602631579<x27>[B] (+0) +0.602631579<x28>[B] (+1) +0.602631579<x29>[B] (+0) +0.602631579<x30>[B] (+0) -0.602631579<x31>[B] (+0) -0.602631579<x32>[B] (+1) -0.602631579<x33>[B] (+1) +0.602631579<x34>[B] (+0) +0.602631579<x35>[B] (+0) +0.602631579<x36>[B] (+0) -0.602631579<x37>[B] (+0) +0.602631579<x38>[B] (+1) -0.602631579<x39>[B] (+1) +0.602631579<x40>[B] (+1) +0.602631579<x41>[B] (+1) +0.602631579<x42>[B] (+1) +0.602631579<x43>[B] (+1) +0.602631579<x44>[B] (+1) +0.602631579<x45>[B] (+1) +0.602631579<x46>[B] (+1) +0.602631579<x47>[B] (+1) -0.602631579<x48>[B] (+1) +0.602631579<x49>[B] (+1) -0.602631579<x50>[B] (+1) +0.602631579<x51>[B] (+1) +0.602631579<x52>[B] (+1) +0.602631579<x53>[B] (+1) +0.602631579<x54>[B] (+1) -0.602631579<x55>[B] (+0) +0.602631579<x56>[B] (+1) -0.602631579<x57>[B] (+0) -0.602631579<x58>[B] (+1) +0.602631579<x59>[B] (+0) -0.602631579<x60>[B] (+0) -0.602631579<x61>[B] (+1) -0.602631579<x62>[B] (+1) -0.602631579<x63>[B] (+0) -0.602631579<x64>[B] (+0) -0.602631579<x65>[B] (+1) -0.602631579<x66>[B] (+1) -0.602631579<x67>[B] (+0) -0.602631579<x68>[B] (+0) +0.602631579<x69>[B] (+1) -0.602631579<x70>[B] (+1) +0.602631579<x71>[B] (+1) +0.602631579<x72>[B] (+1) +0.602631579<x73>[B] (+1) +0.602631579<x74>[B] (+1) +0.602631579<x75>[B] (+1) +0.602631579<x76>[B] (+1) +0.602631579<x77>[B] (+1) +0.602631579<x78>[B] (+1) -0.602631579<x79>[B] (+1) +0.602631579<x80>[B] (+1) +0.602631579<x81>[B] (+1) +0.602631579<x82>[B] (+0) +0.602631579<x83>[B] (+0) +0.602631579<x84>[B] (+1) +0.602631579<x85>[B] (+1) -0.602631579<x86>[B] (+0) -0.602631579<x87>[B] (+1) -0.602631579<x88>[B] (+0) -0.602631579<x89>[B] (+0) -0.602631579<x90>[B] (+1) -0.602631579<x91>[B] (+1) -0.602631579<x92>[B] (+0) -0.602631579<x93>[B] (+0) -0.602631579<x94>[B] (+1) -0.602631579<x95>[B] (+1) -0.602631579<x96>[B] (+0) -0.602631579<x97>[B] (+0) -0.602631579<x98>[B] (+1) -0.602631579<x99>[B] (+1) -0.602631579<x100>[B] (+1) +0.602631579<x101>[B] (+1) +0.602631579<x102>[B] (+1) +0.602631579<x103>[B] (+1) +0.602631579<x104>[B] (+1) -0.602631579<x105>[B] (+1) -0.602631579<x106>[B] (+1) -0.602631579<x107>[B] (+1) -0.602631579<x108>[B] (+1) -0.602631579<x109>[B] (+0) +0.602631579<x110>[B] (+0) +0.602631579<x111>[B] (+1) -0.602631579<x112>[B] (+1) +0.602631579<x113>[B] (+0) +0.602631579<x114>[B] (+0) +0.602631579<x115>[B] (+0) +0.602631579<x116>[B] (+0) -0.602631579<x117>[B] (+0) -0.602631579<x118>[B] (+0) -0.602631579<x119>[B] (+0) -0.602631579<x120>[B] (+0) +0.602631579<x121>[B] (+0) +0.602631579<x122>[B] (+0) +0.602631579<x123>[B] (+0) -0.602631579<x124>[B] (+0) -0.602631579<x125>[B] (+1) -0.602631579<x126>[B] (+1) -0.602631579<x127>[B] (+1) -0.602631579<x128>[B] (+1) -0.602631579<x129>[B] (+1) -0.602631579<x130>[B] (+1) -0.602631579<x131>[B] (+1) -0.602631579<x132>[B] (+0) -0.602631579<x133>[B] (+0) +0.602631579<x134>[B] (+1) -0.602631579<x135>[B] (+1) -0.602631579<x136>[B] (+1) -0.602631579<x137>[B] (+1) -0.602631579<x138>[B] (+0) -0.602631579<x139>[B] (+1) -0.602631579<x140>[B] (+1) -0.602631579<x141>[B] (+1) -0.602631579<x142>[B] (+0) +0.602631579<x143>[B] (+0) +0.602631579<x144>[B] (+1) -0.602631579<x145>[B] (+1) +0.602631579<x146>[B] (+0) -0.602631579<x147>[B] (+0) -0.602631579<x148>[B] (+0) -0.602631579<x149>[B] (+0) -0.602631579<x150>[B] (+0) -0.602631579<x151>[B] (+0) +0.602631579<x152>[B] (+0) +0.602631579<x153>[B] (+0) -0.602631579<x154>[B] (+0) -0.602631579<x155>[B] (+0) -0.602631579<x156>[B] (+0) -0.602631579<x157>[B] (+1) -0.602631579<x158>[B] (+1) -0.602631579<x159>[B] (+0) +0.602631579<x160>[B] (+0) +0.602631579<x161>[B] (+0) -0.602631579<x162>[B] (+0) -0.602631579<x163>[B] (+1) -0.602631579<x164>[B] (+1) -0.602631579<x165>[B] (+1) +0.602631579<x166>[B] (+0) +0.602631579<x167>[B] (+0) +0.602631579<x168>[B] (+1) -0.602631579<x169>[B] (+1) +0.602631579<x170>[B] (+1) +0.602631579<x171>[B] (+1) +0.602631579<x172>[B] (+0) +0.602631579<x173>[B] (+0) +0.602631579<x174>[B] (+1) +0.602631579<x175>[B] (+1) -0.602631579<x176>[B] (+1) +0.602631579<x177>[B] (+0) +0.602631579<x178>[B] (+0) +0.602631579<x179>[B] (+0) +0.602631579<x180>[B] (+0) +0.602631579<x181>[B] (+0) +0.602631579<x182>[B] (+0) +0.602631579<x183>[B] (+0) +0.602631579<x184>[B] (+0) +0.602631579<x185>[B] (+1) +0.602631579<x186>[B] (+1) -0.602631579<x187>[B] (+1) +0.602631579<x188>[B] (+1) -0.602631579<x189>[B] (+1) -0.602631579<x190>[B] (+1) >= 23.3526315789474;
;
violation: left hand side is violated by 22.75
  [linear] <c2281>: <x191>[C] (+0) -0.602631579<x1>[B] (+1) -0.602631579<x2>[B] (+1) +0.602631579<x3>[B] (+1) -0.602631579<x4>[B] (+1) +0.602631579<x5>[B] (+1) +0.602631579<x6>[B] (+1) +0.602631579<x7>[B] (+1) +0.602631579<x8>[B] (+1) +0.602631579<x9>[B] (+1) +0.602631579<x10>[B] (+1) +0.602631579<x11>[B] (+1) +0.602631579<x12>[B] (+1) -0.602631579<x13>[B] (+1) -0.602631579<x14>[B] (+1) -0.602631579<x15>[B] (+1) +0.602631579<x16>[B] (+1) +0.602631579<x17>[B] (+1) +0.602631579<x18>[B] (+1) -0.602631579<x19>[B] (+1) -0.602631579<x20>[B] (+1) +0.602631579<x21>[B] (+1) -0.602631579<x22>[B] (+1) +0.602631579<x23>[B] (+1) +0.602631579<x24>[B] (+1) +0.602631579<x25>[B] (+1) +0.602631579<x26>[B] (+1) +0.602631579<x27>[B] (+1) +0.602631579<x28>[B] (+1) +0.602631579<x29>[B] (+1) +0.602631579<x30>[B] (+1) -0.602631579<x31>[B] (+1) -0.602631579<x32>[B] (+1) -0.602631579<x33>[B] (+1) +0.602631579<x34>[B] (+1) +0.602631579<x35>[B] (+1) +0.602631579<x36>[B] (+1) -0.602631579<x37>[B] (+1) +0.602631579<x38>[B] (+1) -0.602631579<x39>[B] (+1) +0.602631579<x40>[B] (+1) +0.602631579<x41>[B] (+1) +0.602631579<x42>[B] (+1) +0.602631579<x43>[B] (+1) +0.602631579<x44>[B] (+1) +0.602631579<x45>[B] (+1) +0.602631579<x46>[B] (+1) +0.602631579<x47>[B] (+1) -0.602631579<x48>[B] (+1) +0.602631579<x49>[B] (+1) -0.602631579<x50>[B] (+1) +0.602631579<x51>[B] (+1) +0.602631579<x52>[B] (+1) +0.602631579<x53>[B] (+1) +0.602631579<x54>[B] (+1) -0.602631579<x55>[B] (+1) +0.602631579<x56>[B] (+1) -0.602631579<x57>[B] (+1) -0.602631579<x58>[B] (+1) +0.602631579<x59>[B] (+1) -0.602631579<x60>[B] (+1) -0.602631579<x61>[B] (+1) -0.602631579<x62>[B] (+1) -0.602631579<x63>[B] (+1) -0.602631579<x64>[B] (+1) -0.602631579<x65>[B] (+1) -0.602631579<x66>[B] (+1) -0.602631579<x67>[B] (+1) -0.602631579<x68>[B] (+1) +0.602631579<x69>[B] (+1) -0.602631579<x70>[B] (+1) +0.602631579<x71>[B] (+1) +0.602631579<x72>[B] (+1) +0.602631579<x73>[B] (+1) +0.602631579<x74>[B] (+1) +0.602631579<x75>[B] (+1) +0.602631579<x76>[B] (+1) +0.602631579<x77>[B] (+1) +0.602631579<x78>[B] (+1) -0.602631579<x79>[B] (+1) +0.602631579<x80>[B] (+1) +0.602631579<x81>[B] (+1) +0.602631579<x82>[B] (+1) +0.602631579<x83>[B] (+1) +0.602631579<x84>[B] (+1) +0.602631579<x85>[B] (+1) -0.602631579<x86>[B] (+1) -0.602631579<x87>[B] (+1) -0.602631579<x88>[B] (+1) -0.602631579<x89>[B] (+1) -0.602631579<x90>[B] (+1) -0.602631579<x91>[B] (+1) -0.602631579<x92>[B] (+1) -0.602631579<x93>[B] (+1) -0.602631579<x94>[B] (+1) -0.602631579<x95>[B] (+1) -0.602631579<x96>[B] (+1) -0.602631579<x97>[B] (+1) -0.602631579<x98>[B] (+1) -0.602631579<x99>[B] (+1) -0.602631579<x100>[B] (+1) +0.602631579<x101>[B] (+1) +0.602631579<x102>[B] (+1) +0.602631579<x103>[B] (+1) +0.602631579<x104>[B] (+1) -0.602631579<x105>[B] (+1) -0.602631579<x106>[B] (+1) -0.602631579<x107>[B] (+1) -0.602631579<x108>[B] (+1) -0.602631579<x109>[B] (+1) +0.602631579<x110>[B] (+1) +0.602631579<x111>[B] (+1) -0.602631579<x112>[B] (+1) +0.602631579<x113>[B] (+1) +0.602631579<x114>[B] (+1) +0.602631579<x115>[B] (+1) +0.602631579<x116>[B] (+1) -0.602631579<x117>[B] (+1) -0.602631579<x118>[B] (+1) -0.602631579<x119>[B] (+1) -0.602631579<x120>[B] (+1) +0.602631579<x121>[B] (+1) +0.602631579<x122>[B] (+1) +0.602631579<x123>[B] (+1) -0.602631579<x124>[B] (+1) -0.602631579<x125>[B] (+1) -0.602631579<x126>[B] (+1) -0.602631579<x127>[B] (+1) -0.602631579<x128>[B] (+1) -0.602631579<x129>[B] (+1) -0.602631579<x130>[B] (+1) -0.602631579<x131>[B] (+1) -0.602631579<x132>[B] (+1) -0.602631579<x133>[B] (+1) +0.602631579<x134>[B] (+1) -0.602631579<x135>[B] (+1) -0.602631579<x136>[B] (+1) -0.602631579<x137>[B] (+1) -0.602631579<x138>[B] (+1) -0.602631579<x139>[B] (+1) -0.602631579<x140>[B] (+1) -0.602631579<x141>[B] (+1) -0.602631579<x142>[B] (+1) +0.602631579<x143>[B] (+1) +0.602631579<x144>[B] (+1) -0.602631579<x145>[B] (+1) +0.602631579<x146>[B] (+1) -0.602631579<x147>[B] (+1) -0.602631579<x148>[B] (+1) -0.602631579<x149>[B] (+1) -0.602631579<x150>[B] (+1) -0.602631579<x151>[B] (+1) +0.602631579<x152>[B] (+1) +0.602631579<x153>[B] (+1) -0.602631579<x154>[B] (+1) -0.602631579<x155>[B] (+1) -0.602631579<x156>[B] (+1) -0.602631579<x157>[B] (+1) -0.602631579<x158>[B] (+1) -0.602631579<x159>[B] (+1) +0.602631579<x160>[B] (+1) +0.602631579<x161>[B] (+1) -0.602631579<x162>[B] (+1) -0.602631579<x163>[B] (+1) -0.602631579<x164>[B] (+1) -0.602631579<x165>[B] (+1) +0.602631579<x166>[B] (+1) +0.602631579<x167>[B] (+1) +0.602631579<x168>[B] (+1) -0.602631579<x169>[B] (+1) +0.602631579<x170>[B] (+1) +0.602631579<x171>[B] (+1) +0.602631579<x172>[B] (+1) +0.602631579<x173>[B] (+1) +0.602631579<x174>[B] (+1) +0.602631579<x175>[B] (+1) -0.602631579<x176>[B] (+1) +0.602631579<x177>[B] (+1) +0.602631579<x178>[B] (+1) +0.602631579<x179>[B] (+1) +0.602631579<x180>[B] (+1) +0.602631579<x181>[B] (+1) +0.602631579<x182>[B] (+1) +0.602631579<x183>[B] (+1) +0.602631579<x184>[B] (+1) +0.602631579<x185>[B] (+1) +0.602631579<x186>[B] (+1) -0.602631579<x187>[B] (+1) +0.602631579<x188>[B] (+1) -0.602631579<x189>[B] (+1) -0.602631579<x190>[B] (+1) >= 23.3526315789474;
;
violation: left hand side is violated by 22.1473684210526
  [linear] <c2281>: <x191>[C] (+0) -0.602631579<x1>[B] (+0) -0.602631579<x2>[B] (+0) +0.602631579<x3>[B] (+0) -0.602631579<x4>[B] (+0) +0.602631579<x5>[B] (+0) +0.602631579<x6>[B] (+0) +0.602631579<x7>[B] (+0) +0.602631579<x8>[B] (+0) +0.602631579<x9>[B] (+0) +0.602631579<x10>[B] (+0) +0.602631579<x11>[B] (+0) +0.602631579<x12>[B] (+0) -0.602631579<x13>[B] (+0) -0.602631579<x14>[B] (+0) -0.602631579<x15>[B] (+0) +0.602631579<x16>[B] (+0) +0.602631579<x17>[B] (+0) +0.602631579<x18>[B] (+0) -0.602631579<x19>[B] (+0) -0.602631579<x20>[B] (+0) +0.602631579<x21>[B] (+0) -0.602631579<x22>[B] (+0) +0.602631579<x23>[B] (+0) +0.602631579<x24>[B] (+0) +0.602631579<x25>[B] (+0) +0.602631579<x26>[B] (+0) +0.602631579<x27>[B] (+0) +0.602631579<x28>[B] (+0) +0.602631579<x29>[B] (+0) +0.602631579<x30>[B] (+0) -0.602631579<x31>[B] (+0) -0.602631579<x32>[B] (+0) -0.602631579<x33>[B] (+0) +0.602631579<x34>[B] (+0) +0.602631579<x35>[B] (+0) +0.602631579<x36>[B] (+0) -0.602631579<x37>[B] (+0) +0.602631579<x38>[B] (+0) -0.602631579<x39>[B] (+0) +0.602631579<x40>[B] (+0) +0.602631579<x41>[B] (+0) +0.602631579<x42>[B] (+0) +0.602631579<x43>[B] (+0) +0.602631579<x44>[B] (+0) +0.602631579<x45>[B] (+0) +0.602631579<x46>[B] (+0) +0.602631579<x47>[B] (+0) -0.602631579<x48>[B] (+0) +0.602631579<x49>[B] (+0) -0.602631579<x50>[B] (+0) +0.602631579<x51>[B] (+0) +0.602631579<x52>[B] (+0) +0.602631579<x53>[B] (+0) +0.602631579<x54>[B] (+0) -0.602631579<x55>[B] (+0) +0.602631579<x56>[B] (+0) -0.602631579<x57>[B] (+0) -0.602631579<x58>[B] (+0) +0.602631579<x59>[B] (+0) -0.602631579<x60>[B] (+0) -0.602631579<x61>[B] (+0) -0.602631579<x62>[B] (+0) -0.602631579<x63>[B] (+0) -0.602631579<x64>[B] (+0) -0.602631579<x65>[B] (+0) -0.602631579<x66>[B] (+0) -0.602631579<x67>[B] (+0) -0.602631579<x68>[B] (+0) +0.602631579<x69>[B] (+0) -0.602631579<x70>[B] (+0) +0.602631579<x71>[B] (+0) +0.602631579<x72>[B] (+0) +0.602631579<x73>[B] (+0) +0.602631579<x74>[B] (+0) +0.602631579<x75>[B] (+0) +0.602631579<x76>[B] (+0) +0.602631579<x77>[B] (+0) +0.602631579<x78>[B] (+0) -0.602631579<x79>[B] (+0) +0.602631579<x80>[B] (+0) +0.602631579<x81>[B] (+0) +0.602631579<x82>[B] (+0) +0.602631579<x83>[B] (+0) +0.602631579<x84>[B] (+0) +0.602631579<x85>[B] (+0) -0.602631579<x86>[B] (+0) -0.602631579<x87>[B] (+0) -0.602631579<x88>[B] (+0) -0.602631579<x89>[B] (+0) -0.602631579<x90>[B] (+0) -0.602631579<x91>[B] (+0) -0.602631579<x92>[B] (+0) -0.602631579<x93>[B] (+0) -0.602631579<x94>[B] (+0) -0.602631579<x95>[B] (+0) -0.602631579<x96>[B] (+0) -0.602631579<x97>[B] (+0) -0.602631579<x98>[B] (+0) -0.602631579<x99>[B] (+0) -0.602631579<x100>[B] (+0) +0.602631579<x101>[B] (+0) +0.602631579<x102>[B] (+0) +0.602631579<x103>[B] (+0) +0.602631579<x104>[B] (+0) -0.602631579<x105>[B] (+0) -0.602631579<x106>[B] (+0) -0.602631579<x107>[B] (+0) -0.602631579<x108>[B] (+0) -0.602631579<x109>[B] (+0) +0.602631579<x110>[B] (+0) +0.602631579<x111>[B] (+0) -0.602631579<x112>[B] (+0) +0.602631579<x113>[B] (+0) +0.602631579<x114>[B] (+0) +0.602631579<x115>[B] (+0) +0.602631579<x116>[B] (+0) -0.602631579<x117>[B] (+0) -0.602631579<x118>[B] (+0) -0.602631579<x119>[B] (+0) -0.602631579<x120>[B] (+0) +0.602631579<x121>[B] (+0) +0.602631579<x122>[B] (+0) +0.602631579<x123>[B] (+0) -0.602631579<x124>[B] (+0) -0.602631579<x125>[B] (+0) -0.602631579<x126>[B] (+0) -0.602631579<x127>[B] (+0) -0.602631579<x128>[B] (+0) -0.602631579<x129>[B] (+0) -0.602631579<x130>[B] (+0) -0.602631579<x131>[B] (+0) -0.602631579<x132>[B] (+0) -0.602631579<x133>[B] (+0) +0.602631579<x134>[B] (+0) -0.602631579<x135>[B] (+0) -0.602631579<x136>[B] (+0) -0.602631579<x137>[B] (+0) -0.602631579<x138>[B] (+0) -0.602631579<x139>[B] (+0) -0.602631579<x140>[B] (+0) -0.602631579<x141>[B] (+0) -0.602631579<x142>[B] (+0) +0.602631579<x143>[B] (+0) +0.602631579<x144>[B] (+0) -0.602631579<x145>[B] (+0) +0.602631579<x146>[B] (+0) -0.602631579<x147>[B] (+0) -0.602631579<x148>[B] (+0) -0.602631579<x149>[B] (+0) -0.602631579<x150>[B] (+0) -0.602631579<x151>[B] (+0) +0.602631579<x152>[B] (+0) +0.602631579<x153>[B] (+0) -0.602631579<x154>[B] (+0) -0.602631579<x155>[B] (+0) -0.602631579<x156>[B] (+0) -0.602631579<x157>[B] (+0) -0.602631579<x158>[B] (+0) -0.602631579<x159>[B] (+0) +0.602631579<x160>[B] (+0) +0.602631579<x161>[B] (+0) -0.602631579<x162>[B] (+0) -0.602631579<x163>[B] (+0) -0.602631579<x164>[B] (+0) -0.602631579<x165>[B] (+0) +0.602631579<x166>[B] (+0) +0.602631579<x167>[B] (+0) +0.602631579<x168>[B] (+0) -0.602631579<x169>[B] (+0) +0.602631579<x170>[B] (+0) +0.602631579<x171>[B] (+0) +0.602631579<x172>[B] (+0) +0.602631579<x173>[B] (+0) +0.602631579<x174>[B] (+0) +0.602631579<x175>[B] (+0) -0.602631579<x176>[B] (+0) +0.602631579<x177>[B] (+0) +0.602631579<x178>[B] (+0) +0.602631579<x179>[B] (+0) +0.602631579<x180>[B] (+0) +0.602631579<x181>[B] (+0) +0.602631579<x182>[B] (+0) +0.602631579<x183>[B] (+0) +0.602631579<x184>[B] (+0) +0.602631579<x185>[B] (+0) +0.602631579<x186>[B] (+0) -0.602631579<x187>[B] (+0) +0.602631579<x188>[B] (+0) -0.602631579<x189>[B] (+0) -0.602631579<x190>[B] (+0) >= 23.3526315789474;
;
violation: left hand side is violated by 23.3526315789474
1/6 feasible solution given by solution candidate storage, new primal bound -9.999640e+05

presolving:
   (0.0s) symmetry computation started: requiring (bin +, int +, cont +), (fixed: bin -, int -, cont -)
   (0.0s) no symmetry present (symcode time: 0.00)
presolving (0 rounds: 0 fast, 0 medium, 0 exhaustive):
 0 deleted vars, 0 deleted constraints, 0 added constraints, 0 tightened bounds, 0 added holes, 0 changed sides, 0 changed coefficients
 0 implications, 0 cliques, 0 implied integral variables (0 bin, 0 int, 0 cont)
presolved problem has 200 variables (190 bin, 0 int, 10 cont) and 2290 constraints
   2290 constraints of type <linear>
Presolving Time: 0.00
transformed 1/1 original solutions to the transformed problem space

 time | node  | left  |LP iter|LP it/n|mem/heur|mdpt |vars |cons |rows |cuts |sepa|confs|strbr|  dualbound   | primalbound  |  gap   | compl. 
p 0.0s|     1 |     0 |     3 |     - |   locks|   0 | 200 |2290 |2290 |   0 |  0 |   0 |   0 | 3.100000e+02 |-3.075553e+02 |    Inf | unknown
* 0.0s|     1 |     0 |   127 |     - |    LP  |   0 | 200 |2290 |2290 |   0 |  0 |   0 |   0 |-1.044421e+02 |-1.044421e+02 |   0.00%| unknown
  0.0s|     1 |     0 |   127 |     - |    10M |   0 | 200 |2290 |2290 |   0 |  0 |   0 |   0 |-1.044421e+02 |-1.044421e+02 |   0.00%| unknown

SCIP Status        : problem is solved [optimal solution found]
Solving Time (sec) : 0.01
Solving Nodes      : 1
Primal Bound       : -1.04442105263158e+02 (4 solutions)
Dual Bound         : -1.04442105263158e+02
Gap                : 0.00 %
  [linear] <c2291>: <x191>[C] (+33.5973684) -0.592105263<x1>[B] (+1) -0.592105263<x2>[B] (+1) +0.592105263<x3>[B] (+1) -0.592105263<x4>[B] (+0) +0.592105263<x5>[B] (+0) +0.592105263<x6>[B] (+1) +0.592105263<x7>[B] (+1) +0.592105263<x8>[B] (+1) +0.592105263<x9>[B] (+0) +0.592105263<x10>[B] (+1) +0.592105263<x11>[B] (+1) +0.592105263<x12>[B] (+1) -0.592105263<x13>[B] (+1) -0.592105263<x14>[B] (+1) -0.592105263<x15>[B] (+1) +0.592105263<x16>[B] (+1) +0.592105263<x17>[B] (+1) +0.592105263<x18>[B] (+0) -0.592105263<x19>[B] (+1) -0.592105263<x20>[B] (+1) +0.592105263<x21>[B] (+1) -0.592105263<x22>[B] (+0) +0.592105263<x23>[B] (+0) +0.592105263<x24>[B] (+1) +0.592105263<x25>[B] (+0) +0.592105263<x26>[B] (+0) +0.592105263<x27>[B] (+0) +0.592105263<x28>[B] (+1) +0.592105263<x29>[B] (+0) +0.592105263<x30>[B] (+0) -0.592105263<x31>[B] (+1) -0.592105263<x32>[B] (+1) -0.592105263<x33>[B] (+1) +0.592105263<x34>[B] (+0) +0.592105263<x35>[B] (+1) +0.592105263<x36>[B] (+0) -0.592105263<x37>[B] (+0) +0.592105263<x38>[B] (+1) -0.592105263<x39>[B] (+0) +0.592105263<x40>[B] (+0) +0.592105263<x41>[B] (+0) +0.592105263<x42>[B] (+0) +0.592105263<x43>[B] (+0) +0.592105263<x44>[B] (+0) +0.592105263<x45>[B] (+1) +0.592105263<x46>[B] (+0) +0.592105263<x47>[B] (+0) -0.592105263<x48>[B] (+1) +0.592105263<x49>[B] (+1) -0.592105263<x50>[B] (+0) +0.592105263<x51>[B] (+0) +0.592105263<x52>[B] (+1) +0.592105263<x53>[B] (+0) +0.592105263<x54>[B] (+0) -0.592105263<x55>[B] (+0) +0.592105263<x56>[B] (+0) -0.592105263<x57>[B] (+0) -0.592105263<x58>[B] (+0) +0.592105263<x59>[B] (+0) -0.592105263<x60>[B] (+0) -0.592105263<x61>[B] (+0) -0.592105263<x62>[B] (+0) -0.592105263<x63>[B] (+0) -0.592105263<x64>[B] (+0) -0.592105263<x65>[B] (+0) -0.592105263<x66>[B] (+0) -0.592105263<x67>[B] (+0) -0.592105263<x68>[B] (+0) +0.592105263<x69>[B] (+0) -0.592105263<x70>[B] (+0) +0.592105263<x71>[B] (+1) +0.592105263<x72>[B] (+1) +0.592105263<x73>[B] (+1) +0.592105263<x74>[B] (+1) +0.592105263<x75>[B] (+1) +0.592105263<x76>[B] (+1) +0.592105263<x77>[B] (+1) +0.592105263<x78>[B] (+1) -0.592105263<x79>[B] (+1) +0.592105263<x80>[B] (+1) +0.592105263<x81>[B] (+1) +0.592105263<x82>[B] (+1) +0.592105263<x83>[B] (+1) +0.592105263<x84>[B] (+1) +0.592105263<x85>[B] (+1) -0.592105263<x86>[B] (+1) -0.592105263<x87>[B] (+1) -0.592105263<x88>[B] (+1) -0.592105263<x89>[B] (+0) -0.592105263<x90>[B] (+1) -0.592105263<x91>[B] (+1) -0.592105263<x92>[B] (+1) -0.592105263<x93>[B] (+1) -0.592105263<x94>[B] (+1) -0.592105263<x95>[B] (+1) -0.592105263<x96>[B] (+1) -0.592105263<x97>[B] (+1) -0.592105263<x98>[B] (+0) -0.592105263<x99>[B] (+1) -0.592105263<x100>[B] (+0) +0.592105263<x101>[B] (+0) +0.592105263<x102>[B] (+0) +0.592105263<x103>[B] (+1) +0.592105263<x104>[B] (+0) -0.592105263<x105>[B] (+0) -0.592105263<x106>[B] (+1) -0.592105263<x107>[B] (+1) -0.592105263<x108>[B] (+1) -0.592105263<x109>[B] (+0) +0.592105263<x110>[B] (+1) +0.592105263<x111>[B] (+0) -0.592105263<x112>[B] (+0) +0.592105263<x113>[B] (+0) +0.592105263<x114>[B] (+0) +0.592105263<x115>[B] (+1) +0.592105263<x116>[B] (+1) -0.592105263<x117>[B] (+1) -0.592105263<x118>[B] (+1) -0.592105263<x119>[B] (+1) -0.592105263<x120>[B] (+1) +0.592105263<x121>[B] (+1) +0.592105263<x122>[B] (+1) +0.592105263<x123>[B] (+0) -0.592105263<x124>[B] (+1) -0.592105263<x125>[B] (+0) -0.592105263<x126>[B] (+1) -0.592105263<x127>[B] (+1) -0.592105263<x128>[B] (+1) -0.592105263<x129>[B] (+1) -0.592105263<x130>[B] (+1) -0.592105263<x131>[B] (+1) -0.592105263<x132>[B] (+1) -0.592105263<x133>[B] (+1) +0.592105263<x134>[B] (+0) -0.592105263<x135>[B] (+1) -0.592105263<x136>[B] (+1) -0.592105263<x137>[B] (+1) -0.592105263<x138>[B] (+1) -0.592105263<x139>[B] (+1) -0.592105263<x140>[B] (+1) -0.592105263<x141>[B] (+1) -0.592105263<x142>[B] (+1) +0.592105263<x143>[B] (+1) +0.592105263<x144>[B] (+0) -0.592105263<x145>[B] (+1) +0.592105263<x146>[B] (+0) -0.592105263<x147>[B] (+0) -0.592105263<x148>[B] (+0) -0.592105263<x149>[B] (+0) -0.592105263<x150>[B] (+0) -0.592105263<x151>[B] (+0) +0.592105263<x152>[B] (+0) +0.592105263<x153>[B] (+0) -0.592105263<x154>[B] (+0) -0.592105263<x155>[B] (+1) -0.592105263<x156>[B] (+1) -0.592105263<x157>[B] (+1) -0.592105263<x158>[B] (+1) -0.592105263<x159>[B] (+1) +0.592105263<x160>[B] (+1) +0.592105263<x161>[B] (+0) -0.592105263<x162>[B] (+1) -0.592105263<x163>[B] (+1) -0.592105263<x164>[B] (+1) -0.592105263<x165>[B] (+1) +0.592105263<x166>[B] (+1) +0.592105263<x167>[B] (+1) +0.592105263<x168>[B] (+0) -0.592105263<x169>[B] (+1) +0.592105263<x170>[B] (+0) +0.592105263<x171>[B] (+0) +0.592105263<x172>[B] (+0) +0.592105263<x173>[B] (+0) +0.592105263<x174>[B] (+0) +0.592105263<x175>[B] (+0) -0.592105263<x176>[B] (+0) +0.592105263<x177>[B] (+0) +0.592105263<x178>[B] (+0) +0.592105263<x179>[B] (+0) +0.592105263<x180>[B] (+0) +0.592105263<x181>[B] (+0) +0.592105263<x182>[B] (+1) +0.592105263<x183>[B] (+0) +0.592105263<x184>[B] (+0) +0.592105263<x185>[B] (+1) +0.592105263<x186>[B] (+0) -0.592105263<x187>[B] (+0) +0.592105263<x188>[B] (+0) -0.592105263<x189>[B] (+0) -0.592105263<x190>[B] (+1) >= 23.5368421052632;
;
violation: left hand side is violated by 0.00526315789474907
  [linear] <c2291>: <x191>[C] (+14.3131579) -0.592105263<x1>[B] (+0) -0.592105263<x2>[B] (+0) +0.592105263<x3>[B] (+0) -0.592105263<x4>[B] (+1) +0.592105263<x5>[B] (+0) +0.592105263<x6>[B] (+0) +0.592105263<x7>[B] (+0) +0.592105263<x8>[B] (+0) +0.592105263<x9>[B] (+0) +0.592105263<x10>[B] (+0) +0.592105263<x11>[B] (+0) +0.592105263<x12>[B] (+0) -0.592105263<x13>[B] (+0) -0.592105263<x14>[B] (+0) -0.592105263<x15>[B] (+0) +0.592105263<x16>[B] (+0) +0.592105263<x17>[B] (+0) +0.592105263<x18>[B] (+1) -0.592105263<x19>[B] (+0) -0.592105263<x20>[B] (+0) +0.592105263<x21>[B] (+0) -0.592105263<x22>[B] (+1) +0.592105263<x23>[B] (+1) +0.592105263<x24>[B] (+1) +0.592105263<x25>[B] (+1) +0.592105263<x26>[B] (+1) +0.592105263<x27>[B] (+1) +0.592105263<x28>[B] (+0) +0.592105263<x29>[B] (+1) +0.592105263<x30>[B] (+1) -0.592105263<x31>[B] (+0) -0.592105263<x32>[B] (+0) -0.592105263<x33>[B] (+1) +0.592105263<x34>[B] (+1) +0.592105263<x35>[B] (+1) +0.592105263<x36>[B] (+1) -0.592105263<x37>[B] (+1) +0.592105263<x38>[B] (+0) -0.592105263<x39>[B] (+1) +0.592105263<x40>[B] (+1) +0.592105263<x41>[B] (+1) +0.592105263<x42>[B] (+1) +0.592105263<x43>[B] (+1) +0.592105263<x44>[B] (+1) +0.592105263<x45>[B] (+0) +0.592105263<x46>[B] (+1) +0.592105263<x47>[B] (+1) -0.592105263<x48>[B] (+0) +0.592105263<x49>[B] (+0) -0.592105263<x50>[B] (+1) +0.592105263<x51>[B] (+1) +0.592105263<x52>[B] (+1) +0.592105263<x53>[B] (+1) +0.592105263<x54>[B] (+1) -0.592105263<x55>[B] (+1) +0.592105263<x56>[B] (+1) -0.592105263<x57>[B] (+1) -0.592105263<x58>[B] (+1) +0.592105263<x59>[B] (+1) -0.592105263<x60>[B] (+1) -0.592105263<x61>[B] (+0) -0.592105263<x62>[B] (+1) -0.592105263<x63>[B] (+1) -0.592105263<x64>[B] (+1) -0.592105263<x65>[B] (+1) -0.592105263<x66>[B] (+1) -0.592105263<x67>[B] (+1) -0.592105263<x68>[B] (+1) +0.592105263<x69>[B] (+1) -0.592105263<x70>[B] (+1) +0.592105263<x71>[B] (+0) +0.592105263<x72>[B] (+0) +0.592105263<x73>[B] (+0) +0.592105263<x74>[B] (+0) +0.592105263<x75>[B] (+0) +0.592105263<x76>[B] (+0) +0.592105263<x77>[B] (+0) +0.592105263<x78>[B] (+0) -0.592105263<x79>[B] (+0) +0.592105263<x80>[B] (+0) +0.592105263<x81>[B] (+0) +0.592105263<x82>[B] (+0) +0.592105263<x83>[B] (+0) +0.592105263<x84>[B] (+0) +0.592105263<x85>[B] (+0) -0.592105263<x86>[B] (+0) -0.592105263<x87>[B] (+0) -0.592105263<x88>[B] (+1) -0.592105263<x89>[B] (+1) -0.592105263<x90>[B] (+0) -0.592105263<x91>[B] (+0) -0.592105263<x92>[B] (+1) -0.592105263<x93>[B] (+0) -0.592105263<x94>[B] (+0) -0.592105263<x95>[B] (+0) -0.592105263<x96>[B] (+0) -0.592105263<x97>[B] (+0) -0.592105263<x98>[B] (+1) -0.592105263<x99>[B] (+0) -0.592105263<x100>[B] (+0) +0.592105263<x101>[B] (+1) +0.592105263<x102>[B] (+1) +0.592105263<x103>[B] (+0) +0.592105263<x104>[B] (+0) -0.592105263<x105>[B] (+1) -0.592105263<x106>[B] (+0) -0.592105263<x107>[B] (+0) -0.592105263<x108>[B] (+0) -0.592105263<x109>[B] (+0) +0.592105263<x110>[B] (+0) +0.592105263<x111>[B] (+1) -0.592105263<x112>[B] (+0) +0.592105263<x113>[B] (+1) +0.592105263<x114>[B] (+1) +0.592105263<x115>[B] (+0) +0.592105263<x116>[B] (+1) -0.592105263<x117>[B] (+1) -0.592105263<x118>[B] (+0) -0.592105263<x119>[B] (+0) -0.592105263<x120>[B] (+1) +0.592105263<x121>[B] (+1) +0.592105263<x122>[B] (+1) +0.592105263<x123>[B] (+1) -0.592105263<x124>[B] (+1) -0.592105263<x125>[B] (+1) -0.592105263<x126>[B] (+0) -0.592105263<x127>[B] (+0) -0.592105263<x128>[B] (+1) -0.592105263<x129>[B] (+0) -0.592105263<x130>[B] (+0) -0.592105263<x131>[B] (+0) -0.592105263<x132>[B] (+0) -0.592105263<x133>[B] (+0) +0.592105263<x134>[B] (+1) -0.592105263<x135>[B] (+0) -0.592105263<x136>[B] (+0) -0.592105263<x137>[B] (+0) -0.592105263<x138>[B] (+1) -0.592105263<x139>[B] (+0) -0.592105263<x140>[B] (+0) -0.592105263<x141>[B] (+0) -0.592105263<x142>[B] (+0) +0.592105263<x143>[B] (+0) +0.592105263<x144>[B] (+1) -0.592105263<x145>[B] (+0) +0.592105263<x146>[B] (+1) -0.592105263<x147>[B] (+1) -0.592105263<x148>[B] (+1) -0.592105263<x149>[B] (+1) -0.592105263<x150>[B] (+1) -0.592105263<x151>[B] (+1) +0.592105263<x152>[B] (+1) +0.592105263<x153>[B] (+1) -0.592105263<x154>[B] (+1) -0.592105263<x155>[B] (+1) -0.592105263<x156>[B] (+0) -0.592105263<x157>[B] (+0) -0.592105263<x158>[B] (+1) -0.592105263<x159>[B] (+1) +0.592105263<x160>[B] (+1) +0.592105263<x161>[B] (+1) -0.592105263<x162>[B] (+1) -0.592105263<x163>[B] (+0) -0.592105263<x164>[B] (+0) -0.592105263<x165>[B] (+0) +0.592105263<x166>[B] (+0) +0.592105263<x167>[B] (+0) +0.592105263<x168>[B] (+1) -0.592105263<x169>[B] (+0) +0.592105263<x170>[B] (+1) +0.592105263<x171>[B] (+1) +0.592105263<x172>[B] (+1) +0.592105263<x173>[B] (+1) +0.592105263<x174>[B] (+1) +0.592105263<x175>[B] (+1) -0.592105263<x176>[B] (+1) +0.592105263<x177>[B] (+1) +0.592105263<x178>[B] (+1) +0.592105263<x179>[B] (+1) +0.592105263<x180>[B] (+1) +0.592105263<x181>[B] (+0) +0.592105263<x182>[B] (+0) +0.592105263<x183>[B] (+1) +0.592105263<x184>[B] (+1) +0.592105263<x185>[B] (+1) +0.592105263<x186>[B] (+1) -0.592105263<x187>[B] (+1) +0.592105263<x188>[B] (+1) -0.592105263<x189>[B] (+1) -0.592105263<x190>[B] (+0) >= 23.5368421052632;
;
violation: left hand side is violated by 0.342105263157894
2/4 feasible solutions given by solution candidate storage, new primal bound -9.999640e+05

presolving:
   (0.0s) symmetry computation started: requiring (bin +, int +, cont +), (fixed: bin -, int -, cont -)
   (0.0s) no symmetry present (symcode time: 0.00)
presolving (0 rounds: 0 fast, 0 medium, 0 exhaustive):
 0 deleted vars, 0 deleted constraints, 0 added constraints, 0 tightened bounds, 0 added holes, 0 changed sides, 0 changed coefficients
 0 implications, 0 cliques, 0 implied integral variables (0 bin, 0 int, 0 cont)
presolved problem has 200 variables (190 bin, 0 int, 10 cont) and 2300 constraints
   2300 constraints of type <linear>
Presolving Time: 0.00
transformed 2/2 original solutions to the transformed problem space

 time | node  | left  |LP iter|LP it/n|mem/heur|mdpt |vars |cons |rows |cuts |sepa|confs|strbr|  dualbound   | primalbound  |  gap   | compl. 
p 0.0s|     1 |     0 |     1 |     - |   locks|   0 | 200 |2300 |2300 |   0 |  0 |   0 |   0 | 3.100000e+02 |-3.126447e+02 |    Inf | unknown
  0.0s|     1 |     0 |   137 |     - |    11M |   0 | 200 |2300 |2300 |   0 |  0 |   0 |   0 |-1.048984e+02 |-3.126447e+02 | 198.05%| unknown
r 0.0s|     1 |     0 |   137 |     - |shifting|   0 | 200 |2300 |2300 |   0 |  0 |   0 |   0 |-1.048984e+02 |-1.144242e+02 |   9.08%| unknown
  0.0s|     1 |     0 |   143 |     - |    12M |   0 | 200 |2300 |2301 |   1 |  1 |   0 |   0 |-1.049211e+02 |-1.144242e+02 |   9.06%| unknown
  0.0s|     1 |     0 |   143 |     - |    12M |   0 | 200 |2300 |2301 |   1 |  1 |   0 |   0 |-1.049211e+02 |-1.144242e+02 |   9.06%| unknown
d 0.0s|     1 |     0 |   143 |     - |farkasdi|   0 | 200 |2300 |2301 |   0 |  2 |   0 |   0 |-1.049211e+02 |-1.049211e+02 |   0.00%| unknown
  0.0s|     1 |     0 |   143 |     - |    12M |   0 | 200 |2300 |2301 |   1 |  2 |   0 |   0 |-1.049211e+02 |-1.049211e+02 |   0.00%| unknown

SCIP Status        : problem is solved [optimal solution found]
Solving Time (sec) : 0.04
Solving Nodes      : 1
Primal Bound       : -1.04921052631579e+02 (5 solutions)
Dual Bound         : -1.04921052631579e+02
Gap                : 0.00 %
  [linear] <c2301>: <x191>[C] (+36.0078947) -0.613157895<x1>[B] (+1) -0.613157895<x2>[B] (+1) +0.613157895<x3>[B] (+1) -0.613157895<x4>[B] (+0) +0.613157895<x5>[B] (+0) +0.613157895<x6>[B] (+1) +0.613157895<x7>[B] (+1) +0.613157895<x8>[B] (+1) +0.613157895<x9>[B] (+0) +0.613157895<x10>[B] (+1) +0.613157895<x11>[B] (+1) +0.613157895<x12>[B] (+1) -0.613157895<x13>[B] (+1) -0.613157895<x14>[B] (+1) -0.613157895<x15>[B] (+1) +0.613157895<x16>[B] (+1) +0.613157895<x17>[B] (+1) +0.613157895<x18>[B] (+0) -0.613157895<x19>[B] (+1) -0.613157895<x20>[B] (+1) +0.613157895<x21>[B] (+1) -0.613157895<x22>[B] (+0) +0.613157895<x23>[B] (+0) +0.613157895<x24>[B] (+1) +0.613157895<x25>[B] (+0) +0.613157895<x26>[B] (+0) +0.613157895<x27>[B] (+0) +0.613157895<x28>[B] (+1) +0.613157895<x29>[B] (+0) +0.613157895<x30>[B] (+1) -0.613157895<x31>[B] (+1) -0.613157895<x32>[B] (+1) -0.613157895<x33>[B] (+1) +0.613157895<x34>[B] (+0) +0.613157895<x35>[B] (+1) +0.613157895<x36>[B] (+0) -0.613157895<x37>[B] (+1) +0.613157895<x38>[B] (+1) -0.613157895<x39>[B] (+0) +0.613157895<x40>[B] (+0) +0.613157895<x41>[B] (+0) +0.613157895<x42>[B] (+0) +0.613157895<x43>[B] (+0) +0.613157895<x44>[B] (+0) +0.613157895<x45>[B] (+1) +0.613157895<x46>[B] (+0) +0.613157895<x47>[B] (+0) -0.613157895<x48>[B] (+1) +0.613157895<x49>[B] (+1) -0.613157895<x50>[B] (+0) +0.613157895<x51>[B] (+0) +0.613157895<x52>[B] (+1) +0.613157895<x53>[B] (+0) +0.613157895<x54>[B] (+0) -0.613157895<x55>[B] (+0) +0.613157895<x56>[B] (+0) -0.613157895<x57>[B] (+0) -0.613157895<x58>[B] (+0) +0.613157895<x59>[B] (+0) -0.613157895<x60>[B] (+0) -0.613157895<x61>[B] (+0) -0.613157895<x62>[B] (+0) -0.613157895<x63>[B] (+0) -0.613157895<x64>[B] (+0) -0.613157895<x65>[B] (+0) -0.613157895<x66>[B] (+0) -0.613157895<x67>[B] (+0) -0.613157895<x68>[B] (+0) +0.613157895<x69>[B] (+0) -0.613157895<x70>[B] (+0) +0.613157895<x71>[B] (+1) +0.613157895<x72>[B] (+1) +0.613157895<x73>[B] (+1) +0.613157895<x74>[B] (+1) +0.613157895<x75>[B] (+1) +0.613157895<x76>[B] (+1) +0.613157895<x77>[B] (+1) +0.613157895<x78>[B] (+1) -0.613157895<x79>[B] (+1) +0.613157895<x80>[B] (+1) +0.613157895<x81>[B] (+1) +0.613157895<x82>[B] (+1) +0.613157895<x83>[B] (+1) +0.613157895<x84>[B] (+1) +0.613157895<x85>[B] (+1) -0.613157895<x86>[B] (+1) -0.613157895<x87>[B] (+1) -0.613157895<x88>[B] (+1) -0.613157895<x89>[B] (+0) -0.613157895<x90>[B] (+1) -0.613157895<x91>[B] (+1) -0.613157895<x92>[B] (+1) -0.613157895<x93>[B] (+1) -0.613157895<x94>[B] (+1) -0.613157895<x95>[B] (+1) -0.613157895<x96>[B] (+1) -0.613157895<x97>[B] (+1) -0.613157895<x98>[B] (+0) -0.613157895<x99>[B] (+1) -0.613157895<x100>[B] (+0) +0.613157895<x101>[B] (+0) +0.613157895<x102>[B] (+0) +0.613157895<x103>[B] (+1) +0.613157895<x104>[B] (+0) -0.613157895<x105>[B] (+1) -0.613157895<x106>[B] (+1) -0.613157895<x107>[B] (+1) -0.613157895<x108>[B] (+1) -0.613157895<x109>[B] (+0) +0.613157895<x110>[B] (+1) +0.613157895<x111>[B] (+0) -0.613157895<x112>[B] (+1) +0.613157895<x113>[B] (+0) +0.613157895<x114>[B] (+0) +0.613157895<x115>[B] (+1) +0.613157895<x116>[B] (+1) -0.613157895<x117>[B] (+1) -0.613157895<x118>[B] (+1) -0.613157895<x119>[B] (+1) -0.613157895<x120>[B] (+1) +0.613157895<x121>[B] (+2.45692355e-13) +0.613157895<x122>[B] (+1) +0.613157895<x123>[B] (+0) -0.613157895<x124>[B] (+1) -0.613157895<x125>[B] (+0) -0.613157895<x126>[B] (+1) -0.613157895<x127>[B] (+1) -0.613157895<x128>[B] (+1) -0.613157895<x129>[B] (+1) -0.613157895<x130>[B] (+1) -0.613157895<x131>[B] (+1) -0.613157895<x132>[B] (+1) -0.613157895<x133>[B] (+1) +0.613157895<x134>[B] (+0) -0.613157895<x135>[B] (+1) -0.613157895<x136>[B] (+1) -0.613157895<x137>[B] (+1) -0.613157895<x138>[B] (+1) -0.613157895<x139>[B] (+1) -0.613157895<x140>[B] (+1) -0.613157895<x141>[B] (+1) -0.613157895<x142>[B] (+1) +0.613157895<x143>[B] (+1) +0.613157895<x144>[B] (+0) -0.613157895<x145>[B] (+1) +0.613157895<x146>[B] (+0) -0.613157895<x147>[B] (+0) -0.613157895<x148>[B] (+0) -0.613157895<x149>[B] (+0) -0.613157895<x150>[B] (+0) -0.613157895<x151>[B] (+0) +0.613157895<x152>[B] (+0) +0.613157895<x153>[B] (+0) -0.613157895<x154>[B] (+0) -0.613157895<x155>[B] (+1) -0.613157895<x156>[B] (+1) -0.613157895<x157>[B] (+1) -0.613157895<x158>[B] (+1) -0.613157895<x159>[B] (+2.45692355e-13) +0.613157895<x160>[B] (+1) +0.613157895<x161>[B] (+0) -0.613157895<x162>[B] (+1) -0.613157895<x163>[B] (+1) -0.613157895<x164>[B] (+1) -0.613157895<x165>[B] (+1) +0.613157895<x166>[B] (+2.46025422e-13) +0.613157895<x167>[B] (+1) +0.613157895<x168>[B] (+0) -0.613157895<x169>[B] (+1) +0.613157895<x170>[B] (+0) +0.613157895<x171>[B] (+0) +0.613157895<x172>[B] (+0) +0.613157895<x173>[B] (+0) +0.613157895<x174>[B] (+0) +0.613157895<x175>[B] (+0) -0.613157895<x176>[B] (+0) +0.613157895<x177>[B] (+0) +0.613157895<x178>[B] (+0) +0.613157895<x179>[B] (+0) +0.613157895<x180>[B] (+0) +0.613157895<x181>[B] (+0) +0.613157895<x182>[B] (+1) +0.613157895<x183>[B] (+0) +0.613157895<x184>[B] (+0) +0.613157895<x185>[B] (+1) +0.613157895<x186>[B] (+0) -0.613157895<x187>[B] (+1) +0.613157895<x188>[B] (+0) -0.613157895<x189>[B] (+0) -0.613157895<x190>[B] (+1) >= 23.1473684210526;
;
violation: left hand side is violated by 0.0157894736842721
4/5 feasible solutions given by solution candidate storage, new primal bound -1.144242e+02

presolving:
   (0.0s) symmetry computation started: requiring (bin +, int +, cont +), (fixed: bin -, int -, cont -)
   (0.0s) no symmetry present (symcode time: 0.00)
presolving (0 rounds: 0 fast, 0 medium, 0 exhaustive):
 0 deleted vars, 0 deleted constraints, 0 added constraints, 0 tightened bounds, 0 added holes, 0 changed sides, 0 changed coefficients
 0 implications, 0 cliques, 0 implied integral variables (0 bin, 0 int, 0 cont)
presolved problem has 200 variables (190 bin, 0 int, 10 cont) and 2307 constraints
   2307 constraints of type <linear>
Presolving Time: 0.00
transformed 4/4 original solutions to the transformed problem space

 time | node  | left  |LP iter|LP it/n|mem/heur|mdpt |vars |cons |rows |cuts |sepa|confs|strbr|  dualbound   | primalbound  |  gap   | compl. 
  0.0s|     1 |     0 |   210 |     - |    13M |   0 | 200 |2307 |2307 |   0 |  0 |   0 |   0 |-1.050739e+02 |-1.144242e+02 |   8.90%| unknown
  0.0s|     1 |     0 |   219 |     - |    13M |   0 | 200 |2307 |2308 |   1 |  1 |   0 |   0 |-1.050923e+02 |-1.144242e+02 |   8.88%| unknown
  0.1s|     1 |     0 |   222 |     - |    14M |   0 | 200 |2307 |2310 |   3 |  2 |   0 |   0 |-1.050947e+02 |-1.144242e+02 |   8.88%| unknown
d 0.1s|     1 |     0 |   222 |     - |farkasdi|   0 | 200 |2307 |2310 |   0 |  3 |   0 |   0 |-1.050947e+02 |-1.050947e+02 |   0.00%| unknown
  0.1s|     1 |     0 |   222 |     - |    14M |   0 | 200 |2307 |2310 |   3 |  3 |   0 |   0 |-1.050947e+02 |-1.050947e+02 |   0.00%| unknown

SCIP Status        : problem is solved [optimal solution found]
Solving Time (sec) : 0.07
Solving Nodes      : 1
Primal Bound       : -1.05094736842105e+02 (8 solutions)
Dual Bound         : -1.05094736842105e+02
Gap                : 0.00 %
