Loading instance...
Median ranking: [9, 3, 16, 17, 11, 20, 6, 4, 19, 15, 18, 5, 21, 8, 14, 1, 13, 2, 10, 7, 12]
Mean ranking: [9, 3, 16, 17, 11, 20, 4, 19, 15, 5, 6, 18, 21, 8, 1, 14, 2, 13, 7, 10, 12]
Actual error: 0.0006013293674238529
Weighted Kendall distance: 83.5
Normalized distance: 0.02711038961038961
0 chg coeffs, 0 upgd conss, 0 impls, 0 clqs, 0 implints
   (0.0s) symmetry computation started: requiring (bin +, int +, cont +), (fixed: bin -, int -, cont -)
   (0.0s) no symmetry present (symcode time: 0.00)
presolving (2 rounds: 2 fast, 2 medium, 1 exhaustive):
 0 deleted vars, 2660 deleted constraints, 1330 added constraints, 0 tightened bounds, 0 added holes, 0 changed sides, 0 changed coefficients
 0 implications, 0 cliques, 0 implied integral variables (0 bin, 0 int, 0 cont)
presolved problem has 210 variables (0 bin, 0 int, 210 cont) and 1330 constraints
   1330 constraints of type <linear>
Presolving Time: 0.02
transformed 3/3 original solutions to the transformed problem space

 time | node  | left  |LP iter|LP it/n|mem/heur|mdpt |vars |cons |rows |cuts |sepa|confs|strbr|  dualbound   | primalbound  |  gap   | compl. 
* 0.0s|     1 |     0 |    32 |     - |    LP  |   0 | 210 |1330 |1330 |   0 |  0 |   0 |   0 | 5.680000e+02 | 5.680000e+02 |   0.00%| unknown
  0.0s|     1 |     0 |    32 |     - |  7800k |   0 | 210 |1330 |1330 |   0 |  0 |   0 |   0 | 5.680000e+02 | 5.680000e+02 |   0.00%| unknown

SCIP Status        : problem is solved [optimal solution found]
Solving Time (sec) : 0.02
Solving Nodes      : 1
Primal Bound       : +5.68000000000000e+02 (4 solutions)
Dual Bound         : +5.68000000000000e+02
Gap                : 0.00 %
feasible solution found by trivial heuristic after 0.0 seconds, objective value 0.000000e+00
presolving:
   (0.0s) running MILP presolver
   (0.0s) MILP presolver (2 rounds): 0 aggregations, 0 fixings, 0 bound changes
(round 1, medium)     0 del vars, 2660 del conss, 1330 add conss, 0 chg bounds, 0 chg sides, 0 chg coeffs, 0 upgd conss, 0 impls, 0 clqs, 0 implints
   (0.0s) probing: 51/210 (24.3%) - 0 fixings, 0 aggregations, 0 implications, 0 bound changes
   (0.0s) probing aborted: 50/50 successive totally useless probings
   (0.0s) symmetry computation started: requiring (bin +, int +, cont +), (fixed: bin -, int -, cont -)
   (0.0s) no symmetry present (symcode time: 0.00)
presolving (2 rounds: 2 fast, 2 medium, 1 exhaustive):
 0 deleted vars, 2660 deleted constraints, 1330 added constraints, 0 tightened bounds, 0 added holes, 0 changed sides, 0 changed coefficients
 0 implications, 0 cliques, 0 implied integral variables (0 bin, 0 int, 0 cont)
presolved problem has 210 variables (210 bin, 0 int, 0 cont) and 1330 constraints
   1330 constraints of type <linear>
transformed objective value is always integral (scale: 2)
Presolving Time: 0.01
transformed 2/2 original solutions to the transformed problem space

 time | node  | left  |LP iter|LP it/n|mem/heur|mdpt |vars |cons |rows |cuts |sepa|confs|strbr|  dualbound   | primalbound  |  gap   | compl. 
p 0.0s|     1 |     0 |     0 |     - |   locks|   0 | 210 |1330 |1330 |   0 |  0 |   0 |   0 | 5.960000e+02 | 2.160000e+02 | 175.93%| unknown
i 0.0s|     1 |     0 |     0 |     - |  oneopt|   0 | 210 |1330 |1330 |   0 |  0 |   0 |   0 | 5.960000e+02 | 4.220000e+02 |  41.23%| unknown
* 0.0s|     1 |     0 |    33 |     - |    LP  |   0 | 210 |1330 |1330 |   0 |  0 |   0 |   0 | 5.680000e+02 | 5.680000e+02 |   0.00%| unknown
  0.0s|     1 |     0 |    33 |     - |  7964k |   0 | 210 |1330 |1330 |   0 |  0 |   0 |   0 | 5.680000e+02 | 5.680000e+02 |   0.00%| unknown

SCIP Status        : problem is solved [optimal solution found]
Solving Time (sec) : 0.02
Solving Nodes      : 1
Primal Bound       : +5.68000000000000e+02 (5 solutions)
Dual Bound         : +5.68000000000000e+02
Gap                : 0.00 %
feasible solution found by trivial heuristic after 0.3 seconds, objective value -5.000134e+06
presolving:
(round 1, fast)       0 del vars, 0 del conss, 0 add conss, 100 chg bounds, 0 chg sides, 0 chg coeffs, 0 upgd conss, 0 impls, 0 clqs, 0 implints
   (2.0s) running MILP presolver
   (2.2s) MILP presolver (2 rounds): 0 aggregations, 0 fixings, 0 bound changes
(round 2, exhaustive) 0 del vars, 1330 del conss, 0 add conss, 100 chg bounds, 0 chg sides, 0 chg coeffs, 0 upgd conss, 0 impls, 0 clqs, 0 implints
   (4.3s) symmetry computation started: requiring (bin +, int +, cont +), (fixed: bin -, int -, cont -)
   (4.9s) no symmetry present (symcode time: 0.04)
presolving (3 rounds: 3 fast, 2 medium, 2 exhaustive):
 0 deleted vars, 1330 deleted constraints, 0 added constraints, 100 tightened bounds, 0 added holes, 0 changed sides, 0 changed coefficients
 0 implications, 0 cliques, 0 implied integral variables (0 bin, 0 int, 0 cont)
presolved problem has 260 variables (0 bin, 0 int, 260 cont) and 11830 constraints
  11830 constraints of type <linear>
Presolving Time: 4.79

 time | node  | left  |LP iter|LP it/n|mem/heur|mdpt |vars |cons |rows |cuts |sepa|confs|strbr|  dualbound   | primalbound  |  gap   | compl. 
t 5.1s|     1 |     0 |     0 |     - | trivial|   0 | 260 |  11k|   0 |   0 |  0 |   0 |   0 | 5.960000e+02 |-5.384000e+03 |    Inf | unknown
* 6.0s|     1 |     0 |   732 |     - |    LP  |   0 | 260 |  11k|  11k|   0 |  0 |   0 |   0 |-1.104112e+03 |-1.104112e+03 |   0.00%| unknown
  6.0s|     1 |     0 |   732 |     - |  1079M |   0 | 260 |  11k|  11k|   0 |  0 |   0 |   0 |-1.104112e+03 |-1.104112e+03 |   0.00%| unknown

SCIP Status        : problem is solved [optimal solution found]
Solving Time (sec) : 5.98
Solving Nodes      : 1
Primal Bound       : -1.10411190476190e+03 (3 solutions)
Dual Bound         : -1.10411190476190e+03
Gap                : 0.00 %
feasible solution found by trivial heuristic after 0.1 seconds, objective value -5.000134e+06
presolving:
(round 1, fast)       0 del vars, 0 del conss, 0 add conss, 100 chg bounds, 0 chg sides, 0 chg coeffs, 0 upgd conss, 0 impls, 0 clqs, 0 implints
   (1.3s) running MILP presolver
   (1.8s) MILP presolver (2 rounds): 0 aggregations, 0 fixings, 0 bound changes
(round 2, exhaustive) 0 del vars, 1330 del conss, 0 add conss, 100 chg bounds, 0 chg sides, 0 chg coeffs, 0 upgd conss, 0 impls, 0 clqs, 0 implints
   (4.4s) probing: 51/210 (24.3%) - 0 fixings, 0 aggregations, 0 implications, 0 bound changes
   (4.4s) probing aborted: 50/50 successive totally useless probings
   (4.5s) symmetry computation started: requiring (bin +, int +, cont +), (fixed: bin -, int -, cont -)
   (5.0s) no symmetry present (symcode time: 0.02)
presolving (3 rounds: 3 fast, 2 medium, 2 exhaustive):
 0 deleted vars, 1330 deleted constraints, 0 added constraints, 100 tightened bounds, 0 added holes, 0 changed sides, 0 changed coefficients
 0 implications, 0 cliques, 0 implied integral variables (0 bin, 0 int, 0 cont)
presolved problem has 260 variables (210 bin, 0 int, 50 cont) and 11830 constraints
  11830 constraints of type <linear>
Presolving Time: 4.99

 time | node  | left  |LP iter|LP it/n|mem/heur|mdpt |vars |cons |rows |cuts |sepa|confs|strbr|  dualbound   | primalbound  |  gap   | compl. 
t 5.1s|     1 |     0 |     0 |     - | trivial|   0 | 260 |  11k|   0 |   0 |  0 |   0 |   0 | 5.960000e+02 |-5.384000e+03 |    Inf | unknown
p 6.3s|     1 |     0 |    50 |     - |   locks|   0 | 260 |  11k|  11k|   0 |  0 |   0 |   0 | 5.960000e+02 |-1.724664e+03 |    Inf | unknown
* 7.0s|     1 |     0 |   782 |     - |    LP  |   0 | 260 |  11k|  11k|   0 |  0 |   0 |   0 |-1.104112e+03 |-1.104112e+03 |   0.00%| unknown
  7.0s|     1 |     0 |   782 |     - |  1081M |   0 | 260 |  11k|  11k|   0 |  0 |   0 |   0 |-1.104112e+03 |-1.104112e+03 |   0.00%| unknown

SCIP Status        : problem is solved [optimal solution found]
Solving Time (sec) : 7.04
Solving Nodes      : 1
Primal Bound       : -1.10411190476190e+03 (4 solutions)
Dual Bound         : -1.10411190476190e+03
Gap                : 0.00 %
feasible solution found by trivial heuristic after 0.0 seconds, objective value 0.000000e+00
presolving:
   (0.0s) symmetry computation started: requiring (bin +, int +, cont +), (fixed: bin -, int -, cont -)
   (0.0s) symmetry computation finished: 49 generators found (max: 1500, log10 of symmetry group size: 64.48) (symcode time: 0.00)
dynamic symmetry handling statistics:
   orbitopal reduction:       no components
   orbital reduction:         no components
   lexicographic reduction:   no permutations
handled 1 out of 1 symmetry components
presolving (0 rounds: 0 fast, 0 medium, 0 exhaustive):
 0 deleted vars, 0 deleted constraints, 0 added constraints, 0 tightened bounds, 0 added holes, 0 changed sides, 0 changed coefficients
 0 implications, 0 cliques, 0 implied integral variables (0 bin, 0 int, 0 cont)
presolved problem has 260 variables (210 bin, 0 int, 50 cont) and 2709 constraints
   2709 constraints of type <linear>
Presolving Time: 0.00
transformed 2/2 original solutions to the transformed problem space

 time | node  | left  |LP iter|LP it/n|mem/heur|mdpt |vars |cons |rows |cuts |sepa|confs|strbr|  dualbound   | primalbound  |  gap   | compl. 
i 0.0s|     1 |     0 |     0 |     - |  oneopt|   0 | 260 |2660 |2660 |   0 |  0 |   0 |   0 | 5.960000e+02 | 4.240000e+02 |  40.57%| unknown
* 0.0s|     1 |     0 |    33 |     - |    LP  |   0 | 260 |2660 |2660 |   0 |  0 |   0 |   0 | 5.680000e+02 | 5.680000e+02 |   0.00%| unknown
  0.0s|     1 |     0 |    33 |     - |    12M |   0 | 260 |2660 |2660 |   0 |  0 |   0 |   0 | 5.680000e+02 | 5.680000e+02 |   0.00%| unknown

SCIP Status        : problem is solved [optimal solution found]
Solving Time (sec) : 0.01
Solving Nodes      : 1
Primal Bound       : +5.68000000000000e+02 (5 solutions)
Dual Bound         : +5.68000000000000e+02
Gap                : 0.00 %
  [linear] <c2661>: <x211>[C] (+0) +0.602380952<x1>[B] (+1) +0.602380952<x2>[B] (+0) +0.602380952<x3>[B] (+0) +0.602380952<x4>[B] (+0) +0.602380952<x5>[B] (+0) +0.602380952<x6>[B] (+1) -0.602380952<x7>[B] (+0) -0.602380952<x8>[B] (+0) +0.602380952<x9>[B] (+1) +0.602380952<x10>[B] (+0) +0.602380952<x11>[B] (+1) +0.602380952<x12>[B] (+1) +0.602380952<x13>[B] (+0) +0.602380952<x14>[B] (+0) +0.602380952<x15>[B] (+0) +0.602380952<x16>[B] (+0) +0.602380952<x17>[B] (+0) +0.602380952<x18>[B] (+0) +0.602380952<x19>[B] (+0) +0.602380952<x20>[B] (+0) +0.602380952<x21>[B] (+0) +0.602380952<x22>[B] (+0) +0.602380952<x23>[B] (+0) +0.602380952<x24>[B] (+0) +0.602380952<x25>[B] (+1) -0.602380952<x26>[B] (+0) -0.602380952<x27>[B] (+0) +0.602380952<x28>[B] (+1) +0.602380952<x29>[B] (+0) +0.602380952<x30>[B] (+1) +0.602380952<x31>[B] (+0) +0.602380952<x32>[B] (+0) +0.602380952<x33>[B] (+0) +0.602380952<x34>[B] (+0) +0.602380952<x35>[B] (+0) +0.602380952<x36>[B] (+0) +0.602380952<x37>[B] (+0) +0.602380952<x38>[B] (+0) -0.602380952<x39>[B] (+0) +0.602380952<x40>[B] (+1) -0.602380952<x41>[B] (+1) +0.602380952<x42>[B] (+1) +0.602380952<x43>[B] (+1) -0.602380952<x44>[B] (+1) -0.602380952<x45>[B] (+0) +0.602380952<x46>[B] (+1) -0.602380952<x47>[B] (+1) -0.602380952<x48>[B] (+1) -0.602380952<x49>[B] (+1) -0.602380952<x50>[B] (+1) +0.602380952<x51>[B] (+1) +0.602380952<x52>[B] (+1) +0.602380952<x53>[B] (+1) -0.602380952<x54>[B] (+1) -0.602380952<x55>[B] (+1) +0.602380952<x56>[B] (+1) -0.602380952<x57>[B] (+1) -0.602380952<x58>[B] (+1) +0.602380952<x59>[B] (+0) +0.602380952<x60>[B] (+1) -0.602380952<x61>[B] (+1) -0.602380952<x62>[B] (+0) -0.602380952<x63>[B] (+1) -0.602380952<x64>[B] (+0) -0.602380952<x65>[B] (+1) -0.602380952<x66>[B] (+1) -0.602380952<x67>[B] (+1) -0.602380952<x68>[B] (+1) +0.602380952<x69>[B] (+0) +0.602380952<x70>[B] (+0) -0.602380952<x71>[B] (+1) -0.602380952<x72>[B] (+1) -0.602380952<x73>[B] (+0) -0.602380952<x74>[B] (+1) +0.602380952<x75>[B] (+0) +0.602380952<x76>[B] (+1) -0.602380952<x77>[B] (+1) -0.602380952<x78>[B] (+0) +0.602380952<x79>[B] (+1) -0.602380952<x80>[B] (+0) -0.602380952<x81>[B] (+1) -0.602380952<x82>[B] (+1) -0.602380952<x83>[B] (+1) +0.602380952<x84>[B] (+0) +0.602380952<x85>[B] (+0) +0.602380952<x86>[B] (+0) +0.602380952<x87>[B] (+0) +0.602380952<x88>[B] (+0) +0.602380952<x89>[B] (+0) -0.602380952<x90>[B] (+1) +0.602380952<x91>[B] (+1) -0.602380952<x92>[B] (+1) -0.602380952<x93>[B] (+0) -0.602380952<x94>[B] (+1) -0.602380952<x95>[B] (+0) -0.602380952<x96>[B] (+1) -0.602380952<x97>[B] (+1) -0.602380952<x98>[B] (+1) -0.602380952<x99>[B] (+1) +0.602380952<x100>[B] (+0) -0.602380952<x101>[B] (+0) -0.602380952<x102>[B] (+1) -0.602380952<x103>[B] (+1) -0.602380952<x104>[B] (+0) -0.602380952<x105>[B] (+1) -0.602380952<x106>[B] (+0) -0.602380952<x107>[B] (+0) -0.602380952<x108>[B] (+0) -0.602380952<x109>[B] (+0) -0.602380952<x110>[B] (+1) -0.602380952<x111>[B] (+0) -0.602380952<x112>[B] (+0) -0.602380952<x113>[B] (+0) +0.602380952<x114>[B] (+0) -0.602380952<x115>[B] (+0) -0.602380952<x116>[B] (+0) -0.602380952<x117>[B] (+0) -0.602380952<x118>[B] (+0) -0.602380952<x119>[B] (+0) +0.602380952<x120>[B] (+0) +0.602380952<x121>[B] (+1) +0.602380952<x122>[B] (+0) +0.602380952<x123>[B] (+1) +0.602380952<x124>[B] (+1) +0.602380952<x125>[B] (+1) +0.602380952<x126>[B] (+0) +0.602380952<x127>[B] (+0) +0.602380952<x128>[B] (+0) +0.602380952<x129>[B] (+0) +0.602380952<x130>[B] (+0) +0.602380952<x131>[B] (+0) +0.602380952<x132>[B] (+0) +0.602380952<x133>[B] (+1) +0.602380952<x134>[B] (+1) +0.602380952<x135>[B] (+1) +0.602380952<x136>[B] (+1) +0.602380952<x137>[B] (+1) +0.602380952<x138>[B] (+1) +0.602380952<x139>[B] (+1) +0.602380952<x140>[B] (+1) +0.602380952<x141>[B] (+1) +0.602380952<x142>[B] (+1) +0.602380952<x143>[B] (+1) +0.602380952<x144>[B] (+1) -0.602380952<x145>[B] (+0) -0.602380952<x146>[B] (+1) -0.602380952<x147>[B] (+0) -0.602380952<x148>[B] (+0) -0.602380952<x149>[B] (+0) +0.602380952<x150>[B] (+0) +0.602380952<x151>[B] (+0) -0.602380952<x152>[B] (+0) -0.602380952<x153>[B] (+0) -0.602380952<x154>[B] (+0) -0.602380952<x155>[B] (+0) +0.602380952<x156>[B] (+1) +0.602380952<x157>[B] (+1) +0.602380952<x158>[B] (+1) +0.602380952<x159>[B] (+1) +0.602380952<x160>[B] (+0) +0.602380952<x161>[B] (+0) +0.602380952<x162>[B] (+1) +0.602380952<x163>[B] (+1) +0.602380952<x164>[B] (+1) -0.602380952<x165>[B] (+1) +0.602380952<x166>[B] (+0) +0.602380952<x167>[B] (+0) +0.602380952<x168>[B] (+0) +0.602380952<x169>[B] (+0) +0.602380952<x170>[B] (+0) +0.602380952<x171>[B] (+0) +0.602380952<x172>[B] (+0) +0.602380952<x173>[B] (+0) -0.602380952<x174>[B] (+0) +0.602380952<x175>[B] (+0) +0.602380952<x176>[B] (+0) +0.602380952<x177>[B] (+0) +0.602380952<x178>[B] (+0) +0.602380952<x179>[B] (+0) +0.602380952<x180>[B] (+0) +0.602380952<x181>[B] (+0) -0.602380952<x182>[B] (+0) +0.602380952<x183>[B] (+0) +0.602380952<x184>[B] (+0) +0.602380952<x185>[B] (+0) +0.602380952<x186>[B] (+0) +0.602380952<x187>[B] (+0) +0.602380952<x188>[B] (+0) -0.602380952<x189>[B] (+0) +0.602380952<x190>[B] (+0) +0.602380952<x191>[B] (+0) -0.602380952<x192>[B] (+1) -0.602380952<x193>[B] (+0) +0.602380952<x194>[B] (+0) -0.602380952<x195>[B] (+1) -0.602380952<x196>[B] (+1) -0.602380952<x197>[B] (+1) -0.602380952<x198>[B] (+1) -0.602380952<x199>[B] (+1) -0.602380952<x200>[B] (+1) -0.602380952<x201>[B] (+1) -0.602380952<x202>[B] (+1) -0.602380952<x203>[B] (+1) -0.602380952<x204>[B] (+1) -0.602380952<x205>[B] (+0) +0.602380952<x206>[B] (+0) -0.602380952<x207>[B] (+1) +0.602380952<x208>[B] (+0) -0.602380952<x209>[B] (+1) -0.602380952<x210>[B] (+1) >= 34.1857142857143;
;
violation: left hand side is violated by 38.4023809523809
  [linear] <c2661>: <x211>[C] (+0) +0.602380952<x1>[B] (+1) +0.602380952<x2>[B] (+0) +0.602380952<x3>[B] (+0) +0.602380952<x4>[B] (+0) +0.602380952<x5>[B] (+0) +0.602380952<x6>[B] (+1) -0.602380952<x7>[B] (+0) -0.602380952<x8>[B] (+0) +0.602380952<x9>[B] (+0) +0.602380952<x10>[B] (+0) +0.602380952<x11>[B] (+0) +0.602380952<x12>[B] (+0) +0.602380952<x13>[B] (+0) +0.602380952<x14>[B] (+0) +0.602380952<x15>[B] (+0) +0.602380952<x16>[B] (+0) +0.602380952<x17>[B] (+0) +0.602380952<x18>[B] (+0) +0.602380952<x19>[B] (+0) +0.602380952<x20>[B] (+0) +0.602380952<x21>[B] (+0) +0.602380952<x22>[B] (+0) +0.602380952<x23>[B] (+0) +0.602380952<x24>[B] (+0) +0.602380952<x25>[B] (+1) -0.602380952<x26>[B] (+0) -0.602380952<x27>[B] (+0) +0.602380952<x28>[B] (+0) +0.602380952<x29>[B] (+0) +0.602380952<x30>[B] (+0) +0.602380952<x31>[B] (+0) +0.602380952<x32>[B] (+0) +0.602380952<x33>[B] (+0) +0.602380952<x34>[B] (+0) +0.602380952<x35>[B] (+0) +0.602380952<x36>[B] (+0) +0.602380952<x37>[B] (+0) +0.602380952<x38>[B] (+0) -0.602380952<x39>[B] (+0) +0.602380952<x40>[B] (+0) -0.602380952<x41>[B] (+1) +0.602380952<x42>[B] (+0) +0.602380952<x43>[B] (+1) -0.602380952<x44>[B] (+1) -0.602380952<x45>[B] (+0) +0.602380952<x46>[B] (+1) -0.602380952<x47>[B] (+0) -0.602380952<x48>[B] (+1) -0.602380952<x49>[B] (+1) -0.602380952<x50>[B] (+1) +0.602380952<x51>[B] (+0) +0.602380952<x52>[B] (+0) +0.602380952<x53>[B] (+0) -0.602380952<x54>[B] (+1) -0.602380952<x55>[B] (+0) +0.602380952<x56>[B] (+0) -0.602380952<x57>[B] (+0) -0.602380952<x58>[B] (+1) +0.602380952<x59>[B] (+0) +0.602380952<x60>[B] (+1) -0.602380952<x61>[B] (+1) -0.602380952<x62>[B] (+0) -0.602380952<x63>[B] (+1) -0.602380952<x64>[B] (+0) -0.602380952<x65>[B] (+1) -0.602380952<x66>[B] (+1) -0.602380952<x67>[B] (+1) -0.602380952<x68>[B] (+0) +0.602380952<x69>[B] (+0) +0.602380952<x70>[B] (+0) -0.602380952<x71>[B] (+1) -0.602380952<x72>[B] (+0) -0.602380952<x73>[B] (+0) -0.602380952<x74>[B] (+0) +0.602380952<x75>[B] (+0) +0.602380952<x76>[B] (+1) -0.602380952<x77>[B] (+0) -0.602380952<x78>[B] (+0) +0.602380952<x79>[B] (+1) -0.602380952<x80>[B] (+0) -0.602380952<x81>[B] (+0) -0.602380952<x82>[B] (+0) -0.602380952<x83>[B] (+0) +0.602380952<x84>[B] (+0) +0.602380952<x85>[B] (+0) +0.602380952<x86>[B] (+0) +0.602380952<x87>[B] (+0) +0.602380952<x88>[B] (+0) +0.602380952<x89>[B] (+0) -0.602380952<x90>[B] (+0) +0.602380952<x91>[B] (+1) -0.602380952<x92>[B] (+1) -0.602380952<x93>[B] (+0) -0.602380952<x94>[B] (+1) -0.602380952<x95>[B] (+0) -0.602380952<x96>[B] (+1) -0.602380952<x97>[B] (+1) -0.602380952<x98>[B] (+1) -0.602380952<x99>[B] (+0) +0.602380952<x100>[B] (+0) -0.602380952<x101>[B] (+0) -0.602380952<x102>[B] (+1) -0.602380952<x103>[B] (+0) -0.602380952<x104>[B] (+0) -0.602380952<x105>[B] (+0) -0.602380952<x106>[B] (+0) -0.602380952<x107>[B] (+0) -0.602380952<x108>[B] (+0) -0.602380952<x109>[B] (+0) -0.602380952<x110>[B] (+0) -0.602380952<x111>[B] (+0) -0.602380952<x112>[B] (+0) -0.602380952<x113>[B] (+0) +0.602380952<x114>[B] (+0) -0.602380952<x115>[B] (+0) -0.602380952<x116>[B] (+0) -0.602380952<x117>[B] (+0) -0.602380952<x118>[B] (+0) -0.602380952<x119>[B] (+0) +0.602380952<x120>[B] (+0) +0.602380952<x121>[B] (+1) +0.602380952<x122>[B] (+0) +0.602380952<x123>[B] (+0) +0.602380952<x124>[B] (+0) +0.602380952<x125>[B] (+0) +0.602380952<x126>[B] (+0) +0.602380952<x127>[B] (+0) +0.602380952<x128>[B] (+0) +0.602380952<x129>[B] (+0) +0.602380952<x130>[B] (+0) +0.602380952<x131>[B] (+0) +0.602380952<x132>[B] (+0) +0.602380952<x133>[B] (+1) +0.602380952<x134>[B] (+1) +0.602380952<x135>[B] (+1) +0.602380952<x136>[B] (+1) +0.602380952<x137>[B] (+1) +0.602380952<x138>[B] (+1) +0.602380952<x139>[B] (+1) +0.602380952<x140>[B] (+1) +0.602380952<x141>[B] (+1) +0.602380952<x142>[B] (+1) +0.602380952<x143>[B] (+1) +0.602380952<x144>[B] (+1) -0.602380952<x145>[B] (+0) -0.602380952<x146>[B] (+0) -0.602380952<x147>[B] (+0) -0.602380952<x148>[B] (+0) -0.602380952<x149>[B] (+0) +0.602380952<x150>[B] (+0) +0.602380952<x151>[B] (+0) -0.602380952<x152>[B] (+0) -0.602380952<x153>[B] (+0) -0.602380952<x154>[B] (+0) -0.602380952<x155>[B] (+0) +0.602380952<x156>[B] (+1) +0.602380952<x157>[B] (+1) +0.602380952<x158>[B] (+1) +0.602380952<x159>[B] (+1) +0.602380952<x160>[B] (+0) +0.602380952<x161>[B] (+0) +0.602380952<x162>[B] (+1) +0.602380952<x163>[B] (+0) +0.602380952<x164>[B] (+0) -0.602380952<x165>[B] (+1) +0.602380952<x166>[B] (+0) +0.602380952<x167>[B] (+0) +0.602380952<x168>[B] (+0) +0.602380952<x169>[B] (+0) +0.602380952<x170>[B] (+0) +0.602380952<x171>[B] (+0) +0.602380952<x172>[B] (+0) +0.602380952<x173>[B] (+0) -0.602380952<x174>[B] (+0) +0.602380952<x175>[B] (+0) +0.602380952<x176>[B] (+0) +0.602380952<x177>[B] (+0) +0.602380952<x178>[B] (+0) +0.602380952<x179>[B] (+0) +0.602380952<x180>[B] (+0) +0.602380952<x181>[B] (+0) -0.602380952<x182>[B] (+0) +0.602380952<x183>[B] (+0) +0.602380952<x184>[B] (+0) +0.602380952<x185>[B] (+0) +0.602380952<x186>[B] (+0) +0.602380952<x187>[B] (+0) +0.602380952<x188>[B] (+0) -0.602380952<x189>[B] (+0) +0.602380952<x190>[B] (+0) +0.602380952<x191>[B] (+0) -0.602380952<x192>[B] (+1) -0.602380952<x193>[B] (+0) +0.602380952<x194>[B] (+0) -0.602380952<x195>[B] (+0) -0.602380952<x196>[B] (+0) -0.602380952<x197>[B] (+1) -0.602380952<x198>[B] (+0) -0.602380952<x199>[B] (+0) -0.602380952<x200>[B] (+1) -0.602380952<x201>[B] (+1) -0.602380952<x202>[B] (+1) -0.602380952<x203>[B] (+1) -0.602380952<x204>[B] (+1) -0.602380952<x205>[B] (+0) +0.602380952<x206>[B] (+0) -0.602380952<x207>[B] (+0) +0.602380952<x208>[B] (+1) -0.602380952<x209>[B] (+1) -0.602380952<x210>[B] (+1) >= 34.1857142857143;
;
violation: left hand side is violated by 34.7880952380952
  [linear] <c2661>: <x211>[C] (+0) +0.602380952<x1>[B] (+0) +0.602380952<x2>[B] (+0) +0.602380952<x3>[B] (+0) +0.602380952<x4>[B] (+0) +0.602380952<x5>[B] (+0) +0.602380952<x6>[B] (+0) -0.602380952<x7>[B] (+0) -0.602380952<x8>[B] (+0) +0.602380952<x9>[B] (+0) +0.602380952<x10>[B] (+0) +0.602380952<x11>[B] (+0) +0.602380952<x12>[B] (+0) +0.602380952<x13>[B] (+0) +0.602380952<x14>[B] (+0) +0.602380952<x15>[B] (+0) +0.602380952<x16>[B] (+0) +0.602380952<x17>[B] (+0) +0.602380952<x18>[B] (+0) +0.602380952<x19>[B] (+0) +0.602380952<x20>[B] (+0) +0.602380952<x21>[B] (+0) +0.602380952<x22>[B] (+0) +0.602380952<x23>[B] (+0) +0.602380952<x24>[B] (+0) +0.602380952<x25>[B] (+0) -0.602380952<x26>[B] (+0) -0.602380952<x27>[B] (+0) +0.602380952<x28>[B] (+0) +0.602380952<x29>[B] (+0) +0.602380952<x30>[B] (+0) +0.602380952<x31>[B] (+0) +0.602380952<x32>[B] (+0) +0.602380952<x33>[B] (+0) +0.602380952<x34>[B] (+0) +0.602380952<x35>[B] (+0) +0.602380952<x36>[B] (+0) +0.602380952<x37>[B] (+0) +0.602380952<x38>[B] (+0) -0.602380952<x39>[B] (+0) +0.602380952<x40>[B] (+0) -0.602380952<x41>[B] (+0) +0.602380952<x42>[B] (+0) +0.602380952<x43>[B] (+0) -0.602380952<x44>[B] (+0) -0.602380952<x45>[B] (+0) +0.602380952<x46>[B] (+0) -0.602380952<x47>[B] (+0) -0.602380952<x48>[B] (+0) -0.602380952<x49>[B] (+0) -0.602380952<x50>[B] (+0) +0.602380952<x51>[B] (+0) +0.602380952<x52>[B] (+0) +0.602380952<x53>[B] (+0) -0.602380952<x54>[B] (+0) -0.602380952<x55>[B] (+0) +0.602380952<x56>[B] (+0) -0.602380952<x57>[B] (+0) -0.602380952<x58>[B] (+0) +0.602380952<x59>[B] (+0) +0.602380952<x60>[B] (+0) -0.602380952<x61>[B] (+0) -0.602380952<x62>[B] (+0) -0.602380952<x63>[B] (+0) -0.602380952<x64>[B] (+0) -0.602380952<x65>[B] (+0) -0.602380952<x66>[B] (+0) -0.602380952<x67>[B] (+0) -0.602380952<x68>[B] (+0) +0.602380952<x69>[B] (+0) +0.602380952<x70>[B] (+0) -0.602380952<x71>[B] (+0) -0.602380952<x72>[B] (+0) -0.602380952<x73>[B] (+0) -0.602380952<x74>[B] (+0) +0.602380952<x75>[B] (+0) +0.602380952<x76>[B] (+0) -0.602380952<x77>[B] (+0) -0.602380952<x78>[B] (+0) +0.602380952<x79>[B] (+0) -0.602380952<x80>[B] (+0) -0.602380952<x81>[B] (+0) -0.602380952<x82>[B] (+0) -0.602380952<x83>[B] (+0) +0.602380952<x84>[B] (+0) +0.602380952<x85>[B] (+0) +0.602380952<x86>[B] (+0) +0.602380952<x87>[B] (+0) +0.602380952<x88>[B] (+0) +0.602380952<x89>[B] (+0) -0.602380952<x90>[B] (+0) +0.602380952<x91>[B] (+0) -0.602380952<x92>[B] (+0) -0.602380952<x93>[B] (+0) -0.602380952<x94>[B] (+0) -0.602380952<x95>[B] (+0) -0.602380952<x96>[B] (+0) -0.602380952<x97>[B] (+0) -0.602380952<x98>[B] (+0) -0.602380952<x99>[B] (+0) +0.602380952<x100>[B] (+0) -0.602380952<x101>[B] (+0) -0.602380952<x102>[B] (+0) -0.602380952<x103>[B] (+0) -0.602380952<x104>[B] (+0) -0.602380952<x105>[B] (+0) -0.602380952<x106>[B] (+0) -0.602380952<x107>[B] (+0) -0.602380952<x108>[B] (+0) -0.602380952<x109>[B] (+0) -0.602380952<x110>[B] (+0) -0.602380952<x111>[B] (+0) -0.602380952<x112>[B] (+0) -0.602380952<x113>[B] (+0) +0.602380952<x114>[B] (+0) -0.602380952<x115>[B] (+0) -0.602380952<x116>[B] (+0) -0.602380952<x117>[B] (+0) -0.602380952<x118>[B] (+0) -0.602380952<x119>[B] (+0) +0.602380952<x120>[B] (+0) +0.602380952<x121>[B] (+0) +0.602380952<x122>[B] (+0) +0.602380952<x123>[B] (+0) +0.602380952<x124>[B] (+0) +0.602380952<x125>[B] (+0) +0.602380952<x126>[B] (+0) +0.602380952<x127>[B] (+0) +0.602380952<x128>[B] (+0) +0.602380952<x129>[B] (+0) +0.602380952<x130>[B] (+0) +0.602380952<x131>[B] (+0) +0.602380952<x132>[B] (+0) +0.602380952<x133>[B] (+0) +0.602380952<x134>[B] (+0) +0.602380952<x135>[B] (+0) +0.602380952<x136>[B] (+0) +0.602380952<x137>[B] (+0) +0.602380952<x138>[B] (+0) +0.602380952<x139>[B] (+0) +0.602380952<x140>[B] (+0) +0.602380952<x141>[B] (+0) +0.602380952<x142>[B] (+0) +0.602380952<x143>[B] (+0) +0.602380952<x144>[B] (+0) -0.602380952<x145>[B] (+0) -0.602380952<x146>[B] (+0) -0.602380952<x147>[B] (+0) -0.602380952<x148>[B] (+0) -0.602380952<x149>[B] (+0) +0.602380952<x150>[B] (+0) +0.602380952<x151>[B] (+0) -0.602380952<x152>[B] (+0) -0.602380952<x153>[B] (+0) -0.602380952<x154>[B] (+0) -0.602380952<x155>[B] (+0) +0.602380952<x156>[B] (+0) +0.602380952<x157>[B] (+0) +0.602380952<x158>[B] (+0) +0.602380952<x159>[B] (+0) +0.602380952<x160>[B] (+0) +0.602380952<x161>[B] (+0) +0.602380952<x162>[B] (+0) +0.602380952<x163>[B] (+0) +0.602380952<x164>[B] (+0) -0.602380952<x165>[B] (+0) +0.602380952<x166>[B] (+0) +0.602380952<x167>[B] (+0) +0.602380952<x168>[B] (+0) +0.602380952<x169>[B] (+0) +0.602380952<x170>[B] (+0) +0.602380952<x171>[B] (+0) +0.602380952<x172>[B] (+0) +0.602380952<x173>[B] (+0) -0.602380952<x174>[B] (+0) +0.602380952<x175>[B] (+0) +0.602380952<x176>[B] (+0) +0.602380952<x177>[B] (+0) +0.602380952<x178>[B] (+0) +0.602380952<x179>[B] (+0) +0.602380952<x180>[B] (+0) +0.602380952<x181>[B] (+0) -0.602380952<x182>[B] (+0) +0.602380952<x183>[B] (+0) +0.602380952<x184>[B] (+0) +0.602380952<x185>[B] (+0) +0.602380952<x186>[B] (+0) +0.602380952<x187>[B] (+0) +0.602380952<x188>[B] (+0) -0.602380952<x189>[B] (+0) +0.602380952<x190>[B] (+0) +0.602380952<x191>[B] (+0) -0.602380952<x192>[B] (+0) -0.602380952<x193>[B] (+0) +0.602380952<x194>[B] (+0) -0.602380952<x195>[B] (+0) -0.602380952<x196>[B] (+0) -0.602380952<x197>[B] (+0) -0.602380952<x198>[B] (+0) -0.602380952<x199>[B] (+0) -0.602380952<x200>[B] (+0) -0.602380952<x201>[B] (+0) -0.602380952<x202>[B] (+0) -0.602380952<x203>[B] (+0) -0.602380952<x204>[B] (+0) -0.602380952<x205>[B] (+0) +0.602380952<x206>[B] (+0) -0.602380952<x207>[B] (+0) +0.602380952<x208>[B] (+0) -0.602380952<x209>[B] (+0) -0.602380952<x210>[B] (+0) >= 34.1857142857143;
;
violation: left hand side is violated by 34.1857142857143
  [linear] <c2661>: <x211>[C] (+0) +0.602380952<x1>[B] (+1) +0.602380952<x2>[B] (+1) +0.602380952<x3>[B] (+1) +0.602380952<x4>[B] (+1) +0.602380952<x5>[B] (+1) +0.602380952<x6>[B] (+1) -0.602380952<x7>[B] (+1) -0.602380952<x8>[B] (+1) +0.602380952<x9>[B] (+1) +0.602380952<x10>[B] (+1) +0.602380952<x11>[B] (+1) +0.602380952<x12>[B] (+1) +0.602380952<x13>[B] (+1) +0.602380952<x14>[B] (+1) +0.602380952<x15>[B] (+1) +0.602380952<x16>[B] (+1) +0.602380952<x17>[B] (+1) +0.602380952<x18>[B] (+1) +0.602380952<x19>[B] (+1) +0.602380952<x20>[B] (+1) +0.602380952<x21>[B] (+1) +0.602380952<x22>[B] (+1) +0.602380952<x23>[B] (+1) +0.602380952<x24>[B] (+1) +0.602380952<x25>[B] (+1) -0.602380952<x26>[B] (+1) -0.602380952<x27>[B] (+1) +0.602380952<x28>[B] (+1) +0.602380952<x29>[B] (+1) +0.602380952<x30>[B] (+1) +0.602380952<x31>[B] (+1) +0.602380952<x32>[B] (+1) +0.602380952<x33>[B] (+1) +0.602380952<x34>[B] (+1) +0.602380952<x35>[B] (+1) +0.602380952<x36>[B] (+1) +0.602380952<x37>[B] (+1) +0.602380952<x38>[B] (+1) -0.602380952<x39>[B] (+1) +0.602380952<x40>[B] (+1) -0.602380952<x41>[B] (+1) +0.602380952<x42>[B] (+1) +0.602380952<x43>[B] (+1) -0.602380952<x44>[B] (+1) -0.602380952<x45>[B] (+1) +0.602380952<x46>[B] (+1) -0.602380952<x47>[B] (+1) -0.602380952<x48>[B] (+1) -0.602380952<x49>[B] (+1) -0.602380952<x50>[B] (+1) +0.602380952<x51>[B] (+1) +0.602380952<x52>[B] (+1) +0.602380952<x53>[B] (+1) -0.602380952<x54>[B] (+1) -0.602380952<x55>[B] (+1) +0.602380952<x56>[B] (+1) -0.602380952<x57>[B] (+1) -0.602380952<x58>[B] (+1) +0.602380952<x59>[B] (+1) +0.602380952<x60>[B] (+1) -0.602380952<x61>[B] (+1) -0.602380952<x62>[B] (+1) -0.602380952<x63>[B] (+1) -0.602380952<x64>[B] (+1) -0.602380952<x65>[B] (+1) -0.602380952<x66>[B] (+1) -0.602380952<x67>[B] (+1) -0.602380952<x68>[B] (+1) +0.602380952<x69>[B] (+1) +0.602380952<x70>[B] (+1) -0.602380952<x71>[B] (+1) -0.602380952<x72>[B] (+1) -0.602380952<x73>[B] (+1) -0.602380952<x74>[B] (+1) +0.602380952<x75>[B] (+1) +0.602380952<x76>[B] (+1) -0.602380952<x77>[B] (+1) -0.602380952<x78>[B] (+1) +0.602380952<x79>[B] (+1) -0.602380952<x80>[B] (+1) -0.602380952<x81>[B] (+1) -0.602380952<x82>[B] (+1) -0.602380952<x83>[B] (+1) +0.602380952<x84>[B] (+1) +0.602380952<x85>[B] (+1) +0.602380952<x86>[B] (+1) +0.602380952<x87>[B] (+1) +0.602380952<x88>[B] (+1) +0.602380952<x89>[B] (+1) -0.602380952<x90>[B] (+1) +0.602380952<x91>[B] (+1) -0.602380952<x92>[B] (+1) -0.602380952<x93>[B] (+1) -0.602380952<x94>[B] (+1) -0.602380952<x95>[B] (+1) -0.602380952<x96>[B] (+1) -0.602380952<x97>[B] (+1) -0.602380952<x98>[B] (+1) -0.602380952<x99>[B] (+1) +0.602380952<x100>[B] (+1) -0.602380952<x101>[B] (+1) -0.602380952<x102>[B] (+1) -0.602380952<x103>[B] (+1) -0.602380952<x104>[B] (+1) -0.602380952<x105>[B] (+1) -0.602380952<x106>[B] (+1) -0.602380952<x107>[B] (+1) -0.602380952<x108>[B] (+1) -0.602380952<x109>[B] (+1) -0.602380952<x110>[B] (+1) -0.602380952<x111>[B] (+1) -0.602380952<x112>[B] (+1) -0.602380952<x113>[B] (+1) +0.602380952<x114>[B] (+1) -0.602380952<x115>[B] (+1) -0.602380952<x116>[B] (+1) -0.602380952<x117>[B] (+1) -0.602380952<x118>[B] (+1) -0.602380952<x119>[B] (+1) +0.602380952<x120>[B] (+1) +0.602380952<x121>[B] (+1) +0.602380952<x122>[B] (+1) +0.602380952<x123>[B] (+1) +0.602380952<x124>[B] (+1) +0.602380952<x125>[B] (+1) +0.602380952<x126>[B] (+1) +0.602380952<x127>[B] (+1) +0.602380952<x128>[B] (+1) +0.602380952<x129>[B] (+1) +0.602380952<x130>[B] (+1) +0.602380952<x131>[B] (+1) +0.602380952<x132>[B] (+1) +0.602380952<x133>[B] (+1) +0.602380952<x134>[B] (+1) +0.602380952<x135>[B] (+1) +0.602380952<x136>[B] (+1) +0.602380952<x137>[B] (+1) +0.602380952<x138>[B] (+1) +0.602380952<x139>[B] (+1) +0.602380952<x140>[B] (+1) +0.602380952<x141>[B] (+1) +0.602380952<x142>[B] (+1) +0.602380952<x143>[B] (+1) +0.602380952<x144>[B] (+1) -0.602380952<x145>[B] (+1) -0.602380952<x146>[B] (+1) -0.602380952<x147>[B] (+1) -0.602380952<x148>[B] (+1) -0.602380952<x149>[B] (+1) +0.602380952<x150>[B] (+1) +0.602380952<x151>[B] (+1) -0.602380952<x152>[B] (+1) -0.602380952<x153>[B] (+1) -0.602380952<x154>[B] (+1) -0.602380952<x155>[B] (+1) +0.602380952<x156>[B] (+1) +0.602380952<x157>[B] (+1) +0.602380952<x158>[B] (+1) +0.602380952<x159>[B] (+1) +0.602380952<x160>[B] (+1) +0.602380952<x161>[B] (+1) +0.602380952<x162>[B] (+1) +0.602380952<x163>[B] (+1) +0.602380952<x164>[B] (+1) -0.602380952<x165>[B] (+1) +0.602380952<x166>[B] (+1) +0.602380952<x167>[B] (+1) +0.602380952<x168>[B] (+1) +0.602380952<x169>[B] (+1) +0.602380952<x170>[B] (+1) +0.602380952<x171>[B] (+1) +0.602380952<x172>[B] (+1) +0.602380952<x173>[B] (+1) -0.602380952<x174>[B] (+1) +0.602380952<x175>[B] (+1) +0.602380952<x176>[B] (+1) +0.602380952<x177>[B] (+1) +0.602380952<x178>[B] (+1) +0.602380952<x179>[B] (+1) +0.602380952<x180>[B] (+1) +0.602380952<x181>[B] (+1) -0.602380952<x182>[B] (+1) +0.602380952<x183>[B] (+1) +0.602380952<x184>[B] (+1) +0.602380952<x185>[B] (+1) +0.602380952<x186>[B] (+1) +0.602380952<x187>[B] (+1) +0.602380952<x188>[B] (+1) -0.602380952<x189>[B] (+1) +0.602380952<x190>[B] (+1) +0.602380952<x191>[B] (+1) -0.602380952<x192>[B] (+1) -0.602380952<x193>[B] (+1) +0.602380952<x194>[B] (+1) -0.602380952<x195>[B] (+1) -0.602380952<x196>[B] (+1) -0.602380952<x197>[B] (+1) -0.602380952<x198>[B] (+1) -0.602380952<x199>[B] (+1) -0.602380952<x200>[B] (+1) -0.602380952<x201>[B] (+1) -0.602380952<x202>[B] (+1) -0.602380952<x203>[B] (+1) -0.602380952<x204>[B] (+1) -0.602380952<x205>[B] (+1) +0.602380952<x206>[B] (+1) -0.602380952<x207>[B] (+1) +0.602380952<x208>[B] (+1) -0.602380952<x209>[B] (+1) -0.602380952<x210>[B] (+1) >= 34.1857142857143;
;
violation: left hand side is violated by 16.1142857142857
1/5 feasible solution given by solution candidate storage, new primal bound -5.000134e+06

presolving:
   (0.0s) symmetry computation started: requiring (bin +, int +, cont +), (fixed: bin -, int -, cont -)
   (0.0s) no symmetry present (symcode time: 0.00)
presolving (0 rounds: 0 fast, 0 medium, 0 exhaustive):
 0 deleted vars, 0 deleted constraints, 0 added constraints, 0 tightened bounds, 0 added holes, 0 changed sides, 0 changed coefficients
 0 implications, 0 cliques, 0 implied integral variables (0 bin, 0 int, 0 cont)
presolved problem has 260 variables (210 bin, 0 int, 50 cont) and 2710 constraints
   2710 constraints of type <linear>
Presolving Time: 0.01
transformed 1/1 original solutions to the transformed problem space

 time | node  | left  |LP iter|LP it/n|mem/heur|mdpt |vars |cons |rows |cuts |sepa|confs|strbr|  dualbound   | primalbound  |  gap   | compl. 
p 0.0s|     1 |     0 |    20 |     - |   locks|   0 | 260 |2710 |2710 |   0 |  0 |   0 |   0 | 5.960000e+02 |-1.548757e+03 |    Inf | unknown
* 0.0s|     1 |     0 |   331 |     - |    LP  |   0 | 260 |2710 |2710 |   0 |  0 |   0 |   0 |-1.101988e+03 |-1.101988e+03 |   0.00%| unknown
  0.0s|     1 |     0 |   331 |     - |    16M |   0 | 260 |2710 |2710 |   0 |  0 |   0 |   0 |-1.101988e+03 |-1.101988e+03 |   0.00%| unknown

SCIP Status        : problem is solved [optimal solution found]
Solving Time (sec) : 0.04
Solving Nodes      : 1
Primal Bound       : -1.10198809523809e+03 (4 solutions)
Dual Bound         : -1.10198809523809e+03
Gap                : 0.00 %
  [linear] <c2711>: <x211>[C] (+33.5833333) +0.564285714<x1>[B] (+1) +0.564285714<x2>[B] (+0) +0.564285714<x3>[B] (+0) +0.564285714<x4>[B] (+0) +0.564285714<x5>[B] (+0) +0.564285714<x6>[B] (+1) -0.564285714<x7>[B] (+0) -0.564285714<x8>[B] (+0) +0.564285714<x9>[B] (+1) +0.564285714<x10>[B] (+0) +0.564285714<x11>[B] (+1) +0.564285714<x12>[B] (+1) +0.564285714<x13>[B] (+1) +0.564285714<x14>[B] (+0) +0.564285714<x15>[B] (+0) +0.564285714<x16>[B] (+0) +0.564285714<x17>[B] (+0) +0.564285714<x18>[B] (+0) +0.564285714<x19>[B] (+0) +0.564285714<x20>[B] (+0) +0.564285714<x21>[B] (+0) +0.564285714<x22>[B] (+0) +0.564285714<x23>[B] (+0) +0.564285714<x24>[B] (+0) +0.564285714<x25>[B] (+1) -0.564285714<x26>[B] (+0) -0.564285714<x27>[B] (+0) +0.564285714<x28>[B] (+1) +0.564285714<x29>[B] (+0) +0.564285714<x30>[B] (+1) +0.564285714<x31>[B] (+1) +0.564285714<x32>[B] (+0) +0.564285714<x33>[B] (+0) +0.564285714<x34>[B] (+0) +0.564285714<x35>[B] (+0) +0.564285714<x36>[B] (+0) +0.564285714<x37>[B] (+0) +0.564285714<x38>[B] (+0) -0.564285714<x39>[B] (+0) +0.564285714<x40>[B] (+1) -0.564285714<x41>[B] (+1) +0.564285714<x42>[B] (+1) +0.564285714<x43>[B] (+1) -0.564285714<x44>[B] (+1) -0.564285714<x45>[B] (+0) +0.564285714<x46>[B] (+1) -0.564285714<x47>[B] (+1) -0.564285714<x48>[B] (+1) -0.564285714<x49>[B] (+1) -0.564285714<x50>[B] (+1) +0.564285714<x51>[B] (+1) +0.564285714<x52>[B] (+1) +0.564285714<x53>[B] (+1) -0.564285714<x54>[B] (+1) -0.564285714<x55>[B] (+1) +0.564285714<x56>[B] (+1) -0.564285714<x57>[B] (+1) -0.564285714<x58>[B] (+1) +0.564285714<x59>[B] (+1) +0.564285714<x60>[B] (+1) -0.564285714<x61>[B] (+1) -0.564285714<x62>[B] (+0) -0.564285714<x63>[B] (+1) -0.564285714<x64>[B] (+0) -0.564285714<x65>[B] (+1) -0.564285714<x66>[B] (+1) -0.564285714<x67>[B] (+1) -0.564285714<x68>[B] (+1) +0.564285714<x69>[B] (+0) +0.564285714<x70>[B] (+0) -0.564285714<x71>[B] (+1) -0.564285714<x72>[B] (+1) -0.564285714<x73>[B] (+0) -0.564285714<x74>[B] (+1) +0.564285714<x75>[B] (+1) +0.564285714<x76>[B] (+1) -0.564285714<x77>[B] (+1) -0.564285714<x78>[B] (+0) +0.564285714<x79>[B] (+1) -0.564285714<x80>[B] (+0) -0.564285714<x81>[B] (+1) -0.564285714<x82>[B] (+1) -0.564285714<x83>[B] (+1) +0.564285714<x84>[B] (+0) +0.564285714<x85>[B] (+0) +0.564285714<x86>[B] (+0) +0.564285714<x87>[B] (+1) +0.564285714<x88>[B] (+0) +0.564285714<x89>[B] (+0) -0.564285714<x90>[B] (+1) +0.564285714<x91>[B] (+1) -0.564285714<x92>[B] (+1) -0.564285714<x93>[B] (+0) -0.564285714<x94>[B] (+1) -0.564285714<x95>[B] (+0) -0.564285714<x96>[B] (+1) -0.564285714<x97>[B] (+1) -0.564285714<x98>[B] (+1) -0.564285714<x99>[B] (+0) +0.564285714<x100>[B] (+0) -0.564285714<x101>[B] (+0) -0.564285714<x102>[B] (+1) -0.564285714<x103>[B] (+0) -0.564285714<x104>[B] (+0) -0.564285714<x105>[B] (+0) -0.564285714<x106>[B] (+0) -0.564285714<x107>[B] (+0) -0.564285714<x108>[B] (+1) -0.564285714<x109>[B] (+0) -0.564285714<x110>[B] (+1) -0.564285714<x111>[B] (+0) -0.564285714<x112>[B] (+0) -0.564285714<x113>[B] (+0) +0.564285714<x114>[B] (+0) -0.564285714<x115>[B] (+0) -0.564285714<x116>[B] (+0) -0.564285714<x117>[B] (+0) -0.564285714<x118>[B] (+0) -0.564285714<x119>[B] (+0) +0.564285714<x120>[B] (+0) +0.564285714<x121>[B] (+1) +0.564285714<x122>[B] (+0) +0.564285714<x123>[B] (+1) +0.564285714<x124>[B] (+1) +0.564285714<x125>[B] (+1) +0.564285714<x126>[B] (+0) +0.564285714<x127>[B] (+0) +0.564285714<x128>[B] (+0) +0.564285714<x129>[B] (+0) +0.564285714<x130>[B] (+0) +0.564285714<x131>[B] (+0) +0.564285714<x132>[B] (+0) +0.564285714<x133>[B] (+1) +0.564285714<x134>[B] (+1) +0.564285714<x135>[B] (+1) +0.564285714<x136>[B] (+1) +0.564285714<x137>[B] (+1) +0.564285714<x138>[B] (+1) +0.564285714<x139>[B] (+1) +0.564285714<x140>[B] (+1) +0.564285714<x141>[B] (+1) +0.564285714<x142>[B] (+1) +0.564285714<x143>[B] (+1) +0.564285714<x144>[B] (+1) -0.564285714<x145>[B] (+0) -0.564285714<x146>[B] (+1) -0.564285714<x147>[B] (+0) -0.564285714<x148>[B] (+0) -0.564285714<x149>[B] (+0) +0.564285714<x150>[B] (+0) +0.564285714<x151>[B] (+0) -0.564285714<x152>[B] (+0) -0.564285714<x153>[B] (+0) -0.564285714<x154>[B] (+0) -0.564285714<x155>[B] (+0) +0.564285714<x156>[B] (+1) +0.564285714<x157>[B] (+1) +0.564285714<x158>[B] (+1) +0.564285714<x159>[B] (+1) +0.564285714<x160>[B] (+0) +0.564285714<x161>[B] (+0) +0.564285714<x162>[B] (+1) +0.564285714<x163>[B] (+1) +0.564285714<x164>[B] (+1) -0.564285714<x165>[B] (+1) +0.564285714<x166>[B] (+0) +0.564285714<x167>[B] (+0) +0.564285714<x168>[B] (+0) +0.564285714<x169>[B] (+0) +0.564285714<x170>[B] (+0) +0.564285714<x171>[B] (+0) +0.564285714<x172>[B] (+0) +0.564285714<x173>[B] (+0) -0.564285714<x174>[B] (+0) +0.564285714<x175>[B] (+0) +0.564285714<x176>[B] (+0) +0.564285714<x177>[B] (+0) +0.564285714<x178>[B] (+0) +0.564285714<x179>[B] (+0) +0.564285714<x180>[B] (+0) +0.564285714<x181>[B] (+0) -0.564285714<x182>[B] (+0) +0.564285714<x183>[B] (+0) +0.564285714<x184>[B] (+0) +0.564285714<x185>[B] (+0) +0.564285714<x186>[B] (+0) +0.564285714<x187>[B] (+0) +0.564285714<x188>[B] (+0) -0.564285714<x189>[B] (+0) +0.564285714<x190>[B] (+0) +0.564285714<x191>[B] (+0) -0.564285714<x192>[B] (+1) -0.564285714<x193>[B] (+0) +0.564285714<x194>[B] (+0) -0.564285714<x195>[B] (+1) -0.564285714<x196>[B] (+1) -0.564285714<x197>[B] (+1) -0.564285714<x198>[B] (+1) -0.564285714<x199>[B] (+1) -0.564285714<x200>[B] (+1) -0.564285714<x201>[B] (+1) -0.564285714<x202>[B] (+1) -0.564285714<x203>[B] (+1) -0.564285714<x204>[B] (+1) -0.564285714<x205>[B] (+0) +0.564285714<x206>[B] (+0) -0.564285714<x207>[B] (+0) +0.564285714<x208>[B] (+0) -0.564285714<x209>[B] (+1) -0.564285714<x210>[B] (+1) >= 34.2809523809524;
;
violation: left hand side is violated by 0.13333333333334
  [linear] <c2711>: <x211>[C] (+12.5) +0.564285714<x1>[B] (+0) +0.564285714<x2>[B] (+1) +0.564285714<x3>[B] (+1) +0.564285714<x4>[B] (+1) +0.564285714<x5>[B] (+0) +0.564285714<x6>[B] (+0) -0.564285714<x7>[B] (+0) -0.564285714<x8>[B] (+1) +0.564285714<x9>[B] (+0) +0.564285714<x10>[B] (+1) +0.564285714<x11>[B] (+0) +0.564285714<x12>[B] (+0) +0.564285714<x13>[B] (+1) +0.564285714<x14>[B] (+1) +0.564285714<x15>[B] (+1) +0.564285714<x16>[B] (+1) +0.564285714<x17>[B] (+1) +0.564285714<x18>[B] (+1) +0.564285714<x19>[B] (+1) +0.564285714<x20>[B] (+1) +0.564285714<x21>[B] (+1) +0.564285714<x22>[B] (+1) +0.564285714<x23>[B] (+1) +0.564285714<x24>[B] (+1) +0.564285714<x25>[B] (+1) -0.564285714<x26>[B] (+1) -0.564285714<x27>[B] (+1) +0.564285714<x28>[B] (+1) +0.564285714<x29>[B] (+1) +0.564285714<x30>[B] (+1) +0.564285714<x31>[B] (+1) +0.564285714<x32>[B] (+1) +0.564285714<x33>[B] (+1) +0.564285714<x34>[B] (+1) +0.564285714<x35>[B] (+1) +0.564285714<x36>[B] (+1) +0.564285714<x37>[B] (+1) +0.564285714<x38>[B] (+1) -0.564285714<x39>[B] (+1) +0.564285714<x40>[B] (+1) -0.564285714<x41>[B] (+0) +0.564285714<x42>[B] (+0) +0.564285714<x43>[B] (+0) -0.564285714<x44>[B] (+0) -0.564285714<x45>[B] (+1) +0.564285714<x46>[B] (+0) -0.564285714<x47>[B] (+0) -0.564285714<x48>[B] (+0) -0.564285714<x49>[B] (+0) -0.564285714<x50>[B] (+0) +0.564285714<x51>[B] (+0) +0.564285714<x52>[B] (+1) +0.564285714<x53>[B] (+0) -0.564285714<x54>[B] (+0) -0.564285714<x55>[B] (+1) +0.564285714<x56>[B] (+1) -0.564285714<x57>[B] (+0) -0.564285714<x58>[B] (+0) +0.564285714<x59>[B] (+0) +0.564285714<x60>[B] (+0) -0.564285714<x61>[B] (+0) -0.564285714<x62>[B] (+1) -0.564285714<x63>[B] (+0) -0.564285714<x64>[B] (+0) -0.564285714<x65>[B] (+0) -0.564285714<x66>[B] (+0) -0.564285714<x67>[B] (+0) -0.564285714<x68>[B] (+0) +0.564285714<x69>[B] (+1) +0.564285714<x70>[B] (+0) -0.564285714<x71>[B] (+0) -0.564285714<x72>[B] (+0) -0.564285714<x73>[B] (+0) -0.564285714<x74>[B] (+0) +0.564285714<x75>[B] (+0) +0.564285714<x76>[B] (+0) -0.564285714<x77>[B] (+0) -0.564285714<x78>[B] (+1) +0.564285714<x79>[B] (+0) -0.564285714<x80>[B] (+1) -0.564285714<x81>[B] (+0) -0.564285714<x82>[B] (+0) -0.564285714<x83>[B] (+0) +0.564285714<x84>[B] (+0) +0.564285714<x85>[B] (+1) +0.564285714<x86>[B] (+1) +0.564285714<x87>[B] (+0) +0.564285714<x88>[B] (+1) +0.564285714<x89>[B] (+1) -0.564285714<x90>[B] (+0) +0.564285714<x91>[B] (+0) -0.564285714<x92>[B] (+0) -0.564285714<x93>[B] (+1) -0.564285714<x94>[B] (+0) -0.564285714<x95>[B] (+1) -0.564285714<x96>[B] (+0) -0.564285714<x97>[B] (+0) -0.564285714<x98>[B] (+1) -0.564285714<x99>[B] (+1) +0.564285714<x100>[B] (+1) -0.564285714<x101>[B] (+1) -0.564285714<x102>[B] (+1) -0.564285714<x103>[B] (+1) -0.564285714<x104>[B] (+1) -0.564285714<x105>[B] (+1) -0.564285714<x106>[B] (+0) -0.564285714<x107>[B] (+1) -0.564285714<x108>[B] (+0) -0.564285714<x109>[B] (+1) -0.564285714<x110>[B] (+0) -0.564285714<x111>[B] (+1) -0.564285714<x112>[B] (+1) -0.564285714<x113>[B] (+1) +0.564285714<x114>[B] (+1) -0.564285714<x115>[B] (+1) -0.564285714<x116>[B] (+1) -0.564285714<x117>[B] (+1) -0.564285714<x118>[B] (+1) -0.564285714<x119>[B] (+1) +0.564285714<x120>[B] (+1) +0.564285714<x121>[B] (+1) +0.564285714<x122>[B] (+1) +0.564285714<x123>[B] (+1) +0.564285714<x124>[B] (+1) +0.564285714<x125>[B] (+1) +0.564285714<x126>[B] (+1) +0.564285714<x127>[B] (+1) +0.564285714<x128>[B] (+1) +0.564285714<x129>[B] (+1) +0.564285714<x130>[B] (+1) +0.564285714<x131>[B] (+1) +0.564285714<x132>[B] (+1) +0.564285714<x133>[B] (+0) +0.564285714<x134>[B] (+0) +0.564285714<x135>[B] (+0) +0.564285714<x136>[B] (+0) +0.564285714<x137>[B] (+0) +0.564285714<x138>[B] (+0) +0.564285714<x139>[B] (+0) +0.564285714<x140>[B] (+0) +0.564285714<x141>[B] (+0) +0.564285714<x142>[B] (+0) +0.564285714<x143>[B] (+0) +0.564285714<x144>[B] (+0) -0.564285714<x145>[B] (+1) -0.564285714<x146>[B] (+0) -0.564285714<x147>[B] (+1) -0.564285714<x148>[B] (+1) -0.564285714<x149>[B] (+1) +0.564285714<x150>[B] (+1) +0.564285714<x151>[B] (+1) -0.564285714<x152>[B] (+1) -0.564285714<x153>[B] (+1) -0.564285714<x154>[B] (+1) -0.564285714<x155>[B] (+1) +0.564285714<x156>[B] (+0) +0.564285714<x157>[B] (+0) +0.564285714<x158>[B] (+0) +0.564285714<x159>[B] (+0) +0.564285714<x160>[B] (+1) +0.564285714<x161>[B] (+1) +0.564285714<x162>[B] (+0) +0.564285714<x163>[B] (+1) +0.564285714<x164>[B] (+1) -0.564285714<x165>[B] (+0) +0.564285714<x166>[B] (+1) +0.564285714<x167>[B] (+1) +0.564285714<x168>[B] (+1) +0.564285714<x169>[B] (+1) +0.564285714<x170>[B] (+1) +0.564285714<x171>[B] (+1) +0.564285714<x172>[B] (+1) +0.564285714<x173>[B] (+1) -0.564285714<x174>[B] (+1) +0.564285714<x175>[B] (+1) +0.564285714<x176>[B] (+1) +0.564285714<x177>[B] (+1) +0.564285714<x178>[B] (+1) +0.564285714<x179>[B] (+1) +0.564285714<x180>[B] (+1) +0.564285714<x181>[B] (+1) -0.564285714<x182>[B] (+1) +0.564285714<x183>[B] (+1) +0.564285714<x184>[B] (+1) +0.564285714<x185>[B] (+1) +0.564285714<x186>[B] (+0) +0.564285714<x187>[B] (+1) +0.564285714<x188>[B] (+1) -0.564285714<x189>[B] (+1) +0.564285714<x190>[B] (+1) +0.564285714<x191>[B] (+1) -0.564285714<x192>[B] (+0) -0.564285714<x193>[B] (+1) +0.564285714<x194>[B] (+1) -0.564285714<x195>[B] (+1) -0.564285714<x196>[B] (+0) -0.564285714<x197>[B] (+0) -0.564285714<x198>[B] (+0) -0.564285714<x199>[B] (+0) -0.564285714<x200>[B] (+0) -0.564285714<x201>[B] (+0) -0.564285714<x202>[B] (+1) -0.564285714<x203>[B] (+1) -0.564285714<x204>[B] (+0) -0.564285714<x205>[B] (+1) +0.564285714<x206>[B] (+1) -0.564285714<x207>[B] (+1) +0.564285714<x208>[B] (+0) -0.564285714<x209>[B] (+0) -0.564285714<x210>[B] (+0) >= 34.2809523809524;
;
violation: left hand side is violated by 1.4666666666667
2/4 feasible solutions given by solution candidate storage, new primal bound -5.000134e+06

presolving:
   (0.0s) symmetry computation started: requiring (bin +, int +, cont +), (fixed: bin -, int -, cont -)
   (0.0s) no symmetry present (symcode time: 0.00)
presolving (0 rounds: 0 fast, 0 medium, 0 exhaustive):
 0 deleted vars, 0 deleted constraints, 0 added constraints, 0 tightened bounds, 0 added holes, 0 changed sides, 0 changed coefficients
 0 implications, 0 cliques, 0 implied integral variables (0 bin, 0 int, 0 cont)
presolved problem has 260 variables (210 bin, 0 int, 50 cont) and 2752 constraints
   2752 constraints of type <linear>
Presolving Time: 0.01
transformed 2/2 original solutions to the transformed problem space

 time | node  | left  |LP iter|LP it/n|mem/heur|mdpt |vars |cons |rows |cuts |sepa|confs|strbr|  dualbound   | primalbound  |  gap   | compl. 
p 0.0s|     1 |     0 |    31 |     - |   locks|   0 | 260 |2752 |2752 |   0 |  0 |   0 |   0 | 5.960000e+02 |-1.577883e+03 |    Inf | unknown
* 0.0s|     1 |     0 |   376 |     - |    LP  |   0 | 260 |2752 |2752 |   0 |  0 |   0 |   0 |-1.103788e+03 |-1.103788e+03 |   0.00%| unknown
  0.0s|     1 |     0 |   376 |     - |    22M |   0 | 260 |2752 |2752 |   0 |  0 |   0 |   0 |-1.103788e+03 |-1.103788e+03 |   0.00%| unknown

SCIP Status        : problem is solved [optimal solution found]
Solving Time (sec) : 0.05
Solving Nodes      : 1
Primal Bound       : -1.10378809523810e+03 (4 solutions)
Dual Bound         : -1.10378809523810e+03
Gap                : 0.00 %
  [linear] <c2753>: <x211>[C] (+35.4095238) +0.578571429<x1>[B] (+1) +0.578571429<x2>[B] (+0) +0.578571429<x3>[B] (+0) +0.578571429<x4>[B] (+0) +0.578571429<x5>[B] (+0) +0.578571429<x6>[B] (+1) -0.578571429<x7>[B] (+0) -0.578571429<x8>[B] (+0) +0.578571429<x9>[B] (+1) +0.578571429<x10>[B] (+0) +0.578571429<x11>[B] (+1) +0.578571429<x12>[B] (+1) +0.578571429<x13>[B] (+0) +0.578571429<x14>[B] (+0) +0.578571429<x15>[B] (+0) +0.578571429<x16>[B] (+0) +0.578571429<x17>[B] (+0) +0.578571429<x18>[B] (+0) +0.578571429<x19>[B] (+0) +0.578571429<x20>[B] (+0) +0.578571429<x21>[B] (+0) +0.578571429<x22>[B] (+0) +0.578571429<x23>[B] (+0) +0.578571429<x24>[B] (+0) +0.578571429<x25>[B] (+1) -0.578571429<x26>[B] (+0) -0.578571429<x27>[B] (+0) +0.578571429<x28>[B] (+1) +0.578571429<x29>[B] (+0) +0.578571429<x30>[B] (+1) +0.578571429<x31>[B] (+1) +0.578571429<x32>[B] (+0) +0.578571429<x33>[B] (+0) +0.578571429<x34>[B] (+0) +0.578571429<x35>[B] (+0) +0.578571429<x36>[B] (+0) +0.578571429<x37>[B] (+0) +0.578571429<x38>[B] (+0) -0.578571429<x39>[B] (+0) +0.578571429<x40>[B] (+1) -0.578571429<x41>[B] (+1) +0.578571429<x42>[B] (+1) +0.578571429<x43>[B] (+1) -0.578571429<x44>[B] (+1) -0.578571429<x45>[B] (+0) +0.578571429<x46>[B] (+1) -0.578571429<x47>[B] (+1) -0.578571429<x48>[B] (+1) -0.578571429<x49>[B] (+1) -0.578571429<x50>[B] (+1) +0.578571429<x51>[B] (+1) +0.578571429<x52>[B] (+1) +0.578571429<x53>[B] (+1) -0.578571429<x54>[B] (+1) -0.578571429<x55>[B] (+1) +0.578571429<x56>[B] (+1) -0.578571429<x57>[B] (+1) -0.578571429<x58>[B] (+1) +0.578571429<x59>[B] (+1) +0.578571429<x60>[B] (+1) -0.578571429<x61>[B] (+1) -0.578571429<x62>[B] (+0) -0.578571429<x63>[B] (+1) -0.578571429<x64>[B] (+0) -0.578571429<x65>[B] (+1) -0.578571429<x66>[B] (+1) -0.578571429<x67>[B] (+1) -0.578571429<x68>[B] (+1) +0.578571429<x69>[B] (+0) +0.578571429<x70>[B] (+0) -0.578571429<x71>[B] (+1) -0.578571429<x72>[B] (+1) -0.578571429<x73>[B] (+0) -0.578571429<x74>[B] (+1) +0.578571429<x75>[B] (+1) +0.578571429<x76>[B] (+1) -0.578571429<x77>[B] (+1) -0.578571429<x78>[B] (+0) +0.578571429<x79>[B] (+1) -0.578571429<x80>[B] (+0) -0.578571429<x81>[B] (+1) -0.578571429<x82>[B] (+1) -0.578571429<x83>[B] (+1) +0.578571429<x84>[B] (+0) +0.578571429<x85>[B] (+0) +0.578571429<x86>[B] (+0) +0.578571429<x87>[B] (+1) +0.578571429<x88>[B] (+0) +0.578571429<x89>[B] (+0) -0.578571429<x90>[B] (+1) +0.578571429<x91>[B] (+1) -0.578571429<x92>[B] (+1) -0.578571429<x93>[B] (+0) -0.578571429<x94>[B] (+1) -0.578571429<x95>[B] (+0) -0.578571429<x96>[B] (+1) -0.578571429<x97>[B] (+1) -0.578571429<x98>[B] (+1) -0.578571429<x99>[B] (+0) +0.578571429<x100>[B] (+0) -0.578571429<x101>[B] (+0) -0.578571429<x102>[B] (+1) -0.578571429<x103>[B] (+0) -0.578571429<x104>[B] (+0) -0.578571429<x105>[B] (+1) -0.578571429<x106>[B] (+0) -0.578571429<x107>[B] (+0) -0.578571429<x108>[B] (+1) -0.578571429<x109>[B] (+0) -0.578571429<x110>[B] (+1) -0.578571429<x111>[B] (+0) -0.578571429<x112>[B] (+0) -0.578571429<x113>[B] (+0) +0.578571429<x114>[B] (+0) -0.578571429<x115>[B] (+0) -0.578571429<x116>[B] (+0) -0.578571429<x117>[B] (+0) -0.578571429<x118>[B] (+0) -0.578571429<x119>[B] (+0) +0.578571429<x120>[B] (+0) +0.578571429<x121>[B] (+1) +0.578571429<x122>[B] (+0) +0.578571429<x123>[B] (+1) +0.578571429<x124>[B] (+1) +0.578571429<x125>[B] (+1) +0.578571429<x126>[B] (+0) +0.578571429<x127>[B] (+0) +0.578571429<x128>[B] (+0) +0.578571429<x129>[B] (+0) +0.578571429<x130>[B] (+0) +0.578571429<x131>[B] (+0) +0.578571429<x132>[B] (+0) +0.578571429<x133>[B] (+1) +0.578571429<x134>[B] (+1) +0.578571429<x135>[B] (+1) +0.578571429<x136>[B] (+1) +0.578571429<x137>[B] (+1) +0.578571429<x138>[B] (+1) +0.578571429<x139>[B] (+1) +0.578571429<x140>[B] (+1) +0.578571429<x141>[B] (+1) +0.578571429<x142>[B] (+1) +0.578571429<x143>[B] (+1) +0.578571429<x144>[B] (+1) -0.578571429<x145>[B] (+0) -0.578571429<x146>[B] (+1) -0.578571429<x147>[B] (+0) -0.578571429<x148>[B] (+0) -0.578571429<x149>[B] (+0) +0.578571429<x150>[B] (+0) +0.578571429<x151>[B] (+0) -0.578571429<x152>[B] (+0) -0.578571429<x153>[B] (+0) -0.578571429<x154>[B] (+0) -0.578571429<x155>[B] (+0) +0.578571429<x156>[B] (+1) +0.578571429<x157>[B] (+1) +0.578571429<x158>[B] (+1) +0.578571429<x159>[B] (+1) +0.578571429<x160>[B] (+0) +0.578571429<x161>[B] (+0) +0.578571429<x162>[B] (+1) +0.578571429<x163>[B] (+1) +0.578571429<x164>[B] (+1) -0.578571429<x165>[B] (+1) +0.578571429<x166>[B] (+0) +0.578571429<x167>[B] (+0) +0.578571429<x168>[B] (+0) +0.578571429<x169>[B] (+0) +0.578571429<x170>[B] (+0) +0.578571429<x171>[B] (+0) +0.578571429<x172>[B] (+0) +0.578571429<x173>[B] (+0) -0.578571429<x174>[B] (+0) +0.578571429<x175>[B] (+0) +0.578571429<x176>[B] (+0) +0.578571429<x177>[B] (+0) +0.578571429<x178>[B] (+0) +0.578571429<x179>[B] (+0) +0.578571429<x180>[B] (+0) +0.578571429<x181>[B] (+0) -0.578571429<x182>[B] (+0) +0.578571429<x183>[B] (+0) +0.578571429<x184>[B] (+0) +0.578571429<x185>[B] (+0) +0.578571429<x186>[B] (+0) +0.578571429<x187>[B] (+0) +0.578571429<x188>[B] (+0) -0.578571429<x189>[B] (+0) +0.578571429<x190>[B] (+0) +0.578571429<x191>[B] (+0) -0.578571429<x192>[B] (+1) -0.578571429<x193>[B] (+0) +0.578571429<x194>[B] (+0) -0.578571429<x195>[B] (+1) -0.578571429<x196>[B] (+1) -0.578571429<x197>[B] (+1) -0.578571429<x198>[B] (+1) -0.578571429<x199>[B] (+1) -0.578571429<x200>[B] (+1) -0.578571429<x201>[B] (+1) -0.578571429<x202>[B] (+1) -0.578571429<x203>[B] (+1) -0.578571429<x204>[B] (+1) -0.578571429<x205>[B] (+0) +0.578571429<x206>[B] (+0) -0.578571429<x207>[B] (+1) +0.578571429<x208>[B] (+0) -0.578571429<x209>[B] (+1) -0.578571429<x210>[B] (+1) >= 34.2809523809524;
;
violation: left hand side is violated by 0.028571428571432
  [linear] <c2762>: <x226>[C] (+10.6880952) +0.664285714<x1>[B] (+0) -0.664285714<x2>[B] (+1) -0.664285714<x3>[B] (+1) -0.664285714<x4>[B] (+1) -0.664285714<x5>[B] (+1) -0.664285714<x6>[B] (+0) +0.664285714<x7>[B] (+0) +0.664285714<x8>[B] (+1) -0.664285714<x9>[B] (+0) +0.664285714<x10>[B] (+1) -0.664285714<x11>[B] (+0) -0.664285714<x12>[B] (+1) -0.664285714<x13>[B] (+1) -0.664285714<x14>[B] (+1) +0.664285714<x15>[B] (+1) +0.664285714<x16>[B] (+1) -0.664285714<x17>[B] (+1) +0.664285714<x18>[B] (+1) +0.664285714<x19>[B] (+1) +0.664285714<x20>[B] (+1) -0.664285714<x21>[B] (+1) -0.664285714<x22>[B] (+1) -0.664285714<x23>[B] (+1) -0.664285714<x24>[B] (+1) -0.664285714<x25>[B] (+1) +0.664285714<x26>[B] (+1) +0.664285714<x27>[B] (+1) -0.664285714<x28>[B] (+0) +0.664285714<x29>[B] (+1) -0.664285714<x30>[B] (+0) -0.664285714<x31>[B] (+1) -0.664285714<x32>[B] (+1) -0.664285714<x33>[B] (+1) +0.664285714<x34>[B] (+1) +0.664285714<x35>[B] (+1) -0.664285714<x36>[B] (+1) +0.664285714<x37>[B] (+1) -0.664285714<x38>[B] (+1) +0.664285714<x39>[B] (+1) +0.664285714<x40>[B] (+1) -0.664285714<x41>[B] (+0) +0.664285714<x42>[B] (+0) +0.664285714<x43>[B] (+0) +0.664285714<x44>[B] (+0) +0.664285714<x45>[B] (+1) +0.664285714<x46>[B] (+0) +0.664285714<x47>[B] (+0) -0.664285714<x48>[B] (+0) -0.664285714<x49>[B] (+0) -0.664285714<x50>[B] (+0) +0.664285714<x51>[B] (+0) +0.664285714<x52>[B] (+0) +0.664285714<x53>[B] (+1) +0.664285714<x54>[B] (+0) +0.664285714<x55>[B] (+0) +0.664285714<x56>[B] (+0) +0.664285714<x57>[B] (+0) -0.664285714<x58>[B] (+0) +0.664285714<x59>[B] (+0) -0.664285714<x60>[B] (+0) +0.664285714<x61>[B] (+0) +0.664285714<x62>[B] (+1) -0.664285714<x63>[B] (+0) +0.664285714<x64>[B] (+0) -0.664285714<x65>[B] (+0) -0.664285714<x66>[B] (+0) -0.664285714<x67>[B] (+0) +0.664285714<x68>[B] (+0) +0.664285714<x69>[B] (+0) +0.664285714<x70>[B] (+1) +0.664285714<x71>[B] (+0) +0.664285714<x72>[B] (+0) +0.664285714<x73>[B] (+0) +0.664285714<x74>[B] (+0) +0.664285714<x75>[B] (+0) +0.664285714<x76>[B] (+0) +0.664285714<x77>[B] (+0) +0.664285714<x78>[B] (+1) +0.664285714<x79>[B] (+0) +0.664285714<x80>[B] (+0) -0.664285714<x81>[B] (+0) -0.664285714<x82>[B] (+0) -0.664285714<x83>[B] (+0) +0.664285714<x84>[B] (+0) +0.664285714<x85>[B] (+0) +0.664285714<x86>[B] (+1) +0.664285714<x87>[B] (+0) +0.664285714<x88>[B] (+1) +0.664285714<x89>[B] (+0) +0.664285714<x90>[B] (+0) -0.664285714<x91>[B] (+0) +0.664285714<x92>[B] (+0) +0.664285714<x93>[B] (+1) -0.664285714<x94>[B] (+0) +0.664285714<x95>[B] (+0) -0.664285714<x96>[B] (+0) -0.664285714<x97>[B] (+0) -0.664285714<x98>[B] (+0) -0.664285714<x99>[B] (+0) +0.664285714<x100>[B] (+0) +0.664285714<x101>[B] (+1) -0.664285714<x102>[B] (+0) +0.664285714<x103>[B] (+1) +0.664285714<x104>[B] (+0) +0.664285714<x105>[B] (+0) +0.664285714<x106>[B] (+0) +0.664285714<x107>[B] (+1) +0.664285714<x108>[B] (+0) +0.664285714<x109>[B] (+1) -0.664285714<x110>[B] (+0) -0.664285714<x111>[B] (+1) -0.664285714<x112>[B] (+1) +0.664285714<x113>[B] (+1) +0.664285714<x114>[B] (+1) +0.664285714<x115>[B] (+1) +0.664285714<x116>[B] (+1) +0.664285714<x117>[B] (+1) +0.664285714<x118>[B] (+1) +0.664285714<x119>[B] (+1) -0.664285714<x120>[B] (+1) -0.664285714<x121>[B] (+0) -0.664285714<x122>[B] (+1) -0.664285714<x123>[B] (+0) -0.664285714<x124>[B] (+1) -0.664285714<x125>[B] (+1) -0.664285714<x126>[B] (+1) +0.664285714<x127>[B] (+1) -0.664285714<x128>[B] (+1) -0.664285714<x129>[B] (+1) -0.664285714<x130>[B] (+1) -0.664285714<x131>[B] (+1) -0.664285714<x132>[B] (+1) -0.664285714<x133>[B] (+0) +0.664285714<x134>[B] (+0) -0.664285714<x135>[B] (+0) -0.664285714<x136>[B] (+0) -0.664285714<x137>[B] (+0) -0.664285714<x138>[B] (+0) +0.664285714<x139>[B] (+0) +0.664285714<x140>[B] (+0) -0.664285714<x141>[B] (+0) +0.664285714<x142>[B] (+0) -0.664285714<x143>[B] (+0) +0.664285714<x144>[B] (+0) +0.664285714<x145>[B] (+1) -0.664285714<x146>[B] (+0) -0.664285714<x147>[B] (+1) -0.664285714<x148>[B] (+1) +0.664285714<x149>[B] (+1) +0.664285714<x150>[B] (+1) +0.664285714<x151>[B] (+1) +0.664285714<x152>[B] (+1) +0.664285714<x153>[B] (+1) +0.664285714<x154>[B] (+1) +0.664285714<x155>[B] (+1) -0.664285714<x156>[B] (+0) -0.664285714<x157>[B] (+0) -0.664285714<x158>[B] (+0) -0.664285714<x159>[B] (+0) +0.664285714<x160>[B] (+0) -0.664285714<x161>[B] (+1) -0.664285714<x162>[B] (+0) +0.664285714<x163>[B] (+1) -0.664285714<x164>[B] (+0) -0.664285714<x165>[B] (+0) -0.664285714<x166>[B] (+1) +0.664285714<x167>[B] (+1) +0.664285714<x168>[B] (+1) +0.664285714<x169>[B] (+1) +0.664285714<x170>[B] (+1) +0.664285714<x171>[B] (+1) +0.664285714<x172>[B] (+1) +0.664285714<x173>[B] (+1) +0.664285714<x174>[B] (+1) +0.664285714<x175>[B] (+1) +0.664285714<x176>[B] (+1) +0.664285714<x177>[B] (+1) +0.664285714<x178>[B] (+1) +0.664285714<x179>[B] (+0) +0.664285714<x180>[B] (+1) +0.664285714<x181>[B] (+1) +0.664285714<x182>[B] (+1) +0.664285714<x183>[B] (+1) +0.664285714<x184>[B] (+1) +0.664285714<x185>[B] (+1) +0.664285714<x186>[B] (+0) +0.664285714<x187>[B] (+1) +0.664285714<x188>[B] (+1) +0.664285714<x189>[B] (+1) +0.664285714<x190>[B] (+1) +0.664285714<x191>[B] (+1) -0.664285714<x192>[B] (+0) +0.664285714<x193>[B] (+1) +0.664285714<x194>[B] (+1) +0.664285714<x195>[B] (+1) -0.664285714<x196>[B] (+1) -0.664285714<x197>[B] (+0) -0.664285714<x198>[B] (+1) -0.664285714<x199>[B] (+1) -0.664285714<x200>[B] (+1) -0.664285714<x201>[B] (+0) +0.664285714<x202>[B] (+0) -0.664285714<x203>[B] (+0) -0.664285714<x204>[B] (+0) +0.664285714<x205>[B] (+1) +0.664285714<x206>[B] (+1) +0.664285714<x207>[B] (+1) -0.664285714<x208>[B] (+0) -0.664285714<x209>[B] (+0) +0.664285714<x210>[B] (+0) >= 34.7095238095238;
;
violation: left hand side is violated by 0.771428571428537
2/4 feasible solutions given by solution candidate storage, new primal bound -5.000134e+06

presolving:
   (0.0s) symmetry computation started: requiring (bin +, int +, cont +), (fixed: bin -, int -, cont -)
   (0.0s) no symmetry present (symcode time: 0.00)
presolving (0 rounds: 0 fast, 0 medium, 0 exhaustive):
 0 deleted vars, 0 deleted constraints, 0 added constraints, 0 tightened bounds, 0 added holes, 0 changed sides, 0 changed coefficients
 0 implications, 0 cliques, 0 implied integral variables (0 bin, 0 int, 0 cont)
presolved problem has 260 variables (210 bin, 0 int, 50 cont) and 2781 constraints
   2781 constraints of type <linear>
Presolving Time: 0.01
transformed 2/2 original solutions to the transformed problem space

 time | node  | left  |LP iter|LP it/n|mem/heur|mdpt |vars |cons |rows |cuts |sepa|confs|strbr|  dualbound   | primalbound  |  gap   | compl. 
p 0.0s|     1 |     0 |    25 |     - |   locks|   0 | 260 |2781 |2781 |   0 |  0 |   0 |   0 | 5.960000e+02 |-1.585307e+03 |    Inf | unknown
* 0.1s|     1 |     0 |   416 |     - |    LP  |   0 | 260 |2781 |2781 |   0 |  0 |   0 |   0 |-1.104031e+03 |-1.104031e+03 |   0.00%| unknown
  0.1s|     1 |     0 |   416 |     - |    26M |   0 | 260 |2781 |2781 |   0 |  0 |   0 |   0 |-1.104031e+03 |-1.104031e+03 |   0.00%| unknown

SCIP Status        : problem is solved [optimal solution found]
Solving Time (sec) : 0.06
Solving Nodes      : 1
Primal Bound       : -1.10403095238095e+03 (4 solutions)
Dual Bound         : -1.10403095238095e+03
Gap                : 0.00 %
  [linear] <c2782>: <x213>[C] (+24.2833333) -0.478571429<x1>[B] (+1) -0.478571429<x2>[B] (+0) -0.478571429<x3>[B] (+0) -0.478571429<x4>[B] (+0) +0.478571429<x5>[B] (+0) -0.478571429<x6>[B] (+1) -0.478571429<x7>[B] (+0) -0.478571429<x8>[B] (+0) -0.478571429<x9>[B] (+1) -0.478571429<x10>[B] (+0) -0.478571429<x11>[B] (+1) -0.478571429<x12>[B] (+1) -0.478571429<x13>[B] (+1) -0.478571429<x14>[B] (+0) -0.478571429<x15>[B] (+0) -0.478571429<x16>[B] (+0) -0.478571429<x17>[B] (+0) -0.478571429<x18>[B] (+0) +0.478571429<x19>[B] (+0) -0.478571429<x20>[B] (+0) -0.478571429<x21>[B] (+0) -0.478571429<x22>[B] (+0) +0.478571429<x23>[B] (+0) +0.478571429<x24>[B] (+0) -0.478571429<x25>[B] (+1) -0.478571429<x26>[B] (+0) -0.478571429<x27>[B] (+0) +0.478571429<x28>[B] (+1) -0.478571429<x29>[B] (+0) +0.478571429<x30>[B] (+1) -0.478571429<x31>[B] (+1) -0.478571429<x32>[B] (+0) -0.478571429<x33>[B] (+0) +0.478571429<x34>[B] (+0) +0.478571429<x35>[B] (+0) +0.478571429<x36>[B] (+0) -0.478571429<x37>[B] (+0) +0.478571429<x38>[B] (+0) -0.478571429<x39>[B] (+0) +0.478571429<x40>[B] (+1) +0.478571429<x41>[B] (+1) +0.478571429<x42>[B] (+1) +0.478571429<x43>[B] (+1) +0.478571429<x44>[B] (+1) +0.478571429<x45>[B] (+0) +0.478571429<x46>[B] (+1) +0.478571429<x47>[B] (+1) +0.478571429<x48>[B] (+1) +0.478571429<x49>[B] (+1) +0.478571429<x50>[B] (+1) +0.478571429<x51>[B] (+1) +0.478571429<x52>[B] (+1) +0.478571429<x53>[B] (+1) +0.478571429<x54>[B] (+1) +0.478571429<x55>[B] (+1) +0.478571429<x56>[B] (+1) +0.478571429<x57>[B] (+1) +0.478571429<x58>[B] (+1) +0.478571429<x59>[B] (+1) -0.478571429<x60>[B] (+1) -0.478571429<x61>[B] (+1) +0.478571429<x62>[B] (+0) +0.478571429<x63>[B] (+1) -0.478571429<x64>[B] (+0) +0.478571429<x65>[B] (+1) +0.478571429<x66>[B] (+1) -0.478571429<x67>[B] (+1) -0.478571429<x68>[B] (+1) +0.478571429<x69>[B] (+0) +0.478571429<x70>[B] (+0) +0.478571429<x71>[B] (+1) -0.478571429<x72>[B] (+1) +0.478571429<x73>[B] (+0) -0.478571429<x74>[B] (+1) +0.478571429<x75>[B] (+1) -0.478571429<x76>[B] (+1) -0.478571429<x77>[B] (+1) -0.478571429<x78>[B] (+0) -0.478571429<x79>[B] (+1) -0.478571429<x80>[B] (+0) +0.478571429<x81>[B] (+1) -0.478571429<x82>[B] (+1) -0.478571429<x83>[B] (+1) -0.478571429<x84>[B] (+0) -0.478571429<x85>[B] (+0) -0.478571429<x86>[B] (+0) -0.478571429<x87>[B] (+1) -0.478571429<x88>[B] (+0) +0.478571429<x89>[B] (+0) -0.478571429<x90>[B] (+1) -0.478571429<x91>[B] (+1) -0.478571429<x92>[B] (+1) -0.478571429<x93>[B] (+0) -0.478571429<x94>[B] (+1) -0.478571429<x95>[B] (+0) -0.478571429<x96>[B] (+1) -0.478571429<x97>[B] (+1) -0.478571429<x98>[B] (+1) -0.478571429<x99>[B] (+0) -0.478571429<x100>[B] (+0) -0.478571429<x101>[B] (+0) -0.478571429<x102>[B] (+1) -0.478571429<x103>[B] (+0) +0.478571429<x104>[B] (+0) -0.478571429<x105>[B] (+1) -0.478571429<x106>[B] (+0) +0.478571429<x107>[B] (+0) +0.478571429<x108>[B] (+1) +0.478571429<x109>[B] (+0) +0.478571429<x110>[B] (+1) +0.478571429<x111>[B] (+0) +0.478571429<x112>[B] (+0) +0.478571429<x113>[B] (+0) +0.478571429<x114>[B] (+0) +0.478571429<x115>[B] (+0) +0.478571429<x116>[B] (+0) +0.478571429<x117>[B] (+0) +0.478571429<x118>[B] (+0) -0.478571429<x119>[B] (+0) +0.478571429<x120>[B] (+0) +0.478571429<x121>[B] (+1) +0.478571429<x122>[B] (+0) +0.478571429<x123>[B] (+1) +0.478571429<x124>[B] (+1) +0.478571429<x125>[B] (+1) +0.478571429<x126>[B] (+0) +0.478571429<x127>[B] (+0) +0.478571429<x128>[B] (+0) +0.478571429<x129>[B] (+0) +0.478571429<x130>[B] (+0) +0.478571429<x131>[B] (+0) -0.478571429<x132>[B] (+0) +0.478571429<x133>[B] (+1) -0.478571429<x134>[B] (+1) +0.478571429<x135>[B] (+1) +0.478571429<x136>[B] (+1) -0.478571429<x137>[B] (+1) -0.478571429<x138>[B] (+1) +0.478571429<x139>[B] (+1) +0.478571429<x140>[B] (+1) +0.478571429<x141>[B] (+1) -0.478571429<x142>[B] (+1) +0.478571429<x143>[B] (+1) -0.478571429<x144>[B] (+1) -0.478571429<x145>[B] (+0) +0.478571429<x146>[B] (+1) -0.478571429<x147>[B] (+0) -0.478571429<x148>[B] (+0) -0.478571429<x149>[B] (+0) +0.478571429<x150>[B] (+0) -0.478571429<x151>[B] (+0) -0.478571429<x152>[B] (+0) -0.478571429<x153>[B] (+0) +0.478571429<x154>[B] (+0) -0.478571429<x155>[B] (+0) +0.478571429<x156>[B] (+1) +0.478571429<x157>[B] (+1) -0.478571429<x158>[B] (+1) -0.478571429<x159>[B] (+1) +0.478571429<x160>[B] (+0) +0.478571429<x161>[B] (+0) +0.478571429<x162>[B] (+1) -0.478571429<x163>[B] (+1) +0.478571429<x164>[B] (+1) -0.478571429<x165>[B] (+1) -0.478571429<x166>[B] (+0) -0.478571429<x167>[B] (+0) -0.478571429<x168>[B] (+0) -0.478571429<x169>[B] (+0) -0.478571429<x170>[B] (+0) -0.478571429<x171>[B] (+0) -0.478571429<x172>[B] (+0) +0.478571429<x173>[B] (+0) -0.478571429<x174>[B] (+0) -0.478571429<x175>[B] (+0) -0.478571429<x176>[B] (+0) +0.478571429<x177>[B] (+0) +0.478571429<x178>[B] (+0) +0.478571429<x179>[B] (+0) -0.478571429<x180>[B] (+0) +0.478571429<x181>[B] (+0) -0.478571429<x182>[B] (+0) +0.478571429<x183>[B] (+0) +0.478571429<x184>[B] (+0) +0.478571429<x185>[B] (+0) +0.478571429<x186>[B] (+0) -0.478571429<x187>[B] (+0) +0.478571429<x188>[B] (+0) -0.478571429<x189>[B] (+0) +0.478571429<x190>[B] (+0) +0.478571429<x191>[B] (+0) +0.478571429<x192>[B] (+1) -0.478571429<x193>[B] (+0) +0.478571429<x194>[B] (+0) -0.478571429<x195>[B] (+1) -0.478571429<x196>[B] (+1) -0.478571429<x197>[B] (+1) -0.478571429<x198>[B] (+1) +0.478571429<x199>[B] (+1) -0.478571429<x200>[B] (+1) -0.478571429<x201>[B] (+1) -0.478571429<x202>[B] (+1) +0.478571429<x203>[B] (+1) -0.478571429<x204>[B] (+1) -0.478571429<x205>[B] (+0) +0.478571429<x206>[B] (+0) -0.478571429<x207>[B] (+1) +0.478571429<x208>[B] (+0) -0.478571429<x209>[B] (+1) -0.478571429<x210>[B] (+1) >= 23.8095238095238;
;
violation: left hand side is violated by 0.00476190476191007
  [linear] <c2791>: <x240>[C] (+27.6380952) +0.483333333<x1>[B] (+0) -0.483333333<x2>[B] (+1) +0.483333333<x3>[B] (+1) +0.483333333<x4>[B] (+1) -0.483333333<x5>[B] (+1) -0.483333333<x6>[B] (+0) +0.483333333<x7>[B] (+0) +0.483333333<x8>[B] (+1) +0.483333333<x9>[B] (+1) +0.483333333<x10>[B] (+1) -0.483333333<x11>[B] (+0) +0.483333333<x12>[B] (+1) -0.483333333<x13>[B] (+1) +0.483333333<x14>[B] (+1) -0.483333333<x15>[B] (+1) -0.483333333<x16>[B] (+1) +0.483333333<x17>[B] (+1) +0.483333333<x18>[B] (+1) +0.483333333<x19>[B] (+1) -0.483333333<x20>[B] (+1) -0.483333333<x21>[B] (+1) +0.483333333<x22>[B] (+1) -0.483333333<x23>[B] (+1) -0.483333333<x24>[B] (+1) -0.483333333<x25>[B] (+0) -0.483333333<x26>[B] (+0) -0.483333333<x27>[B] (+1) -0.483333333<x28>[B] (+1) -0.483333333<x29>[B] (+1) -0.483333333<x30>[B] (+0) -0.483333333<x31>[B] (+1) -0.483333333<x32>[B] (+1) -0.483333333<x33>[B] (+1) -0.483333333<x34>[B] (+1) -0.483333333<x35>[B] (+1) -0.483333333<x36>[B] (+1) +0.483333333<x37>[B] (+1) -0.483333333<x38>[B] (+1) -0.483333333<x39>[B] (+1) +0.483333333<x40>[B] (+1) +0.483333333<x41>[B] (+0) +0.483333333<x42>[B] (+0) -0.483333333<x43>[B] (+0) +0.483333333<x44>[B] (+0) +0.483333333<x45>[B] (+1) +0.483333333<x46>[B] (+0) +0.483333333<x47>[B] (+1) +0.483333333<x48>[B] (+0) +0.483333333<x49>[B] (+0) +0.483333333<x50>[B] (+0) +0.483333333<x51>[B] (+0) -0.483333333<x52>[B] (+0) -0.483333333<x53>[B] (+0) +0.483333333<x54>[B] (+0) +0.483333333<x55>[B] (+0) +0.483333333<x56>[B] (+0) -0.483333333<x57>[B] (+0) -0.483333333<x58>[B] (+0) -0.483333333<x59>[B] (+0) -0.483333333<x60>[B] (+0) -0.483333333<x61>[B] (+0) -0.483333333<x62>[B] (+1) -0.483333333<x63>[B] (+0) -0.483333333<x64>[B] (+1) -0.483333333<x65>[B] (+0) -0.483333333<x66>[B] (+0) -0.483333333<x67>[B] (+0) -0.483333333<x68>[B] (+0) -0.483333333<x69>[B] (+0) -0.483333333<x70>[B] (+0) -0.483333333<x71>[B] (+0) +0.483333333<x72>[B] (+0) -0.483333333<x73>[B] (+0) -0.483333333<x74>[B] (+0) -0.483333333<x75>[B] (+0) -0.483333333<x76>[B] (+0) -0.483333333<x77>[B] (+0) -0.483333333<x78>[B] (+1) +0.483333333<x79>[B] (+0) -0.483333333<x80>[B] (+1) -0.483333333<x81>[B] (+0) -0.483333333<x82>[B] (+0) -0.483333333<x83>[B] (+0) +0.483333333<x84>[B] (+0) -0.483333333<x85>[B] (+1) -0.483333333<x86>[B] (+1) +0.483333333<x87>[B] (+0) +0.483333333<x88>[B] (+0) -0.483333333<x89>[B] (+0) -0.483333333<x90>[B] (+0) -0.483333333<x91>[B] (+0) +0.483333333<x92>[B] (+0) +0.483333333<x93>[B] (+1) +0.483333333<x94>[B] (+0) +0.483333333<x95>[B] (+1) +0.483333333<x96>[B] (+0) +0.483333333<x97>[B] (+0) +0.483333333<x98>[B] (+0) +0.483333333<x99>[B] (+0) -0.483333333<x100>[B] (+1) -0.483333333<x101>[B] (+1) +0.483333333<x102>[B] (+0) +0.483333333<x103>[B] (+0) +0.483333333<x104>[B] (+0) -0.483333333<x105>[B] (+0) +0.483333333<x106>[B] (+0) +0.483333333<x107>[B] (+1) +0.483333333<x108>[B] (+1) +0.483333333<x109>[B] (+1) +0.483333333<x110>[B] (+0) +0.483333333<x111>[B] (+1) +0.483333333<x112>[B] (+1) +0.483333333<x113>[B] (+1) -0.483333333<x114>[B] (+1) +0.483333333<x115>[B] (+1) +0.483333333<x116>[B] (+1) +0.483333333<x117>[B] (+1) +0.483333333<x118>[B] (+1) +0.483333333<x119>[B] (+1) -0.483333333<x120>[B] (+1) +0.483333333<x121>[B] (+1) +0.483333333<x122>[B] (+1) -0.483333333<x123>[B] (+1) +0.483333333<x124>[B] (+1) -0.483333333<x125>[B] (+1) +0.483333333<x126>[B] (+1) -0.483333333<x127>[B] (+1) -0.483333333<x128>[B] (+1) +0.483333333<x129>[B] (+1) +0.483333333<x130>[B] (+1) -0.483333333<x131>[B] (+1) -0.483333333<x132>[B] (+1) +0.483333333<x133>[B] (+0) +0.483333333<x134>[B] (+1) -0.483333333<x135>[B] (+0) +0.483333333<x136>[B] (+0) -0.483333333<x137>[B] (+0) +0.483333333<x138>[B] (+0) -0.483333333<x139>[B] (+0) -0.483333333<x140>[B] (+0) +0.483333333<x141>[B] (+0) +0.483333333<x142>[B] (+0) -0.483333333<x143>[B] (+0) -0.483333333<x144>[B] (+0) -0.483333333<x145>[B] (+1) -0.483333333<x146>[B] (+0) -0.483333333<x147>[B] (+1) -0.483333333<x148>[B] (+1) +0.483333333<x149>[B] (+1) -0.483333333<x150>[B] (+1) -0.483333333<x151>[B] (+1) +0.483333333<x152>[B] (+0) +0.483333333<x153>[B] (+1) -0.483333333<x154>[B] (+1) -0.483333333<x155>[B] (+1) -0.483333333<x156>[B] (+0) -0.483333333<x157>[B] (+0) -0.483333333<x158>[B] (+0) +0.483333333<x159>[B] (+0) -0.483333333<x160>[B] (+0) -0.483333333<x161>[B] (+0) +0.483333333<x162>[B] (+0) +0.483333333<x163>[B] (+0) -0.483333333<x164>[B] (+0) -0.483333333<x165>[B] (+0) +0.483333333<x166>[B] (+1) +0.483333333<x167>[B] (+1) +0.483333333<x168>[B] (+1) -0.483333333<x169>[B] (+1) -0.483333333<x170>[B] (+1) +0.483333333<x171>[B] (+1) +0.483333333<x172>[B] (+1) +0.483333333<x173>[B] (+1) -0.483333333<x174>[B] (+1) -0.483333333<x175>[B] (+1) +0.483333333<x176>[B] (+1) -0.483333333<x177>[B] (+1) -0.483333333<x178>[B] (+1) +0.483333333<x179>[B] (+0) +0.483333333<x180>[B] (+1) -0.483333333<x181>[B] (+1) -0.483333333<x182>[B] (+1) +0.483333333<x183>[B] (+1) -0.483333333<x184>[B] (+1) -0.483333333<x185>[B] (+1) +0.483333333<x186>[B] (+0) +0.483333333<x187>[B] (+1) +0.483333333<x188>[B] (+1) -0.483333333<x189>[B] (+1) -0.483333333<x190>[B] (+1) -0.483333333<x191>[B] (+1) +0.483333333<x192>[B] (+0) +0.483333333<x193>[B] (+1) -0.483333333<x194>[B] (+1) -0.483333333<x195>[B] (+1) +0.483333333<x196>[B] (+1) +0.483333333<x197>[B] (+0) +0.483333333<x198>[B] (+0) +0.483333333<x199>[B] (+0) +0.483333333<x200>[B] (+0) +0.483333333<x201>[B] (+0) +0.483333333<x202>[B] (+0) +0.483333333<x203>[B] (+0) -0.483333333<x204>[B] (+0) +0.483333333<x205>[B] (+1) -0.483333333<x206>[B] (+1) -0.483333333<x207>[B] (+1) -0.483333333<x208>[B] (+0) -0.483333333<x209>[B] (+0) -0.483333333<x210>[B] (+0) >= 23.3214285714286;
;
violation: left hand side is violated by 0.0333333333333456
2/4 feasible solutions given by solution candidate storage, new primal bound -5.000134e+06

presolving:
   (0.0s) symmetry computation started: requiring (bin +, int +, cont +), (fixed: bin -, int -, cont -)
   (0.0s) no symmetry present (symcode time: 0.00)
presolving (0 rounds: 0 fast, 0 medium, 0 exhaustive):
 0 deleted vars, 0 deleted constraints, 0 added constraints, 0 tightened bounds, 0 added holes, 0 changed sides, 0 changed coefficients
 0 implications, 0 cliques, 0 implied integral variables (0 bin, 0 int, 0 cont)
presolved problem has 260 variables (210 bin, 0 int, 50 cont) and 2798 constraints
   2798 constraints of type <linear>
Presolving Time: 0.02
transformed 2/2 original solutions to the transformed problem space

 time | node  | left  |LP iter|LP it/n|mem/heur|mdpt |vars |cons |rows |cuts |sepa|confs|strbr|  dualbound   | primalbound  |  gap   | compl. 
p 0.0s|     1 |     0 |    16 |     - |   locks|   0 | 260 |2798 |2798 |   0 |  0 |   0 |   0 | 5.960000e+02 |-1.578450e+03 |    Inf | unknown
  0.1s|     1 |     0 |   466 |     - |    30M |   0 | 260 |2798 |2798 |   0 |  0 |   0 |   0 |-1.104088e+03 |-1.578450e+03 |  42.96%| unknown
r 0.1s|     1 |     0 |   466 |     - |shifting|   0 | 260 |2798 |2798 |   0 |  0 |   0 |   0 |-1.104088e+03 |-1.115125e+03 |   1.00%| unknown
  0.1s|     1 |     0 |   473 |     - |    30M |   0 | 260 |2798 |2799 |   1 |  1 |   0 |   0 |-1.104095e+03 |-1.115125e+03 |   1.00%| unknown
  0.1s|     1 |     0 |   473 |     - |    30M |   0 | 260 |2798 |2799 |   1 |  1 |   0 |   0 |-1.104095e+03 |-1.115125e+03 |   1.00%| unknown
  0.1s|     1 |     0 |   475 |     - |    31M |   0 | 260 |2798 |2800 |   2 |  2 |   0 |   0 |-1.104097e+03 |-1.115125e+03 |   1.00%| unknown
r 0.1s|     1 |     0 |   475 |     - |shifting|   0 | 260 |2798 |2800 |   2 |  2 |   0 |   0 |-1.104097e+03 |-1.108808e+03 |   0.43%| unknown
  0.1s|     1 |     0 |   479 |     - |    31M |   0 | 260 |2798 |2801 |   3 |  3 |   0 |   0 |-1.104099e+03 |-1.108808e+03 |   0.43%| unknown
  0.1s|     1 |     0 |   479 |     - |    31M |   0 | 260 |2798 |2330 |   3 |  3 |   0 |   0 |-1.104099e+03 |-1.108808e+03 |   0.43%| unknown
  0.1s|     1 |     0 |   483 |     - |    31M |   0 | 260 |2798 |2331 |   4 |  4 |   0 |   0 |-1.104102e+03 |-1.108808e+03 |   0.43%| unknown
  0.1s|     1 |     0 |   486 |     - |    31M |   0 | 260 |2798 |2332 |   5 |  5 |   0 |   0 |-1.104104e+03 |-1.108808e+03 |   0.43%| unknown
  0.2s|     1 |     0 |   489 |     - |    32M |   0 | 260 |2798 |2333 |   6 |  6 |   0 |   0 |-1.104107e+03 |-1.108808e+03 |   0.43%| unknown
  0.2s|     1 |     0 |   490 |     - |    32M |   0 | 260 |2798 |2334 |   7 |  7 |   0 |   0 |-1.104107e+03 |-1.108808e+03 |   0.43%| unknown
r 0.2s|     1 |     0 |   490 |     - |shifting|   0 | 260 |2798 |2334 |   7 |  7 |   0 |   0 |-1.104107e+03 |-1.108573e+03 |   0.40%| unknown
  0.2s|     1 |     0 |   493 |     - |    32M |   0 | 260 |2798 |2336 |   9 |  8 |   0 |   0 |-1.104110e+03 |-1.108573e+03 |   0.40%| unknown
 time | node  | left  |LP iter|LP it/n|mem/heur|mdpt |vars |cons |rows |cuts |sepa|confs|strbr|  dualbound   | primalbound  |  gap   | compl. 
  0.2s|     1 |     0 |   493 |     - |    32M |   0 | 260 |2798 |2260 |   9 |  8 |   0 |   0 |-1.104110e+03 |-1.108573e+03 |   0.40%| unknown
  0.2s|     1 |     0 |   494 |     - |    32M |   0 | 260 |2798 |2261 |  10 |  9 |   0 |   0 |-1.104110e+03 |-1.108573e+03 |   0.40%| unknown
  0.2s|     1 |     0 |   496 |     - |    33M |   0 | 260 |2798 |2262 |  11 | 10 |   0 |   0 |-1.104112e+03 |-1.108573e+03 |   0.40%| unknown
  0.2s|     1 |     0 |   496 |     - |    33M |   0 | 260 |2229 |2262 |  11 | 11 |   0 |   0 |-1.104112e+03 |-1.108573e+03 |   0.40%| unknown
r 0.3s|     1 |     0 |   519 |     - |intshift|   0 | 260 |2229 |2262 |  11 | 12 |   0 |   0 |-1.104112e+03 |-1.105531e+03 |   0.13%| unknown
d 0.3s|     1 |     0 |   561 |     - |farkasdi|   0 | 260 |2229 |2262 |   0 | 12 |   0 |   0 |-1.104112e+03 |-1.104355e+03 |   0.02%| unknown
L 0.3s|     1 |     0 |   561 |     - |    rens|   0 | 260 |2229 |2262 |  11 | 12 |   0 |   0 |-1.104112e+03 |-1.104112e+03 |   0.00%| unknown
(run 1, node 1) restarting after 30 global fixings of integer variables

(restart) converted 11 cuts from the global cut pool into linear constraints

presolving:
presolving (0 rounds: 0 fast, 0 medium, 0 exhaustive):
 0 deleted vars, 0 deleted constraints, 0 added constraints, 0 tightened bounds, 0 added holes, 0 changed sides, 0 changed coefficients
 0 implications, 0 cliques, 0 implied integral variables (0 bin, 0 int, 0 cont)
presolved problem has 260 variables (210 bin, 0 int, 50 cont) and 2240 constraints
   2240 constraints of type <linear>
Presolving Time: 0.02
transformed 13/16 original solutions to the transformed problem space

 time | node  | left  |LP iter|LP it/n|mem/heur|mdpt |vars |cons |rows |cuts |sepa|confs|strbr|  dualbound   | primalbound  |  gap   | compl. 
  0.3s|     1 |     0 |   902 |     - |    33M |   0 | 260 |2240 |2240 |   0 |  0 |   0 |   0 |-1.104112e+03 |-1.104112e+03 |   0.00%| unknown
  0.3s|     1 |     0 |   902 |     - |    33M |   0 | 260 |2240 | 314 |   0 |  0 |   0 |   0 |-1.104112e+03 |-1.104112e+03 |   0.00%| unknown
  0.3s|     1 |     0 |   905 |     - |    33M |   0 | 260 |2240 | 324 |  10 |  1 |   0 |   0 |-1.104112e+03 |-1.104112e+03 |   0.00%| unknown
  0.3s|     1 |     0 |   905 |     - |    33M |   0 | 260 |2240 | 324 |  10 |  1 |   0 |   0 |-1.104112e+03 |-1.104112e+03 |   0.00%| unknown

SCIP Status        : problem is solved [optimal solution found]
Solving Time (sec) : 0.33
Solving Nodes      : 1 (total of 2 nodes in 2 runs)
Primal Bound       : -1.10411190476190e+03 (17 solutions)
Dual Bound         : -1.10411190476190e+03
Gap                : 0.00 %
