Loading instance...
Median ranking: [6, 17, 12, 20, 13, 2, 19, 7, 14, 9, 21, 1, 11, 18, 3, 16, 10, 5, 15, 8, 4]
Mean ranking: [6, 12, 17, 20, 13, 2, 19, 7, 14, 9, 21, 1, 11, 18, 3, 16, 5, 15, 8, 10, 4]
Actual error: 0.000793065435828133
Weighted Kendall distance: 33.5
Normalized distance: 0.010876623376623377
0 chg coeffs, 0 upgd conss, 0 impls, 0 clqs, 0 implints
   (0.0s) symmetry computation started: requiring (bin +, int +, cont +), (fixed: bin -, int -, cont -)
   (0.0s) no symmetry present (symcode time: 0.00)
presolving (2 rounds: 2 fast, 2 medium, 1 exhaustive):
 0 deleted vars, 2660 deleted constraints, 1330 added constraints, 0 tightened bounds, 0 added holes, 0 changed sides, 0 changed coefficients
 0 implications, 0 cliques, 0 implied integral variables (0 bin, 0 int, 0 cont)
presolved problem has 210 variables (0 bin, 0 int, 210 cont) and 1330 constraints
   1330 constraints of type <linear>
Presolving Time: 0.02
transformed 3/3 original solutions to the transformed problem space

 time | node  | left  |LP iter|LP it/n|mem/heur|mdpt |vars |cons |rows |cuts |sepa|confs|strbr|  dualbound   | primalbound  |  gap   | compl. 
* 0.0s|     1 |     0 |    39 |     - |    LP  |   0 | 210 |1330 |1330 |   0 |  0 |   0 |   0 | 2.180000e+02 | 2.180000e+02 |   0.00%| unknown
  0.0s|     1 |     0 |    39 |     - |  7800k |   0 | 210 |1330 |1330 |   0 |  0 |   0 |   0 | 2.180000e+02 | 2.180000e+02 |   0.00%| unknown

SCIP Status        : problem is solved [optimal solution found]
Solving Time (sec) : 0.02
Solving Nodes      : 1
Primal Bound       : +2.18000000000000e+02 (4 solutions)
Dual Bound         : +2.18000000000000e+02
Gap                : 0.00 %
feasible solution found by trivial heuristic after 0.0 seconds, objective value 0.000000e+00
presolving:
   (0.0s) running MILP presolver
   (0.0s) MILP presolver (2 rounds): 0 aggregations, 0 fixings, 0 bound changes
(round 1, medium)     0 del vars, 2660 del conss, 1330 add conss, 0 chg bounds, 0 chg sides, 0 chg coeffs, 0 upgd conss, 0 impls, 0 clqs, 0 implints
   (0.0s) probing: 51/210 (24.3%) - 0 fixings, 0 aggregations, 0 implications, 0 bound changes
   (0.0s) probing aborted: 50/50 successive totally useless probings
   (0.0s) symmetry computation started: requiring (bin +, int +, cont +), (fixed: bin -, int -, cont -)
   (0.0s) no symmetry present (symcode time: 0.00)
presolving (2 rounds: 2 fast, 2 medium, 1 exhaustive):
 0 deleted vars, 2660 deleted constraints, 1330 added constraints, 0 tightened bounds, 0 added holes, 0 changed sides, 0 changed coefficients
 0 implications, 0 cliques, 0 implied integral variables (0 bin, 0 int, 0 cont)
presolved problem has 210 variables (210 bin, 0 int, 0 cont) and 1330 constraints
   1330 constraints of type <linear>
transformed objective value is always integral (scale: 2)
Presolving Time: 0.01
transformed 2/2 original solutions to the transformed problem space

 time | node  | left  |LP iter|LP it/n|mem/heur|mdpt |vars |cons |rows |cuts |sepa|confs|strbr|  dualbound   | primalbound  |  gap   | compl. 
p 0.0s|     1 |     0 |     0 |     - |   locks|   0 | 210 |1330 |1330 |   0 |  0 |   0 |   0 | 2.340000e+02 | 2.600000e+01 | 800.00%| unknown
i 0.0s|     1 |     0 |     0 |     - |  oneopt|   0 | 210 |1330 |1330 |   0 |  0 |   0 |   0 | 2.340000e+02 | 1.340000e+02 |  74.63%| unknown
* 0.0s|     1 |     0 |    37 |     - |    LP  |   0 | 210 |1330 |1330 |   0 |  0 |   0 |   0 | 2.180000e+02 | 2.180000e+02 |   0.00%| unknown
  0.0s|     1 |     0 |    37 |     - |  7964k |   0 | 210 |1330 |1330 |   0 |  0 |   0 |   0 | 2.180000e+02 | 2.180000e+02 |   0.00%| unknown

SCIP Status        : problem is solved [optimal solution found]
Solving Time (sec) : 0.02
Solving Nodes      : 1
Primal Bound       : +2.18000000000000e+02 (5 solutions)
Dual Bound         : +2.18000000000000e+02
Gap                : 0.00 %
feasible solution found by trivial heuristic after 0.1 seconds, objective value -1.000090e+06
presolving:
(round 1, fast)       0 del vars, 0 del conss, 0 add conss, 20 chg bounds, 0 chg sides, 0 chg coeffs, 0 upgd conss, 0 impls, 0 clqs, 0 implints
   (0.4s) running MILP presolver
   (0.5s) MILP presolver (2 rounds): 0 aggregations, 0 fixings, 0 bound changes
(round 2, medium)     0 del vars, 4760 del conss, 3430 add conss, 20 chg bounds, 0 chg sides, 0 chg coeffs, 0 upgd conss, 0 impls, 0 clqs, 0 implints
   (0.8s) symmetry computation started: requiring (bin +, int +, cont +), (fixed: bin -, int -, cont -)
   (0.9s) no symmetry present (symcode time: 0.01)
presolving (3 rounds: 3 fast, 2 medium, 1 exhaustive):
 0 deleted vars, 4760 deleted constraints, 3430 added constraints, 20 tightened bounds, 0 added holes, 0 changed sides, 0 changed coefficients
 0 implications, 0 cliques, 0 implied integral variables (0 bin, 0 int, 0 cont)
presolved problem has 220 variables (0 bin, 0 int, 220 cont) and 3430 constraints
   3430 constraints of type <linear>
Presolving Time: 0.90

 time | node  | left  |LP iter|LP it/n|mem/heur|mdpt |vars |cons |rows |cuts |sepa|confs|strbr|  dualbound   | primalbound  |  gap   | compl. 
t 1.0s|     1 |     0 |     0 |     - | trivial|   0 | 220 |3430 |   0 |   0 |  0 |   0 |   0 | 2.340000e+02 |-1.140000e+03 |    Inf | unknown
* 1.1s|     1 |     0 |   341 |     - |    LP  |   0 | 220 |3430 |3430 |   0 |  0 |   0 |   0 |-1.942983e+02 |-1.942983e+02 |   0.00%| unknown
  1.1s|     1 |     0 |   341 |     - |   270M |   0 | 220 |3430 |3430 |   0 |  0 |   0 |   0 |-1.942983e+02 |-1.942983e+02 |   0.00%| unknown

SCIP Status        : problem is solved [optimal solution found]
Solving Time (sec) : 1.09
Solving Nodes      : 1
Primal Bound       : -1.94298329156224e+02 (3 solutions)
Dual Bound         : -1.94298329156224e+02
Gap                : 0.00 %
feasible solution found by trivial heuristic after 0.0 seconds, objective value -1.000090e+06
presolving:
(round 1, fast)       0 del vars, 0 del conss, 0 add conss, 20 chg bounds, 0 chg sides, 0 chg coeffs, 0 upgd conss, 0 impls, 0 clqs, 0 implints
   (0.3s) running MILP presolver
   (0.4s) MILP presolver (2 rounds): 0 aggregations, 0 fixings, 0 bound changes
(round 2, medium)     0 del vars, 4760 del conss, 3430 add conss, 20 chg bounds, 0 chg sides, 0 chg coeffs, 0 upgd conss, 0 impls, 0 clqs, 0 implints
   (0.7s) probing: 51/210 (24.3%) - 0 fixings, 0 aggregations, 0 implications, 0 bound changes
   (0.7s) probing aborted: 50/50 successive totally useless probings
   (0.8s) symmetry computation started: requiring (bin +, int +, cont +), (fixed: bin -, int -, cont -)
   (0.9s) no symmetry present (symcode time: 0.01)
presolving (3 rounds: 3 fast, 2 medium, 1 exhaustive):
 0 deleted vars, 4760 deleted constraints, 3430 added constraints, 20 tightened bounds, 0 added holes, 0 changed sides, 0 changed coefficients
 0 implications, 0 cliques, 0 implied integral variables (0 bin, 0 int, 0 cont)
presolved problem has 220 variables (210 bin, 0 int, 10 cont) and 3430 constraints
   3430 constraints of type <linear>
Presolving Time: 0.88

 time | node  | left  |LP iter|LP it/n|mem/heur|mdpt |vars |cons |rows |cuts |sepa|confs|strbr|  dualbound   | primalbound  |  gap   | compl. 
t 0.9s|     1 |     0 |     0 |     - | trivial|   0 | 220 |3430 |   0 |   0 |  0 |   0 |   0 | 2.340000e+02 |-1.140000e+03 |    Inf | unknown
p 1.1s|     1 |     0 |    10 |     - |   locks|   0 | 220 |3430 |3430 |   0 |  0 |   0 |   0 | 2.340000e+02 |-4.327167e+02 |    Inf | unknown
  1.2s|     1 |     0 |   351 |     - |   270M |   0 | 220 |3430 |3430 |   0 |  0 |   0 |   0 |-1.942983e+02 |-4.327167e+02 | 122.71%| unknown
r 1.2s|     1 |     0 |   351 |     - |shifting|   0 | 220 |3430 |3430 |   0 |  0 |   0 |   0 |-1.942983e+02 |-2.045473e+02 |   5.27%| unknown
  1.3s|     1 |     0 |   358 |     - |   271M |   0 | 220 |3430 |3431 |   1 |  1 |   0 |   0 |-1.943041e+02 |-2.045473e+02 |   5.27%| unknown
  1.4s|     1 |     0 |   367 |     - |   272M |   0 | 220 |3430 |3432 |   2 |  2 |   0 |   0 |-1.943114e+02 |-2.045473e+02 |   5.27%| unknown
r 1.4s|     1 |     0 |   367 |     - |shifting|   0 | 220 |3430 |3432 |   2 |  2 |   0 |   0 |-1.943114e+02 |-1.983940e+02 |   2.10%| unknown
  1.4s|     1 |     0 |   378 |     - |   272M |   0 | 220 |3430 |3434 |   4 |  3 |   0 |   0 |-1.943189e+02 |-1.983940e+02 |   2.10%| unknown
r 1.4s|     1 |     0 |   378 |     - |shifting|   0 | 220 |3430 |3434 |   4 |  3 |   0 |   0 |-1.943189e+02 |-1.978917e+02 |   1.84%| unknown
  1.4s|     1 |     0 |   391 |     - |   272M |   0 | 220 |3430 |3435 |   5 |  4 |   0 |   0 |-1.943202e+02 |-1.978917e+02 |   1.84%| unknown
  1.5s|     1 |     0 |   391 |     - |   272M |   0 | 220 |3430 |3435 |   5 |  4 |   0 |   0 |-1.943202e+02 |-1.978917e+02 |   1.84%| unknown
  1.5s|     1 |     0 |   393 |     - |   273M |   0 | 220 |3430 |3436 |   6 |  5 |   0 |   0 |-1.943240e+02 |-1.978917e+02 |   1.84%| unknown
  1.5s|     1 |     0 |   403 |     - |   273M |   0 | 220 |3430 |3437 |   7 |  6 |   0 |   0 |-1.943249e+02 |-1.978917e+02 |   1.84%| unknown
  1.6s|     1 |     0 |   403 |     - |   273M |   0 | 220 |3430 |3437 |   7 |  7 |   0 |   0 |-1.943249e+02 |-1.978917e+02 |   1.84%| unknown
d 1.7s|     1 |     0 |   421 |     - |farkasdi|   0 | 220 |3430 |3437 |   0 |  8 |   0 |   0 |-1.943249e+02 |-1.943357e+02 |   0.01%| unknown
 time | node  | left  |LP iter|LP it/n|mem/heur|mdpt |vars |cons |rows |cuts |sepa|confs|strbr|  dualbound   | primalbound  |  gap   | compl. 
  1.8s|     1 |     0 |   421 |     - |   273M |   0 | 220 |3430 |3437 |   7 |  8 |   0 |   0 |-1.943249e+02 |-1.943357e+02 |   0.01%| unknown
  1.9s|     1 |     0 |   421 |     - |   273M |   0 | 220 |3430 |2368 |   7 |  8 |   0 |   0 |-1.943249e+02 |-1.943357e+02 |   0.01%| unknown
  1.9s|     1 |     0 |   422 |     - |   274M |   0 | 220 |3430 |2369 |   8 |  9 |   0 |   0 |-1.943249e+02 |-1.943357e+02 |   0.01%| unknown
  2.0s|     1 |     0 |   433 |     - |   274M |   0 | 220 |3430 |2370 |   9 | 10 |   0 |   0 |-1.943260e+02 |-1.943357e+02 |   0.01%| unknown
  2.0s|     1 |     0 |   433 |     - |   273M |   0 | 220 |1718 |2370 |   9 | 10 |   0 |   0 |-1.943260e+02 |-1.943357e+02 |   0.01%| unknown
  2.1s|     1 |     0 |   447 |     - |   273M |   0 | 220 |1718 |2371 |  10 | 11 |   0 |   0 |-1.943262e+02 |-1.943357e+02 |   0.00%| unknown
  2.1s|     1 |     0 |   447 |     - |   273M |   0 | 220 |1718 |1732 |  10 | 11 |   0 |   0 |-1.943262e+02 |-1.943357e+02 |   0.00%| unknown
  2.1s|     1 |     0 |   447 |     - |   273M |   0 | 220 |1699 |1732 |  10 | 12 |   0 |   0 |-1.943262e+02 |-1.943357e+02 |   0.00%| unknown
(run 1, node 1) restarting after 175 global fixings of integer variables

(restart) converted 10 cuts from the global cut pool into linear constraints

presolving:
(round 1, fast)       175 del vars, 0 del conss, 0 add conss, 0 chg bounds, 150 chg sides, 140 chg coeffs, 0 upgd conss, 0 impls, 82 clqs, 0 implints
(round 2, fast)       175 del vars, 0 del conss, 0 add conss, 10 chg bounds, 150 chg sides, 140 chg coeffs, 0 upgd conss, 0 impls, 82 clqs, 0 implints
(round 3, fast)       175 del vars, 5 del conss, 0 add conss, 13 chg bounds, 191 chg sides, 210 chg coeffs, 0 upgd conss, 0 impls, 82 clqs, 0 implints
(round 4, fast)       175 del vars, 8 del conss, 0 add conss, 13 chg bounds, 191 chg sides, 210 chg coeffs, 0 upgd conss, 0 impls, 82 clqs, 0 implints
   (2.2s) running MILP presolver
   (2.2s) MILP presolver (3 rounds): 0 aggregations, 0 fixings, 9 bound changes
(round 5, medium)     175 del vars, 8 del conss, 0 add conss, 22 chg bounds, 191 chg sides, 210 chg coeffs, 0 upgd conss, 0 impls, 82 clqs, 0 implints
(round 6, fast)       175 del vars, 17 del conss, 0 add conss, 22 chg bounds, 258 chg sides, 350 chg coeffs, 0 upgd conss, 0 impls, 82 clqs, 0 implints
(round 7, exhaustive) 175 del vars, 17 del conss, 0 add conss, 22 chg bounds, 258 chg sides, 350 chg coeffs, 82 upgd conss, 0 impls, 82 clqs, 0 implints
presolving (8 rounds: 8 fast, 3 medium, 2 exhaustive):
 175 deleted vars, 17 deleted constraints, 0 added constraints, 22 tightened bounds, 0 added holes, 258 changed sides, 350 changed coefficients
 0 implications, 82 cliques, 0 implied integral variables (0 bin, 0 int, 0 cont)
presolved problem has 45 variables (35 bin, 0 int, 10 cont) and 1692 constraints
     82 constraints of type <setppc>
   1610 constraints of type <linear>
Presolving Time: 1.02
transformed 13/16 original solutions to the transformed problem space

 time | node  | left  |LP iter|LP it/n|mem/heur|mdpt |vars |cons |rows |cuts |sepa|confs|strbr|  dualbound   | primalbound  |  gap   | compl. 
  2.4s|     1 |     0 |   667 |     - |   267M |   0 |  45 |1696 |1692 |   0 |  0 |   3 |   0 |-1.943262e+02 |-1.943357e+02 |   0.00%| unknown
  2.4s|     1 |     0 |   667 |     - |   267M |   0 |  45 |1696 |1656 |   0 |  0 |   3 |   0 |-1.943262e+02 |-1.943357e+02 |   0.00%| unknown
  2.4s|     1 |     0 |   670 |     - |   267M |   0 |  45 |1683 |1619 |   1 |  1 |   3 |   0 |-1.943263e+02 |-1.943357e+02 |   0.00%| unknown
  2.5s|     1 |     0 |   689 |     - |   267M |   0 |  45 |1663 |1620 |   2 |  2 |   3 |   0 |-1.943275e+02 |-1.943357e+02 |   0.00%| unknown
  2.5s|     1 |     0 |   689 |     - |   267M |   0 |  45 |1663 |1605 |   2 |  2 |   3 |   0 |-1.943275e+02 |-1.943357e+02 |   0.00%| unknown
  2.5s|     1 |     0 |   702 |     - |   267M |   0 |  45 |1654 |1606 |   3 |  3 |   3 |   0 |-1.943283e+02 |-1.943357e+02 |   0.00%| unknown
  2.6s|     1 |     0 |   710 |     - |   267M |   0 |  45 |1654 |1607 |   4 |  4 |   3 |   0 |-1.943284e+02 |-1.943357e+02 |   0.00%| unknown
  2.6s|     1 |     0 |   715 |     - |   267M |   0 |  45 |1654 |1608 |   5 |  5 |   3 |   0 |-1.943285e+02 |-1.943357e+02 |   0.00%| unknown
  2.6s|     1 |     0 |   720 |     - |   268M |   0 |  45 |1654 |1609 |   6 |  6 |   3 |   0 |-1.943288e+02 |-1.943357e+02 |   0.00%| unknown
  2.7s|     1 |     0 |   725 |     - |   268M |   0 |  45 |1654 |1610 |   7 |  7 |   3 |   0 |-1.943291e+02 |-1.943357e+02 |   0.00%| unknown
  2.7s|     1 |     0 |   728 |     - |   268M |   0 |  45 |1654 |1611 |   8 |  8 |   3 |   0 |-1.943291e+02 |-1.943357e+02 |   0.00%| unknown
  2.8s|     1 |     0 |   741 |     - |   268M |   0 |  45 |1654 |1612 |   9 |  9 |   3 |   0 |-1.943295e+02 |-1.943357e+02 |   0.00%| unknown
  2.8s|     1 |     0 |   749 |     - |   268M |   0 |  45 |1654 |1613 |  10 | 10 |   3 |   0 |-1.943297e+02 |-1.943357e+02 |   0.00%| unknown
  2.8s|     1 |     0 |   749 |     - |   268M |   0 |  45 |1518 |1613 |  10 | 11 |   3 |   0 |-1.943297e+02 |-1.943357e+02 |   0.00%| unknown
  2.9s|     1 |     0 |   781 |     - |   268M |   0 |  45 |1519 |1613 |  10 | 12 |   5 |   0 |-1.943357e+02 |-1.943357e+02 |   0.00%| unknown

SCIP Status        : problem is solved [optimal solution found]
Solving Time (sec) : 2.88
Solving Nodes      : 1 (total of 2 nodes in 2 runs)
Primal Bound       : -1.94335714285714e+02 (27 solutions)
Dual Bound         : -1.94335714285714e+02
Gap                : 0.00 %
feasible solution found by trivial heuristic after 0.0 seconds, objective value 0.000000e+00
presolving:
   (0.0s) symmetry computation started: requiring (bin +, int +, cont +), (fixed: bin -, int -, cont -)
   (0.0s) symmetry computation finished: 9 generators found (max: 1500, log10 of symmetry group size: 6.56) (symcode time: 0.00)
dynamic symmetry handling statistics:
   orbitopal reduction:       no components
   orbital reduction:         no components
   lexicographic reduction:   no permutations
handled 1 out of 1 symmetry components
presolving (0 rounds: 0 fast, 0 medium, 0 exhaustive):
 0 deleted vars, 0 deleted constraints, 0 added constraints, 0 tightened bounds, 0 added holes, 0 changed sides, 0 changed coefficients
 0 implications, 0 cliques, 0 implied integral variables (0 bin, 0 int, 0 cont)
presolved problem has 220 variables (210 bin, 0 int, 10 cont) and 2669 constraints
   2669 constraints of type <linear>
Presolving Time: 0.00
transformed 2/2 original solutions to the transformed problem space

 time | node  | left  |LP iter|LP it/n|mem/heur|mdpt |vars |cons |rows |cuts |sepa|confs|strbr|  dualbound   | primalbound  |  gap   | compl. 
p 0.0s|     1 |     0 |     0 |     - |   locks|   0 | 220 |2660 |2660 |   0 |  0 |   0 |   0 | 2.340000e+02 | 1.600000e+01 |1362.50%| unknown
i 0.0s|     1 |     0 |     0 |     - |  oneopt|   0 | 220 |2660 |2660 |   0 |  0 |   0 |   0 | 2.340000e+02 | 1.260000e+02 |  85.71%| unknown
* 0.0s|     1 |     0 |    37 |     - |    LP  |   0 | 220 |2660 |2660 |   0 |  0 |   0 |   0 | 2.180000e+02 | 2.180000e+02 |   0.00%| unknown
  0.0s|     1 |     0 |    37 |     - |    10M |   0 | 220 |2660 |2660 |   0 |  0 |   0 |   0 | 2.180000e+02 | 2.180000e+02 |   0.00%| unknown

SCIP Status        : problem is solved [optimal solution found]
Solving Time (sec) : 0.01
Solving Nodes      : 1
Primal Bound       : +2.18000000000000e+02 (6 solutions)
Dual Bound         : +2.18000000000000e+02
Gap                : 0.00 %
  [linear] <c2661>: <x211>[C] (+0) -0.65952381<x1>[B] (+0) +0.65952381<x2>[B] (+1) +0.65952381<x3>[B] (+1) -0.65952381<x4>[B] (+1) -0.65952381<x5>[B] (+0) +0.65952381<x6>[B] (+0) -0.65952381<x7>[B] (+1) +0.65952381<x8>[B] (+0) +0.65952381<x9>[B] (+1) -0.65952381<x10>[B] (+1) +0.65952381<x11>[B] (+0) +0.65952381<x12>[B] (+0) +0.65952381<x13>[B] (+0) +0.65952381<x14>[B] (+1) +0.65952381<x15>[B] (+1) +0.65952381<x16>[B] (+0) -0.65952381<x17>[B] (+1) +0.65952381<x18>[B] (+0) +0.65952381<x19>[B] (+0) -0.65952381<x20>[B] (+0) +0.65952381<x21>[B] (+1) +0.65952381<x22>[B] (+1) -0.65952381<x23>[B] (+1) +0.65952381<x24>[B] (+0) +0.65952381<x25>[B] (+1) -0.65952381<x26>[B] (+1) +0.65952381<x27>[B] (+1) +0.65952381<x28>[B] (+1) -0.65952381<x29>[B] (+1) +0.65952381<x30>[B] (+0) +0.65952381<x31>[B] (+0) +0.65952381<x32>[B] (+1) +0.65952381<x33>[B] (+1) +0.65952381<x34>[B] (+1) +0.65952381<x35>[B] (+0) -0.65952381<x36>[B] (+1) +0.65952381<x37>[B] (+1) +0.65952381<x38>[B] (+0) -0.65952381<x39>[B] (+1) +0.65952381<x40>[B] (+1) -0.65952381<x41>[B] (+1) -0.65952381<x42>[B] (+0) +0.65952381<x43>[B] (+0) -0.65952381<x44>[B] (+1) -0.65952381<x45>[B] (+0) +0.65952381<x46>[B] (+1) -0.65952381<x47>[B] (+0) +0.65952381<x48>[B] (+0) +0.65952381<x49>[B] (+0) +0.65952381<x50>[B] (+0) +0.65952381<x51>[B] (+1) +0.65952381<x52>[B] (+1) +0.65952381<x53>[B] (+0) -0.65952381<x54>[B] (+0) +0.65952381<x55>[B] (+0) +0.65952381<x56>[B] (+0) -0.65952381<x57>[B] (+0) -0.65952381<x58>[B] (+0) -0.65952381<x59>[B] (+0) +0.65952381<x60>[B] (+0) -0.65952381<x61>[B] (+0) -0.65952381<x62>[B] (+0) +0.65952381<x63>[B] (+0) -0.65952381<x64>[B] (+0) +0.65952381<x65>[B] (+0) +0.65952381<x66>[B] (+0) +0.65952381<x67>[B] (+0) +0.65952381<x68>[B] (+0) +0.65952381<x69>[B] (+0) +0.65952381<x70>[B] (+0) -0.65952381<x71>[B] (+0) +0.65952381<x72>[B] (+0) +0.65952381<x73>[B] (+0) -0.65952381<x74>[B] (+0) +0.65952381<x75>[B] (+0) +0.65952381<x76>[B] (+0) +0.65952381<x77>[B] (+1) +0.65952381<x78>[B] (+0) +0.65952381<x79>[B] (+0) +0.65952381<x80>[B] (+0) +0.65952381<x81>[B] (+0) +0.65952381<x82>[B] (+0) +0.65952381<x83>[B] (+0) +0.65952381<x84>[B] (+1) +0.65952381<x85>[B] (+0) +0.65952381<x86>[B] (+0) +0.65952381<x87>[B] (+0) +0.65952381<x88>[B] (+0) +0.65952381<x89>[B] (+0) +0.65952381<x90>[B] (+0) +0.65952381<x91>[B] (+1) -0.65952381<x92>[B] (+1) +0.65952381<x93>[B] (+1) +0.65952381<x94>[B] (+1) -0.65952381<x95>[B] (+1) +0.65952381<x96>[B] (+1) +0.65952381<x97>[B] (+1) +0.65952381<x98>[B] (+1) +0.65952381<x99>[B] (+1) +0.65952381<x100>[B] (+1) +0.65952381<x101>[B] (+1) -0.65952381<x102>[B] (+1) +0.65952381<x103>[B] (+1) +0.65952381<x104>[B] (+1) -0.65952381<x105>[B] (+1) -0.65952381<x106>[B] (+1) -0.65952381<x107>[B] (+1) -0.65952381<x108>[B] (+1) -0.65952381<x109>[B] (+1) +0.65952381<x110>[B] (+0) +0.65952381<x111>[B] (+0) -0.65952381<x112>[B] (+1) +0.65952381<x113>[B] (+1) +0.65952381<x114>[B] (+1) +0.65952381<x115>[B] (+0) -0.65952381<x116>[B] (+1) +0.65952381<x117>[B] (+0) +0.65952381<x118>[B] (+0) -0.65952381<x119>[B] (+1) +0.65952381<x120>[B] (+0) +0.65952381<x121>[B] (+0) +0.65952381<x122>[B] (+0) +0.65952381<x123>[B] (+0) +0.65952381<x124>[B] (+0) +0.65952381<x125>[B] (+0) +0.65952381<x126>[B] (+0) +0.65952381<x127>[B] (+0) +0.65952381<x128>[B] (+0) +0.65952381<x129>[B] (+0) +0.65952381<x130>[B] (+0) +0.65952381<x131>[B] (+0) +0.65952381<x132>[B] (+0) +0.65952381<x133>[B] (+1) -0.65952381<x134>[B] (+1) +0.65952381<x135>[B] (+0) +0.65952381<x136>[B] (+0) +0.65952381<x137>[B] (+0) +0.65952381<x138>[B] (+1) +0.65952381<x139>[B] (+1) +0.65952381<x140>[B] (+0) -0.65952381<x141>[B] (+1) +0.65952381<x142>[B] (+0) +0.65952381<x143>[B] (+0) -0.65952381<x144>[B] (+1) -0.65952381<x145>[B] (+0) +0.65952381<x146>[B] (+0) +0.65952381<x147>[B] (+0) +0.65952381<x148>[B] (+0) +0.65952381<x149>[B] (+1) +0.65952381<x150>[B] (+0) +0.65952381<x151>[B] (+0) -0.65952381<x152>[B] (+0) +0.65952381<x153>[B] (+0) +0.65952381<x154>[B] (+0) -0.65952381<x155>[B] (+0) +0.65952381<x156>[B] (+0) +0.65952381<x157>[B] (+0) +0.65952381<x158>[B] (+0) +0.65952381<x159>[B] (+1) +0.65952381<x160>[B] (+1) +0.65952381<x161>[B] (+0) +0.65952381<x162>[B] (+1) +0.65952381<x163>[B] (+0) +0.65952381<x164>[B] (+0) +0.65952381<x165>[B] (+0) -0.65952381<x166>[B] (+1) -0.65952381<x167>[B] (+1) -0.65952381<x168>[B] (+1) -0.65952381<x169>[B] (+1) -0.65952381<x170>[B] (+0) -0.65952381<x171>[B] (+1) +0.65952381<x172>[B] (+1) -0.65952381<x173>[B] (+1) -0.65952381<x174>[B] (+1) -0.65952381<x175>[B] (+1) -0.65952381<x176>[B] (+1) -0.65952381<x177>[B] (+1) -0.65952381<x178>[B] (+0) -0.65952381<x179>[B] (+1) +0.65952381<x180>[B] (+1) -0.65952381<x181>[B] (+0) -0.65952381<x182>[B] (+1) +0.65952381<x183>[B] (+1) +0.65952381<x184>[B] (+1) +0.65952381<x185>[B] (+0) -0.65952381<x186>[B] (+1) +0.65952381<x187>[B] (+0) +0.65952381<x188>[B] (+0) -0.65952381<x189>[B] (+1) +0.65952381<x190>[B] (+0) +0.65952381<x191>[B] (+0) -0.65952381<x192>[B] (+0) +0.65952381<x193>[B] (+0) +0.65952381<x194>[B] (+0) -0.65952381<x195>[B] (+0) +0.65952381<x196>[B] (+0) -0.65952381<x197>[B] (+0) +0.65952381<x198>[B] (+0) +0.65952381<x199>[B] (+0) -0.65952381<x200>[B] (+0) -0.65952381<x201>[B] (+1) +0.65952381<x202>[B] (+1) -0.65952381<x203>[B] (+1) -0.65952381<x204>[B] (+1) +0.65952381<x205>[B] (+0) +0.65952381<x206>[B] (+0) +0.65952381<x207>[B] (+0) -0.65952381<x208>[B] (+0) -0.65952381<x209>[B] (+1) -0.65952381<x210>[B] (+1) >= 46.6619047619048;
;
violation: left hand side is violated by 46.0023809523809
  [linear] <c2661>: <x211>[C] (+0) -0.65952381<x1>[B] (+1) +0.65952381<x2>[B] (+1) +0.65952381<x3>[B] (+1) -0.65952381<x4>[B] (+1) -0.65952381<x5>[B] (+0) +0.65952381<x6>[B] (+1) -0.65952381<x7>[B] (+1) +0.65952381<x8>[B] (+0) +0.65952381<x9>[B] (+1) -0.65952381<x10>[B] (+1) +0.65952381<x11>[B] (+0) +0.65952381<x12>[B] (+0) +0.65952381<x13>[B] (+1) +0.65952381<x14>[B] (+1) +0.65952381<x15>[B] (+1) +0.65952381<x16>[B] (+0) -0.65952381<x17>[B] (+1) +0.65952381<x18>[B] (+0) +0.65952381<x19>[B] (+1) -0.65952381<x20>[B] (+1) +0.65952381<x21>[B] (+0) +0.65952381<x22>[B] (+0) -0.65952381<x23>[B] (+0) +0.65952381<x24>[B] (+0) +0.65952381<x25>[B] (+0) -0.65952381<x26>[B] (+0) +0.65952381<x27>[B] (+0) +0.65952381<x28>[B] (+0) -0.65952381<x29>[B] (+0) +0.65952381<x30>[B] (+0) +0.65952381<x31>[B] (+0) +0.65952381<x32>[B] (+0) +0.65952381<x33>[B] (+0) +0.65952381<x34>[B] (+0) +0.65952381<x35>[B] (+0) -0.65952381<x36>[B] (+1) +0.65952381<x37>[B] (+0) +0.65952381<x38>[B] (+0) -0.65952381<x39>[B] (+1) +0.65952381<x40>[B] (+1) -0.65952381<x41>[B] (+1) -0.65952381<x42>[B] (+0) +0.65952381<x43>[B] (+1) -0.65952381<x44>[B] (+1) -0.65952381<x45>[B] (+0) +0.65952381<x46>[B] (+1) -0.65952381<x47>[B] (+1) +0.65952381<x48>[B] (+0) +0.65952381<x49>[B] (+0) +0.65952381<x50>[B] (+1) +0.65952381<x51>[B] (+1) +0.65952381<x52>[B] (+1) +0.65952381<x53>[B] (+0) -0.65952381<x54>[B] (+1) +0.65952381<x55>[B] (+0) +0.65952381<x56>[B] (+1) -0.65952381<x57>[B] (+1) -0.65952381<x58>[B] (+0) -0.65952381<x59>[B] (+0) +0.65952381<x60>[B] (+0) -0.65952381<x61>[B] (+1) -0.65952381<x62>[B] (+0) +0.65952381<x63>[B] (+0) -0.65952381<x64>[B] (+0) +0.65952381<x65>[B] (+0) +0.65952381<x66>[B] (+0) +0.65952381<x67>[B] (+1) +0.65952381<x68>[B] (+0) +0.65952381<x69>[B] (+1) +0.65952381<x70>[B] (+0) -0.65952381<x71>[B] (+1) +0.65952381<x72>[B] (+0) +0.65952381<x73>[B] (+0) -0.65952381<x74>[B] (+1) +0.65952381<x75>[B] (+0) +0.65952381<x76>[B] (+0) +0.65952381<x77>[B] (+1) +0.65952381<x78>[B] (+0) +0.65952381<x79>[B] (+0) +0.65952381<x80>[B] (+0) +0.65952381<x81>[B] (+0) +0.65952381<x82>[B] (+0) +0.65952381<x83>[B] (+1) +0.65952381<x84>[B] (+0) +0.65952381<x85>[B] (+1) +0.65952381<x86>[B] (+0) +0.65952381<x87>[B] (+1) +0.65952381<x88>[B] (+0) +0.65952381<x89>[B] (+0) +0.65952381<x90>[B] (+1) +0.65952381<x91>[B] (+1) -0.65952381<x92>[B] (+1) +0.65952381<x93>[B] (+1) +0.65952381<x94>[B] (+1) -0.65952381<x95>[B] (+1) +0.65952381<x96>[B] (+1) +0.65952381<x97>[B] (+1) +0.65952381<x98>[B] (+1) +0.65952381<x99>[B] (+1) +0.65952381<x100>[B] (+1) +0.65952381<x101>[B] (+1) -0.65952381<x102>[B] (+1) +0.65952381<x103>[B] (+1) +0.65952381<x104>[B] (+1) -0.65952381<x105>[B] (+1) -0.65952381<x106>[B] (+1) -0.65952381<x107>[B] (+0) -0.65952381<x108>[B] (+1) -0.65952381<x109>[B] (+1) +0.65952381<x110>[B] (+0) +0.65952381<x111>[B] (+0) -0.65952381<x112>[B] (+1) +0.65952381<x113>[B] (+1) +0.65952381<x114>[B] (+1) +0.65952381<x115>[B] (+0) -0.65952381<x116>[B] (+1) +0.65952381<x117>[B] (+0) +0.65952381<x118>[B] (+1) -0.65952381<x119>[B] (+1) +0.65952381<x120>[B] (+0) +0.65952381<x121>[B] (+0) +0.65952381<x122>[B] (+0) +0.65952381<x123>[B] (+0) +0.65952381<x124>[B] (+0) +0.65952381<x125>[B] (+1) +0.65952381<x126>[B] (+0) +0.65952381<x127>[B] (+1) +0.65952381<x128>[B] (+0) +0.65952381<x129>[B] (+1) +0.65952381<x130>[B] (+0) +0.65952381<x131>[B] (+0) +0.65952381<x132>[B] (+1) +0.65952381<x133>[B] (+1) -0.65952381<x134>[B] (+1) +0.65952381<x135>[B] (+1) +0.65952381<x136>[B] (+0) +0.65952381<x137>[B] (+1) +0.65952381<x138>[B] (+1) +0.65952381<x139>[B] (+1) +0.65952381<x140>[B] (+0) -0.65952381<x141>[B] (+1) +0.65952381<x142>[B] (+0) +0.65952381<x143>[B] (+1) -0.65952381<x144>[B] (+1) -0.65952381<x145>[B] (+0) +0.65952381<x146>[B] (+0) +0.65952381<x147>[B] (+0) +0.65952381<x148>[B] (+1) +0.65952381<x149>[B] (+0) +0.65952381<x150>[B] (+1) +0.65952381<x151>[B] (+0) -0.65952381<x152>[B] (+1) +0.65952381<x153>[B] (+0) +0.65952381<x154>[B] (+1) -0.65952381<x155>[B] (+1) +0.65952381<x156>[B] (+0) +0.65952381<x157>[B] (+0) +0.65952381<x158>[B] (+1) +0.65952381<x159>[B] (+1) +0.65952381<x160>[B] (+1) +0.65952381<x161>[B] (+0) +0.65952381<x162>[B] (+1) +0.65952381<x163>[B] (+0) +0.65952381<x164>[B] (+1) +0.65952381<x165>[B] (+1) -0.65952381<x166>[B] (+0) -0.65952381<x167>[B] (+1) -0.65952381<x168>[B] (+1) -0.65952381<x169>[B] (+1) -0.65952381<x170>[B] (+0) -0.65952381<x171>[B] (+1) +0.65952381<x172>[B] (+0) -0.65952381<x173>[B] (+1) -0.65952381<x174>[B] (+1) -0.65952381<x175>[B] (+1) -0.65952381<x176>[B] (+1) -0.65952381<x177>[B] (+1) -0.65952381<x178>[B] (+0) -0.65952381<x179>[B] (+1) +0.65952381<x180>[B] (+1) -0.65952381<x181>[B] (+1) -0.65952381<x182>[B] (+1) +0.65952381<x183>[B] (+0) +0.65952381<x184>[B] (+1) +0.65952381<x185>[B] (+0) -0.65952381<x186>[B] (+1) +0.65952381<x187>[B] (+0) +0.65952381<x188>[B] (+0) -0.65952381<x189>[B] (+1) +0.65952381<x190>[B] (+1) +0.65952381<x191>[B] (+0) -0.65952381<x192>[B] (+1) +0.65952381<x193>[B] (+0) +0.65952381<x194>[B] (+1) -0.65952381<x195>[B] (+1) +0.65952381<x196>[B] (+0) -0.65952381<x197>[B] (+1) +0.65952381<x198>[B] (+0) +0.65952381<x199>[B] (+0) -0.65952381<x200>[B] (+1) -0.65952381<x201>[B] (+1) +0.65952381<x202>[B] (+1) -0.65952381<x203>[B] (+1) -0.65952381<x204>[B] (+1) +0.65952381<x205>[B] (+0) +0.65952381<x206>[B] (+0) +0.65952381<x207>[B] (+0) -0.65952381<x208>[B] (+1) -0.65952381<x209>[B] (+1) -0.65952381<x210>[B] (+1) >= 46.6619047619048;
;
violation: left hand side is violated by 43.3642857142857
  [linear] <c2661>: <x211>[C] (+0) -0.65952381<x1>[B] (+1) +0.65952381<x2>[B] (+1) +0.65952381<x3>[B] (+1) -0.65952381<x4>[B] (+1) -0.65952381<x5>[B] (+1) +0.65952381<x6>[B] (+1) -0.65952381<x7>[B] (+1) +0.65952381<x8>[B] (+0) +0.65952381<x9>[B] (+1) -0.65952381<x10>[B] (+1) +0.65952381<x11>[B] (+1) +0.65952381<x12>[B] (+1) +0.65952381<x13>[B] (+1) +0.65952381<x14>[B] (+1) +0.65952381<x15>[B] (+1) +0.65952381<x16>[B] (+1) -0.65952381<x17>[B] (+1) +0.65952381<x18>[B] (+1) +0.65952381<x19>[B] (+1) -0.65952381<x20>[B] (+1) +0.65952381<x21>[B] (+0) +0.65952381<x22>[B] (+0) -0.65952381<x23>[B] (+0) +0.65952381<x24>[B] (+0) +0.65952381<x25>[B] (+0) -0.65952381<x26>[B] (+0) +0.65952381<x27>[B] (+0) +0.65952381<x28>[B] (+0) -0.65952381<x29>[B] (+0) +0.65952381<x30>[B] (+0) +0.65952381<x31>[B] (+0) +0.65952381<x32>[B] (+0) +0.65952381<x33>[B] (+0) +0.65952381<x34>[B] (+0) +0.65952381<x35>[B] (+0) -0.65952381<x36>[B] (+0) +0.65952381<x37>[B] (+0) +0.65952381<x38>[B] (+0) -0.65952381<x39>[B] (+1) +0.65952381<x40>[B] (+1) -0.65952381<x41>[B] (+1) -0.65952381<x42>[B] (+0) +0.65952381<x43>[B] (+1) -0.65952381<x44>[B] (+1) -0.65952381<x45>[B] (+0) +0.65952381<x46>[B] (+1) -0.65952381<x47>[B] (+1) +0.65952381<x48>[B] (+1) +0.65952381<x49>[B] (+1) +0.65952381<x50>[B] (+1) +0.65952381<x51>[B] (+1) +0.65952381<x52>[B] (+1) +0.65952381<x53>[B] (+0) -0.65952381<x54>[B] (+1) +0.65952381<x55>[B] (+1) +0.65952381<x56>[B] (+1) -0.65952381<x57>[B] (+1) -0.65952381<x58>[B] (+1) -0.65952381<x59>[B] (+0) +0.65952381<x60>[B] (+1) -0.65952381<x61>[B] (+1) -0.65952381<x62>[B] (+0) +0.65952381<x63>[B] (+1) -0.65952381<x64>[B] (+1) +0.65952381<x65>[B] (+1) +0.65952381<x66>[B] (+1) +0.65952381<x67>[B] (+1) +0.65952381<x68>[B] (+1) +0.65952381<x69>[B] (+1) +0.65952381<x70>[B] (+0) -0.65952381<x71>[B] (+1) +0.65952381<x72>[B] (+0) +0.65952381<x73>[B] (+1) -0.65952381<x74>[B] (+1) +0.65952381<x75>[B] (+0) +0.65952381<x76>[B] (+0) +0.65952381<x77>[B] (+1) +0.65952381<x78>[B] (+0) +0.65952381<x79>[B] (+0) +0.65952381<x80>[B] (+0) +0.65952381<x81>[B] (+1) +0.65952381<x82>[B] (+0) +0.65952381<x83>[B] (+1) +0.65952381<x84>[B] (+0) +0.65952381<x85>[B] (+1) +0.65952381<x86>[B] (+0) +0.65952381<x87>[B] (+1) +0.65952381<x88>[B] (+0) +0.65952381<x89>[B] (+0) +0.65952381<x90>[B] (+1) +0.65952381<x91>[B] (+1) -0.65952381<x92>[B] (+1) +0.65952381<x93>[B] (+0) +0.65952381<x94>[B] (+1) -0.65952381<x95>[B] (+1) +0.65952381<x96>[B] (+1) +0.65952381<x97>[B] (+1) +0.65952381<x98>[B] (+1) +0.65952381<x99>[B] (+1) +0.65952381<x100>[B] (+1) +0.65952381<x101>[B] (+1) -0.65952381<x102>[B] (+1) +0.65952381<x103>[B] (+1) +0.65952381<x104>[B] (+1) -0.65952381<x105>[B] (+1) -0.65952381<x106>[B] (+1) -0.65952381<x107>[B] (+0) -0.65952381<x108>[B] (+1) -0.65952381<x109>[B] (+1) +0.65952381<x110>[B] (+1) +0.65952381<x111>[B] (+1) -0.65952381<x112>[B] (+1) +0.65952381<x113>[B] (+1) +0.65952381<x114>[B] (+1) +0.65952381<x115>[B] (+0) -0.65952381<x116>[B] (+1) +0.65952381<x117>[B] (+0) +0.65952381<x118>[B] (+1) -0.65952381<x119>[B] (+1) +0.65952381<x120>[B] (+0) +0.65952381<x121>[B] (+0) +0.65952381<x122>[B] (+0) +0.65952381<x123>[B] (+1) +0.65952381<x124>[B] (+0) +0.65952381<x125>[B] (+1) +0.65952381<x126>[B] (+0) +0.65952381<x127>[B] (+1) +0.65952381<x128>[B] (+0) +0.65952381<x129>[B] (+1) +0.65952381<x130>[B] (+0) +0.65952381<x131>[B] (+0) +0.65952381<x132>[B] (+1) +0.65952381<x133>[B] (+1) -0.65952381<x134>[B] (+1) +0.65952381<x135>[B] (+1) +0.65952381<x136>[B] (+1) +0.65952381<x137>[B] (+1) +0.65952381<x138>[B] (+1) +0.65952381<x139>[B] (+1) +0.65952381<x140>[B] (+1) -0.65952381<x141>[B] (+1) +0.65952381<x142>[B] (+1) +0.65952381<x143>[B] (+1) -0.65952381<x144>[B] (+1) -0.65952381<x145>[B] (+0) +0.65952381<x146>[B] (+1) +0.65952381<x147>[B] (+0) +0.65952381<x148>[B] (+1) +0.65952381<x149>[B] (+0) +0.65952381<x150>[B] (+1) +0.65952381<x151>[B] (+0) -0.65952381<x152>[B] (+1) +0.65952381<x153>[B] (+0) +0.65952381<x154>[B] (+1) -0.65952381<x155>[B] (+1) +0.65952381<x156>[B] (+1) +0.65952381<x157>[B] (+0) +0.65952381<x158>[B] (+1) +0.65952381<x159>[B] (+0) +0.65952381<x160>[B] (+1) +0.65952381<x161>[B] (+0) +0.65952381<x162>[B] (+1) +0.65952381<x163>[B] (+0) +0.65952381<x164>[B] (+1) +0.65952381<x165>[B] (+1) -0.65952381<x166>[B] (+0) -0.65952381<x167>[B] (+1) -0.65952381<x168>[B] (+0) -0.65952381<x169>[B] (+1) -0.65952381<x170>[B] (+0) -0.65952381<x171>[B] (+1) +0.65952381<x172>[B] (+0) -0.65952381<x173>[B] (+0) -0.65952381<x174>[B] (+1) -0.65952381<x175>[B] (+1) -0.65952381<x176>[B] (+1) -0.65952381<x177>[B] (+1) -0.65952381<x178>[B] (+0) -0.65952381<x179>[B] (+1) +0.65952381<x180>[B] (+0) -0.65952381<x181>[B] (+1) -0.65952381<x182>[B] (+1) +0.65952381<x183>[B] (+0) +0.65952381<x184>[B] (+1) +0.65952381<x185>[B] (+0) -0.65952381<x186>[B] (+1) +0.65952381<x187>[B] (+0) +0.65952381<x188>[B] (+0) -0.65952381<x189>[B] (+1) +0.65952381<x190>[B] (+1) +0.65952381<x191>[B] (+0) -0.65952381<x192>[B] (+1) +0.65952381<x193>[B] (+0) +0.65952381<x194>[B] (+1) -0.65952381<x195>[B] (+1) +0.65952381<x196>[B] (+0) -0.65952381<x197>[B] (+1) +0.65952381<x198>[B] (+0) +0.65952381<x199>[B] (+0) -0.65952381<x200>[B] (+1) -0.65952381<x201>[B] (+1) +0.65952381<x202>[B] (+1) -0.65952381<x203>[B] (+1) -0.65952381<x204>[B] (+1) +0.65952381<x205>[B] (+0) +0.65952381<x206>[B] (+0) +0.65952381<x207>[B] (+1) -0.65952381<x208>[B] (+1) -0.65952381<x209>[B] (+1) -0.65952381<x210>[B] (+1) >= 46.6619047619048;
;
violation: left hand side is violated by 30.1738095238095
  [linear] <c2661>: <x211>[C] (+0) -0.65952381<x1>[B] (+0) +0.65952381<x2>[B] (+0) +0.65952381<x3>[B] (+0) -0.65952381<x4>[B] (+0) -0.65952381<x5>[B] (+0) +0.65952381<x6>[B] (+0) -0.65952381<x7>[B] (+0) +0.65952381<x8>[B] (+0) +0.65952381<x9>[B] (+0) -0.65952381<x10>[B] (+0) +0.65952381<x11>[B] (+0) +0.65952381<x12>[B] (+0) +0.65952381<x13>[B] (+0) +0.65952381<x14>[B] (+0) +0.65952381<x15>[B] (+0) +0.65952381<x16>[B] (+0) -0.65952381<x17>[B] (+0) +0.65952381<x18>[B] (+0) +0.65952381<x19>[B] (+0) -0.65952381<x20>[B] (+0) +0.65952381<x21>[B] (+0) +0.65952381<x22>[B] (+0) -0.65952381<x23>[B] (+0) +0.65952381<x24>[B] (+0) +0.65952381<x25>[B] (+0) -0.65952381<x26>[B] (+0) +0.65952381<x27>[B] (+0) +0.65952381<x28>[B] (+0) -0.65952381<x29>[B] (+0) +0.65952381<x30>[B] (+0) +0.65952381<x31>[B] (+0) +0.65952381<x32>[B] (+0) +0.65952381<x33>[B] (+0) +0.65952381<x34>[B] (+0) +0.65952381<x35>[B] (+0) -0.65952381<x36>[B] (+0) +0.65952381<x37>[B] (+0) +0.65952381<x38>[B] (+0) -0.65952381<x39>[B] (+0) +0.65952381<x40>[B] (+0) -0.65952381<x41>[B] (+0) -0.65952381<x42>[B] (+0) +0.65952381<x43>[B] (+0) -0.65952381<x44>[B] (+0) -0.65952381<x45>[B] (+0) +0.65952381<x46>[B] (+0) -0.65952381<x47>[B] (+0) +0.65952381<x48>[B] (+0) +0.65952381<x49>[B] (+0) +0.65952381<x50>[B] (+0) +0.65952381<x51>[B] (+0) +0.65952381<x52>[B] (+0) +0.65952381<x53>[B] (+0) -0.65952381<x54>[B] (+0) +0.65952381<x55>[B] (+0) +0.65952381<x56>[B] (+0) -0.65952381<x57>[B] (+0) -0.65952381<x58>[B] (+0) -0.65952381<x59>[B] (+0) +0.65952381<x60>[B] (+0) -0.65952381<x61>[B] (+0) -0.65952381<x62>[B] (+0) +0.65952381<x63>[B] (+0) -0.65952381<x64>[B] (+0) +0.65952381<x65>[B] (+0) +0.65952381<x66>[B] (+0) +0.65952381<x67>[B] (+0) +0.65952381<x68>[B] (+0) +0.65952381<x69>[B] (+0) +0.65952381<x70>[B] (+0) -0.65952381<x71>[B] (+0) +0.65952381<x72>[B] (+0) +0.65952381<x73>[B] (+0) -0.65952381<x74>[B] (+0) +0.65952381<x75>[B] (+0) +0.65952381<x76>[B] (+0) +0.65952381<x77>[B] (+0) +0.65952381<x78>[B] (+0) +0.65952381<x79>[B] (+0) +0.65952381<x80>[B] (+0) +0.65952381<x81>[B] (+0) +0.65952381<x82>[B] (+0) +0.65952381<x83>[B] (+0) +0.65952381<x84>[B] (+0) +0.65952381<x85>[B] (+0) +0.65952381<x86>[B] (+0) +0.65952381<x87>[B] (+0) +0.65952381<x88>[B] (+0) +0.65952381<x89>[B] (+0) +0.65952381<x90>[B] (+0) +0.65952381<x91>[B] (+0) -0.65952381<x92>[B] (+0) +0.65952381<x93>[B] (+0) +0.65952381<x94>[B] (+0) -0.65952381<x95>[B] (+0) +0.65952381<x96>[B] (+0) +0.65952381<x97>[B] (+0) +0.65952381<x98>[B] (+0) +0.65952381<x99>[B] (+0) +0.65952381<x100>[B] (+0) +0.65952381<x101>[B] (+0) -0.65952381<x102>[B] (+0) +0.65952381<x103>[B] (+0) +0.65952381<x104>[B] (+0) -0.65952381<x105>[B] (+0) -0.65952381<x106>[B] (+0) -0.65952381<x107>[B] (+0) -0.65952381<x108>[B] (+0) -0.65952381<x109>[B] (+0) +0.65952381<x110>[B] (+0) +0.65952381<x111>[B] (+0) -0.65952381<x112>[B] (+0) +0.65952381<x113>[B] (+0) +0.65952381<x114>[B] (+0) +0.65952381<x115>[B] (+0) -0.65952381<x116>[B] (+0) +0.65952381<x117>[B] (+0) +0.65952381<x118>[B] (+0) -0.65952381<x119>[B] (+0) +0.65952381<x120>[B] (+0) +0.65952381<x121>[B] (+0) +0.65952381<x122>[B] (+0) +0.65952381<x123>[B] (+0) +0.65952381<x124>[B] (+0) +0.65952381<x125>[B] (+0) +0.65952381<x126>[B] (+0) +0.65952381<x127>[B] (+0) +0.65952381<x128>[B] (+0) +0.65952381<x129>[B] (+0) +0.65952381<x130>[B] (+0) +0.65952381<x131>[B] (+0) +0.65952381<x132>[B] (+0) +0.65952381<x133>[B] (+0) -0.65952381<x134>[B] (+0) +0.65952381<x135>[B] (+0) +0.65952381<x136>[B] (+0) +0.65952381<x137>[B] (+0) +0.65952381<x138>[B] (+0) +0.65952381<x139>[B] (+0) +0.65952381<x140>[B] (+0) -0.65952381<x141>[B] (+0) +0.65952381<x142>[B] (+0) +0.65952381<x143>[B] (+0) -0.65952381<x144>[B] (+0) -0.65952381<x145>[B] (+0) +0.65952381<x146>[B] (+0) +0.65952381<x147>[B] (+0) +0.65952381<x148>[B] (+0) +0.65952381<x149>[B] (+0) +0.65952381<x150>[B] (+0) +0.65952381<x151>[B] (+0) -0.65952381<x152>[B] (+0) +0.65952381<x153>[B] (+0) +0.65952381<x154>[B] (+0) -0.65952381<x155>[B] (+0) +0.65952381<x156>[B] (+0) +0.65952381<x157>[B] (+0) +0.65952381<x158>[B] (+0) +0.65952381<x159>[B] (+0) +0.65952381<x160>[B] (+0) +0.65952381<x161>[B] (+0) +0.65952381<x162>[B] (+0) +0.65952381<x163>[B] (+0) +0.65952381<x164>[B] (+0) +0.65952381<x165>[B] (+0) -0.65952381<x166>[B] (+0) -0.65952381<x167>[B] (+0) -0.65952381<x168>[B] (+0) -0.65952381<x169>[B] (+0) -0.65952381<x170>[B] (+0) -0.65952381<x171>[B] (+0) +0.65952381<x172>[B] (+0) -0.65952381<x173>[B] (+0) -0.65952381<x174>[B] (+0) -0.65952381<x175>[B] (+0) -0.65952381<x176>[B] (+0) -0.65952381<x177>[B] (+0) -0.65952381<x178>[B] (+0) -0.65952381<x179>[B] (+0) +0.65952381<x180>[B] (+0) -0.65952381<x181>[B] (+0) -0.65952381<x182>[B] (+0) +0.65952381<x183>[B] (+0) +0.65952381<x184>[B] (+0) +0.65952381<x185>[B] (+0) -0.65952381<x186>[B] (+0) +0.65952381<x187>[B] (+0) +0.65952381<x188>[B] (+0) -0.65952381<x189>[B] (+0) +0.65952381<x190>[B] (+0) +0.65952381<x191>[B] (+0) -0.65952381<x192>[B] (+0) +0.65952381<x193>[B] (+0) +0.65952381<x194>[B] (+0) -0.65952381<x195>[B] (+0) +0.65952381<x196>[B] (+0) -0.65952381<x197>[B] (+0) +0.65952381<x198>[B] (+0) +0.65952381<x199>[B] (+0) -0.65952381<x200>[B] (+0) -0.65952381<x201>[B] (+0) +0.65952381<x202>[B] (+0) -0.65952381<x203>[B] (+0) -0.65952381<x204>[B] (+0) +0.65952381<x205>[B] (+0) +0.65952381<x206>[B] (+0) +0.65952381<x207>[B] (+0) -0.65952381<x208>[B] (+0) -0.65952381<x209>[B] (+0) -0.65952381<x210>[B] (+0) >= 46.6619047619048;
;
violation: left hand side is violated by 46.6619047619048
  [linear] <c2661>: <x211>[C] (+0) -0.65952381<x1>[B] (+1) +0.65952381<x2>[B] (+1) +0.65952381<x3>[B] (+1) -0.65952381<x4>[B] (+1) -0.65952381<x5>[B] (+1) +0.65952381<x6>[B] (+1) -0.65952381<x7>[B] (+1) +0.65952381<x8>[B] (+1) +0.65952381<x9>[B] (+1) -0.65952381<x10>[B] (+1) +0.65952381<x11>[B] (+1) +0.65952381<x12>[B] (+1) +0.65952381<x13>[B] (+1) +0.65952381<x14>[B] (+1) +0.65952381<x15>[B] (+1) +0.65952381<x16>[B] (+1) -0.65952381<x17>[B] (+1) +0.65952381<x18>[B] (+1) +0.65952381<x19>[B] (+1) -0.65952381<x20>[B] (+1) +0.65952381<x21>[B] (+1) +0.65952381<x22>[B] (+1) -0.65952381<x23>[B] (+1) +0.65952381<x24>[B] (+1) +0.65952381<x25>[B] (+1) -0.65952381<x26>[B] (+1) +0.65952381<x27>[B] (+1) +0.65952381<x28>[B] (+1) -0.65952381<x29>[B] (+1) +0.65952381<x30>[B] (+1) +0.65952381<x31>[B] (+1) +0.65952381<x32>[B] (+1) +0.65952381<x33>[B] (+1) +0.65952381<x34>[B] (+1) +0.65952381<x35>[B] (+1) -0.65952381<x36>[B] (+1) +0.65952381<x37>[B] (+1) +0.65952381<x38>[B] (+1) -0.65952381<x39>[B] (+1) +0.65952381<x40>[B] (+1) -0.65952381<x41>[B] (+1) -0.65952381<x42>[B] (+1) +0.65952381<x43>[B] (+1) -0.65952381<x44>[B] (+1) -0.65952381<x45>[B] (+1) +0.65952381<x46>[B] (+1) -0.65952381<x47>[B] (+1) +0.65952381<x48>[B] (+1) +0.65952381<x49>[B] (+1) +0.65952381<x50>[B] (+1) +0.65952381<x51>[B] (+1) +0.65952381<x52>[B] (+1) +0.65952381<x53>[B] (+1) -0.65952381<x54>[B] (+1) +0.65952381<x55>[B] (+1) +0.65952381<x56>[B] (+1) -0.65952381<x57>[B] (+1) -0.65952381<x58>[B] (+1) -0.65952381<x59>[B] (+1) +0.65952381<x60>[B] (+1) -0.65952381<x61>[B] (+1) -0.65952381<x62>[B] (+1) +0.65952381<x63>[B] (+1) -0.65952381<x64>[B] (+1) +0.65952381<x65>[B] (+1) +0.65952381<x66>[B] (+1) +0.65952381<x67>[B] (+1) +0.65952381<x68>[B] (+1) +0.65952381<x69>[B] (+1) +0.65952381<x70>[B] (+1) -0.65952381<x71>[B] (+1) +0.65952381<x72>[B] (+1) +0.65952381<x73>[B] (+1) -0.65952381<x74>[B] (+1) +0.65952381<x75>[B] (+1) +0.65952381<x76>[B] (+1) +0.65952381<x77>[B] (+1) +0.65952381<x78>[B] (+1) +0.65952381<x79>[B] (+1) +0.65952381<x80>[B] (+1) +0.65952381<x81>[B] (+1) +0.65952381<x82>[B] (+1) +0.65952381<x83>[B] (+1) +0.65952381<x84>[B] (+1) +0.65952381<x85>[B] (+1) +0.65952381<x86>[B] (+1) +0.65952381<x87>[B] (+1) +0.65952381<x88>[B] (+1) +0.65952381<x89>[B] (+1) +0.65952381<x90>[B] (+1) +0.65952381<x91>[B] (+1) -0.65952381<x92>[B] (+1) +0.65952381<x93>[B] (+1) +0.65952381<x94>[B] (+1) -0.65952381<x95>[B] (+1) +0.65952381<x96>[B] (+1) +0.65952381<x97>[B] (+1) +0.65952381<x98>[B] (+1) +0.65952381<x99>[B] (+1) +0.65952381<x100>[B] (+1) +0.65952381<x101>[B] (+1) -0.65952381<x102>[B] (+1) +0.65952381<x103>[B] (+1) +0.65952381<x104>[B] (+1) -0.65952381<x105>[B] (+1) -0.65952381<x106>[B] (+1) -0.65952381<x107>[B] (+1) -0.65952381<x108>[B] (+1) -0.65952381<x109>[B] (+1) +0.65952381<x110>[B] (+1) +0.65952381<x111>[B] (+1) -0.65952381<x112>[B] (+1) +0.65952381<x113>[B] (+1) +0.65952381<x114>[B] (+1) +0.65952381<x115>[B] (+1) -0.65952381<x116>[B] (+1) +0.65952381<x117>[B] (+1) +0.65952381<x118>[B] (+1) -0.65952381<x119>[B] (+1) +0.65952381<x120>[B] (+1) +0.65952381<x121>[B] (+1) +0.65952381<x122>[B] (+1) +0.65952381<x123>[B] (+1) +0.65952381<x124>[B] (+1) +0.65952381<x125>[B] (+1) +0.65952381<x126>[B] (+1) +0.65952381<x127>[B] (+1) +0.65952381<x128>[B] (+1) +0.65952381<x129>[B] (+1) +0.65952381<x130>[B] (+1) +0.65952381<x131>[B] (+1) +0.65952381<x132>[B] (+1) +0.65952381<x133>[B] (+1) -0.65952381<x134>[B] (+1) +0.65952381<x135>[B] (+1) +0.65952381<x136>[B] (+1) +0.65952381<x137>[B] (+1) +0.65952381<x138>[B] (+1) +0.65952381<x139>[B] (+1) +0.65952381<x140>[B] (+1) -0.65952381<x141>[B] (+1) +0.65952381<x142>[B] (+1) +0.65952381<x143>[B] (+1) -0.65952381<x144>[B] (+1) -0.65952381<x145>[B] (+1) +0.65952381<x146>[B] (+1) +0.65952381<x147>[B] (+1) +0.65952381<x148>[B] (+1) +0.65952381<x149>[B] (+1) +0.65952381<x150>[B] (+1) +0.65952381<x151>[B] (+1) -0.65952381<x152>[B] (+1) +0.65952381<x153>[B] (+1) +0.65952381<x154>[B] (+1) -0.65952381<x155>[B] (+1) +0.65952381<x156>[B] (+1) +0.65952381<x157>[B] (+1) +0.65952381<x158>[B] (+1) +0.65952381<x159>[B] (+1) +0.65952381<x160>[B] (+1) +0.65952381<x161>[B] (+1) +0.65952381<x162>[B] (+1) +0.65952381<x163>[B] (+1) +0.65952381<x164>[B] (+1) +0.65952381<x165>[B] (+1) -0.65952381<x166>[B] (+1) -0.65952381<x167>[B] (+1) -0.65952381<x168>[B] (+1) -0.65952381<x169>[B] (+1) -0.65952381<x170>[B] (+1) -0.65952381<x171>[B] (+1) +0.65952381<x172>[B] (+1) -0.65952381<x173>[B] (+1) -0.65952381<x174>[B] (+1) -0.65952381<x175>[B] (+1) -0.65952381<x176>[B] (+1) -0.65952381<x177>[B] (+1) -0.65952381<x178>[B] (+1) -0.65952381<x179>[B] (+1) +0.65952381<x180>[B] (+1) -0.65952381<x181>[B] (+1) -0.65952381<x182>[B] (+1) +0.65952381<x183>[B] (+1) +0.65952381<x184>[B] (+1) +0.65952381<x185>[B] (+1) -0.65952381<x186>[B] (+1) +0.65952381<x187>[B] (+1) +0.65952381<x188>[B] (+1) -0.65952381<x189>[B] (+1) +0.65952381<x190>[B] (+1) +0.65952381<x191>[B] (+1) -0.65952381<x192>[B] (+1) +0.65952381<x193>[B] (+1) +0.65952381<x194>[B] (+1) -0.65952381<x195>[B] (+1) +0.65952381<x196>[B] (+1) -0.65952381<x197>[B] (+1) +0.65952381<x198>[B] (+1) +0.65952381<x199>[B] (+1) -0.65952381<x200>[B] (+1) -0.65952381<x201>[B] (+1) +0.65952381<x202>[B] (+1) -0.65952381<x203>[B] (+1) -0.65952381<x204>[B] (+1) +0.65952381<x205>[B] (+1) +0.65952381<x206>[B] (+1) +0.65952381<x207>[B] (+1) -0.65952381<x208>[B] (+1) -0.65952381<x209>[B] (+1) -0.65952381<x210>[B] (+1) >= 46.6619047619048;
;
violation: left hand side is violated by 0.495238095238079
1/6 feasible solution given by solution candidate storage, new primal bound -1.000090e+06

presolving:
   (0.0s) symmetry computation started: requiring (bin +, int +, cont +), (fixed: bin -, int -, cont -)
   (0.0s) no symmetry present (symcode time: 0.00)
presolving (0 rounds: 0 fast, 0 medium, 0 exhaustive):
 0 deleted vars, 0 deleted constraints, 0 added constraints, 0 tightened bounds, 0 added holes, 0 changed sides, 0 changed coefficients
 0 implications, 0 cliques, 0 implied integral variables (0 bin, 0 int, 0 cont)
presolved problem has 220 variables (210 bin, 0 int, 10 cont) and 2670 constraints
   2670 constraints of type <linear>
Presolving Time: 0.00
transformed 1/1 original solutions to the transformed problem space

 time | node  | left  |LP iter|LP it/n|mem/heur|mdpt |vars |cons |rows |cuts |sepa|confs|strbr|  dualbound   | primalbound  |  gap   | compl. 
p 0.0s|     1 |     0 |     1 |     - |   locks|   0 | 220 |2670 |2670 |   0 |  0 |   0 |   0 | 2.340000e+02 |-3.667024e+02 |    Inf | unknown
* 0.0s|     1 |     0 |   149 |     - |    LP  |   0 | 220 |2670 |2670 |   0 |  0 |   0 |   0 |-1.938119e+02 |-1.938119e+02 |   0.00%| unknown
  0.0s|     1 |     0 |   149 |     - |    11M |   0 | 220 |2670 |2670 |   0 |  0 |   0 |   0 |-1.938119e+02 |-1.938119e+02 |   0.00%| unknown

SCIP Status        : problem is solved [optimal solution found]
Solving Time (sec) : 0.02
Solving Nodes      : 1
Primal Bound       : -1.93811904761905e+02 (4 solutions)
Dual Bound         : -1.93811904761905e+02
Gap                : 0.00 %
  [linear] <c2671>: <x211>[C] (+40.7261905) -0.621428571<x1>[B] (+0) +0.621428571<x2>[B] (+1) +0.621428571<x3>[B] (+1) -0.621428571<x4>[B] (+1) -0.621428571<x5>[B] (+0) +0.621428571<x6>[B] (+0) -0.621428571<x7>[B] (+1) +0.621428571<x8>[B] (+0) +0.621428571<x9>[B] (+1) -0.621428571<x10>[B] (+0) +0.621428571<x11>[B] (+0) +0.621428571<x12>[B] (+0) +0.621428571<x13>[B] (+0) +0.621428571<x14>[B] (+1) +0.621428571<x15>[B] (+1) +0.621428571<x16>[B] (+0) -0.621428571<x17>[B] (+0) +0.621428571<x18>[B] (+0) +0.621428571<x19>[B] (+0) -0.621428571<x20>[B] (+0) +0.621428571<x21>[B] (+1) +0.621428571<x22>[B] (+1) -0.621428571<x23>[B] (+1) +0.621428571<x24>[B] (+0) +0.621428571<x25>[B] (+1) -0.621428571<x26>[B] (+1) +0.621428571<x27>[B] (+1) +0.621428571<x28>[B] (+1) -0.621428571<x29>[B] (+1) +0.621428571<x30>[B] (+0) +0.621428571<x31>[B] (+0) +0.621428571<x32>[B] (+1) +0.621428571<x33>[B] (+1) +0.621428571<x34>[B] (+1) +0.621428571<x35>[B] (+0) -0.621428571<x36>[B] (+1) +0.621428571<x37>[B] (+1) +0.621428571<x38>[B] (+0) -0.621428571<x39>[B] (+1) +0.621428571<x40>[B] (+1) -0.621428571<x41>[B] (+1) -0.621428571<x42>[B] (+0) +0.621428571<x43>[B] (+0) -0.621428571<x44>[B] (+1) -0.621428571<x45>[B] (+0) +0.621428571<x46>[B] (+1) -0.621428571<x47>[B] (+0) +0.621428571<x48>[B] (+0) +0.621428571<x49>[B] (+0) +0.621428571<x50>[B] (+0) +0.621428571<x51>[B] (+1) +0.621428571<x52>[B] (+1) +0.621428571<x53>[B] (+0) -0.621428571<x54>[B] (+0) +0.621428571<x55>[B] (+0) +0.621428571<x56>[B] (+0) -0.621428571<x57>[B] (+0) -0.621428571<x58>[B] (+0) -0.621428571<x59>[B] (+0) +0.621428571<x60>[B] (+0) -0.621428571<x61>[B] (+0) -0.621428571<x62>[B] (+0) +0.621428571<x63>[B] (+0) -0.621428571<x64>[B] (+0) +0.621428571<x65>[B] (+0) +0.621428571<x66>[B] (+0) +0.621428571<x67>[B] (+0) +0.621428571<x68>[B] (+0) +0.621428571<x69>[B] (+0) +0.621428571<x70>[B] (+0) -0.621428571<x71>[B] (+0) +0.621428571<x72>[B] (+0) +0.621428571<x73>[B] (+0) -0.621428571<x74>[B] (+0) +0.621428571<x75>[B] (+0) +0.621428571<x76>[B] (+0) +0.621428571<x77>[B] (+1) +0.621428571<x78>[B] (+0) +0.621428571<x79>[B] (+1) +0.621428571<x80>[B] (+0) +0.621428571<x81>[B] (+0) +0.621428571<x82>[B] (+0) +0.621428571<x83>[B] (+0) +0.621428571<x84>[B] (+1) +0.621428571<x85>[B] (+0) +0.621428571<x86>[B] (+0) +0.621428571<x87>[B] (+0) +0.621428571<x88>[B] (+0) +0.621428571<x89>[B] (+0) +0.621428571<x90>[B] (+0) +0.621428571<x91>[B] (+1) -0.621428571<x92>[B] (+1) +0.621428571<x93>[B] (+1) +0.621428571<x94>[B] (+1) -0.621428571<x95>[B] (+1) +0.621428571<x96>[B] (+1) +0.621428571<x97>[B] (+1) +0.621428571<x98>[B] (+1) +0.621428571<x99>[B] (+1) +0.621428571<x100>[B] (+1) +0.621428571<x101>[B] (+1) -0.621428571<x102>[B] (+1) +0.621428571<x103>[B] (+1) +0.621428571<x104>[B] (+1) -0.621428571<x105>[B] (+1) -0.621428571<x106>[B] (+1) -0.621428571<x107>[B] (+1) -0.621428571<x108>[B] (+1) -0.621428571<x109>[B] (+1) +0.621428571<x110>[B] (+0) +0.621428571<x111>[B] (+0) -0.621428571<x112>[B] (+1) +0.621428571<x113>[B] (+1) +0.621428571<x114>[B] (+1) +0.621428571<x115>[B] (+0) -0.621428571<x116>[B] (+1) +0.621428571<x117>[B] (+0) +0.621428571<x118>[B] (+0) -0.621428571<x119>[B] (+1) +0.621428571<x120>[B] (+0) +0.621428571<x121>[B] (+1) +0.621428571<x122>[B] (+0) +0.621428571<x123>[B] (+0) +0.621428571<x124>[B] (+0) +0.621428571<x125>[B] (+0) +0.621428571<x126>[B] (+0) +0.621428571<x127>[B] (+0) +0.621428571<x128>[B] (+0) +0.621428571<x129>[B] (+0) +0.621428571<x130>[B] (+0) +0.621428571<x131>[B] (+0) +0.621428571<x132>[B] (+0) +0.621428571<x133>[B] (+1) -0.621428571<x134>[B] (+0) +0.621428571<x135>[B] (+0) +0.621428571<x136>[B] (+0) +0.621428571<x137>[B] (+0) +0.621428571<x138>[B] (+1) +0.621428571<x139>[B] (+1) +0.621428571<x140>[B] (+0) -0.621428571<x141>[B] (+0) +0.621428571<x142>[B] (+0) +0.621428571<x143>[B] (+0) -0.621428571<x144>[B] (+1) -0.621428571<x145>[B] (+0) +0.621428571<x146>[B] (+0) +0.621428571<x147>[B] (+0) +0.621428571<x148>[B] (+0) +0.621428571<x149>[B] (+0) +0.621428571<x150>[B] (+0) +0.621428571<x151>[B] (+0) -0.621428571<x152>[B] (+0) +0.621428571<x153>[B] (+0) +0.621428571<x154>[B] (+0) -0.621428571<x155>[B] (+0) +0.621428571<x156>[B] (+0) +0.621428571<x157>[B] (+0) +0.621428571<x158>[B] (+1) +0.621428571<x159>[B] (+1) +0.621428571<x160>[B] (+1) +0.621428571<x161>[B] (+0) +0.621428571<x162>[B] (+1) +0.621428571<x163>[B] (+0) +0.621428571<x164>[B] (+0) +0.621428571<x165>[B] (+1) -0.621428571<x166>[B] (+1) -0.621428571<x167>[B] (+1) -0.621428571<x168>[B] (+1) -0.621428571<x169>[B] (+1) -0.621428571<x170>[B] (+1) -0.621428571<x171>[B] (+1) +0.621428571<x172>[B] (+1) -0.621428571<x173>[B] (+1) -0.621428571<x174>[B] (+1) -0.621428571<x175>[B] (+1) -0.621428571<x176>[B] (+1) -0.621428571<x177>[B] (+1) -0.621428571<x178>[B] (+0) -0.621428571<x179>[B] (+1) +0.621428571<x180>[B] (+1) -0.621428571<x181>[B] (+0) -0.621428571<x182>[B] (+1) +0.621428571<x183>[B] (+1) +0.621428571<x184>[B] (+1) +0.621428571<x185>[B] (+0) -0.621428571<x186>[B] (+0) +0.621428571<x187>[B] (+0) +0.621428571<x188>[B] (+0) -0.621428571<x189>[B] (+1) +0.621428571<x190>[B] (+0) +0.621428571<x191>[B] (+0) -0.621428571<x192>[B] (+0) +0.621428571<x193>[B] (+0) +0.621428571<x194>[B] (+0) -0.621428571<x195>[B] (+0) +0.621428571<x196>[B] (+0) -0.621428571<x197>[B] (+0) +0.621428571<x198>[B] (+0) +0.621428571<x199>[B] (+0) -0.621428571<x200>[B] (+0) -0.621428571<x201>[B] (+1) +0.621428571<x202>[B] (+1) -0.621428571<x203>[B] (+1) -0.621428571<x204>[B] (+1) +0.621428571<x205>[B] (+0) +0.621428571<x206>[B] (+0) +0.621428571<x207>[B] (+1) -0.621428571<x208>[B] (+0) -0.621428571<x209>[B] (+1) -0.621428571<x210>[B] (+1) >= 46.4523809523809;
;
violation: left hand side is violated by 0.133333333333333
  [linear] <c2671>: <x211>[C] (+9.72857143) -0.621428571<x1>[B] (+1) +0.621428571<x2>[B] (+0) +0.621428571<x3>[B] (+0) -0.621428571<x4>[B] (+0) -0.621428571<x5>[B] (+1) +0.621428571<x6>[B] (+1) -0.621428571<x7>[B] (+1) +0.621428571<x8>[B] (+1) +0.621428571<x9>[B] (+1) -0.621428571<x10>[B] (+1) +0.621428571<x11>[B] (+1) +0.621428571<x12>[B] (+1) +0.621428571<x13>[B] (+1) +0.621428571<x14>[B] (+1) +0.621428571<x15>[B] (+1) +0.621428571<x16>[B] (+1) -0.621428571<x17>[B] (+1) +0.621428571<x18>[B] (+1) +0.621428571<x19>[B] (+1) -0.621428571<x20>[B] (+1) +0.621428571<x21>[B] (+0) +0.621428571<x22>[B] (+0) -0.621428571<x23>[B] (+0) +0.621428571<x24>[B] (+1) +0.621428571<x25>[B] (+0) -0.621428571<x26>[B] (+0) +0.621428571<x27>[B] (+0) +0.621428571<x28>[B] (+0) -0.621428571<x29>[B] (+1) +0.621428571<x30>[B] (+1) +0.621428571<x31>[B] (+1) +0.621428571<x32>[B] (+0) +0.621428571<x33>[B] (+0) +0.621428571<x34>[B] (+0) +0.621428571<x35>[B] (+1) -0.621428571<x36>[B] (+0) +0.621428571<x37>[B] (+0) +0.621428571<x38>[B] (+0) -0.621428571<x39>[B] (+0) +0.621428571<x40>[B] (+1) -0.621428571<x41>[B] (+1) -0.621428571<x42>[B] (+1) +0.621428571<x43>[B] (+1) -0.621428571<x44>[B] (+1) -0.621428571<x45>[B] (+1) +0.621428571<x46>[B] (+1) -0.621428571<x47>[B] (+1) +0.621428571<x48>[B] (+1) +0.621428571<x49>[B] (+1) +0.621428571<x50>[B] (+1) +0.621428571<x51>[B] (+1) +0.621428571<x52>[B] (+1) +0.621428571<x53>[B] (+1) -0.621428571<x54>[B] (+1) +0.621428571<x55>[B] (+1) +0.621428571<x56>[B] (+1) -0.621428571<x57>[B] (+1) -0.621428571<x58>[B] (+1) -0.621428571<x59>[B] (+1) +0.621428571<x60>[B] (+1) -0.621428571<x61>[B] (+1) -0.621428571<x62>[B] (+1) +0.621428571<x63>[B] (+1) -0.621428571<x64>[B] (+1) +0.621428571<x65>[B] (+1) +0.621428571<x66>[B] (+1) +0.621428571<x67>[B] (+1) +0.621428571<x68>[B] (+1) +0.621428571<x69>[B] (+1) +0.621428571<x70>[B] (+1) -0.621428571<x71>[B] (+1) +0.621428571<x72>[B] (+1) +0.621428571<x73>[B] (+1) -0.621428571<x74>[B] (+1) +0.621428571<x75>[B] (+1) +0.621428571<x76>[B] (+1) +0.621428571<x77>[B] (+1) +0.621428571<x78>[B] (+1) +0.621428571<x79>[B] (+1) +0.621428571<x80>[B] (+1) +0.621428571<x81>[B] (+1) +0.621428571<x82>[B] (+1) +0.621428571<x83>[B] (+1) +0.621428571<x84>[B] (+1) +0.621428571<x85>[B] (+1) +0.621428571<x86>[B] (+1) +0.621428571<x87>[B] (+1) +0.621428571<x88>[B] (+1) +0.621428571<x89>[B] (+1) +0.621428571<x90>[B] (+1) +0.621428571<x91>[B] (+0) -0.621428571<x92>[B] (+0) +0.621428571<x93>[B] (+0) +0.621428571<x94>[B] (+0) -0.621428571<x95>[B] (+0) +0.621428571<x96>[B] (+0) +0.621428571<x97>[B] (+0) +0.621428571<x98>[B] (+0) +0.621428571<x99>[B] (+0) +0.621428571<x100>[B] (+0) +0.621428571<x101>[B] (+0) -0.621428571<x102>[B] (+0) +0.621428571<x103>[B] (+0) +0.621428571<x104>[B] (+0) -0.621428571<x105>[B] (+0) -0.621428571<x106>[B] (+1) -0.621428571<x107>[B] (+0) -0.621428571<x108>[B] (+0) -0.621428571<x109>[B] (+1) +0.621428571<x110>[B] (+1) +0.621428571<x111>[B] (+1) -0.621428571<x112>[B] (+0) +0.621428571<x113>[B] (+0) +0.621428571<x114>[B] (+1) +0.621428571<x115>[B] (+1) -0.621428571<x116>[B] (+0) +0.621428571<x117>[B] (+0) +0.621428571<x118>[B] (+0) -0.621428571<x119>[B] (+1) +0.621428571<x120>[B] (+0) +0.621428571<x121>[B] (+0) +0.621428571<x122>[B] (+1) +0.621428571<x123>[B] (+1) +0.621428571<x124>[B] (+1) +0.621428571<x125>[B] (+0) +0.621428571<x126>[B] (+0) +0.621428571<x127>[B] (+1) +0.621428571<x128>[B] (+1) +0.621428571<x129>[B] (+0) +0.621428571<x130>[B] (+0) +0.621428571<x131>[B] (+0) +0.621428571<x132>[B] (+1) +0.621428571<x133>[B] (+1) -0.621428571<x134>[B] (+1) +0.621428571<x135>[B] (+1) +0.621428571<x136>[B] (+1) +0.621428571<x137>[B] (+1) +0.621428571<x138>[B] (+1) +0.621428571<x139>[B] (+1) +0.621428571<x140>[B] (+1) -0.621428571<x141>[B] (+1) +0.621428571<x142>[B] (+1) +0.621428571<x143>[B] (+1) -0.621428571<x144>[B] (+1) -0.621428571<x145>[B] (+1) +0.621428571<x146>[B] (+1) +0.621428571<x147>[B] (+1) +0.621428571<x148>[B] (+1) +0.621428571<x149>[B] (+1) +0.621428571<x150>[B] (+1) +0.621428571<x151>[B] (+1) -0.621428571<x152>[B] (+1) +0.621428571<x153>[B] (+1) +0.621428571<x154>[B] (+1) -0.621428571<x155>[B] (+1) +0.621428571<x156>[B] (+1) +0.621428571<x157>[B] (+1) +0.621428571<x158>[B] (+0) +0.621428571<x159>[B] (+0) +0.621428571<x160>[B] (+0) +0.621428571<x161>[B] (+1) +0.621428571<x162>[B] (+0) +0.621428571<x163>[B] (+0) +0.621428571<x164>[B] (+0) +0.621428571<x165>[B] (+0) -0.621428571<x166>[B] (+0) -0.621428571<x167>[B] (+0) -0.621428571<x168>[B] (+0) -0.621428571<x169>[B] (+0) -0.621428571<x170>[B] (+1) -0.621428571<x171>[B] (+0) +0.621428571<x172>[B] (+0) -0.621428571<x173>[B] (+0) -0.621428571<x174>[B] (+0) -0.621428571<x175>[B] (+0) -0.621428571<x176>[B] (+0) -0.621428571<x177>[B] (+0) -0.621428571<x178>[B] (+1) -0.621428571<x179>[B] (+0) +0.621428571<x180>[B] (+0) -0.621428571<x181>[B] (+0) -0.621428571<x182>[B] (+0) +0.621428571<x183>[B] (+1) +0.621428571<x184>[B] (+1) +0.621428571<x185>[B] (+1) -0.621428571<x186>[B] (+1) +0.621428571<x187>[B] (+1) +0.621428571<x188>[B] (+1) -0.621428571<x189>[B] (+1) +0.621428571<x190>[B] (+1) +0.621428571<x191>[B] (+1) -0.621428571<x192>[B] (+0) +0.621428571<x193>[B] (+1) +0.621428571<x194>[B] (+1) -0.621428571<x195>[B] (+1) +0.621428571<x196>[B] (+1) -0.621428571<x197>[B] (+0) +0.621428571<x198>[B] (+0) +0.621428571<x199>[B] (+0) -0.621428571<x200>[B] (+1) -0.621428571<x201>[B] (+0) +0.621428571<x202>[B] (+0) -0.621428571<x203>[B] (+0) -0.621428571<x204>[B] (+0) +0.621428571<x205>[B] (+1) +0.621428571<x206>[B] (+1) +0.621428571<x207>[B] (+1) -0.621428571<x208>[B] (+1) -0.621428571<x209>[B] (+1) -0.621428571<x210>[B] (+1) >= 46.4523809523809;
;
violation: left hand side is violated by 1.9238095238095
2/4 feasible solutions given by solution candidate storage, new primal bound -1.000090e+06

presolving:
   (0.0s) symmetry computation started: requiring (bin +, int +, cont +), (fixed: bin -, int -, cont -)
   (0.0s) no symmetry present (symcode time: 0.00)
presolving (0 rounds: 0 fast, 0 medium, 0 exhaustive):
 0 deleted vars, 0 deleted constraints, 0 added constraints, 0 tightened bounds, 0 added holes, 0 changed sides, 0 changed coefficients
 0 implications, 0 cliques, 0 implied integral variables (0 bin, 0 int, 0 cont)
presolved problem has 220 variables (210 bin, 0 int, 10 cont) and 2679 constraints
   2679 constraints of type <linear>
Presolving Time: 0.00
transformed 2/2 original solutions to the transformed problem space

 time | node  | left  |LP iter|LP it/n|mem/heur|mdpt |vars |cons |rows |cuts |sepa|confs|strbr|  dualbound   | primalbound  |  gap   | compl. 
p 0.0s|     1 |     0 |     0 |     - |   locks|   0 | 220 |2679 |2679 |   0 |  0 |   0 |   0 | 2.340000e+02 |-3.782500e+02 |    Inf | unknown
  0.0s|     1 |     0 |   181 |     - |    12M |   0 | 220 |2679 |2679 |   0 |  0 |   0 |   0 |-1.941847e+02 |-3.782500e+02 |  94.79%| unknown
r 0.0s|     1 |     0 |   181 |     - |shifting|   0 | 220 |2679 |2679 |   0 |  0 |   0 |   0 |-1.941847e+02 |-2.067036e+02 |   6.45%| unknown
  0.1s|     1 |     0 |   189 |     - |    13M |   0 | 220 |2679 |2680 |   1 |  1 |   0 |   0 |-1.942058e+02 |-2.067036e+02 |   6.44%| unknown
r 0.1s|     1 |     0 |   189 |     - |shifting|   0 | 220 |2679 |2680 |   1 |  1 |   0 |   0 |-1.942058e+02 |-2.013071e+02 |   3.66%| unknown
  0.1s|     1 |     0 |   189 |     - |    13M |   0 | 220 |2679 |2680 |   1 |  1 |   0 |   0 |-1.942058e+02 |-2.013071e+02 |   3.66%| unknown
  0.1s|     1 |     0 |   193 |     - |    14M |   0 | 220 |2679 |2681 |   2 |  2 |   0 |   0 |-1.942199e+02 |-2.013071e+02 |   3.65%| unknown
  0.1s|     1 |     0 |   208 |     - |    14M |   0 | 220 |2679 |2682 |   3 |  3 |   0 |   0 |-1.942351e+02 |-2.013071e+02 |   3.64%| unknown
  0.1s|     1 |     0 |   211 |     - |    14M |   0 | 220 |2679 |2683 |   4 |  4 |   0 |   0 |-1.942398e+02 |-2.013071e+02 |   3.64%| unknown
r 0.1s|     1 |     0 |   211 |     - |shifting|   0 | 220 |2679 |2683 |   4 |  4 |   0 |   0 |-1.942398e+02 |-1.986782e+02 |   2.29%| unknown
  0.2s|     1 |     0 |   224 |     - |    15M |   0 | 220 |2679 |2684 |   5 |  5 |   0 |   0 |-1.942475e+02 |-1.986782e+02 |   2.28%| unknown
  0.2s|     1 |     0 |   228 |     - |    15M |   0 | 220 |2679 |2685 |   6 |  6 |   0 |   0 |-1.942500e+02 |-1.986782e+02 |   2.28%| unknown
d 0.2s|     1 |     0 |   228 |     - |farkasdi|   0 | 220 |2679 |2685 |   0 |  7 |   0 |   0 |-1.942500e+02 |-1.942500e+02 |   0.00%| unknown
  0.2s|     1 |     0 |   228 |     - |    15M |   0 | 220 |2679 |2685 |   6 |  7 |   0 |   0 |-1.942500e+02 |-1.942500e+02 |   0.00%| unknown

SCIP Status        : problem is solved [optimal solution found]
Solving Time (sec) : 0.20
Solving Nodes      : 1
Primal Bound       : -1.94250000000000e+02 (10 solutions)
Dual Bound         : -1.94250000000000e+02
Gap                : 0.00 %
  [linear] <c2680>: <x212>[C] (+41.4571429) +0.626190476<x1>[B] (+0) -0.626190476<x2>[B] (+1) +0.626190476<x3>[B] (+1) +0.626190476<x4>[B] (+1) +0.626190476<x5>[B] (+0) +0.626190476<x6>[B] (+2.33979502e-12) +0.626190476<x7>[B] (+1) +0.626190476<x8>[B] (+2.33979502e-12) -0.626190476<x9>[B] (+1) +0.626190476<x10>[B] (+1) +0.626190476<x11>[B] (+0) +0.626190476<x12>[B] (+0) +0.626190476<x13>[B] (+2.33979502e-12) +0.626190476<x14>[B] (+1) -0.626190476<x15>[B] (+1) +0.626190476<x16>[B] (+0) +0.626190476<x17>[B] (+1) +0.626190476<x18>[B] (+0) -0.626190476<x19>[B] (+0) +0.626190476<x20>[B] (+0) -0.626190476<x21>[B] (+1) -0.626190476<x22>[B] (+1) -0.626190476<x23>[B] (+1) +0.626190476<x24>[B] (+0) -0.626190476<x25>[B] (+1) -0.626190476<x26>[B] (+1) +0.626190476<x27>[B] (+1) -0.626190476<x28>[B] (+1) -0.626190476<x29>[B] (+1) +0.626190476<x30>[B] (+0) -0.626190476<x31>[B] (+0) -0.626190476<x32>[B] (+1) +0.626190476<x33>[B] (+1) -0.626190476<x34>[B] (+1) +0.626190476<x35>[B] (+0) -0.626190476<x36>[B] (+1) -0.626190476<x37>[B] (+1) -0.626190476<x38>[B] (+0) -0.626190476<x39>[B] (+1) +0.626190476<x40>[B] (+1) +0.626190476<x41>[B] (+1) +0.626190476<x42>[B] (+0) +0.626190476<x43>[B] (+0) +0.626190476<x44>[B] (+1) +0.626190476<x45>[B] (+2.33979502e-12) +0.626190476<x46>[B] (+1) +0.626190476<x47>[B] (+0) +0.626190476<x48>[B] (+0) +0.626190476<x49>[B] (+0) +0.626190476<x50>[B] (+0) +0.626190476<x51>[B] (+1) -0.626190476<x52>[B] (+1) +0.626190476<x53>[B] (+0) +0.626190476<x54>[B] (+0) +0.626190476<x55>[B] (+0) +0.626190476<x56>[B] (+0) +0.626190476<x57>[B] (+0) +0.626190476<x58>[B] (+0) +0.626190476<x59>[B] (+0) +0.626190476<x60>[B] (+0) +0.626190476<x61>[B] (+0) +0.626190476<x62>[B] (+0) -0.626190476<x63>[B] (+0) +0.626190476<x64>[B] (+0) +0.626190476<x65>[B] (+0) -0.626190476<x66>[B] (+0) -0.626190476<x67>[B] (+0) +0.626190476<x68>[B] (+0) -0.626190476<x69>[B] (+0) +0.626190476<x70>[B] (+0) +0.626190476<x71>[B] (+0) -0.626190476<x72>[B] (+0) -0.626190476<x73>[B] (+0) +0.626190476<x74>[B] (+0) +0.626190476<x75>[B] (+0) +0.626190476<x76>[B] (+0) +0.626190476<x77>[B] (+1) +0.626190476<x78>[B] (+2.33979502e-12) -0.626190476<x79>[B] (+1) +0.626190476<x80>[B] (+0) +0.626190476<x81>[B] (+0) -0.626190476<x82>[B] (+0) -0.626190476<x83>[B] (+0) +0.626190476<x84>[B] (+1) -0.626190476<x85>[B] (+0) +0.626190476<x86>[B] (+0) +0.626190476<x87>[B] (+0) -0.626190476<x88>[B] (+0) -0.626190476<x89>[B] (+0) +0.626190476<x90>[B] (+0) -0.626190476<x91>[B] (+1) -0.626190476<x92>[B] (+1) +0.626190476<x93>[B] (+1) -0.626190476<x94>[B] (+1) -0.626190476<x95>[B] (+1) +0.626190476<x96>[B] (+1) -0.626190476<x97>[B] (+1) -0.626190476<x98>[B] (+1) -0.626190476<x99>[B] (+1) -0.626190476<x100>[B] (+1) -0.626190476<x101>[B] (+1) -0.626190476<x102>[B] (+1) -0.626190476<x103>[B] (+1) -0.626190476<x104>[B] (+1) -0.626190476<x105>[B] (+1) +0.626190476<x106>[B] (+1) +0.626190476<x107>[B] (+1) -0.626190476<x108>[B] (+1) +0.626190476<x109>[B] (+1) +0.626190476<x110>[B] (+0) -0.626190476<x111>[B] (+0) -0.626190476<x112>[B] (+1) +0.626190476<x113>[B] (+1) -0.626190476<x114>[B] (+1) +0.626190476<x115>[B] (+0) -0.626190476<x116>[B] (+1) -0.626190476<x117>[B] (+0) -0.626190476<x118>[B] (+0) -0.626190476<x119>[B] (+1) +0.626190476<x120>[B] (+0) -0.626190476<x121>[B] (+1) +0.626190476<x122>[B] (+0) +0.626190476<x123>[B] (+0) -0.626190476<x124>[B] (+0) -0.626190476<x125>[B] (+0) +0.626190476<x126>[B] (+0) -0.626190476<x127>[B] (+0) +0.626190476<x128>[B] (+0) -0.626190476<x129>[B] (+0) -0.626190476<x130>[B] (+0) -0.626190476<x131>[B] (+0) -0.626190476<x132>[B] (+0) -0.626190476<x133>[B] (+1) -0.626190476<x134>[B] (+1) +0.626190476<x135>[B] (+0) -0.626190476<x136>[B] (+0) -0.626190476<x137>[B] (+0) -0.626190476<x138>[B] (+1) -0.626190476<x139>[B] (+1) -0.626190476<x140>[B] (+0) -0.626190476<x141>[B] (+1) -0.626190476<x142>[B] (+0) -0.626190476<x143>[B] (+0) -0.626190476<x144>[B] (+1) +0.626190476<x145>[B] (+0) +0.626190476<x146>[B] (+0) +0.626190476<x147>[B] (+0) +0.626190476<x148>[B] (+0) +0.626190476<x149>[B] (+0) -0.626190476<x150>[B] (+0) +0.626190476<x151>[B] (+0) +0.626190476<x152>[B] (+0) +0.626190476<x153>[B] (+0) -0.626190476<x154>[B] (+0) +0.626190476<x155>[B] (+0) +0.626190476<x156>[B] (+0) -0.626190476<x157>[B] (+0) -0.626190476<x158>[B] (+3.42359238e-12) +0.626190476<x159>[B] (+1) -0.626190476<x160>[B] (+1) +0.626190476<x161>[B] (+0) -0.626190476<x162>[B] (+1) -0.626190476<x163>[B] (+0) -0.626190476<x164>[B] (+0) -0.626190476<x165>[B] (+1.083866e-12) -0.626190476<x166>[B] (+1) -0.626190476<x167>[B] (+1) -0.626190476<x168>[B] (+1) -0.626190476<x169>[B] (+1) -0.626190476<x170>[B] (+0) -0.626190476<x171>[B] (+1) -0.626190476<x172>[B] (+1) -0.626190476<x173>[B] (+1) -0.626190476<x174>[B] (+1) -0.626190476<x175>[B] (+1) +0.626190476<x176>[B] (+1) -0.626190476<x177>[B] (+1) +0.626190476<x178>[B] (+0) +0.626190476<x179>[B] (+1) -0.626190476<x180>[B] (+1) -0.626190476<x181>[B] (+0) +0.626190476<x182>[B] (+1) +0.626190476<x183>[B] (+1) -0.626190476<x184>[B] (+1) +0.626190476<x185>[B] (+0) +0.626190476<x186>[B] (+1) +0.626190476<x187>[B] (+0) -0.626190476<x188>[B] (+0) +0.626190476<x189>[B] (+1) -0.626190476<x190>[B] (+0) +0.626190476<x191>[B] (+0) -0.626190476<x192>[B] (+0) -0.626190476<x193>[B] (+0) -0.626190476<x194>[B] (+0) -0.626190476<x195>[B] (+0) +0.626190476<x196>[B] (+0) +0.626190476<x197>[B] (+2.33979502e-12) +0.626190476<x198>[B] (+0) +0.626190476<x199>[B] (+0) +0.626190476<x200>[B] (+0) -0.626190476<x201>[B] (+1) -0.626190476<x202>[B] (+1) -0.626190476<x203>[B] (+1) -0.626190476<x204>[B] (+1) -0.626190476<x205>[B] (+0) -0.626190476<x206>[B] (+0) -0.626190476<x207>[B] (+1.08379972e-12) -0.626190476<x208>[B] (+0) +0.626190476<x209>[B] (+1) +0.626190476<x210>[B] (+1) >= 22.7;
;
violation: left hand side is violated by 0.0285714285711549
  [linear] <c2680>: <x212>[C] (+42.0880952) +0.626190476<x1>[B] (+0) -0.626190476<x2>[B] (+1) +0.626190476<x3>[B] (+1) +0.626190476<x4>[B] (+1) +0.626190476<x5>[B] (+0) +0.626190476<x6>[B] (+0) +0.626190476<x7>[B] (+1) +0.626190476<x8>[B] (+0) -0.626190476<x9>[B] (+1) +0.626190476<x10>[B] (+0) +0.626190476<x11>[B] (+0) +0.626190476<x12>[B] (+0) +0.626190476<x13>[B] (+0) +0.626190476<x14>[B] (+1) -0.626190476<x15>[B] (+1) +0.626190476<x16>[B] (+0) +0.626190476<x17>[B] (+1) +0.626190476<x18>[B] (+0) -0.626190476<x19>[B] (+0) +0.626190476<x20>[B] (+0) -0.626190476<x21>[B] (+1) -0.626190476<x22>[B] (+1) -0.626190476<x23>[B] (+1) +0.626190476<x24>[B] (+0) -0.626190476<x25>[B] (+1) -0.626190476<x26>[B] (+1) +0.626190476<x27>[B] (+1) -0.626190476<x28>[B] (+1) -0.626190476<x29>[B] (+1) +0.626190476<x30>[B] (+0) -0.626190476<x31>[B] (+0) -0.626190476<x32>[B] (+1) +0.626190476<x33>[B] (+1) -0.626190476<x34>[B] (+1) +0.626190476<x35>[B] (+0) -0.626190476<x36>[B] (+1) -0.626190476<x37>[B] (+1) -0.626190476<x38>[B] (+0) -0.626190476<x39>[B] (+1) +0.626190476<x40>[B] (+1) +0.626190476<x41>[B] (+1) +0.626190476<x42>[B] (+0) +0.626190476<x43>[B] (+0) +0.626190476<x44>[B] (+1) +0.626190476<x45>[B] (+0) +0.626190476<x46>[B] (+1) +0.626190476<x47>[B] (+0) +0.626190476<x48>[B] (+0) +0.626190476<x49>[B] (+0) +0.626190476<x50>[B] (+0) +0.626190476<x51>[B] (+1) -0.626190476<x52>[B] (+1) +0.626190476<x53>[B] (+0) +0.626190476<x54>[B] (+0) +0.626190476<x55>[B] (+0) +0.626190476<x56>[B] (+0) +0.626190476<x57>[B] (+0) +0.626190476<x58>[B] (+0) +0.626190476<x59>[B] (+0) +0.626190476<x60>[B] (+0) +0.626190476<x61>[B] (+0) +0.626190476<x62>[B] (+0) -0.626190476<x63>[B] (+0) +0.626190476<x64>[B] (+0) +0.626190476<x65>[B] (+0) -0.626190476<x66>[B] (+0) -0.626190476<x67>[B] (+0) +0.626190476<x68>[B] (+0) -0.626190476<x69>[B] (+0) +0.626190476<x70>[B] (+0) +0.626190476<x71>[B] (+0) -0.626190476<x72>[B] (+0) -0.626190476<x73>[B] (+0) +0.626190476<x74>[B] (+0) +0.626190476<x75>[B] (+0) +0.626190476<x76>[B] (+0) +0.626190476<x77>[B] (+1) +0.626190476<x78>[B] (+0) -0.626190476<x79>[B] (+1) +0.626190476<x80>[B] (+0) +0.626190476<x81>[B] (+0) -0.626190476<x82>[B] (+0) -0.626190476<x83>[B] (+0) +0.626190476<x84>[B] (+1) -0.626190476<x85>[B] (+0) +0.626190476<x86>[B] (+0) +0.626190476<x87>[B] (+0) -0.626190476<x88>[B] (+0) -0.626190476<x89>[B] (+0) +0.626190476<x90>[B] (+0) -0.626190476<x91>[B] (+1) -0.626190476<x92>[B] (+1) +0.626190476<x93>[B] (+1) -0.626190476<x94>[B] (+1) -0.626190476<x95>[B] (+1) +0.626190476<x96>[B] (+1) -0.626190476<x97>[B] (+1) -0.626190476<x98>[B] (+1) -0.626190476<x99>[B] (+1) -0.626190476<x100>[B] (+1) -0.626190476<x101>[B] (+1) -0.626190476<x102>[B] (+1) -0.626190476<x103>[B] (+1) -0.626190476<x104>[B] (+1) -0.626190476<x105>[B] (+1) +0.626190476<x106>[B] (+1) +0.626190476<x107>[B] (+1) -0.626190476<x108>[B] (+1) +0.626190476<x109>[B] (+1) +0.626190476<x110>[B] (+0) -0.626190476<x111>[B] (+0) -0.626190476<x112>[B] (+1) +0.626190476<x113>[B] (+1) -0.626190476<x114>[B] (+1) +0.626190476<x115>[B] (+0) -0.626190476<x116>[B] (+1) -0.626190476<x117>[B] (+0) -0.626190476<x118>[B] (+0) -0.626190476<x119>[B] (+1) +0.626190476<x120>[B] (+0) -0.626190476<x121>[B] (+1) +0.626190476<x122>[B] (+0) +0.626190476<x123>[B] (+0) -0.626190476<x124>[B] (+0) -0.626190476<x125>[B] (+0) +0.626190476<x126>[B] (+0) -0.626190476<x127>[B] (+0) +0.626190476<x128>[B] (+0) -0.626190476<x129>[B] (+0) -0.626190476<x130>[B] (+0) -0.626190476<x131>[B] (+0) -0.626190476<x132>[B] (+0) -0.626190476<x133>[B] (+1) -0.626190476<x134>[B] (+1) +0.626190476<x135>[B] (+0) -0.626190476<x136>[B] (+0) -0.626190476<x137>[B] (+0) -0.626190476<x138>[B] (+1) -0.626190476<x139>[B] (+1) -0.626190476<x140>[B] (+0) -0.626190476<x141>[B] (+1) -0.626190476<x142>[B] (+0) -0.626190476<x143>[B] (+0) -0.626190476<x144>[B] (+1) +0.626190476<x145>[B] (+0) +0.626190476<x146>[B] (+0) +0.626190476<x147>[B] (+0) +0.626190476<x148>[B] (+0) +0.626190476<x149>[B] (+0) -0.626190476<x150>[B] (+0) +0.626190476<x151>[B] (+0) +0.626190476<x152>[B] (+0) +0.626190476<x153>[B] (+0) -0.626190476<x154>[B] (+0) +0.626190476<x155>[B] (+0) +0.626190476<x156>[B] (+0) -0.626190476<x157>[B] (+0) -0.626190476<x158>[B] (+0) +0.626190476<x159>[B] (+1) -0.626190476<x160>[B] (+1) +0.626190476<x161>[B] (+0) -0.626190476<x162>[B] (+1) -0.626190476<x163>[B] (+0) -0.626190476<x164>[B] (+0) -0.626190476<x165>[B] (+0) -0.626190476<x166>[B] (+1) -0.626190476<x167>[B] (+1) -0.626190476<x168>[B] (+1) -0.626190476<x169>[B] (+1) -0.626190476<x170>[B] (+1.42635903e-12) -0.626190476<x171>[B] (+1) -0.626190476<x172>[B] (+1) -0.626190476<x173>[B] (+1) -0.626190476<x174>[B] (+1) -0.626190476<x175>[B] (+1) +0.626190476<x176>[B] (+1) -0.626190476<x177>[B] (+1) +0.626190476<x178>[B] (+0) +0.626190476<x179>[B] (+1) -0.626190476<x180>[B] (+1) -0.626190476<x181>[B] (+0) +0.626190476<x182>[B] (+1) +0.626190476<x183>[B] (+1) -0.626190476<x184>[B] (+1) +0.626190476<x185>[B] (+0) +0.626190476<x186>[B] (+1) +0.626190476<x187>[B] (+0) -0.626190476<x188>[B] (+0) +0.626190476<x189>[B] (+1) -0.626190476<x190>[B] (+0) +0.626190476<x191>[B] (+0) -0.626190476<x192>[B] (+0) -0.626190476<x193>[B] (+0) -0.626190476<x194>[B] (+0) -0.626190476<x195>[B] (+0) +0.626190476<x196>[B] (+0) +0.626190476<x197>[B] (+0) +0.626190476<x198>[B] (+0) +0.626190476<x199>[B] (+0) +0.626190476<x200>[B] (+0) -0.626190476<x201>[B] (+1) -0.626190476<x202>[B] (+1) -0.626190476<x203>[B] (+1) -0.626190476<x204>[B] (+1) -0.626190476<x205>[B] (+0) -0.626190476<x206>[B] (+0) -0.626190476<x207>[B] (+0) -0.626190476<x208>[B] (+0) +0.626190476<x209>[B] (+1) +0.626190476<x210>[B] (+1) >= 22.7;
;
violation: left hand side is violated by 0.0238095238094544
  [linear] <c2683>: <x217>[C] (+44.6833333) -0.65<x1>[B] (+0) -0.65<x2>[B] (+1) -0.65<x3>[B] (+1) -0.65<x4>[B] (+1) -0.65<x5>[B] (+0) -0.65<x6>[B] (+0) -0.65<x7>[B] (+1) -0.65<x8>[B] (+1) -0.65<x9>[B] (+1) -0.65<x10>[B] (+1) -0.65<x11>[B] (+0) -0.65<x12>[B] (+0) +0.65<x13>[B] (+0) -0.65<x14>[B] (+1) -0.65<x15>[B] (+1) +0.65<x16>[B] (+0) -0.65<x17>[B] (+1) -0.65<x18>[B] (+0) -0.65<x19>[B] (+0) -0.65<x20>[B] (+0) +0.65<x21>[B] (+1) -0.65<x22>[B] (+1) +0.65<x23>[B] (+1) +0.65<x24>[B] (+0) -0.65<x25>[B] (+1) +0.65<x26>[B] (+1) -0.65<x27>[B] (+1) -0.65<x28>[B] (+1) -0.65<x29>[B] (+1) +0.65<x30>[B] (+0) +0.65<x31>[B] (+0) +0.65<x32>[B] (+1) -0.65<x33>[B] (+1) -0.65<x34>[B] (+1) +0.65<x35>[B] (+0) -0.65<x36>[B] (+1) -0.65<x37>[B] (+1) -0.65<x38>[B] (+0) +0.65<x39>[B] (+1) -0.65<x40>[B] (+1) -0.65<x41>[B] (+1) +0.65<x42>[B] (+0) -0.65<x43>[B] (+0) -0.65<x44>[B] (+1) -0.65<x45>[B] (+0) -0.65<x46>[B] (+1) -0.65<x47>[B] (+0) +0.65<x48>[B] (+0) -0.65<x49>[B] (+0) +0.65<x50>[B] (+0) -0.65<x51>[B] (+1) -0.65<x52>[B] (+0) +0.65<x53>[B] (+0) -0.65<x54>[B] (+0) -0.65<x55>[B] (+0) -0.65<x56>[B] (+0) -0.65<x57>[B] (+0) +0.65<x58>[B] (+0) +0.65<x59>[B] (+0) +0.65<x60>[B] (+0) +0.65<x61>[B] (+0) +0.65<x62>[B] (+0) +0.65<x63>[B] (+0) +0.65<x64>[B] (+0) +0.65<x65>[B] (+0) +0.65<x66>[B] (+0) +0.65<x67>[B] (+0) +0.65<x68>[B] (+0) +0.65<x69>[B] (+0) +0.65<x70>[B] (+0) +0.65<x71>[B] (+0) +0.65<x72>[B] (+0) +0.65<x73>[B] (+0) +0.65<x74>[B] (+0) +0.65<x75>[B] (+0) -0.65<x76>[B] (+0) -0.65<x77>[B] (+1) -0.65<x78>[B] (+0) -0.65<x79>[B] (+1) -0.65<x80>[B] (+0) +0.65<x81>[B] (+0) -0.65<x82>[B] (+0) +0.65<x83>[B] (+0) -0.65<x84>[B] (+1) -0.65<x85>[B] (+0) +0.65<x86>[B] (+0) -0.65<x87>[B] (+0) -0.65<x88>[B] (+0) -0.65<x89>[B] (+0) -0.65<x90>[B] (+0) -0.65<x91>[B] (+1) -0.65<x92>[B] (+1) -0.65<x93>[B] (+1) -0.65<x94>[B] (+1) -0.65<x95>[B] (+1) -0.65<x96>[B] (+1) -0.65<x97>[B] (+1) +0.65<x98>[B] (+1) -0.65<x99>[B] (+1) -0.65<x100>[B] (+1) +0.65<x101>[B] (+1) -0.65<x102>[B] (+1) -0.65<x103>[B] (+1) -0.65<x104>[B] (+1) -0.65<x105>[B] (+1) +0.65<x106>[B] (+1) -0.65<x107>[B] (+1) -0.65<x108>[B] (+1) -0.65<x109>[B] (+1) +0.65<x110>[B] (+0) +0.65<x111>[B] (+0) +0.65<x112>[B] (+1) -0.65<x113>[B] (+1) -0.65<x114>[B] (+1) +0.65<x115>[B] (+0) -0.65<x116>[B] (+1) -0.65<x117>[B] (+0) -0.65<x118>[B] (+0) +0.65<x119>[B] (+1) -0.65<x120>[B] (+0) -0.65<x121>[B] (+1) -0.65<x122>[B] (+0) +0.65<x123>[B] (+0) +0.65<x124>[B] (+0) +0.65<x125>[B] (+0) -0.65<x126>[B] (+0) -0.65<x127>[B] (+0) +0.65<x128>[B] (+0) -0.65<x129>[B] (+0) -0.65<x130>[B] (+0) -0.65<x131>[B] (+0) -0.65<x132>[B] (+0) +0.65<x133>[B] (+1) +0.65<x134>[B] (+1) +0.65<x135>[B] (+0) +0.65<x136>[B] (+0) +0.65<x137>[B] (+0) -0.65<x138>[B] (+1) +0.65<x139>[B] (+1) +0.65<x140>[B] (+0) +0.65<x141>[B] (+1) -0.65<x142>[B] (+0) -0.65<x143>[B] (+0) +0.65<x144>[B] (+0) +0.65<x145>[B] (+0) +0.65<x146>[B] (+0) +0.65<x147>[B] (+0) +0.65<x148>[B] (+0) -0.65<x149>[B] (+0) +0.65<x150>[B] (+0) +0.65<x151>[B] (+0) +0.65<x152>[B] (+0) -0.65<x153>[B] (+0) -0.65<x154>[B] (+0) +0.65<x155>[B] (+0) +0.65<x156>[B] (+0) +0.65<x157>[B] (+0) +0.65<x158>[B] (+0) -0.65<x159>[B] (+1) -0.65<x160>[B] (+1) +0.65<x161>[B] (+0) -0.65<x162>[B] (+1) -0.65<x163>[B] (+0) -0.65<x164>[B] (+0) +0.65<x165>[B] (+0) -0.65<x166>[B] (+1) +0.65<x167>[B] (+1) -0.65<x168>[B] (+1) -0.65<x169>[B] (+1) +0.65<x170>[B] (+0) -0.65<x171>[B] (+1) -0.65<x172>[B] (+1) -0.65<x173>[B] (+1) -0.65<x174>[B] (+1) +0.65<x175>[B] (+1) -0.65<x176>[B] (+1) -0.65<x177>[B] (+1) +0.65<x178>[B] (+0) -0.65<x179>[B] (+1) -0.65<x180>[B] (+1) -0.65<x181>[B] (+0) -0.65<x182>[B] (+1) -0.65<x183>[B] (+1) -0.65<x184>[B] (+1) +0.65<x185>[B] (+0) -0.65<x186>[B] (+1) -0.65<x187>[B] (+0) -0.65<x188>[B] (+0) -0.65<x189>[B] (+0) +0.65<x190>[B] (+0) +0.65<x191>[B] (+0) +0.65<x192>[B] (+0) -0.65<x193>[B] (+0) -0.65<x194>[B] (+0) +0.65<x195>[B] (+0) +0.65<x196>[B] (+0) +0.65<x197>[B] (+0) -0.65<x198>[B] (+0) -0.65<x199>[B] (+0) +0.65<x200>[B] (+0) -0.65<x201>[B] (+1) -0.65<x202>[B] (+1) -0.65<x203>[B] (+1) -0.65<x204>[B] (+1) -0.65<x205>[B] (+0) -0.65<x206>[B] (+0) +0.65<x207>[B] (+0) -0.65<x208>[B] (+0) +0.65<x209>[B] (+1) +0.65<x210>[B] (+1) >= 10.8880952380952;
;
violation: left hand side is violated by 0.00476190476182836
  [linear] <c2681>: <x214>[C] (+23.6809524) +0.621428571<x1>[B] (+0) -0.621428571<x2>[B] (+0) -0.621428571<x3>[B] (+0) -0.621428571<x4>[B] (+0) +0.621428571<x5>[B] (+1) -0.621428571<x6>[B] (+1) +0.621428571<x7>[B] (+0) -0.621428571<x8>[B] (+1) +0.621428571<x9>[B] (+0) -0.621428571<x10>[B] (+1) +0.621428571<x11>[B] (+1) +0.621428571<x12>[B] (+1) -0.621428571<x13>[B] (+1) -0.621428571<x14>[B] (+0) +0.621428571<x15>[B] (+0) -0.621428571<x16>[B] (+1) +0.621428571<x17>[B] (+0) +0.621428571<x18>[B] (+1) +0.621428571<x19>[B] (+0) +0.621428571<x20>[B] (+1) -0.621428571<x21>[B] (+0) -0.621428571<x22>[B] (+0) -0.621428571<x23>[B] (+0) -0.621428571<x24>[B] (+1) -0.621428571<x25>[B] (+1) -0.621428571<x26>[B] (+0) -0.621428571<x27>[B] (+1) -0.621428571<x28>[B] (+0) -0.621428571<x29>[B] (+1) +0.621428571<x30>[B] (+1) -0.621428571<x31>[B] (+1) -0.621428571<x32>[B] (+1) -0.621428571<x33>[B] (+0) +0.621428571<x34>[B] (+0) -0.621428571<x35>[B] (+1) -0.621428571<x36>[B] (+0) -0.621428571<x37>[B] (+1) +0.621428571<x38>[B] (+0) +0.621428571<x39>[B] (+1) -0.621428571<x40>[B] (+1) -0.621428571<x41>[B] (+1) +0.621428571<x42>[B] (+1) -0.621428571<x43>[B] (+1) +0.621428571<x44>[B] (+0) -0.621428571<x45>[B] (+1) +0.621428571<x46>[B] (+0) -0.621428571<x47>[B] (+1) +0.621428571<x48>[B] (+1) +0.621428571<x49>[B] (+1) -0.621428571<x50>[B] (+1) -0.621428571<x51>[B] (+0) +0.621428571<x52>[B] (+1) -0.621428571<x53>[B] (+1) +0.621428571<x54>[B] (+0) +0.621428571<x55>[B] (+1) +0.621428571<x56>[B] (+1) +0.621428571<x57>[B] (+1) +0.621428571<x58>[B] (+1) +0.621428571<x59>[B] (+1) +0.621428571<x60>[B] (+1) +0.621428571<x61>[B] (+0) -0.621428571<x62>[B] (+1) +0.621428571<x63>[B] (+0) +0.621428571<x64>[B] (+1) +0.621428571<x65>[B] (+1) +0.621428571<x66>[B] (+1) -0.621428571<x67>[B] (+1) -0.621428571<x68>[B] (+0) +0.621428571<x69>[B] (+1) +0.621428571<x70>[B] (+1) +0.621428571<x71>[B] (+0) +0.621428571<x72>[B] (+1) +0.621428571<x73>[B] (+1) +0.621428571<x74>[B] (+1) +0.621428571<x75>[B] (+1) +0.621428571<x76>[B] (+1) +0.621428571<x77>[B] (+0) -0.621428571<x78>[B] (+1) +0.621428571<x79>[B] (+0) -0.621428571<x80>[B] (+1) +0.621428571<x81>[B] (+1) +0.621428571<x82>[B] (+1) -0.621428571<x83>[B] (+1) -0.621428571<x84>[B] (+0) +0.621428571<x85>[B] (+1) +0.621428571<x86>[B] (+1) +0.621428571<x87>[B] (+0) +0.621428571<x88>[B] (+1) +0.621428571<x89>[B] (+1) +0.621428571<x90>[B] (+1) -0.621428571<x91>[B] (+0) -0.621428571<x92>[B] (+0) -0.621428571<x93>[B] (+0) -0.621428571<x94>[B] (+0) -0.621428571<x95>[B] (+0) +0.621428571<x96>[B] (+0) +0.621428571<x97>[B] (+0) -0.621428571<x98>[B] (+0) -0.621428571<x99>[B] (+0) +0.621428571<x100>[B] (+0) -0.621428571<x101>[B] (+0) +0.621428571<x102>[B] (+0) -0.621428571<x103>[B] (+0) +0.621428571<x104>[B] (+0) +0.621428571<x105>[B] (+0) +0.621428571<x106>[B] (+0) -0.621428571<x107>[B] (+0) +0.621428571<x108>[B] (+0) -0.621428571<x109>[B] (+0) +0.621428571<x110>[B] (+0) +0.621428571<x111>[B] (+0) -0.621428571<x112>[B] (+0) -0.621428571<x113>[B] (+0) +0.621428571<x114>[B] (+0) -0.621428571<x115>[B] (+1) +0.621428571<x116>[B] (+0) +0.621428571<x117>[B] (+1) +0.621428571<x118>[B] (+0) +0.621428571<x119>[B] (+0) -0.621428571<x120>[B] (+1) +0.621428571<x121>[B] (+0) -0.621428571<x122>[B] (+1) +0.621428571<x123>[B] (+1) +0.621428571<x124>[B] (+1) -0.621428571<x125>[B] (+1) -0.621428571<x126>[B] (+1) +0.621428571<x127>[B] (+1) -0.621428571<x128>[B] (+1) +0.621428571<x129>[B] (+1) +0.621428571<x130>[B] (+1) +0.621428571<x131>[B] (+1) +0.621428571<x132>[B] (+1) +0.621428571<x133>[B] (+0) +0.621428571<x134>[B] (+0) +0.621428571<x135>[B] (+0) +0.621428571<x136>[B] (+0) +0.621428571<x137>[B] (+0) +0.621428571<x138>[B] (+0) +0.621428571<x139>[B] (+0) +0.621428571<x140>[B] (+1) +0.621428571<x141>[B] (+0) +0.621428571<x142>[B] (+1) +0.621428571<x143>[B] (+0) +0.621428571<x144>[B] (+0) -0.621428571<x145>[B] (+1) +0.621428571<x146>[B] (+1) +0.621428571<x147>[B] (+1) -0.621428571<x148>[B] (+1) -0.621428571<x149>[B] (+1) +0.621428571<x150>[B] (+1) -0.621428571<x151>[B] (+1) +0.621428571<x152>[B] (+1) -0.621428571<x153>[B] (+1) +0.621428571<x154>[B] (+1) +0.621428571<x155>[B] (+1) +0.621428571<x156>[B] (+1) +0.621428571<x157>[B] (+1) -0.621428571<x158>[B] (+0) -0.621428571<x159>[B] (+0) +0.621428571<x160>[B] (+0) +0.621428571<x161>[B] (+1) +0.621428571<x162>[B] (+0) +0.621428571<x163>[B] (+1) +0.621428571<x164>[B] (+0) +0.621428571<x165>[B] (+0) -0.621428571<x166>[B] (+0) -0.621428571<x167>[B] (+0) -0.621428571<x168>[B] (+0) -0.621428571<x169>[B] (+0) -0.621428571<x170>[B] (+1) -0.621428571<x171>[B] (+0) -0.621428571<x172>[B] (+1) -0.621428571<x173>[B] (+0) -0.621428571<x174>[B] (+0) -0.621428571<x175>[B] (+0) -0.621428571<x176>[B] (+0) +0.621428571<x177>[B] (+0) -0.621428571<x178>[B] (+1) -0.621428571<x179>[B] (+0) -0.621428571<x180>[B] (+1) +0.621428571<x181>[B] (+0) +0.621428571<x182>[B] (+0) +0.621428571<x183>[B] (+0) +0.621428571<x184>[B] (+0) +0.621428571<x185>[B] (+1) +0.621428571<x186>[B] (+0) +0.621428571<x187>[B] (+1) +0.621428571<x188>[B] (+0) +0.621428571<x189>[B] (+0) +0.621428571<x190>[B] (+1) +0.621428571<x191>[B] (+1) +0.621428571<x192>[B] (+0) +0.621428571<x193>[B] (+1) +0.621428571<x194>[B] (+1) +0.621428571<x195>[B] (+1) -0.621428571<x196>[B] (+1) -0.621428571<x197>[B] (+0) -0.621428571<x198>[B] (+1) +0.621428571<x199>[B] (+1) +0.621428571<x200>[B] (+1) +0.621428571<x201>[B] (+0) +0.621428571<x202>[B] (+0) +0.621428571<x203>[B] (+0) +0.621428571<x204>[B] (+0) -0.621428571<x205>[B] (+1) +0.621428571<x206>[B] (+1) +0.621428571<x207>[B] (+1) +0.621428571<x208>[B] (+0) +0.621428571<x209>[B] (+0) +0.621428571<x210>[B] (+1) >= 38.3738095238095;
;
violation: left hand side is violated by 0.399999999999999
6/10 feasible solutions given by solution candidate storage, new primal bound -2.013071e+02

presolving:
   (0.0s) symmetry computation started: requiring (bin +, int +, cont +), (fixed: bin -, int -, cont -)
   (0.0s) no symmetry present (symcode time: 0.00)
presolving (0 rounds: 0 fast, 0 medium, 0 exhaustive):
 0 deleted vars, 0 deleted constraints, 0 added constraints, 0 tightened bounds, 0 added holes, 0 changed sides, 0 changed coefficients
 0 implications, 0 cliques, 0 implied integral variables (0 bin, 0 int, 0 cont)
presolved problem has 220 variables (210 bin, 0 int, 10 cont) and 2685 constraints
   2685 constraints of type <linear>
Presolving Time: 0.00
transformed 6/6 original solutions to the transformed problem space

 time | node  | left  |LP iter|LP it/n|mem/heur|mdpt |vars |cons |rows |cuts |sepa|confs|strbr|  dualbound   | primalbound  |  gap   | compl. 
  0.0s|     1 |     0 |   224 |     - |    16M |   0 | 220 |2685 |2685 |   0 |  0 |   0 |   0 |-1.942175e+02 |-2.013071e+02 |   3.65%| unknown
  0.0s|     1 |     0 |   235 |     - |    17M |   0 | 220 |2685 |2686 |   1 |  1 |   0 |   0 |-1.942595e+02 |-2.013071e+02 |   3.63%| unknown
  0.1s|     1 |     0 |   245 |     - |    17M |   0 | 220 |2685 |2687 |   2 |  2 |   0 |   0 |-1.943048e+02 |-2.013071e+02 |   3.60%| unknown
  0.1s|     1 |     0 |   254 |     - |    17M |   0 | 220 |2685 |2688 |   3 |  3 |   0 |   0 |-1.943091e+02 |-2.013071e+02 |   3.60%| unknown
  0.2s|     1 |     0 |   258 |     - |    18M |   0 | 220 |2685 |2689 |   4 |  4 |   0 |   0 |-1.943119e+02 |-2.013071e+02 |   3.60%| unknown
d 0.2s|     1 |     0 |   258 |     - |farkasdi|   0 | 220 |2685 |2689 |   0 |  5 |   0 |   0 |-1.943119e+02 |-1.943119e+02 |   0.00%| unknown
  0.2s|     1 |     0 |   258 |     - |    18M |   0 | 220 |2685 |2689 |   4 |  5 |   0 |   0 |-1.943119e+02 |-1.943119e+02 |   0.00%| unknown

SCIP Status        : problem is solved [optimal solution found]
Solving Time (sec) : 0.18
Solving Nodes      : 1
Primal Bound       : -1.94311904761905e+02 (12 solutions)
Dual Bound         : -1.94311904761905e+02
Gap                : 0.00 %
  [linear] <c2686>: <x212>[C] (+42.1119048) +0.630952381<x1>[B] (+0) -0.630952381<x2>[B] (+1) +0.630952381<x3>[B] (+1) +0.630952381<x4>[B] (+1) +0.630952381<x5>[B] (+0) +0.630952381<x6>[B] (+3.14970272e-13) +0.630952381<x7>[B] (+1) +0.630952381<x8>[B] (+3.14970272e-13) -0.630952381<x9>[B] (+1) +0.630952381<x10>[B] (+1) +0.630952381<x11>[B] (+0) +0.630952381<x12>[B] (+0) +0.630952381<x13>[B] (+3.14970272e-13) +0.630952381<x14>[B] (+1) -0.630952381<x15>[B] (+1) +0.630952381<x16>[B] (+0) +0.630952381<x17>[B] (+1) +0.630952381<x18>[B] (+0) -0.630952381<x19>[B] (+0) +0.630952381<x20>[B] (+0) -0.630952381<x21>[B] (+1) -0.630952381<x22>[B] (+1) -0.630952381<x23>[B] (+1) +0.630952381<x24>[B] (+0) -0.630952381<x25>[B] (+1) -0.630952381<x26>[B] (+1) +0.630952381<x27>[B] (+1) -0.630952381<x28>[B] (+1) -0.630952381<x29>[B] (+1) +0.630952381<x30>[B] (+0) -0.630952381<x31>[B] (+0) -0.630952381<x32>[B] (+1) +0.630952381<x33>[B] (+1) -0.630952381<x34>[B] (+1) +0.630952381<x35>[B] (+0) -0.630952381<x36>[B] (+1) -0.630952381<x37>[B] (+1) -0.630952381<x38>[B] (+0) -0.630952381<x39>[B] (+1) +0.630952381<x40>[B] (+1) +0.630952381<x41>[B] (+1) +0.630952381<x42>[B] (+0) +0.630952381<x43>[B] (+0) +0.630952381<x44>[B] (+1) +0.630952381<x45>[B] (+3.14970272e-13) +0.630952381<x46>[B] (+1) +0.630952381<x47>[B] (+0) +0.630952381<x48>[B] (+0) +0.630952381<x49>[B] (+0) +0.630952381<x50>[B] (+0) +0.630952381<x51>[B] (+1) -0.630952381<x52>[B] (+1) +0.630952381<x53>[B] (+0) +0.630952381<x54>[B] (+0) +0.630952381<x55>[B] (+0) +0.630952381<x56>[B] (+0) +0.630952381<x57>[B] (+0) +0.630952381<x58>[B] (+0) +0.630952381<x59>[B] (+0) +0.630952381<x60>[B] (+0) +0.630952381<x61>[B] (+0) +0.630952381<x62>[B] (+0) -0.630952381<x63>[B] (+0) +0.630952381<x64>[B] (+0) +0.630952381<x65>[B] (+0) -0.630952381<x66>[B] (+0) -0.630952381<x67>[B] (+0) +0.630952381<x68>[B] (+0) -0.630952381<x69>[B] (+0) +0.630952381<x70>[B] (+0) +0.630952381<x71>[B] (+0) -0.630952381<x72>[B] (+0) -0.630952381<x73>[B] (+0) +0.630952381<x74>[B] (+0) +0.630952381<x75>[B] (+0) +0.630952381<x76>[B] (+0) +0.630952381<x77>[B] (+1) +0.630952381<x78>[B] (+3.14970272e-13) -0.630952381<x79>[B] (+1) +0.630952381<x80>[B] (+0) +0.630952381<x81>[B] (+0) -0.630952381<x82>[B] (+0) -0.630952381<x83>[B] (+0) +0.630952381<x84>[B] (+1) -0.630952381<x85>[B] (+0) +0.630952381<x86>[B] (+0) +0.630952381<x87>[B] (+0) -0.630952381<x88>[B] (+0) -0.630952381<x89>[B] (+0) +0.630952381<x90>[B] (+0) -0.630952381<x91>[B] (+1) -0.630952381<x92>[B] (+1) +0.630952381<x93>[B] (+1) -0.630952381<x94>[B] (+1) -0.630952381<x95>[B] (+1) +0.630952381<x96>[B] (+1) -0.630952381<x97>[B] (+1) -0.630952381<x98>[B] (+1) -0.630952381<x99>[B] (+1) -0.630952381<x100>[B] (+1) -0.630952381<x101>[B] (+1) -0.630952381<x102>[B] (+1) -0.630952381<x103>[B] (+1) -0.630952381<x104>[B] (+1) -0.630952381<x105>[B] (+1) +0.630952381<x106>[B] (+1) +0.630952381<x107>[B] (+1) -0.630952381<x108>[B] (+1) +0.630952381<x109>[B] (+1) +0.630952381<x110>[B] (+0) -0.630952381<x111>[B] (+0) -0.630952381<x112>[B] (+1) +0.630952381<x113>[B] (+1) -0.630952381<x114>[B] (+1) +0.630952381<x115>[B] (+0) -0.630952381<x116>[B] (+1) -0.630952381<x117>[B] (+0) -0.630952381<x118>[B] (+0) -0.630952381<x119>[B] (+1) +0.630952381<x120>[B] (+0) -0.630952381<x121>[B] (+1) +0.630952381<x122>[B] (+0) +0.630952381<x123>[B] (+0) -0.630952381<x124>[B] (+0) -0.630952381<x125>[B] (+0) +0.630952381<x126>[B] (+0) -0.630952381<x127>[B] (+0) +0.630952381<x128>[B] (+0) -0.630952381<x129>[B] (+0) -0.630952381<x130>[B] (+0) -0.630952381<x131>[B] (+0) -0.630952381<x132>[B] (+0) -0.630952381<x133>[B] (+1) -0.630952381<x134>[B] (+1) +0.630952381<x135>[B] (+0) -0.630952381<x136>[B] (+0) -0.630952381<x137>[B] (+0) -0.630952381<x138>[B] (+1) -0.630952381<x139>[B] (+1) -0.630952381<x140>[B] (+0) -0.630952381<x141>[B] (+1) -0.630952381<x142>[B] (+0) -0.630952381<x143>[B] (+0) -0.630952381<x144>[B] (+1) +0.630952381<x145>[B] (+0) +0.630952381<x146>[B] (+0) +0.630952381<x147>[B] (+0) +0.630952381<x148>[B] (+0) +0.630952381<x149>[B] (+0) -0.630952381<x150>[B] (+0) +0.630952381<x151>[B] (+0) +0.630952381<x152>[B] (+0) +0.630952381<x153>[B] (+0) -0.630952381<x154>[B] (+0) +0.630952381<x155>[B] (+0) +0.630952381<x156>[B] (+0) -0.630952381<x157>[B] (+0) -0.630952381<x158>[B] (-6.08118494e-13) +0.630952381<x159>[B] (+1) -0.630952381<x160>[B] (+1) +0.630952381<x161>[B] (+0) -0.630952381<x162>[B] (+1) -0.630952381<x163>[B] (+0) -0.630952381<x164>[B] (+0) -0.630952381<x165>[B] (-9.23088766e-13) -0.630952381<x166>[B] (+1) -0.630952381<x167>[B] (+1) -0.630952381<x168>[B] (+1) -0.630952381<x169>[B] (+1) -0.630952381<x170>[B] (+1) -0.630952381<x171>[B] (+1) -0.630952381<x172>[B] (+1) -0.630952381<x173>[B] (+1) -0.630952381<x174>[B] (+1) -0.630952381<x175>[B] (+1) +0.630952381<x176>[B] (+1) -0.630952381<x177>[B] (+1) +0.630952381<x178>[B] (+0) +0.630952381<x179>[B] (+1) -0.630952381<x180>[B] (+1) -0.630952381<x181>[B] (+0) +0.630952381<x182>[B] (+1) +0.630952381<x183>[B] (+1) -0.630952381<x184>[B] (+1) +0.630952381<x185>[B] (+0) +0.630952381<x186>[B] (+1) +0.630952381<x187>[B] (+0) -0.630952381<x188>[B] (+0) +0.630952381<x189>[B] (+1) -0.630952381<x190>[B] (+0) +0.630952381<x191>[B] (+0) -0.630952381<x192>[B] (+0) -0.630952381<x193>[B] (+0) -0.630952381<x194>[B] (+0) -0.630952381<x195>[B] (+0) +0.630952381<x196>[B] (+0) +0.630952381<x197>[B] (-1.96065386e-13) +0.630952381<x198>[B] (+0) +0.630952381<x199>[B] (+0) +0.630952381<x200>[B] (+0) -0.630952381<x201>[B] (+1) -0.630952381<x202>[B] (+1) -0.630952381<x203>[B] (+1) -0.630952381<x204>[B] (+1) -0.630952381<x205>[B] (+0) -0.630952381<x206>[B] (+0) -0.630952381<x207>[B] (-9.23088766e-13) -0.630952381<x208>[B] (+0) +0.630952381<x209>[B] (+1) +0.630952381<x210>[B] (+1) >= 22.5571428571429;
;
violation: left hand side is violated by 0.00476190476187455
9/10 feasible solutions given by solution candidate storage, new primal bound -2.013071e+02

presolving:
   (0.0s) symmetry computation started: requiring (bin +, int +, cont +), (fixed: bin -, int -, cont -)
   (0.0s) no symmetry present (symcode time: 0.00)
presolving (0 rounds: 0 fast, 0 medium, 0 exhaustive):
 0 deleted vars, 0 deleted constraints, 0 added constraints, 0 tightened bounds, 0 added holes, 0 changed sides, 0 changed coefficients
 0 implications, 0 cliques, 0 implied integral variables (0 bin, 0 int, 0 cont)
presolved problem has 220 variables (210 bin, 0 int, 10 cont) and 2690 constraints
   2690 constraints of type <linear>
Presolving Time: 0.01
transformed 10/10 original solutions to the transformed problem space

 time | node  | left  |LP iter|LP it/n|mem/heur|mdpt |vars |cons |rows |cuts |sepa|confs|strbr|  dualbound   | primalbound  |  gap   | compl. 
  0.0s|     1 |     0 |   177 |     - |    18M |   0 | 220 |2690 |2690 |   0 |  0 |   0 |   0 |-1.942409e+02 |-2.013071e+02 |   3.64%| unknown
  0.0s|     1 |     0 |   189 |     - |    19M |   0 | 220 |2690 |2691 |   1 |  1 |   0 |   0 |-1.942798e+02 |-2.013071e+02 |   3.62%| unknown
  0.1s|     1 |     0 |   198 |     - |    19M |   0 | 220 |2690 |2692 |   2 |  2 |   0 |   0 |-1.943033e+02 |-2.013071e+02 |   3.60%| unknown
  0.1s|     1 |     0 |   206 |     - |    19M |   0 | 220 |2690 |2693 |   3 |  3 |   0 |   0 |-1.943144e+02 |-2.013071e+02 |   3.60%| unknown
r 0.1s|     1 |     0 |   206 |     - |shifting|   0 | 220 |2690 |2693 |   3 |  3 |   0 |   0 |-1.943144e+02 |-1.999084e+02 |   2.88%| unknown
  0.2s|     1 |     0 |   212 |     - |    19M |   0 | 220 |2690 |2694 |   4 |  4 |   0 |   0 |-1.943205e+02 |-1.999084e+02 |   2.88%| unknown
  0.2s|     1 |     0 |   227 |     - |    20M |   0 | 220 |2690 |2695 |   5 |  5 |   0 |   0 |-1.943299e+02 |-1.999084e+02 |   2.87%| unknown
  0.3s|     1 |     0 |   238 |     - |    20M |   0 | 220 |2690 |2698 |   8 |  6 |   0 |   0 |-1.943314e+02 |-1.999084e+02 |   2.87%| unknown
d 0.3s|     1 |     0 |   251 |     - |farkasdi|   0 | 220 |2690 |2698 |   0 |  7 |   0 |   0 |-1.943314e+02 |-1.943357e+02 |   0.00%| unknown
  0.3s|     1 |     0 |   251 |     - |    20M |   0 | 220 |2690 |2698 |   8 |  7 |   0 |   0 |-1.943314e+02 |-1.943357e+02 |   0.00%| unknown
  0.3s|     1 |     0 |   253 |     - |    20M |   0 | 220 |2690 | 315 |   8 |  7 |   0 |   0 |-1.943314e+02 |-1.943357e+02 |   0.00%| unknown
  0.3s|     1 |     0 |   259 |     - |    21M |   0 | 220 |2690 | 316 |   9 |  8 |   0 |   0 |-1.943324e+02 |-1.943357e+02 |   0.00%| unknown
  0.3s|     1 |     0 |   259 |     - |    21M |   0 | 220 | 135 | 316 |   9 |  9 |   0 |   0 |-1.943324e+02 |-1.943357e+02 |   0.00%| unknown
  0.3s|     1 |     0 |   286 |     - |    21M |   0 | 220 | 135 | 319 |  12 | 10 |   0 |   0 |-1.943337e+02 |-1.943357e+02 |   0.00%| unknown
  0.3s|     1 |     0 |   286 |     - |    21M |   0 | 220 | 135 | 156 |  12 | 10 |   0 |   0 |-1.943337e+02 |-1.943357e+02 |   0.00%| unknown
 time | node  | left  |LP iter|LP it/n|mem/heur|mdpt |vars |cons |rows |cuts |sepa|confs|strbr|  dualbound   | primalbound  |  gap   | compl. 
  0.3s|     1 |     0 |   294 |     - |    21M |   0 | 220 | 135 | 157 |  13 | 11 |   0 |   0 |-1.943344e+02 |-1.943357e+02 |   0.00%| unknown
  0.3s|     1 |     0 |   294 |     - |    21M |   0 | 220 | 104 | 157 |  13 | 11 |   0 |   0 |-1.943344e+02 |-1.943357e+02 |   0.00%| unknown
  0.4s|     1 |     0 |   304 |     - |    21M |   0 | 220 | 104 | 158 |  14 | 12 |   0 |   0 |-1.943354e+02 |-1.943357e+02 |   0.00%| unknown
(run 1, node 1) restarting after 184 global fixings of integer variables

(restart) converted 14 cuts from the global cut pool into linear constraints

presolving:
presolving (0 rounds: 0 fast, 0 medium, 0 exhaustive):
 0 deleted vars, 0 deleted constraints, 0 added constraints, 0 tightened bounds, 0 added holes, 0 changed sides, 0 changed coefficients
 0 implications, 0 cliques, 0 implied integral variables (0 bin, 0 int, 0 cont)
presolved problem has 220 variables (210 bin, 0 int, 10 cont) and 118 constraints
    118 constraints of type <linear>
Presolving Time: 0.01
transformed 20/24 original solutions to the transformed problem space

 time | node  | left  |LP iter|LP it/n|mem/heur|mdpt |vars |cons |rows |cuts |sepa|confs|strbr|  dualbound   | primalbound  |  gap   | compl. 
  0.4s|     1 |     0 |   343 |     - |    21M |   0 | 220 | 118 | 118 |   0 |  0 |   0 |   0 |-1.943354e+02 |-1.943357e+02 |   0.00%| unknown
  0.4s|     1 |     0 |   343 |     - |    21M |   0 | 220 | 118 |  94 |   0 |  0 |   0 |   0 |-1.943354e+02 |-1.943357e+02 |   0.00%| unknown
  0.4s|     1 |     0 |   343 |     - |    21M |   0 | 220 |  70 |  94 |   0 |  1 |   0 |   0 |-1.943354e+02 |-1.943357e+02 |   0.00%| unknown
  0.4s|     1 |     0 |   359 |     - |    21M |   0 | 220 |  71 |  94 |   0 |  2 |   2 |   0 |-1.943357e+02 |-1.943357e+02 |   0.00%| unknown

SCIP Status        : problem is solved [optimal solution found]
Solving Time (sec) : 0.39
Solving Nodes      : 1 (total of 2 nodes in 2 runs)
Primal Bound       : -1.94335714285714e+02 (25 solutions)
Dual Bound         : -1.94335714285714e+02
Gap                : 0.00 %
