Loading instance...
Median ranking: [3, 16, 6, 13, 10, 17, 11, 9, 19, 18, 15, 12, 7, 21, 4, 5, 8, 2, 20, 1, 14]
Mean ranking: [3, 16, 6, 13, 10, 17, 9, 11, 19, 18, 15, 12, 7, 21, 4, 20, 5, 2, 1, 8, 14]
Actual error: 0.001342918502971191
Weighted Kendall distance: 40.0
Normalized distance: 0.012987012987012988
0 chg coeffs, 0 upgd conss, 0 impls, 0 clqs, 0 implints
   (0.0s) symmetry computation started: requiring (bin +, int +, cont +), (fixed: bin -, int -, cont -)
   (0.0s) no symmetry present (symcode time: 0.00)
presolving (2 rounds: 2 fast, 2 medium, 1 exhaustive):
 0 deleted vars, 2660 deleted constraints, 1330 added constraints, 0 tightened bounds, 0 added holes, 0 changed sides, 0 changed coefficients
 0 implications, 0 cliques, 0 implied integral variables (0 bin, 0 int, 0 cont)
presolved problem has 210 variables (0 bin, 0 int, 210 cont) and 1330 constraints
   1330 constraints of type <linear>
Presolving Time: 0.01
transformed 3/3 original solutions to the transformed problem space

 time | node  | left  |LP iter|LP it/n|mem/heur|mdpt |vars |cons |rows |cuts |sepa|confs|strbr|  dualbound   | primalbound  |  gap   | compl. 
* 0.0s|     1 |     0 |    36 |     - |    LP  |   0 | 210 |1330 |1330 |   0 |  0 |   0 |   0 | 2.120000e+02 | 2.120000e+02 |   0.00%| unknown
  0.0s|     1 |     0 |    36 |     - |  7800k |   0 | 210 |1330 |1330 |   0 |  0 |   0 |   0 | 2.120000e+02 | 2.120000e+02 |   0.00%| unknown

SCIP Status        : problem is solved [optimal solution found]
Solving Time (sec) : 0.02
Solving Nodes      : 1
Primal Bound       : +2.12000000000000e+02 (4 solutions)
Dual Bound         : +2.12000000000000e+02
Gap                : 0.00 %
feasible solution found by trivial heuristic after 0.0 seconds, objective value 0.000000e+00
presolving:
   (0.0s) running MILP presolver
   (0.0s) MILP presolver (2 rounds): 0 aggregations, 0 fixings, 0 bound changes
(round 1, medium)     0 del vars, 2660 del conss, 1330 add conss, 0 chg bounds, 0 chg sides, 0 chg coeffs, 0 upgd conss, 0 impls, 0 clqs, 0 implints
   (0.0s) probing: 51/210 (24.3%) - 0 fixings, 0 aggregations, 0 implications, 0 bound changes
   (0.0s) probing aborted: 50/50 successive totally useless probings
   (0.0s) symmetry computation started: requiring (bin +, int +, cont +), (fixed: bin -, int -, cont -)
   (0.0s) no symmetry present (symcode time: 0.00)
presolving (2 rounds: 2 fast, 2 medium, 1 exhaustive):
 0 deleted vars, 2660 deleted constraints, 1330 added constraints, 0 tightened bounds, 0 added holes, 0 changed sides, 0 changed coefficients
 0 implications, 0 cliques, 0 implied integral variables (0 bin, 0 int, 0 cont)
presolved problem has 210 variables (210 bin, 0 int, 0 cont) and 1330 constraints
   1330 constraints of type <linear>
transformed objective value is always integral (scale: 2)
Presolving Time: 0.01
transformed 2/2 original solutions to the transformed problem space

 time | node  | left  |LP iter|LP it/n|mem/heur|mdpt |vars |cons |rows |cuts |sepa|confs|strbr|  dualbound   | primalbound  |  gap   | compl. 
p 0.0s|     1 |     0 |     0 |     - |   locks|   0 | 210 |1330 |1330 |   0 |  0 |   0 |   0 | 2.240000e+02 | 9.200000e+01 | 143.48%| unknown
i 0.0s|     1 |     0 |     0 |     - |  oneopt|   0 | 210 |1330 |1330 |   0 |  0 |   0 |   0 | 2.240000e+02 | 1.540000e+02 |  45.45%| unknown
* 0.0s|     1 |     0 |    35 |     - |    LP  |   0 | 210 |1330 |1330 |   0 |  0 |   0 |   0 | 2.120000e+02 | 2.120000e+02 |   0.00%| unknown
  0.0s|     1 |     0 |    35 |     - |  7960k |   0 | 210 |1330 |1330 |   0 |  0 |   0 |   0 | 2.120000e+02 | 2.120000e+02 |   0.00%| unknown

SCIP Status        : problem is solved [optimal solution found]
Solving Time (sec) : 0.02
Solving Nodes      : 1
Primal Bound       : +2.12000000000000e+02 (5 solutions)
Dual Bound         : +2.12000000000000e+02
Gap                : 0.00 %
feasible solution found by trivial heuristic after 0.1 seconds, objective value -1.000084e+06
presolving:
(round 1, fast)       0 del vars, 0 del conss, 0 add conss, 20 chg bounds, 0 chg sides, 0 chg coeffs, 0 upgd conss, 0 impls, 0 clqs, 0 implints
   (0.4s) running MILP presolver
   (0.5s) MILP presolver (2 rounds): 0 aggregations, 0 fixings, 0 bound changes
(round 2, medium)     0 del vars, 4760 del conss, 3430 add conss, 20 chg bounds, 0 chg sides, 0 chg coeffs, 0 upgd conss, 0 impls, 0 clqs, 0 implints
   (0.8s) symmetry computation started: requiring (bin +, int +, cont +), (fixed: bin -, int -, cont -)
   (0.9s) no symmetry present (symcode time: 0.01)
presolving (3 rounds: 3 fast, 2 medium, 1 exhaustive):
 0 deleted vars, 4760 deleted constraints, 3430 added constraints, 20 tightened bounds, 0 added holes, 0 changed sides, 0 changed coefficients
 0 implications, 0 cliques, 0 implied integral variables (0 bin, 0 int, 0 cont)
presolved problem has 220 variables (0 bin, 0 int, 220 cont) and 3430 constraints
   3430 constraints of type <linear>
Presolving Time: 0.89

 time | node  | left  |LP iter|LP it/n|mem/heur|mdpt |vars |cons |rows |cuts |sepa|confs|strbr|  dualbound   | primalbound  |  gap   | compl. 
t 0.9s|     1 |     0 |     0 |     - | trivial|   0 | 220 |3430 |   0 |   0 |  0 |   0 |   0 | 2.240000e+02 |-1.134000e+03 |    Inf | unknown
* 1.1s|     1 |     0 |   308 |     - |    LP  |   0 | 220 |3430 |3430 |   0 |  0 |   0 |   0 |-1.984238e+02 |-1.984238e+02 |   0.00%| unknown
  1.1s|     1 |     0 |   308 |     - |   270M |   0 | 220 |3430 |3430 |   0 |  0 |   0 |   0 |-1.984238e+02 |-1.984238e+02 |   0.00%| unknown

SCIP Status        : problem is solved [optimal solution found]
Solving Time (sec) : 1.07
Solving Nodes      : 1
Primal Bound       : -1.98423809523810e+02 (3 solutions)
Dual Bound         : -1.98423809523810e+02
Gap                : 0.00 %
feasible solution found by trivial heuristic after 0.0 seconds, objective value -1.000084e+06
presolving:
(round 1, fast)       0 del vars, 0 del conss, 0 add conss, 20 chg bounds, 0 chg sides, 0 chg coeffs, 0 upgd conss, 0 impls, 0 clqs, 0 implints
   (0.3s) running MILP presolver
   (0.4s) MILP presolver (2 rounds): 0 aggregations, 0 fixings, 0 bound changes
(round 2, medium)     0 del vars, 4760 del conss, 3430 add conss, 20 chg bounds, 0 chg sides, 0 chg coeffs, 0 upgd conss, 0 impls, 0 clqs, 0 implints
   (0.7s) probing: 51/210 (24.3%) - 0 fixings, 0 aggregations, 0 implications, 0 bound changes
   (0.7s) probing aborted: 50/50 successive totally useless probings
   (0.8s) symmetry computation started: requiring (bin +, int +, cont +), (fixed: bin -, int -, cont -)
   (0.9s) no symmetry present (symcode time: 0.01)
presolving (3 rounds: 3 fast, 2 medium, 1 exhaustive):
 0 deleted vars, 4760 deleted constraints, 3430 added constraints, 20 tightened bounds, 0 added holes, 0 changed sides, 0 changed coefficients
 0 implications, 0 cliques, 0 implied integral variables (0 bin, 0 int, 0 cont)
presolved problem has 220 variables (210 bin, 0 int, 10 cont) and 3430 constraints
   3430 constraints of type <linear>
Presolving Time: 0.88

 time | node  | left  |LP iter|LP it/n|mem/heur|mdpt |vars |cons |rows |cuts |sepa|confs|strbr|  dualbound   | primalbound  |  gap   | compl. 
t 0.9s|     1 |     0 |     0 |     - | trivial|   0 | 220 |3430 |   0 |   0 |  0 |   0 |   0 | 2.240000e+02 |-1.134000e+03 |    Inf | unknown
p 1.1s|     1 |     0 |    10 |     - |   locks|   0 | 220 |3430 |3430 |   0 |  0 |   0 |   0 | 2.240000e+02 |-4.359714e+02 |    Inf | unknown
* 1.2s|     1 |     0 |   318 |     - |    LP  |   0 | 220 |3430 |3430 |   0 |  0 |   0 |   0 |-1.984238e+02 |-1.984238e+02 |   0.00%| unknown
  1.2s|     1 |     0 |   318 |     - |   270M |   0 | 220 |3430 |3430 |   0 |  0 |   0 |   0 |-1.984238e+02 |-1.984238e+02 |   0.00%| unknown

SCIP Status        : problem is solved [optimal solution found]
Solving Time (sec) : 1.20
Solving Nodes      : 1
Primal Bound       : -1.98423809523810e+02 (4 solutions)
Dual Bound         : -1.98423809523810e+02
Gap                : 0.00 %
feasible solution found by trivial heuristic after 0.0 seconds, objective value 0.000000e+00
presolving:
   (0.0s) symmetry computation started: requiring (bin +, int +, cont +), (fixed: bin -, int -, cont -)
   (0.0s) symmetry computation finished: 9 generators found (max: 1500, log10 of symmetry group size: 6.56) (symcode time: 0.00)
dynamic symmetry handling statistics:
   orbitopal reduction:       no components
   orbital reduction:         no components
   lexicographic reduction:   no permutations
handled 1 out of 1 symmetry components
presolving (0 rounds: 0 fast, 0 medium, 0 exhaustive):
 0 deleted vars, 0 deleted constraints, 0 added constraints, 0 tightened bounds, 0 added holes, 0 changed sides, 0 changed coefficients
 0 implications, 0 cliques, 0 implied integral variables (0 bin, 0 int, 0 cont)
presolved problem has 220 variables (210 bin, 0 int, 10 cont) and 2669 constraints
   2669 constraints of type <linear>
Presolving Time: 0.00
transformed 2/2 original solutions to the transformed problem space

 time | node  | left  |LP iter|LP it/n|mem/heur|mdpt |vars |cons |rows |cuts |sepa|confs|strbr|  dualbound   | primalbound  |  gap   | compl. 
p 0.0s|     1 |     0 |     0 |     - |   locks|   0 | 220 |2660 |2660 |   0 |  0 |   0 |   0 | 2.240000e+02 | 5.200000e+01 | 330.77%| unknown
i 0.0s|     1 |     0 |     0 |     - |  oneopt|   0 | 220 |2660 |2660 |   0 |  0 |   0 |   0 | 2.240000e+02 | 1.460000e+02 |  53.42%| unknown
* 0.0s|     1 |     0 |    35 |     - |    LP  |   0 | 220 |2660 |2660 |   0 |  0 |   0 |   0 | 2.120000e+02 | 2.120000e+02 |   0.00%| unknown
  0.0s|     1 |     0 |    35 |     - |    10M |   0 | 220 |2660 |2660 |   0 |  0 |   0 |   0 | 2.120000e+02 | 2.120000e+02 |   0.00%| unknown

SCIP Status        : problem is solved [optimal solution found]
Solving Time (sec) : 0.01
Solving Nodes      : 1
Primal Bound       : +2.12000000000000e+02 (6 solutions)
Dual Bound         : +2.12000000000000e+02
Gap                : 0.00 %
  [linear] <c2661>: <x211>[C] (+0) +0.592857143<x1>[B] (+0) +0.592857143<x2>[B] (+0) -0.592857143<x3>[B] (+0) -0.592857143<x4>[B] (+0) +0.592857143<x5>[B] (+0) -0.592857143<x6>[B] (+0) +0.592857143<x7>[B] (+0) +0.592857143<x8>[B] (+0) +0.592857143<x9>[B] (+0) +0.592857143<x10>[B] (+0) -0.592857143<x11>[B] (+0) +0.592857143<x12>[B] (+0) +0.592857143<x13>[B] (+1) -0.592857143<x14>[B] (+0) +0.592857143<x15>[B] (+0) +0.592857143<x16>[B] (+0) +0.592857143<x17>[B] (+0) +0.592857143<x18>[B] (+0) +0.592857143<x19>[B] (+0) +0.592857143<x20>[B] (+0) -0.592857143<x21>[B] (+0) -0.592857143<x22>[B] (+0) -0.592857143<x23>[B] (+0) -0.592857143<x24>[B] (+0) -0.592857143<x25>[B] (+0) -0.592857143<x26>[B] (+0) -0.592857143<x27>[B] (+0) -0.592857143<x28>[B] (+0) -0.592857143<x29>[B] (+0) -0.592857143<x30>[B] (+0) -0.592857143<x31>[B] (+0) -0.592857143<x32>[B] (+1) -0.592857143<x33>[B] (+0) +0.592857143<x34>[B] (+0) -0.592857143<x35>[B] (+0) -0.592857143<x36>[B] (+0) -0.592857143<x37>[B] (+0) -0.592857143<x38>[B] (+1) -0.592857143<x39>[B] (+0) -0.592857143<x40>[B] (+1) -0.592857143<x41>[B] (+1) +0.592857143<x42>[B] (+1) -0.592857143<x43>[B] (+1) +0.592857143<x44>[B] (+1) +0.592857143<x45>[B] (+1) +0.592857143<x46>[B] (+1) +0.592857143<x47>[B] (+1) -0.592857143<x48>[B] (+1) +0.592857143<x49>[B] (+1) +0.592857143<x50>[B] (+1) -0.592857143<x51>[B] (+1) +0.592857143<x52>[B] (+1) +0.592857143<x53>[B] (+1) +0.592857143<x54>[B] (+1) +0.592857143<x55>[B] (+1) +0.592857143<x56>[B] (+1) +0.592857143<x57>[B] (+1) -0.592857143<x58>[B] (+1) +0.592857143<x59>[B] (+0) +0.592857143<x60>[B] (+0) +0.592857143<x61>[B] (+1) +0.592857143<x62>[B] (+0) +0.592857143<x63>[B] (+0) +0.592857143<x64>[B] (+0) +0.592857143<x65>[B] (+0) +0.592857143<x66>[B] (+0) +0.592857143<x67>[B] (+1) +0.592857143<x68>[B] (+0) +0.592857143<x69>[B] (+0) +0.592857143<x70>[B] (+0) +0.592857143<x71>[B] (+0) +0.592857143<x72>[B] (+0) +0.592857143<x73>[B] (+1) +0.592857143<x74>[B] (+0) +0.592857143<x75>[B] (+0) +0.592857143<x76>[B] (+0) +0.592857143<x77>[B] (+1) +0.592857143<x78>[B] (+0) +0.592857143<x79>[B] (+0) +0.592857143<x80>[B] (+0) +0.592857143<x81>[B] (+0) +0.592857143<x82>[B] (+0) +0.592857143<x83>[B] (+1) +0.592857143<x84>[B] (+0) +0.592857143<x85>[B] (+0) +0.592857143<x86>[B] (+0) +0.592857143<x87>[B] (+0) +0.592857143<x88>[B] (+0) +0.592857143<x89>[B] (+1) +0.592857143<x90>[B] (+0) -0.592857143<x91>[B] (+1) +0.592857143<x92>[B] (+1) +0.592857143<x93>[B] (+1) -0.592857143<x94>[B] (+1) +0.592857143<x95>[B] (+1) -0.592857143<x96>[B] (+1) +0.592857143<x97>[B] (+1) -0.592857143<x98>[B] (+1) -0.592857143<x99>[B] (+1) +0.592857143<x100>[B] (+0) -0.592857143<x101>[B] (+1) +0.592857143<x102>[B] (+1) -0.592857143<x103>[B] (+1) +0.592857143<x104>[B] (+1) +0.592857143<x105>[B] (+1) +0.592857143<x106>[B] (+1) +0.592857143<x107>[B] (+0) +0.592857143<x108>[B] (+0) +0.592857143<x109>[B] (+0) -0.592857143<x110>[B] (+0) +0.592857143<x111>[B] (+0) +0.592857143<x112>[B] (+1) +0.592857143<x113>[B] (+0) +0.592857143<x114>[B] (+0) +0.592857143<x115>[B] (+0) +0.592857143<x116>[B] (+0) +0.592857143<x117>[B] (+0) +0.592857143<x118>[B] (+1) +0.592857143<x119>[B] (+1) +0.592857143<x120>[B] (+0) -0.592857143<x121>[B] (+0) +0.592857143<x122>[B] (+0) -0.592857143<x123>[B] (+0) +0.592857143<x124>[B] (+0) -0.592857143<x125>[B] (+1) -0.592857143<x126>[B] (+0) +0.592857143<x127>[B] (+0) -0.592857143<x128>[B] (+0) +0.592857143<x129>[B] (+0) -0.592857143<x130>[B] (+0) +0.592857143<x131>[B] (+1) -0.592857143<x132>[B] (+0) -0.592857143<x133>[B] (+0) -0.592857143<x134>[B] (+0) -0.592857143<x135>[B] (+1) +0.592857143<x136>[B] (+0) -0.592857143<x137>[B] (+1) -0.592857143<x138>[B] (+1) +0.592857143<x139>[B] (+0) -0.592857143<x140>[B] (+0) -0.592857143<x141>[B] (+1) -0.592857143<x142>[B] (+1) -0.592857143<x143>[B] (+1) -0.592857143<x144>[B] (+1) +0.592857143<x145>[B] (+1) -0.592857143<x146>[B] (+1) +0.592857143<x147>[B] (+0) -0.592857143<x148>[B] (+1) -0.592857143<x149>[B] (+1) +0.592857143<x150>[B] (+0) +0.592857143<x151>[B] (+1) +0.592857143<x152>[B] (+1) +0.592857143<x153>[B] (+1) +0.592857143<x154>[B] (+1) +0.592857143<x155>[B] (+1) -0.592857143<x156>[B] (+1) +0.592857143<x157>[B] (+0) -0.592857143<x158>[B] (+1) -0.592857143<x159>[B] (+1) +0.592857143<x160>[B] (+0) -0.592857143<x161>[B] (+0) +0.592857143<x162>[B] (+1) -0.592857143<x163>[B] (+1) -0.592857143<x164>[B] (+1) -0.592857143<x165>[B] (+1) +0.592857143<x166>[B] (+0) +0.592857143<x167>[B] (+1) +0.592857143<x168>[B] (+0) +0.592857143<x169>[B] (+0) +0.592857143<x170>[B] (+0) +0.592857143<x171>[B] (+0) +0.592857143<x172>[B] (+0) +0.592857143<x173>[B] (+1) +0.592857143<x174>[B] (+1) -0.592857143<x175>[B] (+1) -0.592857143<x176>[B] (+1) +0.592857143<x177>[B] (+0) -0.592857143<x178>[B] (+1) -0.592857143<x179>[B] (+1) -0.592857143<x180>[B] (+1) -0.592857143<x181>[B] (+1) -0.592857143<x182>[B] (+1) -0.592857143<x183>[B] (+0) +0.592857143<x184>[B] (+0) +0.592857143<x185>[B] (+0) +0.592857143<x186>[B] (+0) +0.592857143<x187>[B] (+0) +0.592857143<x188>[B] (+0) +0.592857143<x189>[B] (+0) +0.592857143<x190>[B] (+0) +0.592857143<x191>[B] (+0) +0.592857143<x192>[B] (+0) +0.592857143<x193>[B] (+0) +0.592857143<x194>[B] (+1) +0.592857143<x195>[B] (+1) -0.592857143<x196>[B] (+1) -0.592857143<x197>[B] (+1) -0.592857143<x198>[B] (+1) -0.592857143<x199>[B] (+1) -0.592857143<x200>[B] (+1) +0.592857143<x201>[B] (+1) +0.592857143<x202>[B] (+1) +0.592857143<x203>[B] (+1) +0.592857143<x204>[B] (+1) -0.592857143<x205>[B] (+0) -0.592857143<x206>[B] (+1) -0.592857143<x207>[B] (+1) +0.592857143<x208>[B] (+1) +0.592857143<x209>[B] (+1) -0.592857143<x210>[B] (+0) >= 39.5738095238095;
;
violation: left hand side is violated by 37.2023809523809
  [linear] <c2661>: <x211>[C] (+0) +0.592857143<x1>[B] (+1) +0.592857143<x2>[B] (+0) -0.592857143<x3>[B] (+0) -0.592857143<x4>[B] (+0) +0.592857143<x5>[B] (+0) -0.592857143<x6>[B] (+0) +0.592857143<x7>[B] (+1) +0.592857143<x8>[B] (+0) +0.592857143<x9>[B] (+0) +0.592857143<x10>[B] (+0) -0.592857143<x11>[B] (+1) +0.592857143<x12>[B] (+0) +0.592857143<x13>[B] (+1) -0.592857143<x14>[B] (+0) +0.592857143<x15>[B] (+0) +0.592857143<x16>[B] (+0) +0.592857143<x17>[B] (+0) +0.592857143<x18>[B] (+0) +0.592857143<x19>[B] (+0) +0.592857143<x20>[B] (+0) -0.592857143<x21>[B] (+0) -0.592857143<x22>[B] (+0) -0.592857143<x23>[B] (+0) -0.592857143<x24>[B] (+0) -0.592857143<x25>[B] (+0) -0.592857143<x26>[B] (+0) -0.592857143<x27>[B] (+0) -0.592857143<x28>[B] (+0) -0.592857143<x29>[B] (+0) -0.592857143<x30>[B] (+0) -0.592857143<x31>[B] (+0) -0.592857143<x32>[B] (+0) -0.592857143<x33>[B] (+0) +0.592857143<x34>[B] (+0) -0.592857143<x35>[B] (+0) -0.592857143<x36>[B] (+0) -0.592857143<x37>[B] (+0) -0.592857143<x38>[B] (+0) -0.592857143<x39>[B] (+0) -0.592857143<x40>[B] (+1) -0.592857143<x41>[B] (+1) +0.592857143<x42>[B] (+0) -0.592857143<x43>[B] (+1) +0.592857143<x44>[B] (+1) +0.592857143<x45>[B] (+0) +0.592857143<x46>[B] (+1) +0.592857143<x47>[B] (+1) -0.592857143<x48>[B] (+1) +0.592857143<x49>[B] (+1) +0.592857143<x50>[B] (+1) -0.592857143<x51>[B] (+1) +0.592857143<x52>[B] (+1) +0.592857143<x53>[B] (+0) +0.592857143<x54>[B] (+1) +0.592857143<x55>[B] (+1) +0.592857143<x56>[B] (+1) +0.592857143<x57>[B] (+1) -0.592857143<x58>[B] (+1) +0.592857143<x59>[B] (+0) +0.592857143<x60>[B] (+0) +0.592857143<x61>[B] (+1) +0.592857143<x62>[B] (+0) +0.592857143<x63>[B] (+0) +0.592857143<x64>[B] (+0) +0.592857143<x65>[B] (+1) +0.592857143<x66>[B] (+0) +0.592857143<x67>[B] (+1) +0.592857143<x68>[B] (+0) +0.592857143<x69>[B] (+0) +0.592857143<x70>[B] (+0) +0.592857143<x71>[B] (+1) +0.592857143<x72>[B] (+0) +0.592857143<x73>[B] (+0) +0.592857143<x74>[B] (+1) +0.592857143<x75>[B] (+0) +0.592857143<x76>[B] (+0) +0.592857143<x77>[B] (+1) +0.592857143<x78>[B] (+0) +0.592857143<x79>[B] (+0) +0.592857143<x80>[B] (+0) +0.592857143<x81>[B] (+1) +0.592857143<x82>[B] (+0) +0.592857143<x83>[B] (+1) +0.592857143<x84>[B] (+0) +0.592857143<x85>[B] (+0) +0.592857143<x86>[B] (+0) +0.592857143<x87>[B] (+1) +0.592857143<x88>[B] (+0) +0.592857143<x89>[B] (+0) +0.592857143<x90>[B] (+1) -0.592857143<x91>[B] (+1) +0.592857143<x92>[B] (+1) +0.592857143<x93>[B] (+1) -0.592857143<x94>[B] (+1) +0.592857143<x95>[B] (+1) -0.592857143<x96>[B] (+1) +0.592857143<x97>[B] (+1) -0.592857143<x98>[B] (+1) -0.592857143<x99>[B] (+1) +0.592857143<x100>[B] (+1) -0.592857143<x101>[B] (+1) +0.592857143<x102>[B] (+1) -0.592857143<x103>[B] (+1) +0.592857143<x104>[B] (+1) +0.592857143<x105>[B] (+1) +0.592857143<x106>[B] (+1) +0.592857143<x107>[B] (+0) +0.592857143<x108>[B] (+0) +0.592857143<x109>[B] (+0) -0.592857143<x110>[B] (+1) +0.592857143<x111>[B] (+0) +0.592857143<x112>[B] (+1) +0.592857143<x113>[B] (+0) +0.592857143<x114>[B] (+0) +0.592857143<x115>[B] (+0) +0.592857143<x116>[B] (+1) +0.592857143<x117>[B] (+0) +0.592857143<x118>[B] (+0) +0.592857143<x119>[B] (+1) +0.592857143<x120>[B] (+0) -0.592857143<x121>[B] (+0) +0.592857143<x122>[B] (+0) -0.592857143<x123>[B] (+1) +0.592857143<x124>[B] (+0) -0.592857143<x125>[B] (+1) -0.592857143<x126>[B] (+0) +0.592857143<x127>[B] (+0) -0.592857143<x128>[B] (+0) +0.592857143<x129>[B] (+0) -0.592857143<x130>[B] (+0) +0.592857143<x131>[B] (+0) -0.592857143<x132>[B] (+0) -0.592857143<x133>[B] (+1) -0.592857143<x134>[B] (+1) -0.592857143<x135>[B] (+1) +0.592857143<x136>[B] (+1) -0.592857143<x137>[B] (+1) -0.592857143<x138>[B] (+1) +0.592857143<x139>[B] (+1) -0.592857143<x140>[B] (+1) -0.592857143<x141>[B] (+1) -0.592857143<x142>[B] (+1) -0.592857143<x143>[B] (+1) -0.592857143<x144>[B] (+1) +0.592857143<x145>[B] (+0) -0.592857143<x146>[B] (+1) +0.592857143<x147>[B] (+0) -0.592857143<x148>[B] (+1) -0.592857143<x149>[B] (+0) +0.592857143<x150>[B] (+1) +0.592857143<x151>[B] (+0) +0.592857143<x152>[B] (+1) +0.592857143<x153>[B] (+0) +0.592857143<x154>[B] (+0) +0.592857143<x155>[B] (+1) -0.592857143<x156>[B] (+1) +0.592857143<x157>[B] (+0) -0.592857143<x158>[B] (+1) -0.592857143<x159>[B] (+0) +0.592857143<x160>[B] (+1) -0.592857143<x161>[B] (+0) +0.592857143<x162>[B] (+1) -0.592857143<x163>[B] (+0) -0.592857143<x164>[B] (+0) -0.592857143<x165>[B] (+1) +0.592857143<x166>[B] (+0) +0.592857143<x167>[B] (+0) +0.592857143<x168>[B] (+0) +0.592857143<x169>[B] (+0) +0.592857143<x170>[B] (+0) +0.592857143<x171>[B] (+0) +0.592857143<x172>[B] (+0) +0.592857143<x173>[B] (+0) +0.592857143<x174>[B] (+0) -0.592857143<x175>[B] (+1) -0.592857143<x176>[B] (+1) +0.592857143<x177>[B] (+1) -0.592857143<x178>[B] (+0) -0.592857143<x179>[B] (+1) -0.592857143<x180>[B] (+1) -0.592857143<x181>[B] (+1) -0.592857143<x182>[B] (+1) -0.592857143<x183>[B] (+0) +0.592857143<x184>[B] (+0) +0.592857143<x185>[B] (+0) +0.592857143<x186>[B] (+0) +0.592857143<x187>[B] (+0) +0.592857143<x188>[B] (+0) +0.592857143<x189>[B] (+0) +0.592857143<x190>[B] (+1) +0.592857143<x191>[B] (+0) +0.592857143<x192>[B] (+1) +0.592857143<x193>[B] (+0) +0.592857143<x194>[B] (+1) +0.592857143<x195>[B] (+1) -0.592857143<x196>[B] (+0) -0.592857143<x197>[B] (+1) -0.592857143<x198>[B] (+0) -0.592857143<x199>[B] (+0) -0.592857143<x200>[B] (+1) +0.592857143<x201>[B] (+1) +0.592857143<x202>[B] (+1) +0.592857143<x203>[B] (+1) +0.592857143<x204>[B] (+1) -0.592857143<x205>[B] (+0) -0.592857143<x206>[B] (+0) -0.592857143<x207>[B] (+1) +0.592857143<x208>[B] (+1) +0.592857143<x209>[B] (+1) -0.592857143<x210>[B] (+1) >= 39.5738095238095;
;
violation: left hand side is violated by 33.052380952381
  [linear] <c2661>: <x211>[C] (+0) +0.592857143<x1>[B] (+1) +0.592857143<x2>[B] (+1) -0.592857143<x3>[B] (+1) -0.592857143<x4>[B] (+1) +0.592857143<x5>[B] (+0) -0.592857143<x6>[B] (+1) +0.592857143<x7>[B] (+1) +0.592857143<x8>[B] (+0) +0.592857143<x9>[B] (+1) +0.592857143<x10>[B] (+1) -0.592857143<x11>[B] (+1) +0.592857143<x12>[B] (+1) +0.592857143<x13>[B] (+1) -0.592857143<x14>[B] (+1) +0.592857143<x15>[B] (+1) +0.592857143<x16>[B] (+0) +0.592857143<x17>[B] (+1) +0.592857143<x18>[B] (+1) +0.592857143<x19>[B] (+1) +0.592857143<x20>[B] (+1) -0.592857143<x21>[B] (+0) -0.592857143<x22>[B] (+0) -0.592857143<x23>[B] (+0) -0.592857143<x24>[B] (+0) -0.592857143<x25>[B] (+0) -0.592857143<x26>[B] (+0) -0.592857143<x27>[B] (+0) -0.592857143<x28>[B] (+0) -0.592857143<x29>[B] (+0) -0.592857143<x30>[B] (+1) -0.592857143<x31>[B] (+0) -0.592857143<x32>[B] (+0) -0.592857143<x33>[B] (+0) +0.592857143<x34>[B] (+0) -0.592857143<x35>[B] (+0) -0.592857143<x36>[B] (+0) -0.592857143<x37>[B] (+0) -0.592857143<x38>[B] (+0) -0.592857143<x39>[B] (+0) -0.592857143<x40>[B] (+1) -0.592857143<x41>[B] (+1) +0.592857143<x42>[B] (+0) -0.592857143<x43>[B] (+1) +0.592857143<x44>[B] (+1) +0.592857143<x45>[B] (+0) +0.592857143<x46>[B] (+1) +0.592857143<x47>[B] (+1) -0.592857143<x48>[B] (+1) +0.592857143<x49>[B] (+1) +0.592857143<x50>[B] (+1) -0.592857143<x51>[B] (+1) +0.592857143<x52>[B] (+1) +0.592857143<x53>[B] (+0) +0.592857143<x54>[B] (+1) +0.592857143<x55>[B] (+1) +0.592857143<x56>[B] (+1) +0.592857143<x57>[B] (+1) -0.592857143<x58>[B] (+1) +0.592857143<x59>[B] (+0) +0.592857143<x60>[B] (+1) +0.592857143<x61>[B] (+1) +0.592857143<x62>[B] (+0) +0.592857143<x63>[B] (+0) +0.592857143<x64>[B] (+0) +0.592857143<x65>[B] (+1) +0.592857143<x66>[B] (+0) +0.592857143<x67>[B] (+1) +0.592857143<x68>[B] (+0) +0.592857143<x69>[B] (+1) +0.592857143<x70>[B] (+0) +0.592857143<x71>[B] (+1) +0.592857143<x72>[B] (+0) +0.592857143<x73>[B] (+0) +0.592857143<x74>[B] (+1) +0.592857143<x75>[B] (+0) +0.592857143<x76>[B] (+1) +0.592857143<x77>[B] (+1) +0.592857143<x78>[B] (+0) +0.592857143<x79>[B] (+0) +0.592857143<x80>[B] (+0) +0.592857143<x81>[B] (+1) +0.592857143<x82>[B] (+0) +0.592857143<x83>[B] (+1) +0.592857143<x84>[B] (+0) +0.592857143<x85>[B] (+1) +0.592857143<x86>[B] (+0) +0.592857143<x87>[B] (+1) +0.592857143<x88>[B] (+0) +0.592857143<x89>[B] (+0) +0.592857143<x90>[B] (+1) -0.592857143<x91>[B] (+1) +0.592857143<x92>[B] (+1) +0.592857143<x93>[B] (+1) -0.592857143<x94>[B] (+1) +0.592857143<x95>[B] (+1) -0.592857143<x96>[B] (+1) +0.592857143<x97>[B] (+1) -0.592857143<x98>[B] (+1) -0.592857143<x99>[B] (+1) +0.592857143<x100>[B] (+1) -0.592857143<x101>[B] (+1) +0.592857143<x102>[B] (+1) -0.592857143<x103>[B] (+1) +0.592857143<x104>[B] (+1) +0.592857143<x105>[B] (+1) +0.592857143<x106>[B] (+1) +0.592857143<x107>[B] (+0) +0.592857143<x108>[B] (+0) +0.592857143<x109>[B] (+0) -0.592857143<x110>[B] (+1) +0.592857143<x111>[B] (+0) +0.592857143<x112>[B] (+1) +0.592857143<x113>[B] (+0) +0.592857143<x114>[B] (+1) +0.592857143<x115>[B] (+0) +0.592857143<x116>[B] (+1) +0.592857143<x117>[B] (+0) +0.592857143<x118>[B] (+0) +0.592857143<x119>[B] (+1) +0.592857143<x120>[B] (+0) -0.592857143<x121>[B] (+0) +0.592857143<x122>[B] (+0) -0.592857143<x123>[B] (+1) +0.592857143<x124>[B] (+0) -0.592857143<x125>[B] (+1) -0.592857143<x126>[B] (+0) +0.592857143<x127>[B] (+1) -0.592857143<x128>[B] (+0) +0.592857143<x129>[B] (+1) -0.592857143<x130>[B] (+0) +0.592857143<x131>[B] (+0) -0.592857143<x132>[B] (+1) -0.592857143<x133>[B] (+1) -0.592857143<x134>[B] (+1) -0.592857143<x135>[B] (+1) +0.592857143<x136>[B] (+1) -0.592857143<x137>[B] (+1) -0.592857143<x138>[B] (+1) +0.592857143<x139>[B] (+1) -0.592857143<x140>[B] (+1) -0.592857143<x141>[B] (+1) -0.592857143<x142>[B] (+1) -0.592857143<x143>[B] (+1) -0.592857143<x144>[B] (+1) +0.592857143<x145>[B] (+0) -0.592857143<x146>[B] (+1) +0.592857143<x147>[B] (+0) -0.592857143<x148>[B] (+1) -0.592857143<x149>[B] (+0) +0.592857143<x150>[B] (+1) +0.592857143<x151>[B] (+0) +0.592857143<x152>[B] (+1) +0.592857143<x153>[B] (+0) +0.592857143<x154>[B] (+0) +0.592857143<x155>[B] (+1) -0.592857143<x156>[B] (+1) +0.592857143<x157>[B] (+0) -0.592857143<x158>[B] (+1) -0.592857143<x159>[B] (+0) +0.592857143<x160>[B] (+1) -0.592857143<x161>[B] (+0) +0.592857143<x162>[B] (+1) -0.592857143<x163>[B] (+0) -0.592857143<x164>[B] (+0) -0.592857143<x165>[B] (+1) +0.592857143<x166>[B] (+0) +0.592857143<x167>[B] (+0) +0.592857143<x168>[B] (+0) +0.592857143<x169>[B] (+0) +0.592857143<x170>[B] (+0) +0.592857143<x171>[B] (+0) +0.592857143<x172>[B] (+0) +0.592857143<x173>[B] (+0) +0.592857143<x174>[B] (+0) -0.592857143<x175>[B] (+1) -0.592857143<x176>[B] (+1) +0.592857143<x177>[B] (+1) -0.592857143<x178>[B] (+0) -0.592857143<x179>[B] (+1) -0.592857143<x180>[B] (+1) -0.592857143<x181>[B] (+1) -0.592857143<x182>[B] (+1) -0.592857143<x183>[B] (+0) +0.592857143<x184>[B] (+1) +0.592857143<x185>[B] (+0) +0.592857143<x186>[B] (+1) +0.592857143<x187>[B] (+0) +0.592857143<x188>[B] (+0) +0.592857143<x189>[B] (+1) +0.592857143<x190>[B] (+1) +0.592857143<x191>[B] (+0) +0.592857143<x192>[B] (+1) +0.592857143<x193>[B] (+1) +0.592857143<x194>[B] (+1) +0.592857143<x195>[B] (+1) -0.592857143<x196>[B] (+0) -0.592857143<x197>[B] (+1) -0.592857143<x198>[B] (+0) -0.592857143<x199>[B] (+0) -0.592857143<x200>[B] (+1) +0.592857143<x201>[B] (+1) +0.592857143<x202>[B] (+1) +0.592857143<x203>[B] (+1) +0.592857143<x204>[B] (+1) -0.592857143<x205>[B] (+0) -0.592857143<x206>[B] (+0) -0.592857143<x207>[B] (+1) +0.592857143<x208>[B] (+1) +0.592857143<x209>[B] (+1) -0.592857143<x210>[B] (+1) >= 39.5738095238095;
;
violation: left hand side is violated by 24.7523809523809
  [linear] <c2661>: <x211>[C] (+0) +0.592857143<x1>[B] (+0) +0.592857143<x2>[B] (+0) -0.592857143<x3>[B] (+0) -0.592857143<x4>[B] (+0) +0.592857143<x5>[B] (+0) -0.592857143<x6>[B] (+0) +0.592857143<x7>[B] (+0) +0.592857143<x8>[B] (+0) +0.592857143<x9>[B] (+0) +0.592857143<x10>[B] (+0) -0.592857143<x11>[B] (+0) +0.592857143<x12>[B] (+0) +0.592857143<x13>[B] (+0) -0.592857143<x14>[B] (+0) +0.592857143<x15>[B] (+0) +0.592857143<x16>[B] (+0) +0.592857143<x17>[B] (+0) +0.592857143<x18>[B] (+0) +0.592857143<x19>[B] (+0) +0.592857143<x20>[B] (+0) -0.592857143<x21>[B] (+0) -0.592857143<x22>[B] (+0) -0.592857143<x23>[B] (+0) -0.592857143<x24>[B] (+0) -0.592857143<x25>[B] (+0) -0.592857143<x26>[B] (+0) -0.592857143<x27>[B] (+0) -0.592857143<x28>[B] (+0) -0.592857143<x29>[B] (+0) -0.592857143<x30>[B] (+0) -0.592857143<x31>[B] (+0) -0.592857143<x32>[B] (+0) -0.592857143<x33>[B] (+0) +0.592857143<x34>[B] (+0) -0.592857143<x35>[B] (+0) -0.592857143<x36>[B] (+0) -0.592857143<x37>[B] (+0) -0.592857143<x38>[B] (+0) -0.592857143<x39>[B] (+0) -0.592857143<x40>[B] (+0) -0.592857143<x41>[B] (+0) +0.592857143<x42>[B] (+0) -0.592857143<x43>[B] (+0) +0.592857143<x44>[B] (+0) +0.592857143<x45>[B] (+0) +0.592857143<x46>[B] (+0) +0.592857143<x47>[B] (+0) -0.592857143<x48>[B] (+0) +0.592857143<x49>[B] (+0) +0.592857143<x50>[B] (+0) -0.592857143<x51>[B] (+0) +0.592857143<x52>[B] (+0) +0.592857143<x53>[B] (+0) +0.592857143<x54>[B] (+0) +0.592857143<x55>[B] (+0) +0.592857143<x56>[B] (+0) +0.592857143<x57>[B] (+0) -0.592857143<x58>[B] (+0) +0.592857143<x59>[B] (+0) +0.592857143<x60>[B] (+0) +0.592857143<x61>[B] (+0) +0.592857143<x62>[B] (+0) +0.592857143<x63>[B] (+0) +0.592857143<x64>[B] (+0) +0.592857143<x65>[B] (+0) +0.592857143<x66>[B] (+0) +0.592857143<x67>[B] (+0) +0.592857143<x68>[B] (+0) +0.592857143<x69>[B] (+0) +0.592857143<x70>[B] (+0) +0.592857143<x71>[B] (+0) +0.592857143<x72>[B] (+0) +0.592857143<x73>[B] (+0) +0.592857143<x74>[B] (+0) +0.592857143<x75>[B] (+0) +0.592857143<x76>[B] (+0) +0.592857143<x77>[B] (+0) +0.592857143<x78>[B] (+0) +0.592857143<x79>[B] (+0) +0.592857143<x80>[B] (+0) +0.592857143<x81>[B] (+0) +0.592857143<x82>[B] (+0) +0.592857143<x83>[B] (+0) +0.592857143<x84>[B] (+0) +0.592857143<x85>[B] (+0) +0.592857143<x86>[B] (+0) +0.592857143<x87>[B] (+0) +0.592857143<x88>[B] (+0) +0.592857143<x89>[B] (+0) +0.592857143<x90>[B] (+0) -0.592857143<x91>[B] (+0) +0.592857143<x92>[B] (+0) +0.592857143<x93>[B] (+0) -0.592857143<x94>[B] (+0) +0.592857143<x95>[B] (+0) -0.592857143<x96>[B] (+0) +0.592857143<x97>[B] (+0) -0.592857143<x98>[B] (+0) -0.592857143<x99>[B] (+0) +0.592857143<x100>[B] (+0) -0.592857143<x101>[B] (+0) +0.592857143<x102>[B] (+0) -0.592857143<x103>[B] (+0) +0.592857143<x104>[B] (+0) +0.592857143<x105>[B] (+0) +0.592857143<x106>[B] (+0) +0.592857143<x107>[B] (+0) +0.592857143<x108>[B] (+0) +0.592857143<x109>[B] (+0) -0.592857143<x110>[B] (+0) +0.592857143<x111>[B] (+0) +0.592857143<x112>[B] (+0) +0.592857143<x113>[B] (+0) +0.592857143<x114>[B] (+0) +0.592857143<x115>[B] (+0) +0.592857143<x116>[B] (+0) +0.592857143<x117>[B] (+0) +0.592857143<x118>[B] (+0) +0.592857143<x119>[B] (+0) +0.592857143<x120>[B] (+0) -0.592857143<x121>[B] (+0) +0.592857143<x122>[B] (+0) -0.592857143<x123>[B] (+0) +0.592857143<x124>[B] (+0) -0.592857143<x125>[B] (+0) -0.592857143<x126>[B] (+0) +0.592857143<x127>[B] (+0) -0.592857143<x128>[B] (+0) +0.592857143<x129>[B] (+0) -0.592857143<x130>[B] (+0) +0.592857143<x131>[B] (+0) -0.592857143<x132>[B] (+0) -0.592857143<x133>[B] (+0) -0.592857143<x134>[B] (+0) -0.592857143<x135>[B] (+0) +0.592857143<x136>[B] (+0) -0.592857143<x137>[B] (+0) -0.592857143<x138>[B] (+0) +0.592857143<x139>[B] (+0) -0.592857143<x140>[B] (+0) -0.592857143<x141>[B] (+0) -0.592857143<x142>[B] (+0) -0.592857143<x143>[B] (+0) -0.592857143<x144>[B] (+0) +0.592857143<x145>[B] (+0) -0.592857143<x146>[B] (+0) +0.592857143<x147>[B] (+0) -0.592857143<x148>[B] (+0) -0.592857143<x149>[B] (+0) +0.592857143<x150>[B] (+0) +0.592857143<x151>[B] (+0) +0.592857143<x152>[B] (+0) +0.592857143<x153>[B] (+0) +0.592857143<x154>[B] (+0) +0.592857143<x155>[B] (+0) -0.592857143<x156>[B] (+0) +0.592857143<x157>[B] (+0) -0.592857143<x158>[B] (+0) -0.592857143<x159>[B] (+0) +0.592857143<x160>[B] (+0) -0.592857143<x161>[B] (+0) +0.592857143<x162>[B] (+0) -0.592857143<x163>[B] (+0) -0.592857143<x164>[B] (+0) -0.592857143<x165>[B] (+0) +0.592857143<x166>[B] (+0) +0.592857143<x167>[B] (+0) +0.592857143<x168>[B] (+0) +0.592857143<x169>[B] (+0) +0.592857143<x170>[B] (+0) +0.592857143<x171>[B] (+0) +0.592857143<x172>[B] (+0) +0.592857143<x173>[B] (+0) +0.592857143<x174>[B] (+0) -0.592857143<x175>[B] (+0) -0.592857143<x176>[B] (+0) +0.592857143<x177>[B] (+0) -0.592857143<x178>[B] (+0) -0.592857143<x179>[B] (+0) -0.592857143<x180>[B] (+0) -0.592857143<x181>[B] (+0) -0.592857143<x182>[B] (+0) -0.592857143<x183>[B] (+0) +0.592857143<x184>[B] (+0) +0.592857143<x185>[B] (+0) +0.592857143<x186>[B] (+0) +0.592857143<x187>[B] (+0) +0.592857143<x188>[B] (+0) +0.592857143<x189>[B] (+0) +0.592857143<x190>[B] (+0) +0.592857143<x191>[B] (+0) +0.592857143<x192>[B] (+0) +0.592857143<x193>[B] (+0) +0.592857143<x194>[B] (+0) +0.592857143<x195>[B] (+0) -0.592857143<x196>[B] (+0) -0.592857143<x197>[B] (+0) -0.592857143<x198>[B] (+0) -0.592857143<x199>[B] (+0) -0.592857143<x200>[B] (+0) +0.592857143<x201>[B] (+0) +0.592857143<x202>[B] (+0) +0.592857143<x203>[B] (+0) +0.592857143<x204>[B] (+0) -0.592857143<x205>[B] (+0) -0.592857143<x206>[B] (+0) -0.592857143<x207>[B] (+0) +0.592857143<x208>[B] (+0) +0.592857143<x209>[B] (+0) -0.592857143<x210>[B] (+0) >= 39.5738095238095;
;
violation: left hand side is violated by 39.5738095238095
  [linear] <c2661>: <x211>[C] (+0) +0.592857143<x1>[B] (+1) +0.592857143<x2>[B] (+1) -0.592857143<x3>[B] (+1) -0.592857143<x4>[B] (+1) +0.592857143<x5>[B] (+1) -0.592857143<x6>[B] (+1) +0.592857143<x7>[B] (+1) +0.592857143<x8>[B] (+1) +0.592857143<x9>[B] (+1) +0.592857143<x10>[B] (+1) -0.592857143<x11>[B] (+1) +0.592857143<x12>[B] (+1) +0.592857143<x13>[B] (+1) -0.592857143<x14>[B] (+1) +0.592857143<x15>[B] (+1) +0.592857143<x16>[B] (+1) +0.592857143<x17>[B] (+1) +0.592857143<x18>[B] (+1) +0.592857143<x19>[B] (+1) +0.592857143<x20>[B] (+1) -0.592857143<x21>[B] (+1) -0.592857143<x22>[B] (+1) -0.592857143<x23>[B] (+1) -0.592857143<x24>[B] (+1) -0.592857143<x25>[B] (+1) -0.592857143<x26>[B] (+1) -0.592857143<x27>[B] (+1) -0.592857143<x28>[B] (+1) -0.592857143<x29>[B] (+1) -0.592857143<x30>[B] (+1) -0.592857143<x31>[B] (+1) -0.592857143<x32>[B] (+1) -0.592857143<x33>[B] (+1) +0.592857143<x34>[B] (+1) -0.592857143<x35>[B] (+1) -0.592857143<x36>[B] (+1) -0.592857143<x37>[B] (+1) -0.592857143<x38>[B] (+1) -0.592857143<x39>[B] (+1) -0.592857143<x40>[B] (+1) -0.592857143<x41>[B] (+1) +0.592857143<x42>[B] (+1) -0.592857143<x43>[B] (+1) +0.592857143<x44>[B] (+1) +0.592857143<x45>[B] (+1) +0.592857143<x46>[B] (+1) +0.592857143<x47>[B] (+1) -0.592857143<x48>[B] (+1) +0.592857143<x49>[B] (+1) +0.592857143<x50>[B] (+1) -0.592857143<x51>[B] (+1) +0.592857143<x52>[B] (+1) +0.592857143<x53>[B] (+1) +0.592857143<x54>[B] (+1) +0.592857143<x55>[B] (+1) +0.592857143<x56>[B] (+1) +0.592857143<x57>[B] (+1) -0.592857143<x58>[B] (+1) +0.592857143<x59>[B] (+1) +0.592857143<x60>[B] (+1) +0.592857143<x61>[B] (+1) +0.592857143<x62>[B] (+1) +0.592857143<x63>[B] (+1) +0.592857143<x64>[B] (+1) +0.592857143<x65>[B] (+1) +0.592857143<x66>[B] (+1) +0.592857143<x67>[B] (+1) +0.592857143<x68>[B] (+1) +0.592857143<x69>[B] (+1) +0.592857143<x70>[B] (+1) +0.592857143<x71>[B] (+1) +0.592857143<x72>[B] (+1) +0.592857143<x73>[B] (+1) +0.592857143<x74>[B] (+1) +0.592857143<x75>[B] (+1) +0.592857143<x76>[B] (+1) +0.592857143<x77>[B] (+1) +0.592857143<x78>[B] (+1) +0.592857143<x79>[B] (+1) +0.592857143<x80>[B] (+1) +0.592857143<x81>[B] (+1) +0.592857143<x82>[B] (+1) +0.592857143<x83>[B] (+1) +0.592857143<x84>[B] (+1) +0.592857143<x85>[B] (+1) +0.592857143<x86>[B] (+1) +0.592857143<x87>[B] (+1) +0.592857143<x88>[B] (+1) +0.592857143<x89>[B] (+1) +0.592857143<x90>[B] (+1) -0.592857143<x91>[B] (+1) +0.592857143<x92>[B] (+1) +0.592857143<x93>[B] (+1) -0.592857143<x94>[B] (+1) +0.592857143<x95>[B] (+1) -0.592857143<x96>[B] (+1) +0.592857143<x97>[B] (+1) -0.592857143<x98>[B] (+1) -0.592857143<x99>[B] (+1) +0.592857143<x100>[B] (+1) -0.592857143<x101>[B] (+1) +0.592857143<x102>[B] (+1) -0.592857143<x103>[B] (+1) +0.592857143<x104>[B] (+1) +0.592857143<x105>[B] (+1) +0.592857143<x106>[B] (+1) +0.592857143<x107>[B] (+1) +0.592857143<x108>[B] (+1) +0.592857143<x109>[B] (+1) -0.592857143<x110>[B] (+1) +0.592857143<x111>[B] (+1) +0.592857143<x112>[B] (+1) +0.592857143<x113>[B] (+1) +0.592857143<x114>[B] (+1) +0.592857143<x115>[B] (+1) +0.592857143<x116>[B] (+1) +0.592857143<x117>[B] (+1) +0.592857143<x118>[B] (+1) +0.592857143<x119>[B] (+1) +0.592857143<x120>[B] (+1) -0.592857143<x121>[B] (+1) +0.592857143<x122>[B] (+1) -0.592857143<x123>[B] (+1) +0.592857143<x124>[B] (+1) -0.592857143<x125>[B] (+1) -0.592857143<x126>[B] (+1) +0.592857143<x127>[B] (+1) -0.592857143<x128>[B] (+1) +0.592857143<x129>[B] (+1) -0.592857143<x130>[B] (+1) +0.592857143<x131>[B] (+1) -0.592857143<x132>[B] (+1) -0.592857143<x133>[B] (+1) -0.592857143<x134>[B] (+1) -0.592857143<x135>[B] (+1) +0.592857143<x136>[B] (+1) -0.592857143<x137>[B] (+1) -0.592857143<x138>[B] (+1) +0.592857143<x139>[B] (+1) -0.592857143<x140>[B] (+1) -0.592857143<x141>[B] (+1) -0.592857143<x142>[B] (+1) -0.592857143<x143>[B] (+1) -0.592857143<x144>[B] (+1) +0.592857143<x145>[B] (+1) -0.592857143<x146>[B] (+1) +0.592857143<x147>[B] (+1) -0.592857143<x148>[B] (+1) -0.592857143<x149>[B] (+1) +0.592857143<x150>[B] (+1) +0.592857143<x151>[B] (+1) +0.592857143<x152>[B] (+1) +0.592857143<x153>[B] (+1) +0.592857143<x154>[B] (+1) +0.592857143<x155>[B] (+1) -0.592857143<x156>[B] (+1) +0.592857143<x157>[B] (+1) -0.592857143<x158>[B] (+1) -0.592857143<x159>[B] (+1) +0.592857143<x160>[B] (+1) -0.592857143<x161>[B] (+1) +0.592857143<x162>[B] (+1) -0.592857143<x163>[B] (+1) -0.592857143<x164>[B] (+1) -0.592857143<x165>[B] (+1) +0.592857143<x166>[B] (+1) +0.592857143<x167>[B] (+1) +0.592857143<x168>[B] (+1) +0.592857143<x169>[B] (+1) +0.592857143<x170>[B] (+1) +0.592857143<x171>[B] (+1) +0.592857143<x172>[B] (+1) +0.592857143<x173>[B] (+1) +0.592857143<x174>[B] (+1) -0.592857143<x175>[B] (+1) -0.592857143<x176>[B] (+1) +0.592857143<x177>[B] (+1) -0.592857143<x178>[B] (+1) -0.592857143<x179>[B] (+1) -0.592857143<x180>[B] (+1) -0.592857143<x181>[B] (+1) -0.592857143<x182>[B] (+1) -0.592857143<x183>[B] (+1) +0.592857143<x184>[B] (+1) +0.592857143<x185>[B] (+1) +0.592857143<x186>[B] (+1) +0.592857143<x187>[B] (+1) +0.592857143<x188>[B] (+1) +0.592857143<x189>[B] (+1) +0.592857143<x190>[B] (+1) +0.592857143<x191>[B] (+1) +0.592857143<x192>[B] (+1) +0.592857143<x193>[B] (+1) +0.592857143<x194>[B] (+1) +0.592857143<x195>[B] (+1) -0.592857143<x196>[B] (+1) -0.592857143<x197>[B] (+1) -0.592857143<x198>[B] (+1) -0.592857143<x199>[B] (+1) -0.592857143<x200>[B] (+1) +0.592857143<x201>[B] (+1) +0.592857143<x202>[B] (+1) +0.592857143<x203>[B] (+1) +0.592857143<x204>[B] (+1) -0.592857143<x205>[B] (+1) -0.592857143<x206>[B] (+1) -0.592857143<x207>[B] (+1) +0.592857143<x208>[B] (+1) +0.592857143<x209>[B] (+1) -0.592857143<x210>[B] (+1) >= 39.5738095238095;
;
violation: left hand side is violated by 11.1166666666667
1/6 feasible solution given by solution candidate storage, new primal bound -1.000084e+06

presolving:
   (0.0s) symmetry computation started: requiring (bin +, int +, cont +), (fixed: bin -, int -, cont -)
   (0.0s) no symmetry present (symcode time: 0.00)
presolving (0 rounds: 0 fast, 0 medium, 0 exhaustive):
 0 deleted vars, 0 deleted constraints, 0 added constraints, 0 tightened bounds, 0 added holes, 0 changed sides, 0 changed coefficients
 0 implications, 0 cliques, 0 implied integral variables (0 bin, 0 int, 0 cont)
presolved problem has 220 variables (210 bin, 0 int, 10 cont) and 2670 constraints
   2670 constraints of type <linear>
Presolving Time: 0.00
transformed 1/1 original solutions to the transformed problem space

 time | node  | left  |LP iter|LP it/n|mem/heur|mdpt |vars |cons |rows |cuts |sepa|confs|strbr|  dualbound   | primalbound  |  gap   | compl. 
p 0.0s|     1 |     0 |     3 |     - |   locks|   0 | 220 |2670 |2670 |   0 |  0 |   0 |   0 | 2.240000e+02 |-3.857262e+02 |    Inf | unknown
* 0.0s|     1 |     0 |   127 |     - |    LP  |   0 | 220 |2670 |2670 |   0 |  0 |   0 |   0 |-1.981571e+02 |-1.981571e+02 |   0.00%| unknown
  0.0s|     1 |     0 |   127 |     - |    11M |   0 | 220 |2670 |2670 |   0 |  0 |   0 |   0 |-1.981571e+02 |-1.981571e+02 |   0.00%| unknown

SCIP Status        : problem is solved [optimal solution found]
Solving Time (sec) : 0.02
Solving Nodes      : 1
Primal Bound       : -1.98157142857143e+02 (4 solutions)
Dual Bound         : -1.98157142857143e+02
Gap                : 0.00 %
  [linear] <c2671>: <x211>[C] (+38.3880952) +0.602380952<x1>[B] (+0) +0.602380952<x2>[B] (+0) -0.602380952<x3>[B] (+0) -0.602380952<x4>[B] (+0) +0.602380952<x5>[B] (+0) -0.602380952<x6>[B] (+0) +0.602380952<x7>[B] (+1) +0.602380952<x8>[B] (+0) +0.602380952<x9>[B] (+0) +0.602380952<x10>[B] (+0) -0.602380952<x11>[B] (+0) +0.602380952<x12>[B] (+0) +0.602380952<x13>[B] (+1) -0.602380952<x14>[B] (+0) +0.602380952<x15>[B] (+0) +0.602380952<x16>[B] (+0) +0.602380952<x17>[B] (+0) +0.602380952<x18>[B] (+0) +0.602380952<x19>[B] (+0) +0.602380952<x20>[B] (+0) -0.602380952<x21>[B] (+0) -0.602380952<x22>[B] (+0) -0.602380952<x23>[B] (+0) -0.602380952<x24>[B] (+0) -0.602380952<x25>[B] (+0) -0.602380952<x26>[B] (+1) -0.602380952<x27>[B] (+0) -0.602380952<x28>[B] (+0) -0.602380952<x29>[B] (+0) -0.602380952<x30>[B] (+0) -0.602380952<x31>[B] (+0) -0.602380952<x32>[B] (+1) -0.602380952<x33>[B] (+0) +0.602380952<x34>[B] (+0) -0.602380952<x35>[B] (+0) -0.602380952<x36>[B] (+0) -0.602380952<x37>[B] (+0) -0.602380952<x38>[B] (+0) -0.602380952<x39>[B] (+0) -0.602380952<x40>[B] (+1) -0.602380952<x41>[B] (+1) +0.602380952<x42>[B] (+1) -0.602380952<x43>[B] (+1) +0.602380952<x44>[B] (+1) +0.602380952<x45>[B] (+1) +0.602380952<x46>[B] (+1) +0.602380952<x47>[B] (+1) -0.602380952<x48>[B] (+1) +0.602380952<x49>[B] (+1) +0.602380952<x50>[B] (+1) -0.602380952<x51>[B] (+1) +0.602380952<x52>[B] (+1) +0.602380952<x53>[B] (+1) +0.602380952<x54>[B] (+1) +0.602380952<x55>[B] (+1) +0.602380952<x56>[B] (+1) +0.602380952<x57>[B] (+1) -0.602380952<x58>[B] (+1) +0.602380952<x59>[B] (+0) +0.602380952<x60>[B] (+0) +0.602380952<x61>[B] (+1) +0.602380952<x62>[B] (+0) +0.602380952<x63>[B] (+0) +0.602380952<x64>[B] (+0) +0.602380952<x65>[B] (+0) +0.602380952<x66>[B] (+0) +0.602380952<x67>[B] (+1) +0.602380952<x68>[B] (+0) +0.602380952<x69>[B] (+0) +0.602380952<x70>[B] (+0) +0.602380952<x71>[B] (+0) +0.602380952<x72>[B] (+0) +0.602380952<x73>[B] (+1) +0.602380952<x74>[B] (+0) +0.602380952<x75>[B] (+0) +0.602380952<x76>[B] (+0) +0.602380952<x77>[B] (+1) +0.602380952<x78>[B] (+0) +0.602380952<x79>[B] (+0) +0.602380952<x80>[B] (+0) +0.602380952<x81>[B] (+0) +0.602380952<x82>[B] (+0) +0.602380952<x83>[B] (+1) +0.602380952<x84>[B] (+0) +0.602380952<x85>[B] (+0) +0.602380952<x86>[B] (+0) +0.602380952<x87>[B] (+0) +0.602380952<x88>[B] (+0) +0.602380952<x89>[B] (+0) +0.602380952<x90>[B] (+0) -0.602380952<x91>[B] (+1) +0.602380952<x92>[B] (+1) +0.602380952<x93>[B] (+1) -0.602380952<x94>[B] (+1) +0.602380952<x95>[B] (+1) -0.602380952<x96>[B] (+1) +0.602380952<x97>[B] (+1) -0.602380952<x98>[B] (+1) -0.602380952<x99>[B] (+1) +0.602380952<x100>[B] (+0) -0.602380952<x101>[B] (+1) +0.602380952<x102>[B] (+1) -0.602380952<x103>[B] (+1) +0.602380952<x104>[B] (+1) +0.602380952<x105>[B] (+1) +0.602380952<x106>[B] (+1) +0.602380952<x107>[B] (+0) +0.602380952<x108>[B] (+0) +0.602380952<x109>[B] (+0) -0.602380952<x110>[B] (+0) +0.602380952<x111>[B] (+0) +0.602380952<x112>[B] (+1) +0.602380952<x113>[B] (+0) +0.602380952<x114>[B] (+0) +0.602380952<x115>[B] (+0) +0.602380952<x116>[B] (+0) +0.602380952<x117>[B] (+0) +0.602380952<x118>[B] (+1) +0.602380952<x119>[B] (+1) +0.602380952<x120>[B] (+0) -0.602380952<x121>[B] (+0) +0.602380952<x122>[B] (+0) -0.602380952<x123>[B] (+0) +0.602380952<x124>[B] (+0) -0.602380952<x125>[B] (+1) -0.602380952<x126>[B] (+0) +0.602380952<x127>[B] (+0) -0.602380952<x128>[B] (+0) +0.602380952<x129>[B] (+0) -0.602380952<x130>[B] (+0) +0.602380952<x131>[B] (+0) -0.602380952<x132>[B] (+0) -0.602380952<x133>[B] (+0) -0.602380952<x134>[B] (+1) -0.602380952<x135>[B] (+1) +0.602380952<x136>[B] (+0) -0.602380952<x137>[B] (+1) -0.602380952<x138>[B] (+1) +0.602380952<x139>[B] (+0) -0.602380952<x140>[B] (+0) -0.602380952<x141>[B] (+1) -0.602380952<x142>[B] (+1) -0.602380952<x143>[B] (+1) -0.602380952<x144>[B] (+1) +0.602380952<x145>[B] (+1) -0.602380952<x146>[B] (+1) +0.602380952<x147>[B] (+0) -0.602380952<x148>[B] (+1) -0.602380952<x149>[B] (+1) +0.602380952<x150>[B] (+0) +0.602380952<x151>[B] (+1) +0.602380952<x152>[B] (+1) +0.602380952<x153>[B] (+1) +0.602380952<x154>[B] (+1) +0.602380952<x155>[B] (+1) -0.602380952<x156>[B] (+1) +0.602380952<x157>[B] (+0) -0.602380952<x158>[B] (+1) -0.602380952<x159>[B] (+1) +0.602380952<x160>[B] (+0) -0.602380952<x161>[B] (+0) +0.602380952<x162>[B] (+1) -0.602380952<x163>[B] (+1) -0.602380952<x164>[B] (+1) -0.602380952<x165>[B] (+1) +0.602380952<x166>[B] (+0) +0.602380952<x167>[B] (+1) +0.602380952<x168>[B] (+0) +0.602380952<x169>[B] (+0) +0.602380952<x170>[B] (+0) +0.602380952<x171>[B] (+0) +0.602380952<x172>[B] (+0) +0.602380952<x173>[B] (+1) +0.602380952<x174>[B] (+1) -0.602380952<x175>[B] (+1) -0.602380952<x176>[B] (+1) +0.602380952<x177>[B] (+0) -0.602380952<x178>[B] (+1) -0.602380952<x179>[B] (+1) -0.602380952<x180>[B] (+1) -0.602380952<x181>[B] (+1) -0.602380952<x182>[B] (+1) -0.602380952<x183>[B] (+0) +0.602380952<x184>[B] (+0) +0.602380952<x185>[B] (+0) +0.602380952<x186>[B] (+0) +0.602380952<x187>[B] (+0) +0.602380952<x188>[B] (+0) +0.602380952<x189>[B] (+0) +0.602380952<x190>[B] (+0) +0.602380952<x191>[B] (+0) +0.602380952<x192>[B] (+0) +0.602380952<x193>[B] (+0) +0.602380952<x194>[B] (+1) +0.602380952<x195>[B] (+1) -0.602380952<x196>[B] (+1) -0.602380952<x197>[B] (+1) -0.602380952<x198>[B] (+1) -0.602380952<x199>[B] (+1) -0.602380952<x200>[B] (+1) +0.602380952<x201>[B] (+1) +0.602380952<x202>[B] (+1) +0.602380952<x203>[B] (+1) +0.602380952<x204>[B] (+1) -0.602380952<x205>[B] (+0) -0.602380952<x206>[B] (+1) -0.602380952<x207>[B] (+1) +0.602380952<x208>[B] (+1) +0.602380952<x209>[B] (+1) -0.602380952<x210>[B] (+0) >= 39.6071428571429;
;
violation: left hand side is violated by 0.0142857142857054
  [linear] <c2673>: <x213>[C] (+21.7666667) +0.55<x1>[B] (+1) +0.55<x2>[B] (+1) +0.55<x3>[B] (+1) +0.55<x4>[B] (+1) -0.55<x5>[B] (+1) +0.55<x6>[B] (+1) +0.55<x7>[B] (+1) +0.55<x8>[B] (+1) +0.55<x9>[B] (+1) -0.55<x10>[B] (+1) +0.55<x11>[B] (+1) -0.55<x12>[B] (+1) -0.55<x13>[B] (+0) +0.55<x14>[B] (+1) +0.55<x15>[B] (+1) +0.55<x16>[B] (+1) +0.55<x17>[B] (+1) +0.55<x18>[B] (+1) +0.55<x19>[B] (+1) +0.55<x20>[B] (+1) +0.55<x21>[B] (+1) +0.55<x22>[B] (+0) +0.55<x23>[B] (+0) -0.55<x24>[B] (+1) +0.55<x25>[B] (+0) +0.55<x26>[B] (+0) -0.55<x27>[B] (+1) +0.55<x28>[B] (+1) -0.55<x29>[B] (+1) +0.55<x30>[B] (+0) -0.55<x31>[B] (+1) -0.55<x32>[B] (+0) +0.55<x33>[B] (+1) -0.55<x34>[B] (+1) +0.55<x35>[B] (+0) -0.55<x36>[B] (+0) +0.55<x37>[B] (+1) -0.55<x38>[B] (+0) +0.55<x39>[B] (+1) -0.55<x40>[B] (+0) -0.55<x41>[B] (+0) -0.55<x42>[B] (+0) -0.55<x43>[B] (+0) -0.55<x44>[B] (+0) -0.55<x45>[B] (+0) +0.55<x46>[B] (+0) -0.55<x47>[B] (+0) -0.55<x48>[B] (+0) -0.55<x49>[B] (+0) -0.55<x50>[B] (+0) -0.55<x51>[B] (+0) -0.55<x52>[B] (+0) -0.55<x53>[B] (+0) -0.55<x54>[B] (+0) -0.55<x55>[B] (+0) -0.55<x56>[B] (+0) -0.55<x57>[B] (+0) +0.55<x58>[B] (+0) -0.55<x59>[B] (+1) +0.55<x60>[B] (+1) +0.55<x61>[B] (+1) -0.55<x62>[B] (+1) +0.55<x63>[B] (+1) -0.55<x64>[B] (+1) +0.55<x65>[B] (+1) -0.55<x66>[B] (+1) -0.55<x67>[B] (+0) +0.55<x68>[B] (+1) -0.55<x69>[B] (+1) +0.55<x70>[B] (+1) -0.55<x71>[B] (+1) +0.55<x72>[B] (+1) -0.55<x73>[B] (+1) -0.55<x74>[B] (+1) -0.55<x75>[B] (+1) -0.55<x76>[B] (+1) -0.55<x77>[B] (+1) -0.55<x78>[B] (+1) +0.55<x79>[B] (+1) -0.55<x80>[B] (+1) +0.55<x81>[B] (+1) -0.55<x82>[B] (+1) -0.55<x83>[B] (+0) +0.55<x84>[B] (+1) -0.55<x85>[B] (+1) -0.55<x86>[B] (+1) -0.55<x87>[B] (+1) +0.55<x88>[B] (+1) -0.55<x89>[B] (+1) -0.55<x90>[B] (+1) +0.55<x91>[B] (+0) +0.55<x92>[B] (+0) +0.55<x93>[B] (+1) +0.55<x94>[B] (+1) -0.55<x95>[B] (+1) +0.55<x96>[B] (+0) -0.55<x97>[B] (+1) -0.55<x98>[B] (+0) +0.55<x99>[B] (+0) +0.55<x100>[B] (+1) +0.55<x101>[B] (+0) +0.55<x102>[B] (+0) +0.55<x103>[B] (+0) +0.55<x104>[B] (+0) +0.55<x105>[B] (+1) +0.55<x106>[B] (+1) -0.55<x107>[B] (+1) +0.55<x108>[B] (+1) -0.55<x109>[B] (+1) +0.55<x110>[B] (+1) -0.55<x111>[B] (+1) -0.55<x112>[B] (+0) +0.55<x113>[B] (+1) -0.55<x114>[B] (+1) -0.55<x115>[B] (+1) -0.55<x116>[B] (+1) +0.55<x117>[B] (+1) -0.55<x118>[B] (+1) -0.55<x119>[B] (+1) -0.55<x120>[B] (+1) +0.55<x121>[B] (+1) -0.55<x122>[B] (+1) +0.55<x123>[B] (+1) -0.55<x124>[B] (+1) -0.55<x125>[B] (+0) +0.55<x126>[B] (+1) -0.55<x127>[B] (+1) -0.55<x128>[B] (+1) -0.55<x129>[B] (+1) +0.55<x130>[B] (+1) -0.55<x131>[B] (+1) -0.55<x132>[B] (+1) +0.55<x133>[B] (+1) -0.55<x134>[B] (+1) +0.55<x135>[B] (+0) -0.55<x136>[B] (+1) -0.55<x137>[B] (+0) +0.55<x138>[B] (+0) +0.55<x139>[B] (+1) +0.55<x140>[B] (+0) +0.55<x141>[B] (+0) +0.55<x142>[B] (+0) +0.55<x143>[B] (+0) +0.55<x144>[B] (+1) -0.55<x145>[B] (+1) -0.55<x146>[B] (+0) -0.55<x147>[B] (+1) -0.55<x148>[B] (+0) -0.55<x149>[B] (+0) -0.55<x150>[B] (+1) -0.55<x151>[B] (+0) -0.55<x152>[B] (+0) -0.55<x153>[B] (+0) -0.55<x154>[B] (+0) -0.55<x155>[B] (+1) +0.55<x156>[B] (+0) +0.55<x157>[B] (+1) -0.55<x158>[B] (+0) +0.55<x159>[B] (+0) +0.55<x160>[B] (+1) +0.55<x161>[B] (+0) +0.55<x162>[B] (+0) +0.55<x163>[B] (+0) +0.55<x164>[B] (+0) +0.55<x165>[B] (+1) -0.55<x166>[B] (+1) -0.55<x167>[B] (+0) +0.55<x168>[B] (+1) -0.55<x169>[B] (+1) -0.55<x170>[B] (+1) -0.55<x171>[B] (+1) +0.55<x172>[B] (+1) -0.55<x173>[B] (+1) -0.55<x174>[B] (+1) -0.55<x175>[B] (+0) +0.55<x176>[B] (+0) +0.55<x177>[B] (+1) +0.55<x178>[B] (+0) +0.55<x179>[B] (+0) +0.55<x180>[B] (+0) +0.55<x181>[B] (+0) +0.55<x182>[B] (+1) +0.55<x183>[B] (+1) +0.55<x184>[B] (+1) +0.55<x185>[B] (+1) +0.55<x186>[B] (+1) +0.55<x187>[B] (+1) +0.55<x188>[B] (+1) +0.55<x189>[B] (+1) -0.55<x190>[B] (+1) -0.55<x191>[B] (+0) -0.55<x192>[B] (+0) +0.55<x193>[B] (+1) -0.55<x194>[B] (+0) -0.55<x195>[B] (+1) +0.55<x196>[B] (+0) +0.55<x197>[B] (+0) +0.55<x198>[B] (+0) +0.55<x199>[B] (+0) +0.55<x200>[B] (+1) -0.55<x201>[B] (+0) +0.55<x202>[B] (+1) -0.55<x203>[B] (+0) -0.55<x204>[B] (+1) +0.55<x205>[B] (+1) +0.55<x206>[B] (+1) +0.55<x207>[B] (+1) -0.55<x208>[B] (+0) -0.55<x209>[B] (+1) +0.55<x210>[B] (+1) >= 26.5380952380952;
;
violation: left hand side is violated by 0.371428571428577
2/4 feasible solutions given by solution candidate storage, new primal bound -1.000084e+06

presolving:
   (0.0s) symmetry computation started: requiring (bin +, int +, cont +), (fixed: bin -, int -, cont -)
   (0.0s) no symmetry present (symcode time: 0.00)
presolving (0 rounds: 0 fast, 0 medium, 0 exhaustive):
 0 deleted vars, 0 deleted constraints, 0 added constraints, 0 tightened bounds, 0 added holes, 0 changed sides, 0 changed coefficients
 0 implications, 0 cliques, 0 implied integral variables (0 bin, 0 int, 0 cont)
presolved problem has 220 variables (210 bin, 0 int, 10 cont) and 2678 constraints
   2678 constraints of type <linear>
Presolving Time: 0.00
transformed 2/2 original solutions to the transformed problem space

 time | node  | left  |LP iter|LP it/n|mem/heur|mdpt |vars |cons |rows |cuts |sepa|confs|strbr|  dualbound   | primalbound  |  gap   | compl. 
p 0.0s|     1 |     0 |     4 |     - |   locks|   0 | 220 |2678 |2678 |   0 |  0 |   0 |   0 | 2.240000e+02 |-3.879881e+02 |    Inf | unknown
* 0.0s|     1 |     0 |   155 |     - |    LP  |   0 | 220 |2678 |2678 |   0 |  0 |   0 |   0 |-1.984238e+02 |-1.984238e+02 |   0.00%| unknown
  0.0s|     1 |     0 |   155 |     - |    12M |   0 | 220 |2678 |2678 |   0 |  0 |   0 |   0 |-1.984238e+02 |-1.984238e+02 |   0.00%| unknown

SCIP Status        : problem is solved [optimal solution found]
Solving Time (sec) : 0.02
Solving Nodes      : 1
Primal Bound       : -1.98423809523809e+02 (4 solutions)
Dual Bound         : -1.98423809523809e+02
Gap                : 0.00 %
