Loading instance...
Median ranking: [19, 17, 9, 21, 7, 12, 18, 13, 4, 3, 1, 10, 2, 8, 14, 11, 6, 20, 15, 16, 5]
Mean ranking: [19, 17, 9, 7, 12, 21, 18, 4, 3, 1, 10, 2, 20, 8, 13, 14, 11, 6, 15, 16, 5]
Actual error: 0.0035069661824471687
Weighted Kendall distance: 154.0
Normalized distance: 0.05
 0 chg sides, 0 chg coeffs, 0 upgd conss, 0 impls, 0 clqs, 0 implints
   (0.0s) symmetry computation started: requiring (bin +, int +, cont +), (fixed: bin -, int -, cont -)
   (0.0s) no symmetry present (symcode time: 0.00)
presolving (2 rounds: 2 fast, 2 medium, 1 exhaustive):
 0 deleted vars, 2660 deleted constraints, 1330 added constraints, 0 tightened bounds, 0 added holes, 0 changed sides, 0 changed coefficients
 0 implications, 0 cliques, 0 implied integral variables (0 bin, 0 int, 0 cont)
presolved problem has 210 variables (0 bin, 0 int, 210 cont) and 1330 constraints
   1330 constraints of type <linear>
Presolving Time: 0.02
transformed 3/3 original solutions to the transformed problem space

 time | node  | left  |LP iter|LP it/n|mem/heur|mdpt |vars |cons |rows |cuts |sepa|confs|strbr|  dualbound   | primalbound  |  gap   | compl. 
* 0.0s|     1 |     0 |    48 |     - |    LP  |   0 | 210 |1330 |1330 |   0 |  0 |   0 |   0 | 2.020000e+02 | 2.020000e+02 |   0.00%| unknown
  0.0s|     1 |     0 |    48 |     - |  7800k |   0 | 210 |1330 |1330 |   0 |  0 |   0 |   0 | 2.020000e+02 | 2.020000e+02 |   0.00%| unknown

SCIP Status        : problem is solved [optimal solution found]
Solving Time (sec) : 0.02
Solving Nodes      : 1
Primal Bound       : +2.02000000000000e+02 (4 solutions)
Dual Bound         : +2.02000000000000e+02
Gap                : 0.00 %
feasible solution found by trivial heuristic after 0.0 seconds, objective value 0.000000e+00
presolving:
   (0.0s) running MILP presolver
   (0.0s) MILP presolver (2 rounds): 0 aggregations, 0 fixings, 0 bound changes
(round 1, medium)     0 del vars, 2660 del conss, 1330 add conss, 0 chg bounds, 0 chg sides, 0 chg coeffs, 0 upgd conss, 0 impls, 0 clqs, 0 implints
   (0.0s) probing: 51/210 (24.3%) - 0 fixings, 0 aggregations, 0 implications, 0 bound changes
   (0.0s) probing aborted: 50/50 successive totally useless probings
   (0.0s) symmetry computation started: requiring (bin +, int +, cont +), (fixed: bin -, int -, cont -)
   (0.0s) no symmetry present (symcode time: 0.00)
presolving (2 rounds: 2 fast, 2 medium, 1 exhaustive):
 0 deleted vars, 2660 deleted constraints, 1330 added constraints, 0 tightened bounds, 0 added holes, 0 changed sides, 0 changed coefficients
 0 implications, 0 cliques, 0 implied integral variables (0 bin, 0 int, 0 cont)
presolved problem has 210 variables (210 bin, 0 int, 0 cont) and 1330 constraints
   1330 constraints of type <linear>
transformed objective value is always integral (scale: 2)
Presolving Time: 0.01
transformed 2/2 original solutions to the transformed problem space

 time | node  | left  |LP iter|LP it/n|mem/heur|mdpt |vars |cons |rows |cuts |sepa|confs|strbr|  dualbound   | primalbound  |  gap   | compl. 
p 0.0s|     1 |     0 |     0 |     - |   locks|   0 | 210 |1330 |1330 |   0 |  0 |   0 |   0 | 2.200000e+02 | 8.000000e+00 |2650.00%| unknown
i 0.0s|     1 |     0 |     0 |     - |  oneopt|   0 | 210 |1330 |1330 |   0 |  0 |   0 |   0 | 2.200000e+02 | 1.200000e+02 |  83.33%| unknown
* 0.0s|     1 |     0 |    42 |     - |    LP  |   0 | 210 |1330 |1330 |   0 |  0 |   0 |   0 | 2.020000e+02 | 2.020000e+02 |   0.00%| unknown
  0.0s|     1 |     0 |    42 |     - |  7954k |   0 | 210 |1330 |1330 |   0 |  0 |   0 |   0 | 2.020000e+02 | 2.020000e+02 |   0.00%| unknown

SCIP Status        : problem is solved [optimal solution found]
Solving Time (sec) : 0.02
Solving Nodes      : 1
Primal Bound       : +2.02000000000000e+02 (5 solutions)
Dual Bound         : +2.02000000000000e+02
Gap                : 0.00 %
feasible solution found by trivial heuristic after 0.1 seconds, objective value -1.000120e+06
presolving:
(round 1, fast)       0 del vars, 0 del conss, 0 add conss, 20 chg bounds, 0 chg sides, 0 chg coeffs, 0 upgd conss, 0 impls, 0 clqs, 0 implints
   (0.4s) running MILP presolver
   (0.5s) MILP presolver (2 rounds): 0 aggregations, 0 fixings, 0 bound changes
(round 2, medium)     0 del vars, 4760 del conss, 3430 add conss, 20 chg bounds, 0 chg sides, 0 chg coeffs, 0 upgd conss, 0 impls, 0 clqs, 0 implints
   (0.8s) symmetry computation started: requiring (bin +, int +, cont +), (fixed: bin -, int -, cont -)
   (0.9s) no symmetry present (symcode time: 0.01)
presolving (3 rounds: 3 fast, 2 medium, 1 exhaustive):
 0 deleted vars, 4760 deleted constraints, 3430 added constraints, 20 tightened bounds, 0 added holes, 0 changed sides, 0 changed coefficients
 0 implications, 0 cliques, 0 implied integral variables (0 bin, 0 int, 0 cont)
presolved problem has 220 variables (0 bin, 0 int, 220 cont) and 3430 constraints
   3430 constraints of type <linear>
Presolving Time: 0.90

 time | node  | left  |LP iter|LP it/n|mem/heur|mdpt |vars |cons |rows |cuts |sepa|confs|strbr|  dualbound   | primalbound  |  gap   | compl. 
t 1.0s|     1 |     0 |     0 |     - | trivial|   0 | 220 |3430 |   0 |   0 |  0 |   0 |   0 | 2.200000e+02 |-1.170000e+03 |    Inf | unknown
* 1.1s|     1 |     0 |   319 |     - |    LP  |   0 | 220 |3430 |3430 |   0 |  0 |   0 |   0 |-2.124571e+02 |-2.124571e+02 |   0.00%| unknown
  1.1s|     1 |     0 |   319 |     - |   270M |   0 | 220 |3430 |3430 |   0 |  0 |   0 |   0 |-2.124571e+02 |-2.124571e+02 |   0.00%| unknown

SCIP Status        : problem is solved [optimal solution found]
Solving Time (sec) : 1.09
Solving Nodes      : 1
Primal Bound       : -2.12457142857143e+02 (3 solutions)
Dual Bound         : -2.12457142857143e+02
Gap                : 0.00 %
feasible solution found by trivial heuristic after 0.0 seconds, objective value -1.000120e+06
presolving:
(round 1, fast)       0 del vars, 0 del conss, 0 add conss, 20 chg bounds, 0 chg sides, 0 chg coeffs, 0 upgd conss, 0 impls, 0 clqs, 0 implints
   (0.3s) running MILP presolver
   (0.4s) MILP presolver (2 rounds): 0 aggregations, 0 fixings, 0 bound changes
(round 2, medium)     0 del vars, 4760 del conss, 3430 add conss, 20 chg bounds, 0 chg sides, 0 chg coeffs, 0 upgd conss, 0 impls, 0 clqs, 0 implints
   (0.7s) probing: 51/210 (24.3%) - 0 fixings, 0 aggregations, 0 implications, 0 bound changes
   (0.7s) probing aborted: 50/50 successive totally useless probings
   (0.8s) symmetry computation started: requiring (bin +, int +, cont +), (fixed: bin -, int -, cont -)
   (0.9s) no symmetry present (symcode time: 0.01)
presolving (3 rounds: 3 fast, 2 medium, 1 exhaustive):
 0 deleted vars, 4760 deleted constraints, 3430 added constraints, 20 tightened bounds, 0 added holes, 0 changed sides, 0 changed coefficients
 0 implications, 0 cliques, 0 implied integral variables (0 bin, 0 int, 0 cont)
presolved problem has 220 variables (210 bin, 0 int, 10 cont) and 3430 constraints
   3430 constraints of type <linear>
Presolving Time: 0.88

 time | node  | left  |LP iter|LP it/n|mem/heur|mdpt |vars |cons |rows |cuts |sepa|confs|strbr|  dualbound   | primalbound  |  gap   | compl. 
t 0.9s|     1 |     0 |     0 |     - | trivial|   0 | 220 |3430 |   0 |   0 |  0 |   0 |   0 | 2.200000e+02 |-1.170000e+03 |    Inf | unknown
p 1.1s|     1 |     0 |    10 |     - |   locks|   0 | 220 |3430 |3430 |   0 |  0 |   0 |   0 | 2.200000e+02 |-4.541714e+02 |    Inf | unknown
  1.2s|     1 |     0 |   329 |     - |   270M |   0 | 220 |3430 |3430 |   0 |  0 |   0 |   0 |-2.124571e+02 |-4.541714e+02 | 113.77%| unknown
r 1.2s|     1 |     0 |   329 |     - |shifting|   0 | 220 |3430 |3430 |   0 |  0 |   0 |   0 |-2.124571e+02 |-2.131214e+02 |   0.31%| unknown
  1.2s|     1 |     0 |   333 |     - |   271M |   0 | 220 |3430 |3431 |   1 |  1 |   0 |   0 |-2.124595e+02 |-2.131214e+02 |   0.31%| unknown
  1.3s|     1 |     0 |   333 |     - |   271M |   0 | 220 |3430 |2840 |   1 |  1 |   0 |   0 |-2.124595e+02 |-2.131214e+02 |   0.31%| unknown
  1.3s|     1 |     0 |   340 |     - |   271M |   0 | 220 |3430 |2841 |   2 |  2 |   0 |   0 |-2.124633e+02 |-2.131214e+02 |   0.31%| unknown
  1.3s|     1 |     0 |   342 |     - |   272M |   0 | 220 |3430 |2842 |   3 |  3 |   0 |   0 |-2.124656e+02 |-2.131214e+02 |   0.31%| unknown
  1.4s|     1 |     0 |   344 |     - |   272M |   0 | 220 |3430 |2843 |   4 |  4 |   0 |   0 |-2.124664e+02 |-2.131214e+02 |   0.31%| unknown
  1.4s|     1 |     0 |   344 |     - |   272M |   0 | 220 |2503 |2843 |   4 |  5 |   0 |   0 |-2.124664e+02 |-2.131214e+02 |   0.31%| unknown
r 1.5s|     1 |     0 |   351 |     - |intshift|   0 | 220 |2503 |2843 |   4 |  6 |   0 |   0 |-2.124664e+02 |-2.124857e+02 |   0.01%| unknown
d 1.5s|     1 |     0 |   352 |     - |farkasdi|   0 | 220 |2503 |2843 |   0 |  6 |   0 |   0 |-2.124664e+02 |-2.124667e+02 |   0.00%| unknown
(run 1, node 1) restarting after 111 global fixings of integer variables

(restart) converted 4 cuts from the global cut pool into linear constraints

presolving:
(round 1, fast)       111 del vars, 0 del conss, 0 add conss, 0 chg bounds, 406 chg sides, 99 chg coeffs, 0 upgd conss, 0 impls, 352 clqs, 0 implints
(round 2, fast)       111 del vars, 0 del conss, 0 add conss, 10 chg bounds, 406 chg sides, 99 chg coeffs, 0 upgd conss, 0 impls, 352 clqs, 0 implints
   (1.7s) running MILP presolver
   (1.7s) MILP presolver (3 rounds): 0 aggregations, 0 fixings, 10 bound changes
(round 3, medium)     111 del vars, 0 del conss, 0 add conss, 20 chg bounds, 406 chg sides, 99 chg coeffs, 0 upgd conss, 0 impls, 352 clqs, 0 implints
(round 4, fast)       111 del vars, 6 del conss, 0 add conss, 20 chg bounds, 514 chg sides, 297 chg coeffs, 0 upgd conss, 0 impls, 352 clqs, 0 implints
(round 5, exhaustive) 111 del vars, 6 del conss, 0 add conss, 20 chg bounds, 514 chg sides, 297 chg coeffs, 352 upgd conss, 0 impls, 352 clqs, 0 implints
presolving (6 rounds: 6 fast, 3 medium, 2 exhaustive):
 111 deleted vars, 6 deleted constraints, 0 added constraints, 20 tightened bounds, 0 added holes, 514 changed sides, 297 changed coefficients
 0 implications, 352 cliques, 0 implied integral variables (0 bin, 0 int, 0 cont)
presolved problem has 109 variables (99 bin, 0 int, 10 cont) and 2501 constraints
    352 constraints of type <setppc>
   2149 constraints of type <linear>
Presolving Time: 1.22
transformed 8/11 original solutions to the transformed problem space

 time | node  | left  |LP iter|LP it/n|mem/heur|mdpt |vars |cons |rows |cuts |sepa|confs|strbr|  dualbound   | primalbound  |  gap   | compl. 
  2.2s|     1 |     0 |   648 |     - |   285M |   0 | 109 |2503 |2501 |   0 |  0 |   1 |   0 |-2.124664e+02 |-2.124667e+02 |   0.00%| unknown
  2.2s|     1 |     0 |   648 |     - |   285M |   0 | 109 |2503 |2140 |   0 |  0 |   1 |   0 |-2.124664e+02 |-2.124667e+02 |   0.00%| unknown
  2.3s|     1 |     0 |   648 |     - |   285M |   0 | 109 |2252 |2040 |   0 |  1 |   1 |   0 |-2.124664e+02 |-2.124667e+02 |   0.00%| unknown
  2.3s|     1 |     0 |   648 |     - |   285M |   0 | 109 |1602 |2040 |   0 |  2 |   1 |   0 |-2.124664e+02 |-2.124667e+02 |   0.00%| unknown
(run 2, node 1) restarting after 71 global fixings of integer variables

presolving:
(round 1, fast)       71 del vars, 1 del conss, 0 add conss, 0 chg bounds, 182 chg sides, 280 chg coeffs, 0 upgd conss, 0 impls, 58 clqs, 0 implints
(round 2, fast)       71 del vars, 1 del conss, 0 add conss, 10 chg bounds, 182 chg sides, 280 chg coeffs, 0 upgd conss, 0 impls, 58 clqs, 0 implints
(round 3, fast)       71 del vars, 10 del conss, 0 add conss, 15 chg bounds, 218 chg sides, 364 chg coeffs, 0 upgd conss, 0 impls, 58 clqs, 0 implints
(round 4, fast)       71 del vars, 15 del conss, 0 add conss, 15 chg bounds, 233 chg sides, 392 chg coeffs, 0 upgd conss, 0 impls, 58 clqs, 0 implints
   (2.4s) running MILP presolver
   (2.4s) MILP presolver (4 rounds): 0 aggregations, 0 fixings, 10 bound changes
(round 5, medium)     71 del vars, 15 del conss, 0 add conss, 25 chg bounds, 233 chg sides, 392 chg coeffs, 0 upgd conss, 0 impls, 58 clqs, 0 implints
(round 6, fast)       71 del vars, 26 del conss, 0 add conss, 25 chg bounds, 402 chg sides, 700 chg coeffs, 0 upgd conss, 0 impls, 58 clqs, 0 implints
(round 7, exhaustive) 71 del vars, 27 del conss, 0 add conss, 25 chg bounds, 402 chg sides, 700 chg coeffs, 38 upgd conss, 0 impls, 58 clqs, 0 implints
presolving (8 rounds: 8 fast, 3 medium, 2 exhaustive):
 71 deleted vars, 27 deleted constraints, 0 added constraints, 25 tightened bounds, 0 added holes, 402 changed sides, 700 changed coefficients
 0 implications, 58 cliques, 0 implied integral variables (0 bin, 0 int, 0 cont)
presolved problem has 38 variables (28 bin, 0 int, 10 cont) and 1575 constraints
     58 constraints of type <setppc>
   1517 constraints of type <linear>
Presolving Time: 1.31
transformed 10/13 original solutions to the transformed problem space

 time | node  | left  |LP iter|LP it/n|mem/heur|mdpt |vars |cons |rows |cuts |sepa|confs|strbr|  dualbound   | primalbound  |  gap   | compl. 
  2.4s|     1 |     0 |   729 |     - |   286M |   0 |  38 |1575 |1574 |   0 |  0 |   1 |   0 |-2.124664e+02 |-2.124667e+02 |   0.00%| unknown
  2.5s|     1 |     0 |   729 |     - |   286M |   0 |  38 |1575 |1448 |   0 |  0 |   1 |   0 |-2.124664e+02 |-2.124667e+02 |   0.00%| unknown
  2.5s|     1 |     0 |   736 |     - |   287M |   0 |  38 |1544 |1312 |   1 |  1 |   1 |   0 |-2.124667e+02 |-2.124667e+02 |   0.00%| unknown
  2.5s|     1 |     0 |   736 |     - |   287M |   0 |  38 |1544 |1312 |   1 |  1 |   1 |   0 |-2.124667e+02 |-2.124667e+02 |   0.00%| unknown

SCIP Status        : problem is solved [optimal solution found]
Solving Time (sec) : 2.46
Solving Nodes      : 1 (total of 3 nodes in 3 runs)
Primal Bound       : -2.12466666666666e+02 (14 solutions)
Dual Bound         : -2.12466666666666e+02
Gap                : 0.00 %
feasible solution found by trivial heuristic after 0.0 seconds, objective value 0.000000e+00
presolving:
   (0.0s) symmetry computation started: requiring (bin +, int +, cont +), (fixed: bin -, int -, cont -)
   (0.0s) symmetry computation finished: 9 generators found (max: 1500, log10 of symmetry group size: 6.56) (symcode time: 0.00)
dynamic symmetry handling statistics:
   orbitopal reduction:       no components
   orbital reduction:         no components
   lexicographic reduction:   no permutations
handled 1 out of 1 symmetry components
presolving (0 rounds: 0 fast, 0 medium, 0 exhaustive):
 0 deleted vars, 0 deleted constraints, 0 added constraints, 0 tightened bounds, 0 added holes, 0 changed sides, 0 changed coefficients
 0 implications, 0 cliques, 0 implied integral variables (0 bin, 0 int, 0 cont)
presolved problem has 220 variables (210 bin, 0 int, 10 cont) and 2669 constraints
   2669 constraints of type <linear>
Presolving Time: 0.00
transformed 2/2 original solutions to the transformed problem space

 time | node  | left  |LP iter|LP it/n|mem/heur|mdpt |vars |cons |rows |cuts |sepa|confs|strbr|  dualbound   | primalbound  |  gap   | compl. 
i 0.0s|     1 |     0 |     0 |     - |  oneopt|   0 | 220 |2660 |2660 |   0 |  0 |   0 |   0 | 2.200000e+02 | 9.800000e+01 | 124.49%| unknown
* 0.0s|     1 |     0 |    42 |     - |    LP  |   0 | 220 |2660 |2660 |   0 |  0 |   0 |   0 | 2.020000e+02 | 2.020000e+02 |   0.00%| unknown
  0.0s|     1 |     0 |    42 |     - |    10M |   0 | 220 |2660 |2660 |   0 |  0 |   0 |   0 | 2.020000e+02 | 2.020000e+02 |   0.00%| unknown

SCIP Status        : problem is solved [optimal solution found]
Solving Time (sec) : 0.01
Solving Nodes      : 1
Primal Bound       : +2.02000000000000e+02 (5 solutions)
Dual Bound         : +2.02000000000000e+02
Gap                : 0.00 %
  [linear] <c2661>: <x211>[C] (+0) +0.702380952<x1>[B] (+1) +0.702380952<x2>[B] (+0) +0.702380952<x3>[B] (+0) +0.702380952<x4>[B] (+1) +0.702380952<x5>[B] (+1) +0.702380952<x6>[B] (+0) +0.702380952<x7>[B] (+1) +0.702380952<x8>[B] (+0) +0.702380952<x9>[B] (+1) +0.702380952<x10>[B] (+1) +0.702380952<x11>[B] (+0) +0.702380952<x12>[B] (+0) +0.702380952<x13>[B] (+1) +0.702380952<x14>[B] (+1) -0.702380952<x15>[B] (+1) +0.702380952<x16>[B] (+0) +0.702380952<x17>[B] (+0) +0.702380952<x18>[B] (+0) +0.702380952<x19>[B] (+1) +0.702380952<x20>[B] (+0) +0.702380952<x21>[B] (+0) -0.702380952<x22>[B] (+0) -0.702380952<x23>[B] (+1) +0.702380952<x24>[B] (+1) -0.702380952<x25>[B] (+0) -0.702380952<x26>[B] (+1) -0.702380952<x27>[B] (+0) -0.702380952<x28>[B] (+0) -0.702380952<x29>[B] (+1) -0.702380952<x30>[B] (+0) +0.702380952<x31>[B] (+0) -0.702380952<x32>[B] (+1) -0.702380952<x33>[B] (+1) -0.702380952<x34>[B] (+1) +0.702380952<x35>[B] (+0) -0.702380952<x36>[B] (+0) -0.702380952<x37>[B] (+0) -0.702380952<x38>[B] (+1) +0.702380952<x39>[B] (+0) -0.702380952<x40>[B] (+0) -0.702380952<x41>[B] (+1) +0.702380952<x42>[B] (+1) -0.702380952<x43>[B] (+0) -0.702380952<x44>[B] (+1) -0.702380952<x45>[B] (+0) -0.702380952<x46>[B] (+1) -0.702380952<x47>[B] (+1) -0.702380952<x48>[B] (+0) +0.702380952<x49>[B] (+0) -0.702380952<x50>[B] (+1) -0.702380952<x51>[B] (+1) -0.702380952<x52>[B] (+1) +0.702380952<x53>[B] (+0) -0.702380952<x54>[B] (+0) -0.702380952<x55>[B] (+0) -0.702380952<x56>[B] (+1) +0.702380952<x57>[B] (+0) -0.702380952<x58>[B] (+1) +0.702380952<x59>[B] (+1) +0.702380952<x60>[B] (+0) +0.702380952<x61>[B] (+1) -0.702380952<x62>[B] (+0) -0.702380952<x63>[B] (+1) -0.702380952<x64>[B] (+1) +0.702380952<x65>[B] (+0) +0.702380952<x66>[B] (+0) +0.702380952<x67>[B] (+1) -0.702380952<x68>[B] (+1) -0.702380952<x69>[B] (+1) +0.702380952<x70>[B] (+0) -0.702380952<x71>[B] (+0) +0.702380952<x72>[B] (+0) -0.702380952<x73>[B] (+1) +0.702380952<x74>[B] (+0) +0.702380952<x75>[B] (+0) +0.702380952<x76>[B] (+0) +0.702380952<x77>[B] (+0) +0.702380952<x78>[B] (+0) +0.702380952<x79>[B] (+0) -0.702380952<x80>[B] (+0) +0.702380952<x81>[B] (+0) +0.702380952<x82>[B] (+0) +0.702380952<x83>[B] (+0) -0.702380952<x84>[B] (+0) -0.702380952<x85>[B] (+0) +0.702380952<x86>[B] (+0) +0.702380952<x87>[B] (+0) +0.702380952<x88>[B] (+0) -0.702380952<x89>[B] (+0) +0.702380952<x90>[B] (+0) -0.702380952<x91>[B] (+0) -0.702380952<x92>[B] (+0) -0.702380952<x93>[B] (+0) -0.702380952<x94>[B] (+0) -0.702380952<x95>[B] (+0) -0.702380952<x96>[B] (+0) +0.702380952<x97>[B] (+0) -0.702380952<x98>[B] (+0) -0.702380952<x99>[B] (+1) -0.702380952<x100>[B] (+1) +0.702380952<x101>[B] (+0) -0.702380952<x102>[B] (+0) -0.702380952<x103>[B] (+0) -0.702380952<x104>[B] (+1) +0.702380952<x105>[B] (+0) +0.702380952<x106>[B] (+1) -0.702380952<x107>[B] (+0) -0.702380952<x108>[B] (+1) -0.702380952<x109>[B] (+1) -0.702380952<x110>[B] (+1) +0.702380952<x111>[B] (+1) -0.702380952<x112>[B] (+1) -0.702380952<x113>[B] (+1) -0.702380952<x114>[B] (+1) +0.702380952<x115>[B] (+0) -0.702380952<x116>[B] (+1) +0.702380952<x117>[B] (+0) -0.702380952<x118>[B] (+1) +0.702380952<x119>[B] (+0) -0.702380952<x120>[B] (+0) -0.702380952<x121>[B] (+0) -0.702380952<x122>[B] (+1) -0.702380952<x123>[B] (+0) +0.702380952<x124>[B] (+0) -0.702380952<x125>[B] (+1) -0.702380952<x126>[B] (+1) -0.702380952<x127>[B] (+1) +0.702380952<x128>[B] (+0) -0.702380952<x129>[B] (+0) +0.702380952<x130>[B] (+0) -0.702380952<x131>[B] (+1) +0.702380952<x132>[B] (+0) -0.702380952<x133>[B] (+1) -0.702380952<x134>[B] (+1) +0.702380952<x135>[B] (+1) +0.702380952<x136>[B] (+1) +0.702380952<x137>[B] (+1) -0.702380952<x138>[B] (+1) -0.702380952<x139>[B] (+1) +0.702380952<x140>[B] (+0) +0.702380952<x141>[B] (+1) +0.702380952<x142>[B] (+0) -0.702380952<x143>[B] (+1) +0.702380952<x144>[B] (+1) -0.702380952<x145>[B] (+1) +0.702380952<x146>[B] (+0) +0.702380952<x147>[B] (+0) +0.702380952<x148>[B] (+1) -0.702380952<x149>[B] (+1) -0.702380952<x150>[B] (+1) +0.702380952<x151>[B] (+0) +0.702380952<x152>[B] (+0) +0.702380952<x153>[B] (+0) -0.702380952<x154>[B] (+1) +0.702380952<x155>[B] (+0) +0.702380952<x156>[B] (+0) +0.702380952<x157>[B] (+0) +0.702380952<x158>[B] (+0) -0.702380952<x159>[B] (+1) -0.702380952<x160>[B] (+1) +0.702380952<x161>[B] (+0) +0.702380952<x162>[B] (+0) +0.702380952<x163>[B] (+0) -0.702380952<x164>[B] (+1) +0.702380952<x165>[B] (+0) +0.702380952<x166>[B] (+1) -0.702380952<x167>[B] (+1) -0.702380952<x168>[B] (+1) -0.702380952<x169>[B] (+1) +0.702380952<x170>[B] (+0) -0.702380952<x171>[B] (+1) +0.702380952<x172>[B] (+0) -0.702380952<x173>[B] (+1) +0.702380952<x174>[B] (+0) -0.702380952<x175>[B] (+1) -0.702380952<x176>[B] (+1) -0.702380952<x177>[B] (+1) +0.702380952<x178>[B] (+0) -0.702380952<x179>[B] (+0) -0.702380952<x180>[B] (+0) -0.702380952<x181>[B] (+1) +0.702380952<x182>[B] (+0) -0.702380952<x183>[B] (+1) -0.702380952<x184>[B] (+1) +0.702380952<x185>[B] (+0) -0.702380952<x186>[B] (+0) +0.702380952<x187>[B] (+0) -0.702380952<x188>[B] (+1) +0.702380952<x189>[B] (+0) -0.702380952<x190>[B] (+1) +0.702380952<x191>[B] (+0) +0.702380952<x192>[B] (+0) +0.702380952<x193>[B] (+0) -0.702380952<x194>[B] (+0) +0.702380952<x195>[B] (+0) +0.702380952<x196>[B] (+0) +0.702380952<x197>[B] (+0) +0.702380952<x198>[B] (+0) +0.702380952<x199>[B] (+0) +0.702380952<x200>[B] (+0) -0.702380952<x201>[B] (+1) -0.702380952<x202>[B] (+0) -0.702380952<x203>[B] (+1) -0.702380952<x204>[B] (+1) +0.702380952<x205>[B] (+0) -0.702380952<x206>[B] (+1) +0.702380952<x207>[B] (+0) -0.702380952<x208>[B] (+1) +0.702380952<x209>[B] (+1) +0.702380952<x210>[B] (+0) >= 21.247619047619;
;
violation: left hand side is violated by 52.152380952381
  [linear] <c2661>: <x211>[C] (+0) +0.702380952<x1>[B] (+1) +0.702380952<x2>[B] (+0) +0.702380952<x3>[B] (+0) +0.702380952<x4>[B] (+1) +0.702380952<x5>[B] (+0) +0.702380952<x6>[B] (+0) +0.702380952<x7>[B] (+0) +0.702380952<x8>[B] (+0) +0.702380952<x9>[B] (+0) +0.702380952<x10>[B] (+0) +0.702380952<x11>[B] (+0) +0.702380952<x12>[B] (+0) +0.702380952<x13>[B] (+0) +0.702380952<x14>[B] (+0) -0.702380952<x15>[B] (+0) +0.702380952<x16>[B] (+0) +0.702380952<x17>[B] (+0) +0.702380952<x18>[B] (+0) +0.702380952<x19>[B] (+0) +0.702380952<x20>[B] (+0) +0.702380952<x21>[B] (+0) -0.702380952<x22>[B] (+0) -0.702380952<x23>[B] (+1) +0.702380952<x24>[B] (+0) -0.702380952<x25>[B] (+0) -0.702380952<x26>[B] (+0) -0.702380952<x27>[B] (+0) -0.702380952<x28>[B] (+0) -0.702380952<x29>[B] (+0) -0.702380952<x30>[B] (+0) +0.702380952<x31>[B] (+0) -0.702380952<x32>[B] (+0) -0.702380952<x33>[B] (+0) -0.702380952<x34>[B] (+0) +0.702380952<x35>[B] (+0) -0.702380952<x36>[B] (+0) -0.702380952<x37>[B] (+0) -0.702380952<x38>[B] (+0) +0.702380952<x39>[B] (+0) -0.702380952<x40>[B] (+0) -0.702380952<x41>[B] (+1) +0.702380952<x42>[B] (+0) -0.702380952<x43>[B] (+0) -0.702380952<x44>[B] (+0) -0.702380952<x45>[B] (+0) -0.702380952<x46>[B] (+0) -0.702380952<x47>[B] (+0) -0.702380952<x48>[B] (+0) +0.702380952<x49>[B] (+0) -0.702380952<x50>[B] (+0) -0.702380952<x51>[B] (+0) -0.702380952<x52>[B] (+0) +0.702380952<x53>[B] (+0) -0.702380952<x54>[B] (+0) -0.702380952<x55>[B] (+0) -0.702380952<x56>[B] (+0) +0.702380952<x57>[B] (+0) -0.702380952<x58>[B] (+1) +0.702380952<x59>[B] (+1) +0.702380952<x60>[B] (+0) +0.702380952<x61>[B] (+0) -0.702380952<x62>[B] (+0) -0.702380952<x63>[B] (+0) -0.702380952<x64>[B] (+1) +0.702380952<x65>[B] (+0) +0.702380952<x66>[B] (+0) +0.702380952<x67>[B] (+0) -0.702380952<x68>[B] (+0) -0.702380952<x69>[B] (+1) +0.702380952<x70>[B] (+0) -0.702380952<x71>[B] (+0) +0.702380952<x72>[B] (+0) -0.702380952<x73>[B] (+0) +0.702380952<x74>[B] (+0) +0.702380952<x75>[B] (+0) +0.702380952<x76>[B] (+0) +0.702380952<x77>[B] (+0) +0.702380952<x78>[B] (+0) +0.702380952<x79>[B] (+0) -0.702380952<x80>[B] (+0) +0.702380952<x81>[B] (+0) +0.702380952<x82>[B] (+0) +0.702380952<x83>[B] (+0) -0.702380952<x84>[B] (+0) -0.702380952<x85>[B] (+0) +0.702380952<x86>[B] (+0) +0.702380952<x87>[B] (+0) +0.702380952<x88>[B] (+0) -0.702380952<x89>[B] (+0) +0.702380952<x90>[B] (+0) -0.702380952<x91>[B] (+0) -0.702380952<x92>[B] (+0) -0.702380952<x93>[B] (+0) -0.702380952<x94>[B] (+0) -0.702380952<x95>[B] (+0) -0.702380952<x96>[B] (+0) +0.702380952<x97>[B] (+0) -0.702380952<x98>[B] (+0) -0.702380952<x99>[B] (+0) -0.702380952<x100>[B] (+0) +0.702380952<x101>[B] (+0) -0.702380952<x102>[B] (+0) -0.702380952<x103>[B] (+0) -0.702380952<x104>[B] (+0) +0.702380952<x105>[B] (+0) +0.702380952<x106>[B] (+0) -0.702380952<x107>[B] (+0) -0.702380952<x108>[B] (+0) -0.702380952<x109>[B] (+1) -0.702380952<x110>[B] (+0) +0.702380952<x111>[B] (+0) -0.702380952<x112>[B] (+0) -0.702380952<x113>[B] (+0) -0.702380952<x114>[B] (+1) +0.702380952<x115>[B] (+0) -0.702380952<x116>[B] (+0) +0.702380952<x117>[B] (+0) -0.702380952<x118>[B] (+0) +0.702380952<x119>[B] (+0) -0.702380952<x120>[B] (+0) -0.702380952<x121>[B] (+0) -0.702380952<x122>[B] (+1) -0.702380952<x123>[B] (+0) +0.702380952<x124>[B] (+0) -0.702380952<x125>[B] (+0) -0.702380952<x126>[B] (+0) -0.702380952<x127>[B] (+1) +0.702380952<x128>[B] (+0) -0.702380952<x129>[B] (+0) +0.702380952<x130>[B] (+0) -0.702380952<x131>[B] (+0) +0.702380952<x132>[B] (+0) -0.702380952<x133>[B] (+1) -0.702380952<x134>[B] (+1) +0.702380952<x135>[B] (+1) +0.702380952<x136>[B] (+0) +0.702380952<x137>[B] (+0) -0.702380952<x138>[B] (+0) -0.702380952<x139>[B] (+1) +0.702380952<x140>[B] (+0) +0.702380952<x141>[B] (+0) +0.702380952<x142>[B] (+0) -0.702380952<x143>[B] (+0) +0.702380952<x144>[B] (+0) -0.702380952<x145>[B] (+1) +0.702380952<x146>[B] (+0) +0.702380952<x147>[B] (+0) +0.702380952<x148>[B] (+0) -0.702380952<x149>[B] (+0) -0.702380952<x150>[B] (+1) +0.702380952<x151>[B] (+0) +0.702380952<x152>[B] (+0) +0.702380952<x153>[B] (+0) -0.702380952<x154>[B] (+0) +0.702380952<x155>[B] (+0) +0.702380952<x156>[B] (+0) +0.702380952<x157>[B] (+0) +0.702380952<x158>[B] (+0) -0.702380952<x159>[B] (+0) -0.702380952<x160>[B] (+0) +0.702380952<x161>[B] (+0) +0.702380952<x162>[B] (+0) +0.702380952<x163>[B] (+0) -0.702380952<x164>[B] (+0) +0.702380952<x165>[B] (+0) +0.702380952<x166>[B] (+0) -0.702380952<x167>[B] (+0) -0.702380952<x168>[B] (+0) -0.702380952<x169>[B] (+1) +0.702380952<x170>[B] (+0) -0.702380952<x171>[B] (+0) +0.702380952<x172>[B] (+0) -0.702380952<x173>[B] (+0) +0.702380952<x174>[B] (+0) -0.702380952<x175>[B] (+1) -0.702380952<x176>[B] (+0) -0.702380952<x177>[B] (+1) +0.702380952<x178>[B] (+0) -0.702380952<x179>[B] (+0) -0.702380952<x180>[B] (+0) -0.702380952<x181>[B] (+0) +0.702380952<x182>[B] (+0) -0.702380952<x183>[B] (+0) -0.702380952<x184>[B] (+1) +0.702380952<x185>[B] (+0) -0.702380952<x186>[B] (+0) +0.702380952<x187>[B] (+0) -0.702380952<x188>[B] (+0) +0.702380952<x189>[B] (+0) -0.702380952<x190>[B] (+1) +0.702380952<x191>[B] (+0) +0.702380952<x192>[B] (+0) +0.702380952<x193>[B] (+0) -0.702380952<x194>[B] (+0) +0.702380952<x195>[B] (+0) +0.702380952<x196>[B] (+0) +0.702380952<x197>[B] (+0) +0.702380952<x198>[B] (+0) +0.702380952<x199>[B] (+0) +0.702380952<x200>[B] (+0) -0.702380952<x201>[B] (+1) -0.702380952<x202>[B] (+0) -0.702380952<x203>[B] (+0) -0.702380952<x204>[B] (+0) +0.702380952<x205>[B] (+0) -0.702380952<x206>[B] (+0) +0.702380952<x207>[B] (+0) -0.702380952<x208>[B] (+0) +0.702380952<x209>[B] (+0) +0.702380952<x210>[B] (+0) >= 21.247619047619;
;
violation: left hand side is violated by 32.4857142857143
  [linear] <c2661>: <x211>[C] (+0) +0.702380952<x1>[B] (+0) +0.702380952<x2>[B] (+0) +0.702380952<x3>[B] (+0) +0.702380952<x4>[B] (+0) +0.702380952<x5>[B] (+0) +0.702380952<x6>[B] (+0) +0.702380952<x7>[B] (+0) +0.702380952<x8>[B] (+0) +0.702380952<x9>[B] (+0) +0.702380952<x10>[B] (+0) +0.702380952<x11>[B] (+0) +0.702380952<x12>[B] (+0) +0.702380952<x13>[B] (+0) +0.702380952<x14>[B] (+0) -0.702380952<x15>[B] (+0) +0.702380952<x16>[B] (+0) +0.702380952<x17>[B] (+0) +0.702380952<x18>[B] (+0) +0.702380952<x19>[B] (+0) +0.702380952<x20>[B] (+0) +0.702380952<x21>[B] (+0) -0.702380952<x22>[B] (+0) -0.702380952<x23>[B] (+0) +0.702380952<x24>[B] (+0) -0.702380952<x25>[B] (+0) -0.702380952<x26>[B] (+0) -0.702380952<x27>[B] (+0) -0.702380952<x28>[B] (+0) -0.702380952<x29>[B] (+0) -0.702380952<x30>[B] (+0) +0.702380952<x31>[B] (+0) -0.702380952<x32>[B] (+0) -0.702380952<x33>[B] (+0) -0.702380952<x34>[B] (+0) +0.702380952<x35>[B] (+0) -0.702380952<x36>[B] (+0) -0.702380952<x37>[B] (+0) -0.702380952<x38>[B] (+0) +0.702380952<x39>[B] (+0) -0.702380952<x40>[B] (+0) -0.702380952<x41>[B] (+0) +0.702380952<x42>[B] (+0) -0.702380952<x43>[B] (+0) -0.702380952<x44>[B] (+0) -0.702380952<x45>[B] (+0) -0.702380952<x46>[B] (+0) -0.702380952<x47>[B] (+0) -0.702380952<x48>[B] (+0) +0.702380952<x49>[B] (+0) -0.702380952<x50>[B] (+0) -0.702380952<x51>[B] (+0) -0.702380952<x52>[B] (+0) +0.702380952<x53>[B] (+0) -0.702380952<x54>[B] (+0) -0.702380952<x55>[B] (+0) -0.702380952<x56>[B] (+0) +0.702380952<x57>[B] (+0) -0.702380952<x58>[B] (+0) +0.702380952<x59>[B] (+0) +0.702380952<x60>[B] (+0) +0.702380952<x61>[B] (+0) -0.702380952<x62>[B] (+0) -0.702380952<x63>[B] (+0) -0.702380952<x64>[B] (+0) +0.702380952<x65>[B] (+0) +0.702380952<x66>[B] (+0) +0.702380952<x67>[B] (+0) -0.702380952<x68>[B] (+0) -0.702380952<x69>[B] (+0) +0.702380952<x70>[B] (+0) -0.702380952<x71>[B] (+0) +0.702380952<x72>[B] (+0) -0.702380952<x73>[B] (+0) +0.702380952<x74>[B] (+0) +0.702380952<x75>[B] (+0) +0.702380952<x76>[B] (+0) +0.702380952<x77>[B] (+0) +0.702380952<x78>[B] (+0) +0.702380952<x79>[B] (+0) -0.702380952<x80>[B] (+0) +0.702380952<x81>[B] (+0) +0.702380952<x82>[B] (+0) +0.702380952<x83>[B] (+0) -0.702380952<x84>[B] (+0) -0.702380952<x85>[B] (+0) +0.702380952<x86>[B] (+0) +0.702380952<x87>[B] (+0) +0.702380952<x88>[B] (+0) -0.702380952<x89>[B] (+0) +0.702380952<x90>[B] (+0) -0.702380952<x91>[B] (+0) -0.702380952<x92>[B] (+0) -0.702380952<x93>[B] (+0) -0.702380952<x94>[B] (+0) -0.702380952<x95>[B] (+0) -0.702380952<x96>[B] (+0) +0.702380952<x97>[B] (+0) -0.702380952<x98>[B] (+0) -0.702380952<x99>[B] (+0) -0.702380952<x100>[B] (+0) +0.702380952<x101>[B] (+0) -0.702380952<x102>[B] (+0) -0.702380952<x103>[B] (+0) -0.702380952<x104>[B] (+0) +0.702380952<x105>[B] (+0) +0.702380952<x106>[B] (+0) -0.702380952<x107>[B] (+0) -0.702380952<x108>[B] (+0) -0.702380952<x109>[B] (+0) -0.702380952<x110>[B] (+0) +0.702380952<x111>[B] (+0) -0.702380952<x112>[B] (+0) -0.702380952<x113>[B] (+0) -0.702380952<x114>[B] (+0) +0.702380952<x115>[B] (+0) -0.702380952<x116>[B] (+0) +0.702380952<x117>[B] (+0) -0.702380952<x118>[B] (+0) +0.702380952<x119>[B] (+0) -0.702380952<x120>[B] (+0) -0.702380952<x121>[B] (+0) -0.702380952<x122>[B] (+0) -0.702380952<x123>[B] (+0) +0.702380952<x124>[B] (+0) -0.702380952<x125>[B] (+0) -0.702380952<x126>[B] (+0) -0.702380952<x127>[B] (+0) +0.702380952<x128>[B] (+0) -0.702380952<x129>[B] (+0) +0.702380952<x130>[B] (+0) -0.702380952<x131>[B] (+0) +0.702380952<x132>[B] (+0) -0.702380952<x133>[B] (+0) -0.702380952<x134>[B] (+0) +0.702380952<x135>[B] (+0) +0.702380952<x136>[B] (+0) +0.702380952<x137>[B] (+0) -0.702380952<x138>[B] (+0) -0.702380952<x139>[B] (+0) +0.702380952<x140>[B] (+0) +0.702380952<x141>[B] (+0) +0.702380952<x142>[B] (+0) -0.702380952<x143>[B] (+0) +0.702380952<x144>[B] (+0) -0.702380952<x145>[B] (+0) +0.702380952<x146>[B] (+0) +0.702380952<x147>[B] (+0) +0.702380952<x148>[B] (+0) -0.702380952<x149>[B] (+0) -0.702380952<x150>[B] (+0) +0.702380952<x151>[B] (+0) +0.702380952<x152>[B] (+0) +0.702380952<x153>[B] (+0) -0.702380952<x154>[B] (+0) +0.702380952<x155>[B] (+0) +0.702380952<x156>[B] (+0) +0.702380952<x157>[B] (+0) +0.702380952<x158>[B] (+0) -0.702380952<x159>[B] (+0) -0.702380952<x160>[B] (+0) +0.702380952<x161>[B] (+0) +0.702380952<x162>[B] (+0) +0.702380952<x163>[B] (+0) -0.702380952<x164>[B] (+0) +0.702380952<x165>[B] (+0) +0.702380952<x166>[B] (+0) -0.702380952<x167>[B] (+0) -0.702380952<x168>[B] (+0) -0.702380952<x169>[B] (+0) +0.702380952<x170>[B] (+0) -0.702380952<x171>[B] (+0) +0.702380952<x172>[B] (+0) -0.702380952<x173>[B] (+0) +0.702380952<x174>[B] (+0) -0.702380952<x175>[B] (+0) -0.702380952<x176>[B] (+0) -0.702380952<x177>[B] (+0) +0.702380952<x178>[B] (+0) -0.702380952<x179>[B] (+0) -0.702380952<x180>[B] (+0) -0.702380952<x181>[B] (+0) +0.702380952<x182>[B] (+0) -0.702380952<x183>[B] (+0) -0.702380952<x184>[B] (+0) +0.702380952<x185>[B] (+0) -0.702380952<x186>[B] (+0) +0.702380952<x187>[B] (+0) -0.702380952<x188>[B] (+0) +0.702380952<x189>[B] (+0) -0.702380952<x190>[B] (+0) +0.702380952<x191>[B] (+0) +0.702380952<x192>[B] (+0) +0.702380952<x193>[B] (+0) -0.702380952<x194>[B] (+0) +0.702380952<x195>[B] (+0) +0.702380952<x196>[B] (+0) +0.702380952<x197>[B] (+0) +0.702380952<x198>[B] (+0) +0.702380952<x199>[B] (+0) +0.702380952<x200>[B] (+0) -0.702380952<x201>[B] (+0) -0.702380952<x202>[B] (+0) -0.702380952<x203>[B] (+0) -0.702380952<x204>[B] (+0) +0.702380952<x205>[B] (+0) -0.702380952<x206>[B] (+0) +0.702380952<x207>[B] (+0) -0.702380952<x208>[B] (+0) +0.702380952<x209>[B] (+0) +0.702380952<x210>[B] (+0) >= 21.247619047619;
;
violation: left hand side is violated by 21.247619047619
  [linear] <c2661>: <x211>[C] (+0) +0.702380952<x1>[B] (+1) +0.702380952<x2>[B] (+1) +0.702380952<x3>[B] (+1) +0.702380952<x4>[B] (+1) +0.702380952<x5>[B] (+1) +0.702380952<x6>[B] (+1) +0.702380952<x7>[B] (+1) +0.702380952<x8>[B] (+1) +0.702380952<x9>[B] (+1) +0.702380952<x10>[B] (+1) +0.702380952<x11>[B] (+1) +0.702380952<x12>[B] (+1) +0.702380952<x13>[B] (+1) +0.702380952<x14>[B] (+1) -0.702380952<x15>[B] (+1) +0.702380952<x16>[B] (+1) +0.702380952<x17>[B] (+1) +0.702380952<x18>[B] (+1) +0.702380952<x19>[B] (+1) +0.702380952<x20>[B] (+1) +0.702380952<x21>[B] (+1) -0.702380952<x22>[B] (+1) -0.702380952<x23>[B] (+1) +0.702380952<x24>[B] (+1) -0.702380952<x25>[B] (+1) -0.702380952<x26>[B] (+1) -0.702380952<x27>[B] (+1) -0.702380952<x28>[B] (+1) -0.702380952<x29>[B] (+1) -0.702380952<x30>[B] (+1) +0.702380952<x31>[B] (+1) -0.702380952<x32>[B] (+1) -0.702380952<x33>[B] (+1) -0.702380952<x34>[B] (+1) +0.702380952<x35>[B] (+1) -0.702380952<x36>[B] (+1) -0.702380952<x37>[B] (+1) -0.702380952<x38>[B] (+1) +0.702380952<x39>[B] (+1) -0.702380952<x40>[B] (+1) -0.702380952<x41>[B] (+1) +0.702380952<x42>[B] (+1) -0.702380952<x43>[B] (+1) -0.702380952<x44>[B] (+1) -0.702380952<x45>[B] (+1) -0.702380952<x46>[B] (+1) -0.702380952<x47>[B] (+1) -0.702380952<x48>[B] (+1) +0.702380952<x49>[B] (+1) -0.702380952<x50>[B] (+1) -0.702380952<x51>[B] (+1) -0.702380952<x52>[B] (+1) +0.702380952<x53>[B] (+1) -0.702380952<x54>[B] (+1) -0.702380952<x55>[B] (+1) -0.702380952<x56>[B] (+1) +0.702380952<x57>[B] (+1) -0.702380952<x58>[B] (+1) +0.702380952<x59>[B] (+1) +0.702380952<x60>[B] (+1) +0.702380952<x61>[B] (+1) -0.702380952<x62>[B] (+1) -0.702380952<x63>[B] (+1) -0.702380952<x64>[B] (+1) +0.702380952<x65>[B] (+1) +0.702380952<x66>[B] (+1) +0.702380952<x67>[B] (+1) -0.702380952<x68>[B] (+1) -0.702380952<x69>[B] (+1) +0.702380952<x70>[B] (+1) -0.702380952<x71>[B] (+1) +0.702380952<x72>[B] (+1) -0.702380952<x73>[B] (+1) +0.702380952<x74>[B] (+1) +0.702380952<x75>[B] (+1) +0.702380952<x76>[B] (+1) +0.702380952<x77>[B] (+1) +0.702380952<x78>[B] (+1) +0.702380952<x79>[B] (+1) -0.702380952<x80>[B] (+1) +0.702380952<x81>[B] (+1) +0.702380952<x82>[B] (+1) +0.702380952<x83>[B] (+1) -0.702380952<x84>[B] (+1) -0.702380952<x85>[B] (+1) +0.702380952<x86>[B] (+1) +0.702380952<x87>[B] (+1) +0.702380952<x88>[B] (+1) -0.702380952<x89>[B] (+1) +0.702380952<x90>[B] (+1) -0.702380952<x91>[B] (+1) -0.702380952<x92>[B] (+1) -0.702380952<x93>[B] (+1) -0.702380952<x94>[B] (+1) -0.702380952<x95>[B] (+1) -0.702380952<x96>[B] (+1) +0.702380952<x97>[B] (+1) -0.702380952<x98>[B] (+1) -0.702380952<x99>[B] (+1) -0.702380952<x100>[B] (+1) +0.702380952<x101>[B] (+1) -0.702380952<x102>[B] (+1) -0.702380952<x103>[B] (+1) -0.702380952<x104>[B] (+1) +0.702380952<x105>[B] (+1) +0.702380952<x106>[B] (+1) -0.702380952<x107>[B] (+1) -0.702380952<x108>[B] (+1) -0.702380952<x109>[B] (+1) -0.702380952<x110>[B] (+1) +0.702380952<x111>[B] (+1) -0.702380952<x112>[B] (+1) -0.702380952<x113>[B] (+1) -0.702380952<x114>[B] (+1) +0.702380952<x115>[B] (+1) -0.702380952<x116>[B] (+1) +0.702380952<x117>[B] (+1) -0.702380952<x118>[B] (+1) +0.702380952<x119>[B] (+1) -0.702380952<x120>[B] (+1) -0.702380952<x121>[B] (+1) -0.702380952<x122>[B] (+1) -0.702380952<x123>[B] (+1) +0.702380952<x124>[B] (+1) -0.702380952<x125>[B] (+1) -0.702380952<x126>[B] (+1) -0.702380952<x127>[B] (+1) +0.702380952<x128>[B] (+1) -0.702380952<x129>[B] (+1) +0.702380952<x130>[B] (+1) -0.702380952<x131>[B] (+1) +0.702380952<x132>[B] (+1) -0.702380952<x133>[B] (+1) -0.702380952<x134>[B] (+1) +0.702380952<x135>[B] (+1) +0.702380952<x136>[B] (+1) +0.702380952<x137>[B] (+1) -0.702380952<x138>[B] (+1) -0.702380952<x139>[B] (+1) +0.702380952<x140>[B] (+1) +0.702380952<x141>[B] (+1) +0.702380952<x142>[B] (+1) -0.702380952<x143>[B] (+1) +0.702380952<x144>[B] (+1) -0.702380952<x145>[B] (+1) +0.702380952<x146>[B] (+1) +0.702380952<x147>[B] (+1) +0.702380952<x148>[B] (+1) -0.702380952<x149>[B] (+1) -0.702380952<x150>[B] (+1) +0.702380952<x151>[B] (+1) +0.702380952<x152>[B] (+1) +0.702380952<x153>[B] (+1) -0.702380952<x154>[B] (+1) +0.702380952<x155>[B] (+1) +0.702380952<x156>[B] (+1) +0.702380952<x157>[B] (+1) +0.702380952<x158>[B] (+1) -0.702380952<x159>[B] (+1) -0.702380952<x160>[B] (+1) +0.702380952<x161>[B] (+1) +0.702380952<x162>[B] (+1) +0.702380952<x163>[B] (+1) -0.702380952<x164>[B] (+1) +0.702380952<x165>[B] (+1) +0.702380952<x166>[B] (+1) -0.702380952<x167>[B] (+1) -0.702380952<x168>[B] (+1) -0.702380952<x169>[B] (+1) +0.702380952<x170>[B] (+1) -0.702380952<x171>[B] (+1) +0.702380952<x172>[B] (+1) -0.702380952<x173>[B] (+1) +0.702380952<x174>[B] (+1) -0.702380952<x175>[B] (+1) -0.702380952<x176>[B] (+1) -0.702380952<x177>[B] (+1) +0.702380952<x178>[B] (+1) -0.702380952<x179>[B] (+1) -0.702380952<x180>[B] (+1) -0.702380952<x181>[B] (+1) +0.702380952<x182>[B] (+1) -0.702380952<x183>[B] (+1) -0.702380952<x184>[B] (+1) +0.702380952<x185>[B] (+1) -0.702380952<x186>[B] (+1) +0.702380952<x187>[B] (+1) -0.702380952<x188>[B] (+1) +0.702380952<x189>[B] (+1) -0.702380952<x190>[B] (+1) +0.702380952<x191>[B] (+1) +0.702380952<x192>[B] (+1) +0.702380952<x193>[B] (+1) -0.702380952<x194>[B] (+1) +0.702380952<x195>[B] (+1) +0.702380952<x196>[B] (+1) +0.702380952<x197>[B] (+1) +0.702380952<x198>[B] (+1) +0.702380952<x199>[B] (+1) +0.702380952<x200>[B] (+1) -0.702380952<x201>[B] (+1) -0.702380952<x202>[B] (+1) -0.702380952<x203>[B] (+1) -0.702380952<x204>[B] (+1) +0.702380952<x205>[B] (+1) -0.702380952<x206>[B] (+1) +0.702380952<x207>[B] (+1) -0.702380952<x208>[B] (+1) +0.702380952<x209>[B] (+1) +0.702380952<x210>[B] (+1) >= 21.247619047619;
;
violation: left hand side is violated by 22.6523809523809
1/5 feasible solution given by solution candidate storage, new primal bound -1.000120e+06

presolving:
   (0.0s) symmetry computation started: requiring (bin +, int +, cont +), (fixed: bin -, int -, cont -)
   (0.0s) no symmetry present (symcode time: 0.00)
presolving (0 rounds: 0 fast, 0 medium, 0 exhaustive):
 0 deleted vars, 0 deleted constraints, 0 added constraints, 0 tightened bounds, 0 added holes, 0 changed sides, 0 changed coefficients
 0 implications, 0 cliques, 0 implied integral variables (0 bin, 0 int, 0 cont)
presolved problem has 220 variables (210 bin, 0 int, 10 cont) and 2670 constraints
   2670 constraints of type <linear>
Presolving Time: 0.00
transformed 1/1 original solutions to the transformed problem space

 time | node  | left  |LP iter|LP it/n|mem/heur|mdpt |vars |cons |rows |cuts |sepa|confs|strbr|  dualbound   | primalbound  |  gap   | compl. 
p 0.0s|     1 |     0 |     3 |     - |   locks|   0 | 220 |2670 |2670 |   0 |  0 |   0 |   0 | 2.200000e+02 |-3.606429e+02 |    Inf | unknown
* 0.0s|     1 |     0 |   188 |     - |    LP  |   0 | 220 |2670 |2670 |   0 |  0 |   0 |   0 |-2.096810e+02 |-2.096810e+02 |   0.00%| unknown
  0.0s|     1 |     0 |   188 |     - |    12M |   0 | 220 |2670 |2670 |   0 |  0 |   0 |   0 |-2.096810e+02 |-2.096810e+02 |   0.00%| unknown

SCIP Status        : problem is solved [optimal solution found]
Solving Time (sec) : 0.02
Solving Nodes      : 1
Primal Bound       : -2.09680952380952e+02 (4 solutions)
Dual Bound         : -2.09680952380952e+02
Gap                : 0.00 %
  [linear] <c2671>: <x211>[C] (+36.7) +0.597619048<x1>[B] (+1) +0.597619048<x2>[B] (+0) +0.597619048<x3>[B] (+0) +0.597619048<x4>[B] (+1) +0.597619048<x5>[B] (+1) +0.597619048<x6>[B] (+0) +0.597619048<x7>[B] (+0) +0.597619048<x8>[B] (+0) +0.597619048<x9>[B] (+1) +0.597619048<x10>[B] (+1) +0.597619048<x11>[B] (+0) +0.597619048<x12>[B] (+1) +0.597619048<x13>[B] (+1) +0.597619048<x14>[B] (+1) -0.597619048<x15>[B] (+1) +0.597619048<x16>[B] (+0) +0.597619048<x17>[B] (+0) +0.597619048<x18>[B] (+0) +0.597619048<x19>[B] (+0) +0.597619048<x20>[B] (+0) +0.597619048<x21>[B] (+0) -0.597619048<x22>[B] (+0) -0.597619048<x23>[B] (+1) +0.597619048<x24>[B] (+1) -0.597619048<x25>[B] (+0) -0.597619048<x26>[B] (+0) -0.597619048<x27>[B] (+0) -0.597619048<x28>[B] (+0) -0.597619048<x29>[B] (+0) -0.597619048<x30>[B] (+0) +0.597619048<x31>[B] (+1) -0.597619048<x32>[B] (+0) -0.597619048<x33>[B] (+1) -0.597619048<x34>[B] (+1) +0.597619048<x35>[B] (+0) -0.597619048<x36>[B] (+0) -0.597619048<x37>[B] (+0) -0.597619048<x38>[B] (+0) +0.597619048<x39>[B] (+0) -0.597619048<x40>[B] (+1) -0.597619048<x41>[B] (+1) +0.597619048<x42>[B] (+1) -0.597619048<x43>[B] (+0) -0.597619048<x44>[B] (+1) -0.597619048<x45>[B] (+0) -0.597619048<x46>[B] (+1) -0.597619048<x47>[B] (+1) -0.597619048<x48>[B] (+1) +0.597619048<x49>[B] (+1) -0.597619048<x50>[B] (+1) -0.597619048<x51>[B] (+1) -0.597619048<x52>[B] (+1) +0.597619048<x53>[B] (+0) -0.597619048<x54>[B] (+0) -0.597619048<x55>[B] (+0) -0.597619048<x56>[B] (+1) +0.597619048<x57>[B] (+1) -0.597619048<x58>[B] (+1) +0.597619048<x59>[B] (+1) +0.597619048<x60>[B] (+0) +0.597619048<x61>[B] (+0) -0.597619048<x62>[B] (+0) -0.597619048<x63>[B] (+1) -0.597619048<x64>[B] (+1) +0.597619048<x65>[B] (+0) +0.597619048<x66>[B] (+1) +0.597619048<x67>[B] (+1) -0.597619048<x68>[B] (+1) -0.597619048<x69>[B] (+1) +0.597619048<x70>[B] (+0) -0.597619048<x71>[B] (+0) +0.597619048<x72>[B] (+0) -0.597619048<x73>[B] (+0) +0.597619048<x74>[B] (+0) +0.597619048<x75>[B] (+0) +0.597619048<x76>[B] (+0) +0.597619048<x77>[B] (+0) +0.597619048<x78>[B] (+0) +0.597619048<x79>[B] (+0) -0.597619048<x80>[B] (+0) +0.597619048<x81>[B] (+0) +0.597619048<x82>[B] (+0) +0.597619048<x83>[B] (+0) -0.597619048<x84>[B] (+0) -0.597619048<x85>[B] (+0) +0.597619048<x86>[B] (+0) +0.597619048<x87>[B] (+0) +0.597619048<x88>[B] (+0) -0.597619048<x89>[B] (+0) +0.597619048<x90>[B] (+0) -0.597619048<x91>[B] (+0) -0.597619048<x92>[B] (+0) -0.597619048<x93>[B] (+0) -0.597619048<x94>[B] (+0) -0.597619048<x95>[B] (+0) -0.597619048<x96>[B] (+0) +0.597619048<x97>[B] (+0) -0.597619048<x98>[B] (+0) -0.597619048<x99>[B] (+0) -0.597619048<x100>[B] (+0) +0.597619048<x101>[B] (+0) -0.597619048<x102>[B] (+0) -0.597619048<x103>[B] (+0) -0.597619048<x104>[B] (+0) +0.597619048<x105>[B] (+0) +0.597619048<x106>[B] (+1) -0.597619048<x107>[B] (+0) -0.597619048<x108>[B] (+1) -0.597619048<x109>[B] (+1) -0.597619048<x110>[B] (+1) +0.597619048<x111>[B] (+1) -0.597619048<x112>[B] (+1) -0.597619048<x113>[B] (+1) -0.597619048<x114>[B] (+1) +0.597619048<x115>[B] (+0) -0.597619048<x116>[B] (+0) +0.597619048<x117>[B] (+0) -0.597619048<x118>[B] (+1) +0.597619048<x119>[B] (+1) -0.597619048<x120>[B] (+0) -0.597619048<x121>[B] (+1) -0.597619048<x122>[B] (+1) -0.597619048<x123>[B] (+1) +0.597619048<x124>[B] (+1) -0.597619048<x125>[B] (+1) -0.597619048<x126>[B] (+1) -0.597619048<x127>[B] (+1) +0.597619048<x128>[B] (+0) -0.597619048<x129>[B] (+0) +0.597619048<x130>[B] (+0) -0.597619048<x131>[B] (+0) +0.597619048<x132>[B] (+1) -0.597619048<x133>[B] (+1) -0.597619048<x134>[B] (+1) +0.597619048<x135>[B] (+1) +0.597619048<x136>[B] (+1) +0.597619048<x137>[B] (+1) -0.597619048<x138>[B] (+1) -0.597619048<x139>[B] (+1) +0.597619048<x140>[B] (+0) +0.597619048<x141>[B] (+0) +0.597619048<x142>[B] (+0) -0.597619048<x143>[B] (+1) +0.597619048<x144>[B] (+1) -0.597619048<x145>[B] (+1) +0.597619048<x146>[B] (+0) +0.597619048<x147>[B] (+1) +0.597619048<x148>[B] (+0) -0.597619048<x149>[B] (+1) -0.597619048<x150>[B] (+1) +0.597619048<x151>[B] (+0) +0.597619048<x152>[B] (+0) +0.597619048<x153>[B] (+0) -0.597619048<x154>[B] (+0) +0.597619048<x155>[B] (+0) +0.597619048<x156>[B] (+0) +0.597619048<x157>[B] (+1) +0.597619048<x158>[B] (+0) -0.597619048<x159>[B] (+1) -0.597619048<x160>[B] (+1) +0.597619048<x161>[B] (+0) +0.597619048<x162>[B] (+0) +0.597619048<x163>[B] (+0) -0.597619048<x164>[B] (+0) +0.597619048<x165>[B] (+0) +0.597619048<x166>[B] (+1) -0.597619048<x167>[B] (+1) -0.597619048<x168>[B] (+1) -0.597619048<x169>[B] (+1) +0.597619048<x170>[B] (+0) -0.597619048<x171>[B] (+0) +0.597619048<x172>[B] (+0) -0.597619048<x173>[B] (+0) +0.597619048<x174>[B] (+1) -0.597619048<x175>[B] (+0) -0.597619048<x176>[B] (+0) -0.597619048<x177>[B] (+1) +0.597619048<x178>[B] (+0) -0.597619048<x179>[B] (+0) -0.597619048<x180>[B] (+0) -0.597619048<x181>[B] (+0) +0.597619048<x182>[B] (+0) -0.597619048<x183>[B] (+1) -0.597619048<x184>[B] (+1) +0.597619048<x185>[B] (+0) -0.597619048<x186>[B] (+0) +0.597619048<x187>[B] (+0) -0.597619048<x188>[B] (+0) +0.597619048<x189>[B] (+0) -0.597619048<x190>[B] (+1) +0.597619048<x191>[B] (+0) +0.597619048<x192>[B] (+0) +0.597619048<x193>[B] (+0) -0.597619048<x194>[B] (+0) +0.597619048<x195>[B] (+0) +0.597619048<x196>[B] (+0) +0.597619048<x197>[B] (+0) +0.597619048<x198>[B] (+0) +0.597619048<x199>[B] (+0) +0.597619048<x200>[B] (+0) -0.597619048<x201>[B] (+1) -0.597619048<x202>[B] (+0) -0.597619048<x203>[B] (+1) -0.597619048<x204>[B] (+1) +0.597619048<x205>[B] (+0) -0.597619048<x206>[B] (+1) +0.597619048<x207>[B] (+1) -0.597619048<x208>[B] (+1) +0.597619048<x209>[B] (+1) +0.597619048<x210>[B] (+1) >= 24.652380952381;
;
violation: left hand side is violated by 1.10000000000004
  [linear] <c2671>: <x211>[C] (+0) +0.597619048<x1>[B] (+0) +0.597619048<x2>[B] (+1) +0.597619048<x3>[B] (+1) +0.597619048<x4>[B] (+0) +0.597619048<x5>[B] (+0) +0.597619048<x6>[B] (+0) +0.597619048<x7>[B] (+0) +0.597619048<x8>[B] (+1) +0.597619048<x9>[B] (+0) +0.597619048<x10>[B] (+0) +0.597619048<x11>[B] (+0) +0.597619048<x12>[B] (+1) +0.597619048<x13>[B] (+0) +0.597619048<x14>[B] (+1) -0.597619048<x15>[B] (+0) +0.597619048<x16>[B] (+1) +0.597619048<x17>[B] (+0) +0.597619048<x18>[B] (+0) +0.597619048<x19>[B] (+0) +0.597619048<x20>[B] (+1) +0.597619048<x21>[B] (+1) -0.597619048<x22>[B] (+1) -0.597619048<x23>[B] (+0) +0.597619048<x24>[B] (+0) -0.597619048<x25>[B] (+0) -0.597619048<x26>[B] (+0) -0.597619048<x27>[B] (+1) -0.597619048<x28>[B] (+0) -0.597619048<x29>[B] (+0) -0.597619048<x30>[B] (+0) +0.597619048<x31>[B] (+1) -0.597619048<x32>[B] (+0) -0.597619048<x33>[B] (+1) -0.597619048<x34>[B] (+0) +0.597619048<x35>[B] (+1) -0.597619048<x36>[B] (+0) -0.597619048<x37>[B] (+0) -0.597619048<x38>[B] (+0) +0.597619048<x39>[B] (+1) -0.597619048<x40>[B] (+1) -0.597619048<x41>[B] (+0) +0.597619048<x42>[B] (+0) -0.597619048<x43>[B] (+0) -0.597619048<x44>[B] (+0) -0.597619048<x45>[B] (+1) -0.597619048<x46>[B] (+0) -0.597619048<x47>[B] (+0) -0.597619048<x48>[B] (+0) +0.597619048<x49>[B] (+1) -0.597619048<x50>[B] (+0) -0.597619048<x51>[B] (+1) -0.597619048<x52>[B] (+0) +0.597619048<x53>[B] (+1) -0.597619048<x54>[B] (+0) -0.597619048<x55>[B] (+0) -0.597619048<x56>[B] (+0) +0.597619048<x57>[B] (+1) -0.597619048<x58>[B] (+0) +0.597619048<x59>[B] (+0) +0.597619048<x60>[B] (+0) +0.597619048<x61>[B] (+0) -0.597619048<x62>[B] (+1) -0.597619048<x63>[B] (+0) -0.597619048<x64>[B] (+0) +0.597619048<x65>[B] (+0) +0.597619048<x66>[B] (+1) +0.597619048<x67>[B] (+0) -0.597619048<x68>[B] (+1) -0.597619048<x69>[B] (+0) +0.597619048<x70>[B] (+1) -0.597619048<x71>[B] (+0) +0.597619048<x72>[B] (+0) -0.597619048<x73>[B] (+0) +0.597619048<x74>[B] (+1) +0.597619048<x75>[B] (+1) +0.597619048<x76>[B] (+1) +0.597619048<x77>[B] (+1) +0.597619048<x78>[B] (+1) +0.597619048<x79>[B] (+1) -0.597619048<x80>[B] (+1) +0.597619048<x81>[B] (+1) +0.597619048<x82>[B] (+1) +0.597619048<x83>[B] (+1) -0.597619048<x84>[B] (+1) -0.597619048<x85>[B] (+1) +0.597619048<x86>[B] (+1) +0.597619048<x87>[B] (+1) +0.597619048<x88>[B] (+1) -0.597619048<x89>[B] (+1) +0.597619048<x90>[B] (+1) -0.597619048<x91>[B] (+1) -0.597619048<x92>[B] (+1) -0.597619048<x93>[B] (+1) -0.597619048<x94>[B] (+1) -0.597619048<x95>[B] (+0) -0.597619048<x96>[B] (+1) +0.597619048<x97>[B] (+1) -0.597619048<x98>[B] (+0) -0.597619048<x99>[B] (+1) -0.597619048<x100>[B] (+0) +0.597619048<x101>[B] (+1) -0.597619048<x102>[B] (+1) -0.597619048<x103>[B] (+1) -0.597619048<x104>[B] (+1) +0.597619048<x105>[B] (+1) +0.597619048<x106>[B] (+1) -0.597619048<x107>[B] (+1) -0.597619048<x108>[B] (+0) -0.597619048<x109>[B] (+0) -0.597619048<x110>[B] (+0) +0.597619048<x111>[B] (+1) -0.597619048<x112>[B] (+0) -0.597619048<x113>[B] (+1) -0.597619048<x114>[B] (+0) +0.597619048<x115>[B] (+1) -0.597619048<x116>[B] (+0) +0.597619048<x117>[B] (+1) -0.597619048<x118>[B] (+1) +0.597619048<x119>[B] (+1) -0.597619048<x120>[B] (+1) -0.597619048<x121>[B] (+0) -0.597619048<x122>[B] (+0) -0.597619048<x123>[B] (+0) +0.597619048<x124>[B] (+1) -0.597619048<x125>[B] (+0) -0.597619048<x126>[B] (+1) -0.597619048<x127>[B] (+0) +0.597619048<x128>[B] (+1) -0.597619048<x129>[B] (+0) +0.597619048<x130>[B] (+1) -0.597619048<x131>[B] (+1) +0.597619048<x132>[B] (+1) -0.597619048<x133>[B] (+0) -0.597619048<x134>[B] (+0) +0.597619048<x135>[B] (+0) +0.597619048<x136>[B] (+0) +0.597619048<x137>[B] (+0) -0.597619048<x138>[B] (+1) -0.597619048<x139>[B] (+0) +0.597619048<x140>[B] (+1) +0.597619048<x141>[B] (+0) +0.597619048<x142>[B] (+0) -0.597619048<x143>[B] (+0) +0.597619048<x144>[B] (+0) -0.597619048<x145>[B] (+0) +0.597619048<x146>[B] (+1) +0.597619048<x147>[B] (+1) +0.597619048<x148>[B] (+0) -0.597619048<x149>[B] (+1) -0.597619048<x150>[B] (+0) +0.597619048<x151>[B] (+1) +0.597619048<x152>[B] (+1) +0.597619048<x153>[B] (+1) -0.597619048<x154>[B] (+1) +0.597619048<x155>[B] (+1) +0.597619048<x156>[B] (+1) +0.597619048<x157>[B] (+1) +0.597619048<x158>[B] (+1) -0.597619048<x159>[B] (+1) -0.597619048<x160>[B] (+1) +0.597619048<x161>[B] (+1) +0.597619048<x162>[B] (+1) +0.597619048<x163>[B] (+1) -0.597619048<x164>[B] (+1) +0.597619048<x165>[B] (+1) +0.597619048<x166>[B] (+1) -0.597619048<x167>[B] (+0) -0.597619048<x168>[B] (+1) -0.597619048<x169>[B] (+0) +0.597619048<x170>[B] (+1) -0.597619048<x171>[B] (+0) +0.597619048<x172>[B] (+1) -0.597619048<x173>[B] (+1) +0.597619048<x174>[B] (+1) -0.597619048<x175>[B] (+0) -0.597619048<x176>[B] (+1) -0.597619048<x177>[B] (+0) +0.597619048<x178>[B] (+1) -0.597619048<x179>[B] (+0) -0.597619048<x180>[B] (+0) -0.597619048<x181>[B] (+0) +0.597619048<x182>[B] (+1) -0.597619048<x183>[B] (+1) -0.597619048<x184>[B] (+0) +0.597619048<x185>[B] (+1) -0.597619048<x186>[B] (+1) +0.597619048<x187>[B] (+1) -0.597619048<x188>[B] (+1) +0.597619048<x189>[B] (+1) -0.597619048<x190>[B] (+0) +0.597619048<x191>[B] (+1) +0.597619048<x192>[B] (+0) +0.597619048<x193>[B] (+0) -0.597619048<x194>[B] (+0) +0.597619048<x195>[B] (+0) +0.597619048<x196>[B] (+1) +0.597619048<x197>[B] (+1) +0.597619048<x198>[B] (+1) +0.597619048<x199>[B] (+1) +0.597619048<x200>[B] (+1) -0.597619048<x201>[B] (+0) -0.597619048<x202>[B] (+0) -0.597619048<x203>[B] (+0) -0.597619048<x204>[B] (+0) +0.597619048<x205>[B] (+1) -0.597619048<x206>[B] (+1) +0.597619048<x207>[B] (+1) -0.597619048<x208>[B] (+1) +0.597619048<x209>[B] (+1) +0.597619048<x210>[B] (+1) >= 24.652380952381;
;
violation: left hand side is violated by 4.93095238095237
2/4 feasible solutions given by solution candidate storage, new primal bound -1.000120e+06

presolving:
   (0.0s) symmetry computation started: requiring (bin +, int +, cont +), (fixed: bin -, int -, cont -)
   (0.0s) no symmetry present (symcode time: 0.00)
presolving (0 rounds: 0 fast, 0 medium, 0 exhaustive):
 0 deleted vars, 0 deleted constraints, 0 added constraints, 0 tightened bounds, 0 added holes, 0 changed sides, 0 changed coefficients
 0 implications, 0 cliques, 0 implied integral variables (0 bin, 0 int, 0 cont)
presolved problem has 220 variables (210 bin, 0 int, 10 cont) and 2680 constraints
   2680 constraints of type <linear>
Presolving Time: 0.00
transformed 2/2 original solutions to the transformed problem space

 time | node  | left  |LP iter|LP it/n|mem/heur|mdpt |vars |cons |rows |cuts |sepa|confs|strbr|  dualbound   | primalbound  |  gap   | compl. 
p 0.0s|     1 |     0 |     2 |     - |   locks|   0 | 220 |2680 |2680 |   0 |  0 |   0 |   0 | 2.200000e+02 |-4.054690e+02 |    Inf | unknown
  0.0s|     1 |     0 |   242 |     - |    13M |   0 | 220 |2680 |2680 |   0 |  0 |   0 |   0 |-2.112860e+02 |-4.054690e+02 |  91.91%| unknown
r 0.0s|     1 |     0 |   242 |     - |shifting|   0 | 220 |2680 |2680 |   0 |  0 |   0 |   0 |-2.112860e+02 |-2.316077e+02 |   9.62%| unknown
i 0.0s|     1 |     0 |   281 |     - |  oneopt|   0 | 220 |2680 |2680 |   0 |  0 |   0 |   0 |-2.112860e+02 |-2.168714e+02 |   2.64%| unknown
  0.1s|     1 |     0 |   291 |     - |    14M |   0 | 220 |2680 |2681 |   1 |  1 |   0 |   0 |-2.113000e+02 |-2.168714e+02 |   2.64%| unknown
  0.1s|     1 |     0 |   291 |     - |    14M |   0 | 220 |2680 |2681 |   1 |  1 |   0 |   0 |-2.113000e+02 |-2.168714e+02 |   2.64%| unknown
d 0.1s|     1 |     0 |   291 |     - |farkasdi|   0 | 220 |2680 |2681 |   0 |  2 |   0 |   0 |-2.113000e+02 |-2.113000e+02 |   0.00%| unknown
  0.1s|     1 |     0 |   291 |     - |    14M |   0 | 220 |2680 |2681 |   1 |  2 |   0 |   0 |-2.113000e+02 |-2.113000e+02 |   0.00%| unknown

SCIP Status        : problem is solved [optimal solution found]
Solving Time (sec) : 0.10
Solving Nodes      : 1
Primal Bound       : -2.11300000000000e+02 (6 solutions)
Dual Bound         : -2.11300000000000e+02
Gap                : 0.00 %
  [linear] <c2681>: <x211>[C] (+43.7761905) +0.645238095<x1>[B] (+1) +0.645238095<x2>[B] (+0) +0.645238095<x3>[B] (+0) +0.645238095<x4>[B] (+1) +0.645238095<x5>[B] (+1) +0.645238095<x6>[B] (+0) +0.645238095<x7>[B] (+1) +0.645238095<x8>[B] (+0) +0.645238095<x9>[B] (+1) +0.645238095<x10>[B] (+1) +0.645238095<x11>[B] (+0) +0.645238095<x12>[B] (+1) +0.645238095<x13>[B] (+1) +0.645238095<x14>[B] (+1) -0.645238095<x15>[B] (+1) +0.645238095<x16>[B] (+0) +0.645238095<x17>[B] (+0) +0.645238095<x18>[B] (+0) +0.645238095<x19>[B] (+1) +0.645238095<x20>[B] (+0) +0.645238095<x21>[B] (+0) -0.645238095<x22>[B] (+0) -0.645238095<x23>[B] (+1) +0.645238095<x24>[B] (+1) -0.645238095<x25>[B] (+0) -0.645238095<x26>[B] (+1) -0.645238095<x27>[B] (+0) -0.645238095<x28>[B] (+0) -0.645238095<x29>[B] (+1) -0.645238095<x30>[B] (+0) +0.645238095<x31>[B] (+1) -0.645238095<x32>[B] (+1) -0.645238095<x33>[B] (+1) -0.645238095<x34>[B] (+1) +0.645238095<x35>[B] (+0) -0.645238095<x36>[B] (+0) -0.645238095<x37>[B] (+0) -0.645238095<x38>[B] (+1) +0.645238095<x39>[B] (+0) -0.645238095<x40>[B] (+0) -0.645238095<x41>[B] (+1) +0.645238095<x42>[B] (+1) -0.645238095<x43>[B] (+0) -0.645238095<x44>[B] (+1) -0.645238095<x45>[B] (+0) -0.645238095<x46>[B] (+1) -0.645238095<x47>[B] (+1) -0.645238095<x48>[B] (+0) +0.645238095<x49>[B] (+1) -0.645238095<x50>[B] (+1) -0.645238095<x51>[B] (+1) -0.645238095<x52>[B] (+1) +0.645238095<x53>[B] (+0) -0.645238095<x54>[B] (+0) -0.645238095<x55>[B] (+0) -0.645238095<x56>[B] (+1) +0.645238095<x57>[B] (+3.68594044e-14) -0.645238095<x58>[B] (+1) +0.645238095<x59>[B] (+1) +0.645238095<x60>[B] (+0) +0.645238095<x61>[B] (+1) -0.645238095<x62>[B] (+0) -0.645238095<x63>[B] (+1) -0.645238095<x64>[B] (+1) +0.645238095<x65>[B] (+0) +0.645238095<x66>[B] (+1) +0.645238095<x67>[B] (+1) -0.645238095<x68>[B] (+1) -0.645238095<x69>[B] (+1) +0.645238095<x70>[B] (+0) -0.645238095<x71>[B] (+1) +0.645238095<x72>[B] (+0) -0.645238095<x73>[B] (+1) +0.645238095<x74>[B] (+3.68594044e-14) +0.645238095<x75>[B] (+0) +0.645238095<x76>[B] (+0) +0.645238095<x77>[B] (+0) +0.645238095<x78>[B] (+0) +0.645238095<x79>[B] (+0) -0.645238095<x80>[B] (+0) +0.645238095<x81>[B] (+0) +0.645238095<x82>[B] (+0) +0.645238095<x83>[B] (+0) -0.645238095<x84>[B] (+0) -0.645238095<x85>[B] (+0) +0.645238095<x86>[B] (+0) +0.645238095<x87>[B] (+0) +0.645238095<x88>[B] (+0) -0.645238095<x89>[B] (+0) +0.645238095<x90>[B] (+0) -0.645238095<x91>[B] (+0) -0.645238095<x92>[B] (+0) -0.645238095<x93>[B] (+0) -0.645238095<x94>[B] (+0) -0.645238095<x95>[B] (+0) -0.645238095<x96>[B] (+0) +0.645238095<x97>[B] (+0) -0.645238095<x98>[B] (+3.68594044e-14) -0.645238095<x99>[B] (+1) -0.645238095<x100>[B] (+1) +0.645238095<x101>[B] (+0) -0.645238095<x102>[B] (+0) -0.645238095<x103>[B] (+0) -0.645238095<x104>[B] (+3.68594044e-14) +0.645238095<x105>[B] (+0) +0.645238095<x106>[B] (+1) -0.645238095<x107>[B] (+0) -0.645238095<x108>[B] (+1) -0.645238095<x109>[B] (+1) -0.645238095<x110>[B] (+1) +0.645238095<x111>[B] (+1) -0.645238095<x112>[B] (+1) -0.645238095<x113>[B] (+1) -0.645238095<x114>[B] (+1) +0.645238095<x115>[B] (+0) -0.645238095<x116>[B] (+1) +0.645238095<x117>[B] (+0) -0.645238095<x118>[B] (+1) +0.645238095<x119>[B] (+1) -0.645238095<x120>[B] (+0) -0.645238095<x121>[B] (+3.68594044e-14) -0.645238095<x122>[B] (+1) -0.645238095<x123>[B] (+3.68594044e-14) +0.645238095<x124>[B] (+1) -0.645238095<x125>[B] (+1) -0.645238095<x126>[B] (+1) -0.645238095<x127>[B] (+1) +0.645238095<x128>[B] (+0) -0.645238095<x129>[B] (+0) +0.645238095<x130>[B] (+0) -0.645238095<x131>[B] (+3.68594044e-14) +0.645238095<x132>[B] (+3.68594044e-14) -0.645238095<x133>[B] (+1) -0.645238095<x134>[B] (+1) +0.645238095<x135>[B] (+1) +0.645238095<x136>[B] (+1) +0.645238095<x137>[B] (+1) -0.645238095<x138>[B] (+1) -0.645238095<x139>[B] (+1) +0.645238095<x140>[B] (+0) +0.645238095<x141>[B] (+1) +0.645238095<x142>[B] (+0) -0.645238095<x143>[B] (+1) +0.645238095<x144>[B] (+1) -0.645238095<x145>[B] (+1) +0.645238095<x146>[B] (+0) +0.645238095<x147>[B] (+1) +0.645238095<x148>[B] (+1) -0.645238095<x149>[B] (+1) -0.645238095<x150>[B] (+1) +0.645238095<x151>[B] (+0) +0.645238095<x152>[B] (+0) +0.645238095<x153>[B] (+0) -0.645238095<x154>[B] (+1) +0.645238095<x155>[B] (+3.68594044e-14) +0.645238095<x156>[B] (+0) +0.645238095<x157>[B] (+0) +0.645238095<x158>[B] (+3.68594044e-14) -0.645238095<x159>[B] (+1) -0.645238095<x160>[B] (+1) +0.645238095<x161>[B] (+0) +0.645238095<x162>[B] (+0) +0.645238095<x163>[B] (+0) -0.645238095<x164>[B] (+3.68594044e-14) +0.645238095<x165>[B] (+0) +0.645238095<x166>[B] (+1) -0.645238095<x167>[B] (+1) -0.645238095<x168>[B] (+1) -0.645238095<x169>[B] (+1) +0.645238095<x170>[B] (+0) -0.645238095<x171>[B] (+1) +0.645238095<x172>[B] (+0) -0.645238095<x173>[B] (+1) +0.645238095<x174>[B] (+1) -0.645238095<x175>[B] (+1) -0.645238095<x176>[B] (+1) -0.645238095<x177>[B] (+1) +0.645238095<x178>[B] (+0) -0.645238095<x179>[B] (+0) -0.645238095<x180>[B] (+0) -0.645238095<x181>[B] (+3.68594044e-14) +0.645238095<x182>[B] (+0) -0.645238095<x183>[B] (+1) -0.645238095<x184>[B] (+1) +0.645238095<x185>[B] (+0) -0.645238095<x186>[B] (+0) +0.645238095<x187>[B] (+0) -0.645238095<x188>[B] (+0) +0.645238095<x189>[B] (+0) -0.645238095<x190>[B] (+1) +0.645238095<x191>[B] (+0) +0.645238095<x192>[B] (+0) +0.645238095<x193>[B] (+0) -0.645238095<x194>[B] (+0) +0.645238095<x195>[B] (+0) +0.645238095<x196>[B] (+0) +0.645238095<x197>[B] (+0) +0.645238095<x198>[B] (+0) +0.645238095<x199>[B] (+0) +0.645238095<x200>[B] (+0) -0.645238095<x201>[B] (+1) -0.645238095<x202>[B] (+0) -0.645238095<x203>[B] (+1) -0.645238095<x204>[B] (+1) +0.645238095<x205>[B] (+0) -0.645238095<x206>[B] (+1) +0.645238095<x207>[B] (+3.68594044e-14) -0.645238095<x208>[B] (+1) +0.645238095<x209>[B] (+1) +0.645238095<x210>[B] (+3.68594044e-14) >= 23.3904761904762;
;
violation: left hand side is violated by 0.261904761904702
  [linear] <c2681>: <x211>[C] (+42.5809524) +0.645238095<x1>[B] (+1) +0.645238095<x2>[B] (+0) +0.645238095<x3>[B] (+0) +0.645238095<x4>[B] (+1) +0.645238095<x5>[B] (+1) +0.645238095<x6>[B] (+0) +0.645238095<x7>[B] (+0) +0.645238095<x8>[B] (+0) +0.645238095<x9>[B] (+1) +0.645238095<x10>[B] (+1) +0.645238095<x11>[B] (+0) +0.645238095<x12>[B] (+1) +0.645238095<x13>[B] (+1) +0.645238095<x14>[B] (+1) -0.645238095<x15>[B] (+1) +0.645238095<x16>[B] (+0) +0.645238095<x17>[B] (+0) +0.645238095<x18>[B] (+0) +0.645238095<x19>[B] (+1) +0.645238095<x20>[B] (+0) +0.645238095<x21>[B] (+0) -0.645238095<x22>[B] (+0) -0.645238095<x23>[B] (+1) +0.645238095<x24>[B] (+1) -0.645238095<x25>[B] (+0) -0.645238095<x26>[B] (+0) -0.645238095<x27>[B] (+0) -0.645238095<x28>[B] (+0) -0.645238095<x29>[B] (+1) -0.645238095<x30>[B] (+0) +0.645238095<x31>[B] (+0) -0.645238095<x32>[B] (+1) -0.645238095<x33>[B] (+1) -0.645238095<x34>[B] (+1) +0.645238095<x35>[B] (+0) -0.645238095<x36>[B] (+0) -0.645238095<x37>[B] (+0) -0.645238095<x38>[B] (+1) +0.645238095<x39>[B] (+0) -0.645238095<x40>[B] (+0) -0.645238095<x41>[B] (+1) +0.645238095<x42>[B] (+1) -0.645238095<x43>[B] (+0) -0.645238095<x44>[B] (+0) -0.645238095<x45>[B] (+0) -0.645238095<x46>[B] (+1) -0.645238095<x47>[B] (+1) -0.645238095<x48>[B] (+0) +0.645238095<x49>[B] (+1) -0.645238095<x50>[B] (+1) -0.645238095<x51>[B] (+1) -0.645238095<x52>[B] (+1) +0.645238095<x53>[B] (+0) -0.645238095<x54>[B] (+0) -0.645238095<x55>[B] (+0) -0.645238095<x56>[B] (+1) +0.645238095<x57>[B] (+1) -0.645238095<x58>[B] (+1) +0.645238095<x59>[B] (+1) +0.645238095<x60>[B] (+0) +0.645238095<x61>[B] (+1) -0.645238095<x62>[B] (+0) -0.645238095<x63>[B] (+1) -0.645238095<x64>[B] (+1) +0.645238095<x65>[B] (+0) +0.645238095<x66>[B] (+1) +0.645238095<x67>[B] (+1) -0.645238095<x68>[B] (+1) -0.645238095<x69>[B] (+1) +0.645238095<x70>[B] (+0) -0.645238095<x71>[B] (+0) +0.645238095<x72>[B] (+0) -0.645238095<x73>[B] (+1) +0.645238095<x74>[B] (+1) +0.645238095<x75>[B] (+0) +0.645238095<x76>[B] (+0) +0.645238095<x77>[B] (+0) +0.645238095<x78>[B] (+0) +0.645238095<x79>[B] (+0) -0.645238095<x80>[B] (+0) +0.645238095<x81>[B] (+0) +0.645238095<x82>[B] (+0) +0.645238095<x83>[B] (+0) -0.645238095<x84>[B] (+0) -0.645238095<x85>[B] (+0) +0.645238095<x86>[B] (+0) +0.645238095<x87>[B] (+0) +0.645238095<x88>[B] (+0) -0.645238095<x89>[B] (+0) +0.645238095<x90>[B] (+0) -0.645238095<x91>[B] (+0) -0.645238095<x92>[B] (+0) -0.645238095<x93>[B] (+0) -0.645238095<x94>[B] (+0) -0.645238095<x95>[B] (+0) -0.645238095<x96>[B] (+0) +0.645238095<x97>[B] (+0) -0.645238095<x98>[B] (+1) -0.645238095<x99>[B] (+1) -0.645238095<x100>[B] (+1) +0.645238095<x101>[B] (+0) -0.645238095<x102>[B] (+0) -0.645238095<x103>[B] (+0) -0.645238095<x104>[B] (+0) +0.645238095<x105>[B] (+0) +0.645238095<x106>[B] (+1) -0.645238095<x107>[B] (+0) -0.645238095<x108>[B] (+1) -0.645238095<x109>[B] (+1) -0.645238095<x110>[B] (+1) +0.645238095<x111>[B] (+1) -0.645238095<x112>[B] (+1) -0.645238095<x113>[B] (+1) -0.645238095<x114>[B] (+1) +0.645238095<x115>[B] (+0) -0.645238095<x116>[B] (+1) +0.645238095<x117>[B] (+0) -0.645238095<x118>[B] (+1) +0.645238095<x119>[B] (+1) -0.645238095<x120>[B] (+0) -0.645238095<x121>[B] (+1) -0.645238095<x122>[B] (+1) -0.645238095<x123>[B] (+0) +0.645238095<x124>[B] (+1) -0.645238095<x125>[B] (+1) -0.645238095<x126>[B] (+1) -0.645238095<x127>[B] (+1) +0.645238095<x128>[B] (+0) -0.645238095<x129>[B] (+0) +0.645238095<x130>[B] (+0) -0.645238095<x131>[B] (+1) +0.645238095<x132>[B] (+1) -0.645238095<x133>[B] (+1) -0.645238095<x134>[B] (+1) +0.645238095<x135>[B] (+1) +0.645238095<x136>[B] (+1) +0.645238095<x137>[B] (+1) -0.645238095<x138>[B] (+1) -0.645238095<x139>[B] (+1) +0.645238095<x140>[B] (+0) +0.645238095<x141>[B] (+1) +0.645238095<x142>[B] (+0) -0.645238095<x143>[B] (+1) +0.645238095<x144>[B] (+1) -0.645238095<x145>[B] (+1) +0.645238095<x146>[B] (+0) +0.645238095<x147>[B] (+0) +0.645238095<x148>[B] (+1) -0.645238095<x149>[B] (+1) -0.645238095<x150>[B] (+1) +0.645238095<x151>[B] (+0) +0.645238095<x152>[B] (+0) +0.645238095<x153>[B] (+0) -0.645238095<x154>[B] (+1) +0.645238095<x155>[B] (+0) +0.645238095<x156>[B] (+0) +0.645238095<x157>[B] (+0) +0.645238095<x158>[B] (+1) -0.645238095<x159>[B] (+1) -0.645238095<x160>[B] (+1) +0.645238095<x161>[B] (+0) +0.645238095<x162>[B] (+0) +0.645238095<x163>[B] (+0) -0.645238095<x164>[B] (+0) +0.645238095<x165>[B] (+0) +0.645238095<x166>[B] (+1) -0.645238095<x167>[B] (+1) -0.645238095<x168>[B] (+1) -0.645238095<x169>[B] (+1) +0.645238095<x170>[B] (+0) -0.645238095<x171>[B] (+0) +0.645238095<x172>[B] (+0) -0.645238095<x173>[B] (+1) +0.645238095<x174>[B] (+1) -0.645238095<x175>[B] (+1) -0.645238095<x176>[B] (+1) -0.645238095<x177>[B] (+1) +0.645238095<x178>[B] (+0) -0.645238095<x179>[B] (+0) -0.645238095<x180>[B] (+0) -0.645238095<x181>[B] (+1) +0.645238095<x182>[B] (+0) -0.645238095<x183>[B] (+1) -0.645238095<x184>[B] (+1) +0.645238095<x185>[B] (+0) -0.645238095<x186>[B] (+0) +0.645238095<x187>[B] (+0) -0.645238095<x188>[B] (+0) +0.645238095<x189>[B] (+0) -0.645238095<x190>[B] (+1) +0.645238095<x191>[B] (+0) +0.645238095<x192>[B] (+0) +0.645238095<x193>[B] (+0) -0.645238095<x194>[B] (+0) +0.645238095<x195>[B] (+0) +0.645238095<x196>[B] (+0) +0.645238095<x197>[B] (+0) +0.645238095<x198>[B] (+0) +0.645238095<x199>[B] (+0) +0.645238095<x200>[B] (+0) -0.645238095<x201>[B] (+1) -0.645238095<x202>[B] (+0) -0.645238095<x203>[B] (+1) -0.645238095<x204>[B] (+1) +0.645238095<x205>[B] (+0) -0.645238095<x206>[B] (+1) +0.645238095<x207>[B] (+1) -0.645238095<x208>[B] (+1) +0.645238095<x209>[B] (+1) +0.645238095<x210>[B] (+0) >= 23.3904761904762;
;
violation: left hand side is violated by 0.166666666666615
  [linear] <c2683>: <x214>[C] (+41.3857143) -0.621428571<x1>[B] (+1) -0.621428571<x2>[B] (+0) +0.621428571<x3>[B] (+0) -0.621428571<x4>[B] (+1) +0.621428571<x5>[B] (+1) +0.621428571<x6>[B] (+0) -0.621428571<x7>[B] (+0) +0.621428571<x8>[B] (+0) -0.621428571<x9>[B] (+1) +0.621428571<x10>[B] (+1) +0.621428571<x11>[B] (+0) +0.621428571<x12>[B] (+0) +0.621428571<x13>[B] (+1) -0.621428571<x14>[B] (+1) +0.621428571<x15>[B] (+1) +0.621428571<x16>[B] (+0) +0.621428571<x17>[B] (+0) +0.621428571<x18>[B] (+0) -0.621428571<x19>[B] (+1) -0.621428571<x20>[B] (+0) +0.621428571<x21>[B] (+0) +0.621428571<x22>[B] (+0) +0.621428571<x23>[B] (+1) +0.621428571<x24>[B] (+1) +0.621428571<x25>[B] (+0) -0.621428571<x26>[B] (+0) +0.621428571<x27>[B] (+0) +0.621428571<x28>[B] (+0) +0.621428571<x29>[B] (+1) +0.621428571<x30>[B] (+0) +0.621428571<x31>[B] (+0) +0.621428571<x32>[B] (+1) -0.621428571<x33>[B] (+1) +0.621428571<x34>[B] (+1) +0.621428571<x35>[B] (+0) +0.621428571<x36>[B] (+0) +0.621428571<x37>[B] (+0) -0.621428571<x38>[B] (+1) -0.621428571<x39>[B] (+0) +0.621428571<x40>[B] (+0) +0.621428571<x41>[B] (+1) +0.621428571<x42>[B] (+1) +0.621428571<x43>[B] (+0) -0.621428571<x44>[B] (+0) +0.621428571<x45>[B] (+0) -0.621428571<x46>[B] (+1) +0.621428571<x47>[B] (+1) +0.621428571<x48>[B] (+0) +0.621428571<x49>[B] (+1) +0.621428571<x50>[B] (+1) -0.621428571<x51>[B] (+1) +0.621428571<x52>[B] (+1) +0.621428571<x53>[B] (+0) +0.621428571<x54>[B] (+0) +0.621428571<x55>[B] (+0) -0.621428571<x56>[B] (+1) -0.621428571<x57>[B] (+1) -0.621428571<x58>[B] (+1) -0.621428571<x59>[B] (+1) +0.621428571<x60>[B] (+0) -0.621428571<x61>[B] (+1) +0.621428571<x62>[B] (+0) -0.621428571<x63>[B] (+1) +0.621428571<x64>[B] (+1) +0.621428571<x65>[B] (+0) +0.621428571<x66>[B] (+1) +0.621428571<x67>[B] (+1) -0.621428571<x68>[B] (+1) +0.621428571<x69>[B] (+1) +0.621428571<x70>[B] (+0) +0.621428571<x71>[B] (+0) +0.621428571<x72>[B] (+0) -0.621428571<x73>[B] (+1) -0.621428571<x74>[B] (+1) +0.621428571<x75>[B] (+0) +0.621428571<x76>[B] (+0) -0.621428571<x77>[B] (+0) +0.621428571<x78>[B] (+0) -0.621428571<x79>[B] (+0) +0.621428571<x80>[B] (+0) +0.621428571<x81>[B] (+0) +0.621428571<x82>[B] (+0) +0.621428571<x83>[B] (+0) -0.621428571<x84>[B] (+0) +0.621428571<x85>[B] (+0) +0.621428571<x86>[B] (+0) +0.621428571<x87>[B] (+0) +0.621428571<x88>[B] (+0) -0.621428571<x89>[B] (+0) -0.621428571<x90>[B] (+0) +0.621428571<x91>[B] (+0) -0.621428571<x92>[B] (+0) +0.621428571<x93>[B] (+0) -0.621428571<x94>[B] (+0) +0.621428571<x95>[B] (+0) +0.621428571<x96>[B] (+0) +0.621428571<x97>[B] (+0) +0.621428571<x98>[B] (+1) -0.621428571<x99>[B] (+1) +0.621428571<x100>[B] (+1) +0.621428571<x101>[B] (+0) +0.621428571<x102>[B] (+0) +0.621428571<x103>[B] (+0) -0.621428571<x104>[B] (+0) -0.621428571<x105>[B] (+0) -0.621428571<x106>[B] (+1) +0.621428571<x107>[B] (+0) -0.621428571<x108>[B] (+1) -0.621428571<x109>[B] (+1) +0.621428571<x110>[B] (+1) -0.621428571<x111>[B] (+1) +0.621428571<x112>[B] (+1) -0.621428571<x113>[B] (+1) +0.621428571<x114>[B] (+1) +0.621428571<x115>[B] (+0) -0.621428571<x116>[B] (+1) +0.621428571<x117>[B] (+0) -0.621428571<x118>[B] (+1) -0.621428571<x119>[B] (+1) +0.621428571<x120>[B] (+0) +0.621428571<x121>[B] (+1) +0.621428571<x122>[B] (+1) +0.621428571<x123>[B] (+0) +0.621428571<x124>[B] (+1) +0.621428571<x125>[B] (+1) +0.621428571<x126>[B] (+1) +0.621428571<x127>[B] (+1) +0.621428571<x128>[B] (+0) +0.621428571<x129>[B] (+0) +0.621428571<x130>[B] (+0) +0.621428571<x131>[B] (+1) -0.621428571<x132>[B] (+1) -0.621428571<x133>[B] (+1) -0.621428571<x134>[B] (+1) +0.621428571<x135>[B] (+1) -0.621428571<x136>[B] (+1) +0.621428571<x137>[B] (+1) -0.621428571<x138>[B] (+1) +0.621428571<x139>[B] (+1) +0.621428571<x140>[B] (+0) -0.621428571<x141>[B] (+1) +0.621428571<x142>[B] (+0) -0.621428571<x143>[B] (+1) -0.621428571<x144>[B] (+1) +0.621428571<x145>[B] (+1) +0.621428571<x146>[B] (+0) +0.621428571<x147>[B] (+0) +0.621428571<x148>[B] (+1) -0.621428571<x149>[B] (+1) +0.621428571<x150>[B] (+1) +0.621428571<x151>[B] (+0) +0.621428571<x152>[B] (+0) +0.621428571<x153>[B] (+0) -0.621428571<x154>[B] (+1) -0.621428571<x155>[B] (+0) +0.621428571<x156>[B] (+0) +0.621428571<x157>[B] (+0) +0.621428571<x158>[B] (+1) -0.621428571<x159>[B] (+1) +0.621428571<x160>[B] (+1) +0.621428571<x161>[B] (+0) -0.621428571<x162>[B] (+0) +0.621428571<x163>[B] (+0) -0.621428571<x164>[B] (+0) -0.621428571<x165>[B] (+0) -0.621428571<x166>[B] (+1) +0.621428571<x167>[B] (+1) -0.621428571<x168>[B] (+1) -0.621428571<x169>[B] (+1) +0.621428571<x170>[B] (+0) -0.621428571<x171>[B] (+0) -0.621428571<x172>[B] (+0) -0.621428571<x173>[B] (+1) -0.621428571<x174>[B] (+1) +0.621428571<x175>[B] (+1) -0.621428571<x176>[B] (+1) +0.621428571<x177>[B] (+1) +0.621428571<x178>[B] (+0) -0.621428571<x179>[B] (+0) +0.621428571<x180>[B] (+0) -0.621428571<x181>[B] (+1) -0.621428571<x182>[B] (+0) -0.621428571<x183>[B] (+1) -0.621428571<x184>[B] (+1) -0.621428571<x185>[B] (+0) -0.621428571<x186>[B] (+0) -0.621428571<x187>[B] (+0) -0.621428571<x188>[B] (+0) -0.621428571<x189>[B] (+0) +0.621428571<x190>[B] (+1) +0.621428571<x191>[B] (+0) +0.621428571<x192>[B] (+0) +0.621428571<x193>[B] (+0) +0.621428571<x194>[B] (+0) -0.621428571<x195>[B] (+0) +0.621428571<x196>[B] (+0) -0.621428571<x197>[B] (+0) -0.621428571<x198>[B] (+0) -0.621428571<x199>[B] (+0) -0.621428571<x200>[B] (+0) -0.621428571<x201>[B] (+1) -0.621428571<x202>[B] (+0) -0.621428571<x203>[B] (+1) -0.621428571<x204>[B] (+1) +0.621428571<x205>[B] (+0) -0.621428571<x206>[B] (+1) -0.621428571<x207>[B] (+1) -0.621428571<x208>[B] (+1) -0.621428571<x209>[B] (+1) -0.621428571<x210>[B] (+0) >= 34.6452380952381;
;
violation: left hand side is violated by 0.095238095238102
3/6 feasible solutions given by solution candidate storage, new primal bound -4.054690e+02

presolving:
   (0.0s) symmetry computation started: requiring (bin +, int +, cont +), (fixed: bin -, int -, cont -)
   (0.0s) no symmetry present (symcode time: 0.00)
presolving (0 rounds: 0 fast, 0 medium, 0 exhaustive):
 0 deleted vars, 0 deleted constraints, 0 added constraints, 0 tightened bounds, 0 added holes, 0 changed sides, 0 changed coefficients
 0 implications, 0 cliques, 0 implied integral variables (0 bin, 0 int, 0 cont)
presolved problem has 220 variables (210 bin, 0 int, 10 cont) and 2689 constraints
   2689 constraints of type <linear>
Presolving Time: 0.00
transformed 3/3 original solutions to the transformed problem space

 time | node  | left  |LP iter|LP it/n|mem/heur|mdpt |vars |cons |rows |cuts |sepa|confs|strbr|  dualbound   | primalbound  |  gap   | compl. 
  0.0s|     1 |     0 |   190 |     - |    15M |   0 | 220 |2689 |2689 |   0 |  0 |   0 |   0 |-2.124143e+02 |-4.054690e+02 |  90.89%| unknown
r 0.0s|     1 |     0 |   190 |     - |shifting|   0 | 220 |2689 |2689 |   0 |  0 |   0 |   0 |-2.124143e+02 |-2.161071e+02 |   1.74%| unknown
  0.0s|     1 |     0 |   196 |     - |    15M |   0 | 220 |2689 |2690 |   1 |  1 |   0 |   0 |-2.124250e+02 |-2.161071e+02 |   1.73%| unknown
  0.0s|     1 |     0 |   196 |     - |    15M |   0 | 220 |2689 |2690 |   1 |  1 |   0 |   0 |-2.124250e+02 |-2.161071e+02 |   1.73%| unknown
  0.0s|     1 |     0 |   196 |     - |    15M |   0 | 220 |2689 |2633 |   1 |  1 |   0 |   0 |-2.124250e+02 |-2.161071e+02 |   1.73%| unknown
  0.0s|     1 |     0 |   197 |     - |    16M |   0 | 220 |2689 |2634 |   2 |  2 |   0 |   0 |-2.124286e+02 |-2.161071e+02 |   1.73%| unknown
d 0.0s|     1 |     0 |   197 |     - |farkasdi|   0 | 220 |2632 |2634 |   0 |  3 |   0 |   0 |-2.124286e+02 |-2.124286e+02 |   0.00%| unknown
  0.0s|     1 |     0 |   197 |     - |    16M |   0 | 220 |2632 |2634 |   2 |  3 |   0 |   0 |-2.124286e+02 |-2.124286e+02 |   0.00%| unknown

SCIP Status        : problem is solved [optimal solution found]
Solving Time (sec) : 0.04
Solving Nodes      : 1
Primal Bound       : -2.12428571428571e+02 (7 solutions)
Dual Bound         : -2.12428571428571e+02
Gap                : 0.00 %
  [linear] <c2690>: <x213>[C] (+37.7714286) -0.597619048<x1>[B] (+1) -0.597619048<x2>[B] (+0) -0.597619048<x3>[B] (+0) -0.597619048<x4>[B] (+1) -0.597619048<x5>[B] (+1) -0.597619048<x6>[B] (+0) -0.597619048<x7>[B] (+1) -0.597619048<x8>[B] (+0) -0.597619048<x9>[B] (+1) -0.597619048<x10>[B] (+1) -0.597619048<x11>[B] (+0) -0.597619048<x12>[B] (+1) -0.597619048<x13>[B] (+1) -0.597619048<x14>[B] (+1) -0.597619048<x15>[B] (+1) -0.597619048<x16>[B] (+0) -0.597619048<x17>[B] (+0) +0.597619048<x18>[B] (+0) +0.597619048<x19>[B] (+1) +0.597619048<x20>[B] (+0) +0.597619048<x21>[B] (+0) +0.597619048<x22>[B] (+0) +0.597619048<x23>[B] (+1) +0.597619048<x24>[B] (+1) +0.597619048<x25>[B] (+0) +0.597619048<x26>[B] (+1) +0.597619048<x27>[B] (+0) +0.597619048<x28>[B] (+0) +0.597619048<x29>[B] (+1) +0.597619048<x30>[B] (+0) +0.597619048<x31>[B] (+1) +0.597619048<x32>[B] (+1) +0.597619048<x33>[B] (+1) +0.597619048<x34>[B] (+1) +0.597619048<x35>[B] (+0) +0.597619048<x36>[B] (+0) +0.597619048<x37>[B] (+0) +0.597619048<x38>[B] (+1) +0.597619048<x39>[B] (+0) +0.597619048<x40>[B] (+0) +0.597619048<x41>[B] (+1) +0.597619048<x42>[B] (+1) +0.597619048<x43>[B] (+0) +0.597619048<x44>[B] (+1) +0.597619048<x45>[B] (+0) +0.597619048<x46>[B] (+1) +0.597619048<x47>[B] (+1) -0.597619048<x48>[B] (+0) +0.597619048<x49>[B] (+1) -0.597619048<x50>[B] (+1) +0.597619048<x51>[B] (+1) +0.597619048<x52>[B] (+1) +0.597619048<x53>[B] (+0) +0.597619048<x54>[B] (+0) +0.597619048<x55>[B] (+0) +0.597619048<x56>[B] (+1) +0.597619048<x57>[B] (+0) -0.597619048<x58>[B] (+1) -0.597619048<x59>[B] (+1) -0.597619048<x60>[B] (+0) -0.597619048<x61>[B] (+1) -0.597619048<x62>[B] (+0) -0.597619048<x63>[B] (+1) -0.597619048<x64>[B] (+1) -0.597619048<x65>[B] (+0) -0.597619048<x66>[B] (+1) -0.597619048<x67>[B] (+1) -0.597619048<x68>[B] (+1) +0.597619048<x69>[B] (+1) +0.597619048<x70>[B] (+0) +0.597619048<x71>[B] (+0) +0.597619048<x72>[B] (+0) +0.597619048<x73>[B] (+1) +0.597619048<x74>[B] (+0) -0.597619048<x75>[B] (+0) -0.597619048<x76>[B] (+0) +0.597619048<x77>[B] (+0) +0.597619048<x78>[B] (+0) +0.597619048<x79>[B] (+0) -0.597619048<x80>[B] (+0) -0.597619048<x81>[B] (+0) +0.597619048<x82>[B] (+0) -0.597619048<x83>[B] (+0) +0.597619048<x84>[B] (+0) +0.597619048<x85>[B] (+0) +0.597619048<x86>[B] (+0) +0.597619048<x87>[B] (+0) +0.597619048<x88>[B] (+0) +0.597619048<x89>[B] (+0) +0.597619048<x90>[B] (+0) +0.597619048<x91>[B] (+0) +0.597619048<x92>[B] (+0) +0.597619048<x93>[B] (+0) +0.597619048<x94>[B] (+0) +0.597619048<x95>[B] (+0) -0.597619048<x96>[B] (+0) +0.597619048<x97>[B] (+0) -0.597619048<x98>[B] (+1) +0.597619048<x99>[B] (+1) +0.597619048<x100>[B] (+1) +0.597619048<x101>[B] (+0) +0.597619048<x102>[B] (+0) +0.597619048<x103>[B] (+0) +0.597619048<x104>[B] (+0) +0.597619048<x105>[B] (+0) +0.597619048<x106>[B] (+1) +0.597619048<x107>[B] (+0) +0.597619048<x108>[B] (+1) -0.597619048<x109>[B] (+1) -0.597619048<x110>[B] (+1) +0.597619048<x111>[B] (+1) -0.597619048<x112>[B] (+1) +0.597619048<x113>[B] (+1) +0.597619048<x114>[B] (+1) +0.597619048<x115>[B] (+0) +0.597619048<x116>[B] (+1) +0.597619048<x117>[B] (+0) +0.597619048<x118>[B] (+1) +0.597619048<x119>[B] (+1) +0.597619048<x120>[B] (+0) +0.597619048<x121>[B] (+0) -0.597619048<x122>[B] (+1) -0.597619048<x123>[B] (+0) +0.597619048<x124>[B] (+1) -0.597619048<x125>[B] (+1) +0.597619048<x126>[B] (+1) +0.597619048<x127>[B] (+1) +0.597619048<x128>[B] (+0) +0.597619048<x129>[B] (+0) +0.597619048<x130>[B] (+0) +0.597619048<x131>[B] (+0) +0.597619048<x132>[B] (+0) -0.597619048<x133>[B] (+1) -0.597619048<x134>[B] (+1) -0.597619048<x135>[B] (+1) +0.597619048<x136>[B] (+1) -0.597619048<x137>[B] (+1) +0.597619048<x138>[B] (+1) +0.597619048<x139>[B] (+1) +0.597619048<x140>[B] (+0) +0.597619048<x141>[B] (+1) +0.597619048<x142>[B] (+0) +0.597619048<x143>[B] (+1) +0.597619048<x144>[B] (+1) -0.597619048<x145>[B] (+1) -0.597619048<x146>[B] (+0) +0.597619048<x147>[B] (+1) -0.597619048<x148>[B] (+1) +0.597619048<x149>[B] (+1) +0.597619048<x150>[B] (+1) +0.597619048<x151>[B] (+0) +0.597619048<x152>[B] (+0) +0.597619048<x153>[B] (+0) +0.597619048<x154>[B] (+1) +0.597619048<x155>[B] (+0) -0.597619048<x156>[B] (+0) +0.597619048<x157>[B] (+0) -0.597619048<x158>[B] (+1) +0.597619048<x159>[B] (+1) +0.597619048<x160>[B] (+1) +0.597619048<x161>[B] (+0) +0.597619048<x162>[B] (+0) +0.597619048<x163>[B] (+0) +0.597619048<x164>[B] (+0) +0.597619048<x165>[B] (+0) +0.597619048<x166>[B] (+1) +0.597619048<x167>[B] (+1) +0.597619048<x168>[B] (+1) +0.597619048<x169>[B] (+1) +0.597619048<x170>[B] (+0) +0.597619048<x171>[B] (+1) +0.597619048<x172>[B] (+0) +0.597619048<x173>[B] (+1) +0.597619048<x174>[B] (+1) -0.597619048<x175>[B] (+1) +0.597619048<x176>[B] (+1) +0.597619048<x177>[B] (+1) +0.597619048<x178>[B] (+0) +0.597619048<x179>[B] (+0) +0.597619048<x180>[B] (+0) +0.597619048<x181>[B] (+0) +0.597619048<x182>[B] (+0) +0.597619048<x183>[B] (+1) +0.597619048<x184>[B] (+1) +0.597619048<x185>[B] (+0) +0.597619048<x186>[B] (+0) +0.597619048<x187>[B] (+0) +0.597619048<x188>[B] (+0) +0.597619048<x189>[B] (+0) +0.597619048<x190>[B] (+1) +0.597619048<x191>[B] (+0) +0.597619048<x192>[B] (+0) +0.597619048<x193>[B] (+0) +0.597619048<x194>[B] (+0) +0.597619048<x195>[B] (+0) +0.597619048<x196>[B] (+0) -0.597619048<x197>[B] (+0) +0.597619048<x198>[B] (+0) +0.597619048<x199>[B] (+0) +0.597619048<x200>[B] (+0) -0.597619048<x201>[B] (+1) +0.597619048<x202>[B] (+0) +0.597619048<x203>[B] (+1) +0.597619048<x204>[B] (+1) +0.597619048<x205>[B] (+0) +0.597619048<x206>[B] (+1) +0.597619048<x207>[B] (+0) +0.597619048<x208>[B] (+1) -0.597619048<x209>[B] (+1) -0.597619048<x210>[B] (+0) >= 53.9357142857143;
;
violation: left hand side is violated by 0.0285714285714889
6/7 feasible solutions given by solution candidate storage, new primal bound -2.161071e+02

presolving:
   (0.0s) symmetry computation started: requiring (bin +, int +, cont +), (fixed: bin -, int -, cont -)
   (0.0s) no symmetry present (symcode time: 0.00)
presolving (0 rounds: 0 fast, 0 medium, 0 exhaustive):
 0 deleted vars, 0 deleted constraints, 0 added constraints, 0 tightened bounds, 0 added holes, 0 changed sides, 0 changed coefficients
 0 implications, 0 cliques, 0 implied integral variables (0 bin, 0 int, 0 cont)
presolved problem has 220 variables (210 bin, 0 int, 10 cont) and 2694 constraints
   2694 constraints of type <linear>
Presolving Time: 0.01
transformed 6/6 original solutions to the transformed problem space

 time | node  | left  |LP iter|LP it/n|mem/heur|mdpt |vars |cons |rows |cuts |sepa|confs|strbr|  dualbound   | primalbound  |  gap   | compl. 
  0.0s|     1 |     0 |   216 |     - |    16M |   0 | 220 |2694 |2694 |   0 |  0 |   0 |   0 |-2.124374e+02 |-2.161071e+02 |   1.73%| unknown
  0.0s|     1 |     0 |   216 |     - |    16M |   0 | 220 |2694 |2637 |   0 |  0 |   0 |   0 |-2.124374e+02 |-2.161071e+02 |   1.73%| unknown
  0.0s|     1 |     0 |   219 |     - |    16M |   0 | 220 |2694 |2638 |   1 |  1 |   0 |   0 |-2.124429e+02 |-2.161071e+02 |   1.72%| unknown
d 0.0s|     1 |     0 |   219 |     - |farkasdi|   0 | 220 |2637 |2638 |   0 |  2 |   0 |   0 |-2.124429e+02 |-2.124429e+02 |   0.00%| unknown
  0.0s|     1 |     0 |   219 |     - |    16M |   0 | 220 |2637 |2638 |   1 |  2 |   0 |   0 |-2.124429e+02 |-2.124429e+02 |   0.00%| unknown

SCIP Status        : problem is solved [optimal solution found]
Solving Time (sec) : 0.04
Solving Nodes      : 1
Primal Bound       : -2.12442857142857e+02 (9 solutions)
Dual Bound         : -2.12442857142857e+02
Gap                : 0.00 %
  [linear] <c2695>: <x212>[C] (+33.147619) -0.55952381<x1>[B] (+1) -0.55952381<x2>[B] (+0) -0.55952381<x3>[B] (+0) -0.55952381<x4>[B] (+1) -0.55952381<x5>[B] (+1) +0.55952381<x6>[B] (+0) -0.55952381<x7>[B] (+1) -0.55952381<x8>[B] (+0) -0.55952381<x9>[B] (+1) -0.55952381<x10>[B] (+1) -0.55952381<x11>[B] (+0) -0.55952381<x12>[B] (+1) -0.55952381<x13>[B] (+1) -0.55952381<x14>[B] (+1) -0.55952381<x15>[B] (+1) -0.55952381<x16>[B] (+0) +0.55952381<x17>[B] (+0) -0.55952381<x18>[B] (+0) +0.55952381<x19>[B] (+1) -0.55952381<x20>[B] (+0) -0.55952381<x21>[B] (+0) -0.55952381<x22>[B] (+0) -0.55952381<x23>[B] (+1) -0.55952381<x24>[B] (+1) +0.55952381<x25>[B] (+0) -0.55952381<x26>[B] (+1) -0.55952381<x27>[B] (+0) -0.55952381<x28>[B] (+0) -0.55952381<x29>[B] (+1) -0.55952381<x30>[B] (+0) -0.55952381<x31>[B] (+1) +0.55952381<x32>[B] (+1) -0.55952381<x33>[B] (+1) -0.55952381<x34>[B] (+1) -0.55952381<x35>[B] (+0) +0.55952381<x36>[B] (+0) -0.55952381<x37>[B] (+0) +0.55952381<x38>[B] (+1) -0.55952381<x39>[B] (+0) +0.55952381<x40>[B] (+0) -0.55952381<x41>[B] (+1) -0.55952381<x42>[B] (+1) +0.55952381<x43>[B] (+0) +0.55952381<x44>[B] (+1) +0.55952381<x45>[B] (+0) +0.55952381<x46>[B] (+1) -0.55952381<x47>[B] (+1) +0.55952381<x48>[B] (+0) +0.55952381<x49>[B] (+1) +0.55952381<x50>[B] (+1) +0.55952381<x51>[B] (+1) -0.55952381<x52>[B] (+1) +0.55952381<x53>[B] (+0) +0.55952381<x54>[B] (+0) +0.55952381<x55>[B] (+0) +0.55952381<x56>[B] (+1) -0.55952381<x57>[B] (+0) -0.55952381<x58>[B] (+1) -0.55952381<x59>[B] (+1) +0.55952381<x60>[B] (+0) +0.55952381<x61>[B] (+1) +0.55952381<x62>[B] (+0) +0.55952381<x63>[B] (+1) -0.55952381<x64>[B] (+1) +0.55952381<x65>[B] (+0) +0.55952381<x66>[B] (+1) +0.55952381<x67>[B] (+1) +0.55952381<x68>[B] (+1) -0.55952381<x69>[B] (+1) -0.55952381<x70>[B] (+0) +0.55952381<x71>[B] (+0) +0.55952381<x72>[B] (+0) +0.55952381<x73>[B] (+1) -0.55952381<x74>[B] (+0) +0.55952381<x75>[B] (+0) +0.55952381<x76>[B] (+0) +0.55952381<x77>[B] (+0) +0.55952381<x78>[B] (+0) +0.55952381<x79>[B] (+0) -0.55952381<x80>[B] (+0) +0.55952381<x81>[B] (+0) +0.55952381<x82>[B] (+0) +0.55952381<x83>[B] (+0) +0.55952381<x84>[B] (+0) +0.55952381<x85>[B] (+0) +0.55952381<x86>[B] (+0) +0.55952381<x87>[B] (+0) +0.55952381<x88>[B] (+0) +0.55952381<x89>[B] (+0) -0.55952381<x90>[B] (+0) +0.55952381<x91>[B] (+0) +0.55952381<x92>[B] (+0) +0.55952381<x93>[B] (+0) +0.55952381<x94>[B] (+0) -0.55952381<x95>[B] (+0) +0.55952381<x96>[B] (+0) +0.55952381<x97>[B] (+0) +0.55952381<x98>[B] (-4.11654044e-12) +0.55952381<x99>[B] (+1) +0.55952381<x100>[B] (+1) +0.55952381<x101>[B] (+0) +0.55952381<x102>[B] (+0) +0.55952381<x103>[B] (+0) +0.55952381<x104>[B] (+0) -0.55952381<x105>[B] (+0) -0.55952381<x106>[B] (+1) -0.55952381<x107>[B] (+0) -0.55952381<x108>[B] (+1) -0.55952381<x109>[B] (+1) -0.55952381<x110>[B] (+1) -0.55952381<x111>[B] (+1) -0.55952381<x112>[B] (+1) -0.55952381<x113>[B] (+1) -0.55952381<x114>[B] (+1) -0.55952381<x115>[B] (+0) +0.55952381<x116>[B] (+1) -0.55952381<x117>[B] (+0) -0.55952381<x118>[B] (+1) -0.55952381<x119>[B] (+1) -0.55952381<x120>[B] (+0) +0.55952381<x121>[B] (+0) -0.55952381<x122>[B] (+1) -0.55952381<x123>[B] (+0) -0.55952381<x124>[B] (+1) +0.55952381<x125>[B] (+1) +0.55952381<x126>[B] (+1) -0.55952381<x127>[B] (+1) -0.55952381<x128>[B] (+0) +0.55952381<x129>[B] (+0) -0.55952381<x130>[B] (+0) +0.55952381<x131>[B] (+0) -0.55952381<x132>[B] (+0) +0.55952381<x133>[B] (+1) -0.55952381<x134>[B] (+1) -0.55952381<x135>[B] (+1) +0.55952381<x136>[B] (+1) +0.55952381<x137>[B] (+1) +0.55952381<x138>[B] (+1) -0.55952381<x139>[B] (+1) -0.55952381<x140>[B] (+0) +0.55952381<x141>[B] (+1) -0.55952381<x142>[B] (+0) +0.55952381<x143>[B] (+1) -0.55952381<x144>[B] (+1) -0.55952381<x145>[B] (+1) -0.55952381<x146>[B] (+0) -0.55952381<x147>[B] (+1) +0.55952381<x148>[B] (+1) +0.55952381<x149>[B] (+1) -0.55952381<x150>[B] (+1) -0.55952381<x151>[B] (+0) +0.55952381<x152>[B] (+0) -0.55952381<x153>[B] (+0) +0.55952381<x154>[B] (+1) -0.55952381<x155>[B] (+0) +0.55952381<x156>[B] (+0) +0.55952381<x157>[B] (+0) +0.55952381<x158>[B] (-4.11654044e-12) +0.55952381<x159>[B] (+1) +0.55952381<x160>[B] (+1) +0.55952381<x161>[B] (+0) +0.55952381<x162>[B] (+0) +0.55952381<x163>[B] (+0) +0.55952381<x164>[B] (+0) +0.55952381<x165>[B] (+0) +0.55952381<x166>[B] (+1) +0.55952381<x167>[B] (+1) +0.55952381<x168>[B] (+1) -0.55952381<x169>[B] (+1) -0.55952381<x170>[B] (+0) +0.55952381<x171>[B] (+1) -0.55952381<x172>[B] (+0) +0.55952381<x173>[B] (+1) -0.55952381<x174>[B] (+1) +0.55952381<x175>[B] (+1) +0.55952381<x176>[B] (+1) -0.55952381<x177>[B] (+1) -0.55952381<x178>[B] (+0) +0.55952381<x179>[B] (+0) -0.55952381<x180>[B] (+0) +0.55952381<x181>[B] (+9.83990667e-13) -0.55952381<x182>[B] (+0) -0.55952381<x183>[B] (+1) -0.55952381<x184>[B] (+1) -0.55952381<x185>[B] (+0) +0.55952381<x186>[B] (+0) -0.55952381<x187>[B] (+0) +0.55952381<x188>[B] (+0) -0.55952381<x189>[B] (+0) -0.55952381<x190>[B] (+1) -0.55952381<x191>[B] (+0) +0.55952381<x192>[B] (+0) -0.55952381<x193>[B] (+0) +0.55952381<x194>[B] (+0) -0.55952381<x195>[B] (+0) +0.55952381<x196>[B] (+0) +0.55952381<x197>[B] (+0) +0.55952381<x198>[B] (+0) +0.55952381<x199>[B] (+0) -0.55952381<x200>[B] (+0) +0.55952381<x201>[B] (+1) +0.55952381<x202>[B] (+0) +0.55952381<x203>[B] (+1) -0.55952381<x204>[B] (+1) -0.55952381<x205>[B] (+0) -0.55952381<x206>[B] (+1) -0.55952381<x207>[B] (+0) +0.55952381<x208>[B] (+1) -0.55952381<x209>[B] (+1) -0.55952381<x210>[B] (+0) >= 25.8785714285714;
;
violation: left hand side is violated by 0.00476190476195981
  [linear] <c2695>: <x212>[C] (+33.147619) -0.55952381<x1>[B] (+1) -0.55952381<x2>[B] (+0) -0.55952381<x3>[B] (+0) -0.55952381<x4>[B] (+1) -0.55952381<x5>[B] (+1) +0.55952381<x6>[B] (+0) -0.55952381<x7>[B] (+1) -0.55952381<x8>[B] (+0) -0.55952381<x9>[B] (+1) -0.55952381<x10>[B] (+1) -0.55952381<x11>[B] (+0) -0.55952381<x12>[B] (+1) -0.55952381<x13>[B] (+1) -0.55952381<x14>[B] (+1) -0.55952381<x15>[B] (+1) -0.55952381<x16>[B] (+0) +0.55952381<x17>[B] (+0) -0.55952381<x18>[B] (+0) +0.55952381<x19>[B] (+1) -0.55952381<x20>[B] (+0) -0.55952381<x21>[B] (+0) -0.55952381<x22>[B] (+0) -0.55952381<x23>[B] (+1) -0.55952381<x24>[B] (+1) +0.55952381<x25>[B] (+0) -0.55952381<x26>[B] (+1) -0.55952381<x27>[B] (+0) -0.55952381<x28>[B] (+0) -0.55952381<x29>[B] (+1) -0.55952381<x30>[B] (+0) -0.55952381<x31>[B] (+1) +0.55952381<x32>[B] (+1) -0.55952381<x33>[B] (+1) -0.55952381<x34>[B] (+1) -0.55952381<x35>[B] (+0) +0.55952381<x36>[B] (+0) -0.55952381<x37>[B] (+0) +0.55952381<x38>[B] (+1) -0.55952381<x39>[B] (+0) +0.55952381<x40>[B] (+0) -0.55952381<x41>[B] (+1) -0.55952381<x42>[B] (+1) +0.55952381<x43>[B] (+0) +0.55952381<x44>[B] (+1) +0.55952381<x45>[B] (+0) +0.55952381<x46>[B] (+1) -0.55952381<x47>[B] (+1) +0.55952381<x48>[B] (+0) +0.55952381<x49>[B] (+1) +0.55952381<x50>[B] (+1) +0.55952381<x51>[B] (+1) -0.55952381<x52>[B] (+1) +0.55952381<x53>[B] (+0) +0.55952381<x54>[B] (+0) +0.55952381<x55>[B] (+0) +0.55952381<x56>[B] (+1) -0.55952381<x57>[B] (+0) -0.55952381<x58>[B] (+1) -0.55952381<x59>[B] (+1) +0.55952381<x60>[B] (+0) +0.55952381<x61>[B] (+1) +0.55952381<x62>[B] (+0) +0.55952381<x63>[B] (+1) -0.55952381<x64>[B] (+1) +0.55952381<x65>[B] (+0) +0.55952381<x66>[B] (+1) +0.55952381<x67>[B] (+1) +0.55952381<x68>[B] (+1) -0.55952381<x69>[B] (+1) -0.55952381<x70>[B] (+0) +0.55952381<x71>[B] (+0) +0.55952381<x72>[B] (+0) +0.55952381<x73>[B] (+1) -0.55952381<x74>[B] (+0) +0.55952381<x75>[B] (+0) +0.55952381<x76>[B] (+0) +0.55952381<x77>[B] (+0) +0.55952381<x78>[B] (+0) +0.55952381<x79>[B] (+0) -0.55952381<x80>[B] (+0) +0.55952381<x81>[B] (+0) +0.55952381<x82>[B] (+0) +0.55952381<x83>[B] (+0) +0.55952381<x84>[B] (+0) +0.55952381<x85>[B] (+0) +0.55952381<x86>[B] (+0) +0.55952381<x87>[B] (+0) +0.55952381<x88>[B] (+0) +0.55952381<x89>[B] (+0) -0.55952381<x90>[B] (+0) +0.55952381<x91>[B] (+0) +0.55952381<x92>[B] (+0) +0.55952381<x93>[B] (+0) +0.55952381<x94>[B] (+0) -0.55952381<x95>[B] (+0) +0.55952381<x96>[B] (+0) +0.55952381<x97>[B] (+0) +0.55952381<x98>[B] (+0) +0.55952381<x99>[B] (+1) +0.55952381<x100>[B] (+1) +0.55952381<x101>[B] (+0) +0.55952381<x102>[B] (+0) +0.55952381<x103>[B] (+0) +0.55952381<x104>[B] (+0) -0.55952381<x105>[B] (+0) -0.55952381<x106>[B] (+1) -0.55952381<x107>[B] (+0) -0.55952381<x108>[B] (+1) -0.55952381<x109>[B] (+1) -0.55952381<x110>[B] (+1) -0.55952381<x111>[B] (+1) -0.55952381<x112>[B] (+1) -0.55952381<x113>[B] (+1) -0.55952381<x114>[B] (+1) -0.55952381<x115>[B] (+0) +0.55952381<x116>[B] (+1) -0.55952381<x117>[B] (+0) -0.55952381<x118>[B] (+1) -0.55952381<x119>[B] (+1) -0.55952381<x120>[B] (+0) +0.55952381<x121>[B] (+0) -0.55952381<x122>[B] (+1) -0.55952381<x123>[B] (+0) -0.55952381<x124>[B] (+1) +0.55952381<x125>[B] (+1) +0.55952381<x126>[B] (+1) -0.55952381<x127>[B] (+1) -0.55952381<x128>[B] (+0) +0.55952381<x129>[B] (+0) -0.55952381<x130>[B] (+0) +0.55952381<x131>[B] (+0) -0.55952381<x132>[B] (+0) +0.55952381<x133>[B] (+1) -0.55952381<x134>[B] (+1) -0.55952381<x135>[B] (+1) +0.55952381<x136>[B] (+1) +0.55952381<x137>[B] (+1) +0.55952381<x138>[B] (+1) -0.55952381<x139>[B] (+1) -0.55952381<x140>[B] (+0) +0.55952381<x141>[B] (+1) -0.55952381<x142>[B] (+0) +0.55952381<x143>[B] (+1) -0.55952381<x144>[B] (+1) -0.55952381<x145>[B] (+1) -0.55952381<x146>[B] (+0) -0.55952381<x147>[B] (+1) +0.55952381<x148>[B] (+1) +0.55952381<x149>[B] (+1) -0.55952381<x150>[B] (+1) -0.55952381<x151>[B] (+0) +0.55952381<x152>[B] (+0) -0.55952381<x153>[B] (+0) +0.55952381<x154>[B] (+1) -0.55952381<x155>[B] (+0) +0.55952381<x156>[B] (+0) +0.55952381<x157>[B] (+0) +0.55952381<x158>[B] (+0) +0.55952381<x159>[B] (+1) +0.55952381<x160>[B] (+1) +0.55952381<x161>[B] (+0) +0.55952381<x162>[B] (+0) +0.55952381<x163>[B] (+0) +0.55952381<x164>[B] (+0) +0.55952381<x165>[B] (+0) +0.55952381<x166>[B] (+1) +0.55952381<x167>[B] (+1) +0.55952381<x168>[B] (+1) -0.55952381<x169>[B] (+1) -0.55952381<x170>[B] (+0) +0.55952381<x171>[B] (+1) -0.55952381<x172>[B] (+0) +0.55952381<x173>[B] (+1) -0.55952381<x174>[B] (+1) +0.55952381<x175>[B] (+1) +0.55952381<x176>[B] (+1) -0.55952381<x177>[B] (+1) -0.55952381<x178>[B] (+0) +0.55952381<x179>[B] (+0) -0.55952381<x180>[B] (+0) +0.55952381<x181>[B] (+0) -0.55952381<x182>[B] (+0) -0.55952381<x183>[B] (+1) -0.55952381<x184>[B] (+1) -0.55952381<x185>[B] (+0) +0.55952381<x186>[B] (+0) -0.55952381<x187>[B] (+0) +0.55952381<x188>[B] (+0) -0.55952381<x189>[B] (+0) -0.55952381<x190>[B] (+1) -0.55952381<x191>[B] (+0) +0.55952381<x192>[B] (+0) -0.55952381<x193>[B] (+0) +0.55952381<x194>[B] (+0) -0.55952381<x195>[B] (+0) +0.55952381<x196>[B] (+0) +0.55952381<x197>[B] (+0) +0.55952381<x198>[B] (+0) +0.55952381<x199>[B] (+0) -0.55952381<x200>[B] (+0) +0.55952381<x201>[B] (+1) +0.55952381<x202>[B] (+0) +0.55952381<x203>[B] (+1) -0.55952381<x204>[B] (+1) -0.55952381<x205>[B] (+0) -0.55952381<x206>[B] (+1) -0.55952381<x207>[B] (+0) +0.55952381<x208>[B] (+1) -0.55952381<x209>[B] (+1) -0.55952381<x210>[B] (+0) >= 25.8785714285714;
;
violation: left hand side is violated by 0.00476190476191363
  [linear] <c2695>: <x212>[C] (+33.147619) -0.55952381<x1>[B] (+1) -0.55952381<x2>[B] (+0) -0.55952381<x3>[B] (+0) -0.55952381<x4>[B] (+1) -0.55952381<x5>[B] (+1) +0.55952381<x6>[B] (+0) -0.55952381<x7>[B] (+1) -0.55952381<x8>[B] (+0) -0.55952381<x9>[B] (+1) -0.55952381<x10>[B] (+1) -0.55952381<x11>[B] (+0) -0.55952381<x12>[B] (+1) -0.55952381<x13>[B] (+1) -0.55952381<x14>[B] (+1) -0.55952381<x15>[B] (+1) -0.55952381<x16>[B] (+0) +0.55952381<x17>[B] (+0) -0.55952381<x18>[B] (+0) +0.55952381<x19>[B] (+1) -0.55952381<x20>[B] (+0) -0.55952381<x21>[B] (+0) -0.55952381<x22>[B] (+0) -0.55952381<x23>[B] (+1) -0.55952381<x24>[B] (+1) +0.55952381<x25>[B] (+0) -0.55952381<x26>[B] (+1) -0.55952381<x27>[B] (+0) -0.55952381<x28>[B] (+0) -0.55952381<x29>[B] (+1) -0.55952381<x30>[B] (+0) -0.55952381<x31>[B] (+1) +0.55952381<x32>[B] (+1) -0.55952381<x33>[B] (+1) -0.55952381<x34>[B] (+1) -0.55952381<x35>[B] (+0) +0.55952381<x36>[B] (+0) -0.55952381<x37>[B] (+0) +0.55952381<x38>[B] (+1) -0.55952381<x39>[B] (+0) +0.55952381<x40>[B] (+0) -0.55952381<x41>[B] (+1) -0.55952381<x42>[B] (+1) +0.55952381<x43>[B] (+0) +0.55952381<x44>[B] (+1) +0.55952381<x45>[B] (+0) +0.55952381<x46>[B] (+1) -0.55952381<x47>[B] (+1) +0.55952381<x48>[B] (+0) +0.55952381<x49>[B] (+1) +0.55952381<x50>[B] (+1) +0.55952381<x51>[B] (+1) -0.55952381<x52>[B] (+1) +0.55952381<x53>[B] (+0) +0.55952381<x54>[B] (+0) +0.55952381<x55>[B] (+0) +0.55952381<x56>[B] (+1) -0.55952381<x57>[B] (+0) -0.55952381<x58>[B] (+1) -0.55952381<x59>[B] (+1) +0.55952381<x60>[B] (+0) +0.55952381<x61>[B] (+1) +0.55952381<x62>[B] (+0) +0.55952381<x63>[B] (+1) -0.55952381<x64>[B] (+1) +0.55952381<x65>[B] (+0) +0.55952381<x66>[B] (+1) +0.55952381<x67>[B] (+1) +0.55952381<x68>[B] (+1) -0.55952381<x69>[B] (+1) -0.55952381<x70>[B] (+0) +0.55952381<x71>[B] (+0) +0.55952381<x72>[B] (+0) +0.55952381<x73>[B] (+1) -0.55952381<x74>[B] (+0) +0.55952381<x75>[B] (+0) +0.55952381<x76>[B] (+0) +0.55952381<x77>[B] (+0) +0.55952381<x78>[B] (+0) +0.55952381<x79>[B] (+0) -0.55952381<x80>[B] (+0) +0.55952381<x81>[B] (+0) +0.55952381<x82>[B] (+0) +0.55952381<x83>[B] (+0) +0.55952381<x84>[B] (+0) +0.55952381<x85>[B] (+0) +0.55952381<x86>[B] (+0) +0.55952381<x87>[B] (+0) +0.55952381<x88>[B] (+0) +0.55952381<x89>[B] (+0) -0.55952381<x90>[B] (+0) +0.55952381<x91>[B] (+0) +0.55952381<x92>[B] (+0) +0.55952381<x93>[B] (+0) +0.55952381<x94>[B] (+0) -0.55952381<x95>[B] (+0) +0.55952381<x96>[B] (+0) +0.55952381<x97>[B] (+0) +0.55952381<x98>[B] (+0) +0.55952381<x99>[B] (+1) +0.55952381<x100>[B] (+1) +0.55952381<x101>[B] (+0) +0.55952381<x102>[B] (+0) +0.55952381<x103>[B] (+0) +0.55952381<x104>[B] (+0) -0.55952381<x105>[B] (+0) -0.55952381<x106>[B] (+1) -0.55952381<x107>[B] (+0) -0.55952381<x108>[B] (+1) -0.55952381<x109>[B] (+1) -0.55952381<x110>[B] (+1) -0.55952381<x111>[B] (+1) -0.55952381<x112>[B] (+1) -0.55952381<x113>[B] (+1) -0.55952381<x114>[B] (+1) -0.55952381<x115>[B] (+0) +0.55952381<x116>[B] (+1) -0.55952381<x117>[B] (+0) -0.55952381<x118>[B] (+1) -0.55952381<x119>[B] (+1) -0.55952381<x120>[B] (+0) +0.55952381<x121>[B] (+0) -0.55952381<x122>[B] (+1) -0.55952381<x123>[B] (+0) -0.55952381<x124>[B] (+1) +0.55952381<x125>[B] (+1) +0.55952381<x126>[B] (+1) -0.55952381<x127>[B] (+1) -0.55952381<x128>[B] (+0) +0.55952381<x129>[B] (+0) -0.55952381<x130>[B] (+0) +0.55952381<x131>[B] (+0) -0.55952381<x132>[B] (+0) +0.55952381<x133>[B] (+1) -0.55952381<x134>[B] (+1) -0.55952381<x135>[B] (+1) +0.55952381<x136>[B] (+1) +0.55952381<x137>[B] (+1) +0.55952381<x138>[B] (+1) -0.55952381<x139>[B] (+1) -0.55952381<x140>[B] (+0) +0.55952381<x141>[B] (+1) -0.55952381<x142>[B] (+0) +0.55952381<x143>[B] (+1) -0.55952381<x144>[B] (+1) -0.55952381<x145>[B] (+1) -0.55952381<x146>[B] (+0) -0.55952381<x147>[B] (+1) +0.55952381<x148>[B] (+1) +0.55952381<x149>[B] (+1) -0.55952381<x150>[B] (+1) -0.55952381<x151>[B] (+0) +0.55952381<x152>[B] (+0) -0.55952381<x153>[B] (+0) +0.55952381<x154>[B] (+1) -0.55952381<x155>[B] (+0) +0.55952381<x156>[B] (+0) +0.55952381<x157>[B] (+0) +0.55952381<x158>[B] (+0) +0.55952381<x159>[B] (+1) +0.55952381<x160>[B] (+1) +0.55952381<x161>[B] (+0) +0.55952381<x162>[B] (+0) +0.55952381<x163>[B] (+0) +0.55952381<x164>[B] (+0) +0.55952381<x165>[B] (+0) +0.55952381<x166>[B] (+1) +0.55952381<x167>[B] (+1) +0.55952381<x168>[B] (+1) -0.55952381<x169>[B] (+1) -0.55952381<x170>[B] (+0) +0.55952381<x171>[B] (+1) -0.55952381<x172>[B] (+0) +0.55952381<x173>[B] (+1) -0.55952381<x174>[B] (+1) +0.55952381<x175>[B] (+1) +0.55952381<x176>[B] (+1) -0.55952381<x177>[B] (+1) -0.55952381<x178>[B] (+0) +0.55952381<x179>[B] (+0) -0.55952381<x180>[B] (+0) +0.55952381<x181>[B] (+0) -0.55952381<x182>[B] (+0) -0.55952381<x183>[B] (+1) -0.55952381<x184>[B] (+1) -0.55952381<x185>[B] (+0) +0.55952381<x186>[B] (+0) -0.55952381<x187>[B] (+0) +0.55952381<x188>[B] (+0) -0.55952381<x189>[B] (+0) -0.55952381<x190>[B] (+1) -0.55952381<x191>[B] (+0) +0.55952381<x192>[B] (+0) -0.55952381<x193>[B] (+0) +0.55952381<x194>[B] (+0) -0.55952381<x195>[B] (+0) +0.55952381<x196>[B] (+0) +0.55952381<x197>[B] (+0) +0.55952381<x198>[B] (+0) +0.55952381<x199>[B] (+0) -0.55952381<x200>[B] (+0) +0.55952381<x201>[B] (+1) +0.55952381<x202>[B] (+0) +0.55952381<x203>[B] (+1) -0.55952381<x204>[B] (+1) -0.55952381<x205>[B] (+0) -0.55952381<x206>[B] (+1) -0.55952381<x207>[B] (+0) +0.55952381<x208>[B] (+1) -0.55952381<x209>[B] (+1) -0.55952381<x210>[B] (+0) >= 25.8785714285714;
;
violation: left hand side is violated by 0.00476190476191363
6/9 feasible solutions given by solution candidate storage, new primal bound -2.244602e+02

presolving:
   (0.0s) symmetry computation started: requiring (bin +, int +, cont +), (fixed: bin -, int -, cont -)
   (0.0s) no symmetry present (symcode time: 0.00)
presolving (0 rounds: 0 fast, 0 medium, 0 exhaustive):
 0 deleted vars, 0 deleted constraints, 0 added constraints, 0 tightened bounds, 0 added holes, 0 changed sides, 0 changed coefficients
 0 implications, 0 cliques, 0 implied integral variables (0 bin, 0 int, 0 cont)
presolved problem has 220 variables (210 bin, 0 int, 10 cont) and 2699 constraints
   2699 constraints of type <linear>
Presolving Time: 0.01
transformed 6/6 original solutions to the transformed problem space

 time | node  | left  |LP iter|LP it/n|mem/heur|mdpt |vars |cons |rows |cuts |sepa|confs|strbr|  dualbound   | primalbound  |  gap   | compl. 
  0.0s|     1 |     0 |   226 |     - |    18M |   0 | 220 |2699 |2699 |   0 |  0 |   0 |   0 |-2.124524e+02 |-2.244602e+02 |   5.65%| unknown
r 0.0s|     1 |     0 |   226 |     - |shifting|   0 | 220 |2699 |2699 |   0 |  0 |   0 |   0 |-2.124524e+02 |-2.131167e+02 |   0.31%| unknown
  0.0s|     1 |     0 |   228 |     - |    18M |   0 | 220 |2699 |2700 |   1 |  1 |   0 |   0 |-2.124583e+02 |-2.131167e+02 |   0.31%| unknown
  0.0s|     1 |     0 |   228 |     - |    18M |   0 | 220 |2699 |1038 |   1 |  1 |   0 |   0 |-2.124583e+02 |-2.131167e+02 |   0.31%| unknown
  0.0s|     1 |     0 |   230 |     - |    18M |   0 | 220 |2699 |1039 |   2 |  2 |   0 |   0 |-2.124619e+02 |-2.131167e+02 |   0.31%| unknown
  0.1s|     1 |     0 |   232 |     - |    18M |   0 | 220 |2699 |1040 |   3 |  3 |   0 |   0 |-2.124643e+02 |-2.131167e+02 |   0.31%| unknown
  0.1s|     1 |     0 |   233 |     - |    19M |   0 | 220 |2699 |1041 |   4 |  4 |   0 |   0 |-2.124667e+02 |-2.131167e+02 |   0.31%| unknown
  0.1s|     1 |     0 |   233 |     - |    19M |   0 | 220 | 869 |1041 |   4 |  5 |   0 |   0 |-2.124667e+02 |-2.131167e+02 |   0.31%| unknown
d 0.1s|     1 |     0 |   233 |     - |farkasdi|   0 | 220 | 869 |1041 |   0 |  6 |   0 |   0 |-2.124667e+02 |-2.124667e+02 |   0.00%| unknown
  0.1s|     1 |     0 |   233 |     - |    19M |   0 | 220 | 869 |1041 |   4 |  6 |   0 |   0 |-2.124667e+02 |-2.124667e+02 |   0.00%| unknown

SCIP Status        : problem is solved [optimal solution found]
Solving Time (sec) : 0.07
Solving Nodes      : 1
Primal Bound       : -2.12466666666666e+02 (11 solutions)
Dual Bound         : -2.12466666666666e+02
Gap                : 0.00 %
