Loading instance...
Median ranking: [16, 21, 13, 18, 15, 14, 9, 10, 7, 8, 2, 11, 6, 3, 20, 19, 1, 22, 17, 12, 5, 4]
Mean ranking: [16, 21, 13, 18, 15, 14, 7, 8, 9, 10, 2, 11, 6, 3, 20, 1, 19, 22, 17, 12, 5, 4]
Actual error: 0.0004503909523386751
Weighted Kendall distance: 69.0
Normalized distance: 0.01948051948051948
effs, 0 upgd conss, 0 impls, 0 clqs, 0 implints
   (0.0s) symmetry computation started: requiring (bin +, int +, cont +), (fixed: bin -, int -, cont -)
   (0.0s) no symmetry present (symcode time: 0.00)
presolving (2 rounds: 2 fast, 2 medium, 1 exhaustive):
 0 deleted vars, 3080 deleted constraints, 1540 added constraints, 0 tightened bounds, 0 added holes, 0 changed sides, 0 changed coefficients
 0 implications, 0 cliques, 0 implied integral variables (0 bin, 0 int, 0 cont)
presolved problem has 231 variables (0 bin, 0 int, 231 cont) and 1540 constraints
   1540 constraints of type <linear>
Presolving Time: 0.02
transformed 3/3 original solutions to the transformed problem space

 time | node  | left  |LP iter|LP it/n|mem/heur|mdpt |vars |cons |rows |cuts |sepa|confs|strbr|  dualbound   | primalbound  |  gap   | compl. 
* 0.0s|     1 |     0 |    39 |     - |    LP  |   0 | 231 |1540 |1540 |   0 |  0 |   0 |   0 | 2.160000e+02 | 2.160000e+02 |   0.00%| unknown
  0.0s|     1 |     0 |    39 |     - |  9815k |   0 | 231 |1540 |1540 |   0 |  0 |   0 |   0 | 2.160000e+02 | 2.160000e+02 |   0.00%| unknown

SCIP Status        : problem is solved [optimal solution found]
Solving Time (sec) : 0.02
Solving Nodes      : 1
Primal Bound       : +2.16000000000000e+02 (4 solutions)
Dual Bound         : +2.16000000000000e+02
Gap                : 0.00 %
feasible solution found by trivial heuristic after 0.0 seconds, objective value 0.000000e+00
presolving:
   (0.0s) running MILP presolver
   (0.0s) MILP presolver (2 rounds): 0 aggregations, 0 fixings, 0 bound changes
(round 1, medium)     0 del vars, 3080 del conss, 1540 add conss, 0 chg bounds, 0 chg sides, 0 chg coeffs, 0 upgd conss, 0 impls, 0 clqs, 0 implints
   (0.0s) probing: 51/231 (22.1%) - 0 fixings, 0 aggregations, 0 implications, 0 bound changes
   (0.0s) probing aborted: 50/50 successive totally useless probings
   (0.0s) symmetry computation started: requiring (bin +, int +, cont +), (fixed: bin -, int -, cont -)
   (0.0s) no symmetry present (symcode time: 0.00)
presolving (2 rounds: 2 fast, 2 medium, 1 exhaustive):
 0 deleted vars, 3080 deleted constraints, 1540 added constraints, 0 tightened bounds, 0 added holes, 0 changed sides, 0 changed coefficients
 0 implications, 0 cliques, 0 implied integral variables (0 bin, 0 int, 0 cont)
presolved problem has 231 variables (231 bin, 0 int, 0 cont) and 1540 constraints
   1540 constraints of type <linear>
transformed objective value is always integral (scale: 2)
Presolving Time: 0.02
transformed 2/2 original solutions to the transformed problem space

 time | node  | left  |LP iter|LP it/n|mem/heur|mdpt |vars |cons |rows |cuts |sepa|confs|strbr|  dualbound   | primalbound  |  gap   | compl. 
i 0.0s|     1 |     0 |     0 |     - |  oneopt|   0 | 231 |1540 |1540 |   0 |  0 |   0 |   0 | 2.340000e+02 | 1.240000e+02 |  88.71%| unknown
* 0.0s|     1 |     0 |    45 |     - |    LP  |   0 | 231 |1540 |1540 |   0 |  0 |   0 |   0 | 2.160000e+02 | 2.160000e+02 |   0.00%| unknown
  0.0s|     1 |     0 |    45 |     - |    10M |   0 | 231 |1540 |1540 |   0 |  0 |   0 |   0 | 2.160000e+02 | 2.160000e+02 |   0.00%| unknown

SCIP Status        : problem is solved [optimal solution found]
Solving Time (sec) : 0.02
Solving Nodes      : 1
Primal Bound       : +2.16000000000000e+02 (4 solutions)
Dual Bound         : +2.16000000000000e+02
Gap                : 0.00 %
feasible solution found by trivial heuristic after 0.1 seconds, objective value -1.000212e+06
presolving:
(round 1, fast)       0 del vars, 0 del conss, 0 add conss, 20 chg bounds, 0 chg sides, 0 chg coeffs, 0 upgd conss, 0 impls, 0 clqs, 0 implints
   (0.5s) running MILP presolver
   (0.6s) MILP presolver (2 rounds): 0 aggregations, 0 fixings, 0 bound changes
(round 2, medium)     0 del vars, 5390 del conss, 3850 add conss, 20 chg bounds, 0 chg sides, 0 chg coeffs, 0 upgd conss, 0 impls, 0 clqs, 0 implints
   (1.0s) symmetry computation started: requiring (bin +, int +, cont +), (fixed: bin -, int -, cont -)
   (1.1s) no symmetry present (symcode time: 0.02)
presolving (3 rounds: 3 fast, 2 medium, 1 exhaustive):
 0 deleted vars, 5390 deleted constraints, 3850 added constraints, 20 tightened bounds, 0 added holes, 0 changed sides, 0 changed coefficients
 0 implications, 0 cliques, 0 implied integral variables (0 bin, 0 int, 0 cont)
presolved problem has 241 variables (0 bin, 0 int, 241 cont) and 3850 constraints
   3850 constraints of type <linear>
Presolving Time: 1.11

 time | node  | left  |LP iter|LP it/n|mem/heur|mdpt |vars |cons |rows |cuts |sepa|confs|strbr|  dualbound   | primalbound  |  gap   | compl. 
t 1.2s|     1 |     0 |     0 |     - | trivial|   0 | 241 |3850 |   0 |   0 |  0 |   0 |   0 | 2.340000e+02 |-1.367000e+03 |    Inf | unknown
* 1.3s|     1 |     0 |   300 |     - |    LP  |   0 | 241 |3850 |3850 |   0 |  0 |   0 |   0 |-2.613874e+02 |-2.613874e+02 |   0.00%| unknown
  1.3s|     1 |     0 |   300 |     - |   305M |   0 | 241 |3850 |3850 |   0 |  0 |   0 |   0 |-2.613874e+02 |-2.613874e+02 |   0.00%| unknown

SCIP Status        : problem is solved [optimal solution found]
Solving Time (sec) : 1.32
Solving Nodes      : 1
Primal Bound       : -2.61387445887446e+02 (3 solutions)
Dual Bound         : -2.61387445887446e+02
Gap                : 0.00 %
feasible solution found by trivial heuristic after 0.0 seconds, objective value -1.000212e+06
presolving:
(round 1, fast)       0 del vars, 0 del conss, 0 add conss, 20 chg bounds, 0 chg sides, 0 chg coeffs, 0 upgd conss, 0 impls, 0 clqs, 0 implints
   (0.3s) running MILP presolver
   (0.5s) MILP presolver (2 rounds): 0 aggregations, 0 fixings, 0 bound changes
(round 2, medium)     0 del vars, 5390 del conss, 3850 add conss, 20 chg bounds, 0 chg sides, 0 chg coeffs, 0 upgd conss, 0 impls, 0 clqs, 0 implints
   (0.9s) probing: 51/231 (22.1%) - 0 fixings, 0 aggregations, 0 implications, 0 bound changes
   (0.9s) probing aborted: 50/50 successive totally useless probings
   (1.0s) symmetry computation started: requiring (bin +, int +, cont +), (fixed: bin -, int -, cont -)
   (1.1s) no symmetry present (symcode time: 0.01)
presolving (3 rounds: 3 fast, 2 medium, 1 exhaustive):
 0 deleted vars, 5390 deleted constraints, 3850 added constraints, 20 tightened bounds, 0 added holes, 0 changed sides, 0 changed coefficients
 0 implications, 0 cliques, 0 implied integral variables (0 bin, 0 int, 0 cont)
presolved problem has 241 variables (231 bin, 0 int, 10 cont) and 3850 constraints
   3850 constraints of type <linear>
Presolving Time: 1.09

 time | node  | left  |LP iter|LP it/n|mem/heur|mdpt |vars |cons |rows |cuts |sepa|confs|strbr|  dualbound   | primalbound  |  gap   | compl. 
t 1.1s|     1 |     0 |     0 |     - | trivial|   0 | 241 |3850 |   0 |   0 |  0 |   0 |   0 | 2.340000e+02 |-1.367000e+03 |    Inf | unknown
p 1.4s|     1 |     0 |    10 |     - |   locks|   0 | 241 |3850 |3850 |   0 |  0 |   0 |   0 | 2.340000e+02 |-5.773009e+02 |    Inf | unknown
* 1.5s|     1 |     0 |   310 |     - |    LP  |   0 | 241 |3850 |3850 |   0 |  0 |   0 |   0 |-2.613874e+02 |-2.613874e+02 |   0.00%| unknown
  1.5s|     1 |     0 |   310 |     - |   307M |   0 | 241 |3850 |3850 |   0 |  0 |   0 |   0 |-2.613874e+02 |-2.613874e+02 |   0.00%| unknown

SCIP Status        : problem is solved [optimal solution found]
Solving Time (sec) : 1.46
Solving Nodes      : 1
Primal Bound       : -2.61387445887446e+02 (4 solutions)
Dual Bound         : -2.61387445887446e+02
Gap                : 0.00 %
feasible solution found by trivial heuristic after 0.0 seconds, objective value 0.000000e+00
presolving:
   (0.0s) symmetry computation started: requiring (bin +, int +, cont +), (fixed: bin -, int -, cont -)
   (0.0s) symmetry computation finished: 9 generators found (max: 1500, log10 of symmetry group size: 6.56) (symcode time: 0.00)
dynamic symmetry handling statistics:
   orbitopal reduction:       no components
   orbital reduction:         no components
   lexicographic reduction:   no permutations
handled 1 out of 1 symmetry components
presolving (0 rounds: 0 fast, 0 medium, 0 exhaustive):
 0 deleted vars, 0 deleted constraints, 0 added constraints, 0 tightened bounds, 0 added holes, 0 changed sides, 0 changed coefficients
 0 implications, 0 cliques, 0 implied integral variables (0 bin, 0 int, 0 cont)
presolved problem has 241 variables (231 bin, 0 int, 10 cont) and 3089 constraints
   3089 constraints of type <linear>
Presolving Time: 0.00
transformed 2/2 original solutions to the transformed problem space

 time | node  | left  |LP iter|LP it/n|mem/heur|mdpt |vars |cons |rows |cuts |sepa|confs|strbr|  dualbound   | primalbound  |  gap   | compl. 
i 0.0s|     1 |     0 |     0 |     - |  oneopt|   0 | 241 |3080 |3080 |   0 |  0 |   0 |   0 | 2.340000e+02 | 1.240000e+02 |  88.71%| unknown
* 0.0s|     1 |     0 |    45 |     - |    LP  |   0 | 241 |3080 |3080 |   0 |  0 |   0 |   0 | 2.160000e+02 | 2.160000e+02 |   0.00%| unknown
  0.0s|     1 |     0 |    45 |     - |    12M |   0 | 241 |3080 |3080 |   0 |  0 |   0 |   0 | 2.160000e+02 | 2.160000e+02 |   0.00%| unknown

SCIP Status        : problem is solved [optimal solution found]
Solving Time (sec) : 0.01
Solving Nodes      : 1
Primal Bound       : +2.16000000000000e+02 (5 solutions)
Dual Bound         : +2.16000000000000e+02
Gap                : 0.00 %
  [linear] <c3081>: <x232>[C] (+0) +0.564935065<x1>[B] (+0) +0.564935065<x2>[B] (+0) +0.564935065<x3>[B] (+1) +0.564935065<x4>[B] (+1) +0.564935065<x5>[B] (+0) +0.564935065<x6>[B] (+0) +0.564935065<x7>[B] (+0) +0.564935065<x8>[B] (+0) +0.564935065<x9>[B] (+0) -0.564935065<x10>[B] (+0) +0.564935065<x11>[B] (+1) +0.564935065<x12>[B] (+0) +0.564935065<x13>[B] (+0) +0.564935065<x14>[B] (+0) +0.564935065<x15>[B] (+0) +0.564935065<x16>[B] (+1) +0.564935065<x17>[B] (+0) +0.564935065<x18>[B] (+0) +0.564935065<x19>[B] (+0) +0.564935065<x20>[B] (+0) +0.564935065<x21>[B] (+1) +0.564935065<x22>[B] (+1) +0.564935065<x23>[B] (+1) +0.564935065<x24>[B] (+1) +0.564935065<x25>[B] (+1) +0.564935065<x26>[B] (+0) +0.564935065<x27>[B] (+0) +0.564935065<x28>[B] (+0) +0.564935065<x29>[B] (+0) -0.564935065<x30>[B] (+1) +0.564935065<x31>[B] (+1) +0.564935065<x32>[B] (+0) +0.564935065<x33>[B] (+0) +0.564935065<x34>[B] (+0) +0.564935065<x35>[B] (+0) +0.564935065<x36>[B] (+1) +0.564935065<x37>[B] (+0) +0.564935065<x38>[B] (+1) +0.564935065<x39>[B] (+1) +0.564935065<x40>[B] (+0) +0.564935065<x41>[B] (+1) +0.564935065<x42>[B] (+1) +0.564935065<x43>[B] (+1) +0.564935065<x44>[B] (+0) +0.564935065<x45>[B] (+0) +0.564935065<x46>[B] (+0) -0.564935065<x47>[B] (+0) -0.564935065<x48>[B] (+0) -0.564935065<x49>[B] (+0) -0.564935065<x50>[B] (+1) -0.564935065<x51>[B] (+0) +0.564935065<x52>[B] (+0) +0.564935065<x53>[B] (+0) +0.564935065<x54>[B] (+0) +0.564935065<x55>[B] (+1) +0.564935065<x56>[B] (+0) +0.564935065<x57>[B] (+1) -0.564935065<x58>[B] (+1) +0.564935065<x59>[B] (+0) -0.564935065<x60>[B] (+1) +0.564935065<x61>[B] (+0) -0.564935065<x62>[B] (+0) -0.564935065<x63>[B] (+0) -0.564935065<x64>[B] (+0) -0.564935065<x65>[B] (+0) -0.564935065<x66>[B] (+0) -0.564935065<x67>[B] (+0) -0.564935065<x68>[B] (+0) -0.564935065<x69>[B] (+0) -0.564935065<x70>[B] (+0) -0.564935065<x71>[B] (+0) -0.564935065<x72>[B] (+0) -0.564935065<x73>[B] (+0) +0.564935065<x74>[B] (+0) -0.564935065<x75>[B] (+0) -0.564935065<x76>[B] (+0) +0.564935065<x77>[B] (+0) -0.564935065<x78>[B] (+0) -0.564935065<x79>[B] (+0) -0.564935065<x80>[B] (+0) -0.564935065<x81>[B] (+0) -0.564935065<x82>[B] (+0) -0.564935065<x83>[B] (+0) -0.564935065<x84>[B] (+0) -0.564935065<x85>[B] (+0) -0.564935065<x86>[B] (+0) -0.564935065<x87>[B] (+0) -0.564935065<x88>[B] (+0) -0.564935065<x89>[B] (+0) -0.564935065<x90>[B] (+0) -0.564935065<x91>[B] (+0) -0.564935065<x92>[B] (+0) -0.564935065<x93>[B] (+0) -0.564935065<x94>[B] (+0) -0.564935065<x95>[B] (+0) +0.564935065<x96>[B] (+0) -0.564935065<x97>[B] (+0) -0.564935065<x98>[B] (+0) -0.564935065<x99>[B] (+0) -0.564935065<x100>[B] (+0) -0.564935065<x101>[B] (+1) -0.564935065<x102>[B] (+0) +0.564935065<x103>[B] (+0) +0.564935065<x104>[B] (+0) +0.564935065<x105>[B] (+0) -0.564935065<x106>[B] (+1) +0.564935065<x107>[B] (+0) -0.564935065<x108>[B] (+1) -0.564935065<x109>[B] (+1) +0.564935065<x110>[B] (+0) -0.564935065<x111>[B] (+1) -0.564935065<x112>[B] (+1) -0.564935065<x113>[B] (+0) -0.564935065<x114>[B] (+0) -0.564935065<x115>[B] (+1) -0.564935065<x116>[B] (+1) -0.564935065<x117>[B] (+0) +0.564935065<x118>[B] (+0) +0.564935065<x119>[B] (+0) +0.564935065<x120>[B] (+0) -0.564935065<x121>[B] (+1) +0.564935065<x122>[B] (+0) -0.564935065<x123>[B] (+1) -0.564935065<x124>[B] (+1) +0.564935065<x125>[B] (+0) -0.564935065<x126>[B] (+1) -0.564935065<x127>[B] (+0) -0.564935065<x128>[B] (+0) -0.564935065<x129>[B] (+1) -0.564935065<x130>[B] (+1) -0.564935065<x131>[B] (+0) +0.564935065<x132>[B] (+0) +0.564935065<x133>[B] (+0) +0.564935065<x134>[B] (+0) -0.564935065<x135>[B] (+1) +0.564935065<x136>[B] (+0) +0.564935065<x137>[B] (+1) -0.564935065<x138>[B] (+1) +0.564935065<x139>[B] (+0) -0.564935065<x140>[B] (+1) -0.564935065<x141>[B] (+1) -0.564935065<x142>[B] (+1) +0.564935065<x143>[B] (+1) -0.564935065<x144>[B] (+0) +0.564935065<x145>[B] (+0) +0.564935065<x146>[B] (+0) +0.564935065<x147>[B] (+0) +0.564935065<x148>[B] (+1) +0.564935065<x149>[B] (+0) +0.564935065<x150>[B] (+1) +0.564935065<x151>[B] (+1) +0.564935065<x152>[B] (+0) +0.564935065<x153>[B] (+1) -0.564935065<x154>[B] (+1) +0.564935065<x155>[B] (+1) +0.564935065<x156>[B] (+0) +0.564935065<x157>[B] (+0) +0.564935065<x158>[B] (+0) +0.564935065<x159>[B] (+0) +0.564935065<x160>[B] (+1) +0.564935065<x161>[B] (+0) +0.564935065<x162>[B] (+1) +0.564935065<x163>[B] (+1) +0.564935065<x164>[B] (+0) +0.564935065<x165>[B] (+1) +0.564935065<x166>[B] (+1) +0.564935065<x167>[B] (+0) +0.564935065<x168>[B] (+0) +0.564935065<x169>[B] (+0) +0.564935065<x170>[B] (+0) +0.564935065<x171>[B] (+1) +0.564935065<x172>[B] (+0) +0.564935065<x173>[B] (+1) +0.564935065<x174>[B] (+1) +0.564935065<x175>[B] (+0) +0.564935065<x176>[B] (+1) -0.564935065<x177>[B] (+0) +0.564935065<x178>[B] (+0) +0.564935065<x179>[B] (+0) +0.564935065<x180>[B] (+0) +0.564935065<x181>[B] (+0) +0.564935065<x182>[B] (+0) +0.564935065<x183>[B] (+0) -0.564935065<x184>[B] (+0) +0.564935065<x185>[B] (+0) -0.564935065<x186>[B] (+0) +0.564935065<x187>[B] (+1) +0.564935065<x188>[B] (+1) +0.564935065<x189>[B] (+0) +0.564935065<x190>[B] (+1) +0.564935065<x191>[B] (+1) +0.564935065<x192>[B] (+1) +0.564935065<x193>[B] (+1) +0.564935065<x194>[B] (+0) +0.564935065<x195>[B] (+1) +0.564935065<x196>[B] (+0) +0.564935065<x197>[B] (+0) -0.564935065<x198>[B] (+1) +0.564935065<x199>[B] (+0) -0.564935065<x200>[B] (+1) -0.564935065<x201>[B] (+1) +0.564935065<x202>[B] (+0) -0.564935065<x203>[B] (+1) +0.564935065<x204>[B] (+0) -0.564935065<x205>[B] (+1) +0.564935065<x206>[B] (+0) -0.564935065<x207>[B] (+1) -0.564935065<x208>[B] (+1) +0.564935065<x209>[B] (+0) -0.564935065<x210>[B] (+1) -0.564935065<x211>[B] (+1) +0.564935065<x212>[B] (+1) -0.564935065<x213>[B] (+1) -0.564935065<x214>[B] (+1) +0.564935065<x215>[B] (+1) -0.564935065<x216>[B] (+1) +0.564935065<x217>[B] (+0) +0.564935065<x218>[B] (+0) -0.564935065<x219>[B] (+0) +0.564935065<x220>[B] (+0) -0.564935065<x221>[B] (+0) -0.564935065<x222>[B] (+1) -0.564935065<x223>[B] (+1) -0.564935065<x224>[B] (+0) -0.564935065<x225>[B] (+1) -0.564935065<x226>[B] (+0) +0.564935065<x227>[B] (+0) -0.564935065<x228>[B] (+1) +0.564935065<x229>[B] (+0) +0.564935065<x230>[B] (+1) -0.564935065<x231>[B] (+1) >= 38.8398268398268;
;
violation: left hand side is violated by 37.1450216450217
  [linear] <c3081>: <x232>[C] (+0) +0.564935065<x1>[B] (+0) +0.564935065<x2>[B] (+0) +0.564935065<x3>[B] (+1) +0.564935065<x4>[B] (+1) +0.564935065<x5>[B] (+0) +0.564935065<x6>[B] (+0) +0.564935065<x7>[B] (+0) +0.564935065<x8>[B] (+0) +0.564935065<x9>[B] (+0) -0.564935065<x10>[B] (+0) +0.564935065<x11>[B] (+0) +0.564935065<x12>[B] (+0) +0.564935065<x13>[B] (+0) +0.564935065<x14>[B] (+0) +0.564935065<x15>[B] (+0) +0.564935065<x16>[B] (+0) +0.564935065<x17>[B] (+0) +0.564935065<x18>[B] (+0) +0.564935065<x19>[B] (+0) +0.564935065<x20>[B] (+0) +0.564935065<x21>[B] (+0) +0.564935065<x22>[B] (+1) +0.564935065<x23>[B] (+1) +0.564935065<x24>[B] (+1) +0.564935065<x25>[B] (+0) +0.564935065<x26>[B] (+0) +0.564935065<x27>[B] (+0) +0.564935065<x28>[B] (+0) +0.564935065<x29>[B] (+0) -0.564935065<x30>[B] (+0) +0.564935065<x31>[B] (+0) +0.564935065<x32>[B] (+0) +0.564935065<x33>[B] (+0) +0.564935065<x34>[B] (+0) +0.564935065<x35>[B] (+0) +0.564935065<x36>[B] (+0) +0.564935065<x37>[B] (+0) +0.564935065<x38>[B] (+0) +0.564935065<x39>[B] (+0) +0.564935065<x40>[B] (+0) +0.564935065<x41>[B] (+0) +0.564935065<x42>[B] (+1) +0.564935065<x43>[B] (+1) +0.564935065<x44>[B] (+0) +0.564935065<x45>[B] (+0) +0.564935065<x46>[B] (+0) -0.564935065<x47>[B] (+0) -0.564935065<x48>[B] (+0) -0.564935065<x49>[B] (+0) -0.564935065<x50>[B] (+0) -0.564935065<x51>[B] (+0) +0.564935065<x52>[B] (+0) +0.564935065<x53>[B] (+0) +0.564935065<x54>[B] (+0) +0.564935065<x55>[B] (+0) +0.564935065<x56>[B] (+0) +0.564935065<x57>[B] (+0) -0.564935065<x58>[B] (+0) +0.564935065<x59>[B] (+0) -0.564935065<x60>[B] (+0) +0.564935065<x61>[B] (+0) -0.564935065<x62>[B] (+0) -0.564935065<x63>[B] (+0) -0.564935065<x64>[B] (+0) -0.564935065<x65>[B] (+0) -0.564935065<x66>[B] (+0) -0.564935065<x67>[B] (+0) -0.564935065<x68>[B] (+0) -0.564935065<x69>[B] (+0) -0.564935065<x70>[B] (+0) -0.564935065<x71>[B] (+0) -0.564935065<x72>[B] (+0) -0.564935065<x73>[B] (+0) +0.564935065<x74>[B] (+0) -0.564935065<x75>[B] (+0) -0.564935065<x76>[B] (+0) +0.564935065<x77>[B] (+0) -0.564935065<x78>[B] (+0) -0.564935065<x79>[B] (+0) -0.564935065<x80>[B] (+0) -0.564935065<x81>[B] (+0) -0.564935065<x82>[B] (+0) -0.564935065<x83>[B] (+0) -0.564935065<x84>[B] (+0) -0.564935065<x85>[B] (+0) -0.564935065<x86>[B] (+0) -0.564935065<x87>[B] (+0) -0.564935065<x88>[B] (+0) -0.564935065<x89>[B] (+0) -0.564935065<x90>[B] (+0) -0.564935065<x91>[B] (+0) -0.564935065<x92>[B] (+0) -0.564935065<x93>[B] (+0) -0.564935065<x94>[B] (+0) -0.564935065<x95>[B] (+0) +0.564935065<x96>[B] (+0) -0.564935065<x97>[B] (+0) -0.564935065<x98>[B] (+0) -0.564935065<x99>[B] (+0) -0.564935065<x100>[B] (+0) -0.564935065<x101>[B] (+0) -0.564935065<x102>[B] (+0) +0.564935065<x103>[B] (+0) +0.564935065<x104>[B] (+0) +0.564935065<x105>[B] (+0) -0.564935065<x106>[B] (+0) +0.564935065<x107>[B] (+0) -0.564935065<x108>[B] (+0) -0.564935065<x109>[B] (+0) +0.564935065<x110>[B] (+0) -0.564935065<x111>[B] (+0) -0.564935065<x112>[B] (+1) -0.564935065<x113>[B] (+0) -0.564935065<x114>[B] (+0) -0.564935065<x115>[B] (+0) -0.564935065<x116>[B] (+0) -0.564935065<x117>[B] (+0) +0.564935065<x118>[B] (+0) +0.564935065<x119>[B] (+0) +0.564935065<x120>[B] (+0) -0.564935065<x121>[B] (+0) +0.564935065<x122>[B] (+0) -0.564935065<x123>[B] (+0) -0.564935065<x124>[B] (+0) +0.564935065<x125>[B] (+0) -0.564935065<x126>[B] (+0) -0.564935065<x127>[B] (+0) -0.564935065<x128>[B] (+0) -0.564935065<x129>[B] (+0) -0.564935065<x130>[B] (+0) -0.564935065<x131>[B] (+0) +0.564935065<x132>[B] (+0) +0.564935065<x133>[B] (+0) +0.564935065<x134>[B] (+0) -0.564935065<x135>[B] (+0) +0.564935065<x136>[B] (+0) +0.564935065<x137>[B] (+0) -0.564935065<x138>[B] (+0) +0.564935065<x139>[B] (+0) -0.564935065<x140>[B] (+0) -0.564935065<x141>[B] (+1) -0.564935065<x142>[B] (+0) +0.564935065<x143>[B] (+0) -0.564935065<x144>[B] (+0) +0.564935065<x145>[B] (+0) +0.564935065<x146>[B] (+0) +0.564935065<x147>[B] (+0) +0.564935065<x148>[B] (+0) +0.564935065<x149>[B] (+0) +0.564935065<x150>[B] (+0) +0.564935065<x151>[B] (+0) +0.564935065<x152>[B] (+0) +0.564935065<x153>[B] (+0) -0.564935065<x154>[B] (+0) +0.564935065<x155>[B] (+0) +0.564935065<x156>[B] (+0) +0.564935065<x157>[B] (+0) +0.564935065<x158>[B] (+0) +0.564935065<x159>[B] (+0) +0.564935065<x160>[B] (+0) +0.564935065<x161>[B] (+0) +0.564935065<x162>[B] (+0) +0.564935065<x163>[B] (+0) +0.564935065<x164>[B] (+0) +0.564935065<x165>[B] (+0) +0.564935065<x166>[B] (+0) +0.564935065<x167>[B] (+0) +0.564935065<x168>[B] (+0) +0.564935065<x169>[B] (+0) +0.564935065<x170>[B] (+0) +0.564935065<x171>[B] (+0) +0.564935065<x172>[B] (+0) +0.564935065<x173>[B] (+0) +0.564935065<x174>[B] (+0) +0.564935065<x175>[B] (+0) +0.564935065<x176>[B] (+0) -0.564935065<x177>[B] (+0) +0.564935065<x178>[B] (+0) +0.564935065<x179>[B] (+0) +0.564935065<x180>[B] (+0) +0.564935065<x181>[B] (+0) +0.564935065<x182>[B] (+0) +0.564935065<x183>[B] (+0) -0.564935065<x184>[B] (+0) +0.564935065<x185>[B] (+0) -0.564935065<x186>[B] (+0) +0.564935065<x187>[B] (+0) +0.564935065<x188>[B] (+0) +0.564935065<x189>[B] (+0) +0.564935065<x190>[B] (+1) +0.564935065<x191>[B] (+0) +0.564935065<x192>[B] (+1) +0.564935065<x193>[B] (+1) +0.564935065<x194>[B] (+0) +0.564935065<x195>[B] (+1) +0.564935065<x196>[B] (+0) +0.564935065<x197>[B] (+0) -0.564935065<x198>[B] (+1) +0.564935065<x199>[B] (+0) -0.564935065<x200>[B] (+1) -0.564935065<x201>[B] (+1) +0.564935065<x202>[B] (+0) -0.564935065<x203>[B] (+1) +0.564935065<x204>[B] (+0) -0.564935065<x205>[B] (+1) +0.564935065<x206>[B] (+0) -0.564935065<x207>[B] (+1) -0.564935065<x208>[B] (+1) +0.564935065<x209>[B] (+0) -0.564935065<x210>[B] (+1) -0.564935065<x211>[B] (+1) +0.564935065<x212>[B] (+0) -0.564935065<x213>[B] (+1) -0.564935065<x214>[B] (+1) +0.564935065<x215>[B] (+0) -0.564935065<x216>[B] (+1) +0.564935065<x217>[B] (+0) +0.564935065<x218>[B] (+0) -0.564935065<x219>[B] (+0) +0.564935065<x220>[B] (+0) -0.564935065<x221>[B] (+0) -0.564935065<x222>[B] (+1) -0.564935065<x223>[B] (+1) -0.564935065<x224>[B] (+0) -0.564935065<x225>[B] (+1) -0.564935065<x226>[B] (+0) +0.564935065<x227>[B] (+0) -0.564935065<x228>[B] (+1) +0.564935065<x229>[B] (+0) +0.564935065<x230>[B] (+1) -0.564935065<x231>[B] (+1) >= 38.8398268398268;
;
violation: left hand side is violated by 42.7943722943723
  [linear] <c3081>: <x232>[C] (+0) +0.564935065<x1>[B] (+0) +0.564935065<x2>[B] (+0) +0.564935065<x3>[B] (+0) +0.564935065<x4>[B] (+0) +0.564935065<x5>[B] (+0) +0.564935065<x6>[B] (+0) +0.564935065<x7>[B] (+0) +0.564935065<x8>[B] (+0) +0.564935065<x9>[B] (+0) -0.564935065<x10>[B] (+0) +0.564935065<x11>[B] (+0) +0.564935065<x12>[B] (+0) +0.564935065<x13>[B] (+0) +0.564935065<x14>[B] (+0) +0.564935065<x15>[B] (+0) +0.564935065<x16>[B] (+0) +0.564935065<x17>[B] (+0) +0.564935065<x18>[B] (+0) +0.564935065<x19>[B] (+0) +0.564935065<x20>[B] (+0) +0.564935065<x21>[B] (+0) +0.564935065<x22>[B] (+0) +0.564935065<x23>[B] (+0) +0.564935065<x24>[B] (+0) +0.564935065<x25>[B] (+0) +0.564935065<x26>[B] (+0) +0.564935065<x27>[B] (+0) +0.564935065<x28>[B] (+0) +0.564935065<x29>[B] (+0) -0.564935065<x30>[B] (+0) +0.564935065<x31>[B] (+0) +0.564935065<x32>[B] (+0) +0.564935065<x33>[B] (+0) +0.564935065<x34>[B] (+0) +0.564935065<x35>[B] (+0) +0.564935065<x36>[B] (+0) +0.564935065<x37>[B] (+0) +0.564935065<x38>[B] (+0) +0.564935065<x39>[B] (+0) +0.564935065<x40>[B] (+0) +0.564935065<x41>[B] (+0) +0.564935065<x42>[B] (+0) +0.564935065<x43>[B] (+0) +0.564935065<x44>[B] (+0) +0.564935065<x45>[B] (+0) +0.564935065<x46>[B] (+0) -0.564935065<x47>[B] (+0) -0.564935065<x48>[B] (+0) -0.564935065<x49>[B] (+0) -0.564935065<x50>[B] (+0) -0.564935065<x51>[B] (+0) +0.564935065<x52>[B] (+0) +0.564935065<x53>[B] (+0) +0.564935065<x54>[B] (+0) +0.564935065<x55>[B] (+0) +0.564935065<x56>[B] (+0) +0.564935065<x57>[B] (+0) -0.564935065<x58>[B] (+0) +0.564935065<x59>[B] (+0) -0.564935065<x60>[B] (+0) +0.564935065<x61>[B] (+0) -0.564935065<x62>[B] (+0) -0.564935065<x63>[B] (+0) -0.564935065<x64>[B] (+0) -0.564935065<x65>[B] (+0) -0.564935065<x66>[B] (+0) -0.564935065<x67>[B] (+0) -0.564935065<x68>[B] (+0) -0.564935065<x69>[B] (+0) -0.564935065<x70>[B] (+0) -0.564935065<x71>[B] (+0) -0.564935065<x72>[B] (+0) -0.564935065<x73>[B] (+0) +0.564935065<x74>[B] (+0) -0.564935065<x75>[B] (+0) -0.564935065<x76>[B] (+0) +0.564935065<x77>[B] (+0) -0.564935065<x78>[B] (+0) -0.564935065<x79>[B] (+0) -0.564935065<x80>[B] (+0) -0.564935065<x81>[B] (+0) -0.564935065<x82>[B] (+0) -0.564935065<x83>[B] (+0) -0.564935065<x84>[B] (+0) -0.564935065<x85>[B] (+0) -0.564935065<x86>[B] (+0) -0.564935065<x87>[B] (+0) -0.564935065<x88>[B] (+0) -0.564935065<x89>[B] (+0) -0.564935065<x90>[B] (+0) -0.564935065<x91>[B] (+0) -0.564935065<x92>[B] (+0) -0.564935065<x93>[B] (+0) -0.564935065<x94>[B] (+0) -0.564935065<x95>[B] (+0) +0.564935065<x96>[B] (+0) -0.564935065<x97>[B] (+0) -0.564935065<x98>[B] (+0) -0.564935065<x99>[B] (+0) -0.564935065<x100>[B] (+0) -0.564935065<x101>[B] (+0) -0.564935065<x102>[B] (+0) +0.564935065<x103>[B] (+0) +0.564935065<x104>[B] (+0) +0.564935065<x105>[B] (+0) -0.564935065<x106>[B] (+0) +0.564935065<x107>[B] (+0) -0.564935065<x108>[B] (+0) -0.564935065<x109>[B] (+0) +0.564935065<x110>[B] (+0) -0.564935065<x111>[B] (+0) -0.564935065<x112>[B] (+0) -0.564935065<x113>[B] (+0) -0.564935065<x114>[B] (+0) -0.564935065<x115>[B] (+0) -0.564935065<x116>[B] (+0) -0.564935065<x117>[B] (+0) +0.564935065<x118>[B] (+0) +0.564935065<x119>[B] (+0) +0.564935065<x120>[B] (+0) -0.564935065<x121>[B] (+0) +0.564935065<x122>[B] (+0) -0.564935065<x123>[B] (+0) -0.564935065<x124>[B] (+0) +0.564935065<x125>[B] (+0) -0.564935065<x126>[B] (+0) -0.564935065<x127>[B] (+0) -0.564935065<x128>[B] (+0) -0.564935065<x129>[B] (+0) -0.564935065<x130>[B] (+0) -0.564935065<x131>[B] (+0) +0.564935065<x132>[B] (+0) +0.564935065<x133>[B] (+0) +0.564935065<x134>[B] (+0) -0.564935065<x135>[B] (+0) +0.564935065<x136>[B] (+0) +0.564935065<x137>[B] (+0) -0.564935065<x138>[B] (+0) +0.564935065<x139>[B] (+0) -0.564935065<x140>[B] (+0) -0.564935065<x141>[B] (+0) -0.564935065<x142>[B] (+0) +0.564935065<x143>[B] (+0) -0.564935065<x144>[B] (+0) +0.564935065<x145>[B] (+0) +0.564935065<x146>[B] (+0) +0.564935065<x147>[B] (+0) +0.564935065<x148>[B] (+0) +0.564935065<x149>[B] (+0) +0.564935065<x150>[B] (+0) +0.564935065<x151>[B] (+0) +0.564935065<x152>[B] (+0) +0.564935065<x153>[B] (+0) -0.564935065<x154>[B] (+0) +0.564935065<x155>[B] (+0) +0.564935065<x156>[B] (+0) +0.564935065<x157>[B] (+0) +0.564935065<x158>[B] (+0) +0.564935065<x159>[B] (+0) +0.564935065<x160>[B] (+0) +0.564935065<x161>[B] (+0) +0.564935065<x162>[B] (+0) +0.564935065<x163>[B] (+0) +0.564935065<x164>[B] (+0) +0.564935065<x165>[B] (+0) +0.564935065<x166>[B] (+0) +0.564935065<x167>[B] (+0) +0.564935065<x168>[B] (+0) +0.564935065<x169>[B] (+0) +0.564935065<x170>[B] (+0) +0.564935065<x171>[B] (+0) +0.564935065<x172>[B] (+0) +0.564935065<x173>[B] (+0) +0.564935065<x174>[B] (+0) +0.564935065<x175>[B] (+0) +0.564935065<x176>[B] (+0) -0.564935065<x177>[B] (+0) +0.564935065<x178>[B] (+0) +0.564935065<x179>[B] (+0) +0.564935065<x180>[B] (+0) +0.564935065<x181>[B] (+0) +0.564935065<x182>[B] (+0) +0.564935065<x183>[B] (+0) -0.564935065<x184>[B] (+0) +0.564935065<x185>[B] (+0) -0.564935065<x186>[B] (+0) +0.564935065<x187>[B] (+0) +0.564935065<x188>[B] (+0) +0.564935065<x189>[B] (+0) +0.564935065<x190>[B] (+0) +0.564935065<x191>[B] (+0) +0.564935065<x192>[B] (+0) +0.564935065<x193>[B] (+0) +0.564935065<x194>[B] (+0) +0.564935065<x195>[B] (+0) +0.564935065<x196>[B] (+0) +0.564935065<x197>[B] (+0) -0.564935065<x198>[B] (+0) +0.564935065<x199>[B] (+0) -0.564935065<x200>[B] (+0) -0.564935065<x201>[B] (+0) +0.564935065<x202>[B] (+0) -0.564935065<x203>[B] (+0) +0.564935065<x204>[B] (+0) -0.564935065<x205>[B] (+0) +0.564935065<x206>[B] (+0) -0.564935065<x207>[B] (+0) -0.564935065<x208>[B] (+0) +0.564935065<x209>[B] (+0) -0.564935065<x210>[B] (+0) -0.564935065<x211>[B] (+0) +0.564935065<x212>[B] (+0) -0.564935065<x213>[B] (+0) -0.564935065<x214>[B] (+0) +0.564935065<x215>[B] (+0) -0.564935065<x216>[B] (+0) +0.564935065<x217>[B] (+0) +0.564935065<x218>[B] (+0) -0.564935065<x219>[B] (+0) +0.564935065<x220>[B] (+0) -0.564935065<x221>[B] (+0) -0.564935065<x222>[B] (+0) -0.564935065<x223>[B] (+0) -0.564935065<x224>[B] (+0) -0.564935065<x225>[B] (+0) -0.564935065<x226>[B] (+0) +0.564935065<x227>[B] (+0) -0.564935065<x228>[B] (+0) +0.564935065<x229>[B] (+0) +0.564935065<x230>[B] (+0) -0.564935065<x231>[B] (+0) >= 38.8398268398268;
;
violation: left hand side is violated by 38.8398268398268
  [linear] <c3081>: <x232>[C] (+0) +0.564935065<x1>[B] (+1) +0.564935065<x2>[B] (+1) +0.564935065<x3>[B] (+1) +0.564935065<x4>[B] (+1) +0.564935065<x5>[B] (+1) +0.564935065<x6>[B] (+1) +0.564935065<x7>[B] (+1) +0.564935065<x8>[B] (+1) +0.564935065<x9>[B] (+1) -0.564935065<x10>[B] (+1) +0.564935065<x11>[B] (+1) +0.564935065<x12>[B] (+1) +0.564935065<x13>[B] (+1) +0.564935065<x14>[B] (+1) +0.564935065<x15>[B] (+1) +0.564935065<x16>[B] (+1) +0.564935065<x17>[B] (+1) +0.564935065<x18>[B] (+1) +0.564935065<x19>[B] (+1) +0.564935065<x20>[B] (+1) +0.564935065<x21>[B] (+1) +0.564935065<x22>[B] (+1) +0.564935065<x23>[B] (+1) +0.564935065<x24>[B] (+1) +0.564935065<x25>[B] (+1) +0.564935065<x26>[B] (+1) +0.564935065<x27>[B] (+1) +0.564935065<x28>[B] (+1) +0.564935065<x29>[B] (+1) -0.564935065<x30>[B] (+1) +0.564935065<x31>[B] (+1) +0.564935065<x32>[B] (+1) +0.564935065<x33>[B] (+1) +0.564935065<x34>[B] (+1) +0.564935065<x35>[B] (+1) +0.564935065<x36>[B] (+1) +0.564935065<x37>[B] (+1) +0.564935065<x38>[B] (+1) +0.564935065<x39>[B] (+1) +0.564935065<x40>[B] (+1) +0.564935065<x41>[B] (+1) +0.564935065<x42>[B] (+1) +0.564935065<x43>[B] (+1) +0.564935065<x44>[B] (+1) +0.564935065<x45>[B] (+1) +0.564935065<x46>[B] (+1) -0.564935065<x47>[B] (+1) -0.564935065<x48>[B] (+1) -0.564935065<x49>[B] (+1) -0.564935065<x50>[B] (+1) -0.564935065<x51>[B] (+1) +0.564935065<x52>[B] (+1) +0.564935065<x53>[B] (+1) +0.564935065<x54>[B] (+1) +0.564935065<x55>[B] (+1) +0.564935065<x56>[B] (+1) +0.564935065<x57>[B] (+1) -0.564935065<x58>[B] (+1) +0.564935065<x59>[B] (+1) -0.564935065<x60>[B] (+1) +0.564935065<x61>[B] (+1) -0.564935065<x62>[B] (+1) -0.564935065<x63>[B] (+1) -0.564935065<x64>[B] (+1) -0.564935065<x65>[B] (+1) -0.564935065<x66>[B] (+1) -0.564935065<x67>[B] (+1) -0.564935065<x68>[B] (+1) -0.564935065<x69>[B] (+1) -0.564935065<x70>[B] (+1) -0.564935065<x71>[B] (+1) -0.564935065<x72>[B] (+1) -0.564935065<x73>[B] (+1) +0.564935065<x74>[B] (+1) -0.564935065<x75>[B] (+1) -0.564935065<x76>[B] (+1) +0.564935065<x77>[B] (+1) -0.564935065<x78>[B] (+1) -0.564935065<x79>[B] (+1) -0.564935065<x80>[B] (+1) -0.564935065<x81>[B] (+1) -0.564935065<x82>[B] (+1) -0.564935065<x83>[B] (+1) -0.564935065<x84>[B] (+1) -0.564935065<x85>[B] (+1) -0.564935065<x86>[B] (+1) -0.564935065<x87>[B] (+1) -0.564935065<x88>[B] (+1) -0.564935065<x89>[B] (+1) -0.564935065<x90>[B] (+1) -0.564935065<x91>[B] (+1) -0.564935065<x92>[B] (+1) -0.564935065<x93>[B] (+1) -0.564935065<x94>[B] (+1) -0.564935065<x95>[B] (+1) +0.564935065<x96>[B] (+1) -0.564935065<x97>[B] (+1) -0.564935065<x98>[B] (+1) -0.564935065<x99>[B] (+1) -0.564935065<x100>[B] (+1) -0.564935065<x101>[B] (+1) -0.564935065<x102>[B] (+1) +0.564935065<x103>[B] (+1) +0.564935065<x104>[B] (+1) +0.564935065<x105>[B] (+1) -0.564935065<x106>[B] (+1) +0.564935065<x107>[B] (+1) -0.564935065<x108>[B] (+1) -0.564935065<x109>[B] (+1) +0.564935065<x110>[B] (+1) -0.564935065<x111>[B] (+1) -0.564935065<x112>[B] (+1) -0.564935065<x113>[B] (+1) -0.564935065<x114>[B] (+1) -0.564935065<x115>[B] (+1) -0.564935065<x116>[B] (+1) -0.564935065<x117>[B] (+1) +0.564935065<x118>[B] (+1) +0.564935065<x119>[B] (+1) +0.564935065<x120>[B] (+1) -0.564935065<x121>[B] (+1) +0.564935065<x122>[B] (+1) -0.564935065<x123>[B] (+1) -0.564935065<x124>[B] (+1) +0.564935065<x125>[B] (+1) -0.564935065<x126>[B] (+1) -0.564935065<x127>[B] (+1) -0.564935065<x128>[B] (+1) -0.564935065<x129>[B] (+1) -0.564935065<x130>[B] (+1) -0.564935065<x131>[B] (+1) +0.564935065<x132>[B] (+1) +0.564935065<x133>[B] (+1) +0.564935065<x134>[B] (+1) -0.564935065<x135>[B] (+1) +0.564935065<x136>[B] (+1) +0.564935065<x137>[B] (+1) -0.564935065<x138>[B] (+1) +0.564935065<x139>[B] (+1) -0.564935065<x140>[B] (+1) -0.564935065<x141>[B] (+1) -0.564935065<x142>[B] (+1) +0.564935065<x143>[B] (+1) -0.564935065<x144>[B] (+1) +0.564935065<x145>[B] (+1) +0.564935065<x146>[B] (+1) +0.564935065<x147>[B] (+1) +0.564935065<x148>[B] (+1) +0.564935065<x149>[B] (+1) +0.564935065<x150>[B] (+1) +0.564935065<x151>[B] (+1) +0.564935065<x152>[B] (+1) +0.564935065<x153>[B] (+1) -0.564935065<x154>[B] (+1) +0.564935065<x155>[B] (+1) +0.564935065<x156>[B] (+1) +0.564935065<x157>[B] (+1) +0.564935065<x158>[B] (+1) +0.564935065<x159>[B] (+1) +0.564935065<x160>[B] (+1) +0.564935065<x161>[B] (+1) +0.564935065<x162>[B] (+1) +0.564935065<x163>[B] (+1) +0.564935065<x164>[B] (+1) +0.564935065<x165>[B] (+1) +0.564935065<x166>[B] (+1) +0.564935065<x167>[B] (+1) +0.564935065<x168>[B] (+1) +0.564935065<x169>[B] (+1) +0.564935065<x170>[B] (+1) +0.564935065<x171>[B] (+1) +0.564935065<x172>[B] (+1) +0.564935065<x173>[B] (+1) +0.564935065<x174>[B] (+1) +0.564935065<x175>[B] (+1) +0.564935065<x176>[B] (+1) -0.564935065<x177>[B] (+1) +0.564935065<x178>[B] (+1) +0.564935065<x179>[B] (+1) +0.564935065<x180>[B] (+1) +0.564935065<x181>[B] (+1) +0.564935065<x182>[B] (+1) +0.564935065<x183>[B] (+1) -0.564935065<x184>[B] (+1) +0.564935065<x185>[B] (+1) -0.564935065<x186>[B] (+1) +0.564935065<x187>[B] (+1) +0.564935065<x188>[B] (+1) +0.564935065<x189>[B] (+1) +0.564935065<x190>[B] (+1) +0.564935065<x191>[B] (+1) +0.564935065<x192>[B] (+1) +0.564935065<x193>[B] (+1) +0.564935065<x194>[B] (+1) +0.564935065<x195>[B] (+1) +0.564935065<x196>[B] (+1) +0.564935065<x197>[B] (+1) -0.564935065<x198>[B] (+1) +0.564935065<x199>[B] (+1) -0.564935065<x200>[B] (+1) -0.564935065<x201>[B] (+1) +0.564935065<x202>[B] (+1) -0.564935065<x203>[B] (+1) +0.564935065<x204>[B] (+1) -0.564935065<x205>[B] (+1) +0.564935065<x206>[B] (+1) -0.564935065<x207>[B] (+1) -0.564935065<x208>[B] (+1) +0.564935065<x209>[B] (+1) -0.564935065<x210>[B] (+1) -0.564935065<x211>[B] (+1) +0.564935065<x212>[B] (+1) -0.564935065<x213>[B] (+1) -0.564935065<x214>[B] (+1) +0.564935065<x215>[B] (+1) -0.564935065<x216>[B] (+1) +0.564935065<x217>[B] (+1) +0.564935065<x218>[B] (+1) -0.564935065<x219>[B] (+1) +0.564935065<x220>[B] (+1) -0.564935065<x221>[B] (+1) -0.564935065<x222>[B] (+1) -0.564935065<x223>[B] (+1) -0.564935065<x224>[B] (+1) -0.564935065<x225>[B] (+1) -0.564935065<x226>[B] (+1) +0.564935065<x227>[B] (+1) -0.564935065<x228>[B] (+1) +0.564935065<x229>[B] (+1) +0.564935065<x230>[B] (+1) -0.564935065<x231>[B] (+1) >= 38.8398268398268;
;
violation: left hand side is violated by 17.9372294372295
1/5 feasible solution given by solution candidate storage, new primal bound -1.000212e+06

presolving:
   (0.0s) symmetry computation started: requiring (bin +, int +, cont +), (fixed: bin -, int -, cont -)
   (0.0s) no symmetry present (symcode time: 0.00)
presolving (0 rounds: 0 fast, 0 medium, 0 exhaustive):
 0 deleted vars, 0 deleted constraints, 0 added constraints, 0 tightened bounds, 0 added holes, 0 changed sides, 0 changed coefficients
 0 implications, 0 cliques, 0 implied integral variables (0 bin, 0 int, 0 cont)
presolved problem has 241 variables (231 bin, 0 int, 10 cont) and 3090 constraints
   3090 constraints of type <linear>
Presolving Time: 0.00
transformed 1/1 original solutions to the transformed problem space

 time | node  | left  |LP iter|LP it/n|mem/heur|mdpt |vars |cons |rows |cuts |sepa|confs|strbr|  dualbound   | primalbound  |  gap   | compl. 
p 0.0s|     1 |     0 |     1 |     - |   locks|   0 | 241 |3090 |3090 |   0 |  0 |   0 |   0 | 2.340000e+02 |-4.916299e+02 |    Inf | unknown
* 0.0s|     1 |     0 |   154 |     - |    LP  |   0 | 241 |3090 |3090 |   0 |  0 |   0 |   0 |-2.610541e+02 |-2.610541e+02 |   0.00%| unknown
  0.0s|     1 |     0 |   154 |     - |    14M |   0 | 241 |3090 |3090 |   0 |  0 |   0 |   0 |-2.610541e+02 |-2.610541e+02 |   0.00%| unknown

SCIP Status        : problem is solved [optimal solution found]
Solving Time (sec) : 0.02
Solving Nodes      : 1
Primal Bound       : -2.61054112554113e+02 (4 solutions)
Dual Bound         : -2.61054112554113e+02
Gap                : 0.00 %
  [linear] <c3091>: <x232>[C] (+40.534632) +0.590909091<x1>[B] (+0) +0.590909091<x2>[B] (+0) +0.590909091<x3>[B] (+1) +0.590909091<x4>[B] (+1) +0.590909091<x5>[B] (+0) +0.590909091<x6>[B] (+0) +0.590909091<x7>[B] (+0) +0.590909091<x8>[B] (+0) +0.590909091<x9>[B] (+0) -0.590909091<x10>[B] (+0) +0.590909091<x11>[B] (+1) +0.590909091<x12>[B] (+0) +0.590909091<x13>[B] (+0) +0.590909091<x14>[B] (+0) +0.590909091<x15>[B] (+0) +0.590909091<x16>[B] (+1) +0.590909091<x17>[B] (+0) +0.590909091<x18>[B] (+1) +0.590909091<x19>[B] (+0) +0.590909091<x20>[B] (+0) +0.590909091<x21>[B] (+1) +0.590909091<x22>[B] (+1) +0.590909091<x23>[B] (+1) +0.590909091<x24>[B] (+1) +0.590909091<x25>[B] (+1) +0.590909091<x26>[B] (+0) +0.590909091<x27>[B] (+0) +0.590909091<x28>[B] (+0) +0.590909091<x29>[B] (+0) -0.590909091<x30>[B] (+1) +0.590909091<x31>[B] (+1) +0.590909091<x32>[B] (+0) +0.590909091<x33>[B] (+0) +0.590909091<x34>[B] (+0) +0.590909091<x35>[B] (+0) +0.590909091<x36>[B] (+1) +0.590909091<x37>[B] (+0) +0.590909091<x38>[B] (+1) +0.590909091<x39>[B] (+1) +0.590909091<x40>[B] (+0) +0.590909091<x41>[B] (+1) +0.590909091<x42>[B] (+1) +0.590909091<x43>[B] (+1) +0.590909091<x44>[B] (+0) +0.590909091<x45>[B] (+0) +0.590909091<x46>[B] (+0) -0.590909091<x47>[B] (+0) -0.590909091<x48>[B] (+0) -0.590909091<x49>[B] (+0) -0.590909091<x50>[B] (+1) -0.590909091<x51>[B] (+0) +0.590909091<x52>[B] (+0) +0.590909091<x53>[B] (+0) +0.590909091<x54>[B] (+0) +0.590909091<x55>[B] (+1) +0.590909091<x56>[B] (+0) +0.590909091<x57>[B] (+1) -0.590909091<x58>[B] (+1) +0.590909091<x59>[B] (+0) -0.590909091<x60>[B] (+1) +0.590909091<x61>[B] (+0) -0.590909091<x62>[B] (+0) -0.590909091<x63>[B] (+0) -0.590909091<x64>[B] (+0) -0.590909091<x65>[B] (+0) -0.590909091<x66>[B] (+0) -0.590909091<x67>[B] (+0) -0.590909091<x68>[B] (+0) -0.590909091<x69>[B] (+0) -0.590909091<x70>[B] (+0) -0.590909091<x71>[B] (+0) -0.590909091<x72>[B] (+0) -0.590909091<x73>[B] (+0) +0.590909091<x74>[B] (+0) -0.590909091<x75>[B] (+0) -0.590909091<x76>[B] (+0) +0.590909091<x77>[B] (+0) -0.590909091<x78>[B] (+0) -0.590909091<x79>[B] (+0) -0.590909091<x80>[B] (+0) -0.590909091<x81>[B] (+0) -0.590909091<x82>[B] (+0) -0.590909091<x83>[B] (+0) -0.590909091<x84>[B] (+0) -0.590909091<x85>[B] (+0) -0.590909091<x86>[B] (+0) -0.590909091<x87>[B] (+0) -0.590909091<x88>[B] (+0) -0.590909091<x89>[B] (+0) -0.590909091<x90>[B] (+0) -0.590909091<x91>[B] (+0) -0.590909091<x92>[B] (+0) -0.590909091<x93>[B] (+0) -0.590909091<x94>[B] (+0) -0.590909091<x95>[B] (+0) +0.590909091<x96>[B] (+0) -0.590909091<x97>[B] (+0) -0.590909091<x98>[B] (+0) -0.590909091<x99>[B] (+0) -0.590909091<x100>[B] (+0) -0.590909091<x101>[B] (+1) -0.590909091<x102>[B] (+0) +0.590909091<x103>[B] (+0) +0.590909091<x104>[B] (+0) +0.590909091<x105>[B] (+0) -0.590909091<x106>[B] (+1) +0.590909091<x107>[B] (+0) -0.590909091<x108>[B] (+1) -0.590909091<x109>[B] (+1) +0.590909091<x110>[B] (+0) -0.590909091<x111>[B] (+1) -0.590909091<x112>[B] (+1) -0.590909091<x113>[B] (+1) -0.590909091<x114>[B] (+1) -0.590909091<x115>[B] (+1) -0.590909091<x116>[B] (+1) -0.590909091<x117>[B] (+0) +0.590909091<x118>[B] (+0) +0.590909091<x119>[B] (+0) +0.590909091<x120>[B] (+0) -0.590909091<x121>[B] (+1) +0.590909091<x122>[B] (+0) -0.590909091<x123>[B] (+1) -0.590909091<x124>[B] (+1) +0.590909091<x125>[B] (+0) -0.590909091<x126>[B] (+1) -0.590909091<x127>[B] (+1) -0.590909091<x128>[B] (+1) -0.590909091<x129>[B] (+1) -0.590909091<x130>[B] (+1) -0.590909091<x131>[B] (+0) +0.590909091<x132>[B] (+0) +0.590909091<x133>[B] (+0) +0.590909091<x134>[B] (+0) -0.590909091<x135>[B] (+1) +0.590909091<x136>[B] (+0) +0.590909091<x137>[B] (+1) -0.590909091<x138>[B] (+1) +0.590909091<x139>[B] (+0) -0.590909091<x140>[B] (+1) -0.590909091<x141>[B] (+1) -0.590909091<x142>[B] (+1) +0.590909091<x143>[B] (+1) -0.590909091<x144>[B] (+0) +0.590909091<x145>[B] (+0) +0.590909091<x146>[B] (+0) +0.590909091<x147>[B] (+0) +0.590909091<x148>[B] (+1) +0.590909091<x149>[B] (+0) +0.590909091<x150>[B] (+1) +0.590909091<x151>[B] (+1) +0.590909091<x152>[B] (+0) +0.590909091<x153>[B] (+1) -0.590909091<x154>[B] (+1) +0.590909091<x155>[B] (+1) +0.590909091<x156>[B] (+0) +0.590909091<x157>[B] (+0) +0.590909091<x158>[B] (+0) +0.590909091<x159>[B] (+0) +0.590909091<x160>[B] (+1) +0.590909091<x161>[B] (+0) +0.590909091<x162>[B] (+1) +0.590909091<x163>[B] (+1) +0.590909091<x164>[B] (+0) +0.590909091<x165>[B] (+1) +0.590909091<x166>[B] (+1) +0.590909091<x167>[B] (+0) +0.590909091<x168>[B] (+0) +0.590909091<x169>[B] (+0) +0.590909091<x170>[B] (+0) +0.590909091<x171>[B] (+1) +0.590909091<x172>[B] (+0) +0.590909091<x173>[B] (+1) +0.590909091<x174>[B] (+1) +0.590909091<x175>[B] (+0) +0.590909091<x176>[B] (+1) -0.590909091<x177>[B] (+0) +0.590909091<x178>[B] (+0) +0.590909091<x179>[B] (+0) +0.590909091<x180>[B] (+0) +0.590909091<x181>[B] (+0) +0.590909091<x182>[B] (+0) +0.590909091<x183>[B] (+0) -0.590909091<x184>[B] (+0) +0.590909091<x185>[B] (+0) -0.590909091<x186>[B] (+0) +0.590909091<x187>[B] (+0) +0.590909091<x188>[B] (+0) +0.590909091<x189>[B] (+0) +0.590909091<x190>[B] (+1) +0.590909091<x191>[B] (+0) +0.590909091<x192>[B] (+1) +0.590909091<x193>[B] (+1) +0.590909091<x194>[B] (+0) +0.590909091<x195>[B] (+1) +0.590909091<x196>[B] (+0) +0.590909091<x197>[B] (+1) -0.590909091<x198>[B] (+1) +0.590909091<x199>[B] (+0) -0.590909091<x200>[B] (+1) -0.590909091<x201>[B] (+1) +0.590909091<x202>[B] (+0) -0.590909091<x203>[B] (+1) +0.590909091<x204>[B] (+1) -0.590909091<x205>[B] (+1) +0.590909091<x206>[B] (+0) -0.590909091<x207>[B] (+1) -0.590909091<x208>[B] (+1) +0.590909091<x209>[B] (+0) -0.590909091<x210>[B] (+1) -0.590909091<x211>[B] (+1) +0.590909091<x212>[B] (+0) -0.590909091<x213>[B] (+1) -0.590909091<x214>[B] (+1) +0.590909091<x215>[B] (+0) -0.590909091<x216>[B] (+1) +0.590909091<x217>[B] (+0) +0.590909091<x218>[B] (+0) -0.590909091<x219>[B] (+0) +0.590909091<x220>[B] (+0) -0.590909091<x221>[B] (+0) -0.590909091<x222>[B] (+1) -0.590909091<x223>[B] (+1) -0.590909091<x224>[B] (+0) -0.590909091<x225>[B] (+1) -0.590909091<x226>[B] (+0) +0.590909091<x227>[B] (+0) -0.590909091<x228>[B] (+1) +0.590909091<x229>[B] (+0) +0.590909091<x230>[B] (+1) -0.590909091<x231>[B] (+1) >= 38.8528138528139;
;
violation: left hand side is violated by 0.0909090909091006
  [linear] <c3094>: <x235>[C] (+9.99350649) +0.634199134<x1>[B] (+1) -0.634199134<x2>[B] (+1) -0.634199134<x3>[B] (+0) -0.634199134<x4>[B] (+0) -0.634199134<x5>[B] (+1) -0.634199134<x6>[B] (+1) -0.634199134<x7>[B] (+1) +0.634199134<x8>[B] (+1) -0.634199134<x9>[B] (+1) +0.634199134<x10>[B] (+0) -0.634199134<x11>[B] (+0) +0.634199134<x12>[B] (+1) -0.634199134<x13>[B] (+1) +0.634199134<x14>[B] (+1) +0.634199134<x15>[B] (+1) -0.634199134<x16>[B] (+0) +0.634199134<x17>[B] (+1) +0.634199134<x18>[B] (+1) +0.634199134<x19>[B] (+1) -0.634199134<x20>[B] (+1) -0.634199134<x21>[B] (+1) -0.634199134<x22>[B] (+0) -0.634199134<x23>[B] (+0) -0.634199134<x24>[B] (+0) -0.634199134<x25>[B] (+0) -0.634199134<x26>[B] (+1) -0.634199134<x27>[B] (+0) -0.634199134<x28>[B] (+1) -0.634199134<x29>[B] (+1) -0.634199134<x30>[B] (+0) -0.634199134<x31>[B] (+0) +0.634199134<x32>[B] (+1) -0.634199134<x33>[B] (+1) +0.634199134<x34>[B] (+1) +0.634199134<x35>[B] (+1) -0.634199134<x36>[B] (+0) +0.634199134<x37>[B] (+1) -0.634199134<x38>[B] (+0) +0.634199134<x39>[B] (+0) -0.634199134<x40>[B] (+1) -0.634199134<x41>[B] (+0) +0.634199134<x42>[B] (+0) -0.634199134<x43>[B] (+0) +0.634199134<x44>[B] (+0) +0.634199134<x45>[B] (+1) +0.634199134<x46>[B] (+0) +0.634199134<x47>[B] (+1) +0.634199134<x48>[B] (+1) +0.634199134<x49>[B] (+0) -0.634199134<x50>[B] (+0) +0.634199134<x51>[B] (+1) +0.634199134<x52>[B] (+1) +0.634199134<x53>[B] (+1) +0.634199134<x54>[B] (+1) +0.634199134<x55>[B] (+0) +0.634199134<x56>[B] (+1) +0.634199134<x57>[B] (+0) +0.634199134<x58>[B] (+0) +0.634199134<x59>[B] (+1) +0.634199134<x60>[B] (+0) -0.634199134<x61>[B] (+1) -0.634199134<x62>[B] (+1) -0.634199134<x63>[B] (+1) +0.634199134<x64>[B] (+1) +0.634199134<x65>[B] (+1) +0.634199134<x66>[B] (+1) +0.634199134<x67>[B] (+1) -0.634199134<x68>[B] (+1) +0.634199134<x69>[B] (+1) +0.634199134<x70>[B] (+1) +0.634199134<x71>[B] (+1) +0.634199134<x72>[B] (+1) +0.634199134<x73>[B] (+1) +0.634199134<x74>[B] (+1) +0.634199134<x75>[B] (+1) +0.634199134<x76>[B] (+1) -0.634199134<x77>[B] (+1) +0.634199134<x78>[B] (+1) +0.634199134<x79>[B] (+1) +0.634199134<x80>[B] (+1) +0.634199134<x81>[B] (+1) +0.634199134<x82>[B] (+1) +0.634199134<x83>[B] (+1) +0.634199134<x84>[B] (+1) +0.634199134<x85>[B] (+1) +0.634199134<x86>[B] (+1) +0.634199134<x87>[B] (+1) +0.634199134<x88>[B] (+1) +0.634199134<x89>[B] (+1) +0.634199134<x90>[B] (+1) +0.634199134<x91>[B] (+1) +0.634199134<x92>[B] (+1) +0.634199134<x93>[B] (+1) +0.634199134<x94>[B] (+1) +0.634199134<x95>[B] (+1) +0.634199134<x96>[B] (+1) +0.634199134<x97>[B] (+0) +0.634199134<x98>[B] (+1) +0.634199134<x99>[B] (+1) +0.634199134<x100>[B] (+0) -0.634199134<x101>[B] (+0) +0.634199134<x102>[B] (+1) +0.634199134<x103>[B] (+1) +0.634199134<x104>[B] (+1) +0.634199134<x105>[B] (+1) +0.634199134<x106>[B] (+0) +0.634199134<x107>[B] (+1) +0.634199134<x108>[B] (+0) +0.634199134<x109>[B] (+0) -0.634199134<x110>[B] (+1) +0.634199134<x111>[B] (+0) +0.634199134<x112>[B] (+0) +0.634199134<x113>[B] (+1) +0.634199134<x114>[B] (+0) +0.634199134<x115>[B] (+0) -0.634199134<x116>[B] (+0) +0.634199134<x117>[B] (+1) +0.634199134<x118>[B] (+1) +0.634199134<x119>[B] (+0) +0.634199134<x120>[B] (+0) +0.634199134<x121>[B] (+0) +0.634199134<x122>[B] (+1) +0.634199134<x123>[B] (+0) +0.634199134<x124>[B] (+0) -0.634199134<x125>[B] (+1) +0.634199134<x126>[B] (+0) +0.634199134<x127>[B] (+1) +0.634199134<x128>[B] (+1) +0.634199134<x129>[B] (+0) -0.634199134<x130>[B] (+0) +0.634199134<x131>[B] (+1) +0.634199134<x132>[B] (+1) +0.634199134<x133>[B] (+1) +0.634199134<x134>[B] (+1) +0.634199134<x135>[B] (+0) +0.634199134<x136>[B] (+1) +0.634199134<x137>[B] (+1) +0.634199134<x138>[B] (+1) -0.634199134<x139>[B] (+1) +0.634199134<x140>[B] (+0) -0.634199134<x141>[B] (+0) +0.634199134<x142>[B] (+0) -0.634199134<x143>[B] (+0) +0.634199134<x144>[B] (+1) -0.634199134<x145>[B] (+1) +0.634199134<x146>[B] (+0) +0.634199134<x147>[B] (+0) -0.634199134<x148>[B] (+0) +0.634199134<x149>[B] (+1) +0.634199134<x150>[B] (+0) +0.634199134<x151>[B] (+0) -0.634199134<x152>[B] (+1) -0.634199134<x153>[B] (+0) +0.634199134<x154>[B] (+0) -0.634199134<x155>[B] (+0) +0.634199134<x156>[B] (+1) -0.634199134<x157>[B] (+1) +0.634199134<x158>[B] (+1) +0.634199134<x159>[B] (+1) +0.634199134<x160>[B] (+0) +0.634199134<x161>[B] (+1) +0.634199134<x162>[B] (+0) +0.634199134<x163>[B] (+0) -0.634199134<x164>[B] (+1) +0.634199134<x165>[B] (+0) -0.634199134<x166>[B] (+1) +0.634199134<x167>[B] (+1) -0.634199134<x168>[B] (+1) +0.634199134<x169>[B] (+1) +0.634199134<x170>[B] (+1) -0.634199134<x171>[B] (+1) +0.634199134<x172>[B] (+1) -0.634199134<x173>[B] (+1) +0.634199134<x174>[B] (+1) -0.634199134<x175>[B] (+1) -0.634199134<x176>[B] (+1) +0.634199134<x177>[B] (+1) +0.634199134<x178>[B] (+1) +0.634199134<x179>[B] (+1) +0.634199134<x180>[B] (+1) +0.634199134<x181>[B] (+1) +0.634199134<x182>[B] (+1) +0.634199134<x183>[B] (+1) +0.634199134<x184>[B] (+1) +0.634199134<x185>[B] (+1) +0.634199134<x186>[B] (+1) -0.634199134<x187>[B] (+1) +0.634199134<x188>[B] (+0) +0.634199134<x189>[B] (+0) -0.634199134<x190>[B] (+0) -0.634199134<x191>[B] (+1) -0.634199134<x192>[B] (+0) +0.634199134<x193>[B] (+0) -0.634199134<x194>[B] (+1) -0.634199134<x195>[B] (+0) +0.634199134<x196>[B] (+0) +0.634199134<x197>[B] (+0) +0.634199134<x198>[B] (+0) +0.634199134<x199>[B] (+1) +0.634199134<x200>[B] (+0) +0.634199134<x201>[B] (+0) -0.634199134<x202>[B] (+1) +0.634199134<x203>[B] (+0) +0.634199134<x204>[B] (+1) -0.634199134<x205>[B] (+0) -0.634199134<x206>[B] (+1) -0.634199134<x207>[B] (+0) +0.634199134<x208>[B] (+0) -0.634199134<x209>[B] (+1) -0.634199134<x210>[B] (+0) -0.634199134<x211>[B] (+0) -0.634199134<x212>[B] (+1) -0.634199134<x213>[B] (+0) -0.634199134<x214>[B] (+0) -0.634199134<x215>[B] (+1) -0.634199134<x216>[B] (+0) +0.634199134<x217>[B] (+1) +0.634199134<x218>[B] (+1) +0.634199134<x219>[B] (+1) -0.634199134<x220>[B] (+1) +0.634199134<x221>[B] (+1) -0.634199134<x222>[B] (+0) +0.634199134<x223>[B] (+0) -0.634199134<x224>[B] (+1) -0.634199134<x225>[B] (+0) +0.634199134<x226>[B] (+1) -0.634199134<x227>[B] (+1) -0.634199134<x228>[B] (+0) -0.634199134<x229>[B] (+1) -0.634199134<x230>[B] (+0) +0.634199134<x231>[B] (+0) >= 48.6753246753247;
;
violation: left hand side is violated by 2.53246753246746
2/4 feasible solutions given by solution candidate storage, new primal bound -1.000212e+06

presolving:
   (0.0s) symmetry computation started: requiring (bin +, int +, cont +), (fixed: bin -, int -, cont -)
   (0.0s) no symmetry present (symcode time: 0.00)
presolving (0 rounds: 0 fast, 0 medium, 0 exhaustive):
 0 deleted vars, 0 deleted constraints, 0 added constraints, 0 tightened bounds, 0 added holes, 0 changed sides, 0 changed coefficients
 0 implications, 0 cliques, 0 implied integral variables (0 bin, 0 int, 0 cont)
presolved problem has 241 variables (231 bin, 0 int, 10 cont) and 3099 constraints
   3099 constraints of type <linear>
Presolving Time: 0.00
transformed 2/2 original solutions to the transformed problem space

 time | node  | left  |LP iter|LP it/n|mem/heur|mdpt |vars |cons |rows |cuts |sepa|confs|strbr|  dualbound   | primalbound  |  gap   | compl. 
p 0.0s|     1 |     0 |     3 |     - |   locks|   0 | 241 |3099 |3099 |   0 |  0 |   0 |   0 | 2.340000e+02 |-4.972143e+02 |    Inf | unknown
* 0.0s|     1 |     0 |   213 |     - |    LP  |   0 | 241 |3099 |3099 |   0 |  0 |   0 |   0 |-2.612706e+02 |-2.612706e+02 |   0.00%| unknown
  0.0s|     1 |     0 |   213 |     - |    15M |   0 | 241 |3099 |3099 |   0 |  0 |   0 |   0 |-2.612706e+02 |-2.612706e+02 |   0.00%| unknown

SCIP Status        : problem is solved [optimal solution found]
Solving Time (sec) : 0.02
Solving Nodes      : 1
Primal Bound       : -2.61270562770563e+02 (4 solutions)
Dual Bound         : -2.61270562770563e+02
Gap                : 0.00 %
  [linear] <c3100>: <x232>[C] (+38.8528139) +0.577922078<x1>[B] (+0) +0.577922078<x2>[B] (+0) +0.577922078<x3>[B] (+1) +0.577922078<x4>[B] (+1) +0.577922078<x5>[B] (+0) +0.577922078<x6>[B] (+0) +0.577922078<x7>[B] (+0) +0.577922078<x8>[B] (+0) +0.577922078<x9>[B] (+0) -0.577922078<x10>[B] (+0) +0.577922078<x11>[B] (+1) +0.577922078<x12>[B] (+0) +0.577922078<x13>[B] (+0) +0.577922078<x14>[B] (+0) +0.577922078<x15>[B] (+0) +0.577922078<x16>[B] (+1) +0.577922078<x17>[B] (+0) +0.577922078<x18>[B] (+1) +0.577922078<x19>[B] (+0) +0.577922078<x20>[B] (+0) +0.577922078<x21>[B] (+1) +0.577922078<x22>[B] (+1) +0.577922078<x23>[B] (+1) +0.577922078<x24>[B] (+1) +0.577922078<x25>[B] (+1) +0.577922078<x26>[B] (+0) +0.577922078<x27>[B] (+0) +0.577922078<x28>[B] (+0) +0.577922078<x29>[B] (+0) -0.577922078<x30>[B] (+1) +0.577922078<x31>[B] (+1) +0.577922078<x32>[B] (+0) +0.577922078<x33>[B] (+0) +0.577922078<x34>[B] (+0) +0.577922078<x35>[B] (+0) +0.577922078<x36>[B] (+1) +0.577922078<x37>[B] (+0) +0.577922078<x38>[B] (+1) +0.577922078<x39>[B] (+1) +0.577922078<x40>[B] (+0) +0.577922078<x41>[B] (+1) +0.577922078<x42>[B] (+1) +0.577922078<x43>[B] (+1) +0.577922078<x44>[B] (+0) +0.577922078<x45>[B] (+0) +0.577922078<x46>[B] (+0) -0.577922078<x47>[B] (+0) -0.577922078<x48>[B] (+0) -0.577922078<x49>[B] (+0) -0.577922078<x50>[B] (+1) -0.577922078<x51>[B] (+0) +0.577922078<x52>[B] (+0) +0.577922078<x53>[B] (+0) +0.577922078<x54>[B] (+0) +0.577922078<x55>[B] (+1) +0.577922078<x56>[B] (+0) +0.577922078<x57>[B] (+1) -0.577922078<x58>[B] (+1) +0.577922078<x59>[B] (+0) -0.577922078<x60>[B] (+1) +0.577922078<x61>[B] (+0) -0.577922078<x62>[B] (+0) -0.577922078<x63>[B] (+0) -0.577922078<x64>[B] (+0) -0.577922078<x65>[B] (+0) -0.577922078<x66>[B] (+0) -0.577922078<x67>[B] (+0) -0.577922078<x68>[B] (+0) -0.577922078<x69>[B] (+0) -0.577922078<x70>[B] (+0) -0.577922078<x71>[B] (+0) -0.577922078<x72>[B] (+0) -0.577922078<x73>[B] (+0) +0.577922078<x74>[B] (+0) -0.577922078<x75>[B] (+0) -0.577922078<x76>[B] (+0) +0.577922078<x77>[B] (+0) -0.577922078<x78>[B] (+0) -0.577922078<x79>[B] (+0) -0.577922078<x80>[B] (+0) -0.577922078<x81>[B] (+0) -0.577922078<x82>[B] (+0) -0.577922078<x83>[B] (+0) -0.577922078<x84>[B] (+0) -0.577922078<x85>[B] (+0) -0.577922078<x86>[B] (+0) -0.577922078<x87>[B] (+0) -0.577922078<x88>[B] (+0) -0.577922078<x89>[B] (+0) -0.577922078<x90>[B] (+0) -0.577922078<x91>[B] (+0) -0.577922078<x92>[B] (+0) -0.577922078<x93>[B] (+0) -0.577922078<x94>[B] (+0) -0.577922078<x95>[B] (+0) +0.577922078<x96>[B] (+0) -0.577922078<x97>[B] (+0) -0.577922078<x98>[B] (+0) -0.577922078<x99>[B] (+0) -0.577922078<x100>[B] (+0) -0.577922078<x101>[B] (+1) -0.577922078<x102>[B] (+0) +0.577922078<x103>[B] (+0) +0.577922078<x104>[B] (+0) +0.577922078<x105>[B] (+0) -0.577922078<x106>[B] (+1) +0.577922078<x107>[B] (+0) -0.577922078<x108>[B] (+1) -0.577922078<x109>[B] (+1) +0.577922078<x110>[B] (+0) -0.577922078<x111>[B] (+1) -0.577922078<x112>[B] (+1) -0.577922078<x113>[B] (+1) -0.577922078<x114>[B] (+1) -0.577922078<x115>[B] (+1) -0.577922078<x116>[B] (+1) -0.577922078<x117>[B] (+0) +0.577922078<x118>[B] (+0) +0.577922078<x119>[B] (+0) +0.577922078<x120>[B] (+0) -0.577922078<x121>[B] (+1) +0.577922078<x122>[B] (+0) -0.577922078<x123>[B] (+1) -0.577922078<x124>[B] (+1) +0.577922078<x125>[B] (+0) -0.577922078<x126>[B] (+1) -0.577922078<x127>[B] (+1) -0.577922078<x128>[B] (+1) -0.577922078<x129>[B] (+1) -0.577922078<x130>[B] (+1) -0.577922078<x131>[B] (+0) +0.577922078<x132>[B] (+0) +0.577922078<x133>[B] (+0) +0.577922078<x134>[B] (+0) -0.577922078<x135>[B] (+1) +0.577922078<x136>[B] (+0) +0.577922078<x137>[B] (+1) -0.577922078<x138>[B] (+1) +0.577922078<x139>[B] (+0) -0.577922078<x140>[B] (+1) -0.577922078<x141>[B] (+1) -0.577922078<x142>[B] (+1) +0.577922078<x143>[B] (+1) -0.577922078<x144>[B] (+0) +0.577922078<x145>[B] (+0) +0.577922078<x146>[B] (+0) +0.577922078<x147>[B] (+0) +0.577922078<x148>[B] (+1) +0.577922078<x149>[B] (+0) +0.577922078<x150>[B] (+1) +0.577922078<x151>[B] (+1) +0.577922078<x152>[B] (+0) +0.577922078<x153>[B] (+1) -0.577922078<x154>[B] (+1) +0.577922078<x155>[B] (+1) +0.577922078<x156>[B] (+0) +0.577922078<x157>[B] (+0) +0.577922078<x158>[B] (+0) +0.577922078<x159>[B] (+0) +0.577922078<x160>[B] (+1) +0.577922078<x161>[B] (+0) +0.577922078<x162>[B] (+1) +0.577922078<x163>[B] (+1) +0.577922078<x164>[B] (+0) +0.577922078<x165>[B] (+1) +0.577922078<x166>[B] (+1) +0.577922078<x167>[B] (+0) +0.577922078<x168>[B] (+0) +0.577922078<x169>[B] (+0) +0.577922078<x170>[B] (+0) +0.577922078<x171>[B] (+1) +0.577922078<x172>[B] (+0) +0.577922078<x173>[B] (+1) +0.577922078<x174>[B] (+1) +0.577922078<x175>[B] (+0) +0.577922078<x176>[B] (+1) -0.577922078<x177>[B] (+0) +0.577922078<x178>[B] (+0) +0.577922078<x179>[B] (+0) +0.577922078<x180>[B] (+0) +0.577922078<x181>[B] (+0) +0.577922078<x182>[B] (+0) +0.577922078<x183>[B] (+0) -0.577922078<x184>[B] (+0) +0.577922078<x185>[B] (+0) -0.577922078<x186>[B] (+0) +0.577922078<x187>[B] (+1) +0.577922078<x188>[B] (+1) +0.577922078<x189>[B] (+0) +0.577922078<x190>[B] (+1) +0.577922078<x191>[B] (+1) +0.577922078<x192>[B] (+1) +0.577922078<x193>[B] (+1) +0.577922078<x194>[B] (+0) +0.577922078<x195>[B] (+1) +0.577922078<x196>[B] (+0) +0.577922078<x197>[B] (+0) -0.577922078<x198>[B] (+1) +0.577922078<x199>[B] (+0) -0.577922078<x200>[B] (+1) -0.577922078<x201>[B] (+1) +0.577922078<x202>[B] (+0) -0.577922078<x203>[B] (+1) +0.577922078<x204>[B] (+0) -0.577922078<x205>[B] (+1) +0.577922078<x206>[B] (+0) -0.577922078<x207>[B] (+1) -0.577922078<x208>[B] (+1) +0.577922078<x209>[B] (+0) -0.577922078<x210>[B] (+1) -0.577922078<x211>[B] (+1) +0.577922078<x212>[B] (+1) -0.577922078<x213>[B] (+1) -0.577922078<x214>[B] (+1) +0.577922078<x215>[B] (+1) -0.577922078<x216>[B] (+1) +0.577922078<x217>[B] (+0) +0.577922078<x218>[B] (+0) -0.577922078<x219>[B] (+0) +0.577922078<x220>[B] (+0) -0.577922078<x221>[B] (+0) -0.577922078<x222>[B] (+1) -0.577922078<x223>[B] (+1) -0.577922078<x224>[B] (+0) -0.577922078<x225>[B] (+1) -0.577922078<x226>[B] (+0) +0.577922078<x227>[B] (+0) -0.577922078<x228>[B] (+1) +0.577922078<x229>[B] (+0) +0.577922078<x230>[B] (+1) -0.577922078<x231>[B] (+1) >= 38.8658008658009;
;
violation: left hand side is violated by 0.0129870129870042
3/4 feasible solutions given by solution candidate storage, new primal bound -4.972143e+02

presolving:
   (0.0s) symmetry computation started: requiring (bin +, int +, cont +), (fixed: bin -, int -, cont -)
   (0.0s) no symmetry present (symcode time: 0.00)
presolving (0 rounds: 0 fast, 0 medium, 0 exhaustive):
 0 deleted vars, 0 deleted constraints, 0 added constraints, 0 tightened bounds, 0 added holes, 0 changed sides, 0 changed coefficients
 0 implications, 0 cliques, 0 implied integral variables (0 bin, 0 int, 0 cont)
presolved problem has 241 variables (231 bin, 0 int, 10 cont) and 3106 constraints
   3106 constraints of type <linear>
Presolving Time: 0.01
transformed 3/3 original solutions to the transformed problem space

 time | node  | left  |LP iter|LP it/n|mem/heur|mdpt |vars |cons |rows |cuts |sepa|confs|strbr|  dualbound   | primalbound  |  gap   | compl. 
* 0.0s|     1 |     0 |   213 |     - |    LP  |   0 | 241 |3106 |3106 |   0 |  0 |   0 |   0 |-2.613874e+02 |-2.613874e+02 |   0.00%| unknown
  0.0s|     1 |     0 |   213 |     - |    16M |   0 | 241 |3106 |3106 |   0 |  0 |   0 |   0 |-2.613874e+02 |-2.613874e+02 |   0.00%| unknown

SCIP Status        : problem is solved [optimal solution found]
Solving Time (sec) : 0.02
Solving Nodes      : 1
Primal Bound       : -2.61387445887446e+02 (5 solutions)
Dual Bound         : -2.61387445887446e+02
Gap                : 0.00 %
