Loading instance...
Median ranking: [5, 14, 6, 18, 11, 7, 2, 19, 22, 12, 8, 4, 16, 9, 17, 1, 21, 10, 3, 15, 13, 20]
Mean ranking: [5, 14, 6, 7, 18, 2, 19, 11, 22, 12, 8, 16, 9, 17, 1, 21, 10, 4, 3, 13, 20, 15]
Actual error: 0.001313109133717516
Weighted Kendall distance: 136.0
Normalized distance: 0.038396386222473176
ffs, 0 upgd conss, 0 impls, 0 clqs, 0 implints
   (0.0s) symmetry computation started: requiring (bin +, int +, cont +), (fixed: bin -, int -, cont -)
   (0.0s) no symmetry present (symcode time: 0.00)
presolving (2 rounds: 2 fast, 2 medium, 1 exhaustive):
 0 deleted vars, 3080 deleted constraints, 1540 added constraints, 0 tightened bounds, 0 added holes, 0 changed sides, 0 changed coefficients
 0 implications, 0 cliques, 0 implied integral variables (0 bin, 0 int, 0 cont)
presolved problem has 231 variables (0 bin, 0 int, 231 cont) and 1540 constraints
   1540 constraints of type <linear>
Presolving Time: 0.02
transformed 3/3 original solutions to the transformed problem space

 time | node  | left  |LP iter|LP it/n|mem/heur|mdpt |vars |cons |rows |cuts |sepa|confs|strbr|  dualbound   | primalbound  |  gap   | compl. 
* 0.0s|     1 |     0 |    29 |     - |    LP  |   0 | 231 |1540 |1540 |   0 |  0 |   0 |   0 | 3.720000e+02 | 3.720000e+02 |   0.00%| unknown
  0.0s|     1 |     0 |    29 |     - |  9815k |   0 | 231 |1540 |1540 |   0 |  0 |   0 |   0 | 3.720000e+02 | 3.720000e+02 |   0.00%| unknown

SCIP Status        : problem is solved [optimal solution found]
Solving Time (sec) : 0.02
Solving Nodes      : 1
Primal Bound       : +3.72000000000000e+02 (4 solutions)
Dual Bound         : +3.72000000000000e+02
Gap                : 0.00 %
feasible solution found by trivial heuristic after 0.0 seconds, objective value 1.320000e+02
presolving:
   (0.0s) running MILP presolver
   (0.0s) MILP presolver (2 rounds): 0 aggregations, 0 fixings, 0 bound changes
(round 1, medium)     0 del vars, 3080 del conss, 1540 add conss, 0 chg bounds, 0 chg sides, 0 chg coeffs, 0 upgd conss, 0 impls, 0 clqs, 0 implints
   (0.0s) probing: 51/231 (22.1%) - 0 fixings, 0 aggregations, 0 implications, 0 bound changes
   (0.0s) probing aborted: 50/50 successive totally useless probings
   (0.0s) symmetry computation started: requiring (bin +, int +, cont +), (fixed: bin -, int -, cont -)
   (0.0s) no symmetry present (symcode time: 0.00)
presolving (2 rounds: 2 fast, 2 medium, 1 exhaustive):
 0 deleted vars, 3080 deleted constraints, 1540 added constraints, 0 tightened bounds, 0 added holes, 0 changed sides, 0 changed coefficients
 0 implications, 0 cliques, 0 implied integral variables (0 bin, 0 int, 0 cont)
presolved problem has 231 variables (231 bin, 0 int, 0 cont) and 1540 constraints
   1540 constraints of type <linear>
transformed objective value is always integral (scale: 2)
Presolving Time: 0.02
transformed 2/2 original solutions to the transformed problem space

 time | node  | left  |LP iter|LP it/n|mem/heur|mdpt |vars |cons |rows |cuts |sepa|confs|strbr|  dualbound   | primalbound  |  gap   | compl. 
p 0.0s|     1 |     0 |     0 |     - |   locks|   0 | 231 |1540 |1540 |   0 |  0 |   0 |   0 | 3.760000e+02 | 2.520000e+02 |  49.21%| unknown
i 0.0s|     1 |     0 |     0 |     - |  oneopt|   0 | 231 |1540 |1540 |   0 |  0 |   0 |   0 | 3.760000e+02 | 3.360000e+02 |  11.90%| unknown
* 0.0s|     1 |     0 |    29 |     - |    LP  |   0 | 231 |1540 |1540 |   0 |  0 |   0 |   0 | 3.720000e+02 | 3.720000e+02 |   0.00%| unknown
  0.0s|     1 |     0 |    29 |     - |  9998k |   0 | 231 |1540 |1540 |   0 |  0 |   0 |   0 | 3.720000e+02 | 3.720000e+02 |   0.00%| unknown

SCIP Status        : problem is solved [optimal solution found]
Solving Time (sec) : 0.02
Solving Nodes      : 1
Primal Bound       : +3.72000000000000e+02 (5 solutions)
Dual Bound         : +3.72000000000000e+02
Gap                : 0.00 %
feasible solution found by trivial heuristic after 0.1 seconds, objective value -9.998680e+05
presolving:
(round 1, fast)       0 del vars, 0 del conss, 0 add conss, 20 chg bounds, 0 chg sides, 0 chg coeffs, 0 upgd conss, 0 impls, 0 clqs, 0 implints
   (0.5s) running MILP presolver
   (0.6s) MILP presolver (2 rounds): 0 aggregations, 0 fixings, 0 bound changes
(round 2, medium)     0 del vars, 5390 del conss, 3850 add conss, 20 chg bounds, 0 chg sides, 0 chg coeffs, 0 upgd conss, 0 impls, 0 clqs, 0 implints
   (1.0s) symmetry computation started: requiring (bin +, int +, cont +), (fixed: bin -, int -, cont -)
   (1.2s) no symmetry present (symcode time: 0.02)
presolving (3 rounds: 3 fast, 2 medium, 1 exhaustive):
 0 deleted vars, 5390 deleted constraints, 3850 added constraints, 20 tightened bounds, 0 added holes, 0 changed sides, 0 changed coefficients
 0 implications, 0 cliques, 0 implied integral variables (0 bin, 0 int, 0 cont)
presolved problem has 241 variables (0 bin, 0 int, 241 cont) and 3850 constraints
   3850 constraints of type <linear>
Presolving Time: 1.16

 time | node  | left  |LP iter|LP it/n|mem/heur|mdpt |vars |cons |rows |cuts |sepa|confs|strbr|  dualbound   | primalbound  |  gap   | compl. 
t 1.2s|     1 |     0 |     0 |     - | trivial|   0 | 241 |3850 |   0 |   0 |  0 |   0 |   0 | 3.760000e+02 |-1.023000e+03 |    Inf | unknown
* 1.4s|     1 |     0 |   213 |     - |    LP  |   0 | 241 |3850 |3850 |   0 |  0 |   0 |   0 |-9.337879e+01 |-9.337879e+01 |   0.00%| unknown
  1.4s|     1 |     0 |   213 |     - |   305M |   0 | 241 |3850 |3850 |   0 |  0 |   0 |   0 |-9.337879e+01 |-9.337879e+01 |   0.00%| unknown

SCIP Status        : problem is solved [optimal solution found]
Solving Time (sec) : 1.36
Solving Nodes      : 1
Primal Bound       : -9.33787878787878e+01 (3 solutions)
Dual Bound         : -9.33787878787878e+01
Gap                : 0.00 %
feasible solution found by trivial heuristic after 0.0 seconds, objective value -9.998680e+05
presolving:
(round 1, fast)       0 del vars, 0 del conss, 0 add conss, 20 chg bounds, 0 chg sides, 0 chg coeffs, 0 upgd conss, 0 impls, 0 clqs, 0 implints
   (0.3s) running MILP presolver
   (0.5s) MILP presolver (2 rounds): 0 aggregations, 0 fixings, 0 bound changes
(round 2, medium)     0 del vars, 5390 del conss, 3850 add conss, 20 chg bounds, 0 chg sides, 0 chg coeffs, 0 upgd conss, 0 impls, 0 clqs, 0 implints
   (0.9s) probing: 51/231 (22.1%) - 0 fixings, 0 aggregations, 0 implications, 0 bound changes
   (0.9s) probing aborted: 50/50 successive totally useless probings
   (1.0s) symmetry computation started: requiring (bin +, int +, cont +), (fixed: bin -, int -, cont -)
   (1.1s) no symmetry present (symcode time: 0.01)
presolving (3 rounds: 3 fast, 2 medium, 1 exhaustive):
 0 deleted vars, 5390 deleted constraints, 3850 added constraints, 20 tightened bounds, 0 added holes, 0 changed sides, 0 changed coefficients
 0 implications, 0 cliques, 0 implied integral variables (0 bin, 0 int, 0 cont)
presolved problem has 241 variables (231 bin, 0 int, 10 cont) and 3850 constraints
   3850 constraints of type <linear>
Presolving Time: 1.09

 time | node  | left  |LP iter|LP it/n|mem/heur|mdpt |vars |cons |rows |cuts |sepa|confs|strbr|  dualbound   | primalbound  |  gap   | compl. 
t 1.1s|     1 |     0 |     0 |     - | trivial|   0 | 241 |3850 |   0 |   0 |  0 |   0 |   0 | 3.760000e+02 |-1.023000e+03 |    Inf | unknown
p 1.4s|     1 |     0 |    10 |     - |   locks|   0 | 241 |3850 |3850 |   0 |  0 |   0 |   0 | 3.760000e+02 |-3.628680e+02 |    Inf | unknown
* 1.5s|     1 |     0 |   223 |     - |    LP  |   0 | 241 |3850 |3850 |   0 |  0 |   0 |   0 |-9.337879e+01 |-9.337879e+01 |   0.00%| unknown
  1.5s|     1 |     0 |   223 |     - |   307M |   0 | 241 |3850 |3850 |   0 |  0 |   0 |   0 |-9.337879e+01 |-9.337879e+01 |   0.00%| unknown

SCIP Status        : problem is solved [optimal solution found]
Solving Time (sec) : 1.45
Solving Nodes      : 1
Primal Bound       : -9.33787878787878e+01 (4 solutions)
Dual Bound         : -9.33787878787878e+01
Gap                : 0.00 %
feasible solution found by trivial heuristic after 0.0 seconds, objective value 0.000000e+00
presolving:
   (0.0s) symmetry computation started: requiring (bin +, int +, cont +), (fixed: bin -, int -, cont -)
   (0.0s) symmetry computation finished: 9 generators found (max: 1500, log10 of symmetry group size: 6.56) (symcode time: 0.00)
dynamic symmetry handling statistics:
   orbitopal reduction:       no components
   orbital reduction:         no components
   lexicographic reduction:   no permutations
handled 1 out of 1 symmetry components
presolving (0 rounds: 0 fast, 0 medium, 0 exhaustive):
 0 deleted vars, 0 deleted constraints, 0 added constraints, 0 tightened bounds, 0 added holes, 0 changed sides, 0 changed coefficients
 0 implications, 0 cliques, 0 implied integral variables (0 bin, 0 int, 0 cont)
presolved problem has 241 variables (231 bin, 0 int, 10 cont) and 3089 constraints
   3089 constraints of type <linear>
Presolving Time: 0.00
transformed 2/2 original solutions to the transformed problem space

 time | node  | left  |LP iter|LP it/n|mem/heur|mdpt |vars |cons |rows |cuts |sepa|confs|strbr|  dualbound   | primalbound  |  gap   | compl. 
t 0.0s|     1 |     0 |     0 |     - | trivial|   0 | 241 |3080 |   0 |   0 |  0 |   0 |   0 | 3.760000e+02 | 1.320000e+02 | 184.85%| unknown
i 0.0s|     1 |     0 |     0 |     - |  oneopt|   0 | 241 |3080 |3080 |   0 |  0 |   0 |   0 | 3.760000e+02 | 2.780000e+02 |  35.25%| unknown
* 0.0s|     1 |     0 |    29 |     - |    LP  |   0 | 241 |3080 |3080 |   0 |  0 |   0 |   0 | 3.720000e+02 | 3.720000e+02 |   0.00%| unknown
  0.0s|     1 |     0 |    29 |     - |    12M |   0 | 241 |3080 |3080 |   0 |  0 |   0 |   0 | 3.720000e+02 | 3.720000e+02 |   0.00%| unknown

SCIP Status        : problem is solved [optimal solution found]
Solving Time (sec) : 0.01
Solving Nodes      : 1
Primal Bound       : +3.72000000000000e+02 (5 solutions)
Dual Bound         : +3.72000000000000e+02
Gap                : 0.00 %
  [linear] <c3081>: <x232>[C] (+0) -0.625541126<x1>[B] (+0) -0.625541126<x2>[B] (+1) -0.625541126<x3>[B] (+0) -0.625541126<x4>[B] (+0) -0.625541126<x5>[B] (+0) -0.625541126<x6>[B] (+0) -0.625541126<x7>[B] (+0) -0.625541126<x8>[B] (+0) -0.625541126<x9>[B] (+1) -0.625541126<x10>[B] (+0) -0.625541126<x11>[B] (+0) -0.625541126<x12>[B] (+1) -0.625541126<x13>[B] (+0) -0.625541126<x14>[B] (+1) -0.625541126<x15>[B] (+0) +0.625541126<x16>[B] (+0) -0.625541126<x17>[B] (+0) -0.625541126<x18>[B] (+0) -0.625541126<x19>[B] (+1) -0.625541126<x20>[B] (+1) -0.625541126<x21>[B] (+0) +0.625541126<x22>[B] (+1) -0.625541126<x23>[B] (+1) +0.625541126<x24>[B] (+0) +0.625541126<x25>[B] (+0) +0.625541126<x26>[B] (+0) -0.625541126<x27>[B] (+1) -0.625541126<x28>[B] (+1) -0.625541126<x29>[B] (+1) -0.625541126<x30>[B] (+0) -0.625541126<x31>[B] (+1) +0.625541126<x32>[B] (+1) +0.625541126<x33>[B] (+0) -0.625541126<x34>[B] (+1) -0.625541126<x35>[B] (+1) +0.625541126<x36>[B] (+1) +0.625541126<x37>[B] (+0) -0.625541126<x38>[B] (+1) -0.625541126<x39>[B] (+1) -0.625541126<x40>[B] (+1) -0.625541126<x41>[B] (+1) -0.625541126<x42>[B] (+0) +0.625541126<x43>[B] (+0) -0.625541126<x44>[B] (+0) -0.625541126<x45>[B] (+0) -0.625541126<x46>[B] (+0) -0.625541126<x47>[B] (+0) -0.625541126<x48>[B] (+0) -0.625541126<x49>[B] (+0) -0.625541126<x50>[B] (+0) -0.625541126<x51>[B] (+1) -0.625541126<x52>[B] (+0) -0.625541126<x53>[B] (+1) -0.625541126<x54>[B] (+0) +0.625541126<x55>[B] (+0) -0.625541126<x56>[B] (+0) -0.625541126<x57>[B] (+0) -0.625541126<x58>[B] (+1) -0.625541126<x59>[B] (+0) -0.625541126<x60>[B] (+0) +0.625541126<x61>[B] (+0) +0.625541126<x62>[B] (+0) +0.625541126<x63>[B] (+0) -0.625541126<x64>[B] (+0) -0.625541126<x65>[B] (+1) -0.625541126<x66>[B] (+1) -0.625541126<x67>[B] (+0) -0.625541126<x68>[B] (+0) +0.625541126<x69>[B] (+1) +0.625541126<x70>[B] (+0) +0.625541126<x71>[B] (+1) -0.625541126<x72>[B] (+1) +0.625541126<x73>[B] (+1) +0.625541126<x74>[B] (+0) +0.625541126<x75>[B] (+0) -0.625541126<x76>[B] (+1) -0.625541126<x77>[B] (+1) -0.625541126<x78>[B] (+0) -0.625541126<x79>[B] (+1) -0.625541126<x80>[B] (+1) -0.625541126<x81>[B] (+1) -0.625541126<x82>[B] (+1) -0.625541126<x83>[B] (+1) -0.625541126<x84>[B] (+1) -0.625541126<x85>[B] (+1) -0.625541126<x86>[B] (+1) -0.625541126<x87>[B] (+1) -0.625541126<x88>[B] (+1) -0.625541126<x89>[B] (+1) +0.625541126<x90>[B] (+1) -0.625541126<x91>[B] (+1) -0.625541126<x92>[B] (+1) -0.625541126<x93>[B] (+1) -0.625541126<x94>[B] (+1) -0.625541126<x95>[B] (+1) -0.625541126<x96>[B] (+1) -0.625541126<x97>[B] (+1) -0.625541126<x98>[B] (+1) -0.625541126<x99>[B] (+1) -0.625541126<x100>[B] (+1) -0.625541126<x101>[B] (+1) -0.625541126<x102>[B] (+1) +0.625541126<x103>[B] (+0) -0.625541126<x104>[B] (+1) -0.625541126<x105>[B] (+1) +0.625541126<x106>[B] (+1) -0.625541126<x107>[B] (+1) -0.625541126<x108>[B] (+1) -0.625541126<x109>[B] (+1) -0.625541126<x110>[B] (+1) -0.625541126<x111>[B] (+1) -0.625541126<x112>[B] (+1) -0.625541126<x113>[B] (+1) -0.625541126<x114>[B] (+1) -0.625541126<x115>[B] (+0) -0.625541126<x116>[B] (+1) +0.625541126<x117>[B] (+1) +0.625541126<x118>[B] (+0) -0.625541126<x119>[B] (+1) -0.625541126<x120>[B] (+1) +0.625541126<x121>[B] (+1) +0.625541126<x122>[B] (+0) -0.625541126<x123>[B] (+1) -0.625541126<x124>[B] (+1) -0.625541126<x125>[B] (+1) -0.625541126<x126>[B] (+1) -0.625541126<x127>[B] (+1) -0.625541126<x128>[B] (+1) -0.625541126<x129>[B] (+0) -0.625541126<x130>[B] (+0) +0.625541126<x131>[B] (+1) +0.625541126<x132>[B] (+0) +0.625541126<x133>[B] (+1) -0.625541126<x134>[B] (+1) +0.625541126<x135>[B] (+1) +0.625541126<x136>[B] (+0) +0.625541126<x137>[B] (+0) -0.625541126<x138>[B] (+1) -0.625541126<x139>[B] (+1) +0.625541126<x140>[B] (+0) -0.625541126<x141>[B] (+1) -0.625541126<x142>[B] (+0) -0.625541126<x143>[B] (+0) +0.625541126<x144>[B] (+1) +0.625541126<x145>[B] (+0) +0.625541126<x146>[B] (+1) -0.625541126<x147>[B] (+0) +0.625541126<x148>[B] (+1) +0.625541126<x149>[B] (+0) +0.625541126<x150>[B] (+0) -0.625541126<x151>[B] (+1) -0.625541126<x152>[B] (+1) +0.625541126<x153>[B] (+0) -0.625541126<x154>[B] (+0) -0.625541126<x155>[B] (+0) +0.625541126<x156>[B] (+1) +0.625541126<x157>[B] (+0) +0.625541126<x158>[B] (+1) -0.625541126<x159>[B] (+0) +0.625541126<x160>[B] (+0) +0.625541126<x161>[B] (+0) +0.625541126<x162>[B] (+0) -0.625541126<x163>[B] (+1) +0.625541126<x164>[B] (+0) +0.625541126<x165>[B] (+0) -0.625541126<x166>[B] (+1) +0.625541126<x167>[B] (+1) +0.625541126<x168>[B] (+0) +0.625541126<x169>[B] (+1) -0.625541126<x170>[B] (+1) +0.625541126<x171>[B] (+1) +0.625541126<x172>[B] (+0) +0.625541126<x173>[B] (+1) -0.625541126<x174>[B] (+1) +0.625541126<x175>[B] (+1) +0.625541126<x176>[B] (+1) +0.625541126<x177>[B] (+1) +0.625541126<x178>[B] (+0) +0.625541126<x179>[B] (+1) -0.625541126<x180>[B] (+1) +0.625541126<x181>[B] (+1) +0.625541126<x182>[B] (+0) +0.625541126<x183>[B] (+0) +0.625541126<x184>[B] (+1) +0.625541126<x185>[B] (+1) +0.625541126<x186>[B] (+0) +0.625541126<x187>[B] (+0) -0.625541126<x188>[B] (+0) -0.625541126<x189>[B] (+0) +0.625541126<x190>[B] (+0) +0.625541126<x191>[B] (+0) -0.625541126<x192>[B] (+0) -0.625541126<x193>[B] (+1) -0.625541126<x194>[B] (+0) -0.625541126<x195>[B] (+0) -0.625541126<x196>[B] (+1) -0.625541126<x197>[B] (+1) +0.625541126<x198>[B] (+1) -0.625541126<x199>[B] (+1) -0.625541126<x200>[B] (+1) -0.625541126<x201>[B] (+1) -0.625541126<x202>[B] (+1) -0.625541126<x203>[B] (+1) -0.625541126<x204>[B] (+0) +0.625541126<x205>[B] (+0) +0.625541126<x206>[B] (+0) +0.625541126<x207>[B] (+0) -0.625541126<x208>[B] (+1) -0.625541126<x209>[B] (+0) -0.625541126<x210>[B] (+0) +0.625541126<x211>[B] (+1) +0.625541126<x212>[B] (+0) +0.625541126<x213>[B] (+0) +0.625541126<x214>[B] (+1) +0.625541126<x215>[B] (+1) +0.625541126<x216>[B] (+0) -0.625541126<x217>[B] (+0) -0.625541126<x218>[B] (+0) -0.625541126<x219>[B] (+1) -0.625541126<x220>[B] (+1) -0.625541126<x221>[B] (+0) -0.625541126<x222>[B] (+1) -0.625541126<x223>[B] (+1) -0.625541126<x224>[B] (+1) -0.625541126<x225>[B] (+1) -0.625541126<x226>[B] (+1) -0.625541126<x227>[B] (+1) -0.625541126<x228>[B] (+1) +0.625541126<x229>[B] (+0) +0.625541126<x230>[B] (+0) +0.625541126<x231>[B] (+0) >= 6.0995670995671;
;
violation: left hand side is violated by 45.508658008658
  [linear] <c3081>: <x232>[C] (+0) -0.625541126<x1>[B] (+0) -0.625541126<x2>[B] (+1) -0.625541126<x3>[B] (+1) -0.625541126<x4>[B] (+0) -0.625541126<x5>[B] (+0) -0.625541126<x6>[B] (+0) -0.625541126<x7>[B] (+0) -0.625541126<x8>[B] (+1) -0.625541126<x9>[B] (+1) -0.625541126<x10>[B] (+1) -0.625541126<x11>[B] (+1) -0.625541126<x12>[B] (+1) -0.625541126<x13>[B] (+0) -0.625541126<x14>[B] (+1) -0.625541126<x15>[B] (+1) +0.625541126<x16>[B] (+1) -0.625541126<x17>[B] (+1) -0.625541126<x18>[B] (+1) -0.625541126<x19>[B] (+1) -0.625541126<x20>[B] (+1) -0.625541126<x21>[B] (+1) +0.625541126<x22>[B] (+1) -0.625541126<x23>[B] (+1) +0.625541126<x24>[B] (+0) +0.625541126<x25>[B] (+0) +0.625541126<x26>[B] (+1) -0.625541126<x27>[B] (+1) -0.625541126<x28>[B] (+1) -0.625541126<x29>[B] (+1) -0.625541126<x30>[B] (+1) -0.625541126<x31>[B] (+1) +0.625541126<x32>[B] (+1) +0.625541126<x33>[B] (+1) -0.625541126<x34>[B] (+1) -0.625541126<x35>[B] (+1) +0.625541126<x36>[B] (+1) +0.625541126<x37>[B] (+1) -0.625541126<x38>[B] (+1) -0.625541126<x39>[B] (+1) -0.625541126<x40>[B] (+1) -0.625541126<x41>[B] (+1) -0.625541126<x42>[B] (+0) +0.625541126<x43>[B] (+0) -0.625541126<x44>[B] (+0) -0.625541126<x45>[B] (+0) -0.625541126<x46>[B] (+0) -0.625541126<x47>[B] (+0) -0.625541126<x48>[B] (+1) -0.625541126<x49>[B] (+1) -0.625541126<x50>[B] (+1) -0.625541126<x51>[B] (+1) -0.625541126<x52>[B] (+0) -0.625541126<x53>[B] (+1) -0.625541126<x54>[B] (+1) +0.625541126<x55>[B] (+1) -0.625541126<x56>[B] (+1) -0.625541126<x57>[B] (+1) -0.625541126<x58>[B] (+1) -0.625541126<x59>[B] (+1) -0.625541126<x60>[B] (+1) +0.625541126<x61>[B] (+0) +0.625541126<x62>[B] (+0) +0.625541126<x63>[B] (+0) -0.625541126<x64>[B] (+0) -0.625541126<x65>[B] (+1) -0.625541126<x66>[B] (+1) -0.625541126<x67>[B] (+1) -0.625541126<x68>[B] (+1) +0.625541126<x69>[B] (+1) +0.625541126<x70>[B] (+0) +0.625541126<x71>[B] (+1) -0.625541126<x72>[B] (+1) +0.625541126<x73>[B] (+1) +0.625541126<x74>[B] (+1) +0.625541126<x75>[B] (+1) -0.625541126<x76>[B] (+1) -0.625541126<x77>[B] (+1) -0.625541126<x78>[B] (+1) -0.625541126<x79>[B] (+1) -0.625541126<x80>[B] (+1) -0.625541126<x81>[B] (+1) -0.625541126<x82>[B] (+1) -0.625541126<x83>[B] (+1) -0.625541126<x84>[B] (+1) -0.625541126<x85>[B] (+1) -0.625541126<x86>[B] (+1) -0.625541126<x87>[B] (+1) -0.625541126<x88>[B] (+1) -0.625541126<x89>[B] (+1) +0.625541126<x90>[B] (+1) -0.625541126<x91>[B] (+1) -0.625541126<x92>[B] (+1) -0.625541126<x93>[B] (+1) -0.625541126<x94>[B] (+1) -0.625541126<x95>[B] (+1) -0.625541126<x96>[B] (+1) -0.625541126<x97>[B] (+1) -0.625541126<x98>[B] (+1) -0.625541126<x99>[B] (+1) -0.625541126<x100>[B] (+1) -0.625541126<x101>[B] (+1) -0.625541126<x102>[B] (+1) +0.625541126<x103>[B] (+1) -0.625541126<x104>[B] (+1) -0.625541126<x105>[B] (+1) +0.625541126<x106>[B] (+1) -0.625541126<x107>[B] (+1) -0.625541126<x108>[B] (+1) -0.625541126<x109>[B] (+1) -0.625541126<x110>[B] (+1) -0.625541126<x111>[B] (+1) -0.625541126<x112>[B] (+1) -0.625541126<x113>[B] (+1) -0.625541126<x114>[B] (+1) -0.625541126<x115>[B] (+1) -0.625541126<x116>[B] (+1) +0.625541126<x117>[B] (+1) +0.625541126<x118>[B] (+1) -0.625541126<x119>[B] (+1) -0.625541126<x120>[B] (+1) +0.625541126<x121>[B] (+1) +0.625541126<x122>[B] (+1) -0.625541126<x123>[B] (+1) -0.625541126<x124>[B] (+1) -0.625541126<x125>[B] (+1) -0.625541126<x126>[B] (+1) -0.625541126<x127>[B] (+1) -0.625541126<x128>[B] (+1) -0.625541126<x129>[B] (+1) -0.625541126<x130>[B] (+1) +0.625541126<x131>[B] (+1) +0.625541126<x132>[B] (+0) +0.625541126<x133>[B] (+1) -0.625541126<x134>[B] (+1) +0.625541126<x135>[B] (+1) +0.625541126<x136>[B] (+1) +0.625541126<x137>[B] (+1) -0.625541126<x138>[B] (+1) -0.625541126<x139>[B] (+1) +0.625541126<x140>[B] (+1) -0.625541126<x141>[B] (+1) -0.625541126<x142>[B] (+1) -0.625541126<x143>[B] (+1) +0.625541126<x144>[B] (+1) +0.625541126<x145>[B] (+0) +0.625541126<x146>[B] (+1) -0.625541126<x147>[B] (+1) +0.625541126<x148>[B] (+1) +0.625541126<x149>[B] (+1) +0.625541126<x150>[B] (+1) -0.625541126<x151>[B] (+1) -0.625541126<x152>[B] (+1) +0.625541126<x153>[B] (+1) -0.625541126<x154>[B] (+1) -0.625541126<x155>[B] (+1) +0.625541126<x156>[B] (+1) +0.625541126<x157>[B] (+0) +0.625541126<x158>[B] (+1) -0.625541126<x159>[B] (+1) +0.625541126<x160>[B] (+1) +0.625541126<x161>[B] (+1) +0.625541126<x162>[B] (+1) -0.625541126<x163>[B] (+1) +0.625541126<x164>[B] (+1) +0.625541126<x165>[B] (+1) -0.625541126<x166>[B] (+1) +0.625541126<x167>[B] (+1) +0.625541126<x168>[B] (+0) +0.625541126<x169>[B] (+1) -0.625541126<x170>[B] (+1) +0.625541126<x171>[B] (+1) +0.625541126<x172>[B] (+1) +0.625541126<x173>[B] (+1) -0.625541126<x174>[B] (+1) +0.625541126<x175>[B] (+1) +0.625541126<x176>[B] (+1) +0.625541126<x177>[B] (+1) +0.625541126<x178>[B] (+0) +0.625541126<x179>[B] (+1) -0.625541126<x180>[B] (+1) +0.625541126<x181>[B] (+1) +0.625541126<x182>[B] (+1) +0.625541126<x183>[B] (+1) +0.625541126<x184>[B] (+1) +0.625541126<x185>[B] (+1) +0.625541126<x186>[B] (+1) +0.625541126<x187>[B] (+0) -0.625541126<x188>[B] (+1) -0.625541126<x189>[B] (+0) +0.625541126<x190>[B] (+0) +0.625541126<x191>[B] (+0) -0.625541126<x192>[B] (+0) -0.625541126<x193>[B] (+1) -0.625541126<x194>[B] (+1) -0.625541126<x195>[B] (+0) -0.625541126<x196>[B] (+1) -0.625541126<x197>[B] (+1) +0.625541126<x198>[B] (+1) -0.625541126<x199>[B] (+1) -0.625541126<x200>[B] (+1) -0.625541126<x201>[B] (+1) -0.625541126<x202>[B] (+1) -0.625541126<x203>[B] (+1) -0.625541126<x204>[B] (+0) +0.625541126<x205>[B] (+0) +0.625541126<x206>[B] (+0) +0.625541126<x207>[B] (+0) -0.625541126<x208>[B] (+1) -0.625541126<x209>[B] (+0) -0.625541126<x210>[B] (+0) +0.625541126<x211>[B] (+1) +0.625541126<x212>[B] (+1) +0.625541126<x213>[B] (+1) +0.625541126<x214>[B] (+1) +0.625541126<x215>[B] (+1) +0.625541126<x216>[B] (+1) -0.625541126<x217>[B] (+0) -0.625541126<x218>[B] (+0) -0.625541126<x219>[B] (+1) -0.625541126<x220>[B] (+1) -0.625541126<x221>[B] (+0) -0.625541126<x222>[B] (+1) -0.625541126<x223>[B] (+1) -0.625541126<x224>[B] (+1) -0.625541126<x225>[B] (+1) -0.625541126<x226>[B] (+1) -0.625541126<x227>[B] (+1) -0.625541126<x228>[B] (+1) +0.625541126<x229>[B] (+0) +0.625541126<x230>[B] (+0) +0.625541126<x231>[B] (+0) >= 6.0995670995671;
;
violation: left hand side is violated by 47.3852813852814
  [linear] <c3081>: <x232>[C] (+0) -0.625541126<x1>[B] (+1) -0.625541126<x2>[B] (+1) -0.625541126<x3>[B] (+1) -0.625541126<x4>[B] (+1) -0.625541126<x5>[B] (+1) -0.625541126<x6>[B] (+1) -0.625541126<x7>[B] (+1) -0.625541126<x8>[B] (+1) -0.625541126<x9>[B] (+1) -0.625541126<x10>[B] (+1) -0.625541126<x11>[B] (+1) -0.625541126<x12>[B] (+1) -0.625541126<x13>[B] (+1) -0.625541126<x14>[B] (+1) -0.625541126<x15>[B] (+1) +0.625541126<x16>[B] (+1) -0.625541126<x17>[B] (+1) -0.625541126<x18>[B] (+1) -0.625541126<x19>[B] (+1) -0.625541126<x20>[B] (+1) -0.625541126<x21>[B] (+1) +0.625541126<x22>[B] (+1) -0.625541126<x23>[B] (+1) +0.625541126<x24>[B] (+1) +0.625541126<x25>[B] (+1) +0.625541126<x26>[B] (+1) -0.625541126<x27>[B] (+1) -0.625541126<x28>[B] (+1) -0.625541126<x29>[B] (+1) -0.625541126<x30>[B] (+1) -0.625541126<x31>[B] (+1) +0.625541126<x32>[B] (+1) +0.625541126<x33>[B] (+1) -0.625541126<x34>[B] (+1) -0.625541126<x35>[B] (+1) +0.625541126<x36>[B] (+1) +0.625541126<x37>[B] (+1) -0.625541126<x38>[B] (+1) -0.625541126<x39>[B] (+1) -0.625541126<x40>[B] (+1) -0.625541126<x41>[B] (+1) -0.625541126<x42>[B] (+1) +0.625541126<x43>[B] (+1) -0.625541126<x44>[B] (+1) -0.625541126<x45>[B] (+1) -0.625541126<x46>[B] (+1) -0.625541126<x47>[B] (+1) -0.625541126<x48>[B] (+1) -0.625541126<x49>[B] (+1) -0.625541126<x50>[B] (+1) -0.625541126<x51>[B] (+1) -0.625541126<x52>[B] (+1) -0.625541126<x53>[B] (+1) -0.625541126<x54>[B] (+1) +0.625541126<x55>[B] (+1) -0.625541126<x56>[B] (+1) -0.625541126<x57>[B] (+1) -0.625541126<x58>[B] (+1) -0.625541126<x59>[B] (+1) -0.625541126<x60>[B] (+1) +0.625541126<x61>[B] (+1) +0.625541126<x62>[B] (+1) +0.625541126<x63>[B] (+1) -0.625541126<x64>[B] (+1) -0.625541126<x65>[B] (+1) -0.625541126<x66>[B] (+1) -0.625541126<x67>[B] (+1) -0.625541126<x68>[B] (+1) +0.625541126<x69>[B] (+1) +0.625541126<x70>[B] (+1) +0.625541126<x71>[B] (+1) -0.625541126<x72>[B] (+1) +0.625541126<x73>[B] (+1) +0.625541126<x74>[B] (+1) +0.625541126<x75>[B] (+1) -0.625541126<x76>[B] (+1) -0.625541126<x77>[B] (+1) -0.625541126<x78>[B] (+1) -0.625541126<x79>[B] (+1) -0.625541126<x80>[B] (+1) -0.625541126<x81>[B] (+1) -0.625541126<x82>[B] (+1) -0.625541126<x83>[B] (+1) -0.625541126<x84>[B] (+1) -0.625541126<x85>[B] (+1) -0.625541126<x86>[B] (+1) -0.625541126<x87>[B] (+1) -0.625541126<x88>[B] (+1) -0.625541126<x89>[B] (+1) +0.625541126<x90>[B] (+1) -0.625541126<x91>[B] (+1) -0.625541126<x92>[B] (+1) -0.625541126<x93>[B] (+1) -0.625541126<x94>[B] (+1) -0.625541126<x95>[B] (+1) -0.625541126<x96>[B] (+1) -0.625541126<x97>[B] (+1) -0.625541126<x98>[B] (+1) -0.625541126<x99>[B] (+1) -0.625541126<x100>[B] (+1) -0.625541126<x101>[B] (+1) -0.625541126<x102>[B] (+1) +0.625541126<x103>[B] (+1) -0.625541126<x104>[B] (+1) -0.625541126<x105>[B] (+1) +0.625541126<x106>[B] (+1) -0.625541126<x107>[B] (+1) -0.625541126<x108>[B] (+1) -0.625541126<x109>[B] (+1) -0.625541126<x110>[B] (+1) -0.625541126<x111>[B] (+1) -0.625541126<x112>[B] (+1) -0.625541126<x113>[B] (+1) -0.625541126<x114>[B] (+1) -0.625541126<x115>[B] (+1) -0.625541126<x116>[B] (+1) +0.625541126<x117>[B] (+1) +0.625541126<x118>[B] (+1) -0.625541126<x119>[B] (+1) -0.625541126<x120>[B] (+1) +0.625541126<x121>[B] (+1) +0.625541126<x122>[B] (+1) -0.625541126<x123>[B] (+1) -0.625541126<x124>[B] (+1) -0.625541126<x125>[B] (+1) -0.625541126<x126>[B] (+1) -0.625541126<x127>[B] (+1) -0.625541126<x128>[B] (+1) -0.625541126<x129>[B] (+1) -0.625541126<x130>[B] (+1) +0.625541126<x131>[B] (+1) +0.625541126<x132>[B] (+1) +0.625541126<x133>[B] (+1) -0.625541126<x134>[B] (+1) +0.625541126<x135>[B] (+1) +0.625541126<x136>[B] (+1) +0.625541126<x137>[B] (+1) -0.625541126<x138>[B] (+1) -0.625541126<x139>[B] (+1) +0.625541126<x140>[B] (+1) -0.625541126<x141>[B] (+1) -0.625541126<x142>[B] (+1) -0.625541126<x143>[B] (+1) +0.625541126<x144>[B] (+1) +0.625541126<x145>[B] (+1) +0.625541126<x146>[B] (+1) -0.625541126<x147>[B] (+1) +0.625541126<x148>[B] (+1) +0.625541126<x149>[B] (+1) +0.625541126<x150>[B] (+1) -0.625541126<x151>[B] (+1) -0.625541126<x152>[B] (+1) +0.625541126<x153>[B] (+1) -0.625541126<x154>[B] (+1) -0.625541126<x155>[B] (+1) +0.625541126<x156>[B] (+1) +0.625541126<x157>[B] (+1) +0.625541126<x158>[B] (+1) -0.625541126<x159>[B] (+1) +0.625541126<x160>[B] (+1) +0.625541126<x161>[B] (+1) +0.625541126<x162>[B] (+1) -0.625541126<x163>[B] (+1) +0.625541126<x164>[B] (+1) +0.625541126<x165>[B] (+1) -0.625541126<x166>[B] (+1) +0.625541126<x167>[B] (+1) +0.625541126<x168>[B] (+1) +0.625541126<x169>[B] (+1) -0.625541126<x170>[B] (+1) +0.625541126<x171>[B] (+1) +0.625541126<x172>[B] (+1) +0.625541126<x173>[B] (+1) -0.625541126<x174>[B] (+1) +0.625541126<x175>[B] (+1) +0.625541126<x176>[B] (+1) +0.625541126<x177>[B] (+1) +0.625541126<x178>[B] (+1) +0.625541126<x179>[B] (+1) -0.625541126<x180>[B] (+1) +0.625541126<x181>[B] (+1) +0.625541126<x182>[B] (+1) +0.625541126<x183>[B] (+1) +0.625541126<x184>[B] (+1) +0.625541126<x185>[B] (+1) +0.625541126<x186>[B] (+1) +0.625541126<x187>[B] (+1) -0.625541126<x188>[B] (+1) -0.625541126<x189>[B] (+1) +0.625541126<x190>[B] (+1) +0.625541126<x191>[B] (+1) -0.625541126<x192>[B] (+1) -0.625541126<x193>[B] (+1) -0.625541126<x194>[B] (+1) -0.625541126<x195>[B] (+1) -0.625541126<x196>[B] (+1) -0.625541126<x197>[B] (+1) +0.625541126<x198>[B] (+1) -0.625541126<x199>[B] (+1) -0.625541126<x200>[B] (+1) -0.625541126<x201>[B] (+1) -0.625541126<x202>[B] (+1) -0.625541126<x203>[B] (+1) -0.625541126<x204>[B] (+1) +0.625541126<x205>[B] (+1) +0.625541126<x206>[B] (+1) +0.625541126<x207>[B] (+1) -0.625541126<x208>[B] (+1) -0.625541126<x209>[B] (+1) -0.625541126<x210>[B] (+1) +0.625541126<x211>[B] (+1) +0.625541126<x212>[B] (+1) +0.625541126<x213>[B] (+1) +0.625541126<x214>[B] (+1) +0.625541126<x215>[B] (+1) +0.625541126<x216>[B] (+1) -0.625541126<x217>[B] (+1) -0.625541126<x218>[B] (+1) -0.625541126<x219>[B] (+1) -0.625541126<x220>[B] (+1) -0.625541126<x221>[B] (+1) -0.625541126<x222>[B] (+1) -0.625541126<x223>[B] (+1) -0.625541126<x224>[B] (+1) -0.625541126<x225>[B] (+1) -0.625541126<x226>[B] (+1) -0.625541126<x227>[B] (+1) -0.625541126<x228>[B] (+1) +0.625541126<x229>[B] (+1) +0.625541126<x230>[B] (+1) +0.625541126<x231>[B] (+1) >= 6.0995670995671;
;
violation: left hand side is violated by 48.0108225108225
  [linear] <c3081>: <x232>[C] (+0) -0.625541126<x1>[B] (+0) -0.625541126<x2>[B] (+0) -0.625541126<x3>[B] (+0) -0.625541126<x4>[B] (+0) -0.625541126<x5>[B] (+0) -0.625541126<x6>[B] (+0) -0.625541126<x7>[B] (+0) -0.625541126<x8>[B] (+0) -0.625541126<x9>[B] (+0) -0.625541126<x10>[B] (+0) -0.625541126<x11>[B] (+0) -0.625541126<x12>[B] (+0) -0.625541126<x13>[B] (+0) -0.625541126<x14>[B] (+0) -0.625541126<x15>[B] (+0) +0.625541126<x16>[B] (+0) -0.625541126<x17>[B] (+0) -0.625541126<x18>[B] (+0) -0.625541126<x19>[B] (+0) -0.625541126<x20>[B] (+0) -0.625541126<x21>[B] (+0) +0.625541126<x22>[B] (+0) -0.625541126<x23>[B] (+0) +0.625541126<x24>[B] (+0) +0.625541126<x25>[B] (+0) +0.625541126<x26>[B] (+0) -0.625541126<x27>[B] (+0) -0.625541126<x28>[B] (+0) -0.625541126<x29>[B] (+0) -0.625541126<x30>[B] (+0) -0.625541126<x31>[B] (+0) +0.625541126<x32>[B] (+0) +0.625541126<x33>[B] (+0) -0.625541126<x34>[B] (+0) -0.625541126<x35>[B] (+0) +0.625541126<x36>[B] (+0) +0.625541126<x37>[B] (+0) -0.625541126<x38>[B] (+0) -0.625541126<x39>[B] (+0) -0.625541126<x40>[B] (+0) -0.625541126<x41>[B] (+0) -0.625541126<x42>[B] (+0) +0.625541126<x43>[B] (+0) -0.625541126<x44>[B] (+0) -0.625541126<x45>[B] (+0) -0.625541126<x46>[B] (+0) -0.625541126<x47>[B] (+0) -0.625541126<x48>[B] (+0) -0.625541126<x49>[B] (+0) -0.625541126<x50>[B] (+0) -0.625541126<x51>[B] (+0) -0.625541126<x52>[B] (+0) -0.625541126<x53>[B] (+0) -0.625541126<x54>[B] (+0) +0.625541126<x55>[B] (+0) -0.625541126<x56>[B] (+0) -0.625541126<x57>[B] (+0) -0.625541126<x58>[B] (+0) -0.625541126<x59>[B] (+0) -0.625541126<x60>[B] (+0) +0.625541126<x61>[B] (+0) +0.625541126<x62>[B] (+0) +0.625541126<x63>[B] (+0) -0.625541126<x64>[B] (+0) -0.625541126<x65>[B] (+0) -0.625541126<x66>[B] (+0) -0.625541126<x67>[B] (+0) -0.625541126<x68>[B] (+0) +0.625541126<x69>[B] (+0) +0.625541126<x70>[B] (+0) +0.625541126<x71>[B] (+0) -0.625541126<x72>[B] (+0) +0.625541126<x73>[B] (+0) +0.625541126<x74>[B] (+0) +0.625541126<x75>[B] (+0) -0.625541126<x76>[B] (+0) -0.625541126<x77>[B] (+0) -0.625541126<x78>[B] (+0) -0.625541126<x79>[B] (+0) -0.625541126<x80>[B] (+0) -0.625541126<x81>[B] (+0) -0.625541126<x82>[B] (+0) -0.625541126<x83>[B] (+0) -0.625541126<x84>[B] (+0) -0.625541126<x85>[B] (+0) -0.625541126<x86>[B] (+0) -0.625541126<x87>[B] (+0) -0.625541126<x88>[B] (+0) -0.625541126<x89>[B] (+0) +0.625541126<x90>[B] (+0) -0.625541126<x91>[B] (+0) -0.625541126<x92>[B] (+0) -0.625541126<x93>[B] (+0) -0.625541126<x94>[B] (+0) -0.625541126<x95>[B] (+0) -0.625541126<x96>[B] (+0) -0.625541126<x97>[B] (+0) -0.625541126<x98>[B] (+0) -0.625541126<x99>[B] (+0) -0.625541126<x100>[B] (+0) -0.625541126<x101>[B] (+0) -0.625541126<x102>[B] (+0) +0.625541126<x103>[B] (+0) -0.625541126<x104>[B] (+0) -0.625541126<x105>[B] (+0) +0.625541126<x106>[B] (+0) -0.625541126<x107>[B] (+0) -0.625541126<x108>[B] (+0) -0.625541126<x109>[B] (+0) -0.625541126<x110>[B] (+0) -0.625541126<x111>[B] (+0) -0.625541126<x112>[B] (+0) -0.625541126<x113>[B] (+0) -0.625541126<x114>[B] (+0) -0.625541126<x115>[B] (+0) -0.625541126<x116>[B] (+0) +0.625541126<x117>[B] (+0) +0.625541126<x118>[B] (+0) -0.625541126<x119>[B] (+0) -0.625541126<x120>[B] (+0) +0.625541126<x121>[B] (+0) +0.625541126<x122>[B] (+0) -0.625541126<x123>[B] (+0) -0.625541126<x124>[B] (+0) -0.625541126<x125>[B] (+0) -0.625541126<x126>[B] (+0) -0.625541126<x127>[B] (+0) -0.625541126<x128>[B] (+0) -0.625541126<x129>[B] (+0) -0.625541126<x130>[B] (+0) +0.625541126<x131>[B] (+0) +0.625541126<x132>[B] (+0) +0.625541126<x133>[B] (+0) -0.625541126<x134>[B] (+0) +0.625541126<x135>[B] (+0) +0.625541126<x136>[B] (+0) +0.625541126<x137>[B] (+0) -0.625541126<x138>[B] (+0) -0.625541126<x139>[B] (+0) +0.625541126<x140>[B] (+0) -0.625541126<x141>[B] (+0) -0.625541126<x142>[B] (+0) -0.625541126<x143>[B] (+0) +0.625541126<x144>[B] (+0) +0.625541126<x145>[B] (+0) +0.625541126<x146>[B] (+0) -0.625541126<x147>[B] (+0) +0.625541126<x148>[B] (+0) +0.625541126<x149>[B] (+0) +0.625541126<x150>[B] (+0) -0.625541126<x151>[B] (+0) -0.625541126<x152>[B] (+0) +0.625541126<x153>[B] (+0) -0.625541126<x154>[B] (+0) -0.625541126<x155>[B] (+0) +0.625541126<x156>[B] (+0) +0.625541126<x157>[B] (+0) +0.625541126<x158>[B] (+0) -0.625541126<x159>[B] (+0) +0.625541126<x160>[B] (+0) +0.625541126<x161>[B] (+0) +0.625541126<x162>[B] (+0) -0.625541126<x163>[B] (+0) +0.625541126<x164>[B] (+0) +0.625541126<x165>[B] (+0) -0.625541126<x166>[B] (+0) +0.625541126<x167>[B] (+0) +0.625541126<x168>[B] (+0) +0.625541126<x169>[B] (+0) -0.625541126<x170>[B] (+0) +0.625541126<x171>[B] (+0) +0.625541126<x172>[B] (+0) +0.625541126<x173>[B] (+0) -0.625541126<x174>[B] (+0) +0.625541126<x175>[B] (+0) +0.625541126<x176>[B] (+0) +0.625541126<x177>[B] (+0) +0.625541126<x178>[B] (+0) +0.625541126<x179>[B] (+0) -0.625541126<x180>[B] (+0) +0.625541126<x181>[B] (+0) +0.625541126<x182>[B] (+0) +0.625541126<x183>[B] (+0) +0.625541126<x184>[B] (+0) +0.625541126<x185>[B] (+0) +0.625541126<x186>[B] (+0) +0.625541126<x187>[B] (+0) -0.625541126<x188>[B] (+0) -0.625541126<x189>[B] (+0) +0.625541126<x190>[B] (+0) +0.625541126<x191>[B] (+0) -0.625541126<x192>[B] (+0) -0.625541126<x193>[B] (+0) -0.625541126<x194>[B] (+0) -0.625541126<x195>[B] (+0) -0.625541126<x196>[B] (+0) -0.625541126<x197>[B] (+0) +0.625541126<x198>[B] (+0) -0.625541126<x199>[B] (+0) -0.625541126<x200>[B] (+0) -0.625541126<x201>[B] (+0) -0.625541126<x202>[B] (+0) -0.625541126<x203>[B] (+0) -0.625541126<x204>[B] (+0) +0.625541126<x205>[B] (+0) +0.625541126<x206>[B] (+0) +0.625541126<x207>[B] (+0) -0.625541126<x208>[B] (+0) -0.625541126<x209>[B] (+0) -0.625541126<x210>[B] (+0) +0.625541126<x211>[B] (+0) +0.625541126<x212>[B] (+0) +0.625541126<x213>[B] (+0) +0.625541126<x214>[B] (+0) +0.625541126<x215>[B] (+0) +0.625541126<x216>[B] (+0) -0.625541126<x217>[B] (+0) -0.625541126<x218>[B] (+0) -0.625541126<x219>[B] (+0) -0.625541126<x220>[B] (+0) -0.625541126<x221>[B] (+0) -0.625541126<x222>[B] (+0) -0.625541126<x223>[B] (+0) -0.625541126<x224>[B] (+0) -0.625541126<x225>[B] (+0) -0.625541126<x226>[B] (+0) -0.625541126<x227>[B] (+0) -0.625541126<x228>[B] (+0) +0.625541126<x229>[B] (+0) +0.625541126<x230>[B] (+0) +0.625541126<x231>[B] (+0) >= 6.0995670995671;
;
violation: left hand side is violated by 6.0995670995671
1/5 feasible solution given by solution candidate storage, new primal bound -9.998680e+05

presolving:
   (0.0s) symmetry computation started: requiring (bin +, int +, cont +), (fixed: bin -, int -, cont -)
   (0.0s) no symmetry present (symcode time: 0.00)
presolving (0 rounds: 0 fast, 0 medium, 0 exhaustive):
 0 deleted vars, 0 deleted constraints, 0 added constraints, 0 tightened bounds, 0 added holes, 0 changed sides, 0 changed coefficients
 0 implications, 0 cliques, 0 implied integral variables (0 bin, 0 int, 0 cont)
presolved problem has 241 variables (231 bin, 0 int, 10 cont) and 3090 constraints
   3090 constraints of type <linear>
Presolving Time: 0.00
transformed 1/1 original solutions to the transformed problem space

 time | node  | left  |LP iter|LP it/n|mem/heur|mdpt |vars |cons |rows |cuts |sepa|confs|strbr|  dualbound   | primalbound  |  gap   | compl. 
p 0.0s|     1 |     0 |     0 |     - |   locks|   0 | 241 |3090 |3090 |   0 |  0 |   0 |   0 | 3.760000e+02 |-3.086039e+02 |    Inf | unknown
* 0.0s|     1 |     0 |   164 |     - |    LP  |   0 | 241 |3090 |3090 |   0 |  0 |   0 |   0 |-9.280736e+01 |-9.280736e+01 |   0.00%| unknown
  0.0s|     1 |     0 |   164 |     - |    14M |   0 | 241 |3090 |3090 |   0 |  0 |   0 |   0 |-9.280736e+01 |-9.280736e+01 |   0.00%| unknown

SCIP Status        : problem is solved [optimal solution found]
Solving Time (sec) : 0.02
Solving Nodes      : 1
Primal Bound       : -9.28073593073594e+01 (4 solutions)
Dual Bound         : -9.28073593073594e+01
Gap                : 0.00 %
  [linear] <c3091>: <x233>[C] (+44.1709957) -0.616883117<x1>[B] (+0) -0.616883117<x2>[B] (+1) -0.616883117<x3>[B] (+1) -0.616883117<x4>[B] (+0) -0.616883117<x5>[B] (+0) -0.616883117<x6>[B] (+0) -0.616883117<x7>[B] (+0) -0.616883117<x8>[B] (+0) -0.616883117<x9>[B] (+1) -0.616883117<x10>[B] (+0) -0.616883117<x11>[B] (+0) -0.616883117<x12>[B] (+1) -0.616883117<x13>[B] (+0) -0.616883117<x14>[B] (+1) -0.616883117<x15>[B] (+0) -0.616883117<x16>[B] (+0) -0.616883117<x17>[B] (+0) -0.616883117<x18>[B] (+0) -0.616883117<x19>[B] (+1) -0.616883117<x20>[B] (+1) -0.616883117<x21>[B] (+0) +0.616883117<x22>[B] (+1) -0.616883117<x23>[B] (+1) +0.616883117<x24>[B] (+0) +0.616883117<x25>[B] (+0) +0.616883117<x26>[B] (+0) +0.616883117<x27>[B] (+1) +0.616883117<x28>[B] (+1) +0.616883117<x29>[B] (+1) +0.616883117<x30>[B] (+1) +0.616883117<x31>[B] (+1) +0.616883117<x32>[B] (+1) +0.616883117<x33>[B] (+0) +0.616883117<x34>[B] (+1) +0.616883117<x35>[B] (+1) -0.616883117<x36>[B] (+1) +0.616883117<x37>[B] (+0) +0.616883117<x38>[B] (+1) +0.616883117<x39>[B] (+1) +0.616883117<x40>[B] (+1) +0.616883117<x41>[B] (+1) -0.616883117<x42>[B] (+0) +0.616883117<x43>[B] (+0) -0.616883117<x44>[B] (+0) +0.616883117<x45>[B] (+0) +0.616883117<x46>[B] (+0) +0.616883117<x47>[B] (+0) -0.616883117<x48>[B] (+0) +0.616883117<x49>[B] (+0) +0.616883117<x50>[B] (+0) -0.616883117<x51>[B] (+1) +0.616883117<x52>[B] (+0) -0.616883117<x53>[B] (+1) +0.616883117<x54>[B] (+0) -0.616883117<x55>[B] (+0) -0.616883117<x56>[B] (+0) +0.616883117<x57>[B] (+0) -0.616883117<x58>[B] (+1) -0.616883117<x59>[B] (+0) +0.616883117<x60>[B] (+0) +0.616883117<x61>[B] (+0) +0.616883117<x62>[B] (+0) +0.616883117<x63>[B] (+0) +0.616883117<x64>[B] (+0) +0.616883117<x65>[B] (+0) +0.616883117<x66>[B] (+0) +0.616883117<x67>[B] (+0) +0.616883117<x68>[B] (+0) +0.616883117<x69>[B] (+1) +0.616883117<x70>[B] (+0) +0.616883117<x71>[B] (+1) +0.616883117<x72>[B] (+0) +0.616883117<x73>[B] (+0) +0.616883117<x74>[B] (+0) +0.616883117<x75>[B] (+0) +0.616883117<x76>[B] (+1) +0.616883117<x77>[B] (+0) +0.616883117<x78>[B] (+0) -0.616883117<x79>[B] (+1) +0.616883117<x80>[B] (+1) +0.616883117<x81>[B] (+1) +0.616883117<x82>[B] (+1) -0.616883117<x83>[B] (+1) +0.616883117<x84>[B] (+1) +0.616883117<x85>[B] (+1) -0.616883117<x86>[B] (+1) +0.616883117<x87>[B] (+1) -0.616883117<x88>[B] (+1) +0.616883117<x89>[B] (+1) -0.616883117<x90>[B] (+1) -0.616883117<x91>[B] (+1) +0.616883117<x92>[B] (+1) -0.616883117<x93>[B] (+1) -0.616883117<x94>[B] (+1) +0.616883117<x95>[B] (+1) +0.616883117<x96>[B] (+1) +0.616883117<x97>[B] (+1) +0.616883117<x98>[B] (+1) -0.616883117<x99>[B] (+1) +0.616883117<x100>[B] (+1) +0.616883117<x101>[B] (+1) +0.616883117<x102>[B] (+1) +0.616883117<x103>[B] (+0) +0.616883117<x104>[B] (+1) +0.616883117<x105>[B] (+1) -0.616883117<x106>[B] (+1) +0.616883117<x107>[B] (+1) +0.616883117<x108>[B] (+1) +0.616883117<x109>[B] (+1) +0.616883117<x110>[B] (+1) +0.616883117<x111>[B] (+1) -0.616883117<x112>[B] (+1) -0.616883117<x113>[B] (+1) -0.616883117<x114>[B] (+1) +0.616883117<x115>[B] (+1) -0.616883117<x116>[B] (+1) -0.616883117<x117>[B] (+1) +0.616883117<x118>[B] (+0) -0.616883117<x119>[B] (+1) +0.616883117<x120>[B] (+1) -0.616883117<x121>[B] (+1) -0.616883117<x122>[B] (+1) -0.616883117<x123>[B] (+1) -0.616883117<x124>[B] (+1) -0.616883117<x125>[B] (+1) -0.616883117<x126>[B] (+1) -0.616883117<x127>[B] (+1) -0.616883117<x128>[B] (+1) +0.616883117<x129>[B] (+0) +0.616883117<x130>[B] (+0) -0.616883117<x131>[B] (+1) +0.616883117<x132>[B] (+0) -0.616883117<x133>[B] (+1) +0.616883117<x134>[B] (+1) -0.616883117<x135>[B] (+1) -0.616883117<x136>[B] (+0) +0.616883117<x137>[B] (+0) -0.616883117<x138>[B] (+1) -0.616883117<x139>[B] (+1) +0.616883117<x140>[B] (+0) -0.616883117<x141>[B] (+1) +0.616883117<x142>[B] (+0) +0.616883117<x143>[B] (+0) -0.616883117<x144>[B] (+1) +0.616883117<x145>[B] (+0) -0.616883117<x146>[B] (+1) +0.616883117<x147>[B] (+0) -0.616883117<x148>[B] (+1) -0.616883117<x149>[B] (+0) +0.616883117<x150>[B] (+0) -0.616883117<x151>[B] (+1) -0.616883117<x152>[B] (+1) +0.616883117<x153>[B] (+0) +0.616883117<x154>[B] (+0) +0.616883117<x155>[B] (+0) +0.616883117<x156>[B] (+1) +0.616883117<x157>[B] (+0) +0.616883117<x158>[B] (+1) +0.616883117<x159>[B] (+0) -0.616883117<x160>[B] (+0) +0.616883117<x161>[B] (+0) +0.616883117<x162>[B] (+0) +0.616883117<x163>[B] (+1) +0.616883117<x164>[B] (+0) +0.616883117<x165>[B] (+0) -0.616883117<x166>[B] (+1) -0.616883117<x167>[B] (+1) +0.616883117<x168>[B] (+0) -0.616883117<x169>[B] (+1) +0.616883117<x170>[B] (+1) -0.616883117<x171>[B] (+1) -0.616883117<x172>[B] (+0) -0.616883117<x173>[B] (+0) -0.616883117<x174>[B] (+1) -0.616883117<x175>[B] (+1) -0.616883117<x176>[B] (+1) -0.616883117<x177>[B] (+1) +0.616883117<x178>[B] (+0) -0.616883117<x179>[B] (+1) +0.616883117<x180>[B] (+1) -0.616883117<x181>[B] (+1) -0.616883117<x182>[B] (+0) +0.616883117<x183>[B] (+0) -0.616883117<x184>[B] (+1) -0.616883117<x185>[B] (+1) +0.616883117<x186>[B] (+0) +0.616883117<x187>[B] (+0) -0.616883117<x188>[B] (+1) +0.616883117<x189>[B] (+0) -0.616883117<x190>[B] (+0) -0.616883117<x191>[B] (+0) +0.616883117<x192>[B] (+0) -0.616883117<x193>[B] (+1) -0.616883117<x194>[B] (+0) +0.616883117<x195>[B] (+0) -0.616883117<x196>[B] (+1) -0.616883117<x197>[B] (+1) -0.616883117<x198>[B] (+1) -0.616883117<x199>[B] (+1) -0.616883117<x200>[B] (+1) -0.616883117<x201>[B] (+1) -0.616883117<x202>[B] (+1) -0.616883117<x203>[B] (+1) +0.616883117<x204>[B] (+0) -0.616883117<x205>[B] (+0) -0.616883117<x206>[B] (+0) +0.616883117<x207>[B] (+0) +0.616883117<x208>[B] (+0) +0.616883117<x209>[B] (+0) +0.616883117<x210>[B] (+0) -0.616883117<x211>[B] (+1) -0.616883117<x212>[B] (+0) -0.616883117<x213>[B] (+0) -0.616883117<x214>[B] (+1) -0.616883117<x215>[B] (+1) -0.616883117<x216>[B] (+0) +0.616883117<x217>[B] (+0) +0.616883117<x218>[B] (+0) +0.616883117<x219>[B] (+1) +0.616883117<x220>[B] (+1) +0.616883117<x221>[B] (+0) +0.616883117<x222>[B] (+1) +0.616883117<x223>[B] (+1) +0.616883117<x224>[B] (+1) +0.616883117<x225>[B] (+1) -0.616883117<x226>[B] (+1) -0.616883117<x227>[B] (+1) +0.616883117<x228>[B] (+1) -0.616883117<x229>[B] (+0) +0.616883117<x230>[B] (+0) +0.616883117<x231>[B] (+0) >= 31.3073593073593;
;
violation: left hand side is violated by 0.0909090909090295
  [linear] <c3092>: <x234>[C] (+7.61038961) +0.586580087<x1>[B] (+1) -0.586580087<x2>[B] (+0) +0.586580087<x3>[B] (+1) -0.586580087<x4>[B] (+1) -0.586580087<x5>[B] (+1) -0.586580087<x6>[B] (+1) -0.586580087<x7>[B] (+1) +0.586580087<x8>[B] (+1) -0.586580087<x9>[B] (+0) +0.586580087<x10>[B] (+1) +0.586580087<x11>[B] (+1) -0.586580087<x12>[B] (+1) -0.586580087<x13>[B] (+1) -0.586580087<x14>[B] (+0) +0.586580087<x15>[B] (+1) +0.586580087<x16>[B] (+1) +0.586580087<x17>[B] (+1) -0.586580087<x18>[B] (+1) -0.586580087<x19>[B] (+1) -0.586580087<x20>[B] (+1) -0.586580087<x21>[B] (+1) -0.586580087<x22>[B] (+0) +0.586580087<x23>[B] (+0) -0.586580087<x24>[B] (+1) -0.586580087<x25>[B] (+0) -0.586580087<x26>[B] (+1) -0.586580087<x27>[B] (+0) +0.586580087<x28>[B] (+0) -0.586580087<x29>[B] (+0) +0.586580087<x30>[B] (+0) +0.586580087<x31>[B] (+0) -0.586580087<x32>[B] (+0) -0.586580087<x33>[B] (+1) -0.586580087<x34>[B] (+0) +0.586580087<x35>[B] (+0) -0.586580087<x36>[B] (+0) +0.586580087<x37>[B] (+1) -0.586580087<x38>[B] (+1) -0.586580087<x39>[B] (+0) -0.586580087<x40>[B] (+0) -0.586580087<x41>[B] (+0) +0.586580087<x42>[B] (+1) +0.586580087<x43>[B] (+1) +0.586580087<x44>[B] (+1) +0.586580087<x45>[B] (+1) +0.586580087<x46>[B] (+1) +0.586580087<x47>[B] (+1) +0.586580087<x48>[B] (+0) +0.586580087<x49>[B] (+1) +0.586580087<x50>[B] (+1) +0.586580087<x51>[B] (+1) +0.586580087<x52>[B] (+1) +0.586580087<x53>[B] (+0) +0.586580087<x54>[B] (+1) +0.586580087<x55>[B] (+1) +0.586580087<x56>[B] (+1) +0.586580087<x57>[B] (+1) +0.586580087<x58>[B] (+1) +0.586580087<x59>[B] (+1) +0.586580087<x60>[B] (+1) -0.586580087<x61>[B] (+1) -0.586580087<x62>[B] (+1) -0.586580087<x63>[B] (+1) -0.586580087<x64>[B] (+1) -0.586580087<x65>[B] (+1) -0.586580087<x66>[B] (+0) -0.586580087<x67>[B] (+1) +0.586580087<x68>[B] (+1) -0.586580087<x69>[B] (+1) -0.586580087<x70>[B] (+1) -0.586580087<x71>[B] (+0) -0.586580087<x72>[B] (+1) -0.586580087<x73>[B] (+1) +0.586580087<x74>[B] (+1) -0.586580087<x75>[B] (+1) -0.586580087<x76>[B] (+0) -0.586580087<x77>[B] (+1) -0.586580087<x78>[B] (+1) -0.586580087<x79>[B] (+0) -0.586580087<x80>[B] (+1) -0.586580087<x81>[B] (+0) +0.586580087<x82>[B] (+0) -0.586580087<x83>[B] (+0) +0.586580087<x84>[B] (+0) +0.586580087<x85>[B] (+0) -0.586580087<x86>[B] (+0) -0.586580087<x87>[B] (+1) -0.586580087<x88>[B] (+0) +0.586580087<x89>[B] (+0) +0.586580087<x90>[B] (+0) +0.586580087<x91>[B] (+1) -0.586580087<x92>[B] (+1) -0.586580087<x93>[B] (+0) -0.586580087<x94>[B] (+0) -0.586580087<x95>[B] (+0) -0.586580087<x96>[B] (+1) +0.586580087<x97>[B] (+0) +0.586580087<x98>[B] (+1) -0.586580087<x99>[B] (+0) +0.586580087<x100>[B] (+1) +0.586580087<x101>[B] (+1) +0.586580087<x102>[B] (+0) -0.586580087<x103>[B] (+1) -0.586580087<x104>[B] (+0) +0.586580087<x105>[B] (+1) +0.586580087<x106>[B] (+0) +0.586580087<x107>[B] (+1) -0.586580087<x108>[B] (+1) -0.586580087<x109>[B] (+0) +0.586580087<x110>[B] (+0) -0.586580087<x111>[B] (+0) +0.586580087<x112>[B] (+0) +0.586580087<x113>[B] (+0) -0.586580087<x114>[B] (+0) +0.586580087<x115>[B] (+0) +0.586580087<x116>[B] (+0) +0.586580087<x117>[B] (+0) -0.586580087<x118>[B] (+0) -0.586580087<x119>[B] (+0) +0.586580087<x120>[B] (+0) +0.586580087<x121>[B] (+0) +0.586580087<x122>[B] (+0) -0.586580087<x123>[B] (+0) -0.586580087<x124>[B] (+0) +0.586580087<x125>[B] (+0) -0.586580087<x126>[B] (+0) +0.586580087<x127>[B] (+1) -0.586580087<x128>[B] (+0) +0.586580087<x129>[B] (+1) +0.586580087<x130>[B] (+1) +0.586580087<x131>[B] (+1) -0.586580087<x132>[B] (+1) -0.586580087<x133>[B] (+0) +0.586580087<x134>[B] (+1) +0.586580087<x135>[B] (+1) +0.586580087<x136>[B] (+1) -0.586580087<x137>[B] (+1) -0.586580087<x138>[B] (+0) +0.586580087<x139>[B] (+1) -0.586580087<x140>[B] (+1) -0.586580087<x141>[B] (+0) +0.586580087<x142>[B] (+1) +0.586580087<x143>[B] (+1) -0.586580087<x144>[B] (+0) -0.586580087<x145>[B] (+1) -0.586580087<x146>[B] (+0) +0.586580087<x147>[B] (+1) -0.586580087<x148>[B] (+0) +0.586580087<x149>[B] (+1) -0.586580087<x150>[B] (+1) -0.586580087<x151>[B] (+0) -0.586580087<x152>[B] (+0) -0.586580087<x153>[B] (+0) +0.586580087<x154>[B] (+1) +0.586580087<x155>[B] (+1) +0.586580087<x156>[B] (+1) +0.586580087<x157>[B] (+1) -0.586580087<x158>[B] (+0) +0.586580087<x159>[B] (+1) +0.586580087<x160>[B] (+1) +0.586580087<x161>[B] (+1) +0.586580087<x162>[B] (+1) +0.586580087<x163>[B] (+1) +0.586580087<x164>[B] (+1) +0.586580087<x165>[B] (+1) +0.586580087<x166>[B] (+1) -0.586580087<x167>[B] (+0) -0.586580087<x168>[B] (+1) -0.586580087<x169>[B] (+0) +0.586580087<x170>[B] (+0) -0.586580087<x171>[B] (+0) +0.586580087<x172>[B] (+1) -0.586580087<x173>[B] (+1) -0.586580087<x174>[B] (+0) -0.586580087<x175>[B] (+0) -0.586580087<x176>[B] (+0) -0.586580087<x177>[B] (+0) -0.586580087<x178>[B] (+1) -0.586580087<x179>[B] (+0) -0.586580087<x180>[B] (+0) -0.586580087<x181>[B] (+0) -0.586580087<x182>[B] (+1) -0.586580087<x183>[B] (+1) -0.586580087<x184>[B] (+0) -0.586580087<x185>[B] (+0) -0.586580087<x186>[B] (+0) -0.586580087<x187>[B] (+1) -0.586580087<x188>[B] (+0) +0.586580087<x189>[B] (+1) +0.586580087<x190>[B] (+1) +0.586580087<x191>[B] (+1) -0.586580087<x192>[B] (+1) -0.586580087<x193>[B] (+0) -0.586580087<x194>[B] (+1) -0.586580087<x195>[B] (+1) -0.586580087<x196>[B] (+0) +0.586580087<x197>[B] (+0) +0.586580087<x198>[B] (+0) +0.586580087<x199>[B] (+0) -0.586580087<x200>[B] (+0) -0.586580087<x201>[B] (+0) +0.586580087<x202>[B] (+0) -0.586580087<x203>[B] (+0) +0.586580087<x204>[B] (+1) +0.586580087<x205>[B] (+1) +0.586580087<x206>[B] (+1) +0.586580087<x207>[B] (+1) +0.586580087<x208>[B] (+1) +0.586580087<x209>[B] (+1) +0.586580087<x210>[B] (+1) -0.586580087<x211>[B] (+0) +0.586580087<x212>[B] (+1) -0.586580087<x213>[B] (+1) -0.586580087<x214>[B] (+0) -0.586580087<x215>[B] (+0) -0.586580087<x216>[B] (+0) +0.586580087<x217>[B] (+1) -0.586580087<x218>[B] (+1) -0.586580087<x219>[B] (+0) -0.586580087<x220>[B] (+1) -0.586580087<x221>[B] (+1) -0.586580087<x222>[B] (+0) -0.586580087<x223>[B] (+0) -0.586580087<x224>[B] (+0) -0.586580087<x225>[B] (+0) -0.586580087<x226>[B] (+0) +0.586580087<x227>[B] (+0) -0.586580087<x228>[B] (+0) +0.586580087<x229>[B] (+1) -0.586580087<x230>[B] (+1) -0.586580087<x231>[B] (+1) >= 20.6774891774892;
;
violation: left hand side is violated by 1.92207792207792
2/4 feasible solutions given by solution candidate storage, new primal bound -9.998680e+05

presolving:
   (0.0s) symmetry computation started: requiring (bin +, int +, cont +), (fixed: bin -, int -, cont -)
   (0.0s) no symmetry present (symcode time: 0.00)
presolving (0 rounds: 0 fast, 0 medium, 0 exhaustive):
 0 deleted vars, 0 deleted constraints, 0 added constraints, 0 tightened bounds, 0 added holes, 0 changed sides, 0 changed coefficients
 0 implications, 0 cliques, 0 implied integral variables (0 bin, 0 int, 0 cont)
presolved problem has 241 variables (231 bin, 0 int, 10 cont) and 3099 constraints
   3099 constraints of type <linear>
Presolving Time: 0.00
transformed 2/2 original solutions to the transformed problem space

 time | node  | left  |LP iter|LP it/n|mem/heur|mdpt |vars |cons |rows |cuts |sepa|confs|strbr|  dualbound   | primalbound  |  gap   | compl. 
p 0.0s|     1 |     0 |     3 |     - |   locks|   0 | 241 |3099 |3099 |   0 |  0 |   0 |   0 | 3.760000e+02 |-3.258723e+02 |    Inf | unknown
* 0.0s|     1 |     0 |   153 |     - |    LP  |   0 | 241 |3099 |3099 |   0 |  0 |   0 |   0 |-9.337879e+01 |-9.337879e+01 |   0.00%| unknown
  0.0s|     1 |     0 |   153 |     - |    15M |   0 | 241 |3099 |3099 |   0 |  0 |   0 |   0 |-9.337879e+01 |-9.337879e+01 |   0.00%| unknown

SCIP Status        : problem is solved [optimal solution found]
Solving Time (sec) : 0.02
Solving Nodes      : 1
Primal Bound       : -9.33787878787877e+01 (4 solutions)
Dual Bound         : -9.33787878787877e+01
Gap                : 0.00 %
