Loading instance...
Median ranking: [10, 12, 8, 5, 20, 6, 14, 17, 4, 11, 23, 21, 3, 15, 9, 1, 7, 19, 16, 22, 18, 2, 13]
Mean ranking: [12, 8, 5, 6, 20, 14, 4, 11, 23, 10, 17, 21, 3, 15, 9, 1, 7, 19, 22, 18, 2, 13, 16]
Actual error: 0.0025909424506773693
Weighted Kendall distance: 273.5
Normalized distance: 0.06756422924901186
pgd conss, 0 impls, 0 clqs, 0 implints
   (0.0s) symmetry computation started: requiring (bin +, int +, cont +), (fixed: bin -, int -, cont -)
   (0.0s) no symmetry present (symcode time: 0.00)
presolving (2 rounds: 2 fast, 2 medium, 1 exhaustive):
 0 deleted vars, 3542 deleted constraints, 1771 added constraints, 0 tightened bounds, 0 added holes, 0 changed sides, 0 changed coefficients
 0 implications, 0 cliques, 0 implied integral variables (0 bin, 0 int, 0 cont)
presolved problem has 253 variables (0 bin, 0 int, 253 cont) and 1771 constraints
   1771 constraints of type <linear>
Presolving Time: 0.02
transformed 3/3 original solutions to the transformed problem space

 time | node  | left  |LP iter|LP it/n|mem/heur|mdpt |vars |cons |rows |cuts |sepa|confs|strbr|  dualbound   | primalbound  |  gap   | compl. 
* 0.0s|     1 |     0 |    68 |     - |    LP  |   0 | 253 |1771 |1771 |   0 |  0 |   0 |   0 | 3.180000e+02 | 3.180000e+02 |   0.00%| unknown
  0.0s|     1 |     0 |    68 |     - |    10M |   0 | 253 |1771 |1771 |   0 |  0 |   0 |   0 | 3.180000e+02 | 3.180000e+02 |   0.00%| unknown

SCIP Status        : problem is solved [optimal solution found]
Solving Time (sec) : 0.03
Solving Nodes      : 1
Primal Bound       : +3.18000000000000e+02 (4 solutions)
Dual Bound         : +3.18000000000000e+02
Gap                : 0.00 %
feasible solution found by trivial heuristic after 0.0 seconds, objective value 7.400000e+01
presolving:
   (0.0s) running MILP presolver
   (0.0s) MILP presolver (2 rounds): 0 aggregations, 0 fixings, 0 bound changes
(round 1, medium)     0 del vars, 3542 del conss, 1771 add conss, 0 chg bounds, 0 chg sides, 0 chg coeffs, 0 upgd conss, 0 impls, 0 clqs, 0 implints
   (0.0s) probing: 51/253 (20.2%) - 0 fixings, 0 aggregations, 0 implications, 0 bound changes
   (0.0s) probing aborted: 50/50 successive totally useless probings
   (0.0s) symmetry computation started: requiring (bin +, int +, cont +), (fixed: bin -, int -, cont -)
   (0.0s) no symmetry present (symcode time: 0.00)
presolving (2 rounds: 2 fast, 2 medium, 1 exhaustive):
 0 deleted vars, 3542 deleted constraints, 1771 added constraints, 0 tightened bounds, 0 added holes, 0 changed sides, 0 changed coefficients
 0 implications, 0 cliques, 0 implied integral variables (0 bin, 0 int, 0 cont)
presolved problem has 253 variables (253 bin, 0 int, 0 cont) and 1771 constraints
   1771 constraints of type <linear>
transformed objective value is always integral (scale: 2)
Presolving Time: 0.02
transformed 2/2 original solutions to the transformed problem space

 time | node  | left  |LP iter|LP it/n|mem/heur|mdpt |vars |cons |rows |cuts |sepa|confs|strbr|  dualbound   | primalbound  |  gap   | compl. 
p 0.0s|     1 |     0 |     0 |     - |   locks|   0 | 253 |1771 |1771 |   0 |  0 |   0 |   0 | 3.460000e+02 | 2.060000e+02 |  67.96%| unknown
i 0.0s|     1 |     0 |     0 |     - |  oneopt|   0 | 253 |1771 |1771 |   0 |  0 |   0 |   0 | 3.460000e+02 | 2.280000e+02 |  51.75%| unknown
* 0.0s|     1 |     0 |    62 |     - |    LP  |   0 | 253 |1771 |1771 |   0 |  0 |   0 |   0 | 3.180000e+02 | 3.180000e+02 |   0.00%| unknown
  0.0s|     1 |     0 |    62 |     - |    10M |   0 | 253 |1771 |1771 |   0 |  0 |   0 |   0 | 3.180000e+02 | 3.180000e+02 |   0.00%| unknown

SCIP Status        : problem is solved [optimal solution found]
Solving Time (sec) : 0.03
Solving Nodes      : 1
Primal Bound       : +3.18000000000000e+02 (5 solutions)
Dual Bound         : +3.18000000000000e+02
Gap                : 0.00 %
feasible solution found by trivial heuristic after 0.1 seconds, objective value -9.999260e+05
presolving:
(round 1, fast)       0 del vars, 0 del conss, 0 add conss, 20 chg bounds, 0 chg sides, 0 chg coeffs, 0 upgd conss, 0 impls, 0 clqs, 0 implints
   (0.6s) running MILP presolver
   (0.7s) MILP presolver (2 rounds): 0 aggregations, 0 fixings, 0 bound changes
(round 2, medium)     0 del vars, 6072 del conss, 4301 add conss, 20 chg bounds, 0 chg sides, 0 chg coeffs, 0 upgd conss, 0 impls, 0 clqs, 0 implints
   (1.2s) symmetry computation started: requiring (bin +, int +, cont +), (fixed: bin -, int -, cont -)
   (1.4s) no symmetry present (symcode time: 0.02)
presolving (3 rounds: 3 fast, 2 medium, 1 exhaustive):
 0 deleted vars, 6072 deleted constraints, 4301 added constraints, 20 tightened bounds, 0 added holes, 0 changed sides, 0 changed coefficients
 0 implications, 0 cliques, 0 implied integral variables (0 bin, 0 int, 0 cont)
presolved problem has 263 variables (0 bin, 0 int, 263 cont) and 4301 constraints
   4301 constraints of type <linear>
Presolving Time: 1.36

 time | node  | left  |LP iter|LP it/n|mem/heur|mdpt |vars |cons |rows |cuts |sepa|confs|strbr|  dualbound   | primalbound  |  gap   | compl. 
t 1.4s|     1 |     0 |     0 |     - | trivial|   0 | 263 |4301 |   0 |   0 |  0 |   0 |   0 | 3.460000e+02 |-1.191000e+03 |    Inf | unknown
* 1.7s|     1 |     0 |   442 |     - |    LP  |   0 | 263 |4301 |4301 |   0 |  0 |   0 |   0 |-1.616472e+02 |-1.616472e+02 |   0.00%| unknown
  1.7s|     1 |     0 |   442 |     - |   351M |   0 | 263 |4301 |4301 |   0 |  0 |   0 |   0 |-1.616472e+02 |-1.616472e+02 |   0.00%| unknown

SCIP Status        : problem is solved [optimal solution found]
Solving Time (sec) : 1.66
Solving Nodes      : 1
Primal Bound       : -1.61647233201581e+02 (3 solutions)
Dual Bound         : -1.61647233201581e+02
Gap                : 0.00 %
feasible solution found by trivial heuristic after 0.0 seconds, objective value -9.999260e+05
presolving:
(round 1, fast)       0 del vars, 0 del conss, 0 add conss, 20 chg bounds, 0 chg sides, 0 chg coeffs, 0 upgd conss, 0 impls, 0 clqs, 0 implints
   (0.4s) running MILP presolver
   (0.6s) MILP presolver (2 rounds): 0 aggregations, 0 fixings, 0 bound changes
(round 2, medium)     0 del vars, 6072 del conss, 4301 add conss, 20 chg bounds, 0 chg sides, 0 chg coeffs, 0 upgd conss, 0 impls, 0 clqs, 0 implints
   (1.1s) probing: 51/253 (20.2%) - 0 fixings, 0 aggregations, 0 implications, 0 bound changes
   (1.1s) probing aborted: 50/50 successive totally useless probings
   (1.2s) symmetry computation started: requiring (bin +, int +, cont +), (fixed: bin -, int -, cont -)
   (1.3s) no symmetry present (symcode time: 0.02)
presolving (3 rounds: 3 fast, 2 medium, 1 exhaustive):
 0 deleted vars, 6072 deleted constraints, 4301 added constraints, 20 tightened bounds, 0 added holes, 0 changed sides, 0 changed coefficients
 0 implications, 0 cliques, 0 implied integral variables (0 bin, 0 int, 0 cont)
presolved problem has 263 variables (253 bin, 0 int, 10 cont) and 4301 constraints
   4301 constraints of type <linear>
Presolving Time: 1.33

 time | node  | left  |LP iter|LP it/n|mem/heur|mdpt |vars |cons |rows |cuts |sepa|confs|strbr|  dualbound   | primalbound  |  gap   | compl. 
t 1.4s|     1 |     0 |     0 |     - | trivial|   0 | 263 |4301 |   0 |   0 |  0 |   0 |   0 | 3.460000e+02 |-1.191000e+03 |    Inf | unknown
p 1.7s|     1 |     0 |    10 |     - |   locks|   0 | 263 |4301 |4301 |   0 |  0 |   0 |   0 | 3.460000e+02 |-4.213518e+02 |    Inf | unknown
  1.8s|     1 |     0 |   452 |     - |   352M |   0 | 263 |4301 |4301 |   0 |  0 |   0 |   0 |-1.616472e+02 |-4.213518e+02 | 160.66%| unknown
r 1.8s|     1 |     0 |   452 |     - |shifting|   0 | 263 |4301 |4301 |   0 |  0 |   0 |   0 |-1.616472e+02 |-1.650119e+02 |   2.08%| unknown
  1.9s|     1 |     0 |   454 |     - |   352M |   0 | 263 |4301 |4302 |   1 |  1 |   0 |   0 |-1.616502e+02 |-1.650119e+02 |   2.08%| unknown
  1.9s|     1 |     0 |   455 |     - |   353M |   0 | 263 |4301 |4303 |   2 |  2 |   0 |   0 |-1.616522e+02 |-1.650119e+02 |   2.08%| unknown
d 1.9s|     1 |     0 |   455 |     - |farkasdi|   0 | 263 |4301 |4303 |   0 |  3 |   0 |   0 |-1.616522e+02 |-1.616522e+02 |   0.00%| unknown
  1.9s|     1 |     0 |   455 |     - |   353M |   0 | 263 |4301 |4303 |   2 |  3 |   0 |   0 |-1.616522e+02 |-1.616522e+02 |   0.00%| unknown

SCIP Status        : problem is solved [optimal solution found]
Solving Time (sec) : 1.93
Solving Nodes      : 1
Primal Bound       : -1.61652173913043e+02 (6 solutions)
Dual Bound         : -1.61652173913043e+02
Gap                : 0.00 %
feasible solution found by trivial heuristic after 0.0 seconds, objective value 0.000000e+00
presolving:
   (0.0s) symmetry computation started: requiring (bin +, int +, cont +), (fixed: bin -, int -, cont -)
   (0.0s) symmetry computation finished: 9 generators found (max: 1500, log10 of symmetry group size: 6.56) (symcode time: 0.00)
dynamic symmetry handling statistics:
   orbitopal reduction:       no components
   orbital reduction:         no components
   lexicographic reduction:   no permutations
handled 1 out of 1 symmetry components
presolving (0 rounds: 0 fast, 0 medium, 0 exhaustive):
 0 deleted vars, 0 deleted constraints, 0 added constraints, 0 tightened bounds, 0 added holes, 0 changed sides, 0 changed coefficients
 0 implications, 0 cliques, 0 implied integral variables (0 bin, 0 int, 0 cont)
presolved problem has 263 variables (253 bin, 0 int, 10 cont) and 3551 constraints
   3551 constraints of type <linear>
Presolving Time: 0.00
transformed 2/2 original solutions to the transformed problem space

 time | node  | left  |LP iter|LP it/n|mem/heur|mdpt |vars |cons |rows |cuts |sepa|confs|strbr|  dualbound   | primalbound  |  gap   | compl. 
t 0.0s|     1 |     0 |     0 |     - | trivial|   0 | 263 |3542 |   0 |   0 |  0 |   0 |   0 | 3.460000e+02 | 7.400000e+01 | 367.57%| unknown
i 0.0s|     1 |     0 |     0 |     - |  oneopt|   0 | 263 |3542 |3542 |   0 |  0 |   0 |   0 | 3.460000e+02 | 1.720000e+02 | 101.16%| unknown
* 0.0s|     1 |     0 |    62 |     - |    LP  |   0 | 263 |3542 |3542 |   0 |  0 |   0 |   0 | 3.180000e+02 | 3.180000e+02 |   0.00%| unknown
  0.0s|     1 |     0 |    62 |     - |    14M |   0 | 263 |3542 |3542 |   0 |  0 |   0 |   0 | 3.180000e+02 | 3.180000e+02 |   0.00%| unknown

SCIP Status        : problem is solved [optimal solution found]
Solving Time (sec) : 0.01
Solving Nodes      : 1
Primal Bound       : +3.18000000000000e+02 (5 solutions)
Dual Bound         : +3.18000000000000e+02
Gap                : 0.00 %
  [linear] <c3543>: <x254>[C] (+0) -0.527667984<x1>[B] (+1) -0.527667984<x2>[B] (+0) -0.527667984<x3>[B] (+0) -0.527667984<x4>[B] (+0) -0.527667984<x5>[B] (+0) -0.527667984<x6>[B] (+1) +0.527667984<x7>[B] (+0) -0.527667984<x8>[B] (+0) -0.527667984<x9>[B] (+0) -0.527667984<x10>[B] (+0) +0.527667984<x11>[B] (+0) -0.527667984<x12>[B] (+1) -0.527667984<x13>[B] (+0) +0.527667984<x14>[B] (+0) -0.527667984<x15>[B] (+1) -0.527667984<x16>[B] (+0) -0.527667984<x17>[B] (+1) +0.527667984<x18>[B] (+1) -0.527667984<x19>[B] (+0) +0.527667984<x20>[B] (+0) +0.527667984<x21>[B] (+1) -0.527667984<x22>[B] (+0) +0.527667984<x23>[B] (+0) -0.527667984<x24>[B] (+0) +0.527667984<x25>[B] (+0) +0.527667984<x26>[B] (+0) +0.527667984<x27>[B] (+0) +0.527667984<x28>[B] (+0) -0.527667984<x29>[B] (+0) -0.527667984<x30>[B] (+0) -0.527667984<x31>[B] (+0) +0.527667984<x32>[B] (+0) -0.527667984<x33>[B] (+1) -0.527667984<x34>[B] (+0) +0.527667984<x35>[B] (+0) -0.527667984<x36>[B] (+0) +0.527667984<x37>[B] (+0) +0.527667984<x38>[B] (+0) +0.527667984<x39>[B] (+0) -0.527667984<x40>[B] (+0) +0.527667984<x41>[B] (+0) +0.527667984<x42>[B] (+0) -0.527667984<x43>[B] (+0) -0.527667984<x44>[B] (+0) +0.527667984<x45>[B] (+0) -0.527667984<x46>[B] (+0) +0.527667984<x47>[B] (+1) +0.527667984<x48>[B] (+0) -0.527667984<x49>[B] (+1) -0.527667984<x50>[B] (+0) -0.527667984<x51>[B] (+0) +0.527667984<x52>[B] (+0) -0.527667984<x53>[B] (+1) -0.527667984<x54>[B] (+0) +0.527667984<x55>[B] (+1) -0.527667984<x56>[B] (+1) +0.527667984<x57>[B] (+0) -0.527667984<x58>[B] (+1) +0.527667984<x59>[B] (+1) -0.527667984<x60>[B] (+0) +0.527667984<x61>[B] (+0) +0.527667984<x62>[B] (+1) -0.527667984<x63>[B] (+0) +0.527667984<x64>[B] (+0) +0.527667984<x65>[B] (+0) +0.527667984<x66>[B] (+1) +0.527667984<x67>[B] (+0) -0.527667984<x68>[B] (+1) -0.527667984<x69>[B] (+0) -0.527667984<x70>[B] (+1) +0.527667984<x71>[B] (+0) -0.527667984<x72>[B] (+1) +0.527667984<x73>[B] (+0) +0.527667984<x74>[B] (+1) -0.527667984<x75>[B] (+1) +0.527667984<x76>[B] (+0) +0.527667984<x77>[B] (+1) +0.527667984<x78>[B] (+1) -0.527667984<x79>[B] (+0) +0.527667984<x80>[B] (+1) +0.527667984<x81>[B] (+1) -0.527667984<x82>[B] (+1) -0.527667984<x83>[B] (+1) +0.527667984<x84>[B] (+1) +0.527667984<x85>[B] (+0) -0.527667984<x86>[B] (+1) -0.527667984<x87>[B] (+0) -0.527667984<x88>[B] (+1) +0.527667984<x89>[B] (+0) -0.527667984<x90>[B] (+1) -0.527667984<x91>[B] (+1) +0.527667984<x92>[B] (+1) -0.527667984<x93>[B] (+1) +0.527667984<x94>[B] (+1) -0.527667984<x95>[B] (+1) +0.527667984<x96>[B] (+1) -0.527667984<x97>[B] (+1) +0.527667984<x98>[B] (+1) +0.527667984<x99>[B] (+1) -0.527667984<x100>[B] (+1) +0.527667984<x101>[B] (+1) +0.527667984<x102>[B] (+0) -0.527667984<x103>[B] (+1) -0.527667984<x104>[B] (+0) -0.527667984<x105>[B] (+1) +0.527667984<x106>[B] (+0) -0.527667984<x107>[B] (+1) -0.527667984<x108>[B] (+1) +0.527667984<x109>[B] (+1) -0.527667984<x110>[B] (+1) +0.527667984<x111>[B] (+1) -0.527667984<x112>[B] (+1) +0.527667984<x113>[B] (+1) -0.527667984<x114>[B] (+0) +0.527667984<x115>[B] (+1) +0.527667984<x116>[B] (+1) -0.527667984<x117>[B] (+1) +0.527667984<x118>[B] (+0) -0.527667984<x119>[B] (+0) -0.527667984<x120>[B] (+0) -0.527667984<x121>[B] (+0) +0.527667984<x122>[B] (+0) -0.527667984<x123>[B] (+1) -0.527667984<x124>[B] (+0) +0.527667984<x125>[B] (+0) -0.527667984<x126>[B] (+1) +0.527667984<x127>[B] (+0) -0.527667984<x128>[B] (+1) +0.527667984<x129>[B] (+1) -0.527667984<x130>[B] (+0) +0.527667984<x131>[B] (+0) +0.527667984<x132>[B] (+1) -0.527667984<x133>[B] (+0) -0.527667984<x134>[B] (+1) -0.527667984<x135>[B] (+0) -0.527667984<x136>[B] (+1) -0.527667984<x137>[B] (+0) -0.527667984<x138>[B] (+1) -0.527667984<x139>[B] (+1) +0.527667984<x140>[B] (+1) -0.527667984<x141>[B] (+1) -0.527667984<x142>[B] (+1) -0.527667984<x143>[B] (+1) -0.527667984<x144>[B] (+1) -0.527667984<x145>[B] (+1) -0.527667984<x146>[B] (+1) +0.527667984<x147>[B] (+1) -0.527667984<x148>[B] (+1) +0.527667984<x149>[B] (+0) +0.527667984<x150>[B] (+0) +0.527667984<x151>[B] (+0) +0.527667984<x152>[B] (+1) +0.527667984<x153>[B] (+0) +0.527667984<x154>[B] (+0) +0.527667984<x155>[B] (+1) +0.527667984<x156>[B] (+0) +0.527667984<x157>[B] (+1) +0.527667984<x158>[B] (+1) +0.527667984<x159>[B] (+0) +0.527667984<x160>[B] (+0) +0.527667984<x161>[B] (+1) +0.527667984<x162>[B] (+0) +0.527667984<x163>[B] (+1) +0.527667984<x164>[B] (+1) -0.527667984<x165>[B] (+1) +0.527667984<x166>[B] (+1) +0.527667984<x167>[B] (+1) -0.527667984<x168>[B] (+1) +0.527667984<x169>[B] (+1) +0.527667984<x170>[B] (+1) +0.527667984<x171>[B] (+1) +0.527667984<x172>[B] (+1) +0.527667984<x173>[B] (+1) +0.527667984<x174>[B] (+1) -0.527667984<x175>[B] (+1) +0.527667984<x176>[B] (+0) -0.527667984<x177>[B] (+1) +0.527667984<x178>[B] (+0) +0.527667984<x179>[B] (+1) -0.527667984<x180>[B] (+1) +0.527667984<x181>[B] (+0) +0.527667984<x182>[B] (+1) +0.527667984<x183>[B] (+1) +0.527667984<x184>[B] (+0) +0.527667984<x185>[B] (+1) +0.527667984<x186>[B] (+1) -0.527667984<x187>[B] (+1) -0.527667984<x188>[B] (+1) -0.527667984<x189>[B] (+1) +0.527667984<x190>[B] (+1) -0.527667984<x191>[B] (+1) -0.527667984<x192>[B] (+1) -0.527667984<x193>[B] (+1) -0.527667984<x194>[B] (+1) -0.527667984<x195>[B] (+1) +0.527667984<x196>[B] (+1) +0.527667984<x197>[B] (+1) -0.527667984<x198>[B] (+1) +0.527667984<x199>[B] (+0) +0.527667984<x200>[B] (+0) -0.527667984<x201>[B] (+0) +0.527667984<x202>[B] (+0) +0.527667984<x203>[B] (+0) +0.527667984<x204>[B] (+0) +0.527667984<x205>[B] (+0) +0.527667984<x206>[B] (+0) +0.527667984<x207>[B] (+0) +0.527667984<x208>[B] (+0) +0.527667984<x209>[B] (+1) -0.527667984<x210>[B] (+1) +0.527667984<x211>[B] (+1) +0.527667984<x212>[B] (+1) +0.527667984<x213>[B] (+1) -0.527667984<x214>[B] (+0) +0.527667984<x215>[B] (+1) +0.527667984<x216>[B] (+1) -0.527667984<x217>[B] (+1) -0.527667984<x218>[B] (+1) -0.527667984<x219>[B] (+0) -0.527667984<x220>[B] (+1) -0.527667984<x221>[B] (+1) -0.527667984<x222>[B] (+0) -0.527667984<x223>[B] (+0) +0.527667984<x224>[B] (+1) -0.527667984<x225>[B] (+0) +0.527667984<x226>[B] (+0) +0.527667984<x227>[B] (+1) +0.527667984<x228>[B] (+0) +0.527667984<x229>[B] (+0) +0.527667984<x230>[B] (+0) +0.527667984<x231>[B] (+1) +0.527667984<x232>[B] (+0) -0.527667984<x233>[B] (+1) +0.527667984<x234>[B] (+1) -0.527667984<x235>[B] (+0) +0.527667984<x236>[B] (+1) +0.527667984<x237>[B] (+1) -0.527667984<x238>[B] (+1) +0.527667984<x239>[B] (+0) -0.527667984<x240>[B] (+0) +0.527667984<x241>[B] (+0) +0.527667984<x242>[B] (+0) -0.527667984<x243>[B] (+0) -0.527667984<x244>[B] (+0) +0.527667984<x245>[B] (+0) +0.527667984<x246>[B] (+1) -0.527667984<x247>[B] (+0) +0.527667984<x248>[B] (+1) +0.527667984<x249>[B] (+1) -0.527667984<x250>[B] (+1) +0.527667984<x251>[B] (+1) -0.527667984<x252>[B] (+0) -0.527667984<x253>[B] (+0) >= 35.4861660079051;
;
violation: left hand side is violated by 35.4861660079051
  [linear] <c3543>: <x254>[C] (+0) -0.527667984<x1>[B] (+1) -0.527667984<x2>[B] (+0) -0.527667984<x3>[B] (+1) -0.527667984<x4>[B] (+1) -0.527667984<x5>[B] (+1) -0.527667984<x6>[B] (+1) +0.527667984<x7>[B] (+0) -0.527667984<x8>[B] (+1) -0.527667984<x9>[B] (+1) -0.527667984<x10>[B] (+1) +0.527667984<x11>[B] (+1) -0.527667984<x12>[B] (+1) -0.527667984<x13>[B] (+1) +0.527667984<x14>[B] (+1) -0.527667984<x15>[B] (+1) -0.527667984<x16>[B] (+1) -0.527667984<x17>[B] (+1) +0.527667984<x18>[B] (+1) -0.527667984<x19>[B] (+1) +0.527667984<x20>[B] (+1) +0.527667984<x21>[B] (+1) -0.527667984<x22>[B] (+1) +0.527667984<x23>[B] (+0) -0.527667984<x24>[B] (+0) +0.527667984<x25>[B] (+0) +0.527667984<x26>[B] (+0) +0.527667984<x27>[B] (+1) +0.527667984<x28>[B] (+0) -0.527667984<x29>[B] (+1) -0.527667984<x30>[B] (+0) -0.527667984<x31>[B] (+1) +0.527667984<x32>[B] (+1) -0.527667984<x33>[B] (+1) -0.527667984<x34>[B] (+1) +0.527667984<x35>[B] (+1) -0.527667984<x36>[B] (+1) +0.527667984<x37>[B] (+1) +0.527667984<x38>[B] (+1) +0.527667984<x39>[B] (+1) -0.527667984<x40>[B] (+1) +0.527667984<x41>[B] (+1) +0.527667984<x42>[B] (+1) -0.527667984<x43>[B] (+1) -0.527667984<x44>[B] (+1) +0.527667984<x45>[B] (+1) -0.527667984<x46>[B] (+1) +0.527667984<x47>[B] (+1) +0.527667984<x48>[B] (+0) -0.527667984<x49>[B] (+1) -0.527667984<x50>[B] (+1) -0.527667984<x51>[B] (+1) +0.527667984<x52>[B] (+1) -0.527667984<x53>[B] (+1) -0.527667984<x54>[B] (+1) +0.527667984<x55>[B] (+1) -0.527667984<x56>[B] (+1) +0.527667984<x57>[B] (+1) -0.527667984<x58>[B] (+1) +0.527667984<x59>[B] (+1) -0.527667984<x60>[B] (+1) +0.527667984<x61>[B] (+1) +0.527667984<x62>[B] (+1) -0.527667984<x63>[B] (+1) +0.527667984<x64>[B] (+0) +0.527667984<x65>[B] (+0) +0.527667984<x66>[B] (+1) +0.527667984<x67>[B] (+0) -0.527667984<x68>[B] (+1) -0.527667984<x69>[B] (+1) -0.527667984<x70>[B] (+1) +0.527667984<x71>[B] (+1) -0.527667984<x72>[B] (+1) +0.527667984<x73>[B] (+1) +0.527667984<x74>[B] (+1) -0.527667984<x75>[B] (+1) +0.527667984<x76>[B] (+1) +0.527667984<x77>[B] (+1) +0.527667984<x78>[B] (+1) -0.527667984<x79>[B] (+1) +0.527667984<x80>[B] (+1) +0.527667984<x81>[B] (+1) -0.527667984<x82>[B] (+1) -0.527667984<x83>[B] (+1) +0.527667984<x84>[B] (+1) +0.527667984<x85>[B] (+0) -0.527667984<x86>[B] (+1) -0.527667984<x87>[B] (+1) -0.527667984<x88>[B] (+1) +0.527667984<x89>[B] (+1) -0.527667984<x90>[B] (+1) -0.527667984<x91>[B] (+1) +0.527667984<x92>[B] (+1) -0.527667984<x93>[B] (+1) +0.527667984<x94>[B] (+1) -0.527667984<x95>[B] (+1) +0.527667984<x96>[B] (+1) -0.527667984<x97>[B] (+1) +0.527667984<x98>[B] (+1) +0.527667984<x99>[B] (+1) -0.527667984<x100>[B] (+1) +0.527667984<x101>[B] (+1) +0.527667984<x102>[B] (+0) -0.527667984<x103>[B] (+1) -0.527667984<x104>[B] (+1) -0.527667984<x105>[B] (+1) +0.527667984<x106>[B] (+1) -0.527667984<x107>[B] (+1) -0.527667984<x108>[B] (+1) +0.527667984<x109>[B] (+1) -0.527667984<x110>[B] (+1) +0.527667984<x111>[B] (+1) -0.527667984<x112>[B] (+1) +0.527667984<x113>[B] (+1) -0.527667984<x114>[B] (+1) +0.527667984<x115>[B] (+1) +0.527667984<x116>[B] (+1) -0.527667984<x117>[B] (+1) +0.527667984<x118>[B] (+0) -0.527667984<x119>[B] (+0) -0.527667984<x120>[B] (+0) -0.527667984<x121>[B] (+0) +0.527667984<x122>[B] (+0) -0.527667984<x123>[B] (+1) -0.527667984<x124>[B] (+0) +0.527667984<x125>[B] (+1) -0.527667984<x126>[B] (+1) +0.527667984<x127>[B] (+1) -0.527667984<x128>[B] (+1) +0.527667984<x129>[B] (+1) -0.527667984<x130>[B] (+1) +0.527667984<x131>[B] (+1) +0.527667984<x132>[B] (+1) -0.527667984<x133>[B] (+1) -0.527667984<x134>[B] (+1) -0.527667984<x135>[B] (+1) -0.527667984<x136>[B] (+1) -0.527667984<x137>[B] (+1) -0.527667984<x138>[B] (+1) -0.527667984<x139>[B] (+1) +0.527667984<x140>[B] (+1) -0.527667984<x141>[B] (+1) -0.527667984<x142>[B] (+1) -0.527667984<x143>[B] (+1) -0.527667984<x144>[B] (+1) -0.527667984<x145>[B] (+1) -0.527667984<x146>[B] (+1) +0.527667984<x147>[B] (+1) -0.527667984<x148>[B] (+1) +0.527667984<x149>[B] (+0) +0.527667984<x150>[B] (+1) +0.527667984<x151>[B] (+1) +0.527667984<x152>[B] (+1) +0.527667984<x153>[B] (+1) +0.527667984<x154>[B] (+1) +0.527667984<x155>[B] (+1) +0.527667984<x156>[B] (+1) +0.527667984<x157>[B] (+1) +0.527667984<x158>[B] (+1) +0.527667984<x159>[B] (+1) +0.527667984<x160>[B] (+1) +0.527667984<x161>[B] (+1) +0.527667984<x162>[B] (+1) +0.527667984<x163>[B] (+1) +0.527667984<x164>[B] (+1) -0.527667984<x165>[B] (+1) +0.527667984<x166>[B] (+1) +0.527667984<x167>[B] (+1) -0.527667984<x168>[B] (+1) +0.527667984<x169>[B] (+1) +0.527667984<x170>[B] (+1) +0.527667984<x171>[B] (+1) +0.527667984<x172>[B] (+1) +0.527667984<x173>[B] (+1) +0.527667984<x174>[B] (+1) -0.527667984<x175>[B] (+1) +0.527667984<x176>[B] (+0) -0.527667984<x177>[B] (+1) +0.527667984<x178>[B] (+0) +0.527667984<x179>[B] (+1) -0.527667984<x180>[B] (+1) +0.527667984<x181>[B] (+1) +0.527667984<x182>[B] (+1) +0.527667984<x183>[B] (+1) +0.527667984<x184>[B] (+1) +0.527667984<x185>[B] (+1) +0.527667984<x186>[B] (+1) -0.527667984<x187>[B] (+1) -0.527667984<x188>[B] (+1) -0.527667984<x189>[B] (+1) +0.527667984<x190>[B] (+1) -0.527667984<x191>[B] (+1) -0.527667984<x192>[B] (+1) -0.527667984<x193>[B] (+1) -0.527667984<x194>[B] (+1) -0.527667984<x195>[B] (+1) +0.527667984<x196>[B] (+1) +0.527667984<x197>[B] (+1) -0.527667984<x198>[B] (+1) +0.527667984<x199>[B] (+0) +0.527667984<x200>[B] (+1) -0.527667984<x201>[B] (+1) +0.527667984<x202>[B] (+1) +0.527667984<x203>[B] (+1) +0.527667984<x204>[B] (+1) +0.527667984<x205>[B] (+1) +0.527667984<x206>[B] (+1) +0.527667984<x207>[B] (+1) +0.527667984<x208>[B] (+1) +0.527667984<x209>[B] (+1) -0.527667984<x210>[B] (+1) +0.527667984<x211>[B] (+1) +0.527667984<x212>[B] (+1) +0.527667984<x213>[B] (+1) -0.527667984<x214>[B] (+1) +0.527667984<x215>[B] (+1) +0.527667984<x216>[B] (+1) -0.527667984<x217>[B] (+1) -0.527667984<x218>[B] (+1) -0.527667984<x219>[B] (+1) -0.527667984<x220>[B] (+1) -0.527667984<x221>[B] (+1) -0.527667984<x222>[B] (+1) -0.527667984<x223>[B] (+1) +0.527667984<x224>[B] (+1) -0.527667984<x225>[B] (+1) +0.527667984<x226>[B] (+0) +0.527667984<x227>[B] (+1) +0.527667984<x228>[B] (+0) +0.527667984<x229>[B] (+1) +0.527667984<x230>[B] (+1) +0.527667984<x231>[B] (+1) +0.527667984<x232>[B] (+1) -0.527667984<x233>[B] (+1) +0.527667984<x234>[B] (+1) -0.527667984<x235>[B] (+1) +0.527667984<x236>[B] (+1) +0.527667984<x237>[B] (+1) -0.527667984<x238>[B] (+1) +0.527667984<x239>[B] (+0) -0.527667984<x240>[B] (+1) +0.527667984<x241>[B] (+1) +0.527667984<x242>[B] (+1) -0.527667984<x243>[B] (+1) -0.527667984<x244>[B] (+1) +0.527667984<x245>[B] (+1) +0.527667984<x246>[B] (+1) -0.527667984<x247>[B] (+1) +0.527667984<x248>[B] (+1) +0.527667984<x249>[B] (+1) -0.527667984<x250>[B] (+1) +0.527667984<x251>[B] (+1) -0.527667984<x252>[B] (+1) -0.527667984<x253>[B] (+0) >= 35.4861660079051;
;
violation: left hand side is violated by 33.903162055336
  [linear] <c3543>: <x254>[C] (+0) -0.527667984<x1>[B] (+1) -0.527667984<x2>[B] (+1) -0.527667984<x3>[B] (+1) -0.527667984<x4>[B] (+1) -0.527667984<x5>[B] (+1) -0.527667984<x6>[B] (+1) +0.527667984<x7>[B] (+1) -0.527667984<x8>[B] (+1) -0.527667984<x9>[B] (+1) -0.527667984<x10>[B] (+1) +0.527667984<x11>[B] (+1) -0.527667984<x12>[B] (+1) -0.527667984<x13>[B] (+1) +0.527667984<x14>[B] (+1) -0.527667984<x15>[B] (+1) -0.527667984<x16>[B] (+1) -0.527667984<x17>[B] (+1) +0.527667984<x18>[B] (+1) -0.527667984<x19>[B] (+1) +0.527667984<x20>[B] (+1) +0.527667984<x21>[B] (+1) -0.527667984<x22>[B] (+1) +0.527667984<x23>[B] (+1) -0.527667984<x24>[B] (+1) +0.527667984<x25>[B] (+1) +0.527667984<x26>[B] (+1) +0.527667984<x27>[B] (+1) +0.527667984<x28>[B] (+1) -0.527667984<x29>[B] (+1) -0.527667984<x30>[B] (+1) -0.527667984<x31>[B] (+1) +0.527667984<x32>[B] (+1) -0.527667984<x33>[B] (+1) -0.527667984<x34>[B] (+1) +0.527667984<x35>[B] (+1) -0.527667984<x36>[B] (+1) +0.527667984<x37>[B] (+1) +0.527667984<x38>[B] (+1) +0.527667984<x39>[B] (+1) -0.527667984<x40>[B] (+1) +0.527667984<x41>[B] (+1) +0.527667984<x42>[B] (+1) -0.527667984<x43>[B] (+1) -0.527667984<x44>[B] (+1) +0.527667984<x45>[B] (+1) -0.527667984<x46>[B] (+1) +0.527667984<x47>[B] (+1) +0.527667984<x48>[B] (+1) -0.527667984<x49>[B] (+1) -0.527667984<x50>[B] (+1) -0.527667984<x51>[B] (+1) +0.527667984<x52>[B] (+1) -0.527667984<x53>[B] (+1) -0.527667984<x54>[B] (+1) +0.527667984<x55>[B] (+1) -0.527667984<x56>[B] (+1) +0.527667984<x57>[B] (+1) -0.527667984<x58>[B] (+1) +0.527667984<x59>[B] (+1) -0.527667984<x60>[B] (+1) +0.527667984<x61>[B] (+1) +0.527667984<x62>[B] (+1) -0.527667984<x63>[B] (+1) +0.527667984<x64>[B] (+1) +0.527667984<x65>[B] (+1) +0.527667984<x66>[B] (+1) +0.527667984<x67>[B] (+1) -0.527667984<x68>[B] (+1) -0.527667984<x69>[B] (+1) -0.527667984<x70>[B] (+1) +0.527667984<x71>[B] (+1) -0.527667984<x72>[B] (+1) +0.527667984<x73>[B] (+1) +0.527667984<x74>[B] (+1) -0.527667984<x75>[B] (+1) +0.527667984<x76>[B] (+1) +0.527667984<x77>[B] (+1) +0.527667984<x78>[B] (+1) -0.527667984<x79>[B] (+1) +0.527667984<x80>[B] (+1) +0.527667984<x81>[B] (+1) -0.527667984<x82>[B] (+1) -0.527667984<x83>[B] (+1) +0.527667984<x84>[B] (+1) +0.527667984<x85>[B] (+1) -0.527667984<x86>[B] (+1) -0.527667984<x87>[B] (+1) -0.527667984<x88>[B] (+1) +0.527667984<x89>[B] (+1) -0.527667984<x90>[B] (+1) -0.527667984<x91>[B] (+1) +0.527667984<x92>[B] (+1) -0.527667984<x93>[B] (+1) +0.527667984<x94>[B] (+1) -0.527667984<x95>[B] (+1) +0.527667984<x96>[B] (+1) -0.527667984<x97>[B] (+1) +0.527667984<x98>[B] (+1) +0.527667984<x99>[B] (+1) -0.527667984<x100>[B] (+1) +0.527667984<x101>[B] (+1) +0.527667984<x102>[B] (+1) -0.527667984<x103>[B] (+1) -0.527667984<x104>[B] (+1) -0.527667984<x105>[B] (+1) +0.527667984<x106>[B] (+1) -0.527667984<x107>[B] (+1) -0.527667984<x108>[B] (+1) +0.527667984<x109>[B] (+1) -0.527667984<x110>[B] (+1) +0.527667984<x111>[B] (+1) -0.527667984<x112>[B] (+1) +0.527667984<x113>[B] (+1) -0.527667984<x114>[B] (+1) +0.527667984<x115>[B] (+1) +0.527667984<x116>[B] (+1) -0.527667984<x117>[B] (+1) +0.527667984<x118>[B] (+1) -0.527667984<x119>[B] (+1) -0.527667984<x120>[B] (+1) -0.527667984<x121>[B] (+1) +0.527667984<x122>[B] (+1) -0.527667984<x123>[B] (+1) -0.527667984<x124>[B] (+1) +0.527667984<x125>[B] (+1) -0.527667984<x126>[B] (+1) +0.527667984<x127>[B] (+1) -0.527667984<x128>[B] (+1) +0.527667984<x129>[B] (+1) -0.527667984<x130>[B] (+1) +0.527667984<x131>[B] (+1) +0.527667984<x132>[B] (+1) -0.527667984<x133>[B] (+1) -0.527667984<x134>[B] (+1) -0.527667984<x135>[B] (+1) -0.527667984<x136>[B] (+1) -0.527667984<x137>[B] (+1) -0.527667984<x138>[B] (+1) -0.527667984<x139>[B] (+1) +0.527667984<x140>[B] (+1) -0.527667984<x141>[B] (+1) -0.527667984<x142>[B] (+1) -0.527667984<x143>[B] (+1) -0.527667984<x144>[B] (+1) -0.527667984<x145>[B] (+1) -0.527667984<x146>[B] (+1) +0.527667984<x147>[B] (+1) -0.527667984<x148>[B] (+1) +0.527667984<x149>[B] (+1) +0.527667984<x150>[B] (+1) +0.527667984<x151>[B] (+1) +0.527667984<x152>[B] (+1) +0.527667984<x153>[B] (+1) +0.527667984<x154>[B] (+1) +0.527667984<x155>[B] (+1) +0.527667984<x156>[B] (+1) +0.527667984<x157>[B] (+1) +0.527667984<x158>[B] (+1) +0.527667984<x159>[B] (+1) +0.527667984<x160>[B] (+1) +0.527667984<x161>[B] (+1) +0.527667984<x162>[B] (+1) +0.527667984<x163>[B] (+1) +0.527667984<x164>[B] (+1) -0.527667984<x165>[B] (+1) +0.527667984<x166>[B] (+1) +0.527667984<x167>[B] (+1) -0.527667984<x168>[B] (+1) +0.527667984<x169>[B] (+1) +0.527667984<x170>[B] (+1) +0.527667984<x171>[B] (+1) +0.527667984<x172>[B] (+1) +0.527667984<x173>[B] (+1) +0.527667984<x174>[B] (+1) -0.527667984<x175>[B] (+1) +0.527667984<x176>[B] (+1) -0.527667984<x177>[B] (+1) +0.527667984<x178>[B] (+1) +0.527667984<x179>[B] (+1) -0.527667984<x180>[B] (+1) +0.527667984<x181>[B] (+1) +0.527667984<x182>[B] (+1) +0.527667984<x183>[B] (+1) +0.527667984<x184>[B] (+1) +0.527667984<x185>[B] (+1) +0.527667984<x186>[B] (+1) -0.527667984<x187>[B] (+1) -0.527667984<x188>[B] (+1) -0.527667984<x189>[B] (+1) +0.527667984<x190>[B] (+1) -0.527667984<x191>[B] (+1) -0.527667984<x192>[B] (+1) -0.527667984<x193>[B] (+1) -0.527667984<x194>[B] (+1) -0.527667984<x195>[B] (+1) +0.527667984<x196>[B] (+1) +0.527667984<x197>[B] (+1) -0.527667984<x198>[B] (+1) +0.527667984<x199>[B] (+1) +0.527667984<x200>[B] (+1) -0.527667984<x201>[B] (+1) +0.527667984<x202>[B] (+1) +0.527667984<x203>[B] (+1) +0.527667984<x204>[B] (+1) +0.527667984<x205>[B] (+1) +0.527667984<x206>[B] (+1) +0.527667984<x207>[B] (+1) +0.527667984<x208>[B] (+1) +0.527667984<x209>[B] (+1) -0.527667984<x210>[B] (+1) +0.527667984<x211>[B] (+1) +0.527667984<x212>[B] (+1) +0.527667984<x213>[B] (+1) -0.527667984<x214>[B] (+1) +0.527667984<x215>[B] (+1) +0.527667984<x216>[B] (+1) -0.527667984<x217>[B] (+1) -0.527667984<x218>[B] (+1) -0.527667984<x219>[B] (+1) -0.527667984<x220>[B] (+1) -0.527667984<x221>[B] (+1) -0.527667984<x222>[B] (+1) -0.527667984<x223>[B] (+1) +0.527667984<x224>[B] (+1) -0.527667984<x225>[B] (+1) +0.527667984<x226>[B] (+1) +0.527667984<x227>[B] (+1) +0.527667984<x228>[B] (+1) +0.527667984<x229>[B] (+1) +0.527667984<x230>[B] (+1) +0.527667984<x231>[B] (+1) +0.527667984<x232>[B] (+1) -0.527667984<x233>[B] (+1) +0.527667984<x234>[B] (+1) -0.527667984<x235>[B] (+1) +0.527667984<x236>[B] (+1) +0.527667984<x237>[B] (+1) -0.527667984<x238>[B] (+1) +0.527667984<x239>[B] (+1) -0.527667984<x240>[B] (+1) +0.527667984<x241>[B] (+1) +0.527667984<x242>[B] (+1) -0.527667984<x243>[B] (+1) -0.527667984<x244>[B] (+1) +0.527667984<x245>[B] (+1) +0.527667984<x246>[B] (+1) -0.527667984<x247>[B] (+1) +0.527667984<x248>[B] (+1) +0.527667984<x249>[B] (+1) -0.527667984<x250>[B] (+1) +0.527667984<x251>[B] (+1) -0.527667984<x252>[B] (+1) -0.527667984<x253>[B] (+1) >= 35.4861660079051;
;
violation: left hand side is violated by 27.5711462450593
  [linear] <c3543>: <x254>[C] (+0) -0.527667984<x1>[B] (+0) -0.527667984<x2>[B] (+0) -0.527667984<x3>[B] (+0) -0.527667984<x4>[B] (+0) -0.527667984<x5>[B] (+0) -0.527667984<x6>[B] (+0) +0.527667984<x7>[B] (+0) -0.527667984<x8>[B] (+0) -0.527667984<x9>[B] (+0) -0.527667984<x10>[B] (+0) +0.527667984<x11>[B] (+0) -0.527667984<x12>[B] (+0) -0.527667984<x13>[B] (+0) +0.527667984<x14>[B] (+0) -0.527667984<x15>[B] (+0) -0.527667984<x16>[B] (+0) -0.527667984<x17>[B] (+0) +0.527667984<x18>[B] (+0) -0.527667984<x19>[B] (+0) +0.527667984<x20>[B] (+0) +0.527667984<x21>[B] (+0) -0.527667984<x22>[B] (+0) +0.527667984<x23>[B] (+0) -0.527667984<x24>[B] (+0) +0.527667984<x25>[B] (+0) +0.527667984<x26>[B] (+0) +0.527667984<x27>[B] (+0) +0.527667984<x28>[B] (+0) -0.527667984<x29>[B] (+0) -0.527667984<x30>[B] (+0) -0.527667984<x31>[B] (+0) +0.527667984<x32>[B] (+0) -0.527667984<x33>[B] (+0) -0.527667984<x34>[B] (+0) +0.527667984<x35>[B] (+0) -0.527667984<x36>[B] (+0) +0.527667984<x37>[B] (+0) +0.527667984<x38>[B] (+0) +0.527667984<x39>[B] (+0) -0.527667984<x40>[B] (+0) +0.527667984<x41>[B] (+0) +0.527667984<x42>[B] (+0) -0.527667984<x43>[B] (+0) -0.527667984<x44>[B] (+0) +0.527667984<x45>[B] (+0) -0.527667984<x46>[B] (+0) +0.527667984<x47>[B] (+0) +0.527667984<x48>[B] (+0) -0.527667984<x49>[B] (+0) -0.527667984<x50>[B] (+0) -0.527667984<x51>[B] (+0) +0.527667984<x52>[B] (+0) -0.527667984<x53>[B] (+0) -0.527667984<x54>[B] (+0) +0.527667984<x55>[B] (+0) -0.527667984<x56>[B] (+0) +0.527667984<x57>[B] (+0) -0.527667984<x58>[B] (+0) +0.527667984<x59>[B] (+0) -0.527667984<x60>[B] (+0) +0.527667984<x61>[B] (+0) +0.527667984<x62>[B] (+0) -0.527667984<x63>[B] (+0) +0.527667984<x64>[B] (+0) +0.527667984<x65>[B] (+0) +0.527667984<x66>[B] (+0) +0.527667984<x67>[B] (+0) -0.527667984<x68>[B] (+0) -0.527667984<x69>[B] (+0) -0.527667984<x70>[B] (+0) +0.527667984<x71>[B] (+0) -0.527667984<x72>[B] (+0) +0.527667984<x73>[B] (+0) +0.527667984<x74>[B] (+0) -0.527667984<x75>[B] (+0) +0.527667984<x76>[B] (+0) +0.527667984<x77>[B] (+0) +0.527667984<x78>[B] (+0) -0.527667984<x79>[B] (+0) +0.527667984<x80>[B] (+0) +0.527667984<x81>[B] (+0) -0.527667984<x82>[B] (+0) -0.527667984<x83>[B] (+0) +0.527667984<x84>[B] (+0) +0.527667984<x85>[B] (+0) -0.527667984<x86>[B] (+0) -0.527667984<x87>[B] (+0) -0.527667984<x88>[B] (+0) +0.527667984<x89>[B] (+0) -0.527667984<x90>[B] (+0) -0.527667984<x91>[B] (+0) +0.527667984<x92>[B] (+0) -0.527667984<x93>[B] (+0) +0.527667984<x94>[B] (+0) -0.527667984<x95>[B] (+0) +0.527667984<x96>[B] (+0) -0.527667984<x97>[B] (+0) +0.527667984<x98>[B] (+0) +0.527667984<x99>[B] (+0) -0.527667984<x100>[B] (+0) +0.527667984<x101>[B] (+0) +0.527667984<x102>[B] (+0) -0.527667984<x103>[B] (+0) -0.527667984<x104>[B] (+0) -0.527667984<x105>[B] (+0) +0.527667984<x106>[B] (+0) -0.527667984<x107>[B] (+0) -0.527667984<x108>[B] (+0) +0.527667984<x109>[B] (+0) -0.527667984<x110>[B] (+0) +0.527667984<x111>[B] (+0) -0.527667984<x112>[B] (+0) +0.527667984<x113>[B] (+0) -0.527667984<x114>[B] (+0) +0.527667984<x115>[B] (+0) +0.527667984<x116>[B] (+0) -0.527667984<x117>[B] (+0) +0.527667984<x118>[B] (+0) -0.527667984<x119>[B] (+0) -0.527667984<x120>[B] (+0) -0.527667984<x121>[B] (+0) +0.527667984<x122>[B] (+0) -0.527667984<x123>[B] (+0) -0.527667984<x124>[B] (+0) +0.527667984<x125>[B] (+0) -0.527667984<x126>[B] (+0) +0.527667984<x127>[B] (+0) -0.527667984<x128>[B] (+0) +0.527667984<x129>[B] (+0) -0.527667984<x130>[B] (+0) +0.527667984<x131>[B] (+0) +0.527667984<x132>[B] (+0) -0.527667984<x133>[B] (+0) -0.527667984<x134>[B] (+0) -0.527667984<x135>[B] (+0) -0.527667984<x136>[B] (+0) -0.527667984<x137>[B] (+0) -0.527667984<x138>[B] (+0) -0.527667984<x139>[B] (+0) +0.527667984<x140>[B] (+0) -0.527667984<x141>[B] (+0) -0.527667984<x142>[B] (+0) -0.527667984<x143>[B] (+0) -0.527667984<x144>[B] (+0) -0.527667984<x145>[B] (+0) -0.527667984<x146>[B] (+0) +0.527667984<x147>[B] (+0) -0.527667984<x148>[B] (+0) +0.527667984<x149>[B] (+0) +0.527667984<x150>[B] (+0) +0.527667984<x151>[B] (+0) +0.527667984<x152>[B] (+0) +0.527667984<x153>[B] (+0) +0.527667984<x154>[B] (+0) +0.527667984<x155>[B] (+0) +0.527667984<x156>[B] (+0) +0.527667984<x157>[B] (+0) +0.527667984<x158>[B] (+0) +0.527667984<x159>[B] (+0) +0.527667984<x160>[B] (+0) +0.527667984<x161>[B] (+0) +0.527667984<x162>[B] (+0) +0.527667984<x163>[B] (+0) +0.527667984<x164>[B] (+0) -0.527667984<x165>[B] (+0) +0.527667984<x166>[B] (+0) +0.527667984<x167>[B] (+0) -0.527667984<x168>[B] (+0) +0.527667984<x169>[B] (+0) +0.527667984<x170>[B] (+0) +0.527667984<x171>[B] (+0) +0.527667984<x172>[B] (+0) +0.527667984<x173>[B] (+0) +0.527667984<x174>[B] (+0) -0.527667984<x175>[B] (+0) +0.527667984<x176>[B] (+0) -0.527667984<x177>[B] (+0) +0.527667984<x178>[B] (+0) +0.527667984<x179>[B] (+0) -0.527667984<x180>[B] (+0) +0.527667984<x181>[B] (+0) +0.527667984<x182>[B] (+0) +0.527667984<x183>[B] (+0) +0.527667984<x184>[B] (+0) +0.527667984<x185>[B] (+0) +0.527667984<x186>[B] (+0) -0.527667984<x187>[B] (+0) -0.527667984<x188>[B] (+0) -0.527667984<x189>[B] (+0) +0.527667984<x190>[B] (+0) -0.527667984<x191>[B] (+0) -0.527667984<x192>[B] (+0) -0.527667984<x193>[B] (+0) -0.527667984<x194>[B] (+0) -0.527667984<x195>[B] (+0) +0.527667984<x196>[B] (+0) +0.527667984<x197>[B] (+0) -0.527667984<x198>[B] (+0) +0.527667984<x199>[B] (+0) +0.527667984<x200>[B] (+0) -0.527667984<x201>[B] (+0) +0.527667984<x202>[B] (+0) +0.527667984<x203>[B] (+0) +0.527667984<x204>[B] (+0) +0.527667984<x205>[B] (+0) +0.527667984<x206>[B] (+0) +0.527667984<x207>[B] (+0) +0.527667984<x208>[B] (+0) +0.527667984<x209>[B] (+0) -0.527667984<x210>[B] (+0) +0.527667984<x211>[B] (+0) +0.527667984<x212>[B] (+0) +0.527667984<x213>[B] (+0) -0.527667984<x214>[B] (+0) +0.527667984<x215>[B] (+0) +0.527667984<x216>[B] (+0) -0.527667984<x217>[B] (+0) -0.527667984<x218>[B] (+0) -0.527667984<x219>[B] (+0) -0.527667984<x220>[B] (+0) -0.527667984<x221>[B] (+0) -0.527667984<x222>[B] (+0) -0.527667984<x223>[B] (+0) +0.527667984<x224>[B] (+0) -0.527667984<x225>[B] (+0) +0.527667984<x226>[B] (+0) +0.527667984<x227>[B] (+0) +0.527667984<x228>[B] (+0) +0.527667984<x229>[B] (+0) +0.527667984<x230>[B] (+0) +0.527667984<x231>[B] (+0) +0.527667984<x232>[B] (+0) -0.527667984<x233>[B] (+0) +0.527667984<x234>[B] (+0) -0.527667984<x235>[B] (+0) +0.527667984<x236>[B] (+0) +0.527667984<x237>[B] (+0) -0.527667984<x238>[B] (+0) +0.527667984<x239>[B] (+0) -0.527667984<x240>[B] (+0) +0.527667984<x241>[B] (+0) +0.527667984<x242>[B] (+0) -0.527667984<x243>[B] (+0) -0.527667984<x244>[B] (+0) +0.527667984<x245>[B] (+0) +0.527667984<x246>[B] (+0) -0.527667984<x247>[B] (+0) +0.527667984<x248>[B] (+0) +0.527667984<x249>[B] (+0) -0.527667984<x250>[B] (+0) +0.527667984<x251>[B] (+0) -0.527667984<x252>[B] (+0) -0.527667984<x253>[B] (+0) >= 35.4861660079051;
;
violation: left hand side is violated by 35.4861660079051
1/5 feasible solution given by solution candidate storage, new primal bound -9.999260e+05

presolving:
   (0.0s) symmetry computation started: requiring (bin +, int +, cont +), (fixed: bin -, int -, cont -)
   (0.0s) no symmetry present (symcode time: 0.00)
presolving (0 rounds: 0 fast, 0 medium, 0 exhaustive):
 0 deleted vars, 0 deleted constraints, 0 added constraints, 0 tightened bounds, 0 added holes, 0 changed sides, 0 changed coefficients
 0 implications, 0 cliques, 0 implied integral variables (0 bin, 0 int, 0 cont)
presolved problem has 263 variables (253 bin, 0 int, 10 cont) and 3552 constraints
   3552 constraints of type <linear>
Presolving Time: 0.00
transformed 1/1 original solutions to the transformed problem space

 time | node  | left  |LP iter|LP it/n|mem/heur|mdpt |vars |cons |rows |cuts |sepa|confs|strbr|  dualbound   | primalbound  |  gap   | compl. 
p 0.0s|     1 |     0 |     3 |     - |   locks|   0 | 263 |3552 |3552 |   0 |  0 |   0 |   0 | 3.460000e+02 |-3.261621e+02 |    Inf | unknown
* 0.0s|     1 |     0 |   199 |     - |    LP  |   0 | 263 |3552 |3552 |   0 |  0 |   0 |   0 |-1.602609e+02 |-1.602609e+02 |   0.00%| unknown
  0.0s|     1 |     0 |   199 |     - |    15M |   0 | 263 |3552 |3552 |   0 |  0 |   0 |   0 |-1.602609e+02 |-1.602609e+02 |   0.00%| unknown

SCIP Status        : problem is solved [optimal solution found]
Solving Time (sec) : 0.02
Solving Nodes      : 1
Primal Bound       : -1.60260869565217e+02 (4 solutions)
Dual Bound         : -1.60260869565217e+02
Gap                : 0.00 %
  [linear] <c3553>: <x254>[C] (+40.2351779) -0.563241107<x1>[B] (+1) -0.563241107<x2>[B] (+0) -0.563241107<x3>[B] (+0) -0.563241107<x4>[B] (+0) -0.563241107<x5>[B] (+0) -0.563241107<x6>[B] (+1) +0.563241107<x7>[B] (+0) -0.563241107<x8>[B] (+0) -0.563241107<x9>[B] (+0) -0.563241107<x10>[B] (+0) +0.563241107<x11>[B] (+0) -0.563241107<x12>[B] (+1) -0.563241107<x13>[B] (+0) +0.563241107<x14>[B] (+0) -0.563241107<x15>[B] (+1) -0.563241107<x16>[B] (+0) -0.563241107<x17>[B] (+1) +0.563241107<x18>[B] (+1) -0.563241107<x19>[B] (+0) +0.563241107<x20>[B] (+0) +0.563241107<x21>[B] (+1) -0.563241107<x22>[B] (+0) +0.563241107<x23>[B] (+0) -0.563241107<x24>[B] (+0) +0.563241107<x25>[B] (+0) +0.563241107<x26>[B] (+0) +0.563241107<x27>[B] (+0) +0.563241107<x28>[B] (+0) -0.563241107<x29>[B] (+0) -0.563241107<x30>[B] (+0) -0.563241107<x31>[B] (+0) +0.563241107<x32>[B] (+0) -0.563241107<x33>[B] (+1) -0.563241107<x34>[B] (+0) +0.563241107<x35>[B] (+0) -0.563241107<x36>[B] (+1) +0.563241107<x37>[B] (+0) +0.563241107<x38>[B] (+0) +0.563241107<x39>[B] (+0) -0.563241107<x40>[B] (+0) +0.563241107<x41>[B] (+0) +0.563241107<x42>[B] (+0) -0.563241107<x43>[B] (+0) -0.563241107<x44>[B] (+0) +0.563241107<x45>[B] (+0) -0.563241107<x46>[B] (+0) +0.563241107<x47>[B] (+1) +0.563241107<x48>[B] (+0) -0.563241107<x49>[B] (+1) -0.563241107<x50>[B] (+0) -0.563241107<x51>[B] (+0) +0.563241107<x52>[B] (+0) -0.563241107<x53>[B] (+1) -0.563241107<x54>[B] (+0) +0.563241107<x55>[B] (+1) -0.563241107<x56>[B] (+1) +0.563241107<x57>[B] (+0) -0.563241107<x58>[B] (+1) +0.563241107<x59>[B] (+1) -0.563241107<x60>[B] (+0) +0.563241107<x61>[B] (+0) +0.563241107<x62>[B] (+1) -0.563241107<x63>[B] (+0) +0.563241107<x64>[B] (+0) +0.563241107<x65>[B] (+0) +0.563241107<x66>[B] (+1) +0.563241107<x67>[B] (+0) -0.563241107<x68>[B] (+1) -0.563241107<x69>[B] (+1) -0.563241107<x70>[B] (+1) +0.563241107<x71>[B] (+0) -0.563241107<x72>[B] (+1) +0.563241107<x73>[B] (+0) +0.563241107<x74>[B] (+1) -0.563241107<x75>[B] (+1) +0.563241107<x76>[B] (+1) +0.563241107<x77>[B] (+1) +0.563241107<x78>[B] (+1) -0.563241107<x79>[B] (+0) +0.563241107<x80>[B] (+1) +0.563241107<x81>[B] (+1) -0.563241107<x82>[B] (+1) -0.563241107<x83>[B] (+1) +0.563241107<x84>[B] (+1) +0.563241107<x85>[B] (+0) -0.563241107<x86>[B] (+1) -0.563241107<x87>[B] (+1) -0.563241107<x88>[B] (+1) +0.563241107<x89>[B] (+0) -0.563241107<x90>[B] (+1) -0.563241107<x91>[B] (+1) +0.563241107<x92>[B] (+1) -0.563241107<x93>[B] (+1) +0.563241107<x94>[B] (+1) -0.563241107<x95>[B] (+1) +0.563241107<x96>[B] (+1) -0.563241107<x97>[B] (+1) +0.563241107<x98>[B] (+1) +0.563241107<x99>[B] (+1) -0.563241107<x100>[B] (+1) +0.563241107<x101>[B] (+1) +0.563241107<x102>[B] (+0) -0.563241107<x103>[B] (+1) -0.563241107<x104>[B] (+1) -0.563241107<x105>[B] (+1) +0.563241107<x106>[B] (+0) -0.563241107<x107>[B] (+1) -0.563241107<x108>[B] (+1) +0.563241107<x109>[B] (+1) -0.563241107<x110>[B] (+1) +0.563241107<x111>[B] (+1) -0.563241107<x112>[B] (+1) +0.563241107<x113>[B] (+1) -0.563241107<x114>[B] (+1) +0.563241107<x115>[B] (+1) +0.563241107<x116>[B] (+1) -0.563241107<x117>[B] (+1) +0.563241107<x118>[B] (+0) -0.563241107<x119>[B] (+0) -0.563241107<x120>[B] (+0) -0.563241107<x121>[B] (+0) +0.563241107<x122>[B] (+0) -0.563241107<x123>[B] (+1) -0.563241107<x124>[B] (+0) +0.563241107<x125>[B] (+0) -0.563241107<x126>[B] (+1) +0.563241107<x127>[B] (+0) -0.563241107<x128>[B] (+1) +0.563241107<x129>[B] (+1) -0.563241107<x130>[B] (+0) +0.563241107<x131>[B] (+0) +0.563241107<x132>[B] (+1) -0.563241107<x133>[B] (+0) -0.563241107<x134>[B] (+1) -0.563241107<x135>[B] (+1) -0.563241107<x136>[B] (+1) -0.563241107<x137>[B] (+0) -0.563241107<x138>[B] (+1) -0.563241107<x139>[B] (+1) +0.563241107<x140>[B] (+1) -0.563241107<x141>[B] (+1) -0.563241107<x142>[B] (+1) -0.563241107<x143>[B] (+1) -0.563241107<x144>[B] (+1) -0.563241107<x145>[B] (+1) -0.563241107<x146>[B] (+1) +0.563241107<x147>[B] (+1) -0.563241107<x148>[B] (+1) +0.563241107<x149>[B] (+0) +0.563241107<x150>[B] (+0) +0.563241107<x151>[B] (+0) +0.563241107<x152>[B] (+1) +0.563241107<x153>[B] (+0) +0.563241107<x154>[B] (+0) +0.563241107<x155>[B] (+1) +0.563241107<x156>[B] (+0) +0.563241107<x157>[B] (+1) +0.563241107<x158>[B] (+1) +0.563241107<x159>[B] (+0) +0.563241107<x160>[B] (+0) +0.563241107<x161>[B] (+1) +0.563241107<x162>[B] (+0) +0.563241107<x163>[B] (+0) +0.563241107<x164>[B] (+0) -0.563241107<x165>[B] (+1) +0.563241107<x166>[B] (+0) +0.563241107<x167>[B] (+1) -0.563241107<x168>[B] (+1) +0.563241107<x169>[B] (+1) +0.563241107<x170>[B] (+1) +0.563241107<x171>[B] (+1) +0.563241107<x172>[B] (+0) +0.563241107<x173>[B] (+1) +0.563241107<x174>[B] (+1) -0.563241107<x175>[B] (+0) +0.563241107<x176>[B] (+0) -0.563241107<x177>[B] (+1) +0.563241107<x178>[B] (+0) +0.563241107<x179>[B] (+1) -0.563241107<x180>[B] (+1) +0.563241107<x181>[B] (+1) +0.563241107<x182>[B] (+1) +0.563241107<x183>[B] (+1) +0.563241107<x184>[B] (+0) +0.563241107<x185>[B] (+1) +0.563241107<x186>[B] (+1) -0.563241107<x187>[B] (+1) -0.563241107<x188>[B] (+1) -0.563241107<x189>[B] (+1) +0.563241107<x190>[B] (+1) -0.563241107<x191>[B] (+1) -0.563241107<x192>[B] (+1) -0.563241107<x193>[B] (+1) -0.563241107<x194>[B] (+1) -0.563241107<x195>[B] (+1) +0.563241107<x196>[B] (+1) +0.563241107<x197>[B] (+1) -0.563241107<x198>[B] (+1) +0.563241107<x199>[B] (+0) +0.563241107<x200>[B] (+0) -0.563241107<x201>[B] (+1) +0.563241107<x202>[B] (+0) +0.563241107<x203>[B] (+0) +0.563241107<x204>[B] (+0) +0.563241107<x205>[B] (+0) +0.563241107<x206>[B] (+0) +0.563241107<x207>[B] (+0) +0.563241107<x208>[B] (+0) +0.563241107<x209>[B] (+1) -0.563241107<x210>[B] (+1) +0.563241107<x211>[B] (+1) +0.563241107<x212>[B] (+1) +0.563241107<x213>[B] (+1) -0.563241107<x214>[B] (+0) +0.563241107<x215>[B] (+1) +0.563241107<x216>[B] (+1) -0.563241107<x217>[B] (+1) -0.563241107<x218>[B] (+1) -0.563241107<x219>[B] (+0) -0.563241107<x220>[B] (+1) -0.563241107<x221>[B] (+1) -0.563241107<x222>[B] (+0) -0.563241107<x223>[B] (+0) +0.563241107<x224>[B] (+1) -0.563241107<x225>[B] (+0) +0.563241107<x226>[B] (+0) +0.563241107<x227>[B] (+0) +0.563241107<x228>[B] (+0) +0.563241107<x229>[B] (+0) +0.563241107<x230>[B] (+0) +0.563241107<x231>[B] (+0) +0.563241107<x232>[B] (+0) -0.563241107<x233>[B] (+1) +0.563241107<x234>[B] (+1) -0.563241107<x235>[B] (+0) +0.563241107<x236>[B] (+1) +0.563241107<x237>[B] (+1) -0.563241107<x238>[B] (+0) +0.563241107<x239>[B] (+0) -0.563241107<x240>[B] (+0) +0.563241107<x241>[B] (+0) +0.563241107<x242>[B] (+0) -0.563241107<x243>[B] (+0) -0.563241107<x244>[B] (+0) +0.563241107<x245>[B] (+0) +0.563241107<x246>[B] (+1) -0.563241107<x247>[B] (+0) +0.563241107<x248>[B] (+1) +0.563241107<x249>[B] (+1) -0.563241107<x250>[B] (+1) +0.563241107<x251>[B] (+1) -0.563241107<x252>[B] (+0) -0.563241107<x253>[B] (+0) >= 35.3438735177866;
;
violation: left hand side is violated by 0.177865612648191
  [linear] <c3554>: <x255>[C] (+37.9664032) +0.559288538<x1>[B] (+0) -0.559288538<x2>[B] (+1) -0.559288538<x3>[B] (+1) +0.559288538<x4>[B] (+1) +0.559288538<x5>[B] (+0) -0.559288538<x6>[B] (+1) -0.559288538<x7>[B] (+1) +0.559288538<x8>[B] (+0) -0.559288538<x9>[B] (+1) +0.559288538<x10>[B] (+1) +0.559288538<x11>[B] (+1) -0.559288538<x12>[B] (+0) -0.559288538<x13>[B] (+1) -0.559288538<x14>[B] (+1) +0.559288538<x15>[B] (+1) -0.559288538<x16>[B] (+1) -0.559288538<x17>[B] (+1) -0.559288538<x18>[B] (+1) -0.559288538<x19>[B] (+1) -0.559288538<x20>[B] (+1) +0.559288538<x21>[B] (+1) -0.559288538<x22>[B] (+1) -0.559288538<x23>[B] (+1) -0.559288538<x24>[B] (+1) -0.559288538<x25>[B] (+1) -0.559288538<x26>[B] (+1) -0.559288538<x27>[B] (+1) -0.559288538<x28>[B] (+1) +0.559288538<x29>[B] (+1) -0.559288538<x30>[B] (+1) +0.559288538<x31>[B] (+1) -0.559288538<x32>[B] (+1) -0.559288538<x33>[B] (+0) -0.559288538<x34>[B] (+1) -0.559288538<x35>[B] (+1) -0.559288538<x36>[B] (+1) -0.559288538<x37>[B] (+1) -0.559288538<x38>[B] (+1) -0.559288538<x39>[B] (+1) -0.559288538<x40>[B] (+1) -0.559288538<x41>[B] (+1) +0.559288538<x42>[B] (+1) -0.559288538<x43>[B] (+1) +0.559288538<x44>[B] (+1) +0.559288538<x45>[B] (+1) +0.559288538<x46>[B] (+0) -0.559288538<x47>[B] (+0) +0.559288538<x48>[B] (+1) +0.559288538<x49>[B] (+0) +0.559288538<x50>[B] (+1) +0.559288538<x51>[B] (+1) +0.559288538<x52>[B] (+1) +0.559288538<x53>[B] (+0) +0.559288538<x54>[B] (+1) +0.559288538<x55>[B] (+0) +0.559288538<x56>[B] (+0) +0.559288538<x57>[B] (+1) +0.559288538<x58>[B] (+0) +0.559288538<x59>[B] (+0) +0.559288538<x60>[B] (+1) +0.559288538<x61>[B] (+0) +0.559288538<x62>[B] (+0) +0.559288538<x63>[B] (+1) +0.559288538<x64>[B] (+1) +0.559288538<x65>[B] (+0) -0.559288538<x66>[B] (+0) +0.559288538<x67>[B] (+1) +0.559288538<x68>[B] (+0) -0.559288538<x69>[B] (+1) +0.559288538<x70>[B] (+1) +0.559288538<x71>[B] (+1) -0.559288538<x72>[B] (+0) +0.559288538<x73>[B] (+1) -0.559288538<x74>[B] (+0) +0.559288538<x75>[B] (+0) -0.559288538<x76>[B] (+1) +0.559288538<x77>[B] (+0) +0.559288538<x78>[B] (+0) +0.559288538<x79>[B] (+1) -0.559288538<x80>[B] (+0) +0.559288538<x81>[B] (+0) +0.559288538<x82>[B] (+1) -0.559288538<x83>[B] (+0) -0.559288538<x84>[B] (+0) -0.559288538<x85>[B] (+1) +0.559288538<x86>[B] (+0) -0.559288538<x87>[B] (+1) +0.559288538<x88>[B] (+1) -0.559288538<x89>[B] (+1) -0.559288538<x90>[B] (+0) -0.559288538<x91>[B] (+1) -0.559288538<x92>[B] (+0) -0.559288538<x93>[B] (+0) -0.559288538<x94>[B] (+1) -0.559288538<x95>[B] (+0) -0.559288538<x96>[B] (+0) -0.559288538<x97>[B] (+1) -0.559288538<x98>[B] (+0) +0.559288538<x99>[B] (+0) -0.559288538<x100>[B] (+1) -0.559288538<x101>[B] (+1) -0.559288538<x102>[B] (+1) +0.559288538<x103>[B] (+1) -0.559288538<x104>[B] (+1) +0.559288538<x105>[B] (+1) +0.559288538<x106>[B] (+1) -0.559288538<x107>[B] (+0) -0.559288538<x108>[B] (+1) -0.559288538<x109>[B] (+1) +0.559288538<x110>[B] (+1) -0.559288538<x111>[B] (+1) -0.559288538<x112>[B] (+1) -0.559288538<x113>[B] (+1) -0.559288538<x114>[B] (+1) -0.559288538<x115>[B] (+1) +0.559288538<x116>[B] (+1) -0.559288538<x117>[B] (+1) +0.559288538<x118>[B] (+1) +0.559288538<x119>[B] (+0) +0.559288538<x120>[B] (+1) +0.559288538<x121>[B] (+1) +0.559288538<x122>[B] (+1) +0.559288538<x123>[B] (+0) +0.559288538<x124>[B] (+1) +0.559288538<x125>[B] (+0) +0.559288538<x126>[B] (+0) +0.559288538<x127>[B] (+1) +0.559288538<x128>[B] (+0) +0.559288538<x129>[B] (+0) +0.559288538<x130>[B] (+1) +0.559288538<x131>[B] (+0) +0.559288538<x132>[B] (+0) +0.559288538<x133>[B] (+1) +0.559288538<x134>[B] (+0) -0.559288538<x135>[B] (+1) +0.559288538<x136>[B] (+0) +0.559288538<x137>[B] (+1) -0.559288538<x138>[B] (+0) -0.559288538<x139>[B] (+0) -0.559288538<x140>[B] (+0) +0.559288538<x141>[B] (+0) -0.559288538<x142>[B] (+0) -0.559288538<x143>[B] (+0) +0.559288538<x144>[B] (+0) +0.559288538<x145>[B] (+0) -0.559288538<x146>[B] (+0) +0.559288538<x147>[B] (+0) -0.559288538<x148>[B] (+0) -0.559288538<x149>[B] (+1) +0.559288538<x150>[B] (+1) -0.559288538<x151>[B] (+1) -0.559288538<x152>[B] (+0) -0.559288538<x153>[B] (+1) -0.559288538<x154>[B] (+1) -0.559288538<x155>[B] (+1) -0.559288538<x156>[B] (+1) -0.559288538<x157>[B] (+1) -0.559288538<x158>[B] (+1) -0.559288538<x159>[B] (+1) -0.559288538<x160>[B] (+1) +0.559288538<x161>[B] (+1) -0.559288538<x162>[B] (+1) +0.559288538<x163>[B] (+0) +0.559288538<x164>[B] (+0) -0.559288538<x165>[B] (+0) +0.559288538<x166>[B] (+0) -0.559288538<x167>[B] (+0) +0.559288538<x168>[B] (+0) -0.559288538<x169>[B] (+0) +0.559288538<x170>[B] (+0) +0.559288538<x171>[B] (+0) +0.559288538<x172>[B] (+0) -0.559288538<x173>[B] (+0) +0.559288538<x174>[B] (+0) +0.559288538<x175>[B] (+0) -0.559288538<x176>[B] (+1) -0.559288538<x177>[B] (+0) -0.559288538<x178>[B] (+1) -0.559288538<x179>[B] (+0) -0.559288538<x180>[B] (+0) -0.559288538<x181>[B] (+1) -0.559288538<x182>[B] (+0) -0.559288538<x183>[B] (+0) -0.559288538<x184>[B] (+1) -0.559288538<x185>[B] (+0) +0.559288538<x186>[B] (+0) -0.559288538<x187>[B] (+1) -0.559288538<x188>[B] (+0) -0.559288538<x189>[B] (+0) -0.559288538<x190>[B] (+0) -0.559288538<x191>[B] (+0) -0.559288538<x192>[B] (+0) -0.559288538<x193>[B] (+0) -0.559288538<x194>[B] (+0) -0.559288538<x195>[B] (+0) -0.559288538<x196>[B] (+0) +0.559288538<x197>[B] (+0) -0.559288538<x198>[B] (+0) +0.559288538<x199>[B] (+1) -0.559288538<x200>[B] (+1) +0.559288538<x201>[B] (+1) -0.559288538<x202>[B] (+1) +0.559288538<x203>[B] (+1) +0.559288538<x204>[B] (+1) +0.559288538<x205>[B] (+1) +0.559288538<x206>[B] (+1) +0.559288538<x207>[B] (+1) +0.559288538<x208>[B] (+1) -0.559288538<x209>[B] (+0) +0.559288538<x210>[B] (+0) -0.559288538<x211>[B] (+1) -0.559288538<x212>[B] (+0) +0.559288538<x213>[B] (+0) +0.559288538<x214>[B] (+1) -0.559288538<x215>[B] (+0) +0.559288538<x216>[B] (+0) +0.559288538<x217>[B] (+1) +0.559288538<x218>[B] (+0) -0.559288538<x219>[B] (+1) +0.559288538<x220>[B] (+1) +0.559288538<x221>[B] (+1) +0.559288538<x222>[B] (+1) +0.559288538<x223>[B] (+0) +0.559288538<x224>[B] (+0) +0.559288538<x225>[B] (+1) -0.559288538<x226>[B] (+1) -0.559288538<x227>[B] (+1) -0.559288538<x228>[B] (+1) -0.559288538<x229>[B] (+1) -0.559288538<x230>[B] (+0) +0.559288538<x231>[B] (+0) -0.559288538<x232>[B] (+1) +0.559288538<x233>[B] (+0) +0.559288538<x234>[B] (+0) +0.559288538<x235>[B] (+0) +0.559288538<x236>[B] (+0) +0.559288538<x237>[B] (+0) +0.559288538<x238>[B] (+0) +0.559288538<x239>[B] (+1) +0.559288538<x240>[B] (+1) -0.559288538<x241>[B] (+0) +0.559288538<x242>[B] (+0) +0.559288538<x243>[B] (+1) +0.559288538<x244>[B] (+1) -0.559288538<x245>[B] (+0) +0.559288538<x246>[B] (+0) -0.559288538<x247>[B] (+1) -0.559288538<x248>[B] (+0) +0.559288538<x249>[B] (+0) -0.559288538<x250>[B] (+0) +0.559288538<x251>[B] (+1) +0.559288538<x252>[B] (+1) -0.559288538<x253>[B] (+1) >= 29.2233201581028;
;
violation: left hand side is violated by 0.205533596837945
2/4 feasible solutions given by solution candidate storage, new primal bound -9.999260e+05

presolving:
   (0.0s) symmetry computation started: requiring (bin +, int +, cont +), (fixed: bin -, int -, cont -)
   (0.0s) no symmetry present (symcode time: 0.00)
presolving (0 rounds: 0 fast, 0 medium, 0 exhaustive):
 0 deleted vars, 0 deleted constraints, 0 added constraints, 0 tightened bounds, 0 added holes, 0 changed sides, 0 changed coefficients
 0 implications, 0 cliques, 0 implied integral variables (0 bin, 0 int, 0 cont)
presolved problem has 263 variables (253 bin, 0 int, 10 cont) and 3560 constraints
   3560 constraints of type <linear>
Presolving Time: 0.01
transformed 2/2 original solutions to the transformed problem space

 time | node  | left  |LP iter|LP it/n|mem/heur|mdpt |vars |cons |rows |cuts |sepa|confs|strbr|  dualbound   | primalbound  |  gap   | compl. 
p 0.0s|     1 |     0 |     2 |     - |   locks|   0 | 263 |3560 |3560 |   0 |  0 |   0 |   0 | 3.460000e+02 |-3.597431e+02 |    Inf | unknown
* 0.0s|     1 |     0 |   373 |     - |    LP  |   0 | 263 |3560 |3560 |   0 |  0 |   0 |   0 |-1.615968e+02 |-1.615968e+02 |   0.00%| unknown
  0.0s|     1 |     0 |   373 |     - |    17M |   0 | 263 |3560 |3560 |   0 |  0 |   0 |   0 |-1.615968e+02 |-1.615968e+02 |   0.00%| unknown

SCIP Status        : problem is solved [optimal solution found]
Solving Time (sec) : 0.04
Solving Nodes      : 1
Primal Bound       : -1.61596837944664e+02 (4 solutions)
Dual Bound         : -1.61596837944664e+02
Gap                : 0.00 %
  [linear] <c3561>: <x254>[C] (+38.1600791) -0.54743083<x1>[B] (+1) -0.54743083<x2>[B] (+0) -0.54743083<x3>[B] (+0) -0.54743083<x4>[B] (+0) -0.54743083<x5>[B] (+0) -0.54743083<x6>[B] (+1) +0.54743083<x7>[B] (+0) -0.54743083<x8>[B] (+0) -0.54743083<x9>[B] (+0) -0.54743083<x10>[B] (+0) +0.54743083<x11>[B] (+0) -0.54743083<x12>[B] (+1) -0.54743083<x13>[B] (+0) +0.54743083<x14>[B] (+0) -0.54743083<x15>[B] (+1) -0.54743083<x16>[B] (+0) -0.54743083<x17>[B] (+1) +0.54743083<x18>[B] (+1) -0.54743083<x19>[B] (+0) +0.54743083<x20>[B] (+0) +0.54743083<x21>[B] (+1) -0.54743083<x22>[B] (+0) +0.54743083<x23>[B] (+0) -0.54743083<x24>[B] (+0) +0.54743083<x25>[B] (+0) +0.54743083<x26>[B] (+0) +0.54743083<x27>[B] (+0) +0.54743083<x28>[B] (+0) -0.54743083<x29>[B] (+0) -0.54743083<x30>[B] (+0) -0.54743083<x31>[B] (+0) +0.54743083<x32>[B] (+0) -0.54743083<x33>[B] (+1) -0.54743083<x34>[B] (+0) +0.54743083<x35>[B] (+0) -0.54743083<x36>[B] (+0) +0.54743083<x37>[B] (+0) +0.54743083<x38>[B] (+0) +0.54743083<x39>[B] (+0) -0.54743083<x40>[B] (+0) +0.54743083<x41>[B] (+0) +0.54743083<x42>[B] (+0) -0.54743083<x43>[B] (+0) -0.54743083<x44>[B] (+0) +0.54743083<x45>[B] (+0) -0.54743083<x46>[B] (+0) +0.54743083<x47>[B] (+1) +0.54743083<x48>[B] (+0) -0.54743083<x49>[B] (+1) -0.54743083<x50>[B] (+0) -0.54743083<x51>[B] (+0) +0.54743083<x52>[B] (+0) -0.54743083<x53>[B] (+1) -0.54743083<x54>[B] (+0) +0.54743083<x55>[B] (+1) -0.54743083<x56>[B] (+1) +0.54743083<x57>[B] (+0) -0.54743083<x58>[B] (+1) +0.54743083<x59>[B] (+1) -0.54743083<x60>[B] (+0) +0.54743083<x61>[B] (+0) +0.54743083<x62>[B] (+1) -0.54743083<x63>[B] (+0) +0.54743083<x64>[B] (+0) +0.54743083<x65>[B] (+0) +0.54743083<x66>[B] (+1) +0.54743083<x67>[B] (+0) -0.54743083<x68>[B] (+1) -0.54743083<x69>[B] (+1) -0.54743083<x70>[B] (+1) +0.54743083<x71>[B] (+0) -0.54743083<x72>[B] (+1) +0.54743083<x73>[B] (+0) +0.54743083<x74>[B] (+1) -0.54743083<x75>[B] (+1) +0.54743083<x76>[B] (+1) +0.54743083<x77>[B] (+1) +0.54743083<x78>[B] (+1) -0.54743083<x79>[B] (+0) +0.54743083<x80>[B] (+1) +0.54743083<x81>[B] (+1) -0.54743083<x82>[B] (+1) -0.54743083<x83>[B] (+1) +0.54743083<x84>[B] (+1) +0.54743083<x85>[B] (+0) -0.54743083<x86>[B] (+1) -0.54743083<x87>[B] (+1) -0.54743083<x88>[B] (+1) +0.54743083<x89>[B] (+0) -0.54743083<x90>[B] (+1) -0.54743083<x91>[B] (+1) +0.54743083<x92>[B] (+1) -0.54743083<x93>[B] (+1) +0.54743083<x94>[B] (+1) -0.54743083<x95>[B] (+1) +0.54743083<x96>[B] (+1) -0.54743083<x97>[B] (+1) +0.54743083<x98>[B] (+1) +0.54743083<x99>[B] (+1) -0.54743083<x100>[B] (+1) +0.54743083<x101>[B] (+1) +0.54743083<x102>[B] (+0) -0.54743083<x103>[B] (+1) -0.54743083<x104>[B] (+1) -0.54743083<x105>[B] (+1) +0.54743083<x106>[B] (+0) -0.54743083<x107>[B] (+1) -0.54743083<x108>[B] (+1) +0.54743083<x109>[B] (+1) -0.54743083<x110>[B] (+1) +0.54743083<x111>[B] (+1) -0.54743083<x112>[B] (+1) +0.54743083<x113>[B] (+1) -0.54743083<x114>[B] (+1) +0.54743083<x115>[B] (+1) +0.54743083<x116>[B] (+1) -0.54743083<x117>[B] (+1) +0.54743083<x118>[B] (+0) -0.54743083<x119>[B] (+0) -0.54743083<x120>[B] (+0) -0.54743083<x121>[B] (+0) +0.54743083<x122>[B] (+0) -0.54743083<x123>[B] (+1) -0.54743083<x124>[B] (+0) +0.54743083<x125>[B] (+0) -0.54743083<x126>[B] (+1) +0.54743083<x127>[B] (+0) -0.54743083<x128>[B] (+1) +0.54743083<x129>[B] (+1) -0.54743083<x130>[B] (+0) +0.54743083<x131>[B] (+0) +0.54743083<x132>[B] (+1) -0.54743083<x133>[B] (+0) -0.54743083<x134>[B] (+1) -0.54743083<x135>[B] (+1) -0.54743083<x136>[B] (+1) -0.54743083<x137>[B] (+0) -0.54743083<x138>[B] (+1) -0.54743083<x139>[B] (+1) +0.54743083<x140>[B] (+1) -0.54743083<x141>[B] (+1) -0.54743083<x142>[B] (+1) -0.54743083<x143>[B] (+1) -0.54743083<x144>[B] (+1) -0.54743083<x145>[B] (+1) -0.54743083<x146>[B] (+1) +0.54743083<x147>[B] (+1) -0.54743083<x148>[B] (+1) +0.54743083<x149>[B] (+0) +0.54743083<x150>[B] (+0) +0.54743083<x151>[B] (+0) +0.54743083<x152>[B] (+1) +0.54743083<x153>[B] (+0) +0.54743083<x154>[B] (+0) +0.54743083<x155>[B] (+1) +0.54743083<x156>[B] (+0) +0.54743083<x157>[B] (+1) +0.54743083<x158>[B] (+1) +0.54743083<x159>[B] (+0) +0.54743083<x160>[B] (+0) +0.54743083<x161>[B] (+1) +0.54743083<x162>[B] (+0) +0.54743083<x163>[B] (+0) +0.54743083<x164>[B] (+0) -0.54743083<x165>[B] (+1) +0.54743083<x166>[B] (+0) +0.54743083<x167>[B] (+1) -0.54743083<x168>[B] (+1) +0.54743083<x169>[B] (+1) +0.54743083<x170>[B] (+1) +0.54743083<x171>[B] (+1) +0.54743083<x172>[B] (+0) +0.54743083<x173>[B] (+1) +0.54743083<x174>[B] (+1) -0.54743083<x175>[B] (+0) +0.54743083<x176>[B] (+0) -0.54743083<x177>[B] (+1) +0.54743083<x178>[B] (+0) +0.54743083<x179>[B] (+1) -0.54743083<x180>[B] (+1) +0.54743083<x181>[B] (+1) +0.54743083<x182>[B] (+1) +0.54743083<x183>[B] (+1) +0.54743083<x184>[B] (+0) +0.54743083<x185>[B] (+1) +0.54743083<x186>[B] (+1) -0.54743083<x187>[B] (+1) -0.54743083<x188>[B] (+1) -0.54743083<x189>[B] (+1) +0.54743083<x190>[B] (+1) -0.54743083<x191>[B] (+1) -0.54743083<x192>[B] (+1) -0.54743083<x193>[B] (+1) -0.54743083<x194>[B] (+1) -0.54743083<x195>[B] (+1) +0.54743083<x196>[B] (+1) +0.54743083<x197>[B] (+1) -0.54743083<x198>[B] (+1) +0.54743083<x199>[B] (+0) +0.54743083<x200>[B] (+0) -0.54743083<x201>[B] (+0) +0.54743083<x202>[B] (+0) +0.54743083<x203>[B] (+0) +0.54743083<x204>[B] (+0) +0.54743083<x205>[B] (+0) +0.54743083<x206>[B] (+0) +0.54743083<x207>[B] (+0) +0.54743083<x208>[B] (+0) +0.54743083<x209>[B] (+1) -0.54743083<x210>[B] (+1) +0.54743083<x211>[B] (+1) +0.54743083<x212>[B] (+1) +0.54743083<x213>[B] (+1) -0.54743083<x214>[B] (+0) +0.54743083<x215>[B] (+1) +0.54743083<x216>[B] (+1) -0.54743083<x217>[B] (+1) -0.54743083<x218>[B] (+1) -0.54743083<x219>[B] (+0) -0.54743083<x220>[B] (+1) -0.54743083<x221>[B] (+1) -0.54743083<x222>[B] (+0) -0.54743083<x223>[B] (+0) +0.54743083<x224>[B] (+1) -0.54743083<x225>[B] (+0) +0.54743083<x226>[B] (+0) +0.54743083<x227>[B] (+1) +0.54743083<x228>[B] (+0) +0.54743083<x229>[B] (+0) +0.54743083<x230>[B] (+0) +0.54743083<x231>[B] (+1) +0.54743083<x232>[B] (+0) -0.54743083<x233>[B] (+1) +0.54743083<x234>[B] (+1) -0.54743083<x235>[B] (+0) +0.54743083<x236>[B] (+1) +0.54743083<x237>[B] (+1) -0.54743083<x238>[B] (+0) +0.54743083<x239>[B] (+0) -0.54743083<x240>[B] (+0) +0.54743083<x241>[B] (+0) +0.54743083<x242>[B] (+0) -0.54743083<x243>[B] (+0) -0.54743083<x244>[B] (+0) +0.54743083<x245>[B] (+0) +0.54743083<x246>[B] (+1) -0.54743083<x247>[B] (+0) +0.54743083<x248>[B] (+1) +0.54743083<x249>[B] (+1) -0.54743083<x250>[B] (+1) +0.54743083<x251>[B] (+1) -0.54743083<x252>[B] (+0) -0.54743083<x253>[B] (+0) >= 35.4466403162055;
;
violation: left hand side is violated by 0.0237154150197583
  [linear] <c3568>: <x262>[C] (+8.89130435) -0.575098814<x1>[B] (+0) -0.575098814<x2>[B] (+1) -0.575098814<x3>[B] (+1) -0.575098814<x4>[B] (+1) -0.575098814<x5>[B] (+1) -0.575098814<x6>[B] (+1) -0.575098814<x7>[B] (+1) -0.575098814<x8>[B] (+1) +0.575098814<x9>[B] (+1) -0.575098814<x10>[B] (+1) -0.575098814<x11>[B] (+1) -0.575098814<x12>[B] (+0) -0.575098814<x13>[B] (+1) -0.575098814<x14>[B] (+1) -0.575098814<x15>[B] (+0) -0.575098814<x16>[B] (+1) -0.575098814<x17>[B] (+0) -0.575098814<x18>[B] (+1) -0.575098814<x19>[B] (+1) -0.575098814<x20>[B] (+1) -0.575098814<x21>[B] (+1) +0.575098814<x22>[B] (+1) +0.575098814<x23>[B] (+1) +0.575098814<x24>[B] (+1) +0.575098814<x25>[B] (+1) -0.575098814<x26>[B] (+1) +0.575098814<x27>[B] (+1) +0.575098814<x28>[B] (+1) -0.575098814<x29>[B] (+1) +0.575098814<x30>[B] (+1) -0.575098814<x31>[B] (+1) +0.575098814<x32>[B] (+1) +0.575098814<x33>[B] (+0) -0.575098814<x34>[B] (+1) -0.575098814<x35>[B] (+1) -0.575098814<x36>[B] (+1) +0.575098814<x37>[B] (+1) +0.575098814<x38>[B] (+1) +0.575098814<x39>[B] (+1) +0.575098814<x40>[B] (+1) +0.575098814<x41>[B] (+1) -0.575098814<x42>[B] (+1) +0.575098814<x43>[B] (+1) -0.575098814<x44>[B] (+1) +0.575098814<x45>[B] (+1) -0.575098814<x46>[B] (+0) +0.575098814<x47>[B] (+1) +0.575098814<x48>[B] (+1) -0.575098814<x49>[B] (+1) +0.575098814<x50>[B] (+1) -0.575098814<x51>[B] (+0) +0.575098814<x52>[B] (+1) -0.575098814<x53>[B] (+0) -0.575098814<x54>[B] (+1) -0.575098814<x55>[B] (+0) -0.575098814<x56>[B] (+0) +0.575098814<x57>[B] (+1) +0.575098814<x58>[B] (+0) -0.575098814<x59>[B] (+1) -0.575098814<x60>[B] (+1) -0.575098814<x61>[B] (+1) -0.575098814<x62>[B] (+1) +0.575098814<x63>[B] (+1) +0.575098814<x64>[B] (+1) -0.575098814<x65>[B] (+0) +0.575098814<x66>[B] (+0) +0.575098814<x67>[B] (+1) -0.575098814<x68>[B] (+0) +0.575098814<x69>[B] (+1) -0.575098814<x70>[B] (+0) +0.575098814<x71>[B] (+1) +0.575098814<x72>[B] (+0) -0.575098814<x73>[B] (+1) -0.575098814<x74>[B] (+0) -0.575098814<x75>[B] (+0) +0.575098814<x76>[B] (+1) +0.575098814<x77>[B] (+0) +0.575098814<x78>[B] (+0) +0.575098814<x79>[B] (+1) -0.575098814<x80>[B] (+0) -0.575098814<x81>[B] (+0) +0.575098814<x82>[B] (+1) -0.575098814<x83>[B] (+0) +0.575098814<x84>[B] (+0) +0.575098814<x85>[B] (+1) -0.575098814<x86>[B] (+0) +0.575098814<x87>[B] (+1) -0.575098814<x88>[B] (+0) +0.575098814<x89>[B] (+1) -0.575098814<x90>[B] (+0) -0.575098814<x91>[B] (+1) -0.575098814<x92>[B] (+0) -0.575098814<x93>[B] (+0) -0.575098814<x94>[B] (+0) +0.575098814<x95>[B] (+0) -0.575098814<x96>[B] (+0) -0.575098814<x97>[B] (+1) -0.575098814<x98>[B] (+0) -0.575098814<x99>[B] (+0) +0.575098814<x100>[B] (+1) +0.575098814<x101>[B] (+1) +0.575098814<x102>[B] (+1) -0.575098814<x103>[B] (+1) +0.575098814<x104>[B] (+1) -0.575098814<x105>[B] (+0) +0.575098814<x106>[B] (+1) +0.575098814<x107>[B] (+0) +0.575098814<x108>[B] (+1) -0.575098814<x109>[B] (+0) -0.575098814<x110>[B] (+0) +0.575098814<x111>[B] (+1) +0.575098814<x112>[B] (+0) +0.575098814<x113>[B] (+1) +0.575098814<x114>[B] (+1) +0.575098814<x115>[B] (+1) -0.575098814<x116>[B] (+1) +0.575098814<x117>[B] (+1) +0.575098814<x118>[B] (+1) -0.575098814<x119>[B] (+1) +0.575098814<x120>[B] (+1) -0.575098814<x121>[B] (+0) +0.575098814<x122>[B] (+1) -0.575098814<x123>[B] (+0) -0.575098814<x124>[B] (+1) -0.575098814<x125>[B] (+0) -0.575098814<x126>[B] (+0) -0.575098814<x127>[B] (+1) +0.575098814<x128>[B] (+0) -0.575098814<x129>[B] (+0) -0.575098814<x130>[B] (+1) -0.575098814<x131>[B] (+0) -0.575098814<x132>[B] (+0) +0.575098814<x133>[B] (+1) -0.575098814<x134>[B] (+0) +0.575098814<x135>[B] (+1) -0.575098814<x136>[B] (+0) +0.575098814<x137>[B] (+1) -0.575098814<x138>[B] (+0) -0.575098814<x139>[B] (+0) -0.575098814<x140>[B] (+0) -0.575098814<x141>[B] (+0) -0.575098814<x142>[B] (+0) +0.575098814<x143>[B] (+0) -0.575098814<x144>[B] (+0) -0.575098814<x145>[B] (+1) -0.575098814<x146>[B] (+0) -0.575098814<x147>[B] (+0) +0.575098814<x148>[B] (+1) +0.575098814<x149>[B] (+1) -0.575098814<x150>[B] (+0) +0.575098814<x151>[B] (+1) +0.575098814<x152>[B] (+0) +0.575098814<x153>[B] (+1) +0.575098814<x154>[B] (+0) +0.575098814<x155>[B] (+0) +0.575098814<x156>[B] (+1) +0.575098814<x157>[B] (+0) +0.575098814<x158>[B] (+0) +0.575098814<x159>[B] (+1) +0.575098814<x160>[B] (+0) -0.575098814<x161>[B] (+0) +0.575098814<x162>[B] (+1) -0.575098814<x163>[B] (+0) -0.575098814<x164>[B] (+1) -0.575098814<x165>[B] (+0) -0.575098814<x166>[B] (+0) -0.575098814<x167>[B] (+0) -0.575098814<x168>[B] (+0) -0.575098814<x169>[B] (+0) -0.575098814<x170>[B] (+0) -0.575098814<x171>[B] (+0) -0.575098814<x172>[B] (+1) -0.575098814<x173>[B] (+0) -0.575098814<x174>[B] (+0) +0.575098814<x175>[B] (+1) +0.575098814<x176>[B] (+1) +0.575098814<x177>[B] (+0) +0.575098814<x178>[B] (+1) +0.575098814<x179>[B] (+0) +0.575098814<x180>[B] (+0) +0.575098814<x181>[B] (+1) +0.575098814<x182>[B] (+0) +0.575098814<x183>[B] (+1) +0.575098814<x184>[B] (+1) +0.575098814<x185>[B] (+1) +0.575098814<x186>[B] (+1) +0.575098814<x187>[B] (+1) -0.575098814<x188>[B] (+0) -0.575098814<x189>[B] (+0) -0.575098814<x190>[B] (+0) -0.575098814<x191>[B] (+0) -0.575098814<x192>[B] (+0) +0.575098814<x193>[B] (+0) -0.575098814<x194>[B] (+0) -0.575098814<x195>[B] (+0) -0.575098814<x196>[B] (+0) -0.575098814<x197>[B] (+0) +0.575098814<x198>[B] (+0) -0.575098814<x199>[B] (+1) -0.575098814<x200>[B] (+1) -0.575098814<x201>[B] (+1) +0.575098814<x202>[B] (+1) +0.575098814<x203>[B] (+1) +0.575098814<x204>[B] (+1) -0.575098814<x205>[B] (+1) -0.575098814<x206>[B] (+1) -0.575098814<x207>[B] (+1) +0.575098814<x208>[B] (+1) -0.575098814<x209>[B] (+0) -0.575098814<x210>[B] (+0) +0.575098814<x211>[B] (+0) +0.575098814<x212>[B] (+0) +0.575098814<x213>[B] (+0) +0.575098814<x214>[B] (+1) +0.575098814<x215>[B] (+0) -0.575098814<x216>[B] (+0) +0.575098814<x217>[B] (+1) +0.575098814<x218>[B] (+0) +0.575098814<x219>[B] (+1) +0.575098814<x220>[B] (+0) +0.575098814<x221>[B] (+1) +0.575098814<x222>[B] (+1) +0.575098814<x223>[B] (+1) -0.575098814<x224>[B] (+1) +0.575098814<x225>[B] (+1) +0.575098814<x226>[B] (+1) +0.575098814<x227>[B] (+1) +0.575098814<x228>[B] (+1) +0.575098814<x229>[B] (+1) +0.575098814<x230>[B] (+1) -0.575098814<x231>[B] (+1) +0.575098814<x232>[B] (+1) +0.575098814<x233>[B] (+0) -0.575098814<x234>[B] (+0) -0.575098814<x235>[B] (+1) -0.575098814<x236>[B] (+0) -0.575098814<x237>[B] (+0) +0.575098814<x238>[B] (+1) -0.575098814<x239>[B] (+1) -0.575098814<x240>[B] (+1) -0.575098814<x241>[B] (+1) -0.575098814<x242>[B] (+1) +0.575098814<x243>[B] (+1) -0.575098814<x244>[B] (+1) -0.575098814<x245>[B] (+0) -0.575098814<x246>[B] (+0) +0.575098814<x247>[B] (+1) -0.575098814<x248>[B] (+0) -0.575098814<x249>[B] (+0) +0.575098814<x250>[B] (+0) -0.575098814<x251>[B] (+1) +0.575098814<x252>[B] (+1) +0.575098814<x253>[B] (+1) >= 26.598814229249;
;
violation: left hand side is violated by 0.454545454545443
2/4 feasible solutions given by solution candidate storage, new primal bound -9.999260e+05

presolving:
   (0.0s) symmetry computation started: requiring (bin +, int +, cont +), (fixed: bin -, int -, cont -)
   (0.0s) no symmetry present (symcode time: 0.00)
presolving (0 rounds: 0 fast, 0 medium, 0 exhaustive):
 0 deleted vars, 0 deleted constraints, 0 added constraints, 0 tightened bounds, 0 added holes, 0 changed sides, 0 changed coefficients
 0 implications, 0 cliques, 0 implied integral variables (0 bin, 0 int, 0 cont)
presolved problem has 263 variables (253 bin, 0 int, 10 cont) and 3568 constraints
   3568 constraints of type <linear>
Presolving Time: 0.01
transformed 2/2 original solutions to the transformed problem space

 time | node  | left  |LP iter|LP it/n|mem/heur|mdpt |vars |cons |rows |cuts |sepa|confs|strbr|  dualbound   | primalbound  |  gap   | compl. 
p 0.0s|     1 |     0 |     5 |     - |   locks|   0 | 263 |3568 |3568 |   0 |  0 |   0 |   0 | 3.460000e+02 |-3.623735e+02 |    Inf | unknown
  0.0s|     1 |     0 |   249 |     - |    18M |   0 | 263 |3568 |3568 |   0 |  0 |   0 |   0 |-1.616309e+02 |-3.623735e+02 | 124.20%| unknown
r 0.0s|     1 |     0 |   249 |     - |shifting|   0 | 263 |3568 |3568 |   0 |  0 |   0 |   0 |-1.616309e+02 |-1.642075e+02 |   1.59%| unknown
  0.0s|     1 |     0 |   253 |     - |    19M |   0 | 263 |3568 |3569 |   1 |  1 |   0 |   0 |-1.616453e+02 |-1.642075e+02 |   1.59%| unknown
  0.0s|     1 |     0 |   253 |     - |    19M |   0 | 263 |3568 |3569 |   1 |  1 |   0 |   0 |-1.616453e+02 |-1.642075e+02 |   1.59%| unknown
  0.0s|     1 |     0 |   253 |     - |    19M |   0 | 263 |3568 |3527 |   1 |  1 |   0 |   0 |-1.616453e+02 |-1.642075e+02 |   1.59%| unknown
  0.1s|     1 |     0 |   255 |     - |    19M |   0 | 263 |3568 |3528 |   2 |  2 |   0 |   0 |-1.616482e+02 |-1.642075e+02 |   1.58%| unknown
  0.1s|     1 |     0 |   259 |     - |    20M |   0 | 263 |3568 |3529 |   3 |  3 |   0 |   0 |-1.616507e+02 |-1.642075e+02 |   1.58%| unknown
r 0.1s|     1 |     0 |   259 |     - |shifting|   0 | 263 |3568 |3529 |   3 |  3 |   0 |   0 |-1.616507e+02 |-1.637263e+02 |   1.28%| unknown
  0.1s|     1 |     0 |   260 |     - |    20M |   0 | 263 |3568 |3530 |   4 |  4 |   0 |   0 |-1.616522e+02 |-1.637263e+02 |   1.28%| unknown
  0.1s|     1 |     0 |   260 |     - |    20M |   0 | 263 |3568 |3196 |   4 |  4 |   0 |   0 |-1.616522e+02 |-1.637263e+02 |   1.28%| unknown
d 0.1s|     1 |     0 |   260 |     - |farkasdi|   0 | 263 |3192 |3196 |   0 |  5 |   0 |   0 |-1.616522e+02 |-1.616522e+02 |   0.00%| unknown
  0.1s|     1 |     0 |   260 |     - |    20M |   0 | 263 |3192 |3196 |   4 |  5 |   0 |   0 |-1.616522e+02 |-1.616522e+02 |   0.00%| unknown

SCIP Status        : problem is solved [optimal solution found]
Solving Time (sec) : 0.10
Solving Nodes      : 1
Primal Bound       : -1.61652173913044e+02 (7 solutions)
Dual Bound         : -1.61652173913044e+02
Gap                : 0.00 %
