Loading instance...
Median ranking: [24, 7, 18, 2, 22, 13, 1, 17, 21, 16, 11, 12, 10, 6, 14, 4, 15, 3, 8, 23, 19, 5, 20, 9]
Mean ranking: [24, 7, 18, 13, 17, 21, 16, 2, 22, 1, 11, 10, 12, 6, 4, 15, 14, 3, 8, 5, 20, 23, 19, 9]
Actual error: 0.001847816077838682
Weighted Kendall distance: 266.0
Normalized distance: 0.05782608695652174
ss, 0 impls, 0 clqs, 0 implints
   (0.0s) symmetry computation started: requiring (bin +, int +, cont +), (fixed: bin -, int -, cont -)
   (0.0s) no symmetry present (symcode time: 0.00)
presolving (2 rounds: 2 fast, 2 medium, 1 exhaustive):
 0 deleted vars, 4048 deleted constraints, 2024 added constraints, 0 tightened bounds, 0 added holes, 0 changed sides, 0 changed coefficients
 0 implications, 0 cliques, 0 implied integral variables (0 bin, 0 int, 0 cont)
presolved problem has 276 variables (0 bin, 0 int, 276 cont) and 2024 constraints
   2024 constraints of type <linear>
Presolving Time: 0.02
transformed 3/3 original solutions to the transformed problem space

 time | node  | left  |LP iter|LP it/n|mem/heur|mdpt |vars |cons |rows |cuts |sepa|confs|strbr|  dualbound   | primalbound  |  gap   | compl. 
* 0.0s|     1 |     0 |    51 |     - |    LP  |   0 | 276 |2024 |2024 |   0 |  0 |   0 |   0 | 3.160000e+02 | 3.160000e+02 |   0.00%| unknown
  0.0s|     1 |     0 |    51 |     - |    12M |   0 | 276 |2024 |2024 |   0 |  0 |   0 |   0 | 3.160000e+02 | 3.160000e+02 |   0.00%| unknown

SCIP Status        : problem is solved [optimal solution found]
Solving Time (sec) : 0.03
Solving Nodes      : 1
Primal Bound       : +3.16000000000000e+02 (4 solutions)
Dual Bound         : +3.16000000000000e+02
Gap                : 0.00 %
feasible solution found by trivial heuristic after 0.0 seconds, objective value 0.000000e+00
presolving:
   (0.0s) running MILP presolver
   (0.0s) MILP presolver (2 rounds): 0 aggregations, 0 fixings, 0 bound changes
(round 1, medium)     0 del vars, 4048 del conss, 2024 add conss, 0 chg bounds, 0 chg sides, 0 chg coeffs, 0 upgd conss, 0 impls, 0 clqs, 0 implints
   (0.0s) probing: 51/276 (18.5%) - 0 fixings, 0 aggregations, 0 implications, 0 bound changes
   (0.0s) probing aborted: 50/50 successive totally useless probings
   (0.0s) symmetry computation started: requiring (bin +, int +, cont +), (fixed: bin -, int -, cont -)
   (0.0s) no symmetry present (symcode time: 0.00)
presolving (2 rounds: 2 fast, 2 medium, 1 exhaustive):
 0 deleted vars, 4048 deleted constraints, 2024 added constraints, 0 tightened bounds, 0 added holes, 0 changed sides, 0 changed coefficients
 0 implications, 0 cliques, 0 implied integral variables (0 bin, 0 int, 0 cont)
presolved problem has 276 variables (276 bin, 0 int, 0 cont) and 2024 constraints
   2024 constraints of type <linear>
transformed objective value is always integral (scale: 2)
Presolving Time: 0.02
transformed 2/2 original solutions to the transformed problem space

 time | node  | left  |LP iter|LP it/n|mem/heur|mdpt |vars |cons |rows |cuts |sepa|confs|strbr|  dualbound   | primalbound  |  gap   | compl. 
p 0.0s|     1 |     0 |     0 |     - |   locks|   0 | 276 |2024 |2024 |   0 |  0 |   0 |   0 | 3.340000e+02 | 1.500000e+02 | 122.67%| unknown
i 0.0s|     1 |     0 |     0 |     - |  oneopt|   0 | 276 |2024 |2024 |   0 |  0 |   0 |   0 | 3.340000e+02 | 1.920000e+02 |  73.96%| unknown
* 0.0s|     1 |     0 |    45 |     - |    LP  |   0 | 276 |2024 |2024 |   0 |  0 |   0 |   0 | 3.160000e+02 | 3.160000e+02 |   0.00%| unknown
  0.0s|     1 |     0 |    45 |     - |    12M |   0 | 276 |2024 |2024 |   0 |  0 |   0 |   0 | 3.160000e+02 | 3.160000e+02 |   0.00%| unknown

SCIP Status        : problem is solved [optimal solution found]
Solving Time (sec) : 0.03
Solving Nodes      : 1
Primal Bound       : +3.16000000000000e+02 (5 solutions)
Dual Bound         : +3.16000000000000e+02
Gap                : 0.00 %
feasible solution found by trivial heuristic after 0.1 seconds, objective value -1.000064e+06
presolving:
(round 1, fast)       0 del vars, 0 del conss, 0 add conss, 20 chg bounds, 0 chg sides, 0 chg coeffs, 0 upgd conss, 0 impls, 0 clqs, 0 implints
   (0.8s) running MILP presolver
   (0.9s) MILP presolver (2 rounds): 0 aggregations, 0 fixings, 0 bound changes
(round 2, medium)     0 del vars, 6808 del conss, 4784 add conss, 20 chg bounds, 0 chg sides, 0 chg coeffs, 0 upgd conss, 0 impls, 0 clqs, 0 implints
   (1.5s) symmetry computation started: requiring (bin +, int +, cont +), (fixed: bin -, int -, cont -)
   (1.7s) no symmetry present (symcode time: 0.03)
presolving (3 rounds: 3 fast, 2 medium, 1 exhaustive):
 0 deleted vars, 6808 deleted constraints, 4784 added constraints, 20 tightened bounds, 0 added holes, 0 changed sides, 0 changed coefficients
 0 implications, 0 cliques, 0 implied integral variables (0 bin, 0 int, 0 cont)
presolved problem has 286 variables (0 bin, 0 int, 286 cont) and 4784 constraints
   4784 constraints of type <linear>
Presolving Time: 1.68

 time | node  | left  |LP iter|LP it/n|mem/heur|mdpt |vars |cons |rows |cuts |sepa|confs|strbr|  dualbound   | primalbound  |  gap   | compl. 
t 1.8s|     1 |     0 |     0 |     - | trivial|   0 | 286 |4784 |   0 |   0 |  0 |   0 |   0 | 3.340000e+02 |-1.444000e+03 |    Inf | unknown
* 2.0s|     1 |     0 |   440 |     - |    LP  |   0 | 286 |4784 |4784 |   0 |  0 |   0 |   0 |-2.315996e+02 |-2.315996e+02 |   0.00%| unknown
  2.0s|     1 |     0 |   440 |     - |   388M |   0 | 286 |4784 |4784 |   0 |  0 |   0 |   0 |-2.315996e+02 |-2.315996e+02 |   0.00%| unknown

SCIP Status        : problem is solved [optimal solution found]
Solving Time (sec) : 1.99
Solving Nodes      : 1
Primal Bound       : -2.31599637681159e+02 (3 solutions)
Dual Bound         : -2.31599637681159e+02
Gap                : 0.00 %
feasible solution found by trivial heuristic after 0.0 seconds, objective value -1.000064e+06
presolving:
(round 1, fast)       0 del vars, 0 del conss, 0 add conss, 20 chg bounds, 0 chg sides, 0 chg coeffs, 0 upgd conss, 0 impls, 0 clqs, 0 implints
   (0.5s) running MILP presolver
   (0.7s) MILP presolver (2 rounds): 0 aggregations, 0 fixings, 0 bound changes
(round 2, medium)     0 del vars, 6808 del conss, 4784 add conss, 20 chg bounds, 0 chg sides, 0 chg coeffs, 0 upgd conss, 0 impls, 0 clqs, 0 implints
   (1.4s) probing: 51/276 (18.5%) - 0 fixings, 0 aggregations, 0 implications, 0 bound changes
   (1.4s) probing aborted: 50/50 successive totally useless probings
   (1.4s) symmetry computation started: requiring (bin +, int +, cont +), (fixed: bin -, int -, cont -)
   (1.6s) no symmetry present (symcode time: 0.02)
presolving (3 rounds: 3 fast, 2 medium, 1 exhaustive):
 0 deleted vars, 6808 deleted constraints, 4784 added constraints, 20 tightened bounds, 0 added holes, 0 changed sides, 0 changed coefficients
 0 implications, 0 cliques, 0 implied integral variables (0 bin, 0 int, 0 cont)
presolved problem has 286 variables (276 bin, 0 int, 10 cont) and 4784 constraints
   4784 constraints of type <linear>
Presolving Time: 1.63

 time | node  | left  |LP iter|LP it/n|mem/heur|mdpt |vars |cons |rows |cuts |sepa|confs|strbr|  dualbound   | primalbound  |  gap   | compl. 
t 1.7s|     1 |     0 |     0 |     - | trivial|   0 | 286 |4784 |   0 |   0 |  0 |   0 |   0 | 3.340000e+02 |-1.444000e+03 |    Inf | unknown
p 2.0s|     1 |     0 |    10 |     - |   locks|   0 | 286 |4784 |4784 |   0 |  0 |   0 |   0 | 3.340000e+02 |-5.682826e+02 |    Inf | unknown
  2.2s|     1 |     0 |   450 |     - |   389M |   0 | 286 |4784 |4784 |   0 |  0 |   0 |   0 |-2.315996e+02 |-5.682826e+02 | 145.37%| unknown
r 2.2s|     1 |     0 |   450 |     - |shifting|   0 | 286 |4784 |4784 |   0 |  0 |   0 |   0 |-2.315996e+02 |-2.389257e+02 |   3.16%| unknown
  2.3s|     1 |     0 |   451 |     - |   389M |   0 | 286 |4784 |4785 |   1 |  1 |   0 |   0 |-2.316014e+02 |-2.389257e+02 |   3.16%| unknown
d 2.3s|     1 |     0 |   451 |     - |farkasdi|   0 | 286 |4784 |4785 |   0 |  2 |   0 |   0 |-2.316014e+02 |-2.316014e+02 |   0.00%| unknown
  2.3s|     1 |     0 |   451 |     - |   389M |   0 | 286 |4784 |4785 |   1 |  2 |   0 |   0 |-2.316014e+02 |-2.316014e+02 |   0.00%| unknown

SCIP Status        : problem is solved [optimal solution found]
Solving Time (sec) : 2.28
Solving Nodes      : 1
Primal Bound       : -2.31601449275362e+02 (5 solutions)
Dual Bound         : -2.31601449275362e+02
Gap                : 0.00 %
feasible solution found by trivial heuristic after 0.0 seconds, objective value 0.000000e+00
presolving:
   (0.0s) symmetry computation started: requiring (bin +, int +, cont +), (fixed: bin -, int -, cont -)
   (0.0s) symmetry computation finished: 9 generators found (max: 1500, log10 of symmetry group size: 6.56) (symcode time: 0.00)
dynamic symmetry handling statistics:
   orbitopal reduction:       no components
   orbital reduction:         no components
   lexicographic reduction:   no permutations
handled 1 out of 1 symmetry components
presolving (0 rounds: 0 fast, 0 medium, 0 exhaustive):
 0 deleted vars, 0 deleted constraints, 0 added constraints, 0 tightened bounds, 0 added holes, 0 changed sides, 0 changed coefficients
 0 implications, 0 cliques, 0 implied integral variables (0 bin, 0 int, 0 cont)
presolved problem has 286 variables (276 bin, 0 int, 10 cont) and 4057 constraints
   4057 constraints of type <linear>
Presolving Time: 0.00
transformed 2/2 original solutions to the transformed problem space

 time | node  | left  |LP iter|LP it/n|mem/heur|mdpt |vars |cons |rows |cuts |sepa|confs|strbr|  dualbound   | primalbound  |  gap   | compl. 
i 0.0s|     1 |     0 |     0 |     - |  oneopt|   0 | 286 |4048 |4048 |   0 |  0 |   0 |   0 | 3.340000e+02 | 1.060000e+02 | 215.09%| unknown
* 0.0s|     1 |     0 |    45 |     - |    LP  |   0 | 286 |4048 |4048 |   0 |  0 |   0 |   0 | 3.160000e+02 | 3.160000e+02 |   0.00%| unknown
  0.0s|     1 |     0 |    45 |     - |    15M |   0 | 286 |4048 |4048 |   0 |  0 |   0 |   0 | 3.160000e+02 | 3.160000e+02 |   0.00%| unknown

SCIP Status        : problem is solved [optimal solution found]
Solving Time (sec) : 0.01
Solving Nodes      : 1
Primal Bound       : +3.16000000000000e+02 (5 solutions)
Dual Bound         : +3.16000000000000e+02
Gap                : 0.00 %
  [linear] <c4049>: <x277>[C] (+0) -0.650362319<x1>[B] (+0) -0.650362319<x2>[B] (+1) -0.650362319<x3>[B] (+1) -0.650362319<x4>[B] (+1) -0.650362319<x5>[B] (+1) -0.650362319<x6>[B] (+0) -0.650362319<x7>[B] (+1) -0.650362319<x8>[B] (+1) -0.650362319<x9>[B] (+1) +0.650362319<x10>[B] (+1) -0.650362319<x11>[B] (+1) -0.650362319<x12>[B] (+0) -0.650362319<x13>[B] (+1) -0.650362319<x14>[B] (+1) -0.650362319<x15>[B] (+1) +0.650362319<x16>[B] (+1) -0.650362319<x17>[B] (+0) -0.650362319<x18>[B] (+1) -0.650362319<x19>[B] (+1) +0.650362319<x20>[B] (+1) -0.650362319<x21>[B] (+0) -0.650362319<x22>[B] (+1) -0.650362319<x23>[B] (+0) -0.650362319<x24>[B] (+1) +0.650362319<x25>[B] (+1) -0.650362319<x26>[B] (+1) +0.650362319<x27>[B] (+1) +0.650362319<x28>[B] (+0) -0.650362319<x29>[B] (+1) -0.650362319<x30>[B] (+1) +0.650362319<x31>[B] (+1) +0.650362319<x32>[B] (+1) +0.650362319<x33>[B] (+1) -0.650362319<x34>[B] (+1) +0.650362319<x35>[B] (+1) +0.650362319<x36>[B] (+1) -0.650362319<x37>[B] (+1) +0.650362319<x38>[B] (+1) +0.650362319<x39>[B] (+0) +0.650362319<x40>[B] (+1) +0.650362319<x41>[B] (+1) +0.650362319<x42>[B] (+1) -0.650362319<x43>[B] (+1) +0.650362319<x44>[B] (+1) +0.650362319<x45>[B] (+0) +0.650362319<x46>[B] (+0) -0.650362319<x47>[B] (+1) +0.650362319<x48>[B] (+0) +0.650362319<x49>[B] (+0) -0.650362319<x50>[B] (+1) -0.650362319<x51>[B] (+1) +0.650362319<x52>[B] (+0) +0.650362319<x53>[B] (+0) +0.650362319<x54>[B] (+0) +0.650362319<x55>[B] (+0) +0.650362319<x56>[B] (+0) +0.650362319<x57>[B] (+0) -0.650362319<x58>[B] (+0) +0.650362319<x59>[B] (+0) +0.650362319<x60>[B] (+0) +0.650362319<x61>[B] (+1) +0.650362319<x62>[B] (+1) +0.650362319<x63>[B] (+0) +0.650362319<x64>[B] (+0) +0.650362319<x65>[B] (+1) +0.650362319<x66>[B] (+0) -0.650362319<x67>[B] (+1) +0.650362319<x68>[B] (+0) +0.650362319<x69>[B] (+0) -0.650362319<x70>[B] (+1) -0.650362319<x71>[B] (+1) +0.650362319<x72>[B] (+0) +0.650362319<x73>[B] (+0) +0.650362319<x74>[B] (+0) -0.650362319<x75>[B] (+0) +0.650362319<x76>[B] (+0) +0.650362319<x77>[B] (+1) -0.650362319<x78>[B] (+0) +0.650362319<x79>[B] (+0) +0.650362319<x80>[B] (+0) +0.650362319<x81>[B] (+1) +0.650362319<x82>[B] (+1) +0.650362319<x83>[B] (+0) -0.650362319<x84>[B] (+0) +0.650362319<x85>[B] (+1) +0.650362319<x86>[B] (+0) +0.650362319<x87>[B] (+0) +0.650362319<x88>[B] (+0) +0.650362319<x89>[B] (+0) +0.650362319<x90>[B] (+1) +0.650362319<x91>[B] (+0) +0.650362319<x92>[B] (+0) +0.650362319<x93>[B] (+0) +0.650362319<x94>[B] (+0) +0.650362319<x95>[B] (+0) +0.650362319<x96>[B] (+0) +0.650362319<x97>[B] (+0) +0.650362319<x98>[B] (+0) +0.650362319<x99>[B] (+0) +0.650362319<x100>[B] (+0) +0.650362319<x101>[B] (+1) +0.650362319<x102>[B] (+0) +0.650362319<x103>[B] (+0) +0.650362319<x104>[B] (+0) +0.650362319<x105>[B] (+0) +0.650362319<x106>[B] (+0) -0.650362319<x107>[B] (+1) -0.650362319<x108>[B] (+1) +0.650362319<x109>[B] (+0) +0.650362319<x110>[B] (+0) +0.650362319<x111>[B] (+0) -0.650362319<x112>[B] (+0) +0.650362319<x113>[B] (+1) -0.650362319<x114>[B] (+1) -0.650362319<x115>[B] (+0) +0.650362319<x116>[B] (+0) +0.650362319<x117>[B] (+0) +0.650362319<x118>[B] (+1) -0.650362319<x119>[B] (+1) +0.650362319<x120>[B] (+0) -0.650362319<x121>[B] (+0) +0.650362319<x122>[B] (+1) +0.650362319<x123>[B] (+0) -0.650362319<x124>[B] (+1) -0.650362319<x125>[B] (+1) +0.650362319<x126>[B] (+1) +0.650362319<x127>[B] (+1) -0.650362319<x128>[B] (+1) -0.650362319<x129>[B] (+1) +0.650362319<x130>[B] (+1) -0.650362319<x131>[B] (+1) -0.650362319<x132>[B] (+1) +0.650362319<x133>[B] (+1) -0.650362319<x134>[B] (+1) -0.650362319<x135>[B] (+1) -0.650362319<x136>[B] (+1) +0.650362319<x137>[B] (+1) -0.650362319<x138>[B] (+1) -0.650362319<x139>[B] (+1) +0.650362319<x140>[B] (+0) +0.650362319<x141>[B] (+1) +0.650362319<x142>[B] (+0) +0.650362319<x143>[B] (+0) +0.650362319<x144>[B] (+0) +0.650362319<x145>[B] (+0) +0.650362319<x146>[B] (+0) +0.650362319<x147>[B] (+0) +0.650362319<x148>[B] (+0) +0.650362319<x149>[B] (+0) +0.650362319<x150>[B] (+0) +0.650362319<x151>[B] (+1) +0.650362319<x152>[B] (+1) +0.650362319<x153>[B] (+0) +0.650362319<x154>[B] (+0) +0.650362319<x155>[B] (+1) +0.650362319<x156>[B] (+0) +0.650362319<x157>[B] (+0) +0.650362319<x158>[B] (+0) +0.650362319<x159>[B] (+0) +0.650362319<x160>[B] (+0) +0.650362319<x161>[B] (+0) +0.650362319<x162>[B] (+0) -0.650362319<x163>[B] (+0) +0.650362319<x164>[B] (+0) +0.650362319<x165>[B] (+0) +0.650362319<x166>[B] (+0) +0.650362319<x167>[B] (+0) +0.650362319<x168>[B] (+0) +0.650362319<x169>[B] (+0) +0.650362319<x170>[B] (+0) +0.650362319<x171>[B] (+0) +0.650362319<x172>[B] (+0) -0.650362319<x173>[B] (+0) -0.650362319<x174>[B] (+0) +0.650362319<x175>[B] (+1) -0.650362319<x176>[B] (+1) -0.650362319<x177>[B] (+0) +0.650362319<x178>[B] (+0) -0.650362319<x179>[B] (+0) -0.650362319<x180>[B] (+1) -0.650362319<x181>[B] (+1) +0.650362319<x182>[B] (+0) -0.650362319<x183>[B] (+0) -0.650362319<x184>[B] (+1) +0.650362319<x185>[B] (+0) -0.650362319<x186>[B] (+1) -0.650362319<x187>[B] (+0) -0.650362319<x188>[B] (+1) -0.650362319<x189>[B] (+1) -0.650362319<x190>[B] (+0) +0.650362319<x191>[B] (+0) -0.650362319<x192>[B] (+0) -0.650362319<x193>[B] (+1) -0.650362319<x194>[B] (+1) -0.650362319<x195>[B] (+0) -0.650362319<x196>[B] (+0) -0.650362319<x197>[B] (+1) -0.650362319<x198>[B] (+0) -0.650362319<x199>[B] (+0) +0.650362319<x200>[B] (+1) -0.650362319<x201>[B] (+1) -0.650362319<x202>[B] (+0) +0.650362319<x203>[B] (+0) +0.650362319<x204>[B] (+0) -0.650362319<x205>[B] (+1) -0.650362319<x206>[B] (+1) +0.650362319<x207>[B] (+0) -0.650362319<x208>[B] (+0) +0.650362319<x209>[B] (+1) +0.650362319<x210>[B] (+0) +0.650362319<x211>[B] (+1) +0.650362319<x212>[B] (+1) -0.650362319<x213>[B] (+1) +0.650362319<x214>[B] (+1) +0.650362319<x215>[B] (+0) +0.650362319<x216>[B] (+1) +0.650362319<x217>[B] (+1) +0.650362319<x218>[B] (+1) +0.650362319<x219>[B] (+0) +0.650362319<x220>[B] (+1) +0.650362319<x221>[B] (+0) -0.650362319<x222>[B] (+1) -0.650362319<x223>[B] (+0) +0.650362319<x224>[B] (+0) -0.650362319<x225>[B] (+0) -0.650362319<x226>[B] (+1) -0.650362319<x227>[B] (+1) +0.650362319<x228>[B] (+0) -0.650362319<x229>[B] (+0) -0.650362319<x230>[B] (+1) -0.650362319<x231>[B] (+0) -0.650362319<x232>[B] (+0) +0.650362319<x233>[B] (+0) +0.650362319<x234>[B] (+0) +0.650362319<x235>[B] (+1) +0.650362319<x236>[B] (+1) +0.650362319<x237>[B] (+0) -0.650362319<x238>[B] (+0) +0.650362319<x239>[B] (+1) +0.650362319<x240>[B] (+0) +0.650362319<x241>[B] (+0) +0.650362319<x242>[B] (+0) +0.650362319<x243>[B] (+1) +0.650362319<x244>[B] (+1) +0.650362319<x245>[B] (+0) +0.650362319<x246>[B] (+0) +0.650362319<x247>[B] (+1) +0.650362319<x248>[B] (+0) -0.650362319<x249>[B] (+0) -0.650362319<x250>[B] (+1) -0.650362319<x251>[B] (+1) -0.650362319<x252>[B] (+1) -0.650362319<x253>[B] (+0) -0.650362319<x254>[B] (+1) -0.650362319<x255>[B] (+0) -0.650362319<x256>[B] (+1) -0.650362319<x257>[B] (+1) +0.650362319<x258>[B] (+1) -0.650362319<x259>[B] (+1) +0.650362319<x260>[B] (+1) +0.650362319<x261>[B] (+0) -0.650362319<x262>[B] (+1) +0.650362319<x263>[B] (+0) -0.650362319<x264>[B] (+0) +0.650362319<x265>[B] (+0) +0.650362319<x266>[B] (+0) +0.650362319<x267>[B] (+0) -0.650362319<x268>[B] (+0) +0.650362319<x269>[B] (+0) +0.650362319<x270>[B] (+0) -0.650362319<x271>[B] (+0) -0.650362319<x272>[B] (+1) -0.650362319<x273>[B] (+0) +0.650362319<x274>[B] (+1) +0.650362319<x275>[B] (+0) +0.650362319<x276>[B] (+0) >= 49.5905797101449;
;
violation: left hand side is violated by 58.695652173913
  [linear] <c4049>: <x277>[C] (+0) -0.650362319<x1>[B] (+0) -0.650362319<x2>[B] (+0) -0.650362319<x3>[B] (+0) -0.650362319<x4>[B] (+1) -0.650362319<x5>[B] (+0) -0.650362319<x6>[B] (+0) -0.650362319<x7>[B] (+0) -0.650362319<x8>[B] (+0) -0.650362319<x9>[B] (+0) +0.650362319<x10>[B] (+0) -0.650362319<x11>[B] (+0) -0.650362319<x12>[B] (+0) -0.650362319<x13>[B] (+0) -0.650362319<x14>[B] (+0) -0.650362319<x15>[B] (+0) +0.650362319<x16>[B] (+0) -0.650362319<x17>[B] (+0) -0.650362319<x18>[B] (+0) -0.650362319<x19>[B] (+0) +0.650362319<x20>[B] (+0) -0.650362319<x21>[B] (+0) -0.650362319<x22>[B] (+0) -0.650362319<x23>[B] (+0) -0.650362319<x24>[B] (+0) +0.650362319<x25>[B] (+0) -0.650362319<x26>[B] (+1) +0.650362319<x27>[B] (+0) +0.650362319<x28>[B] (+0) -0.650362319<x29>[B] (+0) -0.650362319<x30>[B] (+0) +0.650362319<x31>[B] (+0) +0.650362319<x32>[B] (+0) +0.650362319<x33>[B] (+0) -0.650362319<x34>[B] (+0) +0.650362319<x35>[B] (+0) +0.650362319<x36>[B] (+0) -0.650362319<x37>[B] (+0) +0.650362319<x38>[B] (+0) +0.650362319<x39>[B] (+0) +0.650362319<x40>[B] (+0) +0.650362319<x41>[B] (+0) +0.650362319<x42>[B] (+0) -0.650362319<x43>[B] (+0) +0.650362319<x44>[B] (+0) +0.650362319<x45>[B] (+0) +0.650362319<x46>[B] (+0) -0.650362319<x47>[B] (+1) +0.650362319<x48>[B] (+0) +0.650362319<x49>[B] (+0) -0.650362319<x50>[B] (+0) -0.650362319<x51>[B] (+0) +0.650362319<x52>[B] (+0) +0.650362319<x53>[B] (+0) +0.650362319<x54>[B] (+0) +0.650362319<x55>[B] (+0) +0.650362319<x56>[B] (+0) +0.650362319<x57>[B] (+0) -0.650362319<x58>[B] (+0) +0.650362319<x59>[B] (+0) +0.650362319<x60>[B] (+0) +0.650362319<x61>[B] (+0) +0.650362319<x62>[B] (+0) +0.650362319<x63>[B] (+0) +0.650362319<x64>[B] (+0) +0.650362319<x65>[B] (+0) +0.650362319<x66>[B] (+0) -0.650362319<x67>[B] (+1) +0.650362319<x68>[B] (+0) +0.650362319<x69>[B] (+0) -0.650362319<x70>[B] (+0) -0.650362319<x71>[B] (+0) +0.650362319<x72>[B] (+0) +0.650362319<x73>[B] (+0) +0.650362319<x74>[B] (+0) -0.650362319<x75>[B] (+0) +0.650362319<x76>[B] (+0) +0.650362319<x77>[B] (+0) -0.650362319<x78>[B] (+0) +0.650362319<x79>[B] (+0) +0.650362319<x80>[B] (+0) +0.650362319<x81>[B] (+0) +0.650362319<x82>[B] (+0) +0.650362319<x83>[B] (+0) -0.650362319<x84>[B] (+0) +0.650362319<x85>[B] (+0) +0.650362319<x86>[B] (+0) +0.650362319<x87>[B] (+0) +0.650362319<x88>[B] (+0) +0.650362319<x89>[B] (+0) +0.650362319<x90>[B] (+0) +0.650362319<x91>[B] (+0) +0.650362319<x92>[B] (+0) +0.650362319<x93>[B] (+0) +0.650362319<x94>[B] (+0) +0.650362319<x95>[B] (+0) +0.650362319<x96>[B] (+0) +0.650362319<x97>[B] (+0) +0.650362319<x98>[B] (+0) +0.650362319<x99>[B] (+0) +0.650362319<x100>[B] (+0) +0.650362319<x101>[B] (+0) +0.650362319<x102>[B] (+0) +0.650362319<x103>[B] (+0) +0.650362319<x104>[B] (+0) +0.650362319<x105>[B] (+0) +0.650362319<x106>[B] (+0) -0.650362319<x107>[B] (+0) -0.650362319<x108>[B] (+0) +0.650362319<x109>[B] (+0) +0.650362319<x110>[B] (+0) +0.650362319<x111>[B] (+0) -0.650362319<x112>[B] (+0) +0.650362319<x113>[B] (+0) -0.650362319<x114>[B] (+0) -0.650362319<x115>[B] (+0) +0.650362319<x116>[B] (+0) +0.650362319<x117>[B] (+0) +0.650362319<x118>[B] (+0) -0.650362319<x119>[B] (+0) +0.650362319<x120>[B] (+0) -0.650362319<x121>[B] (+0) +0.650362319<x122>[B] (+0) +0.650362319<x123>[B] (+0) -0.650362319<x124>[B] (+1) -0.650362319<x125>[B] (+1) +0.650362319<x126>[B] (+0) +0.650362319<x127>[B] (+0) -0.650362319<x128>[B] (+0) -0.650362319<x129>[B] (+0) +0.650362319<x130>[B] (+0) -0.650362319<x131>[B] (+0) -0.650362319<x132>[B] (+0) +0.650362319<x133>[B] (+0) -0.650362319<x134>[B] (+0) -0.650362319<x135>[B] (+0) -0.650362319<x136>[B] (+1) +0.650362319<x137>[B] (+0) -0.650362319<x138>[B] (+0) -0.650362319<x139>[B] (+0) +0.650362319<x140>[B] (+0) +0.650362319<x141>[B] (+0) +0.650362319<x142>[B] (+0) +0.650362319<x143>[B] (+0) +0.650362319<x144>[B] (+0) +0.650362319<x145>[B] (+0) +0.650362319<x146>[B] (+0) +0.650362319<x147>[B] (+0) +0.650362319<x148>[B] (+0) +0.650362319<x149>[B] (+0) +0.650362319<x150>[B] (+0) +0.650362319<x151>[B] (+0) +0.650362319<x152>[B] (+0) +0.650362319<x153>[B] (+0) +0.650362319<x154>[B] (+0) +0.650362319<x155>[B] (+0) +0.650362319<x156>[B] (+0) +0.650362319<x157>[B] (+0) +0.650362319<x158>[B] (+0) +0.650362319<x159>[B] (+0) +0.650362319<x160>[B] (+0) +0.650362319<x161>[B] (+0) +0.650362319<x162>[B] (+0) -0.650362319<x163>[B] (+0) +0.650362319<x164>[B] (+0) +0.650362319<x165>[B] (+0) +0.650362319<x166>[B] (+0) +0.650362319<x167>[B] (+0) +0.650362319<x168>[B] (+0) +0.650362319<x169>[B] (+0) +0.650362319<x170>[B] (+0) +0.650362319<x171>[B] (+0) +0.650362319<x172>[B] (+0) -0.650362319<x173>[B] (+0) -0.650362319<x174>[B] (+0) +0.650362319<x175>[B] (+0) -0.650362319<x176>[B] (+0) -0.650362319<x177>[B] (+0) +0.650362319<x178>[B] (+0) -0.650362319<x179>[B] (+0) -0.650362319<x180>[B] (+0) -0.650362319<x181>[B] (+1) +0.650362319<x182>[B] (+0) -0.650362319<x183>[B] (+0) -0.650362319<x184>[B] (+0) +0.650362319<x185>[B] (+0) -0.650362319<x186>[B] (+1) -0.650362319<x187>[B] (+0) -0.650362319<x188>[B] (+0) -0.650362319<x189>[B] (+0) -0.650362319<x190>[B] (+0) +0.650362319<x191>[B] (+0) -0.650362319<x192>[B] (+0) -0.650362319<x193>[B] (+0) -0.650362319<x194>[B] (+1) -0.650362319<x195>[B] (+0) -0.650362319<x196>[B] (+0) -0.650362319<x197>[B] (+0) -0.650362319<x198>[B] (+0) -0.650362319<x199>[B] (+0) +0.650362319<x200>[B] (+0) -0.650362319<x201>[B] (+0) -0.650362319<x202>[B] (+0) +0.650362319<x203>[B] (+0) +0.650362319<x204>[B] (+0) -0.650362319<x205>[B] (+0) -0.650362319<x206>[B] (+1) +0.650362319<x207>[B] (+0) -0.650362319<x208>[B] (+0) +0.650362319<x209>[B] (+0) +0.650362319<x210>[B] (+0) +0.650362319<x211>[B] (+0) +0.650362319<x212>[B] (+0) -0.650362319<x213>[B] (+0) +0.650362319<x214>[B] (+0) +0.650362319<x215>[B] (+0) +0.650362319<x216>[B] (+0) +0.650362319<x217>[B] (+1) +0.650362319<x218>[B] (+0) +0.650362319<x219>[B] (+0) +0.650362319<x220>[B] (+0) +0.650362319<x221>[B] (+0) -0.650362319<x222>[B] (+0) -0.650362319<x223>[B] (+0) +0.650362319<x224>[B] (+0) -0.650362319<x225>[B] (+0) -0.650362319<x226>[B] (+0) -0.650362319<x227>[B] (+1) +0.650362319<x228>[B] (+0) -0.650362319<x229>[B] (+0) -0.650362319<x230>[B] (+0) -0.650362319<x231>[B] (+0) -0.650362319<x232>[B] (+0) +0.650362319<x233>[B] (+0) +0.650362319<x234>[B] (+0) +0.650362319<x235>[B] (+0) +0.650362319<x236>[B] (+1) +0.650362319<x237>[B] (+0) -0.650362319<x238>[B] (+0) +0.650362319<x239>[B] (+0) +0.650362319<x240>[B] (+0) +0.650362319<x241>[B] (+0) +0.650362319<x242>[B] (+0) +0.650362319<x243>[B] (+1) +0.650362319<x244>[B] (+1) +0.650362319<x245>[B] (+0) +0.650362319<x246>[B] (+0) +0.650362319<x247>[B] (+1) +0.650362319<x248>[B] (+0) -0.650362319<x249>[B] (+0) -0.650362319<x250>[B] (+1) -0.650362319<x251>[B] (+1) -0.650362319<x252>[B] (+1) -0.650362319<x253>[B] (+0) -0.650362319<x254>[B] (+1) -0.650362319<x255>[B] (+0) -0.650362319<x256>[B] (+1) -0.650362319<x257>[B] (+1) +0.650362319<x258>[B] (+1) -0.650362319<x259>[B] (+1) +0.650362319<x260>[B] (+1) +0.650362319<x261>[B] (+0) -0.650362319<x262>[B] (+1) +0.650362319<x263>[B] (+0) -0.650362319<x264>[B] (+0) +0.650362319<x265>[B] (+0) +0.650362319<x266>[B] (+0) +0.650362319<x267>[B] (+0) -0.650362319<x268>[B] (+0) +0.650362319<x269>[B] (+0) +0.650362319<x270>[B] (+0) -0.650362319<x271>[B] (+0) -0.650362319<x272>[B] (+1) -0.650362319<x273>[B] (+0) +0.650362319<x274>[B] (+1) +0.650362319<x275>[B] (+0) +0.650362319<x276>[B] (+0) >= 49.5905797101449;
;
violation: left hand side is violated by 58.0452898550725
  [linear] <c4049>: <x277>[C] (+0) -0.650362319<x1>[B] (+0) -0.650362319<x2>[B] (+0) -0.650362319<x3>[B] (+0) -0.650362319<x4>[B] (+0) -0.650362319<x5>[B] (+0) -0.650362319<x6>[B] (+0) -0.650362319<x7>[B] (+0) -0.650362319<x8>[B] (+0) -0.650362319<x9>[B] (+0) +0.650362319<x10>[B] (+0) -0.650362319<x11>[B] (+0) -0.650362319<x12>[B] (+0) -0.650362319<x13>[B] (+0) -0.650362319<x14>[B] (+0) -0.650362319<x15>[B] (+0) +0.650362319<x16>[B] (+0) -0.650362319<x17>[B] (+0) -0.650362319<x18>[B] (+0) -0.650362319<x19>[B] (+0) +0.650362319<x20>[B] (+0) -0.650362319<x21>[B] (+0) -0.650362319<x22>[B] (+0) -0.650362319<x23>[B] (+0) -0.650362319<x24>[B] (+0) +0.650362319<x25>[B] (+0) -0.650362319<x26>[B] (+0) +0.650362319<x27>[B] (+0) +0.650362319<x28>[B] (+0) -0.650362319<x29>[B] (+0) -0.650362319<x30>[B] (+0) +0.650362319<x31>[B] (+0) +0.650362319<x32>[B] (+0) +0.650362319<x33>[B] (+0) -0.650362319<x34>[B] (+0) +0.650362319<x35>[B] (+0) +0.650362319<x36>[B] (+0) -0.650362319<x37>[B] (+0) +0.650362319<x38>[B] (+0) +0.650362319<x39>[B] (+0) +0.650362319<x40>[B] (+0) +0.650362319<x41>[B] (+0) +0.650362319<x42>[B] (+0) -0.650362319<x43>[B] (+0) +0.650362319<x44>[B] (+0) +0.650362319<x45>[B] (+0) +0.650362319<x46>[B] (+0) -0.650362319<x47>[B] (+0) +0.650362319<x48>[B] (+0) +0.650362319<x49>[B] (+0) -0.650362319<x50>[B] (+0) -0.650362319<x51>[B] (+0) +0.650362319<x52>[B] (+0) +0.650362319<x53>[B] (+0) +0.650362319<x54>[B] (+0) +0.650362319<x55>[B] (+0) +0.650362319<x56>[B] (+0) +0.650362319<x57>[B] (+0) -0.650362319<x58>[B] (+0) +0.650362319<x59>[B] (+0) +0.650362319<x60>[B] (+0) +0.650362319<x61>[B] (+0) +0.650362319<x62>[B] (+0) +0.650362319<x63>[B] (+0) +0.650362319<x64>[B] (+0) +0.650362319<x65>[B] (+0) +0.650362319<x66>[B] (+0) -0.650362319<x67>[B] (+0) +0.650362319<x68>[B] (+0) +0.650362319<x69>[B] (+0) -0.650362319<x70>[B] (+0) -0.650362319<x71>[B] (+0) +0.650362319<x72>[B] (+0) +0.650362319<x73>[B] (+0) +0.650362319<x74>[B] (+0) -0.650362319<x75>[B] (+0) +0.650362319<x76>[B] (+0) +0.650362319<x77>[B] (+0) -0.650362319<x78>[B] (+0) +0.650362319<x79>[B] (+0) +0.650362319<x80>[B] (+0) +0.650362319<x81>[B] (+0) +0.650362319<x82>[B] (+0) +0.650362319<x83>[B] (+0) -0.650362319<x84>[B] (+0) +0.650362319<x85>[B] (+0) +0.650362319<x86>[B] (+0) +0.650362319<x87>[B] (+0) +0.650362319<x88>[B] (+0) +0.650362319<x89>[B] (+0) +0.650362319<x90>[B] (+0) +0.650362319<x91>[B] (+0) +0.650362319<x92>[B] (+0) +0.650362319<x93>[B] (+0) +0.650362319<x94>[B] (+0) +0.650362319<x95>[B] (+0) +0.650362319<x96>[B] (+0) +0.650362319<x97>[B] (+0) +0.650362319<x98>[B] (+0) +0.650362319<x99>[B] (+0) +0.650362319<x100>[B] (+0) +0.650362319<x101>[B] (+0) +0.650362319<x102>[B] (+0) +0.650362319<x103>[B] (+0) +0.650362319<x104>[B] (+0) +0.650362319<x105>[B] (+0) +0.650362319<x106>[B] (+0) -0.650362319<x107>[B] (+0) -0.650362319<x108>[B] (+0) +0.650362319<x109>[B] (+0) +0.650362319<x110>[B] (+0) +0.650362319<x111>[B] (+0) -0.650362319<x112>[B] (+0) +0.650362319<x113>[B] (+0) -0.650362319<x114>[B] (+0) -0.650362319<x115>[B] (+0) +0.650362319<x116>[B] (+0) +0.650362319<x117>[B] (+0) +0.650362319<x118>[B] (+0) -0.650362319<x119>[B] (+0) +0.650362319<x120>[B] (+0) -0.650362319<x121>[B] (+0) +0.650362319<x122>[B] (+0) +0.650362319<x123>[B] (+0) -0.650362319<x124>[B] (+0) -0.650362319<x125>[B] (+0) +0.650362319<x126>[B] (+0) +0.650362319<x127>[B] (+0) -0.650362319<x128>[B] (+0) -0.650362319<x129>[B] (+0) +0.650362319<x130>[B] (+0) -0.650362319<x131>[B] (+0) -0.650362319<x132>[B] (+0) +0.650362319<x133>[B] (+0) -0.650362319<x134>[B] (+0) -0.650362319<x135>[B] (+0) -0.650362319<x136>[B] (+0) +0.650362319<x137>[B] (+0) -0.650362319<x138>[B] (+0) -0.650362319<x139>[B] (+0) +0.650362319<x140>[B] (+0) +0.650362319<x141>[B] (+0) +0.650362319<x142>[B] (+0) +0.650362319<x143>[B] (+0) +0.650362319<x144>[B] (+0) +0.650362319<x145>[B] (+0) +0.650362319<x146>[B] (+0) +0.650362319<x147>[B] (+0) +0.650362319<x148>[B] (+0) +0.650362319<x149>[B] (+0) +0.650362319<x150>[B] (+0) +0.650362319<x151>[B] (+0) +0.650362319<x152>[B] (+0) +0.650362319<x153>[B] (+0) +0.650362319<x154>[B] (+0) +0.650362319<x155>[B] (+0) +0.650362319<x156>[B] (+0) +0.650362319<x157>[B] (+0) +0.650362319<x158>[B] (+0) +0.650362319<x159>[B] (+0) +0.650362319<x160>[B] (+0) +0.650362319<x161>[B] (+0) +0.650362319<x162>[B] (+0) -0.650362319<x163>[B] (+0) +0.650362319<x164>[B] (+0) +0.650362319<x165>[B] (+0) +0.650362319<x166>[B] (+0) +0.650362319<x167>[B] (+0) +0.650362319<x168>[B] (+0) +0.650362319<x169>[B] (+0) +0.650362319<x170>[B] (+0) +0.650362319<x171>[B] (+0) +0.650362319<x172>[B] (+0) -0.650362319<x173>[B] (+0) -0.650362319<x174>[B] (+0) +0.650362319<x175>[B] (+0) -0.650362319<x176>[B] (+0) -0.650362319<x177>[B] (+0) +0.650362319<x178>[B] (+0) -0.650362319<x179>[B] (+0) -0.650362319<x180>[B] (+0) -0.650362319<x181>[B] (+0) +0.650362319<x182>[B] (+0) -0.650362319<x183>[B] (+0) -0.650362319<x184>[B] (+0) +0.650362319<x185>[B] (+0) -0.650362319<x186>[B] (+0) -0.650362319<x187>[B] (+0) -0.650362319<x188>[B] (+0) -0.650362319<x189>[B] (+0) -0.650362319<x190>[B] (+0) +0.650362319<x191>[B] (+0) -0.650362319<x192>[B] (+0) -0.650362319<x193>[B] (+0) -0.650362319<x194>[B] (+0) -0.650362319<x195>[B] (+0) -0.650362319<x196>[B] (+0) -0.650362319<x197>[B] (+0) -0.650362319<x198>[B] (+0) -0.650362319<x199>[B] (+0) +0.650362319<x200>[B] (+0) -0.650362319<x201>[B] (+0) -0.650362319<x202>[B] (+0) +0.650362319<x203>[B] (+0) +0.650362319<x204>[B] (+0) -0.650362319<x205>[B] (+0) -0.650362319<x206>[B] (+0) +0.650362319<x207>[B] (+0) -0.650362319<x208>[B] (+0) +0.650362319<x209>[B] (+0) +0.650362319<x210>[B] (+0) +0.650362319<x211>[B] (+0) +0.650362319<x212>[B] (+0) -0.650362319<x213>[B] (+0) +0.650362319<x214>[B] (+0) +0.650362319<x215>[B] (+0) +0.650362319<x216>[B] (+0) +0.650362319<x217>[B] (+0) +0.650362319<x218>[B] (+0) +0.650362319<x219>[B] (+0) +0.650362319<x220>[B] (+0) +0.650362319<x221>[B] (+0) -0.650362319<x222>[B] (+0) -0.650362319<x223>[B] (+0) +0.650362319<x224>[B] (+0) -0.650362319<x225>[B] (+0) -0.650362319<x226>[B] (+0) -0.650362319<x227>[B] (+0) +0.650362319<x228>[B] (+0) -0.650362319<x229>[B] (+0) -0.650362319<x230>[B] (+0) -0.650362319<x231>[B] (+0) -0.650362319<x232>[B] (+0) +0.650362319<x233>[B] (+0) +0.650362319<x234>[B] (+0) +0.650362319<x235>[B] (+0) +0.650362319<x236>[B] (+0) +0.650362319<x237>[B] (+0) -0.650362319<x238>[B] (+0) +0.650362319<x239>[B] (+0) +0.650362319<x240>[B] (+0) +0.650362319<x241>[B] (+0) +0.650362319<x242>[B] (+0) +0.650362319<x243>[B] (+0) +0.650362319<x244>[B] (+0) +0.650362319<x245>[B] (+0) +0.650362319<x246>[B] (+0) +0.650362319<x247>[B] (+0) +0.650362319<x248>[B] (+0) -0.650362319<x249>[B] (+0) -0.650362319<x250>[B] (+0) -0.650362319<x251>[B] (+0) -0.650362319<x252>[B] (+0) -0.650362319<x253>[B] (+0) -0.650362319<x254>[B] (+0) -0.650362319<x255>[B] (+0) -0.650362319<x256>[B] (+0) -0.650362319<x257>[B] (+0) +0.650362319<x258>[B] (+0) -0.650362319<x259>[B] (+0) +0.650362319<x260>[B] (+0) +0.650362319<x261>[B] (+0) -0.650362319<x262>[B] (+0) +0.650362319<x263>[B] (+0) -0.650362319<x264>[B] (+0) +0.650362319<x265>[B] (+0) +0.650362319<x266>[B] (+0) +0.650362319<x267>[B] (+0) -0.650362319<x268>[B] (+0) +0.650362319<x269>[B] (+0) +0.650362319<x270>[B] (+0) -0.650362319<x271>[B] (+0) -0.650362319<x272>[B] (+0) -0.650362319<x273>[B] (+0) +0.650362319<x274>[B] (+0) +0.650362319<x275>[B] (+0) +0.650362319<x276>[B] (+0) >= 49.5905797101449;
;
violation: left hand side is violated by 49.5905797101449
  [linear] <c4049>: <x277>[C] (+0) -0.650362319<x1>[B] (+1) -0.650362319<x2>[B] (+1) -0.650362319<x3>[B] (+1) -0.650362319<x4>[B] (+1) -0.650362319<x5>[B] (+1) -0.650362319<x6>[B] (+1) -0.650362319<x7>[B] (+1) -0.650362319<x8>[B] (+1) -0.650362319<x9>[B] (+1) +0.650362319<x10>[B] (+1) -0.650362319<x11>[B] (+1) -0.650362319<x12>[B] (+1) -0.650362319<x13>[B] (+1) -0.650362319<x14>[B] (+1) -0.650362319<x15>[B] (+1) +0.650362319<x16>[B] (+1) -0.650362319<x17>[B] (+1) -0.650362319<x18>[B] (+1) -0.650362319<x19>[B] (+1) +0.650362319<x20>[B] (+1) -0.650362319<x21>[B] (+1) -0.650362319<x22>[B] (+1) -0.650362319<x23>[B] (+1) -0.650362319<x24>[B] (+1) +0.650362319<x25>[B] (+1) -0.650362319<x26>[B] (+1) +0.650362319<x27>[B] (+1) +0.650362319<x28>[B] (+1) -0.650362319<x29>[B] (+1) -0.650362319<x30>[B] (+1) +0.650362319<x31>[B] (+1) +0.650362319<x32>[B] (+1) +0.650362319<x33>[B] (+1) -0.650362319<x34>[B] (+1) +0.650362319<x35>[B] (+1) +0.650362319<x36>[B] (+1) -0.650362319<x37>[B] (+1) +0.650362319<x38>[B] (+1) +0.650362319<x39>[B] (+1) +0.650362319<x40>[B] (+1) +0.650362319<x41>[B] (+1) +0.650362319<x42>[B] (+1) -0.650362319<x43>[B] (+1) +0.650362319<x44>[B] (+1) +0.650362319<x45>[B] (+1) +0.650362319<x46>[B] (+1) -0.650362319<x47>[B] (+1) +0.650362319<x48>[B] (+1) +0.650362319<x49>[B] (+1) -0.650362319<x50>[B] (+1) -0.650362319<x51>[B] (+1) +0.650362319<x52>[B] (+1) +0.650362319<x53>[B] (+1) +0.650362319<x54>[B] (+1) +0.650362319<x55>[B] (+1) +0.650362319<x56>[B] (+1) +0.650362319<x57>[B] (+1) -0.650362319<x58>[B] (+1) +0.650362319<x59>[B] (+1) +0.650362319<x60>[B] (+1) +0.650362319<x61>[B] (+1) +0.650362319<x62>[B] (+1) +0.650362319<x63>[B] (+1) +0.650362319<x64>[B] (+1) +0.650362319<x65>[B] (+1) +0.650362319<x66>[B] (+1) -0.650362319<x67>[B] (+1) +0.650362319<x68>[B] (+1) +0.650362319<x69>[B] (+1) -0.650362319<x70>[B] (+1) -0.650362319<x71>[B] (+1) +0.650362319<x72>[B] (+1) +0.650362319<x73>[B] (+1) +0.650362319<x74>[B] (+1) -0.650362319<x75>[B] (+1) +0.650362319<x76>[B] (+1) +0.650362319<x77>[B] (+1) -0.650362319<x78>[B] (+1) +0.650362319<x79>[B] (+1) +0.650362319<x80>[B] (+1) +0.650362319<x81>[B] (+1) +0.650362319<x82>[B] (+1) +0.650362319<x83>[B] (+1) -0.650362319<x84>[B] (+1) +0.650362319<x85>[B] (+1) +0.650362319<x86>[B] (+1) +0.650362319<x87>[B] (+1) +0.650362319<x88>[B] (+1) +0.650362319<x89>[B] (+1) +0.650362319<x90>[B] (+1) +0.650362319<x91>[B] (+1) +0.650362319<x92>[B] (+1) +0.650362319<x93>[B] (+1) +0.650362319<x94>[B] (+1) +0.650362319<x95>[B] (+1) +0.650362319<x96>[B] (+1) +0.650362319<x97>[B] (+1) +0.650362319<x98>[B] (+1) +0.650362319<x99>[B] (+1) +0.650362319<x100>[B] (+1) +0.650362319<x101>[B] (+1) +0.650362319<x102>[B] (+1) +0.650362319<x103>[B] (+1) +0.650362319<x104>[B] (+1) +0.650362319<x105>[B] (+1) +0.650362319<x106>[B] (+1) -0.650362319<x107>[B] (+1) -0.650362319<x108>[B] (+1) +0.650362319<x109>[B] (+1) +0.650362319<x110>[B] (+1) +0.650362319<x111>[B] (+1) -0.650362319<x112>[B] (+1) +0.650362319<x113>[B] (+1) -0.650362319<x114>[B] (+1) -0.650362319<x115>[B] (+1) +0.650362319<x116>[B] (+1) +0.650362319<x117>[B] (+1) +0.650362319<x118>[B] (+1) -0.650362319<x119>[B] (+1) +0.650362319<x120>[B] (+1) -0.650362319<x121>[B] (+1) +0.650362319<x122>[B] (+1) +0.650362319<x123>[B] (+1) -0.650362319<x124>[B] (+1) -0.650362319<x125>[B] (+1) +0.650362319<x126>[B] (+1) +0.650362319<x127>[B] (+1) -0.650362319<x128>[B] (+1) -0.650362319<x129>[B] (+1) +0.650362319<x130>[B] (+1) -0.650362319<x131>[B] (+1) -0.650362319<x132>[B] (+1) +0.650362319<x133>[B] (+1) -0.650362319<x134>[B] (+1) -0.650362319<x135>[B] (+1) -0.650362319<x136>[B] (+1) +0.650362319<x137>[B] (+1) -0.650362319<x138>[B] (+1) -0.650362319<x139>[B] (+1) +0.650362319<x140>[B] (+1) +0.650362319<x141>[B] (+1) +0.650362319<x142>[B] (+1) +0.650362319<x143>[B] (+1) +0.650362319<x144>[B] (+1) +0.650362319<x145>[B] (+1) +0.650362319<x146>[B] (+1) +0.650362319<x147>[B] (+1) +0.650362319<x148>[B] (+1) +0.650362319<x149>[B] (+1) +0.650362319<x150>[B] (+1) +0.650362319<x151>[B] (+1) +0.650362319<x152>[B] (+1) +0.650362319<x153>[B] (+1) +0.650362319<x154>[B] (+1) +0.650362319<x155>[B] (+1) +0.650362319<x156>[B] (+1) +0.650362319<x157>[B] (+1) +0.650362319<x158>[B] (+1) +0.650362319<x159>[B] (+1) +0.650362319<x160>[B] (+1) +0.650362319<x161>[B] (+1) +0.650362319<x162>[B] (+1) -0.650362319<x163>[B] (+1) +0.650362319<x164>[B] (+1) +0.650362319<x165>[B] (+1) +0.650362319<x166>[B] (+1) +0.650362319<x167>[B] (+1) +0.650362319<x168>[B] (+1) +0.650362319<x169>[B] (+1) +0.650362319<x170>[B] (+1) +0.650362319<x171>[B] (+1) +0.650362319<x172>[B] (+1) -0.650362319<x173>[B] (+1) -0.650362319<x174>[B] (+1) +0.650362319<x175>[B] (+1) -0.650362319<x176>[B] (+1) -0.650362319<x177>[B] (+1) +0.650362319<x178>[B] (+1) -0.650362319<x179>[B] (+1) -0.650362319<x180>[B] (+1) -0.650362319<x181>[B] (+1) +0.650362319<x182>[B] (+1) -0.650362319<x183>[B] (+1) -0.650362319<x184>[B] (+1) +0.650362319<x185>[B] (+1) -0.650362319<x186>[B] (+1) -0.650362319<x187>[B] (+1) -0.650362319<x188>[B] (+1) -0.650362319<x189>[B] (+1) -0.650362319<x190>[B] (+1) +0.650362319<x191>[B] (+1) -0.650362319<x192>[B] (+1) -0.650362319<x193>[B] (+1) -0.650362319<x194>[B] (+1) -0.650362319<x195>[B] (+1) -0.650362319<x196>[B] (+1) -0.650362319<x197>[B] (+1) -0.650362319<x198>[B] (+1) -0.650362319<x199>[B] (+1) +0.650362319<x200>[B] (+1) -0.650362319<x201>[B] (+1) -0.650362319<x202>[B] (+1) +0.650362319<x203>[B] (+1) +0.650362319<x204>[B] (+1) -0.650362319<x205>[B] (+1) -0.650362319<x206>[B] (+1) +0.650362319<x207>[B] (+1) -0.650362319<x208>[B] (+1) +0.650362319<x209>[B] (+1) +0.650362319<x210>[B] (+1) +0.650362319<x211>[B] (+1) +0.650362319<x212>[B] (+1) -0.650362319<x213>[B] (+1) +0.650362319<x214>[B] (+1) +0.650362319<x215>[B] (+1) +0.650362319<x216>[B] (+1) +0.650362319<x217>[B] (+1) +0.650362319<x218>[B] (+1) +0.650362319<x219>[B] (+1) +0.650362319<x220>[B] (+1) +0.650362319<x221>[B] (+1) -0.650362319<x222>[B] (+1) -0.650362319<x223>[B] (+1) +0.650362319<x224>[B] (+1) -0.650362319<x225>[B] (+1) -0.650362319<x226>[B] (+1) -0.650362319<x227>[B] (+1) +0.650362319<x228>[B] (+1) -0.650362319<x229>[B] (+1) -0.650362319<x230>[B] (+1) -0.650362319<x231>[B] (+1) -0.650362319<x232>[B] (+1) +0.650362319<x233>[B] (+1) +0.650362319<x234>[B] (+1) +0.650362319<x235>[B] (+1) +0.650362319<x236>[B] (+1) +0.650362319<x237>[B] (+1) -0.650362319<x238>[B] (+1) +0.650362319<x239>[B] (+1) +0.650362319<x240>[B] (+1) +0.650362319<x241>[B] (+1) +0.650362319<x242>[B] (+1) +0.650362319<x243>[B] (+1) +0.650362319<x244>[B] (+1) +0.650362319<x245>[B] (+1) +0.650362319<x246>[B] (+1) +0.650362319<x247>[B] (+1) +0.650362319<x248>[B] (+1) -0.650362319<x249>[B] (+1) -0.650362319<x250>[B] (+1) -0.650362319<x251>[B] (+1) -0.650362319<x252>[B] (+1) -0.650362319<x253>[B] (+1) -0.650362319<x254>[B] (+1) -0.650362319<x255>[B] (+1) -0.650362319<x256>[B] (+1) -0.650362319<x257>[B] (+1) +0.650362319<x258>[B] (+1) -0.650362319<x259>[B] (+1) +0.650362319<x260>[B] (+1) +0.650362319<x261>[B] (+1) -0.650362319<x262>[B] (+1) +0.650362319<x263>[B] (+1) -0.650362319<x264>[B] (+1) +0.650362319<x265>[B] (+1) +0.650362319<x266>[B] (+1) +0.650362319<x267>[B] (+1) -0.650362319<x268>[B] (+1) +0.650362319<x269>[B] (+1) +0.650362319<x270>[B] (+1) -0.650362319<x271>[B] (+1) -0.650362319<x272>[B] (+1) -0.650362319<x273>[B] (+1) +0.650362319<x274>[B] (+1) +0.650362319<x275>[B] (+1) +0.650362319<x276>[B] (+1) >= 49.5905797101449;
;
violation: left hand side is violated by 13.1702898550725
1/5 feasible solution given by solution candidate storage, new primal bound -1.000064e+06

presolving:
   (0.0s) symmetry computation started: requiring (bin +, int +, cont +), (fixed: bin -, int -, cont -)
   (0.0s) no symmetry present (symcode time: 0.00)
presolving (0 rounds: 0 fast, 0 medium, 0 exhaustive):
 0 deleted vars, 0 deleted constraints, 0 added constraints, 0 tightened bounds, 0 added holes, 0 changed sides, 0 changed coefficients
 0 implications, 0 cliques, 0 implied integral variables (0 bin, 0 int, 0 cont)
presolved problem has 286 variables (276 bin, 0 int, 10 cont) and 4058 constraints
   4058 constraints of type <linear>
Presolving Time: 0.00
transformed 1/1 original solutions to the transformed problem space

 time | node  | left  |LP iter|LP it/n|mem/heur|mdpt |vars |cons |rows |cuts |sepa|confs|strbr|  dualbound   | primalbound  |  gap   | compl. 
p 0.0s|     1 |     0 |     3 |     - |   locks|   0 | 286 |4058 |4058 |   0 |  0 |   0 |   0 | 3.340000e+02 |-4.786123e+02 |    Inf | unknown
* 0.0s|     1 |     0 |   198 |     - |    LP  |   0 | 286 |4058 |4058 |   0 |  0 |   0 |   0 |-2.302391e+02 |-2.302391e+02 |   0.00%| unknown
  0.0s|     1 |     0 |   198 |     - |    17M |   0 | 286 |4058 |4058 |   0 |  0 |   0 |   0 |-2.302391e+02 |-2.302391e+02 |   0.00%| unknown

SCIP Status        : problem is solved [optimal solution found]
Solving Time (sec) : 0.02
Solving Nodes      : 1
Primal Bound       : -2.30239130434783e+02 (4 solutions)
Dual Bound         : -2.30239130434783e+02
Gap                : 0.00 %
  [linear] <c4059>: <x277>[C] (+54.1431159) -0.625<x1>[B] (+0) -0.625<x2>[B] (+1) -0.625<x3>[B] (+1) -0.625<x4>[B] (+1) -0.625<x5>[B] (+1) -0.625<x6>[B] (+0) -0.625<x7>[B] (+1) -0.625<x8>[B] (+1) -0.625<x9>[B] (+1) +0.625<x10>[B] (+1) -0.625<x11>[B] (+1) -0.625<x12>[B] (+0) -0.625<x13>[B] (+1) -0.625<x14>[B] (+1) -0.625<x15>[B] (+0) +0.625<x16>[B] (+0) -0.625<x17>[B] (+0) -0.625<x18>[B] (+1) -0.625<x19>[B] (+1) +0.625<x20>[B] (+0) -0.625<x21>[B] (+0) -0.625<x22>[B] (+1) -0.625<x23>[B] (+0) -0.625<x24>[B] (+1) +0.625<x25>[B] (+1) -0.625<x26>[B] (+1) +0.625<x27>[B] (+1) +0.625<x28>[B] (+0) -0.625<x29>[B] (+1) -0.625<x30>[B] (+1) +0.625<x31>[B] (+1) +0.625<x32>[B] (+1) +0.625<x33>[B] (+1) -0.625<x34>[B] (+0) +0.625<x35>[B] (+1) +0.625<x36>[B] (+1) -0.625<x37>[B] (+0) +0.625<x38>[B] (+0) +0.625<x39>[B] (+0) +0.625<x40>[B] (+1) +0.625<x41>[B] (+1) +0.625<x42>[B] (+0) -0.625<x43>[B] (+1) +0.625<x44>[B] (+1) +0.625<x45>[B] (+0) +0.625<x46>[B] (+0) -0.625<x47>[B] (+1) +0.625<x48>[B] (+0) +0.625<x49>[B] (+0) -0.625<x50>[B] (+1) -0.625<x51>[B] (+0) +0.625<x52>[B] (+0) +0.625<x53>[B] (+0) +0.625<x54>[B] (+0) +0.625<x55>[B] (+0) +0.625<x56>[B] (+0) +0.625<x57>[B] (+0) -0.625<x58>[B] (+0) +0.625<x59>[B] (+0) +0.625<x60>[B] (+0) +0.625<x61>[B] (+1) +0.625<x62>[B] (+1) +0.625<x63>[B] (+0) +0.625<x64>[B] (+0) +0.625<x65>[B] (+1) +0.625<x66>[B] (+0) -0.625<x67>[B] (+1) +0.625<x68>[B] (+0) +0.625<x69>[B] (+0) -0.625<x70>[B] (+1) -0.625<x71>[B] (+1) +0.625<x72>[B] (+0) +0.625<x73>[B] (+0) +0.625<x74>[B] (+0) -0.625<x75>[B] (+0) +0.625<x76>[B] (+1) +0.625<x77>[B] (+1) -0.625<x78>[B] (+0) +0.625<x79>[B] (+0) +0.625<x80>[B] (+0) +0.625<x81>[B] (+1) +0.625<x82>[B] (+1) +0.625<x83>[B] (+0) -0.625<x84>[B] (+0) +0.625<x85>[B] (+1) +0.625<x86>[B] (+0) +0.625<x87>[B] (+0) +0.625<x88>[B] (+0) +0.625<x89>[B] (+0) +0.625<x90>[B] (+0) +0.625<x91>[B] (+0) +0.625<x92>[B] (+0) +0.625<x93>[B] (+0) +0.625<x94>[B] (+0) +0.625<x95>[B] (+0) +0.625<x96>[B] (+0) +0.625<x97>[B] (+0) +0.625<x98>[B] (+0) +0.625<x99>[B] (+0) +0.625<x100>[B] (+1) +0.625<x101>[B] (+1) +0.625<x102>[B] (+0) +0.625<x103>[B] (+0) +0.625<x104>[B] (+1) +0.625<x105>[B] (+0) +0.625<x106>[B] (+0) -0.625<x107>[B] (+1) -0.625<x108>[B] (+1) +0.625<x109>[B] (+0) +0.625<x110>[B] (+0) +0.625<x111>[B] (+0) -0.625<x112>[B] (+0) +0.625<x113>[B] (+1) -0.625<x114>[B] (+1) -0.625<x115>[B] (+0) +0.625<x116>[B] (+0) +0.625<x117>[B] (+0) +0.625<x118>[B] (+1) -0.625<x119>[B] (+1) +0.625<x120>[B] (+0) -0.625<x121>[B] (+0) +0.625<x122>[B] (+1) +0.625<x123>[B] (+0) -0.625<x124>[B] (+1) -0.625<x125>[B] (+1) +0.625<x126>[B] (+1) +0.625<x127>[B] (+1) -0.625<x128>[B] (+1) -0.625<x129>[B] (+1) +0.625<x130>[B] (+1) -0.625<x131>[B] (+1) -0.625<x132>[B] (+1) +0.625<x133>[B] (+1) -0.625<x134>[B] (+1) -0.625<x135>[B] (+1) -0.625<x136>[B] (+1) +0.625<x137>[B] (+1) -0.625<x138>[B] (+1) -0.625<x139>[B] (+1) +0.625<x140>[B] (+0) +0.625<x141>[B] (+0) +0.625<x142>[B] (+0) +0.625<x143>[B] (+0) +0.625<x144>[B] (+0) +0.625<x145>[B] (+0) +0.625<x146>[B] (+0) +0.625<x147>[B] (+0) +0.625<x148>[B] (+0) +0.625<x149>[B] (+0) +0.625<x150>[B] (+0) +0.625<x151>[B] (+1) +0.625<x152>[B] (+1) +0.625<x153>[B] (+0) +0.625<x154>[B] (+0) +0.625<x155>[B] (+1) +0.625<x156>[B] (+0) +0.625<x157>[B] (+0) +0.625<x158>[B] (+0) +0.625<x159>[B] (+0) +0.625<x160>[B] (+0) +0.625<x161>[B] (+1) +0.625<x162>[B] (+0) -0.625<x163>[B] (+0) +0.625<x164>[B] (+0) +0.625<x165>[B] (+0) +0.625<x166>[B] (+1) +0.625<x167>[B] (+1) +0.625<x168>[B] (+0) +0.625<x169>[B] (+0) +0.625<x170>[B] (+1) +0.625<x171>[B] (+0) +0.625<x172>[B] (+0) -0.625<x173>[B] (+1) -0.625<x174>[B] (+0) +0.625<x175>[B] (+1) -0.625<x176>[B] (+1) -0.625<x177>[B] (+0) +0.625<x178>[B] (+0) -0.625<x179>[B] (+0) -0.625<x180>[B] (+1) -0.625<x181>[B] (+1) +0.625<x182>[B] (+0) -0.625<x183>[B] (+0) -0.625<x184>[B] (+1) +0.625<x185>[B] (+0) -0.625<x186>[B] (+1) -0.625<x187>[B] (+0) -0.625<x188>[B] (+1) -0.625<x189>[B] (+1) -0.625<x190>[B] (+0) +0.625<x191>[B] (+0) -0.625<x192>[B] (+0) -0.625<x193>[B] (+1) -0.625<x194>[B] (+1) -0.625<x195>[B] (+0) -0.625<x196>[B] (+0) -0.625<x197>[B] (+1) -0.625<x198>[B] (+0) -0.625<x199>[B] (+0) +0.625<x200>[B] (+1) -0.625<x201>[B] (+1) -0.625<x202>[B] (+0) +0.625<x203>[B] (+0) +0.625<x204>[B] (+0) -0.625<x205>[B] (+1) -0.625<x206>[B] (+1) +0.625<x207>[B] (+0) -0.625<x208>[B] (+0) +0.625<x209>[B] (+1) +0.625<x210>[B] (+0) +0.625<x211>[B] (+1) +0.625<x212>[B] (+1) -0.625<x213>[B] (+1) +0.625<x214>[B] (+1) +0.625<x215>[B] (+0) +0.625<x216>[B] (+1) +0.625<x217>[B] (+1) +0.625<x218>[B] (+1) +0.625<x219>[B] (+1) +0.625<x220>[B] (+1) +0.625<x221>[B] (+0) -0.625<x222>[B] (+0) -0.625<x223>[B] (+0) +0.625<x224>[B] (+0) -0.625<x225>[B] (+0) -0.625<x226>[B] (+1) -0.625<x227>[B] (+1) +0.625<x228>[B] (+0) -0.625<x229>[B] (+0) -0.625<x230>[B] (+1) -0.625<x231>[B] (+0) -0.625<x232>[B] (+0) +0.625<x233>[B] (+0) +0.625<x234>[B] (+0) +0.625<x235>[B] (+1) +0.625<x236>[B] (+1) +0.625<x237>[B] (+0) -0.625<x238>[B] (+0) +0.625<x239>[B] (+1) +0.625<x240>[B] (+0) +0.625<x241>[B] (+0) +0.625<x242>[B] (+0) +0.625<x243>[B] (+1) +0.625<x244>[B] (+1) +0.625<x245>[B] (+0) +0.625<x246>[B] (+1) +0.625<x247>[B] (+1) +0.625<x248>[B] (+0) -0.625<x249>[B] (+0) -0.625<x250>[B] (+1) -0.625<x251>[B] (+1) -0.625<x252>[B] (+1) -0.625<x253>[B] (+1) -0.625<x254>[B] (+1) -0.625<x255>[B] (+0) -0.625<x256>[B] (+1) -0.625<x257>[B] (+1) +0.625<x258>[B] (+1) -0.625<x259>[B] (+1) +0.625<x260>[B] (+1) +0.625<x261>[B] (+0) -0.625<x262>[B] (+0) +0.625<x263>[B] (+0) -0.625<x264>[B] (+0) +0.625<x265>[B] (+0) +0.625<x266>[B] (+0) +0.625<x267>[B] (+0) -0.625<x268>[B] (+0) +0.625<x269>[B] (+1) +0.625<x270>[B] (+0) -0.625<x271>[B] (+1) -0.625<x272>[B] (+1) -0.625<x273>[B] (+0) +0.625<x274>[B] (+1) +0.625<x275>[B] (+0) +0.625<x276>[B] (+0) >= 49.8442028985507;
;
violation: left hand side is violated by 0.076086956521749
  [linear] <c4059>: <x277>[C] (+6.01630435) -0.625<x1>[B] (+1) -0.625<x2>[B] (+0) -0.625<x3>[B] (+1) -0.625<x4>[B] (+0) -0.625<x5>[B] (+0) -0.625<x6>[B] (+1) -0.625<x7>[B] (+0) -0.625<x8>[B] (+0) -0.625<x9>[B] (+0) +0.625<x10>[B] (+0) -0.625<x11>[B] (+0) -0.625<x12>[B] (+0) -0.625<x13>[B] (+1) -0.625<x14>[B] (+0) -0.625<x15>[B] (+1) +0.625<x16>[B] (+1) -0.625<x17>[B] (+1) -0.625<x18>[B] (+0) -0.625<x19>[B] (+0) +0.625<x20>[B] (+0) -0.625<x21>[B] (+1) -0.625<x22>[B] (+0) -0.625<x23>[B] (+1) -0.625<x24>[B] (+0) +0.625<x25>[B] (+1) -0.625<x26>[B] (+0) +0.625<x27>[B] (+0) +0.625<x28>[B] (+1) -0.625<x29>[B] (+0) -0.625<x30>[B] (+0) +0.625<x31>[B] (+0) +0.625<x32>[B] (+0) +0.625<x33>[B] (+0) -0.625<x34>[B] (+0) +0.625<x35>[B] (+0) +0.625<x36>[B] (+0) -0.625<x37>[B] (+0) +0.625<x38>[B] (+1) +0.625<x39>[B] (+1) +0.625<x40>[B] (+0) +0.625<x41>[B] (+0) +0.625<x42>[B] (+0) -0.625<x43>[B] (+0) +0.625<x44>[B] (+0) +0.625<x45>[B] (+1) +0.625<x46>[B] (+1) -0.625<x47>[B] (+0) +0.625<x48>[B] (+1) +0.625<x49>[B] (+1) -0.625<x50>[B] (+1) -0.625<x51>[B] (+1) +0.625<x52>[B] (+1) +0.625<x53>[B] (+1) +0.625<x54>[B] (+1) +0.625<x55>[B] (+1) +0.625<x56>[B] (+1) +0.625<x57>[B] (+0) -0.625<x58>[B] (+1) +0.625<x59>[B] (+1) +0.625<x60>[B] (+1) +0.625<x61>[B] (+1) +0.625<x62>[B] (+1) +0.625<x63>[B] (+1) +0.625<x64>[B] (+1) +0.625<x65>[B] (+0) +0.625<x66>[B] (+1) -0.625<x67>[B] (+0) +0.625<x68>[B] (+0) +0.625<x69>[B] (+1) -0.625<x70>[B] (+0) -0.625<x71>[B] (+0) +0.625<x72>[B] (+0) +0.625<x73>[B] (+0) +0.625<x74>[B] (+0) -0.625<x75>[B] (+0) +0.625<x76>[B] (+0) +0.625<x77>[B] (+0) -0.625<x78>[B] (+0) +0.625<x79>[B] (+1) +0.625<x80>[B] (+1) +0.625<x81>[B] (+0) +0.625<x82>[B] (+0) +0.625<x83>[B] (+0) -0.625<x84>[B] (+0) +0.625<x85>[B] (+0) +0.625<x86>[B] (+1) +0.625<x87>[B] (+1) +0.625<x88>[B] (+1) +0.625<x89>[B] (+1) +0.625<x90>[B] (+1) +0.625<x91>[B] (+1) +0.625<x92>[B] (+1) +0.625<x93>[B] (+1) +0.625<x94>[B] (+1) +0.625<x95>[B] (+1) +0.625<x96>[B] (+0) +0.625<x97>[B] (+1) +0.625<x98>[B] (+1) +0.625<x99>[B] (+1) +0.625<x100>[B] (+1) +0.625<x101>[B] (+1) +0.625<x102>[B] (+1) +0.625<x103>[B] (+1) +0.625<x104>[B] (+1) +0.625<x105>[B] (+1) +0.625<x106>[B] (+1) -0.625<x107>[B] (+1) -0.625<x108>[B] (+1) +0.625<x109>[B] (+1) +0.625<x110>[B] (+1) +0.625<x111>[B] (+1) -0.625<x112>[B] (+1) +0.625<x113>[B] (+1) -0.625<x114>[B] (+0) -0.625<x115>[B] (+1) +0.625<x116>[B] (+1) +0.625<x117>[B] (+1) +0.625<x118>[B] (+0) -0.625<x119>[B] (+0) +0.625<x120>[B] (+1) -0.625<x121>[B] (+1) +0.625<x122>[B] (+0) +0.625<x123>[B] (+1) -0.625<x124>[B] (+0) -0.625<x125>[B] (+0) +0.625<x126>[B] (+0) +0.625<x127>[B] (+0) -0.625<x128>[B] (+0) -0.625<x129>[B] (+0) +0.625<x130>[B] (+0) -0.625<x131>[B] (+0) -0.625<x132>[B] (+0) +0.625<x133>[B] (+0) -0.625<x134>[B] (+0) -0.625<x135>[B] (+0) -0.625<x136>[B] (+0) +0.625<x137>[B] (+0) -0.625<x138>[B] (+0) -0.625<x139>[B] (+0) +0.625<x140>[B] (+1) +0.625<x141>[B] (+1) +0.625<x142>[B] (+1) +0.625<x143>[B] (+1) +0.625<x144>[B] (+1) +0.625<x145>[B] (+1) +0.625<x146>[B] (+1) +0.625<x147>[B] (+0) +0.625<x148>[B] (+1) +0.625<x149>[B] (+1) +0.625<x150>[B] (+1) +0.625<x151>[B] (+0) +0.625<x152>[B] (+0) +0.625<x153>[B] (+1) +0.625<x154>[B] (+1) +0.625<x155>[B] (+0) +0.625<x156>[B] (+1) +0.625<x157>[B] (+1) +0.625<x158>[B] (+1) +0.625<x159>[B] (+1) +0.625<x160>[B] (+1) +0.625<x161>[B] (+1) +0.625<x162>[B] (+0) -0.625<x163>[B] (+1) +0.625<x164>[B] (+1) +0.625<x165>[B] (+1) +0.625<x166>[B] (+0) +0.625<x167>[B] (+0) +0.625<x168>[B] (+1) +0.625<x169>[B] (+1) +0.625<x170>[B] (+0) +0.625<x171>[B] (+1) +0.625<x172>[B] (+1) -0.625<x173>[B] (+0) -0.625<x174>[B] (+1) +0.625<x175>[B] (+1) -0.625<x176>[B] (+0) -0.625<x177>[B] (+1) +0.625<x178>[B] (+1) -0.625<x179>[B] (+1) -0.625<x180>[B] (+0) -0.625<x181>[B] (+0) +0.625<x182>[B] (+1) -0.625<x183>[B] (+1) -0.625<x184>[B] (+0) +0.625<x185>[B] (+1) -0.625<x186>[B] (+0) -0.625<x187>[B] (+0) -0.625<x188>[B] (+1) -0.625<x189>[B] (+0) -0.625<x190>[B] (+1) +0.625<x191>[B] (+1) -0.625<x192>[B] (+1) -0.625<x193>[B] (+0) -0.625<x194>[B] (+0) -0.625<x195>[B] (+0) -0.625<x196>[B] (+1) -0.625<x197>[B] (+0) -0.625<x198>[B] (+1) -0.625<x199>[B] (+1) +0.625<x200>[B] (+1) -0.625<x201>[B] (+0) -0.625<x202>[B] (+1) +0.625<x203>[B] (+1) +0.625<x204>[B] (+1) -0.625<x205>[B] (+0) -0.625<x206>[B] (+0) +0.625<x207>[B] (+1) -0.625<x208>[B] (+1) +0.625<x209>[B] (+0) +0.625<x210>[B] (+1) +0.625<x211>[B] (+1) +0.625<x212>[B] (+0) -0.625<x213>[B] (+1) +0.625<x214>[B] (+1) +0.625<x215>[B] (+1) +0.625<x216>[B] (+0) +0.625<x217>[B] (+0) +0.625<x218>[B] (+0) +0.625<x219>[B] (+1) +0.625<x220>[B] (+0) +0.625<x221>[B] (+1) -0.625<x222>[B] (+0) -0.625<x223>[B] (+1) +0.625<x224>[B] (+1) -0.625<x225>[B] (+1) -0.625<x226>[B] (+0) -0.625<x227>[B] (+0) +0.625<x228>[B] (+0) -0.625<x229>[B] (+1) -0.625<x230>[B] (+0) -0.625<x231>[B] (+1) -0.625<x232>[B] (+1) +0.625<x233>[B] (+1) +0.625<x234>[B] (+1) +0.625<x235>[B] (+1) +0.625<x236>[B] (+1) +0.625<x237>[B] (+1) -0.625<x238>[B] (+1) +0.625<x239>[B] (+1) +0.625<x240>[B] (+1) +0.625<x241>[B] (+1) +0.625<x242>[B] (+1) +0.625<x243>[B] (+0) +0.625<x244>[B] (+0) +0.625<x245>[B] (+0) +0.625<x246>[B] (+0) +0.625<x247>[B] (+0) +0.625<x248>[B] (+1) -0.625<x249>[B] (+1) -0.625<x250>[B] (+0) -0.625<x251>[B] (+0) -0.625<x252>[B] (+0) -0.625<x253>[B] (+0) -0.625<x254>[B] (+0) -0.625<x255>[B] (+1) -0.625<x256>[B] (+0) -0.625<x257>[B] (+0) +0.625<x258>[B] (+0) -0.625<x259>[B] (+0) +0.625<x260>[B] (+0) +0.625<x261>[B] (+1) -0.625<x262>[B] (+0) +0.625<x263>[B] (+1) -0.625<x264>[B] (+1) +0.625<x265>[B] (+0) +0.625<x266>[B] (+1) +0.625<x267>[B] (+1) -0.625<x268>[B] (+1) +0.625<x269>[B] (+0) +0.625<x270>[B] (+1) -0.625<x271>[B] (+1) -0.625<x272>[B] (+0) -0.625<x273>[B] (+1) +0.625<x274>[B] (+0) +0.625<x275>[B] (+1) +0.625<x276>[B] (+1) >= 49.8442028985507;
;
violation: left hand side is violated by 1.95289855072464
2/4 feasible solutions given by solution candidate storage, new primal bound -1.000064e+06

presolving:
   (0.0s) symmetry computation started: requiring (bin +, int +, cont +), (fixed: bin -, int -, cont -)
   (0.0s) no symmetry present (symcode time: 0.00)
presolving (0 rounds: 0 fast, 0 medium, 0 exhaustive):
 0 deleted vars, 0 deleted constraints, 0 added constraints, 0 tightened bounds, 0 added holes, 0 changed sides, 0 changed coefficients
 0 implications, 0 cliques, 0 implied integral variables (0 bin, 0 int, 0 cont)
presolved problem has 286 variables (276 bin, 0 int, 10 cont) and 4066 constraints
   4066 constraints of type <linear>
Presolving Time: 0.01
transformed 2/2 original solutions to the transformed problem space

 time | node  | left  |LP iter|LP it/n|mem/heur|mdpt |vars |cons |rows |cuts |sepa|confs|strbr|  dualbound   | primalbound  |  gap   | compl. 
p 0.0s|     1 |     0 |     3 |     - |   locks|   0 | 286 |4066 |4066 |   0 |  0 |   0 |   0 | 3.340000e+02 |-4.853496e+02 |    Inf | unknown
  0.0s|     1 |     0 |   275 |     - |    19M |   0 | 286 |4066 |4066 |   0 |  0 |   0 |   0 |-2.312452e+02 |-4.853496e+02 | 109.89%| unknown
r 0.0s|     1 |     0 |   275 |     - |shifting|   0 | 286 |4066 |4066 |   0 |  0 |   0 |   0 |-2.312452e+02 |-2.362848e+02 |   2.18%| unknown
  0.1s|     1 |     0 |   282 |     - |    20M |   0 | 286 |4066 |4067 |   1 |  1 |   0 |   0 |-2.312790e+02 |-2.362848e+02 |   2.16%| unknown
  0.1s|     1 |     0 |   282 |     - |    20M |   0 | 286 |4066 |4067 |   1 |  1 |   0 |   0 |-2.312790e+02 |-2.362848e+02 |   2.16%| unknown
d 0.1s|     1 |     0 |   282 |     - |farkasdi|   0 | 286 |4066 |4067 |   0 |  2 |   0 |   0 |-2.312790e+02 |-2.312790e+02 |   0.00%| unknown
  0.1s|     1 |     0 |   282 |     - |    20M |   0 | 286 |4066 |4067 |   1 |  2 |   0 |   0 |-2.312790e+02 |-2.312790e+02 |   0.00%| unknown

SCIP Status        : problem is solved [optimal solution found]
Solving Time (sec) : 0.07
Solving Nodes      : 1
Primal Bound       : -2.31278985507247e+02 (5 solutions)
Dual Bound         : -2.31278985507247e+02
Gap                : 0.00 %
  [linear] <c4067>: <x277>[C] (+56.0942029) -0.635869565<x1>[B] (+0) -0.635869565<x2>[B] (+1) -0.635869565<x3>[B] (+1) -0.635869565<x4>[B] (+1) -0.635869565<x5>[B] (+1) -0.635869565<x6>[B] (+0) -0.635869565<x7>[B] (+1) -0.635869565<x8>[B] (+1) -0.635869565<x9>[B] (+1) +0.635869565<x10>[B] (+1) -0.635869565<x11>[B] (+1) -0.635869565<x12>[B] (+0) -0.635869565<x13>[B] (+1) -0.635869565<x14>[B] (+1) -0.635869565<x15>[B] (-3.12049706e-13) +0.635869565<x16>[B] (-3.12049706e-13) -0.635869565<x17>[B] (+0) -0.635869565<x18>[B] (+1) -0.635869565<x19>[B] (+1) +0.635869565<x20>[B] (-3.12049706e-13) -0.635869565<x21>[B] (+0) -0.635869565<x22>[B] (+1) -0.635869565<x23>[B] (+0) -0.635869565<x24>[B] (+1) +0.635869565<x25>[B] (+1) -0.635869565<x26>[B] (+1) +0.635869565<x27>[B] (+1) +0.635869565<x28>[B] (+0) -0.635869565<x29>[B] (+1) -0.635869565<x30>[B] (+1) +0.635869565<x31>[B] (+1) +0.635869565<x32>[B] (+1) +0.635869565<x33>[B] (+1) -0.635869565<x34>[B] (-3.12049706e-13) +0.635869565<x35>[B] (+1) +0.635869565<x36>[B] (+1) -0.635869565<x37>[B] (-3.12049706e-13) +0.635869565<x38>[B] (-3.12049706e-13) +0.635869565<x39>[B] (+0) +0.635869565<x40>[B] (+1) +0.635869565<x41>[B] (+1) +0.635869565<x42>[B] (-3.12049706e-13) -0.635869565<x43>[B] (+1) +0.635869565<x44>[B] (+1) +0.635869565<x45>[B] (+0) +0.635869565<x46>[B] (+0) -0.635869565<x47>[B] (+1) +0.635869565<x48>[B] (+0) +0.635869565<x49>[B] (+0) -0.635869565<x50>[B] (+1) -0.635869565<x51>[B] (+1) +0.635869565<x52>[B] (+0) +0.635869565<x53>[B] (+0) +0.635869565<x54>[B] (+0) +0.635869565<x55>[B] (+0) +0.635869565<x56>[B] (+0) +0.635869565<x57>[B] (+0) -0.635869565<x58>[B] (+0) +0.635869565<x59>[B] (+0) +0.635869565<x60>[B] (+0) +0.635869565<x61>[B] (+1) +0.635869565<x62>[B] (+1) +0.635869565<x63>[B] (+0) +0.635869565<x64>[B] (+0) +0.635869565<x65>[B] (+1) +0.635869565<x66>[B] (+0) -0.635869565<x67>[B] (+1) +0.635869565<x68>[B] (+0) +0.635869565<x69>[B] (+0) -0.635869565<x70>[B] (+1) -0.635869565<x71>[B] (+1) +0.635869565<x72>[B] (+0) +0.635869565<x73>[B] (+0) +0.635869565<x74>[B] (+0) -0.635869565<x75>[B] (+0) +0.635869565<x76>[B] (+1) +0.635869565<x77>[B] (+1) -0.635869565<x78>[B] (+0) +0.635869565<x79>[B] (+0) +0.635869565<x80>[B] (+0) +0.635869565<x81>[B] (+1) +0.635869565<x82>[B] (+1) +0.635869565<x83>[B] (+0) -0.635869565<x84>[B] (+0) +0.635869565<x85>[B] (+1) +0.635869565<x86>[B] (+0) +0.635869565<x87>[B] (+0) +0.635869565<x88>[B] (+0) +0.635869565<x89>[B] (+0) +0.635869565<x90>[B] (+1) +0.635869565<x91>[B] (+0) +0.635869565<x92>[B] (+0) +0.635869565<x93>[B] (+0) +0.635869565<x94>[B] (+0) +0.635869565<x95>[B] (+0) +0.635869565<x96>[B] (+0) +0.635869565<x97>[B] (+0) +0.635869565<x98>[B] (+0) +0.635869565<x99>[B] (+0) +0.635869565<x100>[B] (+1) +0.635869565<x101>[B] (+1) +0.635869565<x102>[B] (+0) +0.635869565<x103>[B] (+0) +0.635869565<x104>[B] (+1) +0.635869565<x105>[B] (+0) +0.635869565<x106>[B] (+0) -0.635869565<x107>[B] (+1) -0.635869565<x108>[B] (+1) +0.635869565<x109>[B] (+0) +0.635869565<x110>[B] (+0) +0.635869565<x111>[B] (+0) -0.635869565<x112>[B] (+0) +0.635869565<x113>[B] (+1) -0.635869565<x114>[B] (+1) -0.635869565<x115>[B] (+0) +0.635869565<x116>[B] (+0) +0.635869565<x117>[B] (+0) +0.635869565<x118>[B] (+1) -0.635869565<x119>[B] (+1) +0.635869565<x120>[B] (+0) -0.635869565<x121>[B] (+0) +0.635869565<x122>[B] (+1) +0.635869565<x123>[B] (+0) -0.635869565<x124>[B] (+1) -0.635869565<x125>[B] (+1) +0.635869565<x126>[B] (+1) +0.635869565<x127>[B] (+1) -0.635869565<x128>[B] (+1) -0.635869565<x129>[B] (+1) +0.635869565<x130>[B] (+1) -0.635869565<x131>[B] (+1) -0.635869565<x132>[B] (+1) +0.635869565<x133>[B] (+1) -0.635869565<x134>[B] (+1) -0.635869565<x135>[B] (+1) -0.635869565<x136>[B] (+1) +0.635869565<x137>[B] (+1) -0.635869565<x138>[B] (+1) -0.635869565<x139>[B] (+1) +0.635869565<x140>[B] (+0) +0.635869565<x141>[B] (+1) +0.635869565<x142>[B] (+0) +0.635869565<x143>[B] (+0) +0.635869565<x144>[B] (+0) +0.635869565<x145>[B] (+0) +0.635869565<x146>[B] (+0) +0.635869565<x147>[B] (+0) +0.635869565<x148>[B] (+0) +0.635869565<x149>[B] (+0) +0.635869565<x150>[B] (+0) +0.635869565<x151>[B] (+1) +0.635869565<x152>[B] (+1) +0.635869565<x153>[B] (+0) +0.635869565<x154>[B] (+0) +0.635869565<x155>[B] (+1) +0.635869565<x156>[B] (+0) +0.635869565<x157>[B] (+0) +0.635869565<x158>[B] (+0) +0.635869565<x159>[B] (+0) +0.635869565<x160>[B] (+0) +0.635869565<x161>[B] (+0) +0.635869565<x162>[B] (+0) -0.635869565<x163>[B] (+0) +0.635869565<x164>[B] (+0) +0.635869565<x165>[B] (+0) +0.635869565<x166>[B] (+0) +0.635869565<x167>[B] (+0) +0.635869565<x168>[B] (+0) +0.635869565<x169>[B] (+0) +0.635869565<x170>[B] (+0) +0.635869565<x171>[B] (+0) +0.635869565<x172>[B] (+0) -0.635869565<x173>[B] (+1) -0.635869565<x174>[B] (+0) +0.635869565<x175>[B] (+1) -0.635869565<x176>[B] (+1) -0.635869565<x177>[B] (+0) +0.635869565<x178>[B] (+0) -0.635869565<x179>[B] (+0) -0.635869565<x180>[B] (+1) -0.635869565<x181>[B] (+1) +0.635869565<x182>[B] (+0) -0.635869565<x183>[B] (+0) -0.635869565<x184>[B] (+1) +0.635869565<x185>[B] (+0) -0.635869565<x186>[B] (+1) -0.635869565<x187>[B] (+0) -0.635869565<x188>[B] (+1) -0.635869565<x189>[B] (+1) -0.635869565<x190>[B] (+0) +0.635869565<x191>[B] (+0) -0.635869565<x192>[B] (+0) -0.635869565<x193>[B] (+1) -0.635869565<x194>[B] (+1) -0.635869565<x195>[B] (+0) -0.635869565<x196>[B] (+0) -0.635869565<x197>[B] (+1) -0.635869565<x198>[B] (+0) -0.635869565<x199>[B] (+0) +0.635869565<x200>[B] (+1) -0.635869565<x201>[B] (+1) -0.635869565<x202>[B] (+0) +0.635869565<x203>[B] (+0) +0.635869565<x204>[B] (+0) -0.635869565<x205>[B] (+1) -0.635869565<x206>[B] (+1) +0.635869565<x207>[B] (+0) -0.635869565<x208>[B] (+0) +0.635869565<x209>[B] (+1) +0.635869565<x210>[B] (+0) +0.635869565<x211>[B] (+1) +0.635869565<x212>[B] (+1) -0.635869565<x213>[B] (+1) +0.635869565<x214>[B] (+1) +0.635869565<x215>[B] (+0) +0.635869565<x216>[B] (+1) +0.635869565<x217>[B] (+1) +0.635869565<x218>[B] (+1) +0.635869565<x219>[B] (+1) +0.635869565<x220>[B] (+1) +0.635869565<x221>[B] (+0) -0.635869565<x222>[B] (+0) -0.635869565<x223>[B] (+0) +0.635869565<x224>[B] (+0) -0.635869565<x225>[B] (+0) -0.635869565<x226>[B] (+1) -0.635869565<x227>[B] (+1) +0.635869565<x228>[B] (+0) -0.635869565<x229>[B] (+0) -0.635869565<x230>[B] (+1) -0.635869565<x231>[B] (+0) -0.635869565<x232>[B] (+0) +0.635869565<x233>[B] (+0) +0.635869565<x234>[B] (+0) +0.635869565<x235>[B] (+1) +0.635869565<x236>[B] (+1) +0.635869565<x237>[B] (+0) -0.635869565<x238>[B] (+0) +0.635869565<x239>[B] (+1) +0.635869565<x240>[B] (+0) +0.635869565<x241>[B] (+0) +0.635869565<x242>[B] (+0) +0.635869565<x243>[B] (+1) +0.635869565<x244>[B] (+1) +0.635869565<x245>[B] (+0) +0.635869565<x246>[B] (+1) +0.635869565<x247>[B] (+1) +0.635869565<x248>[B] (+0) -0.635869565<x249>[B] (+0) -0.635869565<x250>[B] (+1) -0.635869565<x251>[B] (+1) -0.635869565<x252>[B] (+1) -0.635869565<x253>[B] (+1) -0.635869565<x254>[B] (+1) -0.635869565<x255>[B] (+0) -0.635869565<x256>[B] (+1) -0.635869565<x257>[B] (+1) +0.635869565<x258>[B] (+1) -0.635869565<x259>[B] (+1) +0.635869565<x260>[B] (+1) +0.635869565<x261>[B] (+0) -0.635869565<x262>[B] (+0) +0.635869565<x263>[B] (+0) -0.635869565<x264>[B] (+0) +0.635869565<x265>[B] (+0) +0.635869565<x266>[B] (+0) +0.635869565<x267>[B] (+0) -0.635869565<x268>[B] (+0) +0.635869565<x269>[B] (+1) +0.635869565<x270>[B] (+0) -0.635869565<x271>[B] (+1) -0.635869565<x272>[B] (+1) -0.635869565<x273>[B] (+0) +0.635869565<x274>[B] (+1) +0.635869565<x275>[B] (+0) +0.635869565<x276>[B] (+0) >= 49.7572463768116;
;
violation: left hand side is violated by 0.0217391304347956
  [linear] <c4070>: <x280>[C] (+60.6467391) +0.653985507<x1>[B] (+0) -0.653985507<x2>[B] (+1) -0.653985507<x3>[B] (+1) +0.653985507<x4>[B] (+1) -0.653985507<x5>[B] (+1) -0.653985507<x6>[B] (+0) -0.653985507<x7>[B] (+1) -0.653985507<x8>[B] (+1) -0.653985507<x9>[B] (+1) -0.653985507<x10>[B] (+1) -0.653985507<x11>[B] (+1) +0.653985507<x12>[B] (+0) -0.653985507<x13>[B] (+1) -0.653985507<x14>[B] (+1) -0.653985507<x15>[B] (+0) -0.653985507<x16>[B] (+0) +0.653985507<x17>[B] (+0) -0.653985507<x18>[B] (+1) -0.653985507<x19>[B] (+1) -0.653985507<x20>[B] (+0) +0.653985507<x21>[B] (+0) -0.653985507<x22>[B] (+1) -0.653985507<x23>[B] (+0) -0.653985507<x24>[B] (+1) -0.653985507<x25>[B] (+1) -0.653985507<x26>[B] (+1) -0.653985507<x27>[B] (+1) -0.653985507<x28>[B] (+0) -0.653985507<x29>[B] (+1) -0.653985507<x30>[B] (+1) -0.653985507<x31>[B] (+1) -0.653985507<x32>[B] (+1) -0.653985507<x33>[B] (+1) -0.653985507<x34>[B] (+0) -0.653985507<x35>[B] (+1) -0.653985507<x36>[B] (+1) -0.653985507<x37>[B] (+1) -0.653985507<x38>[B] (+0) -0.653985507<x39>[B] (+0) -0.653985507<x40>[B] (+1) -0.653985507<x41>[B] (+1) -0.653985507<x42>[B] (+0) -0.653985507<x43>[B] (+1) -0.653985507<x44>[B] (+1) -0.653985507<x45>[B] (+0) +0.653985507<x46>[B] (+0) +0.653985507<x47>[B] (+1) +0.653985507<x48>[B] (+0) +0.653985507<x49>[B] (+0) +0.653985507<x50>[B] (+1) +0.653985507<x51>[B] (+1) +0.653985507<x52>[B] (+0) +0.653985507<x53>[B] (+0) +0.653985507<x54>[B] (+0) +0.653985507<x55>[B] (+0) +0.653985507<x56>[B] (+0) +0.653985507<x57>[B] (+0) +0.653985507<x58>[B] (+0) +0.653985507<x59>[B] (+0) +0.653985507<x60>[B] (+0) +0.653985507<x61>[B] (+1) +0.653985507<x62>[B] (+1) +0.653985507<x63>[B] (+0) +0.653985507<x64>[B] (+0) -0.653985507<x65>[B] (+1) +0.653985507<x66>[B] (+0) +0.653985507<x67>[B] (+1) -0.653985507<x68>[B] (+0) -0.653985507<x69>[B] (+0) +0.653985507<x70>[B] (+1) -0.653985507<x71>[B] (+1) -0.653985507<x72>[B] (+0) +0.653985507<x73>[B] (+0) +0.653985507<x74>[B] (+0) +0.653985507<x75>[B] (+0) -0.653985507<x76>[B] (+1) -0.653985507<x77>[B] (+1) -0.653985507<x78>[B] (+0) +0.653985507<x79>[B] (+0) +0.653985507<x80>[B] (+0) -0.653985507<x81>[B] (+1) -0.653985507<x82>[B] (+1) -0.653985507<x83>[B] (+0) +0.653985507<x84>[B] (+0) -0.653985507<x85>[B] (+1) -0.653985507<x86>[B] (+0) -0.653985507<x87>[B] (+0) -0.653985507<x88>[B] (+0) -0.653985507<x89>[B] (+0) -0.653985507<x90>[B] (+1) -0.653985507<x91>[B] (+0) -0.653985507<x92>[B] (+0) -0.653985507<x93>[B] (+0) +0.653985507<x94>[B] (+0) -0.653985507<x95>[B] (+0) -0.653985507<x96>[B] (+0) -0.653985507<x97>[B] (+0) -0.653985507<x98>[B] (+0) -0.653985507<x99>[B] (+0) -0.653985507<x100>[B] (+1) -0.653985507<x101>[B] (+1) -0.653985507<x102>[B] (+0) +0.653985507<x103>[B] (+0) -0.653985507<x104>[B] (+1) -0.653985507<x105>[B] (+0) +0.653985507<x106>[B] (+0) +0.653985507<x107>[B] (+1) -0.653985507<x108>[B] (+1) -0.653985507<x109>[B] (+0) +0.653985507<x110>[B] (+0) +0.653985507<x111>[B] (+0) +0.653985507<x112>[B] (+0) -0.653985507<x113>[B] (+1) +0.653985507<x114>[B] (+1) -0.653985507<x115>[B] (+0) +0.653985507<x116>[B] (+0) +0.653985507<x117>[B] (+0) +0.653985507<x118>[B] (+1) -0.653985507<x119>[B] (+1) +0.653985507<x120>[B] (+0) +0.653985507<x121>[B] (+0) -0.653985507<x122>[B] (+1) +0.653985507<x123>[B] (+0) +0.653985507<x124>[B] (+1) -0.653985507<x125>[B] (+1) -0.653985507<x126>[B] (+1) +0.653985507<x127>[B] (+1) +0.653985507<x128>[B] (+1) +0.653985507<x129>[B] (+1) -0.653985507<x130>[B] (+1) +0.653985507<x131>[B] (+1) -0.653985507<x132>[B] (+1) +0.653985507<x133>[B] (+1) +0.653985507<x134>[B] (+1) +0.653985507<x135>[B] (+1) -0.653985507<x136>[B] (+1) -0.653985507<x137>[B] (+1) +0.653985507<x138>[B] (+1) -0.653985507<x139>[B] (+1) -0.653985507<x140>[B] (+0) -0.653985507<x141>[B] (+1) -0.653985507<x142>[B] (+0) +0.653985507<x143>[B] (+0) +0.653985507<x144>[B] (+0) +0.653985507<x145>[B] (+0) -0.653985507<x146>[B] (+0) -0.653985507<x147>[B] (+0) -0.653985507<x148>[B] (+0) +0.653985507<x149>[B] (+0) +0.653985507<x150>[B] (+0) -0.653985507<x151>[B] (+1) -0.653985507<x152>[B] (+1) -0.653985507<x153>[B] (+0) +0.653985507<x154>[B] (+0) -0.653985507<x155>[B] (+1) -0.653985507<x156>[B] (+0) +0.653985507<x157>[B] (+0) +0.653985507<x158>[B] (+0) +0.653985507<x159>[B] (+0) +0.653985507<x160>[B] (+0) -0.653985507<x161>[B] (+0) +0.653985507<x162>[B] (+0) +0.653985507<x163>[B] (+0) +0.653985507<x164>[B] (+0) +0.653985507<x165>[B] (+0) +0.653985507<x166>[B] (+0) +0.653985507<x167>[B] (+0) +0.653985507<x168>[B] (+0) +0.653985507<x169>[B] (+0) -0.653985507<x170>[B] (+0) +0.653985507<x171>[B] (+0) +0.653985507<x172>[B] (+0) +0.653985507<x173>[B] (+1) +0.653985507<x174>[B] (+0) -0.653985507<x175>[B] (+1) +0.653985507<x176>[B] (+1) -0.653985507<x177>[B] (+0) +0.653985507<x178>[B] (+0) +0.653985507<x179>[B] (+0) +0.653985507<x180>[B] (+1) -0.653985507<x181>[B] (+1) +0.653985507<x182>[B] (+0) +0.653985507<x183>[B] (+0) -0.653985507<x184>[B] (+1) +0.653985507<x185>[B] (+0) -0.653985507<x186>[B] (+1) +0.653985507<x187>[B] (+0) -0.653985507<x188>[B] (+1) -0.653985507<x189>[B] (+1) -0.653985507<x190>[B] (+0) -0.653985507<x191>[B] (+0) +0.653985507<x192>[B] (+0) -0.653985507<x193>[B] (+1) -0.653985507<x194>[B] (+1) -0.653985507<x195>[B] (+0) +0.653985507<x196>[B] (+0) -0.653985507<x197>[B] (+1) -0.653985507<x198>[B] (+0) +0.653985507<x199>[B] (+0) -0.653985507<x200>[B] (+1) -0.653985507<x201>[B] (+1) -0.653985507<x202>[B] (+0) +0.653985507<x203>[B] (+0) +0.653985507<x204>[B] (+0) -0.653985507<x205>[B] (+1) -0.653985507<x206>[B] (+1) -0.653985507<x207>[B] (+0) +0.653985507<x208>[B] (+0) -0.653985507<x209>[B] (+1) -0.653985507<x210>[B] (+0) -0.653985507<x211>[B] (+1) -0.653985507<x212>[B] (+1) -0.653985507<x213>[B] (+1) -0.653985507<x214>[B] (+1) -0.653985507<x215>[B] (+0) -0.653985507<x216>[B] (+1) -0.653985507<x217>[B] (+1) -0.653985507<x218>[B] (+1) -0.653985507<x219>[B] (+1) -0.653985507<x220>[B] (+1) -0.653985507<x221>[B] (+0) +0.653985507<x222>[B] (+0) +0.653985507<x223>[B] (+0) +0.653985507<x224>[B] (+0) +0.653985507<x225>[B] (+0) +0.653985507<x226>[B] (+1) +0.653985507<x227>[B] (+1) +0.653985507<x228>[B] (+0) +0.653985507<x229>[B] (+0) -0.653985507<x230>[B] (+1) +0.653985507<x231>[B] (+0) -0.653985507<x232>[B] (+0) +0.653985507<x233>[B] (+0) +0.653985507<x234>[B] (+0) +0.653985507<x235>[B] (+1) -0.653985507<x236>[B] (+1) -0.653985507<x237>[B] (+0) +0.653985507<x238>[B] (+0) -0.653985507<x239>[B] (+1) -0.653985507<x240>[B] (+0) +0.653985507<x241>[B] (+0) +0.653985507<x242>[B] (+0) +0.653985507<x243>[B] (+1) +0.653985507<x244>[B] (+1) +0.653985507<x245>[B] (+0) +0.653985507<x246>[B] (+0) -0.653985507<x247>[B] (+1) +0.653985507<x248>[B] (+0) +0.653985507<x249>[B] (+0) -0.653985507<x250>[B] (+1) -0.653985507<x251>[B] (+1) -0.653985507<x252>[B] (+1) +0.653985507<x253>[B] (+1) -0.653985507<x254>[B] (+1) -0.653985507<x255>[B] (+0) -0.653985507<x256>[B] (+1) -0.653985507<x257>[B] (+1) -0.653985507<x258>[B] (+1) +0.653985507<x259>[B] (+1) -0.653985507<x260>[B] (+1) -0.653985507<x261>[B] (+0) -0.653985507<x262>[B] (+0) -0.653985507<x263>[B] (+0) +0.653985507<x264>[B] (+0) -0.653985507<x265>[B] (+0) -0.653985507<x266>[B] (+0) +0.653985507<x267>[B] (+0) +0.653985507<x268>[B] (+0) -0.653985507<x269>[B] (+1) +0.653985507<x270>[B] (+0) +0.653985507<x271>[B] (+1) -0.653985507<x272>[B] (+1) -0.653985507<x273>[B] (+0) -0.653985507<x274>[B] (+1) -0.653985507<x275>[B] (+0) +0.653985507<x276>[B] (+0) >= 20.1105072463768;
;
violation: left hand side is violated by 0.0108695652172059
  [linear] <c4073>: <x283>[C] (+14.7898551) +0.55615942<x1>[B] (+1) +0.55615942<x2>[B] (+0) +0.55615942<x3>[B] (+0) -0.55615942<x4>[B] (+0) +0.55615942<x5>[B] (+0) +0.55615942<x6>[B] (+1) +0.55615942<x7>[B] (+0) +0.55615942<x8>[B] (+0) +0.55615942<x9>[B] (+0) +0.55615942<x10>[B] (+0) -0.55615942<x11>[B] (+0) +0.55615942<x12>[B] (+1) +0.55615942<x13>[B] (+0) +0.55615942<x14>[B] (+0) +0.55615942<x15>[B] (+0) -0.55615942<x16>[B] (+0) +0.55615942<x17>[B] (+1) -0.55615942<x18>[B] (+0) -0.55615942<x19>[B] (+0) -0.55615942<x20>[B] (+0) +0.55615942<x21>[B] (+1) -0.55615942<x22>[B] (+0) +0.55615942<x23>[B] (+1) -0.55615942<x24>[B] (+0) +0.55615942<x25>[B] (+0) -0.55615942<x26>[B] (+0) +0.55615942<x27>[B] (+0) +0.55615942<x28>[B] (+1) +0.55615942<x29>[B] (+0) +0.55615942<x30>[B] (+0) +0.55615942<x31>[B] (+0) +0.55615942<x32>[B] (+0) -0.55615942<x33>[B] (+0) +0.55615942<x34>[B] (+1) +0.55615942<x35>[B] (+0) +0.55615942<x36>[B] (+0) +0.55615942<x37>[B] (+0) -0.55615942<x38>[B] (+0) +0.55615942<x39>[B] (+1) -0.55615942<x40>[B] (+0) -0.55615942<x41>[B] (+0) -0.55615942<x42>[B] (+0) -0.55615942<x43>[B] (+0) -0.55615942<x44>[B] (+0) +0.55615942<x45>[B] (+1) +0.55615942<x46>[B] (+1) -0.55615942<x47>[B] (+0) +0.55615942<x48>[B] (+1) +0.55615942<x49>[B] (+1) +0.55615942<x50>[B] (+1) +0.55615942<x51>[B] (+1) +0.55615942<x52>[B] (+1) +0.55615942<x53>[B] (+1) -0.55615942<x54>[B] (+1) +0.55615942<x55>[B] (+1) +0.55615942<x56>[B] (+1) +0.55615942<x57>[B] (+1) +0.55615942<x58>[B] (+1) -0.55615942<x59>[B] (+1) +0.55615942<x60>[B] (+1) -0.55615942<x61>[B] (+1) -0.55615942<x62>[B] (+1) -0.55615942<x63>[B] (+1) +0.55615942<x64>[B] (+1) -0.55615942<x65>[B] (+0) +0.55615942<x66>[B] (+1) -0.55615942<x67>[B] (+0) -0.55615942<x68>[B] (+0) -0.55615942<x69>[B] (+1) -0.55615942<x70>[B] (+0) -0.55615942<x71>[B] (+0) -0.55615942<x72>[B] (+0) +0.55615942<x73>[B] (+0) -0.55615942<x74>[B] (+0) +0.55615942<x75>[B] (+1) +0.55615942<x76>[B] (+0) -0.55615942<x77>[B] (+0) +0.55615942<x78>[B] (+0) -0.55615942<x79>[B] (+0) -0.55615942<x80>[B] (+1) -0.55615942<x81>[B] (+0) -0.55615942<x82>[B] (+0) -0.55615942<x83>[B] (+0) -0.55615942<x84>[B] (+1) -0.55615942<x85>[B] (+0) -0.55615942<x86>[B] (+1) +0.55615942<x87>[B] (+1) +0.55615942<x88>[B] (+1) +0.55615942<x89>[B] (+1) +0.55615942<x90>[B] (+1) +0.55615942<x91>[B] (+1) +0.55615942<x92>[B] (+1) +0.55615942<x93>[B] (+1) +0.55615942<x94>[B] (+1) +0.55615942<x95>[B] (+1) +0.55615942<x96>[B] (+1) +0.55615942<x97>[B] (+1) -0.55615942<x98>[B] (+1) +0.55615942<x99>[B] (+1) +0.55615942<x100>[B] (+1) +0.55615942<x101>[B] (+1) +0.55615942<x102>[B] (+1) +0.55615942<x103>[B] (+1) +0.55615942<x104>[B] (+0) +0.55615942<x105>[B] (+1) +0.55615942<x106>[B] (+1) +0.55615942<x107>[B] (+0) +0.55615942<x108>[B] (+0) +0.55615942<x109>[B] (+1) +0.55615942<x110>[B] (+1) -0.55615942<x111>[B] (+1) +0.55615942<x112>[B] (+1) +0.55615942<x113>[B] (+1) +0.55615942<x114>[B] (+1) +0.55615942<x115>[B] (+1) -0.55615942<x116>[B] (+1) -0.55615942<x117>[B] (+1) -0.55615942<x118>[B] (+0) -0.55615942<x119>[B] (+0) -0.55615942<x120>[B] (+0) -0.55615942<x121>[B] (+1) -0.55615942<x122>[B] (+0) +0.55615942<x123>[B] (+1) +0.55615942<x124>[B] (+0) +0.55615942<x125>[B] (+0) +0.55615942<x126>[B] (+0) +0.55615942<x127>[B] (+0) -0.55615942<x128>[B] (+0) +0.55615942<x129>[B] (+0) +0.55615942<x130>[B] (+0) +0.55615942<x131>[B] (+0) +0.55615942<x132>[B] (+0) -0.55615942<x133>[B] (+0) -0.55615942<x134>[B] (+0) -0.55615942<x135>[B] (+0) -0.55615942<x136>[B] (+0) -0.55615942<x137>[B] (+0) -0.55615942<x138>[B] (+0) -0.55615942<x139>[B] (+0) +0.55615942<x140>[B] (+1) +0.55615942<x141>[B] (+1) -0.55615942<x142>[B] (+1) +0.55615942<x143>[B] (+1) -0.55615942<x144>[B] (+1) +0.55615942<x145>[B] (+1) +0.55615942<x146>[B] (+1) +0.55615942<x147>[B] (+1) +0.55615942<x148>[B] (+1) -0.55615942<x149>[B] (+1) -0.55615942<x150>[B] (+1) -0.55615942<x151>[B] (+1) -0.55615942<x152>[B] (+1) -0.55615942<x153>[B] (+1) -0.55615942<x154>[B] (+1) -0.55615942<x155>[B] (+0) -0.55615942<x156>[B] (+1) -0.55615942<x157>[B] (+1) +0.55615942<x158>[B] (+1) -0.55615942<x159>[B] (+1) +0.55615942<x160>[B] (+1) +0.55615942<x161>[B] (+1) +0.55615942<x162>[B] (+1) +0.55615942<x163>[B] (+1) -0.55615942<x164>[B] (+1) -0.55615942<x165>[B] (+1) -0.55615942<x166>[B] (+1) -0.55615942<x167>[B] (+1) -0.55615942<x168>[B] (+1) -0.55615942<x169>[B] (+1) -0.55615942<x170>[B] (+0) -0.55615942<x171>[B] (+1) +0.55615942<x172>[B] (+1) -0.55615942<x173>[B] (+0) +0.55615942<x174>[B] (+1) +0.55615942<x175>[B] (+1) +0.55615942<x176>[B] (+1) +0.55615942<x177>[B] (+1) -0.55615942<x178>[B] (+1) -0.55615942<x179>[B] (+1) -0.55615942<x180>[B] (+0) -0.55615942<x181>[B] (+0) -0.55615942<x182>[B] (+0) -0.55615942<x183>[B] (+1) -0.55615942<x184>[B] (+0) +0.55615942<x185>[B] (+1) -0.55615942<x186>[B] (+0) -0.55615942<x187>[B] (+1) +0.55615942<x188>[B] (+1) -0.55615942<x189>[B] (+1) -0.55615942<x190>[B] (+1) -0.55615942<x191>[B] (+1) -0.55615942<x192>[B] (+1) -0.55615942<x193>[B] (+0) -0.55615942<x194>[B] (+0) -0.55615942<x195>[B] (+0) -0.55615942<x196>[B] (+1) -0.55615942<x197>[B] (+0) -0.55615942<x198>[B] (+1) +0.55615942<x199>[B] (+1) +0.55615942<x200>[B] (+1) +0.55615942<x201>[B] (+1) +0.55615942<x202>[B] (+1) -0.55615942<x203>[B] (+1) +0.55615942<x204>[B] (+1) -0.55615942<x205>[B] (+0) +0.55615942<x206>[B] (+0) +0.55615942<x207>[B] (+0) +0.55615942<x208>[B] (+1) +0.55615942<x209>[B] (+0) +0.55615942<x210>[B] (+1) +0.55615942<x211>[B] (+0) -0.55615942<x212>[B] (+0) -0.55615942<x213>[B] (+0) -0.55615942<x214>[B] (+0) -0.55615942<x215>[B] (+1) -0.55615942<x216>[B] (+0) -0.55615942<x217>[B] (+0) -0.55615942<x218>[B] (+0) -0.55615942<x219>[B] (+0) -0.55615942<x220>[B] (+0) -0.55615942<x221>[B] (+1) -0.55615942<x222>[B] (+1) -0.55615942<x223>[B] (+1) -0.55615942<x224>[B] (+1) -0.55615942<x225>[B] (+1) -0.55615942<x226>[B] (+0) -0.55615942<x227>[B] (+0) -0.55615942<x228>[B] (+0) -0.55615942<x229>[B] (+1) -0.55615942<x230>[B] (+0) -0.55615942<x231>[B] (+1) +0.55615942<x232>[B] (+1) -0.55615942<x233>[B] (+1) -0.55615942<x234>[B] (+1) -0.55615942<x235>[B] (+0) -0.55615942<x236>[B] (+0) -0.55615942<x237>[B] (+0) -0.55615942<x238>[B] (+1) -0.55615942<x239>[B] (+0) -0.55615942<x240>[B] (+1) -0.55615942<x241>[B] (+1) -0.55615942<x242>[B] (+1) -0.55615942<x243>[B] (+0) -0.55615942<x244>[B] (+0) -0.55615942<x245>[B] (+0) -0.55615942<x246>[B] (+1) -0.55615942<x247>[B] (+0) -0.55615942<x248>[B] (+1) +0.55615942<x249>[B] (+1) +0.55615942<x250>[B] (+0) +0.55615942<x251>[B] (+0) +0.55615942<x252>[B] (+0) +0.55615942<x253>[B] (+1) +0.55615942<x254>[B] (+0) +0.55615942<x255>[B] (+1) -0.55615942<x256>[B] (+0) -0.55615942<x257>[B] (+0) -0.55615942<x258>[B] (+0) -0.55615942<x259>[B] (+0) -0.55615942<x260>[B] (+0) +0.55615942<x261>[B] (+1) +0.55615942<x262>[B] (+0) +0.55615942<x263>[B] (+1) +0.55615942<x264>[B] (+1) +0.55615942<x265>[B] (+0) +0.55615942<x266>[B] (+1) -0.55615942<x267>[B] (+1) +0.55615942<x268>[B] (+1) -0.55615942<x269>[B] (+0) +0.55615942<x270>[B] (+1) +0.55615942<x271>[B] (+1) +0.55615942<x272>[B] (+0) +0.55615942<x273>[B] (+1) -0.55615942<x274>[B] (+0) +0.55615942<x275>[B] (+1) +0.55615942<x276>[B] (+1) >= 31.8405797101449;
;
violation: left hand side is violated by 0.365942028985511
2/5 feasible solutions given by solution candidate storage, new primal bound -1.000064e+06

presolving:
   (0.0s) symmetry computation started: requiring (bin +, int +, cont +), (fixed: bin -, int -, cont -)
   (0.0s) no symmetry present (symcode time: 0.00)
presolving (0 rounds: 0 fast, 0 medium, 0 exhaustive):
 0 deleted vars, 0 deleted constraints, 0 added constraints, 0 tightened bounds, 0 added holes, 0 changed sides, 0 changed coefficients
 0 implications, 0 cliques, 0 implied integral variables (0 bin, 0 int, 0 cont)
presolved problem has 286 variables (276 bin, 0 int, 10 cont) and 4076 constraints
   4076 constraints of type <linear>
Presolving Time: 0.01
transformed 2/2 original solutions to the transformed problem space

 time | node  | left  |LP iter|LP it/n|mem/heur|mdpt |vars |cons |rows |cuts |sepa|confs|strbr|  dualbound   | primalbound  |  gap   | compl. 
p 0.0s|     1 |     0 |     3 |     - |   locks|   0 | 286 |4076 |4076 |   0 |  0 |   0 |   0 | 3.340000e+02 |-4.989891e+02 |    Inf | unknown
  0.0s|     1 |     0 |   279 |     - |    21M |   0 | 286 |4076 |4076 |   0 |  0 |   0 |   0 |-2.315815e+02 |-4.989891e+02 | 115.47%| unknown
r 0.0s|     1 |     0 |   279 |     - |shifting|   0 | 286 |4076 |4076 |   0 |  0 |   0 |   0 |-2.315815e+02 |-2.357572e+02 |   1.80%| unknown
  0.1s|     1 |     0 |   281 |     - |    21M |   0 | 286 |4076 |4077 |   1 |  1 |   0 |   0 |-2.315833e+02 |-2.357572e+02 |   1.80%| unknown
  0.1s|     1 |     0 |   281 |     - |    21M |   0 | 286 |4076 |4077 |   1 |  1 |   0 |   0 |-2.315833e+02 |-2.357572e+02 |   1.80%| unknown
  0.1s|     1 |     0 |   295 |     - |    22M |   0 | 286 |4076 |4078 |   2 |  2 |   0 |   0 |-2.316011e+02 |-2.357572e+02 |   1.79%| unknown
r 0.1s|     1 |     0 |   295 |     - |shifting|   0 | 286 |4076 |4078 |   2 |  2 |   0 |   0 |-2.316011e+02 |-2.348327e+02 |   1.40%| unknown
  0.1s|     1 |     0 |   296 |     - |    23M |   0 | 286 |4076 |4079 |   3 |  3 |   0 |   0 |-2.316014e+02 |-2.348327e+02 |   1.40%| unknown
  0.1s|     1 |     0 |   296 |     - |    23M |   0 | 286 |4076 |4057 |   3 |  3 |   0 |   0 |-2.316014e+02 |-2.348327e+02 |   1.40%| unknown
d 0.1s|     1 |     0 |   296 |     - |farkasdi|   0 | 286 |4054 |4057 |   0 |  4 |   0 |   0 |-2.316014e+02 |-2.316014e+02 |   0.00%| unknown
  0.1s|     1 |     0 |   296 |     - |    23M |   0 | 286 |4054 |4057 |   3 |  4 |   0 |   0 |-2.316014e+02 |-2.316014e+02 |   0.00%| unknown

SCIP Status        : problem is solved [optimal solution found]
Solving Time (sec) : 0.10
Solving Nodes      : 1
Primal Bound       : -2.31601449275362e+02 (7 solutions)
Dual Bound         : -2.31601449275362e+02
Gap                : 0.00 %
