Loading instance...
Median ranking: [14, 11, 1, 24, 21, 10, 6, 17, 9, 23, 18, 16, 8, 22, 7, 2, 5, 12, 3, 15, 13, 20, 4, 19]
Mean ranking: [14, 11, 24, 10, 6, 1, 17, 9, 21, 23, 18, 16, 8, 13, 22, 7, 2, 5, 12, 3, 15, 20, 4, 19]
Actual error: 0.001680033600700237
Weighted Kendall distance: 209.0
Normalized distance: 0.04543478260869565
ss, 0 impls, 0 clqs, 0 implints
   (0.0s) symmetry computation started: requiring (bin +, int +, cont +), (fixed: bin -, int -, cont -)
   (0.0s) no symmetry present (symcode time: 0.00)
presolving (2 rounds: 2 fast, 2 medium, 1 exhaustive):
 0 deleted vars, 4048 deleted constraints, 2024 added constraints, 0 tightened bounds, 0 added holes, 0 changed sides, 0 changed coefficients
 0 implications, 0 cliques, 0 implied integral variables (0 bin, 0 int, 0 cont)
presolved problem has 276 variables (0 bin, 0 int, 276 cont) and 2024 constraints
   2024 constraints of type <linear>
Presolving Time: 0.02
transformed 3/3 original solutions to the transformed problem space

 time | node  | left  |LP iter|LP it/n|mem/heur|mdpt |vars |cons |rows |cuts |sepa|confs|strbr|  dualbound   | primalbound  |  gap   | compl. 
* 0.0s|     1 |     0 |    77 |     - |    LP  |   0 | 276 |2024 |2024 |   0 |  0 |   0 |   0 | 4.100000e+02 | 4.100000e+02 |   0.00%| unknown
  0.0s|     1 |     0 |    77 |     - |    12M |   0 | 276 |2024 |2024 |   0 |  0 |   0 |   0 | 4.100000e+02 | 4.100000e+02 |   0.00%| unknown

SCIP Status        : problem is solved [optimal solution found]
Solving Time (sec) : 0.03
Solving Nodes      : 1
Primal Bound       : +4.10000000000000e+02 (4 solutions)
Dual Bound         : +4.10000000000000e+02
Gap                : 0.00 %
feasible solution found by trivial heuristic after 0.0 seconds, objective value 0.000000e+00
presolving:
   (0.0s) running MILP presolver
   (0.0s) MILP presolver (2 rounds): 0 aggregations, 0 fixings, 0 bound changes
(round 1, medium)     0 del vars, 4048 del conss, 2024 add conss, 0 chg bounds, 0 chg sides, 0 chg coeffs, 0 upgd conss, 0 impls, 0 clqs, 0 implints
   (0.0s) probing: 51/276 (18.5%) - 0 fixings, 0 aggregations, 0 implications, 0 bound changes
   (0.0s) probing aborted: 50/50 successive totally useless probings
   (0.0s) symmetry computation started: requiring (bin +, int +, cont +), (fixed: bin -, int -, cont -)
   (0.0s) no symmetry present (symcode time: 0.00)
presolving (2 rounds: 2 fast, 2 medium, 1 exhaustive):
 0 deleted vars, 4048 deleted constraints, 2024 added constraints, 0 tightened bounds, 0 added holes, 0 changed sides, 0 changed coefficients
 0 implications, 0 cliques, 0 implied integral variables (0 bin, 0 int, 0 cont)
presolved problem has 276 variables (276 bin, 0 int, 0 cont) and 2024 constraints
   2024 constraints of type <linear>
transformed objective value is always integral (scale: 2)
Presolving Time: 0.02
transformed 2/2 original solutions to the transformed problem space

 time | node  | left  |LP iter|LP it/n|mem/heur|mdpt |vars |cons |rows |cuts |sepa|confs|strbr|  dualbound   | primalbound  |  gap   | compl. 
p 0.0s|     1 |     0 |     0 |     - |   locks|   0 | 276 |2024 |2024 |   0 |  0 |   0 |   0 | 4.520000e+02 | 9.600000e+01 | 370.83%| unknown
i 0.0s|     1 |     0 |     0 |     - |  oneopt|   0 | 276 |2024 |2024 |   0 |  0 |   0 |   0 | 4.520000e+02 | 3.340000e+02 |  35.33%| unknown
* 0.0s|     1 |     0 |    69 |     - |    LP  |   0 | 276 |2024 |2024 |   0 |  0 |   0 |   0 | 4.100000e+02 | 4.100000e+02 |   0.00%| unknown
  0.0s|     1 |     0 |    69 |     - |    12M |   0 | 276 |2024 |2024 |   0 |  0 |   0 |   0 | 4.100000e+02 | 4.100000e+02 |   0.00%| unknown

SCIP Status        : problem is solved [optimal solution found]
Solving Time (sec) : 0.03
Solving Nodes      : 1
Primal Bound       : +4.10000000000000e+02 (5 solutions)
Dual Bound         : +4.10000000000000e+02
Gap                : 0.00 %
feasible solution found by trivial heuristic after 0.2 seconds, objective value -2.000078e+06
presolving:
(round 1, fast)       0 del vars, 0 del conss, 0 add conss, 40 chg bounds, 0 chg sides, 0 chg coeffs, 0 upgd conss, 0 impls, 0 clqs, 0 implints
   (1.5s) running MILP presolver
   (1.7s) MILP presolver (2 rounds): 0 aggregations, 0 fixings, 0 bound changes
(round 2, medium)     0 del vars, 9568 del conss, 7544 add conss, 40 chg bounds, 0 chg sides, 0 chg coeffs, 0 upgd conss, 0 impls, 0 clqs, 0 implints
   (2.9s) symmetry computation started: requiring (bin +, int +, cont +), (fixed: bin -, int -, cont -)
   (3.3s) no symmetry present (symcode time: 0.04)
presolving (3 rounds: 3 fast, 2 medium, 1 exhaustive):
 0 deleted vars, 9568 deleted constraints, 7544 added constraints, 40 tightened bounds, 0 added holes, 0 changed sides, 0 changed coefficients
 0 implications, 0 cliques, 0 implied integral variables (0 bin, 0 int, 0 cont)
presolved problem has 296 variables (0 bin, 0 int, 296 cont) and 7544 constraints
   7544 constraints of type <linear>
Presolving Time: 3.26

 time | node  | left  |LP iter|LP it/n|mem/heur|mdpt |vars |cons |rows |cuts |sepa|confs|strbr|  dualbound   | primalbound  |  gap   | compl. 
t 3.4s|     1 |     0 |     0 |     - | trivial|   0 | 296 |7544 |   0 |   0 |  0 |   0 |   0 | 4.520000e+02 |-2.838000e+03 |    Inf | unknown
* 4.1s|     1 |     0 |   694 |     - |    LP  |   0 | 296 |7544 |7544 |   0 |  0 |   0 |   0 |-5.345355e+02 |-5.345355e+02 |   0.00%| unknown
  4.1s|     1 |     0 |   694 |     - |   705M |   0 | 296 |7544 |7544 |   0 |  0 |   0 |   0 |-5.345355e+02 |-5.345355e+02 |   0.00%| unknown

SCIP Status        : problem is solved [optimal solution found]
Solving Time (sec) : 4.08
Solving Nodes      : 1
Primal Bound       : -5.34535507246377e+02 (3 solutions)
Dual Bound         : -5.34535507246377e+02
Gap                : 0.00 %
feasible solution found by trivial heuristic after 0.1 seconds, objective value -2.000078e+06
presolving:
(round 1, fast)       0 del vars, 0 del conss, 0 add conss, 40 chg bounds, 0 chg sides, 0 chg coeffs, 0 upgd conss, 0 impls, 0 clqs, 0 implints
   (1.0s) running MILP presolver
   (1.4s) MILP presolver (2 rounds): 0 aggregations, 0 fixings, 0 bound changes
(round 2, medium)     0 del vars, 9568 del conss, 7544 add conss, 40 chg bounds, 0 chg sides, 0 chg coeffs, 0 upgd conss, 0 impls, 0 clqs, 0 implints
   (2.8s) probing: 51/276 (18.5%) - 0 fixings, 0 aggregations, 0 implications, 0 bound changes
   (2.8s) probing aborted: 50/50 successive totally useless probings
   (2.9s) symmetry computation started: requiring (bin +, int +, cont +), (fixed: bin -, int -, cont -)
   (3.2s) no symmetry present (symcode time: 0.03)
presolving (3 rounds: 3 fast, 2 medium, 1 exhaustive):
 0 deleted vars, 9568 deleted constraints, 7544 added constraints, 40 tightened bounds, 0 added holes, 0 changed sides, 0 changed coefficients
 0 implications, 0 cliques, 0 implied integral variables (0 bin, 0 int, 0 cont)
presolved problem has 296 variables (276 bin, 0 int, 20 cont) and 7544 constraints
   7544 constraints of type <linear>
Presolving Time: 3.20

 time | node  | left  |LP iter|LP it/n|mem/heur|mdpt |vars |cons |rows |cuts |sepa|confs|strbr|  dualbound   | primalbound  |  gap   | compl. 
t 3.3s|     1 |     0 |     0 |     - | trivial|   0 | 296 |7544 |   0 |   0 |  0 |   0 |   0 | 4.520000e+02 |-2.838000e+03 |    Inf | unknown
p 4.1s|     1 |     0 |    20 |     - |   locks|   0 | 296 |7544 |7544 |   0 |  0 |   0 |   0 | 4.520000e+02 |-9.470525e+02 |    Inf | unknown
  4.6s|     1 |     0 |   714 |     - |   706M |   0 | 296 |7544 |7544 |   0 |  0 |   0 |   0 |-5.345355e+02 |-9.470525e+02 |  77.17%| unknown
r 4.7s|     1 |     0 |   714 |     - |shifting|   0 | 296 |7544 |7544 |   0 |  0 |   0 |   0 |-5.345355e+02 |-5.694641e+02 |   6.53%| unknown
  4.9s|     1 |     0 |   717 |     - |   707M |   0 | 296 |7544 |7545 |   1 |  1 |   0 |   0 |-5.345388e+02 |-5.694641e+02 |   6.53%| unknown
  5.1s|     1 |     0 |   719 |     - |   708M |   0 | 296 |7544 |7546 |   2 |  2 |   0 |   0 |-5.345420e+02 |-5.694641e+02 |   6.53%| unknown
  5.4s|     1 |     0 |   721 |     - |   709M |   0 | 296 |7544 |7547 |   3 |  3 |   0 |   0 |-5.345453e+02 |-5.694641e+02 |   6.53%| unknown
  5.6s|     1 |     0 |   726 |     - |   710M |   0 | 296 |7544 |7548 |   4 |  4 |   0 |   0 |-5.345485e+02 |-5.694641e+02 |   6.53%| unknown
  5.9s|     1 |     0 |   729 |     - |   710M |   0 | 296 |7544 |7549 |   5 |  5 |   0 |   0 |-5.345505e+02 |-5.694641e+02 |   6.53%| unknown
r 6.0s|     1 |     0 |   729 |     - |shifting|   0 | 296 |7544 |7549 |   5 |  5 |   0 |   0 |-5.345505e+02 |-5.653360e+02 |   5.76%| unknown
  6.1s|     1 |     0 |   731 |     - |   711M |   0 | 296 |7544 |7550 |   6 |  6 |   0 |   0 |-5.345525e+02 |-5.653360e+02 |   5.76%| unknown
d 6.1s|     1 |     0 |   731 |     - |farkasdi|   0 | 296 |7544 |7550 |   0 |  7 |   0 |   0 |-5.345525e+02 |-5.345525e+02 |   0.00%| unknown
  6.1s|     1 |     0 |   731 |     - |   711M |   0 | 296 |7544 |7550 |   6 |  7 |   0 |   0 |-5.345525e+02 |-5.345525e+02 |   0.00%| unknown

SCIP Status        : problem is solved [optimal solution found]
Solving Time (sec) : 6.10
Solving Nodes      : 1
Primal Bound       : -5.34552536231884e+02 (10 solutions)
Dual Bound         : -5.34552536231884e+02
Gap                : 0.00 %
feasible solution found by trivial heuristic after 0.0 seconds, objective value 0.000000e+00
presolving:
   (0.0s) symmetry computation started: requiring (bin +, int +, cont +), (fixed: bin -, int -, cont -)
   (0.0s) symmetry computation finished: 19 generators found (max: 1500, log10 of symmetry group size: 18.39) (symcode time: 0.00)
dynamic symmetry handling statistics:
   orbitopal reduction:       no components
   orbital reduction:         no components
   lexicographic reduction:   no permutations
handled 1 out of 1 symmetry components
presolving (0 rounds: 0 fast, 0 medium, 0 exhaustive):
 0 deleted vars, 0 deleted constraints, 0 added constraints, 0 tightened bounds, 0 added holes, 0 changed sides, 0 changed coefficients
 0 implications, 0 cliques, 0 implied integral variables (0 bin, 0 int, 0 cont)
presolved problem has 296 variables (276 bin, 0 int, 20 cont) and 4067 constraints
   4067 constraints of type <linear>
Presolving Time: 0.00
transformed 2/2 original solutions to the transformed problem space

 time | node  | left  |LP iter|LP it/n|mem/heur|mdpt |vars |cons |rows |cuts |sepa|confs|strbr|  dualbound   | primalbound  |  gap   | compl. 
i 0.0s|     1 |     0 |     0 |     - |  oneopt|   0 | 296 |4048 |4048 |   0 |  0 |   0 |   0 | 4.520000e+02 | 2.220000e+02 | 103.60%| unknown
* 0.0s|     1 |     0 |    69 |     - |    LP  |   0 | 296 |4048 |4048 |   0 |  0 |   0 |   0 | 4.100000e+02 | 4.100000e+02 |   0.00%| unknown
  0.0s|     1 |     0 |    69 |     - |    15M |   0 | 296 |4048 |4048 |   0 |  0 |   0 |   0 | 4.100000e+02 | 4.100000e+02 |   0.00%| unknown

SCIP Status        : problem is solved [optimal solution found]
Solving Time (sec) : 0.01
Solving Nodes      : 1
Primal Bound       : +4.10000000000000e+02 (5 solutions)
Dual Bound         : +4.10000000000000e+02
Gap                : 0.00 %
  [linear] <c4049>: <x277>[C] (+0) -0.628623188<x1>[B] (+1) -0.628623188<x2>[B] (+1) -0.628623188<x3>[B] (+1) +0.628623188<x4>[B] (+1) +0.628623188<x5>[B] (+1) -0.628623188<x6>[B] (+1) +0.628623188<x7>[B] (+1) +0.628623188<x8>[B] (+1) +0.628623188<x9>[B] (+1) +0.628623188<x10>[B] (+0) -0.628623188<x11>[B] (+1) -0.628623188<x12>[B] (+1) +0.628623188<x13>[B] (+0) +0.628623188<x14>[B] (+1) -0.628623188<x15>[B] (+1) +0.628623188<x16>[B] (+1) +0.628623188<x17>[B] (+1) -0.628623188<x18>[B] (+1) -0.628623188<x19>[B] (+1) +0.628623188<x20>[B] (+1) +0.628623188<x21>[B] (+1) -0.628623188<x22>[B] (+1) -0.628623188<x23>[B] (+1) -0.628623188<x24>[B] (+1) -0.628623188<x25>[B] (+1) +0.628623188<x26>[B] (+1) +0.628623188<x27>[B] (+0) +0.628623188<x28>[B] (+0) +0.628623188<x29>[B] (+0) +0.628623188<x30>[B] (+0) +0.628623188<x31>[B] (+0) +0.628623188<x32>[B] (+0) -0.628623188<x33>[B] (+1) +0.628623188<x34>[B] (+1) +0.628623188<x35>[B] (+0) +0.628623188<x36>[B] (+1) -0.628623188<x37>[B] (+0) +0.628623188<x38>[B] (+0) +0.628623188<x39>[B] (+0) -0.628623188<x40>[B] (+1) +0.628623188<x41>[B] (+1) +0.628623188<x42>[B] (+0) +0.628623188<x43>[B] (+0) -0.628623188<x44>[B] (+0) +0.628623188<x45>[B] (+0) +0.628623188<x46>[B] (+1) +0.628623188<x47>[B] (+0) +0.628623188<x48>[B] (+0) +0.628623188<x49>[B] (+0) +0.628623188<x50>[B] (+0) +0.628623188<x51>[B] (+0) +0.628623188<x52>[B] (+0) +0.628623188<x53>[B] (+0) +0.628623188<x54>[B] (+0) +0.628623188<x55>[B] (+1) +0.628623188<x56>[B] (+0) +0.628623188<x57>[B] (+1) -0.628623188<x58>[B] (+0) +0.628623188<x59>[B] (+0) +0.628623188<x60>[B] (+0) +0.628623188<x61>[B] (+1) +0.628623188<x62>[B] (+1) +0.628623188<x63>[B] (+0) +0.628623188<x64>[B] (+0) -0.628623188<x65>[B] (+0) +0.628623188<x66>[B] (+0) +0.628623188<x67>[B] (+0) +0.628623188<x68>[B] (+0) +0.628623188<x69>[B] (+0) +0.628623188<x70>[B] (+0) +0.628623188<x71>[B] (+0) +0.628623188<x72>[B] (+0) +0.628623188<x73>[B] (+0) -0.628623188<x74>[B] (+0) +0.628623188<x75>[B] (+0) +0.628623188<x76>[B] (+0) +0.628623188<x77>[B] (+0) -0.628623188<x78>[B] (+0) +0.628623188<x79>[B] (+0) +0.628623188<x80>[B] (+0) -0.628623188<x81>[B] (+1) +0.628623188<x82>[B] (+0) +0.628623188<x83>[B] (+0) +0.628623188<x84>[B] (+0) -0.628623188<x85>[B] (+0) +0.628623188<x86>[B] (+0) +0.628623188<x87>[B] (+0) -0.628623188<x88>[B] (+0) +0.628623188<x89>[B] (+0) +0.628623188<x90>[B] (+0) -0.628623188<x91>[B] (+0) +0.628623188<x92>[B] (+0) -0.628623188<x93>[B] (+1) -0.628623188<x94>[B] (+1) -0.628623188<x95>[B] (+0) +0.628623188<x96>[B] (+1) -0.628623188<x97>[B] (+0) +0.628623188<x98>[B] (+0) +0.628623188<x99>[B] (+0) -0.628623188<x100>[B] (+1) -0.628623188<x101>[B] (+1) +0.628623188<x102>[B] (+0) +0.628623188<x103>[B] (+0) -0.628623188<x104>[B] (+0) -0.628623188<x105>[B] (+0) -0.628623188<x106>[B] (+1) -0.628623188<x107>[B] (+1) +0.628623188<x108>[B] (+1) -0.628623188<x109>[B] (+0) +0.628623188<x110>[B] (+0) -0.628623188<x111>[B] (+1) -0.628623188<x112>[B] (+1) -0.628623188<x113>[B] (+0) +0.628623188<x114>[B] (+1) -0.628623188<x115>[B] (+1) +0.628623188<x116>[B] (+1) +0.628623188<x117>[B] (+1) -0.628623188<x118>[B] (+1) -0.628623188<x119>[B] (+1) +0.628623188<x120>[B] (+0) +0.628623188<x121>[B] (+1) -0.628623188<x122>[B] (+1) -0.628623188<x123>[B] (+0) +0.628623188<x124>[B] (+0) +0.628623188<x125>[B] (+0) +0.628623188<x126>[B] (+0) +0.628623188<x127>[B] (+0) -0.628623188<x128>[B] (+1) +0.628623188<x129>[B] (+1) +0.628623188<x130>[B] (+0) +0.628623188<x131>[B] (+1) -0.628623188<x132>[B] (+0) +0.628623188<x133>[B] (+0) +0.628623188<x134>[B] (+0) -0.628623188<x135>[B] (+1) +0.628623188<x136>[B] (+1) +0.628623188<x137>[B] (+0) +0.628623188<x138>[B] (+0) -0.628623188<x139>[B] (+0) -0.628623188<x140>[B] (+0) +0.628623188<x141>[B] (+0) -0.628623188<x142>[B] (+0) +0.628623188<x143>[B] (+0) -0.628623188<x144>[B] (+1) -0.628623188<x145>[B] (+1) -0.628623188<x146>[B] (+0) +0.628623188<x147>[B] (+1) -0.628623188<x148>[B] (+0) +0.628623188<x149>[B] (+0) +0.628623188<x150>[B] (+0) -0.628623188<x151>[B] (+1) -0.628623188<x152>[B] (+1) +0.628623188<x153>[B] (+0) +0.628623188<x154>[B] (+1) -0.628623188<x155>[B] (+0) -0.628623188<x156>[B] (+0) -0.628623188<x157>[B] (+0) -0.628623188<x158>[B] (+0) -0.628623188<x159>[B] (+1) -0.628623188<x160>[B] (+1) -0.628623188<x161>[B] (+0) -0.628623188<x162>[B] (+1) -0.628623188<x163>[B] (+1) +0.628623188<x164>[B] (+0) +0.628623188<x165>[B] (+1) -0.628623188<x166>[B] (+1) -0.628623188<x167>[B] (+1) +0.628623188<x168>[B] (+0) +0.628623188<x169>[B] (+1) -0.628623188<x170>[B] (+1) -0.628623188<x171>[B] (+0) +0.628623188<x172>[B] (+0) -0.628623188<x173>[B] (+1) -0.628623188<x174>[B] (+1) +0.628623188<x175>[B] (+0) +0.628623188<x176>[B] (+1) -0.628623188<x177>[B] (+1) +0.628623188<x178>[B] (+1) +0.628623188<x179>[B] (+1) -0.628623188<x180>[B] (+1) -0.628623188<x181>[B] (+1) +0.628623188<x182>[B] (+0) +0.628623188<x183>[B] (+1) -0.628623188<x184>[B] (+1) -0.628623188<x185>[B] (+0) -0.628623188<x186>[B] (+1) -0.628623188<x187>[B] (+1) -0.628623188<x188>[B] (+0) -0.628623188<x189>[B] (+1) -0.628623188<x190>[B] (+1) +0.628623188<x191>[B] (+1) +0.628623188<x192>[B] (+1) -0.628623188<x193>[B] (+1) -0.628623188<x194>[B] (+1) +0.628623188<x195>[B] (+1) +0.628623188<x196>[B] (+1) -0.628623188<x197>[B] (+1) -0.628623188<x198>[B] (+1) +0.628623188<x199>[B] (+1) +0.628623188<x200>[B] (+0) +0.628623188<x201>[B] (+1) -0.628623188<x202>[B] (+0) +0.628623188<x203>[B] (+0) +0.628623188<x204>[B] (+0) -0.628623188<x205>[B] (+1) +0.628623188<x206>[B] (+1) +0.628623188<x207>[B] (+0) +0.628623188<x208>[B] (+0) -0.628623188<x209>[B] (+0) +0.628623188<x210>[B] (+0) +0.628623188<x211>[B] (+0) +0.628623188<x212>[B] (+0) -0.628623188<x213>[B] (+0) +0.628623188<x214>[B] (+0) +0.628623188<x215>[B] (+0) -0.628623188<x216>[B] (+1) -0.628623188<x217>[B] (+1) +0.628623188<x218>[B] (+0) +0.628623188<x219>[B] (+0) -0.628623188<x220>[B] (+0) -0.628623188<x221>[B] (+0) +0.628623188<x222>[B] (+1) -0.628623188<x223>[B] (+1) +0.628623188<x224>[B] (+1) +0.628623188<x225>[B] (+1) -0.628623188<x226>[B] (+1) -0.628623188<x227>[B] (+1) +0.628623188<x228>[B] (+1) +0.628623188<x229>[B] (+1) -0.628623188<x230>[B] (+1) -0.628623188<x231>[B] (+1) -0.628623188<x232>[B] (+0) +0.628623188<x233>[B] (+0) +0.628623188<x234>[B] (+0) -0.628623188<x235>[B] (+1) -0.628623188<x236>[B] (+1) +0.628623188<x237>[B] (+0) +0.628623188<x238>[B] (+0) -0.628623188<x239>[B] (+0) -0.628623188<x240>[B] (+0) +0.628623188<x241>[B] (+0) +0.628623188<x242>[B] (+0) +0.628623188<x243>[B] (+1) +0.628623188<x244>[B] (+1) +0.628623188<x245>[B] (+0) +0.628623188<x246>[B] (+1) +0.628623188<x247>[B] (+0) +0.628623188<x248>[B] (+0) +0.628623188<x249>[B] (+1) -0.628623188<x250>[B] (+1) -0.628623188<x251>[B] (+1) -0.628623188<x252>[B] (+0) -0.628623188<x253>[B] (+1) -0.628623188<x254>[B] (+1) -0.628623188<x255>[B] (+0) -0.628623188<x256>[B] (+1) -0.628623188<x257>[B] (+1) -0.628623188<x258>[B] (+0) -0.628623188<x259>[B] (+1) -0.628623188<x260>[B] (+0) -0.628623188<x261>[B] (+0) +0.628623188<x262>[B] (+0) +0.628623188<x263>[B] (+0) +0.628623188<x264>[B] (+0) -0.628623188<x265>[B] (+0) +0.628623188<x266>[B] (+0) +0.628623188<x267>[B] (+0) +0.628623188<x268>[B] (+0) -0.628623188<x269>[B] (+0) -0.628623188<x270>[B] (+0) +0.628623188<x271>[B] (+1) -0.628623188<x272>[B] (+1) -0.628623188<x273>[B] (+0) -0.628623188<x274>[B] (+0) -0.628623188<x275>[B] (+0) +0.628623188<x276>[B] (+0) >= 42.2753623188406;
;
violation: left hand side is violated by 54.8478260869565
  [linear] <c4049>: <x277>[C] (+0) -0.628623188<x1>[B] (+1) -0.628623188<x2>[B] (+1) -0.628623188<x3>[B] (+1) +0.628623188<x4>[B] (+1) +0.628623188<x5>[B] (+0) -0.628623188<x6>[B] (+1) +0.628623188<x7>[B] (+0) +0.628623188<x8>[B] (+0) +0.628623188<x9>[B] (+0) +0.628623188<x10>[B] (+0) -0.628623188<x11>[B] (+1) -0.628623188<x12>[B] (+1) +0.628623188<x13>[B] (+0) +0.628623188<x14>[B] (+0) -0.628623188<x15>[B] (+0) +0.628623188<x16>[B] (+0) +0.628623188<x17>[B] (+0) -0.628623188<x18>[B] (+0) -0.628623188<x19>[B] (+0) +0.628623188<x20>[B] (+0) +0.628623188<x21>[B] (+0) -0.628623188<x22>[B] (+0) -0.628623188<x23>[B] (+0) -0.628623188<x24>[B] (+1) -0.628623188<x25>[B] (+1) +0.628623188<x26>[B] (+1) +0.628623188<x27>[B] (+0) +0.628623188<x28>[B] (+0) +0.628623188<x29>[B] (+0) +0.628623188<x30>[B] (+0) +0.628623188<x31>[B] (+0) +0.628623188<x32>[B] (+0) -0.628623188<x33>[B] (+1) +0.628623188<x34>[B] (+0) +0.628623188<x35>[B] (+0) +0.628623188<x36>[B] (+0) -0.628623188<x37>[B] (+0) +0.628623188<x38>[B] (+0) +0.628623188<x39>[B] (+0) -0.628623188<x40>[B] (+0) +0.628623188<x41>[B] (+0) +0.628623188<x42>[B] (+0) +0.628623188<x43>[B] (+0) -0.628623188<x44>[B] (+0) +0.628623188<x45>[B] (+0) +0.628623188<x46>[B] (+1) +0.628623188<x47>[B] (+0) +0.628623188<x48>[B] (+0) +0.628623188<x49>[B] (+0) +0.628623188<x50>[B] (+0) +0.628623188<x51>[B] (+0) +0.628623188<x52>[B] (+0) +0.628623188<x53>[B] (+0) +0.628623188<x54>[B] (+0) +0.628623188<x55>[B] (+0) +0.628623188<x56>[B] (+0) +0.628623188<x57>[B] (+0) -0.628623188<x58>[B] (+0) +0.628623188<x59>[B] (+0) +0.628623188<x60>[B] (+0) +0.628623188<x61>[B] (+0) +0.628623188<x62>[B] (+0) +0.628623188<x63>[B] (+0) +0.628623188<x64>[B] (+0) -0.628623188<x65>[B] (+0) +0.628623188<x66>[B] (+0) +0.628623188<x67>[B] (+0) +0.628623188<x68>[B] (+0) +0.628623188<x69>[B] (+0) +0.628623188<x70>[B] (+0) +0.628623188<x71>[B] (+0) +0.628623188<x72>[B] (+0) +0.628623188<x73>[B] (+0) -0.628623188<x74>[B] (+0) +0.628623188<x75>[B] (+0) +0.628623188<x76>[B] (+0) +0.628623188<x77>[B] (+0) -0.628623188<x78>[B] (+0) +0.628623188<x79>[B] (+0) +0.628623188<x80>[B] (+0) -0.628623188<x81>[B] (+0) +0.628623188<x82>[B] (+0) +0.628623188<x83>[B] (+0) +0.628623188<x84>[B] (+0) -0.628623188<x85>[B] (+0) +0.628623188<x86>[B] (+0) +0.628623188<x87>[B] (+0) -0.628623188<x88>[B] (+0) +0.628623188<x89>[B] (+0) +0.628623188<x90>[B] (+0) -0.628623188<x91>[B] (+0) +0.628623188<x92>[B] (+0) -0.628623188<x93>[B] (+1) -0.628623188<x94>[B] (+0) -0.628623188<x95>[B] (+0) +0.628623188<x96>[B] (+0) -0.628623188<x97>[B] (+0) +0.628623188<x98>[B] (+0) +0.628623188<x99>[B] (+0) -0.628623188<x100>[B] (+0) -0.628623188<x101>[B] (+0) +0.628623188<x102>[B] (+0) +0.628623188<x103>[B] (+0) -0.628623188<x104>[B] (+0) -0.628623188<x105>[B] (+0) -0.628623188<x106>[B] (+1) -0.628623188<x107>[B] (+1) +0.628623188<x108>[B] (+1) -0.628623188<x109>[B] (+0) +0.628623188<x110>[B] (+0) -0.628623188<x111>[B] (+1) -0.628623188<x112>[B] (+1) -0.628623188<x113>[B] (+0) +0.628623188<x114>[B] (+0) -0.628623188<x115>[B] (+0) +0.628623188<x116>[B] (+0) +0.628623188<x117>[B] (+0) -0.628623188<x118>[B] (+0) -0.628623188<x119>[B] (+0) +0.628623188<x120>[B] (+0) +0.628623188<x121>[B] (+0) -0.628623188<x122>[B] (+0) -0.628623188<x123>[B] (+0) +0.628623188<x124>[B] (+0) +0.628623188<x125>[B] (+0) +0.628623188<x126>[B] (+0) +0.628623188<x127>[B] (+0) -0.628623188<x128>[B] (+1) +0.628623188<x129>[B] (+0) +0.628623188<x130>[B] (+0) +0.628623188<x131>[B] (+0) -0.628623188<x132>[B] (+0) +0.628623188<x133>[B] (+0) +0.628623188<x134>[B] (+0) -0.628623188<x135>[B] (+0) +0.628623188<x136>[B] (+0) +0.628623188<x137>[B] (+0) +0.628623188<x138>[B] (+0) -0.628623188<x139>[B] (+0) -0.628623188<x140>[B] (+0) +0.628623188<x141>[B] (+0) -0.628623188<x142>[B] (+0) +0.628623188<x143>[B] (+0) -0.628623188<x144>[B] (+1) -0.628623188<x145>[B] (+1) -0.628623188<x146>[B] (+0) +0.628623188<x147>[B] (+0) -0.628623188<x148>[B] (+0) +0.628623188<x149>[B] (+0) +0.628623188<x150>[B] (+0) -0.628623188<x151>[B] (+0) -0.628623188<x152>[B] (+0) +0.628623188<x153>[B] (+0) +0.628623188<x154>[B] (+0) -0.628623188<x155>[B] (+0) -0.628623188<x156>[B] (+0) -0.628623188<x157>[B] (+0) -0.628623188<x158>[B] (+0) -0.628623188<x159>[B] (+1) -0.628623188<x160>[B] (+1) -0.628623188<x161>[B] (+0) -0.628623188<x162>[B] (+0) -0.628623188<x163>[B] (+0) +0.628623188<x164>[B] (+0) +0.628623188<x165>[B] (+0) -0.628623188<x166>[B] (+0) -0.628623188<x167>[B] (+0) +0.628623188<x168>[B] (+0) +0.628623188<x169>[B] (+0) -0.628623188<x170>[B] (+0) -0.628623188<x171>[B] (+0) +0.628623188<x172>[B] (+0) -0.628623188<x173>[B] (+1) -0.628623188<x174>[B] (+1) +0.628623188<x175>[B] (+0) +0.628623188<x176>[B] (+1) -0.628623188<x177>[B] (+0) +0.628623188<x178>[B] (+0) +0.628623188<x179>[B] (+0) -0.628623188<x180>[B] (+0) -0.628623188<x181>[B] (+0) +0.628623188<x182>[B] (+0) +0.628623188<x183>[B] (+0) -0.628623188<x184>[B] (+0) -0.628623188<x185>[B] (+0) -0.628623188<x186>[B] (+1) -0.628623188<x187>[B] (+1) -0.628623188<x188>[B] (+0) -0.628623188<x189>[B] (+1) -0.628623188<x190>[B] (+0) +0.628623188<x191>[B] (+0) +0.628623188<x192>[B] (+0) -0.628623188<x193>[B] (+0) -0.628623188<x194>[B] (+0) +0.628623188<x195>[B] (+0) +0.628623188<x196>[B] (+0) -0.628623188<x197>[B] (+0) -0.628623188<x198>[B] (+0) +0.628623188<x199>[B] (+0) +0.628623188<x200>[B] (+0) +0.628623188<x201>[B] (+0) -0.628623188<x202>[B] (+0) +0.628623188<x203>[B] (+0) +0.628623188<x204>[B] (+0) -0.628623188<x205>[B] (+0) +0.628623188<x206>[B] (+0) +0.628623188<x207>[B] (+0) +0.628623188<x208>[B] (+0) -0.628623188<x209>[B] (+0) +0.628623188<x210>[B] (+0) +0.628623188<x211>[B] (+0) +0.628623188<x212>[B] (+0) -0.628623188<x213>[B] (+0) +0.628623188<x214>[B] (+0) +0.628623188<x215>[B] (+0) -0.628623188<x216>[B] (+0) -0.628623188<x217>[B] (+0) +0.628623188<x218>[B] (+0) +0.628623188<x219>[B] (+0) -0.628623188<x220>[B] (+0) -0.628623188<x221>[B] (+0) +0.628623188<x222>[B] (+1) -0.628623188<x223>[B] (+1) +0.628623188<x224>[B] (+1) +0.628623188<x225>[B] (+1) -0.628623188<x226>[B] (+1) -0.628623188<x227>[B] (+1) +0.628623188<x228>[B] (+1) +0.628623188<x229>[B] (+1) -0.628623188<x230>[B] (+1) -0.628623188<x231>[B] (+1) -0.628623188<x232>[B] (+0) +0.628623188<x233>[B] (+0) +0.628623188<x234>[B] (+0) -0.628623188<x235>[B] (+0) -0.628623188<x236>[B] (+0) +0.628623188<x237>[B] (+0) +0.628623188<x238>[B] (+0) -0.628623188<x239>[B] (+0) -0.628623188<x240>[B] (+0) +0.628623188<x241>[B] (+1) +0.628623188<x242>[B] (+0) +0.628623188<x243>[B] (+0) +0.628623188<x244>[B] (+0) +0.628623188<x245>[B] (+0) +0.628623188<x246>[B] (+0) +0.628623188<x247>[B] (+0) +0.628623188<x248>[B] (+0) +0.628623188<x249>[B] (+0) -0.628623188<x250>[B] (+0) -0.628623188<x251>[B] (+0) -0.628623188<x252>[B] (+0) -0.628623188<x253>[B] (+0) -0.628623188<x254>[B] (+0) -0.628623188<x255>[B] (+0) -0.628623188<x256>[B] (+1) -0.628623188<x257>[B] (+1) -0.628623188<x258>[B] (+0) -0.628623188<x259>[B] (+1) -0.628623188<x260>[B] (+0) -0.628623188<x261>[B] (+0) +0.628623188<x262>[B] (+0) +0.628623188<x263>[B] (+0) +0.628623188<x264>[B] (+0) -0.628623188<x265>[B] (+0) +0.628623188<x266>[B] (+0) +0.628623188<x267>[B] (+0) +0.628623188<x268>[B] (+0) -0.628623188<x269>[B] (+0) -0.628623188<x270>[B] (+0) +0.628623188<x271>[B] (+1) -0.628623188<x272>[B] (+1) -0.628623188<x273>[B] (+0) -0.628623188<x274>[B] (+0) -0.628623188<x275>[B] (+0) +0.628623188<x276>[B] (+0) >= 42.2753623188406;
;
violation: left hand side is violated by 55.4764492753623
  [linear] <c4049>: <x277>[C] (+0) -0.628623188<x1>[B] (+0) -0.628623188<x2>[B] (+0) -0.628623188<x3>[B] (+0) +0.628623188<x4>[B] (+0) +0.628623188<x5>[B] (+0) -0.628623188<x6>[B] (+0) +0.628623188<x7>[B] (+0) +0.628623188<x8>[B] (+0) +0.628623188<x9>[B] (+0) +0.628623188<x10>[B] (+0) -0.628623188<x11>[B] (+0) -0.628623188<x12>[B] (+0) +0.628623188<x13>[B] (+0) +0.628623188<x14>[B] (+0) -0.628623188<x15>[B] (+0) +0.628623188<x16>[B] (+0) +0.628623188<x17>[B] (+0) -0.628623188<x18>[B] (+0) -0.628623188<x19>[B] (+0) +0.628623188<x20>[B] (+0) +0.628623188<x21>[B] (+0) -0.628623188<x22>[B] (+0) -0.628623188<x23>[B] (+0) -0.628623188<x24>[B] (+0) -0.628623188<x25>[B] (+0) +0.628623188<x26>[B] (+0) +0.628623188<x27>[B] (+0) +0.628623188<x28>[B] (+0) +0.628623188<x29>[B] (+0) +0.628623188<x30>[B] (+0) +0.628623188<x31>[B] (+0) +0.628623188<x32>[B] (+0) -0.628623188<x33>[B] (+0) +0.628623188<x34>[B] (+0) +0.628623188<x35>[B] (+0) +0.628623188<x36>[B] (+0) -0.628623188<x37>[B] (+0) +0.628623188<x38>[B] (+0) +0.628623188<x39>[B] (+0) -0.628623188<x40>[B] (+0) +0.628623188<x41>[B] (+0) +0.628623188<x42>[B] (+0) +0.628623188<x43>[B] (+0) -0.628623188<x44>[B] (+0) +0.628623188<x45>[B] (+0) +0.628623188<x46>[B] (+0) +0.628623188<x47>[B] (+0) +0.628623188<x48>[B] (+0) +0.628623188<x49>[B] (+0) +0.628623188<x50>[B] (+0) +0.628623188<x51>[B] (+0) +0.628623188<x52>[B] (+0) +0.628623188<x53>[B] (+0) +0.628623188<x54>[B] (+0) +0.628623188<x55>[B] (+0) +0.628623188<x56>[B] (+0) +0.628623188<x57>[B] (+0) -0.628623188<x58>[B] (+0) +0.628623188<x59>[B] (+0) +0.628623188<x60>[B] (+0) +0.628623188<x61>[B] (+0) +0.628623188<x62>[B] (+0) +0.628623188<x63>[B] (+0) +0.628623188<x64>[B] (+0) -0.628623188<x65>[B] (+0) +0.628623188<x66>[B] (+0) +0.628623188<x67>[B] (+0) +0.628623188<x68>[B] (+0) +0.628623188<x69>[B] (+0) +0.628623188<x70>[B] (+0) +0.628623188<x71>[B] (+0) +0.628623188<x72>[B] (+0) +0.628623188<x73>[B] (+0) -0.628623188<x74>[B] (+0) +0.628623188<x75>[B] (+0) +0.628623188<x76>[B] (+0) +0.628623188<x77>[B] (+0) -0.628623188<x78>[B] (+0) +0.628623188<x79>[B] (+0) +0.628623188<x80>[B] (+0) -0.628623188<x81>[B] (+0) +0.628623188<x82>[B] (+0) +0.628623188<x83>[B] (+0) +0.628623188<x84>[B] (+0) -0.628623188<x85>[B] (+0) +0.628623188<x86>[B] (+0) +0.628623188<x87>[B] (+0) -0.628623188<x88>[B] (+0) +0.628623188<x89>[B] (+0) +0.628623188<x90>[B] (+0) -0.628623188<x91>[B] (+0) +0.628623188<x92>[B] (+0) -0.628623188<x93>[B] (+0) -0.628623188<x94>[B] (+0) -0.628623188<x95>[B] (+0) +0.628623188<x96>[B] (+0) -0.628623188<x97>[B] (+0) +0.628623188<x98>[B] (+0) +0.628623188<x99>[B] (+0) -0.628623188<x100>[B] (+0) -0.628623188<x101>[B] (+0) +0.628623188<x102>[B] (+0) +0.628623188<x103>[B] (+0) -0.628623188<x104>[B] (+0) -0.628623188<x105>[B] (+0) -0.628623188<x106>[B] (+0) -0.628623188<x107>[B] (+0) +0.628623188<x108>[B] (+0) -0.628623188<x109>[B] (+0) +0.628623188<x110>[B] (+0) -0.628623188<x111>[B] (+0) -0.628623188<x112>[B] (+0) -0.628623188<x113>[B] (+0) +0.628623188<x114>[B] (+0) -0.628623188<x115>[B] (+0) +0.628623188<x116>[B] (+0) +0.628623188<x117>[B] (+0) -0.628623188<x118>[B] (+0) -0.628623188<x119>[B] (+0) +0.628623188<x120>[B] (+0) +0.628623188<x121>[B] (+0) -0.628623188<x122>[B] (+0) -0.628623188<x123>[B] (+0) +0.628623188<x124>[B] (+0) +0.628623188<x125>[B] (+0) +0.628623188<x126>[B] (+0) +0.628623188<x127>[B] (+0) -0.628623188<x128>[B] (+0) +0.628623188<x129>[B] (+0) +0.628623188<x130>[B] (+0) +0.628623188<x131>[B] (+0) -0.628623188<x132>[B] (+0) +0.628623188<x133>[B] (+0) +0.628623188<x134>[B] (+0) -0.628623188<x135>[B] (+0) +0.628623188<x136>[B] (+0) +0.628623188<x137>[B] (+0) +0.628623188<x138>[B] (+0) -0.628623188<x139>[B] (+0) -0.628623188<x140>[B] (+0) +0.628623188<x141>[B] (+0) -0.628623188<x142>[B] (+0) +0.628623188<x143>[B] (+0) -0.628623188<x144>[B] (+0) -0.628623188<x145>[B] (+0) -0.628623188<x146>[B] (+0) +0.628623188<x147>[B] (+0) -0.628623188<x148>[B] (+0) +0.628623188<x149>[B] (+0) +0.628623188<x150>[B] (+0) -0.628623188<x151>[B] (+0) -0.628623188<x152>[B] (+0) +0.628623188<x153>[B] (+0) +0.628623188<x154>[B] (+0) -0.628623188<x155>[B] (+0) -0.628623188<x156>[B] (+0) -0.628623188<x157>[B] (+0) -0.628623188<x158>[B] (+0) -0.628623188<x159>[B] (+0) -0.628623188<x160>[B] (+0) -0.628623188<x161>[B] (+0) -0.628623188<x162>[B] (+0) -0.628623188<x163>[B] (+0) +0.628623188<x164>[B] (+0) +0.628623188<x165>[B] (+0) -0.628623188<x166>[B] (+0) -0.628623188<x167>[B] (+0) +0.628623188<x168>[B] (+0) +0.628623188<x169>[B] (+0) -0.628623188<x170>[B] (+0) -0.628623188<x171>[B] (+0) +0.628623188<x172>[B] (+0) -0.628623188<x173>[B] (+0) -0.628623188<x174>[B] (+0) +0.628623188<x175>[B] (+0) +0.628623188<x176>[B] (+0) -0.628623188<x177>[B] (+0) +0.628623188<x178>[B] (+0) +0.628623188<x179>[B] (+0) -0.628623188<x180>[B] (+0) -0.628623188<x181>[B] (+0) +0.628623188<x182>[B] (+0) +0.628623188<x183>[B] (+0) -0.628623188<x184>[B] (+0) -0.628623188<x185>[B] (+0) -0.628623188<x186>[B] (+0) -0.628623188<x187>[B] (+0) -0.628623188<x188>[B] (+0) -0.628623188<x189>[B] (+0) -0.628623188<x190>[B] (+0) +0.628623188<x191>[B] (+0) +0.628623188<x192>[B] (+0) -0.628623188<x193>[B] (+0) -0.628623188<x194>[B] (+0) +0.628623188<x195>[B] (+0) +0.628623188<x196>[B] (+0) -0.628623188<x197>[B] (+0) -0.628623188<x198>[B] (+0) +0.628623188<x199>[B] (+0) +0.628623188<x200>[B] (+0) +0.628623188<x201>[B] (+0) -0.628623188<x202>[B] (+0) +0.628623188<x203>[B] (+0) +0.628623188<x204>[B] (+0) -0.628623188<x205>[B] (+0) +0.628623188<x206>[B] (+0) +0.628623188<x207>[B] (+0) +0.628623188<x208>[B] (+0) -0.628623188<x209>[B] (+0) +0.628623188<x210>[B] (+0) +0.628623188<x211>[B] (+0) +0.628623188<x212>[B] (+0) -0.628623188<x213>[B] (+0) +0.628623188<x214>[B] (+0) +0.628623188<x215>[B] (+0) -0.628623188<x216>[B] (+0) -0.628623188<x217>[B] (+0) +0.628623188<x218>[B] (+0) +0.628623188<x219>[B] (+0) -0.628623188<x220>[B] (+0) -0.628623188<x221>[B] (+0) +0.628623188<x222>[B] (+0) -0.628623188<x223>[B] (+0) +0.628623188<x224>[B] (+0) +0.628623188<x225>[B] (+0) -0.628623188<x226>[B] (+0) -0.628623188<x227>[B] (+0) +0.628623188<x228>[B] (+0) +0.628623188<x229>[B] (+0) -0.628623188<x230>[B] (+0) -0.628623188<x231>[B] (+0) -0.628623188<x232>[B] (+0) +0.628623188<x233>[B] (+0) +0.628623188<x234>[B] (+0) -0.628623188<x235>[B] (+0) -0.628623188<x236>[B] (+0) +0.628623188<x237>[B] (+0) +0.628623188<x238>[B] (+0) -0.628623188<x239>[B] (+0) -0.628623188<x240>[B] (+0) +0.628623188<x241>[B] (+0) +0.628623188<x242>[B] (+0) +0.628623188<x243>[B] (+0) +0.628623188<x244>[B] (+0) +0.628623188<x245>[B] (+0) +0.628623188<x246>[B] (+0) +0.628623188<x247>[B] (+0) +0.628623188<x248>[B] (+0) +0.628623188<x249>[B] (+0) -0.628623188<x250>[B] (+0) -0.628623188<x251>[B] (+0) -0.628623188<x252>[B] (+0) -0.628623188<x253>[B] (+0) -0.628623188<x254>[B] (+0) -0.628623188<x255>[B] (+0) -0.628623188<x256>[B] (+0) -0.628623188<x257>[B] (+0) -0.628623188<x258>[B] (+0) -0.628623188<x259>[B] (+0) -0.628623188<x260>[B] (+0) -0.628623188<x261>[B] (+0) +0.628623188<x262>[B] (+0) +0.628623188<x263>[B] (+0) +0.628623188<x264>[B] (+0) -0.628623188<x265>[B] (+0) +0.628623188<x266>[B] (+0) +0.628623188<x267>[B] (+0) +0.628623188<x268>[B] (+0) -0.628623188<x269>[B] (+0) -0.628623188<x270>[B] (+0) +0.628623188<x271>[B] (+0) -0.628623188<x272>[B] (+0) -0.628623188<x273>[B] (+0) -0.628623188<x274>[B] (+0) -0.628623188<x275>[B] (+0) +0.628623188<x276>[B] (+0) >= 42.2753623188406;
;
violation: left hand side is violated by 42.2753623188406
  [linear] <c4049>: <x277>[C] (+0) -0.628623188<x1>[B] (+1) -0.628623188<x2>[B] (+1) -0.628623188<x3>[B] (+1) +0.628623188<x4>[B] (+1) +0.628623188<x5>[B] (+1) -0.628623188<x6>[B] (+1) +0.628623188<x7>[B] (+1) +0.628623188<x8>[B] (+1) +0.628623188<x9>[B] (+1) +0.628623188<x10>[B] (+1) -0.628623188<x11>[B] (+1) -0.628623188<x12>[B] (+1) +0.628623188<x13>[B] (+1) +0.628623188<x14>[B] (+1) -0.628623188<x15>[B] (+1) +0.628623188<x16>[B] (+1) +0.628623188<x17>[B] (+1) -0.628623188<x18>[B] (+1) -0.628623188<x19>[B] (+1) +0.628623188<x20>[B] (+1) +0.628623188<x21>[B] (+1) -0.628623188<x22>[B] (+1) -0.628623188<x23>[B] (+1) -0.628623188<x24>[B] (+1) -0.628623188<x25>[B] (+1) +0.628623188<x26>[B] (+1) +0.628623188<x27>[B] (+1) +0.628623188<x28>[B] (+1) +0.628623188<x29>[B] (+1) +0.628623188<x30>[B] (+1) +0.628623188<x31>[B] (+1) +0.628623188<x32>[B] (+1) -0.628623188<x33>[B] (+1) +0.628623188<x34>[B] (+1) +0.628623188<x35>[B] (+1) +0.628623188<x36>[B] (+1) -0.628623188<x37>[B] (+1) +0.628623188<x38>[B] (+1) +0.628623188<x39>[B] (+1) -0.628623188<x40>[B] (+1) +0.628623188<x41>[B] (+1) +0.628623188<x42>[B] (+1) +0.628623188<x43>[B] (+1) -0.628623188<x44>[B] (+1) +0.628623188<x45>[B] (+1) +0.628623188<x46>[B] (+1) +0.628623188<x47>[B] (+1) +0.628623188<x48>[B] (+1) +0.628623188<x49>[B] (+1) +0.628623188<x50>[B] (+1) +0.628623188<x51>[B] (+1) +0.628623188<x52>[B] (+1) +0.628623188<x53>[B] (+1) +0.628623188<x54>[B] (+1) +0.628623188<x55>[B] (+1) +0.628623188<x56>[B] (+1) +0.628623188<x57>[B] (+1) -0.628623188<x58>[B] (+1) +0.628623188<x59>[B] (+1) +0.628623188<x60>[B] (+1) +0.628623188<x61>[B] (+1) +0.628623188<x62>[B] (+1) +0.628623188<x63>[B] (+1) +0.628623188<x64>[B] (+1) -0.628623188<x65>[B] (+1) +0.628623188<x66>[B] (+1) +0.628623188<x67>[B] (+1) +0.628623188<x68>[B] (+1) +0.628623188<x69>[B] (+1) +0.628623188<x70>[B] (+1) +0.628623188<x71>[B] (+1) +0.628623188<x72>[B] (+1) +0.628623188<x73>[B] (+1) -0.628623188<x74>[B] (+1) +0.628623188<x75>[B] (+1) +0.628623188<x76>[B] (+1) +0.628623188<x77>[B] (+1) -0.628623188<x78>[B] (+1) +0.628623188<x79>[B] (+1) +0.628623188<x80>[B] (+1) -0.628623188<x81>[B] (+1) +0.628623188<x82>[B] (+1) +0.628623188<x83>[B] (+1) +0.628623188<x84>[B] (+1) -0.628623188<x85>[B] (+1) +0.628623188<x86>[B] (+1) +0.628623188<x87>[B] (+1) -0.628623188<x88>[B] (+1) +0.628623188<x89>[B] (+1) +0.628623188<x90>[B] (+1) -0.628623188<x91>[B] (+1) +0.628623188<x92>[B] (+1) -0.628623188<x93>[B] (+1) -0.628623188<x94>[B] (+1) -0.628623188<x95>[B] (+1) +0.628623188<x96>[B] (+1) -0.628623188<x97>[B] (+1) +0.628623188<x98>[B] (+1) +0.628623188<x99>[B] (+1) -0.628623188<x100>[B] (+1) -0.628623188<x101>[B] (+1) +0.628623188<x102>[B] (+1) +0.628623188<x103>[B] (+1) -0.628623188<x104>[B] (+1) -0.628623188<x105>[B] (+1) -0.628623188<x106>[B] (+1) -0.628623188<x107>[B] (+1) +0.628623188<x108>[B] (+1) -0.628623188<x109>[B] (+1) +0.628623188<x110>[B] (+1) -0.628623188<x111>[B] (+1) -0.628623188<x112>[B] (+1) -0.628623188<x113>[B] (+1) +0.628623188<x114>[B] (+1) -0.628623188<x115>[B] (+1) +0.628623188<x116>[B] (+1) +0.628623188<x117>[B] (+1) -0.628623188<x118>[B] (+1) -0.628623188<x119>[B] (+1) +0.628623188<x120>[B] (+1) +0.628623188<x121>[B] (+1) -0.628623188<x122>[B] (+1) -0.628623188<x123>[B] (+1) +0.628623188<x124>[B] (+1) +0.628623188<x125>[B] (+1) +0.628623188<x126>[B] (+1) +0.628623188<x127>[B] (+1) -0.628623188<x128>[B] (+1) +0.628623188<x129>[B] (+1) +0.628623188<x130>[B] (+1) +0.628623188<x131>[B] (+1) -0.628623188<x132>[B] (+1) +0.628623188<x133>[B] (+1) +0.628623188<x134>[B] (+1) -0.628623188<x135>[B] (+1) +0.628623188<x136>[B] (+1) +0.628623188<x137>[B] (+1) +0.628623188<x138>[B] (+1) -0.628623188<x139>[B] (+1) -0.628623188<x140>[B] (+1) +0.628623188<x141>[B] (+1) -0.628623188<x142>[B] (+1) +0.628623188<x143>[B] (+1) -0.628623188<x144>[B] (+1) -0.628623188<x145>[B] (+1) -0.628623188<x146>[B] (+1) +0.628623188<x147>[B] (+1) -0.628623188<x148>[B] (+1) +0.628623188<x149>[B] (+1) +0.628623188<x150>[B] (+1) -0.628623188<x151>[B] (+1) -0.628623188<x152>[B] (+1) +0.628623188<x153>[B] (+1) +0.628623188<x154>[B] (+1) -0.628623188<x155>[B] (+1) -0.628623188<x156>[B] (+1) -0.628623188<x157>[B] (+1) -0.628623188<x158>[B] (+1) -0.628623188<x159>[B] (+1) -0.628623188<x160>[B] (+1) -0.628623188<x161>[B] (+1) -0.628623188<x162>[B] (+1) -0.628623188<x163>[B] (+1) +0.628623188<x164>[B] (+1) +0.628623188<x165>[B] (+1) -0.628623188<x166>[B] (+1) -0.628623188<x167>[B] (+1) +0.628623188<x168>[B] (+1) +0.628623188<x169>[B] (+1) -0.628623188<x170>[B] (+1) -0.628623188<x171>[B] (+1) +0.628623188<x172>[B] (+1) -0.628623188<x173>[B] (+1) -0.628623188<x174>[B] (+1) +0.628623188<x175>[B] (+1) +0.628623188<x176>[B] (+1) -0.628623188<x177>[B] (+1) +0.628623188<x178>[B] (+1) +0.628623188<x179>[B] (+1) -0.628623188<x180>[B] (+1) -0.628623188<x181>[B] (+1) +0.628623188<x182>[B] (+1) +0.628623188<x183>[B] (+1) -0.628623188<x184>[B] (+1) -0.628623188<x185>[B] (+1) -0.628623188<x186>[B] (+1) -0.628623188<x187>[B] (+1) -0.628623188<x188>[B] (+1) -0.628623188<x189>[B] (+1) -0.628623188<x190>[B] (+1) +0.628623188<x191>[B] (+1) +0.628623188<x192>[B] (+1) -0.628623188<x193>[B] (+1) -0.628623188<x194>[B] (+1) +0.628623188<x195>[B] (+1) +0.628623188<x196>[B] (+1) -0.628623188<x197>[B] (+1) -0.628623188<x198>[B] (+1) +0.628623188<x199>[B] (+1) +0.628623188<x200>[B] (+1) +0.628623188<x201>[B] (+1) -0.628623188<x202>[B] (+1) +0.628623188<x203>[B] (+1) +0.628623188<x204>[B] (+1) -0.628623188<x205>[B] (+1) +0.628623188<x206>[B] (+1) +0.628623188<x207>[B] (+1) +0.628623188<x208>[B] (+1) -0.628623188<x209>[B] (+1) +0.628623188<x210>[B] (+1) +0.628623188<x211>[B] (+1) +0.628623188<x212>[B] (+1) -0.628623188<x213>[B] (+1) +0.628623188<x214>[B] (+1) +0.628623188<x215>[B] (+1) -0.628623188<x216>[B] (+1) -0.628623188<x217>[B] (+1) +0.628623188<x218>[B] (+1) +0.628623188<x219>[B] (+1) -0.628623188<x220>[B] (+1) -0.628623188<x221>[B] (+1) +0.628623188<x222>[B] (+1) -0.628623188<x223>[B] (+1) +0.628623188<x224>[B] (+1) +0.628623188<x225>[B] (+1) -0.628623188<x226>[B] (+1) -0.628623188<x227>[B] (+1) +0.628623188<x228>[B] (+1) +0.628623188<x229>[B] (+1) -0.628623188<x230>[B] (+1) -0.628623188<x231>[B] (+1) -0.628623188<x232>[B] (+1) +0.628623188<x233>[B] (+1) +0.628623188<x234>[B] (+1) -0.628623188<x235>[B] (+1) -0.628623188<x236>[B] (+1) +0.628623188<x237>[B] (+1) +0.628623188<x238>[B] (+1) -0.628623188<x239>[B] (+1) -0.628623188<x240>[B] (+1) +0.628623188<x241>[B] (+1) +0.628623188<x242>[B] (+1) +0.628623188<x243>[B] (+1) +0.628623188<x244>[B] (+1) +0.628623188<x245>[B] (+1) +0.628623188<x246>[B] (+1) +0.628623188<x247>[B] (+1) +0.628623188<x248>[B] (+1) +0.628623188<x249>[B] (+1) -0.628623188<x250>[B] (+1) -0.628623188<x251>[B] (+1) -0.628623188<x252>[B] (+1) -0.628623188<x253>[B] (+1) -0.628623188<x254>[B] (+1) -0.628623188<x255>[B] (+1) -0.628623188<x256>[B] (+1) -0.628623188<x257>[B] (+1) -0.628623188<x258>[B] (+1) -0.628623188<x259>[B] (+1) -0.628623188<x260>[B] (+1) -0.628623188<x261>[B] (+1) +0.628623188<x262>[B] (+1) +0.628623188<x263>[B] (+1) +0.628623188<x264>[B] (+1) -0.628623188<x265>[B] (+1) +0.628623188<x266>[B] (+1) +0.628623188<x267>[B] (+1) +0.628623188<x268>[B] (+1) -0.628623188<x269>[B] (+1) -0.628623188<x270>[B] (+1) +0.628623188<x271>[B] (+1) -0.628623188<x272>[B] (+1) -0.628623188<x273>[B] (+1) -0.628623188<x274>[B] (+1) -0.628623188<x275>[B] (+1) +0.628623188<x276>[B] (+1) >= 42.2753623188406;
;
violation: left hand side is violated by 22.1594202898551
1/5 feasible solution given by solution candidate storage, new primal bound -2.000078e+06

presolving:
   (0.0s) symmetry computation started: requiring (bin +, int +, cont +), (fixed: bin -, int -, cont -)
   (0.0s) no symmetry present (symcode time: 0.00)
presolving (0 rounds: 0 fast, 0 medium, 0 exhaustive):
 0 deleted vars, 0 deleted constraints, 0 added constraints, 0 tightened bounds, 0 added holes, 0 changed sides, 0 changed coefficients
 0 implications, 0 cliques, 0 implied integral variables (0 bin, 0 int, 0 cont)
presolved problem has 296 variables (276 bin, 0 int, 20 cont) and 4068 constraints
   4068 constraints of type <linear>
Presolving Time: 0.01
transformed 1/1 original solutions to the transformed problem space

 time | node  | left  |LP iter|LP it/n|mem/heur|mdpt |vars |cons |rows |cuts |sepa|confs|strbr|  dualbound   | primalbound  |  gap   | compl. 
p 0.0s|     1 |     0 |     7 |     - |   locks|   0 | 296 |4068 |4068 |   0 |  0 |   0 |   0 | 4.520000e+02 |-8.654040e+02 |    Inf | unknown
* 0.0s|     1 |     0 |   332 |     - |    LP  |   0 | 296 |4068 |4068 |   0 |  0 |   0 |   0 |-5.327627e+02 |-5.327627e+02 |   0.00%| unknown
  0.0s|     1 |     0 |   332 |     - |    18M |   0 | 296 |4068 |4068 |   0 |  0 |   0 |   0 |-5.327627e+02 |-5.327627e+02 |   0.00%| unknown

SCIP Status        : problem is solved [optimal solution found]
Solving Time (sec) : 0.04
Solving Nodes      : 1
Primal Bound       : -5.32762681159421e+02 (4 solutions)
Dual Bound         : -5.32762681159421e+02
Gap                : 0.00 %
  [linear] <c4069>: <x277>[C] (+57.3623188) -0.643115942<x1>[B] (+1) -0.643115942<x2>[B] (+1) -0.643115942<x3>[B] (+1) +0.643115942<x4>[B] (+1) +0.643115942<x5>[B] (+0) -0.643115942<x6>[B] (+1) +0.643115942<x7>[B] (+1) +0.643115942<x8>[B] (+0) +0.643115942<x9>[B] (+0) +0.643115942<x10>[B] (+0) -0.643115942<x11>[B] (+1) -0.643115942<x12>[B] (+1) +0.643115942<x13>[B] (+0) +0.643115942<x14>[B] (+1) -0.643115942<x15>[B] (+1) +0.643115942<x16>[B] (+1) +0.643115942<x17>[B] (+1) -0.643115942<x18>[B] (+1) -0.643115942<x19>[B] (+1) +0.643115942<x20>[B] (+1) +0.643115942<x21>[B] (+1) -0.643115942<x22>[B] (+1) -0.643115942<x23>[B] (+1) -0.643115942<x24>[B] (+1) -0.643115942<x25>[B] (+1) +0.643115942<x26>[B] (+1) +0.643115942<x27>[B] (+0) +0.643115942<x28>[B] (+0) +0.643115942<x29>[B] (+0) +0.643115942<x30>[B] (+0) +0.643115942<x31>[B] (+0) +0.643115942<x32>[B] (+0) -0.643115942<x33>[B] (+1) +0.643115942<x34>[B] (+0) +0.643115942<x35>[B] (+0) +0.643115942<x36>[B] (+1) -0.643115942<x37>[B] (+0) +0.643115942<x38>[B] (+0) +0.643115942<x39>[B] (+0) -0.643115942<x40>[B] (+1) +0.643115942<x41>[B] (+1) +0.643115942<x42>[B] (+0) +0.643115942<x43>[B] (+0) -0.643115942<x44>[B] (+0) +0.643115942<x45>[B] (+0) +0.643115942<x46>[B] (+1) +0.643115942<x47>[B] (+0) +0.643115942<x48>[B] (+0) +0.643115942<x49>[B] (+0) +0.643115942<x50>[B] (+0) +0.643115942<x51>[B] (+0) +0.643115942<x52>[B] (+0) +0.643115942<x53>[B] (+0) +0.643115942<x54>[B] (+0) +0.643115942<x55>[B] (+0) +0.643115942<x56>[B] (+0) +0.643115942<x57>[B] (+1) -0.643115942<x58>[B] (+0) +0.643115942<x59>[B] (+0) +0.643115942<x60>[B] (+0) +0.643115942<x61>[B] (+1) +0.643115942<x62>[B] (+1) +0.643115942<x63>[B] (+0) +0.643115942<x64>[B] (+0) -0.643115942<x65>[B] (+0) +0.643115942<x66>[B] (+0) +0.643115942<x67>[B] (+0) +0.643115942<x68>[B] (+0) +0.643115942<x69>[B] (+0) +0.643115942<x70>[B] (+0) +0.643115942<x71>[B] (+0) +0.643115942<x72>[B] (+0) +0.643115942<x73>[B] (+0) -0.643115942<x74>[B] (+0) +0.643115942<x75>[B] (+0) +0.643115942<x76>[B] (+0) +0.643115942<x77>[B] (+0) -0.643115942<x78>[B] (+0) +0.643115942<x79>[B] (+0) +0.643115942<x80>[B] (+0) -0.643115942<x81>[B] (+1) +0.643115942<x82>[B] (+0) +0.643115942<x83>[B] (+0) +0.643115942<x84>[B] (+0) -0.643115942<x85>[B] (+0) +0.643115942<x86>[B] (+0) +0.643115942<x87>[B] (+0) -0.643115942<x88>[B] (+0) +0.643115942<x89>[B] (+0) +0.643115942<x90>[B] (+0) -0.643115942<x91>[B] (+0) +0.643115942<x92>[B] (+0) -0.643115942<x93>[B] (+1) -0.643115942<x94>[B] (+0) -0.643115942<x95>[B] (+0) +0.643115942<x96>[B] (+1) -0.643115942<x97>[B] (+0) +0.643115942<x98>[B] (+0) +0.643115942<x99>[B] (+0) -0.643115942<x100>[B] (+1) -0.643115942<x101>[B] (+1) +0.643115942<x102>[B] (+0) +0.643115942<x103>[B] (+0) -0.643115942<x104>[B] (+0) -0.643115942<x105>[B] (+0) -0.643115942<x106>[B] (+1) -0.643115942<x107>[B] (+1) +0.643115942<x108>[B] (+1) -0.643115942<x109>[B] (+0) +0.643115942<x110>[B] (+0) -0.643115942<x111>[B] (+1) -0.643115942<x112>[B] (+1) -0.643115942<x113>[B] (+0) +0.643115942<x114>[B] (+1) -0.643115942<x115>[B] (+1) +0.643115942<x116>[B] (+1) +0.643115942<x117>[B] (+1) -0.643115942<x118>[B] (+1) -0.643115942<x119>[B] (+1) +0.643115942<x120>[B] (+1) +0.643115942<x121>[B] (+1) -0.643115942<x122>[B] (+1) -0.643115942<x123>[B] (+1) +0.643115942<x124>[B] (+0) +0.643115942<x125>[B] (+0) +0.643115942<x126>[B] (+0) +0.643115942<x127>[B] (+0) -0.643115942<x128>[B] (+1) +0.643115942<x129>[B] (+0) +0.643115942<x130>[B] (+0) +0.643115942<x131>[B] (+1) -0.643115942<x132>[B] (+0) +0.643115942<x133>[B] (+0) +0.643115942<x134>[B] (+0) -0.643115942<x135>[B] (+1) +0.643115942<x136>[B] (+1) +0.643115942<x137>[B] (+0) +0.643115942<x138>[B] (+0) -0.643115942<x139>[B] (+0) -0.643115942<x140>[B] (+0) +0.643115942<x141>[B] (+0) -0.643115942<x142>[B] (+0) +0.643115942<x143>[B] (+0) -0.643115942<x144>[B] (+1) -0.643115942<x145>[B] (+1) -0.643115942<x146>[B] (+0) +0.643115942<x147>[B] (+1) -0.643115942<x148>[B] (+0) +0.643115942<x149>[B] (+0) +0.643115942<x150>[B] (+0) -0.643115942<x151>[B] (+1) -0.643115942<x152>[B] (+1) +0.643115942<x153>[B] (+0) +0.643115942<x154>[B] (+1) -0.643115942<x155>[B] (+0) -0.643115942<x156>[B] (+0) -0.643115942<x157>[B] (+0) -0.643115942<x158>[B] (+0) -0.643115942<x159>[B] (+1) -0.643115942<x160>[B] (+1) -0.643115942<x161>[B] (+0) -0.643115942<x162>[B] (+1) -0.643115942<x163>[B] (+1) +0.643115942<x164>[B] (+1) +0.643115942<x165>[B] (+1) -0.643115942<x166>[B] (+1) -0.643115942<x167>[B] (+1) +0.643115942<x168>[B] (+1) +0.643115942<x169>[B] (+1) -0.643115942<x170>[B] (+1) -0.643115942<x171>[B] (+1) +0.643115942<x172>[B] (+0) -0.643115942<x173>[B] (+1) -0.643115942<x174>[B] (+1) +0.643115942<x175>[B] (+0) +0.643115942<x176>[B] (+1) -0.643115942<x177>[B] (+1) +0.643115942<x178>[B] (+1) +0.643115942<x179>[B] (+1) -0.643115942<x180>[B] (+1) -0.643115942<x181>[B] (+1) +0.643115942<x182>[B] (+1) +0.643115942<x183>[B] (+1) -0.643115942<x184>[B] (+1) -0.643115942<x185>[B] (+1) -0.643115942<x186>[B] (+1) -0.643115942<x187>[B] (+1) -0.643115942<x188>[B] (+0) -0.643115942<x189>[B] (+1) -0.643115942<x190>[B] (+1) +0.643115942<x191>[B] (+1) +0.643115942<x192>[B] (+1) -0.643115942<x193>[B] (+1) -0.643115942<x194>[B] (+1) +0.643115942<x195>[B] (+1) +0.643115942<x196>[B] (+1) -0.643115942<x197>[B] (+1) -0.643115942<x198>[B] (+1) +0.643115942<x199>[B] (+0) +0.643115942<x200>[B] (+0) +0.643115942<x201>[B] (+1) -0.643115942<x202>[B] (+0) +0.643115942<x203>[B] (+0) +0.643115942<x204>[B] (+0) -0.643115942<x205>[B] (+1) +0.643115942<x206>[B] (+1) +0.643115942<x207>[B] (+0) +0.643115942<x208>[B] (+0) -0.643115942<x209>[B] (+0) +0.643115942<x210>[B] (+0) +0.643115942<x211>[B] (+0) +0.643115942<x212>[B] (+1) -0.643115942<x213>[B] (+0) +0.643115942<x214>[B] (+0) +0.643115942<x215>[B] (+0) -0.643115942<x216>[B] (+1) -0.643115942<x217>[B] (+1) +0.643115942<x218>[B] (+0) +0.643115942<x219>[B] (+1) -0.643115942<x220>[B] (+0) -0.643115942<x221>[B] (+0) +0.643115942<x222>[B] (+1) -0.643115942<x223>[B] (+1) +0.643115942<x224>[B] (+1) +0.643115942<x225>[B] (+1) -0.643115942<x226>[B] (+1) -0.643115942<x227>[B] (+1) +0.643115942<x228>[B] (+1) +0.643115942<x229>[B] (+1) -0.643115942<x230>[B] (+1) -0.643115942<x231>[B] (+1) -0.643115942<x232>[B] (+0) +0.643115942<x233>[B] (+0) +0.643115942<x234>[B] (+0) -0.643115942<x235>[B] (+1) -0.643115942<x236>[B] (+1) +0.643115942<x237>[B] (+0) +0.643115942<x238>[B] (+0) -0.643115942<x239>[B] (+0) -0.643115942<x240>[B] (+0) +0.643115942<x241>[B] (+0) +0.643115942<x242>[B] (+0) +0.643115942<x243>[B] (+1) +0.643115942<x244>[B] (+1) +0.643115942<x245>[B] (+0) +0.643115942<x246>[B] (+1) +0.643115942<x247>[B] (+0) +0.643115942<x248>[B] (+0) +0.643115942<x249>[B] (+1) -0.643115942<x250>[B] (+1) -0.643115942<x251>[B] (+1) -0.643115942<x252>[B] (+1) -0.643115942<x253>[B] (+1) -0.643115942<x254>[B] (+1) -0.643115942<x255>[B] (+0) -0.643115942<x256>[B] (+1) -0.643115942<x257>[B] (+1) -0.643115942<x258>[B] (+0) -0.643115942<x259>[B] (+1) -0.643115942<x260>[B] (+0) -0.643115942<x261>[B] (+0) +0.643115942<x262>[B] (+0) +0.643115942<x263>[B] (+0) +0.643115942<x264>[B] (+0) -0.643115942<x265>[B] (+0) +0.643115942<x266>[B] (+0) +0.643115942<x267>[B] (+0) +0.643115942<x268>[B] (+0) -0.643115942<x269>[B] (+0) -0.643115942<x270>[B] (+0) +0.643115942<x271>[B] (+1) -0.643115942<x272>[B] (+1) -0.643115942<x273>[B] (+0) -0.643115942<x274>[B] (+0) -0.643115942<x275>[B] (+0) +0.643115942<x276>[B] (+0) >= 41.963768115942;
;
violation: left hand side is violated by 0.0362318840579476
  [linear] <c4072>: <x280>[C] (+30.1721014) -0.541666667<x1>[B] (+0) +0.541666667<x2>[B] (+0) -0.541666667<x3>[B] (+0) +0.541666667<x4>[B] (+0) -0.541666667<x5>[B] (+0) +0.541666667<x6>[B] (+0) -0.541666667<x7>[B] (+0) -0.541666667<x8>[B] (+0) +0.541666667<x9>[B] (+1) +0.541666667<x10>[B] (+1) -0.541666667<x11>[B] (+0) -0.541666667<x12>[B] (+0) -0.541666667<x13>[B] (+1) +0.541666667<x14>[B] (+0) -0.541666667<x15>[B] (+1) -0.541666667<x16>[B] (+1) -0.541666667<x17>[B] (+1) -0.541666667<x18>[B] (+0) -0.541666667<x19>[B] (+0) -0.541666667<x20>[B] (+1) +0.541666667<x21>[B] (+0) +0.541666667<x22>[B] (+0) +0.541666667<x23>[B] (+1) +0.541666667<x24>[B] (+1) -0.541666667<x25>[B] (+0) +0.541666667<x26>[B] (+1) -0.541666667<x27>[B] (+1) +0.541666667<x28>[B] (+0) +0.541666667<x29>[B] (+1) -0.541666667<x30>[B] (+1) +0.541666667<x31>[B] (+1) +0.541666667<x32>[B] (+1) -0.541666667<x33>[B] (+0) -0.541666667<x34>[B] (+0) +0.541666667<x35>[B] (+1) +0.541666667<x36>[B] (+0) -0.541666667<x37>[B] (+1) +0.541666667<x38>[B] (+1) -0.541666667<x39>[B] (+1) +0.541666667<x40>[B] (+0) -0.541666667<x41>[B] (+0) -0.541666667<x42>[B] (+1) +0.541666667<x43>[B] (+1) +0.541666667<x44>[B] (+1) +0.541666667<x45>[B] (+1) -0.541666667<x46>[B] (+0) +0.541666667<x47>[B] (+1) -0.541666667<x48>[B] (+1) +0.541666667<x49>[B] (+0) -0.541666667<x50>[B] (+1) -0.541666667<x51>[B] (+1) +0.541666667<x52>[B] (+1) +0.541666667<x53>[B] (+1) -0.541666667<x54>[B] (+0) -0.541666667<x55>[B] (+0) -0.541666667<x56>[B] (+1) +0.541666667<x57>[B] (+0) -0.541666667<x58>[B] (+1) -0.541666667<x59>[B] (+1) -0.541666667<x60>[B] (+1) -0.541666667<x61>[B] (+0) -0.541666667<x62>[B] (+0) -0.541666667<x63>[B] (+1) +0.541666667<x64>[B] (+0) +0.541666667<x65>[B] (+1) +0.541666667<x66>[B] (+1) +0.541666667<x67>[B] (+1) +0.541666667<x68>[B] (+1) +0.541666667<x69>[B] (+1) +0.541666667<x70>[B] (+1) -0.541666667<x71>[B] (+1) +0.541666667<x72>[B] (+1) +0.541666667<x73>[B] (+1) -0.541666667<x74>[B] (+1) -0.541666667<x75>[B] (+1) +0.541666667<x76>[B] (+1) +0.541666667<x77>[B] (+1) -0.541666667<x78>[B] (+1) +0.541666667<x79>[B] (+1) -0.541666667<x80>[B] (+1) +0.541666667<x81>[B] (+0) -0.541666667<x82>[B] (+1) -0.541666667<x83>[B] (+1) +0.541666667<x84>[B] (+1) +0.541666667<x85>[B] (+1) +0.541666667<x86>[B] (+1) -0.541666667<x87>[B] (+1) +0.541666667<x88>[B] (+0) -0.541666667<x89>[B] (+0) -0.541666667<x90>[B] (+0) +0.541666667<x91>[B] (+1) +0.541666667<x92>[B] (+1) -0.541666667<x93>[B] (+0) -0.541666667<x94>[B] (+0) -0.541666667<x95>[B] (+1) +0.541666667<x96>[B] (+0) -0.541666667<x97>[B] (+1) -0.541666667<x98>[B] (+1) -0.541666667<x99>[B] (+1) -0.541666667<x100>[B] (+0) -0.541666667<x101>[B] (+0) -0.541666667<x102>[B] (+1) +0.541666667<x103>[B] (+0) +0.541666667<x104>[B] (+0) +0.541666667<x105>[B] (+1) +0.541666667<x106>[B] (+0) +0.541666667<x107>[B] (+0) -0.541666667<x108>[B] (+0) +0.541666667<x109>[B] (+1) +0.541666667<x110>[B] (+1) -0.541666667<x111>[B] (+0) -0.541666667<x112>[B] (+0) +0.541666667<x113>[B] (+1) +0.541666667<x114>[B] (+0) -0.541666667<x115>[B] (+1) +0.541666667<x116>[B] (+1) -0.541666667<x117>[B] (+1) +0.541666667<x118>[B] (+0) -0.541666667<x119>[B] (+0) -0.541666667<x120>[B] (+1) +0.541666667<x121>[B] (+0) +0.541666667<x122>[B] (+0) +0.541666667<x123>[B] (+1) -0.541666667<x124>[B] (+1) -0.541666667<x125>[B] (+1) +0.541666667<x126>[B] (+1) +0.541666667<x127>[B] (+1) -0.541666667<x128>[B] (+0) -0.541666667<x129>[B] (+1) -0.541666667<x130>[B] (+1) +0.541666667<x131>[B] (+0) -0.541666667<x132>[B] (+1) -0.541666667<x133>[B] (+1) -0.541666667<x134>[B] (+1) -0.541666667<x135>[B] (+0) -0.541666667<x136>[B] (+0) -0.541666667<x137>[B] (+1) +0.541666667<x138>[B] (+1) +0.541666667<x139>[B] (+1) -0.541666667<x140>[B] (+1) -0.541666667<x141>[B] (+0) +0.541666667<x142>[B] (+1) +0.541666667<x143>[B] (+1) -0.541666667<x144>[B] (+0) -0.541666667<x145>[B] (+0) -0.541666667<x146>[B] (+1) +0.541666667<x147>[B] (+0) -0.541666667<x148>[B] (+1) +0.541666667<x149>[B] (+1) -0.541666667<x150>[B] (+1) -0.541666667<x151>[B] (+0) -0.541666667<x152>[B] (+0) -0.541666667<x153>[B] (+1) +0.541666667<x154>[B] (+0) +0.541666667<x155>[B] (+0) +0.541666667<x156>[B] (+1) +0.541666667<x157>[B] (+1) +0.541666667<x158>[B] (+1) -0.541666667<x159>[B] (+0) -0.541666667<x160>[B] (+0) +0.541666667<x161>[B] (+1) +0.541666667<x162>[B] (+0) -0.541666667<x163>[B] (+1) +0.541666667<x164>[B] (+1) +0.541666667<x165>[B] (+1) +0.541666667<x166>[B] (+0) +0.541666667<x167>[B] (+0) -0.541666667<x168>[B] (+1) +0.541666667<x169>[B] (+0) +0.541666667<x170>[B] (+0) +0.541666667<x171>[B] (+1) -0.541666667<x172>[B] (+1) -0.541666667<x173>[B] (+0) -0.541666667<x174>[B] (+0) -0.541666667<x175>[B] (+1) -0.541666667<x176>[B] (+0) -0.541666667<x177>[B] (+0) -0.541666667<x178>[B] (+0) -0.541666667<x179>[B] (+0) -0.541666667<x180>[B] (+0) -0.541666667<x181>[B] (+0) -0.541666667<x182>[B] (+1) +0.541666667<x183>[B] (+0) -0.541666667<x184>[B] (+0) -0.541666667<x185>[B] (+1) -0.541666667<x186>[B] (+0) -0.541666667<x187>[B] (+0) -0.541666667<x188>[B] (+1) -0.541666667<x189>[B] (+0) -0.541666667<x190>[B] (+0) -0.541666667<x191>[B] (+0) -0.541666667<x192>[B] (+0) -0.541666667<x193>[B] (+0) -0.541666667<x194>[B] (+0) -0.541666667<x195>[B] (+1) +0.541666667<x196>[B] (+0) -0.541666667<x197>[B] (+0) -0.541666667<x198>[B] (+0) +0.541666667<x199>[B] (+1) +0.541666667<x200>[B] (+1) +0.541666667<x201>[B] (+0) -0.541666667<x202>[B] (+1) +0.541666667<x203>[B] (+1) +0.541666667<x204>[B] (+1) +0.541666667<x205>[B] (+0) +0.541666667<x206>[B] (+0) -0.541666667<x207>[B] (+1) +0.541666667<x208>[B] (+1) +0.541666667<x209>[B] (+1) +0.541666667<x210>[B] (+1) +0.541666667<x211>[B] (+1) +0.541666667<x212>[B] (+0) -0.541666667<x213>[B] (+1) +0.541666667<x214>[B] (+1) +0.541666667<x215>[B] (+1) +0.541666667<x216>[B] (+0) +0.541666667<x217>[B] (+0) -0.541666667<x218>[B] (+1) +0.541666667<x219>[B] (+1) +0.541666667<x220>[B] (+1) +0.541666667<x221>[B] (+1) +0.541666667<x222>[B] (+0) -0.541666667<x223>[B] (+0) +0.541666667<x224>[B] (+0) -0.541666667<x225>[B] (+0) +0.541666667<x226>[B] (+0) -0.541666667<x227>[B] (+0) -0.541666667<x228>[B] (+0) +0.541666667<x229>[B] (+0) +0.541666667<x230>[B] (+0) +0.541666667<x231>[B] (+0) -0.541666667<x232>[B] (+1) -0.541666667<x233>[B] (+1) -0.541666667<x234>[B] (+1) -0.541666667<x235>[B] (+0) -0.541666667<x236>[B] (+0) -0.541666667<x237>[B] (+1) +0.541666667<x238>[B] (+1) -0.541666667<x239>[B] (+1) -0.541666667<x240>[B] (+1) +0.541666667<x241>[B] (+1) +0.541666667<x242>[B] (+1) +0.541666667<x243>[B] (+0) +0.541666667<x244>[B] (+0) +0.541666667<x245>[B] (+1) +0.541666667<x246>[B] (+0) +0.541666667<x247>[B] (+0) +0.541666667<x248>[B] (+1) -0.541666667<x249>[B] (+0) -0.541666667<x250>[B] (+0) -0.541666667<x251>[B] (+0) -0.541666667<x252>[B] (+1) +0.541666667<x253>[B] (+0) +0.541666667<x254>[B] (+0) +0.541666667<x255>[B] (+1) +0.541666667<x256>[B] (+0) -0.541666667<x257>[B] (+0) -0.541666667<x258>[B] (+1) +0.541666667<x259>[B] (+0) +0.541666667<x260>[B] (+0) +0.541666667<x261>[B] (+1) -0.541666667<x262>[B] (+1) -0.541666667<x263>[B] (+1) +0.541666667<x264>[B] (+1) +0.541666667<x265>[B] (+1) +0.541666667<x266>[B] (+1) -0.541666667<x267>[B] (+1) +0.541666667<x268>[B] (+1) +0.541666667<x269>[B] (+1) +0.541666667<x270>[B] (+1) +0.541666667<x271>[B] (+0) +0.541666667<x272>[B] (+0) +0.541666667<x273>[B] (+0) -0.541666667<x274>[B] (+1) -0.541666667<x275>[B] (+1) -0.541666667<x276>[B] (+1) >= 33.177536231884;
;
violation: left hand side is violated by 0.297101449275338
2/4 feasible solutions given by solution candidate storage, new primal bound -2.000078e+06

presolving:
   (0.0s) symmetry computation started: requiring (bin +, int +, cont +), (fixed: bin -, int -, cont -)
   (0.0s) no symmetry present (symcode time: 0.00)
presolving (0 rounds: 0 fast, 0 medium, 0 exhaustive):
 0 deleted vars, 0 deleted constraints, 0 added constraints, 0 tightened bounds, 0 added holes, 0 changed sides, 0 changed coefficients
 0 implications, 0 cliques, 0 implied integral variables (0 bin, 0 int, 0 cont)
presolved problem has 296 variables (276 bin, 0 int, 20 cont) and 4087 constraints
   4087 constraints of type <linear>
Presolving Time: 0.01
transformed 2/2 original solutions to the transformed problem space

 time | node  | left  |LP iter|LP it/n|mem/heur|mdpt |vars |cons |rows |cuts |sepa|confs|strbr|  dualbound   | primalbound  |  gap   | compl. 
p 0.0s|     1 |     0 |    10 |     - |   locks|   0 | 296 |4087 |4087 |   0 |  0 |   0 |   0 | 4.520000e+02 |-8.914167e+02 |    Inf | unknown
  0.0s|     1 |     0 |   349 |     - |    21M |   0 | 296 |4087 |4087 |   0 |  0 |   0 |   0 |-5.342956e+02 |-8.914167e+02 |  66.84%| unknown
r 0.0s|     1 |     0 |   349 |     - |shifting|   0 | 296 |4087 |4087 |   0 |  0 |   0 |   0 |-5.342956e+02 |-5.695476e+02 |   6.60%| unknown
  0.2s|     1 |     0 |   351 |     - |    22M |   0 | 296 |4087 |4088 |   1 |  1 |   0 |   0 |-5.342989e+02 |-5.695476e+02 |   6.60%| unknown
  0.2s|     1 |     0 |   351 |     - |    22M |   0 | 296 |4087 |4088 |   1 |  1 |   0 |   0 |-5.342989e+02 |-5.695476e+02 |   6.60%| unknown
d 0.2s|     1 |     0 |   351 |     - |farkasdi|   0 | 296 |4087 |4088 |   0 |  2 |   0 |   0 |-5.342989e+02 |-5.342989e+02 |   0.00%| unknown
  0.2s|     1 |     0 |   351 |     - |    22M |   0 | 296 |4087 |4088 |   1 |  2 |   0 |   0 |-5.342989e+02 |-5.342989e+02 |   0.00%| unknown

SCIP Status        : problem is solved [optimal solution found]
Solving Time (sec) : 0.16
Solving Nodes      : 1
Primal Bound       : -5.34298913043478e+02 (5 solutions)
Dual Bound         : -5.34298913043478e+02
Gap                : 0.00 %
  [linear] <c4088>: <x279>[C] (+40.7572464) +0.541666667<x1>[B] (+1) -0.541666667<x2>[B] (+1) +0.541666667<x3>[B] (+1) -0.541666667<x4>[B] (+1) +0.541666667<x5>[B] (+8.94839758e-14) +0.541666667<x6>[B] (+1) -0.541666667<x7>[B] (+1) +0.541666667<x8>[B] (+1) +0.541666667<x9>[B] (+8.94839758e-14) -0.541666667<x10>[B] (+0) +0.541666667<x11>[B] (+1) -0.541666667<x12>[B] (+1) +0.541666667<x13>[B] (+0) -0.541666667<x14>[B] (+1) +0.541666667<x15>[B] (+1) -0.541666667<x16>[B] (+1) -0.541666667<x17>[B] (+1) +0.541666667<x18>[B] (+1) -0.541666667<x19>[B] (+1) +0.541666667<x20>[B] (+1) -0.541666667<x21>[B] (+1) -0.541666667<x22>[B] (+1) -0.541666667<x23>[B] (+8.94839758e-14) -0.541666667<x24>[B] (+1) +0.541666667<x25>[B] (+1) -0.541666667<x26>[B] (+1) +0.541666667<x27>[B] (+0) +0.541666667<x28>[B] (+8.94323375e-14) -0.541666667<x29>[B] (+8.94323375e-14) +0.541666667<x30>[B] (+8.94323375e-14) +0.541666667<x31>[B] (+0) -0.541666667<x32>[B] (+0) +0.541666667<x33>[B] (+1) -0.541666667<x34>[B] (+1.78864675e-13) +0.541666667<x35>[B] (+0) -0.541666667<x36>[B] (+1) +0.541666667<x37>[B] (+8.94323375e-14) -0.541666667<x38>[B] (+0) -0.541666667<x39>[B] (+1.78864675e-13) +0.541666667<x40>[B] (+1) -0.541666667<x41>[B] (+1) +0.541666667<x42>[B] (+0) -0.541666667<x43>[B] (+8.94323375e-14) -0.541666667<x44>[B] (+0) -0.541666667<x45>[B] (+0) +0.541666667<x46>[B] (+1) +0.541666667<x47>[B] (+0) +0.541666667<x48>[B] (+0) +0.541666667<x49>[B] (+0) +0.541666667<x50>[B] (+0) +0.541666667<x51>[B] (+0) +0.541666667<x52>[B] (+0) -0.541666667<x53>[B] (+0) +0.541666667<x54>[B] (+8.94323375e-14) -0.541666667<x55>[B] (+8.94323375e-14) +0.541666667<x56>[B] (+0) -0.541666667<x57>[B] (+1) +0.541666667<x58>[B] (+0) +0.541666667<x59>[B] (+0) +0.541666667<x60>[B] (+0) +0.541666667<x61>[B] (+1) +0.541666667<x62>[B] (+1) +0.541666667<x63>[B] (+0) -0.541666667<x64>[B] (+0) +0.541666667<x65>[B] (+0) -0.541666667<x66>[B] (+0) -0.541666667<x67>[B] (+0) -0.541666667<x68>[B] (+0) -0.541666667<x69>[B] (+0) -0.541666667<x70>[B] (+0) -0.541666667<x71>[B] (+0) +0.541666667<x72>[B] (+0) -0.541666667<x73>[B] (+0) -0.541666667<x74>[B] (+0) -0.541666667<x75>[B] (+0) -0.541666667<x76>[B] (+0) -0.541666667<x77>[B] (+0) -0.541666667<x78>[B] (+0) -0.541666667<x79>[B] (+0) -0.541666667<x80>[B] (+0) -0.541666667<x81>[B] (+1) -0.541666667<x82>[B] (+0) -0.541666667<x83>[B] (+0) -0.541666667<x84>[B] (+0) -0.541666667<x85>[B] (+0) -0.541666667<x86>[B] (+0) +0.541666667<x87>[B] (+0) +0.541666667<x88>[B] (+8.94323375e-14) -0.541666667<x89>[B] (+8.94323375e-14) +0.541666667<x90>[B] (+0) +0.541666667<x91>[B] (+0) -0.541666667<x92>[B] (+0) +0.541666667<x93>[B] (+1) -0.541666667<x94>[B] (+1.78864675e-13) +0.541666667<x95>[B] (+0) -0.541666667<x96>[B] (+1) +0.541666667<x97>[B] (+8.94323375e-14) +0.541666667<x98>[B] (+0) +0.541666667<x99>[B] (+1.78864675e-13) +0.541666667<x100>[B] (+1) -0.541666667<x101>[B] (+1) +0.541666667<x102>[B] (+0) -0.541666667<x103>[B] (+8.94323375e-14) +0.541666667<x104>[B] (+0) -0.541666667<x105>[B] (+0) -0.541666667<x106>[B] (+1) -0.541666667<x107>[B] (+1) -0.541666667<x108>[B] (+1) +0.541666667<x109>[B] (+0) -0.541666667<x110>[B] (+0) -0.541666667<x111>[B] (+1) -0.541666667<x112>[B] (+1) -0.541666667<x113>[B] (+0) -0.541666667<x114>[B] (+1) -0.541666667<x115>[B] (+1) -0.541666667<x116>[B] (+1) -0.541666667<x117>[B] (+1) -0.541666667<x118>[B] (+1) -0.541666667<x119>[B] (+1) -0.541666667<x120>[B] (+1) -0.541666667<x121>[B] (+1) -0.541666667<x122>[B] (+1) -0.541666667<x123>[B] (+0) -0.541666667<x124>[B] (+0) -0.541666667<x125>[B] (+0) +0.541666667<x126>[B] (+0) -0.541666667<x127>[B] (+0) -0.541666667<x128>[B] (+1) -0.541666667<x129>[B] (+8.94323375e-14) -0.541666667<x130>[B] (+0) -0.541666667<x131>[B] (+1) -0.541666667<x132>[B] (+1.11022302e-16) -0.541666667<x133>[B] (+0) -0.541666667<x134>[B] (+8.94323375e-14) -0.541666667<x135>[B] (+1) -0.541666667<x136>[B] (+1) -0.541666667<x137>[B] (+0) -0.541666667<x138>[B] (+1.11022302e-16) -0.541666667<x139>[B] (+0) -0.541666667<x140>[B] (+1.11022302e-16) +0.541666667<x141>[B] (+8.94323375e-14) +0.541666667<x142>[B] (+0) -0.541666667<x143>[B] (+0) +0.541666667<x144>[B] (+1) -0.541666667<x145>[B] (+1) +0.541666667<x146>[B] (+0) -0.541666667<x147>[B] (+1) +0.541666667<x148>[B] (+0) +0.541666667<x149>[B] (+0) +0.541666667<x150>[B] (+8.94323375e-14) +0.541666667<x151>[B] (+1) +0.541666667<x152>[B] (+1) +0.541666667<x153>[B] (+0) -0.541666667<x154>[B] (+1) +0.541666667<x155>[B] (+0) -0.541666667<x156>[B] (+0) +0.541666667<x157>[B] (+0) -0.541666667<x158>[B] (+0) +0.541666667<x159>[B] (+1) -0.541666667<x160>[B] (+1) +0.541666667<x161>[B] (+0) -0.541666667<x162>[B] (+1) +0.541666667<x163>[B] (+1) -0.541666667<x164>[B] (+0) -0.541666667<x165>[B] (+1) +0.541666667<x166>[B] (+1) -0.541666667<x167>[B] (+1) +0.541666667<x168>[B] (+1) -0.541666667<x169>[B] (+1) -0.541666667<x170>[B] (+1) -0.541666667<x171>[B] (+0) -0.541666667<x172>[B] (+0) -0.541666667<x173>[B] (+1) -0.541666667<x174>[B] (+1) -0.541666667<x175>[B] (+0) -0.541666667<x176>[B] (+1) -0.541666667<x177>[B] (+1) -0.541666667<x178>[B] (+1) -0.541666667<x179>[B] (+1) -0.541666667<x180>[B] (+1) -0.541666667<x181>[B] (+1) -0.541666667<x182>[B] (+1) -0.541666667<x183>[B] (+1) -0.541666667<x184>[B] (+1) -0.541666667<x185>[B] (+0) +0.541666667<x186>[B] (+1) -0.541666667<x187>[B] (+1) +0.541666667<x188>[B] (+0) -0.541666667<x189>[B] (+1) +0.541666667<x190>[B] (+1) +0.541666667<x191>[B] (+1) +0.541666667<x192>[B] (+1) +0.541666667<x193>[B] (+1) +0.541666667<x194>[B] (+1) +0.541666667<x195>[B] (+1) -0.541666667<x196>[B] (+1) +0.541666667<x197>[B] (+1) -0.541666667<x198>[B] (+1) -0.541666667<x199>[B] (+0) +0.541666667<x200>[B] (+0) -0.541666667<x201>[B] (+1) -0.541666667<x202>[B] (+0) -0.541666667<x203>[B] (+0) -0.541666667<x204>[B] (+0) +0.541666667<x205>[B] (+1) -0.541666667<x206>[B] (+1) +0.541666667<x207>[B] (+0) -0.541666667<x208>[B] (+0) -0.541666667<x209>[B] (+0) -0.541666667<x210>[B] (+0) +0.541666667<x211>[B] (+0) -0.541666667<x212>[B] (+1) +0.541666667<x213>[B] (+0) +0.541666667<x214>[B] (+0) +0.541666667<x215>[B] (+0) +0.541666667<x216>[B] (+1) +0.541666667<x217>[B] (+1) +0.541666667<x218>[B] (+0) -0.541666667<x219>[B] (+1) +0.541666667<x220>[B] (+0) -0.541666667<x221>[B] (+0) -0.541666667<x222>[B] (+1) -0.541666667<x223>[B] (+1) -0.541666667<x224>[B] (+1) -0.541666667<x225>[B] (+1) +0.541666667<x226>[B] (+1) -0.541666667<x227>[B] (+1) +0.541666667<x228>[B] (+1) -0.541666667<x229>[B] (+1) -0.541666667<x230>[B] (+1) -0.541666667<x231>[B] (+1) +0.541666667<x232>[B] (+0) +0.541666667<x233>[B] (+0) +0.541666667<x234>[B] (+0) +0.541666667<x235>[B] (+1) +0.541666667<x236>[B] (+1) +0.541666667<x237>[B] (+0) +0.541666667<x238>[B] (+0) +0.541666667<x239>[B] (+0) +0.541666667<x240>[B] (+0) -0.541666667<x241>[B] (+8.94323375e-14) -0.541666667<x242>[B] (+8.94323375e-14) +0.541666667<x243>[B] (+1) -0.541666667<x244>[B] (+1) +0.541666667<x245>[B] (+0) -0.541666667<x246>[B] (+1) -0.541666667<x247>[B] (+0) -0.541666667<x248>[B] (+0) -0.541666667<x249>[B] (+1) +0.541666667<x250>[B] (+1) -0.541666667<x251>[B] (+1) +0.541666667<x252>[B] (+1) -0.541666667<x253>[B] (+1) -0.541666667<x254>[B] (+1) -0.541666667<x255>[B] (+0) +0.541666667<x256>[B] (+1) -0.541666667<x257>[B] (+1) +0.541666667<x258>[B] (+0) -0.541666667<x259>[B] (+1) -0.541666667<x260>[B] (+0) -0.541666667<x261>[B] (+0) -0.541666667<x262>[B] (+0) +0.541666667<x263>[B] (+0) -0.541666667<x264>[B] (+0) -0.541666667<x265>[B] (+0) -0.541666667<x266>[B] (+0) +0.541666667<x267>[B] (+0) -0.541666667<x268>[B] (+0) +0.541666667<x269>[B] (+0) -0.541666667<x270>[B] (+0) -0.541666667<x271>[B] (+1) -0.541666667<x272>[B] (+1) -0.541666667<x273>[B] (+0) +0.541666667<x274>[B] (+0) -0.541666667<x275>[B] (+0) -0.541666667<x276>[B] (+0) >= 19.0942028985507;
;
violation: left hand side is violated by 0.00362318840581821
  [linear] <c4094>: <x288>[C] (+53.5833333) +0.621376812<x1>[B] (+1) +0.621376812<x2>[B] (+1) +0.621376812<x3>[B] (+1) -0.621376812<x4>[B] (+1) +0.621376812<x5>[B] (+0) +0.621376812<x6>[B] (+1) +0.621376812<x7>[B] (+1) +0.621376812<x8>[B] (+1) +0.621376812<x9>[B] (+0) +0.621376812<x10>[B] (+0) +0.621376812<x11>[B] (+1) -0.621376812<x12>[B] (+1) +0.621376812<x13>[B] (+0) +0.621376812<x14>[B] (+1) +0.621376812<x15>[B] (+1) +0.621376812<x16>[B] (+1) +0.621376812<x17>[B] (+1) -0.621376812<x18>[B] (+1) +0.621376812<x19>[B] (+1) +0.621376812<x20>[B] (+1) -0.621376812<x21>[B] (+1) -0.621376812<x22>[B] (+1) +0.621376812<x23>[B] (+0) -0.621376812<x24>[B] (+1) -0.621376812<x25>[B] (+1) -0.621376812<x26>[B] (+1) -0.621376812<x27>[B] (+0) +0.621376812<x28>[B] (+1) -0.621376812<x29>[B] (+1) -0.621376812<x30>[B] (+0) +0.621376812<x31>[B] (+0) +0.621376812<x32>[B] (+0) +0.621376812<x33>[B] (+1) -0.621376812<x34>[B] (+1) -0.621376812<x35>[B] (+0) -0.621376812<x36>[B] (+1) -0.621376812<x37>[B] (+1) -0.621376812<x38>[B] (+0) +0.621376812<x39>[B] (+0) -0.621376812<x40>[B] (+1) -0.621376812<x41>[B] (+1) +0.621376812<x42>[B] (+0) -0.621376812<x43>[B] (+1) -0.621376812<x44>[B] (+0) +0.621376812<x45>[B] (+0) -0.621376812<x46>[B] (+1) -0.621376812<x47>[B] (+0) -0.621376812<x48>[B] (+0) +0.621376812<x49>[B] (+0) +0.621376812<x50>[B] (+0) -0.621376812<x51>[B] (+0) +0.621376812<x52>[B] (+0) +0.621376812<x53>[B] (+0) +0.621376812<x54>[B] (+1) -0.621376812<x55>[B] (+0) -0.621376812<x56>[B] (+0) -0.621376812<x57>[B] (+1) -0.621376812<x58>[B] (+0) -0.621376812<x59>[B] (+0) +0.621376812<x60>[B] (+0) -0.621376812<x61>[B] (+1) -0.621376812<x62>[B] (+1) +0.621376812<x63>[B] (+0) -0.621376812<x64>[B] (+0) -0.621376812<x65>[B] (+0) +0.621376812<x66>[B] (+0) -0.621376812<x67>[B] (+0) +0.621376812<x68>[B] (+0) +0.621376812<x69>[B] (+0) +0.621376812<x70>[B] (+0) +0.621376812<x71>[B] (+0) +0.621376812<x72>[B] (+0) +0.621376812<x73>[B] (+0) +0.621376812<x74>[B] (+0) -0.621376812<x75>[B] (+0) +0.621376812<x76>[B] (+0) +0.621376812<x77>[B] (+0) +0.621376812<x78>[B] (+0) -0.621376812<x79>[B] (+0) +0.621376812<x80>[B] (+0) -0.621376812<x81>[B] (+1) +0.621376812<x82>[B] (+0) +0.621376812<x83>[B] (+0) -0.621376812<x84>[B] (+0) -0.621376812<x85>[B] (+0) +0.621376812<x86>[B] (+0) +0.621376812<x87>[B] (+0) +0.621376812<x88>[B] (+1) +0.621376812<x89>[B] (+0) +0.621376812<x90>[B] (+0) +0.621376812<x91>[B] (+0) +0.621376812<x92>[B] (+0) +0.621376812<x93>[B] (+1) +0.621376812<x94>[B] (+0) +0.621376812<x95>[B] (+0) +0.621376812<x96>[B] (+1) +0.621376812<x97>[B] (+0) +0.621376812<x98>[B] (+0) +0.621376812<x99>[B] (+0) +0.621376812<x100>[B] (+1) +0.621376812<x101>[B] (+1) +0.621376812<x102>[B] (+0) +0.621376812<x103>[B] (+0) -0.621376812<x104>[B] (+0) +0.621376812<x105>[B] (+0) +0.621376812<x106>[B] (+1) +0.621376812<x107>[B] (+1) +0.621376812<x108>[B] (+1) +0.621376812<x109>[B] (+0) +0.621376812<x110>[B] (+0) +0.621376812<x111>[B] (+1) -0.621376812<x112>[B] (+1) +0.621376812<x113>[B] (+0) +0.621376812<x114>[B] (+1) -0.621376812<x115>[B] (+1) -0.621376812<x116>[B] (+1) +0.621376812<x117>[B] (+1) -0.621376812<x118>[B] (+1) -0.621376812<x119>[B] (+1) +0.621376812<x120>[B] (+1) -0.621376812<x121>[B] (+1) -0.621376812<x122>[B] (+1) +0.621376812<x123>[B] (+0) -0.621376812<x124>[B] (+0) -0.621376812<x125>[B] (+0) -0.621376812<x126>[B] (+0) +0.621376812<x127>[B] (+0) +0.621376812<x128>[B] (+1) -0.621376812<x129>[B] (+0) -0.621376812<x130>[B] (+0) -0.621376812<x131>[B] (+1) -0.621376812<x132>[B] (-1.11022302e-16) -0.621376812<x133>[B] (+0) +0.621376812<x134>[B] (+0) -0.621376812<x135>[B] (+1) -0.621376812<x136>[B] (+1) +0.621376812<x137>[B] (+0) -0.621376812<x138>[B] (-1.11022302e-16) -0.621376812<x139>[B] (+0) -0.621376812<x140>[B] (-1.11022302e-16) -0.621376812<x141>[B] (+0) +0.621376812<x142>[B] (+0) +0.621376812<x143>[B] (+0) +0.621376812<x144>[B] (+1) -0.621376812<x145>[B] (+1) -0.621376812<x146>[B] (+0) -0.621376812<x147>[B] (+1) -0.621376812<x148>[B] (+0) -0.621376812<x149>[B] (+0) +0.621376812<x150>[B] (+0) -0.621376812<x151>[B] (+1) -0.621376812<x152>[B] (+1) +0.621376812<x153>[B] (+0) -0.621376812<x154>[B] (+1) -0.621376812<x155>[B] (+0) +0.621376812<x156>[B] (+0) +0.621376812<x157>[B] (+0) +0.621376812<x158>[B] (+0) +0.621376812<x159>[B] (+1) -0.621376812<x160>[B] (+1) +0.621376812<x161>[B] (+0) -0.621376812<x162>[B] (+1) -0.621376812<x163>[B] (+1) -0.621376812<x164>[B] (+0) +0.621376812<x165>[B] (+1) -0.621376812<x166>[B] (+1) -0.621376812<x167>[B] (+1) +0.621376812<x168>[B] (+0) -0.621376812<x169>[B] (+1) -0.621376812<x170>[B] (+0) +0.621376812<x171>[B] (+0) +0.621376812<x172>[B] (+0) +0.621376812<x173>[B] (+1) -0.621376812<x174>[B] (+1) -0.621376812<x175>[B] (+0) -0.621376812<x176>[B] (+1) -0.621376812<x177>[B] (+1) -0.621376812<x178>[B] (+1) +0.621376812<x179>[B] (+1) -0.621376812<x180>[B] (+1) -0.621376812<x181>[B] (+1) +0.621376812<x182>[B] (+1) -0.621376812<x183>[B] (+1) -0.621376812<x184>[B] (+1) +0.621376812<x185>[B] (+0) -0.621376812<x186>[B] (+1) -0.621376812<x187>[B] (+1) -0.621376812<x188>[B] (+0) -0.621376812<x189>[B] (+1) -0.621376812<x190>[B] (+1) -0.621376812<x191>[B] (+1) -0.621376812<x192>[B] (+1) -0.621376812<x193>[B] (+1) -0.621376812<x194>[B] (+1) -0.621376812<x195>[B] (+1) -0.621376812<x196>[B] (+1) -0.621376812<x197>[B] (+1) -0.621376812<x198>[B] (+1) -0.621376812<x199>[B] (+0) -0.621376812<x200>[B] (+0) -0.621376812<x201>[B] (+1) -0.621376812<x202>[B] (+0) -0.621376812<x203>[B] (+0) +0.621376812<x204>[B] (+0) -0.621376812<x205>[B] (+1) -0.621376812<x206>[B] (+1) +0.621376812<x207>[B] (+0) -0.621376812<x208>[B] (+0) -0.621376812<x209>[B] (+0) -0.621376812<x210>[B] (+0) +0.621376812<x211>[B] (+0) +0.621376812<x212>[B] (+1) +0.621376812<x213>[B] (+0) +0.621376812<x214>[B] (+0) +0.621376812<x215>[B] (+0) -0.621376812<x216>[B] (+1) +0.621376812<x217>[B] (+1) +0.621376812<x218>[B] (+0) -0.621376812<x219>[B] (+0) -0.621376812<x220>[B] (+0) +0.621376812<x221>[B] (+0) -0.621376812<x222>[B] (+1) -0.621376812<x223>[B] (+1) -0.621376812<x224>[B] (+1) +0.621376812<x225>[B] (+1) -0.621376812<x226>[B] (+1) -0.621376812<x227>[B] (+1) +0.621376812<x228>[B] (+1) -0.621376812<x229>[B] (+1) -0.621376812<x230>[B] (+1) +0.621376812<x231>[B] (+1) -0.621376812<x232>[B] (+0) -0.621376812<x233>[B] (+0) +0.621376812<x234>[B] (+0) -0.621376812<x235>[B] (+1) -0.621376812<x236>[B] (+1) +0.621376812<x237>[B] (+0) -0.621376812<x238>[B] (+0) -0.621376812<x239>[B] (+0) +0.621376812<x240>[B] (+0) -0.621376812<x241>[B] (+0) +0.621376812<x242>[B] (+0) -0.621376812<x243>[B] (+1) -0.621376812<x244>[B] (+1) +0.621376812<x245>[B] (+0) -0.621376812<x246>[B] (+1) -0.621376812<x247>[B] (+0) +0.621376812<x248>[B] (+0) +0.621376812<x249>[B] (+1) -0.621376812<x250>[B] (+1) +0.621376812<x251>[B] (+1) +0.621376812<x252>[B] (+1) -0.621376812<x253>[B] (+1) -0.621376812<x254>[B] (+1) +0.621376812<x255>[B] (+0) -0.621376812<x256>[B] (+1) -0.621376812<x257>[B] (+1) +0.621376812<x258>[B] (+0) -0.621376812<x259>[B] (+1) -0.621376812<x260>[B] (+0) -0.621376812<x261>[B] (+0) +0.621376812<x262>[B] (+0) +0.621376812<x263>[B] (+0) +0.621376812<x264>[B] (+0) -0.621376812<x265>[B] (+0) +0.621376812<x266>[B] (+0) +0.621376812<x267>[B] (+0) -0.621376812<x268>[B] (+0) -0.621376812<x269>[B] (+0) +0.621376812<x270>[B] (+0) -0.621376812<x271>[B] (+1) -0.621376812<x272>[B] (+1) -0.621376812<x273>[B] (+0) -0.621376812<x274>[B] (+0) +0.621376812<x275>[B] (+0) +0.621376812<x276>[B] (+0) >= 27.4963768115942;
;
violation: left hand side is violated by 0.0108695652173836
  [linear] <c4088>: <x279>[C] (+25.3876812) +0.541666667<x1>[B] (+0) -0.541666667<x2>[B] (+0) +0.541666667<x3>[B] (+0) -0.541666667<x4>[B] (+0) +0.541666667<x5>[B] (+0) +0.541666667<x6>[B] (+0) -0.541666667<x7>[B] (+0) +0.541666667<x8>[B] (+0) +0.541666667<x9>[B] (+0) -0.541666667<x10>[B] (+0) +0.541666667<x11>[B] (+0) -0.541666667<x12>[B] (+0) +0.541666667<x13>[B] (+1) -0.541666667<x14>[B] (+0) +0.541666667<x15>[B] (+0) -0.541666667<x16>[B] (+0) -0.541666667<x17>[B] (+0) +0.541666667<x18>[B] (+0) -0.541666667<x19>[B] (+0) +0.541666667<x20>[B] (+0) -0.541666667<x21>[B] (+0) -0.541666667<x22>[B] (+0) -0.541666667<x23>[B] (+0) -0.541666667<x24>[B] (+0) +0.541666667<x25>[B] (+0) -0.541666667<x26>[B] (+0) +0.541666667<x27>[B] (+1) +0.541666667<x28>[B] (+0) -0.541666667<x29>[B] (+0) +0.541666667<x30>[B] (+0) +0.541666667<x31>[B] (+1) -0.541666667<x32>[B] (+1) +0.541666667<x33>[B] (+0) -0.541666667<x34>[B] (+0) +0.541666667<x35>[B] (+1) -0.541666667<x36>[B] (+0) +0.541666667<x37>[B] (+0) -0.541666667<x38>[B] (+1) -0.541666667<x39>[B] (+0) +0.541666667<x40>[B] (+0) -0.541666667<x41>[B] (+0) +0.541666667<x42>[B] (+1) -0.541666667<x43>[B] (+0) -0.541666667<x44>[B] (+1) -0.541666667<x45>[B] (+1) +0.541666667<x46>[B] (+0) +0.541666667<x47>[B] (+1) +0.541666667<x48>[B] (+1) +0.541666667<x49>[B] (+1) +0.541666667<x50>[B] (+1) +0.541666667<x51>[B] (+1) +0.541666667<x52>[B] (+1) -0.541666667<x53>[B] (+1) +0.541666667<x54>[B] (+1) -0.541666667<x55>[B] (+1) +0.541666667<x56>[B] (+1) -0.541666667<x57>[B] (+0) +0.541666667<x58>[B] (+1) +0.541666667<x59>[B] (+1) +0.541666667<x60>[B] (+1) +0.541666667<x61>[B] (+0) +0.541666667<x62>[B] (+1) +0.541666667<x63>[B] (+1) -0.541666667<x64>[B] (+1) +0.541666667<x65>[B] (+1) -0.541666667<x66>[B] (+1) -0.541666667<x67>[B] (+1) -0.541666667<x68>[B] (+1) -0.541666667<x69>[B] (+1) -0.541666667<x70>[B] (+1) -0.541666667<x71>[B] (+1) +0.541666667<x72>[B] (+1) -0.541666667<x73>[B] (+1) -0.541666667<x74>[B] (+1) -0.541666667<x75>[B] (+1) -0.541666667<x76>[B] (+1) -0.541666667<x77>[B] (+1) -0.541666667<x78>[B] (+1) -0.541666667<x79>[B] (+1) -0.541666667<x80>[B] (+1) -0.541666667<x81>[B] (+0) -0.541666667<x82>[B] (+1) -0.541666667<x83>[B] (+1) -0.541666667<x84>[B] (+1) -0.541666667<x85>[B] (+1) -0.541666667<x86>[B] (+1) +0.541666667<x87>[B] (+1) +0.541666667<x88>[B] (+1) -0.541666667<x89>[B] (+1) +0.541666667<x90>[B] (+1) +0.541666667<x91>[B] (+1) -0.541666667<x92>[B] (+1) +0.541666667<x93>[B] (+0) -0.541666667<x94>[B] (+0) +0.541666667<x95>[B] (+1) -0.541666667<x96>[B] (+0) +0.541666667<x97>[B] (+1) +0.541666667<x98>[B] (+1) +0.541666667<x99>[B] (+1) +0.541666667<x100>[B] (+0) -0.541666667<x101>[B] (+0) +0.541666667<x102>[B] (+1) -0.541666667<x103>[B] (+1) +0.541666667<x104>[B] (+1) -0.541666667<x105>[B] (+1) -0.541666667<x106>[B] (+0) -0.541666667<x107>[B] (+0) -0.541666667<x108>[B] (+0) +0.541666667<x109>[B] (+1) -0.541666667<x110>[B] (+1) -0.541666667<x111>[B] (+0) -0.541666667<x112>[B] (+0) -0.541666667<x113>[B] (+1) -0.541666667<x114>[B] (+0) -0.541666667<x115>[B] (+0) -0.541666667<x116>[B] (+0) -0.541666667<x117>[B] (+0) -0.541666667<x118>[B] (+0) -0.541666667<x119>[B] (+0) -0.541666667<x120>[B] (+1) -0.541666667<x121>[B] (+0) -0.541666667<x122>[B] (+0) -0.541666667<x123>[B] (+1) -0.541666667<x124>[B] (+1) -0.541666667<x125>[B] (+1) +0.541666667<x126>[B] (+1) -0.541666667<x127>[B] (+1) -0.541666667<x128>[B] (+0) -0.541666667<x129>[B] (+0) -0.541666667<x130>[B] (+1) -0.541666667<x131>[B] (+0) -0.541666667<x132>[B] (+1) -0.541666667<x133>[B] (+1) -0.541666667<x134>[B] (+1) -0.541666667<x135>[B] (+0) -0.541666667<x136>[B] (+0) -0.541666667<x137>[B] (+1) -0.541666667<x138>[B] (+1) -0.541666667<x139>[B] (+1) -0.541666667<x140>[B] (+1) +0.541666667<x141>[B] (+0) +0.541666667<x142>[B] (+1) -0.541666667<x143>[B] (+1) +0.541666667<x144>[B] (+0) -0.541666667<x145>[B] (+0) +0.541666667<x146>[B] (+1) -0.541666667<x147>[B] (+0) +0.541666667<x148>[B] (+1) +0.541666667<x149>[B] (+1) +0.541666667<x150>[B] (+1) +0.541666667<x151>[B] (+0) +0.541666667<x152>[B] (+0) +0.541666667<x153>[B] (+1) -0.541666667<x154>[B] (+0) +0.541666667<x155>[B] (+1) -0.541666667<x156>[B] (+1) +0.541666667<x157>[B] (+1) -0.541666667<x158>[B] (+1) +0.541666667<x159>[B] (+0) -0.541666667<x160>[B] (+0) +0.541666667<x161>[B] (+1) -0.541666667<x162>[B] (+0) +0.541666667<x163>[B] (+1) -0.541666667<x164>[B] (+1) -0.541666667<x165>[B] (+1) +0.541666667<x166>[B] (+0) -0.541666667<x167>[B] (+0) +0.541666667<x168>[B] (+1) -0.541666667<x169>[B] (+0) -0.541666667<x170>[B] (+1) -0.541666667<x171>[B] (+1) -0.541666667<x172>[B] (+1) -0.541666667<x173>[B] (+0) -0.541666667<x174>[B] (+0) -0.541666667<x175>[B] (+1) -0.541666667<x176>[B] (+0) -0.541666667<x177>[B] (+0) -0.541666667<x178>[B] (+0) -0.541666667<x179>[B] (+0) -0.541666667<x180>[B] (+0) -0.541666667<x181>[B] (+0) -0.541666667<x182>[B] (+1) -0.541666667<x183>[B] (+0) -0.541666667<x184>[B] (+0) -0.541666667<x185>[B] (+1) +0.541666667<x186>[B] (+0) -0.541666667<x187>[B] (+0) +0.541666667<x188>[B] (+1) -0.541666667<x189>[B] (+0) +0.541666667<x190>[B] (+0) +0.541666667<x191>[B] (+0) +0.541666667<x192>[B] (+0) +0.541666667<x193>[B] (+0) +0.541666667<x194>[B] (+0) +0.541666667<x195>[B] (+1) -0.541666667<x196>[B] (+0) +0.541666667<x197>[B] (+0) -0.541666667<x198>[B] (+0) -0.541666667<x199>[B] (+1) +0.541666667<x200>[B] (+1) -0.541666667<x201>[B] (+0) -0.541666667<x202>[B] (+1) -0.541666667<x203>[B] (+1) -0.541666667<x204>[B] (+1) +0.541666667<x205>[B] (+0) -0.541666667<x206>[B] (+0) +0.541666667<x207>[B] (+1) -0.541666667<x208>[B] (+1) -0.541666667<x209>[B] (+1) -0.541666667<x210>[B] (+1) +0.541666667<x211>[B] (+1) -0.541666667<x212>[B] (+0) +0.541666667<x213>[B] (+1) +0.541666667<x214>[B] (+1) +0.541666667<x215>[B] (+1) +0.541666667<x216>[B] (+0) +0.541666667<x217>[B] (+0) +0.541666667<x218>[B] (+1) -0.541666667<x219>[B] (+1) +0.541666667<x220>[B] (+1) -0.541666667<x221>[B] (+1) -0.541666667<x222>[B] (+0) -0.541666667<x223>[B] (+0) -0.541666667<x224>[B] (+0) -0.541666667<x225>[B] (+0) +0.541666667<x226>[B] (+0) -0.541666667<x227>[B] (+0) +0.541666667<x228>[B] (+0) -0.541666667<x229>[B] (+0) -0.541666667<x230>[B] (+0) -0.541666667<x231>[B] (+0) +0.541666667<x232>[B] (+1) +0.541666667<x233>[B] (+1) +0.541666667<x234>[B] (+1) +0.541666667<x235>[B] (+0) +0.541666667<x236>[B] (+1) +0.541666667<x237>[B] (+1) +0.541666667<x238>[B] (+1) +0.541666667<x239>[B] (+1) +0.541666667<x240>[B] (+1) -0.541666667<x241>[B] (+1) -0.541666667<x242>[B] (+1) +0.541666667<x243>[B] (+0) -0.541666667<x244>[B] (+0) +0.541666667<x245>[B] (+1) -0.541666667<x246>[B] (+0) -0.541666667<x247>[B] (+1) -0.541666667<x248>[B] (+1) -0.541666667<x249>[B] (+0) +0.541666667<x250>[B] (+0) -0.541666667<x251>[B] (+0) +0.541666667<x252>[B] (+1) -0.541666667<x253>[B] (+0) -0.541666667<x254>[B] (+0) -0.541666667<x255>[B] (+1) +0.541666667<x256>[B] (+0) -0.541666667<x257>[B] (+0) +0.541666667<x258>[B] (+1) -0.541666667<x259>[B] (+0) -0.541666667<x260>[B] (+1) -0.541666667<x261>[B] (+1) -0.541666667<x262>[B] (+1) +0.541666667<x263>[B] (+1) -0.541666667<x264>[B] (+1) -0.541666667<x265>[B] (+1) -0.541666667<x266>[B] (+1) +0.541666667<x267>[B] (+1) -0.541666667<x268>[B] (+1) +0.541666667<x269>[B] (+1) -0.541666667<x270>[B] (+1) -0.541666667<x271>[B] (+0) -0.541666667<x272>[B] (+0) -0.541666667<x273>[B] (+0) +0.541666667<x274>[B] (+1) -0.541666667<x275>[B] (+1) -0.541666667<x276>[B] (+1) >= 19.0942028985507;
;
violation: left hand side is violated by 0.206521739130437
2/5 feasible solutions given by solution candidate storage, new primal bound -2.000078e+06

presolving:
   (0.0s) symmetry computation started: requiring (bin +, int +, cont +), (fixed: bin -, int -, cont -)
   (0.0s) no symmetry present (symcode time: 0.00)
presolving (0 rounds: 0 fast, 0 medium, 0 exhaustive):
 0 deleted vars, 0 deleted constraints, 0 added constraints, 0 tightened bounds, 0 added holes, 0 changed sides, 0 changed coefficients
 0 implications, 0 cliques, 0 implied integral variables (0 bin, 0 int, 0 cont)
presolved problem has 296 variables (276 bin, 0 int, 20 cont) and 4100 constraints
   4100 constraints of type <linear>
Presolving Time: 0.01
transformed 2/2 original solutions to the transformed problem space

 time | node  | left  |LP iter|LP it/n|mem/heur|mdpt |vars |cons |rows |cuts |sepa|confs|strbr|  dualbound   | primalbound  |  gap   | compl. 
p 0.0s|     1 |     0 |    10 |     - |   locks|   0 | 296 |4100 |4100 |   0 |  0 |   0 |   0 | 4.520000e+02 |-8.902609e+02 |    Inf | unknown
  0.1s|     1 |     0 |   386 |     - |    26M |   0 | 296 |4100 |4100 |   0 |  0 |   0 |   0 |-5.345099e+02 |-8.902609e+02 |  66.56%| unknown
r 0.1s|     1 |     0 |   386 |     - |shifting|   0 | 296 |4100 |4100 |   0 |  0 |   0 |   0 |-5.345099e+02 |-5.603182e+02 |   4.83%| unknown
  0.1s|     1 |     0 |   396 |     - |    26M |   0 | 296 |4100 |4101 |   1 |  1 |   0 |   0 |-5.345325e+02 |-5.603182e+02 |   4.82%| unknown
  0.1s|     1 |     0 |   396 |     - |    26M |   0 | 296 |4100 |4101 |   1 |  1 |   0 |   0 |-5.345325e+02 |-5.603182e+02 |   4.82%| unknown
  0.3s|     1 |     0 |   410 |     - |    27M |   0 | 296 |4100 |4102 |   2 |  2 |   0 |   0 |-5.345488e+02 |-5.603182e+02 |   4.82%| unknown
  0.4s|     1 |     0 |   414 |     - |    27M |   0 | 296 |4100 |4103 |   3 |  3 |   0 |   0 |-5.345514e+02 |-5.603182e+02 |   4.82%| unknown
  0.5s|     1 |     0 |   416 |     - |    28M |   0 | 296 |4100 |4104 |   4 |  4 |   0 |   0 |-5.345525e+02 |-5.603182e+02 |   4.82%| unknown
d 0.5s|     1 |     0 |   416 |     - |farkasdi|   0 | 296 |4100 |4104 |   0 |  5 |   0 |   0 |-5.345525e+02 |-5.345525e+02 |   0.00%| unknown
  0.5s|     1 |     0 |   416 |     - |    28M |   0 | 296 |4100 |4104 |   4 |  5 |   0 |   0 |-5.345525e+02 |-5.345525e+02 |   0.00%| unknown

SCIP Status        : problem is solved [optimal solution found]
Solving Time (sec) : 0.47
Solving Nodes      : 1
Primal Bound       : -5.34552536231884e+02 (8 solutions)
Dual Bound         : -5.34552536231884e+02
Gap                : 0.00 %
